OpenJDK 64-Bit Server VM (24.91-b01) for linux-amd64 JRE (1.7.0_91-b02), built on Nov 19 2015 06:14:37 by "buildd" with gcc 4.8.2
Memory: 4k page, physical 31416244k(4660448k free), swap 341004284k(336385024k free)
CommandLine flags: -XX:+AggressiveOpts -XX:GCLogFileSize=10485760 -XX:InitialHeapSize=502659904 -XX:MaxDirectMemorySize=6442450944 -XX:MaxHeapSize=4294967296 -XX:NumberOfGCLogFiles=10 -XX:+PrintGC -XX:+PrintGCDateStamps -XX:+PrintGCDetails -XX:+PrintGCTimeStamps -XX:+PrintReferenceGC -XX:+PrintTenuringDistribution -XX:+UseCompressedOops -XX:+UseFastAccessorMethods -XX:+UseG1GC -XX:+UseGCLogFileRotation 
2016-01-06T01:03:41.642-0800: 0.305: [GC pause (young)
Desired survivor size 1572864 bytes, new threshold 15 (max 15)
2016-01-06T01:03:41.705-0800: 0.368: [SoftReference, 0 refs, 0.0000630 secs]2016-01-06T01:03:41.705-0800: 0.368: [WeakReference, 0 refs, 0.0000070 secs]2016-01-06T01:03:41.705-0800: 0.368: [FinalReference, 21 refs, 0.0000200 secs]2016-01-06T01:03:41.705-0800: 0.368: [PhantomReference, 0 refs, 131419 refs, 0.0076380 secs]2016-01-06T01:03:41.712-0800: 0.375: [JNI Weak Reference, 0.0000170 secs], 0.0708260 secs]
   [Parallel Time: 62.3 ms, GC Workers: 4]
      [GC Worker Start (ms): Min: 305.0, Avg: 305.8, Max: 307.9, Diff: 2.9]
      [Ext Root Scanning (ms): Min: 0.0, Avg: 0.5, Max: 0.7, Diff: 0.7, Sum: 1.9]
      [Update RS (ms): Min: 2.7, Avg: 5.1, Max: 6.1, Diff: 3.3, Sum: 20.3]
         [Processed Buffers: Min: 1, Avg: 2.2, Max: 4, Diff: 3, Sum: 9]
      [Scan RS (ms): Min: 0.0, Avg: 0.2, Max: 0.7, Diff: 0.7, Sum: 0.7]
      [Code Root Scanning (ms): Min: 0.0, Avg: 0.0, Max: 0.0, Diff: 0.0, Sum: 0.0]
      [Object Copy (ms): Min: 55.5, Avg: 55.6, Max: 55.8, Diff: 0.3, Sum: 222.6]
      [Termination (ms): Min: 0.0, Avg: 0.0, Max: 0.0, Diff: 0.0, Sum: 0.0]
      [GC Worker Other (ms): Min: 0.0, Avg: 0.1, Max: 0.1, Diff: 0.1, Sum: 0.2]
      [GC Worker Total (ms): Min: 59.3, Avg: 61.5, Max: 62.2, Diff: 2.9, Sum: 245.8]
      [GC Worker End (ms): Min: 367.2, Avg: 367.2, Max: 367.2, Diff: 0.1]
   [Code Root Fixup: 0.0 ms]
   [Code Root Migration: 0.0 ms]
   [Clear CT: 0.2 ms]
   [Other: 8.3 ms]
      [Choose CSet: 0.0 ms]
      [Ref Proc: 8.0 ms]
      [Ref Enq: 0.0 ms]
      [Free CSet: 0.0 ms]
   [Eden: 24.0M(24.0M)->0.0B(21.0M) Survivors: 0.0B->3072.0K Heap: 25.5M(480.0M)->25.1M(480.0M)]
 [Times: user=0.20 sys=0.05, real=0.07 secs] 
2016-01-06T01:03:41.751-0800: 0.413: [GC pause (young)
Desired survivor size 1572864 bytes, new threshold 1 (max 15)
- age   1:   24500848 bytes,   24500848 total
2016-01-06T01:03:41.817-0800: 0.480: [SoftReference, 0 refs, 0.0000430 secs]2016-01-06T01:03:41.817-0800: 0.480: [WeakReference, 0 refs, 0.0000060 secs]2016-01-06T01:03:41.817-0800: 0.480: [FinalReference, 0 refs, 0.0000050 secs]2016-01-06T01:03:41.817-0800: 0.480: [PhantomReference, 0 refs, 119371 refs, 0.0071420 secs]2016-01-06T01:03:41.824-0800: 0.487: [JNI Weak Reference, 0.0000120 secs], 0.0772310 secs]
   [Parallel Time: 66.2 ms, GC Workers: 4]
      [GC Worker Start (ms): Min: 413.5, Avg: 413.5, Max: 413.6, Diff: 0.1]
      [Ext Root Scanning (ms): Min: 0.3, Avg: 0.4, Max: 0.4, Diff: 0.1, Sum: 1.5]
      [Update RS (ms): Min: 1.9, Avg: 2.7, Max: 3.1, Diff: 1.3, Sum: 11.0]
         [Processed Buffers: Min: 1, Avg: 2.2, Max: 5, Diff: 4, Sum: 9]
      [Scan RS (ms): Min: 5.6, Avg: 6.0, Max: 6.9, Diff: 1.3, Sum: 23.9]
      [Code Root Scanning (ms): Min: 0.0, Avg: 0.0, Max: 0.0, Diff: 0.0, Sum: 0.0]
      [Object Copy (ms): Min: 57.0, Avg: 57.0, Max: 57.0, Diff: 0.1, Sum: 227.9]
      [Termination (ms): Min: 0.0, Avg: 0.0, Max: 0.0, Diff: 0.0, Sum: 0.0]
      [GC Worker Other (ms): Min: 0.0, Avg: 0.0, Max: 0.0, Diff: 0.0, Sum: 0.1]
      [GC Worker Total (ms): Min: 66.1, Avg: 66.1, Max: 66.1, Diff: 0.1, Sum: 264.4]
      [GC Worker End (ms): Min: 479.7, Avg: 479.7, Max: 479.7, Diff: 0.0]
   [Code Root Fixup: 0.0 ms]
   [Code Root Migration: 0.0 ms]
   [Clear CT: 0.2 ms]
   [Other: 10.8 ms]
      [Choose CSet: 0.0 ms]
      [Ref Proc: 7.5 ms]
      [Ref Enq: 0.0 ms]
      [Free CSet: 0.0 ms]
   [Eden: 21.0M(21.0M)->0.0B(45.0M) Survivors: 3072.0K->3072.0K Heap: 46.1M(480.0M)->47.5M(960.0M)]
 [Times: user=0.21 sys=0.06, real=0.08 secs] 
2016-01-06T01:03:41.940-0800: 0.602: [GC pause (young)
Desired survivor size 3145728 bytes, new threshold 1 (max 15)
- age   1:   21965320 bytes,   21965320 total
2016-01-06T01:03:42.029-0800: 0.692: [SoftReference, 0 refs, 0.0000460 secs]2016-01-06T01:03:42.029-0800: 0.692: [WeakReference, 0 refs, 0.0000070 secs]2016-01-06T01:03:42.029-0800: 0.692: [FinalReference, 0 refs, 0.0000050 secs]2016-01-06T01:03:42.029-0800: 0.692: [PhantomReference, 0 refs, 261071 refs, 0.0172680 secs]2016-01-06T01:03:42.046-0800: 0.709: [JNI Weak Reference, 0.0000170 secs], 0.1107450 secs]
   [Parallel Time: 89.1 ms, GC Workers: 4]
      [GC Worker Start (ms): Min: 602.6, Avg: 602.6, Max: 602.6, Diff: 0.1]
      [Ext Root Scanning (ms): Min: 0.3, Avg: 0.4, Max: 0.4, Diff: 0.1, Sum: 1.4]
      [Update RS (ms): Min: 5.8, Avg: 6.3, Max: 7.6, Diff: 1.8, Sum: 25.4]
         [Processed Buffers: Min: 2, Avg: 2.5, Max: 3, Diff: 1, Sum: 10]
      [Scan RS (ms): Min: 1.1, Avg: 2.3, Max: 2.8, Diff: 1.7, Sum: 9.1]
      [Code Root Scanning (ms): Min: 0.0, Avg: 0.0, Max: 0.0, Diff: 0.0, Sum: 0.0]
      [Object Copy (ms): Min: 80.0, Avg: 80.0, Max: 80.0, Diff: 0.0, Sum: 320.0]
      [Termination (ms): Min: 0.0, Avg: 0.0, Max: 0.0, Diff: 0.0, Sum: 0.0]
      [GC Worker Other (ms): Min: 0.0, Avg: 0.0, Max: 0.0, Diff: 0.0, Sum: 0.1]
      [GC Worker Total (ms): Min: 89.0, Avg: 89.0, Max: 89.0, Diff: 0.1, Sum: 356.0]
      [GC Worker End (ms): Min: 691.6, Avg: 691.6, Max: 691.6, Diff: 0.0]
   [Code Root Fixup: 0.0 ms]
   [Code Root Migration: 0.0 ms]
   [Clear CT: 0.2 ms]
   [Other: 21.5 ms]
      [Choose CSet: 0.0 ms]
      [Ref Proc: 17.6 ms]
      [Ref Enq: 0.0 ms]
      [Free CSet: 0.1 ms]
   [Eden: 45.0M(45.0M)->0.0B(73.0M) Survivors: 3072.0K->6144.0K Heap: 94.5M(960.0M)->96.0M(1588.0M)]
 [Times: user=0.33 sys=0.04, real=0.11 secs] 
2016-01-06T01:03:42.199-0800: 0.862: [GC pause (young)
Desired survivor size 5242880 bytes, new threshold 1 (max 15)
- age   1:   47113200 bytes,   47113200 total
2016-01-06T01:03:42.348-0800: 1.011: [SoftReference, 0 refs, 0.0000460 secs]2016-01-06T01:03:42.348-0800: 1.011: [WeakReference, 0 refs, 0.0000060 secs]2016-01-06T01:03:42.348-0800: 1.011: [FinalReference, 0 refs, 0.0000050 secs]2016-01-06T01:03:42.348-0800: 1.011: [PhantomReference, 0 refs, 438915 refs, 0.0306670 secs]2016-01-06T01:03:42.379-0800: 1.042: [JNI Weak Reference, 0.0000140 secs], 0.1824040 secs]
   [Parallel Time: 148.4 ms, GC Workers: 4]
      [GC Worker Start (ms): Min: 862.3, Avg: 862.4, Max: 862.4, Diff: 0.1]
      [Ext Root Scanning (ms): Min: 0.3, Avg: 0.4, Max: 0.4, Diff: 0.1, Sum: 1.5]
      [Update RS (ms): Min: 5.1, Avg: 5.8, Max: 6.1, Diff: 1.0, Sum: 23.2]
         [Processed Buffers: Min: 2, Avg: 2.2, Max: 3, Diff: 1, Sum: 9]
      [Scan RS (ms): Min: 4.0, Avg: 4.3, Max: 5.0, Diff: 1.0, Sum: 17.1]
      [Code Root Scanning (ms): Min: 0.0, Avg: 0.0, Max: 0.0, Diff: 0.0, Sum: 0.0]
      [Object Copy (ms): Min: 137.7, Avg: 137.7, Max: 137.7, Diff: 0.0, Sum: 550.9]
      [Termination (ms): Min: 0.0, Avg: 0.0, Max: 0.0, Diff: 0.0, Sum: 0.1]
      [GC Worker Other (ms): Min: 0.0, Avg: 0.0, Max: 0.0, Diff: 0.0, Sum: 0.1]
      [GC Worker Total (ms): Min: 148.2, Avg: 148.2, Max: 148.3, Diff: 0.1, Sum: 592.9]
      [GC Worker End (ms): Min: 1010.6, Avg: 1010.6, Max: 1010.6, Diff: 0.0]
   [Code Root Fixup: 0.0 ms]
   [Code Root Migration: 0.0 ms]
   [Clear CT: 0.2 ms]
   [Other: 33.8 ms]
      [Choose CSet: 0.0 ms]
      [Ref Proc: 30.9 ms]
      [Ref Enq: 0.0 ms]
      [Free CSet: 0.1 ms]
   [Eden: 73.0M(73.0M)->0.0B(94.0M) Survivors: 6144.0K->10.0M Heap: 173.0M(1588.0M)->175.0M(2090.0M)]
 [Times: user=0.55 sys=0.02, real=0.18 secs] 
2016-01-06T01:03:42.574-0800: 1.236: [GC pause (young)
Desired survivor size 6815744 bytes, new threshold 1 (max 15)
- age   1:   76428080 bytes,   76428080 total
2016-01-06T01:03:43.239-0800: 1.902: [SoftReference, 0 refs, 0.0000420 secs]2016-01-06T01:03:43.239-0800: 1.902: [WeakReference, 0 refs, 0.0000060 secs]2016-01-06T01:03:43.239-0800: 1.902: [FinalReference, 0 refs, 0.0000050 secs]2016-01-06T01:03:43.239-0800: 1.902: [PhantomReference, 0 refs, 562772 refs, 0.0424200 secs]2016-01-06T01:03:43.281-0800: 1.944: [JNI Weak Reference, 0.0000130 secs], 0.7109660 secs]
   [Parallel Time: 665.2 ms, GC Workers: 4]
      [GC Worker Start (ms): Min: 1236.5, Avg: 1236.6, Max: 1236.6, Diff: 0.1]
      [Ext Root Scanning (ms): Min: 0.3, Avg: 0.4, Max: 0.4, Diff: 0.1, Sum: 1.4]
      [Update RS (ms): Min: 6.0, Avg: 6.3, Max: 7.3, Diff: 1.2, Sum: 25.4]
         [Processed Buffers: Min: 2, Avg: 2.5, Max: 3, Diff: 1, Sum: 10]
      [Scan RS (ms): Min: 10.8, Avg: 11.0, Max: 11.3, Diff: 0.5, Sum: 44.2]
      [Code Root Scanning (ms): Min: 0.0, Avg: 0.0, Max: 0.0, Diff: 0.0, Sum: 0.0]
      [Object Copy (ms): Min: 646.1, Avg: 647.3, Max: 647.7, Diff: 1.6, Sum: 2589.0]
      [Termination (ms): Min: 0.0, Avg: 0.0, Max: 0.0, Diff: 0.0, Sum: 0.1]
      [GC Worker Other (ms): Min: 0.0, Avg: 0.0, Max: 0.1, Diff: 0.1, Sum: 0.2]
      [GC Worker Total (ms): Min: 665.0, Avg: 665.1, Max: 665.1, Diff: 0.1, Sum: 2660.3]
      [GC Worker End (ms): Min: 1901.6, Avg: 1901.6, Max: 1901.7, Diff: 0.1]
   [Code Root Fixup: 0.0 ms]
   [Code Root Migration: 0.0 ms]
   [Clear CT: 0.2 ms]
   [Other: 45.6 ms]
      [Choose CSet: 0.0 ms]
      [Ref Proc: 42.7 ms]
      [Ref Enq: 0.0 ms]
      [Free CSet: 0.2 ms]
   [Eden: 94.0M(94.0M)->0.0B(111.0M) Survivors: 10.0M->13.0M Heap: 277.0M(2090.0M)->279.0M(2492.0M)]
 [Times: user=0.68 sys=1.93, real=0.71 secs] 
2016-01-06T01:03:43.501-0800: 2.164: [GC pause (young)
Desired survivor size 8388608 bytes, new threshold 1 (max 15)
- age   1:   98412952 bytes,   98412952 total
2016-01-06T01:03:44.017-0800: 2.680: [SoftReference, 0 refs, 0.0000380 secs]2016-01-06T01:03:44.017-0800: 2.680: [WeakReference, 0 refs, 0.0000050 secs]2016-01-06T01:03:44.017-0800: 2.680: [FinalReference, 0 refs, 0.0000050 secs]2016-01-06T01:03:44.017-0800: 2.680: [PhantomReference, 0 refs, 686242 refs, 0.0535870 secs]2016-01-06T01:03:44.071-0800: 2.734: [JNI Weak Reference, 0.0000150 secs], 0.5730650 secs]
   [Parallel Time: 516.3 ms, GC Workers: 4]
      [GC Worker Start (ms): Min: 2163.8, Avg: 2163.9, Max: 2163.9, Diff: 0.1]
      [Ext Root Scanning (ms): Min: 0.4, Avg: 0.4, Max: 0.4, Diff: 0.0, Sum: 1.4]
      [Update RS (ms): Min: 6.1, Avg: 7.4, Max: 9.8, Diff: 3.7, Sum: 29.4]
         [Processed Buffers: Min: 3, Avg: 3.0, Max: 3, Diff: 0, Sum: 12]
      [Scan RS (ms): Min: 5.1, Avg: 7.4, Max: 8.6, Diff: 3.5, Sum: 29.4]
      [Code Root Scanning (ms): Min: 0.0, Avg: 0.0, Max: 0.0, Diff: 0.0, Sum: 0.1]
      [Object Copy (ms): Min: 500.9, Avg: 501.0, Max: 501.1, Diff: 0.2, Sum: 2004.0]
      [Termination (ms): Min: 0.0, Avg: 0.0, Max: 0.0, Diff: 0.0, Sum: 0.0]
      [GC Worker Other (ms): Min: 0.0, Avg: 0.0, Max: 0.1, Diff: 0.0, Sum: 0.1]
      [GC Worker Total (ms): Min: 516.1, Avg: 516.1, Max: 516.1, Diff: 0.1, Sum: 2064.5]
      [GC Worker End (ms): Min: 2680.0, Avg: 2680.0, Max: 2680.0, Diff: 0.0]
   [Code Root Fixup: 0.0 ms]
   [Code Root Migration: 0.0 ms]
   [Clear CT: 0.2 ms]
   [Other: 56.6 ms]
      [Choose CSet: 0.0 ms]
      [Ref Proc: 53.8 ms]
      [Ref Enq: 0.0 ms]
      [Free CSet: 0.2 ms]
   [Eden: 111.0M(111.0M)->0.0B(124.0M) Survivors: 13.0M->16.0M Heap: 390.0M(2492.0M)->392.0M(2813.0M)]
 [Times: user=0.82 sys=1.18, real=0.57 secs] 
2016-01-06T01:03:44.364-0800: 3.026: [GC pause (young)
Desired survivor size 9437184 bytes, new threshold 1 (max 15)
- age   1:  116211456 bytes,  116211456 total
2016-01-06T01:03:44.728-0800: 3.390: [SoftReference, 0 refs, 0.0000420 secs]2016-01-06T01:03:44.728-0800: 3.390: [WeakReference, 0 refs, 0.0000060 secs]2016-01-06T01:03:44.728-0800: 3.390: [FinalReference, 0 refs, 0.0000050 secs]2016-01-06T01:03:44.728-0800: 3.390: [PhantomReference, 0 refs, 755881 refs, 0.0553470 secs]2016-01-06T01:03:44.783-0800: 3.446: [JNI Weak Reference, 0.0000150 secs], 0.4219680 secs]
   [Parallel Time: 363.7 ms, GC Workers: 4]
      [GC Worker Start (ms): Min: 3026.6, Avg: 3026.6, Max: 3026.6, Diff: 0.1]
      [Ext Root Scanning (ms): Min: 0.3, Avg: 0.4, Max: 0.4, Diff: 0.1, Sum: 1.5]
      [Update RS (ms): Min: 9.7, Avg: 11.8, Max: 13.1, Diff: 3.4, Sum: 47.3]
         [Processed Buffers: Min: 4, Avg: 4.0, Max: 4, Diff: 0, Sum: 16]
      [Scan RS (ms): Min: 8.4, Avg: 9.7, Max: 11.9, Diff: 3.5, Sum: 38.8]
      [Code Root Scanning (ms): Min: 0.0, Avg: 0.0, Max: 0.0, Diff: 0.0, Sum: 0.0]
      [Object Copy (ms): Min: 341.6, Avg: 341.7, Max: 341.7, Diff: 0.1, Sum: 1366.7]
      [Termination (ms): Min: 0.0, Avg: 0.0, Max: 0.0, Diff: 0.0, Sum: 0.0]
      [GC Worker Other (ms): Min: 0.0, Avg: 0.0, Max: 0.0, Diff: 0.0, Sum: 0.1]
      [GC Worker Total (ms): Min: 363.6, Avg: 363.6, Max: 363.7, Diff: 0.1, Sum: 1454.4]
      [GC Worker End (ms): Min: 3390.2, Avg: 3390.2, Max: 3390.2, Diff: 0.0]
   [Code Root Fixup: 0.0 ms]
   [Code Root Migration: 0.0 ms]
   [Clear CT: 0.2 ms]
   [Other: 58.0 ms]
      [Choose CSet: 0.0 ms]
      [Ref Proc: 55.6 ms]
      [Ref Enq: 0.0 ms]
      [Free CSet: 0.2 ms]
   [Eden: 124.0M(124.0M)->0.0B(135.0M) Survivors: 16.0M->18.0M Heap: 532.0M(2813.0M)->533.5M(3070.0M)]
 [Times: user=0.91 sys=0.25, real=0.43 secs] 
2016-01-06T01:03:45.040-0800: 3.703: [GC pause (young)
Desired survivor size 10485760 bytes, new threshold 1 (max 15)
- age   1:  129823040 bytes,  129823040 total
2016-01-06T01:03:45.579-0800: 4.242: [SoftReference, 0 refs, 0.0000440 secs]2016-01-06T01:03:45.579-0800: 4.242: [WeakReference, 0 refs, 0.0000060 secs]2016-01-06T01:03:45.579-0800: 4.242: [FinalReference, 0 refs, 0.0000050 secs]2016-01-06T01:03:45.579-0800: 4.242: [PhantomReference, 0 refs, 817499 refs, 0.0601220 secs]2016-01-06T01:03:45.639-0800: 4.302: [JNI Weak Reference, 0.0000150 secs], 0.6021150 secs]
   [Parallel Time: 539.1 ms, GC Workers: 4]
      [GC Worker Start (ms): Min: 3702.7, Avg: 3703.0, Max: 3703.9, Diff: 1.3]
      [Ext Root Scanning (ms): Min: 0.0, Avg: 0.3, Max: 0.5, Diff: 0.5, Sum: 1.3]
      [Update RS (ms): Min: 10.8, Avg: 12.1, Max: 13.0, Diff: 2.2, Sum: 48.3]
         [Processed Buffers: Min: 4, Avg: 4.2, Max: 5, Diff: 1, Sum: 17]
      [Scan RS (ms): Min: 10.6, Avg: 11.4, Max: 12.0, Diff: 1.4, Sum: 45.5]
      [Code Root Scanning (ms): Min: 0.0, Avg: 0.0, Max: 0.0, Diff: 0.0, Sum: 0.1]
      [Object Copy (ms): Min: 514.9, Avg: 514.9, Max: 514.9, Diff: 0.0, Sum: 2059.7]
      [Termination (ms): Min: 0.0, Avg: 0.0, Max: 0.0, Diff: 0.0, Sum: 0.0]
      [GC Worker Other (ms): Min: 0.0, Avg: 0.0, Max: 0.0, Diff: 0.0, Sum: 0.1]
      [GC Worker Total (ms): Min: 537.8, Avg: 538.7, Max: 539.1, Diff: 1.3, Sum: 2154.9]
      [GC Worker End (ms): Min: 4241.7, Avg: 4241.7, Max: 4241.7, Diff: 0.0]
   [Code Root Fixup: 0.0 ms]
   [Code Root Migration: 0.0 ms]
   [Clear CT: 0.2 ms]
   [Other: 62.7 ms]
      [Choose CSet: 0.0 ms]
      [Ref Proc: 60.4 ms]
      [Ref Enq: 0.0 ms]
      [Free CSet: 0.2 ms]
   [Eden: 135.0M(135.0M)->0.0B(143.0M) Survivors: 18.0M->20.0M Heap: 668.5M(3070.0M)->670.5M(3276.0M)]
 [Times: user=1.00 sys=1.12, real=0.60 secs] 
2016-01-06T01:03:46.140-0800: 4.803: [GC pause (young)
Desired survivor size 11010048 bytes, new threshold 1 (max 15)
- age   1:  141339784 bytes,  141339784 total
2016-01-06T01:03:46.691-0800: 5.354: [SoftReference, 0 refs, 0.0000540 secs]2016-01-06T01:03:46.691-0800: 5.354: [WeakReference, 0 refs, 0.0000070 secs]2016-01-06T01:03:46.691-0800: 5.354: [FinalReference, 0 refs, 0.0000050 secs]2016-01-06T01:03:46.691-0800: 5.354: [PhantomReference, 0 refs, 892820 refs, 0.0691860 secs]2016-01-06T01:03:46.761-0800: 5.424: [JNI Weak Reference, 0.0000150 secs], 0.6232300 secs]
   [Parallel Time: 551.3 ms, GC Workers: 4]
      [GC Worker Start (ms): Min: 4802.8, Avg: 4803.1, Max: 4803.9, Diff: 1.1]
      [Ext Root Scanning (ms): Min: 0.0, Avg: 0.3, Max: 0.5, Diff: 0.5, Sum: 1.3]
      [Update RS (ms): Min: 12.3, Avg: 14.1, Max: 15.8, Diff: 3.5, Sum: 56.4]
         [Processed Buffers: Min: 4, Avg: 4.8, Max: 5, Diff: 1, Sum: 19]
      [Scan RS (ms): Min: 13.0, Avg: 14.5, Max: 16.1, Diff: 3.1, Sum: 58.0]
      [Code Root Scanning (ms): Min: 0.0, Avg: 0.0, Max: 0.0, Diff: 0.0, Sum: 0.1]
      [Object Copy (ms): Min: 521.8, Avg: 521.9, Max: 522.0, Diff: 0.2, Sum: 2087.6]
      [Termination (ms): Min: 0.0, Avg: 0.0, Max: 0.0, Diff: 0.0, Sum: 0.1]
      [GC Worker Other (ms): Min: 0.0, Avg: 0.0, Max: 0.1, Diff: 0.0, Sum: 0.1]
      [GC Worker Total (ms): Min: 550.1, Avg: 550.9, Max: 551.2, Diff: 1.0, Sum: 2203.6]
      [GC Worker End (ms): Min: 5354.0, Avg: 5354.0, Max: 5354.1, Diff: 0.0]
   [Code Root Fixup: 0.0 ms]
   [Code Root Migration: 0.0 ms]
   [Clear CT: 0.2 ms]
   [Other: 71.7 ms]
      [Choose CSet: 0.0 ms]
      [Ref Proc: 69.5 ms]
      [Ref Enq: 0.0 ms]
      [Free CSet: 0.3 ms]
   [Eden: 143.0M(143.0M)->0.0B(151.0M) Survivors: 20.0M->21.0M Heap: 845.5M(3276.0M)->847.5M(3440.0M)]
 [Times: user=1.14 sys=1.05, real=0.62 secs] 
2016-01-06T01:03:47.077-0800: 5.740: [GC pause (young)
Desired survivor size 11534336 bytes, new threshold 1 (max 15)
- age   1:  149714176 bytes,  149714176 total
2016-01-06T01:03:47.649-0800: 6.312: [SoftReference, 0 refs, 0.0000460 secs]2016-01-06T01:03:47.649-0800: 6.312: [WeakReference, 0 refs, 0.0000070 secs]2016-01-06T01:03:47.649-0800: 6.312: [FinalReference, 0 refs, 0.0000050 secs]2016-01-06T01:03:47.649-0800: 6.312: [PhantomReference, 0 refs, 920852 refs, 0.0682080 secs]2016-01-06T01:03:47.717-0800: 6.380: [JNI Weak Reference, 0.0000140 secs], 0.6425590 secs]
   [Parallel Time: 571.9 ms, GC Workers: 4]
      [GC Worker Start (ms): Min: 5740.1, Avg: 5740.3, Max: 5740.7, Diff: 0.6]
      [Ext Root Scanning (ms): Min: 0.0, Avg: 0.3, Max: 0.5, Diff: 0.5, Sum: 1.3]
      [Update RS (ms): Min: 10.1, Avg: 11.7, Max: 12.5, Diff: 2.4, Sum: 46.9]
         [Processed Buffers: Min: 4, Avg: 4.2, Max: 5, Diff: 1, Sum: 17]
      [Scan RS (ms): Min: 11.5, Avg: 12.4, Max: 14.1, Diff: 2.6, Sum: 49.4]
      [Code Root Scanning (ms): Min: 0.0, Avg: 0.0, Max: 0.0, Diff: 0.0, Sum: 0.1]
      [Object Copy (ms): Min: 546.0, Avg: 546.1, Max: 546.1, Diff: 0.1, Sum: 2184.4]
      [Termination (ms): Min: 0.0, Avg: 0.1, Max: 0.1, Diff: 0.1, Sum: 0.2]
      [GC Worker Other (ms): Min: 0.0, Avg: 0.0, Max: 0.0, Diff: 0.0, Sum: 0.1]
      [GC Worker Total (ms): Min: 570.1, Avg: 570.6, Max: 570.7, Diff: 0.6, Sum: 2282.3]
      [GC Worker End (ms): Min: 6310.8, Avg: 6310.8, Max: 6310.8, Diff: 0.0]
   [Code Root Fixup: 0.0 ms]
   [Code Root Migration: 0.0 ms]
   [Clear CT: 0.2 ms]
   [Other: 70.5 ms]
      [Choose CSet: 0.0 ms]
      [Ref Proc: 68.4 ms]
      [Ref Enq: 0.0 ms]
      [Free CSet: 0.2 ms]
   [Eden: 151.0M(151.0M)->0.0B(156.0M) Survivors: 21.0M->22.0M Heap: 998.5M(3440.0M)->1000.5M(3572.0M)]
 [Times: user=1.21 sys=1.00, real=0.64 secs] 
2016-01-06T01:03:48.037-0800: 6.700: [GC pause (young)
Desired survivor size 12058624 bytes, new threshold 1 (max 15)
- age   1:  158091328 bytes,  158091328 total
2016-01-06T01:03:48.609-0800: 7.272: [SoftReference, 0 refs, 0.0000440 secs]2016-01-06T01:03:48.609-0800: 7.272: [WeakReference, 0 refs, 0.0000050 secs]2016-01-06T01:03:48.609-0800: 7.272: [FinalReference, 0 refs, 0.0000050 secs]2016-01-06T01:03:48.609-0800: 7.272: [PhantomReference, 0 refs, 978924 refs, 0.0723000 secs]2016-01-06T01:03:48.681-0800: 7.344: [JNI Weak Reference, 0.0000140 secs], 0.6464710 secs]
   [Parallel Time: 571.6 ms, GC Workers: 4]
      [GC Worker Start (ms): Min: 6699.9, Avg: 6700.0, Max: 6700.0, Diff: 0.0]
      [Ext Root Scanning (ms): Min: 0.3, Avg: 0.4, Max: 0.4, Diff: 0.1, Sum: 1.4]
      [Update RS (ms): Min: 15.4, Avg: 15.7, Max: 15.9, Diff: 0.5, Sum: 62.8]
         [Processed Buffers: Min: 5, Avg: 5.5, Max: 6, Diff: 1, Sum: 22]
      [Scan RS (ms): Min: 8.9, Avg: 9.2, Max: 9.5, Diff: 0.5, Sum: 37.0]
      [Code Root Scanning (ms): Min: 0.0, Avg: 0.0, Max: 0.0, Diff: 0.0, Sum: 0.1]
      [Object Copy (ms): Min: 546.1, Avg: 546.1, Max: 546.1, Diff: 0.1, Sum: 2184.5]
      [Termination (ms): Min: 0.0, Avg: 0.0, Max: 0.0, Diff: 0.0, Sum: 0.0]
      [GC Worker Other (ms): Min: 0.0, Avg: 0.0, Max: 0.0, Diff: 0.0, Sum: 0.1]
      [GC Worker Total (ms): Min: 571.4, Avg: 571.5, Max: 571.5, Diff: 0.1, Sum: 2285.8]
      [GC Worker End (ms): Min: 7271.4, Avg: 7271.4, Max: 7271.4, Diff: 0.0]
   [Code Root Fixup: 0.0 ms]
   [Code Root Migration: 0.0 ms]
   [Clear CT: 0.2 ms]
   [Other: 74.7 ms]
      [Choose CSet: 0.0 ms]
      [Ref Proc: 72.7 ms]
      [Ref Enq: 0.0 ms]
      [Free CSet: 0.2 ms]
   [Eden: 156.0M(156.0M)->0.0B(160.0M) Survivors: 22.0M->23.0M Heap: 1156.5M(3572.0M)->1159.0M(3677.0M)]
 [Times: user=1.18 sys=1.11, real=0.65 secs] 
2016-01-06T01:03:49.005-0800: 7.668: [GC pause (young)
Desired survivor size 12058624 bytes, new threshold 1 (max 15)
- age   1:  163324656 bytes,  163324656 total
2016-01-06T01:03:49.740-0800: 8.403: [SoftReference, 0 refs, 0.0000420 secs]2016-01-06T01:03:49.740-0800: 8.403: [WeakReference, 0 refs, 0.0000060 secs]2016-01-06T01:03:49.740-0800: 8.403: [FinalReference, 0 refs, 0.0000050 secs]2016-01-06T01:03:49.740-0800: 8.403: [PhantomReference, 0 refs, 1017380 refs, 0.0770600 secs]2016-01-06T01:03:49.817-0800: 8.480: [JNI Weak Reference, 0.0000210 secs], 0.8148870 secs]
   [Parallel Time: 735.4 ms, GC Workers: 4]
      [GC Worker Start (ms): Min: 7667.6, Avg: 7670.8, Max: 7680.3, Diff: 12.6]
      [Ext Root Scanning (ms): Min: 0.0, Avg: 0.3, Max: 0.5, Diff: 0.5, Sum: 1.4]
      [Update RS (ms): Min: 7.5, Avg: 14.9, Max: 18.3, Diff: 10.8, Sum: 59.7]
         [Processed Buffers: Min: 2, Avg: 5.2, Max: 9, Diff: 7, Sum: 21]
      [Scan RS (ms): Min: 5.2, Avg: 6.9, Max: 8.7, Diff: 3.5, Sum: 27.4]
      [Code Root Scanning (ms): Min: 0.0, Avg: 0.0, Max: 0.0, Diff: 0.0, Sum: 0.0]
      [Object Copy (ms): Min: 709.3, Avg: 709.5, Max: 709.7, Diff: 0.4, Sum: 2837.8]
      [Termination (ms): Min: 0.0, Avg: 0.3, Max: 0.6, Diff: 0.6, Sum: 1.4]
      [GC Worker Other (ms): Min: 0.0, Avg: 0.0, Max: 0.0, Diff: 0.0, Sum: 0.1]
      [GC Worker Total (ms): Min: 722.4, Avg: 731.9, Max: 735.3, Diff: 12.9, Sum: 2927.8]
      [GC Worker End (ms): Min: 8402.7, Avg: 8402.7, Max: 8403.0, Diff: 0.3]
   [Code Root Fixup: 0.0 ms]
   [Code Root Migration: 0.0 ms]
   [Clear CT: 0.2 ms]
   [Other: 79.2 ms]
      [Choose CSet: 0.0 ms]
      [Ref Proc: 77.4 ms]
      [Ref Enq: 0.0 ms]
      [Free CSet: 0.2 ms]
   [Eden: 160.0M(160.0M)->0.0B(165.0M) Survivors: 23.0M->23.0M Heap: 1319.0M(3677.0M)->1321.5M(3761.0M)]
 [Times: user=1.30 sys=1.53, real=0.82 secs] 
2016-01-06T01:03:50.145-0800: 8.808: [GC pause (young)
Desired survivor size 12582912 bytes, new threshold 1 (max 15)
- age   1:  167513784 bytes,  167513784 total
2016-01-06T01:03:50.625-0800: 9.287: [SoftReference, 0 refs, 0.0000420 secs]2016-01-06T01:03:50.625-0800: 9.287: [WeakReference, 0 refs, 0.0000060 secs]2016-01-06T01:03:50.625-0800: 9.287: [FinalReference, 0 refs, 0.0000050 secs]2016-01-06T01:03:50.625-0800: 9.287: [PhantomReference, 0 refs, 1056729 refs, 0.0787030 secs]2016-01-06T01:03:50.703-0800: 9.366: [JNI Weak Reference, 0.0000150 secs], 0.5599730 secs]
   [Parallel Time: 479.0 ms, GC Workers: 4]
      [GC Worker Start (ms): Min: 8808.3, Avg: 8809.2, Max: 8811.9, Diff: 3.6]
      [Ext Root Scanning (ms): Min: 0.0, Avg: 0.3, Max: 0.5, Diff: 0.5, Sum: 1.3]
      [Update RS (ms): Min: 12.2, Avg: 15.0, Max: 16.2, Diff: 4.0, Sum: 59.9]
         [Processed Buffers: Min: 5, Avg: 5.2, Max: 6, Diff: 1, Sum: 21]
      [Scan RS (ms): Min: 6.1, Avg: 6.6, Max: 7.0, Diff: 0.9, Sum: 26.5]
      [Code Root Scanning (ms): Min: 0.0, Avg: 0.0, Max: 0.0, Diff: 0.0, Sum: 0.1]
      [Object Copy (ms): Min: 455.7, Avg: 456.0, Max: 456.1, Diff: 0.4, Sum: 1823.9]
      [Termination (ms): Min: 0.0, Avg: 0.0, Max: 0.0, Diff: 0.0, Sum: 0.1]
      [GC Worker Other (ms): Min: 0.0, Avg: 0.0, Max: 0.1, Diff: 0.0, Sum: 0.2]
      [GC Worker Total (ms): Min: 475.3, Avg: 478.0, Max: 478.9, Diff: 3.6, Sum: 1911.9]
      [GC Worker End (ms): Min: 9287.2, Avg: 9287.2, Max: 9287.2, Diff: 0.0]
   [Code Root Fixup: 0.0 ms]
   [Code Root Migration: 0.0 ms]
   [Clear CT: 0.2 ms]
   [Other: 80.7 ms]
      [Choose CSet: 0.0 ms]
      [Ref Proc: 79.0 ms]
      [Ref Enq: 0.0 ms]
      [Free CSet: 0.2 ms]
   [Eden: 165.0M(165.0M)->0.0B(167.0M) Survivors: 23.0M->24.0M Heap: 1486.5M(3761.0M)->1488.5M(3828.0M)]
 [Times: user=1.24 sys=0.68, real=0.56 secs] 
2016-01-06T01:03:51.290-0800: 9.953: [GC pause (young)
Desired survivor size 12582912 bytes, new threshold 1 (max 15)
- age   1:  172748400 bytes,  172748400 total
2016-01-06T01:03:51.801-0800: 10.464: [SoftReference, 0 refs, 0.0000570 secs]2016-01-06T01:03:51.801-0800: 10.464: [WeakReference, 0 refs, 0.0000130 secs]2016-01-06T01:03:51.801-0800: 10.464: [FinalReference, 0 refs, 0.0000100 secs]2016-01-06T01:03:51.801-0800: 10.464: [PhantomReference, 0 refs, 1050103 refs, 0.0833900 secs]2016-01-06T01:03:51.884-0800: 10.547: [JNI Weak Reference, 0.0000170 secs], 0.5963200 secs]
   [Parallel Time: 510.4 ms, GC Workers: 4]
      [GC Worker Start (ms): Min: 9952.8, Avg: 9952.9, Max: 9952.9, Diff: 0.1]
      [Ext Root Scanning (ms): Min: 0.3, Avg: 0.4, Max: 0.4, Diff: 0.1, Sum: 1.4]
      [Update RS (ms): Min: 17.8, Avg: 19.3, Max: 21.8, Diff: 4.0, Sum: 77.3]
         [Processed Buffers: Min: 6, Avg: 6.8, Max: 8, Diff: 2, Sum: 27]
      [Scan RS (ms): Min: 10.8, Avg: 13.4, Max: 14.9, Diff: 4.0, Sum: 53.4]
      [Code Root Scanning (ms): Min: 0.0, Avg: 0.0, Max: 0.0, Diff: 0.0, Sum: 0.1]
      [Object Copy (ms): Min: 470.6, Avg: 472.2, Max: 477.2, Diff: 6.6, Sum: 1889.0]
      [Termination (ms): Min: 0.0, Avg: 5.0, Max: 6.7, Diff: 6.7, Sum: 19.9]
      [GC Worker Other (ms): Min: 0.0, Avg: 0.0, Max: 0.0, Diff: 0.0, Sum: 0.1]
      [GC Worker Total (ms): Min: 510.3, Avg: 510.3, Max: 510.3, Diff: 0.1, Sum: 2041.2]
      [GC Worker End (ms): Min: 10463.2, Avg: 10463.2, Max: 10463.2, Diff: 0.0]
   [Code Root Fixup: 0.0 ms]
   [Code Root Migration: 0.0 ms]
   [Clear CT: 0.2 ms]
   [Other: 85.6 ms]
      [Choose CSet: 0.0 ms]
      [Ref Proc: 83.8 ms]
      [Ref Enq: 0.0 ms]
      [Free CSet: 0.3 ms]
   [Eden: 167.0M(167.0M)->0.0B(170.0M) Survivors: 24.0M->24.0M Heap: 1719.5M(3828.0M)->1721.5M(3882.0M)]
 [Times: user=1.42 sys=0.44, real=0.60 secs] 
2016-01-06T01:03:52.214-0800: 10.877: [GC pause (young)
Desired survivor size 13107200 bytes, new threshold 1 (max 15)
- age   1:  174841400 bytes,  174841400 total
2016-01-06T01:03:52.608-0800: 11.270: [SoftReference, 0 refs, 0.0000380 secs]2016-01-06T01:03:52.608-0800: 11.271: [WeakReference, 0 refs, 0.0000060 secs]2016-01-06T01:03:52.608-0800: 11.271: [FinalReference, 0 refs, 0.0000060 secs]2016-01-06T01:03:52.608-0800: 11.271: [PhantomReference, 0 refs, 1036735 refs, 0.0754910 secs]2016-01-06T01:03:52.683-0800: 11.346: [JNI Weak Reference, 0.0000160 secs], 0.4710270 secs]
   [Parallel Time: 393.2 ms, GC Workers: 4]
      [GC Worker Start (ms): Min: 10877.1, Avg: 10878.8, Max: 10883.9, Diff: 6.9]
      [Ext Root Scanning (ms): Min: 0.0, Avg: 0.3, Max: 0.5, Diff: 0.5, Sum: 1.3]
      [Update RS (ms): Min: 15.4, Avg: 19.7, Max: 21.7, Diff: 6.3, Sum: 78.9]
         [Processed Buffers: Min: 5, Avg: 7.0, Max: 9, Diff: 4, Sum: 28]
      [Scan RS (ms): Min: 11.0, Avg: 11.5, Max: 12.4, Diff: 1.4, Sum: 45.9]
      [Code Root Scanning (ms): Min: 0.0, Avg: 0.0, Max: 0.0, Diff: 0.0, Sum: 0.0]
      [Object Copy (ms): Min: 359.7, Avg: 359.7, Max: 359.8, Diff: 0.1, Sum: 1439.0]
      [Termination (ms): Min: 0.0, Avg: 0.0, Max: 0.1, Diff: 0.1, Sum: 0.1]
      [GC Worker Other (ms): Min: 0.0, Avg: 0.0, Max: 0.1, Diff: 0.0, Sum: 0.1]
      [GC Worker Total (ms): Min: 386.2, Avg: 391.3, Max: 393.1, Diff: 6.8, Sum: 1565.4]
      [GC Worker End (ms): Min: 11270.1, Avg: 11270.2, Max: 11270.2, Diff: 0.0]
   [Code Root Fixup: 0.0 ms]
   [Code Root Migration: 0.0 ms]
   [Clear CT: 0.1 ms]
   [Other: 77.7 ms]
      [Choose CSet: 0.0 ms]
      [Ref Proc: 75.8 ms]
      [Ref Enq: 0.0 ms]
      [Free CSet: 0.3 ms]
   [Eden: 170.0M(170.0M)->0.0B(171.0M) Survivors: 24.0M->25.0M Heap: 1891.5M(3882.0M)->1893.5M(3925.0M)]
 [Times: user=1.37 sys=0.20, real=0.48 secs] 
2016-01-06T01:03:52.946-0800: 11.609: [GC pause (young) (initial-mark)
Desired survivor size 13107200 bytes, new threshold 1 (max 15)
- age   1:  177983568 bytes,  177983568 total
2016-01-06T01:03:53.234-0800: 11.897: [SoftReference, 0 refs, 0.0000360 secs]2016-01-06T01:03:53.234-0800: 11.897: [WeakReference, 0 refs, 0.0000060 secs]2016-01-06T01:03:53.234-0800: 11.897: [FinalReference, 0 refs, 0.0000230 secs]2016-01-06T01:03:53.234-0800: 11.897: [PhantomReference, 0 refs, 673983 refs, 0.0489740 secs]2016-01-06T01:03:53.283-0800: 11.946: [JNI Weak Reference, 0.0000150 secs], 0.3393070 secs]
   [Parallel Time: 287.2 ms, GC Workers: 4]
      [GC Worker Start (ms): Min: 11609.7, Avg: 11611.3, Max: 11615.9, Diff: 6.3]
      [Ext Root Scanning (ms): Min: 0.0, Avg: 0.3, Max: 0.5, Diff: 0.5, Sum: 1.3]
      [Code Root Marking (ms): Min: 0.1, Avg: 0.3, Max: 0.3, Diff: 0.2, Sum: 1.0]
      [Update RS (ms): Min: 9.1, Avg: 13.8, Max: 16.2, Diff: 7.1, Sum: 55.1]
         [Processed Buffers: Min: 3, Avg: 7.0, Max: 11, Diff: 8, Sum: 28]
      [Scan RS (ms): Min: 13.5, Avg: 14.5, Max: 15.5, Diff: 2.0, Sum: 58.1]
      [Code Root Scanning (ms): Min: 0.0, Avg: 0.0, Max: 0.0, Diff: 0.0, Sum: 0.0]
      [Object Copy (ms): Min: 256.5, Avg: 256.6, Max: 256.6, Diff: 0.1, Sum: 1026.4]
      [Termination (ms): Min: 0.0, Avg: 0.0, Max: 0.0, Diff: 0.0, Sum: 0.0]
      [GC Worker Other (ms): Min: 0.0, Avg: 0.0, Max: 0.0, Diff: 0.0, Sum: 0.1]
      [GC Worker Total (ms): Min: 280.8, Avg: 285.5, Max: 287.1, Diff: 6.3, Sum: 1142.1]
      [GC Worker End (ms): Min: 11896.8, Avg: 11896.8, Max: 11896.8, Diff: 0.0]
   [Code Root Fixup: 0.0 ms]
   [Code Root Migration: 0.0 ms]
   [Clear CT: 0.2 ms]
   [Other: 51.9 ms]
      [Choose CSet: 0.0 ms]
      [Ref Proc: 49.2 ms]
      [Ref Enq: 0.0 ms]
      [Free CSet: 0.3 ms]
   [Eden: 171.0M(171.0M)->0.0B(173.0M) Survivors: 25.0M->25.0M Heap: 2064.5M(3925.0M)->2017.5M(3960.0M)]
 [Times: user=0.89 sys=0.27, real=0.34 secs] 
2016-01-06T01:03:53.285-0800: 11.948: [GC concurrent-root-region-scan-start]
2016-01-06T01:03:53.340-0800: 12.003: [GC pause (young)
Desired survivor size 13107200 bytes, new threshold 1 (max 15)
- age   1:  126681720 bytes,  126681720 total
2016-01-06T01:03:53.378-0800: 12.041: [GC concurrent-root-region-scan-end, 0.0924360 secs]
2016-01-06T01:03:53.378-0800: 12.041: [GC concurrent-mark-start]
2016-01-06T01:03:53.499-0800: 12.162: [SoftReference, 0 refs, 0.0000480 secs]2016-01-06T01:03:53.499-0800: 12.162: [WeakReference, 0 refs, 0.0000060 secs]2016-01-06T01:03:53.499-0800: 12.162: [FinalReference, 0 refs, 0.0000050 secs]2016-01-06T01:03:53.499-0800: 12.162: [PhantomReference, 0 refs, 52037 refs, 0.0036980 secs]2016-01-06T01:03:53.503-0800: 12.166: [JNI Weak Reference, 0.0000120 secs], 0.1637670 secs]
   [Root Region Scan Waiting: 37.3 ms]
   [Parallel Time: 121.0 ms, GC Workers: 4]
      [GC Worker Start (ms): Min: 12040.7, Avg: 12040.8, Max: 12040.8, Diff: 0.1]
      [Ext Root Scanning (ms): Min: 0.3, Avg: 0.4, Max: 0.4, Diff: 0.1, Sum: 1.5]
      [SATB Filtering (ms): Min: 0.0, Avg: 0.0, Max: 0.0, Diff: 0.0, Sum: 0.0]
      [Update RS (ms): Min: 64.6, Avg: 65.7, Max: 68.9, Diff: 4.3, Sum: 263.0]
         [Processed Buffers: Min: 191, Avg: 194.2, Max: 198, Diff: 7, Sum: 777]
      [Scan RS (ms): Min: 0.0, Avg: 0.1, Max: 0.2, Diff: 0.2, Sum: 0.3]
      [Code Root Scanning (ms): Min: 0.0, Avg: 0.0, Max: 0.0, Diff: 0.0, Sum: 0.0]
      [Object Copy (ms): Min: 51.5, Avg: 54.7, Max: 55.7, Diff: 4.2, Sum: 218.7]
      [Termination (ms): Min: 0.0, Avg: 0.0, Max: 0.0, Diff: 0.0, Sum: 0.0]
      [GC Worker Other (ms): Min: 0.0, Avg: 0.0, Max: 0.0, Diff: 0.0, Sum: 0.1]
      [GC Worker Total (ms): Min: 120.9, Avg: 120.9, Max: 120.9, Diff: 0.0, Sum: 483.6]
      [GC Worker End (ms): Min: 12161.7, Avg: 12161.7, Max: 12161.7, Diff: 0.0]
   [Code Root Fixup: 0.0 ms]
   [Code Root Migration: 0.0 ms]
   [Clear CT: 0.2 ms]
   [Other: 5.2 ms]
      [Choose CSet: 0.0 ms]
      [Ref Proc: 3.9 ms]
      [Ref Enq: 0.3 ms]
      [Free CSet: 0.2 ms]
   [Eden: 173.0M(173.0M)->0.0B(180.0M) Survivors: 25.0M->19.0M Heap: 2190.5M(3960.0M)->2037.0M(3988.0M)]
 [Times: user=0.49 sys=0.02, real=0.16 secs] 
2016-01-06T01:03:53.568-0800: 12.231: [GC pause (young)
Desired survivor size 13107200 bytes, new threshold 1 (max 15)
- age   1:   17233048 bytes,   17233048 total
2016-01-06T01:03:53.604-0800: 12.267: [SoftReference, 0 refs, 0.0000530 secs]2016-01-06T01:03:53.604-0800: 12.267: [WeakReference, 0 refs, 0.0000180 secs]2016-01-06T01:03:53.604-0800: 12.267: [FinalReference, 0 refs, 0.0000050 secs]2016-01-06T01:03:53.604-0800: 12.267: [PhantomReference, 0 refs, 6090 refs, 0.0002160 secs]2016-01-06T01:03:53.604-0800: 12.267: [JNI Weak Reference, 0.0000080 secs], 0.0370050 secs]
   [Parallel Time: 35.5 ms, GC Workers: 4]
      [GC Worker Start (ms): Min: 12231.4, Avg: 12231.4, Max: 12231.5, Diff: 0.1]
      [Ext Root Scanning (ms): Min: 0.3, Avg: 0.3, Max: 0.4, Diff: 0.1, Sum: 1.4]
      [SATB Filtering (ms): Min: 0.0, Avg: 0.0, Max: 0.0, Diff: 0.0, Sum: 0.0]
      [Update RS (ms): Min: 32.2, Avg: 32.3, Max: 32.6, Diff: 0.4, Sum: 129.4]
         [Processed Buffers: Min: 98, Avg: 100.0, Max: 104, Diff: 6, Sum: 400]
      [Scan RS (ms): Min: 0.0, Avg: 0.1, Max: 0.1, Diff: 0.1, Sum: 0.3]
      [Code Root Scanning (ms): Min: 0.0, Avg: 0.0, Max: 0.0, Diff: 0.0, Sum: 0.0]
      [Object Copy (ms): Min: 2.4, Avg: 2.5, Max: 2.6, Diff: 0.2, Sum: 10.0]
      [Termination (ms): Min: 0.0, Avg: 0.0, Max: 0.0, Diff: 0.0, Sum: 0.1]
      [GC Worker Other (ms): Min: 0.0, Avg: 0.0, Max: 0.0, Diff: 0.0, Sum: 0.0]
      [GC Worker Total (ms): Min: 35.3, Avg: 35.3, Max: 35.3, Diff: 0.0, Sum: 141.2]
      [GC Worker End (ms): Min: 12266.7, Avg: 12266.7, Max: 12266.7, Diff: 0.0]
   [Code Root Fixup: 0.0 ms]
   [Code Root Migration: 0.0 ms]
   [Clear CT: 0.2 ms]
   [Other: 1.3 ms]
      [Choose CSet: 0.0 ms]
      [Ref Proc: 0.5 ms]
      [Ref Enq: 0.3 ms]
      [Free CSet: 0.3 ms]
   [Eden: 180.0M(180.0M)->0.0B(181.0M) Survivors: 19.0M->19.0M Heap: 2217.0M(3988.0M)->2038.5M(4010.0M)]
 [Times: user=0.15 sys=0.00, real=0.04 secs] 
2016-01-06T01:03:53.640-0800: 12.303: [GC pause (young)
Desired survivor size 13107200 bytes, new threshold 1 (max 15)
- age   1:   17248672 bytes,   17248672 total
2016-01-06T01:03:53.648-0800: 12.311: [SoftReference, 0 refs, 0.0000480 secs]2016-01-06T01:03:53.648-0800: 12.311: [WeakReference, 0 refs, 0.0000070 secs]2016-01-06T01:03:53.648-0800: 12.311: [FinalReference, 0 refs, 0.0000050 secs]2016-01-06T01:03:53.648-0800: 12.311: [PhantomReference, 0 refs, 6120 refs, 0.0003560 secs]2016-01-06T01:03:53.649-0800: 12.312: [JNI Weak Reference, 0.0000110 secs], 0.0099330 secs]
   [Parallel Time: 6.0 ms, GC Workers: 4]
      [GC Worker Start (ms): Min: 12302.9, Avg: 12302.9, Max: 12302.9, Diff: 0.1]
      [Ext Root Scanning (ms): Min: 0.3, Avg: 0.4, Max: 0.4, Diff: 0.1, Sum: 1.4]
      [SATB Filtering (ms): Min: 0.0, Avg: 0.0, Max: 0.0, Diff: 0.0, Sum: 0.0]
      [Update RS (ms): Min: 2.9, Avg: 3.0, Max: 3.3, Diff: 0.4, Sum: 12.1]
         [Processed Buffers: Min: 4, Avg: 4.8, Max: 5, Diff: 1, Sum: 19]
      [Scan RS (ms): Min: 0.0, Avg: 0.1, Max: 0.2, Diff: 0.2, Sum: 0.5]
      [Code Root Scanning (ms): Min: 0.0, Avg: 0.0, Max: 0.0, Diff: 0.0, Sum: 0.0]
      [Object Copy (ms): Min: 2.2, Avg: 2.4, Max: 2.4, Diff: 0.2, Sum: 9.5]
      [Termination (ms): Min: 0.0, Avg: 0.0, Max: 0.0, Diff: 0.0, Sum: 0.0]
      [GC Worker Other (ms): Min: 0.0, Avg: 0.0, Max: 0.0, Diff: 0.0, Sum: 0.0]
      [GC Worker Total (ms): Min: 5.9, Avg: 5.9, Max: 5.9, Diff: 0.1, Sum: 23.7]
      [GC Worker End (ms): Min: 12308.8, Avg: 12308.8, Max: 12308.8, Diff: 0.0]
   [Code Root Fixup: 0.0 ms]
   [Code Root Migration: 0.0 ms]
   [Clear CT: 0.2 ms]
   [Other: 3.7 ms]
      [Choose CSet: 0.0 ms]
      [Ref Proc: 2.7 ms]
      [Ref Enq: 0.3 ms]
      [Free CSet: 0.4 ms]
   [Eden: 181.0M(181.0M)->0.0B(182.0M) Survivors: 19.0M->19.0M Heap: 2219.5M(4010.0M)->2039.5M(4028.0M)]
 [Times: user=0.04 sys=0.00, real=0.01 secs] 
2016-01-06T01:03:54.211-0800: 12.874: [GC pause (young)
Desired survivor size 13631488 bytes, new threshold 1 (max 15)
- age   1:   17250904 bytes,   17250904 total
2016-01-06T01:03:54.221-0800: 12.884: [SoftReference, 0 refs, 0.0000650 secs]2016-01-06T01:03:54.221-0800: 12.884: [WeakReference, 0 refs, 0.0000070 secs]2016-01-06T01:03:54.221-0800: 12.884: [FinalReference, 0 refs, 0.0000050 secs]2016-01-06T01:03:54.221-0800: 12.884: [PhantomReference, 0 refs, 6153 refs, 0.0002550 secs]2016-01-06T01:03:54.221-0800: 12.884: [JNI Weak Reference, 0.0000230 secs], 0.0111050 secs]
   [Parallel Time: 6.6 ms, GC Workers: 4]
      [GC Worker Start (ms): Min: 12874.1, Avg: 12874.6, Max: 12875.9, Diff: 1.8]
      [Ext Root Scanning (ms): Min: 0.0, Avg: 0.3, Max: 0.5, Diff: 0.5, Sum: 1.3]
      [SATB Filtering (ms): Min: 0.0, Avg: 0.0, Max: 0.0, Diff: 0.0, Sum: 0.0]
      [Update RS (ms): Min: 2.1, Avg: 3.0, Max: 3.6, Diff: 1.4, Sum: 12.0]
         [Processed Buffers: Min: 3, Avg: 4.8, Max: 6, Diff: 3, Sum: 19]
      [Scan RS (ms): Min: 0.0, Avg: 0.1, Max: 0.3, Diff: 0.3, Sum: 0.5]
      [Code Root Scanning (ms): Min: 0.0, Avg: 0.0, Max: 0.0, Diff: 0.0, Sum: 0.0]
      [Object Copy (ms): Min: 2.5, Avg: 2.6, Max: 2.6, Diff: 0.1, Sum: 10.2]
      [Termination (ms): Min: 0.0, Avg: 0.0, Max: 0.0, Diff: 0.0, Sum: 0.1]
      [GC Worker Other (ms): Min: 0.0, Avg: 0.0, Max: 0.0, Diff: 0.0, Sum: 0.0]
      [GC Worker Total (ms): Min: 4.7, Avg: 6.0, Max: 6.5, Diff: 1.8, Sum: 24.2]
      [GC Worker End (ms): Min: 12880.6, Avg: 12880.6, Max: 12880.6, Diff: 0.0]
   [Code Root Fixup: 0.0 ms]
   [Code Root Migration: 0.0 ms]
   [Clear CT: 0.2 ms]
   [Other: 4.4 ms]
      [Choose CSet: 0.0 ms]
      [Ref Proc: 3.6 ms]
      [Ref Enq: 0.3 ms]
      [Free CSet: 0.3 ms]
   [Eden: 182.0M(182.0M)->0.0B(183.0M) Survivors: 19.0M->19.0M Heap: 2221.5M(4028.0M)->2040.3M(4042.0M)]
 [Times: user=0.03 sys=0.01, real=0.01 secs] 
2016-01-06T01:03:54.250-0800: 12.913: [GC pause (young)
Desired survivor size 13631488 bytes, new threshold 1 (max 15)
- age   1:   17253136 bytes,   17253136 total
2016-01-06T01:03:54.262-0800: 12.925: [SoftReference, 0 refs, 0.0000470 secs]2016-01-06T01:03:54.262-0800: 12.925: [WeakReference, 0 refs, 0.0000070 secs]2016-01-06T01:03:54.262-0800: 12.925: [FinalReference, 0 refs, 0.0000060 secs]2016-01-06T01:03:54.262-0800: 12.925: [PhantomReference, 0 refs, 6183 refs, 0.0002400 secs]2016-01-06T01:03:54.262-0800: 12.925: [JNI Weak Reference, 0.0000070 secs], 0.0131680 secs]
   [Parallel Time: 6.9 ms, GC Workers: 4]
      [GC Worker Start (ms): Min: 12913.0, Avg: 12913.1, Max: 12913.1, Diff: 0.1]
      [Ext Root Scanning (ms): Min: 0.3, Avg: 0.4, Max: 0.4, Diff: 0.1, Sum: 1.5]
      [SATB Filtering (ms): Min: 0.0, Avg: 0.0, Max: 0.0, Diff: 0.0, Sum: 0.0]
      [Update RS (ms): Min: 3.5, Avg: 3.8, Max: 4.0, Diff: 0.5, Sum: 15.1]
         [Processed Buffers: Min: 5, Avg: 5.8, Max: 6, Diff: 1, Sum: 23]
      [Scan RS (ms): Min: 0.0, Avg: 0.1, Max: 0.2, Diff: 0.2, Sum: 0.3]
      [Code Root Scanning (ms): Min: 0.0, Avg: 0.0, Max: 0.0, Diff: 0.0, Sum: 0.0]
      [Object Copy (ms): Min: 2.2, Avg: 2.4, Max: 2.6, Diff: 0.3, Sum: 9.6]
      [Termination (ms): Min: 0.0, Avg: 0.0, Max: 0.0, Diff: 0.0, Sum: 0.1]
      [GC Worker Other (ms): Min: 0.0, Avg: 0.0, Max: 0.0, Diff: 0.0, Sum: 0.1]
      [GC Worker Total (ms): Min: 6.6, Avg: 6.7, Max: 6.7, Diff: 0.1, Sum: 26.6]
      [GC Worker End (ms): Min: 12919.7, Avg: 12919.7, Max: 12919.7, Diff: 0.0]
   [Code Root Fixup: 0.0 ms]
   [Code Root Migration: 0.0 ms]
   [Clear CT: 0.2 ms]
   [Other: 6.1 ms]
      [Choose CSet: 0.0 ms]
      [Ref Proc: 5.4 ms]
      [Ref Enq: 0.3 ms]
      [Free CSet: 0.3 ms]
   [Eden: 183.0M(183.0M)->0.0B(1415.0M) Survivors: 19.0M->19.0M Heap: 2223.3M(4042.0M)->2040.0M(4053.0M)]
 [Times: user=0.04 sys=0.00, real=0.01 secs] 
2016-01-06T01:03:55.288-0800: 13.951: [GC pause (young)
Desired survivor size 94371840 bytes, new threshold 15 (max 15)
- age   1:   17255368 bytes,   17255368 total
2016-01-06T01:03:55.350-0800: 14.013: [SoftReference, 0 refs, 0.0000440 secs]2016-01-06T01:03:55.350-0800: 14.013: [WeakReference, 0 refs, 0.0000070 secs]2016-01-06T01:03:55.350-0800: 14.013: [FinalReference, 0 refs, 0.0000060 secs]2016-01-06T01:03:55.350-0800: 14.013: [PhantomReference, 0 refs, 44376 refs, 0.0015530 secs]2016-01-06T01:03:55.352-0800: 14.015: [JNI Weak Reference, 0.0000070 secs], 0.0679290 secs]
   [Parallel Time: 15.4 ms, GC Workers: 4]
      [GC Worker Start (ms): Min: 13951.2, Avg: 13951.3, Max: 13951.4, Diff: 0.2]
      [Ext Root Scanning (ms): Min: 0.1, Avg: 0.3, Max: 0.5, Diff: 0.3, Sum: 1.4]
      [SATB Filtering (ms): Min: 0.0, Avg: 0.0, Max: 0.0, Diff: 0.0, Sum: 0.0]
      [Update RS (ms): Min: 4.3, Avg: 4.5, Max: 4.8, Diff: 0.4, Sum: 17.9]
         [Processed Buffers: Min: 6, Avg: 6.5, Max: 7, Diff: 1, Sum: 26]
      [Scan RS (ms): Min: 0.4, Avg: 0.7, Max: 0.8, Diff: 0.4, Sum: 2.7]
      [Code Root Scanning (ms): Min: 0.1, Avg: 0.1, Max: 0.1, Diff: 0.0, Sum: 0.3]
      [Object Copy (ms): Min: 9.6, Avg: 9.6, Max: 9.6, Diff: 0.1, Sum: 38.4]
      [Termination (ms): Min: 0.0, Avg: 0.0, Max: 0.0, Diff: 0.0, Sum: 0.0]
      [GC Worker Other (ms): Min: 0.0, Avg: 0.1, Max: 0.1, Diff: 0.1, Sum: 0.3]
      [GC Worker Total (ms): Min: 15.1, Avg: 15.2, Max: 15.3, Diff: 0.2, Sum: 60.8]
      [GC Worker End (ms): Min: 13966.4, Avg: 13966.5, Max: 13966.5, Diff: 0.1]
   [Code Root Fixup: 0.0 ms]
   [Code Root Migration: 0.2 ms]
   [Clear CT: 0.3 ms]
   [Other: 52.0 ms]
      [Choose CSet: 0.0 ms]
      [Ref Proc: 48.2 ms]
      [Ref Enq: 2.0 ms]
      [Free CSet: 1.4 ms]
   [Eden: 1415.0M(1415.0M)->0.0B(1545.0M) Survivors: 19.0M->21.0M Heap: 3455.0M(4053.0M)->2042.5M(4062.0M)]
 [Times: user=0.24 sys=0.01, real=0.06 secs] 
2016-01-06T01:03:55.630-0800: 14.293: [GC pause (young)
Desired survivor size 102760448 bytes, new threshold 15 (max 15)
- age   1:   20005192 bytes,   20005192 total
- age   2:      36864 bytes,   20042056 total
2016-01-06T01:03:55.717-0800: 14.380: [SoftReference, 0 refs, 0.0000470 secs]2016-01-06T01:03:55.717-0800: 14.380: [WeakReference, 0 refs, 0.0000060 secs]2016-01-06T01:03:55.717-0800: 14.380: [FinalReference, 0 refs, 0.0000060 secs]2016-01-06T01:03:55.717-0800: 14.380: [PhantomReference, 0 refs, 48405 refs, 0.0016780 secs]2016-01-06T01:03:55.719-0800: 14.382: [JNI Weak Reference, 0.0000080 secs], 0.0930380 secs]
   [Parallel Time: 20.1 ms, GC Workers: 4]
      [GC Worker Start (ms): Min: 14293.3, Avg: 14294.0, Max: 14295.9, Diff: 2.6]
      [Ext Root Scanning (ms): Min: 0.0, Avg: 0.3, Max: 0.5, Diff: 0.5, Sum: 1.3]
      [SATB Filtering (ms): Min: 0.0, Avg: 0.0, Max: 0.0, Diff: 0.0, Sum: 0.0]
      [Update RS (ms): Min: 2.9, Avg: 4.8, Max: 6.7, Diff: 3.8, Sum: 19.3]
         [Processed Buffers: Min: 4, Avg: 7.0, Max: 12, Diff: 8, Sum: 28]
      [Scan RS (ms): Min: 0.1, Avg: 0.7, Max: 1.0, Diff: 0.9, Sum: 2.7]
      [Code Root Scanning (ms): Min: 0.0, Avg: 0.1, Max: 0.1, Diff: 0.1, Sum: 0.3]
      [Object Copy (ms): Min: 12.7, Avg: 13.4, Max: 13.7, Diff: 1.1, Sum: 53.6]
      [Termination (ms): Min: 0.0, Avg: 0.0, Max: 0.0, Diff: 0.0, Sum: 0.0]
      [GC Worker Other (ms): Min: 0.0, Avg: 0.1, Max: 0.1, Diff: 0.0, Sum: 0.2]
      [GC Worker Total (ms): Min: 17.4, Avg: 19.4, Max: 20.0, Diff: 2.6, Sum: 77.4]
      [GC Worker End (ms): Min: 14313.3, Avg: 14313.3, Max: 14313.4, Diff: 0.0]
   [Code Root Fixup: 0.0 ms]
   [Code Root Migration: 0.2 ms]
   [Clear CT: 0.4 ms]
   [Other: 72.3 ms]
      [Choose CSet: 0.0 ms]
      [Ref Proc: 68.3 ms]
      [Ref Enq: 2.2 ms]
      [Free CSet: 1.6 ms]
   [Eden: 1545.0M(1545.0M)->0.0B(1560.0M) Survivors: 21.0M->22.0M Heap: 3587.5M(4062.0M)->2043.0M(4069.0M)]
 [Times: user=0.33 sys=0.02, real=0.09 secs] 
2016-01-06T01:03:55.970-0800: 14.633: [GC pause (young)
Desired survivor size 103809024 bytes, new threshold 15 (max 15)
- age   1:   20295352 bytes,   20295352 total
- age   2:      36864 bytes,   20332216 total
2016-01-06T01:03:56.073-0800: 14.736: [SoftReference, 0 refs, 0.0000470 secs]2016-01-06T01:03:56.073-0800: 14.736: [WeakReference, 0 refs, 0.0000070 secs]2016-01-06T01:03:56.073-0800: 14.736: [FinalReference, 0 refs, 0.0000060 secs]2016-01-06T01:03:56.073-0800: 14.736: [PhantomReference, 0 refs, 48862 refs, 0.0017430 secs]2016-01-06T01:03:56.075-0800: 14.738: [JNI Weak Reference, 0.0000080 secs], 0.1091710 secs]
   [Parallel Time: 19.4 ms, GC Workers: 4]
      [GC Worker Start (ms): Min: 14633.0, Avg: 14633.1, Max: 14633.1, Diff: 0.1]
      [Ext Root Scanning (ms): Min: 0.3, Avg: 0.4, Max: 0.7, Diff: 0.4, Sum: 1.8]
      [SATB Filtering (ms): Min: 0.0, Avg: 0.0, Max: 0.0, Diff: 0.0, Sum: 0.0]
      [Update RS (ms): Min: 5.8, Avg: 6.0, Max: 6.1, Diff: 0.3, Sum: 24.0]
         [Processed Buffers: Min: 9, Avg: 9.0, Max: 9, Diff: 0, Sum: 36]
      [Scan RS (ms): Min: 0.6, Avg: 0.7, Max: 0.9, Diff: 0.2, Sum: 2.9]
      [Code Root Scanning (ms): Min: 0.0, Avg: 0.1, Max: 0.1, Diff: 0.1, Sum: 0.3]
      [Object Copy (ms): Min: 12.0, Avg: 12.0, Max: 12.0, Diff: 0.0, Sum: 47.9]
      [Termination (ms): Min: 0.0, Avg: 0.0, Max: 0.0, Diff: 0.0, Sum: 0.0]
      [GC Worker Other (ms): Min: 0.0, Avg: 0.1, Max: 0.1, Diff: 0.1, Sum: 0.3]
      [GC Worker Total (ms): Min: 19.3, Avg: 19.3, Max: 19.4, Diff: 0.1, Sum: 77.3]
      [GC Worker End (ms): Min: 14652.3, Avg: 14652.4, Max: 14652.4, Diff: 0.1]
   [Code Root Fixup: 0.0 ms]
   [Code Root Migration: 0.2 ms]
   [Clear CT: 0.4 ms]
   [Other: 89.1 ms]
      [Choose CSet: 0.0 ms]
      [Ref Proc: 85.1 ms]
      [Ref Enq: 2.3 ms]
      [Free CSet: 1.6 ms]
   [Eden: 1560.0M(1560.0M)->0.0B(1573.0M) Survivors: 22.0M->21.0M Heap: 3603.0M(4069.0M)->2042.5M(4075.0M)]
 [Times: user=0.39 sys=0.01, real=0.11 secs] 
2016-01-06T01:03:56.330-0800: 14.993: [GC pause (young)
Desired survivor size 104857600 bytes, new threshold 15 (max 15)
- age   1:   20328832 bytes,   20328832 total
- age   2:      36864 bytes,   20365696 total
2016-01-06T01:03:56.447-0800: 15.110: [SoftReference, 0 refs, 0.0000470 secs]2016-01-06T01:03:56.447-0800: 15.110: [WeakReference, 0 refs, 0.0000070 secs]2016-01-06T01:03:56.447-0800: 15.110: [FinalReference, 0 refs, 0.0000050 secs]2016-01-06T01:03:56.447-0800: 15.110: [PhantomReference, 0 refs, 49272 refs, 0.0017640 secs]2016-01-06T01:03:56.449-0800: 15.112: [JNI Weak Reference, 0.0000080 secs], 0.1239350 secs]
   [Parallel Time: 21.6 ms, GC Workers: 4]
      [GC Worker Start (ms): Min: 14992.6, Avg: 14992.7, Max: 14992.7, Diff: 0.1]
      [Ext Root Scanning (ms): Min: 0.3, Avg: 0.4, Max: 0.4, Diff: 0.1, Sum: 1.4]
      [SATB Filtering (ms): Min: 0.0, Avg: 0.0, Max: 0.0, Diff: 0.0, Sum: 0.0]
      [Update RS (ms): Min: 7.3, Avg: 7.4, Max: 7.5, Diff: 0.2, Sum: 29.7]
         [Processed Buffers: Min: 10, Avg: 11.0, Max: 12, Diff: 2, Sum: 44]
      [Scan RS (ms): Min: 0.7, Avg: 0.7, Max: 0.8, Diff: 0.2, Sum: 2.9]
      [Code Root Scanning (ms): Min: 0.1, Avg: 0.1, Max: 0.1, Diff: 0.0, Sum: 0.3]
      [Object Copy (ms): Min: 12.9, Avg: 12.9, Max: 12.9, Diff: 0.0, Sum: 51.5]
      [Termination (ms): Min: 0.0, Avg: 0.0, Max: 0.0, Diff: 0.0, Sum: 0.0]
      [GC Worker Other (ms): Min: 0.0, Avg: 0.1, Max: 0.1, Diff: 0.1, Sum: 0.2]
      [GC Worker Total (ms): Min: 21.5, Avg: 21.5, Max: 21.6, Diff: 0.1, Sum: 86.1]
      [GC Worker End (ms): Min: 15014.2, Avg: 15014.2, Max: 15014.2, Diff: 0.1]
   [Code Root Fixup: 0.0 ms]
   [Code Root Migration: 0.2 ms]
   [Clear CT: 0.4 ms]
   [Other: 101.6 ms]
      [Choose CSet: 0.0 ms]
      [Ref Proc: 97.5 ms]
      [Ref Enq: 2.3 ms]
      [Free CSet: 1.6 ms]
   [Eden: 1573.0M(1573.0M)->0.0B(1582.0M) Survivors: 21.0M->22.0M Heap: 3615.5M(4075.0M)->2043.5M(4080.0M)]
 [Times: user=0.45 sys=0.01, real=0.12 secs] 
2016-01-06T01:03:56.704-0800: 15.367: [GC pause (young)
Desired survivor size 105381888 bytes, new threshold 15 (max 15)
- age   1:   20357848 bytes,   20357848 total
- age   2:      36864 bytes,   20394712 total
2016-01-06T01:03:56.843-0800: 15.506: [SoftReference, 0 refs, 0.0276380 secs]2016-01-06T01:03:56.870-0800: 15.533: [WeakReference, 0 refs, 0.0000150 secs]2016-01-06T01:03:56.870-0800: 15.533: [FinalReference, 0 refs, 0.0000070 secs]2016-01-06T01:03:56.870-0800: 15.533: [PhantomReference, 0 refs, 49551 refs, 0.0026160 secs]2016-01-06T01:03:56.873-0800: 15.536: [JNI Weak Reference, 0.0000160 secs], 0.1739250 secs]
   [Parallel Time: 20.6 ms, GC Workers: 4]
      [GC Worker Start (ms): Min: 15366.8, Avg: 15366.8, Max: 15366.9, Diff: 0.1]
      [Ext Root Scanning (ms): Min: 0.3, Avg: 0.4, Max: 0.4, Diff: 0.1, Sum: 1.4]
      [SATB Filtering (ms): Min: 0.0, Avg: 0.0, Max: 0.0, Diff: 0.0, Sum: 0.0]
      [Update RS (ms): Min: 7.1, Avg: 7.3, Max: 7.5, Diff: 0.4, Sum: 29.3]
         [Processed Buffers: Min: 10, Avg: 10.2, Max: 11, Diff: 1, Sum: 41]
      [Scan RS (ms): Min: 0.6, Avg: 0.7, Max: 0.8, Diff: 0.3, Sum: 2.9]
      [Code Root Scanning (ms): Min: 0.0, Avg: 0.1, Max: 0.1, Diff: 0.1, Sum: 0.3]
      [Object Copy (ms): Min: 11.8, Avg: 11.9, Max: 11.9, Diff: 0.1, Sum: 47.5]
      [Termination (ms): Min: 0.0, Avg: 0.0, Max: 0.0, Diff: 0.0, Sum: 0.0]
      [GC Worker Other (ms): Min: 0.0, Avg: 0.1, Max: 0.1, Diff: 0.1, Sum: 0.3]
      [GC Worker Total (ms): Min: 20.4, Avg: 20.4, Max: 20.5, Diff: 0.1, Sum: 81.8]
      [GC Worker End (ms): Min: 15387.3, Avg: 15387.3, Max: 15387.3, Diff: 0.1]
   [Code Root Fixup: 0.0 ms]
   [Code Root Migration: 0.2 ms]
   [Clear CT: 0.5 ms]
   [Other: 152.6 ms]
      [Choose CSet: 0.0 ms]
      [Ref Proc: 148.5 ms]
      [Ref Enq: 2.3 ms]
      [Free CSet: 1.7 ms]
   [Eden: 1582.0M(1582.0M)->0.0B(1589.0M) Survivors: 22.0M->22.0M Heap: 3625.5M(4080.0M)->2043.0M(4084.0M)]
 [Times: user=0.53 sys=0.00, real=0.18 secs] 
2016-01-06T01:03:57.103-0800: 15.766: [GC pause (young)
Desired survivor size 105906176 bytes, new threshold 15 (max 15)
- age   1:   20377936 bytes,   20377936 total
- age   2:      36864 bytes,   20414800 total
2016-01-06T01:03:57.251-0800: 15.914: [SoftReference, 0 refs, 0.0000440 secs]2016-01-06T01:03:57.251-0800: 15.914: [WeakReference, 0 refs, 0.0000070 secs]2016-01-06T01:03:57.251-0800: 15.914: [FinalReference, 0 refs, 0.0000060 secs]2016-01-06T01:03:57.251-0800: 15.914: [PhantomReference, 0 refs, 49770 refs, 0.0017460 secs]2016-01-06T01:03:57.253-0800: 15.916: [JNI Weak Reference, 0.0000080 secs], 0.1542040 secs]
   [Parallel Time: 19.4 ms, GC Workers: 4]
      [GC Worker Start (ms): Min: 15766.0, Avg: 15767.5, Max: 15771.9, Diff: 5.9]
      [Ext Root Scanning (ms): Min: 0.0, Avg: 0.3, Max: 0.5, Diff: 0.5, Sum: 1.3]
      [SATB Filtering (ms): Min: 0.0, Avg: 0.0, Max: 0.0, Diff: 0.0, Sum: 0.0]
      [Update RS (ms): Min: 2.6, Avg: 6.3, Max: 7.5, Diff: 5.0, Sum: 25.1]
         [Processed Buffers: Min: 4, Avg: 10.5, Max: 15, Diff: 11, Sum: 42]
      [Scan RS (ms): Min: 0.8, Avg: 1.2, Max: 1.8, Diff: 1.0, Sum: 4.6]
      [Code Root Scanning (ms): Min: 0.0, Avg: 0.1, Max: 0.1, Diff: 0.1, Sum: 0.3]
      [Object Copy (ms): Min: 9.6, Avg: 10.0, Max: 10.2, Diff: 0.5, Sum: 40.0]
      [Termination (ms): Min: 0.0, Avg: 0.0, Max: 0.0, Diff: 0.0, Sum: 0.0]
      [GC Worker Other (ms): Min: 0.0, Avg: 0.1, Max: 0.1, Diff: 0.1, Sum: 0.2]
      [GC Worker Total (ms): Min: 13.5, Avg: 17.9, Max: 19.4, Diff: 5.9, Sum: 71.5]
      [GC Worker End (ms): Min: 15785.4, Avg: 15785.4, Max: 15785.4, Diff: 0.1]
   [Code Root Fixup: 0.0 ms]
   [Code Root Migration: 0.2 ms]
   [Clear CT: 0.4 ms]
   [Other: 134.2 ms]
      [Choose CSet: 0.0 ms]
      [Ref Proc: 130.1 ms]
      [Ref Enq: 2.3 ms]
      [Free CSet: 1.6 ms]
   [Eden: 1589.0M(1589.0M)->0.0B(1594.0M) Survivors: 22.0M->22.0M Heap: 3632.0M(4084.0M)->2043.0M(4087.0M)]
 [Times: user=0.56 sys=0.00, real=0.16 secs] 
2016-01-06T01:03:57.488-0800: 16.151: [GC pause (young)
Desired survivor size 105906176 bytes, new threshold 15 (max 15)
- age   1:   20393560 bytes,   20393560 total
- age   2:      36864 bytes,   20430424 total
2016-01-06T01:03:57.648-0800: 16.311: [SoftReference, 0 refs, 0.0000430 secs]2016-01-06T01:03:57.648-0800: 16.311: [WeakReference, 0 refs, 0.0000070 secs]2016-01-06T01:03:57.648-0800: 16.311: [FinalReference, 0 refs, 0.0000060 secs]2016-01-06T01:03:57.648-0800: 16.311: [PhantomReference, 0 refs, 49924 refs, 0.0017110 secs]2016-01-06T01:03:57.650-0800: 16.313: [JNI Weak Reference, 0.0000090 secs], 0.1667750 secs]
   [Parallel Time: 18.0 ms, GC Workers: 4]
      [GC Worker Start (ms): Min: 16150.9, Avg: 16151.0, Max: 16151.0, Diff: 0.1]
      [Ext Root Scanning (ms): Min: 0.3, Avg: 0.4, Max: 0.4, Diff: 0.1, Sum: 1.4]
      [SATB Filtering (ms): Min: 0.0, Avg: 0.0, Max: 0.0, Diff: 0.0, Sum: 0.0]
      [Update RS (ms): Min: 6.0, Avg: 6.1, Max: 6.2, Diff: 0.2, Sum: 24.2]
         [Processed Buffers: Min: 9, Avg: 9.0, Max: 9, Diff: 0, Sum: 36]
      [Scan RS (ms): Min: 0.7, Avg: 0.7, Max: 0.8, Diff: 0.1, Sum: 3.0]
      [Code Root Scanning (ms): Min: 0.1, Avg: 0.1, Max: 0.1, Diff: 0.0, Sum: 0.3]
      [Object Copy (ms): Min: 10.5, Avg: 10.6, Max: 10.6, Diff: 0.1, Sum: 42.2]
      [Termination (ms): Min: 0.0, Avg: 0.0, Max: 0.0, Diff: 0.0, Sum: 0.0]
      [GC Worker Other (ms): Min: 0.0, Avg: 0.1, Max: 0.1, Diff: 0.1, Sum: 0.2]
      [GC Worker Total (ms): Min: 17.8, Avg: 17.8, Max: 17.9, Diff: 0.1, Sum: 71.4]
      [GC Worker End (ms): Min: 16168.8, Avg: 16168.8, Max: 16168.8, Diff: 0.1]
   [Code Root Fixup: 0.0 ms]
   [Code Root Migration: 0.2 ms]
   [Clear CT: 0.4 ms]
   [Other: 148.2 ms]
      [Choose CSet: 0.0 ms]
      [Ref Proc: 144.2 ms]
      [Ref Enq: 2.3 ms]
      [Free CSet: 1.6 ms]
   [Eden: 1594.0M(1594.0M)->0.0B(1599.0M) Survivors: 22.0M->22.0M Heap: 3637.0M(4087.0M)->2043.0M(4089.0M)]
 [Times: user=0.63 sys=0.00, real=0.16 secs] 
2016-01-06T01:03:57.891-0800: 16.554: [GC pause (young)
Desired survivor size 106430464 bytes, new threshold 15 (max 15)
- age   1:   20404720 bytes,   20404720 total
- age   2:      36864 bytes,   20441584 total
2016-01-06T01:03:58.071-0800: 16.734: [SoftReference, 0 refs, 0.0000440 secs]2016-01-06T01:03:58.071-0800: 16.734: [WeakReference, 0 refs, 0.0000060 secs]2016-01-06T01:03:58.071-0800: 16.734: [FinalReference, 0 refs, 0.0000050 secs]2016-01-06T01:03:58.071-0800: 16.734: [PhantomReference, 0 refs, 50079 refs, 0.0016530 secs]2016-01-06T01:03:58.073-0800: 16.736: [JNI Weak Reference, 0.0000070 secs], 0.1859110 secs]
   [Parallel Time: 25.9 ms, GC Workers: 4]
      [GC Worker Start (ms): Min: 16554.3, Avg: 16554.4, Max: 16554.7, Diff: 0.4]
      [Ext Root Scanning (ms): Min: 0.2, Avg: 0.7, Max: 1.7, Diff: 1.5, Sum: 2.7]
      [SATB Filtering (ms): Min: 0.0, Avg: 0.0, Max: 0.0, Diff: 0.0, Sum: 0.0]
      [Update RS (ms): Min: 9.0, Avg: 10.7, Max: 13.9, Diff: 4.9, Sum: 42.7]
         [Processed Buffers: Min: 6, Avg: 9.5, Max: 14, Diff: 8, Sum: 38]
      [Scan RS (ms): Min: 0.4, Avg: 0.8, Max: 1.2, Diff: 0.8, Sum: 3.1]
      [Code Root Scanning (ms): Min: 0.0, Avg: 0.1, Max: 0.1, Diff: 0.1, Sum: 0.3]
      [Object Copy (ms): Min: 10.7, Avg: 13.4, Max: 14.3, Diff: 3.5, Sum: 53.4]
      [Termination (ms): Min: 0.1, Avg: 0.1, Max: 0.2, Diff: 0.1, Sum: 0.6]
      [GC Worker Other (ms): Min: 0.0, Avg: 0.0, Max: 0.1, Diff: 0.0, Sum: 0.1]
      [GC Worker Total (ms): Min: 25.5, Avg: 25.7, Max: 25.8, Diff: 0.4, Sum: 102.9]
      [GC Worker End (ms): Min: 16580.1, Avg: 16580.2, Max: 16580.2, Diff: 0.0]
   [Code Root Fixup: 0.0 ms]
   [Code Root Migration: 0.2 ms]
   [Clear CT: 0.4 ms]
   [Other: 159.4 ms]
      [Choose CSet: 0.0 ms]
      [Ref Proc: 155.3 ms]
      [Ref Enq: 2.3 ms]
      [Free CSet: 1.6 ms]
   [Eden: 1599.0M(1599.0M)->0.0B(1601.0M) Survivors: 22.0M->22.0M Heap: 3642.0M(4089.0M)->2043.0M(4091.0M)]
 [Times: user=0.66 sys=0.00, real=0.19 secs] 
2016-01-06T01:03:58.305-0800: 16.968: [GC pause (young)
Desired survivor size 106430464 bytes, new threshold 15 (max 15)
- age   1:   20415880 bytes,   20415880 total
- age   2:      36864 bytes,   20452744 total
2016-01-06T01:03:58.471-0800: 17.134: [SoftReference, 0 refs, 0.0000440 secs]2016-01-06T01:03:58.471-0800: 17.134: [WeakReference, 0 refs, 0.0000070 secs]2016-01-06T01:03:58.471-0800: 17.134: [FinalReference, 0 refs, 0.0000060 secs]2016-01-06T01:03:58.471-0800: 17.134: [PhantomReference, 0 refs, 50141 refs, 0.0016650 secs]2016-01-06T01:03:58.473-0800: 17.136: [JNI Weak Reference, 0.0000070 secs], 0.1721420 secs]
   [Parallel Time: 11.6 ms, GC Workers: 4]
      [GC Worker Start (ms): Min: 16968.1, Avg: 16968.1, Max: 16968.2, Diff: 0.1]
      [Ext Root Scanning (ms): Min: 0.3, Avg: 0.4, Max: 0.4, Diff: 0.1, Sum: 1.5]
      [SATB Filtering (ms): Min: 0.0, Avg: 0.0, Max: 0.0, Diff: 0.0, Sum: 0.0]
      [Update RS (ms): Min: 0.0, Avg: 0.1, Max: 0.2, Diff: 0.2, Sum: 0.2]
         [Processed Buffers: Min: 0, Avg: 1.0, Max: 3, Diff: 3, Sum: 4]
      [Scan RS (ms): Min: 0.7, Avg: 0.8, Max: 0.9, Diff: 0.2, Sum: 3.1]
      [Code Root Scanning (ms): Min: 0.1, Avg: 0.1, Max: 0.1, Diff: 0.0, Sum: 0.4]
      [Object Copy (ms): Min: 10.0, Avg: 10.1, Max: 10.1, Diff: 0.1, Sum: 40.3]
      [Termination (ms): Min: 0.0, Avg: 0.0, Max: 0.0, Diff: 0.0, Sum: 0.0]
      [GC Worker Other (ms): Min: 0.0, Avg: 0.1, Max: 0.1, Diff: 0.1, Sum: 0.3]
      [GC Worker Total (ms): Min: 11.4, Avg: 11.5, Max: 11.5, Diff: 0.1, Sum: 45.8]
      [GC Worker End (ms): Min: 16979.5, Avg: 16979.6, Max: 16979.6, Diff: 0.1]
   [Code Root Fixup: 0.0 ms]
   [Code Root Migration: 0.2 ms]
   [Clear CT: 0.4 ms]
   [Other: 160.0 ms]
      [Choose CSet: 0.0 ms]
      [Ref Proc: 156.0 ms]
      [Ref Enq: 2.3 ms]
      [Free CSet: 1.6 ms]
   [Eden: 1601.0M(1601.0M)->0.0B(1603.0M) Survivors: 22.0M->22.0M Heap: 3644.0M(4091.0M)->2043.0M(4092.0M)]
 [Times: user=0.66 sys=0.00, real=0.17 secs] 
2016-01-06T01:03:58.710-0800: 17.373: [GC pause (young)
Desired survivor size 106954752 bytes, new threshold 15 (max 15)
- age   1:   20420344 bytes,   20420344 total
- age   2:      36864 bytes,   20457208 total
2016-01-06T01:03:58.877-0800: 17.539: [SoftReference, 0 refs, 0.0000460 secs]2016-01-06T01:03:58.877-0800: 17.539: [WeakReference, 0 refs, 0.0000060 secs]2016-01-06T01:03:58.877-0800: 17.540: [FinalReference, 0 refs, 0.0000060 secs]2016-01-06T01:03:58.877-0800: 17.540: [PhantomReference, 0 refs, 50203 refs, 0.0016780 secs]2016-01-06T01:03:58.878-0800: 17.541: [JNI Weak Reference, 0.0000090 secs], 0.1726350 secs]
   [Parallel Time: 11.0 ms, GC Workers: 4]
      [GC Worker Start (ms): Min: 17373.3, Avg: 17373.3, Max: 17373.3, Diff: 0.1]
      [Ext Root Scanning (ms): Min: 0.4, Avg: 1.0, Max: 2.6, Diff: 2.3, Sum: 3.9]
      [SATB Filtering (ms): Min: 0.0, Avg: 0.0, Max: 0.0, Diff: 0.0, Sum: 0.0]
      [Update RS (ms): Min: 0.0, Avg: 0.0, Max: 0.1, Diff: 0.1, Sum: 0.2]
         [Processed Buffers: Min: 0, Avg: 1.0, Max: 3, Diff: 3, Sum: 4]
      [Scan RS (ms): Min: 0.1, Avg: 0.7, Max: 0.9, Diff: 0.8, Sum: 2.8]
      [Code Root Scanning (ms): Min: 0.0, Avg: 0.1, Max: 0.1, Diff: 0.1, Sum: 0.3]
      [Object Copy (ms): Min: 8.1, Avg: 9.1, Max: 9.4, Diff: 1.3, Sum: 36.2]
      [Termination (ms): Min: 0.0, Avg: 0.0, Max: 0.0, Diff: 0.0, Sum: 0.0]
      [GC Worker Other (ms): Min: 0.0, Avg: 0.1, Max: 0.1, Diff: 0.1, Sum: 0.2]
      [GC Worker Total (ms): Min: 10.9, Avg: 10.9, Max: 11.0, Diff: 0.1, Sum: 43.7]
      [GC Worker End (ms): Min: 17384.2, Avg: 17384.2, Max: 17384.3, Diff: 0.1]
   [Code Root Fixup: 0.0 ms]
   [Code Root Migration: 0.2 ms]
   [Clear CT: 0.4 ms]
   [Other: 161.0 ms]
      [Choose CSet: 0.0 ms]
      [Ref Proc: 156.9 ms]
      [Ref Enq: 2.3 ms]
      [Free CSet: 1.6 ms]
   [Eden: 1603.0M(1603.0M)->0.0B(1606.0M) Survivors: 22.0M->22.0M Heap: 3646.0M(4092.0M)->2043.0M(4093.0M)]
 [Times: user=0.65 sys=0.01, real=0.17 secs] 
2016-01-06T01:03:59.119-0800: 17.782: [GC pause (young)
Desired survivor size 106954752 bytes, new threshold 15 (max 15)
- age   1:   20424808 bytes,   20424808 total
- age   2:      36864 bytes,   20461672 total
2016-01-06T01:03:59.310-0800: 17.973: [SoftReference, 0 refs, 0.0000480 secs]2016-01-06T01:03:59.310-0800: 17.973: [WeakReference, 0 refs, 0.0000070 secs]2016-01-06T01:03:59.310-0800: 17.973: [FinalReference, 0 refs, 0.0000050 secs]2016-01-06T01:03:59.310-0800: 17.973: [PhantomReference, 0 refs, 50296 refs, 0.0017820 secs]2016-01-06T01:03:59.312-0800: 17.975: [JNI Weak Reference, 0.0000090 secs], 0.1971350 secs]
   [Parallel Time: 22.9 ms, GC Workers: 4]
      [GC Worker Start (ms): Min: 17782.4, Avg: 17783.8, Max: 17788.1, Diff: 5.7]
      [Ext Root Scanning (ms): Min: 0.0, Avg: 0.3, Max: 0.5, Diff: 0.5, Sum: 1.4]
      [SATB Filtering (ms): Min: 0.0, Avg: 0.0, Max: 0.0, Diff: 0.0, Sum: 0.0]
      [Update RS (ms): Min: 4.1, Avg: 8.9, Max: 13.4, Diff: 9.3, Sum: 35.7]
         [Processed Buffers: Min: 5, Avg: 9.2, Max: 13, Diff: 8, Sum: 37]
      [Scan RS (ms): Min: 0.4, Avg: 0.8, Max: 1.1, Diff: 0.7, Sum: 3.1]
      [Code Root Scanning (ms): Min: 0.0, Avg: 0.1, Max: 0.2, Diff: 0.2, Sum: 0.4]
      [Object Copy (ms): Min: 8.4, Avg: 11.1, Max: 12.0, Diff: 3.6, Sum: 44.3]
      [Termination (ms): Min: 0.0, Avg: 0.1, Max: 0.1, Diff: 0.1, Sum: 0.2]
      [GC Worker Other (ms): Min: 0.0, Avg: 0.0, Max: 0.0, Diff: 0.0, Sum: 0.1]
      [GC Worker Total (ms): Min: 17.1, Avg: 21.3, Max: 22.8, Diff: 5.7, Sum: 85.3]
      [GC Worker End (ms): Min: 17805.1, Avg: 17805.1, Max: 17805.2, Diff: 0.0]
   [Code Root Fixup: 0.0 ms]
   [Code Root Migration: 0.2 ms]
   [Clear CT: 0.4 ms]
   [Other: 173.6 ms]
      [Choose CSet: 0.0 ms]
      [Ref Proc: 169.5 ms]
      [Ref Enq: 2.3 ms]
      [Free CSet: 1.7 ms]
   [Eden: 1606.0M(1606.0M)->0.0B(1607.0M) Survivors: 22.0M->22.0M Heap: 3649.0M(4093.0M)->2043.0M(4094.0M)]
 [Times: user=0.69 sys=0.00, real=0.19 secs] 
2016-01-06T01:03:59.564-0800: 18.227: [GC pause (young)
Desired survivor size 106954752 bytes, new threshold 15 (max 15)
- age   1:   20431504 bytes,   20431504 total
- age   2:      36864 bytes,   20468368 total
2016-01-06T01:03:59.752-0800: 18.415: [SoftReference, 0 refs, 0.0000500 secs]2016-01-06T01:03:59.752-0800: 18.415: [WeakReference, 0 refs, 0.0000070 secs]2016-01-06T01:03:59.752-0800: 18.415: [FinalReference, 0 refs, 0.0000060 secs]2016-01-06T01:03:59.752-0800: 18.415: [PhantomReference, 0 refs, 50326 refs, 0.0017620 secs]2016-01-06T01:03:59.754-0800: 18.417: [JNI Weak Reference, 0.0000080 secs], 0.1950100 secs]
   [Parallel Time: 20.6 ms, GC Workers: 4]
      [GC Worker Start (ms): Min: 18226.9, Avg: 18227.2, Max: 18227.9, Diff: 1.0]
      [Ext Root Scanning (ms): Min: 0.0, Avg: 0.3, Max: 0.5, Diff: 0.5, Sum: 1.3]
      [SATB Filtering (ms): Min: 0.0, Avg: 0.0, Max: 0.0, Diff: 0.0, Sum: 0.0]
      [Update RS (ms): Min: 9.0, Avg: 9.3, Max: 9.5, Diff: 0.5, Sum: 37.2]
         [Processed Buffers: Min: 13, Avg: 14.5, Max: 17, Diff: 4, Sum: 58]
      [Scan RS (ms): Min: 0.7, Avg: 0.7, Max: 0.9, Diff: 0.2, Sum: 3.0]
      [Code Root Scanning (ms): Min: 0.1, Avg: 0.1, Max: 0.1, Diff: 0.0, Sum: 0.3]
      [Object Copy (ms): Min: 9.7, Avg: 9.8, Max: 9.8, Diff: 0.1, Sum: 39.1]
      [Termination (ms): Min: 0.0, Avg: 0.0, Max: 0.0, Diff: 0.0, Sum: 0.1]
      [GC Worker Other (ms): Min: 0.0, Avg: 0.0, Max: 0.1, Diff: 0.0, Sum: 0.2]
      [GC Worker Total (ms): Min: 19.5, Avg: 20.3, Max: 20.5, Diff: 1.0, Sum: 81.0]
      [GC Worker End (ms): Min: 18247.4, Avg: 18247.4, Max: 18247.4, Diff: 0.0]
   [Code Root Fixup: 0.0 ms]
   [Code Root Migration: 0.2 ms]
   [Clear CT: 0.4 ms]
   [Other: 173.7 ms]
      [Choose CSet: 0.0 ms]
      [Ref Proc: 169.6 ms]
      [Ref Enq: 2.3 ms]
      [Free CSet: 1.6 ms]
   [Eden: 1607.0M(1607.0M)->0.0B(1609.0M) Survivors: 22.0M->22.0M Heap: 3650.0M(4094.0M)->2043.0M(4095.0M)]
 [Times: user=0.74 sys=0.00, real=0.20 secs] 
2016-01-06T01:04:00.004-0800: 18.667: [GC pause (young)
Desired survivor size 106954752 bytes, new threshold 15 (max 15)
- age   1:   20433736 bytes,   20433736 total
- age   2:      36864 bytes,   20470600 total
2016-01-06T01:04:00.190-0800: 18.853: [SoftReference, 0 refs, 0.0000410 secs]2016-01-06T01:04:00.190-0800: 18.853: [WeakReference, 0 refs, 0.0000070 secs]2016-01-06T01:04:00.190-0800: 18.853: [FinalReference, 0 refs, 0.0000050 secs]2016-01-06T01:04:00.190-0800: 18.853: [PhantomReference, 0 refs, 50389 refs, 0.0017200 secs]2016-01-06T01:04:00.192-0800: 18.855: [JNI Weak Reference, 0.0000070 secs], 0.1922450 secs]
   [Parallel Time: 23.5 ms, GC Workers: 4]
      [GC Worker Start (ms): Min: 18667.4, Avg: 18667.4, Max: 18667.4, Diff: 0.1]
      [Ext Root Scanning (ms): Min: 0.3, Avg: 0.4, Max: 0.4, Diff: 0.1, Sum: 1.4]
      [SATB Filtering (ms): Min: 0.0, Avg: 0.0, Max: 0.0, Diff: 0.0, Sum: 0.0]
      [Update RS (ms): Min: 11.3, Avg: 11.5, Max: 11.7, Diff: 0.4, Sum: 46.1]
         [Processed Buffers: Min: 15, Avg: 15.8, Max: 16, Diff: 1, Sum: 63]
      [Scan RS (ms): Min: 0.6, Avg: 0.7, Max: 1.0, Diff: 0.3, Sum: 3.0]
      [Code Root Scanning (ms): Min: 0.1, Avg: 0.1, Max: 0.1, Diff: 0.0, Sum: 0.3]
      [Object Copy (ms): Min: 10.6, Avg: 10.6, Max: 10.6, Diff: 0.0, Sum: 42.4]
      [Termination (ms): Min: 0.0, Avg: 0.0, Max: 0.0, Diff: 0.0, Sum: 0.0]
      [GC Worker Other (ms): Min: 0.0, Avg: 0.1, Max: 0.1, Diff: 0.0, Sum: 0.2]
      [GC Worker Total (ms): Min: 23.3, Avg: 23.4, Max: 23.4, Diff: 0.0, Sum: 93.4]
      [GC Worker End (ms): Min: 18690.7, Avg: 18690.8, Max: 18690.8, Diff: 0.0]
   [Code Root Fixup: 0.0 ms]
   [Code Root Migration: 0.2 ms]
   [Clear CT: 0.4 ms]
   [Other: 168.1 ms]
      [Choose CSet: 0.0 ms]
      [Ref Proc: 164.1 ms]
      [Ref Enq: 2.3 ms]
      [Free CSet: 1.6 ms]
   [Eden: 1609.0M(1609.0M)->0.0B(1610.0M) Survivors: 22.0M->22.0M Heap: 3652.0M(4095.0M)->2043.5M(4096.0M)]
 [Times: user=0.71 sys=0.00, real=0.19 secs] 
2016-01-06T01:04:00.431-0800: 19.094: [GC pause (young)
Desired survivor size 106954752 bytes, new threshold 15 (max 15)
- age   1:   20438200 bytes,   20438200 total
- age   2:      36864 bytes,   20475064 total
2016-01-06T01:04:00.628-0800: 19.291: [SoftReference, 0 refs, 0.0000450 secs]2016-01-06T01:04:00.628-0800: 19.291: [WeakReference, 0 refs, 0.0000070 secs]2016-01-06T01:04:00.628-0800: 19.291: [FinalReference, 0 refs, 0.0000060 secs]2016-01-06T01:04:00.628-0800: 19.291: [PhantomReference, 0 refs, 50420 refs, 0.0018020 secs]2016-01-06T01:04:00.630-0800: 19.293: [JNI Weak Reference, 0.0000090 secs], 0.2032880 secs]
   [Parallel Time: 21.4 ms, GC Workers: 4]
      [GC Worker Start (ms): Min: 19094.4, Avg: 19094.8, Max: 19095.9, Diff: 1.5]
      [Ext Root Scanning (ms): Min: 0.0, Avg: 0.3, Max: 0.5, Diff: 0.4, Sum: 1.3]
      [SATB Filtering (ms): Min: 0.0, Avg: 0.0, Max: 0.0, Diff: 0.0, Sum: 0.0]
      [Update RS (ms): Min: 7.9, Avg: 8.6, Max: 9.0, Diff: 1.0, Sum: 34.2]
         [Processed Buffers: Min: 11, Avg: 12.2, Max: 13, Diff: 2, Sum: 49]
      [Scan RS (ms): Min: 0.6, Avg: 0.8, Max: 1.1, Diff: 0.4, Sum: 3.1]
      [Code Root Scanning (ms): Min: 0.0, Avg: 0.1, Max: 0.1, Diff: 0.1, Sum: 0.3]
      [Object Copy (ms): Min: 10.5, Avg: 10.7, Max: 11.1, Diff: 0.6, Sum: 42.7]
      [Termination (ms): Min: 0.0, Avg: 0.5, Max: 0.6, Diff: 0.6, Sum: 1.9]
      [GC Worker Other (ms): Min: 0.0, Avg: 0.0, Max: 0.0, Diff: 0.0, Sum: 0.1]
      [GC Worker Total (ms): Min: 19.8, Avg: 20.9, Max: 21.3, Diff: 1.5, Sum: 83.5]
      [GC Worker End (ms): Min: 19115.7, Avg: 19115.7, Max: 19115.7, Diff: 0.0]
   [Code Root Fixup: 0.0 ms]
   [Code Root Migration: 0.2 ms]
   [Clear CT: 0.4 ms]
   [Other: 181.3 ms]
      [Choose CSet: 0.0 ms]
      [Ref Proc: 177.2 ms]
      [Ref Enq: 2.3 ms]
      [Free CSet: 1.7 ms]
   [Eden: 1610.0M(1610.0M)->0.0B(730.0M) Survivors: 22.0M->22.0M Heap: 3653.5M(4096.0M)->2043.5M(4096.0M)]
 [Times: user=0.77 sys=0.01, real=0.20 secs] 
2016-01-06T01:04:00.749-0800: 19.412: [GC pause (young)
Desired survivor size 49283072 bytes, new threshold 15 (max 15)
- age   1:   20440432 bytes,   20440432 total
- age   2:      36864 bytes,   20477296 total
2016-01-06T01:04:00.935-0800: 19.598: [SoftReference, 0 refs, 0.0000530 secs]2016-01-06T01:04:00.935-0800: 19.598: [WeakReference, 0 refs, 0.0000090 secs]2016-01-06T01:04:00.935-0800: 19.598: [FinalReference, 0 refs, 0.0000060 secs]2016-01-06T01:04:00.935-0800: 19.598: [PhantomReference, 0 refs, 23137 refs, 0.0007920 secs]2016-01-06T01:04:00.936-0800: 19.599: [JNI Weak Reference, 0.0000080 secs], 0.1894660 secs]
   [Parallel Time: 8.4 ms, GC Workers: 4]
      [GC Worker Start (ms): Min: 19411.8, Avg: 19411.9, Max: 19412.0, Diff: 0.2]
      [Ext Root Scanning (ms): Min: 0.2, Avg: 0.4, Max: 0.4, Diff: 0.2, Sum: 1.4]
      [SATB Filtering (ms): Min: 0.0, Avg: 0.0, Max: 0.0, Diff: 0.0, Sum: 0.0]
      [Update RS (ms): Min: 2.8, Avg: 2.9, Max: 3.1, Diff: 0.3, Sum: 11.7]
         [Processed Buffers: Min: 4, Avg: 5.0, Max: 6, Diff: 2, Sum: 20]
      [Scan RS (ms): Min: 0.2, Avg: 0.3, Max: 0.4, Diff: 0.3, Sum: 1.4]
      [Code Root Scanning (ms): Min: 0.0, Avg: 0.0, Max: 0.1, Diff: 0.0, Sum: 0.2]
      [Object Copy (ms): Min: 4.5, Avg: 4.5, Max: 4.5, Diff: 0.0, Sum: 17.9]
      [Termination (ms): Min: 0.0, Avg: 0.0, Max: 0.0, Diff: 0.0, Sum: 0.0]
      [GC Worker Other (ms): Min: 0.0, Avg: 0.0, Max: 0.1, Diff: 0.1, Sum: 0.2]
      [GC Worker Total (ms): Min: 8.1, Avg: 8.2, Max: 8.3, Diff: 0.2, Sum: 32.8]
      [GC Worker End (ms): Min: 19420.0, Avg: 19420.0, Max: 19420.1, Diff: 0.1]
   [Code Root Fixup: 0.0 ms]
   [Code Root Migration: 0.1 ms]
   [Clear CT: 0.2 ms]
   [Other: 180.8 ms]
      [Choose CSet: 0.0 ms]
      [Ref Proc: 178.8 ms]
      [Ref Enq: 1.1 ms]
      [Free CSet: 0.8 ms]
   [Eden: 730.0M(730.0M)->0.0B(717.0M) Survivors: 22.0M->8192.0K Heap: 2773.5M(4096.0M)->2029.5M(4096.0M)]
 [Times: user=0.74 sys=0.00, real=0.19 secs] 
2016-01-06T01:04:01.050-0800: 19.713: [GC pause (young)
Desired survivor size 47710208 bytes, new threshold 15 (max 15)
- age   1:    6722416 bytes,    6722416 total
- age   2:      36864 bytes,    6759280 total
2016-01-06T01:04:01.244-0800: 19.907: [SoftReference, 0 refs, 0.0000550 secs]2016-01-06T01:04:01.244-0800: 19.907: [WeakReference, 0 refs, 0.0000060 secs]2016-01-06T01:04:01.244-0800: 19.907: [FinalReference, 0 refs, 0.0000050 secs]2016-01-06T01:04:01.244-0800: 19.907: [PhantomReference, 0 refs, 22734 refs, 0.0008080 secs]2016-01-06T01:04:01.245-0800: 19.908: [JNI Weak Reference, 0.0000080 secs], 0.1971940 secs]
   [Parallel Time: 12.9 ms, GC Workers: 4]
      [GC Worker Start (ms): Min: 19713.4, Avg: 19713.4, Max: 19713.4, Diff: 0.1]
      [Ext Root Scanning (ms): Min: 0.3, Avg: 0.4, Max: 0.4, Diff: 0.1, Sum: 1.5]
      [SATB Filtering (ms): Min: 0.0, Avg: 0.0, Max: 0.0, Diff: 0.0, Sum: 0.0]
      [Update RS (ms): Min: 7.0, Avg: 7.2, Max: 7.4, Diff: 0.3, Sum: 28.8]
         [Processed Buffers: Min: 10, Avg: 11.0, Max: 12, Diff: 2, Sum: 44]
      [Scan RS (ms): Min: 0.2, Avg: 0.3, Max: 0.4, Diff: 0.3, Sum: 1.2]
      [Code Root Scanning (ms): Min: 0.0, Avg: 0.0, Max: 0.1, Diff: 0.0, Sum: 0.1]
      [Object Copy (ms): Min: 4.8, Avg: 4.8, Max: 4.8, Diff: 0.0, Sum: 19.3]
      [Termination (ms): Min: 0.0, Avg: 0.0, Max: 0.0, Diff: 0.0, Sum: 0.0]
      [GC Worker Other (ms): Min: 0.0, Avg: 0.1, Max: 0.1, Diff: 0.1, Sum: 0.2]
      [GC Worker Total (ms): Min: 12.7, Avg: 12.8, Max: 12.8, Diff: 0.1, Sum: 51.1]
      [GC Worker End (ms): Min: 19726.1, Avg: 19726.2, Max: 19726.2, Diff: 0.1]
   [Code Root Fixup: 0.0 ms]
   [Code Root Migration: 0.1 ms]
   [Clear CT: 0.3 ms]
   [Other: 183.9 ms]
      [Choose CSet: 0.0 ms]
      [Ref Proc: 182.0 ms]
      [Ref Enq: 1.1 ms]
      [Free CSet: 0.8 ms]
   [Eden: 717.0M(717.0M)->0.0B(184.0M) Survivors: 8192.0K->20.0M Heap: 2746.5M(4096.0M)->2041.5M(4096.0M)]
 [Times: user=0.76 sys=0.00, real=0.20 secs] 
2016-01-06T01:04:01.276-0800: 19.939: [GC pause (young)
Desired survivor size 13631488 bytes, new threshold 1 (max 15)
- age   1:   18447256 bytes,   18447256 total
- age   2:      36864 bytes,   18484120 total
2016-01-06T01:04:01.463-0800: 20.126: [SoftReference, 0 refs, 0.0000400 secs]2016-01-06T01:04:01.463-0800: 20.126: [WeakReference, 0 refs, 0.0000060 secs]2016-01-06T01:04:01.463-0800: 20.126: [FinalReference, 0 refs, 0.0000050 secs]2016-01-06T01:04:01.463-0800: 20.126: [PhantomReference, 0 refs, 6214 refs, 0.0002290 secs]2016-01-06T01:04:01.464-0800: 20.127: [JNI Weak Reference, 0.0000070 secs], 0.1883070 secs]
   [Parallel Time: 2.8 ms, GC Workers: 4]
      [GC Worker Start (ms): Min: 19939.1, Avg: 19939.1, Max: 19939.2, Diff: 0.1]
      [Ext Root Scanning (ms): Min: 0.3, Avg: 0.4, Max: 0.4, Diff: 0.1, Sum: 1.4]
      [SATB Filtering (ms): Min: 0.0, Avg: 0.0, Max: 0.0, Diff: 0.0, Sum: 0.0]
      [Update RS (ms): Min: 0.0, Avg: 0.1, Max: 0.2, Diff: 0.2, Sum: 0.2]
         [Processed Buffers: Min: 0, Avg: 1.2, Max: 4, Diff: 4, Sum: 5]
      [Scan RS (ms): Min: 0.0, Avg: 0.1, Max: 0.1, Diff: 0.1, Sum: 0.4]
      [Code Root Scanning (ms): Min: 0.0, Avg: 0.0, Max: 0.0, Diff: 0.0, Sum: 0.0]
      [Object Copy (ms): Min: 2.1, Avg: 2.2, Max: 2.2, Diff: 0.1, Sum: 8.7]
      [Termination (ms): Min: 0.0, Avg: 0.0, Max: 0.0, Diff: 0.0, Sum: 0.0]
      [GC Worker Other (ms): Min: 0.0, Avg: 0.0, Max: 0.0, Diff: 0.0, Sum: 0.1]
      [GC Worker Total (ms): Min: 2.7, Avg: 2.7, Max: 2.7, Diff: 0.1, Sum: 10.8]
      [GC Worker End (ms): Min: 19941.8, Avg: 19941.8, Max: 19941.8, Diff: 0.0]
   [Code Root Fixup: 0.0 ms]
   [Code Root Migration: 0.0 ms]
   [Clear CT: 0.1 ms]
   [Other: 185.3 ms]
      [Choose CSet: 0.0 ms]
      [Ref Proc: 184.7 ms]
      [Ref Enq: 0.3 ms]
      [Free CSet: 0.3 ms]
   [Eden: 184.0M(184.0M)->0.0B(674.0M) Survivors: 20.0M->19.0M Heap: 2225.5M(4096.0M)->2040.0M(4096.0M)]
 [Times: user=0.69 sys=0.00, real=0.19 secs] 
2016-01-06T01:04:01.567-0800: 20.230: [GC pause (young)
Desired survivor size 45613056 bytes, new threshold 15 (max 15)
- age   1:   17257600 bytes,   17257600 total
2016-01-06T01:04:01.756-0800: 20.419: [SoftReference, 0 refs, 0.0000450 secs]2016-01-06T01:04:01.756-0800: 20.419: [WeakReference, 0 refs, 0.0000060 secs]2016-01-06T01:04:01.756-0800: 20.419: [FinalReference, 0 refs, 0.0000060 secs]2016-01-06T01:04:01.756-0800: 20.419: [PhantomReference, 0 refs, 21404 refs, 0.0007450 secs]2016-01-06T01:04:01.757-0800: 20.420: [JNI Weak Reference, 0.0000080 secs], 0.1927270 secs]
   [Parallel Time: 5.3 ms, GC Workers: 4]
      [GC Worker Start (ms): Min: 20229.6, Avg: 20229.6, Max: 20229.7, Diff: 0.1]
      [Ext Root Scanning (ms): Min: 0.3, Avg: 0.4, Max: 0.4, Diff: 0.1, Sum: 1.4]
      [SATB Filtering (ms): Min: 0.0, Avg: 0.0, Max: 0.0, Diff: 0.0, Sum: 0.0]
      [Update RS (ms): Min: 0.0, Avg: 0.1, Max: 0.3, Diff: 0.3, Sum: 0.4]
         [Processed Buffers: Min: 0, Avg: 1.2, Max: 3, Diff: 3, Sum: 5]
      [Scan RS (ms): Min: 0.2, Avg: 0.3, Max: 0.4, Diff: 0.2, Sum: 1.3]
      [Code Root Scanning (ms): Min: 0.0, Avg: 0.0, Max: 0.0, Diff: 0.0, Sum: 0.1]
      [Object Copy (ms): Min: 4.3, Avg: 4.3, Max: 4.3, Diff: 0.0, Sum: 17.2]
      [Termination (ms): Min: 0.0, Avg: 0.0, Max: 0.0, Diff: 0.0, Sum: 0.0]
      [GC Worker Other (ms): Min: 0.0, Avg: 0.0, Max: 0.1, Diff: 0.1, Sum: 0.2]
      [GC Worker Total (ms): Min: 5.1, Avg: 5.2, Max: 5.2, Diff: 0.1, Sum: 20.6]
      [GC Worker End (ms): Min: 20234.8, Avg: 20234.8, Max: 20234.8, Diff: 0.1]
   [Code Root Fixup: 0.0 ms]
   [Code Root Migration: 0.1 ms]
   [Clear CT: 0.2 ms]
   [Other: 187.1 ms]
      [Choose CSet: 0.0 ms]
      [Ref Proc: 185.3 ms]
      [Ref Enq: 1.0 ms]
      [Free CSet: 0.7 ms]
   [Eden: 674.0M(674.0M)->0.0B(1021.0M) Survivors: 19.0M->20.0M Heap: 2714.0M(4096.0M)->2041.5M(4096.0M)]
 [Times: user=0.74 sys=0.00, real=0.19 secs] 
2016-01-06T01:04:01.912-0800: 20.575: [GC pause (young)
Desired survivor size 68681728 bytes, new threshold 15 (max 15)
- age   1:   18351280 bytes,   18351280 total
- age   2:      36864 bytes,   18388144 total
2016-01-06T01:04:02.100-0800: 20.763: [SoftReference, 0 refs, 0.0000560 secs]2016-01-06T01:04:02.100-0800: 20.763: [WeakReference, 0 refs, 0.0000080 secs]2016-01-06T01:04:02.100-0800: 20.763: [FinalReference, 0 refs, 0.0000060 secs]2016-01-06T01:04:02.100-0800: 20.763: [PhantomReference, 0 refs, 32159 refs, 0.0011630 secs]2016-01-06T01:04:02.101-0800: 20.764: [JNI Weak Reference, 0.0000080 secs], 0.1923410 secs]
   [Parallel Time: 8.0 ms, GC Workers: 4]
      [GC Worker Start (ms): Min: 20574.9, Avg: 20575.2, Max: 20575.9, Diff: 1.0]
      [Ext Root Scanning (ms): Min: 0.0, Avg: 0.3, Max: 0.5, Diff: 0.5, Sum: 1.3]
      [SATB Filtering (ms): Min: 0.0, Avg: 0.0, Max: 0.0, Diff: 0.0, Sum: 0.0]
      [Update RS (ms): Min: 0.0, Avg: 0.0, Max: 0.1, Diff: 0.1, Sum: 0.2]
         [Processed Buffers: Min: 0, Avg: 1.0, Max: 3, Diff: 3, Sum: 4]
      [Scan RS (ms): Min: 0.2, Avg: 0.5, Max: 0.6, Diff: 0.4, Sum: 1.8]
      [Code Root Scanning (ms): Min: 0.0, Avg: 0.1, Max: 0.1, Diff: 0.1, Sum: 0.2]
      [Object Copy (ms): Min: 6.7, Avg: 6.7, Max: 6.7, Diff: 0.1, Sum: 26.8]
      [Termination (ms): Min: 0.0, Avg: 0.0, Max: 0.0, Diff: 0.0, Sum: 0.0]
      [GC Worker Other (ms): Min: 0.0, Avg: 0.0, Max: 0.1, Diff: 0.0, Sum: 0.2]
      [GC Worker Total (ms): Min: 6.9, Avg: 7.6, Max: 7.9, Diff: 1.0, Sum: 30.5]
      [GC Worker End (ms): Min: 20582.8, Avg: 20582.8, Max: 20582.8, Diff: 0.0]
   [Code Root Fixup: 0.0 ms]
   [Code Root Migration: 0.1 ms]
   [Clear CT: 0.3 ms]
   [Other: 183.9 ms]
      [Choose CSet: 0.0 ms]
      [Ref Proc: 181.2 ms]
      [Ref Enq: 1.5 ms]
      [Free CSet: 1.2 ms]
   [Eden: 1021.0M(1021.0M)->0.0B(1477.0M) Survivors: 20.0M->20.0M Heap: 3062.5M(4096.0M)->2041.5M(4096.0M)]
 [Times: user=0.67 sys=0.01, real=0.19 secs] 
2016-01-06T01:04:02.316-0800: 20.979: [GC pause (young)
Desired survivor size 98566144 bytes, new threshold 15 (max 15)
- age   1:   19125784 bytes,   19125784 total
- age   2:      36864 bytes,   19162648 total
2016-01-06T01:04:02.506-0800: 21.169: [SoftReference, 0 refs, 0.0000620 secs]2016-01-06T01:04:02.506-0800: 21.169: [WeakReference, 0 refs, 0.0000060 secs]2016-01-06T01:04:02.506-0800: 21.169: [FinalReference, 0 refs, 0.0000050 secs]2016-01-06T01:04:02.506-0800: 21.169: [PhantomReference, 0 refs, 46296 refs, 0.0016580 secs]2016-01-06T01:04:02.507-0800: 21.170: [JNI Weak Reference, 0.0000080 secs], 0.1957030 secs]
   [Parallel Time: 10.4 ms, GC Workers: 4]
      [GC Worker Start (ms): Min: 20979.0, Avg: 20979.1, Max: 20979.1, Diff: 0.1]
      [Ext Root Scanning (ms): Min: 0.3, Avg: 0.4, Max: 0.4, Diff: 0.0, Sum: 1.5]
      [SATB Filtering (ms): Min: 0.0, Avg: 0.0, Max: 0.0, Diff: 0.0, Sum: 0.0]
      [Update RS (ms): Min: 0.0, Avg: 0.1, Max: 0.2, Diff: 0.2, Sum: 0.3]
         [Processed Buffers: Min: 0, Avg: 1.2, Max: 2, Diff: 2, Sum: 5]
      [Scan RS (ms): Min: 0.6, Avg: 0.8, Max: 0.8, Diff: 0.2, Sum: 3.0]
      [Code Root Scanning (ms): Min: 0.1, Avg: 0.1, Max: 0.1, Diff: 0.0, Sum: 0.3]
      [Object Copy (ms): Min: 8.9, Avg: 8.9, Max: 8.9, Diff: 0.1, Sum: 35.7]
      [Termination (ms): Min: 0.0, Avg: 0.0, Max: 0.0, Diff: 0.0, Sum: 0.0]
      [GC Worker Other (ms): Min: 0.0, Avg: 0.1, Max: 0.1, Diff: 0.0, Sum: 0.2]
      [GC Worker Total (ms): Min: 10.2, Avg: 10.2, Max: 10.3, Diff: 0.1, Sum: 40.9]
      [GC Worker End (ms): Min: 20989.3, Avg: 20989.3, Max: 20989.3, Diff: 0.0]
   [Code Root Fixup: 0.0 ms]
   [Code Root Migration: 0.2 ms]
   [Clear CT: 0.3 ms]
   [Other: 184.8 ms]
      [Choose CSet: 0.0 ms]
      [Ref Proc: 181.0 ms]
      [Ref Enq: 2.1 ms]
      [Free CSet: 1.5 ms]
   [Eden: 1477.0M(1477.0M)->0.0B(1609.0M) Survivors: 20.0M->22.0M Heap: 3518.5M(4096.0M)->2043.0M(4096.0M)]
 [Times: user=0.70 sys=0.00, real=0.20 secs] 
2016-01-06T01:04:02.740-0800: 21.403: [GC pause (young)
Desired survivor size 106954752 bytes, new threshold 15 (max 15)
- age   1:   20143576 bytes,   20143576 total
- age   2:      36864 bytes,   20180440 total
2016-01-06T01:04:02.932-0800: 21.595: [SoftReference, 0 refs, 0.0000440 secs]2016-01-06T01:04:02.932-0800: 21.595: [WeakReference, 0 refs, 0.0000070 secs]2016-01-06T01:04:02.932-0800: 21.595: [FinalReference, 0 refs, 0.0000060 secs]2016-01-06T01:04:02.932-0800: 21.595: [PhantomReference, 0 refs, 50389 refs, 0.0017480 secs]2016-01-06T01:04:02.934-0800: 21.597: [JNI Weak Reference, 0.0000080 secs], 0.1986490 secs]
   [Parallel Time: 11.9 ms, GC Workers: 4]
      [GC Worker Start (ms): Min: 21403.2, Avg: 21403.4, Max: 21403.9, Diff: 0.7]
      [Ext Root Scanning (ms): Min: 0.0, Avg: 0.3, Max: 0.5, Diff: 0.5, Sum: 1.3]
      [SATB Filtering (ms): Min: 0.0, Avg: 0.0, Max: 0.0, Diff: 0.0, Sum: 0.0]
      [Update RS (ms): Min: 0.0, Avg: 0.0, Max: 0.1, Diff: 0.1, Sum: 0.2]
         [Processed Buffers: Min: 0, Avg: 1.0, Max: 3, Diff: 3, Sum: 4]
      [Scan RS (ms): Min: 0.6, Avg: 0.8, Max: 0.9, Diff: 0.2, Sum: 3.1]
      [Code Root Scanning (ms): Min: 0.1, Avg: 0.1, Max: 0.1, Diff: 0.0, Sum: 0.3]
      [Object Copy (ms): Min: 10.3, Avg: 10.3, Max: 10.4, Diff: 0.1, Sum: 41.3]
      [Termination (ms): Min: 0.0, Avg: 0.0, Max: 0.0, Diff: 0.0, Sum: 0.0]
      [GC Worker Other (ms): Min: 0.0, Avg: 0.1, Max: 0.1, Diff: 0.1, Sum: 0.3]
      [GC Worker Total (ms): Min: 11.1, Avg: 11.6, Max: 11.8, Diff: 0.8, Sum: 46.5]
      [GC Worker End (ms): Min: 21415.0, Avg: 21415.0, Max: 21415.1, Diff: 0.1]
   [Code Root Fixup: 0.0 ms]
   [Code Root Migration: 0.2 ms]
   [Clear CT: 0.5 ms]
   [Other: 186.0 ms]
      [Choose CSet: 0.0 ms]
      [Ref Proc: 182.0 ms]
      [Ref Enq: 2.3 ms]
      [Free CSet: 1.6 ms]
   [Eden: 1609.0M(1609.0M)->0.0B(1552.0M) Survivors: 22.0M->22.0M Heap: 3652.0M(4096.0M)->2043.5M(4096.0M)]
 [Times: user=0.77 sys=0.00, real=0.20 secs] 
2016-01-06T01:04:03.178-0800: 21.841: [GC pause (young)
Desired survivor size 103284736 bytes, new threshold 15 (max 15)
- age   1:   20438200 bytes,   20438200 total
- age   2:      36864 bytes,   20475064 total
2016-01-06T01:04:03.376-0800: 22.039: [SoftReference, 0 refs, 0.0000450 secs]2016-01-06T01:04:03.376-0800: 22.039: [WeakReference, 0 refs, 0.0000060 secs]2016-01-06T01:04:03.376-0800: 22.039: [FinalReference, 0 refs, 0.0000050 secs]2016-01-06T01:04:03.376-0800: 22.039: [PhantomReference, 0 refs, 48622 refs, 0.0020900 secs]2016-01-06T01:04:03.378-0800: 22.041: [JNI Weak Reference, 0.0000100 secs], 0.2080620 secs]
   [Parallel Time: 11.2 ms, GC Workers: 4]
      [GC Worker Start (ms): Min: 21841.3, Avg: 21841.3, Max: 21841.3, Diff: 0.1]
      [Ext Root Scanning (ms): Min: 0.3, Avg: 0.4, Max: 0.4, Diff: 0.1, Sum: 1.4]
      [SATB Filtering (ms): Min: 0.0, Avg: 0.0, Max: 0.0, Diff: 0.0, Sum: 0.0]
      [Update RS (ms): Min: 0.0, Avg: 0.1, Max: 0.2, Diff: 0.2, Sum: 0.3]
         [Processed Buffers: Min: 0, Avg: 1.0, Max: 3, Diff: 3, Sum: 4]
      [Scan RS (ms): Min: 0.8, Avg: 0.9, Max: 1.1, Diff: 0.4, Sum: 3.5]
      [Code Root Scanning (ms): Min: 0.0, Avg: 0.1, Max: 0.1, Diff: 0.1, Sum: 0.3]
      [Object Copy (ms): Min: 9.5, Avg: 9.7, Max: 9.8, Diff: 0.3, Sum: 38.7]
      [Termination (ms): Min: 0.0, Avg: 0.0, Max: 0.0, Diff: 0.0, Sum: 0.0]
      [GC Worker Other (ms): Min: 0.0, Avg: 0.1, Max: 0.1, Diff: 0.1, Sum: 0.3]
      [GC Worker Total (ms): Min: 11.1, Avg: 11.1, Max: 11.2, Diff: 0.1, Sum: 44.5]
      [GC Worker End (ms): Min: 21852.4, Avg: 21852.4, Max: 21852.4, Diff: 0.1]
   [Code Root Fixup: 0.0 ms]
   [Code Root Migration: 0.3 ms]
   [Clear CT: 3.2 ms]
   [Other: 193.4 ms]
      [Choose CSet: 0.0 ms]
      [Ref Proc: 188.2 ms]
      [Ref Enq: 3.3 ms]
      [Free CSet: 1.7 ms]
   [Eden: 1552.0M(1552.0M)->0.0B(331.0M) Survivors: 22.0M->22.0M Heap: 3595.5M(4096.0M)->2043.5M(4096.0M)]
 [Times: user=0.76 sys=0.01, real=0.21 secs] 
2016-01-06T01:04:03.440-0800: 22.103: [GC pause (young)
Desired survivor size 23592960 bytes, new threshold 15 (max 15)
- age   1:   20310976 bytes,   20310976 total
- age   2:      36864 bytes,   20347840 total
2016-01-06T01:04:03.625-0800: 22.288: [SoftReference, 0 refs, 0.0000370 secs]2016-01-06T01:04:03.625-0800: 22.288: [WeakReference, 0 refs, 0.0000060 secs]2016-01-06T01:04:03.625-0800: 22.288: [FinalReference, 0 refs, 0.0000050 secs]2016-01-06T01:04:03.625-0800: 22.288: [PhantomReference, 0 refs, 10770 refs, 0.0004080 secs]2016-01-06T01:04:03.626-0800: 22.289: [JNI Weak Reference, 0.0000090 secs], 0.1871390 secs]
   [Parallel Time: 3.6 ms, GC Workers: 4]
      [GC Worker Start (ms): Min: 22102.8, Avg: 22102.8, Max: 22102.9, Diff: 0.1]
      [Ext Root Scanning (ms): Min: 0.3, Avg: 0.4, Max: 0.4, Diff: 0.0, Sum: 1.5]
      [SATB Filtering (ms): Min: 0.0, Avg: 0.0, Max: 0.0, Diff: 0.0, Sum: 0.0]
      [Update RS (ms): Min: 0.0, Avg: 0.1, Max: 0.2, Diff: 0.2, Sum: 0.2]
         [Processed Buffers: Min: 0, Avg: 1.0, Max: 2, Diff: 2, Sum: 4]
      [Scan RS (ms): Min: 0.0, Avg: 0.2, Max: 0.2, Diff: 0.2, Sum: 0.7]
      [Code Root Scanning (ms): Min: 0.0, Avg: 0.0, Max: 0.0, Diff: 0.0, Sum: 0.1]
      [Object Copy (ms): Min: 2.8, Avg: 2.8, Max: 2.8, Diff: 0.0, Sum: 11.2]
      [Termination (ms): Min: 0.0, Avg: 0.0, Max: 0.0, Diff: 0.0, Sum: 0.0]
      [GC Worker Other (ms): Min: 0.0, Avg: 0.0, Max: 0.1, Diff: 0.0, Sum: 0.2]
      [GC Worker Total (ms): Min: 3.4, Avg: 3.4, Max: 3.5, Diff: 0.1, Sum: 13.8]
      [GC Worker End (ms): Min: 22106.2, Avg: 22106.3, Max: 22106.3, Diff: 0.0]
   [Code Root Fixup: 0.0 ms]
   [Code Root Migration: 0.0 ms]
   [Clear CT: 0.1 ms]
   [Other: 183.4 ms]
      [Choose CSet: 0.0 ms]
      [Ref Proc: 182.4 ms]
      [Ref Enq: 0.5 ms]
      [Free CSet: 0.4 ms]
   [Eden: 331.0M(331.0M)->0.0B(1254.0M) Survivors: 22.0M->19.0M Heap: 2374.5M(4096.0M)->2040.5M(4096.0M)]
 [Times: user=0.72 sys=0.00, real=0.19 secs] 
2016-01-06T01:04:03.821-0800: 22.484: [GC pause (young)
Desired survivor size 83886080 bytes, new threshold 15 (max 15)
- age   1:   17585704 bytes,   17585704 total
- age   2:      36864 bytes,   17622568 total
2016-01-06T01:04:04.059-0800: 22.721: [SoftReference, 0 refs, 0.0000430 secs]2016-01-06T01:04:04.059-0800: 22.721: [WeakReference, 0 refs, 0.0000070 secs]2016-01-06T01:04:04.059-0800: 22.721: [FinalReference, 0 refs, 0.0000210 secs]2016-01-06T01:04:04.059-0800: 22.722: [PhantomReference, 0 refs, 39383 refs, 0.0013580 secs]2016-01-06T01:04:04.060-0800: 22.723: [JNI Weak Reference, 0.0000070 secs], 0.2428800 secs]
   [Parallel Time: 9.5 ms, GC Workers: 4]
      [GC Worker Start (ms): Min: 22483.8, Avg: 22484.6, Max: 22486.9, Diff: 3.1]
      [Ext Root Scanning (ms): Min: 0.0, Avg: 0.3, Max: 0.5, Diff: 0.5, Sum: 1.3]
      [SATB Filtering (ms): Min: 0.0, Avg: 0.0, Max: 0.0, Diff: 0.0, Sum: 0.0]
      [Update RS (ms): Min: 0.0, Avg: 0.0, Max: 0.2, Diff: 0.2, Sum: 0.2]
         [Processed Buffers: Min: 0, Avg: 1.0, Max: 2, Diff: 2, Sum: 4]
      [Scan RS (ms): Min: 0.2, Avg: 0.6, Max: 0.7, Diff: 0.6, Sum: 2.2]
      [Code Root Scanning (ms): Min: 0.0, Avg: 0.1, Max: 0.1, Diff: 0.1, Sum: 0.2]
      [Object Copy (ms): Min: 6.0, Avg: 7.5, Max: 8.1, Diff: 2.0, Sum: 30.1]
      [Termination (ms): Min: 0.0, Avg: 0.0, Max: 0.0, Diff: 0.0, Sum: 0.0]
      [GC Worker Other (ms): Min: 0.0, Avg: 0.1, Max: 0.1, Diff: 0.1, Sum: 0.2]
      [GC Worker Total (ms): Min: 6.3, Avg: 8.6, Max: 9.3, Diff: 3.0, Sum: 34.3]
      [GC Worker End (ms): Min: 22493.1, Avg: 22493.1, Max: 22493.2, Diff: 0.1]
   [Code Root Fixup: 0.0 ms]
   [Code Root Migration: 0.2 ms]
   [Clear CT: 0.4 ms]
   [Other: 232.9 ms]
      [Choose CSet: 0.0 ms]
      [Ref Proc: 229.7 ms]
      [Ref Enq: 1.8 ms]
      [Free CSet: 1.3 ms]
   [Eden: 1254.0M(1254.0M)->0.0B(183.0M) Survivors: 19.0M->21.0M Heap: 3294.5M(4096.0M)->2042.0M(4096.0M)]
 [Times: user=0.86 sys=0.00, real=0.24 secs] 
2016-01-06T01:04:04.093-0800: 22.756: [GC pause (young)
Desired survivor size 13631488 bytes, new threshold 1 (max 15)
- age   1:   19645840 bytes,   19645840 total
- age   2:      36864 bytes,   19682704 total
2016-01-06T01:04:04.275-0800: 22.938: [SoftReference, 0 refs, 0.0000440 secs]2016-01-06T01:04:04.275-0800: 22.938: [WeakReference, 0 refs, 0.0000060 secs]2016-01-06T01:04:04.275-0800: 22.938: [FinalReference, 0 refs, 0.0000050 secs]2016-01-06T01:04:04.275-0800: 22.938: [PhantomReference, 0 refs, 6182 refs, 0.0002310 secs]2016-01-06T01:04:04.275-0800: 22.938: [JNI Weak Reference, 0.0000070 secs], 0.1826880 secs]
   [Parallel Time: 3.0 ms, GC Workers: 4]
      [GC Worker Start (ms): Min: 22756.0, Avg: 22756.1, Max: 22756.1, Diff: 0.1]
      [Ext Root Scanning (ms): Min: 0.3, Avg: 0.4, Max: 0.4, Diff: 0.1, Sum: 1.4]
      [SATB Filtering (ms): Min: 0.0, Avg: 0.0, Max: 0.0, Diff: 0.0, Sum: 0.0]
      [Update RS (ms): Min: 0.0, Avg: 0.1, Max: 0.2, Diff: 0.2, Sum: 0.2]
         [Processed Buffers: Min: 0, Avg: 1.0, Max: 3, Diff: 3, Sum: 4]
      [Scan RS (ms): Min: 0.0, Avg: 0.1, Max: 0.1, Diff: 0.1, Sum: 0.4]
      [Code Root Scanning (ms): Min: 0.0, Avg: 0.0, Max: 0.0, Diff: 0.0, Sum: 0.0]
      [Object Copy (ms): Min: 2.3, Avg: 2.3, Max: 2.3, Diff: 0.1, Sum: 9.2]
      [Termination (ms): Min: 0.0, Avg: 0.0, Max: 0.0, Diff: 0.0, Sum: 0.0]
      [GC Worker Other (ms): Min: 0.0, Avg: 0.0, Max: 0.1, Diff: 0.0, Sum: 0.1]
      [GC Worker Total (ms): Min: 2.8, Avg: 2.9, Max: 2.9, Diff: 0.1, Sum: 11.4]
      [GC Worker End (ms): Min: 22758.9, Avg: 22758.9, Max: 22758.9, Diff: 0.0]
   [Code Root Fixup: 0.0 ms]
   [Code Root Migration: 0.0 ms]
   [Clear CT: 0.1 ms]
   [Other: 179.5 ms]
      [Choose CSet: 0.0 ms]
      [Ref Proc: 178.9 ms]
      [Ref Enq: 0.3 ms]
      [Free CSet: 0.3 ms]
   [Eden: 183.0M(183.0M)->0.0B(186.0M) Survivors: 21.0M->18.0M Heap: 2225.0M(4096.0M)->2039.6M(4096.0M)]
 [Times: user=0.71 sys=0.01, real=0.18 secs] 
2016-01-06T01:04:04.305-0800: 22.968: [GC pause (young)
Desired survivor size 13631488 bytes, new threshold 1 (max 15)
- age   1:   17255368 bytes,   17255368 total
2016-01-06T01:04:04.510-0800: 23.173: [SoftReference, 0 refs, 0.0000480 secs]2016-01-06T01:04:04.511-0800: 23.173: [WeakReference, 0 refs, 0.0000100 secs]2016-01-06T01:04:04.511-0800: 23.173: [FinalReference, 0 refs, 0.0000060 secs]2016-01-06T01:04:04.511-0800: 23.173: [PhantomReference, 0 refs, 6275 refs, 0.0002300 secs]2016-01-06T01:04:04.511-0800: 23.174: [JNI Weak Reference, 0.0000070 secs], 0.2066360 secs]
   [Parallel Time: 3.3 ms, GC Workers: 4]
      [GC Worker Start (ms): Min: 22968.0, Avg: 22968.8, Max: 22971.1, Diff: 3.2]
      [Ext Root Scanning (ms): Min: 0.0, Avg: 0.3, Max: 0.5, Diff: 0.5, Sum: 1.3]
      [SATB Filtering (ms): Min: 0.0, Avg: 0.0, Max: 0.0, Diff: 0.0, Sum: 0.0]
      [Update RS (ms): Min: 0.0, Avg: 0.1, Max: 0.2, Diff: 0.2, Sum: 0.3]
         [Processed Buffers: Min: 0, Avg: 1.0, Max: 2, Diff: 2, Sum: 4]
      [Scan RS (ms): Min: 0.0, Avg: 0.1, Max: 0.1, Diff: 0.1, Sum: 0.4]
      [Code Root Scanning (ms): Min: 0.0, Avg: 0.0, Max: 0.0, Diff: 0.0, Sum: 0.0]
      [Object Copy (ms): Min: 0.0, Avg: 1.8, Max: 2.4, Diff: 2.4, Sum: 7.1]
      [Termination (ms): Min: 0.0, Avg: 0.2, Max: 0.2, Diff: 0.2, Sum: 0.7]
      [GC Worker Other (ms): Min: 0.0, Avg: 0.0, Max: 0.0, Diff: 0.0, Sum: 0.0]
      [GC Worker Total (ms): Min: 0.1, Avg: 2.4, Max: 3.2, Diff: 3.2, Sum: 9.7]
      [GC Worker End (ms): Min: 22971.2, Avg: 22971.2, Max: 22971.2, Diff: 0.0]
   [Code Root Fixup: 0.0 ms]
   [Code Root Migration: 0.0 ms]
   [Clear CT: 0.2 ms]
   [Other: 203.1 ms]
      [Choose CSet: 0.0 ms]
      [Ref Proc: 202.5 ms]
      [Ref Enq: 0.3 ms]
      [Free CSet: 0.3 ms]
   [Eden: 186.0M(186.0M)->0.0B(186.0M) Survivors: 18.0M->18.0M Heap: 2225.6M(4096.0M)->2039.6M(4096.0M)]
 [Times: user=0.78 sys=0.00, real=0.20 secs] 
2016-01-06T01:04:04.540-0800: 23.203: [GC pause (young)
Desired survivor size 13631488 bytes, new threshold 1 (max 15)
- age   1:   17262064 bytes,   17262064 total
2016-01-06T01:04:04.722-0800: 23.385: [SoftReference, 0 refs, 0.0000490 secs]2016-01-06T01:04:04.722-0800: 23.385: [WeakReference, 0 refs, 0.0000070 secs]2016-01-06T01:04:04.722-0800: 23.385: [FinalReference, 0 refs, 0.0000060 secs]2016-01-06T01:04:04.722-0800: 23.385: [PhantomReference, 0 refs, 6275 refs, 0.0002750 secs]2016-01-06T01:04:04.722-0800: 23.385: [JNI Weak Reference, 0.0000090 secs], 0.1825320 secs]
   [Parallel Time: 3.0 ms, GC Workers: 4]
      [GC Worker Start (ms): Min: 23203.5, Avg: 23203.5, Max: 23203.6, Diff: 0.1]
      [Ext Root Scanning (ms): Min: 0.3, Avg: 0.4, Max: 0.5, Diff: 0.2, Sum: 1.5]
      [SATB Filtering (ms): Min: 0.0, Avg: 0.0, Max: 0.0, Diff: 0.0, Sum: 0.0]
      [Update RS (ms): Min: 0.0, Avg: 0.1, Max: 0.2, Diff: 0.2, Sum: 0.4]
         [Processed Buffers: Min: 0, Avg: 1.0, Max: 2, Diff: 2, Sum: 4]
      [Scan RS (ms): Min: 0.0, Avg: 0.1, Max: 0.1, Diff: 0.1, Sum: 0.4]
      [Code Root Scanning (ms): Min: 0.0, Avg: 0.0, Max: 0.0, Diff: 0.0, Sum: 0.0]
      [Object Copy (ms): Min: 2.3, Avg: 2.3, Max: 2.3, Diff: 0.0, Sum: 9.2]
      [Termination (ms): Min: 0.0, Avg: 0.0, Max: 0.0, Diff: 0.0, Sum: 0.0]
      [GC Worker Other (ms): Min: 0.0, Avg: 0.0, Max: 0.0, Diff: 0.0, Sum: 0.1]
      [GC Worker Total (ms): Min: 2.8, Avg: 2.9, Max: 2.9, Diff: 0.1, Sum: 11.6]
      [GC Worker End (ms): Min: 23206.4, Avg: 23206.4, Max: 23206.4, Diff: 0.0]
   [Code Root Fixup: 0.0 ms]
   [Code Root Migration: 0.0 ms]
   [Clear CT: 0.2 ms]
   [Other: 179.3 ms]
      [Choose CSet: 0.0 ms]
      [Ref Proc: 178.7 ms]
      [Ref Enq: 0.3 ms]
      [Free CSet: 0.3 ms]
   [Eden: 186.0M(186.0M)->0.0B(185.0M) Survivors: 18.0M->19.0M Heap: 2225.6M(4096.0M)->2040.1M(4096.0M)]
 [Times: user=0.71 sys=0.00, real=0.18 secs] 
2016-01-06T01:04:04.752-0800: 23.415: [GC pause (young)
Desired survivor size 13631488 bytes, new threshold 1 (max 15)
- age   1:   17262064 bytes,   17262064 total
2016-01-06T01:04:04.938-0800: 23.601: [SoftReference, 0 refs, 0.0000440 secs]2016-01-06T01:04:04.938-0800: 23.601: [WeakReference, 0 refs, 0.0000060 secs]2016-01-06T01:04:04.938-0800: 23.601: [FinalReference, 0 refs, 0.0000060 secs]2016-01-06T01:04:04.938-0800: 23.601: [PhantomReference, 0 refs, 6245 refs, 0.0002360 secs]2016-01-06T01:04:04.938-0800: 23.601: [JNI Weak Reference, 0.0000080 secs], 0.1869870 secs]
   [Parallel Time: 6.3 ms, GC Workers: 4]
      [GC Worker Start (ms): Min: 23415.1, Avg: 23416.7, Max: 23421.3, Diff: 6.1]
      [Ext Root Scanning (ms): Min: 0.0, Avg: 0.4, Max: 0.5, Diff: 0.5, Sum: 1.4]
      [SATB Filtering (ms): Min: 0.0, Avg: 0.0, Max: 0.0, Diff: 0.0, Sum: 0.0]
      [Update RS (ms): Min: 0.0, Avg: 0.1, Max: 0.3, Diff: 0.3, Sum: 0.3]
         [Processed Buffers: Min: 0, Avg: 1.0, Max: 2, Diff: 2, Sum: 4]
      [Scan RS (ms): Min: 0.0, Avg: 0.1, Max: 0.2, Diff: 0.2, Sum: 0.4]
      [Code Root Scanning (ms): Min: 0.0, Avg: 0.0, Max: 0.0, Diff: 0.0, Sum: 0.0]
      [Object Copy (ms): Min: 0.0, Avg: 1.9, Max: 2.5, Diff: 2.5, Sum: 7.5]
      [Termination (ms): Min: 0.0, Avg: 2.2, Max: 3.0, Diff: 3.0, Sum: 8.9]
      [GC Worker Other (ms): Min: 0.0, Avg: 0.0, Max: 0.0, Diff: 0.0, Sum: 0.0]
      [GC Worker Total (ms): Min: 0.1, Avg: 4.7, Max: 6.2, Diff: 6.1, Sum: 18.7]
      [GC Worker End (ms): Min: 23421.3, Avg: 23421.3, Max: 23421.4, Diff: 0.0]
   [Code Root Fixup: 0.0 ms]
   [Code Root Migration: 0.0 ms]
   [Clear CT: 0.2 ms]
   [Other: 180.5 ms]
      [Choose CSet: 0.0 ms]
      [Ref Proc: 179.9 ms]
      [Ref Enq: 0.3 ms]
      [Free CSet: 0.3 ms]
   [Eden: 185.0M(185.0M)->0.0B(363.0M) Survivors: 19.0M->19.0M Heap: 2225.1M(4096.0M)->2040.2M(4096.0M)]
 [Times: user=0.73 sys=0.00, real=0.19 secs] 
2016-01-06T01:04:04.996-0800: 23.659: [GC pause (young)
Desired survivor size 25165824 bytes, new threshold 15 (max 15)
- age   1:   17259832 bytes,   17259832 total
2016-01-06T01:04:05.178-0800: 23.841: [SoftReference, 0 refs, 0.0000430 secs]2016-01-06T01:04:05.178-0800: 23.841: [WeakReference, 0 refs, 0.0000060 secs]2016-01-06T01:04:05.178-0800: 23.841: [FinalReference, 0 refs, 0.0000060 secs]2016-01-06T01:04:05.178-0800: 23.841: [PhantomReference, 0 refs, 11763 refs, 0.0004150 secs]2016-01-06T01:04:05.178-0800: 23.841: [JNI Weak Reference, 0.0000080 secs], 0.1835240 secs]
   [Parallel Time: 3.7 ms, GC Workers: 4]
      [GC Worker Start (ms): Min: 23658.9, Avg: 23658.9, Max: 23659.0, Diff: 0.1]
      [Ext Root Scanning (ms): Min: 0.3, Avg: 0.4, Max: 0.4, Diff: 0.1, Sum: 1.4]
      [SATB Filtering (ms): Min: 0.0, Avg: 0.0, Max: 0.0, Diff: 0.0, Sum: 0.0]
      [Update RS (ms): Min: 0.0, Avg: 0.1, Max: 0.2, Diff: 0.2, Sum: 0.3]
         [Processed Buffers: Min: 0, Avg: 1.0, Max: 2, Diff: 2, Sum: 4]
      [Scan RS (ms): Min: 0.1, Avg: 0.2, Max: 0.2, Diff: 0.1, Sum: 0.7]
      [Code Root Scanning (ms): Min: 0.0, Avg: 0.0, Max: 0.0, Diff: 0.0, Sum: 0.1]
      [Object Copy (ms): Min: 2.9, Avg: 2.9, Max: 2.9, Diff: 0.0, Sum: 11.5]
      [Termination (ms): Min: 0.0, Avg: 0.0, Max: 0.0, Diff: 0.0, Sum: 0.0]
      [GC Worker Other (ms): Min: 0.0, Avg: 0.0, Max: 0.1, Diff: 0.0, Sum: 0.1]
      [GC Worker Total (ms): Min: 3.5, Avg: 3.6, Max: 3.6, Diff: 0.1, Sum: 14.2]
      [GC Worker End (ms): Min: 23662.5, Avg: 23662.5, Max: 23662.5, Diff: 0.0]
   [Code Root Fixup: 0.0 ms]
   [Code Root Migration: 0.1 ms]
   [Clear CT: 0.2 ms]
   [Other: 179.6 ms]
      [Choose CSet: 0.0 ms]
      [Ref Proc: 178.5 ms]
      [Ref Enq: 0.5 ms]
      [Free CSet: 0.5 ms]
   [Eden: 363.0M(363.0M)->0.0B(1610.0M) Survivors: 19.0M->19.0M Heap: 2403.2M(4096.0M)->2040.7M(4096.0M)]
 [Times: user=0.71 sys=0.00, real=0.19 secs] 
2016-01-06T01:04:05.426-0800: 24.089: [GC pause (young)
Desired survivor size 106954752 bytes, new threshold 15 (max 15)
- age   1:   17657128 bytes,   17657128 total
- age   2:      36864 bytes,   17693992 total
2016-01-06T01:04:05.625-0800: 24.288: [SoftReference, 0 refs, 0.0000420 secs]2016-01-06T01:04:05.625-0800: 24.288: [WeakReference, 0 refs, 0.0000070 secs]2016-01-06T01:04:05.625-0800: 24.288: [FinalReference, 0 refs, 0.0000060 secs]2016-01-06T01:04:05.625-0800: 24.288: [PhantomReference, 0 refs, 50420 refs, 0.0018040 secs]2016-01-06T01:04:05.627-0800: 24.290: [JNI Weak Reference, 0.0000080 secs], 0.2047820 secs]
   [Parallel Time: 18.2 ms, GC Workers: 4]
      [GC Worker Start (ms): Min: 24089.4, Avg: 24092.0, Max: 24099.9, Diff: 10.5]
      [Ext Root Scanning (ms): Min: 0.0, Avg: 0.4, Max: 0.5, Diff: 0.5, Sum: 1.4]
      [SATB Filtering (ms): Min: 0.0, Avg: 0.0, Max: 0.0, Diff: 0.0, Sum: 0.0]
      [Update RS (ms): Min: 0.0, Avg: 0.1, Max: 0.2, Diff: 0.2, Sum: 0.2]
         [Processed Buffers: Min: 0, Avg: 1.0, Max: 3, Diff: 3, Sum: 4]
      [Scan RS (ms): Min: 0.4, Avg: 0.8, Max: 1.0, Diff: 0.7, Sum: 3.2]
      [Code Root Scanning (ms): Min: 0.0, Avg: 0.1, Max: 0.1, Diff: 0.1, Sum: 0.3]
      [Object Copy (ms): Min: 2.3, Avg: 10.5, Max: 16.4, Diff: 14.1, Sum: 41.9]
      [Termination (ms): Min: 0.0, Avg: 3.7, Max: 4.9, Diff: 4.9, Sum: 14.6]
      [GC Worker Other (ms): Min: 0.0, Avg: 0.0, Max: 0.0, Diff: 0.0, Sum: 0.1]
      [GC Worker Total (ms): Min: 7.6, Avg: 15.5, Max: 18.1, Diff: 10.5, Sum: 61.8]
      [GC Worker End (ms): Min: 24107.5, Avg: 24107.5, Max: 24107.5, Diff: 0.0]
   [Code Root Fixup: 0.0 ms]
   [Code Root Migration: 0.2 ms]
   [Clear CT: 0.4 ms]
   [Other: 186.0 ms]
      [Choose CSet: 0.0 ms]
      [Ref Proc: 182.0 ms]
      [Ref Enq: 2.3 ms]
      [Free CSet: 1.6 ms]
   [Eden: 1610.0M(1610.0M)->0.0B(1000.0M) Survivors: 19.0M->22.0M Heap: 3650.7M(4096.0M)->2043.7M(4096.0M)]
 [Times: user=0.71 sys=0.01, real=0.20 secs] 
2016-01-06T01:04:05.786-0800: 24.449: [GC pause (young)
Desired survivor size 67108864 bytes, new threshold 15 (max 15)
- age   1:   20440432 bytes,   20440432 total
- age   2:      36864 bytes,   20477296 total
2016-01-06T01:04:06.001-0800: 24.664: [SoftReference, 0 refs, 0.0000430 secs]2016-01-06T01:04:06.001-0800: 24.664: [WeakReference, 0 refs, 0.0000070 secs]2016-01-06T01:04:06.001-0800: 24.664: [FinalReference, 0 refs, 0.0000050 secs]2016-01-06T01:04:06.001-0800: 24.664: [PhantomReference, 0 refs, 31510 refs, 0.0010460 secs]2016-01-06T01:04:06.003-0800: 24.665: [JNI Weak Reference, 0.0000080 secs], 0.2194710 secs]
   [Parallel Time: 7.8 ms, GC Workers: 4]
      [GC Worker Start (ms): Min: 24449.0, Avg: 24449.1, Max: 24449.1, Diff: 0.1]
      [Ext Root Scanning (ms): Min: 0.3, Avg: 0.4, Max: 0.4, Diff: 0.1, Sum: 1.5]
      [SATB Filtering (ms): Min: 0.0, Avg: 0.0, Max: 0.0, Diff: 0.0, Sum: 0.0]
      [Update RS (ms): Min: 0.0, Avg: 0.1, Max: 0.2, Diff: 0.2, Sum: 0.2]
         [Processed Buffers: Min: 0, Avg: 1.0, Max: 2, Diff: 2, Sum: 4]
      [Scan RS (ms): Min: 0.4, Avg: 0.5, Max: 0.5, Diff: 0.2, Sum: 1.9]
      [Code Root Scanning (ms): Min: 0.0, Avg: 0.0, Max: 0.1, Diff: 0.0, Sum: 0.2]
      [Object Copy (ms): Min: 6.6, Avg: 6.6, Max: 6.7, Diff: 0.0, Sum: 26.6]
      [Termination (ms): Min: 0.0, Avg: 0.0, Max: 0.0, Diff: 0.0, Sum: 0.0]
      [GC Worker Other (ms): Min: 0.0, Avg: 0.1, Max: 0.1, Diff: 0.1, Sum: 0.2]
      [GC Worker Total (ms): Min: 7.6, Avg: 7.7, Max: 7.7, Diff: 0.0, Sum: 30.6]
      [GC Worker End (ms): Min: 24456.7, Avg: 24456.7, Max: 24456.7, Diff: 0.1]
   [Code Root Fixup: 0.0 ms]
   [Code Root Migration: 0.1 ms]
   [Clear CT: 0.3 ms]
   [Other: 211.3 ms]
      [Choose CSet: 0.0 ms]
      [Ref Proc: 208.7 ms]
      [Ref Enq: 1.4 ms]
      [Free CSet: 1.1 ms]
   [Eden: 1000.0M(1000.0M)->0.0B(184.0M) Survivors: 22.0M->20.0M Heap: 3043.7M(4096.0M)->2041.7M(4096.0M)]
 [Times: user=0.81 sys=0.00, real=0.22 secs] 
2016-01-06T01:04:06.034-0800: 24.697: [GC pause (young)
Desired survivor size 13631488 bytes, new threshold 1 (max 15)
- age   1:   19078912 bytes,   19078912 total
- age   2:      36864 bytes,   19115776 total
2016-01-06T01:04:06.224-0800: 24.887: [SoftReference, 0 refs, 0.0000480 secs]2016-01-06T01:04:06.224-0800: 24.887: [WeakReference, 0 refs, 0.0000060 secs]2016-01-06T01:04:06.224-0800: 24.887: [FinalReference, 0 refs, 0.0000060 secs]2016-01-06T01:04:06.224-0800: 24.887: [PhantomReference, 0 refs, 6214 refs, 0.0002340 secs]2016-01-06T01:04:06.224-0800: 24.887: [JNI Weak Reference, 0.0000070 secs], 0.1905980 secs]
   [Parallel Time: 7.7 ms, GC Workers: 4]
      [GC Worker Start (ms): Min: 24697.5, Avg: 24699.4, Max: 24705.0, Diff: 7.5]
      [Ext Root Scanning (ms): Min: 0.0, Avg: 0.4, Max: 0.5, Diff: 0.5, Sum: 1.4]
      [SATB Filtering (ms): Min: 0.0, Avg: 0.0, Max: 0.0, Diff: 0.0, Sum: 0.0]
      [Update RS (ms): Min: 0.0, Avg: 0.1, Max: 0.2, Diff: 0.2, Sum: 0.2]
         [Processed Buffers: Min: 0, Avg: 1.0, Max: 2, Diff: 2, Sum: 4]
      [Scan RS (ms): Min: 0.0, Avg: 0.1, Max: 0.2, Diff: 0.2, Sum: 0.4]
      [Code Root Scanning (ms): Min: 0.0, Avg: 0.0, Max: 0.0, Diff: 0.0, Sum: 0.0]
      [Object Copy (ms): Min: 0.0, Avg: 1.8, Max: 2.4, Diff: 2.4, Sum: 7.0]
      [Termination (ms): Min: 0.0, Avg: 3.4, Max: 4.5, Diff: 4.5, Sum: 13.5]
      [GC Worker Other (ms): Min: 0.0, Avg: 0.0, Max: 0.0, Diff: 0.0, Sum: 0.0]
      [GC Worker Total (ms): Min: 0.0, Avg: 5.7, Max: 7.6, Diff: 7.5, Sum: 22.7]
      [GC Worker End (ms): Min: 24705.0, Avg: 24705.0, Max: 24705.0, Diff: 0.0]
   [Code Root Fixup: 0.0 ms]
   [Code Root Migration: 0.0 ms]
   [Clear CT: 0.1 ms]
   [Other: 182.7 ms]
      [Choose CSet: 0.0 ms]
      [Ref Proc: 182.1 ms]
      [Ref Enq: 0.3 ms]
      [Free CSet: 0.3 ms]
   [Eden: 184.0M(184.0M)->0.0B(199.0M) Survivors: 20.0M->5120.0K Heap: 2225.7M(4096.0M)->2026.7M(4096.0M)]
 [Times: user=0.72 sys=0.00, real=0.20 secs] 
2016-01-06T01:04:06.253-0800: 24.916: [GC pause (young)
Desired survivor size 13631488 bytes, new threshold 15 (max 15)
- age   1:    4059136 bytes,    4059136 total
2016-01-06T01:04:06.446-0800: 25.109: [SoftReference, 0 refs, 0.0000420 secs]2016-01-06T01:04:06.446-0800: 25.109: [WeakReference, 0 refs, 0.0000060 secs]2016-01-06T01:04:06.446-0800: 25.109: [FinalReference, 0 refs, 0.0000050 secs]2016-01-06T01:04:06.446-0800: 25.109: [PhantomReference, 0 refs, 6679 refs, 0.0002490 secs]2016-01-06T01:04:06.446-0800: 25.109: [JNI Weak Reference, 0.0000070 secs], 0.1933440 secs]
   [Parallel Time: 3.7 ms, GC Workers: 4]
      [GC Worker Start (ms): Min: 24916.4, Avg: 24917.3, Max: 24919.9, Diff: 3.6]
      [Ext Root Scanning (ms): Min: 0.0, Avg: 0.3, Max: 0.4, Diff: 0.4, Sum: 1.3]
      [SATB Filtering (ms): Min: 0.0, Avg: 0.0, Max: 0.0, Diff: 0.0, Sum: 0.0]
      [Update RS (ms): Min: 0.0, Avg: 0.1, Max: 0.2, Diff: 0.2, Sum: 0.3]
         [Processed Buffers: Min: 0, Avg: 1.2, Max: 4, Diff: 4, Sum: 5]
      [Scan RS (ms): Min: 0.0, Avg: 0.1, Max: 0.2, Diff: 0.1, Sum: 0.4]
      [Code Root Scanning (ms): Min: 0.0, Avg: 0.0, Max: 0.0, Diff: 0.0, Sum: 0.0]
      [Object Copy (ms): Min: 0.0, Avg: 1.8, Max: 2.4, Diff: 2.4, Sum: 7.1]
      [Termination (ms): Min: 0.0, Avg: 0.4, Max: 0.6, Diff: 0.6, Sum: 1.8]
      [GC Worker Other (ms): Min: 0.0, Avg: 0.0, Max: 0.0, Diff: 0.0, Sum: 0.0]
      [GC Worker Total (ms): Min: 0.1, Avg: 2.7, Max: 3.6, Diff: 3.6, Sum: 10.9]
      [GC Worker End (ms): Min: 24920.0, Avg: 24920.0, Max: 24920.0, Diff: 0.0]
   [Code Root Fixup: 0.0 ms]
   [Code Root Migration: 0.0 ms]
   [Clear CT: 0.1 ms]
   [Other: 189.5 ms]
      [Choose CSet: 0.0 ms]
      [Ref Proc: 188.9 ms]
      [Ref Enq: 0.3 ms]
      [Free CSet: 0.3 ms]
   [Eden: 199.0M(199.0M)->0.0B(186.0M) Survivors: 5120.0K->18.0M Heap: 2225.7M(4096.0M)->2039.7M(4096.0M)]
 [Times: user=0.74 sys=0.00, real=0.20 secs] 
2016-01-06T01:04:06.477-0800: 25.140: [GC pause (young)
Desired survivor size 13631488 bytes, new threshold 1 (max 15)
- age   1:   17291080 bytes,   17291080 total
- age   2:      36864 bytes,   17327944 total
2016-01-06T01:04:06.672-0800: 25.335: [SoftReference, 0 refs, 0.0000480 secs]2016-01-06T01:04:06.672-0800: 25.335: [WeakReference, 0 refs, 0.0000070 secs]2016-01-06T01:04:06.672-0800: 25.335: [FinalReference, 0 refs, 0.0000050 secs]2016-01-06T01:04:06.672-0800: 25.335: [PhantomReference, 0 refs, 6276 refs, 0.0002290 secs]2016-01-06T01:04:06.673-0800: 25.336: [JNI Weak Reference, 0.0000070 secs], 0.1964240 secs]
   [Parallel Time: 6.3 ms, GC Workers: 4]
      [GC Worker Start (ms): Min: 25140.0, Avg: 25141.6, Max: 25146.1, Diff: 6.1]
      [Ext Root Scanning (ms): Min: 0.0, Avg: 0.4, Max: 0.5, Diff: 0.5, Sum: 1.5]
      [SATB Filtering (ms): Min: 0.0, Avg: 0.0, Max: 0.0, Diff: 0.0, Sum: 0.0]
      [Update RS (ms): Min: 0.0, Avg: 0.1, Max: 0.2, Diff: 0.2, Sum: 0.2]
         [Processed Buffers: Min: 0, Avg: 1.0, Max: 3, Diff: 3, Sum: 4]
      [Scan RS (ms): Min: 0.0, Avg: 0.1, Max: 0.2, Diff: 0.2, Sum: 0.4]
      [Code Root Scanning (ms): Min: 0.0, Avg: 0.0, Max: 0.0, Diff: 0.0, Sum: 0.0]
      [Object Copy (ms): Min: 0.0, Avg: 2.0, Max: 2.7, Diff: 2.7, Sum: 8.0]
      [Termination (ms): Min: 0.0, Avg: 2.1, Max: 2.8, Diff: 2.8, Sum: 8.3]
      [GC Worker Other (ms): Min: 0.0, Avg: 0.0, Max: 0.0, Diff: 0.0, Sum: 0.0]
      [GC Worker Total (ms): Min: 0.1, Avg: 4.6, Max: 6.2, Diff: 6.1, Sum: 18.5]
      [GC Worker End (ms): Min: 25146.2, Avg: 25146.2, Max: 25146.2, Diff: 0.0]
   [Code Root Fixup: 0.0 ms]
   [Code Root Migration: 0.0 ms]
   [Clear CT: 0.1 ms]
   [Other: 190.0 ms]
      [Choose CSet: 0.0 ms]
      [Ref Proc: 189.3 ms]
      [Ref Enq: 0.3 ms]
      [Free CSet: 0.3 ms]
   [Eden: 186.0M(186.0M)->0.0B(247.0M) Survivors: 18.0M->18.0M Heap: 2225.7M(4096.0M)->2039.8M(4096.0M)]
 [Times: user=0.75 sys=0.01, real=0.19 secs] 
2016-01-06T01:04:06.676-0800: 25.339: [GC concurrent-mark-end, 13.2986020 secs]
2016-01-06T01:04:06.677-0800: 25.339: [GC remark 2016-01-06T01:04:06.678-0800: 25.340: [GC ref-proc2016-01-06T01:04:06.678-0800: 25.340: [SoftReference, 0 refs, 0.0000190 secs]2016-01-06T01:04:06.678-0800: 25.341: [WeakReference, 3 refs, 0.0000140 secs]2016-01-06T01:04:06.678-0800: 25.341: [FinalReference, 4 refs, 0.0000130 secs]2016-01-06T01:04:06.678-0800: 25.341: [PhantomReference, 0 refs, 10071468 refs, 1.5355760 secs]2016-01-06T01:04:08.213-0800: 26.876: [JNI Weak Reference, 0.0000180 secs], 1.5357540 secs], 1.5447250 secs]
 [Times: user=1.15 sys=0.42, real=1.55 secs] 
2016-01-06T01:04:08.222-0800: 26.884: [GC cleanup 2060M->1996M(4096M), 0.0055750 secs]
 [Times: user=0.01 sys=0.00, real=0.01 secs] 
2016-01-06T01:04:08.227-0800: 26.890: [GC concurrent-cleanup-start]
2016-01-06T01:04:08.227-0800: 26.890: [GC concurrent-cleanup-end, 0.0001070 secs]
2016-01-06T01:04:08.273-0800: 26.936: [GC pause (young)
Desired survivor size 17825792 bytes, new threshold 15 (max 15)
- age   1:   17262064 bytes,   17262064 total
2016-01-06T01:04:08.277-0800: 26.939: [SoftReference, 0 refs, 0.0000550 secs]2016-01-06T01:04:08.277-0800: 26.940: [WeakReference, 0 refs, 0.0000070 secs]2016-01-06T01:04:08.277-0800: 26.940: [FinalReference, 0 refs, 0.0000050 secs]2016-01-06T01:04:08.277-0800: 26.940: [PhantomReference, 0 refs, 8167 refs, 0.0002800 secs]2016-01-06T01:04:08.277-0800: 26.940: [JNI Weak Reference, 0.0000080 secs], 0.0046750 secs]
   [Parallel Time: 3.4 ms, GC Workers: 4]
      [GC Worker Start (ms): Min: 26935.9, Avg: 26935.9, Max: 26936.0, Diff: 0.1]
      [Ext Root Scanning (ms): Min: 0.3, Avg: 0.4, Max: 0.4, Diff: 0.0, Sum: 1.4]
      [Update RS (ms): Min: 0.0, Avg: 0.1, Max: 0.2, Diff: 0.2, Sum: 0.6]
         [Processed Buffers: Min: 0, Avg: 1.0, Max: 2, Diff: 2, Sum: 4]
      [Scan RS (ms): Min: 0.0, Avg: 0.1, Max: 0.2, Diff: 0.2, Sum: 0.5]
      [Code Root Scanning (ms): Min: 0.0, Avg: 0.0, Max: 0.0, Diff: 0.0, Sum: 0.1]
      [Object Copy (ms): Min: 2.6, Avg: 2.6, Max: 2.6, Diff: 0.0, Sum: 10.4]
      [Termination (ms): Min: 0.0, Avg: 0.0, Max: 0.0, Diff: 0.0, Sum: 0.0]
      [GC Worker Other (ms): Min: 0.0, Avg: 0.0, Max: 0.1, Diff: 0.0, Sum: 0.2]
      [GC Worker Total (ms): Min: 3.3, Avg: 3.3, Max: 3.3, Diff: 0.0, Sum: 13.1]
      [GC Worker End (ms): Min: 26939.2, Avg: 26939.2, Max: 26939.2, Diff: 0.0]
   [Code Root Fixup: 0.0 ms]
   [Code Root Migration: 0.0 ms]
   [Clear CT: 0.1 ms]
   [Other: 1.1 ms]
      [Choose CSet: 0.0 ms]
      [Ref Proc: 0.5 ms]
      [Ref Enq: 0.1 ms]
      [Free CSet: 0.3 ms]
   [Eden: 247.0M(247.0M)->0.0B(1679.0M) Survivors: 18.0M->19.0M Heap: 2223.3M(4096.0M)->1977.3M(4096.0M)]
 [Times: user=0.01 sys=0.00, real=0.01 secs] 
2016-01-06T01:04:08.511-0800: 27.174: [GC pause (young)
Desired survivor size 111673344 bytes, new threshold 15 (max 15)
- age   1:   17398216 bytes,   17398216 total
- age   2:      36864 bytes,   17435080 total
2016-01-06T01:04:08.527-0800: 27.190: [SoftReference, 0 refs, 0.0000440 secs]2016-01-06T01:04:08.527-0800: 27.190: [WeakReference, 0 refs, 0.0000070 secs]2016-01-06T01:04:08.527-0800: 27.190: [FinalReference, 0 refs, 0.0000060 secs]2016-01-06T01:04:08.527-0800: 27.190: [PhantomReference, 0 refs, 52559 refs, 0.0016470 secs]2016-01-06T01:04:08.529-0800: 27.192: [JNI Weak Reference, 0.0000090 secs], 0.0214100 secs]
   [Parallel Time: 15.7 ms, GC Workers: 4]
      [GC Worker Start (ms): Min: 27174.2, Avg: 27174.3, Max: 27174.3, Diff: 0.1]
      [Ext Root Scanning (ms): Min: 0.3, Avg: 0.4, Max: 0.4, Diff: 0.1, Sum: 1.4]
      [Update RS (ms): Min: 0.0, Avg: 0.1, Max: 0.2, Diff: 0.2, Sum: 0.2]
         [Processed Buffers: Min: 0, Avg: 1.0, Max: 2, Diff: 2, Sum: 4]
      [Scan RS (ms): Min: 0.7, Avg: 0.8, Max: 0.9, Diff: 0.2, Sum: 3.2]
      [Code Root Scanning (ms): Min: 0.1, Avg: 0.1, Max: 0.1, Diff: 0.0, Sum: 0.3]
      [Object Copy (ms): Min: 10.8, Avg: 11.6, Max: 14.1, Diff: 3.3, Sum: 46.5]
      [Termination (ms): Min: 0.0, Avg: 2.5, Max: 3.3, Diff: 3.3, Sum: 9.8]
      [GC Worker Other (ms): Min: 0.0, Avg: 0.0, Max: 0.0, Diff: 0.0, Sum: 0.1]
      [GC Worker Total (ms): Min: 15.4, Avg: 15.4, Max: 15.4, Diff: 0.1, Sum: 61.6]
      [GC Worker End (ms): Min: 27189.7, Avg: 27189.7, Max: 27189.7, Diff: 0.0]
   [Code Root Fixup: 0.0 ms]
   [Code Root Migration: 0.2 ms]
   [Clear CT: 0.5 ms]
   [Other: 4.9 ms]
      [Choose CSet: 0.0 ms]
      [Ref Proc: 2.1 ms]
      [Ref Enq: 0.9 ms]
      [Free CSet: 1.8 ms]
   [Eden: 1679.0M(1679.0M)->0.0B(1695.0M) Survivors: 19.0M->7168.0K Heap: 3656.3M(4096.0M)->1965.3M(4096.0M)]
 [Times: user=0.06 sys=0.00, real=0.02 secs] 
2016-01-06T01:04:08.769-0800: 27.432: [GC pause (young) (initial-mark)
Desired survivor size 111673344 bytes, new threshold 15 (max 15)
- age   1:    6115528 bytes,    6115528 total
- age   2:      36864 bytes,    6152392 total
2016-01-06T01:04:08.782-0800: 27.445: [SoftReference, 0 refs, 0.0000460 secs]2016-01-06T01:04:08.782-0800: 27.445: [WeakReference, 0 refs, 0.0000060 secs]2016-01-06T01:04:08.782-0800: 27.445: [FinalReference, 0 refs, 0.0000060 secs]2016-01-06T01:04:08.782-0800: 27.445: [PhantomReference, 0 refs, 53055 refs, 0.0013290 secs]2016-01-06T01:04:08.783-0800: 27.446: [JNI Weak Reference, 0.0000070 secs], 0.0184070 secs]
   [Parallel Time: 12.6 ms, GC Workers: 4]
      [GC Worker Start (ms): Min: 27432.1, Avg: 27432.1, Max: 27432.2, Diff: 0.1]
      [Ext Root Scanning (ms): Min: 0.3, Avg: 0.4, Max: 0.4, Diff: 0.1, Sum: 1.5]
      [Code Root Marking (ms): Min: 0.2, Avg: 0.2, Max: 0.3, Diff: 0.0, Sum: 1.0]
      [Update RS (ms): Min: 0.0, Avg: 0.1, Max: 0.2, Diff: 0.2, Sum: 0.2]
         [Processed Buffers: Min: 0, Avg: 1.0, Max: 3, Diff: 3, Sum: 4]
      [Scan RS (ms): Min: 0.7, Avg: 0.8, Max: 0.8, Diff: 0.1, Sum: 3.0]
      [Code Root Scanning (ms): Min: 0.1, Avg: 0.1, Max: 0.1, Diff: 0.0, Sum: 0.3]
      [Object Copy (ms): Min: 10.9, Avg: 10.9, Max: 10.9, Diff: 0.1, Sum: 43.7]
      [Termination (ms): Min: 0.0, Avg: 0.0, Max: 0.0, Diff: 0.0, Sum: 0.0]
      [GC Worker Other (ms): Min: 0.0, Avg: 0.1, Max: 0.1, Diff: 0.1, Sum: 0.2]
      [GC Worker Total (ms): Min: 12.4, Avg: 12.5, Max: 12.5, Diff: 0.1, Sum: 49.9]
      [GC Worker End (ms): Min: 27444.6, Avg: 27444.6, Max: 27444.6, Diff: 0.1]
   [Code Root Fixup: 0.0 ms]
   [Code Root Migration: 0.2 ms]
   [Clear CT: 0.5 ms]
   [Other: 5.1 ms]
      [Choose CSet: 0.0 ms]
      [Ref Proc: 1.5 ms]
      [Ref Enq: 1.0 ms]
      [Free CSet: 1.8 ms]
   [Eden: 1695.0M(1695.0M)->0.0B(1680.0M) Survivors: 7168.0K->22.0M Heap: 3660.3M(4096.0M)->1979.8M(4096.0M)]
 [Times: user=0.05 sys=0.00, real=0.02 secs] 
2016-01-06T01:04:08.787-0800: 27.450: [GC concurrent-root-region-scan-start]
2016-01-06T01:04:08.795-0800: 27.458: [GC concurrent-root-region-scan-end, 0.0076380 secs]
2016-01-06T01:04:08.795-0800: 27.458: [GC concurrent-mark-start]
2016-01-06T01:04:09.323-0800: 27.986: [GC pause (young)
Desired survivor size 111673344 bytes, new threshold 15 (max 15)
- age   1:   20630152 bytes,   20630152 total
- age   2:      36864 bytes,   20667016 total
2016-01-06T01:04:09.350-0800: 28.013: [SoftReference, 0 refs, 0.0000450 secs]2016-01-06T01:04:09.350-0800: 28.013: [WeakReference, 0 refs, 0.0000060 secs]2016-01-06T01:04:09.350-0800: 28.013: [FinalReference, 0 refs, 0.0000050 secs]2016-01-06T01:04:09.350-0800: 28.013: [PhantomReference, 0 refs, 52589 refs, 0.0018290 secs]2016-01-06T01:04:09.352-0800: 28.014: [JNI Weak Reference, 0.0000080 secs], 0.0331930 secs]
   [Parallel Time: 22.4 ms, GC Workers: 4]
      [GC Worker Start (ms): Min: 27986.4, Avg: 27986.5, Max: 27986.5, Diff: 0.1]
      [Ext Root Scanning (ms): Min: 0.3, Avg: 0.4, Max: 0.4, Diff: 0.1, Sum: 1.4]
      [SATB Filtering (ms): Min: 0.0, Avg: 0.0, Max: 0.0, Diff: 0.0, Sum: 0.0]
      [Update RS (ms): Min: 10.6, Avg: 10.7, Max: 10.9, Diff: 0.3, Sum: 42.9]
         [Processed Buffers: Min: 15, Avg: 16.2, Max: 17, Diff: 2, Sum: 65]
      [Scan RS (ms): Min: 0.6, Avg: 0.8, Max: 0.9, Diff: 0.2, Sum: 3.1]
      [Code Root Scanning (ms): Min: 0.1, Avg: 0.1, Max: 0.1, Diff: 0.0, Sum: 0.4]
      [Object Copy (ms): Min: 10.3, Avg: 10.3, Max: 10.3, Diff: 0.1, Sum: 41.2]
      [Termination (ms): Min: 0.0, Avg: 0.0, Max: 0.0, Diff: 0.0, Sum: 0.0]
      [GC Worker Other (ms): Min: 0.0, Avg: 0.1, Max: 0.1, Diff: 0.1, Sum: 0.3]
      [GC Worker Total (ms): Min: 22.3, Avg: 22.3, Max: 22.4, Diff: 0.1, Sum: 89.3]
      [GC Worker End (ms): Min: 28008.8, Avg: 28008.8, Max: 28008.8, Diff: 0.1]
   [Code Root Fixup: 0.0 ms]
   [Code Root Migration: 0.2 ms]
   [Clear CT: 0.5 ms]
   [Other: 10.0 ms]
      [Choose CSet: 0.0 ms]
      [Ref Proc: 5.6 ms]
      [Ref Enq: 2.4 ms]
      [Free CSet: 1.9 ms]
   [Eden: 1680.0M(1680.0M)->0.0B(1680.0M) Survivors: 22.0M->22.0M Heap: 3659.8M(4096.0M)->1979.8M(4096.0M)]
 [Times: user=0.11 sys=0.00, real=0.03 secs] 
2016-01-06T01:04:09.617-0800: 28.280: [GC pause (young)
Desired survivor size 111673344 bytes, new threshold 15 (max 15)
- age   1:   20596672 bytes,   20596672 total
- age   2:      36864 bytes,   20633536 total
2016-01-06T01:04:09.649-0800: 28.312: [SoftReference, 0 refs, 0.0000410 secs]2016-01-06T01:04:09.649-0800: 28.312: [WeakReference, 0 refs, 0.0000070 secs]2016-01-06T01:04:09.649-0800: 28.312: [FinalReference, 0 refs, 0.0000050 secs]2016-01-06T01:04:09.649-0800: 28.312: [PhantomReference, 0 refs, 52590 refs, 0.0017490 secs]2016-01-06T01:04:09.651-0800: 28.314: [JNI Weak Reference, 0.0000080 secs], 0.0391630 secs]
   [Parallel Time: 23.5 ms, GC Workers: 4]
      [GC Worker Start (ms): Min: 28279.7, Avg: 28279.8, Max: 28280.0, Diff: 0.2]
      [Ext Root Scanning (ms): Min: 0.2, Avg: 0.4, Max: 0.4, Diff: 0.2, Sum: 1.5]
      [SATB Filtering (ms): Min: 0.0, Avg: 0.0, Max: 0.0, Diff: 0.0, Sum: 0.0]
      [Update RS (ms): Min: 11.1, Avg: 11.3, Max: 11.4, Diff: 0.2, Sum: 45.1]
         [Processed Buffers: Min: 15, Avg: 15.8, Max: 16, Diff: 1, Sum: 63]
      [Scan RS (ms): Min: 0.6, Avg: 0.8, Max: 0.9, Diff: 0.2, Sum: 3.0]
      [Code Root Scanning (ms): Min: 0.1, Avg: 0.1, Max: 0.1, Diff: 0.0, Sum: 0.3]
      [Object Copy (ms): Min: 10.7, Avg: 10.8, Max: 10.8, Diff: 0.1, Sum: 43.1]
      [Termination (ms): Min: 0.0, Avg: 0.0, Max: 0.0, Diff: 0.0, Sum: 0.0]
      [GC Worker Other (ms): Min: 0.0, Avg: 0.1, Max: 0.1, Diff: 0.1, Sum: 0.2]
      [GC Worker Total (ms): Min: 23.1, Avg: 23.3, Max: 23.4, Diff: 0.3, Sum: 93.2]
      [GC Worker End (ms): Min: 28303.1, Avg: 28303.1, Max: 28303.1, Diff: 0.1]
   [Code Root Fixup: 0.0 ms]
   [Code Root Migration: 0.2 ms]
   [Clear CT: 0.4 ms]
   [Other: 15.0 ms]
      [Choose CSet: 0.0 ms]
      [Ref Proc: 10.8 ms]
      [Ref Enq: 2.4 ms]
      [Free CSet: 1.7 ms]
   [Eden: 1680.0M(1680.0M)->0.0B(1680.0M) Survivors: 22.0M->22.0M Heap: 3659.8M(4096.0M)->1980.3M(4096.0M)]
 [Times: user=0.12 sys=0.01, real=0.04 secs] 
2016-01-06T01:04:09.904-0800: 28.567: [GC pause (young)
Desired survivor size 111673344 bytes, new threshold 15 (max 15)
- age   1:   20596672 bytes,   20596672 total
- age   2:      36864 bytes,   20633536 total
2016-01-06T01:04:09.954-0800: 28.617: [SoftReference, 0 refs, 0.0000440 secs]2016-01-06T01:04:09.954-0800: 28.617: [WeakReference, 0 refs, 0.0000060 secs]2016-01-06T01:04:09.954-0800: 28.617: [FinalReference, 0 refs, 0.0000050 secs]2016-01-06T01:04:09.954-0800: 28.617: [PhantomReference, 0 refs, 52591 refs, 0.0017740 secs]2016-01-06T01:04:09.956-0800: 28.619: [JNI Weak Reference, 0.0000080 secs], 0.0567910 secs]
   [Parallel Time: 25.4 ms, GC Workers: 4]
      [GC Worker Start (ms): Min: 28566.8, Avg: 28566.9, Max: 28566.9, Diff: 0.1]
      [Ext Root Scanning (ms): Min: 0.3, Avg: 0.4, Max: 0.4, Diff: 0.1, Sum: 1.4]
      [SATB Filtering (ms): Min: 0.0, Avg: 0.0, Max: 0.0, Diff: 0.0, Sum: 0.0]
      [Update RS (ms): Min: 13.0, Avg: 13.2, Max: 13.3, Diff: 0.3, Sum: 52.7]
         [Processed Buffers: Min: 18, Avg: 18.8, Max: 19, Diff: 1, Sum: 75]
      [Scan RS (ms): Min: 0.6, Avg: 0.8, Max: 0.9, Diff: 0.3, Sum: 3.0]
      [Code Root Scanning (ms): Min: 0.1, Avg: 0.1, Max: 0.1, Diff: 0.0, Sum: 0.3]
      [Object Copy (ms): Min: 10.8, Avg: 10.9, Max: 10.9, Diff: 0.1, Sum: 43.5]
      [Termination (ms): Min: 0.0, Avg: 0.0, Max: 0.0, Diff: 0.0, Sum: 0.0]
      [GC Worker Other (ms): Min: 0.0, Avg: 0.1, Max: 0.1, Diff: 0.0, Sum: 0.3]
      [GC Worker Total (ms): Min: 25.3, Avg: 25.3, Max: 25.3, Diff: 0.0, Sum: 101.2]
      [GC Worker End (ms): Min: 28592.1, Avg: 28592.2, Max: 28592.2, Diff: 0.0]
   [Code Root Fixup: 0.0 ms]
   [Code Root Migration: 0.2 ms]
   [Clear CT: 0.4 ms]
   [Other: 30.8 ms]
      [Choose CSet: 0.0 ms]
      [Ref Proc: 26.6 ms]
      [Ref Enq: 2.4 ms]
      [Free CSet: 1.7 ms]
   [Eden: 1680.0M(1680.0M)->0.0B(1681.0M) Survivors: 22.0M->22.0M Heap: 3660.3M(4096.0M)->1980.3M(4096.0M)]
 [Times: user=0.19 sys=0.00, real=0.06 secs] 
2016-01-06T01:04:10.211-0800: 28.874: [GC pause (young)
Desired survivor size 111673344 bytes, new threshold 15 (max 15)
- age   1:   20596672 bytes,   20596672 total
- age   2:      36864 bytes,   20633536 total
2016-01-06T01:04:10.282-0800: 28.945: [SoftReference, 0 refs, 0.0000440 secs]2016-01-06T01:04:10.282-0800: 28.945: [WeakReference, 0 refs, 0.0000060 secs]2016-01-06T01:04:10.282-0800: 28.945: [FinalReference, 0 refs, 0.0000060 secs]2016-01-06T01:04:10.282-0800: 28.945: [PhantomReference, 0 refs, 52621 refs, 0.0017810 secs]2016-01-06T01:04:10.284-0800: 28.947: [JNI Weak Reference, 0.0000080 secs], 0.0777480 secs]
   [Parallel Time: 26.6 ms, GC Workers: 4]
      [GC Worker Start (ms): Min: 28873.8, Avg: 28873.8, Max: 28873.9, Diff: 0.1]
      [Ext Root Scanning (ms): Min: 0.3, Avg: 0.4, Max: 0.4, Diff: 0.1, Sum: 1.4]
      [SATB Filtering (ms): Min: 0.0, Avg: 0.0, Max: 0.0, Diff: 0.0, Sum: 0.0]
      [Update RS (ms): Min: 14.3, Avg: 14.5, Max: 14.6, Diff: 0.2, Sum: 57.9]
         [Processed Buffers: Min: 21, Avg: 21.0, Max: 21, Diff: 0, Sum: 84]
      [Scan RS (ms): Min: 0.7, Avg: 0.7, Max: 0.8, Diff: 0.1, Sum: 2.9]
      [Code Root Scanning (ms): Min: 0.1, Avg: 0.1, Max: 0.1, Diff: 0.0, Sum: 0.4]
      [Object Copy (ms): Min: 10.7, Avg: 10.7, Max: 10.8, Diff: 0.1, Sum: 42.9]
      [Termination (ms): Min: 0.0, Avg: 0.0, Max: 0.0, Diff: 0.0, Sum: 0.0]
      [GC Worker Other (ms): Min: 0.0, Avg: 0.1, Max: 0.1, Diff: 0.0, Sum: 0.2]
      [GC Worker Total (ms): Min: 26.4, Avg: 26.4, Max: 26.5, Diff: 0.1, Sum: 105.7]
      [GC Worker End (ms): Min: 28900.2, Avg: 28900.3, Max: 28900.3, Diff: 0.0]
   [Code Root Fixup: 0.0 ms]
   [Code Root Migration: 0.2 ms]
   [Clear CT: 0.4 ms]
   [Other: 50.5 ms]
      [Choose CSet: 0.0 ms]
      [Ref Proc: 46.3 ms]
      [Ref Enq: 2.4 ms]
      [Free CSet: 1.7 ms]
   [Eden: 1681.0M(1681.0M)->0.0B(1681.0M) Survivors: 22.0M->22.0M Heap: 3661.3M(4096.0M)->1980.3M(4096.0M)]
 [Times: user=0.28 sys=0.00, real=0.08 secs] 
2016-01-06T01:04:10.530-0800: 29.193: [GC pause (young)
Desired survivor size 111673344 bytes, new threshold 15 (max 15)
- age   1:   20598904 bytes,   20598904 total
- age   2:      36864 bytes,   20635768 total
2016-01-06T01:04:10.629-0800: 29.292: [SoftReference, 0 refs, 0.0000450 secs]2016-01-06T01:04:10.629-0800: 29.292: [WeakReference, 0 refs, 0.0000070 secs]2016-01-06T01:04:10.629-0800: 29.292: [FinalReference, 0 refs, 0.0000060 secs]2016-01-06T01:04:10.629-0800: 29.292: [PhantomReference, 0 refs, 52621 refs, 0.0017390 secs]2016-01-06T01:04:10.631-0800: 29.294: [JNI Weak Reference, 0.0000070 secs], 0.1060500 secs]
   [Parallel Time: 37.8 ms, GC Workers: 4]
      [GC Worker Start (ms): Min: 29192.7, Avg: 29193.5, Max: 29196.0, Diff: 3.3]
      [Ext Root Scanning (ms): Min: 0.0, Avg: 0.3, Max: 0.5, Diff: 0.5, Sum: 1.3]
      [SATB Filtering (ms): Min: 0.0, Avg: 0.0, Max: 0.0, Diff: 0.0, Sum: 0.0]
      [Update RS (ms): Min: 16.3, Avg: 18.7, Max: 19.6, Diff: 3.3, Sum: 74.7]
         [Processed Buffers: Min: 24, Avg: 27.8, Max: 31, Diff: 7, Sum: 111]
      [Scan RS (ms): Min: 0.7, Avg: 0.8, Max: 0.9, Diff: 0.3, Sum: 3.0]
      [Code Root Scanning (ms): Min: 0.1, Avg: 0.1, Max: 0.1, Diff: 0.0, Sum: 0.3]
      [Object Copy (ms): Min: 10.8, Avg: 12.4, Max: 17.0, Diff: 6.2, Sum: 49.7]
      [Termination (ms): Min: 0.0, Avg: 4.6, Max: 6.2, Diff: 6.2, Sum: 18.5]
      [GC Worker Other (ms): Min: 0.0, Avg: 0.0, Max: 0.0, Diff: 0.0, Sum: 0.1]
      [GC Worker Total (ms): Min: 34.4, Avg: 36.9, Max: 37.7, Diff: 3.3, Sum: 147.6]
      [GC Worker End (ms): Min: 29230.4, Avg: 29230.4, Max: 29230.4, Diff: 0.0]
   [Code Root Fixup: 0.0 ms]
   [Code Root Migration: 0.2 ms]
   [Clear CT: 0.4 ms]
   [Other: 67.6 ms]
      [Choose CSet: 0.0 ms]
      [Ref Proc: 63.2 ms]
      [Ref Enq: 2.4 ms]
      [Free CSet: 1.8 ms]
   [Eden: 1681.0M(1681.0M)->0.0B(1681.0M) Survivors: 22.0M->22.0M Heap: 3661.3M(4096.0M)->1980.3M(4096.0M)]
 [Times: user=0.37 sys=0.00, real=0.10 secs] 
2016-01-06T01:04:10.889-0800: 29.552: [GC pause (young)
Desired survivor size 111673344 bytes, new threshold 15 (max 15)
- age   1:   20598904 bytes,   20598904 total
- age   2:      36864 bytes,   20635768 total
2016-01-06T01:04:10.994-0800: 29.656: [SoftReference, 0 refs, 0.0000480 secs]2016-01-06T01:04:10.994-0800: 29.657: [WeakReference, 0 refs, 0.0000070 secs]2016-01-06T01:04:10.994-0800: 29.657: [FinalReference, 0 refs, 0.0000060 secs]2016-01-06T01:04:10.994-0800: 29.657: [PhantomReference, 0 refs, 52621 refs, 0.0017610 secs]2016-01-06T01:04:10.995-0800: 29.658: [JNI Weak Reference, 0.0000070 secs], 0.1113650 secs]
   [Parallel Time: 28.5 ms, GC Workers: 4]
      [GC Worker Start (ms): Min: 29551.7, Avg: 29553.8, Max: 29559.6, Diff: 7.8]
      [Ext Root Scanning (ms): Min: 0.0, Avg: 0.3, Max: 0.5, Diff: 0.5, Sum: 1.4]
      [SATB Filtering (ms): Min: 0.0, Avg: 0.0, Max: 0.0, Diff: 0.0, Sum: 0.0]
      [Update RS (ms): Min: 9.5, Avg: 15.0, Max: 17.1, Diff: 7.6, Sum: 60.0]
         [Processed Buffers: Min: 14, Avg: 20.2, Max: 25, Diff: 11, Sum: 81]
      [Scan RS (ms): Min: 0.6, Avg: 0.8, Max: 0.9, Diff: 0.3, Sum: 3.1]
      [Code Root Scanning (ms): Min: 0.1, Avg: 0.1, Max: 0.1, Diff: 0.0, Sum: 0.3]
      [Object Copy (ms): Min: 10.2, Avg: 10.2, Max: 10.2, Diff: 0.1, Sum: 40.8]
      [Termination (ms): Min: 0.0, Avg: 0.0, Max: 0.0, Diff: 0.0, Sum: 0.0]
      [GC Worker Other (ms): Min: 0.0, Avg: 0.1, Max: 0.1, Diff: 0.0, Sum: 0.2]
      [GC Worker Total (ms): Min: 20.6, Avg: 26.4, Max: 28.4, Diff: 7.8, Sum: 105.8]
      [GC Worker End (ms): Min: 29580.2, Avg: 29580.2, Max: 29580.2, Diff: 0.0]
   [Code Root Fixup: 0.0 ms]
   [Code Root Migration: 0.2 ms]
   [Clear CT: 0.4 ms]
   [Other: 82.2 ms]
      [Choose CSet: 0.0 ms]
      [Ref Proc: 78.1 ms]
      [Ref Enq: 2.4 ms]
      [Free CSet: 1.7 ms]
   [Eden: 1681.0M(1681.0M)->0.0B(1681.0M) Survivors: 22.0M->22.0M Heap: 3661.3M(4096.0M)->1980.3M(4096.0M)]
 [Times: user=0.40 sys=0.00, real=0.11 secs] 
2016-01-06T01:04:11.252-0800: 29.915: [GC pause (young)
Desired survivor size 111673344 bytes, new threshold 15 (max 15)
- age   1:   20598904 bytes,   20598904 total
- age   2:      36864 bytes,   20635768 total
2016-01-06T01:04:11.386-0800: 30.049: [SoftReference, 0 refs, 0.0000470 secs]2016-01-06T01:04:11.386-0800: 30.049: [WeakReference, 0 refs, 0.0000070 secs]2016-01-06T01:04:11.386-0800: 30.049: [FinalReference, 0 refs, 0.0000060 secs]2016-01-06T01:04:11.386-0800: 30.049: [PhantomReference, 0 refs, 52620 refs, 0.0019000 secs]2016-01-06T01:04:11.388-0800: 30.051: [JNI Weak Reference, 0.0000110 secs], 0.1405370 secs]
   [Parallel Time: 39.3 ms, GC Workers: 4]
      [GC Worker Start (ms): Min: 29915.3, Avg: 29918.5, Max: 29927.9, Diff: 12.6]
      [Ext Root Scanning (ms): Min: 0.0, Avg: 0.3, Max: 0.5, Diff: 0.4, Sum: 1.3]
      [SATB Filtering (ms): Min: 0.0, Avg: 0.0, Max: 0.0, Diff: 0.0, Sum: 0.0]
      [Update RS (ms): Min: 15.4, Avg: 24.6, Max: 27.8, Diff: 12.4, Sum: 98.6]
         [Processed Buffers: Min: 22, Avg: 36.8, Max: 56, Diff: 34, Sum: 147]
      [Scan RS (ms): Min: 0.6, Avg: 0.8, Max: 0.9, Diff: 0.3, Sum: 3.1]
      [Code Root Scanning (ms): Min: 0.1, Avg: 0.1, Max: 0.1, Diff: 0.1, Sum: 0.3]
      [Object Copy (ms): Min: 10.2, Avg: 10.2, Max: 10.2, Diff: 0.1, Sum: 40.8]
      [Termination (ms): Min: 0.0, Avg: 0.0, Max: 0.0, Diff: 0.0, Sum: 0.0]
      [GC Worker Other (ms): Min: 0.0, Avg: 0.1, Max: 0.1, Diff: 0.1, Sum: 0.2]
      [GC Worker Total (ms): Min: 26.7, Avg: 36.1, Max: 39.2, Diff: 12.6, Sum: 144.3]
      [GC Worker End (ms): Min: 29954.5, Avg: 29954.5, Max: 29954.6, Diff: 0.1]
   [Code Root Fixup: 0.0 ms]
   [Code Root Migration: 0.3 ms]
   [Clear CT: 0.4 ms]
   [Other: 100.6 ms]
      [Choose CSet: 0.0 ms]
      [Ref Proc: 96.0 ms]
      [Ref Enq: 2.5 ms]
      [Free CSet: 2.0 ms]
   [Eden: 1681.0M(1681.0M)->0.0B(1681.0M) Survivors: 22.0M->22.0M Heap: 3661.3M(4096.0M)->1979.8M(4096.0M)]
 [Times: user=0.50 sys=0.00, real=0.14 secs] 
2016-01-06T01:04:11.643-0800: 30.306: [GC pause (young)
Desired survivor size 111673344 bytes, new threshold 15 (max 15)
- age   1:   20598904 bytes,   20598904 total
- age   2:      36864 bytes,   20635768 total
2016-01-06T01:04:11.780-0800: 30.443: [SoftReference, 0 refs, 0.0000590 secs]2016-01-06T01:04:11.780-0800: 30.443: [WeakReference, 0 refs, 0.0000070 secs]2016-01-06T01:04:11.780-0800: 30.443: [FinalReference, 0 refs, 0.0000050 secs]2016-01-06T01:04:11.780-0800: 30.443: [PhantomReference, 0 refs, 52621 refs, 0.0018900 secs]2016-01-06T01:04:11.782-0800: 30.445: [JNI Weak Reference, 0.0000070 secs], 0.1438360 secs]
   [Parallel Time: 27.6 ms, GC Workers: 4]
      [GC Worker Start (ms): Min: 30306.3, Avg: 30306.7, Max: 30307.9, Diff: 1.6]
      [Ext Root Scanning (ms): Min: 0.0, Avg: 0.3, Max: 0.5, Diff: 0.5, Sum: 1.3]
      [SATB Filtering (ms): Min: 0.0, Avg: 0.0, Max: 0.0, Diff: 0.0, Sum: 0.0]
      [Update RS (ms): Min: 14.7, Avg: 15.5, Max: 15.8, Diff: 1.0, Sum: 62.0]
         [Processed Buffers: Min: 22, Avg: 22.2, Max: 23, Diff: 1, Sum: 89]
      [Scan RS (ms): Min: 0.7, Avg: 0.7, Max: 0.8, Diff: 0.1, Sum: 3.0]
      [Code Root Scanning (ms): Min: 0.1, Avg: 0.1, Max: 0.1, Diff: 0.0, Sum: 0.4]
      [Object Copy (ms): Min: 10.3, Avg: 10.3, Max: 10.4, Diff: 0.1, Sum: 41.3]
      [Termination (ms): Min: 0.0, Avg: 0.0, Max: 0.0, Diff: 0.0, Sum: 0.0]
      [GC Worker Other (ms): Min: 0.0, Avg: 0.1, Max: 0.1, Diff: 0.1, Sum: 0.3]
      [GC Worker Total (ms): Min: 25.8, Avg: 27.1, Max: 27.5, Diff: 1.7, Sum: 108.2]
      [GC Worker End (ms): Min: 30333.7, Avg: 30333.8, Max: 30333.8, Diff: 0.1]
   [Code Root Fixup: 0.0 ms]
   [Code Root Migration: 0.2 ms]
   [Clear CT: 0.4 ms]
   [Other: 115.6 ms]
      [Choose CSet: 0.0 ms]
      [Ref Proc: 111.2 ms]
      [Ref Enq: 2.4 ms]
      [Free CSet: 1.9 ms]
   [Eden: 1681.0M(1681.0M)->0.0B(1682.0M) Survivors: 22.0M->22.0M Heap: 3660.8M(4096.0M)->1980.3M(4096.0M)]
 [Times: user=0.54 sys=0.00, real=0.15 secs] 
2016-01-06T01:04:12.054-0800: 30.717: [GC pause (young)
Desired survivor size 111673344 bytes, new threshold 15 (max 15)
- age   1:   20598904 bytes,   20598904 total
- age   2:      36864 bytes,   20635768 total
2016-01-06T01:04:12.218-0800: 30.881: [SoftReference, 0 refs, 0.0000500 secs]2016-01-06T01:04:12.218-0800: 30.881: [WeakReference, 0 refs, 0.0000080 secs]2016-01-06T01:04:12.218-0800: 30.881: [FinalReference, 0 refs, 0.0000060 secs]2016-01-06T01:04:12.218-0800: 30.881: [PhantomReference, 0 refs, 52652 refs, 0.0017950 secs]2016-01-06T01:04:12.220-0800: 30.883: [JNI Weak Reference, 0.0000090 secs], 0.1708080 secs]
   [Parallel Time: 41.9 ms, GC Workers: 4]
      [GC Worker Start (ms): Min: 30717.0, Avg: 30719.7, Max: 30727.9, Diff: 10.9]
      [Ext Root Scanning (ms): Min: 0.0, Avg: 0.4, Max: 0.5, Diff: 0.5, Sum: 1.4]
      [SATB Filtering (ms): Min: 0.0, Avg: 0.0, Max: 0.0, Diff: 0.0, Sum: 0.0]
      [Update RS (ms): Min: 18.4, Avg: 26.5, Max: 31.0, Diff: 12.6, Sum: 106.0]
         [Processed Buffers: Min: 13, Avg: 28.5, Max: 40, Diff: 27, Sum: 114]
      [Scan RS (ms): Min: 0.2, Avg: 0.7, Max: 1.1, Diff: 0.9, Sum: 3.0]
      [Code Root Scanning (ms): Min: 0.0, Avg: 0.1, Max: 0.1, Diff: 0.1, Sum: 0.3]
      [Object Copy (ms): Min: 10.1, Avg: 11.4, Max: 11.9, Diff: 1.8, Sum: 45.5]
      [Termination (ms): Min: 0.0, Avg: 0.0, Max: 0.0, Diff: 0.0, Sum: 0.0]
      [GC Worker Other (ms): Min: 0.0, Avg: 0.1, Max: 0.1, Diff: 0.1, Sum: 0.2]
      [GC Worker Total (ms): Min: 31.0, Avg: 39.1, Max: 41.9, Diff: 10.9, Sum: 156.5]
      [GC Worker End (ms): Min: 30758.8, Avg: 30758.9, Max: 30758.9, Diff: 0.1]
   [Code Root Fixup: 0.0 ms]
   [Code Root Migration: 0.2 ms]
   [Clear CT: 0.4 ms]
   [Other: 128.3 ms]
      [Choose CSet: 0.0 ms]
      [Ref Proc: 124.0 ms]
      [Ref Enq: 2.4 ms]
      [Free CSet: 1.7 ms]
   [Eden: 1682.0M(1682.0M)->0.0B(1681.0M) Survivors: 22.0M->22.0M Heap: 3662.3M(4096.0M)->1980.3M(4096.0M)]
 [Times: user=0.55 sys=0.00, real=0.17 secs] 
2016-01-06T01:04:12.471-0800: 31.134: [GC pause (young)
Desired survivor size 111673344 bytes, new threshold 15 (max 15)
- age   1:   20601136 bytes,   20601136 total
- age   2:      36864 bytes,   20638000 total
2016-01-06T01:04:12.647-0800: 31.310: [SoftReference, 0 refs, 0.0000430 secs]2016-01-06T01:04:12.647-0800: 31.310: [WeakReference, 0 refs, 0.0000070 secs]2016-01-06T01:04:12.647-0800: 31.310: [FinalReference, 0 refs, 0.0000060 secs]2016-01-06T01:04:12.647-0800: 31.310: [PhantomReference, 0 refs, 52621 refs, 0.0017480 secs]2016-01-06T01:04:12.649-0800: 31.312: [JNI Weak Reference, 0.0000080 secs], 0.1821410 secs]
   [Parallel Time: 31.3 ms, GC Workers: 4]
      [GC Worker Start (ms): Min: 31134.4, Avg: 31134.8, Max: 31135.9, Diff: 1.5]
      [Ext Root Scanning (ms): Min: 0.0, Avg: 0.3, Max: 0.5, Diff: 0.5, Sum: 1.3]
      [SATB Filtering (ms): Min: 0.0, Avg: 0.0, Max: 0.0, Diff: 0.0, Sum: 0.0]
      [Update RS (ms): Min: 18.9, Avg: 19.4, Max: 20.0, Diff: 1.1, Sum: 77.7]
         [Processed Buffers: Min: 27, Avg: 27.8, Max: 29, Diff: 2, Sum: 111]
      [Scan RS (ms): Min: 0.5, Avg: 0.7, Max: 0.9, Diff: 0.4, Sum: 3.0]
      [Code Root Scanning (ms): Min: 0.1, Avg: 0.1, Max: 0.1, Diff: 0.0, Sum: 0.3]
      [Object Copy (ms): Min: 10.2, Avg: 10.2, Max: 10.3, Diff: 0.1, Sum: 40.9]
      [Termination (ms): Min: 0.0, Avg: 0.0, Max: 0.0, Diff: 0.0, Sum: 0.0]
      [GC Worker Other (ms): Min: 0.0, Avg: 0.1, Max: 0.1, Diff: 0.0, Sum: 0.2]
      [GC Worker Total (ms): Min: 29.8, Avg: 30.8, Max: 31.2, Diff: 1.5, Sum: 123.4]
      [GC Worker End (ms): Min: 31165.6, Avg: 31165.7, Max: 31165.7, Diff: 0.0]
   [Code Root Fixup: 0.0 ms]
   [Code Root Migration: 0.2 ms]
   [Clear CT: 0.4 ms]
   [Other: 150.2 ms]
      [Choose CSet: 0.0 ms]
      [Ref Proc: 146.0 ms]
      [Ref Enq: 2.4 ms]
      [Free CSet: 1.7 ms]
   [Eden: 1681.0M(1681.0M)->0.0B(1692.0M) Survivors: 22.0M->13.0M Heap: 3661.3M(4096.0M)->1970.8M(4096.0M)]
 [Times: user=0.67 sys=0.00, real=0.18 secs] 
2016-01-06T01:04:12.892-0800: 31.555: [GC pause (young)
Desired survivor size 112197632 bytes, new threshold 15 (max 15)
- age   1:   11143288 bytes,   11143288 total
- age   2:      36864 bytes,   11180152 total
2016-01-06T01:04:13.081-0800: 31.744: [SoftReference, 0 refs, 0.0000510 secs]2016-01-06T01:04:13.081-0800: 31.744: [WeakReference, 0 refs, 0.0000070 secs]2016-01-06T01:04:13.081-0800: 31.744: [FinalReference, 0 refs, 0.0000050 secs]2016-01-06T01:04:13.081-0800: 31.744: [PhantomReference, 0 refs, 52962 refs, 0.0017420 secs]2016-01-06T01:04:13.083-0800: 31.746: [JNI Weak Reference, 0.0000070 secs], 0.1955750 secs]
   [Parallel Time: 41.3 ms, GC Workers: 4]
      [GC Worker Start (ms): Min: 31554.8, Avg: 31555.1, Max: 31555.9, Diff: 1.1]
      [Ext Root Scanning (ms): Min: 0.0, Avg: 0.3, Max: 0.5, Diff: 0.5, Sum: 1.3]
      [SATB Filtering (ms): Min: 0.0, Avg: 0.0, Max: 0.0, Diff: 0.0, Sum: 0.0]
      [Update RS (ms): Min: 18.0, Avg: 19.1, Max: 20.9, Diff: 2.9, Sum: 76.4]
         [Processed Buffers: Min: 8, Avg: 21.2, Max: 27, Diff: 19, Sum: 85]
      [Scan RS (ms): Min: 0.2, Avg: 0.8, Max: 1.1, Diff: 0.9, Sum: 3.0]
      [Code Root Scanning (ms): Min: 0.0, Avg: 0.1, Max: 0.1, Diff: 0.1, Sum: 0.3]
      [Object Copy (ms): Min: 12.2, Avg: 14.1, Max: 19.7, Diff: 7.5, Sum: 56.3]
      [Termination (ms): Min: 0.0, Avg: 6.6, Max: 8.8, Diff: 8.8, Sum: 26.3]
      [GC Worker Other (ms): Min: 0.0, Avg: 0.0, Max: 0.0, Diff: 0.0, Sum: 0.1]
      [GC Worker Total (ms): Min: 40.2, Avg: 40.9, Max: 41.2, Diff: 1.1, Sum: 163.8]
      [GC Worker End (ms): Min: 31596.1, Avg: 31596.1, Max: 31596.1, Diff: 0.0]
   [Code Root Fixup: 0.0 ms]
   [Code Root Migration: 0.2 ms]
   [Clear CT: 0.4 ms]
   [Other: 153.7 ms]
      [Choose CSet: 0.0 ms]
      [Ref Proc: 149.5 ms]
      [Ref Enq: 2.4 ms]
      [Free CSet: 1.7 ms]
   [Eden: 1692.0M(1692.0M)->0.0B(1682.0M) Survivors: 13.0M->22.0M Heap: 3662.8M(4096.0M)->1979.8M(4096.0M)]
 [Times: user=0.69 sys=0.00, real=0.20 secs] 
2016-01-06T01:04:13.326-0800: 31.989: [GC pause (young)
Desired survivor size 111673344 bytes, new threshold 15 (max 15)
- age   1:   20623456 bytes,   20623456 total
- age   2:      36864 bytes,   20660320 total
2016-01-06T01:04:13.507-0800: 32.170: [SoftReference, 0 refs, 0.0000520 secs]2016-01-06T01:04:13.507-0800: 32.170: [WeakReference, 0 refs, 0.0000070 secs]2016-01-06T01:04:13.507-0800: 32.170: [FinalReference, 0 refs, 0.0000060 secs]2016-01-06T01:04:13.507-0800: 32.170: [PhantomReference, 0 refs, 52649 refs, 0.0018550 secs]2016-01-06T01:04:13.509-0800: 32.171: [JNI Weak Reference, 0.0000070 secs], 0.1878260 secs]
   [Parallel Time: 20.5 ms, GC Workers: 4]
      [GC Worker Start (ms): Min: 31988.6, Avg: 31989.4, Max: 31991.9, Diff: 3.3]
      [Ext Root Scanning (ms): Min: 0.0, Avg: 0.3, Max: 0.5, Diff: 0.5, Sum: 1.3]
      [SATB Filtering (ms): Min: 0.0, Avg: 0.0, Max: 0.0, Diff: 0.0, Sum: 0.0]
      [Update RS (ms): Min: 5.7, Avg: 7.6, Max: 8.6, Diff: 3.0, Sum: 30.6]
         [Processed Buffers: Min: 8, Avg: 12.0, Max: 16, Diff: 8, Sum: 48]
      [Scan RS (ms): Min: 0.6, Avg: 0.8, Max: 1.0, Diff: 0.4, Sum: 3.1]
      [Code Root Scanning (ms): Min: 0.1, Avg: 0.1, Max: 0.1, Diff: 0.1, Sum: 0.3]
      [Object Copy (ms): Min: 10.6, Avg: 10.7, Max: 10.7, Diff: 0.1, Sum: 42.7]
      [Termination (ms): Min: 0.0, Avg: 0.0, Max: 0.0, Diff: 0.0, Sum: 0.0]
      [GC Worker Other (ms): Min: 0.0, Avg: 0.1, Max: 0.1, Diff: 0.1, Sum: 0.3]
      [GC Worker Total (ms): Min: 17.0, Avg: 19.6, Max: 20.4, Diff: 3.4, Sum: 78.2]
      [GC Worker End (ms): Min: 32009.0, Avg: 32009.0, Max: 32009.0, Diff: 0.1]
   [Code Root Fixup: 0.0 ms]
   [Code Root Migration: 0.2 ms]
   [Clear CT: 0.4 ms]
   [Other: 166.7 ms]
      [Choose CSet: 0.0 ms]
      [Ref Proc: 162.4 ms]
      [Ref Enq: 2.4 ms]
      [Free CSet: 1.8 ms]
   [Eden: 1682.0M(1682.0M)->0.0B(1682.0M) Survivors: 22.0M->22.0M Heap: 3661.8M(4096.0M)->1980.3M(4096.0M)]
 [Times: user=0.71 sys=0.00, real=0.18 secs] 
2016-01-06T01:04:13.757-0800: 32.420: [GC pause (young)
Desired survivor size 111673344 bytes, new threshold 15 (max 15)
- age   1:   20601136 bytes,   20601136 total
- age   2:      36864 bytes,   20638000 total
2016-01-06T01:04:13.929-0800: 32.592: [SoftReference, 0 refs, 0.0000500 secs]2016-01-06T01:04:13.929-0800: 32.592: [WeakReference, 0 refs, 0.0000070 secs]2016-01-06T01:04:13.929-0800: 32.592: [FinalReference, 0 refs, 0.0000050 secs]2016-01-06T01:04:13.929-0800: 32.592: [PhantomReference, 0 refs, 52649 refs, 0.0018500 secs]2016-01-06T01:04:13.931-0800: 32.593: [JNI Weak Reference, 0.0000070 secs], 0.1780350 secs]
   [Parallel Time: 12.4 ms, GC Workers: 4]
      [GC Worker Start (ms): Min: 32420.4, Avg: 32420.4, Max: 32420.5, Diff: 0.1]
      [Ext Root Scanning (ms): Min: 0.3, Avg: 0.4, Max: 0.4, Diff: 0.1, Sum: 1.4]
      [SATB Filtering (ms): Min: 0.0, Avg: 0.0, Max: 0.0, Diff: 0.0, Sum: 0.0]
      [Update RS (ms): Min: 0.0, Avg: 0.1, Max: 0.2, Diff: 0.2, Sum: 0.2]
         [Processed Buffers: Min: 0, Avg: 1.2, Max: 4, Diff: 4, Sum: 5]
      [Scan RS (ms): Min: 0.7, Avg: 0.8, Max: 0.9, Diff: 0.1, Sum: 3.2]
      [Code Root Scanning (ms): Min: 0.1, Avg: 0.1, Max: 0.1, Diff: 0.0, Sum: 0.3]
      [Object Copy (ms): Min: 10.8, Avg: 10.9, Max: 10.9, Diff: 0.1, Sum: 43.4]
      [Termination (ms): Min: 0.0, Avg: 0.0, Max: 0.0, Diff: 0.0, Sum: 0.0]
      [GC Worker Other (ms): Min: 0.0, Avg: 0.1, Max: 0.1, Diff: 0.1, Sum: 0.3]
      [GC Worker Total (ms): Min: 12.2, Avg: 12.2, Max: 12.2, Diff: 0.0, Sum: 49.0]
      [GC Worker End (ms): Min: 32432.6, Avg: 32432.7, Max: 32432.7, Diff: 0.1]
   [Code Root Fixup: 0.0 ms]
   [Code Root Migration: 0.2 ms]
   [Clear CT: 0.5 ms]
   [Other: 165.0 ms]
      [Choose CSet: 0.0 ms]
      [Ref Proc: 160.7 ms]
      [Ref Enq: 2.4 ms]
      [Free CSet: 1.7 ms]
   [Eden: 1682.0M(1682.0M)->0.0B(1682.0M) Survivors: 22.0M->22.0M Heap: 3662.3M(4096.0M)->1980.3M(4096.0M)]
 [Times: user=0.68 sys=0.00, real=0.17 secs] 
2016-01-06T01:04:14.210-0800: 32.873: [GC pause (young)
Desired survivor size 111673344 bytes, new threshold 15 (max 15)
- age   1:   20601136 bytes,   20601136 total
- age   2:      36864 bytes,   20638000 total
2016-01-06T01:04:14.409-0800: 33.072: [SoftReference, 0 refs, 0.0000460 secs]2016-01-06T01:04:14.409-0800: 33.072: [WeakReference, 0 refs, 0.0000060 secs]2016-01-06T01:04:14.409-0800: 33.072: [FinalReference, 0 refs, 0.0000050 secs]2016-01-06T01:04:14.409-0800: 33.072: [PhantomReference, 0 refs, 52651 refs, 0.0018700 secs]2016-01-06T01:04:14.411-0800: 33.074: [JNI Weak Reference, 0.0000090 secs], 0.2056130 secs]
   [Parallel Time: 35.0 ms, GC Workers: 4]
      [GC Worker Start (ms): Min: 32873.1, Avg: 32873.7, Max: 32875.2, Diff: 2.1]
      [Ext Root Scanning (ms): Min: 0.0, Avg: 0.4, Max: 0.5, Diff: 0.5, Sum: 1.4]
      [SATB Filtering (ms): Min: 0.0, Avg: 0.0, Max: 0.0, Diff: 0.0, Sum: 0.0]
      [Update RS (ms): Min: 21.5, Avg: 22.8, Max: 23.3, Diff: 1.8, Sum: 91.0]
         [Processed Buffers: Min: 13, Avg: 23.2, Max: 31, Diff: 18, Sum: 93]
      [Scan RS (ms): Min: 0.6, Avg: 0.8, Max: 1.0, Diff: 0.4, Sum: 3.1]
      [Code Root Scanning (ms): Min: 0.1, Avg: 0.1, Max: 0.1, Diff: 0.0, Sum: 0.3]
      [Object Copy (ms): Min: 10.2, Avg: 10.3, Max: 10.3, Diff: 0.1, Sum: 41.1]
      [Termination (ms): Min: 0.0, Avg: 0.0, Max: 0.0, Diff: 0.0, Sum: 0.0]
      [GC Worker Other (ms): Min: 0.0, Avg: 0.1, Max: 0.1, Diff: 0.1, Sum: 0.2]
      [GC Worker Total (ms): Min: 32.7, Avg: 34.3, Max: 34.9, Diff: 2.2, Sum: 137.3]
      [GC Worker End (ms): Min: 32908.0, Avg: 32908.0, Max: 32908.0, Diff: 0.1]
   [Code Root Fixup: 0.0 ms]
   [Code Root Migration: 0.2 ms]
   [Clear CT: 0.5 ms]
   [Other: 169.9 ms]
      [Choose CSet: 0.0 ms]
      [Ref Proc: 165.6 ms]
      [Ref Enq: 2.4 ms]
      [Free CSet: 1.8 ms]
   [Eden: 1682.0M(1682.0M)->0.0B(1682.0M) Survivors: 22.0M->22.0M Heap: 3662.3M(4096.0M)->1980.3M(4096.0M)]
 [Times: user=0.74 sys=0.00, real=0.20 secs] 
2016-01-06T01:04:14.676-0800: 33.339: [GC pause (young)
Desired survivor size 111673344 bytes, new threshold 15 (max 15)
- age   1:   20601136 bytes,   20601136 total
- age   2:      36864 bytes,   20638000 total
2016-01-06T01:04:14.844-0800: 33.507: [SoftReference, 0 refs, 0.0000470 secs]2016-01-06T01:04:14.844-0800: 33.507: [WeakReference, 0 refs, 0.0000060 secs]2016-01-06T01:04:14.844-0800: 33.507: [FinalReference, 0 refs, 0.0000050 secs]2016-01-06T01:04:14.844-0800: 33.507: [PhantomReference, 0 refs, 52650 refs, 0.0018340 secs]2016-01-06T01:04:14.846-0800: 33.509: [JNI Weak Reference, 0.0000070 secs], 0.1742340 secs]
   [Parallel Time: 21.3 ms, GC Workers: 4]
      [GC Worker Start (ms): Min: 33339.5, Avg: 33342.3, Max: 33350.5, Diff: 11.0]
      [Ext Root Scanning (ms): Min: 0.0, Avg: 0.4, Max: 0.5, Diff: 0.5, Sum: 1.6]
      [SATB Filtering (ms): Min: 0.0, Avg: 0.0, Max: 0.0, Diff: 0.0, Sum: 0.0]
      [Update RS (ms): Min: 0.0, Avg: 6.2, Max: 8.5, Diff: 8.5, Sum: 24.6]
         [Processed Buffers: Min: 0, Avg: 9.0, Max: 13, Diff: 13, Sum: 36]
      [Scan RS (ms): Min: 0.3, Avg: 0.8, Max: 1.2, Diff: 0.9, Sum: 3.2]
      [Code Root Scanning (ms): Min: 0.0, Avg: 0.1, Max: 0.1, Diff: 0.1, Sum: 0.3]
      [Object Copy (ms): Min: 9.7, Avg: 10.9, Max: 11.3, Diff: 1.5, Sum: 43.4]
      [Termination (ms): Min: 0.0, Avg: 0.0, Max: 0.0, Diff: 0.0, Sum: 0.0]
      [GC Worker Other (ms): Min: 0.0, Avg: 0.2, Max: 0.2, Diff: 0.2, Sum: 0.6]
      [GC Worker Total (ms): Min: 10.2, Avg: 18.4, Max: 21.2, Diff: 11.0, Sum: 73.8]
      [GC Worker End (ms): Min: 33360.6, Avg: 33360.7, Max: 33360.8, Diff: 0.2]
   [Code Root Fixup: 0.0 ms]
   [Code Root Migration: 0.2 ms]
   [Clear CT: 0.4 ms]
   [Other: 152.3 ms]
      [Choose CSet: 0.0 ms]
      [Ref Proc: 147.9 ms]
      [Ref Enq: 2.4 ms]
      [Free CSet: 1.8 ms]
   [Eden: 1682.0M(1682.0M)->0.0B(1697.0M) Survivors: 22.0M->9216.0K Heap: 3662.3M(4096.0M)->1966.8M(4096.0M)]
 [Times: user=0.59 sys=0.00, real=0.18 secs] 
2016-01-06T01:04:15.109-0800: 33.772: [GC pause (young)
Desired survivor size 112197632 bytes, new threshold 15 (max 15)
- age   1:    7862320 bytes,    7862320 total
- age   2:      36864 bytes,    7899184 total
2016-01-06T01:04:15.321-0800: 33.984: [SoftReference, 0 refs, 0.0000510 secs]2016-01-06T01:04:15.321-0800: 33.984: [WeakReference, 0 refs, 0.0000090 secs]2016-01-06T01:04:15.321-0800: 33.984: [FinalReference, 0 refs, 0.0000050 secs]2016-01-06T01:04:15.321-0800: 33.984: [PhantomReference, 0 refs, 53117 refs, 0.0018810 secs]2016-01-06T01:04:15.323-0800: 33.986: [JNI Weak Reference, 0.0000080 secs], 0.2186290 secs]
   [Parallel Time: 28.3 ms, GC Workers: 4]
      [GC Worker Start (ms): Min: 33772.2, Avg: 33773.2, Max: 33775.9, Diff: 3.7]
      [Ext Root Scanning (ms): Min: 0.0, Avg: 0.3, Max: 0.5, Diff: 0.5, Sum: 1.3]
      [SATB Filtering (ms): Min: 0.0, Avg: 0.0, Max: 0.0, Diff: 0.0, Sum: 0.0]
      [Update RS (ms): Min: 13.8, Avg: 15.5, Max: 16.2, Diff: 2.4, Sum: 62.1]
         [Processed Buffers: Min: 17, Avg: 21.8, Max: 26, Diff: 9, Sum: 87]
      [Scan RS (ms): Min: 0.2, Avg: 0.7, Max: 1.0, Diff: 0.9, Sum: 3.0]
      [Code Root Scanning (ms): Min: 0.0, Avg: 0.1, Max: 0.1, Diff: 0.1, Sum: 0.3]
      [Object Copy (ms): Min: 10.5, Avg: 10.5, Max: 10.6, Diff: 0.1, Sum: 42.1]
      [Termination (ms): Min: 0.0, Avg: 0.0, Max: 0.0, Diff: 0.0, Sum: 0.0]
      [GC Worker Other (ms): Min: 0.0, Avg: 0.1, Max: 0.1, Diff: 0.1, Sum: 0.2]
      [GC Worker Total (ms): Min: 24.5, Avg: 27.3, Max: 28.2, Diff: 3.8, Sum: 109.1]
      [GC Worker End (ms): Min: 33800.4, Avg: 33800.4, Max: 33800.5, Diff: 0.1]
   [Code Root Fixup: 0.0 ms]
   [Code Root Migration: 0.2 ms]
   [Clear CT: 0.4 ms]
   [Other: 189.7 ms]
      [Choose CSet: 0.0 ms]
      [Ref Proc: 185.4 ms]
      [Ref Enq: 2.5 ms]
      [Free CSet: 1.8 ms]
   [Eden: 1697.0M(1697.0M)->0.0B(182.0M) Survivors: 9216.0K->22.0M Heap: 3663.8M(4096.0M)->1979.8M(4096.0M)]
 [Times: user=0.82 sys=0.01, real=0.22 secs] 
2016-01-06T01:04:15.356-0800: 34.019: [GC pause (young)
Desired survivor size 13631488 bytes, new threshold 1 (max 15)
- age   1:   20634616 bytes,   20634616 total
- age   2:      36864 bytes,   20671480 total
2016-01-06T01:04:15.542-0800: 34.205: [SoftReference, 0 refs, 0.0000490 secs]2016-01-06T01:04:15.542-0800: 34.205: [WeakReference, 0 refs, 0.0000070 secs]2016-01-06T01:04:15.543-0800: 34.205: [FinalReference, 0 refs, 0.0000050 secs]2016-01-06T01:04:15.543-0800: 34.205: [PhantomReference, 0 refs, 6152 refs, 0.0002460 secs]2016-01-06T01:04:15.543-0800: 34.206: [JNI Weak Reference, 0.0000080 secs], 0.1877440 secs]
   [Parallel Time: 3.3 ms, GC Workers: 4]
      [GC Worker Start (ms): Min: 34018.8, Avg: 34019.1, Max: 34019.9, Diff: 1.1]
      [Ext Root Scanning (ms): Min: 0.0, Avg: 0.3, Max: 0.5, Diff: 0.5, Sum: 1.3]
      [SATB Filtering (ms): Min: 0.0, Avg: 0.0, Max: 0.0, Diff: 0.0, Sum: 0.0]
      [Update RS (ms): Min: 0.0, Avg: 0.3, Max: 0.8, Diff: 0.8, Sum: 1.4]
         [Processed Buffers: Min: 0, Avg: 1.2, Max: 3, Diff: 3, Sum: 5]
      [Scan RS (ms): Min: 0.0, Avg: 0.1, Max: 0.2, Diff: 0.2, Sum: 0.3]
      [Code Root Scanning (ms): Min: 0.0, Avg: 0.0, Max: 0.0, Diff: 0.0, Sum: 0.0]
      [Object Copy (ms): Min: 2.0, Avg: 2.1, Max: 2.4, Diff: 0.4, Sum: 8.6]
      [Termination (ms): Min: 0.0, Avg: 0.0, Max: 0.0, Diff: 0.0, Sum: 0.0]
      [GC Worker Other (ms): Min: 0.0, Avg: 0.0, Max: 0.0, Diff: 0.0, Sum: 0.1]
      [GC Worker Total (ms): Min: 2.1, Avg: 2.9, Max: 3.2, Diff: 1.1, Sum: 11.6]
      [GC Worker End (ms): Min: 34022.0, Avg: 34022.0, Max: 34022.0, Diff: 0.0]
   [Code Root Fixup: 0.0 ms]
   [Code Root Migration: 0.0 ms]
   [Clear CT: 0.2 ms]
   [Other: 184.2 ms]
      [Choose CSet: 0.0 ms]
      [Ref Proc: 183.6 ms]
      [Ref Enq: 0.3 ms]
      [Free CSet: 0.3 ms]
   [Eden: 182.0M(182.0M)->0.0B(185.0M) Survivors: 22.0M->19.0M Heap: 2161.8M(4096.0M)->1976.8M(4096.0M)]
 [Times: user=0.72 sys=0.01, real=0.19 secs] 
2016-01-06T01:04:15.570-0800: 34.233: [GC pause (young)
Desired survivor size 13631488 bytes, new threshold 1 (max 15)
- age   1:   17253136 bytes,   17253136 total
2016-01-06T01:04:15.759-0800: 34.422: [SoftReference, 0 refs, 0.0000470 secs]2016-01-06T01:04:15.759-0800: 34.422: [WeakReference, 0 refs, 0.0000070 secs]2016-01-06T01:04:15.759-0800: 34.422: [FinalReference, 0 refs, 0.0000050 secs]2016-01-06T01:04:15.759-0800: 34.422: [PhantomReference, 0 refs, 6244 refs, 0.0002380 secs]2016-01-06T01:04:15.760-0800: 34.422: [JNI Weak Reference, 0.0000080 secs], 0.1898740 secs]
   [Parallel Time: 3.0 ms, GC Workers: 4]
      [GC Worker Start (ms): Min: 34233.5, Avg: 34233.5, Max: 34233.5, Diff: 0.1]
      [Ext Root Scanning (ms): Min: 0.3, Avg: 0.4, Max: 0.4, Diff: 0.1, Sum: 1.4]
      [SATB Filtering (ms): Min: 0.0, Avg: 0.0, Max: 0.0, Diff: 0.0, Sum: 0.0]
      [Update RS (ms): Min: 0.0, Avg: 0.1, Max: 0.2, Diff: 0.2, Sum: 0.3]
         [Processed Buffers: Min: 0, Avg: 1.2, Max: 2, Diff: 2, Sum: 5]
      [Scan RS (ms): Min: 0.0, Avg: 0.1, Max: 0.1, Diff: 0.1, Sum: 0.3]
      [Code Root Scanning (ms): Min: 0.0, Avg: 0.0, Max: 0.0, Diff: 0.0, Sum: 0.1]
      [Object Copy (ms): Min: 2.3, Avg: 2.3, Max: 2.3, Diff: 0.0, Sum: 9.2]
      [Termination (ms): Min: 0.0, Avg: 0.0, Max: 0.0, Diff: 0.0, Sum: 0.0]
      [GC Worker Other (ms): Min: 0.0, Avg: 0.0, Max: 0.0, Diff: 0.0, Sum: 0.1]
      [GC Worker Total (ms): Min: 2.8, Avg: 2.9, Max: 2.9, Diff: 0.1, Sum: 11.5]
      [GC Worker End (ms): Min: 34236.4, Avg: 34236.4, Max: 34236.4, Diff: 0.0]
   [Code Root Fixup: 0.0 ms]
   [Code Root Migration: 0.0 ms]
   [Clear CT: 0.2 ms]
   [Other: 186.7 ms]
      [Choose CSet: 0.0 ms]
      [Ref Proc: 186.1 ms]
      [Ref Enq: 0.3 ms]
      [Free CSet: 0.3 ms]
   [Eden: 185.0M(185.0M)->0.0B(186.0M) Survivors: 19.0M->18.0M Heap: 2161.8M(4096.0M)->1976.3M(4096.0M)]
 [Times: user=0.71 sys=0.00, real=0.19 secs] 
2016-01-06T01:04:15.787-0800: 34.450: [GC pause (young)
Desired survivor size 13631488 bytes, new threshold 1 (max 15)
- age   1:   17259832 bytes,   17259832 total
2016-01-06T01:04:15.973-0800: 34.636: [SoftReference, 0 refs, 0.0000430 secs]2016-01-06T01:04:15.973-0800: 34.636: [WeakReference, 0 refs, 0.0000060 secs]2016-01-06T01:04:15.973-0800: 34.636: [FinalReference, 0 refs, 0.0000060 secs]2016-01-06T01:04:15.973-0800: 34.636: [PhantomReference, 0 refs, 6274 refs, 0.0002320 secs]2016-01-06T01:04:15.973-0800: 34.636: [JNI Weak Reference, 0.0000070 secs], 0.1872020 secs]
   [Parallel Time: 3.1 ms, GC Workers: 4]
      [GC Worker Start (ms): Min: 34449.8, Avg: 34450.4, Max: 34452.0, Diff: 2.1]
      [Ext Root Scanning (ms): Min: 0.0, Avg: 0.3, Max: 0.5, Diff: 0.5, Sum: 1.3]
      [SATB Filtering (ms): Min: 0.0, Avg: 0.0, Max: 0.0, Diff: 0.0, Sum: 0.0]
      [Update RS (ms): Min: 0.0, Avg: 0.1, Max: 0.2, Diff: 0.2, Sum: 0.2]
         [Processed Buffers: Min: 0, Avg: 1.2, Max: 3, Diff: 3, Sum: 5]
      [Scan RS (ms): Min: 0.0, Avg: 0.1, Max: 0.1, Diff: 0.1, Sum: 0.4]
      [Code Root Scanning (ms): Min: 0.0, Avg: 0.0, Max: 0.0, Diff: 0.0, Sum: 0.0]
      [Object Copy (ms): Min: 0.8, Avg: 1.9, Max: 2.3, Diff: 1.5, Sum: 7.7]
      [Termination (ms): Min: 0.0, Avg: 0.0, Max: 0.0, Diff: 0.0, Sum: 0.0]
      [GC Worker Other (ms): Min: 0.0, Avg: 0.0, Max: 0.1, Diff: 0.0, Sum: 0.1]
      [GC Worker Total (ms): Min: 0.9, Avg: 2.4, Max: 3.0, Diff: 2.1, Sum: 9.7]
      [GC Worker End (ms): Min: 34452.8, Avg: 34452.8, Max: 34452.8, Diff: 0.0]
   [Code Root Fixup: 0.0 ms]
   [Code Root Migration: 0.0 ms]
   [Clear CT: 0.2 ms]
   [Other: 183.9 ms]
      [Choose CSet: 0.0 ms]
      [Ref Proc: 183.2 ms]
      [Ref Enq: 0.3 ms]
      [Free CSet: 0.3 ms]
   [Eden: 186.0M(186.0M)->0.0B(556.0M) Survivors: 18.0M->18.0M Heap: 2162.3M(4096.0M)->1976.4M(4096.0M)]
 [Times: user=0.73 sys=0.00, real=0.18 secs] 
2016-01-06T01:04:16.053-0800: 34.716: [GC pause (young)
Desired survivor size 37748736 bytes, new threshold 15 (max 15)
- age   1:   17262064 bytes,   17262064 total
2016-01-06T01:04:16.243-0800: 34.906: [SoftReference, 0 refs, 0.0000400 secs]2016-01-06T01:04:16.243-0800: 34.906: [WeakReference, 0 refs, 0.0000060 secs]2016-01-06T01:04:16.243-0800: 34.906: [FinalReference, 0 refs, 0.0000050 secs]2016-01-06T01:04:16.243-0800: 34.906: [PhantomReference, 0 refs, 17743 refs, 0.0006420 secs]2016-01-06T01:04:16.244-0800: 34.906: [JNI Weak Reference, 0.0000070 secs], 0.1927330 secs]
   [Parallel Time: 11.3 ms, GC Workers: 4]
      [GC Worker Start (ms): Min: 34715.6, Avg: 34715.6, Max: 34715.6, Diff: 0.1]
      [Ext Root Scanning (ms): Min: 0.3, Avg: 0.4, Max: 0.4, Diff: 0.1, Sum: 1.5]
      [SATB Filtering (ms): Min: 0.0, Avg: 0.0, Max: 0.0, Diff: 0.0, Sum: 0.0]
      [Update RS (ms): Min: 6.5, Avg: 7.1, Max: 8.2, Diff: 1.7, Sum: 28.3]
         [Processed Buffers: Min: 9, Avg: 10.2, Max: 12, Diff: 3, Sum: 41]
      [Scan RS (ms): Min: 0.0, Avg: 0.2, Max: 0.5, Diff: 0.5, Sum: 1.0]
      [Code Root Scanning (ms): Min: 0.0, Avg: 0.0, Max: 0.1, Diff: 0.1, Sum: 0.1]
      [Object Copy (ms): Min: 2.5, Avg: 3.4, Max: 3.7, Diff: 1.2, Sum: 13.5]
      [Termination (ms): Min: 0.0, Avg: 0.0, Max: 0.0, Diff: 0.0, Sum: 0.0]
      [GC Worker Other (ms): Min: 0.0, Avg: 0.0, Max: 0.0, Diff: 0.0, Sum: 0.1]
      [GC Worker Total (ms): Min: 11.1, Avg: 11.1, Max: 11.2, Diff: 0.1, Sum: 44.6]
      [GC Worker End (ms): Min: 34726.7, Avg: 34726.7, Max: 34726.8, Diff: 0.0]
   [Code Root Fixup: 0.0 ms]
   [Code Root Migration: 0.1 ms]
   [Clear CT: 0.2 ms]
   [Other: 181.2 ms]
      [Choose CSet: 0.0 ms]
      [Ref Proc: 179.7 ms]
      [Ref Enq: 0.8 ms]
      [Free CSet: 0.6 ms]
   [Eden: 556.0M(556.0M)->0.0B(199.0M) Survivors: 18.0M->5120.0K Heap: 2532.4M(4096.0M)->1962.9M(4096.0M)]
 [Times: user=0.65 sys=0.00, real=0.20 secs] 
2016-01-06T01:04:16.280-0800: 34.943: [GC pause (young)
Desired survivor size 13631488 bytes, new threshold 15 (max 15)
- age   1:    3576160 bytes,    3576160 total
- age   2:      36864 bytes,    3613024 total
2016-01-06T01:04:16.477-0800: 35.140: [SoftReference, 0 refs, 0.0000500 secs]2016-01-06T01:04:16.477-0800: 35.140: [WeakReference, 0 refs, 0.0000070 secs]2016-01-06T01:04:16.477-0800: 35.140: [FinalReference, 0 refs, 0.0000050 secs]2016-01-06T01:04:16.477-0800: 35.140: [PhantomReference, 0 refs, 6680 refs, 0.0002660 secs]2016-01-06T01:04:16.477-0800: 35.140: [JNI Weak Reference, 0.0000070 secs], 0.1973430 secs]
   [Parallel Time: 9.3 ms, GC Workers: 4]
      [GC Worker Start (ms): Min: 34943.4, Avg: 34943.6, Max: 34943.9, Diff: 0.5]
      [Ext Root Scanning (ms): Min: 0.0, Avg: 0.3, Max: 0.5, Diff: 0.5, Sum: 1.3]
      [SATB Filtering (ms): Min: 0.0, Avg: 0.0, Max: 0.0, Diff: 0.0, Sum: 0.0]
      [Update RS (ms): Min: 2.3, Avg: 5.9, Max: 8.7, Diff: 6.4, Sum: 23.7]
         [Processed Buffers: Min: 3, Avg: 9.0, Max: 16, Diff: 13, Sum: 36]
      [Scan RS (ms): Min: 0.0, Avg: 0.1, Max: 0.1, Diff: 0.1, Sum: 0.3]
      [Code Root Scanning (ms): Min: 0.0, Avg: 0.0, Max: 0.0, Diff: 0.0, Sum: 0.0]
      [Object Copy (ms): Min: 0.0, Avg: 2.7, Max: 6.3, Diff: 6.3, Sum: 10.7]
      [Termination (ms): Min: 0.0, Avg: 0.1, Max: 0.1, Diff: 0.1, Sum: 0.3]
      [GC Worker Other (ms): Min: 0.0, Avg: 0.0, Max: 0.0, Diff: 0.0, Sum: 0.0]
      [GC Worker Total (ms): Min: 8.7, Avg: 9.1, Max: 9.2, Diff: 0.5, Sum: 36.4]
      [GC Worker End (ms): Min: 34952.6, Avg: 34952.7, Max: 34952.7, Diff: 0.0]
   [Code Root Fixup: 0.0 ms]
   [Code Root Migration: 0.0 ms]
   [Clear CT: 0.1 ms]
   [Other: 187.8 ms]
      [Choose CSet: 0.0 ms]
      [Ref Proc: 187.2 ms]
      [Ref Enq: 0.3 ms]
      [Free CSet: 0.3 ms]
   [Eden: 199.0M(199.0M)->0.0B(186.0M) Survivors: 5120.0K->18.0M Heap: 2161.9M(4096.0M)->1976.4M(4096.0M)]
 [Times: user=0.76 sys=0.00, real=0.20 secs] 
2016-01-06T01:04:16.504-0800: 35.167: [GC pause (young)
Desired survivor size 13631488 bytes, new threshold 1 (max 15)
- age   1:   17291080 bytes,   17291080 total
- age   2:      36864 bytes,   17327944 total
2016-01-06T01:04:16.696-0800: 35.359: [SoftReference, 0 refs, 0.0000600 secs]2016-01-06T01:04:16.696-0800: 35.359: [WeakReference, 0 refs, 0.0000070 secs]2016-01-06T01:04:16.696-0800: 35.359: [FinalReference, 0 refs, 0.0000050 secs]2016-01-06T01:04:16.696-0800: 35.359: [PhantomReference, 0 refs, 6276 refs, 0.0002300 secs]2016-01-06T01:04:16.697-0800: 35.359: [JNI Weak Reference, 0.0000080 secs], 0.1929820 secs]
   [Parallel Time: 3.1 ms, GC Workers: 4]
      [GC Worker Start (ms): Min: 35167.3, Avg: 35167.5, Max: 35167.9, Diff: 0.6]
      [Ext Root Scanning (ms): Min: 0.0, Avg: 0.3, Max: 0.5, Diff: 0.5, Sum: 1.3]
      [SATB Filtering (ms): Min: 0.0, Avg: 0.0, Max: 0.0, Diff: 0.0, Sum: 0.0]
      [Update RS (ms): Min: 0.0, Avg: 0.1, Max: 0.2, Diff: 0.2, Sum: 0.4]
         [Processed Buffers: Min: 0, Avg: 1.0, Max: 3, Diff: 3, Sum: 4]
      [Scan RS (ms): Min: 0.0, Avg: 0.1, Max: 0.1, Diff: 0.1, Sum: 0.4]
      [Code Root Scanning (ms): Min: 0.0, Avg: 0.0, Max: 0.0, Diff: 0.0, Sum: 0.0]
      [Object Copy (ms): Min: 2.3, Avg: 2.3, Max: 2.3, Diff: 0.0, Sum: 9.2]
      [Termination (ms): Min: 0.0, Avg: 0.0, Max: 0.0, Diff: 0.0, Sum: 0.0]
      [GC Worker Other (ms): Min: 0.0, Avg: 0.0, Max: 0.0, Diff: 0.0, Sum: 0.1]
      [GC Worker Total (ms): Min: 2.4, Avg: 2.8, Max: 3.0, Diff: 0.6, Sum: 11.3]
      [GC Worker End (ms): Min: 35170.3, Avg: 35170.3, Max: 35170.3, Diff: 0.0]
   [Code Root Fixup: 0.0 ms]
   [Code Root Migration: 0.0 ms]
   [Clear CT: 0.1 ms]
   [Other: 189.8 ms]
      [Choose CSet: 0.0 ms]
      [Ref Proc: 189.1 ms]
      [Ref Enq: 0.3 ms]
      [Free CSet: 0.3 ms]
   [Eden: 186.0M(186.0M)->0.0B(185.0M) Survivors: 18.0M->19.0M Heap: 2162.4M(4096.0M)->1977.4M(4096.0M)]
 [Times: user=0.74 sys=0.01, real=0.20 secs] 
2016-01-06T01:04:16.724-0800: 35.386: [GC pause (young)
Desired survivor size 13631488 bytes, new threshold 1 (max 15)
- age   1:   17262064 bytes,   17262064 total
2016-01-06T01:04:16.920-0800: 35.583: [SoftReference, 0 refs, 0.0000420 secs]2016-01-06T01:04:16.920-0800: 35.583: [WeakReference, 0 refs, 0.0000060 secs]2016-01-06T01:04:16.920-0800: 35.583: [FinalReference, 0 refs, 0.0000050 secs]2016-01-06T01:04:16.920-0800: 35.583: [PhantomReference, 0 refs, 6245 refs, 0.0002300 secs]2016-01-06T01:04:16.921-0800: 35.583: [JNI Weak Reference, 0.0000080 secs], 0.1977430 secs]
   [Parallel Time: 9.4 ms, GC Workers: 4]
      [GC Worker Start (ms): Min: 35386.5, Avg: 35386.6, Max: 35386.6, Diff: 0.1]
      [Ext Root Scanning (ms): Min: 0.3, Avg: 0.4, Max: 0.4, Diff: 0.1, Sum: 1.5]
      [SATB Filtering (ms): Min: 0.0, Avg: 0.0, Max: 0.0, Diff: 0.0, Sum: 0.0]
      [Update RS (ms): Min: 0.0, Avg: 0.1, Max: 0.2, Diff: 0.2, Sum: 0.3]
         [Processed Buffers: Min: 0, Avg: 1.2, Max: 2, Diff: 2, Sum: 5]
      [Scan RS (ms): Min: 0.0, Avg: 0.1, Max: 0.1, Diff: 0.1, Sum: 0.4]
      [Code Root Scanning (ms): Min: 0.0, Avg: 0.0, Max: 0.0, Diff: 0.0, Sum: 0.0]
      [Object Copy (ms): Min: 2.6, Avg: 3.5, Max: 5.8, Diff: 3.2, Sum: 13.8]
      [Termination (ms): Min: 0.0, Avg: 2.5, Max: 3.7, Diff: 3.7, Sum: 10.1]
      [GC Worker Other (ms): Min: 0.0, Avg: 0.0, Max: 0.0, Diff: 0.0, Sum: 0.1]
      [GC Worker Total (ms): Min: 6.4, Avg: 6.6, Max: 6.9, Diff: 0.4, Sum: 26.2]
      [GC Worker End (ms): Min: 35393.0, Avg: 35393.1, Max: 35393.5, Diff: 0.5]
   [Code Root Fixup: 0.0 ms]
   [Code Root Migration: 0.0 ms]
   [Clear CT: 0.2 ms]
   [Other: 188.1 ms]
      [Choose CSet: 0.0 ms]
      [Ref Proc: 187.5 ms]
      [Ref Enq: 0.3 ms]
      [Free CSet: 0.3 ms]
   [Eden: 185.0M(185.0M)->0.0B(186.0M) Survivors: 19.0M->18.0M Heap: 2162.4M(4096.0M)->1976.5M(4096.0M)]
 [Times: user=0.69 sys=0.00, real=0.20 secs] 
2016-01-06T01:04:16.948-0800: 35.610: [GC pause (young)
Desired survivor size 13631488 bytes, new threshold 1 (max 15)
- age   1:   17259832 bytes,   17259832 total
2016-01-06T01:04:17.136-0800: 35.799: [SoftReference, 0 refs, 0.0000500 secs]2016-01-06T01:04:17.136-0800: 35.799: [WeakReference, 0 refs, 0.0000060 secs]2016-01-06T01:04:17.136-0800: 35.799: [FinalReference, 0 refs, 0.0000050 secs]2016-01-06T01:04:17.136-0800: 35.799: [PhantomReference, 0 refs, 6276 refs, 0.0002390 secs]2016-01-06T01:04:17.136-0800: 35.799: [JNI Weak Reference, 0.0000070 secs], 0.1892720 secs]
   [Parallel Time: 3.1 ms, GC Workers: 4]
      [GC Worker Start (ms): Min: 35610.5, Avg: 35610.9, Max: 35611.9, Diff: 1.4]
      [Ext Root Scanning (ms): Min: 0.0, Avg: 0.3, Max: 0.5, Diff: 0.5, Sum: 1.3]
      [SATB Filtering (ms): Min: 0.0, Avg: 0.0, Max: 0.0, Diff: 0.0, Sum: 0.0]
      [Update RS (ms): Min: 0.0, Avg: 0.1, Max: 0.2, Diff: 0.2, Sum: 0.2]
         [Processed Buffers: Min: 0, Avg: 1.2, Max: 2, Diff: 2, Sum: 5]
      [Scan RS (ms): Min: 0.0, Avg: 0.1, Max: 0.1, Diff: 0.1, Sum: 0.3]
      [Code Root Scanning (ms): Min: 0.0, Avg: 0.0, Max: 0.0, Diff: 0.0, Sum: 0.0]
      [Object Copy (ms): Min: 1.6, Avg: 2.2, Max: 2.4, Diff: 0.8, Sum: 8.6]
      [Termination (ms): Min: 0.0, Avg: 0.0, Max: 0.0, Diff: 0.0, Sum: 0.0]
      [GC Worker Other (ms): Min: 0.0, Avg: 0.0, Max: 0.0, Diff: 0.0, Sum: 0.0]
      [GC Worker Total (ms): Min: 1.6, Avg: 2.6, Max: 3.0, Diff: 1.4, Sum: 10.6]
      [GC Worker End (ms): Min: 35613.5, Avg: 35613.5, Max: 35613.5, Diff: 0.0]
   [Code Root Fixup: 0.0 ms]
   [Code Root Migration: 0.0 ms]
   [Clear CT: 0.1 ms]
   [Other: 186.0 ms]
      [Choose CSet: 0.0 ms]
      [Ref Proc: 185.4 ms]
      [Ref Enq: 0.3 ms]
      [Free CSet: 0.3 ms]
   [Eden: 186.0M(186.0M)->0.0B(927.0M) Survivors: 18.0M->18.0M Heap: 2162.5M(4096.0M)->1976.5M(4096.0M)]
 [Times: user=0.70 sys=0.00, real=0.18 secs] 
2016-01-06T01:04:17.268-0800: 35.931: [GC pause (young)
Desired survivor size 62390272 bytes, new threshold 15 (max 15)
- age   1:   17262064 bytes,   17262064 total
2016-01-06T01:04:17.462-0800: 36.125: [SoftReference, 0 refs, 0.0000460 secs]2016-01-06T01:04:17.463-0800: 36.125: [WeakReference, 0 refs, 0.0000100 secs]2016-01-06T01:04:17.463-0800: 36.125: [FinalReference, 0 refs, 0.0000050 secs]2016-01-06T01:04:17.463-0800: 36.125: [PhantomReference, 0 refs, 29247 refs, 0.0010260 secs]2016-01-06T01:04:17.464-0800: 36.127: [JNI Weak Reference, 0.0000070 secs], 0.1982230 secs]
   [Parallel Time: 7.3 ms, GC Workers: 4]
      [GC Worker Start (ms): Min: 35931.2, Avg: 35931.2, Max: 35931.3, Diff: 0.1]
      [Ext Root Scanning (ms): Min: 0.3, Avg: 0.4, Max: 0.4, Diff: 0.1, Sum: 1.5]
      [SATB Filtering (ms): Min: 0.0, Avg: 0.0, Max: 0.0, Diff: 0.0, Sum: 0.0]
      [Update RS (ms): Min: 0.0, Avg: 0.1, Max: 0.2, Diff: 0.2, Sum: 0.3]
         [Processed Buffers: Min: 0, Avg: 1.2, Max: 2, Diff: 2, Sum: 5]
      [Scan RS (ms): Min: 0.3, Avg: 0.5, Max: 0.5, Diff: 0.2, Sum: 1.8]
      [Code Root Scanning (ms): Min: 0.0, Avg: 0.1, Max: 0.1, Diff: 0.0, Sum: 0.2]
      [Object Copy (ms): Min: 6.2, Avg: 6.2, Max: 6.2, Diff: 0.0, Sum: 24.8]
      [Termination (ms): Min: 0.0, Avg: 0.0, Max: 0.0, Diff: 0.0, Sum: 0.0]
      [GC Worker Other (ms): Min: 0.0, Avg: 0.0, Max: 0.1, Diff: 0.0, Sum: 0.1]
      [GC Worker Total (ms): Min: 7.2, Avg: 7.2, Max: 7.2, Diff: 0.1, Sum: 28.8]
      [GC Worker End (ms): Min: 35938.4, Avg: 35938.4, Max: 35938.4, Diff: 0.0]
   [Code Root Fixup: 0.0 ms]
   [Code Root Migration: 0.1 ms]
   [Clear CT: 0.3 ms]
   [Other: 190.4 ms]
      [Choose CSet: 0.0 ms]
      [Ref Proc: 188.0 ms]
      [Ref Enq: 1.4 ms]
      [Free CSet: 1.0 ms]
   [Eden: 927.0M(927.0M)->0.0B(862.0M) Survivors: 18.0M->20.0M Heap: 2903.5M(4096.0M)->1978.5M(4096.0M)]
 [Times: user=0.76 sys=0.01, real=0.20 secs] 
2016-01-06T01:04:17.590-0800: 36.253: [GC pause (young)
Desired survivor size 58195968 bytes, new threshold 15 (max 15)
- age   1:   18915976 bytes,   18915976 total
- age   2:      36864 bytes,   18952840 total
2016-01-06T01:04:17.806-0800: 36.469: [SoftReference, 0 refs, 0.0000560 secs]2016-01-06T01:04:17.806-0800: 36.469: [WeakReference, 0 refs, 0.0000070 secs]2016-01-06T01:04:17.806-0800: 36.469: [FinalReference, 0 refs, 0.0000060 secs]2016-01-06T01:04:17.806-0800: 36.469: [PhantomReference, 0 refs, 27232 refs, 0.0010630 secs]2016-01-06T01:04:17.807-0800: 36.470: [JNI Weak Reference, 0.0000080 secs], 0.2197930 secs]
   [Parallel Time: 6.9 ms, GC Workers: 4]
      [GC Worker Start (ms): Min: 36253.4, Avg: 36253.4, Max: 36253.5, Diff: 0.1]
      [Ext Root Scanning (ms): Min: 0.3, Avg: 0.4, Max: 0.4, Diff: 0.1, Sum: 1.4]
      [SATB Filtering (ms): Min: 0.0, Avg: 0.0, Max: 0.0, Diff: 0.0, Sum: 0.0]
      [Update RS (ms): Min: 0.0, Avg: 0.1, Max: 0.2, Diff: 0.2, Sum: 0.2]
         [Processed Buffers: Min: 0, Avg: 1.0, Max: 2, Diff: 2, Sum: 4]
      [Scan RS (ms): Min: 0.3, Avg: 0.4, Max: 0.5, Diff: 0.1, Sum: 1.6]
      [Code Root Scanning (ms): Min: 0.0, Avg: 0.0, Max: 0.1, Diff: 0.0, Sum: 0.2]
      [Object Copy (ms): Min: 5.8, Avg: 5.9, Max: 5.9, Diff: 0.0, Sum: 23.4]
      [Termination (ms): Min: 0.0, Avg: 0.0, Max: 0.0, Diff: 0.0, Sum: 0.0]
      [GC Worker Other (ms): Min: 0.0, Avg: 0.0, Max: 0.1, Diff: 0.0, Sum: 0.2]
      [GC Worker Total (ms): Min: 6.8, Avg: 6.8, Max: 6.8, Diff: 0.0, Sum: 27.1]
      [GC Worker End (ms): Min: 36260.2, Avg: 36260.2, Max: 36260.3, Diff: 0.0]
   [Code Root Fixup: 0.0 ms]
   [Code Root Migration: 0.1 ms]
   [Clear CT: 0.3 ms]
   [Other: 212.4 ms]
      [Choose CSet: 0.0 ms]
      [Ref Proc: 210.0 ms]
      [Ref Enq: 1.3 ms]
      [Free CSet: 1.1 ms]
   [Eden: 862.0M(862.0M)->0.0B(184.0M) Survivors: 20.0M->20.0M Heap: 2840.5M(4096.0M)->1978.5M(4096.0M)]
 [Times: user=0.80 sys=0.00, real=0.22 secs] 
2016-01-06T01:04:17.838-0800: 36.501: [GC pause (young)
Desired survivor size 13631488 bytes, new threshold 1 (max 15)
- age   1:   18770896 bytes,   18770896 total
- age   2:      36864 bytes,   18807760 total
2016-01-06T01:04:18.028-0800: 36.691: [SoftReference, 0 refs, 0.0000520 secs]2016-01-06T01:04:18.028-0800: 36.691: [WeakReference, 0 refs, 0.0000080 secs]2016-01-06T01:04:18.028-0800: 36.691: [FinalReference, 0 refs, 0.0000050 secs]2016-01-06T01:04:18.028-0800: 36.691: [PhantomReference, 0 refs, 6214 refs, 0.0002360 secs]2016-01-06T01:04:18.028-0800: 36.691: [JNI Weak Reference, 0.0000080 secs], 0.1904740 secs]
   [Parallel Time: 3.0 ms, GC Workers: 4]
      [GC Worker Start (ms): Min: 36501.5, Avg: 36501.5, Max: 36501.5, Diff: 0.1]
      [Ext Root Scanning (ms): Min: 0.3, Avg: 0.4, Max: 0.4, Diff: 0.1, Sum: 1.5]
      [SATB Filtering (ms): Min: 0.0, Avg: 0.0, Max: 0.0, Diff: 0.0, Sum: 0.0]
      [Update RS (ms): Min: 0.0, Avg: 0.1, Max: 0.2, Diff: 0.2, Sum: 0.2]
         [Processed Buffers: Min: 0, Avg: 1.0, Max: 2, Diff: 2, Sum: 4]
      [Scan RS (ms): Min: 0.0, Avg: 0.1, Max: 0.1, Diff: 0.1, Sum: 0.4]
      [Code Root Scanning (ms): Min: 0.0, Avg: 0.0, Max: 0.0, Diff: 0.0, Sum: 0.0]
      [Object Copy (ms): Min: 2.3, Avg: 2.3, Max: 2.3, Diff: 0.1, Sum: 9.2]
      [Termination (ms): Min: 0.0, Avg: 0.0, Max: 0.0, Diff: 0.0, Sum: 0.0]
      [GC Worker Other (ms): Min: 0.0, Avg: 0.0, Max: 0.0, Diff: 0.0, Sum: 0.1]
      [GC Worker Total (ms): Min: 2.9, Avg: 2.9, Max: 2.9, Diff: 0.1, Sum: 11.5]
      [GC Worker End (ms): Min: 36504.4, Avg: 36504.4, Max: 36504.4, Diff: 0.0]
   [Code Root Fixup: 0.0 ms]
   [Code Root Migration: 0.0 ms]
   [Clear CT: 0.1 ms]
   [Other: 187.3 ms]
      [Choose CSet: 0.0 ms]
      [Ref Proc: 186.7 ms]
      [Ref Enq: 0.3 ms]
      [Free CSet: 0.3 ms]
   [Eden: 184.0M(184.0M)->0.0B(185.0M) Survivors: 20.0M->19.0M Heap: 2162.5M(4096.0M)->1977.0M(4096.0M)]
 [Times: user=0.75 sys=0.00, real=0.19 secs] 
2016-01-06T01:04:18.056-0800: 36.719: [GC pause (young)
Desired survivor size 13631488 bytes, new threshold 1 (max 15)
- age   1:   17257600 bytes,   17257600 total
2016-01-06T01:04:18.245-0800: 36.908: [SoftReference, 0 refs, 0.0000450 secs]2016-01-06T01:04:18.246-0800: 36.908: [WeakReference, 0 refs, 0.0000060 secs]2016-01-06T01:04:18.246-0800: 36.908: [FinalReference, 0 refs, 0.0000050 secs]2016-01-06T01:04:18.246-0800: 36.908: [PhantomReference, 0 refs, 6245 refs, 0.0002400 secs]2016-01-06T01:04:18.246-0800: 36.909: [JNI Weak Reference, 0.0000080 secs], 0.1905880 secs]
   [Parallel Time: 3.0 ms, GC Workers: 4]
      [GC Worker Start (ms): Min: 36719.0, Avg: 36719.0, Max: 36719.0, Diff: 0.1]
      [Ext Root Scanning (ms): Min: 0.3, Avg: 0.4, Max: 0.4, Diff: 0.2, Sum: 1.4]
      [SATB Filtering (ms): Min: 0.0, Avg: 0.0, Max: 0.0, Diff: 0.0, Sum: 0.0]
      [Update RS (ms): Min: 0.0, Avg: 0.1, Max: 0.2, Diff: 0.2, Sum: 0.3]
         [Processed Buffers: Min: 0, Avg: 1.2, Max: 3, Diff: 3, Sum: 5]
      [Scan RS (ms): Min: 0.0, Avg: 0.1, Max: 0.1, Diff: 0.1, Sum: 0.4]
      [Code Root Scanning (ms): Min: 0.0, Avg: 0.0, Max: 0.0, Diff: 0.0, Sum: 0.0]
      [Object Copy (ms): Min: 2.3, Avg: 2.4, Max: 2.4, Diff: 0.0, Sum: 9.5]
      [Termination (ms): Min: 0.0, Avg: 0.0, Max: 0.0, Diff: 0.0, Sum: 0.0]
      [GC Worker Other (ms): Min: 0.0, Avg: 0.0, Max: 0.0, Diff: 0.0, Sum: 0.1]
      [GC Worker Total (ms): Min: 2.9, Avg: 2.9, Max: 3.0, Diff: 0.1, Sum: 11.7]
      [GC Worker End (ms): Min: 36721.9, Avg: 36721.9, Max: 36721.9, Diff: 0.0]
   [Code Root Fixup: 0.0 ms]
   [Code Root Migration: 0.0 ms]
   [Clear CT: 0.1 ms]
   [Other: 187.4 ms]
      [Choose CSet: 0.0 ms]
      [Ref Proc: 186.7 ms]
      [Ref Enq: 0.3 ms]
      [Free CSet: 0.3 ms]
   [Eden: 185.0M(185.0M)->0.0B(185.0M) Survivors: 19.0M->19.0M Heap: 2162.0M(4096.0M)->1977.1M(4096.0M)]
 [Times: user=0.69 sys=0.00, real=0.20 secs] 
2016-01-06T01:04:18.273-0800: 36.936: [GC pause (young)
Desired survivor size 13631488 bytes, new threshold 1 (max 15)
- age   1:   17259832 bytes,   17259832 total
2016-01-06T01:04:18.465-0800: 37.128: [SoftReference, 0 refs, 0.0000420 secs]2016-01-06T01:04:18.465-0800: 37.128: [WeakReference, 0 refs, 0.0000070 secs]2016-01-06T01:04:18.465-0800: 37.128: [FinalReference, 0 refs, 0.0000050 secs]2016-01-06T01:04:18.465-0800: 37.128: [PhantomReference, 0 refs, 6243 refs, 0.0002490 secs]2016-01-06T01:04:18.465-0800: 37.128: [JNI Weak Reference, 0.0000070 secs], 0.1924030 secs]
   [Parallel Time: 3.1 ms, GC Workers: 4]
      [GC Worker Start (ms): Min: 36936.4, Avg: 36936.4, Max: 36936.4, Diff: 0.1]
      [Ext Root Scanning (ms): Min: 0.3, Avg: 0.4, Max: 0.4, Diff: 0.1, Sum: 1.5]
      [SATB Filtering (ms): Min: 0.0, Avg: 0.0, Max: 0.0, Diff: 0.0, Sum: 0.0]
      [Update RS (ms): Min: 0.0, Avg: 0.1, Max: 0.2, Diff: 0.2, Sum: 0.3]
         [Processed Buffers: Min: 0, Avg: 1.2, Max: 3, Diff: 3, Sum: 5]
      [Scan RS (ms): Min: 0.0, Avg: 0.1, Max: 0.1, Diff: 0.1, Sum: 0.3]
      [Code Root Scanning (ms): Min: 0.0, Avg: 0.0, Max: 0.0, Diff: 0.0, Sum: 0.0]
      [Object Copy (ms): Min: 2.4, Avg: 2.4, Max: 2.4, Diff: 0.0, Sum: 9.6]
      [Termination (ms): Min: 0.0, Avg: 0.0, Max: 0.0, Diff: 0.0, Sum: 0.0]
      [GC Worker Other (ms): Min: 0.0, Avg: 0.0, Max: 0.1, Diff: 0.1, Sum: 0.2]
      [GC Worker Total (ms): Min: 3.0, Avg: 3.0, Max: 3.0, Diff: 0.1, Sum: 11.9]
      [GC Worker End (ms): Min: 36939.4, Avg: 36939.4, Max: 36939.4, Diff: 0.1]
   [Code Root Fixup: 0.0 ms]
   [Code Root Migration: 0.0 ms]
   [Clear CT: 0.2 ms]
   [Other: 189.1 ms]
      [Choose CSet: 0.0 ms]
      [Ref Proc: 188.4 ms]
      [Ref Enq: 0.3 ms]
      [Free CSet: 0.3 ms]
   [Eden: 185.0M(185.0M)->0.0B(689.0M) Survivors: 19.0M->19.0M Heap: 2162.1M(4096.0M)->1977.1M(4096.0M)]
 [Times: user=0.71 sys=0.00, real=0.20 secs] 
2016-01-06T01:04:18.563-0800: 37.226: [GC pause (young)
Desired survivor size 46661632 bytes, new threshold 15 (max 15)
- age   1:   17259832 bytes,   17259832 total
2016-01-06T01:04:18.756-0800: 37.419: [SoftReference, 0 refs, 0.0000500 secs]2016-01-06T01:04:18.756-0800: 37.419: [WeakReference, 0 refs, 0.0000080 secs]2016-01-06T01:04:18.756-0800: 37.419: [FinalReference, 0 refs, 0.0000060 secs]2016-01-06T01:04:18.756-0800: 37.419: [PhantomReference, 0 refs, 21864 refs, 0.0008150 secs]2016-01-06T01:04:18.757-0800: 37.420: [JNI Weak Reference, 0.0000080 secs], 0.1967050 secs]
   [Parallel Time: 5.4 ms, GC Workers: 4]
      [GC Worker Start (ms): Min: 37225.7, Avg: 37225.8, Max: 37225.8, Diff: 0.1]
      [Ext Root Scanning (ms): Min: 0.3, Avg: 0.4, Max: 0.4, Diff: 0.1, Sum: 1.4]
      [SATB Filtering (ms): Min: 0.0, Avg: 0.0, Max: 0.0, Diff: 0.0, Sum: 0.0]
      [Update RS (ms): Min: 0.0, Avg: 0.1, Max: 0.2, Diff: 0.2, Sum: 0.3]
         [Processed Buffers: Min: 1, Avg: 1.2, Max: 2, Diff: 1, Sum: 5]
      [Scan RS (ms): Min: 0.2, Avg: 0.3, Max: 0.4, Diff: 0.2, Sum: 1.3]
      [Code Root Scanning (ms): Min: 0.0, Avg: 0.0, Max: 0.0, Diff: 0.0, Sum: 0.1]
      [Object Copy (ms): Min: 4.4, Avg: 4.4, Max: 4.4, Diff: 0.0, Sum: 17.5]
      [Termination (ms): Min: 0.0, Avg: 0.0, Max: 0.0, Diff: 0.0, Sum: 0.0]
      [GC Worker Other (ms): Min: 0.0, Avg: 0.0, Max: 0.1, Diff: 0.0, Sum: 0.2]
      [GC Worker Total (ms): Min: 5.2, Avg: 5.2, Max: 5.3, Diff: 0.1, Sum: 20.9]
      [GC Worker End (ms): Min: 37231.0, Avg: 37231.0, Max: 37231.0, Diff: 0.0]
   [Code Root Fixup: 0.0 ms]
   [Code Root Migration: 0.1 ms]
   [Clear CT: 0.3 ms]
   [Other: 191.0 ms]
      [Choose CSet: 0.0 ms]
      [Ref Proc: 189.1 ms]
      [Ref Enq: 1.0 ms]
      [Free CSet: 0.8 ms]
   [Eden: 689.0M(689.0M)->0.0B(874.0M) Survivors: 19.0M->20.0M Heap: 2666.1M(4096.0M)->1978.6M(4096.0M)]
 [Times: user=0.77 sys=0.00, real=0.20 secs] 
2016-01-06T01:04:18.890-0800: 37.553: [GC pause (young)
Desired survivor size 58720256 bytes, new threshold 15 (max 15)
- age   1:   18384760 bytes,   18384760 total
- age   2:      36864 bytes,   18421624 total
2016-01-06T01:04:19.091-0800: 37.754: [SoftReference, 0 refs, 0.0000460 secs]2016-01-06T01:04:19.091-0800: 37.754: [WeakReference, 0 refs, 0.0000070 secs]2016-01-06T01:04:19.091-0800: 37.754: [FinalReference, 0 refs, 0.0000050 secs]2016-01-06T01:04:19.091-0800: 37.754: [PhantomReference, 0 refs, 27604 refs, 0.0010100 secs]2016-01-06T01:04:19.092-0800: 37.755: [JNI Weak Reference, 0.0000150 secs], 0.2044460 secs]
   [Parallel Time: 7.2 ms, GC Workers: 4]
      [GC Worker Start (ms): Min: 37553.1, Avg: 37553.1, Max: 37553.2, Diff: 0.1]
      [Ext Root Scanning (ms): Min: 0.3, Avg: 0.4, Max: 0.4, Diff: 0.1, Sum: 1.4]
      [SATB Filtering (ms): Min: 0.0, Avg: 0.0, Max: 0.0, Diff: 0.0, Sum: 0.0]
      [Update RS (ms): Min: 0.0, Avg: 0.1, Max: 0.2, Diff: 0.2, Sum: 0.2]
         [Processed Buffers: Min: 0, Avg: 1.2, Max: 3, Diff: 3, Sum: 5]
      [Scan RS (ms): Min: 0.3, Avg: 0.4, Max: 0.5, Diff: 0.1, Sum: 1.7]
      [Code Root Scanning (ms): Min: 0.0, Avg: 0.0, Max: 0.1, Diff: 0.0, Sum: 0.2]
      [Object Copy (ms): Min: 5.9, Avg: 6.0, Max: 6.2, Diff: 0.3, Sum: 23.9]
      [Termination (ms): Min: 0.0, Avg: 0.2, Max: 0.4, Diff: 0.3, Sum: 1.0]
      [GC Worker Other (ms): Min: 0.0, Avg: 0.0, Max: 0.0, Diff: 0.0, Sum: 0.1]
      [GC Worker Total (ms): Min: 7.1, Avg: 7.1, Max: 7.2, Diff: 0.1, Sum: 28.5]
      [GC Worker End (ms): Min: 37560.2, Avg: 37560.3, Max: 37560.3, Diff: 0.0]
   [Code Root Fixup: 0.0 ms]
   [Code Root Migration: 0.1 ms]
   [Clear CT: 0.3 ms]
   [Other: 196.8 ms]
      [Choose CSet: 0.0 ms]
      [Ref Proc: 194.5 ms]
      [Ref Enq: 1.3 ms]
      [Free CSet: 0.9 ms]
   [Eden: 874.0M(874.0M)->0.0B(184.0M) Survivors: 20.0M->20.0M Heap: 2852.6M(4096.0M)->1978.6M(4096.0M)]
 [Times: user=0.74 sys=0.00, real=0.20 secs] 
2016-01-06T01:04:19.122-0800: 37.785: [GC pause (young)
Desired survivor size 13631488 bytes, new threshold 1 (max 15)
- age   1:   18797680 bytes,   18797680 total
- age   2:      36864 bytes,   18834544 total
2016-01-06T01:04:19.311-0800: 37.974: [SoftReference, 0 refs, 0.0000430 secs]2016-01-06T01:04:19.311-0800: 37.974: [WeakReference, 0 refs, 0.0000060 secs]2016-01-06T01:04:19.311-0800: 37.974: [FinalReference, 0 refs, 0.0000050 secs]2016-01-06T01:04:19.311-0800: 37.974: [PhantomReference, 0 refs, 6214 refs, 0.0002260 secs]2016-01-06T01:04:19.311-0800: 37.974: [JNI Weak Reference, 0.0000080 secs], 0.1904550 secs]
   [Parallel Time: 2.9 ms, GC Workers: 4]
      [GC Worker Start (ms): Min: 37784.8, Avg: 37784.8, Max: 37784.8, Diff: 0.1]
      [Ext Root Scanning (ms): Min: 0.3, Avg: 0.4, Max: 0.4, Diff: 0.1, Sum: 1.5]
      [SATB Filtering (ms): Min: 0.0, Avg: 0.0, Max: 0.0, Diff: 0.0, Sum: 0.0]
      [Update RS (ms): Min: 0.0, Avg: 0.1, Max: 0.2, Diff: 0.2, Sum: 0.2]
         [Processed Buffers: Min: 0, Avg: 1.0, Max: 3, Diff: 3, Sum: 4]
      [Scan RS (ms): Min: 0.0, Avg: 0.1, Max: 0.1, Diff: 0.1, Sum: 0.4]
      [Code Root Scanning (ms): Min: 0.0, Avg: 0.0, Max: 0.0, Diff: 0.0, Sum: 0.0]
      [Object Copy (ms): Min: 2.2, Avg: 2.2, Max: 2.3, Diff: 0.1, Sum: 9.0]
      [Termination (ms): Min: 0.0, Avg: 0.0, Max: 0.0, Diff: 0.0, Sum: 0.1]
      [GC Worker Other (ms): Min: 0.0, Avg: 0.0, Max: 0.0, Diff: 0.0, Sum: 0.1]
      [GC Worker Total (ms): Min: 2.8, Avg: 2.8, Max: 2.9, Diff: 0.1, Sum: 11.3]
      [GC Worker End (ms): Min: 37787.6, Avg: 37787.6, Max: 37787.6, Diff: 0.0]
   [Code Root Fixup: 0.0 ms]
   [Code Root Migration: 0.0 ms]
   [Clear CT: 0.1 ms]
   [Other: 187.4 ms]
      [Choose CSet: 0.0 ms]
      [Ref Proc: 186.7 ms]
      [Ref Enq: 0.3 ms]
      [Free CSet: 0.3 ms]
   [Eden: 184.0M(184.0M)->0.0B(952.0M) Survivors: 20.0M->19.0M Heap: 2162.6M(4096.0M)->1977.2M(4096.0M)]
 [Times: user=0.73 sys=0.00, real=0.19 secs] 
2016-01-06T01:04:19.460-0800: 38.123: [GC pause (young)
Desired survivor size 63963136 bytes, new threshold 15 (max 15)
- age   1:   17257600 bytes,   17257600 total
2016-01-06T01:04:19.658-0800: 38.321: [SoftReference, 0 refs, 0.0000460 secs]2016-01-06T01:04:19.659-0800: 38.321: [WeakReference, 0 refs, 0.0000060 secs]2016-01-06T01:04:19.659-0800: 38.321: [FinalReference, 0 refs, 0.0000050 secs]2016-01-06T01:04:19.659-0800: 38.321: [PhantomReference, 0 refs, 30021 refs, 0.0010690 secs]2016-01-06T01:04:19.660-0800: 38.323: [JNI Weak Reference, 0.0000080 secs], 0.2029730 secs]
   [Parallel Time: 7.0 ms, GC Workers: 4]
      [GC Worker Start (ms): Min: 38122.6, Avg: 38122.7, Max: 38122.7, Diff: 0.1]
      [Ext Root Scanning (ms): Min: 0.3, Avg: 0.4, Max: 0.4, Diff: 0.1, Sum: 1.4]
      [SATB Filtering (ms): Min: 0.0, Avg: 0.0, Max: 0.0, Diff: 0.0, Sum: 0.0]
      [Update RS (ms): Min: 0.0, Avg: 0.1, Max: 0.2, Diff: 0.2, Sum: 0.3]
         [Processed Buffers: Min: 0, Avg: 1.2, Max: 3, Diff: 3, Sum: 5]
      [Scan RS (ms): Min: 0.4, Avg: 0.5, Max: 0.5, Diff: 0.1, Sum: 1.8]
      [Code Root Scanning (ms): Min: 0.0, Avg: 0.1, Max: 0.1, Diff: 0.1, Sum: 0.2]
      [Object Copy (ms): Min: 5.9, Avg: 5.9, Max: 5.9, Diff: 0.1, Sum: 23.5]
      [Termination (ms): Min: 0.0, Avg: 0.0, Max: 0.0, Diff: 0.0, Sum: 0.0]
      [GC Worker Other (ms): Min: 0.0, Avg: 0.1, Max: 0.1, Diff: 0.0, Sum: 0.2]
      [GC Worker Total (ms): Min: 6.9, Avg: 6.9, Max: 7.0, Diff: 0.1, Sum: 27.6]
      [GC Worker End (ms): Min: 38129.5, Avg: 38129.6, Max: 38129.6, Diff: 0.0]
   [Code Root Fixup: 0.0 ms]
   [Code Root Migration: 0.1 ms]
   [Clear CT: 0.3 ms]
   [Other: 195.5 ms]
      [Choose CSet: 0.0 ms]
      [Ref Proc: 192.9 ms]
      [Ref Enq: 1.4 ms]
      [Free CSet: 1.1 ms]
   [Eden: 952.0M(952.0M)->0.0B(397.0M) Survivors: 19.0M->20.0M Heap: 2929.2M(4096.0M)->1978.7M(4096.0M)]
 [Times: user=0.76 sys=0.00, real=0.20 secs] 
2016-01-06T01:04:19.722-0800: 38.385: [GC pause (young)
Desired survivor size 27787264 bytes, new threshold 15 (max 15)
- age   1:   18971776 bytes,   18971776 total
- age   2:      36864 bytes,   19008640 total
2016-01-06T01:04:19.898-0800: 38.561: [SoftReference, 0 refs, 0.0000460 secs]2016-01-06T01:04:19.898-0800: 38.561: [WeakReference, 0 refs, 0.0000060 secs]2016-01-06T01:04:19.898-0800: 38.561: [FinalReference, 0 refs, 0.0000050 secs]2016-01-06T01:04:19.898-0800: 38.561: [PhantomReference, 0 refs, 12817 refs, 0.0004700 secs]2016-01-06T01:04:19.899-0800: 38.562: [JNI Weak Reference, 0.0000070 secs], 0.1781430 secs]
   [Parallel Time: 4.0 ms, GC Workers: 4]
      [GC Worker Start (ms): Min: 38384.9, Avg: 38384.9, Max: 38385.0, Diff: 0.1]
      [Ext Root Scanning (ms): Min: 0.3, Avg: 0.4, Max: 0.4, Diff: 0.2, Sum: 1.5]
      [SATB Filtering (ms): Min: 0.0, Avg: 0.0, Max: 0.0, Diff: 0.0, Sum: 0.0]
      [Update RS (ms): Min: 0.0, Avg: 0.1, Max: 0.2, Diff: 0.2, Sum: 0.3]
         [Processed Buffers: Min: 0, Avg: 1.0, Max: 2, Diff: 2, Sum: 4]
      [Scan RS (ms): Min: 0.1, Avg: 0.2, Max: 0.3, Diff: 0.2, Sum: 0.8]
      [Code Root Scanning (ms): Min: 0.0, Avg: 0.0, Max: 0.0, Diff: 0.0, Sum: 0.1]
      [Object Copy (ms): Min: 3.1, Avg: 3.1, Max: 3.1, Diff: 0.0, Sum: 12.5]
      [Termination (ms): Min: 0.0, Avg: 0.0, Max: 0.0, Diff: 0.0, Sum: 0.0]
      [GC Worker Other (ms): Min: 0.0, Avg: 0.1, Max: 0.1, Diff: 0.1, Sum: 0.2]
      [GC Worker Total (ms): Min: 3.8, Avg: 3.8, Max: 3.9, Diff: 0.0, Sum: 15.4]
      [GC Worker End (ms): Min: 38388.7, Avg: 38388.7, Max: 38388.8, Diff: 0.1]
   [Code Root Fixup: 0.0 ms]
   [Code Root Migration: 0.1 ms]
   [Clear CT: 0.1 ms]
   [Other: 174.0 ms]
      [Choose CSet: 0.0 ms]
      [Ref Proc: 172.8 ms]
      [Ref Enq: 0.6 ms]
      [Free CSet: 0.5 ms]
   [Eden: 397.0M(397.0M)->0.0B(1680.0M) Survivors: 20.0M->19.0M Heap: 2375.7M(4096.0M)->1977.7M(4096.0M)]
 [Times: user=0.63 sys=0.01, real=0.18 secs] 
2016-01-06T01:04:20.140-0800: 38.803: [GC pause (young)
Desired survivor size 111673344 bytes, new threshold 15 (max 15)
- age   1:   17733016 bytes,   17733016 total
- age   2:      36864 bytes,   17769880 total
2016-01-06T01:04:20.344-0800: 39.007: [SoftReference, 0 refs, 0.0000430 secs]2016-01-06T01:04:20.344-0800: 39.007: [WeakReference, 0 refs, 0.0000070 secs]2016-01-06T01:04:20.344-0800: 39.007: [FinalReference, 0 refs, 0.0000050 secs]2016-01-06T01:04:20.344-0800: 39.007: [PhantomReference, 0 refs, 52590 refs, 0.0021350 secs]2016-01-06T01:04:20.346-0800: 39.009: [JNI Weak Reference, 0.0000100 secs], 0.2108880 secs]
   [Parallel Time: 12.3 ms, GC Workers: 4]
      [GC Worker Start (ms): Min: 38803.4, Avg: 38803.5, Max: 38803.5, Diff: 0.1]
      [Ext Root Scanning (ms): Min: 0.3, Avg: 0.4, Max: 0.4, Diff: 0.1, Sum: 1.5]
      [SATB Filtering (ms): Min: 0.0, Avg: 0.0, Max: 0.0, Diff: 0.0, Sum: 0.0]
      [Update RS (ms): Min: 0.0, Avg: 0.1, Max: 0.3, Diff: 0.3, Sum: 0.3]
         [Processed Buffers: Min: 0, Avg: 1.0, Max: 3, Diff: 3, Sum: 4]
      [Scan RS (ms): Min: 0.7, Avg: 0.8, Max: 0.9, Diff: 0.2, Sum: 3.2]
      [Code Root Scanning (ms): Min: 0.1, Avg: 0.1, Max: 0.1, Diff: 0.0, Sum: 0.4]
      [Object Copy (ms): Min: 10.7, Avg: 10.8, Max: 10.8, Diff: 0.1, Sum: 43.1]
      [Termination (ms): Min: 0.0, Avg: 0.0, Max: 0.0, Diff: 0.0, Sum: 0.0]
      [GC Worker Other (ms): Min: 0.0, Avg: 0.1, Max: 0.1, Diff: 0.1, Sum: 0.2]
      [GC Worker Total (ms): Min: 12.1, Avg: 12.2, Max: 12.2, Diff: 0.1, Sum: 48.6]
      [GC Worker End (ms): Min: 38815.6, Avg: 38815.6, Max: 38815.7, Diff: 0.0]
   [Code Root Fixup: 0.0 ms]
   [Code Root Migration: 0.2 ms]
   [Clear CT: 0.6 ms]
   [Other: 197.8 ms]
      [Choose CSet: 0.0 ms]
      [Ref Proc: 193.1 ms]
      [Ref Enq: 2.7 ms]
      [Free CSet: 1.9 ms]
   [Eden: 1680.0M(1680.0M)->0.0B(182.0M) Survivors: 19.0M->22.0M Heap: 3657.7M(4096.0M)->1980.7M(4096.0M)]
 [Times: user=0.74 sys=0.01, real=0.21 secs] 
2016-01-06T01:04:20.383-0800: 39.046: [GC pause (young)
Desired survivor size 13631488 bytes, new threshold 1 (max 15)
- age   1:   20596672 bytes,   20596672 total
- age   2:      36864 bytes,   20633536 total
2016-01-06T01:04:20.576-0800: 39.239: [SoftReference, 0 refs, 0.0000430 secs]2016-01-06T01:04:20.576-0800: 39.239: [WeakReference, 0 refs, 0.0000060 secs]2016-01-06T01:04:20.576-0800: 39.239: [FinalReference, 0 refs, 0.0000050 secs]2016-01-06T01:04:20.576-0800: 39.239: [PhantomReference, 0 refs, 6152 refs, 0.0002300 secs]2016-01-06T01:04:20.576-0800: 39.239: [JNI Weak Reference, 0.0000070 secs], 0.1941540 secs]
   [Parallel Time: 2.9 ms, GC Workers: 4]
      [GC Worker Start (ms): Min: 39045.6, Avg: 39046.0, Max: 39047.3, Diff: 1.7]
      [Ext Root Scanning (ms): Min: 0.0, Avg: 0.3, Max: 0.5, Diff: 0.5, Sum: 1.3]
      [SATB Filtering (ms): Min: 0.0, Avg: 0.0, Max: 0.0, Diff: 0.0, Sum: 0.0]
      [Update RS (ms): Min: 0.0, Avg: 0.0, Max: 0.1, Diff: 0.1, Sum: 0.2]
         [Processed Buffers: Min: 0, Avg: 1.0, Max: 3, Diff: 3, Sum: 4]
      [Scan RS (ms): Min: 0.0, Avg: 0.1, Max: 0.1, Diff: 0.1, Sum: 0.3]
      [Code Root Scanning (ms): Min: 0.0, Avg: 0.0, Max: 0.0, Diff: 0.0, Sum: 0.0]
      [Object Copy (ms): Min: 1.1, Avg: 1.9, Max: 2.2, Diff: 1.1, Sum: 7.7]
      [Termination (ms): Min: 0.0, Avg: 0.0, Max: 0.0, Diff: 0.0, Sum: 0.0]
      [GC Worker Other (ms): Min: 0.0, Avg: 0.0, Max: 0.0, Diff: 0.0, Sum: 0.1]
      [GC Worker Total (ms): Min: 1.1, Avg: 2.4, Max: 2.8, Diff: 1.7, Sum: 9.6]
      [GC Worker End (ms): Min: 39048.4, Avg: 39048.4, Max: 39048.4, Diff: 0.0]
   [Code Root Fixup: 0.0 ms]
   [Code Root Migration: 0.0 ms]
   [Clear CT: 0.1 ms]
   [Other: 191.1 ms]
      [Choose CSet: 0.0 ms]
      [Ref Proc: 190.4 ms]
      [Ref Enq: 0.3 ms]
      [Free CSet: 0.3 ms]
   [Eden: 182.0M(182.0M)->0.0B(461.0M) Survivors: 22.0M->19.0M Heap: 2162.7M(4096.0M)->1977.7M(4096.0M)]
 [Times: user=0.73 sys=0.01, real=0.19 secs] 
2016-01-06T01:04:20.647-0800: 39.310: [GC pause (young)
Desired survivor size 31457280 bytes, new threshold 15 (max 15)
- age   1:   17253136 bytes,   17253136 total
2016-01-06T01:04:20.838-0800: 39.501: [SoftReference, 0 refs, 0.0000460 secs]2016-01-06T01:04:20.838-0800: 39.501: [WeakReference, 0 refs, 0.0000110 secs]2016-01-06T01:04:20.838-0800: 39.501: [FinalReference, 0 refs, 0.0000090 secs]2016-01-06T01:04:20.838-0800: 39.501: [PhantomReference, 0 refs, 14801 refs, 0.0008320 secs]2016-01-06T01:04:20.839-0800: 39.502: [JNI Weak Reference, 0.0000130 secs], 0.1937180 secs]
   [Parallel Time: 4.1 ms, GC Workers: 4]
      [GC Worker Start (ms): Min: 39310.2, Avg: 39310.2, Max: 39310.2, Diff: 0.1]
      [Ext Root Scanning (ms): Min: 0.3, Avg: 0.4, Max: 0.4, Diff: 0.1, Sum: 1.4]
      [SATB Filtering (ms): Min: 0.0, Avg: 0.0, Max: 0.0, Diff: 0.0, Sum: 0.0]
      [Update RS (ms): Min: 0.0, Avg: 0.1, Max: 0.3, Diff: 0.3, Sum: 0.3]
         [Processed Buffers: Min: 0, Avg: 1.0, Max: 2, Diff: 2, Sum: 4]
      [Scan RS (ms): Min: 0.1, Avg: 0.2, Max: 0.3, Diff: 0.2, Sum: 0.9]
      [Code Root Scanning (ms): Min: 0.0, Avg: 0.0, Max: 0.0, Diff: 0.0, Sum: 0.1]
      [Object Copy (ms): Min: 3.3, Avg: 3.3, Max: 3.3, Diff: 0.0, Sum: 13.3]
      [Termination (ms): Min: 0.0, Avg: 0.0, Max: 0.0, Diff: 0.0, Sum: 0.0]
      [GC Worker Other (ms): Min: 0.0, Avg: 0.0, Max: 0.0, Diff: 0.0, Sum: 0.1]
      [GC Worker Total (ms): Min: 4.0, Avg: 4.1, Max: 4.1, Diff: 0.1, Sum: 16.2]
      [GC Worker End (ms): Min: 39314.2, Avg: 39314.2, Max: 39314.2, Diff: 0.0]
   [Code Root Fixup: 0.0 ms]
   [Code Root Migration: 0.1 ms]
   [Clear CT: 0.2 ms]
   [Other: 189.3 ms]
      [Choose CSet: 0.0 ms]
      [Ref Proc: 187.9 ms]
      [Ref Enq: 0.7 ms]
      [Free CSet: 0.5 ms]
   [Eden: 461.0M(461.0M)->0.0B(930.0M) Survivors: 19.0M->19.0M Heap: 2438.7M(4096.0M)->1977.7M(4096.0M)]
 [Times: user=0.74 sys=0.00, real=0.19 secs] 
2016-01-06T01:04:20.985-0800: 39.648: [GC pause (young)
Desired survivor size 62390272 bytes, new threshold 15 (max 15)
- age   1:   17875864 bytes,   17875864 total
- age   2:      36864 bytes,   17912728 total
2016-01-06T01:04:21.181-0800: 39.844: [SoftReference, 0 refs, 0.0000430 secs]2016-01-06T01:04:21.181-0800: 39.844: [WeakReference, 0 refs, 0.0000060 secs]2016-01-06T01:04:21.181-0800: 39.844: [FinalReference, 0 refs, 0.0000060 secs]2016-01-06T01:04:21.181-0800: 39.844: [PhantomReference, 0 refs, 29340 refs, 0.0010010 secs]2016-01-06T01:04:21.182-0800: 39.845: [JNI Weak Reference, 0.0000070 secs], 0.2002460 secs]
   [Parallel Time: 7.8 ms, GC Workers: 4]
      [GC Worker Start (ms): Min: 39647.8, Avg: 39647.8, Max: 39647.8, Diff: 0.1]
      [Ext Root Scanning (ms): Min: 0.4, Avg: 0.4, Max: 0.4, Diff: 0.1, Sum: 1.5]
      [SATB Filtering (ms): Min: 0.0, Avg: 0.0, Max: 0.0, Diff: 0.0, Sum: 0.0]
      [Update RS (ms): Min: 0.0, Avg: 0.1, Max: 0.2, Diff: 0.2, Sum: 0.2]
         [Processed Buffers: Min: 0, Avg: 1.0, Max: 2, Diff: 2, Sum: 4]
      [Scan RS (ms): Min: 0.4, Avg: 0.5, Max: 0.5, Diff: 0.1, Sum: 1.8]
      [Code Root Scanning (ms): Min: 0.0, Avg: 0.0, Max: 0.1, Diff: 0.0, Sum: 0.2]
      [Object Copy (ms): Min: 5.6, Avg: 5.9, Max: 6.7, Diff: 1.1, Sum: 23.6]
      [Termination (ms): Min: 0.0, Avg: 0.8, Max: 1.0, Diff: 1.0, Sum: 3.1]
      [GC Worker Other (ms): Min: 0.0, Avg: 0.0, Max: 0.1, Diff: 0.1, Sum: 0.2]
      [GC Worker Total (ms): Min: 7.6, Avg: 7.7, Max: 7.7, Diff: 0.1, Sum: 30.6]
      [GC Worker End (ms): Min: 39655.4, Avg: 39655.5, Max: 39655.5, Diff: 0.0]
   [Code Root Fixup: 0.0 ms]
   [Code Root Migration: 0.1 ms]
   [Clear CT: 0.2 ms]
   [Other: 192.1 ms]
      [Choose CSet: 0.0 ms]
      [Ref Proc: 189.7 ms]
      [Ref Enq: 1.3 ms]
      [Free CSet: 1.0 ms]
   [Eden: 930.0M(930.0M)->0.0B(835.0M) Survivors: 19.0M->20.0M Heap: 2907.7M(4096.0M)->1978.7M(4096.0M)]
 [Times: user=0.74 sys=0.00, real=0.21 secs] 
2016-01-06T01:04:21.303-0800: 39.966: [GC pause (young)
Desired survivor size 56098816 bytes, new threshold 15 (max 15)
- age   1:   18922672 bytes,   18922672 total
- age   2:      36864 bytes,   18959536 total
2016-01-06T01:04:21.502-0800: 40.165: [SoftReference, 0 refs, 0.0000430 secs]2016-01-06T01:04:21.502-0800: 40.165: [WeakReference, 0 refs, 0.0000070 secs]2016-01-06T01:04:21.502-0800: 40.165: [FinalReference, 0 refs, 0.0000050 secs]2016-01-06T01:04:21.502-0800: 40.165: [PhantomReference, 0 refs, 26395 refs, 0.0009530 secs]2016-01-06T01:04:21.503-0800: 40.166: [JNI Weak Reference, 0.0000080 secs], 0.2027670 secs]
   [Parallel Time: 6.1 ms, GC Workers: 4]
      [GC Worker Start (ms): Min: 39965.6, Avg: 39965.7, Max: 39965.7, Diff: 0.1]
      [Ext Root Scanning (ms): Min: 0.3, Avg: 0.4, Max: 0.4, Diff: 0.1, Sum: 1.4]
      [SATB Filtering (ms): Min: 0.0, Avg: 0.0, Max: 0.0, Diff: 0.0, Sum: 0.0]
      [Update RS (ms): Min: 0.0, Avg: 0.1, Max: 0.2, Diff: 0.2, Sum: 0.2]
         [Processed Buffers: Min: 0, Avg: 1.0, Max: 3, Diff: 3, Sum: 4]
      [Scan RS (ms): Min: 0.3, Avg: 0.4, Max: 0.5, Diff: 0.2, Sum: 1.6]
      [Code Root Scanning (ms): Min: 0.0, Avg: 0.0, Max: 0.0, Diff: 0.0, Sum: 0.2]
      [Object Copy (ms): Min: 5.1, Avg: 5.1, Max: 5.1, Diff: 0.1, Sum: 20.4]
      [Termination (ms): Min: 0.0, Avg: 0.0, Max: 0.0, Diff: 0.0, Sum: 0.0]
      [GC Worker Other (ms): Min: 0.0, Avg: 0.1, Max: 0.1, Diff: 0.1, Sum: 0.2]
      [GC Worker Total (ms): Min: 6.0, Avg: 6.0, Max: 6.1, Diff: 0.1, Sum: 24.1]
      [GC Worker End (ms): Min: 39971.6, Avg: 39971.7, Max: 39971.7, Diff: 0.1]
   [Code Root Fixup: 0.0 ms]
   [Code Root Migration: 0.1 ms]
   [Clear CT: 0.2 ms]
   [Other: 196.3 ms]
      [Choose CSet: 0.0 ms]
      [Ref Proc: 194.0 ms]
      [Ref Enq: 1.2 ms]
      [Free CSet: 1.0 ms]
   [Eden: 835.0M(835.0M)->0.0B(308.0M) Survivors: 20.0M->20.0M Heap: 2813.7M(4096.0M)->1978.7M(4096.0M)]
 [Times: user=0.76 sys=0.00, real=0.21 secs] 
2016-01-06T01:04:21.539-0800: 40.202: [GC concurrent-mark-end, 12.7440950 secs]
2016-01-06T01:04:21.539-0800: 40.202: [GC remark 2016-01-06T01:04:21.541-0800: 40.204: [GC ref-proc2016-01-06T01:04:21.541-0800: 40.204: [SoftReference, 0 refs, 0.0000260 secs]2016-01-06T01:04:21.541-0800: 40.204: [WeakReference, 3 refs, 0.0000140 secs]2016-01-06T01:04:21.541-0800: 40.204: [FinalReference, 4 refs, 0.0000130 secs]2016-01-06T01:04:21.541-0800: 40.204: [PhantomReference, 0 refs, 10482437 refs, 1.6111620 secs]2016-01-06T01:04:23.152-0800: 41.815: [JNI Weak Reference, 0.0000200 secs], 1.6113150 secs], 1.6211060 secs]
 [Times: user=1.14 sys=0.50, real=1.62 secs] 
2016-01-06T01:04:23.160-0800: 41.823: [GC cleanup 2207M->2194M(4096M), 0.0054240 secs]
 [Times: user=0.02 sys=0.00, real=0.01 secs] 
2016-01-06T01:04:23.166-0800: 41.829: [GC concurrent-cleanup-start]
2016-01-06T01:04:23.166-0800: 41.829: [GC concurrent-cleanup-end, 0.0000590 secs]
2016-01-06T01:04:23.185-0800: 41.848: [GC pause (young)
Desired survivor size 21495808 bytes, new threshold 15 (max 15)
- age   1:   18710632 bytes,   18710632 total
- age   2:      36864 bytes,   18747496 total
2016-01-06T01:04:23.191-0800: 41.854: [SoftReference, 0 refs, 0.0000460 secs]2016-01-06T01:04:23.191-0800: 41.854: [WeakReference, 0 refs, 0.0000070 secs]2016-01-06T01:04:23.191-0800: 41.854: [FinalReference, 0 refs, 0.0000050 secs]2016-01-06T01:04:23.191-0800: 41.854: [PhantomReference, 0 refs, 10058 refs, 0.0003260 secs]2016-01-06T01:04:23.192-0800: 41.855: [JNI Weak Reference, 0.0000070 secs], 0.0075180 secs]
   [Parallel Time: 3.4 ms, GC Workers: 4]
      [GC Worker Start (ms): Min: 41848.1, Avg: 41848.2, Max: 41848.2, Diff: 0.1]
      [Ext Root Scanning (ms): Min: 0.3, Avg: 0.4, Max: 0.4, Diff: 0.1, Sum: 1.5]
      [Update RS (ms): Min: 0.0, Avg: 0.1, Max: 0.2, Diff: 0.2, Sum: 0.2]
         [Processed Buffers: Min: 0, Avg: 1.0, Max: 2, Diff: 2, Sum: 4]
      [Scan RS (ms): Min: 0.0, Avg: 0.1, Max: 0.2, Diff: 0.2, Sum: 0.6]
      [Code Root Scanning (ms): Min: 0.0, Avg: 0.0, Max: 0.0, Diff: 0.0, Sum: 0.1]
      [Object Copy (ms): Min: 2.7, Avg: 2.7, Max: 2.7, Diff: 0.0, Sum: 10.8]
      [Termination (ms): Min: 0.0, Avg: 0.0, Max: 0.0, Diff: 0.0, Sum: 0.0]
      [GC Worker Other (ms): Min: 0.0, Avg: 0.0, Max: 0.0, Diff: 0.0, Sum: 0.1]
      [GC Worker Total (ms): Min: 3.3, Avg: 3.3, Max: 3.4, Diff: 0.1, Sum: 13.2]
      [GC Worker End (ms): Min: 41851.5, Avg: 41851.5, Max: 41851.5, Diff: 0.0]
   [Code Root Fixup: 0.0 ms]
   [Code Root Migration: 0.0 ms]
   [Clear CT: 0.2 ms]
   [Other: 3.9 ms]
      [Choose CSet: 0.0 ms]
      [Ref Proc: 3.2 ms]
      [Ref Enq: 0.2 ms]
      [Free CSet: 0.4 ms]
   [Eden: 308.0M(308.0M)->0.0B(1693.0M) Survivors: 20.0M->19.0M Heap: 2273.7M(4096.0M)->1964.2M(4096.0M)]
 [Times: user=0.02 sys=0.00, real=0.00 secs] 
2016-01-06T01:04:23.435-0800: 42.098: [GC pause (young)
Desired survivor size 112197632 bytes, new threshold 15 (max 15)
- age   1:   17534368 bytes,   17534368 total
- age   2:      36864 bytes,   17571232 total
2016-01-06T01:04:23.448-0800: 42.111: [SoftReference, 0 refs, 0.0000520 secs]2016-01-06T01:04:23.448-0800: 42.111: [WeakReference, 0 refs, 0.0000070 secs]2016-01-06T01:04:23.448-0800: 42.111: [FinalReference, 0 refs, 0.0000050 secs]2016-01-06T01:04:23.448-0800: 42.111: [PhantomReference, 0 refs, 52993 refs, 0.0019150 secs]2016-01-06T01:04:23.450-0800: 42.113: [JNI Weak Reference, 0.0000100 secs], 0.0189100 secs]
   [Parallel Time: 13.2 ms, GC Workers: 4]
      [GC Worker Start (ms): Min: 42097.9, Avg: 42100.4, Max: 42107.9, Diff: 10.0]
      [Ext Root Scanning (ms): Min: 0.0, Avg: 0.3, Max: 0.5, Diff: 0.4, Sum: 1.3]
      [Update RS (ms): Min: 0.0, Avg: 0.0, Max: 0.1, Diff: 0.1, Sum: 0.2]
         [Processed Buffers: Min: 0, Avg: 1.0, Max: 2, Diff: 2, Sum: 4]
      [Scan RS (ms): Min: 0.4, Avg: 0.8, Max: 0.9, Diff: 0.6, Sum: 3.1]
      [Code Root Scanning (ms): Min: 0.0, Avg: 0.1, Max: 0.1, Diff: 0.1, Sum: 0.3]
      [Object Copy (ms): Min: 0.0, Avg: 7.3, Max: 11.6, Diff: 11.6, Sum: 29.0]
      [Termination (ms): Min: 0.0, Avg: 2.1, Max: 2.9, Diff: 2.9, Sum: 8.6]
      [GC Worker Other (ms): Min: 0.0, Avg: 0.0, Max: 0.0, Diff: 0.0, Sum: 0.1]
      [GC Worker Total (ms): Min: 3.2, Avg: 10.6, Max: 13.2, Diff: 10.0, Sum: 42.6]
      [GC Worker End (ms): Min: 42111.1, Avg: 42111.1, Max: 42111.1, Diff: 0.0]
   [Code Root Fixup: 0.0 ms]
   [Code Root Migration: 0.2 ms]
   [Clear CT: 0.5 ms]
   [Other: 5.0 ms]
      [Choose CSet: 0.0 ms]
      [Ref Proc: 2.1 ms]
      [Ref Enq: 0.9 ms]
      [Free CSet: 1.8 ms]
   [Eden: 1693.0M(1693.0M)->0.0B(1692.0M) Survivors: 19.0M->22.0M Heap: 3657.2M(4096.0M)->1967.2M(4096.0M)]
 [Times: user=0.05 sys=0.00, real=0.02 secs] 
2016-01-06T01:04:23.693-0800: 42.356: [GC pause (young) (initial-mark)
Desired survivor size 112721920 bytes, new threshold 15 (max 15)
- age   1:   20625688 bytes,   20625688 total
- age   2:      36864 bytes,   20662552 total
2016-01-06T01:04:23.706-0800: 42.369: [SoftReference, 0 refs, 0.0000440 secs]2016-01-06T01:04:23.706-0800: 42.369: [WeakReference, 0 refs, 0.0000060 secs]2016-01-06T01:04:23.706-0800: 42.369: [FinalReference, 0 refs, 0.0000060 secs]2016-01-06T01:04:23.706-0800: 42.369: [PhantomReference, 0 refs, 52961 refs, 0.0014900 secs]2016-01-06T01:04:23.707-0800: 42.370: [JNI Weak Reference, 0.0000080 secs], 0.0177540 secs]
   [Parallel Time: 11.8 ms, GC Workers: 4]
      [GC Worker Start (ms): Min: 42356.6, Avg: 42356.6, Max: 42356.6, Diff: 0.1]
      [Ext Root Scanning (ms): Min: 0.3, Avg: 0.4, Max: 0.4, Diff: 0.1, Sum: 1.5]
      [Code Root Marking (ms): Min: 0.2, Avg: 0.2, Max: 0.3, Diff: 0.1, Sum: 1.0]
      [Update RS (ms): Min: 0.0, Avg: 0.1, Max: 0.2, Diff: 0.2, Sum: 0.2]
         [Processed Buffers: Min: 0, Avg: 1.0, Max: 3, Diff: 3, Sum: 4]
      [Scan RS (ms): Min: 0.6, Avg: 0.7, Max: 0.8, Diff: 0.2, Sum: 3.0]
      [Code Root Scanning (ms): Min: 0.1, Avg: 0.1, Max: 0.1, Diff: 0.0, Sum: 0.3]
      [Object Copy (ms): Min: 10.1, Avg: 10.1, Max: 10.2, Diff: 0.1, Sum: 40.5]
      [Termination (ms): Min: 0.0, Avg: 0.0, Max: 0.0, Diff: 0.0, Sum: 0.0]
      [GC Worker Other (ms): Min: 0.0, Avg: 0.1, Max: 0.1, Diff: 0.1, Sum: 0.3]
      [GC Worker Total (ms): Min: 11.7, Avg: 11.7, Max: 11.7, Diff: 0.1, Sum: 46.8]
      [GC Worker End (ms): Min: 42368.3, Avg: 42368.3, Max: 42368.3, Diff: 0.1]
   [Code Root Fixup: 0.0 ms]
   [Code Root Migration: 0.2 ms]
   [Clear CT: 0.5 ms]
   [Other: 5.2 ms]
      [Choose CSet: 0.0 ms]
      [Ref Proc: 1.7 ms]
      [Ref Enq: 0.9 ms]
      [Free CSet: 1.8 ms]
   [Eden: 1692.0M(1692.0M)->0.0B(1692.0M) Survivors: 22.0M->22.0M Heap: 3659.2M(4096.0M)->1967.2M(4096.0M)]
 [Times: user=0.05 sys=0.00, real=0.02 secs] 
2016-01-06T01:04:23.711-0800: 42.374: [GC concurrent-root-region-scan-start]
2016-01-06T01:04:23.719-0800: 42.382: [GC concurrent-root-region-scan-end, 0.0078540 secs]
2016-01-06T01:04:23.719-0800: 42.382: [GC concurrent-mark-start]
2016-01-06T01:04:24.335-0800: 42.998: [GC pause (young)
Desired survivor size 112721920 bytes, new threshold 15 (max 15)
- age   1:   20623456 bytes,   20623456 total
- age   2:      36864 bytes,   20660320 total
2016-01-06T01:04:24.361-0800: 43.024: [SoftReference, 0 refs, 0.0000470 secs]2016-01-06T01:04:24.361-0800: 43.024: [WeakReference, 0 refs, 0.0000060 secs]2016-01-06T01:04:24.361-0800: 43.024: [FinalReference, 0 refs, 0.0000050 secs]2016-01-06T01:04:24.361-0800: 43.024: [PhantomReference, 0 refs, 52962 refs, 0.0019400 secs]2016-01-06T01:04:24.363-0800: 43.026: [JNI Weak Reference, 0.0000090 secs], 0.0338450 secs]
   [Parallel Time: 22.6 ms, GC Workers: 4]
      [GC Worker Start (ms): Min: 42997.6, Avg: 42997.6, Max: 42997.6, Diff: 0.1]
      [Ext Root Scanning (ms): Min: 0.3, Avg: 0.4, Max: 0.4, Diff: 0.1, Sum: 1.4]
      [SATB Filtering (ms): Min: 0.0, Avg: 0.0, Max: 0.0, Diff: 0.0, Sum: 0.0]
      [Update RS (ms): Min: 10.5, Avg: 10.7, Max: 10.9, Diff: 0.4, Sum: 42.9]
         [Processed Buffers: Min: 15, Avg: 16.2, Max: 18, Diff: 3, Sum: 65]
      [Scan RS (ms): Min: 0.6, Avg: 0.8, Max: 0.9, Diff: 0.3, Sum: 3.1]
      [Code Root Scanning (ms): Min: 0.1, Avg: 0.1, Max: 0.1, Diff: 0.0, Sum: 0.4]
      [Object Copy (ms): Min: 10.4, Avg: 10.5, Max: 10.5, Diff: 0.1, Sum: 41.8]
      [Termination (ms): Min: 0.0, Avg: 0.0, Max: 0.0, Diff: 0.0, Sum: 0.0]
      [GC Worker Other (ms): Min: 0.0, Avg: 0.1, Max: 0.1, Diff: 0.0, Sum: 0.2]
      [GC Worker Total (ms): Min: 22.4, Avg: 22.4, Max: 22.5, Diff: 0.1, Sum: 89.8]
      [GC Worker End (ms): Min: 43020.0, Avg: 43020.1, Max: 43020.1, Diff: 0.0]
   [Code Root Fixup: 0.0 ms]
   [Code Root Migration: 0.3 ms]
   [Clear CT: 0.6 ms]
   [Other: 10.3 ms]
      [Choose CSet: 0.0 ms]
      [Ref Proc: 5.7 ms]
      [Ref Enq: 2.7 ms]
      [Free CSet: 1.9 ms]
   [Eden: 1692.0M(1692.0M)->0.0B(1693.0M) Survivors: 22.0M->22.0M Heap: 3659.2M(4096.0M)->1967.7M(4096.0M)]
 [Times: user=0.11 sys=0.00, real=0.04 secs] 
2016-01-06T01:04:24.629-0800: 43.292: [GC pause (young)
Desired survivor size 112721920 bytes, new threshold 15 (max 15)
- age   1:   20623456 bytes,   20623456 total
- age   2:      36864 bytes,   20660320 total
2016-01-06T01:04:24.683-0800: 43.346: [SoftReference, 0 refs, 0.0000520 secs]2016-01-06T01:04:24.683-0800: 43.346: [WeakReference, 0 refs, 0.0000070 secs]2016-01-06T01:04:24.683-0800: 43.346: [FinalReference, 0 refs, 0.0000060 secs]2016-01-06T01:04:24.683-0800: 43.346: [PhantomReference, 0 refs, 52992 refs, 0.0019070 secs]2016-01-06T01:04:24.685-0800: 43.348: [JNI Weak Reference, 0.0000090 secs], 0.0612770 secs]
   [Parallel Time: 32.6 ms, GC Workers: 4]
      [GC Worker Start (ms): Min: 43292.2, Avg: 43292.2, Max: 43292.2, Diff: 0.1]
      [Ext Root Scanning (ms): Min: 0.3, Avg: 0.4, Max: 0.4, Diff: 0.1, Sum: 1.4]
      [SATB Filtering (ms): Min: 0.0, Avg: 0.0, Max: 0.0, Diff: 0.0, Sum: 0.0]
      [Update RS (ms): Min: 19.3, Avg: 19.6, Max: 19.9, Diff: 0.6, Sum: 78.5]
         [Processed Buffers: Min: 28, Avg: 28.5, Max: 29, Diff: 1, Sum: 114]
      [Scan RS (ms): Min: 0.6, Avg: 0.8, Max: 1.0, Diff: 0.4, Sum: 3.1]
      [Code Root Scanning (ms): Min: 0.1, Avg: 0.1, Max: 0.1, Diff: 0.1, Sum: 0.4]
      [Object Copy (ms): Min: 11.5, Avg: 11.5, Max: 11.6, Diff: 0.1, Sum: 46.2]
      [Termination (ms): Min: 0.0, Avg: 0.0, Max: 0.0, Diff: 0.0, Sum: 0.0]
      [GC Worker Other (ms): Min: 0.0, Avg: 0.1, Max: 0.1, Diff: 0.1, Sum: 0.2]
      [GC Worker Total (ms): Min: 32.4, Avg: 32.4, Max: 32.5, Diff: 0.1, Sum: 129.7]
      [GC Worker End (ms): Min: 43324.6, Avg: 43324.6, Max: 43324.7, Diff: 0.1]
   [Code Root Fixup: 0.0 ms]
   [Code Root Migration: 0.2 ms]
   [Clear CT: 0.4 ms]
   [Other: 28.1 ms]
      [Choose CSet: 0.0 ms]
      [Ref Proc: 23.6 ms]
      [Ref Enq: 2.4 ms]
      [Free CSet: 1.9 ms]
   [Eden: 1693.0M(1693.0M)->0.0B(1693.0M) Survivors: 22.0M->22.0M Heap: 3660.7M(4096.0M)->1967.2M(4096.0M)]
 [Times: user=0.22 sys=0.00, real=0.06 secs] 
2016-01-06T01:04:24.948-0800: 43.611: [GC pause (young)
Desired survivor size 112721920 bytes, new threshold 15 (max 15)
- age   1:   20625688 bytes,   20625688 total
- age   2:      36864 bytes,   20662552 total
2016-01-06T01:04:25.027-0800: 43.690: [SoftReference, 0 refs, 0.0000470 secs]2016-01-06T01:04:25.027-0800: 43.690: [WeakReference, 0 refs, 0.0000060 secs]2016-01-06T01:04:25.027-0800: 43.690: [FinalReference, 0 refs, 0.0000050 secs]2016-01-06T01:04:25.027-0800: 43.690: [PhantomReference, 0 refs, 52992 refs, 0.0019200 secs]2016-01-06T01:04:25.029-0800: 43.692: [JNI Weak Reference, 0.0000080 secs], 0.0854610 secs]
   [Parallel Time: 42.2 ms, GC Workers: 4]
      [GC Worker Start (ms): Min: 43611.3, Avg: 43612.5, Max: 43615.9, Diff: 4.6]
      [Ext Root Scanning (ms): Min: 0.0, Avg: 0.3, Max: 0.5, Diff: 0.5, Sum: 1.3]
      [SATB Filtering (ms): Min: 0.0, Avg: 0.0, Max: 0.0, Diff: 0.0, Sum: 0.0]
      [Update RS (ms): Min: 24.3, Avg: 27.6, Max: 28.8, Diff: 4.4, Sum: 110.3]
         [Processed Buffers: Min: 35, Avg: 40.0, Max: 48, Diff: 13, Sum: 160]
      [Scan RS (ms): Min: 0.7, Avg: 0.8, Max: 0.9, Diff: 0.2, Sum: 3.1]
      [Code Root Scanning (ms): Min: 0.1, Avg: 0.1, Max: 0.1, Diff: 0.0, Sum: 0.3]
      [Object Copy (ms): Min: 12.1, Avg: 12.2, Max: 12.2, Diff: 0.0, Sum: 48.7]
      [Termination (ms): Min: 0.0, Avg: 0.0, Max: 0.0, Diff: 0.0, Sum: 0.0]
      [GC Worker Other (ms): Min: 0.0, Avg: 0.1, Max: 0.1, Diff: 0.1, Sum: 0.2]
      [GC Worker Total (ms): Min: 37.6, Avg: 41.0, Max: 42.2, Diff: 4.6, Sum: 164.0]
      [GC Worker End (ms): Min: 43653.4, Avg: 43653.5, Max: 43653.5, Diff: 0.1]
   [Code Root Fixup: 0.0 ms]
   [Code Root Migration: 0.2 ms]
   [Clear CT: 0.4 ms]
   [Other: 42.6 ms]
      [Choose CSet: 0.0 ms]
      [Ref Proc: 38.2 ms]
      [Ref Enq: 2.4 ms]
      [Free CSet: 1.9 ms]
   [Eden: 1693.0M(1693.0M)->0.0B(1694.0M) Survivors: 22.0M->22.0M Heap: 3660.2M(4096.0M)->1967.7M(4096.0M)]
 [Times: user=0.30 sys=0.00, real=0.08 secs] 
2016-01-06T01:04:25.302-0800: 43.965: [GC pause (young)
Desired survivor size 112721920 bytes, new threshold 15 (max 15)
- age   1:   20625688 bytes,   20625688 total
- age   2:      36864 bytes,   20662552 total
2016-01-06T01:04:25.381-0800: 44.043: [SoftReference, 0 refs, 0.0000450 secs]2016-01-06T01:04:25.381-0800: 44.044: [WeakReference, 0 refs, 0.0000060 secs]2016-01-06T01:04:25.381-0800: 44.044: [FinalReference, 0 refs, 0.0000050 secs]2016-01-06T01:04:25.381-0800: 44.044: [PhantomReference, 0 refs, 53023 refs, 0.0019090 secs]2016-01-06T01:04:25.383-0800: 44.045: [JNI Weak Reference, 0.0000090 secs], 0.0856210 secs]
   [Parallel Time: 30.5 ms, GC Workers: 4]
      [GC Worker Start (ms): Min: 43965.0, Avg: 43965.7, Max: 43967.9, Diff: 3.0]
      [Ext Root Scanning (ms): Min: 0.0, Avg: 0.3, Max: 0.5, Diff: 0.5, Sum: 1.3]
      [SATB Filtering (ms): Min: 0.0, Avg: 0.0, Max: 0.0, Diff: 0.0, Sum: 0.0]
      [Update RS (ms): Min: 15.7, Avg: 17.5, Max: 18.4, Diff: 2.7, Sum: 69.9]
         [Processed Buffers: Min: 23, Avg: 25.8, Max: 28, Diff: 5, Sum: 103]
      [Scan RS (ms): Min: 0.6, Avg: 0.8, Max: 1.1, Diff: 0.5, Sum: 3.3]
      [Code Root Scanning (ms): Min: 0.1, Avg: 0.1, Max: 0.1, Diff: 0.1, Sum: 0.3]
      [Object Copy (ms): Min: 10.8, Avg: 10.8, Max: 10.9, Diff: 0.1, Sum: 43.2]
      [Termination (ms): Min: 0.0, Avg: 0.0, Max: 0.0, Diff: 0.0, Sum: 0.0]
      [GC Worker Other (ms): Min: 0.0, Avg: 0.1, Max: 0.1, Diff: 0.1, Sum: 0.3]
      [GC Worker Total (ms): Min: 27.4, Avg: 29.6, Max: 30.4, Diff: 3.0, Sum: 118.4]
      [GC Worker End (ms): Min: 43995.3, Avg: 43995.3, Max: 43995.4, Diff: 0.1]
   [Code Root Fixup: 0.0 ms]
   [Code Root Migration: 0.2 ms]
   [Clear CT: 0.4 ms]
   [Other: 54.5 ms]
      [Choose CSet: 0.0 ms]
      [Ref Proc: 50.1 ms]
      [Ref Enq: 2.5 ms]
      [Free CSet: 1.9 ms]
   [Eden: 1694.0M(1694.0M)->0.0B(1694.0M) Survivors: 22.0M->22.0M Heap: 3661.7M(4096.0M)->1967.7M(4096.0M)]
 [Times: user=0.31 sys=0.00, real=0.09 secs] 
2016-01-06T01:04:25.630-0800: 44.293: [GC pause (young)
Desired survivor size 112721920 bytes, new threshold 15 (max 15)
- age   1:   20627920 bytes,   20627920 total
- age   2:      36864 bytes,   20664784 total
2016-01-06T01:04:25.721-0800: 44.384: [SoftReference, 0 refs, 0.0000450 secs]2016-01-06T01:04:25.721-0800: 44.384: [WeakReference, 0 refs, 0.0000060 secs]2016-01-06T01:04:25.721-0800: 44.384: [FinalReference, 0 refs, 0.0000060 secs]2016-01-06T01:04:25.721-0800: 44.384: [PhantomReference, 0 refs, 53024 refs, 0.0018220 secs]2016-01-06T01:04:25.723-0800: 44.386: [JNI Weak Reference, 0.0000070 secs], 0.0974580 secs]
   [Parallel Time: 34.0 ms, GC Workers: 4]
      [GC Worker Start (ms): Min: 44293.4, Avg: 44293.7, Max: 44294.5, Diff: 1.1]
      [Ext Root Scanning (ms): Min: 0.0, Avg: 0.3, Max: 0.5, Diff: 0.5, Sum: 1.3]
      [SATB Filtering (ms): Min: 0.0, Avg: 0.0, Max: 0.0, Diff: 0.0, Sum: 0.0]
      [Update RS (ms): Min: 21.2, Avg: 21.4, Max: 21.6, Diff: 0.4, Sum: 85.5]
         [Processed Buffers: Min: 30, Avg: 30.8, Max: 31, Diff: 1, Sum: 123]
      [Scan RS (ms): Min: 0.6, Avg: 0.8, Max: 1.0, Diff: 0.4, Sum: 3.1]
      [Code Root Scanning (ms): Min: 0.1, Avg: 0.1, Max: 0.1, Diff: 0.1, Sum: 0.4]
      [Object Copy (ms): Min: 11.0, Avg: 11.0, Max: 11.1, Diff: 0.1, Sum: 44.1]
      [Termination (ms): Min: 0.0, Avg: 0.0, Max: 0.0, Diff: 0.0, Sum: 0.0]
      [GC Worker Other (ms): Min: 0.0, Avg: 0.1, Max: 0.1, Diff: 0.0, Sum: 0.3]
      [GC Worker Total (ms): Min: 32.8, Avg: 33.6, Max: 33.9, Diff: 1.1, Sum: 134.5]
      [GC Worker End (ms): Min: 44327.3, Avg: 44327.3, Max: 44327.3, Diff: 0.0]
   [Code Root Fixup: 0.0 ms]
   [Code Root Migration: 0.2 ms]
   [Clear CT: 0.4 ms]
   [Other: 62.8 ms]
      [Choose CSet: 0.0 ms]
      [Ref Proc: 58.4 ms]
      [Ref Enq: 2.5 ms]
      [Free CSet: 1.8 ms]
   [Eden: 1694.0M(1694.0M)->0.0B(1694.0M) Survivors: 22.0M->22.0M Heap: 3661.7M(4096.0M)->1967.7M(4096.0M)]
 [Times: user=0.35 sys=0.01, real=0.10 secs] 
2016-01-06T01:04:25.974-0800: 44.637: [GC pause (young)
Desired survivor size 112721920 bytes, new threshold 15 (max 15)
- age   1:   20627920 bytes,   20627920 total
- age   2:      36864 bytes,   20664784 total
2016-01-06T01:04:26.080-0800: 44.743: [SoftReference, 0 refs, 0.0000430 secs]2016-01-06T01:04:26.080-0800: 44.743: [WeakReference, 0 refs, 0.0000060 secs]2016-01-06T01:04:26.080-0800: 44.743: [FinalReference, 0 refs, 0.0000050 secs]2016-01-06T01:04:26.080-0800: 44.743: [PhantomReference, 0 refs, 53024 refs, 0.0018340 secs]2016-01-06T01:04:26.082-0800: 44.745: [JNI Weak Reference, 0.0000090 secs], 0.1130040 secs]
   [Parallel Time: 32.5 ms, GC Workers: 4]
      [GC Worker Start (ms): Min: 44636.8, Avg: 44636.8, Max: 44636.9, Diff: 0.1]
      [Ext Root Scanning (ms): Min: 0.3, Avg: 0.4, Max: 0.4, Diff: 0.1, Sum: 1.4]
      [SATB Filtering (ms): Min: 0.0, Avg: 0.0, Max: 0.0, Diff: 0.0, Sum: 0.0]
      [Update RS (ms): Min: 18.8, Avg: 18.9, Max: 19.1, Diff: 0.2, Sum: 75.6]
         [Processed Buffers: Min: 27, Avg: 27.2, Max: 28, Diff: 1, Sum: 109]
      [Scan RS (ms): Min: 0.7, Avg: 0.8, Max: 0.9, Diff: 0.1, Sum: 3.1]
      [Code Root Scanning (ms): Min: 0.1, Avg: 0.1, Max: 0.1, Diff: 0.0, Sum: 0.3]
      [Object Copy (ms): Min: 12.2, Avg: 12.2, Max: 12.2, Diff: 0.1, Sum: 48.8]
      [Termination (ms): Min: 0.0, Avg: 0.0, Max: 0.0, Diff: 0.0, Sum: 0.0]
      [GC Worker Other (ms): Min: 0.0, Avg: 0.1, Max: 0.1, Diff: 0.1, Sum: 0.3]
      [GC Worker Total (ms): Min: 32.3, Avg: 32.4, Max: 32.4, Diff: 0.1, Sum: 129.6]
      [GC Worker End (ms): Min: 44669.2, Avg: 44669.2, Max: 44669.3, Diff: 0.1]
   [Code Root Fixup: 0.0 ms]
   [Code Root Migration: 0.3 ms]
   [Clear CT: 0.4 ms]
   [Other: 79.9 ms]
      [Choose CSet: 0.0 ms]
      [Ref Proc: 75.6 ms]
      [Ref Enq: 2.5 ms]
      [Free CSet: 1.7 ms]
   [Eden: 1694.0M(1694.0M)->0.0B(1694.0M) Survivors: 22.0M->22.0M Heap: 3661.7M(4096.0M)->1967.7M(4096.0M)]
 [Times: user=0.40 sys=0.00, real=0.12 secs] 
2016-01-06T01:04:26.343-0800: 45.006: [GC pause (young)
Desired survivor size 112721920 bytes, new threshold 15 (max 15)
- age   1:   20627920 bytes,   20627920 total
- age   2:      36864 bytes,   20664784 total
2016-01-06T01:04:26.489-0800: 45.152: [SoftReference, 0 refs, 0.0000480 secs]2016-01-06T01:04:26.489-0800: 45.152: [WeakReference, 0 refs, 0.0000070 secs]2016-01-06T01:04:26.489-0800: 45.152: [FinalReference, 0 refs, 0.0000050 secs]2016-01-06T01:04:26.489-0800: 45.152: [PhantomReference, 0 refs, 53023 refs, 0.0018190 secs]2016-01-06T01:04:26.491-0800: 45.154: [JNI Weak Reference, 0.0000080 secs], 0.1533140 secs]
   [Parallel Time: 46.8 ms, GC Workers: 4]
      [GC Worker Start (ms): Min: 45005.7, Avg: 45008.8, Max: 45015.9, Diff: 10.2]
      [Ext Root Scanning (ms): Min: 0.0, Avg: 0.3, Max: 0.6, Diff: 0.6, Sum: 1.2]
      [SATB Filtering (ms): Min: 0.0, Avg: 0.0, Max: 0.0, Diff: 0.0, Sum: 0.0]
      [Update RS (ms): Min: 24.3, Avg: 31.0, Max: 33.9, Diff: 9.6, Sum: 123.8]
         [Processed Buffers: Min: 31, Avg: 39.8, Max: 50, Diff: 19, Sum: 159]
      [Scan RS (ms): Min: 0.7, Avg: 0.8, Max: 0.9, Diff: 0.3, Sum: 3.0]
      [Code Root Scanning (ms): Min: 0.1, Avg: 0.1, Max: 0.2, Diff: 0.2, Sum: 0.4]
      [Object Copy (ms): Min: 11.3, Avg: 11.4, Max: 11.4, Diff: 0.1, Sum: 45.4]
      [Termination (ms): Min: 0.0, Avg: 0.0, Max: 0.0, Diff: 0.0, Sum: 0.0]
      [GC Worker Other (ms): Min: 0.0, Avg: 0.1, Max: 0.1, Diff: 0.1, Sum: 0.2]
      [GC Worker Total (ms): Min: 36.4, Avg: 43.5, Max: 46.7, Diff: 10.3, Sum: 174.2]
      [GC Worker End (ms): Min: 45052.3, Avg: 45052.3, Max: 45052.4, Diff: 0.0]
   [Code Root Fixup: 0.0 ms]
   [Code Root Migration: 0.2 ms]
   [Clear CT: 0.4 ms]
   [Other: 105.9 ms]
      [Choose CSet: 0.0 ms]
      [Ref Proc: 101.7 ms]
      [Ref Enq: 2.4 ms]
      [Free CSet: 1.7 ms]
   [Eden: 1694.0M(1694.0M)->0.0B(1695.0M) Survivors: 22.0M->22.0M Heap: 3661.7M(4096.0M)->1967.2M(4096.0M)]
 [Times: user=0.51 sys=0.00, real=0.15 secs] 
2016-01-06T01:04:26.754-0800: 45.417: [GC pause (young)
Desired survivor size 112721920 bytes, new threshold 15 (max 15)
- age   1:   20627920 bytes,   20627920 total
- age   2:      36864 bytes,   20664784 total
2016-01-06T01:04:26.903-0800: 45.566: [SoftReference, 0 refs, 0.0000450 secs]2016-01-06T01:04:26.903-0800: 45.566: [WeakReference, 0 refs, 0.0000060 secs]2016-01-06T01:04:26.903-0800: 45.566: [FinalReference, 0 refs, 0.0000050 secs]2016-01-06T01:04:26.903-0800: 45.566: [PhantomReference, 0 refs, 53055 refs, 0.0019100 secs]2016-01-06T01:04:26.905-0800: 45.568: [JNI Weak Reference, 0.0000170 secs], 0.1559810 secs]
   [Parallel Time: 34.5 ms, GC Workers: 4]
      [GC Worker Start (ms): Min: 45417.4, Avg: 45419.0, Max: 45423.9, Diff: 6.6]
      [Ext Root Scanning (ms): Min: 0.0, Avg: 0.3, Max: 0.5, Diff: 0.5, Sum: 1.3]
      [SATB Filtering (ms): Min: 0.0, Avg: 0.0, Max: 0.0, Diff: 0.0, Sum: 0.0]
      [Update RS (ms): Min: 15.0, Avg: 19.8, Max: 21.5, Diff: 6.5, Sum: 79.3]
         [Processed Buffers: Min: 22, Avg: 30.0, Max: 36, Diff: 14, Sum: 120]
      [Scan RS (ms): Min: 0.7, Avg: 0.8, Max: 1.0, Diff: 0.3, Sum: 3.2]
      [Code Root Scanning (ms): Min: 0.1, Avg: 0.1, Max: 0.1, Diff: 0.0, Sum: 0.3]
      [Object Copy (ms): Min: 11.7, Avg: 11.7, Max: 11.7, Diff: 0.1, Sum: 46.8]
      [Termination (ms): Min: 0.0, Avg: 0.0, Max: 0.0, Diff: 0.0, Sum: 0.1]
      [GC Worker Other (ms): Min: 0.0, Avg: 0.0, Max: 0.0, Diff: 0.0, Sum: 0.1]
      [GC Worker Total (ms): Min: 27.9, Avg: 32.8, Max: 34.5, Diff: 6.6, Sum: 131.1]
      [GC Worker End (ms): Min: 45451.8, Avg: 45451.8, Max: 45451.8, Diff: 0.0]
   [Code Root Fixup: 0.0 ms]
   [Code Root Migration: 0.2 ms]
   [Clear CT: 0.5 ms]
   [Other: 120.7 ms]
      [Choose CSet: 0.0 ms]
      [Ref Proc: 116.4 ms]
      [Ref Enq: 2.4 ms]
      [Free CSet: 1.8 ms]
   [Eden: 1695.0M(1695.0M)->0.0B(1696.0M) Survivors: 22.0M->21.0M Heap: 3662.2M(4096.0M)->1966.7M(4096.0M)]
 [Times: user=0.57 sys=0.01, real=0.16 secs] 
2016-01-06T01:04:27.170-0800: 45.833: [GC pause (young)
Desired survivor size 112721920 bytes, new threshold 15 (max 15)
- age   1:   20630152 bytes,   20630152 total
- age   2:      36864 bytes,   20667016 total
2016-01-06T01:04:27.347-0800: 46.010: [SoftReference, 0 refs, 0.0000440 secs]2016-01-06T01:04:27.347-0800: 46.010: [WeakReference, 0 refs, 0.0000070 secs]2016-01-06T01:04:27.347-0800: 46.010: [FinalReference, 0 refs, 0.0000060 secs]2016-01-06T01:04:27.347-0800: 46.010: [PhantomReference, 0 refs, 53087 refs, 0.0018620 secs]2016-01-06T01:04:27.349-0800: 46.012: [JNI Weak Reference, 0.0000080 secs], 0.1838680 secs]
   [Parallel Time: 43.7 ms, GC Workers: 4]
      [GC Worker Start (ms): Min: 45832.7, Avg: 45833.5, Max: 45836.1, Diff: 3.4]
      [Ext Root Scanning (ms): Min: 0.0, Avg: 0.4, Max: 0.5, Diff: 0.5, Sum: 1.4]
      [SATB Filtering (ms): Min: 0.0, Avg: 0.0, Max: 0.0, Diff: 0.0, Sum: 0.0]
      [Update RS (ms): Min: 28.1, Avg: 30.4, Max: 32.2, Diff: 4.1, Sum: 121.6]
         [Processed Buffers: Min: 32, Avg: 38.2, Max: 44, Diff: 12, Sum: 153]
      [Scan RS (ms): Min: 0.2, Avg: 0.7, Max: 1.0, Diff: 0.9, Sum: 3.0]
      [Code Root Scanning (ms): Min: 0.0, Avg: 0.1, Max: 0.2, Diff: 0.2, Sum: 0.4]
      [Object Copy (ms): Min: 10.7, Avg: 11.1, Max: 11.3, Diff: 0.6, Sum: 44.3]
      [Termination (ms): Min: 0.0, Avg: 0.0, Max: 0.0, Diff: 0.0, Sum: 0.0]
      [GC Worker Other (ms): Min: 0.0, Avg: 0.1, Max: 0.1, Diff: 0.0, Sum: 0.3]
      [GC Worker Total (ms): Min: 40.2, Avg: 42.7, Max: 43.6, Diff: 3.4, Sum: 171.0]
      [GC Worker End (ms): Min: 45876.2, Avg: 45876.3, Max: 45876.3, Diff: 0.0]
   [Code Root Fixup: 0.0 ms]
   [Code Root Migration: 0.2 ms]
   [Clear CT: 0.4 ms]
   [Other: 139.5 ms]
      [Choose CSet: 0.0 ms]
      [Ref Proc: 135.2 ms]
      [Ref Enq: 2.5 ms]
      [Free CSet: 1.8 ms]
   [Eden: 1696.0M(1696.0M)->0.0B(1695.0M) Survivors: 21.0M->22.0M Heap: 3662.7M(4096.0M)->1967.2M(4096.0M)]
 [Times: user=0.68 sys=0.00, real=0.18 secs] 
2016-01-06T01:04:27.619-0800: 46.282: [GC pause (young)
Desired survivor size 112721920 bytes, new threshold 15 (max 15)
- age   1:   20632384 bytes,   20632384 total
- age   2:      36864 bytes,   20669248 total
2016-01-06T01:04:27.793-0800: 46.456: [SoftReference, 0 refs, 0.0000460 secs]2016-01-06T01:04:27.793-0800: 46.456: [WeakReference, 0 refs, 0.0000070 secs]2016-01-06T01:04:27.793-0800: 46.456: [FinalReference, 0 refs, 0.0000060 secs]2016-01-06T01:04:27.793-0800: 46.456: [PhantomReference, 0 refs, 53055 refs, 0.0019520 secs]2016-01-06T01:04:27.795-0800: 46.458: [JNI Weak Reference, 0.0000090 secs], 0.1807600 secs]
   [Parallel Time: 33.6 ms, GC Workers: 4]
      [GC Worker Start (ms): Min: 46282.0, Avg: 46282.0, Max: 46282.1, Diff: 0.1]
      [Ext Root Scanning (ms): Min: 0.3, Avg: 0.4, Max: 0.4, Diff: 0.1, Sum: 1.4]
      [SATB Filtering (ms): Min: 0.0, Avg: 0.0, Max: 0.0, Diff: 0.0, Sum: 0.0]
      [Update RS (ms): Min: 20.9, Avg: 21.1, Max: 21.3, Diff: 0.4, Sum: 84.4]
         [Processed Buffers: Min: 28, Avg: 28.8, Max: 29, Diff: 1, Sum: 115]
      [Scan RS (ms): Min: 0.7, Avg: 0.8, Max: 1.0, Diff: 0.4, Sum: 3.2]
      [Code Root Scanning (ms): Min: 0.1, Avg: 0.1, Max: 0.1, Diff: 0.0, Sum: 0.4]
      [Object Copy (ms): Min: 11.1, Avg: 11.1, Max: 11.1, Diff: 0.1, Sum: 44.4]
      [Termination (ms): Min: 0.0, Avg: 0.0, Max: 0.0, Diff: 0.0, Sum: 0.0]
      [GC Worker Other (ms): Min: 0.0, Avg: 0.1, Max: 0.1, Diff: 0.1, Sum: 0.3]
      [GC Worker Total (ms): Min: 33.5, Avg: 33.5, Max: 33.6, Diff: 0.1, Sum: 134.1]
      [GC Worker End (ms): Min: 46315.5, Avg: 46315.6, Max: 46315.6, Diff: 0.1]
   [Code Root Fixup: 0.0 ms]
   [Code Root Migration: 0.3 ms]
   [Clear CT: 0.4 ms]
   [Other: 146.4 ms]
      [Choose CSet: 0.0 ms]
      [Ref Proc: 142.0 ms]
      [Ref Enq: 2.5 ms]
      [Free CSet: 1.9 ms]
   [Eden: 1695.0M(1695.0M)->0.0B(1695.0M) Survivors: 22.0M->22.0M Heap: 3662.2M(4096.0M)->1967.2M(4096.0M)]
 [Times: user=0.68 sys=0.01, real=0.18 secs] 
2016-01-06T01:04:28.061-0800: 46.724: [GC pause (young)
Desired survivor size 112721920 bytes, new threshold 15 (max 15)
- age   1:   20630152 bytes,   20630152 total
- age   2:      36864 bytes,   20667016 total
2016-01-06T01:04:28.250-0800: 46.913: [SoftReference, 0 refs, 0.0000490 secs]2016-01-06T01:04:28.250-0800: 46.913: [WeakReference, 0 refs, 0.0000070 secs]2016-01-06T01:04:28.250-0800: 46.913: [FinalReference, 0 refs, 0.0000060 secs]2016-01-06T01:04:28.250-0800: 46.913: [PhantomReference, 0 refs, 53056 refs, 0.0018980 secs]2016-01-06T01:04:28.252-0800: 46.915: [JNI Weak Reference, 0.0000080 secs], 0.1963880 secs]
   [Parallel Time: 30.9 ms, GC Workers: 4]
      [GC Worker Start (ms): Min: 46723.8, Avg: 46724.3, Max: 46725.7, Diff: 1.9]
      [Ext Root Scanning (ms): Min: 0.0, Avg: 0.4, Max: 0.5, Diff: 0.5, Sum: 1.5]
      [SATB Filtering (ms): Min: 0.0, Avg: 0.0, Max: 0.0, Diff: 0.0, Sum: 0.0]
      [Update RS (ms): Min: 17.0, Avg: 18.1, Max: 18.6, Diff: 1.6, Sum: 72.2]
         [Processed Buffers: Min: 25, Avg: 26.0, Max: 27, Diff: 2, Sum: 104]
      [Scan RS (ms): Min: 0.5, Avg: 0.8, Max: 1.1, Diff: 0.5, Sum: 3.0]
      [Code Root Scanning (ms): Min: 0.0, Avg: 0.1, Max: 0.1, Diff: 0.1, Sum: 0.3]
      [Object Copy (ms): Min: 11.0, Avg: 11.0, Max: 11.1, Diff: 0.1, Sum: 44.1]
      [Termination (ms): Min: 0.0, Avg: 0.0, Max: 0.0, Diff: 0.0, Sum: 0.0]
      [GC Worker Other (ms): Min: 0.0, Avg: 0.1, Max: 0.1, Diff: 0.0, Sum: 0.2]
      [GC Worker Total (ms): Min: 29.0, Avg: 30.4, Max: 30.9, Diff: 1.9, Sum: 121.4]
      [GC Worker End (ms): Min: 46754.6, Avg: 46754.6, Max: 46754.6, Diff: 0.0]
   [Code Root Fixup: 0.0 ms]
   [Code Root Migration: 0.2 ms]
   [Clear CT: 0.4 ms]
   [Other: 164.8 ms]
      [Choose CSet: 0.0 ms]
      [Ref Proc: 160.4 ms]
      [Ref Enq: 2.4 ms]
      [Free CSet: 1.8 ms]
   [Eden: 1695.0M(1695.0M)->0.0B(1695.0M) Survivors: 22.0M->22.0M Heap: 3662.2M(4096.0M)->1967.7M(4096.0M)]
 [Times: user=0.73 sys=0.01, real=0.20 secs] 
2016-01-06T01:04:28.513-0800: 47.176: [GC pause (young)
Desired survivor size 112721920 bytes, new threshold 15 (max 15)
- age   1:   20630152 bytes,   20630152 total
- age   2:      36864 bytes,   20667016 total
2016-01-06T01:04:28.703-0800: 47.366: [SoftReference, 0 refs, 0.0000490 secs]2016-01-06T01:04:28.703-0800: 47.366: [WeakReference, 0 refs, 0.0000070 secs]2016-01-06T01:04:28.703-0800: 47.366: [FinalReference, 0 refs, 0.0000060 secs]2016-01-06T01:04:28.703-0800: 47.366: [PhantomReference, 0 refs, 53055 refs, 0.0018220 secs]2016-01-06T01:04:28.705-0800: 47.368: [JNI Weak Reference, 0.0000080 secs], 0.1964880 secs]
   [Parallel Time: 30.5 ms, GC Workers: 4]
      [GC Worker Start (ms): Min: 47176.3, Avg: 47179.2, Max: 47187.9, Diff: 11.6]
      [Ext Root Scanning (ms): Min: 0.0, Avg: 0.4, Max: 0.5, Diff: 0.5, Sum: 1.4]
      [SATB Filtering (ms): Min: 0.0, Avg: 0.0, Max: 0.0, Diff: 0.0, Sum: 0.0]
      [Update RS (ms): Min: 7.3, Avg: 15.7, Max: 18.6, Diff: 11.4, Sum: 62.9]
         [Processed Buffers: Min: 10, Avg: 20.0, Max: 26, Diff: 16, Sum: 80]
      [Scan RS (ms): Min: 0.7, Avg: 0.8, Max: 0.9, Diff: 0.2, Sum: 3.1]
      [Code Root Scanning (ms): Min: 0.1, Avg: 0.1, Max: 0.1, Diff: 0.0, Sum: 0.3]
      [Object Copy (ms): Min: 10.5, Avg: 10.5, Max: 10.5, Diff: 0.1, Sum: 42.1]
      [Termination (ms): Min: 0.0, Avg: 0.0, Max: 0.0, Diff: 0.0, Sum: 0.0]
      [GC Worker Other (ms): Min: 0.0, Avg: 0.1, Max: 0.1, Diff: 0.1, Sum: 0.3]
      [GC Worker Total (ms): Min: 18.9, Avg: 27.6, Max: 30.5, Diff: 11.6, Sum: 110.2]
      [GC Worker End (ms): Min: 47206.8, Avg: 47206.8, Max: 47206.8, Diff: 0.1]
   [Code Root Fixup: 0.0 ms]
   [Code Root Migration: 0.2 ms]
   [Clear CT: 0.4 ms]
   [Other: 165.3 ms]
      [Choose CSet: 0.0 ms]
      [Ref Proc: 160.9 ms]
      [Ref Enq: 2.5 ms]
      [Free CSet: 1.8 ms]
   [Eden: 1695.0M(1695.0M)->0.0B(1695.0M) Survivors: 22.0M->22.0M Heap: 3662.7M(4096.0M)->1967.7M(4096.0M)]
 [Times: user=0.73 sys=0.00, real=0.20 secs] 
2016-01-06T01:04:28.956-0800: 47.619: [GC pause (young)
Desired survivor size 112721920 bytes, new threshold 15 (max 15)
- age   1:   20630152 bytes,   20630152 total
- age   2:      36864 bytes,   20667016 total
2016-01-06T01:04:29.146-0800: 47.809: [SoftReference, 0 refs, 0.0000430 secs]2016-01-06T01:04:29.146-0800: 47.809: [WeakReference, 0 refs, 0.0000060 secs]2016-01-06T01:04:29.146-0800: 47.809: [FinalReference, 0 refs, 0.0000050 secs]2016-01-06T01:04:29.146-0800: 47.809: [PhantomReference, 0 refs, 53055 refs, 0.0018860 secs]2016-01-06T01:04:29.148-0800: 47.811: [JNI Weak Reference, 0.0000080 secs], 0.1970670 secs]
   [Parallel Time: 14.0 ms, GC Workers: 4]
      [GC Worker Start (ms): Min: 47619.5, Avg: 47619.6, Max: 47619.9, Diff: 0.4]
      [Ext Root Scanning (ms): Min: 0.0, Avg: 1.3, Max: 4.5, Diff: 4.5, Sum: 5.4]
      [SATB Filtering (ms): Min: 0.0, Avg: 0.0, Max: 0.0, Diff: 0.0, Sum: 0.0]
      [Update RS (ms): Min: 0.0, Avg: 0.0, Max: 0.2, Diff: 0.2, Sum: 0.2]
         [Processed Buffers: Min: 0, Avg: 1.0, Max: 2, Diff: 2, Sum: 4]
      [Scan RS (ms): Min: 0.5, Avg: 0.8, Max: 1.0, Diff: 0.5, Sum: 3.4]
      [Code Root Scanning (ms): Min: 0.0, Avg: 0.1, Max: 0.1, Diff: 0.1, Sum: 0.3]
      [Object Copy (ms): Min: 8.8, Avg: 11.4, Max: 12.3, Diff: 3.5, Sum: 45.7]
      [Termination (ms): Min: 0.0, Avg: 0.0, Max: 0.0, Diff: 0.0, Sum: 0.1]
      [GC Worker Other (ms): Min: 0.0, Avg: 0.1, Max: 0.1, Diff: 0.1, Sum: 0.2]
      [GC Worker Total (ms): Min: 13.5, Avg: 13.8, Max: 13.9, Diff: 0.4, Sum: 55.2]
      [GC Worker End (ms): Min: 47633.4, Avg: 47633.4, Max: 47633.4, Diff: 0.0]
   [Code Root Fixup: 0.0 ms]
   [Code Root Migration: 0.3 ms]
   [Clear CT: 0.5 ms]
   [Other: 182.3 ms]
      [Choose CSet: 0.0 ms]
      [Ref Proc: 177.8 ms]
      [Ref Enq: 2.4 ms]
      [Free CSet: 2.0 ms]
   [Eden: 1695.0M(1695.0M)->0.0B(1695.0M) Survivors: 22.0M->22.0M Heap: 3662.7M(4096.0M)->1967.7M(4096.0M)]
 [Times: user=0.63 sys=0.01, real=0.20 secs] 
2016-01-06T01:04:29.395-0800: 48.058: [GC pause (young)
Desired survivor size 112721920 bytes, new threshold 15 (max 15)
- age   1:   20630152 bytes,   20630152 total
- age   2:      36864 bytes,   20667016 total
2016-01-06T01:04:29.588-0800: 48.251: [SoftReference, 0 refs, 0.0000530 secs]2016-01-06T01:04:29.588-0800: 48.251: [WeakReference, 0 refs, 0.0000100 secs]2016-01-06T01:04:29.588-0800: 48.251: [FinalReference, 0 refs, 0.0000080 secs]2016-01-06T01:04:29.588-0800: 48.251: [PhantomReference, 0 refs, 53055 refs, 0.0018350 secs]2016-01-06T01:04:29.590-0800: 48.253: [JNI Weak Reference, 0.0000090 secs], 0.1993400 secs]
   [Parallel Time: 23.3 ms, GC Workers: 4]
      [GC Worker Start (ms): Min: 48058.4, Avg: 48058.8, Max: 48059.9, Diff: 1.5]
      [Ext Root Scanning (ms): Min: 0.0, Avg: 0.3, Max: 0.5, Diff: 0.5, Sum: 1.3]
      [SATB Filtering (ms): Min: 0.0, Avg: 0.0, Max: 0.0, Diff: 0.0, Sum: 0.0]
      [Update RS (ms): Min: 10.2, Avg: 10.9, Max: 11.6, Diff: 1.4, Sum: 43.8]
         [Processed Buffers: Min: 8, Avg: 14.0, Max: 19, Diff: 11, Sum: 56]
      [Scan RS (ms): Min: 0.4, Avg: 0.8, Max: 1.0, Diff: 0.6, Sum: 3.0]
      [Code Root Scanning (ms): Min: 0.0, Avg: 0.2, Max: 0.2, Diff: 0.2, Sum: 0.6]
      [Object Copy (ms): Min: 10.5, Avg: 10.5, Max: 10.6, Diff: 0.1, Sum: 42.0]
      [Termination (ms): Min: 0.0, Avg: 0.0, Max: 0.0, Diff: 0.0, Sum: 0.0]
      [GC Worker Other (ms): Min: 0.0, Avg: 0.1, Max: 0.1, Diff: 0.1, Sum: 0.2]
      [GC Worker Total (ms): Min: 21.6, Avg: 22.7, Max: 23.1, Diff: 1.5, Sum: 91.0]
      [GC Worker End (ms): Min: 48081.5, Avg: 48081.5, Max: 48081.6, Diff: 0.1]
   [Code Root Fixup: 0.0 ms]
   [Code Root Migration: 0.2 ms]
   [Clear CT: 0.5 ms]
   [Other: 175.4 ms]
      [Choose CSet: 0.0 ms]
      [Ref Proc: 171.1 ms]
      [Ref Enq: 2.5 ms]
      [Free CSet: 1.7 ms]
   [Eden: 1695.0M(1695.0M)->0.0B(656.0M) Survivors: 22.0M->22.0M Heap: 3662.7M(4096.0M)->1967.2M(4096.0M)]
 [Times: user=0.74 sys=0.00, real=0.20 secs] 
2016-01-06T01:04:29.690-0800: 48.353: [GC pause (young)
Desired survivor size 44564480 bytes, new threshold 15 (max 15)
- age   1:   20630152 bytes,   20630152 total
- age   2:      36864 bytes,   20667016 total
2016-01-06T01:04:29.884-0800: 48.547: [SoftReference, 0 refs, 0.0000550 secs]2016-01-06T01:04:29.884-0800: 48.547: [WeakReference, 0 refs, 0.0000080 secs]2016-01-06T01:04:29.884-0800: 48.547: [FinalReference, 0 refs, 0.0000060 secs]2016-01-06T01:04:29.884-0800: 48.547: [PhantomReference, 0 refs, 20846 refs, 0.0007380 secs]2016-01-06T01:04:29.885-0800: 48.548: [JNI Weak Reference, 0.0000080 secs], 0.1970340 secs]
   [Parallel Time: 26.3 ms, GC Workers: 4]
      [GC Worker Start (ms): Min: 48353.1, Avg: 48353.6, Max: 48355.0, Diff: 2.0]
      [Ext Root Scanning (ms): Min: 0.0, Avg: 0.3, Max: 0.5, Diff: 0.5, Sum: 1.3]
      [SATB Filtering (ms): Min: 0.0, Avg: 0.0, Max: 0.0, Diff: 0.0, Sum: 0.0]
      [Update RS (ms): Min: 19.6, Avg: 20.6, Max: 21.1, Diff: 1.5, Sum: 82.4]
         [Processed Buffers: Min: 27, Avg: 29.8, Max: 32, Diff: 5, Sum: 119]
      [Scan RS (ms): Min: 0.2, Avg: 0.3, Max: 0.5, Diff: 0.3, Sum: 1.2]
      [Code Root Scanning (ms): Min: 0.0, Avg: 0.0, Max: 0.0, Diff: 0.0, Sum: 0.1]
      [Object Copy (ms): Min: 4.3, Avg: 4.4, Max: 4.4, Diff: 0.0, Sum: 17.4]
      [Termination (ms): Min: 0.0, Avg: 0.0, Max: 0.0, Diff: 0.0, Sum: 0.0]
      [GC Worker Other (ms): Min: 0.0, Avg: 0.0, Max: 0.1, Diff: 0.1, Sum: 0.2]
      [GC Worker Total (ms): Min: 24.2, Avg: 25.7, Max: 26.2, Diff: 2.0, Sum: 102.6]
      [GC Worker End (ms): Min: 48379.2, Avg: 48379.2, Max: 48379.3, Diff: 0.1]
   [Code Root Fixup: 0.0 ms]
   [Code Root Migration: 0.1 ms]
   [Clear CT: 0.2 ms]
   [Other: 170.5 ms]
      [Choose CSet: 0.0 ms]
      [Ref Proc: 168.7 ms]
      [Ref Enq: 1.0 ms]
      [Free CSet: 0.7 ms]
   [Eden: 656.0M(656.0M)->0.0B(184.0M) Survivors: 22.0M->20.0M Heap: 2623.2M(4096.0M)->1965.2M(4096.0M)]
 [Times: user=0.75 sys=0.00, real=0.20 secs] 
2016-01-06T01:04:29.914-0800: 48.577: [GC pause (young)
Desired survivor size 13631488 bytes, new threshold 1 (max 15)
- age   1:   18311104 bytes,   18311104 total
- age   2:      36864 bytes,   18347968 total
2016-01-06T01:04:30.097-0800: 48.760: [SoftReference, 0 refs, 0.0000440 secs]2016-01-06T01:04:30.097-0800: 48.760: [WeakReference, 0 refs, 0.0000070 secs]2016-01-06T01:04:30.097-0800: 48.760: [FinalReference, 0 refs, 0.0000060 secs]2016-01-06T01:04:30.097-0800: 48.760: [PhantomReference, 0 refs, 6214 refs, 0.0002280 secs]2016-01-06T01:04:30.098-0800: 48.761: [JNI Weak Reference, 0.0000080 secs], 0.1840520 secs]
   [Parallel Time: 8.7 ms, GC Workers: 4]
      [GC Worker Start (ms): Min: 48577.3, Avg: 48577.3, Max: 48577.4, Diff: 0.1]
      [Ext Root Scanning (ms): Min: 0.3, Avg: 0.4, Max: 0.4, Diff: 0.0, Sum: 1.4]
      [SATB Filtering (ms): Min: 0.0, Avg: 0.0, Max: 0.0, Diff: 0.0, Sum: 0.0]
      [Update RS (ms): Min: 5.8, Avg: 5.8, Max: 5.9, Diff: 0.1, Sum: 23.3]
         [Processed Buffers: Min: 8, Avg: 8.8, Max: 11, Diff: 3, Sum: 35]
      [Scan RS (ms): Min: 0.0, Avg: 0.1, Max: 0.2, Diff: 0.2, Sum: 0.3]
      [Code Root Scanning (ms): Min: 0.0, Avg: 0.0, Max: 0.0, Diff: 0.0, Sum: 0.0]
      [Object Copy (ms): Min: 2.3, Avg: 2.3, Max: 2.3, Diff: 0.0, Sum: 9.1]
      [Termination (ms): Min: 0.0, Avg: 0.0, Max: 0.0, Diff: 0.0, Sum: 0.0]
      [GC Worker Other (ms): Min: 0.0, Avg: 0.0, Max: 0.0, Diff: 0.0, Sum: 0.1]
      [GC Worker Total (ms): Min: 8.5, Avg: 8.6, Max: 8.6, Diff: 0.1, Sum: 34.3]
      [GC Worker End (ms): Min: 48585.9, Avg: 48585.9, Max: 48585.9, Diff: 0.0]
   [Code Root Fixup: 0.0 ms]
   [Code Root Migration: 0.0 ms]
   [Clear CT: 0.1 ms]
   [Other: 175.1 ms]
      [Choose CSet: 0.0 ms]
      [Ref Proc: 174.5 ms]
      [Ref Enq: 0.3 ms]
      [Free CSet: 0.3 ms]
   [Eden: 184.0M(184.0M)->0.0B(198.0M) Survivors: 20.0M->19.0M Heap: 2149.2M(4096.0M)->1964.2M(4096.0M)]
 [Times: user=0.68 sys=0.00, real=0.19 secs] 
2016-01-06T01:04:30.126-0800: 48.789: [GC pause (young)
Desired survivor size 14680064 bytes, new threshold 1 (max 15)
- age   1:   17257600 bytes,   17257600 total
2016-01-06T01:04:30.305-0800: 48.968: [SoftReference, 0 refs, 0.0000660 secs]2016-01-06T01:04:30.305-0800: 48.968: [WeakReference, 0 refs, 0.0000070 secs]2016-01-06T01:04:30.305-0800: 48.968: [FinalReference, 0 refs, 0.0000050 secs]2016-01-06T01:04:30.305-0800: 48.968: [PhantomReference, 0 refs, 6648 refs, 0.0002560 secs]2016-01-06T01:04:30.306-0800: 48.969: [JNI Weak Reference, 0.0000070 secs], 0.1801120 secs]
   [Parallel Time: 5.4 ms, GC Workers: 4]
      [GC Worker Start (ms): Min: 48789.4, Avg: 48789.5, Max: 48789.5, Diff: 0.1]
      [Ext Root Scanning (ms): Min: 0.3, Avg: 0.4, Max: 0.4, Diff: 0.1, Sum: 1.4]
      [SATB Filtering (ms): Min: 0.0, Avg: 0.0, Max: 0.0, Diff: 0.0, Sum: 0.0]
      [Update RS (ms): Min: 2.2, Avg: 2.5, Max: 2.7, Diff: 0.4, Sum: 9.9]
         [Processed Buffers: Min: 3, Avg: 4.5, Max: 6, Diff: 3, Sum: 18]
      [Scan RS (ms): Min: 0.0, Avg: 0.1, Max: 0.2, Diff: 0.2, Sum: 0.4]
      [Code Root Scanning (ms): Min: 0.0, Avg: 0.0, Max: 0.0, Diff: 0.0, Sum: 0.0]
      [Object Copy (ms): Min: 2.1, Avg: 2.3, Max: 2.4, Diff: 0.2, Sum: 9.1]
      [Termination (ms): Min: 0.0, Avg: 0.0, Max: 0.0, Diff: 0.0, Sum: 0.0]
      [GC Worker Other (ms): Min: 0.0, Avg: 0.0, Max: 0.1, Diff: 0.0, Sum: 0.1]
      [GC Worker Total (ms): Min: 5.2, Avg: 5.2, Max: 5.2, Diff: 0.1, Sum: 20.9]
      [GC Worker End (ms): Min: 48794.7, Avg: 48794.7, Max: 48794.7, Diff: 0.0]
   [Code Root Fixup: 0.0 ms]
   [Code Root Migration: 0.0 ms]
   [Clear CT: 0.1 ms]
   [Other: 174.6 ms]
      [Choose CSet: 0.0 ms]
      [Ref Proc: 173.9 ms]
      [Ref Enq: 0.3 ms]
      [Free CSet: 0.3 ms]
   [Eden: 198.0M(198.0M)->0.0B(1322.0M) Survivors: 19.0M->19.0M Heap: 2162.2M(4096.0M)->1964.3M(4096.0M)]
 [Times: user=0.70 sys=0.00, real=0.18 secs] 
2016-01-06T01:04:30.503-0800: 49.166: [GC pause (young)
Desired survivor size 88080384 bytes, new threshold 15 (max 15)
- age   1:   17288848 bytes,   17288848 total
2016-01-06T01:04:30.713-0800: 49.376: [SoftReference, 0 refs, 0.0000500 secs]2016-01-06T01:04:30.714-0800: 49.376: [WeakReference, 0 refs, 0.0000070 secs]2016-01-06T01:04:30.714-0800: 49.376: [FinalReference, 0 refs, 0.0000050 secs]2016-01-06T01:04:30.714-0800: 49.376: [PhantomReference, 0 refs, 41492 refs, 0.0014800 secs]2016-01-06T01:04:30.715-0800: 49.378: [JNI Weak Reference, 0.0000080 secs], 0.2156740 secs]
   [Parallel Time: 33.9 ms, GC Workers: 4]
      [GC Worker Start (ms): Min: 49166.2, Avg: 49166.6, Max: 49167.9, Diff: 1.8]
      [Ext Root Scanning (ms): Min: 0.0, Avg: 0.3, Max: 0.5, Diff: 0.5, Sum: 1.3]
      [SATB Filtering (ms): Min: 0.0, Avg: 0.0, Max: 0.0, Diff: 0.0, Sum: 0.0]
      [Update RS (ms): Min: 14.5, Avg: 15.4, Max: 15.9, Diff: 1.4, Sum: 61.5]
         [Processed Buffers: Min: 20, Avg: 22.2, Max: 25, Diff: 5, Sum: 89]
      [Scan RS (ms): Min: 0.4, Avg: 0.6, Max: 0.8, Diff: 0.4, Sum: 2.3]
      [Code Root Scanning (ms): Min: 0.1, Avg: 0.1, Max: 0.1, Diff: 0.0, Sum: 0.3]
      [Object Copy (ms): Min: 8.9, Avg: 10.9, Max: 16.9, Diff: 8.0, Sum: 43.8]
      [Termination (ms): Min: 0.0, Avg: 6.0, Max: 8.0, Diff: 8.0, Sum: 24.0]
      [GC Worker Other (ms): Min: 0.0, Avg: 0.0, Max: 0.1, Diff: 0.0, Sum: 0.1]
      [GC Worker Total (ms): Min: 32.0, Avg: 33.3, Max: 33.8, Diff: 1.7, Sum: 133.3]
      [GC Worker End (ms): Min: 49199.9, Avg: 49200.0, Max: 49200.0, Diff: 0.0]
   [Code Root Fixup: 0.0 ms]
   [Code Root Migration: 0.2 ms]
   [Clear CT: 0.3 ms]
   [Other: 181.3 ms]
      [Choose CSet: 0.0 ms]
      [Ref Proc: 177.9 ms]
      [Ref Enq: 1.9 ms]
      [Free CSet: 1.4 ms]
   [Eden: 1322.0M(1322.0M)->0.0B(183.0M) Survivors: 19.0M->21.0M Heap: 3286.3M(4096.0M)->1966.3M(4096.0M)]
 [Times: user=0.79 sys=0.00, real=0.22 secs] 
2016-01-06T01:04:30.748-0800: 49.410: [GC pause (young)
Desired survivor size 13631488 bytes, new threshold 1 (max 15)
- age   1:   19797616 bytes,   19797616 total
- age   2:      36864 bytes,   19834480 total
2016-01-06T01:04:30.933-0800: 49.596: [SoftReference, 0 refs, 0.0000480 secs]2016-01-06T01:04:30.933-0800: 49.596: [WeakReference, 0 refs, 0.0000290 secs]2016-01-06T01:04:30.933-0800: 49.596: [FinalReference, 0 refs, 0.0000050 secs]2016-01-06T01:04:30.933-0800: 49.596: [PhantomReference, 0 refs, 6183 refs, 0.0002370 secs]2016-01-06T01:04:30.933-0800: 49.596: [JNI Weak Reference, 0.0000070 secs], 0.1867130 secs]
   [Parallel Time: 8.2 ms, GC Workers: 4]
      [GC Worker Start (ms): Min: 49410.5, Avg: 49410.6, Max: 49410.6, Diff: 0.1]
      [Ext Root Scanning (ms): Min: 0.3, Avg: 0.4, Max: 0.4, Diff: 0.1, Sum: 1.4]
      [SATB Filtering (ms): Min: 0.0, Avg: 0.0, Max: 0.0, Diff: 0.0, Sum: 0.0]
      [Update RS (ms): Min: 5.1, Avg: 5.5, Max: 5.9, Diff: 0.8, Sum: 21.8]
         [Processed Buffers: Min: 7, Avg: 8.2, Max: 10, Diff: 3, Sum: 33]
      [Scan RS (ms): Min: 0.0, Avg: 0.1, Max: 0.2, Diff: 0.2, Sum: 0.3]
      [Code Root Scanning (ms): Min: 0.0, Avg: 0.0, Max: 0.0, Diff: 0.0, Sum: 0.0]
      [Object Copy (ms): Min: 1.7, Avg: 2.1, Max: 2.3, Diff: 0.6, Sum: 8.5]
      [Termination (ms): Min: 0.0, Avg: 0.0, Max: 0.0, Diff: 0.0, Sum: 0.0]
      [GC Worker Other (ms): Min: 0.0, Avg: 0.0, Max: 0.0, Diff: 0.0, Sum: 0.1]
      [GC Worker Total (ms): Min: 8.0, Avg: 8.1, Max: 8.1, Diff: 0.1, Sum: 32.3]
      [GC Worker End (ms): Min: 49418.6, Avg: 49418.6, Max: 49418.7, Diff: 0.0]
   [Code Root Fixup: 0.0 ms]
   [Code Root Migration: 0.0 ms]
   [Clear CT: 0.2 ms]
   [Other: 178.3 ms]
      [Choose CSet: 0.0 ms]
      [Ref Proc: 177.7 ms]
      [Ref Enq: 0.3 ms]
      [Free CSet: 0.3 ms]
   [Eden: 183.0M(183.0M)->0.0B(323.0M) Survivors: 21.0M->19.0M Heap: 2149.3M(4096.0M)->1964.3M(4096.0M)]
 [Times: user=0.72 sys=0.00, real=0.18 secs] 
2016-01-06T01:04:30.980-0800: 49.643: [GC pause (young)
Desired survivor size 22544384 bytes, new threshold 15 (max 15)
- age   1:   17255368 bytes,   17255368 total
2016-01-06T01:04:31.170-0800: 49.833: [SoftReference, 0 refs, 0.0000430 secs]2016-01-06T01:04:31.170-0800: 49.833: [WeakReference, 0 refs, 0.0000080 secs]2016-01-06T01:04:31.170-0800: 49.833: [FinalReference, 0 refs, 0.0000060 secs]2016-01-06T01:04:31.170-0800: 49.833: [PhantomReference, 0 refs, 10523 refs, 0.0003860 secs]2016-01-06T01:04:31.170-0800: 49.833: [JNI Weak Reference, 0.0000070 secs], 0.1914070 secs]
   [Parallel Time: 12.9 ms, GC Workers: 4]
      [GC Worker Start (ms): Min: 49642.9, Avg: 49642.9, Max: 49642.9, Diff: 0.1]
      [Ext Root Scanning (ms): Min: 0.3, Avg: 0.4, Max: 0.4, Diff: 0.1, Sum: 1.4]
      [SATB Filtering (ms): Min: 0.0, Avg: 0.0, Max: 0.0, Diff: 0.0, Sum: 0.0]
      [Update RS (ms): Min: 9.4, Avg: 9.5, Max: 9.6, Diff: 0.2, Sum: 37.8]
         [Processed Buffers: Min: 13, Avg: 14.0, Max: 15, Diff: 2, Sum: 56]
      [Scan RS (ms): Min: 0.1, Avg: 0.1, Max: 0.2, Diff: 0.1, Sum: 0.6]
      [Code Root Scanning (ms): Min: 0.0, Avg: 0.0, Max: 0.0, Diff: 0.0, Sum: 0.1]
      [Object Copy (ms): Min: 2.7, Avg: 2.7, Max: 2.7, Diff: 0.0, Sum: 10.8]
      [Termination (ms): Min: 0.0, Avg: 0.0, Max: 0.0, Diff: 0.0, Sum: 0.0]
      [GC Worker Other (ms): Min: 0.0, Avg: 0.0, Max: 0.1, Diff: 0.0, Sum: 0.2]
      [GC Worker Total (ms): Min: 12.7, Avg: 12.7, Max: 12.7, Diff: 0.1, Sum: 50.9]
      [GC Worker End (ms): Min: 49655.6, Avg: 49655.6, Max: 49655.6, Diff: 0.0]
   [Code Root Fixup: 0.0 ms]
   [Code Root Migration: 0.1 ms]
   [Clear CT: 0.1 ms]
   [Other: 178.4 ms]
      [Choose CSet: 0.0 ms]
      [Ref Proc: 177.4 ms]
      [Ref Enq: 0.5 ms]
      [Free CSet: 0.4 ms]
   [Eden: 323.0M(323.0M)->0.0B(664.0M) Survivors: 19.0M->20.0M Heap: 2287.3M(4096.0M)->1965.3M(4096.0M)]
 [Times: user=0.66 sys=0.00, real=0.19 secs] 
2016-01-06T01:04:31.277-0800: 49.940: [GC pause (young)
Desired survivor size 45088768 bytes, new threshold 15 (max 15)
- age   1:   17567848 bytes,   17567848 total
- age   2:      36864 bytes,   17604712 total
2016-01-06T01:04:31.470-0800: 50.133: [SoftReference, 0 refs, 0.0000430 secs]2016-01-06T01:04:31.470-0800: 50.133: [WeakReference, 0 refs, 0.0000070 secs]2016-01-06T01:04:31.470-0800: 50.133: [FinalReference, 0 refs, 0.0000050 secs]2016-01-06T01:04:31.470-0800: 50.133: [PhantomReference, 0 refs, 21094 refs, 0.0007450 secs]2016-01-06T01:04:31.471-0800: 50.134: [JNI Weak Reference, 0.0000080 secs], 0.1966630 secs]
   [Parallel Time: 11.1 ms, GC Workers: 4]
      [GC Worker Start (ms): Min: 49939.6, Avg: 49939.7, Max: 49939.7, Diff: 0.1]
      [Ext Root Scanning (ms): Min: 0.3, Avg: 0.4, Max: 0.5, Diff: 0.2, Sum: 1.6]
      [SATB Filtering (ms): Min: 0.0, Avg: 0.0, Max: 0.0, Diff: 0.0, Sum: 0.0]
      [Update RS (ms): Min: 5.3, Avg: 5.6, Max: 5.9, Diff: 0.6, Sum: 22.3]
         [Processed Buffers: Min: 8, Avg: 8.5, Max: 10, Diff: 2, Sum: 34]
      [Scan RS (ms): Min: 0.1, Avg: 0.3, Max: 0.6, Diff: 0.6, Sum: 1.2]
      [Code Root Scanning (ms): Min: 0.0, Avg: 0.0, Max: 0.1, Diff: 0.1, Sum: 0.1]
      [Object Copy (ms): Min: 4.6, Avg: 4.6, Max: 4.6, Diff: 0.0, Sum: 18.4]
      [Termination (ms): Min: 0.0, Avg: 0.0, Max: 0.0, Diff: 0.0, Sum: 0.0]
      [GC Worker Other (ms): Min: 0.0, Avg: 0.0, Max: 0.0, Diff: 0.0, Sum: 0.1]
      [GC Worker Total (ms): Min: 10.9, Avg: 10.9, Max: 11.0, Diff: 0.1, Sum: 43.8]
      [GC Worker End (ms): Min: 49950.6, Avg: 49950.6, Max: 49950.6, Diff: 0.0]
   [Code Root Fixup: 0.0 ms]
   [Code Root Migration: 0.1 ms]
   [Clear CT: 0.2 ms]
   [Other: 185.3 ms]
      [Choose CSet: 0.0 ms]
      [Ref Proc: 183.4 ms]
      [Ref Enq: 1.0 ms]
      [Free CSet: 0.8 ms]
   [Eden: 664.0M(664.0M)->0.0B(477.0M) Survivors: 20.0M->20.0M Heap: 2629.3M(4096.0M)->1965.3M(4096.0M)]
 [Times: user=0.77 sys=0.00, real=0.20 secs] 
2016-01-06T01:04:31.548-0800: 50.211: [GC pause (young)
Desired survivor size 33030144 bytes, new threshold 15 (max 15)
- age   1:   18328960 bytes,   18328960 total
- age   2:      36864 bytes,   18365824 total
2016-01-06T01:04:31.745-0800: 50.408: [SoftReference, 0 refs, 0.0000430 secs]2016-01-06T01:04:31.745-0800: 50.408: [WeakReference, 0 refs, 0.0000070 secs]2016-01-06T01:04:31.745-0800: 50.408: [FinalReference, 0 refs, 0.0000060 secs]2016-01-06T01:04:31.745-0800: 50.408: [PhantomReference, 0 refs, 15294 refs, 0.0005460 secs]2016-01-06T01:04:31.745-0800: 50.408: [JNI Weak Reference, 0.0000080 secs], 0.1985670 secs]
   [Parallel Time: 4.2 ms, GC Workers: 4]
      [GC Worker Start (ms): Min: 50211.5, Avg: 50211.5, Max: 50211.6, Diff: 0.1]
      [Ext Root Scanning (ms): Min: 0.4, Avg: 0.4, Max: 0.4, Diff: 0.1, Sum: 1.5]
      [SATB Filtering (ms): Min: 0.0, Avg: 0.0, Max: 0.0, Diff: 0.0, Sum: 0.0]
      [Update RS (ms): Min: 0.0, Avg: 0.1, Max: 0.2, Diff: 0.2, Sum: 0.2]
         [Processed Buffers: Min: 0, Avg: 1.0, Max: 3, Diff: 3, Sum: 4]
      [Scan RS (ms): Min: 0.1, Avg: 0.2, Max: 0.3, Diff: 0.2, Sum: 0.9]
      [Code Root Scanning (ms): Min: 0.0, Avg: 0.0, Max: 0.0, Diff: 0.0, Sum: 0.1]
      [Object Copy (ms): Min: 3.3, Avg: 3.3, Max: 3.3, Diff: 0.0, Sum: 13.1]
      [Termination (ms): Min: 0.0, Avg: 0.0, Max: 0.0, Diff: 0.0, Sum: 0.0]
      [GC Worker Other (ms): Min: 0.0, Avg: 0.0, Max: 0.1, Diff: 0.1, Sum: 0.2]
      [GC Worker Total (ms): Min: 4.0, Avg: 4.0, Max: 4.0, Diff: 0.0, Sum: 16.1]
      [GC Worker End (ms): Min: 50215.5, Avg: 50215.5, Max: 50215.6, Diff: 0.1]
   [Code Root Fixup: 0.0 ms]
   [Code Root Migration: 0.1 ms]
   [Clear CT: 0.2 ms]
   [Other: 194.1 ms]
      [Choose CSet: 0.0 ms]
      [Ref Proc: 192.8 ms]
      [Ref Enq: 0.7 ms]
      [Free CSet: 0.6 ms]
   [Eden: 477.0M(477.0M)->0.0B(185.0M) Survivors: 20.0M->19.0M Heap: 2442.3M(4096.0M)->1964.8M(4096.0M)]
 [Times: user=0.75 sys=0.00, real=0.20 secs] 
2016-01-06T01:04:31.777-0800: 50.440: [GC pause (young)
Desired survivor size 13631488 bytes, new threshold 1 (max 15)
- age   1:   17911576 bytes,   17911576 total
- age   2:      36864 bytes,   17948440 total
2016-01-06T01:04:31.963-0800: 50.626: [SoftReference, 0 refs, 0.0000530 secs]2016-01-06T01:04:31.963-0800: 50.626: [WeakReference, 0 refs, 0.0000070 secs]2016-01-06T01:04:31.963-0800: 50.626: [FinalReference, 0 refs, 0.0000060 secs]2016-01-06T01:04:31.963-0800: 50.626: [PhantomReference, 0 refs, 6242 refs, 0.0002330 secs]2016-01-06T01:04:31.963-0800: 50.626: [JNI Weak Reference, 0.0000080 secs], 0.1874600 secs]
   [Parallel Time: 2.9 ms, GC Workers: 4]
      [GC Worker Start (ms): Min: 50439.6, Avg: 50439.6, Max: 50439.6, Diff: 0.1]
      [Ext Root Scanning (ms): Min: 0.3, Avg: 0.4, Max: 0.4, Diff: 0.1, Sum: 1.6]
      [SATB Filtering (ms): Min: 0.0, Avg: 0.0, Max: 0.0, Diff: 0.0, Sum: 0.0]
      [Update RS (ms): Min: 0.0, Avg: 0.1, Max: 0.2, Diff: 0.2, Sum: 0.2]
         [Processed Buffers: Min: 0, Avg: 1.2, Max: 3, Diff: 3, Sum: 5]
      [Scan RS (ms): Min: 0.0, Avg: 0.1, Max: 0.1, Diff: 0.1, Sum: 0.4]
      [Code Root Scanning (ms): Min: 0.0, Avg: 0.0, Max: 0.0, Diff: 0.0, Sum: 0.0]
      [Object Copy (ms): Min: 2.3, Avg: 2.3, Max: 2.3, Diff: 0.1, Sum: 9.2]
      [Termination (ms): Min: 0.0, Avg: 0.0, Max: 0.0, Diff: 0.0, Sum: 0.0]
      [GC Worker Other (ms): Min: 0.0, Avg: 0.0, Max: 0.0, Diff: 0.0, Sum: 0.1]
      [GC Worker Total (ms): Min: 2.8, Avg: 2.9, Max: 2.9, Diff: 0.1, Sum: 11.4]
      [GC Worker End (ms): Min: 50442.5, Avg: 50442.5, Max: 50442.5, Diff: 0.0]
   [Code Root Fixup: 0.0 ms]
   [Code Root Migration: 0.0 ms]
   [Clear CT: 0.1 ms]
   [Other: 184.4 ms]
      [Choose CSet: 0.0 ms]
      [Ref Proc: 183.7 ms]
      [Ref Enq: 0.3 ms]
      [Free CSet: 0.3 ms]
   [Eden: 185.0M(185.0M)->0.0B(1313.0M) Survivors: 19.0M->19.0M Heap: 2149.8M(4096.0M)->1964.4M(4096.0M)]
 [Times: user=0.73 sys=0.00, real=0.19 secs] 
2016-01-06T01:04:32.169-0800: 50.832: [GC pause (young)
Desired survivor size 87556096 bytes, new threshold 15 (max 15)
- age   1:   17259832 bytes,   17259832 total
2016-01-06T01:04:32.422-0800: 51.085: [SoftReference, 0 refs, 0.0000450 secs]2016-01-06T01:04:32.422-0800: 51.085: [WeakReference, 0 refs, 0.0000070 secs]2016-01-06T01:04:32.422-0800: 51.085: [FinalReference, 0 refs, 0.0000050 secs]2016-01-06T01:04:32.422-0800: 51.085: [PhantomReference, 0 refs, 41212 refs, 0.0014770 secs]2016-01-06T01:04:32.423-0800: 51.086: [JNI Weak Reference, 0.0000080 secs], 0.2587940 secs]
   [Parallel Time: 32.4 ms, GC Workers: 4]
      [GC Worker Start (ms): Min: 50831.6, Avg: 50831.7, Max: 50831.9, Diff: 0.3]
      [Ext Root Scanning (ms): Min: 0.2, Avg: 1.0, Max: 2.8, Diff: 2.6, Sum: 4.0]
      [SATB Filtering (ms): Min: 0.0, Avg: 0.0, Max: 0.0, Diff: 0.0, Sum: 0.0]
      [Update RS (ms): Min: 13.7, Avg: 15.2, Max: 15.9, Diff: 2.3, Sum: 61.0]
         [Processed Buffers: Min: 12, Avg: 18.2, Max: 23, Diff: 11, Sum: 73]
      [Scan RS (ms): Min: 0.5, Avg: 0.6, Max: 0.8, Diff: 0.3, Sum: 2.4]
      [Code Root Scanning (ms): Min: 0.1, Avg: 0.1, Max: 0.1, Diff: 0.0, Sum: 0.3]
      [Object Copy (ms): Min: 8.0, Avg: 9.8, Max: 15.2, Diff: 7.2, Sum: 39.3]
      [Termination (ms): Min: 0.0, Avg: 5.4, Max: 7.3, Diff: 7.3, Sum: 21.8]
      [GC Worker Other (ms): Min: 0.0, Avg: 0.0, Max: 0.0, Diff: 0.0, Sum: 0.1]
      [GC Worker Total (ms): Min: 32.0, Avg: 32.2, Max: 32.3, Diff: 0.3, Sum: 128.8]
      [GC Worker End (ms): Min: 50863.9, Avg: 50863.9, Max: 50863.9, Diff: 0.0]
   [Code Root Fixup: 0.0 ms]
   [Code Root Migration: 0.2 ms]
   [Clear CT: 0.4 ms]
   [Other: 225.8 ms]
      [Choose CSet: 0.0 ms]
      [Ref Proc: 222.3 ms]
      [Ref Enq: 1.9 ms]
      [Free CSet: 1.4 ms]
   [Eden: 1313.0M(1313.0M)->0.0B(183.0M) Survivors: 19.0M->21.0M Heap: 3277.4M(4096.0M)->1966.9M(4096.0M)]
 [Times: user=0.85 sys=0.01, real=0.26 secs] 
2016-01-06T01:04:32.456-0800: 51.119: [GC pause (young)
Desired survivor size 13631488 bytes, new threshold 1 (max 15)
- age   1:   19777528 bytes,   19777528 total
- age   2:      36864 bytes,   19814392 total
2016-01-06T01:04:32.672-0800: 51.335: [SoftReference, 0 refs, 0.0000400 secs]2016-01-06T01:04:32.672-0800: 51.335: [WeakReference, 0 refs, 0.0000060 secs]2016-01-06T01:04:32.672-0800: 51.335: [FinalReference, 0 refs, 0.0000050 secs]2016-01-06T01:04:32.672-0800: 51.335: [PhantomReference, 0 refs, 6182 refs, 0.0002320 secs]2016-01-06T01:04:32.673-0800: 51.336: [JNI Weak Reference, 0.0000080 secs], 0.2171390 secs]
   [Parallel Time: 12.6 ms, GC Workers: 4]
      [GC Worker Start (ms): Min: 51119.3, Avg: 51119.4, Max: 51119.4, Diff: 0.1]
      [Ext Root Scanning (ms): Min: 0.3, Avg: 0.4, Max: 0.4, Diff: 0.1, Sum: 1.4]
      [SATB Filtering (ms): Min: 0.0, Avg: 0.0, Max: 0.0, Diff: 0.0, Sum: 0.0]
      [Update RS (ms): Min: 0.0, Avg: 0.1, Max: 0.2, Diff: 0.2, Sum: 0.2]
         [Processed Buffers: Min: 0, Avg: 1.0, Max: 3, Diff: 3, Sum: 4]
      [Scan RS (ms): Min: 0.0, Avg: 0.1, Max: 0.2, Diff: 0.1, Sum: 0.4]
      [Code Root Scanning (ms): Min: 0.0, Avg: 0.0, Max: 0.0, Diff: 0.0, Sum: 0.0]
      [Object Copy (ms): Min: 2.8, Avg: 5.1, Max: 11.9, Diff: 9.1, Sum: 20.3]
      [Termination (ms): Min: 0.0, Avg: 6.8, Max: 9.1, Diff: 9.1, Sum: 27.4]
      [GC Worker Other (ms): Min: 0.0, Avg: 0.0, Max: 0.0, Diff: 0.0, Sum: 0.1]
      [GC Worker Total (ms): Min: 12.5, Avg: 12.5, Max: 12.5, Diff: 0.0, Sum: 49.9]
      [GC Worker End (ms): Min: 51131.8, Avg: 51131.8, Max: 51131.8, Diff: 0.0]
   [Code Root Fixup: 0.0 ms]
   [Code Root Migration: 0.0 ms]
   [Clear CT: 0.1 ms]
   [Other: 204.4 ms]
      [Choose CSet: 0.0 ms]
      [Ref Proc: 203.7 ms]
      [Ref Enq: 0.3 ms]
      [Free CSet: 0.3 ms]
   [Eden: 183.0M(183.0M)->0.0B(185.0M) Survivors: 21.0M->19.0M Heap: 2149.9M(4096.0M)->1964.9M(4096.0M)]
 [Times: user=0.73 sys=0.01, real=0.22 secs] 
2016-01-06T01:04:32.700-0800: 51.363: [GC pause (young)
Desired survivor size 13631488 bytes, new threshold 1 (max 15)
- age   1:   17255368 bytes,   17255368 total
2016-01-06T01:04:32.890-0800: 51.553: [SoftReference, 0 refs, 0.0000430 secs]2016-01-06T01:04:32.890-0800: 51.553: [WeakReference, 0 refs, 0.0000060 secs]2016-01-06T01:04:32.890-0800: 51.553: [FinalReference, 0 refs, 0.0000050 secs]2016-01-06T01:04:32.890-0800: 51.553: [PhantomReference, 0 refs, 6245 refs, 0.0002330 secs]2016-01-06T01:04:32.890-0800: 51.553: [JNI Weak Reference, 0.0000150 secs], 0.1915410 secs]
   [Parallel Time: 3.1 ms, GC Workers: 4]
      [GC Worker Start (ms): Min: 51362.7, Avg: 51362.8, Max: 51362.8, Diff: 0.1]
      [Ext Root Scanning (ms): Min: 0.4, Avg: 0.6, Max: 1.2, Diff: 0.8, Sum: 2.5]
      [SATB Filtering (ms): Min: 0.0, Avg: 0.0, Max: 0.0, Diff: 0.0, Sum: 0.0]
      [Update RS (ms): Min: 0.0, Avg: 0.1, Max: 0.2, Diff: 0.2, Sum: 0.2]
         [Processed Buffers: Min: 0, Avg: 1.2, Max: 3, Diff: 3, Sum: 5]
      [Scan RS (ms): Min: 0.0, Avg: 0.1, Max: 0.1, Diff: 0.1, Sum: 0.3]
      [Code Root Scanning (ms): Min: 0.0, Avg: 0.0, Max: 0.0, Diff: 0.0, Sum: 0.0]
      [Object Copy (ms): Min: 1.8, Avg: 2.1, Max: 2.3, Diff: 0.5, Sum: 8.6]
      [Termination (ms): Min: 0.0, Avg: 0.0, Max: 0.0, Diff: 0.0, Sum: 0.0]
      [GC Worker Other (ms): Min: 0.0, Avg: 0.0, Max: 0.0, Diff: 0.0, Sum: 0.1]
      [GC Worker Total (ms): Min: 2.9, Avg: 3.0, Max: 3.0, Diff: 0.1, Sum: 11.9]
      [GC Worker End (ms): Min: 51365.7, Avg: 51365.7, Max: 51365.7, Diff: 0.0]
   [Code Root Fixup: 0.0 ms]
   [Code Root Migration: 0.0 ms]
   [Clear CT: 0.1 ms]
   [Other: 188.3 ms]
      [Choose CSet: 0.0 ms]
      [Ref Proc: 187.6 ms]
      [Ref Enq: 0.3 ms]
      [Free CSet: 0.3 ms]
   [Eden: 185.0M(185.0M)->0.0B(185.0M) Survivors: 19.0M->19.0M Heap: 2149.9M(4096.0M)->1964.4M(4096.0M)]
 [Times: user=0.74 sys=0.00, real=0.19 secs] 
2016-01-06T01:04:32.917-0800: 51.580: [GC pause (young)
Desired survivor size 13631488 bytes, new threshold 1 (max 15)
- age   1:   17259832 bytes,   17259832 total
2016-01-06T01:04:33.110-0800: 51.773: [SoftReference, 0 refs, 0.0000440 secs]2016-01-06T01:04:33.110-0800: 51.773: [WeakReference, 0 refs, 0.0000070 secs]2016-01-06T01:04:33.110-0800: 51.773: [FinalReference, 0 refs, 0.0000060 secs]2016-01-06T01:04:33.110-0800: 51.773: [PhantomReference, 0 refs, 6245 refs, 0.0002320 secs]2016-01-06T01:04:33.110-0800: 51.773: [JNI Weak Reference, 0.0000080 secs], 0.1932640 secs]
   [Parallel Time: 2.9 ms, GC Workers: 4]
      [GC Worker Start (ms): Min: 51580.5, Avg: 51580.5, Max: 51580.6, Diff: 0.1]
      [Ext Root Scanning (ms): Min: 0.3, Avg: 0.4, Max: 0.4, Diff: 0.1, Sum: 1.4]
      [SATB Filtering (ms): Min: 0.0, Avg: 0.0, Max: 0.0, Diff: 0.0, Sum: 0.0]
      [Update RS (ms): Min: 0.0, Avg: 0.1, Max: 0.2, Diff: 0.2, Sum: 0.3]
         [Processed Buffers: Min: 0, Avg: 1.2, Max: 3, Diff: 3, Sum: 5]
      [Scan RS (ms): Min: 0.0, Avg: 0.1, Max: 0.1, Diff: 0.1, Sum: 0.3]
      [Code Root Scanning (ms): Min: 0.0, Avg: 0.0, Max: 0.0, Diff: 0.0, Sum: 0.0]
      [Object Copy (ms): Min: 2.2, Avg: 2.3, Max: 2.3, Diff: 0.0, Sum: 9.0]
      [Termination (ms): Min: 0.0, Avg: 0.0, Max: 0.0, Diff: 0.0, Sum: 0.0]
      [GC Worker Other (ms): Min: 0.0, Avg: 0.0, Max: 0.0, Diff: 0.0, Sum: 0.0]
      [GC Worker Total (ms): Min: 2.8, Avg: 2.8, Max: 2.8, Diff: 0.1, Sum: 11.2]
      [GC Worker End (ms): Min: 51583.3, Avg: 51583.3, Max: 51583.3, Diff: 0.0]
   [Code Root Fixup: 0.0 ms]
   [Code Root Migration: 0.0 ms]
   [Clear CT: 0.1 ms]
   [Other: 190.2 ms]
      [Choose CSet: 0.0 ms]
      [Ref Proc: 189.6 ms]
      [Ref Enq: 0.3 ms]
      [Free CSet: 0.3 ms]
   [Eden: 185.0M(185.0M)->0.0B(185.0M) Survivors: 19.0M->19.0M Heap: 2149.4M(4096.0M)->1964.5M(4096.0M)]
 [Times: user=0.75 sys=0.01, real=0.19 secs] 
2016-01-06T01:04:33.137-0800: 51.800: [GC pause (young)
Desired survivor size 13631488 bytes, new threshold 1 (max 15)
- age   1:   17259832 bytes,   17259832 total
2016-01-06T01:04:33.335-0800: 51.998: [SoftReference, 0 refs, 0.0000400 secs]2016-01-06T01:04:33.336-0800: 51.998: [WeakReference, 0 refs, 0.0000070 secs]2016-01-06T01:04:33.336-0800: 51.998: [FinalReference, 0 refs, 0.0000050 secs]2016-01-06T01:04:33.336-0800: 51.998: [PhantomReference, 0 refs, 6245 refs, 0.0002330 secs]2016-01-06T01:04:33.336-0800: 51.999: [JNI Weak Reference, 0.0000070 secs], 0.1995090 secs]
   [Parallel Time: 2.7 ms, GC Workers: 4]
      [GC Worker Start (ms): Min: 51800.0, Avg: 51800.3, Max: 51801.2, Diff: 1.2]
      [Ext Root Scanning (ms): Min: 0.0, Avg: 0.3, Max: 0.5, Diff: 0.5, Sum: 1.3]
      [SATB Filtering (ms): Min: 0.0, Avg: 0.0, Max: 0.0, Diff: 0.0, Sum: 0.0]
      [Update RS (ms): Min: 0.0, Avg: 0.1, Max: 0.2, Diff: 0.2, Sum: 0.3]
         [Processed Buffers: Min: 0, Avg: 1.2, Max: 3, Diff: 3, Sum: 5]
      [Scan RS (ms): Min: 0.0, Avg: 0.1, Max: 0.1, Diff: 0.1, Sum: 0.3]
      [Code Root Scanning (ms): Min: 0.0, Avg: 0.0, Max: 0.0, Diff: 0.0, Sum: 0.0]
      [Object Copy (ms): Min: 1.3, Avg: 1.8, Max: 2.0, Diff: 0.7, Sum: 7.1]
      [Termination (ms): Min: 0.0, Avg: 0.1, Max: 0.1, Diff: 0.1, Sum: 0.4]
      [GC Worker Other (ms): Min: 0.0, Avg: 0.0, Max: 0.0, Diff: 0.0, Sum: 0.0]
      [GC Worker Total (ms): Min: 1.5, Avg: 2.3, Max: 2.7, Diff: 1.2, Sum: 9.4]
      [GC Worker End (ms): Min: 51802.7, Avg: 51802.7, Max: 51802.7, Diff: 0.0]
   [Code Root Fixup: 0.0 ms]
   [Code Root Migration: 0.0 ms]
   [Clear CT: 0.1 ms]
   [Other: 196.7 ms]
      [Choose CSet: 0.0 ms]
      [Ref Proc: 196.0 ms]
      [Ref Enq: 0.3 ms]
      [Free CSet: 0.3 ms]
   [Eden: 185.0M(185.0M)->0.0B(194.0M) Survivors: 19.0M->10.0M Heap: 2149.5M(4096.0M)->1955.5M(4096.0M)]
 [Times: user=0.69 sys=0.00, real=0.19 secs] 
2016-01-06T01:04:33.364-0800: 52.027: [GC pause (young)
Desired survivor size 13631488 bytes, new threshold 15 (max 15)
- age   1:    8953336 bytes,    8953336 total
2016-01-06T01:04:33.544-0800: 52.207: [SoftReference, 0 refs, 0.0000550 secs]2016-01-06T01:04:33.545-0800: 52.207: [WeakReference, 0 refs, 0.0000070 secs]2016-01-06T01:04:33.545-0800: 52.207: [FinalReference, 0 refs, 0.0000060 secs]2016-01-06T01:04:33.545-0800: 52.207: [PhantomReference, 0 refs, 6524 refs, 0.0002490 secs]2016-01-06T01:04:33.545-0800: 52.208: [JNI Weak Reference, 0.0000080 secs], 0.1811410 secs]
   [Parallel Time: 3.0 ms, GC Workers: 4]
      [GC Worker Start (ms): Min: 52027.5, Avg: 52027.5, Max: 52027.6, Diff: 0.1]
      [Ext Root Scanning (ms): Min: 0.3, Avg: 0.4, Max: 0.4, Diff: 0.1, Sum: 1.5]
      [SATB Filtering (ms): Min: 0.0, Avg: 0.0, Max: 0.0, Diff: 0.0, Sum: 0.0]
      [Update RS (ms): Min: 0.0, Avg: 0.1, Max: 0.3, Diff: 0.3, Sum: 0.4]
         [Processed Buffers: Min: 0, Avg: 1.2, Max: 3, Diff: 3, Sum: 5]
      [Scan RS (ms): Min: 0.0, Avg: 0.1, Max: 0.1, Diff: 0.1, Sum: 0.3]
      [Code Root Scanning (ms): Min: 0.0, Avg: 0.0, Max: 0.0, Diff: 0.0, Sum: 0.0]
      [Object Copy (ms): Min: 2.2, Avg: 2.3, Max: 2.3, Diff: 0.1, Sum: 9.1]
      [Termination (ms): Min: 0.0, Avg: 0.0, Max: 0.0, Diff: 0.0, Sum: 0.0]
      [GC Worker Other (ms): Min: 0.0, Avg: 0.0, Max: 0.1, Diff: 0.0, Sum: 0.1]
      [GC Worker Total (ms): Min: 2.8, Avg: 2.9, Max: 2.9, Diff: 0.1, Sum: 11.5]
      [GC Worker End (ms): Min: 52030.4, Avg: 52030.4, Max: 52030.4, Diff: 0.0]
   [Code Root Fixup: 0.0 ms]
   [Code Root Migration: 0.0 ms]
   [Clear CT: 0.2 ms]
   [Other: 178.0 ms]
      [Choose CSet: 0.0 ms]
      [Ref Proc: 177.3 ms]
      [Ref Enq: 0.3 ms]
      [Free CSet: 0.3 ms]
   [Eden: 194.0M(194.0M)->0.0B(185.0M) Survivors: 10.0M->19.0M Heap: 2149.5M(4096.0M)->1964.5M(4096.0M)]
 [Times: user=0.65 sys=0.00, real=0.19 secs] 
2016-01-06T01:04:33.575-0800: 52.237: [GC pause (young)
Desired survivor size 13631488 bytes, new threshold 1 (max 15)
- age   1:   17279920 bytes,   17279920 total
- age   2:      36864 bytes,   17316784 total
2016-01-06T01:04:33.769-0800: 52.432: [SoftReference, 0 refs, 0.0000420 secs]2016-01-06T01:04:33.769-0800: 52.432: [WeakReference, 0 refs, 0.0000070 secs]2016-01-06T01:04:33.769-0800: 52.432: [FinalReference, 0 refs, 0.0000050 secs]2016-01-06T01:04:33.769-0800: 52.432: [PhantomReference, 0 refs, 6245 refs, 0.0002420 secs]2016-01-06T01:04:33.769-0800: 52.432: [JNI Weak Reference, 0.0000080 secs], 0.1956470 secs]
   [Parallel Time: 3.0 ms, GC Workers: 4]
      [GC Worker Start (ms): Min: 52237.6, Avg: 52237.6, Max: 52237.6, Diff: 0.1]
      [Ext Root Scanning (ms): Min: 0.3, Avg: 0.4, Max: 0.4, Diff: 0.1, Sum: 1.4]
      [SATB Filtering (ms): Min: 0.0, Avg: 0.0, Max: 0.0, Diff: 0.0, Sum: 0.0]
      [Update RS (ms): Min: 0.0, Avg: 0.1, Max: 0.2, Diff: 0.2, Sum: 0.2]
         [Processed Buffers: Min: 0, Avg: 1.0, Max: 3, Diff: 3, Sum: 4]
      [Scan RS (ms): Min: 0.0, Avg: 0.1, Max: 0.1, Diff: 0.1, Sum: 0.4]
      [Code Root Scanning (ms): Min: 0.0, Avg: 0.0, Max: 0.0, Diff: 0.0, Sum: 0.0]
      [Object Copy (ms): Min: 2.2, Avg: 2.3, Max: 2.3, Diff: 0.0, Sum: 9.1]
      [Termination (ms): Min: 0.0, Avg: 0.0, Max: 0.0, Diff: 0.0, Sum: 0.0]
      [GC Worker Other (ms): Min: 0.0, Avg: 0.0, Max: 0.1, Diff: 0.0, Sum: 0.1]
      [GC Worker Total (ms): Min: 2.8, Avg: 2.8, Max: 2.9, Diff: 0.1, Sum: 11.3]
      [GC Worker End (ms): Min: 52240.4, Avg: 52240.4, Max: 52240.4, Diff: 0.0]
   [Code Root Fixup: 0.0 ms]
   [Code Root Migration: 0.0 ms]
   [Clear CT: 0.1 ms]
   [Other: 192.6 ms]
      [Choose CSet: 0.0 ms]
      [Ref Proc: 191.9 ms]
      [Ref Enq: 0.3 ms]
      [Free CSet: 0.3 ms]
   [Eden: 185.0M(185.0M)->0.0B(375.0M) Survivors: 19.0M->18.0M Heap: 2149.5M(4096.0M)->1964.1M(4096.0M)]
 [Times: user=0.75 sys=0.00, real=0.20 secs] 
2016-01-06T01:04:33.828-0800: 52.491: [GC pause (young)
Desired survivor size 26214400 bytes, new threshold 15 (max 15)
- age   1:   17259832 bytes,   17259832 total
2016-01-06T01:04:34.022-0800: 52.685: [SoftReference, 0 refs, 0.0000470 secs]2016-01-06T01:04:34.022-0800: 52.685: [WeakReference, 0 refs, 0.0000060 secs]2016-01-06T01:04:34.022-0800: 52.685: [FinalReference, 0 refs, 0.0000050 secs]2016-01-06T01:04:34.022-0800: 52.685: [PhantomReference, 0 refs, 12135 refs, 0.0004420 secs]2016-01-06T01:04:34.022-0800: 52.685: [JNI Weak Reference, 0.0000070 secs], 0.1952160 secs]
   [Parallel Time: 3.9 ms, GC Workers: 4]
      [GC Worker Start (ms): Min: 52491.4, Avg: 52491.5, Max: 52491.9, Diff: 0.6]
      [Ext Root Scanning (ms): Min: 0.0, Avg: 0.3, Max: 0.5, Diff: 0.5, Sum: 1.3]
      [SATB Filtering (ms): Min: 0.0, Avg: 0.0, Max: 0.0, Diff: 0.0, Sum: 0.0]
      [Update RS (ms): Min: 0.0, Avg: 0.1, Max: 0.2, Diff: 0.2, Sum: 0.4]
         [Processed Buffers: Min: 0, Avg: 1.2, Max: 2, Diff: 2, Sum: 5]
      [Scan RS (ms): Min: 0.1, Avg: 0.2, Max: 0.2, Diff: 0.1, Sum: 0.7]
      [Code Root Scanning (ms): Min: 0.0, Avg: 0.0, Max: 0.0, Diff: 0.0, Sum: 0.1]
      [Object Copy (ms): Min: 2.9, Avg: 2.9, Max: 3.0, Diff: 0.1, Sum: 11.7]
      [Termination (ms): Min: 0.0, Avg: 0.0, Max: 0.0, Diff: 0.0, Sum: 0.0]
      [GC Worker Other (ms): Min: 0.0, Avg: 0.0, Max: 0.0, Diff: 0.0, Sum: 0.1]
      [GC Worker Total (ms): Min: 3.2, Avg: 3.6, Max: 3.7, Diff: 0.6, Sum: 14.3]
      [GC Worker End (ms): Min: 52495.1, Avg: 52495.1, Max: 52495.1, Diff: 0.0]
   [Code Root Fixup: 0.0 ms]
   [Code Root Migration: 0.1 ms]
   [Clear CT: 0.1 ms]
   [Other: 191.2 ms]
      [Choose CSet: 0.0 ms]
      [Ref Proc: 190.0 ms]
      [Ref Enq: 0.5 ms]
      [Free CSet: 0.5 ms]
   [Eden: 375.0M(375.0M)->0.0B(695.0M) Survivors: 18.0M->19.0M Heap: 2339.1M(4096.0M)->1965.1M(4096.0M)]
 [Times: user=0.75 sys=0.00, real=0.19 secs] 
2016-01-06T01:04:34.133-0800: 52.796: [GC pause (young)
Desired survivor size 47185920 bytes, new threshold 15 (max 15)
- age   1:   17683912 bytes,   17683912 total
- age   2:      36864 bytes,   17720776 total
2016-01-06T01:04:34.329-0800: 52.992: [SoftReference, 0 refs, 0.0000440 secs]2016-01-06T01:04:34.329-0800: 52.992: [WeakReference, 0 refs, 0.0000060 secs]2016-01-06T01:04:34.329-0800: 52.992: [FinalReference, 0 refs, 0.0000060 secs]2016-01-06T01:04:34.329-0800: 52.992: [PhantomReference, 0 refs, 22055 refs, 0.0007780 secs]2016-01-06T01:04:34.330-0800: 52.993: [JNI Weak Reference, 0.0000080 secs], 0.1993820 secs]
   [Parallel Time: 5.5 ms, GC Workers: 4]
      [GC Worker Start (ms): Min: 52795.8, Avg: 52795.9, Max: 52795.9, Diff: 0.1]
      [Ext Root Scanning (ms): Min: 0.3, Avg: 0.4, Max: 0.4, Diff: 0.1, Sum: 1.4]
      [SATB Filtering (ms): Min: 0.0, Avg: 0.0, Max: 0.0, Diff: 0.0, Sum: 0.0]
      [Update RS (ms): Min: 0.0, Avg: 0.1, Max: 0.2, Diff: 0.2, Sum: 0.2]
         [Processed Buffers: Min: 0, Avg: 1.0, Max: 3, Diff: 3, Sum: 4]
      [Scan RS (ms): Min: 0.2, Avg: 0.3, Max: 0.4, Diff: 0.2, Sum: 1.3]
      [Code Root Scanning (ms): Min: 0.0, Avg: 0.0, Max: 0.1, Diff: 0.0, Sum: 0.2]
      [Object Copy (ms): Min: 4.6, Avg: 4.6, Max: 4.6, Diff: 0.0, Sum: 18.4]
      [Termination (ms): Min: 0.0, Avg: 0.0, Max: 0.0, Diff: 0.0, Sum: 0.0]
      [GC Worker Other (ms): Min: 0.0, Avg: 0.1, Max: 0.1, Diff: 0.1, Sum: 0.3]
      [GC Worker Total (ms): Min: 5.4, Avg: 5.4, Max: 5.5, Diff: 0.1, Sum: 21.8]
      [GC Worker End (ms): Min: 52801.3, Avg: 52801.3, Max: 52801.3, Diff: 0.1]
   [Code Root Fixup: 0.0 ms]
   [Code Root Migration: 0.1 ms]
   [Clear CT: 0.2 ms]
   [Other: 193.5 ms]
      [Choose CSet: 0.0 ms]
      [Ref Proc: 191.7 ms]
      [Ref Enq: 1.0 ms]
      [Free CSet: 0.8 ms]
   [Eden: 695.0M(695.0M)->0.0B(537.0M) Survivors: 19.0M->20.0M Heap: 2660.1M(4096.0M)->1965.6M(4096.0M)]
 [Times: user=0.72 sys=0.01, real=0.20 secs] 
2016-01-06T01:04:34.410-0800: 53.073: [GC pause (young)
Desired survivor size 36700160 bytes, new threshold 15 (max 15)
- age   1:   18398152 bytes,   18398152 total
- age   2:      36864 bytes,   18435016 total
2016-01-06T01:04:34.604-0800: 53.267: [SoftReference, 0 refs, 0.0000520 secs]2016-01-06T01:04:34.604-0800: 53.267: [WeakReference, 0 refs, 0.0000080 secs]2016-01-06T01:04:34.604-0800: 53.267: [FinalReference, 0 refs, 0.0000060 secs]2016-01-06T01:04:34.604-0800: 53.267: [PhantomReference, 0 refs, 17157 refs, 0.0006220 secs]2016-01-06T01:04:34.605-0800: 53.268: [JNI Weak Reference, 0.0000080 secs], 0.1965110 secs]
   [Parallel Time: 4.4 ms, GC Workers: 4]
      [GC Worker Start (ms): Min: 53073.4, Avg: 53074.0, Max: 53075.9, Diff: 2.6]
      [Ext Root Scanning (ms): Min: 0.0, Avg: 0.3, Max: 0.5, Diff: 0.4, Sum: 1.3]
      [SATB Filtering (ms): Min: 0.0, Avg: 0.0, Max: 0.0, Diff: 0.0, Sum: 0.0]
      [Update RS (ms): Min: 0.0, Avg: 0.0, Max: 0.2, Diff: 0.2, Sum: 0.2]
         [Processed Buffers: Min: 0, Avg: 1.0, Max: 3, Diff: 3, Sum: 4]
      [Scan RS (ms): Min: 0.1, Avg: 0.2, Max: 0.3, Diff: 0.3, Sum: 1.0]
      [Code Root Scanning (ms): Min: 0.0, Avg: 0.0, Max: 0.0, Diff: 0.0, Sum: 0.1]
      [Object Copy (ms): Min: 1.6, Avg: 3.0, Max: 3.5, Diff: 1.8, Sum: 12.0]
      [Termination (ms): Min: 0.0, Avg: 0.0, Max: 0.0, Diff: 0.0, Sum: 0.0]
      [GC Worker Other (ms): Min: 0.0, Avg: 0.1, Max: 0.1, Diff: 0.1, Sum: 0.3]
      [GC Worker Total (ms): Min: 1.7, Avg: 3.7, Max: 4.4, Diff: 2.6, Sum: 14.8]
      [GC Worker End (ms): Min: 53077.7, Avg: 53077.7, Max: 53077.7, Diff: 0.1]
   [Code Root Fixup: 0.0 ms]
   [Code Root Migration: 0.1 ms]
   [Clear CT: 0.2 ms]
   [Other: 191.8 ms]
      [Choose CSet: 0.0 ms]
      [Ref Proc: 190.3 ms]
      [Ref Enq: 0.8 ms]
      [Free CSet: 0.6 ms]
   [Eden: 537.0M(537.0M)->0.0B(759.0M) Survivors: 20.0M->15.0M Heap: 2502.6M(4096.0M)->1961.1M(4096.0M)]
 [Times: user=0.69 sys=0.00, real=0.20 secs] 
2016-01-06T01:04:34.728-0800: 53.391: [GC pause (young)
Desired survivor size 50855936 bytes, new threshold 15 (max 15)
- age   1:   13875832 bytes,   13875832 total
- age   2:      36864 bytes,   13912696 total
2016-01-06T01:04:34.925-0800: 53.588: [SoftReference, 0 refs, 0.0000440 secs]2016-01-06T01:04:34.925-0800: 53.588: [WeakReference, 0 refs, 0.0000060 secs]2016-01-06T01:04:34.925-0800: 53.588: [FinalReference, 0 refs, 0.0000050 secs]2016-01-06T01:04:34.925-0800: 53.588: [PhantomReference, 0 refs, 24039 refs, 0.0008370 secs]2016-01-06T01:04:34.926-0800: 53.589: [JNI Weak Reference, 0.0000070 secs], 0.1996840 secs]
   [Parallel Time: 6.3 ms, GC Workers: 4]
      [GC Worker Start (ms): Min: 53391.4, Avg: 53391.4, Max: 53391.4, Diff: 0.1]
      [Ext Root Scanning (ms): Min: 0.3, Avg: 0.4, Max: 0.4, Diff: 0.1, Sum: 1.4]
      [SATB Filtering (ms): Min: 0.0, Avg: 0.0, Max: 0.0, Diff: 0.0, Sum: 0.0]
      [Update RS (ms): Min: 0.0, Avg: 0.1, Max: 0.2, Diff: 0.2, Sum: 0.2]
         [Processed Buffers: Min: 0, Avg: 1.0, Max: 3, Diff: 3, Sum: 4]
      [Scan RS (ms): Min: 0.3, Avg: 0.4, Max: 0.4, Diff: 0.2, Sum: 1.5]
      [Code Root Scanning (ms): Min: 0.0, Avg: 0.0, Max: 0.0, Diff: 0.0, Sum: 0.1]
      [Object Copy (ms): Min: 5.2, Avg: 5.3, Max: 5.3, Diff: 0.0, Sum: 21.1]
      [Termination (ms): Min: 0.0, Avg: 0.0, Max: 0.0, Diff: 0.0, Sum: 0.0]
      [GC Worker Other (ms): Min: 0.0, Avg: 0.0, Max: 0.1, Diff: 0.0, Sum: 0.1]
      [GC Worker Total (ms): Min: 6.1, Avg: 6.1, Max: 6.2, Diff: 0.1, Sum: 24.6]
      [GC Worker End (ms): Min: 53397.5, Avg: 53397.5, Max: 53397.5, Diff: 0.0]
   [Code Root Fixup: 0.0 ms]
   [Code Root Migration: 0.1 ms]
   [Clear CT: 0.3 ms]
   [Other: 193.0 ms]
      [Choose CSet: 0.0 ms]
      [Ref Proc: 191.0 ms]
      [Ref Enq: 1.1 ms]
      [Free CSet: 0.9 ms]
   [Eden: 759.0M(759.0M)->0.0B(648.0M) Survivors: 15.0M->20.0M Heap: 2720.1M(4096.0M)->1966.1M(4096.0M)]
 [Times: user=0.76 sys=0.00, real=0.20 secs] 
2016-01-06T01:04:35.027-0800: 53.690: [GC pause (young)
Desired survivor size 44040192 bytes, new threshold 15 (max 15)
- age   1:   18541000 bytes,   18541000 total
- age   2:      36864 bytes,   18577864 total
2016-01-06T01:04:35.228-0800: 53.891: [SoftReference, 0 refs, 0.0000440 secs]2016-01-06T01:04:35.228-0800: 53.891: [WeakReference, 0 refs, 0.0000060 secs]2016-01-06T01:04:35.228-0800: 53.891: [FinalReference, 0 refs, 0.0000050 secs]2016-01-06T01:04:35.228-0800: 53.891: [PhantomReference, 0 refs, 20598 refs, 0.0007190 secs]2016-01-06T01:04:35.228-0800: 53.891: [JNI Weak Reference, 0.0000080 secs], 0.2035090 secs]
   [Parallel Time: 5.3 ms, GC Workers: 4]
      [GC Worker Start (ms): Min: 53689.9, Avg: 53690.0, Max: 53690.0, Diff: 0.1]
      [Ext Root Scanning (ms): Min: 0.3, Avg: 0.4, Max: 0.4, Diff: 0.1, Sum: 1.5]
      [SATB Filtering (ms): Min: 0.0, Avg: 0.0, Max: 0.0, Diff: 0.0, Sum: 0.0]
      [Update RS (ms): Min: 0.0, Avg: 0.1, Max: 0.2, Diff: 0.2, Sum: 0.2]
         [Processed Buffers: Min: 0, Avg: 1.0, Max: 3, Diff: 3, Sum: 4]
      [Scan RS (ms): Min: 0.2, Avg: 0.3, Max: 0.4, Diff: 0.1, Sum: 1.2]
      [Code Root Scanning (ms): Min: 0.0, Avg: 0.0, Max: 0.0, Diff: 0.0, Sum: 0.1]
      [Object Copy (ms): Min: 4.4, Avg: 4.4, Max: 4.4, Diff: 0.0, Sum: 17.6]
      [Termination (ms): Min: 0.0, Avg: 0.0, Max: 0.0, Diff: 0.0, Sum: 0.0]
      [GC Worker Other (ms): Min: 0.0, Avg: 0.1, Max: 0.1, Diff: 0.0, Sum: 0.3]
      [GC Worker Total (ms): Min: 5.2, Avg: 5.2, Max: 5.3, Diff: 0.1, Sum: 20.9]
      [GC Worker End (ms): Min: 53695.2, Avg: 53695.2, Max: 53695.2, Diff: 0.0]
   [Code Root Fixup: 0.0 ms]
   [Code Root Migration: 0.1 ms]
   [Clear CT: 0.2 ms]
   [Other: 197.9 ms]
      [Choose CSet: 0.0 ms]
      [Ref Proc: 196.1 ms]
      [Ref Enq: 0.9 ms]
      [Free CSet: 0.7 ms]
   [Eden: 648.0M(648.0M)->0.0B(184.0M) Survivors: 20.0M->20.0M Heap: 2614.1M(4096.0M)->1965.6M(4096.0M)]
 [Times: user=0.78 sys=0.00, real=0.20 secs] 
2016-01-06T01:04:35.259-0800: 53.922: [GC pause (young)
Desired survivor size 13631488 bytes, new threshold 1 (max 15)
- age   1:   18293248 bytes,   18293248 total
- age   2:      36864 bytes,   18330112 total
2016-01-06T01:04:35.441-0800: 54.104: [SoftReference, 0 refs, 0.0000430 secs]2016-01-06T01:04:35.441-0800: 54.104: [WeakReference, 0 refs, 0.0000070 secs]2016-01-06T01:04:35.441-0800: 54.104: [FinalReference, 0 refs, 0.0000050 secs]2016-01-06T01:04:35.441-0800: 54.104: [PhantomReference, 0 refs, 6214 refs, 0.0002260 secs]2016-01-06T01:04:35.442-0800: 54.105: [JNI Weak Reference, 0.0000070 secs], 0.1830880 secs]
   [Parallel Time: 3.0 ms, GC Workers: 4]
      [GC Worker Start (ms): Min: 53922.3, Avg: 53922.4, Max: 53922.4, Diff: 0.1]
      [Ext Root Scanning (ms): Min: 0.3, Avg: 0.4, Max: 0.4, Diff: 0.1, Sum: 1.4]
      [SATB Filtering (ms): Min: 0.0, Avg: 0.0, Max: 0.0, Diff: 0.0, Sum: 0.0]
      [Update RS (ms): Min: 0.0, Avg: 0.1, Max: 0.2, Diff: 0.2, Sum: 0.2]
         [Processed Buffers: Min: 0, Avg: 1.0, Max: 2, Diff: 2, Sum: 4]
      [Scan RS (ms): Min: 0.0, Avg: 0.1, Max: 0.1, Diff: 0.1, Sum: 0.4]
      [Code Root Scanning (ms): Min: 0.0, Avg: 0.0, Max: 0.0, Diff: 0.0, Sum: 0.0]
      [Object Copy (ms): Min: 2.2, Avg: 2.3, Max: 2.3, Diff: 0.1, Sum: 9.1]
      [Termination (ms): Min: 0.0, Avg: 0.0, Max: 0.0, Diff: 0.0, Sum: 0.0]
      [GC Worker Other (ms): Min: 0.0, Avg: 0.0, Max: 0.1, Diff: 0.1, Sum: 0.2]
      [GC Worker Total (ms): Min: 2.8, Avg: 2.8, Max: 2.9, Diff: 0.1, Sum: 11.3]
      [GC Worker End (ms): Min: 53925.2, Avg: 53925.2, Max: 53925.2, Diff: 0.1]
   [Code Root Fixup: 0.0 ms]
   [Code Root Migration: 0.0 ms]
   [Clear CT: 0.1 ms]
   [Other: 179.9 ms]
      [Choose CSet: 0.0 ms]
      [Ref Proc: 179.3 ms]
      [Ref Enq: 0.3 ms]
      [Free CSet: 0.3 ms]
   [Eden: 184.0M(184.0M)->0.0B(1302.0M) Survivors: 20.0M->19.0M Heap: 2149.6M(4096.0M)->1964.6M(4096.0M)]
 [Times: user=0.63 sys=0.01, real=0.18 secs] 
2016-01-06T01:04:35.626-0800: 54.289: [GC pause (young)
Desired survivor size 87031808 bytes, new threshold 15 (max 15)
- age   1:   17257600 bytes,   17257600 total
2016-01-06T01:04:35.823-0800: 54.486: [SoftReference, 0 refs, 0.0000520 secs]2016-01-06T01:04:35.823-0800: 54.486: [WeakReference, 0 refs, 0.0000070 secs]2016-01-06T01:04:35.823-0800: 54.486: [FinalReference, 0 refs, 0.0000060 secs]2016-01-06T01:04:35.823-0800: 54.486: [PhantomReference, 0 refs, 40872 refs, 0.0013800 secs]2016-01-06T01:04:35.824-0800: 54.487: [JNI Weak Reference, 0.0000080 secs], 0.2021020 secs]
   [Parallel Time: 10.4 ms, GC Workers: 4]
      [GC Worker Start (ms): Min: 54289.2, Avg: 54289.2, Max: 54289.2, Diff: 0.1]
      [Ext Root Scanning (ms): Min: 0.3, Avg: 0.4, Max: 0.4, Diff: 0.1, Sum: 1.5]
      [SATB Filtering (ms): Min: 0.0, Avg: 0.0, Max: 0.0, Diff: 0.0, Sum: 0.0]
      [Update RS (ms): Min: 0.0, Avg: 0.1, Max: 0.3, Diff: 0.3, Sum: 0.4]
         [Processed Buffers: Min: 0, Avg: 1.2, Max: 3, Diff: 3, Sum: 5]
      [Scan RS (ms): Min: 0.5, Avg: 0.6, Max: 0.7, Diff: 0.2, Sum: 2.5]
      [Code Root Scanning (ms): Min: 0.0, Avg: 0.1, Max: 0.1, Diff: 0.0, Sum: 0.3]
      [Object Copy (ms): Min: 9.1, Avg: 9.1, Max: 9.1, Diff: 0.1, Sum: 36.4]
      [Termination (ms): Min: 0.0, Avg: 0.0, Max: 0.0, Diff: 0.0, Sum: 0.0]
      [GC Worker Other (ms): Min: 0.0, Avg: 0.1, Max: 0.1, Diff: 0.1, Sum: 0.3]
      [GC Worker Total (ms): Min: 10.3, Avg: 10.3, Max: 10.3, Diff: 0.1, Sum: 41.2]
      [GC Worker End (ms): Min: 54299.5, Avg: 54299.5, Max: 54299.5, Diff: 0.1]
   [Code Root Fixup: 0.0 ms]
   [Code Root Migration: 0.2 ms]
   [Clear CT: 0.3 ms]
   [Other: 191.2 ms]
      [Choose CSet: 0.0 ms]
      [Ref Proc: 187.8 ms]
      [Ref Enq: 1.9 ms]
      [Free CSet: 1.4 ms]
   [Eden: 1302.0M(1302.0M)->0.0B(704.0M) Survivors: 19.0M->21.0M Heap: 3266.6M(4096.0M)->1967.1M(4096.0M)]
 [Times: user=0.78 sys=0.00, real=0.20 secs] 
2016-01-06T01:04:35.929-0800: 54.592: [GC pause (young)
Desired survivor size 47710208 bytes, new threshold 15 (max 15)
- age   1:   19752976 bytes,   19752976 total
- age   2:      36864 bytes,   19789840 total
2016-01-06T01:04:36.120-0800: 54.783: [SoftReference, 0 refs, 0.0000620 secs]2016-01-06T01:04:36.120-0800: 54.783: [WeakReference, 0 refs, 0.0000060 secs]2016-01-06T01:04:36.120-0800: 54.783: [FinalReference, 0 refs, 0.0000050 secs]2016-01-06T01:04:36.120-0800: 54.783: [PhantomReference, 0 refs, 22332 refs, 0.0007740 secs]2016-01-06T01:04:36.121-0800: 54.783: [JNI Weak Reference, 0.0000080 secs], 0.1937890 secs]
   [Parallel Time: 5.7 ms, GC Workers: 4]
      [GC Worker Start (ms): Min: 54592.0, Avg: 54592.0, Max: 54592.0, Diff: 0.1]
      [Ext Root Scanning (ms): Min: 0.3, Avg: 0.4, Max: 0.4, Diff: 0.1, Sum: 1.5]
      [SATB Filtering (ms): Min: 0.0, Avg: 0.0, Max: 0.0, Diff: 0.0, Sum: 0.0]
      [Update RS (ms): Min: 0.0, Avg: 0.1, Max: 0.2, Diff: 0.2, Sum: 0.2]
         [Processed Buffers: Min: 0, Avg: 1.0, Max: 3, Diff: 3, Sum: 4]
      [Scan RS (ms): Min: 0.2, Avg: 0.3, Max: 0.4, Diff: 0.2, Sum: 1.3]
      [Code Root Scanning (ms): Min: 0.0, Avg: 0.0, Max: 0.0, Diff: 0.0, Sum: 0.2]
      [Object Copy (ms): Min: 4.6, Avg: 4.6, Max: 4.7, Diff: 0.0, Sum: 18.6]
      [Termination (ms): Min: 0.0, Avg: 0.0, Max: 0.0, Diff: 0.0, Sum: 0.0]
      [GC Worker Other (ms): Min: 0.0, Avg: 0.1, Max: 0.1, Diff: 0.1, Sum: 0.2]
      [GC Worker Total (ms): Min: 5.4, Avg: 5.5, Max: 5.6, Diff: 0.1, Sum: 22.0]
      [GC Worker End (ms): Min: 54597.5, Avg: 54597.5, Max: 54597.5, Diff: 0.1]
   [Code Root Fixup: 0.0 ms]
   [Code Root Migration: 0.1 ms]
   [Clear CT: 0.2 ms]
   [Other: 187.8 ms]
      [Choose CSet: 0.0 ms]
      [Ref Proc: 185.9 ms]
      [Ref Enq: 1.0 ms]
      [Free CSet: 0.8 ms]
   [Eden: 704.0M(704.0M)->0.0B(1195.0M) Survivors: 21.0M->20.0M Heap: 2671.1M(4096.0M)->1966.1M(4096.0M)]
 [Times: user=0.71 sys=0.00, real=0.19 secs] 
2016-01-06T01:04:36.290-0800: 54.953: [GC pause (young)
Desired survivor size 79691776 bytes, new threshold 15 (max 15)
- age   1:   18418240 bytes,   18418240 total
- age   2:      36864 bytes,   18455104 total
2016-01-06T01:04:36.497-0800: 55.159: [SoftReference, 0 refs, 0.0000480 secs]2016-01-06T01:04:36.497-0800: 55.160: [WeakReference, 0 refs, 0.0000070 secs]2016-01-06T01:04:36.497-0800: 55.160: [FinalReference, 0 refs, 0.0000050 secs]2016-01-06T01:04:36.497-0800: 55.160: [PhantomReference, 0 refs, 37555 refs, 0.0013810 secs]2016-01-06T01:04:36.498-0800: 55.161: [JNI Weak Reference, 0.0000090 secs], 0.2116560 secs]
   [Parallel Time: 8.7 ms, GC Workers: 4]
      [GC Worker Start (ms): Min: 54953.0, Avg: 54953.8, Max: 54956.0, Diff: 2.9]
      [Ext Root Scanning (ms): Min: 0.0, Avg: 0.3, Max: 0.5, Diff: 0.5, Sum: 1.3]
      [SATB Filtering (ms): Min: 0.0, Avg: 0.0, Max: 0.0, Diff: 0.0, Sum: 0.0]
      [Update RS (ms): Min: 0.0, Avg: 0.0, Max: 0.1, Diff: 0.1, Sum: 0.2]
         [Processed Buffers: Min: 0, Avg: 1.0, Max: 3, Diff: 3, Sum: 4]
      [Scan RS (ms): Min: 0.2, Avg: 0.5, Max: 0.7, Diff: 0.6, Sum: 2.1]
      [Code Root Scanning (ms): Min: 0.0, Avg: 0.1, Max: 0.1, Diff: 0.1, Sum: 0.2]
      [Object Copy (ms): Min: 5.4, Avg: 6.8, Max: 7.3, Diff: 1.9, Sum: 27.2]
      [Termination (ms): Min: 0.0, Avg: 0.0, Max: 0.0, Diff: 0.0, Sum: 0.0]
      [GC Worker Other (ms): Min: 0.0, Avg: 0.1, Max: 0.1, Diff: 0.1, Sum: 0.2]
      [GC Worker Total (ms): Min: 5.7, Avg: 7.8, Max: 8.5, Diff: 2.9, Sum: 31.3]
      [GC Worker End (ms): Min: 54961.6, Avg: 54961.6, Max: 54961.6, Diff: 0.1]
   [Code Root Fixup: 0.0 ms]
   [Code Root Migration: 0.2 ms]
   [Clear CT: 0.4 ms]
   [Other: 202.4 ms]
      [Choose CSet: 0.0 ms]
      [Ref Proc: 199.3 ms]
      [Ref Enq: 1.7 ms]
      [Free CSet: 1.3 ms]
   [Eden: 1195.0M(1195.0M)->0.0B(185.0M) Survivors: 20.0M->19.0M Heap: 3161.1M(4096.0M)->1964.6M(4096.0M)]
 [Times: user=0.78 sys=0.01, real=0.21 secs] 
2016-01-06T01:04:36.530-0800: 55.193: [GC pause (young)
Desired survivor size 13631488 bytes, new threshold 1 (max 15)
- age   1:   17708392 bytes,   17708392 total
- age   2:      36864 bytes,   17745256 total
2016-01-06T01:04:36.743-0800: 55.406: [SoftReference, 0 refs, 0.0000500 secs]2016-01-06T01:04:36.743-0800: 55.406: [WeakReference, 0 refs, 0.0000080 secs]2016-01-06T01:04:36.743-0800: 55.406: [FinalReference, 0 refs, 0.0000050 secs]2016-01-06T01:04:36.743-0800: 55.406: [PhantomReference, 0 refs, 6244 refs, 0.0002410 secs]2016-01-06T01:04:36.744-0800: 55.406: [JNI Weak Reference, 0.0000070 secs], 0.2143930 secs]
   [Parallel Time: 2.9 ms, GC Workers: 4]
      [GC Worker Start (ms): Min: 55193.0, Avg: 55193.0, Max: 55193.1, Diff: 0.1]
      [Ext Root Scanning (ms): Min: 0.3, Avg: 0.4, Max: 0.4, Diff: 0.1, Sum: 1.4]
      [SATB Filtering (ms): Min: 0.0, Avg: 0.0, Max: 0.0, Diff: 0.0, Sum: 0.0]
      [Update RS (ms): Min: 0.0, Avg: 0.1, Max: 0.2, Diff: 0.2, Sum: 0.2]
         [Processed Buffers: Min: 0, Avg: 1.2, Max: 4, Diff: 4, Sum: 5]
      [Scan RS (ms): Min: 0.0, Avg: 0.1, Max: 0.1, Diff: 0.1, Sum: 0.4]
      [Code Root Scanning (ms): Min: 0.0, Avg: 0.0, Max: 0.0, Diff: 0.0, Sum: 0.0]
      [Object Copy (ms): Min: 2.2, Avg: 2.3, Max: 2.3, Diff: 0.1, Sum: 9.0]
      [Termination (ms): Min: 0.0, Avg: 0.0, Max: 0.0, Diff: 0.0, Sum: 0.0]
      [GC Worker Other (ms): Min: 0.0, Avg: 0.0, Max: 0.0, Diff: 0.0, Sum: 0.1]
      [GC Worker Total (ms): Min: 2.8, Avg: 2.8, Max: 2.8, Diff: 0.1, Sum: 11.2]
      [GC Worker End (ms): Min: 55195.8, Avg: 55195.8, Max: 55195.8, Diff: 0.0]
   [Code Root Fixup: 0.0 ms]
   [Code Root Migration: 0.0 ms]
   [Clear CT: 0.1 ms]
   [Other: 211.3 ms]
      [Choose CSet: 0.0 ms]
      [Ref Proc: 210.7 ms]
      [Ref Enq: 0.3 ms]
      [Free CSet: 0.3 ms]
   [Eden: 185.0M(185.0M)->0.0B(185.0M) Survivors: 19.0M->19.0M Heap: 2149.6M(4096.0M)->1964.6M(4096.0M)]
 [Times: user=0.75 sys=0.00, real=0.21 secs] 
2016-01-06T01:04:36.771-0800: 55.434: [GC pause (young)
Desired survivor size 13631488 bytes, new threshold 1 (max 15)
- age   1:   17259832 bytes,   17259832 total
2016-01-06T01:04:36.962-0800: 55.625: [SoftReference, 0 refs, 0.0000450 secs]2016-01-06T01:04:36.962-0800: 55.625: [WeakReference, 0 refs, 0.0000060 secs]2016-01-06T01:04:36.962-0800: 55.625: [FinalReference, 0 refs, 0.0000050 secs]2016-01-06T01:04:36.962-0800: 55.625: [PhantomReference, 0 refs, 6245 refs, 0.0002280 secs]2016-01-06T01:04:36.962-0800: 55.625: [JNI Weak Reference, 0.0000080 secs], 0.1918860 secs]
   [Parallel Time: 3.0 ms, GC Workers: 4]
      [GC Worker Start (ms): Min: 55434.3, Avg: 55434.8, Max: 55435.9, Diff: 1.6]
      [Ext Root Scanning (ms): Min: 0.0, Avg: 0.3, Max: 0.5, Diff: 0.4, Sum: 1.3]
      [SATB Filtering (ms): Min: 0.0, Avg: 0.0, Max: 0.0, Diff: 0.0, Sum: 0.0]
      [Update RS (ms): Min: 0.0, Avg: 0.1, Max: 0.2, Diff: 0.2, Sum: 0.3]
         [Processed Buffers: Min: 0, Avg: 1.5, Max: 4, Diff: 4, Sum: 6]
      [Scan RS (ms): Min: 0.0, Avg: 0.1, Max: 0.1, Diff: 0.1, Sum: 0.3]
      [Code Root Scanning (ms): Min: 0.0, Avg: 0.0, Max: 0.0, Diff: 0.0, Sum: 0.0]
      [Object Copy (ms): Min: 1.3, Avg: 2.0, Max: 2.2, Diff: 0.9, Sum: 7.9]
      [Termination (ms): Min: 0.0, Avg: 0.0, Max: 0.0, Diff: 0.0, Sum: 0.0]
      [GC Worker Other (ms): Min: 0.0, Avg: 0.0, Max: 0.0, Diff: 0.0, Sum: 0.1]
      [GC Worker Total (ms): Min: 1.4, Avg: 2.5, Max: 2.9, Diff: 1.5, Sum: 10.0]
      [GC Worker End (ms): Min: 55437.3, Avg: 55437.3, Max: 55437.3, Diff: 0.0]
   [Code Root Fixup: 0.0 ms]
   [Code Root Migration: 0.0 ms]
   [Clear CT: 0.2 ms]
   [Other: 188.7 ms]
      [Choose CSet: 0.0 ms]
      [Ref Proc: 188.0 ms]
      [Ref Enq: 0.3 ms]
      [Free CSet: 0.3 ms]
   [Eden: 185.0M(185.0M)->0.0B(185.0M) Survivors: 19.0M->19.0M Heap: 2149.6M(4096.0M)->1964.7M(4096.0M)]
 [Times: user=0.75 sys=0.00, real=0.19 secs] 
2016-01-06T01:04:36.990-0800: 55.653: [GC pause (young)
Desired survivor size 13631488 bytes, new threshold 1 (max 15)
- age   1:   17259832 bytes,   17259832 total
2016-01-06T01:04:37.179-0800: 55.842: [SoftReference, 0 refs, 0.0000370 secs]2016-01-06T01:04:37.180-0800: 55.842: [WeakReference, 0 refs, 0.0000070 secs]2016-01-06T01:04:37.180-0800: 55.842: [FinalReference, 0 refs, 0.0000050 secs]2016-01-06T01:04:37.180-0800: 55.842: [PhantomReference, 0 refs, 6245 refs, 0.0002290 secs]2016-01-06T01:04:37.180-0800: 55.843: [JNI Weak Reference, 0.0000080 secs], 0.1908740 secs]
   [Parallel Time: 2.9 ms, GC Workers: 4]
      [GC Worker Start (ms): Min: 55652.7, Avg: 55652.8, Max: 55652.8, Diff: 0.1]
      [Ext Root Scanning (ms): Min: 0.3, Avg: 0.4, Max: 0.4, Diff: 0.1, Sum: 1.4]
      [SATB Filtering (ms): Min: 0.0, Avg: 0.0, Max: 0.0, Diff: 0.0, Sum: 0.0]
      [Update RS (ms): Min: 0.0, Avg: 0.1, Max: 0.2, Diff: 0.2, Sum: 0.3]
         [Processed Buffers: Min: 0, Avg: 1.2, Max: 2, Diff: 2, Sum: 5]
      [Scan RS (ms): Min: 0.0, Avg: 0.1, Max: 0.1, Diff: 0.1, Sum: 0.3]
      [Code Root Scanning (ms): Min: 0.0, Avg: 0.0, Max: 0.0, Diff: 0.0, Sum: 0.0]
      [Object Copy (ms): Min: 2.2, Avg: 2.3, Max: 2.3, Diff: 0.0, Sum: 9.0]
      [Termination (ms): Min: 0.0, Avg: 0.0, Max: 0.0, Diff: 0.0, Sum: 0.0]
      [GC Worker Other (ms): Min: 0.0, Avg: 0.0, Max: 0.1, Diff: 0.0, Sum: 0.1]
      [GC Worker Total (ms): Min: 2.8, Avg: 2.8, Max: 2.9, Diff: 0.1, Sum: 11.3]
      [GC Worker End (ms): Min: 55655.6, Avg: 55655.6, Max: 55655.6, Diff: 0.0]
   [Code Root Fixup: 0.0 ms]
   [Code Root Migration: 0.0 ms]
   [Clear CT: 0.1 ms]
   [Other: 187.8 ms]
      [Choose CSet: 0.0 ms]
      [Ref Proc: 187.1 ms]
      [Ref Enq: 0.3 ms]
      [Free CSet: 0.3 ms]
   [Eden: 185.0M(185.0M)->0.0B(185.0M) Survivors: 19.0M->19.0M Heap: 2149.7M(4096.0M)->1964.7M(4096.0M)]
 [Times: user=0.74 sys=0.00, real=0.19 secs] 
2016-01-06T01:04:37.207-0800: 55.870: [GC pause (young)
Desired survivor size 13631488 bytes, new threshold 1 (max 15)
- age   1:   17259832 bytes,   17259832 total
2016-01-06T01:04:37.419-0800: 56.082: [SoftReference, 0 refs, 0.0000490 secs]2016-01-06T01:04:37.419-0800: 56.082: [WeakReference, 0 refs, 0.0000070 secs]2016-01-06T01:04:37.419-0800: 56.082: [FinalReference, 0 refs, 0.0000060 secs]2016-01-06T01:04:37.419-0800: 56.082: [PhantomReference, 0 refs, 6245 refs, 0.0002330 secs]2016-01-06T01:04:37.420-0800: 56.083: [JNI Weak Reference, 0.0000070 secs], 0.2132000 secs]
   [Parallel Time: 3.6 ms, GC Workers: 4]
      [GC Worker Start (ms): Min: 55870.2, Avg: 55871.3, Max: 55873.7, Diff: 3.5]
      [Ext Root Scanning (ms): Min: 0.0, Avg: 0.3, Max: 0.6, Diff: 0.6, Sum: 1.2]
      [SATB Filtering (ms): Min: 0.0, Avg: 0.0, Max: 0.0, Diff: 0.0, Sum: 0.0]
      [Update RS (ms): Min: 0.0, Avg: 0.1, Max: 0.2, Diff: 0.2, Sum: 0.3]
         [Processed Buffers: Min: 0, Avg: 1.2, Max: 4, Diff: 4, Sum: 5]
      [Scan RS (ms): Min: 0.0, Avg: 0.1, Max: 0.2, Diff: 0.2, Sum: 0.3]
      [Code Root Scanning (ms): Min: 0.0, Avg: 0.0, Max: 0.0, Diff: 0.0, Sum: 0.0]
      [Object Copy (ms): Min: 0.0, Avg: 1.8, Max: 2.5, Diff: 2.5, Sum: 7.3]
      [Termination (ms): Min: 0.0, Avg: 0.1, Max: 0.2, Diff: 0.2, Sum: 0.5]
      [GC Worker Other (ms): Min: 0.0, Avg: 0.0, Max: 0.0, Diff: 0.0, Sum: 0.0]
      [GC Worker Total (ms): Min: 0.1, Avg: 2.4, Max: 3.6, Diff: 3.5, Sum: 9.7]
      [GC Worker End (ms): Min: 55873.7, Avg: 55873.8, Max: 55873.8, Diff: 0.0]
   [Code Root Fixup: 0.0 ms]
   [Code Root Migration: 0.0 ms]
   [Clear CT: 0.1 ms]
   [Other: 209.4 ms]
      [Choose CSet: 0.0 ms]
      [Ref Proc: 208.8 ms]
      [Ref Enq: 0.3 ms]
      [Free CSet: 0.3 ms]
   [Eden: 185.0M(185.0M)->0.0B(186.0M) Survivors: 19.0M->18.0M Heap: 2149.7M(4096.0M)->1964.3M(4096.0M)]
 [Times: user=0.76 sys=0.00, real=0.21 secs] 
2016-01-06T01:04:37.447-0800: 56.110: [GC pause (young)
Desired survivor size 13631488 bytes, new threshold 1 (max 15)
- age   1:   17259832 bytes,   17259832 total
2016-01-06T01:04:37.640-0800: 56.303: [SoftReference, 0 refs, 0.0000420 secs]2016-01-06T01:04:37.640-0800: 56.303: [WeakReference, 0 refs, 0.0000060 secs]2016-01-06T01:04:37.640-0800: 56.303: [FinalReference, 0 refs, 0.0000060 secs]2016-01-06T01:04:37.640-0800: 56.303: [PhantomReference, 0 refs, 6276 refs, 0.0002390 secs]2016-01-06T01:04:37.641-0800: 56.304: [JNI Weak Reference, 0.0000070 secs], 0.1949400 secs]
   [Parallel Time: 3.1 ms, GC Workers: 4]
      [GC Worker Start (ms): Min: 56109.6, Avg: 56109.6, Max: 56109.7, Diff: 0.1]
      [Ext Root Scanning (ms): Min: 0.3, Avg: 0.4, Max: 0.4, Diff: 0.1, Sum: 1.4]
      [SATB Filtering (ms): Min: 0.0, Avg: 0.0, Max: 0.0, Diff: 0.0, Sum: 0.0]
      [Update RS (ms): Min: 0.0, Avg: 0.1, Max: 0.2, Diff: 0.2, Sum: 0.3]
         [Processed Buffers: Min: 0, Avg: 0.8, Max: 1, Diff: 1, Sum: 3]
      [Scan RS (ms): Min: 0.0, Avg: 0.1, Max: 0.1, Diff: 0.1, Sum: 0.3]
      [Code Root Scanning (ms): Min: 0.0, Avg: 0.0, Max: 0.0, Diff: 0.0, Sum: 0.1]
      [Object Copy (ms): Min: 2.3, Avg: 2.3, Max: 2.3, Diff: 0.0, Sum: 9.3]
      [Termination (ms): Min: 0.0, Avg: 0.0, Max: 0.0, Diff: 0.0, Sum: 0.0]
      [GC Worker Other (ms): Min: 0.0, Avg: 0.0, Max: 0.0, Diff: 0.0, Sum: 0.1]
      [GC Worker Total (ms): Min: 2.9, Avg: 2.9, Max: 2.9, Diff: 0.1, Sum: 11.6]
      [GC Worker End (ms): Min: 56112.5, Avg: 56112.5, Max: 56112.5, Diff: 0.0]
   [Code Root Fixup: 0.0 ms]
   [Code Root Migration: 0.0 ms]
   [Clear CT: 0.1 ms]
   [Other: 191.7 ms]
      [Choose CSet: 0.0 ms]
      [Ref Proc: 191.1 ms]
      [Ref Enq: 0.3 ms]
      [Free CSet: 0.3 ms]
   [Eden: 186.0M(186.0M)->0.0B(185.0M) Survivors: 18.0M->19.0M Heap: 2150.3M(4096.0M)->1964.8M(4096.0M)]
 [Times: user=0.75 sys=0.00, real=0.19 secs] 
2016-01-06T01:04:37.668-0800: 56.331: [GC pause (young)
Desired survivor size 13631488 bytes, new threshold 1 (max 15)
- age   1:   17262064 bytes,   17262064 total
2016-01-06T01:04:37.861-0800: 56.524: [SoftReference, 0 refs, 0.0000440 secs]2016-01-06T01:04:37.861-0800: 56.524: [WeakReference, 0 refs, 0.0000060 secs]2016-01-06T01:04:37.861-0800: 56.524: [FinalReference, 0 refs, 0.0000050 secs]2016-01-06T01:04:37.861-0800: 56.524: [PhantomReference, 0 refs, 6243 refs, 0.0002370 secs]2016-01-06T01:04:37.861-0800: 56.524: [JNI Weak Reference, 0.0000080 secs], 0.1942170 secs]
   [Parallel Time: 3.2 ms, GC Workers: 4]
      [GC Worker Start (ms): Min: 56330.9, Avg: 56331.0, Max: 56331.0, Diff: 0.1]
      [Ext Root Scanning (ms): Min: 0.4, Avg: 0.6, Max: 1.0, Diff: 0.6, Sum: 2.3]
      [SATB Filtering (ms): Min: 0.0, Avg: 0.0, Max: 0.0, Diff: 0.0, Sum: 0.0]
      [Update RS (ms): Min: 0.0, Avg: 0.1, Max: 0.2, Diff: 0.2, Sum: 0.3]
         [Processed Buffers: Min: 0, Avg: 1.2, Max: 3, Diff: 3, Sum: 5]
      [Scan RS (ms): Min: 0.0, Avg: 0.1, Max: 0.1, Diff: 0.1, Sum: 0.3]
      [Code Root Scanning (ms): Min: 0.0, Avg: 0.0, Max: 0.0, Diff: 0.0, Sum: 0.0]
      [Object Copy (ms): Min: 2.1, Avg: 2.4, Max: 2.5, Diff: 0.4, Sum: 9.6]
      [Termination (ms): Min: 0.0, Avg: 0.0, Max: 0.0, Diff: 0.0, Sum: 0.0]
      [GC Worker Other (ms): Min: 0.0, Avg: 0.0, Max: 0.0, Diff: 0.0, Sum: 0.1]
      [GC Worker Total (ms): Min: 3.1, Avg: 3.2, Max: 3.2, Diff: 0.1, Sum: 12.6]
      [GC Worker End (ms): Min: 56334.1, Avg: 56334.1, Max: 56334.1, Diff: 0.0]
   [Code Root Fixup: 0.0 ms]
   [Code Root Migration: 0.0 ms]
   [Clear CT: 0.1 ms]
   [Other: 190.8 ms]
      [Choose CSet: 0.0 ms]
      [Ref Proc: 190.2 ms]
      [Ref Enq: 0.3 ms]
      [Free CSet: 0.3 ms]
   [Eden: 185.0M(185.0M)->0.0B(185.0M) Survivors: 19.0M->19.0M Heap: 2149.8M(4096.0M)->1964.9M(4096.0M)]
 [Times: user=0.75 sys=0.01, real=0.19 secs] 
2016-01-06T01:04:37.891-0800: 56.554: [GC pause (young)
Desired survivor size 13631488 bytes, new threshold 1 (max 15)
- age   1:   17259832 bytes,   17259832 total
2016-01-06T01:04:38.085-0800: 56.748: [SoftReference, 0 refs, 0.0000590 secs]2016-01-06T01:04:38.085-0800: 56.748: [WeakReference, 0 refs, 0.0000080 secs]2016-01-06T01:04:38.085-0800: 56.748: [FinalReference, 0 refs, 0.0000060 secs]2016-01-06T01:04:38.085-0800: 56.748: [PhantomReference, 0 refs, 6243 refs, 0.0002610 secs]2016-01-06T01:04:38.085-0800: 56.748: [JNI Weak Reference, 0.0000080 secs], 0.1952200 secs]
   [Parallel Time: 3.0 ms, GC Workers: 4]
      [GC Worker Start (ms): Min: 56553.6, Avg: 56553.7, Max: 56553.7, Diff: 0.1]
      [Ext Root Scanning (ms): Min: 0.4, Avg: 0.4, Max: 0.4, Diff: 0.0, Sum: 1.4]
      [SATB Filtering (ms): Min: 0.0, Avg: 0.0, Max: 0.0, Diff: 0.0, Sum: 0.0]
      [Update RS (ms): Min: 0.0, Avg: 0.1, Max: 0.1, Diff: 0.1, Sum: 0.3]
         [Processed Buffers: Min: 1, Avg: 1.2, Max: 2, Diff: 1, Sum: 5]
      [Scan RS (ms): Min: 0.1, Avg: 0.1, Max: 0.1, Diff: 0.1, Sum: 0.4]
      [Code Root Scanning (ms): Min: 0.0, Avg: 0.2, Max: 0.8, Diff: 0.8, Sum: 0.8]
      [Object Copy (ms): Min: 1.6, Avg: 2.2, Max: 2.3, Diff: 0.7, Sum: 8.6]
      [Termination (ms): Min: 0.0, Avg: 0.0, Max: 0.0, Diff: 0.0, Sum: 0.0]
      [GC Worker Other (ms): Min: 0.0, Avg: 0.0, Max: 0.0, Diff: 0.0, Sum: 0.1]
      [GC Worker Total (ms): Min: 2.9, Avg: 2.9, Max: 3.0, Diff: 0.1, Sum: 11.7]
      [GC Worker End (ms): Min: 56556.6, Avg: 56556.6, Max: 56556.6, Diff: 0.0]
   [Code Root Fixup: 0.0 ms]
   [Code Root Migration: 0.0 ms]
   [Clear CT: 0.1 ms]
   [Other: 192.0 ms]
      [Choose CSet: 0.0 ms]
      [Ref Proc: 191.4 ms]
      [Ref Enq: 0.3 ms]
      [Free CSet: 0.3 ms]
   [Eden: 185.0M(185.0M)->0.0B(186.0M) Survivors: 19.0M->18.0M Heap: 2149.9M(4096.0M)->1964.4M(4096.0M)]
 [Times: user=0.75 sys=0.00, real=0.20 secs] 
2016-01-06T01:04:38.112-0800: 56.775: [GC pause (young)
Desired survivor size 13631488 bytes, new threshold 1 (max 15)
- age   1:   17259832 bytes,   17259832 total
2016-01-06T01:04:38.301-0800: 56.964: [SoftReference, 0 refs, 0.0000430 secs]2016-01-06T01:04:38.301-0800: 56.964: [WeakReference, 0 refs, 0.0000070 secs]2016-01-06T01:04:38.301-0800: 56.964: [FinalReference, 0 refs, 0.0000060 secs]2016-01-06T01:04:38.302-0800: 56.964: [PhantomReference, 0 refs, 6276 refs, 0.0002340 secs]2016-01-06T01:04:38.302-0800: 56.965: [JNI Weak Reference, 0.0000080 secs], 0.1903370 secs]
   [Parallel Time: 2.4 ms, GC Workers: 4]
      [GC Worker Start (ms): Min: 56775.2, Avg: 56775.4, Max: 56775.9, Diff: 0.8]
      [Ext Root Scanning (ms): Min: 0.0, Avg: 0.3, Max: 0.5, Diff: 0.5, Sum: 1.3]
      [SATB Filtering (ms): Min: 0.0, Avg: 0.0, Max: 0.0, Diff: 0.0, Sum: 0.0]
      [Update RS (ms): Min: 0.0, Avg: 0.1, Max: 0.2, Diff: 0.2, Sum: 0.3]
         [Processed Buffers: Min: 0, Avg: 1.2, Max: 3, Diff: 3, Sum: 5]
      [Scan RS (ms): Min: 0.0, Avg: 0.1, Max: 0.1, Diff: 0.1, Sum: 0.3]
      [Code Root Scanning (ms): Min: 0.0, Avg: 0.0, Max: 0.0, Diff: 0.0, Sum: 0.0]
      [Object Copy (ms): Min: 1.5, Avg: 1.6, Max: 1.6, Diff: 0.1, Sum: 6.4]
      [Termination (ms): Min: 0.0, Avg: 0.0, Max: 0.0, Diff: 0.0, Sum: 0.0]
      [GC Worker Other (ms): Min: 0.0, Avg: 0.0, Max: 0.0, Diff: 0.0, Sum: 0.1]
      [GC Worker Total (ms): Min: 1.5, Avg: 2.1, Max: 2.3, Diff: 0.8, Sum: 8.4]
      [GC Worker End (ms): Min: 56777.5, Avg: 56777.5, Max: 56777.5, Diff: 0.0]
   [Code Root Fixup: 0.0 ms]
   [Code Root Migration: 0.0 ms]
   [Clear CT: 0.1 ms]
   [Other: 187.8 ms]
      [Choose CSet: 0.0 ms]
      [Ref Proc: 187.2 ms]
      [Ref Enq: 0.3 ms]
      [Free CSet: 0.3 ms]
   [Eden: 186.0M(186.0M)->0.0B(937.0M) Survivors: 18.0M->13.0M Heap: 2150.4M(4096.0M)->1958.9M(4096.0M)]
 [Times: user=0.74 sys=0.00, real=0.19 secs] 
2016-01-06T01:04:38.441-0800: 57.104: [GC pause (young)
Desired survivor size 62390272 bytes, new threshold 15 (max 15)
- age   1:   10925488 bytes,   10925488 total
2016-01-06T01:04:38.650-0800: 57.312: [SoftReference, 0 refs, 0.0000510 secs]2016-01-06T01:04:38.650-0800: 57.313: [WeakReference, 0 refs, 0.0000070 secs]2016-01-06T01:04:38.650-0800: 57.313: [FinalReference, 0 refs, 0.0000060 secs]2016-01-06T01:04:38.650-0800: 57.313: [PhantomReference, 0 refs, 29557 refs, 0.0011080 secs]2016-01-06T01:04:38.651-0800: 57.314: [JNI Weak Reference, 0.0000080 secs], 0.2128110 secs]
   [Parallel Time: 5.7 ms, GC Workers: 4]
      [GC Worker Start (ms): Min: 57103.9, Avg: 57105.0, Max: 57108.1, Diff: 4.1]
      [Ext Root Scanning (ms): Min: 0.0, Avg: 0.3, Max: 0.5, Diff: 0.5, Sum: 1.3]
      [SATB Filtering (ms): Min: 0.0, Avg: 0.0, Max: 0.0, Diff: 0.0, Sum: 0.0]
      [Update RS (ms): Min: 0.0, Avg: 0.1, Max: 0.2, Diff: 0.2, Sum: 0.3]
         [Processed Buffers: Min: 0, Avg: 1.2, Max: 2, Diff: 2, Sum: 5]
      [Scan RS (ms): Min: 0.2, Avg: 0.4, Max: 0.5, Diff: 0.3, Sum: 1.8]
      [Code Root Scanning (ms): Min: 0.0, Avg: 0.0, Max: 0.1, Diff: 0.1, Sum: 0.2]
      [Object Copy (ms): Min: 1.2, Avg: 3.7, Max: 4.5, Diff: 3.3, Sum: 14.7]
      [Termination (ms): Min: 0.0, Avg: 0.0, Max: 0.0, Diff: 0.0, Sum: 0.0]
      [GC Worker Other (ms): Min: 0.0, Avg: 0.0, Max: 0.1, Diff: 0.0, Sum: 0.2]
      [GC Worker Total (ms): Min: 1.5, Avg: 4.6, Max: 5.6, Diff: 4.2, Sum: 18.4]
      [GC Worker End (ms): Min: 57109.5, Avg: 57109.6, Max: 57109.6, Diff: 0.0]
   [Code Root Fixup: 0.0 ms]
   [Code Root Migration: 0.1 ms]
   [Clear CT: 0.3 ms]
   [Other: 206.7 ms]
      [Choose CSet: 0.0 ms]
      [Ref Proc: 204.0 ms]
      [Ref Enq: 1.3 ms]
      [Free CSet: 1.2 ms]
   [Eden: 937.0M(937.0M)->0.0B(183.0M) Survivors: 13.0M->21.0M Heap: 2895.9M(4096.0M)->1966.9M(4096.0M)]
 [Times: user=0.76 sys=0.00, real=0.21 secs] 
2016-01-06T01:04:38.683-0800: 57.346: [GC pause (young)
Desired survivor size 13631488 bytes, new threshold 1 (max 15)
- age   1:   18938296 bytes,   18938296 total
- age   2:      36864 bytes,   18975160 total
2016-01-06T01:04:38.877-0800: 57.540: [SoftReference, 0 refs, 0.0000430 secs]2016-01-06T01:04:38.877-0800: 57.540: [WeakReference, 0 refs, 0.0000060 secs]2016-01-06T01:04:38.877-0800: 57.540: [FinalReference, 0 refs, 0.0000050 secs]2016-01-06T01:04:38.877-0800: 57.540: [PhantomReference, 0 refs, 6183 refs, 0.0002280 secs]2016-01-06T01:04:38.878-0800: 57.541: [JNI Weak Reference, 0.0000080 secs], 0.1951030 secs]
   [Parallel Time: 3.8 ms, GC Workers: 4]
      [GC Worker Start (ms): Min: 57346.3, Avg: 57347.1, Max: 57347.9, Diff: 1.6]
      [Ext Root Scanning (ms): Min: 0.0, Avg: 0.3, Max: 0.7, Diff: 0.7, Sum: 1.3]
      [SATB Filtering (ms): Min: 0.0, Avg: 0.0, Max: 0.0, Diff: 0.0, Sum: 0.0]
      [Update RS (ms): Min: 0.0, Avg: 0.1, Max: 0.2, Diff: 0.2, Sum: 0.2]
         [Processed Buffers: Min: 0, Avg: 1.0, Max: 3, Diff: 3, Sum: 4]
      [Scan RS (ms): Min: 0.0, Avg: 0.1, Max: 0.2, Diff: 0.2, Sum: 0.4]
      [Code Root Scanning (ms): Min: 0.0, Avg: 0.0, Max: 0.0, Diff: 0.0, Sum: 0.0]
      [Object Copy (ms): Min: 2.1, Avg: 2.5, Max: 2.8, Diff: 0.7, Sum: 9.9]
      [Termination (ms): Min: 0.0, Avg: 0.0, Max: 0.0, Diff: 0.0, Sum: 0.0]
      [GC Worker Other (ms): Min: 0.0, Avg: 0.0, Max: 0.0, Diff: 0.0, Sum: 0.1]
      [GC Worker Total (ms): Min: 2.2, Avg: 3.0, Max: 3.8, Diff: 1.6, Sum: 11.9]
      [GC Worker End (ms): Min: 57350.1, Avg: 57350.1, Max: 57350.1, Diff: 0.0]
   [Code Root Fixup: 0.0 ms]
   [Code Root Migration: 0.0 ms]
   [Clear CT: 0.1 ms]
   [Other: 191.1 ms]
      [Choose CSet: 0.0 ms]
      [Ref Proc: 190.5 ms]
      [Ref Enq: 0.3 ms]
      [Free CSet: 0.3 ms]
   [Eden: 183.0M(183.0M)->0.0B(185.0M) Survivors: 21.0M->19.0M Heap: 2149.9M(4096.0M)->1965.0M(4096.0M)]
 [Times: user=0.70 sys=0.00, real=0.20 secs] 
2016-01-06T01:04:38.907-0800: 57.570: [GC pause (young)
Desired survivor size 13631488 bytes, new threshold 1 (max 15)
- age   1:   17255368 bytes,   17255368 total
2016-01-06T01:04:39.104-0800: 57.767: [SoftReference, 0 refs, 0.0000480 secs]2016-01-06T01:04:39.104-0800: 57.767: [WeakReference, 0 refs, 0.0000080 secs]2016-01-06T01:04:39.104-0800: 57.767: [FinalReference, 0 refs, 0.0000060 secs]2016-01-06T01:04:39.104-0800: 57.767: [PhantomReference, 0 refs, 6245 refs, 0.0002260 secs]2016-01-06T01:04:39.104-0800: 57.767: [JNI Weak Reference, 0.0000080 secs], 0.1985590 secs]
   [Parallel Time: 3.0 ms, GC Workers: 4]
      [GC Worker Start (ms): Min: 57569.7, Avg: 57569.7, Max: 57569.8, Diff: 0.1]
      [Ext Root Scanning (ms): Min: 0.3, Avg: 0.4, Max: 0.4, Diff: 0.1, Sum: 1.4]
      [SATB Filtering (ms): Min: 0.0, Avg: 0.0, Max: 0.0, Diff: 0.0, Sum: 0.0]
      [Update RS (ms): Min: 0.0, Avg: 0.1, Max: 0.3, Diff: 0.3, Sum: 0.3]
         [Processed Buffers: Min: 0, Avg: 1.2, Max: 3, Diff: 3, Sum: 5]
      [Scan RS (ms): Min: 0.0, Avg: 0.1, Max: 0.1, Diff: 0.1, Sum: 0.3]
      [Code Root Scanning (ms): Min: 0.0, Avg: 0.0, Max: 0.0, Diff: 0.0, Sum: 0.0]
      [Object Copy (ms): Min: 2.2, Avg: 2.2, Max: 2.3, Diff: 0.1, Sum: 9.0]
      [Termination (ms): Min: 0.0, Avg: 0.0, Max: 0.0, Diff: 0.0, Sum: 0.0]
      [GC Worker Other (ms): Min: 0.0, Avg: 0.0, Max: 0.0, Diff: 0.0, Sum: 0.1]
      [GC Worker Total (ms): Min: 2.8, Avg: 2.8, Max: 2.9, Diff: 0.1, Sum: 11.3]
      [GC Worker End (ms): Min: 57572.6, Avg: 57572.6, Max: 57572.6, Diff: 0.0]
   [Code Root Fixup: 0.0 ms]
   [Code Root Migration: 0.0 ms]
   [Clear CT: 0.1 ms]
   [Other: 195.4 ms]
      [Choose CSet: 0.0 ms]
      [Ref Proc: 194.8 ms]
      [Ref Enq: 0.3 ms]
      [Free CSet: 0.3 ms]
   [Eden: 185.0M(185.0M)->0.0B(185.0M) Survivors: 19.0M->19.0M Heap: 2150.0M(4096.0M)->1965.0M(4096.0M)]
 [Times: user=0.76 sys=0.00, real=0.20 secs] 
2016-01-06T01:04:39.113-0800: 57.776: [GC concurrent-mark-end, 15.3936890 secs]
2016-01-06T01:04:39.113-0800: 57.776: [GC remark 2016-01-06T01:04:39.113-0800: 57.776: [GC ref-proc2016-01-06T01:04:39.113-0800: 57.776: [SoftReference, 0 refs, 0.0000270 secs]2016-01-06T01:04:39.113-0800: 57.776: [WeakReference, 3 refs, 0.0000140 secs]2016-01-06T01:04:39.113-0800: 57.776: [FinalReference, 4 refs, 0.0000130 secs]2016-01-06T01:04:39.113-0800: 57.776: [PhantomReference, 0 refs, 10482437 refs, 1.5821450 secs]2016-01-06T01:04:40.695-0800: 59.358: [JNI Weak Reference, 0.0000190 secs], 1.5822830 secs], 1.5923670 secs]
 [Times: user=1.06 sys=0.54, real=1.60 secs] 
2016-01-06T01:04:40.705-0800: 59.368: [GC cleanup 2016M->2016M(4096M), 0.0069700 secs]
 [Times: user=0.02 sys=0.00, real=0.00 secs] 
2016-01-06T01:04:40.734-0800: 59.397: [GC pause (young)
Desired survivor size 13631488 bytes, new threshold 1 (max 15)
- age   1:   17259832 bytes,   17259832 total
2016-01-06T01:04:40.737-0800: 59.400: [SoftReference, 0 refs, 0.0000440 secs]2016-01-06T01:04:40.737-0800: 59.400: [WeakReference, 0 refs, 0.0000060 secs]2016-01-06T01:04:40.737-0800: 59.400: [FinalReference, 0 refs, 0.0000050 secs]2016-01-06T01:04:40.737-0800: 59.400: [PhantomReference, 0 refs, 6245 refs, 0.0002150 secs]2016-01-06T01:04:40.737-0800: 59.400: [JNI Weak Reference, 0.0000070 secs], 0.0038270 secs]
   [Parallel Time: 2.7 ms, GC Workers: 4]
      [GC Worker Start (ms): Min: 59396.9, Avg: 59396.9, Max: 59396.9, Diff: 0.1]
      [Ext Root Scanning (ms): Min: 0.4, Avg: 0.4, Max: 0.4, Diff: 0.1, Sum: 1.6]
      [Update RS (ms): Min: 0.0, Avg: 0.1, Max: 0.2, Diff: 0.2, Sum: 0.3]
         [Processed Buffers: Min: 0, Avg: 1.2, Max: 3, Diff: 3, Sum: 5]
      [Scan RS (ms): Min: 0.0, Avg: 0.1, Max: 0.1, Diff: 0.1, Sum: 0.4]
      [Code Root Scanning (ms): Min: 0.0, Avg: 0.0, Max: 0.0, Diff: 0.0, Sum: 0.0]
      [Object Copy (ms): Min: 1.9, Avg: 2.0, Max: 2.0, Diff: 0.1, Sum: 7.9]
      [Termination (ms): Min: 0.0, Avg: 0.0, Max: 0.0, Diff: 0.0, Sum: 0.0]
      [GC Worker Other (ms): Min: 0.0, Avg: 0.0, Max: 0.0, Diff: 0.0, Sum: 0.1]
      [GC Worker Total (ms): Min: 2.6, Avg: 2.6, Max: 2.6, Diff: 0.1, Sum: 10.4]
      [GC Worker End (ms): Min: 59399.5, Avg: 59399.5, Max: 59399.5, Diff: 0.0]
   [Code Root Fixup: 0.0 ms]
   [Code Root Migration: 0.0 ms]
   [Clear CT: 0.1 ms]
   [Other: 1.0 ms]
      [Choose CSet: 0.0 ms]
      [Ref Proc: 0.5 ms]
      [Ref Enq: 0.1 ms]
      [Free CSet: 0.3 ms]
   [Eden: 185.0M(185.0M)->0.0B(1695.0M) Survivors: 19.0M->16.0M Heap: 2150.0M(4096.0M)->1962.1M(4096.0M)]
 [Times: user=0.01 sys=0.00, real=0.01 secs] 
2016-01-06T01:04:40.972-0800: 59.635: [GC pause (young)
Desired survivor size 112197632 bytes, new threshold 15 (max 15)
- age   1:   14534776 bytes,   14534776 total
2016-01-06T01:04:40.982-0800: 59.645: [SoftReference, 0 refs, 0.0000490 secs]2016-01-06T01:04:40.982-0800: 59.645: [WeakReference, 0 refs, 0.0000070 secs]2016-01-06T01:04:40.983-0800: 59.645: [FinalReference, 0 refs, 0.0000050 secs]2016-01-06T01:04:40.983-0800: 59.645: [PhantomReference, 0 refs, 53055 refs, 0.0012930 secs]2016-01-06T01:04:40.984-0800: 59.647: [JNI Weak Reference, 0.0000080 secs], 0.0147600 secs]
   [Parallel Time: 9.7 ms, GC Workers: 4]
      [GC Worker Start (ms): Min: 59635.5, Avg: 59637.8, Max: 59644.6, Diff: 9.1]
      [Ext Root Scanning (ms): Min: 0.0, Avg: 0.4, Max: 0.5, Diff: 0.5, Sum: 1.4]
      [Update RS (ms): Min: 0.0, Avg: 0.1, Max: 0.2, Diff: 0.2, Sum: 0.2]
         [Processed Buffers: Min: 0, Avg: 1.2, Max: 4, Diff: 4, Sum: 5]
      [Scan RS (ms): Min: 0.4, Avg: 0.8, Max: 0.9, Diff: 0.6, Sum: 3.1]
      [Code Root Scanning (ms): Min: 0.0, Avg: 0.1, Max: 0.1, Diff: 0.1, Sum: 0.3]
      [Object Copy (ms): Min: 0.0, Avg: 5.6, Max: 7.4, Diff: 7.4, Sum: 22.2]
      [Termination (ms): Min: 0.0, Avg: 0.4, Max: 0.5, Diff: 0.5, Sum: 1.5]
      [GC Worker Other (ms): Min: 0.0, Avg: 0.0, Max: 0.0, Diff: 0.0, Sum: 0.1]
      [GC Worker Total (ms): Min: 0.4, Avg: 7.2, Max: 9.6, Diff: 9.2, Sum: 28.9]
      [GC Worker End (ms): Min: 59645.0, Avg: 59645.0, Max: 59645.1, Diff: 0.1]
   [Code Root Fixup: 0.0 ms]
   [Code Root Migration: 0.2 ms]
   [Clear CT: 0.3 ms]
   [Other: 4.5 ms]
      [Choose CSet: 0.0 ms]
      [Ref Proc: 1.6 ms]
      [Ref Enq: 1.0 ms]
      [Free CSet: 1.8 ms]
   [Eden: 1695.0M(1695.0M)->0.0B(1690.0M) Survivors: 16.0M->22.0M Heap: 3657.1M(4096.0M)->1968.1M(4096.0M)]
 [Times: user=0.03 sys=0.00, real=0.02 secs] 
2016-01-06T01:04:41.223-0800: 59.886: [GC pause (young) (initial-mark)
Desired survivor size 112197632 bytes, new threshold 15 (max 15)
- age   1:   20630152 bytes,   20630152 total
- age   2:      36864 bytes,   20667016 total
2016-01-06T01:04:41.235-0800: 59.898: [SoftReference, 0 refs, 0.0000450 secs]2016-01-06T01:04:41.235-0800: 59.898: [WeakReference, 0 refs, 0.0000070 secs]2016-01-06T01:04:41.235-0800: 59.898: [FinalReference, 0 refs, 0.0000050 secs]2016-01-06T01:04:41.235-0800: 59.898: [PhantomReference, 0 refs, 52900 refs, 0.0013370 secs]2016-01-06T01:04:41.236-0800: 59.899: [JNI Weak Reference, 0.0000080 secs], 0.0175830 secs]
   [Parallel Time: 11.7 ms, GC Workers: 4]
      [GC Worker Start (ms): Min: 59886.0, Avg: 59886.0, Max: 59886.1, Diff: 0.1]
      [Ext Root Scanning (ms): Min: 0.3, Avg: 0.4, Max: 0.4, Diff: 0.1, Sum: 1.4]
      [Code Root Marking (ms): Min: 0.2, Avg: 0.2, Max: 0.3, Diff: 0.0, Sum: 1.0]
      [Update RS (ms): Min: 0.0, Avg: 0.1, Max: 0.2, Diff: 0.2, Sum: 0.2]
         [Processed Buffers: Min: 0, Avg: 1.0, Max: 3, Diff: 3, Sum: 4]
      [Scan RS (ms): Min: 0.7, Avg: 0.7, Max: 0.8, Diff: 0.1, Sum: 3.0]
      [Code Root Scanning (ms): Min: 0.1, Avg: 0.1, Max: 0.1, Diff: 0.0, Sum: 0.4]
      [Object Copy (ms): Min: 10.0, Avg: 10.0, Max: 10.1, Diff: 0.1, Sum: 40.1]
      [Termination (ms): Min: 0.0, Avg: 0.0, Max: 0.0, Diff: 0.0, Sum: 0.0]
      [GC Worker Other (ms): Min: 0.0, Avg: 0.1, Max: 0.1, Diff: 0.0, Sum: 0.2]
      [GC Worker Total (ms): Min: 11.5, Avg: 11.6, Max: 11.6, Diff: 0.1, Sum: 46.3]
      [GC Worker End (ms): Min: 59897.6, Avg: 59897.6, Max: 59897.6, Diff: 0.0]
   [Code Root Fixup: 0.0 ms]
   [Code Root Migration: 0.3 ms]
   [Clear CT: 0.5 ms]
   [Other: 5.2 ms]
      [Choose CSet: 0.0 ms]
      [Ref Proc: 1.6 ms]
      [Ref Enq: 0.9 ms]
      [Free CSet: 1.9 ms]
   [Eden: 1690.0M(1690.0M)->0.0B(1691.0M) Survivors: 22.0M->22.0M Heap: 3658.1M(4096.0M)->1968.1M(4096.0M)]
 [Times: user=0.06 sys=0.00, real=0.02 secs] 
2016-01-06T01:04:41.240-0800: 59.903: [GC concurrent-root-region-scan-start]
2016-01-06T01:04:41.245-0800: 59.908: [GC concurrent-root-region-scan-end, 0.0044600 secs]
2016-01-06T01:04:41.245-0800: 59.908: [GC concurrent-mark-start]
2016-01-06T01:04:41.785-0800: 60.447: [GC pause (young)
Desired survivor size 112721920 bytes, new threshold 15 (max 15)
- age   1:   20618992 bytes,   20618992 total
- age   2:      36864 bytes,   20655856 total
2016-01-06T01:04:41.811-0800: 60.474: [SoftReference, 0 refs, 0.0000440 secs]2016-01-06T01:04:41.811-0800: 60.474: [WeakReference, 0 refs, 0.0000060 secs]2016-01-06T01:04:41.811-0800: 60.474: [FinalReference, 0 refs, 0.0000050 secs]2016-01-06T01:04:41.811-0800: 60.474: [PhantomReference, 0 refs, 52931 refs, 0.0017600 secs]2016-01-06T01:04:41.813-0800: 60.476: [JNI Weak Reference, 0.0000080 secs], 0.0336100 secs]
   [Parallel Time: 23.0 ms, GC Workers: 4]
      [GC Worker Start (ms): Min: 60447.5, Avg: 60447.5, Max: 60447.6, Diff: 0.1]
      [Ext Root Scanning (ms): Min: 0.3, Avg: 0.4, Max: 0.4, Diff: 0.1, Sum: 1.5]
      [SATB Filtering (ms): Min: 0.0, Avg: 0.0, Max: 0.0, Diff: 0.0, Sum: 0.0]
      [Update RS (ms): Min: 10.6, Avg: 10.7, Max: 10.9, Diff: 0.4, Sum: 42.9]
         [Processed Buffers: Min: 15, Avg: 16.2, Max: 18, Diff: 3, Sum: 65]
      [Scan RS (ms): Min: 0.6, Avg: 0.7, Max: 0.9, Diff: 0.3, Sum: 3.0]
      [Code Root Scanning (ms): Min: 0.1, Avg: 0.1, Max: 0.1, Diff: 0.0, Sum: 0.3]
      [Object Copy (ms): Min: 10.9, Avg: 10.9, Max: 11.0, Diff: 0.1, Sum: 43.8]
      [Termination (ms): Min: 0.0, Avg: 0.0, Max: 0.0, Diff: 0.0, Sum: 0.0]
      [GC Worker Other (ms): Min: 0.0, Avg: 0.1, Max: 0.1, Diff: 0.1, Sum: 0.2]
      [GC Worker Total (ms): Min: 22.9, Avg: 22.9, Max: 22.9, Diff: 0.1, Sum: 91.7]
      [GC Worker End (ms): Min: 60470.4, Avg: 60470.5, Max: 60470.5, Diff: 0.1]
   [Code Root Fixup: 0.0 ms]
   [Code Root Migration: 0.2 ms]
   [Clear CT: 0.4 ms]
   [Other: 9.9 ms]
      [Choose CSet: 0.0 ms]
      [Ref Proc: 5.5 ms]
      [Ref Enq: 2.4 ms]
      [Free CSet: 1.9 ms]
   [Eden: 1691.0M(1691.0M)->0.0B(1691.0M) Survivors: 22.0M->22.0M Heap: 3659.1M(4096.0M)->1968.1M(4096.0M)]
 [Times: user=0.11 sys=0.00, real=0.04 secs] 
2016-01-06T01:04:42.081-0800: 60.744: [GC pause (young)
Desired survivor size 112721920 bytes, new threshold 15 (max 15)
- age   1:   20621224 bytes,   20621224 total
- age   2:      36864 bytes,   20658088 total
2016-01-06T01:04:42.140-0800: 60.803: [SoftReference, 0 refs, 0.0000480 secs]2016-01-06T01:04:42.140-0800: 60.803: [WeakReference, 0 refs, 0.0000070 secs]2016-01-06T01:04:42.140-0800: 60.803: [FinalReference, 0 refs, 0.0000060 secs]2016-01-06T01:04:42.140-0800: 60.803: [PhantomReference, 0 refs, 52929 refs, 0.0018120 secs]2016-01-06T01:04:42.141-0800: 60.804: [JNI Weak Reference, 0.0000070 secs], 0.0656960 secs]
   [Parallel Time: 34.5 ms, GC Workers: 4]
      [GC Worker Start (ms): Min: 60743.7, Avg: 60743.7, Max: 60743.7, Diff: 0.1]
      [Ext Root Scanning (ms): Min: 0.3, Avg: 0.4, Max: 0.4, Diff: 0.1, Sum: 1.5]
      [SATB Filtering (ms): Min: 0.0, Avg: 0.0, Max: 0.0, Diff: 0.0, Sum: 0.0]
      [Update RS (ms): Min: 22.0, Avg: 22.2, Max: 22.5, Diff: 0.5, Sum: 89.0]
         [Processed Buffers: Min: 32, Avg: 32.0, Max: 32, Diff: 0, Sum: 128]
      [Scan RS (ms): Min: 0.6, Avg: 0.8, Max: 1.0, Diff: 0.4, Sum: 3.2]
      [Code Root Scanning (ms): Min: 0.1, Avg: 0.1, Max: 0.1, Diff: 0.1, Sum: 0.3]
      [Object Copy (ms): Min: 10.7, Avg: 10.8, Max: 10.8, Diff: 0.1, Sum: 43.0]
      [Termination (ms): Min: 0.0, Avg: 0.0, Max: 0.0, Diff: 0.0, Sum: 0.0]
      [GC Worker Other (ms): Min: 0.0, Avg: 0.1, Max: 0.1, Diff: 0.0, Sum: 0.2]
      [GC Worker Total (ms): Min: 34.3, Avg: 34.3, Max: 34.4, Diff: 0.1, Sum: 137.3]
      [GC Worker End (ms): Min: 60778.0, Avg: 60778.0, Max: 60778.1, Diff: 0.0]
   [Code Root Fixup: 0.0 ms]
   [Code Root Migration: 0.2 ms]
   [Clear CT: 0.5 ms]
   [Other: 30.6 ms]
      [Choose CSet: 0.0 ms]
      [Ref Proc: 26.3 ms]
      [Ref Enq: 2.4 ms]
      [Free CSet: 1.8 ms]
   [Eden: 1691.0M(1691.0M)->0.0B(1700.0M) Survivors: 22.0M->15.0M Heap: 3659.1M(4096.0M)->1961.1M(4096.0M)]
 [Times: user=0.24 sys=0.00, real=0.07 secs] 
2016-01-06T01:04:42.410-0800: 61.073: [GC pause (young)
Desired survivor size 112721920 bytes, new threshold 15 (max 15)
- age   1:   13201192 bytes,   13201192 total
- age   2:      36864 bytes,   13238056 total
2016-01-06T01:04:42.489-0800: 61.152: [SoftReference, 0 refs, 0.0000440 secs]2016-01-06T01:04:42.489-0800: 61.152: [WeakReference, 0 refs, 0.0000070 secs]2016-01-06T01:04:42.489-0800: 61.152: [FinalReference, 0 refs, 0.0000060 secs]2016-01-06T01:04:42.489-0800: 61.152: [PhantomReference, 0 refs, 53211 refs, 0.0018390 secs]2016-01-06T01:04:42.491-0800: 61.154: [JNI Weak Reference, 0.0000080 secs], 0.0865690 secs]
   [Parallel Time: 36.4 ms, GC Workers: 4]
      [GC Worker Start (ms): Min: 61072.8, Avg: 61073.6, Max: 61075.9, Diff: 3.1]
      [Ext Root Scanning (ms): Min: 0.0, Avg: 0.3, Max: 0.5, Diff: 0.5, Sum: 1.3]
      [SATB Filtering (ms): Min: 0.0, Avg: 0.0, Max: 0.0, Diff: 0.0, Sum: 0.0]
      [Update RS (ms): Min: 21.4, Avg: 23.4, Max: 24.5, Diff: 3.1, Sum: 93.8]
         [Processed Buffers: Min: 31, Avg: 33.2, Max: 35, Diff: 4, Sum: 133]
      [Scan RS (ms): Min: 0.6, Avg: 0.8, Max: 1.0, Diff: 0.4, Sum: 3.1]
      [Code Root Scanning (ms): Min: 0.1, Avg: 0.1, Max: 0.1, Diff: 0.1, Sum: 0.4]
      [Object Copy (ms): Min: 10.8, Avg: 10.8, Max: 10.9, Diff: 0.1, Sum: 43.3]
      [Termination (ms): Min: 0.0, Avg: 0.0, Max: 0.0, Diff: 0.0, Sum: 0.0]
      [GC Worker Other (ms): Min: 0.0, Avg: 0.1, Max: 0.1, Diff: 0.1, Sum: 0.3]
      [GC Worker Total (ms): Min: 33.2, Avg: 35.5, Max: 36.3, Diff: 3.1, Sum: 142.1]
      [GC Worker End (ms): Min: 61109.1, Avg: 61109.1, Max: 61109.2, Diff: 0.1]
   [Code Root Fixup: 0.0 ms]
   [Code Root Migration: 0.2 ms]
   [Clear CT: 0.6 ms]
   [Other: 49.4 ms]
      [Choose CSet: 0.0 ms]
      [Ref Proc: 44.9 ms]
      [Ref Enq: 2.5 ms]
      [Free CSet: 1.9 ms]
   [Eden: 1700.0M(1700.0M)->0.0B(1693.0M) Survivors: 15.0M->22.0M Heap: 3661.1M(4096.0M)->1968.6M(4096.0M)]
 [Times: user=0.32 sys=0.00, real=0.08 secs] 
2016-01-06T01:04:42.759-0800: 61.421: [GC pause (young)
Desired survivor size 112721920 bytes, new threshold 15 (max 15)
- age   1:   20641312 bytes,   20641312 total
- age   2:      36864 bytes,   20678176 total
2016-01-06T01:04:42.846-0800: 61.509: [SoftReference, 0 refs, 0.0000450 secs]2016-01-06T01:04:42.846-0800: 61.509: [WeakReference, 0 refs, 0.0000060 secs]2016-01-06T01:04:42.846-0800: 61.509: [FinalReference, 0 refs, 0.0000050 secs]2016-01-06T01:04:42.846-0800: 61.509: [PhantomReference, 0 refs, 52992 refs, 0.0018360 secs]2016-01-06T01:04:42.848-0800: 61.511: [JNI Weak Reference, 0.0000080 secs], 0.0942800 secs]
   [Parallel Time: 29.9 ms, GC Workers: 4]
      [GC Worker Start (ms): Min: 61421.5, Avg: 61424.1, Max: 61431.9, Diff: 10.4]
      [Ext Root Scanning (ms): Min: 0.0, Avg: 0.4, Max: 0.5, Diff: 0.5, Sum: 1.4]
      [SATB Filtering (ms): Min: 0.0, Avg: 0.0, Max: 0.0, Diff: 0.0, Sum: 0.0]
      [Update RS (ms): Min: 7.5, Avg: 15.1, Max: 17.9, Diff: 10.4, Sum: 60.2]
         [Processed Buffers: Min: 10, Avg: 18.8, Max: 25, Diff: 15, Sum: 75]
      [Scan RS (ms): Min: 0.6, Avg: 0.8, Max: 1.0, Diff: 0.5, Sum: 3.3]
      [Code Root Scanning (ms): Min: 0.1, Avg: 0.1, Max: 0.2, Diff: 0.2, Sum: 0.5]
      [Object Copy (ms): Min: 10.7, Avg: 10.7, Max: 10.8, Diff: 0.1, Sum: 42.9]
      [Termination (ms): Min: 0.0, Avg: 0.0, Max: 0.0, Diff: 0.0, Sum: 0.0]
      [GC Worker Other (ms): Min: 0.0, Avg: 0.1, Max: 0.1, Diff: 0.1, Sum: 0.2]
      [GC Worker Total (ms): Min: 19.4, Avg: 27.2, Max: 29.8, Diff: 10.4, Sum: 108.6]
      [GC Worker End (ms): Min: 61451.3, Avg: 61451.3, Max: 61451.3, Diff: 0.1]
   [Code Root Fixup: 0.0 ms]
   [Code Root Migration: 0.2 ms]
   [Clear CT: 0.4 ms]
   [Other: 63.8 ms]
      [Choose CSet: 0.0 ms]
      [Ref Proc: 59.4 ms]
      [Ref Enq: 2.4 ms]
      [Free CSet: 1.9 ms]
   [Eden: 1693.0M(1693.0M)->0.0B(1693.0M) Survivors: 22.0M->22.0M Heap: 3661.6M(4096.0M)->1968.6M(4096.0M)]
 [Times: user=0.34 sys=0.00, real=0.09 secs] 
2016-01-06T01:04:43.109-0800: 61.772: [GC pause (young)
Desired survivor size 112721920 bytes, new threshold 15 (max 15)
- age   1:   20625688 bytes,   20625688 total
- age   2:      36864 bytes,   20662552 total
2016-01-06T01:04:43.211-0800: 61.873: [SoftReference, 0 refs, 0.0000480 secs]2016-01-06T01:04:43.211-0800: 61.874: [WeakReference, 0 refs, 0.0000110 secs]2016-01-06T01:04:43.211-0800: 61.874: [FinalReference, 0 refs, 0.0000080 secs]2016-01-06T01:04:43.211-0800: 61.874: [PhantomReference, 0 refs, 52994 refs, 0.0022200 secs]2016-01-06T01:04:43.213-0800: 61.876: [JNI Weak Reference, 0.0000100 secs], 0.1088520 secs]
   [Parallel Time: 26.1 ms, GC Workers: 4]
      [GC Worker Start (ms): Min: 61772.1, Avg: 61772.1, Max: 61772.2, Diff: 0.1]
      [Ext Root Scanning (ms): Min: 0.3, Avg: 0.4, Max: 0.4, Diff: 0.1, Sum: 1.4]
      [SATB Filtering (ms): Min: 0.0, Avg: 0.0, Max: 0.0, Diff: 0.0, Sum: 0.0]
      [Update RS (ms): Min: 14.3, Avg: 14.3, Max: 14.5, Diff: 0.3, Sum: 57.4]
         [Processed Buffers: Min: 17, Avg: 19.5, Max: 21, Diff: 4, Sum: 78]
      [Scan RS (ms): Min: 0.7, Avg: 0.8, Max: 0.9, Diff: 0.2, Sum: 3.3]
      [Code Root Scanning (ms): Min: 0.1, Avg: 0.1, Max: 0.1, Diff: 0.0, Sum: 0.3]
      [Object Copy (ms): Min: 10.3, Avg: 10.3, Max: 10.4, Diff: 0.1, Sum: 41.3]
      [Termination (ms): Min: 0.0, Avg: 0.0, Max: 0.0, Diff: 0.0, Sum: 0.0]
      [GC Worker Other (ms): Min: 0.0, Avg: 0.1, Max: 0.1, Diff: 0.1, Sum: 0.3]
      [GC Worker Total (ms): Min: 26.0, Avg: 26.0, Max: 26.1, Diff: 0.1, Sum: 104.0]
      [GC Worker End (ms): Min: 61798.1, Avg: 61798.1, Max: 61798.1, Diff: 0.1]
   [Code Root Fixup: 0.0 ms]
   [Code Root Migration: 0.2 ms]
   [Clear CT: 0.5 ms]
   [Other: 82.0 ms]
      [Choose CSet: 0.0 ms]
      [Ref Proc: 77.7 ms]
      [Ref Enq: 2.4 ms]
      [Free CSet: 1.9 ms]
   [Eden: 1693.0M(1693.0M)->0.0B(1693.0M) Survivors: 22.0M->22.0M Heap: 3661.6M(4096.0M)->1968.6M(4096.0M)]
 [Times: user=0.39 sys=0.00, real=0.11 secs] 
2016-01-06T01:04:43.463-0800: 62.126: [GC pause (young)
Desired survivor size 112721920 bytes, new threshold 15 (max 15)
- age   1:   20625688 bytes,   20625688 total
- age   2:      36864 bytes,   20662552 total
2016-01-06T01:04:43.614-0800: 62.277: [SoftReference, 0 refs, 0.0000440 secs]2016-01-06T01:04:43.614-0800: 62.277: [WeakReference, 0 refs, 0.0000070 secs]2016-01-06T01:04:43.614-0800: 62.277: [FinalReference, 0 refs, 0.0000060 secs]2016-01-06T01:04:43.614-0800: 62.277: [PhantomReference, 0 refs, 52993 refs, 0.0018470 secs]2016-01-06T01:04:43.616-0800: 62.279: [JNI Weak Reference, 0.0000080 secs], 0.1576410 secs]
   [Parallel Time: 50.1 ms, GC Workers: 4]
      [GC Worker Start (ms): Min: 62126.1, Avg: 62126.6, Max: 62127.9, Diff: 1.8]
      [Ext Root Scanning (ms): Min: 0.0, Avg: 0.3, Max: 0.5, Diff: 0.5, Sum: 1.3]
      [SATB Filtering (ms): Min: 0.0, Avg: 0.0, Max: 0.0, Diff: 0.0, Sum: 0.0]
      [Update RS (ms): Min: 18.9, Avg: 21.3, Max: 25.9, Diff: 7.1, Sum: 85.3]
         [Processed Buffers: Min: 19, Avg: 26.0, Max: 29, Diff: 10, Sum: 104]
      [Scan RS (ms): Min: 0.3, Avg: 0.9, Max: 1.2, Diff: 0.9, Sum: 3.7]
      [Code Root Scanning (ms): Min: 0.0, Avg: 0.1, Max: 0.1, Diff: 0.1, Sum: 0.3]
      [Object Copy (ms): Min: 11.5, Avg: 14.4, Max: 23.2, Diff: 11.7, Sum: 57.7]
      [Termination (ms): Min: 0.0, Avg: 12.3, Max: 16.5, Diff: 16.5, Sum: 49.2]
      [GC Worker Other (ms): Min: 0.0, Avg: 0.0, Max: 0.0, Diff: 0.0, Sum: 0.1]
      [GC Worker Total (ms): Min: 48.1, Avg: 49.4, Max: 49.9, Diff: 1.9, Sum: 197.6]
      [GC Worker End (ms): Min: 62175.9, Avg: 62176.0, Max: 62176.1, Diff: 0.1]
   [Code Root Fixup: 0.0 ms]
   [Code Root Migration: 0.2 ms]
   [Clear CT: 0.4 ms]
   [Other: 106.9 ms]
      [Choose CSet: 0.0 ms]
      [Ref Proc: 102.6 ms]
      [Ref Enq: 2.4 ms]
      [Free CSet: 1.8 ms]
   [Eden: 1693.0M(1693.0M)->0.0B(1693.0M) Survivors: 22.0M->22.0M Heap: 3661.6M(4096.0M)->1968.6M(4096.0M)]
 [Times: user=0.53 sys=0.00, real=0.16 secs] 
2016-01-06T01:04:43.863-0800: 62.526: [GC pause (young)
Desired survivor size 112721920 bytes, new threshold 15 (max 15)
- age   1:   20625688 bytes,   20625688 total
- age   2:      36864 bytes,   20662552 total
2016-01-06T01:04:43.999-0800: 62.662: [SoftReference, 0 refs, 0.0000420 secs]2016-01-06T01:04:43.999-0800: 62.662: [WeakReference, 0 refs, 0.0000060 secs]2016-01-06T01:04:43.999-0800: 62.662: [FinalReference, 0 refs, 0.0000050 secs]2016-01-06T01:04:43.999-0800: 62.662: [PhantomReference, 0 refs, 52990 refs, 0.0017890 secs]2016-01-06T01:04:44.001-0800: 62.663: [JNI Weak Reference, 0.0000080 secs], 0.1424400 secs]
   [Parallel Time: 29.6 ms, GC Workers: 4]
      [GC Worker Start (ms): Min: 62525.9, Avg: 62526.0, Max: 62526.0, Diff: 0.1]
      [Ext Root Scanning (ms): Min: 0.3, Avg: 0.4, Max: 0.4, Diff: 0.1, Sum: 1.5]
      [SATB Filtering (ms): Min: 0.0, Avg: 0.0, Max: 0.0, Diff: 0.0, Sum: 0.0]
      [Update RS (ms): Min: 16.5, Avg: 16.6, Max: 16.7, Diff: 0.1, Sum: 66.4]
         [Processed Buffers: Min: 23, Avg: 23.5, Max: 24, Diff: 1, Sum: 94]
      [Scan RS (ms): Min: 0.8, Avg: 0.8, Max: 0.9, Diff: 0.1, Sum: 3.3]
      [Code Root Scanning (ms): Min: 0.1, Avg: 0.1, Max: 0.1, Diff: 0.0, Sum: 0.4]
      [Object Copy (ms): Min: 11.5, Avg: 11.6, Max: 11.6, Diff: 0.1, Sum: 46.3]
      [Termination (ms): Min: 0.0, Avg: 0.0, Max: 0.0, Diff: 0.0, Sum: 0.0]
      [GC Worker Other (ms): Min: 0.0, Avg: 0.1, Max: 0.1, Diff: 0.1, Sum: 0.3]
      [GC Worker Total (ms): Min: 29.5, Avg: 29.5, Max: 29.6, Diff: 0.1, Sum: 118.1]
      [GC Worker End (ms): Min: 62555.5, Avg: 62555.5, Max: 62555.5, Diff: 0.1]
   [Code Root Fixup: 0.0 ms]
   [Code Root Migration: 0.2 ms]
   [Clear CT: 0.4 ms]
   [Other: 112.2 ms]
      [Choose CSet: 0.0 ms]
      [Ref Proc: 107.9 ms]
      [Ref Enq: 2.4 ms]
      [Free CSet: 1.7 ms]
   [Eden: 1693.0M(1693.0M)->0.0B(1693.0M) Survivors: 22.0M->22.0M Heap: 3661.6M(4096.0M)->1968.1M(4096.0M)]
 [Times: user=0.53 sys=0.01, real=0.15 secs] 
2016-01-06T01:04:44.265-0800: 62.928: [GC pause (young)
Desired survivor size 112721920 bytes, new threshold 15 (max 15)
- age   1:   20625688 bytes,   20625688 total
- age   2:      36864 bytes,   20662552 total
2016-01-06T01:04:44.420-0800: 63.083: [SoftReference, 0 refs, 0.0000430 secs]2016-01-06T01:04:44.421-0800: 63.083: [WeakReference, 0 refs, 0.0000070 secs]2016-01-06T01:04:44.421-0800: 63.083: [FinalReference, 0 refs, 0.0000050 secs]2016-01-06T01:04:44.421-0800: 63.083: [PhantomReference, 0 refs, 52992 refs, 0.0017980 secs]2016-01-06T01:04:44.422-0800: 63.085: [JNI Weak Reference, 0.0000080 secs], 0.1626430 secs]
   [Parallel Time: 30.4 ms, GC Workers: 4]
      [GC Worker Start (ms): Min: 62927.6, Avg: 62927.6, Max: 62927.7, Diff: 0.1]
      [Ext Root Scanning (ms): Min: 0.3, Avg: 0.4, Max: 0.6, Diff: 0.3, Sum: 1.7]
      [SATB Filtering (ms): Min: 0.0, Avg: 0.0, Max: 0.0, Diff: 0.0, Sum: 0.0]
      [Update RS (ms): Min: 18.5, Avg: 18.7, Max: 18.9, Diff: 0.4, Sum: 74.9]
         [Processed Buffers: Min: 27, Avg: 27.2, Max: 28, Diff: 1, Sum: 109]
      [Scan RS (ms): Min: 0.6, Avg: 0.7, Max: 0.9, Diff: 0.3, Sum: 3.0]
      [Code Root Scanning (ms): Min: 0.1, Avg: 0.1, Max: 0.1, Diff: 0.1, Sum: 0.3]
      [Object Copy (ms): Min: 10.2, Avg: 10.2, Max: 10.2, Diff: 0.0, Sum: 40.8]
      [Termination (ms): Min: 0.0, Avg: 0.0, Max: 0.0, Diff: 0.0, Sum: 0.0]
      [GC Worker Other (ms): Min: 0.0, Avg: 0.1, Max: 0.1, Diff: 0.1, Sum: 0.2]
      [GC Worker Total (ms): Min: 30.2, Avg: 30.3, Max: 30.3, Diff: 0.1, Sum: 121.0]
      [GC Worker End (ms): Min: 62957.9, Avg: 62957.9, Max: 62957.9, Diff: 0.1]
   [Code Root Fixup: 0.0 ms]
   [Code Root Migration: 0.2 ms]
   [Clear CT: 0.4 ms]
   [Other: 131.7 ms]
      [Choose CSet: 0.0 ms]
      [Ref Proc: 127.3 ms]
      [Ref Enq: 2.4 ms]
      [Free CSet: 1.8 ms]
   [Eden: 1693.0M(1693.0M)->0.0B(1694.0M) Survivors: 22.0M->22.0M Heap: 3661.1M(4096.0M)->1968.1M(4096.0M)]
 [Times: user=0.62 sys=0.00, real=0.17 secs] 
2016-01-06T01:04:44.685-0800: 63.348: [GC pause (young)
Desired survivor size 112721920 bytes, new threshold 15 (max 15)
- age   1:   20625688 bytes,   20625688 total
- age   2:      36864 bytes,   20662552 total
2016-01-06T01:04:44.878-0800: 63.541: [SoftReference, 0 refs, 0.0000440 secs]2016-01-06T01:04:44.878-0800: 63.541: [WeakReference, 0 refs, 0.0000070 secs]2016-01-06T01:04:44.878-0800: 63.541: [FinalReference, 0 refs, 0.0000050 secs]2016-01-06T01:04:44.878-0800: 63.541: [PhantomReference, 0 refs, 53024 refs, 0.0018460 secs]2016-01-06T01:04:44.880-0800: 63.543: [JNI Weak Reference, 0.0000090 secs], 0.2002630 secs]
   [Parallel Time: 37.5 ms, GC Workers: 4]
      [GC Worker Start (ms): Min: 63348.0, Avg: 63349.0, Max: 63351.9, Diff: 3.9]
      [Ext Root Scanning (ms): Min: 0.0, Avg: 0.3, Max: 0.4, Diff: 0.4, Sum: 1.3]
      [SATB Filtering (ms): Min: 0.0, Avg: 0.0, Max: 0.0, Diff: 0.0, Sum: 0.0]
      [Update RS (ms): Min: 18.2, Avg: 20.5, Max: 21.6, Diff: 3.5, Sum: 82.2]
         [Processed Buffers: Min: 26, Avg: 29.2, Max: 32, Diff: 6, Sum: 117]
      [Scan RS (ms): Min: 0.6, Avg: 0.8, Max: 1.0, Diff: 0.4, Sum: 3.2]
      [Code Root Scanning (ms): Min: 0.1, Avg: 0.1, Max: 0.1, Diff: 0.0, Sum: 0.3]
      [Object Copy (ms): Min: 12.7, Avg: 12.9, Max: 13.2, Diff: 0.5, Sum: 51.5]
      [Termination (ms): Min: 0.0, Avg: 0.3, Max: 0.4, Diff: 0.4, Sum: 1.3]
      [GC Worker Other (ms): Min: 0.0, Avg: 0.4, Max: 1.5, Diff: 1.5, Sum: 1.6]
      [GC Worker Total (ms): Min: 32.0, Avg: 35.3, Max: 37.4, Diff: 5.4, Sum: 141.3]
      [GC Worker End (ms): Min: 63383.9, Avg: 63384.3, Max: 63385.4, Diff: 1.5]
   [Code Root Fixup: 0.0 ms]
   [Code Root Migration: 0.2 ms]
   [Clear CT: 0.5 ms]
   [Other: 162.0 ms]
      [Choose CSet: 0.0 ms]
      [Ref Proc: 157.6 ms]
      [Ref Enq: 2.5 ms]
      [Free CSet: 1.9 ms]
   [Eden: 1694.0M(1694.0M)->0.0B(1693.0M) Survivors: 22.0M->22.0M Heap: 3662.1M(4096.0M)->1968.1M(4096.0M)]
 [Times: user=0.67 sys=0.00, real=0.20 secs] 
2016-01-06T01:04:45.151-0800: 63.814: [GC pause (young)
Desired survivor size 112721920 bytes, new threshold 15 (max 15)
- age   1:   20627920 bytes,   20627920 total
- age   2:      36864 bytes,   20664784 total
2016-01-06T01:04:45.333-0800: 63.996: [SoftReference, 0 refs, 0.0000470 secs]2016-01-06T01:04:45.333-0800: 63.996: [WeakReference, 0 refs, 0.0000070 secs]2016-01-06T01:04:45.333-0800: 63.996: [FinalReference, 0 refs, 0.0000050 secs]2016-01-06T01:04:45.333-0800: 63.996: [PhantomReference, 0 refs, 52992 refs, 0.0018670 secs]2016-01-06T01:04:45.335-0800: 63.998: [JNI Weak Reference, 0.0000080 secs], 0.1886110 secs]
   [Parallel Time: 26.7 ms, GC Workers: 4]
      [GC Worker Start (ms): Min: 63814.3, Avg: 63814.4, Max: 63814.4, Diff: 0.1]
      [Ext Root Scanning (ms): Min: 0.3, Avg: 0.4, Max: 0.4, Diff: 0.1, Sum: 1.4]
      [SATB Filtering (ms): Min: 0.0, Avg: 0.0, Max: 0.0, Diff: 0.0, Sum: 0.0]
      [Update RS (ms): Min: 15.0, Avg: 15.1, Max: 15.3, Diff: 0.3, Sum: 60.5]
         [Processed Buffers: Min: 20, Avg: 20.5, Max: 21, Diff: 1, Sum: 82]
      [Scan RS (ms): Min: 0.6, Avg: 0.8, Max: 0.9, Diff: 0.3, Sum: 3.2]
      [Code Root Scanning (ms): Min: 0.1, Avg: 0.1, Max: 0.1, Diff: 0.1, Sum: 0.4]
      [Object Copy (ms): Min: 10.1, Avg: 10.1, Max: 10.2, Diff: 0.0, Sum: 40.6]
      [Termination (ms): Min: 0.0, Avg: 0.0, Max: 0.0, Diff: 0.0, Sum: 0.0]
      [GC Worker Other (ms): Min: 0.0, Avg: 0.1, Max: 0.1, Diff: 0.1, Sum: 0.3]
      [GC Worker Total (ms): Min: 26.6, Avg: 26.6, Max: 26.6, Diff: 0.0, Sum: 106.3]
      [GC Worker End (ms): Min: 63840.9, Avg: 63840.9, Max: 63841.0, Diff: 0.1]
   [Code Root Fixup: 0.0 ms]
   [Code Root Migration: 0.2 ms]
   [Clear CT: 0.5 ms]
   [Other: 161.2 ms]
      [Choose CSet: 0.0 ms]
      [Ref Proc: 156.9 ms]
      [Ref Enq: 2.4 ms]
      [Free CSet: 1.8 ms]
   [Eden: 1693.0M(1693.0M)->0.0B(1694.0M) Survivors: 22.0M->22.0M Heap: 3661.1M(4096.0M)->1968.6M(4096.0M)]
 [Times: user=0.71 sys=0.00, real=0.19 secs] 
2016-01-06T01:04:45.604-0800: 64.267: [GC pause (young)
Desired survivor size 112721920 bytes, new threshold 15 (max 15)
- age   1:   20625688 bytes,   20625688 total
- age   2:      36864 bytes,   20662552 total
2016-01-06T01:04:45.792-0800: 64.455: [SoftReference, 0 refs, 0.0000590 secs]2016-01-06T01:04:45.792-0800: 64.455: [WeakReference, 0 refs, 0.0000070 secs]2016-01-06T01:04:45.792-0800: 64.455: [FinalReference, 0 refs, 0.0000050 secs]2016-01-06T01:04:45.792-0800: 64.455: [PhantomReference, 0 refs, 53024 refs, 0.0018680 secs]2016-01-06T01:04:45.794-0800: 64.457: [JNI Weak Reference, 0.0000080 secs], 0.1948730 secs]
   [Parallel Time: 24.9 ms, GC Workers: 4]
      [GC Worker Start (ms): Min: 64267.3, Avg: 64267.3, Max: 64267.4, Diff: 0.1]
      [Ext Root Scanning (ms): Min: 0.3, Avg: 0.4, Max: 0.4, Diff: 0.1, Sum: 1.4]
      [SATB Filtering (ms): Min: 0.0, Avg: 0.0, Max: 0.0, Diff: 0.0, Sum: 0.0]
      [Update RS (ms): Min: 12.3, Avg: 12.4, Max: 12.6, Diff: 0.3, Sum: 49.8]
         [Processed Buffers: Min: 18, Avg: 18.2, Max: 19, Diff: 1, Sum: 73]
      [Scan RS (ms): Min: 0.7, Avg: 0.7, Max: 0.8, Diff: 0.2, Sum: 2.9]
      [Code Root Scanning (ms): Min: 0.1, Avg: 0.1, Max: 0.1, Diff: 0.0, Sum: 0.4]
      [Object Copy (ms): Min: 11.0, Avg: 11.0, Max: 11.1, Diff: 0.1, Sum: 44.1]
      [Termination (ms): Min: 0.0, Avg: 0.0, Max: 0.0, Diff: 0.0, Sum: 0.0]
      [GC Worker Other (ms): Min: 0.0, Avg: 0.1, Max: 0.1, Diff: 0.1, Sum: 0.3]
      [GC Worker Total (ms): Min: 24.7, Avg: 24.7, Max: 24.8, Diff: 0.1, Sum: 98.9]
      [GC Worker End (ms): Min: 64292.0, Avg: 64292.1, Max: 64292.1, Diff: 0.1]
   [Code Root Fixup: 0.0 ms]
   [Code Root Migration: 0.2 ms]
   [Clear CT: 0.4 ms]
   [Other: 169.4 ms]
      [Choose CSet: 0.0 ms]
      [Ref Proc: 165.1 ms]
      [Ref Enq: 2.4 ms]
      [Free CSet: 1.8 ms]
   [Eden: 1694.0M(1694.0M)->0.0B(1694.0M) Survivors: 22.0M->22.0M Heap: 3662.6M(4096.0M)->1968.6M(4096.0M)]
 [Times: user=0.74 sys=0.00, real=0.20 secs] 
2016-01-06T01:04:46.061-0800: 64.724: [GC pause (young)
Desired survivor size 112721920 bytes, new threshold 15 (max 15)
- age   1:   20627920 bytes,   20627920 total
- age   2:      36864 bytes,   20664784 total
2016-01-06T01:04:46.221-0800: 64.884: [SoftReference, 0 refs, 0.0000430 secs]2016-01-06T01:04:46.222-0800: 64.884: [WeakReference, 0 refs, 0.0000070 secs]2016-01-06T01:04:46.222-0800: 64.884: [FinalReference, 0 refs, 0.0000050 secs]2016-01-06T01:04:46.222-0800: 64.884: [PhantomReference, 0 refs, 53025 refs, 0.0018090 secs]2016-01-06T01:04:46.223-0800: 64.886: [JNI Weak Reference, 0.0000070 secs], 0.1668840 secs]
   [Parallel Time: 12.8 ms, GC Workers: 4]
      [GC Worker Start (ms): Min: 64724.3, Avg: 64726.2, Max: 64731.9, Diff: 7.6]
      [Ext Root Scanning (ms): Min: 0.0, Avg: 0.3, Max: 0.5, Diff: 0.5, Sum: 1.4]
      [SATB Filtering (ms): Min: 0.0, Avg: 0.0, Max: 0.0, Diff: 0.0, Sum: 0.0]
      [Update RS (ms): Min: 0.0, Avg: 0.0, Max: 0.1, Diff: 0.1, Sum: 0.2]
         [Processed Buffers: Min: 0, Avg: 1.2, Max: 4, Diff: 4, Sum: 5]
      [Scan RS (ms): Min: 0.4, Avg: 0.8, Max: 1.0, Diff: 0.6, Sum: 3.2]
      [Code Root Scanning (ms): Min: 0.0, Avg: 0.1, Max: 0.1, Diff: 0.1, Sum: 0.3]
      [Object Copy (ms): Min: 4.6, Avg: 9.4, Max: 11.0, Diff: 6.5, Sum: 37.6]
      [Termination (ms): Min: 0.0, Avg: 0.0, Max: 0.0, Diff: 0.0, Sum: 0.0]
      [GC Worker Other (ms): Min: 0.0, Avg: 0.1, Max: 0.1, Diff: 0.1, Sum: 0.3]
      [GC Worker Total (ms): Min: 5.1, Avg: 10.7, Max: 12.7, Diff: 7.6, Sum: 42.9]
      [GC Worker End (ms): Min: 64737.0, Avg: 64737.0, Max: 64737.0, Diff: 0.1]
   [Code Root Fixup: 0.0 ms]
   [Code Root Migration: 0.2 ms]
   [Clear CT: 0.4 ms]
   [Other: 153.5 ms]
      [Choose CSet: 0.0 ms]
      [Ref Proc: 149.2 ms]
      [Ref Enq: 2.4 ms]
      [Free CSet: 1.7 ms]
   [Eden: 1694.0M(1694.0M)->0.0B(1694.0M) Survivors: 22.0M->22.0M Heap: 3662.6M(4096.0M)->1968.1M(4096.0M)]
 [Times: user=0.59 sys=0.00, real=0.17 secs] 
2016-01-06T01:04:46.470-0800: 65.133: [GC pause (young)
Desired survivor size 112721920 bytes, new threshold 15 (max 15)
- age   1:   20627920 bytes,   20627920 total
- age   2:      36864 bytes,   20664784 total
2016-01-06T01:04:46.656-0800: 65.319: [SoftReference, 0 refs, 0.0000530 secs]2016-01-06T01:04:46.656-0800: 65.319: [WeakReference, 0 refs, 0.0000080 secs]2016-01-06T01:04:46.656-0800: 65.319: [FinalReference, 0 refs, 0.0000050 secs]2016-01-06T01:04:46.656-0800: 65.319: [PhantomReference, 0 refs, 53023 refs, 0.0018560 secs]2016-01-06T01:04:46.658-0800: 65.321: [JNI Weak Reference, 0.0000080 secs], 0.1932680 secs]
   [Parallel Time: 12.1 ms, GC Workers: 4]
      [GC Worker Start (ms): Min: 65132.9, Avg: 65132.9, Max: 65132.9, Diff: 0.1]
      [Ext Root Scanning (ms): Min: 0.3, Avg: 0.4, Max: 0.4, Diff: 0.1, Sum: 1.4]
      [SATB Filtering (ms): Min: 0.0, Avg: 0.0, Max: 0.0, Diff: 0.0, Sum: 0.0]
      [Update RS (ms): Min: 0.0, Avg: 0.1, Max: 0.2, Diff: 0.2, Sum: 0.2]
         [Processed Buffers: Min: 0, Avg: 1.0, Max: 3, Diff: 3, Sum: 4]
      [Scan RS (ms): Min: 0.7, Avg: 0.8, Max: 0.9, Diff: 0.1, Sum: 3.2]
      [Code Root Scanning (ms): Min: 0.1, Avg: 0.1, Max: 0.1, Diff: 0.0, Sum: 0.4]
      [Object Copy (ms): Min: 10.6, Avg: 10.7, Max: 10.7, Diff: 0.1, Sum: 42.6]
      [Termination (ms): Min: 0.0, Avg: 0.0, Max: 0.0, Diff: 0.0, Sum: 0.0]
      [GC Worker Other (ms): Min: 0.0, Avg: 0.1, Max: 0.1, Diff: 0.1, Sum: 0.2]
      [GC Worker Total (ms): Min: 12.0, Avg: 12.0, Max: 12.1, Diff: 0.1, Sum: 48.1]
      [GC Worker End (ms): Min: 65144.9, Avg: 65144.9, Max: 65144.9, Diff: 0.1]
   [Code Root Fixup: 0.0 ms]
   [Code Root Migration: 0.2 ms]
   [Clear CT: 0.5 ms]
   [Other: 180.4 ms]
      [Choose CSet: 0.0 ms]
      [Ref Proc: 176.0 ms]
      [Ref Enq: 2.4 ms]
      [Free CSet: 1.9 ms]
   [Eden: 1694.0M(1694.0M)->0.0B(1694.0M) Survivors: 22.0M->22.0M Heap: 3662.1M(4096.0M)->1968.6M(4096.0M)]
 [Times: user=0.70 sys=0.00, real=0.19 secs] 
2016-01-06T01:04:46.923-0800: 65.585: [GC pause (young)
Desired survivor size 112721920 bytes, new threshold 15 (max 15)
- age   1:   20627920 bytes,   20627920 total
- age   2:      36864 bytes,   20664784 total
2016-01-06T01:04:47.124-0800: 65.787: [SoftReference, 0 refs, 0.0000450 secs]2016-01-06T01:04:47.124-0800: 65.787: [WeakReference, 0 refs, 0.0000060 secs]2016-01-06T01:04:47.124-0800: 65.787: [FinalReference, 0 refs, 0.0000050 secs]2016-01-06T01:04:47.124-0800: 65.787: [PhantomReference, 0 refs, 53026 refs, 0.0018480 secs]2016-01-06T01:04:47.126-0800: 65.789: [JNI Weak Reference, 0.0000080 secs], 0.2085820 secs]
   [Parallel Time: 30.1 ms, GC Workers: 4]
      [GC Worker Start (ms): Min: 65585.5, Avg: 65585.5, Max: 65585.6, Diff: 0.1]
      [Ext Root Scanning (ms): Min: 0.3, Avg: 0.4, Max: 0.4, Diff: 0.1, Sum: 1.4]
      [SATB Filtering (ms): Min: 0.0, Avg: 0.0, Max: 0.0, Diff: 0.0, Sum: 0.0]
      [Update RS (ms): Min: 17.9, Avg: 18.2, Max: 18.5, Diff: 0.5, Sum: 73.0]
         [Processed Buffers: Min: 25, Avg: 25.8, Max: 26, Diff: 1, Sum: 103]
      [Scan RS (ms): Min: 0.5, Avg: 0.7, Max: 0.9, Diff: 0.4, Sum: 3.0]
      [Code Root Scanning (ms): Min: 0.1, Avg: 0.1, Max: 0.1, Diff: 0.1, Sum: 0.4]
      [Object Copy (ms): Min: 10.4, Avg: 10.4, Max: 10.5, Diff: 0.1, Sum: 41.8]
      [Termination (ms): Min: 0.0, Avg: 0.0, Max: 0.0, Diff: 0.0, Sum: 0.0]
      [GC Worker Other (ms): Min: 0.0, Avg: 0.1, Max: 0.1, Diff: 0.1, Sum: 0.2]
      [GC Worker Total (ms): Min: 29.9, Avg: 30.0, Max: 30.0, Diff: 0.1, Sum: 119.8]
      [GC Worker End (ms): Min: 65615.5, Avg: 65615.5, Max: 65615.5, Diff: 0.1]
   [Code Root Fixup: 0.0 ms]
   [Code Root Migration: 0.2 ms]
   [Clear CT: 0.4 ms]
   [Other: 177.8 ms]
      [Choose CSet: 0.0 ms]
      [Ref Proc: 173.5 ms]
      [Ref Enq: 2.4 ms]
      [Free CSet: 1.8 ms]
   [Eden: 1694.0M(1694.0M)->0.0B(1677.0M) Survivors: 22.0M->22.0M Heap: 3662.6M(4096.0M)->1968.6M(4096.0M)]
 [Times: user=0.80 sys=0.01, real=0.21 secs] 
2016-01-06T01:04:47.373-0800: 66.036: [GC pause (young)
Desired survivor size 111673344 bytes, new threshold 15 (max 15)
- age   1:   20627920 bytes,   20627920 total
- age   2:      36864 bytes,   20664784 total
2016-01-06T01:04:47.581-0800: 66.244: [SoftReference, 0 refs, 0.0000490 secs]2016-01-06T01:04:47.582-0800: 66.244: [WeakReference, 0 refs, 0.0000110 secs]2016-01-06T01:04:47.582-0800: 66.244: [FinalReference, 0 refs, 0.0000100 secs]2016-01-06T01:04:47.582-0800: 66.244: [PhantomReference, 0 refs, 52498 refs, 0.0027410 secs]2016-01-06T01:04:47.584-0800: 66.247: [JNI Weak Reference, 0.0000110 secs], 0.2167880 secs]
   [Parallel Time: 31.9 ms, GC Workers: 4]
      [GC Worker Start (ms): Min: 66035.8, Avg: 66035.8, Max: 66035.8, Diff: 0.1]
      [Ext Root Scanning (ms): Min: 0.3, Avg: 0.4, Max: 0.4, Diff: 0.1, Sum: 1.5]
      [SATB Filtering (ms): Min: 0.0, Avg: 0.0, Max: 0.0, Diff: 0.0, Sum: 0.0]
      [Update RS (ms): Min: 20.3, Avg: 20.6, Max: 20.7, Diff: 0.4, Sum: 82.3]
         [Processed Buffers: Min: 28, Avg: 29.2, Max: 31, Diff: 3, Sum: 117]
      [Scan RS (ms): Min: 0.6, Avg: 0.7, Max: 1.0, Diff: 0.3, Sum: 2.9]
      [Code Root Scanning (ms): Min: 0.1, Avg: 0.1, Max: 0.1, Diff: 0.0, Sum: 0.3]
      [Object Copy (ms): Min: 10.0, Avg: 10.0, Max: 10.0, Diff: 0.1, Sum: 39.9]
      [Termination (ms): Min: 0.0, Avg: 0.0, Max: 0.0, Diff: 0.0, Sum: 0.0]
      [GC Worker Other (ms): Min: 0.0, Avg: 0.1, Max: 0.1, Diff: 0.1, Sum: 0.3]
      [GC Worker Total (ms): Min: 31.8, Avg: 31.8, Max: 31.9, Diff: 0.1, Sum: 127.3]
      [GC Worker End (ms): Min: 66067.6, Avg: 66067.6, Max: 66067.7, Diff: 0.1]
   [Code Root Fixup: 0.0 ms]
   [Code Root Migration: 0.4 ms]
   [Clear CT: 0.5 ms]
   [Other: 184.0 ms]
      [Choose CSet: 0.0 ms]
      [Ref Proc: 179.6 ms]
      [Ref Enq: 2.4 ms]
      [Free CSet: 1.9 ms]
   [Eden: 1677.0M(1677.0M)->0.0B(182.0M) Survivors: 22.0M->22.0M Heap: 3645.6M(4096.0M)->1968.1M(4096.0M)]
 [Times: user=0.80 sys=0.00, real=0.22 secs] 
2016-01-06T01:04:47.623-0800: 66.286: [GC pause (young)
Desired survivor size 13631488 bytes, new threshold 1 (max 15)
- age   1:   20589976 bytes,   20589976 total
- age   2:      36864 bytes,   20626840 total
2016-01-06T01:04:47.813-0800: 66.476: [SoftReference, 0 refs, 0.0000450 secs]2016-01-06T01:04:47.813-0800: 66.476: [WeakReference, 0 refs, 0.0000070 secs]2016-01-06T01:04:47.813-0800: 66.476: [FinalReference, 0 refs, 0.0000060 secs]2016-01-06T01:04:47.813-0800: 66.476: [PhantomReference, 0 refs, 6153 refs, 0.0002260 secs]2016-01-06T01:04:47.814-0800: 66.477: [JNI Weak Reference, 0.0000080 secs], 0.1912990 secs]
   [Parallel Time: 13.1 ms, GC Workers: 4]
      [GC Worker Start (ms): Min: 66286.1, Avg: 66287.6, Max: 66291.5, Diff: 5.4]
      [Ext Root Scanning (ms): Min: 0.0, Avg: 0.3, Max: 0.7, Diff: 0.7, Sum: 1.3]
      [SATB Filtering (ms): Min: 0.0, Avg: 0.0, Max: 0.0, Diff: 0.0, Sum: 0.0]
      [Update RS (ms): Min: 3.1, Avg: 7.2, Max: 10.2, Diff: 7.0, Sum: 28.8]
         [Processed Buffers: Min: 4, Avg: 8.5, Max: 12, Diff: 8, Sum: 34]
      [Scan RS (ms): Min: 0.0, Avg: 0.1, Max: 0.2, Diff: 0.2, Sum: 0.3]
      [Code Root Scanning (ms): Min: 0.0, Avg: 0.0, Max: 0.0, Diff: 0.0, Sum: 0.0]
      [Object Copy (ms): Min: 2.0, Avg: 3.7, Max: 4.3, Diff: 2.3, Sum: 14.8]
      [Termination (ms): Min: 0.0, Avg: 0.1, Max: 0.1, Diff: 0.1, Sum: 0.4]
      [GC Worker Other (ms): Min: 0.0, Avg: 0.0, Max: 0.0, Diff: 0.0, Sum: 0.1]
      [GC Worker Total (ms): Min: 7.5, Avg: 11.4, Max: 13.0, Diff: 5.4, Sum: 45.8]
      [GC Worker End (ms): Min: 66299.0, Avg: 66299.1, Max: 66299.1, Diff: 0.0]
   [Code Root Fixup: 0.0 ms]
   [Code Root Migration: 0.0 ms]
   [Clear CT: 0.2 ms]
   [Other: 178.0 ms]
      [Choose CSet: 0.0 ms]
      [Ref Proc: 177.3 ms]
      [Ref Enq: 0.3 ms]
      [Free CSet: 0.3 ms]
   [Eden: 182.0M(182.0M)->0.0B(185.0M) Survivors: 22.0M->19.0M Heap: 2150.1M(4096.0M)->1965.1M(4096.0M)]
 [Times: user=0.71 sys=0.00, real=0.19 secs] 
2016-01-06T01:04:47.841-0800: 66.504: [GC pause (young)
Desired survivor size 13631488 bytes, new threshold 1 (max 15)
- age   1:   17253136 bytes,   17253136 total
2016-01-06T01:04:48.029-0800: 66.692: [SoftReference, 0 refs, 0.0000500 secs]2016-01-06T01:04:48.029-0800: 66.692: [WeakReference, 0 refs, 0.0000070 secs]2016-01-06T01:04:48.029-0800: 66.692: [FinalReference, 0 refs, 0.0000050 secs]2016-01-06T01:04:48.029-0800: 66.692: [PhantomReference, 0 refs, 6245 refs, 0.0002700 secs]2016-01-06T01:04:48.029-0800: 66.692: [JNI Weak Reference, 0.0000070 secs], 0.1891390 secs]
   [Parallel Time: 8.2 ms, GC Workers: 4]
      [GC Worker Start (ms): Min: 66503.7, Avg: 66503.7, Max: 66503.8, Diff: 0.1]
      [Ext Root Scanning (ms): Min: 0.3, Avg: 0.4, Max: 0.5, Diff: 0.1, Sum: 1.5]
      [SATB Filtering (ms): Min: 0.0, Avg: 0.0, Max: 0.0, Diff: 0.0, Sum: 0.0]
      [Update RS (ms): Min: 5.0, Avg: 5.1, Max: 5.2, Diff: 0.2, Sum: 20.5]
         [Processed Buffers: Min: 7, Avg: 8.2, Max: 9, Diff: 2, Sum: 33]
      [Scan RS (ms): Min: 0.0, Avg: 0.1, Max: 0.2, Diff: 0.2, Sum: 0.3]
      [Code Root Scanning (ms): Min: 0.0, Avg: 0.0, Max: 0.0, Diff: 0.0, Sum: 0.0]
      [Object Copy (ms): Min: 2.4, Avg: 2.4, Max: 2.4, Diff: 0.0, Sum: 9.7]
      [Termination (ms): Min: 0.0, Avg: 0.0, Max: 0.0, Diff: 0.0, Sum: 0.0]
      [GC Worker Other (ms): Min: 0.0, Avg: 0.0, Max: 0.0, Diff: 0.0, Sum: 0.1]
      [GC Worker Total (ms): Min: 8.0, Avg: 8.1, Max: 8.1, Diff: 0.1, Sum: 32.2]
      [GC Worker End (ms): Min: 66511.8, Avg: 66511.8, Max: 66511.8, Diff: 0.0]
   [Code Root Fixup: 0.0 ms]
   [Code Root Migration: 0.0 ms]
   [Clear CT: 0.1 ms]
   [Other: 180.8 ms]
      [Choose CSet: 0.0 ms]
      [Ref Proc: 180.1 ms]
      [Ref Enq: 0.3 ms]
      [Free CSet: 0.3 ms]
   [Eden: 185.0M(185.0M)->0.0B(185.0M) Survivors: 19.0M->19.0M Heap: 2150.1M(4096.0M)->1965.1M(4096.0M)]
 [Times: user=0.74 sys=0.00, real=0.19 secs] 
2016-01-06T01:04:48.059-0800: 66.722: [GC pause (young)
Desired survivor size 13631488 bytes, new threshold 1 (max 15)
- age   1:   17259832 bytes,   17259832 total
2016-01-06T01:04:48.247-0800: 66.910: [SoftReference, 0 refs, 0.0000610 secs]2016-01-06T01:04:48.247-0800: 66.910: [WeakReference, 0 refs, 0.0000060 secs]2016-01-06T01:04:48.247-0800: 66.910: [FinalReference, 0 refs, 0.0000060 secs]2016-01-06T01:04:48.247-0800: 66.910: [PhantomReference, 0 refs, 6246 refs, 0.0002430 secs]2016-01-06T01:04:48.247-0800: 66.910: [JNI Weak Reference, 0.0000080 secs], 0.1891810 secs]
   [Parallel Time: 5.5 ms, GC Workers: 4]
      [GC Worker Start (ms): Min: 66721.7, Avg: 66721.7, Max: 66721.8, Diff: 0.1]
      [Ext Root Scanning (ms): Min: 0.3, Avg: 0.4, Max: 0.4, Diff: 0.1, Sum: 1.4]
      [SATB Filtering (ms): Min: 0.0, Avg: 0.0, Max: 0.0, Diff: 0.0, Sum: 0.0]
      [Update RS (ms): Min: 2.3, Avg: 2.6, Max: 3.1, Diff: 0.7, Sum: 10.5]
         [Processed Buffers: Min: 4, Avg: 4.2, Max: 5, Diff: 1, Sum: 17]
      [Scan RS (ms): Min: 0.0, Avg: 0.1, Max: 0.2, Diff: 0.2, Sum: 0.3]
      [Code Root Scanning (ms): Min: 0.0, Avg: 0.0, Max: 0.0, Diff: 0.0, Sum: 0.0]
      [Object Copy (ms): Min: 1.9, Avg: 2.3, Max: 2.5, Diff: 0.6, Sum: 9.1]
      [Termination (ms): Min: 0.0, Avg: 0.0, Max: 0.0, Diff: 0.0, Sum: 0.0]
      [GC Worker Other (ms): Min: 0.0, Avg: 0.0, Max: 0.0, Diff: 0.0, Sum: 0.1]
      [GC Worker Total (ms): Min: 5.4, Avg: 5.4, Max: 5.4, Diff: 0.1, Sum: 21.6]
      [GC Worker End (ms): Min: 66727.1, Avg: 66727.1, Max: 66727.1, Diff: 0.0]
   [Code Root Fixup: 0.0 ms]
   [Code Root Migration: 0.0 ms]
   [Clear CT: 0.2 ms]
   [Other: 183.5 ms]
      [Choose CSet: 0.0 ms]
      [Ref Proc: 182.8 ms]
      [Ref Enq: 0.3 ms]
      [Free CSet: 0.3 ms]
   [Eden: 185.0M(185.0M)->0.0B(186.0M) Survivors: 19.0M->18.0M Heap: 2150.1M(4096.0M)->1964.2M(4096.0M)]
 [Times: user=0.73 sys=0.00, real=0.19 secs] 
2016-01-06T01:04:48.277-0800: 66.940: [GC pause (young)
Desired survivor size 13631488 bytes, new threshold 1 (max 15)
- age   1:   17259832 bytes,   17259832 total
2016-01-06T01:04:48.466-0800: 67.129: [SoftReference, 0 refs, 0.0000410 secs]2016-01-06T01:04:48.466-0800: 67.129: [WeakReference, 0 refs, 0.0000070 secs]2016-01-06T01:04:48.466-0800: 67.129: [FinalReference, 0 refs, 0.0000050 secs]2016-01-06T01:04:48.466-0800: 67.129: [PhantomReference, 0 refs, 6277 refs, 0.0002280 secs]2016-01-06T01:04:48.466-0800: 67.129: [JNI Weak Reference, 0.0000070 secs], 0.1894370 secs]
   [Parallel Time: 5.7 ms, GC Workers: 4]
      [GC Worker Start (ms): Min: 66940.2, Avg: 66940.3, Max: 66940.3, Diff: 0.1]
      [Ext Root Scanning (ms): Min: 0.3, Avg: 0.4, Max: 0.4, Diff: 0.1, Sum: 1.5]
      [SATB Filtering (ms): Min: 0.0, Avg: 0.0, Max: 0.0, Diff: 0.0, Sum: 0.0]
      [Update RS (ms): Min: 2.4, Avg: 2.7, Max: 2.9, Diff: 0.4, Sum: 10.9]
         [Processed Buffers: Min: 4, Avg: 4.8, Max: 6, Diff: 2, Sum: 19]
      [Scan RS (ms): Min: 0.0, Avg: 0.1, Max: 0.3, Diff: 0.3, Sum: 0.3]
      [Code Root Scanning (ms): Min: 0.0, Avg: 0.0, Max: 0.0, Diff: 0.0, Sum: 0.0]
      [Object Copy (ms): Min: 2.3, Avg: 2.4, Max: 2.5, Diff: 0.2, Sum: 9.6]
      [Termination (ms): Min: 0.0, Avg: 0.0, Max: 0.0, Diff: 0.0, Sum: 0.0]
      [GC Worker Other (ms): Min: 0.0, Avg: 0.0, Max: 0.0, Diff: 0.0, Sum: 0.1]
      [GC Worker Total (ms): Min: 5.6, Avg: 5.6, Max: 5.6, Diff: 0.1, Sum: 22.4]
      [GC Worker End (ms): Min: 66945.9, Avg: 66945.9, Max: 66945.9, Diff: 0.0]
   [Code Root Fixup: 0.0 ms]
   [Code Root Migration: 0.0 ms]
   [Clear CT: 0.1 ms]
   [Other: 183.6 ms]
      [Choose CSet: 0.0 ms]
      [Ref Proc: 182.9 ms]
      [Ref Enq: 0.3 ms]
      [Free CSet: 0.3 ms]
   [Eden: 186.0M(186.0M)->0.0B(422.0M) Survivors: 18.0M->19.0M Heap: 2150.2M(4096.0M)->1965.7M(4096.0M)]
 [Times: user=0.73 sys=0.00, real=0.19 secs] 
2016-01-06T01:04:48.530-0800: 67.193: [GC pause (young)
Desired survivor size 29360128 bytes, new threshold 15 (max 15)
- age   1:   17262064 bytes,   17262064 total
2016-01-06T01:04:48.716-0800: 67.379: [SoftReference, 0 refs, 0.0000520 secs]2016-01-06T01:04:48.716-0800: 67.379: [WeakReference, 0 refs, 0.0000070 secs]2016-01-06T01:04:48.716-0800: 67.379: [FinalReference, 0 refs, 0.0000200 secs]2016-01-06T01:04:48.716-0800: 67.379: [PhantomReference, 0 refs, 13593 refs, 0.0004720 secs]2016-01-06T01:04:48.716-0800: 67.379: [JNI Weak Reference, 0.0000070 secs], 0.1875400 secs]
   [Parallel Time: 4.0 ms, GC Workers: 4]
      [GC Worker Start (ms): Min: 67193.4, Avg: 67193.4, Max: 67193.5, Diff: 0.1]
      [Ext Root Scanning (ms): Min: 0.3, Avg: 0.4, Max: 0.4, Diff: 0.1, Sum: 1.4]
      [SATB Filtering (ms): Min: 0.0, Avg: 0.0, Max: 0.0, Diff: 0.0, Sum: 0.0]
      [Update RS (ms): Min: 0.1, Avg: 0.2, Max: 0.5, Diff: 0.5, Sum: 0.9]
         [Processed Buffers: Min: 1, Avg: 1.2, Max: 2, Diff: 1, Sum: 5]
      [Scan RS (ms): Min: 0.0, Avg: 0.2, Max: 0.3, Diff: 0.3, Sum: 0.8]
      [Code Root Scanning (ms): Min: 0.0, Avg: 0.0, Max: 0.0, Diff: 0.0, Sum: 0.1]
      [Object Copy (ms): Min: 2.9, Avg: 3.0, Max: 3.1, Diff: 0.2, Sum: 12.0]
      [Termination (ms): Min: 0.0, Avg: 0.0, Max: 0.0, Diff: 0.0, Sum: 0.0]
      [GC Worker Other (ms): Min: 0.0, Avg: 0.1, Max: 0.1, Diff: 0.0, Sum: 0.2]
      [GC Worker Total (ms): Min: 3.8, Avg: 3.9, Max: 3.9, Diff: 0.0, Sum: 15.4]
      [GC Worker End (ms): Min: 67197.3, Avg: 67197.3, Max: 67197.3, Diff: 0.0]
   [Code Root Fixup: 0.0 ms]
   [Code Root Migration: 0.1 ms]
   [Clear CT: 0.2 ms]
   [Other: 183.3 ms]
      [Choose CSet: 0.0 ms]
      [Ref Proc: 182.0 ms]
      [Ref Enq: 0.6 ms]
      [Free CSet: 0.5 ms]
   [Eden: 422.0M(422.0M)->0.0B(1375.0M) Survivors: 19.0M->19.0M Heap: 2387.7M(4096.0M)->1965.7M(4096.0M)]
 [Times: user=0.67 sys=0.01, real=0.19 secs] 
2016-01-06T01:04:48.929-0800: 67.592: [GC pause (young)
Desired survivor size 91750400 bytes, new threshold 15 (max 15)
- age   1:   17788816 bytes,   17788816 total
- age   2:      36864 bytes,   17825680 total
2016-01-06T01:04:49.127-0800: 67.789: [SoftReference, 0 refs, 0.0000490 secs]2016-01-06T01:04:49.127-0800: 67.790: [WeakReference, 0 refs, 0.0000070 secs]2016-01-06T01:04:49.127-0800: 67.790: [FinalReference, 0 refs, 0.0000060 secs]2016-01-06T01:04:49.127-0800: 67.790: [PhantomReference, 0 refs, 43134 refs, 0.0014720 secs]2016-01-06T01:04:49.128-0800: 67.791: [JNI Weak Reference, 0.0000070 secs], 0.2028310 secs]
   [Parallel Time: 14.0 ms, GC Workers: 4]
      [GC Worker Start (ms): Min: 67592.3, Avg: 67592.3, Max: 67592.4, Diff: 0.1]
      [Ext Root Scanning (ms): Min: 0.3, Avg: 0.4, Max: 0.4, Diff: 0.1, Sum: 1.4]
      [SATB Filtering (ms): Min: 0.0, Avg: 0.0, Max: 0.0, Diff: 0.0, Sum: 0.0]
      [Update RS (ms): Min: 4.3, Avg: 4.3, Max: 4.4, Diff: 0.1, Sum: 17.2]
         [Processed Buffers: Min: 6, Avg: 6.8, Max: 8, Diff: 2, Sum: 27]
      [Scan RS (ms): Min: 0.6, Avg: 0.6, Max: 0.7, Diff: 0.1, Sum: 2.5]
      [Code Root Scanning (ms): Min: 0.1, Avg: 0.1, Max: 0.1, Diff: 0.0, Sum: 0.3]
      [Object Copy (ms): Min: 8.4, Avg: 8.4, Max: 8.4, Diff: 0.1, Sum: 33.6]
      [Termination (ms): Min: 0.0, Avg: 0.0, Max: 0.0, Diff: 0.0, Sum: 0.0]
      [GC Worker Other (ms): Min: 0.0, Avg: 0.1, Max: 0.1, Diff: 0.1, Sum: 0.3]
      [GC Worker Total (ms): Min: 13.8, Avg: 13.8, Max: 13.9, Diff: 0.0, Sum: 55.3]
      [GC Worker End (ms): Min: 67606.2, Avg: 67606.2, Max: 67606.2, Diff: 0.1]
   [Code Root Fixup: 0.0 ms]
   [Code Root Migration: 0.2 ms]
   [Clear CT: 0.3 ms]
   [Other: 188.3 ms]
      [Choose CSet: 0.0 ms]
      [Ref Proc: 184.8 ms]
      [Ref Enq: 2.0 ms]
      [Free CSet: 1.5 ms]
   [Eden: 1375.0M(1375.0M)->0.0B(530.0M) Survivors: 19.0M->21.0M Heap: 3340.7M(4096.0M)->1967.7M(4096.0M)]
 [Times: user=0.72 sys=0.00, real=0.20 secs] 
2016-01-06T01:04:49.211-0800: 67.873: [GC pause (young)
Desired survivor size 36175872 bytes, new threshold 15 (max 15)
- age   1:   19915912 bytes,   19915912 total
- age   2:      36864 bytes,   19952776 total
2016-01-06T01:04:49.405-0800: 68.068: [SoftReference, 0 refs, 0.0000460 secs]2016-01-06T01:04:49.405-0800: 68.068: [WeakReference, 0 refs, 0.0000060 secs]2016-01-06T01:04:49.405-0800: 68.068: [FinalReference, 0 refs, 0.0000060 secs]2016-01-06T01:04:49.405-0800: 68.068: [PhantomReference, 0 refs, 16941 refs, 0.0005880 secs]2016-01-06T01:04:49.406-0800: 68.069: [JNI Weak Reference, 0.0000080 secs], 0.1968950 secs]
   [Parallel Time: 13.5 ms, GC Workers: 4]
      [GC Worker Start (ms): Min: 67873.6, Avg: 67874.2, Max: 67875.9, Diff: 2.4]
      [Ext Root Scanning (ms): Min: 0.0, Avg: 0.3, Max: 0.5, Diff: 0.4, Sum: 1.3]
      [SATB Filtering (ms): Min: 0.0, Avg: 0.0, Max: 0.0, Diff: 0.0, Sum: 0.0]
      [Update RS (ms): Min: 7.1, Avg: 8.5, Max: 9.2, Diff: 2.1, Sum: 34.1]
         [Processed Buffers: Min: 10, Avg: 12.5, Max: 15, Diff: 5, Sum: 50]
      [Scan RS (ms): Min: 0.1, Avg: 0.2, Max: 0.5, Diff: 0.4, Sum: 0.9]
      [Code Root Scanning (ms): Min: 0.0, Avg: 0.0, Max: 0.1, Diff: 0.1, Sum: 0.1]
      [Object Copy (ms): Min: 3.6, Avg: 3.6, Max: 3.6, Diff: 0.0, Sum: 14.4]
      [Termination (ms): Min: 0.0, Avg: 0.0, Max: 0.0, Diff: 0.0, Sum: 0.0]
      [GC Worker Other (ms): Min: 0.0, Avg: 0.1, Max: 0.1, Diff: 0.1, Sum: 0.2]
      [GC Worker Total (ms): Min: 11.0, Avg: 12.8, Max: 13.4, Diff: 2.4, Sum: 51.1]
      [GC Worker End (ms): Min: 67886.9, Avg: 67886.9, Max: 67887.0, Diff: 0.1]
   [Code Root Fixup: 0.0 ms]
   [Code Root Migration: 0.1 ms]
   [Clear CT: 0.2 ms]
   [Other: 183.2 ms]
      [Choose CSet: 0.0 ms]
      [Ref Proc: 181.7 ms]
      [Ref Enq: 0.8 ms]
      [Free CSet: 0.7 ms]
   [Eden: 530.0M(530.0M)->0.0B(440.0M) Survivors: 21.0M->19.0M Heap: 2497.7M(4096.0M)->1965.7M(4096.0M)]
 [Times: user=0.74 sys=0.02, real=0.20 secs] 
2016-01-06T01:04:49.475-0800: 68.138: [GC pause (young)
Desired survivor size 30408704 bytes, new threshold 15 (max 15)
- age   1:   18029872 bytes,   18029872 total
- age   2:      36864 bytes,   18066736 total
2016-01-06T01:04:49.680-0800: 68.343: [SoftReference, 0 refs, 0.0000430 secs]2016-01-06T01:04:49.680-0800: 68.343: [WeakReference, 0 refs, 0.0000100 secs]2016-01-06T01:04:49.680-0800: 68.343: [FinalReference, 0 refs, 0.0000100 secs]2016-01-06T01:04:49.680-0800: 68.343: [PhantomReference, 0 refs, 14152 refs, 0.0008610 secs]2016-01-06T01:04:49.681-0800: 68.344: [JNI Weak Reference, 0.0000130 secs], 0.2080310 secs]
   [Parallel Time: 3.9 ms, GC Workers: 4]
      [GC Worker Start (ms): Min: 68138.4, Avg: 68138.4, Max: 68138.4, Diff: 0.1]
      [Ext Root Scanning (ms): Min: 0.3, Avg: 0.4, Max: 0.4, Diff: 0.1, Sum: 1.4]
      [SATB Filtering (ms): Min: 0.0, Avg: 0.0, Max: 0.0, Diff: 0.0, Sum: 0.0]
      [Update RS (ms): Min: 0.0, Avg: 0.1, Max: 0.2, Diff: 0.2, Sum: 0.2]
         [Processed Buffers: Min: 0, Avg: 1.0, Max: 3, Diff: 3, Sum: 4]
      [Scan RS (ms): Min: 0.1, Avg: 0.2, Max: 0.3, Diff: 0.1, Sum: 0.9]
      [Code Root Scanning (ms): Min: 0.0, Avg: 0.0, Max: 0.0, Diff: 0.0, Sum: 0.1]
      [Object Copy (ms): Min: 3.0, Avg: 3.0, Max: 3.1, Diff: 0.0, Sum: 12.2]
      [Termination (ms): Min: 0.0, Avg: 0.0, Max: 0.0, Diff: 0.0, Sum: 0.0]
      [GC Worker Other (ms): Min: 0.0, Avg: 0.0, Max: 0.1, Diff: 0.0, Sum: 0.1]
      [GC Worker Total (ms): Min: 3.7, Avg: 3.7, Max: 3.8, Diff: 0.0, Sum: 15.0]
      [GC Worker End (ms): Min: 68142.1, Avg: 68142.2, Max: 68142.2, Diff: 0.0]
   [Code Root Fixup: 0.0 ms]
   [Code Root Migration: 0.1 ms]
   [Clear CT: 0.2 ms]
   [Other: 203.8 ms]
      [Choose CSet: 0.0 ms]
      [Ref Proc: 201.9 ms]
      [Ref Enq: 1.0 ms]
      [Free CSet: 0.9 ms]
   [Eden: 440.0M(440.0M)->0.0B(185.0M) Survivors: 19.0M->19.0M Heap: 2405.7M(4096.0M)->1965.2M(4096.0M)]
 [Times: user=0.72 sys=0.00, real=0.21 secs] 
2016-01-06T01:04:49.712-0800: 68.375: [GC pause (young)
Desired survivor size 13631488 bytes, new threshold 1 (max 15)
- age   1:   17828992 bytes,   17828992 total
- age   2:      36864 bytes,   17865856 total
2016-01-06T01:04:49.902-0800: 68.565: [SoftReference, 0 refs, 0.0000440 secs]2016-01-06T01:04:49.902-0800: 68.565: [WeakReference, 0 refs, 0.0000060 secs]2016-01-06T01:04:49.902-0800: 68.565: [FinalReference, 0 refs, 0.0000050 secs]2016-01-06T01:04:49.902-0800: 68.565: [PhantomReference, 0 refs, 6243 refs, 0.0002270 secs]2016-01-06T01:04:49.903-0800: 68.565: [JNI Weak Reference, 0.0000070 secs], 0.1910610 secs]
   [Parallel Time: 2.9 ms, GC Workers: 4]
      [GC Worker Start (ms): Min: 68375.3, Avg: 68375.4, Max: 68375.4, Diff: 0.1]
      [Ext Root Scanning (ms): Min: 0.3, Avg: 0.4, Max: 0.4, Diff: 0.1, Sum: 1.4]
      [SATB Filtering (ms): Min: 0.0, Avg: 0.0, Max: 0.0, Diff: 0.0, Sum: 0.0]
      [Update RS (ms): Min: 0.0, Avg: 0.1, Max: 0.2, Diff: 0.2, Sum: 0.2]
         [Processed Buffers: Min: 0, Avg: 1.2, Max: 4, Diff: 4, Sum: 5]
      [Scan RS (ms): Min: 0.0, Avg: 0.1, Max: 0.1, Diff: 0.1, Sum: 0.4]
      [Code Root Scanning (ms): Min: 0.0, Avg: 0.0, Max: 0.0, Diff: 0.0, Sum: 0.1]
      [Object Copy (ms): Min: 2.2, Avg: 2.2, Max: 2.3, Diff: 0.0, Sum: 9.0]
      [Termination (ms): Min: 0.0, Avg: 0.0, Max: 0.0, Diff: 0.0, Sum: 0.0]
      [GC Worker Other (ms): Min: 0.0, Avg: 0.0, Max: 0.0, Diff: 0.0, Sum: 0.1]
      [GC Worker Total (ms): Min: 2.8, Avg: 2.8, Max: 2.9, Diff: 0.1, Sum: 11.3]
      [GC Worker End (ms): Min: 68378.2, Avg: 68378.2, Max: 68378.2, Diff: 0.0]
   [Code Root Fixup: 0.0 ms]
   [Code Root Migration: 0.0 ms]
   [Clear CT: 0.2 ms]
   [Other: 187.9 ms]
      [Choose CSet: 0.0 ms]
      [Ref Proc: 187.3 ms]
      [Ref Enq: 0.3 ms]
      [Free CSet: 0.3 ms]
   [Eden: 185.0M(185.0M)->0.0B(185.0M) Survivors: 19.0M->19.0M Heap: 2150.2M(4096.0M)->1965.8M(4096.0M)]
 [Times: user=0.74 sys=0.00, real=0.19 secs] 
2016-01-06T01:04:49.931-0800: 68.593: [GC pause (young)
Desired survivor size 13631488 bytes, new threshold 1 (max 15)
- age   1:   17259832 bytes,   17259832 total
2016-01-06T01:04:50.122-0800: 68.785: [SoftReference, 0 refs, 0.0000450 secs]2016-01-06T01:04:50.122-0800: 68.785: [WeakReference, 0 refs, 0.0000070 secs]2016-01-06T01:04:50.122-0800: 68.785: [FinalReference, 0 refs, 0.0000060 secs]2016-01-06T01:04:50.122-0800: 68.785: [PhantomReference, 0 refs, 6243 refs, 0.0002260 secs]2016-01-06T01:04:50.122-0800: 68.785: [JNI Weak Reference, 0.0000070 secs], 0.1923590 secs]
   [Parallel Time: 2.9 ms, GC Workers: 4]
      [GC Worker Start (ms): Min: 68593.5, Avg: 68593.5, Max: 68593.6, Diff: 0.1]
      [Ext Root Scanning (ms): Min: 0.3, Avg: 0.4, Max: 0.4, Diff: 0.1, Sum: 1.4]
      [SATB Filtering (ms): Min: 0.0, Avg: 0.0, Max: 0.0, Diff: 0.0, Sum: 0.0]
      [Update RS (ms): Min: 0.0, Avg: 0.1, Max: 0.2, Diff: 0.2, Sum: 0.3]
         [Processed Buffers: Min: 0, Avg: 1.0, Max: 2, Diff: 2, Sum: 4]
      [Scan RS (ms): Min: 0.0, Avg: 0.1, Max: 0.1, Diff: 0.1, Sum: 0.4]
      [Code Root Scanning (ms): Min: 0.0, Avg: 0.0, Max: 0.0, Diff: 0.0, Sum: 0.0]
      [Object Copy (ms): Min: 2.3, Avg: 2.3, Max: 2.3, Diff: 0.0, Sum: 9.0]
      [Termination (ms): Min: 0.0, Avg: 0.0, Max: 0.0, Diff: 0.0, Sum: 0.0]
      [GC Worker Other (ms): Min: 0.0, Avg: 0.0, Max: 0.0, Diff: 0.0, Sum: 0.1]
      [GC Worker Total (ms): Min: 2.8, Avg: 2.8, Max: 2.9, Diff: 0.1, Sum: 11.3]
      [GC Worker End (ms): Min: 68596.3, Avg: 68596.4, Max: 68596.4, Diff: 0.0]
   [Code Root Fixup: 0.0 ms]
   [Code Root Migration: 0.0 ms]
   [Clear CT: 0.1 ms]
   [Other: 189.3 ms]
      [Choose CSet: 0.0 ms]
      [Ref Proc: 188.6 ms]
      [Ref Enq: 0.3 ms]
      [Free CSet: 0.3 ms]
   [Eden: 185.0M(185.0M)->0.0B(695.0M) Survivors: 19.0M->18.0M Heap: 2150.8M(4096.0M)->1964.8M(4096.0M)]
 [Times: user=0.73 sys=0.01, real=0.19 secs] 
2016-01-06T01:04:50.220-0800: 68.883: [GC pause (young)
Desired survivor size 47185920 bytes, new threshold 15 (max 15)
- age   1:   17259832 bytes,   17259832 total
2016-01-06T01:04:50.415-0800: 69.078: [SoftReference, 0 refs, 0.0000430 secs]2016-01-06T01:04:50.415-0800: 69.078: [WeakReference, 0 refs, 0.0000070 secs]2016-01-06T01:04:50.415-0800: 69.078: [FinalReference, 0 refs, 0.0000050 secs]2016-01-06T01:04:50.415-0800: 69.078: [PhantomReference, 0 refs, 22055 refs, 0.0007580 secs]2016-01-06T01:04:50.416-0800: 69.078: [JNI Weak Reference, 0.0000080 secs], 0.1980330 secs]
   [Parallel Time: 5.9 ms, GC Workers: 4]
      [GC Worker Start (ms): Min: 68882.7, Avg: 68883.0, Max: 68883.9, Diff: 1.2]
      [Ext Root Scanning (ms): Min: 0.0, Avg: 0.3, Max: 0.5, Diff: 0.5, Sum: 1.3]
      [SATB Filtering (ms): Min: 0.0, Avg: 0.0, Max: 0.0, Diff: 0.0, Sum: 0.0]
      [Update RS (ms): Min: 0.0, Avg: 0.1, Max: 0.2, Diff: 0.2, Sum: 0.3]
         [Processed Buffers: Min: 0, Avg: 1.2, Max: 3, Diff: 3, Sum: 5]
      [Scan RS (ms): Min: 0.1, Avg: 0.3, Max: 0.4, Diff: 0.4, Sum: 1.2]
      [Code Root Scanning (ms): Min: 0.0, Avg: 0.0, Max: 0.1, Diff: 0.1, Sum: 0.1]
      [Object Copy (ms): Min: 4.4, Avg: 4.7, Max: 4.8, Diff: 0.3, Sum: 18.7]
      [Termination (ms): Min: 0.0, Avg: 0.0, Max: 0.0, Diff: 0.0, Sum: 0.0]
      [GC Worker Other (ms): Min: 0.0, Avg: 0.0, Max: 0.1, Diff: 0.1, Sum: 0.2]
      [GC Worker Total (ms): Min: 4.6, Avg: 5.4, Max: 5.7, Diff: 1.2, Sum: 21.7]
      [GC Worker End (ms): Min: 68888.4, Avg: 68888.5, Max: 68888.5, Diff: 0.1]
   [Code Root Fixup: 0.0 ms]
   [Code Root Migration: 0.1 ms]
   [Clear CT: 0.2 ms]
   [Other: 191.9 ms]
      [Choose CSet: 0.0 ms]
      [Ref Proc: 189.9 ms]
      [Ref Enq: 1.0 ms]
      [Free CSet: 0.9 ms]
   [Eden: 695.0M(695.0M)->0.0B(746.0M) Survivors: 18.0M->20.0M Heap: 2659.8M(4096.0M)->1966.8M(4096.0M)]
 [Times: user=0.76 sys=0.00, real=0.20 secs] 
2016-01-06T01:04:50.525-0800: 69.188: [GC pause (young)
Desired survivor size 50331648 bytes, new threshold 15 (max 15)
- age   1:   18398152 bytes,   18398152 total
- age   2:      36864 bytes,   18435016 total
2016-01-06T01:04:50.743-0800: 69.406: [SoftReference, 0 refs, 0.0000500 secs]2016-01-06T01:04:50.743-0800: 69.406: [WeakReference, 0 refs, 0.0000070 secs]2016-01-06T01:04:50.743-0800: 69.406: [FinalReference, 0 refs, 0.0000050 secs]2016-01-06T01:04:50.743-0800: 69.406: [PhantomReference, 0 refs, 23635 refs, 0.0008300 secs]2016-01-06T01:04:50.744-0800: 69.407: [JNI Weak Reference, 0.0000080 secs], 0.2218570 secs]
   [Parallel Time: 6.0 ms, GC Workers: 4]
      [GC Worker Start (ms): Min: 69187.8, Avg: 69187.8, Max: 69188.0, Diff: 0.2]
      [Ext Root Scanning (ms): Min: 0.3, Avg: 0.4, Max: 0.5, Diff: 0.2, Sum: 1.6]
      [SATB Filtering (ms): Min: 0.0, Avg: 0.0, Max: 0.0, Diff: 0.0, Sum: 0.0]
      [Update RS (ms): Min: 0.0, Avg: 0.1, Max: 0.2, Diff: 0.2, Sum: 0.2]
         [Processed Buffers: Min: 0, Avg: 1.0, Max: 2, Diff: 2, Sum: 4]
      [Scan RS (ms): Min: 0.3, Avg: 0.3, Max: 0.4, Diff: 0.1, Sum: 1.4]
      [Code Root Scanning (ms): Min: 0.0, Avg: 0.0, Max: 0.0, Diff: 0.0, Sum: 0.2]
      [Object Copy (ms): Min: 4.9, Avg: 5.0, Max: 5.0, Diff: 0.0, Sum: 19.8]
      [Termination (ms): Min: 0.0, Avg: 0.0, Max: 0.0, Diff: 0.0, Sum: 0.0]
      [GC Worker Other (ms): Min: 0.0, Avg: 0.1, Max: 0.1, Diff: 0.1, Sum: 0.2]
      [GC Worker Total (ms): Min: 5.7, Avg: 5.9, Max: 5.9, Diff: 0.2, Sum: 23.4]
      [GC Worker End (ms): Min: 69193.7, Avg: 69193.7, Max: 69193.7, Diff: 0.1]
   [Code Root Fixup: 0.0 ms]
   [Code Root Migration: 0.1 ms]
   [Clear CT: 0.3 ms]
   [Other: 215.5 ms]
      [Choose CSet: 0.0 ms]
      [Ref Proc: 213.3 ms]
      [Ref Enq: 1.1 ms]
      [Free CSet: 1.0 ms]
   [Eden: 746.0M(746.0M)->0.0B(184.0M) Survivors: 20.0M->20.0M Heap: 2712.8M(4096.0M)->1966.8M(4096.0M)]
 [Times: user=0.82 sys=0.00, real=0.23 secs] 
2016-01-06T01:04:50.775-0800: 69.438: [GC pause (young)
Desired survivor size 13631488 bytes, new threshold 1 (max 15)
- age   1:   18511984 bytes,   18511984 total
- age   2:      36864 bytes,   18548848 total
2016-01-06T01:04:50.965-0800: 69.628: [SoftReference, 0 refs, 0.0000410 secs]2016-01-06T01:04:50.966-0800: 69.628: [WeakReference, 0 refs, 0.0000070 secs]2016-01-06T01:04:50.966-0800: 69.628: [FinalReference, 0 refs, 0.0000050 secs]2016-01-06T01:04:50.966-0800: 69.628: [PhantomReference, 0 refs, 6212 refs, 0.0002500 secs]2016-01-06T01:04:50.966-0800: 69.629: [JNI Weak Reference, 0.0000070 secs], 0.1911740 secs]
   [Parallel Time: 3.1 ms, GC Workers: 4]
      [GC Worker Start (ms): Min: 69438.4, Avg: 69438.4, Max: 69438.4, Diff: 0.1]
      [Ext Root Scanning (ms): Min: 0.3, Avg: 0.4, Max: 0.4, Diff: 0.1, Sum: 1.4]
      [SATB Filtering (ms): Min: 0.0, Avg: 0.0, Max: 0.0, Diff: 0.0, Sum: 0.0]
      [Update RS (ms): Min: 0.0, Avg: 0.1, Max: 0.2, Diff: 0.2, Sum: 0.2]
         [Processed Buffers: Min: 0, Avg: 1.0, Max: 2, Diff: 2, Sum: 4]
      [Scan RS (ms): Min: 0.0, Avg: 0.1, Max: 0.1, Diff: 0.1, Sum: 0.3]
      [Code Root Scanning (ms): Min: 0.0, Avg: 0.0, Max: 0.0, Diff: 0.0, Sum: 0.0]
      [Object Copy (ms): Min: 2.4, Avg: 2.4, Max: 2.4, Diff: 0.0, Sum: 9.6]
      [Termination (ms): Min: 0.0, Avg: 0.0, Max: 0.0, Diff: 0.0, Sum: 0.0]
      [GC Worker Other (ms): Min: 0.0, Avg: 0.0, Max: 0.0, Diff: 0.0, Sum: 0.1]
      [GC Worker Total (ms): Min: 2.9, Avg: 2.9, Max: 3.0, Diff: 0.1, Sum: 11.8]
      [GC Worker End (ms): Min: 69441.3, Avg: 69441.4, Max: 69441.4, Diff: 0.0]
   [Code Root Fixup: 0.0 ms]
   [Code Root Migration: 0.0 ms]
   [Clear CT: 0.1 ms]
   [Other: 188.0 ms]
      [Choose CSet: 0.0 ms]
      [Ref Proc: 187.3 ms]
      [Ref Enq: 0.3 ms]
      [Free CSet: 0.3 ms]
   [Eden: 184.0M(184.0M)->0.0B(186.0M) Survivors: 20.0M->18.0M Heap: 2150.8M(4096.0M)->1964.9M(4096.0M)]
 [Times: user=0.65 sys=0.00, real=0.20 secs] 
2016-01-06T01:04:50.996-0800: 69.659: [GC pause (young)
Desired survivor size 13631488 bytes, new threshold 1 (max 15)
- age   1:   17257600 bytes,   17257600 total
2016-01-06T01:04:51.192-0800: 69.855: [SoftReference, 0 refs, 0.0000520 secs]2016-01-06T01:04:51.192-0800: 69.855: [WeakReference, 0 refs, 0.0000070 secs]2016-01-06T01:04:51.192-0800: 69.855: [FinalReference, 0 refs, 0.0000050 secs]2016-01-06T01:04:51.192-0800: 69.855: [PhantomReference, 0 refs, 6276 refs, 0.0002310 secs]2016-01-06T01:04:51.193-0800: 69.856: [JNI Weak Reference, 0.0000070 secs], 0.1977250 secs]
   [Parallel Time: 3.0 ms, GC Workers: 4]
      [GC Worker Start (ms): Min: 69658.7, Avg: 69658.7, Max: 69658.8, Diff: 0.1]
      [Ext Root Scanning (ms): Min: 0.3, Avg: 0.4, Max: 0.4, Diff: 0.1, Sum: 1.4]
      [SATB Filtering (ms): Min: 0.0, Avg: 0.0, Max: 0.0, Diff: 0.0, Sum: 0.0]
      [Update RS (ms): Min: 0.0, Avg: 0.1, Max: 0.2, Diff: 0.2, Sum: 0.3]
         [Processed Buffers: Min: 0, Avg: 1.2, Max: 3, Diff: 3, Sum: 5]
      [Scan RS (ms): Min: 0.0, Avg: 0.1, Max: 0.1, Diff: 0.1, Sum: 0.4]
      [Code Root Scanning (ms): Min: 0.0, Avg: 0.0, Max: 0.0, Diff: 0.0, Sum: 0.0]
      [Object Copy (ms): Min: 2.3, Avg: 2.4, Max: 2.4, Diff: 0.1, Sum: 9.6]
      [Termination (ms): Min: 0.0, Avg: 0.0, Max: 0.0, Diff: 0.0, Sum: 0.0]
      [GC Worker Other (ms): Min: 0.0, Avg: 0.0, Max: 0.0, Diff: 0.0, Sum: 0.1]
      [GC Worker Total (ms): Min: 2.9, Avg: 3.0, Max: 3.0, Diff: 0.1, Sum: 11.8]
      [GC Worker End (ms): Min: 69661.7, Avg: 69661.7, Max: 69661.7, Diff: 0.0]
   [Code Root Fixup: 0.0 ms]
   [Code Root Migration: 0.0 ms]
   [Clear CT: 0.1 ms]
   [Other: 194.5 ms]
      [Choose CSet: 0.0 ms]
      [Ref Proc: 193.8 ms]
      [Ref Enq: 0.3 ms]
      [Free CSet: 0.3 ms]
   [Eden: 186.0M(186.0M)->0.0B(186.0M) Survivors: 18.0M->18.0M Heap: 2150.9M(4096.0M)->1964.9M(4096.0M)]
 [Times: user=0.76 sys=0.01, real=0.20 secs] 
2016-01-06T01:04:51.222-0800: 69.885: [GC pause (young)
Desired survivor size 13631488 bytes, new threshold 1 (max 15)
- age   1:   17262064 bytes,   17262064 total
2016-01-06T01:04:51.418-0800: 70.081: [SoftReference, 0 refs, 0.0000500 secs]2016-01-06T01:04:51.418-0800: 70.081: [WeakReference, 0 refs, 0.0000070 secs]2016-01-06T01:04:51.418-0800: 70.081: [FinalReference, 0 refs, 0.0000050 secs]2016-01-06T01:04:51.418-0800: 70.081: [PhantomReference, 0 refs, 6275 refs, 0.0002430 secs]2016-01-06T01:04:51.418-0800: 70.081: [JNI Weak Reference, 0.0000070 secs], 0.1967040 secs]
   [Parallel Time: 3.0 ms, GC Workers: 4]
      [GC Worker Start (ms): Min: 69885.2, Avg: 69885.9, Max: 69888.0, Diff: 2.7]
      [Ext Root Scanning (ms): Min: 0.0, Avg: 0.3, Max: 0.5, Diff: 0.5, Sum: 1.3]
      [SATB Filtering (ms): Min: 0.0, Avg: 0.0, Max: 0.0, Diff: 0.0, Sum: 0.0]
      [Update RS (ms): Min: 0.0, Avg: 0.1, Max: 0.1, Diff: 0.1, Sum: 0.2]
         [Processed Buffers: Min: 0, Avg: 1.0, Max: 2, Diff: 2, Sum: 4]
      [Scan RS (ms): Min: 0.0, Avg: 0.1, Max: 0.1, Diff: 0.1, Sum: 0.4]
      [Code Root Scanning (ms): Min: 0.0, Avg: 0.0, Max: 0.0, Diff: 0.0, Sum: 0.0]
      [Object Copy (ms): Min: 0.2, Avg: 1.8, Max: 2.3, Diff: 2.2, Sum: 7.1]
      [Termination (ms): Min: 0.0, Avg: 0.0, Max: 0.0, Diff: 0.0, Sum: 0.0]
      [GC Worker Other (ms): Min: 0.0, Avg: 0.0, Max: 0.0, Diff: 0.0, Sum: 0.0]
      [GC Worker Total (ms): Min: 0.2, Avg: 2.3, Max: 3.0, Diff: 2.7, Sum: 9.1]
      [GC Worker End (ms): Min: 69888.2, Avg: 69888.2, Max: 69888.2, Diff: 0.0]
   [Code Root Fixup: 0.0 ms]
   [Code Root Migration: 0.0 ms]
   [Clear CT: 0.2 ms]
   [Other: 193.5 ms]
      [Choose CSet: 0.0 ms]
      [Ref Proc: 192.8 ms]
      [Ref Enq: 0.3 ms]
      [Free CSet: 0.3 ms]
   [Eden: 186.0M(186.0M)->0.0B(185.0M) Survivors: 18.0M->19.0M Heap: 2150.9M(4096.0M)->1965.4M(4096.0M)]
 [Times: user=0.73 sys=0.00, real=0.20 secs] 
2016-01-06T01:04:51.446-0800: 70.109: [GC pause (young)
Desired survivor size 13631488 bytes, new threshold 1 (max 15)
- age   1:   17262064 bytes,   17262064 total
2016-01-06T01:04:51.640-0800: 70.303: [SoftReference, 0 refs, 0.0000390 secs]2016-01-06T01:04:51.640-0800: 70.303: [WeakReference, 0 refs, 0.0000070 secs]2016-01-06T01:04:51.640-0800: 70.303: [FinalReference, 0 refs, 0.0000060 secs]2016-01-06T01:04:51.640-0800: 70.303: [PhantomReference, 0 refs, 6245 refs, 0.0002300 secs]2016-01-06T01:04:51.640-0800: 70.303: [JNI Weak Reference, 0.0000080 secs], 0.1950450 secs]
   [Parallel Time: 3.3 ms, GC Workers: 4]
      [GC Worker Start (ms): Min: 70108.7, Avg: 70109.5, Max: 70111.9, Diff: 3.2]
      [Ext Root Scanning (ms): Min: 0.0, Avg: 0.3, Max: 0.5, Diff: 0.5, Sum: 1.3]
      [SATB Filtering (ms): Min: 0.0, Avg: 0.0, Max: 0.0, Diff: 0.0, Sum: 0.0]
      [Update RS (ms): Min: 0.0, Avg: 0.1, Max: 0.1, Diff: 0.1, Sum: 0.2]
         [Processed Buffers: Min: 0, Avg: 1.0, Max: 3, Diff: 3, Sum: 4]
      [Scan RS (ms): Min: 0.0, Avg: 0.1, Max: 0.1, Diff: 0.1, Sum: 0.3]
      [Code Root Scanning (ms): Min: 0.0, Avg: 0.0, Max: 0.0, Diff: 0.0, Sum: 0.0]
      [Object Copy (ms): Min: 0.0, Avg: 1.7, Max: 2.2, Diff: 2.2, Sum: 6.6]
      [Termination (ms): Min: 0.0, Avg: 0.3, Max: 0.5, Diff: 0.5, Sum: 1.3]
      [GC Worker Other (ms): Min: 0.0, Avg: 0.0, Max: 0.0, Diff: 0.0, Sum: 0.0]
      [GC Worker Total (ms): Min: 0.1, Avg: 2.5, Max: 3.3, Diff: 3.2, Sum: 9.9]
      [GC Worker End (ms): Min: 70112.0, Avg: 70112.0, Max: 70112.0, Diff: 0.0]
   [Code Root Fixup: 0.0 ms]
   [Code Root Migration: 0.0 ms]
   [Clear CT: 0.1 ms]
   [Other: 191.6 ms]
      [Choose CSet: 0.0 ms]
      [Ref Proc: 190.9 ms]
      [Ref Enq: 0.3 ms]
      [Free CSet: 0.3 ms]
   [Eden: 185.0M(185.0M)->0.0B(186.0M) Survivors: 19.0M->18.0M Heap: 2150.4M(4096.0M)->1965.0M(4096.0M)]
 [Times: user=0.75 sys=0.01, real=0.19 secs] 
2016-01-06T01:04:51.669-0800: 70.332: [GC pause (young)
Desired survivor size 13631488 bytes, new threshold 1 (max 15)
- age   1:   17259832 bytes,   17259832 total
2016-01-06T01:04:51.879-0800: 70.542: [SoftReference, 0 refs, 0.0000450 secs]2016-01-06T01:04:51.879-0800: 70.542: [WeakReference, 0 refs, 0.0000070 secs]2016-01-06T01:04:51.879-0800: 70.542: [FinalReference, 0 refs, 0.0000060 secs]2016-01-06T01:04:51.879-0800: 70.542: [PhantomReference, 0 refs, 6275 refs, 0.0002280 secs]2016-01-06T01:04:51.879-0800: 70.542: [JNI Weak Reference, 0.0000070 secs], 0.2107740 secs]
   [Parallel Time: 4.2 ms, GC Workers: 4]
      [GC Worker Start (ms): Min: 70332.3, Avg: 70332.9, Max: 70333.5, Diff: 1.2]
      [Ext Root Scanning (ms): Min: 0.0, Avg: 0.3, Max: 0.7, Diff: 0.7, Sum: 1.3]
      [SATB Filtering (ms): Min: 0.0, Avg: 0.0, Max: 0.0, Diff: 0.0, Sum: 0.0]
      [Update RS (ms): Min: 0.0, Avg: 0.1, Max: 0.2, Diff: 0.2, Sum: 0.3]
         [Processed Buffers: Min: 0, Avg: 1.0, Max: 3, Diff: 3, Sum: 4]
      [Scan RS (ms): Min: 0.0, Avg: 0.1, Max: 0.2, Diff: 0.1, Sum: 0.3]
      [Code Root Scanning (ms): Min: 0.0, Avg: 0.0, Max: 0.0, Diff: 0.0, Sum: 0.0]
      [Object Copy (ms): Min: 2.7, Avg: 2.9, Max: 3.0, Diff: 0.3, Sum: 11.6]
      [Termination (ms): Min: 0.0, Avg: 0.1, Max: 0.1, Diff: 0.1, Sum: 0.4]
      [GC Worker Other (ms): Min: 0.0, Avg: 0.0, Max: 0.0, Diff: 0.0, Sum: 0.0]
      [GC Worker Total (ms): Min: 2.8, Avg: 3.5, Max: 4.1, Diff: 1.2, Sum: 13.9]
      [GC Worker End (ms): Min: 70336.4, Avg: 70336.4, Max: 70336.4, Diff: 0.0]
   [Code Root Fixup: 0.0 ms]
   [Code Root Migration: 0.0 ms]
   [Clear CT: 0.2 ms]
   [Other: 206.4 ms]
      [Choose CSet: 0.0 ms]
      [Ref Proc: 205.7 ms]
      [Ref Enq: 0.3 ms]
      [Free CSet: 0.3 ms]
   [Eden: 186.0M(186.0M)->0.0B(187.0M) Survivors: 18.0M->17.0M Heap: 2151.0M(4096.0M)->1963.5M(4096.0M)]
 [Times: user=0.74 sys=0.01, real=0.21 secs] 
2016-01-06T01:04:51.909-0800: 70.571: [GC pause (young)
Desired survivor size 13631488 bytes, new threshold 1 (max 15)
- age   1:   15357808 bytes,   15357808 total
2016-01-06T01:04:52.102-0800: 70.765: [SoftReference, 0 refs, 0.0000470 secs]2016-01-06T01:04:52.102-0800: 70.765: [WeakReference, 0 refs, 0.0000070 secs]2016-01-06T01:04:52.102-0800: 70.765: [FinalReference, 0 refs, 0.0000060 secs]2016-01-06T01:04:52.102-0800: 70.765: [PhantomReference, 0 refs, 6305 refs, 0.0002310 secs]2016-01-06T01:04:52.102-0800: 70.765: [JNI Weak Reference, 0.0000080 secs], 0.1942270 secs]
   [Parallel Time: 3.1 ms, GC Workers: 4]
      [GC Worker Start (ms): Min: 70571.5, Avg: 70571.6, Max: 70571.6, Diff: 0.1]
      [Ext Root Scanning (ms): Min: 0.3, Avg: 0.4, Max: 0.5, Diff: 0.1, Sum: 1.6]
      [SATB Filtering (ms): Min: 0.0, Avg: 0.0, Max: 0.0, Diff: 0.0, Sum: 0.0]
      [Update RS (ms): Min: 0.0, Avg: 0.1, Max: 0.2, Diff: 0.2, Sum: 0.3]
         [Processed Buffers: Min: 0, Avg: 1.2, Max: 3, Diff: 3, Sum: 5]
      [Scan RS (ms): Min: 0.0, Avg: 0.1, Max: 0.1, Diff: 0.1, Sum: 0.3]
      [Code Root Scanning (ms): Min: 0.0, Avg: 0.0, Max: 0.0, Diff: 0.0, Sum: 0.0]
      [Object Copy (ms): Min: 2.3, Avg: 2.3, Max: 2.3, Diff: 0.0, Sum: 9.3]
      [Termination (ms): Min: 0.0, Avg: 0.0, Max: 0.0, Diff: 0.0, Sum: 0.0]
      [GC Worker Other (ms): Min: 0.0, Avg: 0.0, Max: 0.0, Diff: 0.0, Sum: 0.1]
      [GC Worker Total (ms): Min: 2.9, Avg: 2.9, Max: 3.0, Diff: 0.1, Sum: 11.7]
      [GC Worker End (ms): Min: 70574.5, Avg: 70574.5, Max: 70574.5, Diff: 0.0]
   [Code Root Fixup: 0.0 ms]
   [Code Root Migration: 0.0 ms]
   [Clear CT: 0.1 ms]
   [Other: 191.0 ms]
      [Choose CSet: 0.0 ms]
      [Ref Proc: 190.3 ms]
      [Ref Enq: 0.3 ms]
      [Free CSet: 0.3 ms]
   [Eden: 187.0M(187.0M)->0.0B(185.0M) Survivors: 17.0M->19.0M Heap: 2150.5M(4096.0M)->1965.6M(4096.0M)]
 [Times: user=0.74 sys=0.00, real=0.19 secs] 
2016-01-06T01:04:52.129-0800: 70.792: [GC pause (young)
Desired survivor size 13631488 bytes, new threshold 1 (max 15)
- age   1:   17264296 bytes,   17264296 total
2016-01-06T01:04:52.323-0800: 70.986: [SoftReference, 0 refs, 0.0000490 secs]2016-01-06T01:04:52.323-0800: 70.986: [WeakReference, 0 refs, 0.0000060 secs]2016-01-06T01:04:52.323-0800: 70.986: [FinalReference, 0 refs, 0.0000060 secs]2016-01-06T01:04:52.323-0800: 70.986: [PhantomReference, 0 refs, 6243 refs, 0.0002310 secs]2016-01-06T01:04:52.324-0800: 70.986: [JNI Weak Reference, 0.0000070 secs], 0.1954950 secs]
   [Parallel Time: 4.2 ms, GC Workers: 4]
      [GC Worker Start (ms): Min: 70791.8, Avg: 70791.9, Max: 70791.9, Diff: 0.1]
      [Ext Root Scanning (ms): Min: 0.4, Avg: 1.3, Max: 4.1, Diff: 3.7, Sum: 5.3]
      [SATB Filtering (ms): Min: 0.0, Avg: 0.0, Max: 0.0, Diff: 0.0, Sum: 0.0]
      [Update RS (ms): Min: 0.0, Avg: 0.1, Max: 0.1, Diff: 0.1, Sum: 0.2]
         [Processed Buffers: Min: 0, Avg: 1.0, Max: 2, Diff: 2, Sum: 4]
      [Scan RS (ms): Min: 0.0, Avg: 0.1, Max: 0.1, Diff: 0.1, Sum: 0.3]
      [Code Root Scanning (ms): Min: 0.0, Avg: 0.0, Max: 0.0, Diff: 0.0, Sum: 0.0]
      [Object Copy (ms): Min: 0.0, Avg: 1.8, Max: 2.4, Diff: 2.4, Sum: 7.1]
      [Termination (ms): Min: 0.0, Avg: 0.9, Max: 1.1, Diff: 1.1, Sum: 3.4]
      [GC Worker Other (ms): Min: 0.0, Avg: 0.0, Max: 0.0, Diff: 0.0, Sum: 0.0]
      [GC Worker Total (ms): Min: 4.1, Avg: 4.1, Max: 4.2, Diff: 0.0, Sum: 16.5]
      [GC Worker End (ms): Min: 70796.0, Avg: 70796.0, Max: 70796.0, Diff: 0.0]
   [Code Root Fixup: 0.0 ms]
   [Code Root Migration: 0.0 ms]
   [Clear CT: 0.1 ms]
   [Other: 191.1 ms]
      [Choose CSet: 0.0 ms]
      [Ref Proc: 190.4 ms]
      [Ref Enq: 0.3 ms]
      [Free CSet: 0.3 ms]
   [Eden: 185.0M(185.0M)->0.0B(185.0M) Survivors: 19.0M->19.0M Heap: 2150.6M(4096.0M)->1965.6M(4096.0M)]
 [Times: user=0.75 sys=0.00, real=0.19 secs] 
2016-01-06T01:04:52.350-0800: 71.013: [GC pause (young)
Desired survivor size 13631488 bytes, new threshold 1 (max 15)
- age   1:   17259832 bytes,   17259832 total
2016-01-06T01:04:52.545-0800: 71.208: [SoftReference, 0 refs, 0.0000440 secs]2016-01-06T01:04:52.545-0800: 71.208: [WeakReference, 0 refs, 0.0000060 secs]2016-01-06T01:04:52.545-0800: 71.208: [FinalReference, 0 refs, 0.0000050 secs]2016-01-06T01:04:52.545-0800: 71.208: [PhantomReference, 0 refs, 6243 refs, 0.0002360 secs]2016-01-06T01:04:52.545-0800: 71.208: [JNI Weak Reference, 0.0000070 secs], 0.1955520 secs]
   [Parallel Time: 3.0 ms, GC Workers: 4]
      [GC Worker Start (ms): Min: 71013.2, Avg: 71013.2, Max: 71013.2, Diff: 0.1]
      [Ext Root Scanning (ms): Min: 0.3, Avg: 0.4, Max: 0.4, Diff: 0.1, Sum: 1.4]
      [SATB Filtering (ms): Min: 0.0, Avg: 0.0, Max: 0.0, Diff: 0.0, Sum: 0.0]
      [Update RS (ms): Min: 0.0, Avg: 0.1, Max: 0.2, Diff: 0.1, Sum: 0.3]
         [Processed Buffers: Min: 1, Avg: 1.0, Max: 1, Diff: 0, Sum: 4]
      [Scan RS (ms): Min: 0.1, Avg: 0.1, Max: 0.1, Diff: 0.1, Sum: 0.3]
      [Code Root Scanning (ms): Min: 0.0, Avg: 0.0, Max: 0.0, Diff: 0.0, Sum: 0.0]
      [Object Copy (ms): Min: 2.3, Avg: 2.3, Max: 2.3, Diff: 0.0, Sum: 9.4]
      [Termination (ms): Min: 0.0, Avg: 0.0, Max: 0.0, Diff: 0.0, Sum: 0.0]
      [GC Worker Other (ms): Min: 0.0, Avg: 0.0, Max: 0.0, Diff: 0.0, Sum: 0.1]
      [GC Worker Total (ms): Min: 2.9, Avg: 2.9, Max: 2.9, Diff: 0.0, Sum: 11.6]
      [GC Worker End (ms): Min: 71016.1, Avg: 71016.1, Max: 71016.1, Diff: 0.0]
   [Code Root Fixup: 0.0 ms]
   [Code Root Migration: 0.0 ms]
   [Clear CT: 0.1 ms]
   [Other: 192.3 ms]
      [Choose CSet: 0.0 ms]
      [Ref Proc: 191.7 ms]
      [Ref Enq: 0.3 ms]
      [Free CSet: 0.3 ms]
   [Eden: 185.0M(185.0M)->0.0B(413.0M) Survivors: 19.0M->19.0M Heap: 2150.6M(4096.0M)->1966.2M(4096.0M)]
 [Times: user=0.75 sys=0.00, real=0.20 secs] 
2016-01-06T01:04:52.604-0800: 71.266: [GC pause (young)
Desired survivor size 28311552 bytes, new threshold 15 (max 15)
- age   1:   17259832 bytes,   17259832 total
2016-01-06T01:04:52.799-0800: 71.462: [SoftReference, 0 refs, 0.0000450 secs]2016-01-06T01:04:52.799-0800: 71.462: [WeakReference, 0 refs, 0.0000070 secs]2016-01-06T01:04:52.799-0800: 71.462: [FinalReference, 0 refs, 0.0000060 secs]2016-01-06T01:04:52.799-0800: 71.462: [PhantomReference, 0 refs, 13313 refs, 0.0004760 secs]2016-01-06T01:04:52.799-0800: 71.462: [JNI Weak Reference, 0.0000080 secs], 0.1972220 secs]
   [Parallel Time: 4.0 ms, GC Workers: 4]
      [GC Worker Start (ms): Min: 71266.5, Avg: 71266.9, Max: 71267.9, Diff: 1.4]
      [Ext Root Scanning (ms): Min: 0.0, Avg: 0.3, Max: 0.5, Diff: 0.5, Sum: 1.3]
      [SATB Filtering (ms): Min: 0.0, Avg: 0.0, Max: 0.0, Diff: 0.0, Sum: 0.0]
      [Update RS (ms): Min: 0.0, Avg: 0.1, Max: 0.2, Diff: 0.2, Sum: 0.3]
         [Processed Buffers: Min: 0, Avg: 1.0, Max: 2, Diff: 2, Sum: 4]
      [Scan RS (ms): Min: 0.0, Avg: 0.2, Max: 0.3, Diff: 0.2, Sum: 0.7]
      [Code Root Scanning (ms): Min: 0.0, Avg: 0.0, Max: 0.0, Diff: 0.0, Sum: 0.1]
      [Object Copy (ms): Min: 2.5, Avg: 2.9, Max: 3.1, Diff: 0.6, Sum: 11.8]
      [Termination (ms): Min: 0.0, Avg: 0.0, Max: 0.0, Diff: 0.0, Sum: 0.0]
      [GC Worker Other (ms): Min: 0.0, Avg: 0.0, Max: 0.1, Diff: 0.1, Sum: 0.2]
      [GC Worker Total (ms): Min: 2.5, Avg: 3.6, Max: 4.0, Diff: 1.4, Sum: 14.3]
      [GC Worker End (ms): Min: 71270.5, Avg: 71270.5, Max: 71270.5, Diff: 0.1]
   [Code Root Fixup: 0.0 ms]
   [Code Root Migration: 0.1 ms]
   [Clear CT: 0.2 ms]
   [Other: 192.9 ms]
      [Choose CSet: 0.0 ms]
      [Ref Proc: 191.7 ms]
      [Ref Enq: 0.6 ms]
      [Free CSet: 0.5 ms]
   [Eden: 413.0M(413.0M)->0.0B(632.0M) Survivors: 19.0M->19.0M Heap: 2379.2M(4096.0M)->1966.2M(4096.0M)]
 [Times: user=0.73 sys=0.00, real=0.20 secs] 
2016-01-06T01:04:52.890-0800: 71.553: [GC pause (young)
Desired survivor size 42991616 bytes, new threshold 15 (max 15)
- age   1:   17768728 bytes,   17768728 total
- age   2:      36864 bytes,   17805592 total
2016-01-06T01:04:53.103-0800: 71.766: [SoftReference, 0 refs, 0.0000600 secs]2016-01-06T01:04:53.103-0800: 71.766: [WeakReference, 0 refs, 0.0000070 secs]2016-01-06T01:04:53.103-0800: 71.766: [FinalReference, 0 refs, 0.0000050 secs]2016-01-06T01:04:53.103-0800: 71.766: [PhantomReference, 0 refs, 20101 refs, 0.0007020 secs]2016-01-06T01:04:53.104-0800: 71.767: [JNI Weak Reference, 0.0000070 secs], 0.2155930 secs]
   [Parallel Time: 26.9 ms, GC Workers: 4]
      [GC Worker Start (ms): Min: 71553.1, Avg: 71553.1, Max: 71553.2, Diff: 0.1]
      [Ext Root Scanning (ms): Min: 0.3, Avg: 0.4, Max: 0.4, Diff: 0.1, Sum: 1.4]
      [SATB Filtering (ms): Min: 0.0, Avg: 0.0, Max: 0.0, Diff: 0.0, Sum: 0.0]
      [Update RS (ms): Min: 0.0, Avg: 0.1, Max: 0.2, Diff: 0.2, Sum: 0.2]
         [Processed Buffers: Min: 0, Avg: 1.0, Max: 2, Diff: 2, Sum: 4]
      [Scan RS (ms): Min: 0.2, Avg: 0.3, Max: 0.3, Diff: 0.1, Sum: 1.2]
      [Code Root Scanning (ms): Min: 0.0, Avg: 0.0, Max: 0.0, Diff: 0.0, Sum: 0.1]
      [Object Copy (ms): Min: 4.4, Avg: 9.9, Max: 26.0, Diff: 21.6, Sum: 39.4]
      [Termination (ms): Min: 0.0, Avg: 16.2, Max: 21.6, Diff: 21.6, Sum: 64.8]
      [GC Worker Other (ms): Min: 0.0, Avg: 0.0, Max: 0.0, Diff: 0.0, Sum: 0.1]
      [GC Worker Total (ms): Min: 26.8, Avg: 26.8, Max: 26.9, Diff: 0.1, Sum: 107.2]
      [GC Worker End (ms): Min: 71579.9, Avg: 71579.9, Max: 71580.0, Diff: 0.1]
   [Code Root Fixup: 0.0 ms]
   [Code Root Migration: 0.1 ms]
   [Clear CT: 0.2 ms]
   [Other: 188.3 ms]
      [Choose CSet: 0.0 ms]
      [Ref Proc: 186.5 ms]
      [Ref Enq: 0.9 ms]
      [Free CSet: 0.8 ms]
   [Eden: 632.0M(632.0M)->0.0B(184.0M) Survivors: 19.0M->20.0M Heap: 2598.2M(4096.0M)->1966.7M(4096.0M)]
 [Times: user=0.73 sys=0.00, real=0.22 secs] 
2016-01-06T01:04:53.133-0800: 71.795: [GC pause (young)
Desired survivor size 13631488 bytes, new threshold 1 (max 15)
- age   1:   18257536 bytes,   18257536 total
- age   2:      36864 bytes,   18294400 total
2016-01-06T01:04:53.322-0800: 71.985: [SoftReference, 0 refs, 0.0000430 secs]2016-01-06T01:04:53.322-0800: 71.985: [WeakReference, 0 refs, 0.0000070 secs]2016-01-06T01:04:53.322-0800: 71.985: [FinalReference, 0 refs, 0.0000050 secs]2016-01-06T01:04:53.322-0800: 71.985: [PhantomReference, 0 refs, 6215 refs, 0.0002330 secs]2016-01-06T01:04:53.323-0800: 71.986: [JNI Weak Reference, 0.0000070 secs], 0.1910240 secs]
   [Parallel Time: 3.0 ms, GC Workers: 4]
      [GC Worker Start (ms): Min: 71795.5, Avg: 71795.6, Max: 71795.6, Diff: 0.1]
      [Ext Root Scanning (ms): Min: 0.3, Avg: 0.4, Max: 0.4, Diff: 0.1, Sum: 1.5]
      [SATB Filtering (ms): Min: 0.0, Avg: 0.0, Max: 0.0, Diff: 0.0, Sum: 0.0]
      [Update RS (ms): Min: 0.0, Avg: 0.1, Max: 0.2, Diff: 0.2, Sum: 0.2]
         [Processed Buffers: Min: 0, Avg: 1.0, Max: 3, Diff: 3, Sum: 4]
      [Scan RS (ms): Min: 0.0, Avg: 0.1, Max: 0.1, Diff: 0.1, Sum: 0.4]
      [Code Root Scanning (ms): Min: 0.0, Avg: 0.0, Max: 0.0, Diff: 0.0, Sum: 0.0]
      [Object Copy (ms): Min: 2.3, Avg: 2.3, Max: 2.3, Diff: 0.0, Sum: 9.2]
      [Termination (ms): Min: 0.0, Avg: 0.0, Max: 0.0, Diff: 0.0, Sum: 0.0]
      [GC Worker Other (ms): Min: 0.0, Avg: 0.0, Max: 0.1, Diff: 0.0, Sum: 0.1]
      [GC Worker Total (ms): Min: 2.8, Avg: 2.9, Max: 2.9, Diff: 0.0, Sum: 11.4]
      [GC Worker End (ms): Min: 71798.4, Avg: 71798.4, Max: 71798.4, Diff: 0.0]
   [Code Root Fixup: 0.0 ms]
   [Code Root Migration: 0.0 ms]
   [Clear CT: 0.1 ms]
   [Other: 187.8 ms]
      [Choose CSet: 0.0 ms]
      [Ref Proc: 187.2 ms]
      [Ref Enq: 0.3 ms]
      [Free CSet: 0.3 ms]
   [Eden: 184.0M(184.0M)->0.0B(841.0M) Survivors: 20.0M->19.0M Heap: 2150.7M(4096.0M)->1965.7M(4096.0M)]
 [Times: user=0.75 sys=0.00, real=0.19 secs] 
2016-01-06T01:04:53.442-0800: 72.105: [GC pause (young)
Desired survivor size 56623104 bytes, new threshold 15 (max 15)
- age   1:   17257600 bytes,   17257600 total
2016-01-06T01:04:53.642-0800: 72.305: [SoftReference, 0 refs, 0.0000370 secs]2016-01-06T01:04:53.642-0800: 72.305: [WeakReference, 0 refs, 0.0000060 secs]2016-01-06T01:04:53.642-0800: 72.305: [FinalReference, 0 refs, 0.0000060 secs]2016-01-06T01:04:53.642-0800: 72.305: [PhantomReference, 0 refs, 26581 refs, 0.0009420 secs]2016-01-06T01:04:53.643-0800: 72.306: [JNI Weak Reference, 0.0000090 secs], 0.2031790 secs]
   [Parallel Time: 6.8 ms, GC Workers: 4]
      [GC Worker Start (ms): Min: 72105.5, Avg: 72105.5, Max: 72105.5, Diff: 0.1]
      [Ext Root Scanning (ms): Min: 0.4, Avg: 0.9, Max: 2.5, Diff: 2.1, Sum: 3.7]
      [SATB Filtering (ms): Min: 0.0, Avg: 0.0, Max: 0.0, Diff: 0.0, Sum: 0.0]
      [Update RS (ms): Min: 0.0, Avg: 0.1, Max: 0.2, Diff: 0.1, Sum: 0.2]
         [Processed Buffers: Min: 0, Avg: 1.2, Max: 3, Diff: 3, Sum: 5]
      [Scan RS (ms): Min: 0.1, Avg: 0.4, Max: 0.5, Diff: 0.4, Sum: 1.5]
      [Code Root Scanning (ms): Min: 0.0, Avg: 0.0, Max: 0.1, Diff: 0.1, Sum: 0.2]
      [Object Copy (ms): Min: 4.1, Avg: 5.2, Max: 5.6, Diff: 1.5, Sum: 20.9]
      [Termination (ms): Min: 0.0, Avg: 0.0, Max: 0.0, Diff: 0.0, Sum: 0.0]
      [GC Worker Other (ms): Min: 0.0, Avg: 0.0, Max: 0.1, Diff: 0.1, Sum: 0.2]
      [GC Worker Total (ms): Min: 6.6, Avg: 6.7, Max: 6.7, Diff: 0.1, Sum: 26.7]
      [GC Worker End (ms): Min: 72112.1, Avg: 72112.2, Max: 72112.2, Diff: 0.1]
   [Code Root Fixup: 0.0 ms]
   [Code Root Migration: 0.1 ms]
   [Clear CT: 0.4 ms]
   [Other: 195.9 ms]
      [Choose CSet: 0.0 ms]
      [Ref Proc: 193.6 ms]
      [Ref Enq: 1.2 ms]
      [Free CSet: 1.0 ms]
   [Eden: 841.0M(841.0M)->0.0B(308.0M) Survivors: 19.0M->20.0M Heap: 2806.7M(4096.0M)->1967.2M(4096.0M)]
 [Times: user=0.75 sys=0.00, real=0.21 secs] 
2016-01-06T01:04:53.690-0800: 72.353: [GC pause (young)
Desired survivor size 21495808 bytes, new threshold 15 (max 15)
- age   1:   18724024 bytes,   18724024 total
- age   2:      36864 bytes,   18760888 total
2016-01-06T01:04:53.876-0800: 72.539: [SoftReference, 0 refs, 0.0000420 secs]2016-01-06T01:04:53.876-0800: 72.539: [WeakReference, 0 refs, 0.0000060 secs]2016-01-06T01:04:53.876-0800: 72.539: [FinalReference, 0 refs, 0.0000050 secs]2016-01-06T01:04:53.876-0800: 72.539: [PhantomReference, 0 refs, 10059 refs, 0.0003530 secs]2016-01-06T01:04:53.876-0800: 72.539: [JNI Weak Reference, 0.0000070 secs], 0.1873410 secs]
   [Parallel Time: 3.4 ms, GC Workers: 4]
      [GC Worker Start (ms): Min: 72353.0, Avg: 72353.9, Max: 72356.3, Diff: 3.2]
      [Ext Root Scanning (ms): Min: 0.0, Avg: 0.3, Max: 0.5, Diff: 0.5, Sum: 1.3]
      [SATB Filtering (ms): Min: 0.0, Avg: 0.0, Max: 0.0, Diff: 0.0, Sum: 0.0]
      [Update RS (ms): Min: 0.0, Avg: 0.0, Max: 0.1, Diff: 0.1, Sum: 0.1]
         [Processed Buffers: Min: 0, Avg: 1.2, Max: 3, Diff: 3, Sum: 5]
      [Scan RS (ms): Min: 0.1, Avg: 0.1, Max: 0.2, Diff: 0.2, Sum: 0.6]
      [Code Root Scanning (ms): Min: 0.0, Avg: 0.0, Max: 0.0, Diff: 0.0, Sum: 0.1]
      [Object Copy (ms): Min: 0.0, Avg: 1.8, Max: 2.4, Diff: 2.4, Sum: 7.2]
      [Termination (ms): Min: 0.0, Avg: 0.2, Max: 0.2, Diff: 0.2, Sum: 0.6]
      [GC Worker Other (ms): Min: 0.0, Avg: 0.0, Max: 0.0, Diff: 0.0, Sum: 0.0]
      [GC Worker Total (ms): Min: 0.1, Avg: 2.5, Max: 3.3, Diff: 3.2, Sum: 9.9]
      [GC Worker End (ms): Min: 72356.3, Avg: 72356.3, Max: 72356.4, Diff: 0.0]
   [Code Root Fixup: 0.0 ms]
   [Code Root Migration: 0.0 ms]
   [Clear CT: 0.2 ms]
   [Other: 183.8 ms]
      [Choose CSet: 0.0 ms]
      [Ref Proc: 182.8 ms]
      [Ref Enq: 0.4 ms]
      [Free CSet: 0.5 ms]
   [Eden: 308.0M(308.0M)->0.0B(1296.0M) Survivors: 20.0M->19.0M Heap: 2275.2M(4096.0M)->1965.7M(4096.0M)]
 [Times: user=0.63 sys=0.00, real=0.19 secs] 
2016-01-06T01:04:54.073-0800: 72.736: [GC pause (young)
Desired survivor size 86507520 bytes, new threshold 15 (max 15)
- age   1:   17534368 bytes,   17534368 total
- age   2:      36864 bytes,   17571232 total
2016-01-06T01:04:54.271-0800: 72.934: [SoftReference, 0 refs, 0.0000430 secs]2016-01-06T01:04:54.271-0800: 72.934: [WeakReference, 0 refs, 0.0000070 secs]2016-01-06T01:04:54.271-0800: 72.934: [FinalReference, 0 refs, 0.0000050 secs]2016-01-06T01:04:54.271-0800: 72.934: [PhantomReference, 0 refs, 40683 refs, 0.0013840 secs]2016-01-06T01:04:54.272-0800: 72.935: [JNI Weak Reference, 0.0000090 secs], 0.2033630 secs]
   [Parallel Time: 9.5 ms, GC Workers: 4]
      [GC Worker Start (ms): Min: 72736.1, Avg: 72736.1, Max: 72736.2, Diff: 0.1]
      [Ext Root Scanning (ms): Min: 0.3, Avg: 0.4, Max: 0.4, Diff: 0.1, Sum: 1.4]
      [SATB Filtering (ms): Min: 0.0, Avg: 0.0, Max: 0.0, Diff: 0.0, Sum: 0.0]
      [Update RS (ms): Min: 0.0, Avg: 0.1, Max: 0.2, Diff: 0.2, Sum: 0.2]
         [Processed Buffers: Min: 0, Avg: 0.8, Max: 2, Diff: 2, Sum: 3]
      [Scan RS (ms): Min: 0.5, Avg: 0.6, Max: 0.7, Diff: 0.2, Sum: 2.4]
      [Code Root Scanning (ms): Min: 0.1, Avg: 0.1, Max: 0.1, Diff: 0.0, Sum: 0.3]
      [Object Copy (ms): Min: 8.1, Avg: 8.2, Max: 8.2, Diff: 0.1, Sum: 32.7]
      [Termination (ms): Min: 0.0, Avg: 0.0, Max: 0.0, Diff: 0.0, Sum: 0.0]
      [GC Worker Other (ms): Min: 0.0, Avg: 0.1, Max: 0.1, Diff: 0.1, Sum: 0.2]
      [GC Worker Total (ms): Min: 9.3, Avg: 9.3, Max: 9.4, Diff: 0.1, Sum: 37.3]
      [GC Worker End (ms): Min: 72745.4, Avg: 72745.4, Max: 72745.5, Diff: 0.1]
   [Code Root Fixup: 0.0 ms]
   [Code Root Migration: 0.2 ms]
   [Clear CT: 0.4 ms]
   [Other: 193.3 ms]
      [Choose CSet: 0.0 ms]
      [Ref Proc: 189.9 ms]
      [Ref Enq: 1.9 ms]
      [Free CSet: 1.5 ms]
   [Eden: 1296.0M(1296.0M)->0.0B(706.0M) Survivors: 19.0M->21.0M Heap: 3261.7M(4096.0M)->1968.2M(4096.0M)]
 [Times: user=0.77 sys=0.01, real=0.20 secs] 
2016-01-06T01:04:54.385-0800: 73.048: [GC pause (young)
Desired survivor size 47710208 bytes, new threshold 15 (max 15)
- age   1:   19739584 bytes,   19739584 total
- age   2:      36864 bytes,   19776448 total
2016-01-06T01:04:54.583-0800: 73.246: [SoftReference, 0 refs, 0.0000480 secs]2016-01-06T01:04:54.583-0800: 73.246: [WeakReference, 0 refs, 0.0000070 secs]2016-01-06T01:04:54.583-0800: 73.246: [FinalReference, 0 refs, 0.0000050 secs]2016-01-06T01:04:54.583-0800: 73.246: [PhantomReference, 0 refs, 22396 refs, 0.0007750 secs]2016-01-06T01:04:54.584-0800: 73.247: [JNI Weak Reference, 0.0000070 secs], 0.2009990 secs]
   [Parallel Time: 5.4 ms, GC Workers: 4]
      [GC Worker Start (ms): Min: 73048.4, Avg: 73048.4, Max: 73048.5, Diff: 0.1]
      [Ext Root Scanning (ms): Min: 0.3, Avg: 0.4, Max: 0.4, Diff: 0.1, Sum: 1.4]
      [SATB Filtering (ms): Min: 0.0, Avg: 0.0, Max: 0.0, Diff: 0.0, Sum: 0.0]
      [Update RS (ms): Min: 0.0, Avg: 0.1, Max: 0.2, Diff: 0.2, Sum: 0.2]
         [Processed Buffers: Min: 0, Avg: 1.0, Max: 2, Diff: 2, Sum: 4]
      [Scan RS (ms): Min: 0.2, Avg: 0.3, Max: 0.4, Diff: 0.2, Sum: 1.3]
      [Code Root Scanning (ms): Min: 0.0, Avg: 0.0, Max: 0.0, Diff: 0.0, Sum: 0.2]
      [Object Copy (ms): Min: 4.4, Avg: 4.4, Max: 4.4, Diff: 0.0, Sum: 17.7]
      [Termination (ms): Min: 0.0, Avg: 0.0, Max: 0.0, Diff: 0.0, Sum: 0.0]
      [GC Worker Other (ms): Min: 0.0, Avg: 0.1, Max: 0.1, Diff: 0.0, Sum: 0.2]
      [GC Worker Total (ms): Min: 5.2, Avg: 5.2, Max: 5.3, Diff: 0.1, Sum: 21.0]
      [GC Worker End (ms): Min: 73053.6, Avg: 73053.7, Max: 73053.7, Diff: 0.0]
   [Code Root Fixup: 0.0 ms]
   [Code Root Migration: 0.1 ms]
   [Clear CT: 0.3 ms]
   [Other: 195.3 ms]
      [Choose CSet: 0.0 ms]
      [Ref Proc: 193.3 ms]
      [Ref Enq: 1.0 ms]
      [Free CSet: 0.9 ms]
   [Eden: 706.0M(706.0M)->0.0B(446.0M) Survivors: 21.0M->20.0M Heap: 2674.2M(4096.0M)->1967.2M(4096.0M)]
 [Times: user=0.77 sys=0.00, real=0.20 secs] 
2016-01-06T01:04:54.652-0800: 73.315: [GC pause (young)
Desired survivor size 30932992 bytes, new threshold 15 (max 15)
- age   1:   18422704 bytes,   18422704 total
- age   2:      36864 bytes,   18459568 total
2016-01-06T01:04:54.843-0800: 73.506: [SoftReference, 0 refs, 0.0000480 secs]2016-01-06T01:04:54.843-0800: 73.506: [WeakReference, 0 refs, 0.0000060 secs]2016-01-06T01:04:54.843-0800: 73.506: [FinalReference, 0 refs, 0.0000060 secs]2016-01-06T01:04:54.843-0800: 73.506: [PhantomReference, 0 refs, 14336 refs, 0.0004890 secs]2016-01-06T01:04:54.843-0800: 73.506: [JNI Weak Reference, 0.0000070 secs], 0.1931490 secs]
   [Parallel Time: 4.0 ms, GC Workers: 4]
      [GC Worker Start (ms): Min: 73314.9, Avg: 73315.2, Max: 73315.9, Diff: 1.0]
      [Ext Root Scanning (ms): Min: 0.0, Avg: 0.3, Max: 0.5, Diff: 0.5, Sum: 1.3]
      [SATB Filtering (ms): Min: 0.0, Avg: 0.0, Max: 0.0, Diff: 0.0, Sum: 0.0]
      [Update RS (ms): Min: 0.0, Avg: 0.0, Max: 0.1, Diff: 0.1, Sum: 0.1]
         [Processed Buffers: Min: 0, Avg: 1.0, Max: 2, Diff: 2, Sum: 4]
      [Scan RS (ms): Min: 0.0, Avg: 0.2, Max: 0.3, Diff: 0.2, Sum: 0.7]
      [Code Root Scanning (ms): Min: 0.0, Avg: 0.0, Max: 0.0, Diff: 0.0, Sum: 0.1]
      [Object Copy (ms): Min: 2.8, Avg: 3.0, Max: 3.1, Diff: 0.3, Sum: 12.1]
      [Termination (ms): Min: 0.0, Avg: 0.0, Max: 0.0, Diff: 0.0, Sum: 0.0]
      [GC Worker Other (ms): Min: 0.0, Avg: 0.0, Max: 0.0, Diff: 0.0, Sum: 0.1]
      [GC Worker Total (ms): Min: 2.9, Avg: 3.6, Max: 3.9, Diff: 1.0, Sum: 14.5]
      [GC Worker End (ms): Min: 73318.8, Avg: 73318.8, Max: 73318.8, Diff: 0.0]
   [Code Root Fixup: 0.0 ms]
   [Code Root Migration: 0.1 ms]
   [Clear CT: 0.2 ms]
   [Other: 188.9 ms]
      [Choose CSet: 0.0 ms]
      [Ref Proc: 187.5 ms]
      [Ref Enq: 0.6 ms]
      [Free CSet: 0.6 ms]
   [Eden: 446.0M(446.0M)->0.0B(1021.0M) Survivors: 20.0M->19.0M Heap: 2413.2M(4096.0M)->1966.2M(4096.0M)]
 [Times: user=0.72 sys=0.00, real=0.20 secs] 
2016-01-06T01:04:54.999-0800: 73.662: [GC pause (young)
Desired survivor size 68157440 bytes, new threshold 15 (max 15)
- age   1:   17842384 bytes,   17842384 total
- age   2:      36864 bytes,   17879248 total
2016-01-06T01:04:55.213-0800: 73.876: [SoftReference, 0 refs, 0.0000430 secs]2016-01-06T01:04:55.213-0800: 73.876: [WeakReference, 0 refs, 0.0000060 secs]2016-01-06T01:04:55.213-0800: 73.876: [FinalReference, 0 refs, 0.0000050 secs]2016-01-06T01:04:55.213-0800: 73.876: [PhantomReference, 0 refs, 32161 refs, 0.0011080 secs]2016-01-06T01:04:55.214-0800: 73.877: [JNI Weak Reference, 0.0000070 secs], 0.2176350 secs]
   [Parallel Time: 17.7 ms, GC Workers: 4]
      [GC Worker Start (ms): Min: 73662.4, Avg: 73662.4, Max: 73662.4, Diff: 0.1]
      [Ext Root Scanning (ms): Min: 0.3, Avg: 0.4, Max: 0.4, Diff: 0.1, Sum: 1.4]
      [SATB Filtering (ms): Min: 0.0, Avg: 0.0, Max: 0.0, Diff: 0.0, Sum: 0.0]
      [Update RS (ms): Min: 0.0, Avg: 0.1, Max: 0.2, Diff: 0.2, Sum: 0.2]
         [Processed Buffers: Min: 0, Avg: 1.0, Max: 2, Diff: 2, Sum: 4]
      [Scan RS (ms): Min: 0.4, Avg: 0.5, Max: 0.5, Diff: 0.1, Sum: 1.9]
      [Code Root Scanning (ms): Min: 0.0, Avg: 0.1, Max: 0.1, Diff: 0.0, Sum: 0.2]
      [Object Copy (ms): Min: 7.7, Avg: 9.9, Max: 16.6, Diff: 8.9, Sum: 39.6]
      [Termination (ms): Min: 0.0, Avg: 6.7, Max: 8.9, Diff: 8.9, Sum: 26.7]
      [GC Worker Other (ms): Min: 0.0, Avg: 0.0, Max: 0.1, Diff: 0.1, Sum: 0.2]
      [GC Worker Total (ms): Min: 17.5, Avg: 17.6, Max: 17.6, Diff: 0.0, Sum: 70.2]
      [GC Worker End (ms): Min: 73679.9, Avg: 73679.9, Max: 73680.0, Diff: 0.1]
   [Code Root Fixup: 0.0 ms]
   [Code Root Migration: 0.1 ms]
   [Clear CT: 0.2 ms]
   [Other: 199.6 ms]
      [Choose CSet: 0.0 ms]
      [Ref Proc: 196.9 ms]
      [Ref Enq: 1.5 ms]
      [Free CSet: 1.1 ms]
   [Eden: 1021.0M(1021.0M)->0.0B(183.0M) Survivors: 19.0M->21.0M Heap: 2987.2M(4096.0M)->1967.7M(4096.0M)]
 [Times: user=0.73 sys=0.01, real=0.22 secs] 
2016-01-06T01:04:55.246-0800: 73.909: [GC pause (young)
Desired survivor size 13631488 bytes, new threshold 1 (max 15)
- age   1:   19125784 bytes,   19125784 total
- age   2:      36864 bytes,   19162648 total
2016-01-06T01:04:55.438-0800: 74.101: [SoftReference, 0 refs, 0.0000400 secs]2016-01-06T01:04:55.438-0800: 74.101: [WeakReference, 0 refs, 0.0000060 secs]2016-01-06T01:04:55.438-0800: 74.101: [FinalReference, 0 refs, 0.0000050 secs]2016-01-06T01:04:55.438-0800: 74.101: [PhantomReference, 0 refs, 6183 refs, 0.0002240 secs]2016-01-06T01:04:55.439-0800: 74.102: [JNI Weak Reference, 0.0000070 secs], 0.1935550 secs]
   [Parallel Time: 3.2 ms, GC Workers: 4]
      [GC Worker Start (ms): Min: 73908.8, Avg: 73909.6, Max: 73911.8, Diff: 2.9]
      [Ext Root Scanning (ms): Min: 0.0, Avg: 0.3, Max: 0.5, Diff: 0.4, Sum: 1.3]
      [SATB Filtering (ms): Min: 0.0, Avg: 0.0, Max: 0.0, Diff: 0.0, Sum: 0.0]
      [Update RS (ms): Min: 0.0, Avg: 0.0, Max: 0.1, Diff: 0.1, Sum: 0.1]
         [Processed Buffers: Min: 0, Avg: 1.0, Max: 2, Diff: 2, Sum: 4]
      [Scan RS (ms): Min: 0.0, Avg: 0.1, Max: 0.1, Diff: 0.1, Sum: 0.3]
      [Code Root Scanning (ms): Min: 0.0, Avg: 0.0, Max: 0.0, Diff: 0.0, Sum: 0.0]
      [Object Copy (ms): Min: 0.0, Avg: 1.6, Max: 2.2, Diff: 2.2, Sum: 6.5]
      [Termination (ms): Min: 0.0, Avg: 0.2, Max: 0.2, Diff: 0.2, Sum: 0.6]
      [GC Worker Other (ms): Min: 0.0, Avg: 0.0, Max: 0.0, Diff: 0.0, Sum: 0.0]
      [GC Worker Total (ms): Min: 0.1, Avg: 2.2, Max: 3.0, Diff: 3.0, Sum: 9.0]
      [GC Worker End (ms): Min: 73911.8, Avg: 73911.8, Max: 73911.8, Diff: 0.0]
   [Code Root Fixup: 0.0 ms]
   [Code Root Migration: 0.0 ms]
   [Clear CT: 0.1 ms]
   [Other: 190.2 ms]
      [Choose CSet: 0.0 ms]
      [Ref Proc: 189.6 ms]
      [Ref Enq: 0.3 ms]
      [Free CSet: 0.3 ms]
   [Eden: 183.0M(183.0M)->0.0B(185.0M) Survivors: 21.0M->19.0M Heap: 2150.7M(4096.0M)->1965.7M(4096.0M)]
 [Times: user=0.75 sys=0.00, real=0.19 secs] 
2016-01-06T01:04:55.466-0800: 74.128: [GC pause (young)
Desired survivor size 13631488 bytes, new threshold 1 (max 15)
- age   1:   17255368 bytes,   17255368 total
2016-01-06T01:04:55.657-0800: 74.320: [SoftReference, 0 refs, 0.0000440 secs]2016-01-06T01:04:55.657-0800: 74.320: [WeakReference, 0 refs, 0.0000070 secs]2016-01-06T01:04:55.657-0800: 74.320: [FinalReference, 0 refs, 0.0000050 secs]2016-01-06T01:04:55.657-0800: 74.320: [PhantomReference, 0 refs, 6246 refs, 0.0002350 secs]2016-01-06T01:04:55.657-0800: 74.320: [JNI Weak Reference, 0.0000070 secs], 0.1922060 secs]
   [Parallel Time: 2.8 ms, GC Workers: 4]
      [GC Worker Start (ms): Min: 74128.5, Avg: 74128.6, Max: 74128.6, Diff: 0.1]
      [Ext Root Scanning (ms): Min: 0.3, Avg: 0.4, Max: 0.4, Diff: 0.1, Sum: 1.4]
      [SATB Filtering (ms): Min: 0.0, Avg: 0.0, Max: 0.0, Diff: 0.0, Sum: 0.0]
      [Update RS (ms): Min: 0.0, Avg: 0.1, Max: 0.2, Diff: 0.2, Sum: 0.3]
         [Processed Buffers: Min: 0, Avg: 0.8, Max: 1, Diff: 1, Sum: 3]
      [Scan RS (ms): Min: 0.0, Avg: 0.1, Max: 0.1, Diff: 0.1, Sum: 0.3]
      [Code Root Scanning (ms): Min: 0.0, Avg: 0.0, Max: 0.0, Diff: 0.0, Sum: 0.0]
      [Object Copy (ms): Min: 2.1, Avg: 2.1, Max: 2.1, Diff: 0.0, Sum: 8.4]
      [Termination (ms): Min: 0.0, Avg: 0.0, Max: 0.0, Diff: 0.0, Sum: 0.0]
      [GC Worker Other (ms): Min: 0.0, Avg: 0.0, Max: 0.0, Diff: 0.0, Sum: 0.1]
      [GC Worker Total (ms): Min: 2.6, Avg: 2.7, Max: 2.7, Diff: 0.1, Sum: 10.6]
      [GC Worker End (ms): Min: 74131.2, Avg: 74131.2, Max: 74131.2, Diff: 0.0]
   [Code Root Fixup: 0.0 ms]
   [Code Root Migration: 0.0 ms]
   [Clear CT: 0.2 ms]
   [Other: 189.2 ms]
      [Choose CSet: 0.0 ms]
      [Ref Proc: 188.5 ms]
      [Ref Enq: 0.3 ms]
      [Free CSet: 0.3 ms]
   [Eden: 185.0M(185.0M)->0.0B(739.0M) Survivors: 19.0M->17.0M Heap: 2150.7M(4096.0M)->1963.8M(4096.0M)]
 [Times: user=0.73 sys=0.00, real=0.19 secs] 
2016-01-06T01:04:55.723-0800: 74.386: [GC concurrent-mark-end, 14.4785600 secs]
2016-01-06T01:04:55.724-0800: 74.386: [GC remark 2016-01-06T01:04:55.724-0800: 74.387: [GC ref-proc2016-01-06T01:04:55.724-0800: 74.387: [SoftReference, 0 refs, 0.0000190 secs]2016-01-06T01:04:55.724-0800: 74.387: [WeakReference, 3 refs, 0.0000130 secs]2016-01-06T01:04:55.724-0800: 74.387: [FinalReference, 4 refs, 0.0000130 secs]2016-01-06T01:04:55.724-0800: 74.387: [PhantomReference, 0 refs, 10482437 refs, 1.5889970 secs]2016-01-06T01:04:57.313-0800: 75.976: [JNI Weak Reference, 0.0000200 secs], 1.5891230 secs], 1.5973700 secs]
 [Times: user=1.10 sys=0.53, real=1.60 secs] 
2016-01-06T01:04:57.321-0800: 75.984: [GC cleanup 2433M->2432M(4096M), 0.0050760 secs]
 [Times: user=0.01 sys=0.00, real=0.01 secs] 
2016-01-06T01:04:57.327-0800: 75.989: [GC concurrent-cleanup-start]
2016-01-06T01:04:57.327-0800: 75.989: [GC concurrent-cleanup-end, 0.0000180 secs]
2016-01-06T01:04:57.365-0800: 76.028: [GC pause (young)
Desired survivor size 49807360 bytes, new threshold 15 (max 15)
- age   1:   15749560 bytes,   15749560 total
2016-01-06T01:04:57.371-0800: 76.034: [SoftReference, 0 refs, 0.0000550 secs]2016-01-06T01:04:57.371-0800: 76.034: [WeakReference, 0 refs, 0.0000070 secs]2016-01-06T01:04:57.371-0800: 76.034: [FinalReference, 0 refs, 0.0000050 secs]2016-01-06T01:04:57.371-0800: 76.034: [PhantomReference, 0 refs, 23419 refs, 0.0005910 secs]2016-01-06T01:04:57.372-0800: 76.035: [JNI Weak Reference, 0.0000070 secs], 0.0084060 secs]
   [Parallel Time: 5.8 ms, GC Workers: 4]
      [GC Worker Start (ms): Min: 76028.0, Avg: 76028.1, Max: 76028.1, Diff: 0.1]
      [Ext Root Scanning (ms): Min: 0.3, Avg: 0.4, Max: 0.4, Diff: 0.1, Sum: 1.5]
      [Update RS (ms): Min: 0.0, Avg: 0.1, Max: 0.2, Diff: 0.2, Sum: 0.3]
         [Processed Buffers: Min: 0, Avg: 1.2, Max: 3, Diff: 3, Sum: 5]
      [Scan RS (ms): Min: 0.3, Avg: 0.3, Max: 0.4, Diff: 0.1, Sum: 1.4]
      [Code Root Scanning (ms): Min: 0.0, Avg: 0.0, Max: 0.0, Diff: 0.0, Sum: 0.1]
      [Object Copy (ms): Min: 4.7, Avg: 4.7, Max: 4.7, Diff: 0.0, Sum: 18.9]
      [Termination (ms): Min: 0.0, Avg: 0.0, Max: 0.0, Diff: 0.0, Sum: 0.0]
      [GC Worker Other (ms): Min: 0.0, Avg: 0.1, Max: 0.1, Diff: 0.1, Sum: 0.2]
      [GC Worker Total (ms): Min: 5.6, Avg: 5.6, Max: 5.7, Diff: 0.1, Sum: 22.5]
      [GC Worker End (ms): Min: 76033.6, Avg: 76033.7, Max: 76033.7, Diff: 0.1]
   [Code Root Fixup: 0.0 ms]
   [Code Root Migration: 0.1 ms]
   [Clear CT: 0.3 ms]
   [Other: 2.2 ms]
      [Choose CSet: 0.0 ms]
      [Ref Proc: 0.8 ms]
      [Ref Enq: 0.4 ms]
      [Free CSet: 0.9 ms]
   [Eden: 739.0M(739.0M)->0.0B(1691.0M) Survivors: 17.0M->20.0M Heap: 2701.8M(4096.0M)->1966.3M(4096.0M)]
 [Times: user=0.02 sys=0.00, real=0.00 secs] 
2016-01-06T01:04:57.611-0800: 76.274: [GC pause (young)
Desired survivor size 112197632 bytes, new threshold 15 (max 15)
- age   1:   18496360 bytes,   18496360 total
- age   2:      36864 bytes,   18533224 total
2016-01-06T01:04:57.623-0800: 76.285: [SoftReference, 0 refs, 0.0000440 secs]2016-01-06T01:04:57.623-0800: 76.286: [WeakReference, 0 refs, 0.0000060 secs]2016-01-06T01:04:57.623-0800: 76.286: [FinalReference, 0 refs, 0.0000060 secs]2016-01-06T01:04:57.623-0800: 76.286: [PhantomReference, 0 refs, 52932 refs, 0.0014810 secs]2016-01-06T01:04:57.624-0800: 76.287: [JNI Weak Reference, 0.0000070 secs], 0.0166120 secs]
   [Parallel Time: 11.3 ms, GC Workers: 4]
      [GC Worker Start (ms): Min: 76274.0, Avg: 76275.5, Max: 76279.9, Diff: 6.0]
      [Ext Root Scanning (ms): Min: 0.0, Avg: 0.3, Max: 0.5, Diff: 0.4, Sum: 1.3]
      [Update RS (ms): Min: 0.0, Avg: 0.0, Max: 0.1, Diff: 0.1, Sum: 0.1]
         [Processed Buffers: Min: 0, Avg: 1.0, Max: 3, Diff: 3, Sum: 4]
      [Scan RS (ms): Min: 0.4, Avg: 0.8, Max: 0.9, Diff: 0.6, Sum: 3.1]
      [Code Root Scanning (ms): Min: 0.0, Avg: 0.1, Max: 0.1, Diff: 0.1, Sum: 0.3]
      [Object Copy (ms): Min: 4.8, Avg: 8.4, Max: 9.6, Diff: 4.9, Sum: 33.5]
      [Termination (ms): Min: 0.0, Avg: 0.0, Max: 0.0, Diff: 0.0, Sum: 0.1]
      [GC Worker Other (ms): Min: 0.0, Avg: 0.1, Max: 0.1, Diff: 0.0, Sum: 0.2]
      [GC Worker Total (ms): Min: 5.2, Avg: 9.7, Max: 11.2, Diff: 5.9, Sum: 38.7]
      [GC Worker End (ms): Min: 76285.1, Avg: 76285.2, Max: 76285.2, Diff: 0.0]
   [Code Root Fixup: 0.0 ms]
   [Code Root Migration: 0.2 ms]
   [Clear CT: 0.4 ms]
   [Other: 4.7 ms]
      [Choose CSet: 0.0 ms]
      [Ref Proc: 1.8 ms]
      [Ref Enq: 1.0 ms]
      [Free CSet: 1.8 ms]
   [Eden: 1691.0M(1691.0M)->0.0B(1690.0M) Survivors: 20.0M->22.0M Heap: 3657.3M(4096.0M)->1967.8M(4096.0M)]
 [Times: user=0.04 sys=0.00, real=0.02 secs] 
2016-01-06T01:04:57.868-0800: 76.531: [GC pause (young) (initial-mark)
Desired survivor size 112197632 bytes, new threshold 15 (max 15)
- age   1:   20621224 bytes,   20621224 total
- age   2:      36864 bytes,   20658088 total
2016-01-06T01:04:57.885-0800: 76.548: [SoftReference, 0 refs, 0.0000450 secs]2016-01-06T01:04:57.885-0800: 76.548: [WeakReference, 0 refs, 0.0000070 secs]2016-01-06T01:04:57.885-0800: 76.548: [FinalReference, 0 refs, 0.0000050 secs]2016-01-06T01:04:57.885-0800: 76.548: [PhantomReference, 0 refs, 52902 refs, 0.0020450 secs]2016-01-06T01:04:57.888-0800: 76.550: [JNI Weak Reference, 0.0000130 secs], 0.0245470 secs]
   [Parallel Time: 16.3 ms, GC Workers: 4]
      [GC Worker Start (ms): Min: 76531.7, Avg: 76532.0, Max: 76532.6, Diff: 0.9]
      [Ext Root Scanning (ms): Min: 0.0, Avg: 0.8, Max: 2.2, Diff: 2.2, Sum: 3.1]
      [Code Root Marking (ms): Min: 0.1, Avg: 0.2, Max: 0.4, Diff: 0.3, Sum: 0.9]
      [Update RS (ms): Min: 0.0, Avg: 0.1, Max: 0.3, Diff: 0.3, Sum: 0.3]
         [Processed Buffers: Min: 0, Avg: 1.0, Max: 2, Diff: 2, Sum: 4]
      [Scan RS (ms): Min: 0.3, Avg: 1.1, Max: 2.2, Diff: 1.9, Sum: 4.2]
      [Code Root Scanning (ms): Min: 0.0, Avg: 0.1, Max: 0.1, Diff: 0.1, Sum: 0.3]
      [Object Copy (ms): Min: 11.6, Avg: 12.7, Max: 14.1, Diff: 2.5, Sum: 50.8]
      [Termination (ms): Min: 0.0, Avg: 0.1, Max: 0.1, Diff: 0.1, Sum: 0.4]
      [GC Worker Other (ms): Min: 0.0, Avg: 0.0, Max: 0.0, Diff: 0.0, Sum: 0.1]
      [GC Worker Total (ms): Min: 14.4, Avg: 15.0, Max: 15.3, Diff: 0.8, Sum: 60.0]
      [GC Worker End (ms): Min: 76547.0, Avg: 76547.0, Max: 76547.0, Diff: 0.0]
   [Code Root Fixup: 0.0 ms]
   [Code Root Migration: 0.3 ms]
   [Clear CT: 0.7 ms]
   [Other: 7.3 ms]
      [Choose CSet: 0.0 ms]
      [Ref Proc: 2.5 ms]
      [Ref Enq: 1.5 ms]
      [Free CSet: 2.4 ms]
   [Eden: 1690.0M(1690.0M)->0.0B(1703.0M) Survivors: 22.0M->11.0M Heap: 3657.8M(4096.0M)->1956.8M(4096.0M)]
 [Times: user=0.05 sys=0.00, real=0.02 secs] 
2016-01-06T01:04:57.893-0800: 76.556: [GC concurrent-root-region-scan-start]
2016-01-06T01:04:57.900-0800: 76.563: [GC concurrent-root-region-scan-end, 0.0072810 secs]
2016-01-06T01:04:57.900-0800: 76.563: [GC concurrent-mark-start]
2016-01-06T01:04:58.432-0800: 77.095: [GC pause (young)
Desired survivor size 112721920 bytes, new threshold 15 (max 15)
- age   1:    9915760 bytes,    9915760 total
- age   2:      36864 bytes,    9952624 total
2016-01-06T01:04:58.459-0800: 77.122: [SoftReference, 0 refs, 0.0000510 secs]2016-01-06T01:04:58.459-0800: 77.122: [WeakReference, 0 refs, 0.0000070 secs]2016-01-06T01:04:58.459-0800: 77.122: [FinalReference, 0 refs, 0.0000060 secs]2016-01-06T01:04:58.459-0800: 77.122: [PhantomReference, 0 refs, 53304 refs, 0.0017510 secs]2016-01-06T01:04:58.461-0800: 77.123: [JNI Weak Reference, 0.0000070 secs], 0.0337040 secs]
   [Parallel Time: 23.1 ms, GC Workers: 4]
      [GC Worker Start (ms): Min: 77094.9, Avg: 77094.9, Max: 77094.9, Diff: 0.1]
      [Ext Root Scanning (ms): Min: 0.3, Avg: 0.4, Max: 0.4, Diff: 0.1, Sum: 1.4]
      [SATB Filtering (ms): Min: 0.0, Avg: 0.0, Max: 0.0, Diff: 0.0, Sum: 0.0]
      [Update RS (ms): Min: 10.6, Avg: 10.7, Max: 10.9, Diff: 0.3, Sum: 42.9]
         [Processed Buffers: Min: 15, Avg: 16.2, Max: 18, Diff: 3, Sum: 65]
      [Scan RS (ms): Min: 0.6, Avg: 0.7, Max: 0.9, Diff: 0.2, Sum: 3.0]
      [Code Root Scanning (ms): Min: 0.0, Avg: 0.1, Max: 0.1, Diff: 0.1, Sum: 0.3]
      [Object Copy (ms): Min: 10.9, Avg: 11.0, Max: 11.0, Diff: 0.1, Sum: 43.8]
      [Termination (ms): Min: 0.0, Avg: 0.0, Max: 0.0, Diff: 0.0, Sum: 0.0]
      [GC Worker Other (ms): Min: 0.0, Avg: 0.1, Max: 0.1, Diff: 0.1, Sum: 0.3]
      [GC Worker Total (ms): Min: 22.9, Avg: 22.9, Max: 23.0, Diff: 0.0, Sum: 91.7]
      [GC Worker End (ms): Min: 77117.8, Avg: 77117.8, Max: 77117.9, Diff: 0.1]
   [Code Root Fixup: 0.0 ms]
   [Code Root Migration: 0.2 ms]
   [Clear CT: 0.5 ms]
   [Other: 9.9 ms]
      [Choose CSet: 0.0 ms]
      [Ref Proc: 5.6 ms]
      [Ref Enq: 2.4 ms]
      [Free CSet: 1.8 ms]
   [Eden: 1703.0M(1703.0M)->0.0B(1692.0M) Survivors: 11.0M->22.0M Heap: 3659.8M(4096.0M)->1968.3M(4096.0M)]
 [Times: user=0.12 sys=0.00, real=0.04 secs] 
2016-01-06T01:04:58.729-0800: 77.392: [GC pause (young)
Desired survivor size 112721920 bytes, new threshold 15 (max 15)
- age   1:   20648008 bytes,   20648008 total
- age   2:      36864 bytes,   20684872 total
2016-01-06T01:04:58.784-0800: 77.447: [SoftReference, 0 refs, 0.0000500 secs]2016-01-06T01:04:58.784-0800: 77.447: [WeakReference, 0 refs, 0.0000220 secs]2016-01-06T01:04:58.784-0800: 77.447: [FinalReference, 0 refs, 0.0000060 secs]2016-01-06T01:04:58.784-0800: 77.447: [PhantomReference, 0 refs, 52962 refs, 0.0017940 secs]2016-01-06T01:04:58.786-0800: 77.449: [JNI Weak Reference, 0.0000070 secs], 0.0622360 secs]
   [Parallel Time: 35.3 ms, GC Workers: 4]
      [GC Worker Start (ms): Min: 77391.9, Avg: 77391.9, Max: 77391.9, Diff: 0.1]
      [Ext Root Scanning (ms): Min: 0.3, Avg: 0.4, Max: 0.4, Diff: 0.1, Sum: 1.5]
      [SATB Filtering (ms): Min: 0.0, Avg: 0.0, Max: 0.0, Diff: 0.0, Sum: 0.0]
      [Update RS (ms): Min: 23.1, Avg: 23.2, Max: 23.2, Diff: 0.1, Sum: 92.7]
         [Processed Buffers: Min: 33, Avg: 33.5, Max: 34, Diff: 1, Sum: 134]
      [Scan RS (ms): Min: 0.7, Avg: 0.8, Max: 0.9, Diff: 0.1, Sum: 3.3]
      [Code Root Scanning (ms): Min: 0.1, Avg: 0.1, Max: 0.1, Diff: 0.0, Sum: 0.3]
      [Object Copy (ms): Min: 10.7, Avg: 10.7, Max: 10.7, Diff: 0.0, Sum: 42.9]
      [Termination (ms): Min: 0.0, Avg: 0.0, Max: 0.0, Diff: 0.0, Sum: 0.0]
      [GC Worker Other (ms): Min: 0.0, Avg: 0.1, Max: 0.1, Diff: 0.1, Sum: 0.3]
      [GC Worker Total (ms): Min: 35.2, Avg: 35.2, Max: 35.2, Diff: 0.1, Sum: 140.9]
      [GC Worker End (ms): Min: 77427.1, Avg: 77427.1, Max: 77427.1, Diff: 0.1]
   [Code Root Fixup: 0.0 ms]
   [Code Root Migration: 0.2 ms]
   [Clear CT: 0.5 ms]
   [Other: 26.2 ms]
      [Choose CSet: 0.0 ms]
      [Ref Proc: 21.9 ms]
      [Ref Enq: 2.4 ms]
      [Free CSet: 1.8 ms]
   [Eden: 1692.0M(1692.0M)->0.0B(1692.0M) Survivors: 22.0M->22.0M Heap: 3660.3M(4096.0M)->1968.3M(4096.0M)]
 [Times: user=0.22 sys=0.00, real=0.06 secs] 
2016-01-06T01:04:59.051-0800: 77.714: [GC pause (young)
Desired survivor size 112721920 bytes, new threshold 15 (max 15)
- age   1:   20623456 bytes,   20623456 total
- age   2:      36864 bytes,   20660320 total
2016-01-06T01:04:59.137-0800: 77.800: [SoftReference, 0 refs, 0.0000440 secs]2016-01-06T01:04:59.137-0800: 77.800: [WeakReference, 0 refs, 0.0000070 secs]2016-01-06T01:04:59.137-0800: 77.800: [FinalReference, 0 refs, 0.0000050 secs]2016-01-06T01:04:59.137-0800: 77.800: [PhantomReference, 0 refs, 52960 refs, 0.0018970 secs]2016-01-06T01:04:59.139-0800: 77.802: [JNI Weak Reference, 0.0000090 secs], 0.0925290 secs]
   [Parallel Time: 36.0 ms, GC Workers: 4]
      [GC Worker Start (ms): Min: 77714.1, Avg: 77714.2, Max: 77714.2, Diff: 0.1]
      [Ext Root Scanning (ms): Min: 0.3, Avg: 0.4, Max: 0.4, Diff: 0.1, Sum: 1.4]
      [SATB Filtering (ms): Min: 0.0, Avg: 0.0, Max: 0.0, Diff: 0.0, Sum: 0.0]
      [Update RS (ms): Min: 16.0, Avg: 16.4, Max: 16.7, Diff: 0.7, Sum: 65.5]
         [Processed Buffers: Min: 21, Avg: 22.0, Max: 23, Diff: 2, Sum: 88]
      [Scan RS (ms): Min: 0.6, Avg: 0.8, Max: 1.1, Diff: 0.5, Sum: 3.3]
      [Code Root Scanning (ms): Min: 0.1, Avg: 0.1, Max: 0.1, Diff: 0.1, Sum: 0.4]
      [Object Copy (ms): Min: 11.9, Avg: 13.5, Max: 18.2, Diff: 6.3, Sum: 53.9]
      [Termination (ms): Min: 0.0, Avg: 4.7, Max: 6.3, Diff: 6.3, Sum: 18.8]
      [GC Worker Other (ms): Min: 0.0, Avg: 0.0, Max: 0.1, Diff: 0.0, Sum: 0.1]
      [GC Worker Total (ms): Min: 35.8, Avg: 35.9, Max: 35.9, Diff: 0.1, Sum: 143.4]
      [GC Worker End (ms): Min: 77750.0, Avg: 77750.0, Max: 77750.0, Diff: 0.0]
   [Code Root Fixup: 0.0 ms]
   [Code Root Migration: 0.2 ms]
   [Clear CT: 0.5 ms]
   [Other: 55.9 ms]
      [Choose CSet: 0.0 ms]
      [Ref Proc: 51.6 ms]
      [Ref Enq: 2.4 ms]
      [Free CSet: 1.8 ms]
   [Eden: 1692.0M(1692.0M)->0.0B(1693.0M) Survivors: 22.0M->22.0M Heap: 3660.3M(4096.0M)->1968.3M(4096.0M)]
 [Times: user=0.25 sys=0.00, real=0.09 secs] 
2016-01-06T01:04:59.404-0800: 78.067: [GC pause (young)
Desired survivor size 112721920 bytes, new threshold 15 (max 15)
- age   1:   20623456 bytes,   20623456 total
- age   2:      36864 bytes,   20660320 total
2016-01-06T01:04:59.481-0800: 78.144: [SoftReference, 0 refs, 0.0000430 secs]2016-01-06T01:04:59.481-0800: 78.144: [WeakReference, 0 refs, 0.0000060 secs]2016-01-06T01:04:59.481-0800: 78.144: [FinalReference, 0 refs, 0.0000050 secs]2016-01-06T01:04:59.481-0800: 78.144: [PhantomReference, 0 refs, 52993 refs, 0.0019530 secs]2016-01-06T01:04:59.483-0800: 78.146: [JNI Weak Reference, 0.0000090 secs], 0.0839250 secs]
   [Parallel Time: 34.5 ms, GC Workers: 4]
      [GC Worker Start (ms): Min: 78066.8, Avg: 78066.9, Max: 78066.9, Diff: 0.1]
      [Ext Root Scanning (ms): Min: 0.3, Avg: 0.4, Max: 0.4, Diff: 0.1, Sum: 1.5]
      [SATB Filtering (ms): Min: 0.0, Avg: 0.0, Max: 0.0, Diff: 0.0, Sum: 0.0]
      [Update RS (ms): Min: 20.3, Avg: 20.5, Max: 20.8, Diff: 0.4, Sum: 82.1]
         [Processed Buffers: Min: 28, Avg: 28.5, Max: 29, Diff: 1, Sum: 114]
      [Scan RS (ms): Min: 0.6, Avg: 0.8, Max: 1.0, Diff: 0.4, Sum: 3.3]
      [Code Root Scanning (ms): Min: 0.1, Avg: 0.1, Max: 0.1, Diff: 0.0, Sum: 0.3]
      [Object Copy (ms): Min: 11.3, Avg: 11.7, Max: 12.6, Diff: 1.3, Sum: 46.6]
      [Termination (ms): Min: 0.0, Avg: 0.9, Max: 1.3, Diff: 1.3, Sum: 3.8]
      [GC Worker Other (ms): Min: 0.0, Avg: 0.0, Max: 0.0, Diff: 0.0, Sum: 0.1]
      [GC Worker Total (ms): Min: 34.4, Avg: 34.4, Max: 34.4, Diff: 0.0, Sum: 137.7]
      [GC Worker End (ms): Min: 78101.3, Avg: 78101.3, Max: 78101.3, Diff: 0.0]
   [Code Root Fixup: 0.0 ms]
   [Code Root Migration: 0.2 ms]
   [Clear CT: 0.4 ms]
   [Other: 48.7 ms]
      [Choose CSet: 0.0 ms]
      [Ref Proc: 44.2 ms]
      [Ref Enq: 2.5 ms]
      [Free CSet: 2.0 ms]
   [Eden: 1693.0M(1693.0M)->0.0B(1695.0M) Survivors: 22.0M->20.0M Heap: 3661.3M(4096.0M)->1965.8M(4096.0M)]
 [Times: user=0.31 sys=0.00, real=0.09 secs] 
2016-01-06T01:04:59.729-0800: 78.392: [GC pause (young)
Desired survivor size 112721920 bytes, new threshold 15 (max 15)
- age   1:   18458776 bytes,   18458776 total
- age   2:      36864 bytes,   18495640 total
2016-01-06T01:04:59.818-0800: 78.481: [SoftReference, 0 refs, 0.0000400 secs]2016-01-06T01:04:59.819-0800: 78.481: [WeakReference, 0 refs, 0.0000060 secs]2016-01-06T01:04:59.819-0800: 78.481: [FinalReference, 0 refs, 0.0000050 secs]2016-01-06T01:04:59.819-0800: 78.481: [PhantomReference, 0 refs, 53054 refs, 0.0017840 secs]2016-01-06T01:04:59.820-0800: 78.483: [JNI Weak Reference, 0.0000080 secs], 0.0961260 secs]
   [Parallel Time: 31.2 ms, GC Workers: 4]
      [GC Worker Start (ms): Min: 78392.2, Avg: 78392.3, Max: 78392.3, Diff: 0.1]
      [Ext Root Scanning (ms): Min: 0.3, Avg: 0.4, Max: 0.4, Diff: 0.1, Sum: 1.4]
      [SATB Filtering (ms): Min: 0.0, Avg: 0.0, Max: 0.0, Diff: 0.0, Sum: 0.0]
      [Update RS (ms): Min: 19.0, Avg: 19.1, Max: 19.3, Diff: 0.3, Sum: 76.5]
         [Processed Buffers: Min: 26, Avg: 26.8, Max: 27, Diff: 1, Sum: 107]
      [Scan RS (ms): Min: 0.7, Avg: 0.8, Max: 0.9, Diff: 0.2, Sum: 3.2]
      [Code Root Scanning (ms): Min: 0.1, Avg: 0.1, Max: 0.1, Diff: 0.1, Sum: 0.4]
      [Object Copy (ms): Min: 10.6, Avg: 10.7, Max: 10.7, Diff: 0.0, Sum: 42.6]
      [Termination (ms): Min: 0.0, Avg: 0.0, Max: 0.0, Diff: 0.0, Sum: 0.0]
      [GC Worker Other (ms): Min: 0.0, Avg: 0.1, Max: 0.1, Diff: 0.0, Sum: 0.2]
      [GC Worker Total (ms): Min: 31.1, Avg: 31.1, Max: 31.1, Diff: 0.1, Sum: 124.4]
      [GC Worker End (ms): Min: 78423.3, Avg: 78423.4, Max: 78423.4, Diff: 0.0]
   [Code Root Fixup: 0.0 ms]
   [Code Root Migration: 0.3 ms]
   [Clear CT: 0.5 ms]
   [Other: 64.2 ms]
      [Choose CSet: 0.0 ms]
      [Ref Proc: 59.8 ms]
      [Ref Enq: 2.4 ms]
      [Free CSet: 1.8 ms]
   [Eden: 1695.0M(1695.0M)->0.0B(1693.0M) Survivors: 20.0M->22.0M Heap: 3660.8M(4096.0M)->1968.3M(4096.0M)]
 [Times: user=0.34 sys=0.00, real=0.10 secs] 
2016-01-06T01:05:00.070-0800: 78.733: [GC pause (young)
Desired survivor size 112721920 bytes, new threshold 15 (max 15)
- age   1:   20630152 bytes,   20630152 total
- age   2:      36864 bytes,   20667016 total
2016-01-06T01:05:00.170-0800: 78.832: [SoftReference, 0 refs, 0.0000360 secs]2016-01-06T01:05:00.170-0800: 78.832: [WeakReference, 0 refs, 0.0000060 secs]2016-01-06T01:05:00.170-0800: 78.832: [FinalReference, 0 refs, 0.0000050 secs]2016-01-06T01:05:00.170-0800: 78.833: [PhantomReference, 0 refs, 52991 refs, 0.0018040 secs]2016-01-06T01:05:00.171-0800: 78.834: [JNI Weak Reference, 0.0000200 secs], 0.1065820 secs]
   [Parallel Time: 29.7 ms, GC Workers: 4]
      [GC Worker Start (ms): Min: 78732.8, Avg: 78733.7, Max: 78735.9, Diff: 3.1]
      [Ext Root Scanning (ms): Min: 0.0, Avg: 0.3, Max: 0.6, Diff: 0.5, Sum: 1.2]
      [SATB Filtering (ms): Min: 0.0, Avg: 0.0, Max: 0.0, Diff: 0.0, Sum: 0.0]
      [Update RS (ms): Min: 14.0, Avg: 16.0, Max: 17.0, Diff: 2.9, Sum: 64.1]
         [Processed Buffers: Min: 19, Avg: 22.0, Max: 25, Diff: 6, Sum: 88]
      [Scan RS (ms): Min: 0.5, Avg: 0.8, Max: 0.9, Diff: 0.4, Sum: 3.2]
      [Code Root Scanning (ms): Min: 0.0, Avg: 0.1, Max: 0.1, Diff: 0.1, Sum: 0.4]
      [Object Copy (ms): Min: 11.4, Avg: 11.4, Max: 11.4, Diff: 0.0, Sum: 45.6]
      [Termination (ms): Min: 0.0, Avg: 0.0, Max: 0.0, Diff: 0.0, Sum: 0.0]
      [GC Worker Other (ms): Min: 0.0, Avg: 0.1, Max: 0.1, Diff: 0.0, Sum: 0.2]
      [GC Worker Total (ms): Min: 26.5, Avg: 28.7, Max: 29.6, Diff: 3.1, Sum: 114.7]
      [GC Worker End (ms): Min: 78762.4, Avg: 78762.4, Max: 78762.4, Diff: 0.0]
   [Code Root Fixup: 0.0 ms]
   [Code Root Migration: 0.2 ms]
   [Clear CT: 0.4 ms]
   [Other: 76.3 ms]
      [Choose CSet: 0.0 ms]
      [Ref Proc: 71.9 ms]
      [Ref Enq: 2.4 ms]
      [Free CSet: 1.9 ms]
   [Eden: 1693.0M(1693.0M)->0.0B(1693.0M) Survivors: 22.0M->22.0M Heap: 3661.3M(4096.0M)->1968.3M(4096.0M)]
 [Times: user=0.38 sys=0.00, real=0.10 secs] 
2016-01-06T01:05:00.431-0800: 79.093: [GC pause (young)
Desired survivor size 112721920 bytes, new threshold 15 (max 15)
- age   1:   20625688 bytes,   20625688 total
- age   2:      36864 bytes,   20662552 total
2016-01-06T01:05:00.540-0800: 79.203: [SoftReference, 0 refs, 0.0000460 secs]2016-01-06T01:05:00.540-0800: 79.203: [WeakReference, 0 refs, 0.0000060 secs]2016-01-06T01:05:00.540-0800: 79.203: [FinalReference, 0 refs, 0.0000050 secs]2016-01-06T01:05:00.540-0800: 79.203: [PhantomReference, 0 refs, 52993 refs, 0.0018170 secs]2016-01-06T01:05:00.542-0800: 79.205: [JNI Weak Reference, 0.0000080 secs], 0.1166710 secs]
   [Parallel Time: 30.3 ms, GC Workers: 4]
      [GC Worker Start (ms): Min: 79093.5, Avg: 79093.5, Max: 79093.6, Diff: 0.1]
      [Ext Root Scanning (ms): Min: 0.3, Avg: 0.4, Max: 0.4, Diff: 0.1, Sum: 1.4]
      [SATB Filtering (ms): Min: 0.0, Avg: 0.0, Max: 0.0, Diff: 0.0, Sum: 0.0]
      [Update RS (ms): Min: 18.1, Avg: 18.3, Max: 18.4, Diff: 0.3, Sum: 73.1]
         [Processed Buffers: Min: 24, Avg: 25.0, Max: 26, Diff: 2, Sum: 100]
      [Scan RS (ms): Min: 0.7, Avg: 0.8, Max: 0.9, Diff: 0.3, Sum: 3.1]
      [Code Root Scanning (ms): Min: 0.1, Avg: 0.1, Max: 0.1, Diff: 0.0, Sum: 0.4]
      [Object Copy (ms): Min: 10.6, Avg: 10.6, Max: 10.7, Diff: 0.1, Sum: 42.5]
      [Termination (ms): Min: 0.0, Avg: 0.0, Max: 0.0, Diff: 0.0, Sum: 0.0]
      [GC Worker Other (ms): Min: 0.0, Avg: 0.1, Max: 0.1, Diff: 0.1, Sum: 0.2]
      [GC Worker Total (ms): Min: 30.2, Avg: 30.2, Max: 30.3, Diff: 0.1, Sum: 120.9]
      [GC Worker End (ms): Min: 79123.7, Avg: 79123.8, Max: 79123.8, Diff: 0.1]
   [Code Root Fixup: 0.0 ms]
   [Code Root Migration: 0.2 ms]
   [Clear CT: 0.4 ms]
   [Other: 85.7 ms]
      [Choose CSet: 0.0 ms]
      [Ref Proc: 81.4 ms]
      [Ref Enq: 2.4 ms]
      [Free CSet: 1.8 ms]
   [Eden: 1693.0M(1693.0M)->0.0B(1693.0M) Survivors: 22.0M->22.0M Heap: 3661.3M(4096.0M)->1968.3M(4096.0M)]
 [Times: user=0.44 sys=0.00, real=0.12 secs] 
2016-01-06T01:05:00.786-0800: 79.449: [GC pause (young)
Desired survivor size 112721920 bytes, new threshold 15 (max 15)
- age   1:   20625688 bytes,   20625688 total
- age   2:      36864 bytes,   20662552 total
2016-01-06T01:05:00.912-0800: 79.574: [SoftReference, 0 refs, 0.0000440 secs]2016-01-06T01:05:00.912-0800: 79.574: [WeakReference, 0 refs, 0.0000060 secs]2016-01-06T01:05:00.912-0800: 79.574: [FinalReference, 0 refs, 0.0000050 secs]2016-01-06T01:05:00.912-0800: 79.574: [PhantomReference, 0 refs, 52993 refs, 0.0017700 secs]2016-01-06T01:05:00.913-0800: 79.576: [JNI Weak Reference, 0.0000080 secs], 0.1325930 secs]
   [Parallel Time: 32.9 ms, GC Workers: 4]
      [GC Worker Start (ms): Min: 79448.7, Avg: 79449.2, Max: 79450.5, Diff: 1.8]
      [Ext Root Scanning (ms): Min: 0.0, Avg: 0.3, Max: 0.5, Diff: 0.5, Sum: 1.3]
      [SATB Filtering (ms): Min: 0.0, Avg: 0.0, Max: 0.0, Diff: 0.0, Sum: 0.0]
      [Update RS (ms): Min: 19.8, Avg: 20.5, Max: 20.9, Diff: 1.1, Sum: 82.1]
         [Processed Buffers: Min: 26, Avg: 29.0, Max: 31, Diff: 5, Sum: 116]
      [Scan RS (ms): Min: 0.6, Avg: 0.8, Max: 0.9, Diff: 0.3, Sum: 3.3]
      [Code Root Scanning (ms): Min: 0.1, Avg: 0.1, Max: 0.1, Diff: 0.1, Sum: 0.3]
      [Object Copy (ms): Min: 10.4, Avg: 10.5, Max: 10.6, Diff: 0.1, Sum: 42.1]
      [Termination (ms): Min: 0.0, Avg: 0.0, Max: 0.0, Diff: 0.0, Sum: 0.0]
      [GC Worker Other (ms): Min: 0.0, Avg: 0.1, Max: 0.1, Diff: 0.0, Sum: 0.3]
      [GC Worker Total (ms): Min: 31.0, Avg: 32.3, Max: 32.8, Diff: 1.8, Sum: 129.4]
      [GC Worker End (ms): Min: 79481.5, Avg: 79481.5, Max: 79481.5, Diff: 0.0]
   [Code Root Fixup: 0.0 ms]
   [Code Root Migration: 0.2 ms]
   [Clear CT: 0.5 ms]
   [Other: 99.0 ms]
      [Choose CSet: 0.0 ms]
      [Ref Proc: 94.7 ms]
      [Ref Enq: 2.4 ms]
      [Free CSet: 1.8 ms]
   [Eden: 1693.0M(1693.0M)->0.0B(1694.0M) Survivors: 22.0M->22.0M Heap: 3661.3M(4096.0M)->1968.3M(4096.0M)]
 [Times: user=0.50 sys=0.00, real=0.13 secs] 
2016-01-06T01:05:01.178-0800: 79.841: [GC pause (young)
Desired survivor size 112721920 bytes, new threshold 15 (max 15)
- age   1:   20625688 bytes,   20625688 total
- age   2:      36864 bytes,   20662552 total
2016-01-06T01:05:01.318-0800: 79.981: [SoftReference, 0 refs, 0.0000490 secs]2016-01-06T01:05:01.318-0800: 79.981: [WeakReference, 0 refs, 0.0000070 secs]2016-01-06T01:05:01.318-0800: 79.981: [FinalReference, 0 refs, 0.0000050 secs]2016-01-06T01:05:01.318-0800: 79.981: [PhantomReference, 0 refs, 53024 refs, 0.0018100 secs]2016-01-06T01:05:01.320-0800: 79.983: [JNI Weak Reference, 0.0000070 secs], 0.1462980 secs]
   [Parallel Time: 30.5 ms, GC Workers: 4]
      [GC Worker Start (ms): Min: 79841.3, Avg: 79841.3, Max: 79841.3, Diff: 0.1]
      [Ext Root Scanning (ms): Min: 0.3, Avg: 0.4, Max: 0.4, Diff: 0.1, Sum: 1.4]
      [SATB Filtering (ms): Min: 0.0, Avg: 0.0, Max: 0.0, Diff: 0.0, Sum: 0.0]
      [Update RS (ms): Min: 18.2, Avg: 18.2, Max: 18.3, Diff: 0.1, Sum: 72.8]
         [Processed Buffers: Min: 25, Avg: 25.8, Max: 27, Diff: 2, Sum: 103]
      [Scan RS (ms): Min: 0.7, Avg: 0.8, Max: 0.9, Diff: 0.1, Sum: 3.3]
      [Code Root Scanning (ms): Min: 0.1, Avg: 0.1, Max: 0.2, Diff: 0.1, Sum: 0.4]
      [Object Copy (ms): Min: 10.8, Avg: 10.8, Max: 10.8, Diff: 0.1, Sum: 43.2]
      [Termination (ms): Min: 0.0, Avg: 0.0, Max: 0.0, Diff: 0.0, Sum: 0.0]
      [GC Worker Other (ms): Min: 0.0, Avg: 0.1, Max: 0.1, Diff: 0.1, Sum: 0.3]
      [GC Worker Total (ms): Min: 30.3, Avg: 30.4, Max: 30.4, Diff: 0.1, Sum: 121.5]
      [GC Worker End (ms): Min: 79871.6, Avg: 79871.7, Max: 79871.7, Diff: 0.1]
   [Code Root Fixup: 0.0 ms]
   [Code Root Migration: 0.2 ms]
   [Clear CT: 0.4 ms]
   [Other: 115.2 ms]
      [Choose CSet: 0.0 ms]
      [Ref Proc: 110.9 ms]
      [Ref Enq: 2.4 ms]
      [Free CSet: 1.8 ms]
   [Eden: 1694.0M(1694.0M)->0.0B(1694.0M) Survivors: 22.0M->22.0M Heap: 3662.3M(4096.0M)->1968.3M(4096.0M)]
 [Times: user=0.55 sys=0.00, real=0.14 secs] 
2016-01-06T01:05:01.580-0800: 80.243: [GC pause (young)
Desired survivor size 112721920 bytes, new threshold 15 (max 15)
- age   1:   20627920 bytes,   20627920 total
- age   2:      36864 bytes,   20664784 total
2016-01-06T01:05:01.754-0800: 80.417: [SoftReference, 0 refs, 0.0000450 secs]2016-01-06T01:05:01.754-0800: 80.417: [WeakReference, 0 refs, 0.0000080 secs]2016-01-06T01:05:01.754-0800: 80.417: [FinalReference, 0 refs, 0.0000050 secs]2016-01-06T01:05:01.754-0800: 80.417: [PhantomReference, 0 refs, 53024 refs, 0.0018340 secs]2016-01-06T01:05:01.756-0800: 80.419: [JNI Weak Reference, 0.0000080 secs], 0.1808550 secs]
   [Parallel Time: 51.1 ms, GC Workers: 4]
      [GC Worker Start (ms): Min: 80243.0, Avg: 80244.2, Max: 80248.0, Diff: 5.0]
      [Ext Root Scanning (ms): Min: 0.0, Avg: 0.4, Max: 0.5, Diff: 0.5, Sum: 1.4]
      [SATB Filtering (ms): Min: 0.0, Avg: 0.0, Max: 0.0, Diff: 0.0, Sum: 0.0]
      [Update RS (ms): Min: 30.8, Avg: 35.4, Max: 40.8, Diff: 10.1, Sum: 141.5]
         [Processed Buffers: Min: 20, Avg: 34.8, Max: 48, Diff: 28, Sum: 139]
      [Scan RS (ms): Min: 0.4, Avg: 0.9, Max: 1.1, Diff: 0.7, Sum: 3.5]
      [Code Root Scanning (ms): Min: 0.0, Avg: 0.1, Max: 0.1, Diff: 0.1, Sum: 0.3]
      [Object Copy (ms): Min: 9.0, Avg: 12.9, Max: 14.2, Diff: 5.2, Sum: 51.5]
      [Termination (ms): Min: 0.0, Avg: 0.1, Max: 0.2, Diff: 0.2, Sum: 0.4]
      [GC Worker Other (ms): Min: 0.0, Avg: 0.0, Max: 0.1, Diff: 0.1, Sum: 0.2]
      [GC Worker Total (ms): Min: 46.0, Avg: 49.7, Max: 51.0, Diff: 5.0, Sum: 198.8]
      [GC Worker End (ms): Min: 80293.9, Avg: 80294.0, Max: 80294.0, Diff: 0.0]
   [Code Root Fixup: 0.0 ms]
   [Code Root Migration: 0.2 ms]
   [Clear CT: 0.5 ms]
   [Other: 129.0 ms]
      [Choose CSet: 0.0 ms]
      [Ref Proc: 124.6 ms]
      [Ref Enq: 2.4 ms]
      [Free CSet: 1.9 ms]
   [Eden: 1694.0M(1694.0M)->0.0B(1693.0M) Survivors: 22.0M->22.0M Heap: 3662.3M(4096.0M)->1967.8M(4096.0M)]
 [Times: user=0.50 sys=0.01, real=0.18 secs] 
2016-01-06T01:05:02.033-0800: 80.696: [GC pause (young)
Desired survivor size 112721920 bytes, new threshold 15 (max 15)
- age   1:   20627920 bytes,   20627920 total
- age   2:      36864 bytes,   20664784 total
2016-01-06T01:05:02.213-0800: 80.876: [SoftReference, 0 refs, 0.0000390 secs]2016-01-06T01:05:02.213-0800: 80.876: [WeakReference, 0 refs, 0.0000110 secs]2016-01-06T01:05:02.213-0800: 80.876: [FinalReference, 0 refs, 0.0000080 secs]2016-01-06T01:05:02.213-0800: 80.876: [PhantomReference, 0 refs, 52992 refs, 0.0029420 secs]2016-01-06T01:05:02.216-0800: 80.879: [JNI Weak Reference, 0.0000150 secs], 0.1901930 secs]
   [Parallel Time: 38.7 ms, GC Workers: 4]
      [GC Worker Start (ms): Min: 80696.4, Avg: 80697.3, Max: 80699.9, Diff: 3.5]
      [Ext Root Scanning (ms): Min: 0.0, Avg: 0.4, Max: 0.5, Diff: 0.5, Sum: 1.4]
      [SATB Filtering (ms): Min: 0.0, Avg: 0.0, Max: 0.0, Diff: 0.0, Sum: 0.0]
      [Update RS (ms): Min: 20.1, Avg: 22.2, Max: 23.2, Diff: 3.1, Sum: 89.0]
         [Processed Buffers: Min: 19, Avg: 27.0, Max: 32, Diff: 13, Sum: 108]
      [Scan RS (ms): Min: 0.6, Avg: 0.8, Max: 1.1, Diff: 0.5, Sum: 3.2]
      [Code Root Scanning (ms): Min: 0.1, Avg: 0.1, Max: 0.1, Diff: 0.1, Sum: 0.4]
      [Object Copy (ms): Min: 10.4, Avg: 11.2, Max: 13.5, Diff: 3.1, Sum: 44.8]
      [Termination (ms): Min: 0.0, Avg: 2.5, Max: 3.8, Diff: 3.8, Sum: 10.0]
      [GC Worker Other (ms): Min: 0.0, Avg: 0.0, Max: 0.0, Diff: 0.0, Sum: 0.1]
      [GC Worker Total (ms): Min: 34.4, Avg: 37.2, Max: 38.6, Diff: 4.2, Sum: 148.9]
      [GC Worker End (ms): Min: 80734.4, Avg: 80734.6, Max: 80735.1, Diff: 0.7]
   [Code Root Fixup: 0.0 ms]
   [Code Root Migration: 0.3 ms]
   [Clear CT: 0.7 ms]
   [Other: 150.5 ms]
      [Choose CSet: 0.0 ms]
      [Ref Proc: 143.7 ms]
      [Ref Enq: 3.7 ms]
      [Free CSet: 3.0 ms]
   [Eden: 1693.0M(1693.0M)->0.0B(1694.0M) Survivors: 22.0M->22.0M Heap: 3660.8M(4096.0M)->1968.3M(4096.0M)]
 [Times: user=0.54 sys=0.01, real=0.19 secs] 
2016-01-06T01:05:02.510-0800: 81.173: [GC pause (young)
Desired survivor size 112721920 bytes, new threshold 15 (max 15)
- age   1:   20625688 bytes,   20625688 total
- age   2:      36864 bytes,   20662552 total
2016-01-06T01:05:02.761-0800: 81.424: [SoftReference, 0 refs, 0.0000470 secs]2016-01-06T01:05:02.761-0800: 81.424: [WeakReference, 0 refs, 0.0000110 secs]2016-01-06T01:05:02.761-0800: 81.424: [FinalReference, 0 refs, 0.0000100 secs]2016-01-06T01:05:02.761-0800: 81.424: [PhantomReference, 0 refs, 53025 refs, 0.0021000 secs]2016-01-06T01:05:02.763-0800: 81.426: [JNI Weak Reference, 0.0000100 secs], 0.2593180 secs]
   [Parallel Time: 41.3 ms, GC Workers: 4]
      [GC Worker Start (ms): Min: 81172.8, Avg: 81174.4, Max: 81175.9, Diff: 3.2]
      [Ext Root Scanning (ms): Min: 0.0, Avg: 0.3, Max: 0.7, Diff: 0.7, Sum: 1.3]
      [SATB Filtering (ms): Min: 0.0, Avg: 0.0, Max: 0.0, Diff: 0.0, Sum: 0.0]
      [Update RS (ms): Min: 24.3, Avg: 26.5, Max: 28.2, Diff: 4.0, Sum: 105.9]
         [Processed Buffers: Min: 14, Avg: 25.2, Max: 35, Diff: 21, Sum: 101]
      [Scan RS (ms): Min: 0.4, Avg: 0.9, Max: 1.2, Diff: 0.8, Sum: 3.4]
      [Code Root Scanning (ms): Min: 0.0, Avg: 0.1, Max: 0.1, Diff: 0.1, Sum: 0.3]
      [Object Copy (ms): Min: 9.2, Avg: 11.6, Max: 12.6, Diff: 3.4, Sum: 46.6]
      [Termination (ms): Min: 0.0, Avg: 0.1, Max: 0.1, Diff: 0.1, Sum: 0.4]
      [GC Worker Other (ms): Min: 0.0, Avg: 0.0, Max: 0.1, Diff: 0.1, Sum: 0.2]
      [GC Worker Total (ms): Min: 37.9, Avg: 39.5, Max: 41.1, Diff: 3.2, Sum: 158.1]
      [GC Worker End (ms): Min: 81213.8, Avg: 81213.9, Max: 81213.9, Diff: 0.1]
   [Code Root Fixup: 0.0 ms]
   [Code Root Migration: 0.3 ms]
   [Clear CT: 0.8 ms]
   [Other: 217.0 ms]
      [Choose CSet: 0.0 ms]
      [Ref Proc: 212.2 ms]
      [Ref Enq: 2.6 ms]
      [Free CSet: 2.1 ms]
   [Eden: 1694.0M(1694.0M)->0.0B(182.0M) Survivors: 22.0M->22.0M Heap: 3662.3M(4096.0M)->1967.8M(4096.0M)]
 [Times: user=0.70 sys=0.00, real=0.26 secs] 
2016-01-06T01:05:02.802-0800: 81.465: [GC pause (young)
Desired survivor size 13631488 bytes, new threshold 1 (max 15)
- age   1:   20627920 bytes,   20627920 total
- age   2:      36864 bytes,   20664784 total
2016-01-06T01:05:02.960-0800: 81.623: [SoftReference, 0 refs, 0.0000420 secs]2016-01-06T01:05:02.960-0800: 81.623: [WeakReference, 0 refs, 0.0000070 secs]2016-01-06T01:05:02.960-0800: 81.623: [FinalReference, 0 refs, 0.0000060 secs]2016-01-06T01:05:02.960-0800: 81.623: [PhantomReference, 0 refs, 6153 refs, 0.0002260 secs]2016-01-06T01:05:02.960-0800: 81.623: [JNI Weak Reference, 0.0000070 secs], 0.1589990 secs]
   [Parallel Time: 7.9 ms, GC Workers: 4]
      [GC Worker Start (ms): Min: 81464.9, Avg: 81465.7, Max: 81467.9, Diff: 3.0]
      [Ext Root Scanning (ms): Min: 0.0, Avg: 0.4, Max: 0.5, Diff: 0.5, Sum: 1.4]
      [SATB Filtering (ms): Min: 0.0, Avg: 0.0, Max: 0.0, Diff: 0.0, Sum: 0.0]
      [Update RS (ms): Min: 2.5, Avg: 4.4, Max: 5.1, Diff: 2.7, Sum: 17.4]
         [Processed Buffers: Min: 4, Avg: 7.2, Max: 9, Diff: 5, Sum: 29]
      [Scan RS (ms): Min: 0.0, Avg: 0.1, Max: 0.2, Diff: 0.2, Sum: 0.3]
      [Code Root Scanning (ms): Min: 0.0, Avg: 0.0, Max: 0.0, Diff: 0.0, Sum: 0.0]
      [Object Copy (ms): Min: 2.2, Avg: 2.3, Max: 2.4, Diff: 0.1, Sum: 9.2]
      [Termination (ms): Min: 0.0, Avg: 0.0, Max: 0.0, Diff: 0.0, Sum: 0.0]
      [GC Worker Other (ms): Min: 0.0, Avg: 0.0, Max: 0.0, Diff: 0.0, Sum: 0.1]
      [GC Worker Total (ms): Min: 4.9, Avg: 7.1, Max: 7.9, Diff: 3.0, Sum: 28.5]
      [GC Worker End (ms): Min: 81472.8, Avg: 81472.8, Max: 81472.8, Diff: 0.0]
   [Code Root Fixup: 0.0 ms]
   [Code Root Migration: 0.0 ms]
   [Clear CT: 0.2 ms]
   [Other: 150.9 ms]
      [Choose CSet: 0.0 ms]
      [Ref Proc: 150.2 ms]
      [Ref Enq: 0.3 ms]
      [Free CSet: 0.3 ms]
   [Eden: 182.0M(182.0M)->0.0B(330.0M) Survivors: 22.0M->19.0M Heap: 2149.8M(4096.0M)->1964.8M(4096.0M)]
 [Times: user=0.46 sys=0.00, real=0.16 secs] 
2016-01-06T01:05:03.016-0800: 81.679: [GC pause (young)
Desired survivor size 23068672 bytes, new threshold 15 (max 15)
- age   1:   17253136 bytes,   17253136 total
2016-01-06T01:05:03.206-0800: 81.869: [SoftReference, 0 refs, 0.0000530 secs]2016-01-06T01:05:03.206-0800: 81.869: [WeakReference, 0 refs, 0.0000120 secs]2016-01-06T01:05:03.206-0800: 81.869: [FinalReference, 0 refs, 0.0000100 secs]2016-01-06T01:05:03.206-0800: 81.869: [PhantomReference, 0 refs, 10741 refs, 0.0006020 secs]2016-01-06T01:05:03.207-0800: 81.870: [JNI Weak Reference, 0.0000110 secs], 0.1922880 secs]
   [Parallel Time: 20.9 ms, GC Workers: 4]
      [GC Worker Start (ms): Min: 81679.3, Avg: 81680.8, Max: 81682.2, Diff: 2.9]
      [Ext Root Scanning (ms): Min: 0.0, Avg: 0.3, Max: 0.7, Diff: 0.7, Sum: 1.3]
      [SATB Filtering (ms): Min: 0.0, Avg: 0.0, Max: 0.0, Diff: 0.0, Sum: 0.0]
      [Update RS (ms): Min: 10.9, Avg: 13.7, Max: 16.5, Diff: 5.6, Sum: 54.7]
         [Processed Buffers: Min: 8, Avg: 11.0, Max: 13, Diff: 5, Sum: 44]
      [Scan RS (ms): Min: 0.0, Avg: 0.1, Max: 0.3, Diff: 0.3, Sum: 0.6]
      [Code Root Scanning (ms): Min: 0.0, Avg: 0.0, Max: 0.0, Diff: 0.0, Sum: 0.1]
      [Object Copy (ms): Min: 3.5, Avg: 5.1, Max: 6.6, Diff: 3.1, Sum: 20.4]
      [Termination (ms): Min: 0.0, Avg: 0.1, Max: 0.1, Diff: 0.1, Sum: 0.3]
      [GC Worker Other (ms): Min: 0.0, Avg: 0.0, Max: 0.0, Diff: 0.0, Sum: 0.0]
      [GC Worker Total (ms): Min: 17.9, Avg: 19.4, Max: 20.8, Diff: 2.9, Sum: 77.4]
      [GC Worker End (ms): Min: 81700.1, Avg: 81700.1, Max: 81700.1, Diff: 0.0]
   [Code Root Fixup: 0.0 ms]
   [Code Root Migration: 0.1 ms]
   [Clear CT: 0.3 ms]
   [Other: 171.1 ms]
      [Choose CSet: 0.0 ms]
      [Ref Proc: 169.5 ms]
      [Ref Enq: 0.7 ms]
      [Free CSet: 0.7 ms]
   [Eden: 330.0M(330.0M)->0.0B(185.0M) Survivors: 19.0M->19.0M Heap: 2294.8M(4096.0M)->1965.3M(4096.0M)]
 [Times: user=0.49 sys=0.01, real=0.20 secs] 
2016-01-06T01:05:03.243-0800: 81.906: [GC pause (young)
Desired survivor size 13631488 bytes, new threshold 1 (max 15)
- age   1:   17583472 bytes,   17583472 total
- age   2:      36864 bytes,   17620336 total
2016-01-06T01:05:03.433-0800: 82.096: [SoftReference, 0 refs, 0.0000420 secs]2016-01-06T01:05:03.433-0800: 82.096: [WeakReference, 0 refs, 0.0000060 secs]2016-01-06T01:05:03.433-0800: 82.096: [FinalReference, 0 refs, 0.0000060 secs]2016-01-06T01:05:03.433-0800: 82.096: [PhantomReference, 0 refs, 6247 refs, 0.0002430 secs]2016-01-06T01:05:03.433-0800: 82.096: [JNI Weak Reference, 0.0000230 secs], 0.1911230 secs]
   [Parallel Time: 12.6 ms, GC Workers: 4]
      [GC Worker Start (ms): Min: 81905.6, Avg: 81908.8, Max: 81918.1, Diff: 12.4]
      [Ext Root Scanning (ms): Min: 0.0, Avg: 0.4, Max: 0.5, Diff: 0.5, Sum: 1.5]
      [SATB Filtering (ms): Min: 0.0, Avg: 0.0, Max: 0.0, Diff: 0.0, Sum: 0.0]
      [Update RS (ms): Min: 0.0, Avg: 3.1, Max: 4.3, Diff: 4.3, Sum: 12.3]
         [Processed Buffers: Min: 0, Avg: 5.0, Max: 9, Diff: 9, Sum: 20]
      [Scan RS (ms): Min: 0.0, Avg: 0.1, Max: 0.2, Diff: 0.2, Sum: 0.3]
      [Code Root Scanning (ms): Min: 0.0, Avg: 0.0, Max: 0.0, Diff: 0.0, Sum: 0.0]
      [Object Copy (ms): Min: 0.0, Avg: 2.5, Max: 4.9, Diff: 4.9, Sum: 10.1]
      [Termination (ms): Min: 0.0, Avg: 3.3, Max: 5.2, Diff: 5.2, Sum: 13.2]
      [GC Worker Other (ms): Min: 0.0, Avg: 0.0, Max: 0.0, Diff: 0.0, Sum: 0.0]
      [GC Worker Total (ms): Min: 0.1, Avg: 9.4, Max: 12.5, Diff: 12.5, Sum: 37.5]
      [GC Worker End (ms): Min: 81918.1, Avg: 81918.1, Max: 81918.2, Diff: 0.0]
   [Code Root Fixup: 0.0 ms]
   [Code Root Migration: 0.0 ms]
   [Clear CT: 0.1 ms]
   [Other: 178.4 ms]
      [Choose CSet: 0.0 ms]
      [Ref Proc: 177.7 ms]
      [Ref Enq: 0.3 ms]
      [Free CSet: 0.3 ms]
   [Eden: 185.0M(185.0M)->0.0B(186.0M) Survivors: 19.0M->18.0M Heap: 2150.3M(4096.0M)->1963.9M(4096.0M)]
 [Times: user=0.49 sys=0.01, real=0.19 secs] 
2016-01-06T01:05:03.463-0800: 82.126: [GC pause (young)
Desired survivor size 13631488 bytes, new threshold 1 (max 15)
- age   1:   17259832 bytes,   17259832 total
2016-01-06T01:05:03.661-0800: 82.324: [SoftReference, 0 refs, 0.0000390 secs]2016-01-06T01:05:03.661-0800: 82.324: [WeakReference, 0 refs, 0.0000070 secs]2016-01-06T01:05:03.661-0800: 82.324: [FinalReference, 0 refs, 0.0000060 secs]2016-01-06T01:05:03.661-0800: 82.324: [PhantomReference, 0 refs, 6277 refs, 0.0002340 secs]2016-01-06T01:05:03.661-0800: 82.324: [JNI Weak Reference, 0.0000070 secs], 0.1987830 secs]
   [Parallel Time: 6.4 ms, GC Workers: 4]
      [GC Worker Start (ms): Min: 82126.4, Avg: 82126.8, Max: 82127.9, Diff: 1.6]
      [Ext Root Scanning (ms): Min: 0.0, Avg: 0.3, Max: 0.5, Diff: 0.5, Sum: 1.3]
      [SATB Filtering (ms): Min: 0.0, Avg: 0.0, Max: 0.0, Diff: 0.0, Sum: 0.0]
      [Update RS (ms): Min: 2.0, Avg: 3.0, Max: 3.6, Diff: 1.7, Sum: 12.2]
         [Processed Buffers: Min: 4, Avg: 5.8, Max: 7, Diff: 3, Sum: 23]
      [Scan RS (ms): Min: 0.0, Avg: 0.1, Max: 0.2, Diff: 0.2, Sum: 0.3]
      [Code Root Scanning (ms): Min: 0.0, Avg: 0.0, Max: 0.0, Diff: 0.0, Sum: 0.0]
      [Object Copy (ms): Min: 2.2, Avg: 2.4, Max: 2.5, Diff: 0.2, Sum: 9.6]
      [Termination (ms): Min: 0.0, Avg: 0.0, Max: 0.0, Diff: 0.0, Sum: 0.0]
      [GC Worker Other (ms): Min: 0.0, Avg: 0.0, Max: 0.0, Diff: 0.0, Sum: 0.1]
      [GC Worker Total (ms): Min: 4.7, Avg: 5.9, Max: 6.3, Diff: 1.6, Sum: 23.5]
      [GC Worker End (ms): Min: 82132.7, Avg: 82132.7, Max: 82132.7, Diff: 0.0]
   [Code Root Fixup: 0.0 ms]
   [Code Root Migration: 0.0 ms]
   [Clear CT: 0.2 ms]
   [Other: 192.2 ms]
      [Choose CSet: 0.0 ms]
      [Ref Proc: 191.6 ms]
      [Ref Enq: 0.3 ms]
      [Free CSet: 0.3 ms]
   [Eden: 186.0M(186.0M)->0.0B(185.0M) Survivors: 18.0M->19.0M Heap: 2149.9M(4096.0M)->1964.9M(4096.0M)]
 [Times: user=0.62 sys=0.01, real=0.20 secs] 
2016-01-06T01:05:03.689-0800: 82.352: [GC pause (young)
Desired survivor size 13631488 bytes, new threshold 1 (max 15)
- age   1:   17262064 bytes,   17262064 total
2016-01-06T01:05:03.885-0800: 82.548: [SoftReference, 0 refs, 0.0000560 secs]2016-01-06T01:05:03.885-0800: 82.548: [WeakReference, 0 refs, 0.0000130 secs]2016-01-06T01:05:03.885-0800: 82.548: [FinalReference, 0 refs, 0.0000100 secs]2016-01-06T01:05:03.885-0800: 82.548: [PhantomReference, 0 refs, 6246 refs, 0.0003520 secs]2016-01-06T01:05:03.886-0800: 82.549: [JNI Weak Reference, 0.0000090 secs], 0.1974360 secs]
   [Parallel Time: 11.4 ms, GC Workers: 4]
      [GC Worker Start (ms): Min: 82352.2, Avg: 82352.3, Max: 82352.3, Diff: 0.1]
      [Ext Root Scanning (ms): Min: 0.4, Avg: 2.8, Max: 9.9, Diff: 9.4, Sum: 11.3]
      [SATB Filtering (ms): Min: 0.0, Avg: 0.0, Max: 0.0, Diff: 0.0, Sum: 0.0]
      [Update RS (ms): Min: 0.0, Avg: 5.3, Max: 10.4, Diff: 10.3, Sum: 21.2]
         [Processed Buffers: Min: 0, Avg: 6.0, Max: 9, Diff: 9, Sum: 24]
      [Scan RS (ms): Min: 0.0, Avg: 0.1, Max: 0.2, Diff: 0.2, Sum: 0.4]
      [Code Root Scanning (ms): Min: 0.0, Avg: 0.0, Max: 0.0, Diff: 0.0, Sum: 0.0]
      [Object Copy (ms): Min: 0.0, Avg: 1.7, Max: 3.4, Diff: 3.4, Sum: 6.8]
      [Termination (ms): Min: 0.0, Avg: 1.0, Max: 1.5, Diff: 1.5, Sum: 3.9]
      [GC Worker Other (ms): Min: 0.0, Avg: 0.0, Max: 0.0, Diff: 0.0, Sum: 0.0]
      [GC Worker Total (ms): Min: 10.9, Avg: 10.9, Max: 11.0, Diff: 0.1, Sum: 43.7]
      [GC Worker End (ms): Min: 82363.2, Avg: 82363.2, Max: 82363.2, Diff: 0.1]
   [Code Root Fixup: 0.0 ms]
   [Code Root Migration: 0.0 ms]
   [Clear CT: 0.2 ms]
   [Other: 185.9 ms]
      [Choose CSet: 0.0 ms]
      [Ref Proc: 185.2 ms]
      [Ref Enq: 0.3 ms]
      [Free CSet: 0.3 ms]
   [Eden: 185.0M(185.0M)->0.0B(185.0M) Survivors: 19.0M->19.0M Heap: 2149.9M(4096.0M)->1964.9M(4096.0M)]
 [Times: user=0.52 sys=0.01, real=0.20 secs] 
2016-01-06T01:05:03.917-0800: 82.579: [GC pause (young)
Desired survivor size 13631488 bytes, new threshold 1 (max 15)
- age   1:   17259832 bytes,   17259832 total
2016-01-06T01:05:04.089-0800: 82.751: [SoftReference, 0 refs, 0.0000410 secs]2016-01-06T01:05:04.089-0800: 82.752: [WeakReference, 0 refs, 0.0000070 secs]2016-01-06T01:05:04.089-0800: 82.752: [FinalReference, 0 refs, 0.0000050 secs]2016-01-06T01:05:04.089-0800: 82.752: [PhantomReference, 0 refs, 6244 refs, 0.0002480 secs]2016-01-06T01:05:04.089-0800: 82.752: [JNI Weak Reference, 0.0000080 secs], 0.1732570 secs]
   [Parallel Time: 12.1 ms, GC Workers: 4]
      [GC Worker Start (ms): Min: 82579.5, Avg: 82582.4, Max: 82583.9, Diff: 4.4]
      [Ext Root Scanning (ms): Min: 0.0, Avg: 0.3, Max: 1.1, Diff: 1.1, Sum: 1.1]
      [SATB Filtering (ms): Min: 0.0, Avg: 0.0, Max: 0.0, Diff: 0.0, Sum: 0.0]
      [Update RS (ms): Min: 4.8, Avg: 6.7, Max: 7.8, Diff: 2.9, Sum: 26.9]
         [Processed Buffers: Min: 4, Avg: 7.8, Max: 15, Diff: 11, Sum: 31]
      [Scan RS (ms): Min: 0.0, Avg: 0.1, Max: 0.2, Diff: 0.2, Sum: 0.3]
      [Code Root Scanning (ms): Min: 0.0, Avg: 0.0, Max: 0.0, Diff: 0.0, Sum: 0.0]
      [Object Copy (ms): Min: 0.0, Avg: 1.8, Max: 2.5, Diff: 2.5, Sum: 7.2]
      [Termination (ms): Min: 0.0, Avg: 0.3, Max: 0.4, Diff: 0.4, Sum: 1.3]
      [GC Worker Other (ms): Min: 0.0, Avg: 0.0, Max: 0.0, Diff: 0.0, Sum: 0.0]
      [GC Worker Total (ms): Min: 7.7, Avg: 9.2, Max: 12.1, Diff: 4.4, Sum: 36.9]
      [GC Worker End (ms): Min: 82591.6, Avg: 82591.6, Max: 82591.6, Diff: 0.0]
   [Code Root Fixup: 0.0 ms]
   [Code Root Migration: 0.0 ms]
   [Clear CT: 0.3 ms]
   [Other: 160.9 ms]
      [Choose CSet: 0.0 ms]
      [Ref Proc: 160.2 ms]
      [Ref Enq: 0.3 ms]
      [Free CSet: 0.3 ms]
   [Eden: 185.0M(185.0M)->0.0B(476.0M) Survivors: 19.0M->18.0M Heap: 2149.9M(4096.0M)->1964.5M(4096.0M)]
 [Times: user=0.52 sys=0.00, real=0.18 secs] 
2016-01-06T01:05:04.160-0800: 82.823: [GC pause (young)
Desired survivor size 32505856 bytes, new threshold 15 (max 15)
- age   1:   17259832 bytes,   17259832 total
2016-01-06T01:05:04.330-0800: 82.993: [SoftReference, 0 refs, 0.0000540 secs]2016-01-06T01:05:04.331-0800: 82.993: [WeakReference, 0 refs, 0.0000070 secs]2016-01-06T01:05:04.331-0800: 82.993: [FinalReference, 0 refs, 0.0000060 secs]2016-01-06T01:05:04.331-0800: 82.993: [PhantomReference, 0 refs, 15261 refs, 0.0005840 secs]2016-01-06T01:05:04.331-0800: 82.994: [JNI Weak Reference, 0.0000070 secs], 0.1728470 secs]
   [Parallel Time: 15.1 ms, GC Workers: 4]
      [GC Worker Start (ms): Min: 82822.9, Avg: 82823.2, Max: 82823.9, Diff: 1.0]
      [Ext Root Scanning (ms): Min: 0.0, Avg: 0.3, Max: 0.5, Diff: 0.5, Sum: 1.3]
      [SATB Filtering (ms): Min: 0.0, Avg: 0.0, Max: 0.0, Diff: 0.0, Sum: 0.0]
      [Update RS (ms): Min: 10.6, Avg: 10.9, Max: 11.2, Diff: 0.5, Sum: 43.8]
         [Processed Buffers: Min: 15, Avg: 16.2, Max: 18, Diff: 3, Sum: 65]
      [Scan RS (ms): Min: 0.1, Avg: 0.2, Max: 0.4, Diff: 0.3, Sum: 0.8]
      [Code Root Scanning (ms): Min: 0.0, Avg: 0.0, Max: 0.0, Diff: 0.0, Sum: 0.1]
      [Object Copy (ms): Min: 3.2, Avg: 3.3, Max: 3.3, Diff: 0.0, Sum: 13.1]
      [Termination (ms): Min: 0.0, Avg: 0.0, Max: 0.0, Diff: 0.0, Sum: 0.0]
      [GC Worker Other (ms): Min: 0.0, Avg: 0.0, Max: 0.0, Diff: 0.0, Sum: 0.1]
      [GC Worker Total (ms): Min: 14.0, Avg: 14.8, Max: 15.1, Diff: 1.1, Sum: 59.1]
      [GC Worker End (ms): Min: 82837.9, Avg: 82837.9, Max: 82838.0, Diff: 0.0]
   [Code Root Fixup: 0.0 ms]
   [Code Root Migration: 0.1 ms]
   [Clear CT: 0.2 ms]
   [Other: 157.5 ms]
      [Choose CSet: 0.0 ms]
      [Ref Proc: 156.1 ms]
      [Ref Enq: 0.7 ms]
      [Free CSet: 0.6 ms]
   [Eden: 476.0M(476.0M)->0.0B(1692.0M) Survivors: 18.0M->19.0M Heap: 2440.5M(4096.0M)->1965.5M(4096.0M)]
 [Times: user=0.67 sys=0.00, real=0.17 secs] 
2016-01-06T01:05:04.579-0800: 83.242: [GC pause (young)
Desired survivor size 112197632 bytes, new threshold 15 (max 15)
- age   1:   17909344 bytes,   17909344 total
- age   2:      36864 bytes,   17946208 total
2016-01-06T01:05:04.759-0800: 83.422: [SoftReference, 0 refs, 0.0000480 secs]2016-01-06T01:05:04.759-0800: 83.422: [WeakReference, 0 refs, 0.0000070 secs]2016-01-06T01:05:04.759-0800: 83.422: [FinalReference, 0 refs, 0.0000050 secs]2016-01-06T01:05:04.759-0800: 83.422: [PhantomReference, 0 refs, 52960 refs, 0.0018380 secs]2016-01-06T01:05:04.761-0800: 83.424: [JNI Weak Reference, 0.0000080 secs], 0.1870690 secs]
   [Parallel Time: 20.0 ms, GC Workers: 4]
      [GC Worker Start (ms): Min: 83242.1, Avg: 83242.1, Max: 83242.1, Diff: 0.1]
      [Ext Root Scanning (ms): Min: 0.3, Avg: 0.4, Max: 0.4, Diff: 0.1, Sum: 1.4]
      [SATB Filtering (ms): Min: 0.0, Avg: 0.0, Max: 0.0, Diff: 0.0, Sum: 0.0]
      [Update RS (ms): Min: 7.9, Avg: 8.0, Max: 8.1, Diff: 0.1, Sum: 32.0]
         [Processed Buffers: Min: 11, Avg: 12.0, Max: 13, Diff: 2, Sum: 48]
      [Scan RS (ms): Min: 0.7, Avg: 0.8, Max: 0.8, Diff: 0.1, Sum: 3.0]
      [Code Root Scanning (ms): Min: 0.1, Avg: 0.1, Max: 0.1, Diff: 0.0, Sum: 0.4]
      [Object Copy (ms): Min: 10.6, Avg: 10.6, Max: 10.7, Diff: 0.1, Sum: 42.5]
      [Termination (ms): Min: 0.0, Avg: 0.0, Max: 0.0, Diff: 0.0, Sum: 0.0]
      [GC Worker Other (ms): Min: 0.0, Avg: 0.1, Max: 0.1, Diff: 0.1, Sum: 0.3]
      [GC Worker Total (ms): Min: 19.8, Avg: 19.9, Max: 19.9, Diff: 0.1, Sum: 79.6]
      [GC Worker End (ms): Min: 83262.0, Avg: 83262.0, Max: 83262.0, Diff: 0.1]
   [Code Root Fixup: 0.0 ms]
   [Code Root Migration: 0.2 ms]
   [Clear CT: 0.4 ms]
   [Other: 166.4 ms]
      [Choose CSet: 0.0 ms]
      [Ref Proc: 162.1 ms]
      [Ref Enq: 2.4 ms]
      [Free CSet: 1.8 ms]
   [Eden: 1692.0M(1692.0M)->0.0B(1690.0M) Survivors: 19.0M->22.0M Heap: 3657.5M(4096.0M)->1968.5M(4096.0M)]
 [Times: user=0.72 sys=0.01, real=0.19 secs] 
2016-01-06T01:05:05.026-0800: 83.689: [GC pause (young)
Desired survivor size 112197632 bytes, new threshold 15 (max 15)
- age   1:   20623456 bytes,   20623456 total
- age   2:      36864 bytes,   20660320 total
2016-01-06T01:05:05.208-0800: 83.871: [SoftReference, 0 refs, 0.0000360 secs]2016-01-06T01:05:05.208-0800: 83.871: [WeakReference, 0 refs, 0.0000080 secs]2016-01-06T01:05:05.208-0800: 83.871: [FinalReference, 0 refs, 0.0000090 secs]2016-01-06T01:05:05.208-0800: 83.871: [PhantomReference, 0 refs, 52900 refs, 0.0025370 secs]2016-01-06T01:05:05.211-0800: 83.874: [JNI Weak Reference, 0.0000110 secs], 0.1921900 secs]
   [Parallel Time: 13.2 ms, GC Workers: 4]
      [GC Worker Start (ms): Min: 83689.4, Avg: 83690.0, Max: 83691.9, Diff: 2.6]
      [Ext Root Scanning (ms): Min: 0.0, Avg: 0.3, Max: 0.5, Diff: 0.5, Sum: 1.3]
      [SATB Filtering (ms): Min: 0.0, Avg: 0.0, Max: 0.0, Diff: 0.0, Sum: 0.0]
      [Update RS (ms): Min: 0.0, Avg: 0.1, Max: 0.2, Diff: 0.2, Sum: 0.2]
         [Processed Buffers: Min: 0, Avg: 1.0, Max: 2, Diff: 2, Sum: 4]
      [Scan RS (ms): Min: 0.2, Avg: 0.7, Max: 1.0, Diff: 0.8, Sum: 2.8]
      [Code Root Scanning (ms): Min: 0.0, Avg: 0.1, Max: 0.1, Diff: 0.1, Sum: 0.4]
      [Object Copy (ms): Min: 10.3, Avg: 11.2, Max: 11.5, Diff: 1.3, Sum: 44.8]
      [Termination (ms): Min: 0.0, Avg: 0.0, Max: 0.0, Diff: 0.0, Sum: 0.0]
      [GC Worker Other (ms): Min: 0.0, Avg: 0.1, Max: 0.1, Diff: 0.1, Sum: 0.2]
      [GC Worker Total (ms): Min: 10.5, Avg: 12.4, Max: 13.1, Diff: 2.6, Sum: 49.7]
      [GC Worker End (ms): Min: 83702.4, Avg: 83702.5, Max: 83702.5, Diff: 0.1]
   [Code Root Fixup: 0.0 ms]
   [Code Root Migration: 0.3 ms]
   [Clear CT: 0.6 ms]
   [Other: 178.1 ms]
      [Choose CSet: 0.0 ms]
      [Ref Proc: 171.0 ms]
      [Ref Enq: 3.7 ms]
      [Free CSet: 3.3 ms]
   [Eden: 1690.0M(1690.0M)->0.0B(1696.0M) Survivors: 22.0M->17.0M Heap: 3658.5M(4096.0M)->1963.0M(4096.0M)]
 [Times: user=0.60 sys=0.00, real=0.19 secs] 
2016-01-06T01:05:05.465-0800: 84.128: [GC pause (young)
Desired survivor size 112721920 bytes, new threshold 15 (max 15)
- age   1:   15168880 bytes,   15168880 total
- age   2:      36864 bytes,   15205744 total
2016-01-06T01:05:05.647-0800: 84.310: [SoftReference, 0 refs, 0.0000490 secs]2016-01-06T01:05:05.647-0800: 84.310: [WeakReference, 0 refs, 0.0000070 secs]2016-01-06T01:05:05.647-0800: 84.310: [FinalReference, 0 refs, 0.0000050 secs]2016-01-06T01:05:05.647-0800: 84.310: [PhantomReference, 0 refs, 53086 refs, 0.0019080 secs]2016-01-06T01:05:05.649-0800: 84.312: [JNI Weak Reference, 0.0000110 secs], 0.1889120 secs]
   [Parallel Time: 20.4 ms, GC Workers: 4]
      [GC Worker Start (ms): Min: 84128.1, Avg: 84128.2, Max: 84128.2, Diff: 0.1]
      [Ext Root Scanning (ms): Min: 0.3, Avg: 0.4, Max: 0.4, Diff: 0.1, Sum: 1.5]
      [SATB Filtering (ms): Min: 0.0, Avg: 0.0, Max: 0.0, Diff: 0.0, Sum: 0.0]
      [Update RS (ms): Min: 7.9, Avg: 8.1, Max: 8.3, Diff: 0.4, Sum: 32.2]
         [Processed Buffers: Min: 11, Avg: 12.0, Max: 14, Diff: 3, Sum: 48]
      [Scan RS (ms): Min: 0.6, Avg: 0.8, Max: 0.9, Diff: 0.2, Sum: 3.1]
      [Code Root Scanning (ms): Min: 0.1, Avg: 0.1, Max: 0.1, Diff: 0.0, Sum: 0.3]
      [Object Copy (ms): Min: 10.9, Avg: 10.9, Max: 11.0, Diff: 0.1, Sum: 43.6]
      [Termination (ms): Min: 0.0, Avg: 0.0, Max: 0.0, Diff: 0.0, Sum: 0.0]
      [GC Worker Other (ms): Min: 0.0, Avg: 0.1, Max: 0.1, Diff: 0.1, Sum: 0.3]
      [GC Worker Total (ms): Min: 20.3, Avg: 20.3, Max: 20.3, Diff: 0.0, Sum: 81.1]
      [GC Worker End (ms): Min: 84148.4, Avg: 84148.5, Max: 84148.5, Diff: 0.1]
   [Code Root Fixup: 0.0 ms]
   [Code Root Migration: 0.2 ms]
   [Clear CT: 0.5 ms]
   [Other: 167.8 ms]
      [Choose CSet: 0.0 ms]
      [Ref Proc: 163.3 ms]
      [Ref Enq: 2.4 ms]
      [Free CSet: 1.9 ms]
   [Eden: 1696.0M(1696.0M)->0.0B(1692.0M) Survivors: 17.0M->22.0M Heap: 3659.0M(4096.0M)->1968.5M(4096.0M)]
 [Times: user=0.71 sys=0.01, real=0.18 secs] 
2016-01-06T01:05:05.901-0800: 84.564: [GC pause (young)
Desired survivor size 112721920 bytes, new threshold 15 (max 15)
- age   1:   20632384 bytes,   20632384 total
- age   2:      36864 bytes,   20669248 total
2016-01-06T01:05:06.105-0800: 84.768: [SoftReference, 0 refs, 0.0000460 secs]2016-01-06T01:05:06.105-0800: 84.768: [WeakReference, 0 refs, 0.0000060 secs]2016-01-06T01:05:06.105-0800: 84.768: [FinalReference, 0 refs, 0.0000060 secs]2016-01-06T01:05:06.105-0800: 84.768: [PhantomReference, 0 refs, 52961 refs, 0.0017500 secs]2016-01-06T01:05:06.107-0800: 84.770: [JNI Weak Reference, 0.0000070 secs], 0.2106470 secs]
   [Parallel Time: 25.1 ms, GC Workers: 4]
      [GC Worker Start (ms): Min: 84564.4, Avg: 84564.6, Max: 84565.3, Diff: 1.0]
      [Ext Root Scanning (ms): Min: 0.0, Avg: 0.3, Max: 0.5, Diff: 0.5, Sum: 1.3]
      [SATB Filtering (ms): Min: 0.0, Avg: 0.0, Max: 0.0, Diff: 0.0, Sum: 0.0]
      [Update RS (ms): Min: 12.7, Avg: 13.3, Max: 13.6, Diff: 0.9, Sum: 53.0]
         [Processed Buffers: Min: 12, Avg: 16.8, Max: 23, Diff: 11, Sum: 67]
      [Scan RS (ms): Min: 0.6, Avg: 0.8, Max: 1.0, Diff: 0.4, Sum: 3.2]
      [Code Root Scanning (ms): Min: 0.1, Avg: 0.1, Max: 0.1, Diff: 0.0, Sum: 0.3]
      [Object Copy (ms): Min: 10.2, Avg: 10.3, Max: 10.3, Diff: 0.1, Sum: 41.0]
      [Termination (ms): Min: 0.0, Avg: 0.0, Max: 0.0, Diff: 0.0, Sum: 0.0]
      [GC Worker Other (ms): Min: 0.0, Avg: 0.1, Max: 0.1, Diff: 0.1, Sum: 0.2]
      [GC Worker Total (ms): Min: 24.1, Avg: 24.8, Max: 25.0, Diff: 0.9, Sum: 99.1]
      [GC Worker End (ms): Min: 84589.4, Avg: 84589.4, Max: 84589.4, Diff: 0.1]
   [Code Root Fixup: 0.0 ms]
   [Code Root Migration: 0.2 ms]
   [Clear CT: 0.4 ms]
   [Other: 184.9 ms]
      [Choose CSet: 0.0 ms]
      [Ref Proc: 180.5 ms]
      [Ref Enq: 2.4 ms]
      [Free CSet: 1.9 ms]
   [Eden: 1692.0M(1692.0M)->0.0B(250.0M) Survivors: 22.0M->22.0M Heap: 3660.5M(4096.0M)->1968.5M(4096.0M)]
 [Times: user=0.72 sys=0.00, real=0.21 secs] 
2016-01-06T01:05:06.150-0800: 84.813: [GC pause (young)
Desired survivor size 17825792 bytes, new threshold 1 (max 15)
- age   1:   20623456 bytes,   20623456 total
- age   2:      36864 bytes,   20660320 total
2016-01-06T01:05:06.320-0800: 84.983: [SoftReference, 0 refs, 0.0000550 secs]2016-01-06T01:05:06.320-0800: 84.983: [WeakReference, 0 refs, 0.0000070 secs]2016-01-06T01:05:06.320-0800: 84.983: [FinalReference, 0 refs, 0.0000050 secs]2016-01-06T01:05:06.320-0800: 84.983: [PhantomReference, 0 refs, 8260 refs, 0.0002980 secs]2016-01-06T01:05:06.320-0800: 84.983: [JNI Weak Reference, 0.0000070 secs], 0.1712840 secs]
   [Parallel Time: 3.2 ms, GC Workers: 4]
      [GC Worker Start (ms): Min: 84812.9, Avg: 84813.6, Max: 84815.8, Diff: 3.0]
      [Ext Root Scanning (ms): Min: 0.0, Avg: 0.3, Max: 0.4, Diff: 0.4, Sum: 1.3]
      [SATB Filtering (ms): Min: 0.0, Avg: 0.0, Max: 0.0, Diff: 0.0, Sum: 0.0]
      [Update RS (ms): Min: 0.0, Avg: 0.0, Max: 0.1, Diff: 0.1, Sum: 0.1]
         [Processed Buffers: Min: 0, Avg: 1.0, Max: 2, Diff: 2, Sum: 4]
      [Scan RS (ms): Min: 0.1, Avg: 0.1, Max: 0.2, Diff: 0.1, Sum: 0.5]
      [Code Root Scanning (ms): Min: 0.0, Avg: 0.0, Max: 0.0, Diff: 0.0, Sum: 0.1]
      [Object Copy (ms): Min: 0.0, Avg: 1.7, Max: 2.2, Diff: 2.2, Sum: 6.6]
      [Termination (ms): Min: 0.0, Avg: 0.2, Max: 0.3, Diff: 0.3, Sum: 0.8]
      [GC Worker Other (ms): Min: 0.0, Avg: 0.0, Max: 0.0, Diff: 0.0, Sum: 0.0]
      [GC Worker Total (ms): Min: 0.1, Avg: 2.4, Max: 3.1, Diff: 3.0, Sum: 9.4]
      [GC Worker End (ms): Min: 84816.0, Avg: 84816.0, Max: 84816.0, Diff: 0.0]
   [Code Root Fixup: 0.0 ms]
   [Code Root Migration: 0.0 ms]
   [Clear CT: 0.1 ms]
   [Other: 167.9 ms]
      [Choose CSet: 0.0 ms]
      [Ref Proc: 167.1 ms]
      [Ref Enq: 0.4 ms]
      [Free CSet: 0.4 ms]
   [Eden: 250.0M(250.0M)->0.0B(1696.0M) Survivors: 22.0M->17.0M Heap: 2218.5M(4096.0M)->1963.5M(4096.0M)]
 [Times: user=0.65 sys=0.00, real=0.17 secs] 
2016-01-06T01:05:06.560-0800: 85.222: [GC pause (young)
Desired survivor size 112721920 bytes, new threshold 15 (max 15)
- age   1:   16485616 bytes,   16485616 total
2016-01-06T01:05:06.768-0800: 85.431: [SoftReference, 0 refs, 0.0000630 secs]2016-01-06T01:05:06.768-0800: 85.431: [WeakReference, 0 refs, 0.0000070 secs]2016-01-06T01:05:06.768-0800: 85.431: [FinalReference, 0 refs, 0.0000050 secs]2016-01-06T01:05:06.768-0800: 85.431: [PhantomReference, 0 refs, 53086 refs, 0.0018350 secs]2016-01-06T01:05:06.770-0800: 85.433: [JNI Weak Reference, 0.0000080 secs], 0.2152600 secs]
   [Parallel Time: 28.1 ms, GC Workers: 4]
      [GC Worker Start (ms): Min: 85222.5, Avg: 85222.6, Max: 85222.6, Diff: 0.1]
      [Ext Root Scanning (ms): Min: 0.3, Avg: 0.4, Max: 0.4, Diff: 0.1, Sum: 1.4]
      [SATB Filtering (ms): Min: 0.0, Avg: 0.0, Max: 0.0, Diff: 0.0, Sum: 0.0]
      [Update RS (ms): Min: 15.8, Avg: 15.9, Max: 16.1, Diff: 0.3, Sum: 63.6]
         [Processed Buffers: Min: 22, Avg: 22.0, Max: 22, Diff: 0, Sum: 88]
      [Scan RS (ms): Min: 0.6, Avg: 0.7, Max: 0.8, Diff: 0.2, Sum: 3.0]
      [Code Root Scanning (ms): Min: 0.1, Avg: 0.1, Max: 0.1, Diff: 0.0, Sum: 0.4]
      [Object Copy (ms): Min: 10.8, Avg: 10.8, Max: 10.8, Diff: 0.0, Sum: 43.2]
      [Termination (ms): Min: 0.0, Avg: 0.0, Max: 0.0, Diff: 0.0, Sum: 0.0]
      [GC Worker Other (ms): Min: 0.0, Avg: 0.1, Max: 0.1, Diff: 0.0, Sum: 0.3]
      [GC Worker Total (ms): Min: 27.9, Avg: 27.9, Max: 28.0, Diff: 0.0, Sum: 111.8]
      [GC Worker End (ms): Min: 85250.5, Avg: 85250.5, Max: 85250.5, Diff: 0.1]
   [Code Root Fixup: 0.0 ms]
   [Code Root Migration: 0.2 ms]
   [Clear CT: 0.5 ms]
   [Other: 186.5 ms]
      [Choose CSet: 0.0 ms]
      [Ref Proc: 182.1 ms]
      [Ref Enq: 2.5 ms]
      [Free CSet: 1.8 ms]
   [Eden: 1696.0M(1696.0M)->0.0B(182.0M) Survivors: 17.0M->22.0M Heap: 3659.5M(4096.0M)->1968.5M(4096.0M)]
 [Times: user=0.83 sys=0.00, real=0.21 secs] 
2016-01-06T01:05:06.804-0800: 85.467: [GC pause (young)
Desired survivor size 13631488 bytes, new threshold 1 (max 15)
- age   1:   20632384 bytes,   20632384 total
- age   2:      36864 bytes,   20669248 total
2016-01-06T01:05:06.991-0800: 85.654: [SoftReference, 0 refs, 0.0000460 secs]2016-01-06T01:05:06.991-0800: 85.654: [WeakReference, 0 refs, 0.0000070 secs]2016-01-06T01:05:06.991-0800: 85.654: [FinalReference, 0 refs, 0.0000050 secs]2016-01-06T01:05:06.991-0800: 85.654: [PhantomReference, 0 refs, 6152 refs, 0.0002400 secs]2016-01-06T01:05:06.992-0800: 85.655: [JNI Weak Reference, 0.0000080 secs], 0.1884730 secs]
   [Parallel Time: 6.3 ms, GC Workers: 4]
      [GC Worker Start (ms): Min: 85466.9, Avg: 85466.9, Max: 85466.9, Diff: 0.1]
      [Ext Root Scanning (ms): Min: 0.3, Avg: 0.4, Max: 0.4, Diff: 0.1, Sum: 1.4]
      [SATB Filtering (ms): Min: 0.0, Avg: 0.0, Max: 0.0, Diff: 0.0, Sum: 0.0]
      [Update RS (ms): Min: 3.1, Avg: 3.4, Max: 3.7, Diff: 0.6, Sum: 13.8]
         [Processed Buffers: Min: 4, Avg: 5.5, Max: 7, Diff: 3, Sum: 22]
      [Scan RS (ms): Min: 0.0, Avg: 0.1, Max: 0.3, Diff: 0.3, Sum: 0.3]
      [Code Root Scanning (ms): Min: 0.0, Avg: 0.0, Max: 0.0, Diff: 0.0, Sum: 0.0]
      [Object Copy (ms): Min: 2.1, Avg: 2.3, Max: 2.4, Diff: 0.3, Sum: 9.1]
      [Termination (ms): Min: 0.0, Avg: 0.0, Max: 0.0, Diff: 0.0, Sum: 0.0]
      [GC Worker Other (ms): Min: 0.0, Avg: 0.0, Max: 0.0, Diff: 0.0, Sum: 0.2]
      [GC Worker Total (ms): Min: 6.2, Avg: 6.2, Max: 6.3, Diff: 0.1, Sum: 24.9]
      [GC Worker End (ms): Min: 85473.1, Avg: 85473.1, Max: 85473.1, Diff: 0.0]
   [Code Root Fixup: 0.0 ms]
   [Code Root Migration: 0.0 ms]
   [Clear CT: 0.1 ms]
   [Other: 182.0 ms]
      [Choose CSet: 0.0 ms]
      [Ref Proc: 181.4 ms]
      [Ref Enq: 0.3 ms]
      [Free CSet: 0.3 ms]
   [Eden: 182.0M(182.0M)->0.0B(499.0M) Survivors: 22.0M->19.0M Heap: 2150.5M(4096.0M)->1965.1M(4096.0M)]
 [Times: user=0.73 sys=0.01, real=0.19 secs] 
2016-01-06T01:05:07.063-0800: 85.726: [GC pause (young)
Desired survivor size 34078720 bytes, new threshold 15 (max 15)
- age   1:   17253136 bytes,   17253136 total
2016-01-06T01:05:07.265-0800: 85.928: [SoftReference, 0 refs, 0.0000650 secs]2016-01-06T01:05:07.265-0800: 85.928: [WeakReference, 0 refs, 0.0000100 secs]2016-01-06T01:05:07.265-0800: 85.928: [FinalReference, 0 refs, 0.0000090 secs]2016-01-06T01:05:07.265-0800: 85.928: [PhantomReference, 0 refs, 15979 refs, 0.0008650 secs]2016-01-06T01:05:07.266-0800: 85.929: [JNI Weak Reference, 0.0000120 secs], 0.2053060 secs]
   [Parallel Time: 4.8 ms, GC Workers: 4]
      [GC Worker Start (ms): Min: 85726.4, Avg: 85726.8, Max: 85727.9, Diff: 1.6]
      [Ext Root Scanning (ms): Min: 0.0, Avg: 0.3, Max: 0.5, Diff: 0.5, Sum: 1.3]
      [SATB Filtering (ms): Min: 0.0, Avg: 0.0, Max: 0.0, Diff: 0.0, Sum: 0.0]
      [Update RS (ms): Min: 0.0, Avg: 0.3, Max: 0.7, Diff: 0.6, Sum: 1.4]
         [Processed Buffers: Min: 0, Avg: 1.5, Max: 4, Diff: 4, Sum: 6]
      [Scan RS (ms): Min: 0.0, Avg: 0.2, Max: 0.5, Diff: 0.5, Sum: 0.7]
      [Code Root Scanning (ms): Min: 0.0, Avg: 0.0, Max: 0.1, Diff: 0.1, Sum: 0.1]
      [Object Copy (ms): Min: 3.0, Avg: 3.4, Max: 3.5, Diff: 0.5, Sum: 13.5]
      [Termination (ms): Min: 0.0, Avg: 0.0, Max: 0.0, Diff: 0.0, Sum: 0.0]
      [GC Worker Other (ms): Min: 0.0, Avg: 0.0, Max: 0.1, Diff: 0.1, Sum: 0.2]
      [GC Worker Total (ms): Min: 3.1, Avg: 4.3, Max: 4.7, Diff: 1.5, Sum: 17.1]
      [GC Worker End (ms): Min: 85731.0, Avg: 85731.0, Max: 85731.1, Diff: 0.1]
   [Code Root Fixup: 0.0 ms]
   [Code Root Migration: 0.1 ms]
   [Clear CT: 0.3 ms]
   [Other: 200.2 ms]
      [Choose CSet: 0.0 ms]
      [Ref Proc: 198.1 ms]
      [Ref Enq: 1.0 ms]
      [Free CSet: 1.0 ms]
   [Eden: 499.0M(499.0M)->0.0B(184.0M) Survivors: 19.0M->20.0M Heap: 2464.1M(4096.0M)->1966.1M(4096.0M)]
 [Times: user=0.69 sys=0.00, real=0.21 secs] 
2016-01-06T01:05:07.299-0800: 85.962: [GC pause (young)
Desired survivor size 13631488 bytes, new threshold 1 (max 15)
- age   1:   17960680 bytes,   17960680 total
- age   2:      36864 bytes,   17997544 total
2016-01-06T01:05:07.488-0800: 86.151: [SoftReference, 0 refs, 0.0000510 secs]2016-01-06T01:05:07.489-0800: 86.151: [WeakReference, 0 refs, 0.0000070 secs]2016-01-06T01:05:07.489-0800: 86.151: [FinalReference, 0 refs, 0.0000060 secs]2016-01-06T01:05:07.489-0800: 86.151: [PhantomReference, 0 refs, 6214 refs, 0.0002320 secs]2016-01-06T01:05:07.489-0800: 86.152: [JNI Weak Reference, 0.0000080 secs], 0.1909810 secs]
   [Parallel Time: 6.4 ms, GC Workers: 4]
      [GC Worker Start (ms): Min: 85961.6, Avg: 85963.1, Max: 85967.8, Diff: 6.2]
      [Ext Root Scanning (ms): Min: 0.0, Avg: 0.4, Max: 0.5, Diff: 0.5, Sum: 1.4]
      [SATB Filtering (ms): Min: 0.0, Avg: 0.0, Max: 0.0, Diff: 0.0, Sum: 0.0]
      [Update RS (ms): Min: 0.0, Avg: 0.1, Max: 0.2, Diff: 0.2, Sum: 0.2]
         [Processed Buffers: Min: 0, Avg: 1.0, Max: 2, Diff: 2, Sum: 4]
      [Scan RS (ms): Min: 0.0, Avg: 0.1, Max: 0.2, Diff: 0.2, Sum: 0.4]
      [Code Root Scanning (ms): Min: 0.0, Avg: 0.0, Max: 0.0, Diff: 0.0, Sum: 0.0]
      [Object Copy (ms): Min: 0.0, Avg: 1.9, Max: 2.5, Diff: 2.5, Sum: 7.5]
      [Termination (ms): Min: 0.0, Avg: 2.3, Max: 3.1, Diff: 3.1, Sum: 9.2]
      [GC Worker Other (ms): Min: 0.0, Avg: 0.0, Max: 0.0, Diff: 0.0, Sum: 0.0]
      [GC Worker Total (ms): Min: 0.1, Avg: 4.7, Max: 6.2, Diff: 6.2, Sum: 18.8]
      [GC Worker End (ms): Min: 85967.8, Avg: 85967.8, Max: 85967.9, Diff: 0.0]
   [Code Root Fixup: 0.0 ms]
   [Code Root Migration: 0.0 ms]
   [Clear CT: 0.1 ms]
   [Other: 184.5 ms]
      [Choose CSet: 0.0 ms]
      [Ref Proc: 183.8 ms]
      [Ref Enq: 0.3 ms]
      [Free CSet: 0.3 ms]
   [Eden: 184.0M(184.0M)->0.0B(372.0M) Survivors: 20.0M->19.0M Heap: 2150.1M(4096.0M)->1965.1M(4096.0M)]
 [Times: user=0.70 sys=0.01, real=0.19 secs] 
2016-01-06T01:05:07.547-0800: 86.210: [GC pause (young)
Desired survivor size 25690112 bytes, new threshold 15 (max 15)
- age   1:   17257600 bytes,   17257600 total
2016-01-06T01:05:07.740-0800: 86.403: [SoftReference, 0 refs, 0.0000420 secs]2016-01-06T01:05:07.740-0800: 86.403: [WeakReference, 0 refs, 0.0000060 secs]2016-01-06T01:05:07.740-0800: 86.403: [FinalReference, 0 refs, 0.0000050 secs]2016-01-06T01:05:07.740-0800: 86.403: [PhantomReference, 0 refs, 12043 refs, 0.0004340 secs]2016-01-06T01:05:07.740-0800: 86.403: [JNI Weak Reference, 0.0000080 secs], 0.1947710 secs]
   [Parallel Time: 3.5 ms, GC Workers: 4]
      [GC Worker Start (ms): Min: 86209.8, Avg: 86209.8, Max: 86209.9, Diff: 0.1]
      [Ext Root Scanning (ms): Min: 0.3, Avg: 0.4, Max: 0.4, Diff: 0.2, Sum: 1.4]
      [SATB Filtering (ms): Min: 0.0, Avg: 0.0, Max: 0.0, Diff: 0.0, Sum: 0.0]
      [Update RS (ms): Min: 0.0, Avg: 0.1, Max: 0.2, Diff: 0.2, Sum: 0.3]
         [Processed Buffers: Min: 0, Avg: 1.0, Max: 2, Diff: 2, Sum: 4]
      [Scan RS (ms): Min: 0.1, Avg: 0.2, Max: 0.2, Diff: 0.1, Sum: 0.7]
      [Code Root Scanning (ms): Min: 0.0, Avg: 0.0, Max: 0.0, Diff: 0.0, Sum: 0.1]
      [Object Copy (ms): Min: 2.8, Avg: 2.8, Max: 2.8, Diff: 0.0, Sum: 11.2]
      [Termination (ms): Min: 0.0, Avg: 0.0, Max: 0.0, Diff: 0.0, Sum: 0.0]
      [GC Worker Other (ms): Min: 0.0, Avg: 0.0, Max: 0.0, Diff: 0.0, Sum: 0.1]
      [GC Worker Total (ms): Min: 3.4, Avg: 3.5, Max: 3.5, Diff: 0.1, Sum: 13.8]
      [GC Worker End (ms): Min: 86213.3, Avg: 86213.3, Max: 86213.3, Diff: 0.0]
   [Code Root Fixup: 0.0 ms]
   [Code Root Migration: 0.1 ms]
   [Clear CT: 0.1 ms]
   [Other: 191.0 ms]
      [Choose CSet: 0.0 ms]
      [Ref Proc: 189.9 ms]
      [Ref Enq: 0.5 ms]
      [Free CSet: 0.5 ms]
   [Eden: 372.0M(372.0M)->0.0B(663.0M) Survivors: 19.0M->19.0M Heap: 2337.1M(4096.0M)->1965.6M(4096.0M)]
 [Times: user=0.75 sys=0.00, real=0.19 secs] 
2016-01-06T01:05:07.835-0800: 86.498: [GC pause (young)
Desired survivor size 45088768 bytes, new threshold 15 (max 15)
- age   1:   17677216 bytes,   17677216 total
- age   2:      36864 bytes,   17714080 total
2016-01-06T01:05:08.045-0800: 86.708: [SoftReference, 0 refs, 0.0000400 secs]2016-01-06T01:05:08.045-0800: 86.708: [WeakReference, 0 refs, 0.0000060 secs]2016-01-06T01:05:08.045-0800: 86.708: [FinalReference, 0 refs, 0.0000060 secs]2016-01-06T01:05:08.045-0800: 86.708: [PhantomReference, 0 refs, 21062 refs, 0.0007320 secs]2016-01-06T01:05:08.046-0800: 86.709: [JNI Weak Reference, 0.0000070 secs], 0.2129500 secs]
   [Parallel Time: 17.6 ms, GC Workers: 4]
      [GC Worker Start (ms): Min: 86498.1, Avg: 86498.1, Max: 86498.1, Diff: 0.1]
      [Ext Root Scanning (ms): Min: 0.3, Avg: 0.4, Max: 0.4, Diff: 0.1, Sum: 1.4]
      [SATB Filtering (ms): Min: 0.0, Avg: 0.0, Max: 0.0, Diff: 0.0, Sum: 0.0]
      [Update RS (ms): Min: 12.2, Avg: 12.3, Max: 12.5, Diff: 0.2, Sum: 49.3]
         [Processed Buffers: Min: 17, Avg: 18.0, Max: 20, Diff: 3, Sum: 72]
      [Scan RS (ms): Min: 0.2, Avg: 0.3, Max: 0.4, Diff: 0.2, Sum: 1.2]
      [Code Root Scanning (ms): Min: 0.0, Avg: 0.0, Max: 0.0, Diff: 0.0, Sum: 0.1]
      [Object Copy (ms): Min: 4.4, Avg: 4.4, Max: 4.5, Diff: 0.0, Sum: 17.8]
      [Termination (ms): Min: 0.0, Avg: 0.0, Max: 0.0, Diff: 0.0, Sum: 0.0]
      [GC Worker Other (ms): Min: 0.0, Avg: 0.1, Max: 0.1, Diff: 0.1, Sum: 0.2]
      [GC Worker Total (ms): Min: 17.5, Avg: 17.5, Max: 17.6, Diff: 0.1, Sum: 70.1]
      [GC Worker End (ms): Min: 86515.6, Avg: 86515.6, Max: 86515.7, Diff: 0.1]
   [Code Root Fixup: 0.0 ms]
   [Code Root Migration: 0.1 ms]
   [Clear CT: 0.3 ms]
   [Other: 194.9 ms]
      [Choose CSet: 0.0 ms]
      [Ref Proc: 193.1 ms]
      [Ref Enq: 1.0 ms]
      [Free CSet: 0.8 ms]
   [Eden: 663.0M(663.0M)->0.0B(184.0M) Survivors: 19.0M->20.0M Heap: 2628.6M(4096.0M)->1966.1M(4096.0M)]
 [Times: user=0.81 sys=0.00, real=0.22 secs] 
2016-01-06T01:05:08.076-0800: 86.739: [GC pause (young)
Desired survivor size 13631488 bytes, new threshold 1 (max 15)
- age   1:   18326728 bytes,   18326728 total
- age   2:      36864 bytes,   18363592 total
2016-01-06T01:05:08.282-0800: 86.945: [SoftReference, 0 refs, 0.0000580 secs]2016-01-06T01:05:08.282-0800: 86.945: [WeakReference, 0 refs, 0.0000060 secs]2016-01-06T01:05:08.282-0800: 86.945: [FinalReference, 0 refs, 0.0000050 secs]2016-01-06T01:05:08.282-0800: 86.945: [PhantomReference, 0 refs, 6213 refs, 0.0002460 secs]2016-01-06T01:05:08.282-0800: 86.945: [JNI Weak Reference, 0.0000070 secs], 0.2073880 secs]
   [Parallel Time: 3.1 ms, GC Workers: 4]
      [GC Worker Start (ms): Min: 86738.6, Avg: 86739.0, Max: 86740.2, Diff: 1.6]
      [Ext Root Scanning (ms): Min: 0.0, Avg: 0.3, Max: 0.5, Diff: 0.5, Sum: 1.3]
      [SATB Filtering (ms): Min: 0.0, Avg: 0.0, Max: 0.0, Diff: 0.0, Sum: 0.0]
      [Update RS (ms): Min: 0.0, Avg: 0.1, Max: 0.2, Diff: 0.2, Sum: 0.2]
         [Processed Buffers: Min: 0, Avg: 1.0, Max: 3, Diff: 3, Sum: 4]
      [Scan RS (ms): Min: 0.0, Avg: 0.1, Max: 0.2, Diff: 0.2, Sum: 0.3]
      [Code Root Scanning (ms): Min: 0.0, Avg: 0.0, Max: 0.0, Diff: 0.0, Sum: 0.0]
      [Object Copy (ms): Min: 1.4, Avg: 2.1, Max: 2.4, Diff: 1.0, Sum: 8.4]
      [Termination (ms): Min: 0.0, Avg: 0.0, Max: 0.0, Diff: 0.0, Sum: 0.0]
      [GC Worker Other (ms): Min: 0.0, Avg: 0.0, Max: 0.1, Diff: 0.0, Sum: 0.1]
      [GC Worker Total (ms): Min: 1.4, Avg: 2.6, Max: 3.0, Diff: 1.6, Sum: 10.4]
      [GC Worker End (ms): Min: 86741.6, Avg: 86741.6, Max: 86741.6, Diff: 0.0]
   [Code Root Fixup: 0.0 ms]
   [Code Root Migration: 0.0 ms]
   [Clear CT: 0.1 ms]
   [Other: 204.1 ms]
      [Choose CSet: 0.0 ms]
      [Ref Proc: 203.4 ms]
      [Ref Enq: 0.3 ms]
      [Free CSet: 0.3 ms]
   [Eden: 184.0M(184.0M)->0.0B(185.0M) Survivors: 20.0M->19.0M Heap: 2150.1M(4096.0M)->1965.1M(4096.0M)]
 [Times: user=0.78 sys=0.00, real=0.21 secs] 
2016-01-06T01:05:08.310-0800: 86.972: [GC pause (young)
Desired survivor size 13631488 bytes, new threshold 1 (max 15)
- age   1:   17257600 bytes,   17257600 total
2016-01-06T01:05:08.501-0800: 87.164: [SoftReference, 0 refs, 0.0000580 secs]2016-01-06T01:05:08.501-0800: 87.164: [WeakReference, 0 refs, 0.0000080 secs]2016-01-06T01:05:08.501-0800: 87.164: [FinalReference, 0 refs, 0.0000050 secs]2016-01-06T01:05:08.501-0800: 87.164: [PhantomReference, 0 refs, 6245 refs, 0.0002600 secs]2016-01-06T01:05:08.501-0800: 87.164: [JNI Weak Reference, 0.0000070 secs], 0.1924050 secs]
   [Parallel Time: 3.1 ms, GC Workers: 4]
      [GC Worker Start (ms): Min: 86972.5, Avg: 86972.5, Max: 86972.6, Diff: 0.1]
      [Ext Root Scanning (ms): Min: 0.3, Avg: 0.4, Max: 0.4, Diff: 0.1, Sum: 1.4]
      [SATB Filtering (ms): Min: 0.0, Avg: 0.0, Max: 0.0, Diff: 0.0, Sum: 0.0]
      [Update RS (ms): Min: 0.0, Avg: 0.1, Max: 0.1, Diff: 0.1, Sum: 0.3]
         [Processed Buffers: Min: 1, Avg: 1.2, Max: 2, Diff: 1, Sum: 5]
      [Scan RS (ms): Min: 0.1, Avg: 0.1, Max: 0.1, Diff: 0.1, Sum: 0.4]
      [Code Root Scanning (ms): Min: 0.0, Avg: 0.0, Max: 0.0, Diff: 0.0, Sum: 0.0]
      [Object Copy (ms): Min: 2.4, Avg: 2.4, Max: 2.4, Diff: 0.0, Sum: 9.4]
      [Termination (ms): Min: 0.0, Avg: 0.0, Max: 0.0, Diff: 0.0, Sum: 0.0]
      [GC Worker Other (ms): Min: 0.0, Avg: 0.0, Max: 0.0, Diff: 0.0, Sum: 0.1]
      [GC Worker Total (ms): Min: 2.9, Avg: 2.9, Max: 3.0, Diff: 0.1, Sum: 11.7]
      [GC Worker End (ms): Min: 86975.5, Avg: 86975.5, Max: 86975.5, Diff: 0.0]
   [Code Root Fixup: 0.0 ms]
   [Code Root Migration: 0.0 ms]
   [Clear CT: 0.1 ms]
   [Other: 189.1 ms]
      [Choose CSet: 0.0 ms]
      [Ref Proc: 188.5 ms]
      [Ref Enq: 0.3 ms]
      [Free CSet: 0.3 ms]
   [Eden: 185.0M(185.0M)->0.0B(185.0M) Survivors: 19.0M->19.0M Heap: 2150.1M(4096.0M)->1965.2M(4096.0M)]
 [Times: user=0.75 sys=0.00, real=0.19 secs] 
2016-01-06T01:05:08.528-0800: 87.191: [GC pause (young)
Desired survivor size 13631488 bytes, new threshold 1 (max 15)
- age   1:   17259832 bytes,   17259832 total
2016-01-06T01:05:08.732-0800: 87.395: [SoftReference, 0 refs, 0.0000380 secs]2016-01-06T01:05:08.732-0800: 87.395: [WeakReference, 0 refs, 0.0000070 secs]2016-01-06T01:05:08.732-0800: 87.395: [FinalReference, 0 refs, 0.0000060 secs]2016-01-06T01:05:08.732-0800: 87.395: [PhantomReference, 0 refs, 6244 refs, 0.0002300 secs]2016-01-06T01:05:08.732-0800: 87.395: [JNI Weak Reference, 0.0000070 secs], 0.2042520 secs]
   [Parallel Time: 3.1 ms, GC Workers: 4]
      [GC Worker Start (ms): Min: 87191.5, Avg: 87191.6, Max: 87191.9, Diff: 0.4]
      [Ext Root Scanning (ms): Min: 0.0, Avg: 0.3, Max: 0.5, Diff: 0.5, Sum: 1.3]
      [SATB Filtering (ms): Min: 0.0, Avg: 0.0, Max: 0.0, Diff: 0.0, Sum: 0.0]
      [Update RS (ms): Min: 0.0, Avg: 0.1, Max: 0.2, Diff: 0.2, Sum: 0.3]
         [Processed Buffers: Min: 0, Avg: 1.2, Max: 3, Diff: 3, Sum: 5]
      [Scan RS (ms): Min: 0.0, Avg: 0.1, Max: 0.1, Diff: 0.1, Sum: 0.3]
      [Code Root Scanning (ms): Min: 0.0, Avg: 0.0, Max: 0.0, Diff: 0.0, Sum: 0.0]
      [Object Copy (ms): Min: 2.3, Avg: 2.3, Max: 2.4, Diff: 0.1, Sum: 9.3]
      [Termination (ms): Min: 0.0, Avg: 0.0, Max: 0.0, Diff: 0.0, Sum: 0.0]
      [GC Worker Other (ms): Min: 0.0, Avg: 0.0, Max: 0.0, Diff: 0.0, Sum: 0.1]
      [GC Worker Total (ms): Min: 2.6, Avg: 2.9, Max: 3.0, Diff: 0.4, Sum: 11.4]
      [GC Worker End (ms): Min: 87194.4, Avg: 87194.5, Max: 87194.5, Diff: 0.0]
   [Code Root Fixup: 0.0 ms]
   [Code Root Migration: 0.0 ms]
   [Clear CT: 0.1 ms]
   [Other: 201.1 ms]
      [Choose CSet: 0.0 ms]
      [Ref Proc: 200.4 ms]
      [Ref Enq: 0.3 ms]
      [Free CSet: 0.3 ms]
   [Eden: 185.0M(185.0M)->0.0B(185.0M) Survivors: 19.0M->19.0M Heap: 2150.2M(4096.0M)->1965.2M(4096.0M)]
 [Times: user=0.79 sys=0.00, real=0.20 secs] 
2016-01-06T01:05:08.760-0800: 87.422: [GC pause (young)
Desired survivor size 13631488 bytes, new threshold 1 (max 15)
- age   1:   17259832 bytes,   17259832 total
2016-01-06T01:05:08.949-0800: 87.612: [SoftReference, 0 refs, 0.0000550 secs]2016-01-06T01:05:08.949-0800: 87.612: [WeakReference, 0 refs, 0.0000060 secs]2016-01-06T01:05:08.949-0800: 87.612: [FinalReference, 0 refs, 0.0000050 secs]2016-01-06T01:05:08.949-0800: 87.612: [PhantomReference, 0 refs, 6245 refs, 0.0002570 secs]2016-01-06T01:05:08.949-0800: 87.612: [JNI Weak Reference, 0.0000070 secs], 0.1902280 secs]
   [Parallel Time: 2.9 ms, GC Workers: 4]
      [GC Worker Start (ms): Min: 87422.5, Avg: 87422.5, Max: 87422.6, Diff: 0.1]
      [Ext Root Scanning (ms): Min: 0.3, Avg: 0.4, Max: 0.4, Diff: 0.1, Sum: 1.4]
      [SATB Filtering (ms): Min: 0.0, Avg: 0.0, Max: 0.0, Diff: 0.0, Sum: 0.0]
      [Update RS (ms): Min: 0.0, Avg: 0.1, Max: 0.2, Diff: 0.1, Sum: 0.3]
         [Processed Buffers: Min: 1, Avg: 1.2, Max: 2, Diff: 1, Sum: 5]
      [Scan RS (ms): Min: 0.0, Avg: 0.1, Max: 0.1, Diff: 0.1, Sum: 0.4]
      [Code Root Scanning (ms): Min: 0.0, Avg: 0.0, Max: 0.0, Diff: 0.0, Sum: 0.0]
      [Object Copy (ms): Min: 2.3, Avg: 2.3, Max: 2.3, Diff: 0.0, Sum: 9.2]
      [Termination (ms): Min: 0.0, Avg: 0.0, Max: 0.0, Diff: 0.0, Sum: 0.0]
      [GC Worker Other (ms): Min: 0.0, Avg: 0.0, Max: 0.0, Diff: 0.0, Sum: 0.1]
      [GC Worker Total (ms): Min: 2.8, Avg: 2.8, Max: 2.9, Diff: 0.1, Sum: 11.4]
      [GC Worker End (ms): Min: 87425.4, Avg: 87425.4, Max: 87425.4, Diff: 0.0]
   [Code Root Fixup: 0.0 ms]
   [Code Root Migration: 0.0 ms]
   [Clear CT: 0.1 ms]
   [Other: 187.2 ms]
      [Choose CSet: 0.0 ms]
      [Ref Proc: 186.5 ms]
      [Ref Enq: 0.3 ms]
      [Free CSet: 0.3 ms]
   [Eden: 185.0M(185.0M)->0.0B(185.0M) Survivors: 19.0M->19.0M Heap: 2150.2M(4096.0M)->1965.3M(4096.0M)]
 [Times: user=0.74 sys=0.00, real=0.19 secs] 
2016-01-06T01:05:08.977-0800: 87.640: [GC pause (young)
Desired survivor size 13631488 bytes, new threshold 1 (max 15)
- age   1:   17259832 bytes,   17259832 total
2016-01-06T01:05:09.167-0800: 87.830: [SoftReference, 0 refs, 0.0000460 secs]2016-01-06T01:05:09.167-0800: 87.830: [WeakReference, 0 refs, 0.0000070 secs]2016-01-06T01:05:09.167-0800: 87.830: [FinalReference, 0 refs, 0.0000060 secs]2016-01-06T01:05:09.167-0800: 87.830: [PhantomReference, 0 refs, 6245 refs, 0.0002440 secs]2016-01-06T01:05:09.167-0800: 87.830: [JNI Weak Reference, 0.0000070 secs], 0.1915250 secs]
   [Parallel Time: 3.3 ms, GC Workers: 4]
      [GC Worker Start (ms): Min: 87639.6, Avg: 87639.7, Max: 87639.9, Diff: 0.3]
      [Ext Root Scanning (ms): Min: 0.1, Avg: 0.4, Max: 0.5, Diff: 0.3, Sum: 1.5]
      [SATB Filtering (ms): Min: 0.0, Avg: 0.0, Max: 0.0, Diff: 0.0, Sum: 0.0]
      [Update RS (ms): Min: 0.0, Avg: 0.1, Max: 0.2, Diff: 0.2, Sum: 0.3]
         [Processed Buffers: Min: 0, Avg: 1.2, Max: 3, Diff: 3, Sum: 5]
      [Scan RS (ms): Min: 0.0, Avg: 0.1, Max: 0.1, Diff: 0.1, Sum: 0.4]
      [Code Root Scanning (ms): Min: 0.0, Avg: 0.0, Max: 0.0, Diff: 0.0, Sum: 0.0]
      [Object Copy (ms): Min: 2.5, Avg: 2.5, Max: 2.5, Diff: 0.1, Sum: 9.9]
      [Termination (ms): Min: 0.0, Avg: 0.0, Max: 0.1, Diff: 0.1, Sum: 0.1]
      [GC Worker Other (ms): Min: 0.0, Avg: 0.0, Max: 0.0, Diff: 0.0, Sum: 0.1]
      [GC Worker Total (ms): Min: 2.9, Avg: 3.1, Max: 3.2, Diff: 0.3, Sum: 12.3]
      [GC Worker End (ms): Min: 87642.8, Avg: 87642.8, Max: 87642.8, Diff: 0.0]
   [Code Root Fixup: 0.0 ms]
   [Code Root Migration: 0.0 ms]
   [Clear CT: 0.2 ms]
   [Other: 188.0 ms]
      [Choose CSet: 0.0 ms]
      [Ref Proc: 187.4 ms]
      [Ref Enq: 0.3 ms]
      [Free CSet: 0.3 ms]
   [Eden: 185.0M(185.0M)->0.0B(775.0M) Survivors: 19.0M->19.0M Heap: 2150.3M(4096.0M)->1965.3M(4096.0M)]
 [Times: user=0.74 sys=0.00, real=0.20 secs] 
2016-01-06T01:05:09.283-0800: 87.946: [GC pause (young)
Desired survivor size 52428800 bytes, new threshold 15 (max 15)
- age   1:   17259832 bytes,   17259832 total
2016-01-06T01:05:09.479-0800: 88.142: [SoftReference, 0 refs, 0.0000450 secs]2016-01-06T01:05:09.479-0800: 88.142: [WeakReference, 0 refs, 0.0000060 secs]2016-01-06T01:05:09.479-0800: 88.142: [FinalReference, 0 refs, 0.0000050 secs]2016-01-06T01:05:09.479-0800: 88.142: [PhantomReference, 0 refs, 24535 refs, 0.0008600 secs]2016-01-06T01:05:09.480-0800: 88.143: [JNI Weak Reference, 0.0000080 secs], 0.1998290 secs]
   [Parallel Time: 18.0 ms, GC Workers: 4]
      [GC Worker Start (ms): Min: 87946.0, Avg: 87946.3, Max: 87946.5, Diff: 0.5]
      [Ext Root Scanning (ms): Min: 0.1, Avg: 0.3, Max: 0.6, Diff: 0.4, Sum: 1.3]
      [SATB Filtering (ms): Min: 0.0, Avg: 0.0, Max: 0.0, Diff: 0.0, Sum: 0.0]
      [Update RS (ms): Min: 0.0, Avg: 0.1, Max: 0.2, Diff: 0.2, Sum: 0.3]
         [Processed Buffers: Min: 0, Avg: 1.5, Max: 4, Diff: 4, Sum: 6]
      [Scan RS (ms): Min: 0.3, Avg: 0.4, Max: 0.4, Diff: 0.1, Sum: 1.5]
      [Code Root Scanning (ms): Min: 0.0, Avg: 0.0, Max: 0.0, Diff: 0.0, Sum: 0.1]
      [Object Copy (ms): Min: 5.9, Avg: 8.6, Max: 16.8, Diff: 10.9, Sum: 34.4]
      [Termination (ms): Min: 0.0, Avg: 8.2, Max: 10.9, Diff: 10.9, Sum: 32.8]
      [GC Worker Other (ms): Min: 0.0, Avg: 0.0, Max: 0.0, Diff: 0.0, Sum: 0.1]
      [GC Worker Total (ms): Min: 17.4, Avg: 17.6, Max: 17.9, Diff: 0.5, Sum: 70.6]
      [GC Worker End (ms): Min: 87963.9, Avg: 87963.9, Max: 87964.0, Diff: 0.0]
   [Code Root Fixup: 0.0 ms]
   [Code Root Migration: 0.1 ms]
   [Clear CT: 0.3 ms]
   [Other: 181.4 ms]
      [Choose CSet: 0.0 ms]
      [Ref Proc: 179.3 ms]
      [Ref Enq: 1.1 ms]
      [Free CSet: 0.9 ms]
   [Eden: 775.0M(775.0M)->0.0B(939.0M) Survivors: 19.0M->20.0M Heap: 2740.3M(4096.0M)->1966.3M(4096.0M)]
 [Times: user=0.66 sys=0.00, real=0.20 secs] 
2016-01-06T01:05:09.620-0800: 88.282: [GC pause (young)
Desired survivor size 62914560 bytes, new threshold 15 (max 15)
- age   1:   18576712 bytes,   18576712 total
- age   2:      36864 bytes,   18613576 total
2016-01-06T01:05:09.816-0800: 88.479: [SoftReference, 0 refs, 0.0000450 secs]2016-01-06T01:05:09.816-0800: 88.479: [WeakReference, 0 refs, 0.0000060 secs]2016-01-06T01:05:09.816-0800: 88.479: [FinalReference, 0 refs, 0.0000060 secs]2016-01-06T01:05:09.816-0800: 88.479: [PhantomReference, 0 refs, 29620 refs, 0.0011000 secs]2016-01-06T01:05:09.817-0800: 88.480: [JNI Weak Reference, 0.0000080 secs], 0.2003160 secs]
   [Parallel Time: 7.6 ms, GC Workers: 4]
      [GC Worker Start (ms): Min: 88282.5, Avg: 88282.9, Max: 88283.9, Diff: 1.4]
      [Ext Root Scanning (ms): Min: 0.0, Avg: 0.3, Max: 0.5, Diff: 0.5, Sum: 1.3]
      [SATB Filtering (ms): Min: 0.0, Avg: 0.0, Max: 0.0, Diff: 0.0, Sum: 0.0]
      [Update RS (ms): Min: 0.0, Avg: 0.0, Max: 0.1, Diff: 0.1, Sum: 0.1]
         [Processed Buffers: Min: 0, Avg: 1.0, Max: 3, Diff: 3, Sum: 4]
      [Scan RS (ms): Min: 0.1, Avg: 0.4, Max: 0.5, Diff: 0.5, Sum: 1.6]
      [Code Root Scanning (ms): Min: 0.0, Avg: 0.0, Max: 0.1, Diff: 0.1, Sum: 0.2]
      [Object Copy (ms): Min: 6.0, Avg: 6.3, Max: 6.4, Diff: 0.5, Sum: 25.3]
      [Termination (ms): Min: 0.0, Avg: 0.0, Max: 0.0, Diff: 0.0, Sum: 0.0]
      [GC Worker Other (ms): Min: 0.0, Avg: 0.0, Max: 0.1, Diff: 0.1, Sum: 0.2]
      [GC Worker Total (ms): Min: 6.1, Avg: 7.2, Max: 7.6, Diff: 1.5, Sum: 28.7]
      [GC Worker End (ms): Min: 88290.0, Avg: 88290.1, Max: 88290.1, Diff: 0.1]
   [Code Root Fixup: 0.0 ms]
   [Code Root Migration: 0.1 ms]
   [Clear CT: 0.3 ms]
   [Other: 192.3 ms]
      [Choose CSet: 0.0 ms]
      [Ref Proc: 189.7 ms]
      [Ref Enq: 1.4 ms]
      [Free CSet: 1.1 ms]
   [Eden: 939.0M(939.0M)->0.0B(703.0M) Survivors: 20.0M->20.0M Heap: 2905.3M(4096.0M)->1966.3M(4096.0M)]
 [Times: user=0.77 sys=0.00, real=0.20 secs] 
2016-01-06T01:05:09.922-0800: 88.585: [GC pause (young)
Desired survivor size 47710208 bytes, new threshold 15 (max 15)
- age   1:   18942760 bytes,   18942760 total
- age   2:      36864 bytes,   18979624 total
2016-01-06T01:05:10.117-0800: 88.780: [SoftReference, 0 refs, 0.0000460 secs]2016-01-06T01:05:10.117-0800: 88.780: [WeakReference, 0 refs, 0.0000100 secs]2016-01-06T01:05:10.117-0800: 88.780: [FinalReference, 0 refs, 0.0000080 secs]2016-01-06T01:05:10.117-0800: 88.780: [PhantomReference, 0 refs, 22303 refs, 0.0009500 secs]2016-01-06T01:05:10.118-0800: 88.781: [JNI Weak Reference, 0.0000080 secs], 0.1981330 secs]
   [Parallel Time: 5.4 ms, GC Workers: 4]
      [GC Worker Start (ms): Min: 88585.2, Avg: 88585.2, Max: 88585.2, Diff: 0.1]
      [Ext Root Scanning (ms): Min: 0.3, Avg: 0.4, Max: 0.4, Diff: 0.1, Sum: 1.4]
      [SATB Filtering (ms): Min: 0.0, Avg: 0.0, Max: 0.0, Diff: 0.0, Sum: 0.0]
      [Update RS (ms): Min: 0.0, Avg: 0.1, Max: 0.2, Diff: 0.2, Sum: 0.2]
         [Processed Buffers: Min: 0, Avg: 1.2, Max: 4, Diff: 4, Sum: 5]
      [Scan RS (ms): Min: 0.3, Avg: 0.3, Max: 0.4, Diff: 0.1, Sum: 1.3]
      [Code Root Scanning (ms): Min: 0.0, Avg: 0.0, Max: 0.0, Diff: 0.0, Sum: 0.1]
      [Object Copy (ms): Min: 4.4, Avg: 4.4, Max: 4.4, Diff: 0.0, Sum: 17.7]
      [Termination (ms): Min: 0.0, Avg: 0.0, Max: 0.0, Diff: 0.0, Sum: 0.0]
      [GC Worker Other (ms): Min: 0.0, Avg: 0.0, Max: 0.1, Diff: 0.0, Sum: 0.2]
      [GC Worker Total (ms): Min: 5.2, Avg: 5.2, Max: 5.3, Diff: 0.1, Sum: 21.0]
      [GC Worker End (ms): Min: 88590.4, Avg: 88590.4, Max: 88590.5, Diff: 0.0]
   [Code Root Fixup: 0.0 ms]
   [Code Root Migration: 0.1 ms]
   [Clear CT: 0.2 ms]
   [Other: 192.4 ms]
      [Choose CSet: 0.0 ms]
      [Ref Proc: 190.5 ms]
      [Ref Enq: 1.0 ms]
      [Free CSet: 0.8 ms]
   [Eden: 703.0M(703.0M)->0.0B(749.0M) Survivors: 20.0M->19.0M Heap: 2669.3M(4096.0M)->1965.8M(4096.0M)]
 [Times: user=0.70 sys=0.00, real=0.20 secs] 
2016-01-06T01:05:10.236-0800: 88.899: [GC pause (young)
Desired survivor size 50331648 bytes, new threshold 15 (max 15)
- age   1:   17726536 bytes,   17726536 total
- age   2:      36864 bytes,   17763400 total
2016-01-06T01:05:10.429-0800: 89.092: [SoftReference, 0 refs, 0.0000510 secs]2016-01-06T01:05:10.429-0800: 89.092: [WeakReference, 0 refs, 0.0000080 secs]2016-01-06T01:05:10.429-0800: 89.092: [FinalReference, 0 refs, 0.0000060 secs]2016-01-06T01:05:10.429-0800: 89.092: [PhantomReference, 0 refs, 23729 refs, 0.0008220 secs]2016-01-06T01:05:10.430-0800: 89.093: [JNI Weak Reference, 0.0000070 secs], 0.1963290 secs]
   [Parallel Time: 6.7 ms, GC Workers: 4]
      [GC Worker Start (ms): Min: 88899.2, Avg: 88900.4, Max: 88903.9, Diff: 4.8]
      [Ext Root Scanning (ms): Min: 0.0, Avg: 0.4, Max: 0.5, Diff: 0.5, Sum: 1.4]
      [SATB Filtering (ms): Min: 0.0, Avg: 0.0, Max: 0.0, Diff: 0.0, Sum: 0.0]
      [Update RS (ms): Min: 0.0, Avg: 0.1, Max: 0.2, Diff: 0.2, Sum: 0.2]
         [Processed Buffers: Min: 0, Avg: 1.0, Max: 2, Diff: 2, Sum: 4]
      [Scan RS (ms): Min: 0.1, Avg: 0.4, Max: 0.5, Diff: 0.4, Sum: 1.5]
      [Code Root Scanning (ms): Min: 0.0, Avg: 0.0, Max: 0.1, Diff: 0.1, Sum: 0.2]
      [Object Copy (ms): Min: 1.5, Avg: 4.4, Max: 5.5, Diff: 3.9, Sum: 17.7]
      [Termination (ms): Min: 0.0, Avg: 0.1, Max: 0.1, Diff: 0.1, Sum: 0.4]
      [GC Worker Other (ms): Min: 0.0, Avg: 0.0, Max: 0.0, Diff: 0.0, Sum: 0.1]
      [GC Worker Total (ms): Min: 1.9, Avg: 5.4, Max: 6.6, Diff: 4.8, Sum: 21.6]
      [GC Worker End (ms): Min: 88905.7, Avg: 88905.8, Max: 88905.8, Diff: 0.0]
   [Code Root Fixup: 0.0 ms]
   [Code Root Migration: 0.1 ms]
   [Clear CT: 0.3 ms]
   [Other: 189.2 ms]
      [Choose CSet: 0.0 ms]
      [Ref Proc: 187.2 ms]
      [Ref Enq: 1.1 ms]
      [Free CSet: 0.9 ms]
   [Eden: 749.0M(749.0M)->0.0B(1015.0M) Survivors: 19.0M->20.0M Heap: 2714.8M(4096.0M)->1966.3M(4096.0M)]
 [Times: user=0.72 sys=0.01, real=0.20 secs] 
2016-01-06T01:05:10.578-0800: 89.241: [GC pause (young)
Desired survivor size 68157440 bytes, new threshold 15 (max 15)
- age   1:   18518680 bytes,   18518680 total
- age   2:      36864 bytes,   18555544 total
2016-01-06T01:05:10.774-0800: 89.437: [SoftReference, 0 refs, 0.0000470 secs]2016-01-06T01:05:10.774-0800: 89.437: [WeakReference, 0 refs, 0.0000070 secs]2016-01-06T01:05:10.774-0800: 89.437: [FinalReference, 0 refs, 0.0000060 secs]2016-01-06T01:05:10.774-0800: 89.437: [PhantomReference, 0 refs, 31974 refs, 0.0010830 secs]2016-01-06T01:05:10.775-0800: 89.438: [JNI Weak Reference, 0.0000070 secs], 0.2003370 secs]
   [Parallel Time: 7.4 ms, GC Workers: 4]
      [GC Worker Start (ms): Min: 89240.8, Avg: 89240.8, Max: 89240.9, Diff: 0.1]
      [Ext Root Scanning (ms): Min: 0.3, Avg: 0.4, Max: 0.4, Diff: 0.1, Sum: 1.4]
      [SATB Filtering (ms): Min: 0.0, Avg: 0.0, Max: 0.0, Diff: 0.0, Sum: 0.0]
      [Update RS (ms): Min: 0.0, Avg: 0.1, Max: 0.2, Diff: 0.2, Sum: 0.2]
         [Processed Buffers: Min: 0, Avg: 1.2, Max: 4, Diff: 4, Sum: 5]
      [Scan RS (ms): Min: 0.4, Avg: 0.5, Max: 0.5, Diff: 0.2, Sum: 1.9]
      [Code Root Scanning (ms): Min: 0.0, Avg: 0.0, Max: 0.1, Diff: 0.0, Sum: 0.2]
      [Object Copy (ms): Min: 6.3, Avg: 6.3, Max: 6.3, Diff: 0.0, Sum: 25.1]
      [Termination (ms): Min: 0.0, Avg: 0.0, Max: 0.0, Diff: 0.0, Sum: 0.0]
      [GC Worker Other (ms): Min: 0.0, Avg: 0.1, Max: 0.1, Diff: 0.0, Sum: 0.2]
      [GC Worker Total (ms): Min: 7.2, Avg: 7.3, Max: 7.3, Diff: 0.0, Sum: 29.1]
      [GC Worker End (ms): Min: 89248.1, Avg: 89248.1, Max: 89248.1, Diff: 0.0]
   [Code Root Fixup: 0.0 ms]
   [Code Root Migration: 0.1 ms]
   [Clear CT: 0.3 ms]
   [Other: 192.5 ms]
      [Choose CSet: 0.0 ms]
      [Ref Proc: 189.8 ms]
      [Ref Enq: 1.5 ms]
      [Free CSet: 1.2 ms]
   [Eden: 1015.0M(1015.0M)->0.0B(897.0M) Survivors: 20.0M->21.0M Heap: 2981.3M(4096.0M)->1967.3M(4096.0M)]
 [Times: user=0.77 sys=0.00, real=0.20 secs] 
2016-01-06T01:05:10.905-0800: 89.568: [GC pause (young)
Desired survivor size 60293120 bytes, new threshold 15 (max 15)
- age   1:   19112392 bytes,   19112392 total
- age   2:      36864 bytes,   19149256 total
2016-01-06T01:05:11.103-0800: 89.766: [SoftReference, 0 refs, 0.0000530 secs]2016-01-06T01:05:11.103-0800: 89.766: [WeakReference, 0 refs, 0.0000120 secs]2016-01-06T01:05:11.103-0800: 89.766: [FinalReference, 0 refs, 0.0000060 secs]2016-01-06T01:05:11.103-0800: 89.766: [PhantomReference, 0 refs, 28315 refs, 0.0009870 secs]2016-01-06T01:05:11.104-0800: 89.767: [JNI Weak Reference, 0.0000070 secs], 0.2015460 secs]
   [Parallel Time: 6.9 ms, GC Workers: 4]
      [GC Worker Start (ms): Min: 89568.4, Avg: 89568.5, Max: 89568.5, Diff: 0.1]
      [Ext Root Scanning (ms): Min: 0.3, Avg: 0.4, Max: 0.4, Diff: 0.1, Sum: 1.4]
      [SATB Filtering (ms): Min: 0.0, Avg: 0.0, Max: 0.0, Diff: 0.0, Sum: 0.0]
      [Update RS (ms): Min: 0.0, Avg: 0.1, Max: 0.2, Diff: 0.2, Sum: 0.2]
         [Processed Buffers: Min: 0, Avg: 1.0, Max: 3, Diff: 3, Sum: 4]
      [Scan RS (ms): Min: 0.4, Avg: 0.4, Max: 0.5, Diff: 0.1, Sum: 1.7]
      [Code Root Scanning (ms): Min: 0.0, Avg: 0.0, Max: 0.1, Diff: 0.0, Sum: 0.2]
      [Object Copy (ms): Min: 5.8, Avg: 5.8, Max: 5.9, Diff: 0.0, Sum: 23.3]
      [Termination (ms): Min: 0.0, Avg: 0.0, Max: 0.0, Diff: 0.0, Sum: 0.0]
      [GC Worker Other (ms): Min: 0.0, Avg: 0.1, Max: 0.1, Diff: 0.0, Sum: 0.2]
      [GC Worker Total (ms): Min: 6.7, Avg: 6.8, Max: 6.8, Diff: 0.1, Sum: 27.1]
      [GC Worker End (ms): Min: 89575.2, Avg: 89575.3, Max: 89575.3, Diff: 0.0]
   [Code Root Fixup: 0.0 ms]
   [Code Root Migration: 0.1 ms]
   [Clear CT: 0.3 ms]
   [Other: 194.2 ms]
      [Choose CSet: 0.0 ms]
      [Ref Proc: 191.6 ms]
      [Ref Enq: 1.4 ms]
      [Free CSet: 1.1 ms]
   [Eden: 897.0M(897.0M)->0.0B(623.0M) Survivors: 21.0M->20.0M Heap: 2864.3M(4096.0M)->1966.8M(4096.0M)]
 [Times: user=0.77 sys=0.00, real=0.20 secs] 
2016-01-06T01:05:11.196-0800: 89.859: [GC pause (young)
Desired survivor size 42467328 bytes, new threshold 15 (max 15)
- age   1:   18849016 bytes,   18849016 total
- age   2:      36864 bytes,   18885880 total
2016-01-06T01:05:11.414-0800: 90.077: [SoftReference, 0 refs, 0.0000470 secs]2016-01-06T01:05:11.414-0800: 90.077: [WeakReference, 0 refs, 0.0000070 secs]2016-01-06T01:05:11.414-0800: 90.077: [FinalReference, 0 refs, 0.0000060 secs]2016-01-06T01:05:11.414-0800: 90.077: [PhantomReference, 0 refs, 19822 refs, 0.0007250 secs]2016-01-06T01:05:11.415-0800: 90.077: [JNI Weak Reference, 0.0000080 secs], 0.2206340 secs]
   [Parallel Time: 5.2 ms, GC Workers: 4]
      [GC Worker Start (ms): Min: 89859.0, Avg: 89859.0, Max: 89859.1, Diff: 0.1]
      [Ext Root Scanning (ms): Min: 0.3, Avg: 0.4, Max: 0.4, Diff: 0.1, Sum: 1.4]
      [SATB Filtering (ms): Min: 0.0, Avg: 0.0, Max: 0.0, Diff: 0.0, Sum: 0.0]
      [Update RS (ms): Min: 0.0, Avg: 0.1, Max: 0.2, Diff: 0.2, Sum: 0.2]
         [Processed Buffers: Min: 0, Avg: 1.0, Max: 3, Diff: 3, Sum: 4]
      [Scan RS (ms): Min: 0.2, Avg: 0.3, Max: 0.3, Diff: 0.1, Sum: 1.1]
      [Code Root Scanning (ms): Min: 0.0, Avg: 0.0, Max: 0.0, Diff: 0.0, Sum: 0.1]
      [Object Copy (ms): Min: 4.3, Avg: 4.3, Max: 4.3, Diff: 0.0, Sum: 17.2]
      [Termination (ms): Min: 0.0, Avg: 0.0, Max: 0.0, Diff: 0.0, Sum: 0.0]
      [GC Worker Other (ms): Min: 0.0, Avg: 0.0, Max: 0.0, Diff: 0.0, Sum: 0.1]
      [GC Worker Total (ms): Min: 5.0, Avg: 5.1, Max: 5.1, Diff: 0.1, Sum: 20.3]
      [GC Worker End (ms): Min: 89864.1, Avg: 89864.1, Max: 89864.1, Diff: 0.0]
   [Code Root Fixup: 0.0 ms]
   [Code Root Migration: 0.1 ms]
   [Clear CT: 0.2 ms]
   [Other: 215.1 ms]
      [Choose CSet: 0.0 ms]
      [Ref Proc: 213.3 ms]
      [Ref Enq: 0.9 ms]
      [Free CSet: 0.8 ms]
   [Eden: 623.0M(623.0M)->0.0B(184.0M) Survivors: 20.0M->20.0M Heap: 2589.8M(4096.0M)->1966.8M(4096.0M)]
 [Times: user=0.75 sys=0.01, real=0.22 secs] 
2016-01-06T01:05:11.444-0800: 90.107: [GC pause (young)
Desired survivor size 13631488 bytes, new threshold 1 (max 15)
- age   1:   18237448 bytes,   18237448 total
- age   2:      36864 bytes,   18274312 total
2016-01-06T01:05:11.636-0800: 90.299: [SoftReference, 0 refs, 0.0000440 secs]2016-01-06T01:05:11.636-0800: 90.299: [WeakReference, 0 refs, 0.0000070 secs]2016-01-06T01:05:11.636-0800: 90.299: [FinalReference, 0 refs, 0.0000060 secs]2016-01-06T01:05:11.636-0800: 90.299: [PhantomReference, 0 refs, 6214 refs, 0.0002350 secs]2016-01-06T01:05:11.636-0800: 90.299: [JNI Weak Reference, 0.0000070 secs], 0.1926730 secs]
   [Parallel Time: 3.0 ms, GC Workers: 4]
      [GC Worker Start (ms): Min: 90107.1, Avg: 90107.3, Max: 90107.9, Diff: 0.8]
      [Ext Root Scanning (ms): Min: 0.0, Avg: 0.3, Max: 0.5, Diff: 0.5, Sum: 1.3]
      [SATB Filtering (ms): Min: 0.0, Avg: 0.0, Max: 0.0, Diff: 0.0, Sum: 0.0]
      [Update RS (ms): Min: 0.0, Avg: 0.0, Max: 0.1, Diff: 0.1, Sum: 0.2]
         [Processed Buffers: Min: 0, Avg: 1.0, Max: 3, Diff: 3, Sum: 4]
      [Scan RS (ms): Min: 0.0, Avg: 0.1, Max: 0.1, Diff: 0.1, Sum: 0.3]
      [Code Root Scanning (ms): Min: 0.0, Avg: 0.0, Max: 0.0, Diff: 0.0, Sum: 0.0]
      [Object Copy (ms): Min: 2.1, Avg: 2.3, Max: 2.3, Diff: 0.2, Sum: 9.0]
      [Termination (ms): Min: 0.0, Avg: 0.0, Max: 0.0, Diff: 0.0, Sum: 0.0]
      [GC Worker Other (ms): Min: 0.0, Avg: 0.0, Max: 0.0, Diff: 0.0, Sum: 0.1]
      [GC Worker Total (ms): Min: 2.1, Avg: 2.7, Max: 2.9, Diff: 0.8, Sum: 10.9]
      [GC Worker End (ms): Min: 90110.1, Avg: 90110.1, Max: 90110.1, Diff: 0.0]
   [Code Root Fixup: 0.0 ms]
   [Code Root Migration: 0.0 ms]
   [Clear CT: 0.1 ms]
   [Other: 189.5 ms]
      [Choose CSet: 0.0 ms]
      [Ref Proc: 188.9 ms]
      [Ref Enq: 0.3 ms]
      [Free CSet: 0.3 ms]
   [Eden: 184.0M(184.0M)->0.0B(186.0M) Survivors: 20.0M->18.0M Heap: 2150.8M(4096.0M)->1964.4M(4096.0M)]
 [Times: user=0.75 sys=0.00, real=0.19 secs] 
2016-01-06T01:05:11.664-0800: 90.327: [GC pause (young)
Desired survivor size 13631488 bytes, new threshold 1 (max 15)
- age   1:   16174144 bytes,   16174144 total
2016-01-06T01:05:11.861-0800: 90.524: [SoftReference, 0 refs, 0.0000460 secs]2016-01-06T01:05:11.861-0800: 90.524: [WeakReference, 0 refs, 0.0000060 secs]2016-01-06T01:05:11.861-0800: 90.524: [FinalReference, 0 refs, 0.0000050 secs]2016-01-06T01:05:11.861-0800: 90.524: [PhantomReference, 0 refs, 6276 refs, 0.0002420 secs]2016-01-06T01:05:11.861-0800: 90.524: [JNI Weak Reference, 0.0000080 secs], 0.1975760 secs]
   [Parallel Time: 3.1 ms, GC Workers: 4]
      [GC Worker Start (ms): Min: 90327.1, Avg: 90327.4, Max: 90327.9, Diff: 0.8]
      [Ext Root Scanning (ms): Min: 0.0, Avg: 0.3, Max: 0.5, Diff: 0.5, Sum: 1.3]
      [SATB Filtering (ms): Min: 0.0, Avg: 0.0, Max: 0.0, Diff: 0.0, Sum: 0.0]
      [Update RS (ms): Min: 0.0, Avg: 0.1, Max: 0.2, Diff: 0.2, Sum: 0.3]
         [Processed Buffers: Min: 0, Avg: 1.2, Max: 4, Diff: 4, Sum: 5]
      [Scan RS (ms): Min: 0.0, Avg: 0.1, Max: 0.1, Diff: 0.1, Sum: 0.3]
      [Code Root Scanning (ms): Min: 0.0, Avg: 0.0, Max: 0.0, Diff: 0.0, Sum: 0.0]
      [Object Copy (ms): Min: 2.2, Avg: 2.3, Max: 2.4, Diff: 0.2, Sum: 9.3]
      [Termination (ms): Min: 0.0, Avg: 0.0, Max: 0.0, Diff: 0.0, Sum: 0.0]
      [GC Worker Other (ms): Min: 0.0, Avg: 0.0, Max: 0.0, Diff: 0.0, Sum: 0.0]
      [GC Worker Total (ms): Min: 2.3, Avg: 2.8, Max: 3.0, Diff: 0.8, Sum: 11.2]
      [GC Worker End (ms): Min: 90330.2, Avg: 90330.2, Max: 90330.2, Diff: 0.0]
   [Code Root Fixup: 0.0 ms]
   [Code Root Migration: 0.0 ms]
   [Clear CT: 0.2 ms]
   [Other: 194.3 ms]
      [Choose CSet: 0.0 ms]
      [Ref Proc: 193.6 ms]
      [Ref Enq: 0.3 ms]
      [Free CSet: 0.3 ms]
   [Eden: 186.0M(186.0M)->0.0B(186.0M) Survivors: 18.0M->18.0M Heap: 2150.4M(4096.0M)->1964.9M(4096.0M)]
 [Times: user=0.75 sys=0.00, real=0.20 secs] 
2016-01-06T01:05:11.888-0800: 90.551: [GC pause (young)
Desired survivor size 13631488 bytes, new threshold 1 (max 15)
- age   1:   17262064 bytes,   17262064 total
2016-01-06T01:05:12.078-0800: 90.741: [SoftReference, 0 refs, 0.0000590 secs]2016-01-06T01:05:12.078-0800: 90.741: [WeakReference, 0 refs, 0.0000070 secs]2016-01-06T01:05:12.078-0800: 90.741: [FinalReference, 0 refs, 0.0000050 secs]2016-01-06T01:05:12.078-0800: 90.741: [PhantomReference, 0 refs, 6275 refs, 0.0002390 secs]2016-01-06T01:05:12.079-0800: 90.741: [JNI Weak Reference, 0.0000070 secs], 0.1908950 secs]
   [Parallel Time: 3.1 ms, GC Workers: 4]
      [GC Worker Start (ms): Min: 90551.5, Avg: 90551.5, Max: 90551.6, Diff: 0.1]
      [Ext Root Scanning (ms): Min: 0.3, Avg: 0.4, Max: 0.4, Diff: 0.1, Sum: 1.5]
      [SATB Filtering (ms): Min: 0.0, Avg: 0.0, Max: 0.0, Diff: 0.0, Sum: 0.0]
      [Update RS (ms): Min: 0.0, Avg: 0.1, Max: 0.3, Diff: 0.3, Sum: 0.4]
         [Processed Buffers: Min: 0, Avg: 1.2, Max: 3, Diff: 3, Sum: 5]
      [Scan RS (ms): Min: 0.0, Avg: 0.1, Max: 0.1, Diff: 0.1, Sum: 0.3]
      [Code Root Scanning (ms): Min: 0.0, Avg: 0.0, Max: 0.0, Diff: 0.0, Sum: 0.0]
      [Object Copy (ms): Min: 2.4, Avg: 2.4, Max: 2.4, Diff: 0.1, Sum: 9.6]
      [Termination (ms): Min: 0.0, Avg: 0.0, Max: 0.0, Diff: 0.0, Sum: 0.0]
      [GC Worker Other (ms): Min: 0.0, Avg: 0.0, Max: 0.0, Diff: 0.0, Sum: 0.1]
      [GC Worker Total (ms): Min: 3.0, Avg: 3.0, Max: 3.0, Diff: 0.1, Sum: 12.0]
      [GC Worker End (ms): Min: 90554.5, Avg: 90554.5, Max: 90554.5, Diff: 0.0]
   [Code Root Fixup: 0.0 ms]
   [Code Root Migration: 0.0 ms]
   [Clear CT: 0.1 ms]
   [Other: 187.6 ms]
      [Choose CSet: 0.0 ms]
      [Ref Proc: 186.9 ms]
      [Ref Enq: 0.3 ms]
      [Free CSet: 0.3 ms]
   [Eden: 186.0M(186.0M)->0.0B(185.0M) Survivors: 18.0M->19.0M Heap: 2150.9M(4096.0M)->1965.4M(4096.0M)]
 [Times: user=0.74 sys=0.01, real=0.19 secs] 
2016-01-06T01:05:12.107-0800: 90.770: [GC pause (young)
Desired survivor size 13631488 bytes, new threshold 1 (max 15)
- age   1:   17262064 bytes,   17262064 total
2016-01-06T01:05:12.325-0800: 90.988: [SoftReference, 0 refs, 0.0000550 secs]2016-01-06T01:05:12.325-0800: 90.988: [WeakReference, 0 refs, 0.0000070 secs]2016-01-06T01:05:12.325-0800: 90.988: [FinalReference, 0 refs, 0.0000050 secs]2016-01-06T01:05:12.325-0800: 90.988: [PhantomReference, 0 refs, 6243 refs, 0.0002310 secs]2016-01-06T01:05:12.326-0800: 90.989: [JNI Weak Reference, 0.0000080 secs], 0.2191260 secs]
   [Parallel Time: 3.2 ms, GC Workers: 4]
      [GC Worker Start (ms): Min: 90770.3, Avg: 90770.3, Max: 90770.3, Diff: 0.1]
      [Ext Root Scanning (ms): Min: 0.3, Avg: 0.4, Max: 0.4, Diff: 0.1, Sum: 1.5]
      [SATB Filtering (ms): Min: 0.0, Avg: 0.0, Max: 0.0, Diff: 0.0, Sum: 0.0]
      [Update RS (ms): Min: 0.0, Avg: 0.1, Max: 0.2, Diff: 0.2, Sum: 0.3]
         [Processed Buffers: Min: 1, Avg: 1.2, Max: 2, Diff: 1, Sum: 5]
      [Scan RS (ms): Min: 0.0, Avg: 0.1, Max: 0.1, Diff: 0.1, Sum: 0.3]
      [Code Root Scanning (ms): Min: 0.0, Avg: 0.0, Max: 0.0, Diff: 0.0, Sum: 0.1]
      [Object Copy (ms): Min: 2.4, Avg: 2.4, Max: 2.5, Diff: 0.0, Sum: 9.8]
      [Termination (ms): Min: 0.0, Avg: 0.0, Max: 0.0, Diff: 0.0, Sum: 0.0]
      [GC Worker Other (ms): Min: 0.0, Avg: 0.0, Max: 0.0, Diff: 0.0, Sum: 0.1]
      [GC Worker Total (ms): Min: 3.0, Avg: 3.0, Max: 3.0, Diff: 0.0, Sum: 12.1]
      [GC Worker End (ms): Min: 90773.3, Avg: 90773.3, Max: 90773.3, Diff: 0.0]
   [Code Root Fixup: 0.0 ms]
   [Code Root Migration: 0.0 ms]
   [Clear CT: 0.1 ms]
   [Other: 215.8 ms]
      [Choose CSet: 0.0 ms]
      [Ref Proc: 215.1 ms]
      [Ref Enq: 0.3 ms]
      [Free CSet: 0.3 ms]
   [Eden: 185.0M(185.0M)->0.0B(185.0M) Survivors: 19.0M->19.0M Heap: 2150.4M(4096.0M)->1965.5M(4096.0M)]
 [Times: user=0.79 sys=0.01, real=0.22 secs] 
2016-01-06T01:05:12.353-0800: 91.016: [GC pause (young)
Desired survivor size 13631488 bytes, new threshold 1 (max 15)
- age   1:   17259832 bytes,   17259832 total
2016-01-06T01:05:12.546-0800: 91.209: [SoftReference, 0 refs, 0.0000520 secs]2016-01-06T01:05:12.546-0800: 91.209: [WeakReference, 0 refs, 0.0000070 secs]2016-01-06T01:05:12.546-0800: 91.209: [FinalReference, 0 refs, 0.0000050 secs]2016-01-06T01:05:12.546-0800: 91.209: [PhantomReference, 0 refs, 6243 refs, 0.0002590 secs]2016-01-06T01:05:12.547-0800: 91.210: [JNI Weak Reference, 0.0000080 secs], 0.1948150 secs]
   [Parallel Time: 3.0 ms, GC Workers: 4]
      [GC Worker Start (ms): Min: 91015.7, Avg: 91015.8, Max: 91015.8, Diff: 0.1]
      [Ext Root Scanning (ms): Min: 0.3, Avg: 0.4, Max: 0.4, Diff: 0.1, Sum: 1.5]
      [SATB Filtering (ms): Min: 0.0, Avg: 0.0, Max: 0.0, Diff: 0.0, Sum: 0.0]
      [Update RS (ms): Min: 0.0, Avg: 0.1, Max: 0.2, Diff: 0.2, Sum: 0.3]
         [Processed Buffers: Min: 1, Avg: 1.2, Max: 2, Diff: 1, Sum: 5]
      [Scan RS (ms): Min: 0.0, Avg: 0.1, Max: 0.1, Diff: 0.1, Sum: 0.3]
      [Code Root Scanning (ms): Min: 0.0, Avg: 0.0, Max: 0.0, Diff: 0.0, Sum: 0.1]
      [Object Copy (ms): Min: 2.3, Avg: 2.3, Max: 2.4, Diff: 0.0, Sum: 9.4]
      [Termination (ms): Min: 0.0, Avg: 0.0, Max: 0.0, Diff: 0.0, Sum: 0.0]
      [GC Worker Other (ms): Min: 0.0, Avg: 0.0, Max: 0.0, Diff: 0.0, Sum: 0.1]
      [GC Worker Total (ms): Min: 2.9, Avg: 2.9, Max: 3.0, Diff: 0.1, Sum: 11.7]
      [GC Worker End (ms): Min: 91018.7, Avg: 91018.7, Max: 91018.7, Diff: 0.0]
   [Code Root Fixup: 0.0 ms]
   [Code Root Migration: 0.0 ms]
   [Clear CT: 0.2 ms]
   [Other: 191.6 ms]
      [Choose CSet: 0.0 ms]
      [Ref Proc: 190.9 ms]
      [Ref Enq: 0.3 ms]
      [Free CSet: 0.4 ms]
   [Eden: 185.0M(185.0M)->0.0B(185.0M) Survivors: 19.0M->19.0M Heap: 2150.5M(4096.0M)->1965.5M(4096.0M)]
 [Times: user=0.74 sys=0.00, real=0.20 secs] 
2016-01-06T01:05:12.574-0800: 91.237: [GC pause (young)
Desired survivor size 13631488 bytes, new threshold 1 (max 15)
- age   1:   17259832 bytes,   17259832 total
2016-01-06T01:05:12.765-0800: 91.428: [SoftReference, 0 refs, 0.0000460 secs]2016-01-06T01:05:12.765-0800: 91.428: [WeakReference, 0 refs, 0.0000070 secs]2016-01-06T01:05:12.765-0800: 91.428: [FinalReference, 0 refs, 0.0000200 secs]2016-01-06T01:05:12.765-0800: 91.428: [PhantomReference, 0 refs, 6243 refs, 0.0002320 secs]2016-01-06T01:05:12.766-0800: 91.429: [JNI Weak Reference, 0.0000080 secs], 0.1925500 secs]
   [Parallel Time: 3.1 ms, GC Workers: 4]
      [GC Worker Start (ms): Min: 91237.0, Avg: 91237.0, Max: 91237.0, Diff: 0.1]
      [Ext Root Scanning (ms): Min: 0.3, Avg: 0.4, Max: 0.4, Diff: 0.1, Sum: 1.4]
      [SATB Filtering (ms): Min: 0.0, Avg: 0.0, Max: 0.0, Diff: 0.0, Sum: 0.0]
      [Update RS (ms): Min: 0.0, Avg: 0.1, Max: 0.2, Diff: 0.2, Sum: 0.3]
         [Processed Buffers: Min: 0, Avg: 1.2, Max: 2, Diff: 2, Sum: 5]
      [Scan RS (ms): Min: 0.0, Avg: 0.1, Max: 0.1, Diff: 0.1, Sum: 0.3]
      [Code Root Scanning (ms): Min: 0.0, Avg: 0.0, Max: 0.0, Diff: 0.0, Sum: 0.0]
      [Object Copy (ms): Min: 2.4, Avg: 2.4, Max: 2.4, Diff: 0.0, Sum: 9.7]
      [Termination (ms): Min: 0.0, Avg: 0.0, Max: 0.0, Diff: 0.0, Sum: 0.0]
      [GC Worker Other (ms): Min: 0.0, Avg: 0.0, Max: 0.0, Diff: 0.0, Sum: 0.1]
      [GC Worker Total (ms): Min: 2.9, Avg: 3.0, Max: 3.0, Diff: 0.1, Sum: 11.9]
      [GC Worker End (ms): Min: 91240.0, Avg: 91240.0, Max: 91240.0, Diff: 0.0]
   [Code Root Fixup: 0.0 ms]
   [Code Root Migration: 0.0 ms]
   [Clear CT: 0.1 ms]
   [Other: 189.3 ms]
      [Choose CSet: 0.0 ms]
      [Ref Proc: 188.7 ms]
      [Ref Enq: 0.3 ms]
      [Free CSet: 0.3 ms]
   [Eden: 185.0M(185.0M)->0.0B(185.0M) Survivors: 19.0M->19.0M Heap: 2150.5M(4096.0M)->1965.6M(4096.0M)]
 [Times: user=0.74 sys=0.00, real=0.20 secs] 
2016-01-06T01:05:12.793-0800: 91.456: [GC pause (young)
Desired survivor size 13631488 bytes, new threshold 1 (max 15)
- age   1:   17259832 bytes,   17259832 total
2016-01-06T01:05:12.984-0800: 91.647: [SoftReference, 0 refs, 0.0000470 secs]2016-01-06T01:05:12.984-0800: 91.647: [WeakReference, 0 refs, 0.0000060 secs]2016-01-06T01:05:12.984-0800: 91.647: [FinalReference, 0 refs, 0.0000060 secs]2016-01-06T01:05:12.984-0800: 91.647: [PhantomReference, 0 refs, 6245 refs, 0.0002330 secs]2016-01-06T01:05:12.985-0800: 91.647: [JNI Weak Reference, 0.0000080 secs], 0.1926970 secs]
   [Parallel Time: 3.1 ms, GC Workers: 4]
      [GC Worker Start (ms): Min: 91455.6, Avg: 91455.7, Max: 91455.9, Diff: 0.3]
      [Ext Root Scanning (ms): Min: 0.2, Avg: 0.4, Max: 0.4, Diff: 0.3, Sum: 1.4]
      [SATB Filtering (ms): Min: 0.0, Avg: 0.0, Max: 0.0, Diff: 0.0, Sum: 0.0]
      [Update RS (ms): Min: 0.0, Avg: 0.1, Max: 0.2, Diff: 0.2, Sum: 0.3]
         [Processed Buffers: Min: 0, Avg: 1.2, Max: 3, Diff: 3, Sum: 5]
      [Scan RS (ms): Min: 0.0, Avg: 0.1, Max: 0.1, Diff: 0.1, Sum: 0.3]
      [Code Root Scanning (ms): Min: 0.0, Avg: 0.0, Max: 0.0, Diff: 0.0, Sum: 0.0]
      [Object Copy (ms): Min: 2.3, Avg: 2.3, Max: 2.4, Diff: 0.1, Sum: 9.3]
      [Termination (ms): Min: 0.0, Avg: 0.0, Max: 0.0, Diff: 0.0, Sum: 0.0]
      [GC Worker Other (ms): Min: 0.0, Avg: 0.0, Max: 0.1, Diff: 0.1, Sum: 0.2]
      [GC Worker Total (ms): Min: 2.7, Avg: 2.9, Max: 3.0, Diff: 0.3, Sum: 11.6]
      [GC Worker End (ms): Min: 91458.6, Avg: 91458.6, Max: 91458.7, Diff: 0.1]
   [Code Root Fixup: 0.0 ms]
   [Code Root Migration: 0.0 ms]
   [Clear CT: 0.1 ms]
   [Other: 189.4 ms]
      [Choose CSet: 0.0 ms]
      [Ref Proc: 188.8 ms]
      [Ref Enq: 0.3 ms]
      [Free CSet: 0.3 ms]
   [Eden: 185.0M(185.0M)->0.0B(185.0M) Survivors: 19.0M->19.0M Heap: 2150.6M(4096.0M)->1965.6M(4096.0M)]
 [Times: user=0.75 sys=0.01, real=0.20 secs] 
2016-01-06T01:05:13.012-0800: 91.675: [GC pause (young)
Desired survivor size 13631488 bytes, new threshold 1 (max 15)
- age   1:   17259832 bytes,   17259832 total
2016-01-06T01:05:13.204-0800: 91.867: [SoftReference, 0 refs, 0.0000570 secs]2016-01-06T01:05:13.205-0800: 91.867: [WeakReference, 0 refs, 0.0000190 secs]2016-01-06T01:05:13.205-0800: 91.868: [FinalReference, 0 refs, 0.0000090 secs]2016-01-06T01:05:13.205-0800: 91.868: [PhantomReference, 0 refs, 6245 refs, 0.0002890 secs]2016-01-06T01:05:13.205-0800: 91.868: [JNI Weak Reference, 0.0000110 secs], 0.1939440 secs]
   [Parallel Time: 3.0 ms, GC Workers: 4]
      [GC Worker Start (ms): Min: 91674.8, Avg: 91675.1, Max: 91675.9, Diff: 1.1]
      [Ext Root Scanning (ms): Min: 0.0, Avg: 0.3, Max: 0.5, Diff: 0.5, Sum: 1.3]
      [SATB Filtering (ms): Min: 0.0, Avg: 0.0, Max: 0.0, Diff: 0.0, Sum: 0.0]
      [Update RS (ms): Min: 0.0, Avg: 0.1, Max: 0.2, Diff: 0.2, Sum: 0.2]
         [Processed Buffers: Min: 0, Avg: 1.0, Max: 2, Diff: 2, Sum: 4]
      [Scan RS (ms): Min: 0.0, Avg: 0.1, Max: 0.1, Diff: 0.1, Sum: 0.3]
      [Code Root Scanning (ms): Min: 0.0, Avg: 0.0, Max: 0.0, Diff: 0.0, Sum: 0.0]
      [Object Copy (ms): Min: 1.8, Avg: 2.1, Max: 2.2, Diff: 0.5, Sum: 8.5]
      [Termination (ms): Min: 0.0, Avg: 0.0, Max: 0.0, Diff: 0.0, Sum: 0.0]
      [GC Worker Other (ms): Min: 0.0, Avg: 0.0, Max: 0.0, Diff: 0.0, Sum: 0.1]
      [GC Worker Total (ms): Min: 1.8, Avg: 2.6, Max: 2.9, Diff: 1.1, Sum: 10.5]
      [GC Worker End (ms): Min: 91677.7, Avg: 91677.7, Max: 91677.7, Diff: 0.0]
   [Code Root Fixup: 0.0 ms]
   [Code Root Migration: 0.0 ms]
   [Clear CT: 0.2 ms]
   [Other: 190.8 ms]
      [Choose CSet: 0.0 ms]
      [Ref Proc: 190.1 ms]
      [Ref Enq: 0.3 ms]
      [Free CSet: 0.3 ms]
   [Eden: 185.0M(185.0M)->0.0B(612.0M) Survivors: 19.0M->19.0M Heap: 2150.6M(4096.0M)->1965.7M(4096.0M)]
 [Times: user=0.75 sys=0.00, real=0.20 secs] 
2016-01-06T01:05:13.304-0800: 91.967: [GC pause (young)
Desired survivor size 41418752 bytes, new threshold 15 (max 15)
- age   1:   17259832 bytes,   17259832 total
2016-01-06T01:05:13.507-0800: 92.170: [SoftReference, 0 refs, 0.0000490 secs]2016-01-06T01:05:13.507-0800: 92.170: [WeakReference, 0 refs, 0.0000070 secs]2016-01-06T01:05:13.507-0800: 92.170: [FinalReference, 0 refs, 0.0000060 secs]2016-01-06T01:05:13.507-0800: 92.170: [PhantomReference, 0 refs, 19480 refs, 0.0007380 secs]2016-01-06T01:05:13.508-0800: 92.171: [JNI Weak Reference, 0.0000080 secs], 0.2065290 secs]
   [Parallel Time: 5.3 ms, GC Workers: 4]
      [GC Worker Start (ms): Min: 91966.7, Avg: 91966.7, Max: 91966.7, Diff: 0.1]
      [Ext Root Scanning (ms): Min: 0.3, Avg: 0.4, Max: 0.4, Diff: 0.1, Sum: 1.4]
      [SATB Filtering (ms): Min: 0.0, Avg: 0.0, Max: 0.0, Diff: 0.0, Sum: 0.0]
      [Update RS (ms): Min: 0.0, Avg: 0.1, Max: 0.2, Diff: 0.2, Sum: 0.3]
         [Processed Buffers: Min: 0, Avg: 1.0, Max: 2, Diff: 2, Sum: 4]
      [Scan RS (ms): Min: 0.2, Avg: 0.3, Max: 0.3, Diff: 0.1, Sum: 1.2]
      [Code Root Scanning (ms): Min: 0.0, Avg: 0.0, Max: 0.0, Diff: 0.0, Sum: 0.1]
      [Object Copy (ms): Min: 4.3, Avg: 4.3, Max: 4.3, Diff: 0.0, Sum: 17.3]
      [Termination (ms): Min: 0.0, Avg: 0.0, Max: 0.0, Diff: 0.0, Sum: 0.0]
      [GC Worker Other (ms): Min: 0.0, Avg: 0.1, Max: 0.1, Diff: 0.1, Sum: 0.2]
      [GC Worker Total (ms): Min: 5.1, Avg: 5.1, Max: 5.2, Diff: 0.0, Sum: 20.6]
      [GC Worker End (ms): Min: 91971.8, Avg: 91971.8, Max: 91971.9, Diff: 0.1]
   [Code Root Fixup: 0.0 ms]
   [Code Root Migration: 0.1 ms]
   [Clear CT: 0.2 ms]
   [Other: 200.9 ms]
      [Choose CSet: 0.0 ms]
      [Ref Proc: 199.1 ms]
      [Ref Enq: 0.9 ms]
      [Free CSet: 0.8 ms]
   [Eden: 612.0M(612.0M)->0.0B(184.0M) Survivors: 19.0M->20.0M Heap: 2577.7M(4096.0M)->1966.7M(4096.0M)]
 [Times: user=0.68 sys=0.00, real=0.21 secs] 
2016-01-06T01:05:13.541-0800: 92.204: [GC pause (young)
Desired survivor size 13631488 bytes, new threshold 1 (max 15)
- age   1:   18212896 bytes,   18212896 total
- age   2:      36864 bytes,   18249760 total
2016-01-06T01:05:13.731-0800: 92.394: [SoftReference, 0 refs, 0.0000510 secs]2016-01-06T01:05:13.731-0800: 92.394: [WeakReference, 0 refs, 0.0000080 secs]2016-01-06T01:05:13.731-0800: 92.394: [FinalReference, 0 refs, 0.0000050 secs]2016-01-06T01:05:13.731-0800: 92.394: [PhantomReference, 0 refs, 6214 refs, 0.0002360 secs]2016-01-06T01:05:13.731-0800: 92.394: [JNI Weak Reference, 0.0000070 secs], 0.1909140 secs]
   [Parallel Time: 3.0 ms, GC Workers: 4]
      [GC Worker Start (ms): Min: 92204.2, Avg: 92204.5, Max: 92205.3, Diff: 1.1]
      [Ext Root Scanning (ms): Min: 0.0, Avg: 0.3, Max: 0.5, Diff: 0.5, Sum: 1.3]
      [SATB Filtering (ms): Min: 0.0, Avg: 0.0, Max: 0.0, Diff: 0.0, Sum: 0.0]
      [Update RS (ms): Min: 0.0, Avg: 0.1, Max: 0.2, Diff: 0.2, Sum: 0.2]
         [Processed Buffers: Min: 0, Avg: 1.0, Max: 3, Diff: 3, Sum: 4]
      [Scan RS (ms): Min: 0.0, Avg: 0.1, Max: 0.2, Diff: 0.2, Sum: 0.3]
      [Code Root Scanning (ms): Min: 0.0, Avg: 0.0, Max: 0.0, Diff: 0.0, Sum: 0.0]
      [Object Copy (ms): Min: 1.8, Avg: 2.2, Max: 2.4, Diff: 0.6, Sum: 8.8]
      [Termination (ms): Min: 0.0, Avg: 0.0, Max: 0.0, Diff: 0.0, Sum: 0.0]
      [GC Worker Other (ms): Min: 0.0, Avg: 0.0, Max: 0.0, Diff: 0.0, Sum: 0.1]
      [GC Worker Total (ms): Min: 1.8, Avg: 2.7, Max: 3.0, Diff: 1.2, Sum: 10.7]
      [GC Worker End (ms): Min: 92207.1, Avg: 92207.1, Max: 92207.1, Diff: 0.0]
   [Code Root Fixup: 0.0 ms]
   [Code Root Migration: 0.0 ms]
   [Clear CT: 0.1 ms]
   [Other: 187.7 ms]
      [Choose CSet: 0.0 ms]
      [Ref Proc: 187.0 ms]
      [Ref Enq: 0.3 ms]
      [Free CSet: 0.3 ms]
   [Eden: 184.0M(184.0M)->0.0B(466.0M) Survivors: 20.0M->19.0M Heap: 2150.7M(4096.0M)->1965.7M(4096.0M)]
 [Times: user=0.74 sys=0.00, real=0.19 secs] 
2016-01-06T01:05:13.800-0800: 92.463: [GC pause (young)
Desired survivor size 31981568 bytes, new threshold 15 (max 15)
- age   1:   17257600 bytes,   17257600 total
2016-01-06T01:05:13.991-0800: 92.653: [SoftReference, 0 refs, 0.0000450 secs]2016-01-06T01:05:13.991-0800: 92.654: [WeakReference, 0 refs, 0.0000060 secs]2016-01-06T01:05:13.991-0800: 92.654: [FinalReference, 0 refs, 0.0000050 secs]2016-01-06T01:05:13.991-0800: 92.654: [PhantomReference, 0 refs, 14954 refs, 0.0005450 secs]2016-01-06T01:05:13.991-0800: 92.654: [JNI Weak Reference, 0.0000070 secs], 0.1925530 secs]
   [Parallel Time: 4.3 ms, GC Workers: 4]
      [GC Worker Start (ms): Min: 92463.2, Avg: 92463.4, Max: 92463.9, Diff: 0.7]
      [Ext Root Scanning (ms): Min: 0.0, Avg: 0.3, Max: 0.5, Diff: 0.4, Sum: 1.3]
      [SATB Filtering (ms): Min: 0.0, Avg: 0.0, Max: 0.0, Diff: 0.0, Sum: 0.0]
      [Update RS (ms): Min: 0.0, Avg: 0.1, Max: 0.2, Diff: 0.2, Sum: 0.2]
         [Processed Buffers: Min: 0, Avg: 1.0, Max: 2, Diff: 2, Sum: 4]
      [Scan RS (ms): Min: 0.1, Avg: 0.2, Max: 0.3, Diff: 0.1, Sum: 0.9]
      [Code Root Scanning (ms): Min: 0.0, Avg: 0.0, Max: 0.0, Diff: 0.0, Sum: 0.1]
      [Object Copy (ms): Min: 3.3, Avg: 3.3, Max: 3.3, Diff: 0.1, Sum: 13.1]
      [Termination (ms): Min: 0.0, Avg: 0.0, Max: 0.0, Diff: 0.0, Sum: 0.0]
      [GC Worker Other (ms): Min: 0.0, Avg: 0.0, Max: 0.0, Diff: 0.0, Sum: 0.1]
      [GC Worker Total (ms): Min: 3.5, Avg: 3.9, Max: 4.1, Diff: 0.7, Sum: 15.8]
      [GC Worker End (ms): Min: 92467.3, Avg: 92467.4, Max: 92467.4, Diff: 0.0]
   [Code Root Fixup: 0.0 ms]
   [Code Root Migration: 0.1 ms]
   [Clear CT: 0.2 ms]
   [Other: 188.1 ms]
      [Choose CSet: 0.0 ms]
      [Ref Proc: 186.7 ms]
      [Ref Enq: 0.7 ms]
      [Free CSet: 0.6 ms]
   [Eden: 466.0M(466.0M)->0.0B(1125.0M) Survivors: 19.0M->19.0M Heap: 2431.7M(4096.0M)->1966.2M(4096.0M)]
 [Times: user=0.74 sys=0.00, real=0.19 secs] 
2016-01-06T01:05:14.131-0800: 92.794: [GC concurrent-mark-end, 16.2308100 secs]
2016-01-06T01:05:14.131-0800: 92.794: [GC remark 2016-01-06T01:05:14.131-0800: 92.794: [GC ref-proc2016-01-06T01:05:14.131-0800: 92.794: [SoftReference, 0 refs, 0.0000190 secs]2016-01-06T01:05:14.131-0800: 92.794: [WeakReference, 3 refs, 0.0000140 secs]2016-01-06T01:05:14.131-0800: 92.794: [FinalReference, 4 refs, 0.0000130 secs]2016-01-06T01:05:14.132-0800: 92.794: [PhantomReference, 0 refs, 10482437 refs, 1.5945310 secs]2016-01-06T01:05:15.726-0800: 94.389: [JNI Weak Reference, 0.0000190 secs], 1.5946540 secs], 1.6027580 secs]
 [Times: user=1.14 sys=0.49, real=1.60 secs] 
2016-01-06T01:05:15.734-0800: 94.397: [GC cleanup 2858M->2857M(4096M), 0.0054990 secs]
 [Times: user=0.02 sys=0.00, real=0.01 secs] 
2016-01-06T01:05:15.740-0800: 94.403: [GC concurrent-cleanup-start]
2016-01-06T01:05:15.740-0800: 94.403: [GC concurrent-cleanup-end, 0.0000200 secs]
2016-01-06T01:05:15.773-0800: 94.436: [GC pause (young)
Desired survivor size 74973184 bytes, new threshold 15 (max 15)
- age   1:   17887024 bytes,   17887024 total
- age   2:      36864 bytes,   17923888 total
2016-01-06T01:05:15.781-0800: 94.444: [SoftReference, 0 refs, 0.0000550 secs]2016-01-06T01:05:15.781-0800: 94.444: [WeakReference, 0 refs, 0.0000060 secs]2016-01-06T01:05:15.781-0800: 94.444: [FinalReference, 0 refs, 0.0000050 secs]2016-01-06T01:05:15.781-0800: 94.444: [PhantomReference, 0 refs, 35383 refs, 0.0008730 secs]2016-01-06T01:05:15.782-0800: 94.445: [JNI Weak Reference, 0.0000070 secs], 0.0118850 secs]
   [Parallel Time: 8.2 ms, GC Workers: 4]
      [GC Worker Start (ms): Min: 94435.7, Avg: 94435.8, Max: 94435.8, Diff: 0.1]
      [Ext Root Scanning (ms): Min: 0.3, Avg: 0.4, Max: 0.4, Diff: 0.1, Sum: 1.5]
      [Update RS (ms): Min: 0.0, Avg: 0.1, Max: 0.2, Diff: 0.2, Sum: 0.2]
         [Processed Buffers: Min: 0, Avg: 1.2, Max: 3, Diff: 3, Sum: 5]
      [Scan RS (ms): Min: 0.5, Avg: 0.5, Max: 0.6, Diff: 0.1, Sum: 2.1]
      [Code Root Scanning (ms): Min: 0.0, Avg: 0.1, Max: 0.1, Diff: 0.0, Sum: 0.2]
      [Object Copy (ms): Min: 6.9, Avg: 7.0, Max: 7.0, Diff: 0.1, Sum: 27.8]
      [Termination (ms): Min: 0.0, Avg: 0.0, Max: 0.0, Diff: 0.0, Sum: 0.0]
      [GC Worker Other (ms): Min: 0.0, Avg: 0.0, Max: 0.1, Diff: 0.0, Sum: 0.2]
      [GC Worker Total (ms): Min: 8.0, Avg: 8.0, Max: 8.1, Diff: 0.1, Sum: 32.1]
      [GC Worker End (ms): Min: 94443.8, Avg: 94443.8, Max: 94443.8, Diff: 0.0]
   [Code Root Fixup: 0.0 ms]
   [Code Root Migration: 0.2 ms]
   [Clear CT: 0.4 ms]
   [Other: 3.2 ms]
      [Choose CSet: 0.0 ms]
      [Ref Proc: 1.2 ms]
      [Ref Enq: 0.6 ms]
      [Free CSet: 1.3 ms]
   [Eden: 1125.0M(1125.0M)->0.0B(1691.0M) Survivors: 19.0M->21.0M Heap: 3090.2M(4096.0M)->1966.7M(4096.0M)]
 [Times: user=0.04 sys=0.00, real=0.01 secs] 
2016-01-06T01:05:16.022-0800: 94.685: [GC pause (young)
Desired survivor size 112197632 bytes, new threshold 15 (max 15)
- age   1:   19357912 bytes,   19357912 total
- age   2:      36864 bytes,   19394776 total
2016-01-06T01:05:16.035-0800: 94.698: [SoftReference, 0 refs, 0.0000500 secs]2016-01-06T01:05:16.035-0800: 94.698: [WeakReference, 0 refs, 0.0000060 secs]2016-01-06T01:05:16.035-0800: 94.698: [FinalReference, 0 refs, 0.0000050 secs]2016-01-06T01:05:16.035-0800: 94.698: [PhantomReference, 0 refs, 52930 refs, 0.0013760 secs]2016-01-06T01:05:16.036-0800: 94.699: [JNI Weak Reference, 0.0000070 secs], 0.0173480 secs]
   [Parallel Time: 12.1 ms, GC Workers: 4]
      [GC Worker Start (ms): Min: 94685.3, Avg: 94685.3, Max: 94685.4, Diff: 0.1]
      [Ext Root Scanning (ms): Min: 0.3, Avg: 0.4, Max: 0.4, Diff: 0.2, Sum: 1.4]
      [Update RS (ms): Min: 0.0, Avg: 0.1, Max: 0.2, Diff: 0.2, Sum: 0.2]
         [Processed Buffers: Min: 0, Avg: 1.0, Max: 3, Diff: 3, Sum: 4]
      [Scan RS (ms): Min: 0.7, Avg: 0.8, Max: 0.8, Diff: 0.1, Sum: 3.2]
      [Code Root Scanning (ms): Min: 0.1, Avg: 0.1, Max: 0.1, Diff: 0.0, Sum: 0.3]
      [Object Copy (ms): Min: 10.6, Avg: 10.6, Max: 10.7, Diff: 0.1, Sum: 42.5]
      [Termination (ms): Min: 0.0, Avg: 0.0, Max: 0.0, Diff: 0.0, Sum: 0.0]
      [GC Worker Other (ms): Min: 0.0, Avg: 0.0, Max: 0.1, Diff: 0.1, Sum: 0.2]
      [GC Worker Total (ms): Min: 11.9, Avg: 12.0, Max: 12.0, Diff: 0.1, Sum: 47.9]
      [GC Worker End (ms): Min: 94697.3, Avg: 94697.3, Max: 94697.3, Diff: 0.1]
   [Code Root Fixup: 0.0 ms]
   [Code Root Migration: 0.2 ms]
   [Clear CT: 0.5 ms]
   [Other: 4.5 ms]
      [Choose CSet: 0.0 ms]
      [Ref Proc: 1.6 ms]
      [Ref Enq: 0.9 ms]
      [Free CSet: 1.9 ms]
   [Eden: 1691.0M(1691.0M)->0.0B(1690.0M) Survivors: 21.0M->22.0M Heap: 3657.7M(4096.0M)->1968.2M(4096.0M)]
 [Times: user=0.06 sys=0.00, real=0.02 secs] 
2016-01-06T01:05:16.277-0800: 94.940: [GC pause (young) (initial-mark)
Desired survivor size 112197632 bytes, new threshold 15 (max 15)
- age   1:   20621224 bytes,   20621224 total
- age   2:      36864 bytes,   20658088 total
2016-01-06T01:05:16.290-0800: 94.953: [SoftReference, 0 refs, 0.0000430 secs]2016-01-06T01:05:16.290-0800: 94.953: [WeakReference, 0 refs, 0.0000060 secs]2016-01-06T01:05:16.290-0800: 94.953: [FinalReference, 0 refs, 0.0000170 secs]2016-01-06T01:05:16.290-0800: 94.953: [PhantomReference, 0 refs, 52899 refs, 0.0013680 secs]2016-01-06T01:05:16.291-0800: 94.954: [JNI Weak Reference, 0.0000080 secs], 0.0181110 secs]
   [Parallel Time: 12.2 ms, GC Workers: 4]
      [GC Worker Start (ms): Min: 94940.4, Avg: 94940.5, Max: 94940.5, Diff: 0.1]
      [Ext Root Scanning (ms): Min: 0.3, Avg: 0.4, Max: 0.4, Diff: 0.1, Sum: 1.5]
      [Code Root Marking (ms): Min: 0.2, Avg: 0.2, Max: 0.3, Diff: 0.0, Sum: 1.0]
      [Update RS (ms): Min: 0.0, Avg: 0.1, Max: 0.2, Diff: 0.2, Sum: 0.2]
         [Processed Buffers: Min: 0, Avg: 1.0, Max: 3, Diff: 3, Sum: 4]
      [Scan RS (ms): Min: 0.7, Avg: 0.7, Max: 0.8, Diff: 0.1, Sum: 2.9]
      [Code Root Scanning (ms): Min: 0.1, Avg: 0.1, Max: 0.1, Diff: 0.0, Sum: 0.3]
      [Object Copy (ms): Min: 10.5, Avg: 10.5, Max: 10.5, Diff: 0.1, Sum: 42.0]
      [Termination (ms): Min: 0.0, Avg: 0.0, Max: 0.0, Diff: 0.0, Sum: 0.0]
      [GC Worker Other (ms): Min: 0.0, Avg: 0.1, Max: 0.1, Diff: 0.0, Sum: 0.2]
      [GC Worker Total (ms): Min: 12.0, Avg: 12.0, Max: 12.1, Diff: 0.1, Sum: 48.2]
      [GC Worker End (ms): Min: 94952.5, Avg: 94952.5, Max: 94952.5, Diff: 0.0]
   [Code Root Fixup: 0.0 ms]
   [Code Root Migration: 0.2 ms]
   [Clear CT: 0.5 ms]
   [Other: 5.2 ms]
      [Choose CSet: 0.0 ms]
      [Ref Proc: 1.6 ms]
      [Ref Enq: 0.9 ms]
      [Free CSet: 1.9 ms]
   [Eden: 1690.0M(1690.0M)->0.0B(1691.0M) Survivors: 22.0M->22.0M Heap: 3658.2M(4096.0M)->1968.2M(4096.0M)]
 [Times: user=0.05 sys=0.00, real=0.01 secs] 
2016-01-06T01:05:16.295-0800: 94.958: [GC concurrent-root-region-scan-start]
2016-01-06T01:05:16.303-0800: 94.966: [GC concurrent-root-region-scan-end, 0.0074720 secs]
2016-01-06T01:05:16.303-0800: 94.966: [GC concurrent-mark-start]
2016-01-06T01:05:16.846-0800: 95.508: [GC pause (young)
Desired survivor size 112721920 bytes, new threshold 15 (max 15)
- age   1:   20618992 bytes,   20618992 total
- age   2:      36864 bytes,   20655856 total
2016-01-06T01:05:16.873-0800: 95.536: [SoftReference, 0 refs, 0.0000470 secs]2016-01-06T01:05:16.873-0800: 95.536: [WeakReference, 0 refs, 0.0000060 secs]2016-01-06T01:05:16.873-0800: 95.536: [FinalReference, 0 refs, 0.0000060 secs]2016-01-06T01:05:16.873-0800: 95.536: [PhantomReference, 0 refs, 52929 refs, 0.0017900 secs]2016-01-06T01:05:16.875-0800: 95.538: [JNI Weak Reference, 0.0000080 secs], 0.0343400 secs]
   [Parallel Time: 23.8 ms, GC Workers: 4]
      [GC Worker Start (ms): Min: 95508.6, Avg: 95511.4, Max: 95519.9, Diff: 11.4]
      [Ext Root Scanning (ms): Min: 0.0, Avg: 0.3, Max: 0.5, Diff: 0.5, Sum: 1.3]
      [SATB Filtering (ms): Min: 0.0, Avg: 0.0, Max: 0.0, Diff: 0.0, Sum: 0.0]
      [Update RS (ms): Min: 1.4, Avg: 10.1, Max: 15.1, Diff: 13.7, Sum: 40.3]
         [Processed Buffers: Min: 2, Avg: 16.2, Max: 29, Diff: 27, Sum: 65]
      [Scan RS (ms): Min: 0.2, Avg: 0.7, Max: 1.1, Diff: 0.9, Sum: 2.9]
      [Code Root Scanning (ms): Min: 0.0, Avg: 0.1, Max: 0.2, Diff: 0.2, Sum: 0.3]
      [Object Copy (ms): Min: 7.8, Avg: 9.5, Max: 10.2, Diff: 2.4, Sum: 38.2]
      [Termination (ms): Min: 0.0, Avg: 0.0, Max: 0.0, Diff: 0.0, Sum: 0.0]
      [GC Worker Other (ms): Min: 0.0, Avg: 0.1, Max: 0.1, Diff: 0.1, Sum: 0.3]
      [GC Worker Total (ms): Min: 12.3, Avg: 20.8, Max: 23.7, Diff: 11.3, Sum: 83.2]
      [GC Worker End (ms): Min: 95532.2, Avg: 95532.2, Max: 95532.3, Diff: 0.1]
   [Code Root Fixup: 0.0 ms]
   [Code Root Migration: 0.2 ms]
   [Clear CT: 0.4 ms]
   [Other: 9.9 ms]
      [Choose CSet: 0.0 ms]
      [Ref Proc: 5.6 ms]
      [Ref Enq: 2.4 ms]
      [Free CSet: 1.8 ms]
   [Eden: 1691.0M(1691.0M)->0.0B(1692.0M) Survivors: 22.0M->22.0M Heap: 3659.2M(4096.0M)->1967.7M(4096.0M)]
 [Times: user=0.10 sys=0.00, real=0.03 secs] 
2016-01-06T01:05:17.121-0800: 95.784: [GC pause (young)
Desired survivor size 112721920 bytes, new threshold 15 (max 15)
- age   1:   20621224 bytes,   20621224 total
- age   2:      36864 bytes,   20658088 total
2016-01-06T01:05:17.171-0800: 95.833: [SoftReference, 0 refs, 0.0000430 secs]2016-01-06T01:05:17.171-0800: 95.833: [WeakReference, 0 refs, 0.0000070 secs]2016-01-06T01:05:17.171-0800: 95.834: [FinalReference, 0 refs, 0.0000050 secs]2016-01-06T01:05:17.171-0800: 95.834: [PhantomReference, 0 refs, 52962 refs, 0.0018010 secs]2016-01-06T01:05:17.172-0800: 95.835: [JNI Weak Reference, 0.0000070 secs], 0.0566490 secs]
   [Parallel Time: 31.1 ms, GC Workers: 4]
      [GC Worker Start (ms): Min: 95783.9, Avg: 95783.9, Max: 95783.9, Diff: 0.1]
      [Ext Root Scanning (ms): Min: 0.3, Avg: 0.4, Max: 0.4, Diff: 0.1, Sum: 1.4]
      [SATB Filtering (ms): Min: 0.0, Avg: 0.0, Max: 0.0, Diff: 0.0, Sum: 0.0]
      [Update RS (ms): Min: 18.9, Avg: 19.2, Max: 19.5, Diff: 0.6, Sum: 76.8]
         [Processed Buffers: Min: 27, Avg: 27.8, Max: 28, Diff: 1, Sum: 111]
      [Scan RS (ms): Min: 0.5, Avg: 0.8, Max: 1.1, Diff: 0.5, Sum: 3.2]
      [Code Root Scanning (ms): Min: 0.0, Avg: 0.1, Max: 0.1, Diff: 0.0, Sum: 0.3]
      [Object Copy (ms): Min: 10.4, Avg: 10.4, Max: 10.4, Diff: 0.0, Sum: 41.7]
      [Termination (ms): Min: 0.0, Avg: 0.0, Max: 0.0, Diff: 0.0, Sum: 0.0]
      [GC Worker Other (ms): Min: 0.0, Avg: 0.1, Max: 0.1, Diff: 0.1, Sum: 0.3]
      [GC Worker Total (ms): Min: 30.9, Avg: 31.0, Max: 31.0, Diff: 0.1, Sum: 123.8]
      [GC Worker End (ms): Min: 95814.8, Avg: 95814.9, Max: 95814.9, Diff: 0.1]
   [Code Root Fixup: 0.0 ms]
   [Code Root Migration: 0.2 ms]
   [Clear CT: 0.5 ms]
   [Other: 24.9 ms]
      [Choose CSet: 0.0 ms]
      [Ref Proc: 20.4 ms]
      [Ref Enq: 2.4 ms]
      [Free CSet: 1.9 ms]
   [Eden: 1692.0M(1692.0M)->0.0B(1692.0M) Survivors: 22.0M->22.0M Heap: 3659.7M(4096.0M)->1968.2M(4096.0M)]
 [Times: user=0.20 sys=0.01, real=0.06 secs] 
2016-01-06T01:05:17.420-0800: 96.083: [GC pause (young)
Desired survivor size 112721920 bytes, new threshold 15 (max 15)
- age   1:   20623456 bytes,   20623456 total
- age   2:      36864 bytes,   20660320 total
2016-01-06T01:05:17.501-0800: 96.164: [SoftReference, 0 refs, 0.0000400 secs]2016-01-06T01:05:17.501-0800: 96.164: [WeakReference, 0 refs, 0.0000060 secs]2016-01-06T01:05:17.501-0800: 96.164: [FinalReference, 0 refs, 0.0000060 secs]2016-01-06T01:05:17.501-0800: 96.164: [PhantomReference, 0 refs, 52961 refs, 0.0018240 secs]2016-01-06T01:05:17.503-0800: 96.166: [JNI Weak Reference, 0.0000070 secs], 0.0885780 secs]
   [Parallel Time: 46.0 ms, GC Workers: 4]
      [GC Worker Start (ms): Min: 96082.6, Avg: 96082.6, Max: 96082.6, Diff: 0.1]
      [Ext Root Scanning (ms): Min: 0.3, Avg: 0.4, Max: 0.4, Diff: 0.1, Sum: 1.4]
      [SATB Filtering (ms): Min: 0.0, Avg: 0.0, Max: 0.0, Diff: 0.0, Sum: 0.0]
      [Update RS (ms): Min: 21.3, Avg: 27.3, Max: 45.1, Diff: 23.8, Sum: 109.2]
         [Processed Buffers: Min: 16, Avg: 26.0, Max: 31, Diff: 15, Sum: 104]
      [Scan RS (ms): Min: 0.4, Avg: 0.9, Max: 1.1, Diff: 0.7, Sum: 3.4]
      [Code Root Scanning (ms): Min: 0.0, Avg: 0.1, Max: 0.1, Diff: 0.1, Sum: 0.3]
      [Object Copy (ms): Min: 0.0, Avg: 8.9, Max: 11.9, Diff: 11.9, Sum: 35.8]
      [Termination (ms): Min: 0.0, Avg: 8.3, Max: 11.1, Diff: 11.1, Sum: 33.1]
      [GC Worker Other (ms): Min: 0.0, Avg: 0.0, Max: 0.1, Diff: 0.0, Sum: 0.1]
      [GC Worker Total (ms): Min: 45.8, Avg: 45.9, Max: 45.9, Diff: 0.1, Sum: 183.4]
      [GC Worker End (ms): Min: 96128.5, Avg: 96128.5, Max: 96128.5, Diff: 0.0]
   [Code Root Fixup: 0.0 ms]
   [Code Root Migration: 0.2 ms]
   [Clear CT: 0.6 ms]
   [Other: 41.8 ms]
      [Choose CSet: 0.0 ms]
      [Ref Proc: 37.5 ms]
      [Ref Enq: 2.4 ms]
      [Free CSet: 1.8 ms]
   [Eden: 1692.0M(1692.0M)->0.0B(1693.0M) Survivors: 22.0M->22.0M Heap: 3660.2M(4096.0M)->1967.7M(4096.0M)]
 [Times: user=0.27 sys=0.00, real=0.09 secs] 
2016-01-06T01:05:17.773-0800: 96.436: [GC pause (young)
Desired survivor size 112721920 bytes, new threshold 15 (max 15)
- age   1:   20623456 bytes,   20623456 total
- age   2:      36864 bytes,   20660320 total
2016-01-06T01:05:17.851-0800: 96.514: [SoftReference, 0 refs, 0.0000540 secs]2016-01-06T01:05:17.851-0800: 96.514: [WeakReference, 0 refs, 0.0000120 secs]2016-01-06T01:05:17.851-0800: 96.514: [FinalReference, 0 refs, 0.0000210 secs]2016-01-06T01:05:17.851-0800: 96.514: [PhantomReference, 0 refs, 52993 refs, 0.0018410 secs]2016-01-06T01:05:17.853-0800: 96.516: [JNI Weak Reference, 0.0000090 secs], 0.0853800 secs]
   [Parallel Time: 27.9 ms, GC Workers: 4]
      [GC Worker Start (ms): Min: 96435.9, Avg: 96436.9, Max: 96439.9, Diff: 4.0]
      [Ext Root Scanning (ms): Min: 0.0, Avg: 0.3, Max: 0.5, Diff: 0.5, Sum: 1.3]
      [SATB Filtering (ms): Min: 0.0, Avg: 0.0, Max: 0.0, Diff: 0.0, Sum: 0.0]
      [Update RS (ms): Min: 12.6, Avg: 15.5, Max: 16.7, Diff: 4.1, Sum: 61.9]
         [Processed Buffers: Min: 18, Avg: 22.2, Max: 25, Diff: 7, Sum: 89]
      [Scan RS (ms): Min: 0.5, Avg: 0.8, Max: 1.0, Diff: 0.5, Sum: 3.1]
      [Code Root Scanning (ms): Min: 0.1, Avg: 0.1, Max: 0.1, Diff: 0.1, Sum: 0.3]
      [Object Copy (ms): Min: 10.1, Avg: 10.1, Max: 10.2, Diff: 0.1, Sum: 40.5]
      [Termination (ms): Min: 0.0, Avg: 0.0, Max: 0.0, Diff: 0.0, Sum: 0.0]
      [GC Worker Other (ms): Min: 0.0, Avg: 0.1, Max: 0.1, Diff: 0.1, Sum: 0.2]
      [GC Worker Total (ms): Min: 23.8, Avg: 26.8, Max: 27.9, Diff: 4.1, Sum: 107.3]
      [GC Worker End (ms): Min: 96463.7, Avg: 96463.7, Max: 96463.8, Diff: 0.1]
   [Code Root Fixup: 0.0 ms]
   [Code Root Migration: 0.2 ms]
   [Clear CT: 0.5 ms]
   [Other: 56.7 ms]
      [Choose CSet: 0.0 ms]
      [Ref Proc: 52.3 ms]
      [Ref Enq: 2.4 ms]
      [Free CSet: 1.9 ms]
   [Eden: 1693.0M(1693.0M)->0.0B(1693.0M) Survivors: 22.0M->22.0M Heap: 3660.7M(4096.0M)->1968.2M(4096.0M)]
 [Times: user=0.30 sys=0.00, real=0.09 secs] 
2016-01-06T01:05:18.119-0800: 96.782: [GC pause (young)
Desired survivor size 112721920 bytes, new threshold 15 (max 15)
- age   1:   20625688 bytes,   20625688 total
- age   2:      36864 bytes,   20662552 total
2016-01-06T01:05:18.221-0800: 96.884: [SoftReference, 0 refs, 0.0000460 secs]2016-01-06T01:05:18.221-0800: 96.884: [WeakReference, 0 refs, 0.0000100 secs]2016-01-06T01:05:18.221-0800: 96.884: [FinalReference, 0 refs, 0.0000090 secs]2016-01-06T01:05:18.221-0800: 96.884: [PhantomReference, 0 refs, 52994 refs, 0.0020680 secs]2016-01-06T01:05:18.223-0800: 96.886: [JNI Weak Reference, 0.0000110 secs], 0.1089050 secs]
   [Parallel Time: 31.3 ms, GC Workers: 4]
      [GC Worker Start (ms): Min: 96782.4, Avg: 96782.8, Max: 96783.9, Diff: 1.5]
      [Ext Root Scanning (ms): Min: 0.0, Avg: 0.3, Max: 0.5, Diff: 0.5, Sum: 1.3]
      [SATB Filtering (ms): Min: 0.0, Avg: 0.0, Max: 0.0, Diff: 0.0, Sum: 0.0]
      [Update RS (ms): Min: 17.8, Avg: 18.6, Max: 19.0, Diff: 1.2, Sum: 74.6]
         [Processed Buffers: Min: 21, Avg: 25.8, Max: 29, Diff: 8, Sum: 103]
      [Scan RS (ms): Min: 0.7, Avg: 0.8, Max: 0.8, Diff: 0.2, Sum: 3.1]
      [Code Root Scanning (ms): Min: 0.1, Avg: 0.1, Max: 0.1, Diff: 0.0, Sum: 0.3]
      [Object Copy (ms): Min: 10.9, Avg: 10.9, Max: 10.9, Diff: 0.0, Sum: 43.5]
      [Termination (ms): Min: 0.0, Avg: 0.0, Max: 0.0, Diff: 0.0, Sum: 0.0]
      [GC Worker Other (ms): Min: 0.0, Avg: 0.1, Max: 0.1, Diff: 0.0, Sum: 0.2]
      [GC Worker Total (ms): Min: 29.7, Avg: 30.8, Max: 31.2, Diff: 1.5, Sum: 123.0]
      [GC Worker End (ms): Min: 96813.5, Avg: 96813.6, Max: 96813.6, Diff: 0.0]
   [Code Root Fixup: 0.0 ms]
   [Code Root Migration: 0.2 ms]
   [Clear CT: 0.5 ms]
   [Other: 76.9 ms]
      [Choose CSet: 0.0 ms]
      [Ref Proc: 72.5 ms]
      [Ref Enq: 2.5 ms]
      [Free CSet: 1.9 ms]
   [Eden: 1693.0M(1693.0M)->0.0B(1693.0M) Survivors: 22.0M->22.0M Heap: 3661.2M(4096.0M)->1967.7M(4096.0M)]
 [Times: user=0.39 sys=0.01, real=0.11 secs] 
2016-01-06T01:05:18.500-0800: 97.163: [GC pause (young)
Desired survivor size 112721920 bytes, new threshold 15 (max 15)
- age   1:   20395864 bytes,   20395864 total
- age   2:      36864 bytes,   20432728 total
2016-01-06T01:05:18.618-0800: 97.281: [SoftReference, 0 refs, 0.0000480 secs]2016-01-06T01:05:18.618-0800: 97.281: [WeakReference, 0 refs, 0.0000070 secs]2016-01-06T01:05:18.618-0800: 97.281: [FinalReference, 0 refs, 0.0000050 secs]2016-01-06T01:05:18.618-0800: 97.281: [PhantomReference, 0 refs, 52992 refs, 0.0018450 secs]2016-01-06T01:05:18.620-0800: 97.283: [JNI Weak Reference, 0.0000080 secs], 0.1256060 secs]
   [Parallel Time: 32.7 ms, GC Workers: 4]
      [GC Worker Start (ms): Min: 97162.6, Avg: 97162.7, Max: 97162.7, Diff: 0.1]
      [Ext Root Scanning (ms): Min: 0.3, Avg: 0.4, Max: 0.4, Diff: 0.1, Sum: 1.4]
      [SATB Filtering (ms): Min: 0.0, Avg: 0.0, Max: 0.0, Diff: 0.0, Sum: 0.0]
      [Update RS (ms): Min: 20.5, Avg: 20.8, Max: 21.0, Diff: 0.5, Sum: 83.0]
         [Processed Buffers: Min: 28, Avg: 28.8, Max: 29, Diff: 1, Sum: 115]
      [Scan RS (ms): Min: 0.6, Avg: 0.8, Max: 1.0, Diff: 0.3, Sum: 3.2]
      [Code Root Scanning (ms): Min: 0.0, Avg: 0.1, Max: 0.1, Diff: 0.1, Sum: 0.3]
      [Object Copy (ms): Min: 10.5, Avg: 10.6, Max: 10.6, Diff: 0.1, Sum: 42.2]
      [Termination (ms): Min: 0.0, Avg: 0.0, Max: 0.0, Diff: 0.0, Sum: 0.0]
      [GC Worker Other (ms): Min: 0.0, Avg: 0.1, Max: 0.1, Diff: 0.1, Sum: 0.3]
      [GC Worker Total (ms): Min: 32.5, Avg: 32.6, Max: 32.6, Diff: 0.1, Sum: 130.4]
      [GC Worker End (ms): Min: 97195.2, Avg: 97195.3, Max: 97195.3, Diff: 0.1]
   [Code Root Fixup: 0.0 ms]
   [Code Root Migration: 0.2 ms]
   [Clear CT: 0.5 ms]
   [Other: 92.1 ms]
      [Choose CSet: 0.0 ms]
      [Ref Proc: 87.8 ms]
      [Ref Enq: 2.4 ms]
      [Free CSet: 1.9 ms]
   [Eden: 1693.0M(1693.0M)->0.0B(1694.0M) Survivors: 22.0M->22.0M Heap: 3660.7M(4096.0M)->1968.2M(4096.0M)]
 [Times: user=0.46 sys=0.00, real=0.13 secs] 
2016-01-06T01:05:18.886-0800: 97.549: [GC pause (young)
Desired survivor size 112721920 bytes, new threshold 15 (max 15)
- age   1:   20625688 bytes,   20625688 total
- age   2:      36864 bytes,   20662552 total
2016-01-06T01:05:19.022-0800: 97.685: [SoftReference, 0 refs, 0.0000490 secs]2016-01-06T01:05:19.022-0800: 97.685: [WeakReference, 0 refs, 0.0000070 secs]2016-01-06T01:05:19.022-0800: 97.685: [FinalReference, 0 refs, 0.0000060 secs]2016-01-06T01:05:19.022-0800: 97.685: [PhantomReference, 0 refs, 53021 refs, 0.0019590 secs]2016-01-06T01:05:19.024-0800: 97.687: [JNI Weak Reference, 0.0000120 secs], 0.1431690 secs]
   [Parallel Time: 31.9 ms, GC Workers: 4]
      [GC Worker Start (ms): Min: 97548.9, Avg: 97548.9, Max: 97548.9, Diff: 0.1]
      [Ext Root Scanning (ms): Min: 0.3, Avg: 0.4, Max: 0.4, Diff: 0.1, Sum: 1.4]
      [SATB Filtering (ms): Min: 0.0, Avg: 0.0, Max: 0.0, Diff: 0.0, Sum: 0.0]
      [Update RS (ms): Min: 19.8, Avg: 20.1, Max: 20.5, Diff: 0.7, Sum: 80.4]
         [Processed Buffers: Min: 28, Avg: 28.5, Max: 30, Diff: 2, Sum: 114]
      [Scan RS (ms): Min: 0.4, Avg: 0.8, Max: 1.0, Diff: 0.6, Sum: 3.1]
      [Code Root Scanning (ms): Min: 0.0, Avg: 0.1, Max: 0.1, Diff: 0.1, Sum: 0.4]
      [Object Copy (ms): Min: 10.3, Avg: 10.3, Max: 10.4, Diff: 0.1, Sum: 41.4]
      [Termination (ms): Min: 0.0, Avg: 0.0, Max: 0.0, Diff: 0.0, Sum: 0.0]
      [GC Worker Other (ms): Min: 0.0, Avg: 0.1, Max: 0.1, Diff: 0.1, Sum: 0.3]
      [GC Worker Total (ms): Min: 31.7, Avg: 31.7, Max: 31.8, Diff: 0.1, Sum: 126.9]
      [GC Worker End (ms): Min: 97580.6, Avg: 97580.6, Max: 97580.7, Diff: 0.1]
   [Code Root Fixup: 0.0 ms]
   [Code Root Migration: 0.3 ms]
   [Clear CT: 0.5 ms]
   [Other: 110.5 ms]
      [Choose CSet: 0.0 ms]
      [Ref Proc: 105.8 ms]
      [Ref Enq: 2.5 ms]
      [Free CSet: 2.2 ms]
   [Eden: 1694.0M(1694.0M)->0.0B(1694.0M) Survivors: 22.0M->22.0M Heap: 3662.2M(4096.0M)->1967.7M(4096.0M)]
 [Times: user=0.52 sys=0.00, real=0.14 secs] 
2016-01-06T01:05:19.291-0800: 97.954: [GC pause (young)
Desired survivor size 112721920 bytes, new threshold 15 (max 15)
- age   1:   20627920 bytes,   20627920 total
- age   2:      36864 bytes,   20664784 total
2016-01-06T01:05:19.430-0800: 98.093: [SoftReference, 0 refs, 0.0000520 secs]2016-01-06T01:05:19.430-0800: 98.093: [WeakReference, 0 refs, 0.0000070 secs]2016-01-06T01:05:19.430-0800: 98.093: [FinalReference, 0 refs, 0.0000050 secs]2016-01-06T01:05:19.430-0800: 98.093: [PhantomReference, 0 refs, 53023 refs, 0.0019090 secs]2016-01-06T01:05:19.432-0800: 98.095: [JNI Weak Reference, 0.0000090 secs], 0.1457740 secs]
   [Parallel Time: 27.0 ms, GC Workers: 4]
      [GC Worker Start (ms): Min: 97954.5, Avg: 97954.5, Max: 97954.6, Diff: 0.1]
      [Ext Root Scanning (ms): Min: 0.3, Avg: 0.4, Max: 0.4, Diff: 0.1, Sum: 1.4]
      [SATB Filtering (ms): Min: 0.0, Avg: 0.0, Max: 0.0, Diff: 0.0, Sum: 0.0]
      [Update RS (ms): Min: 14.8, Avg: 14.8, Max: 15.0, Diff: 0.2, Sum: 59.4]
         [Processed Buffers: Min: 20, Avg: 21.0, Max: 22, Diff: 2, Sum: 84]
      [Scan RS (ms): Min: 0.7, Avg: 0.8, Max: 0.9, Diff: 0.2, Sum: 3.2]
      [Code Root Scanning (ms): Min: 0.1, Avg: 0.1, Max: 0.1, Diff: 0.1, Sum: 0.4]
      [Object Copy (ms): Min: 10.7, Avg: 10.7, Max: 10.8, Diff: 0.1, Sum: 42.9]
      [Termination (ms): Min: 0.0, Avg: 0.1, Max: 0.1, Diff: 0.1, Sum: 0.2]
      [GC Worker Other (ms): Min: 0.0, Avg: 0.0, Max: 0.0, Diff: 0.0, Sum: 0.1]
      [GC Worker Total (ms): Min: 26.8, Avg: 26.9, Max: 26.9, Diff: 0.1, Sum: 107.6]
      [GC Worker End (ms): Min: 97981.4, Avg: 97981.4, Max: 97981.5, Diff: 0.0]
   [Code Root Fixup: 0.0 ms]
   [Code Root Migration: 0.2 ms]
   [Clear CT: 0.5 ms]
   [Other: 118.0 ms]
      [Choose CSet: 0.0 ms]
      [Ref Proc: 113.4 ms]
      [Ref Enq: 2.5 ms]
      [Free CSet: 2.0 ms]
   [Eden: 1694.0M(1694.0M)->0.0B(1694.0M) Survivors: 22.0M->22.0M Heap: 3661.7M(4096.0M)->1968.2M(4096.0M)]
 [Times: user=0.56 sys=0.00, real=0.15 secs] 
2016-01-06T01:05:19.699-0800: 98.362: [GC pause (young)
Desired survivor size 112721920 bytes, new threshold 15 (max 15)
- age   1:   20627920 bytes,   20627920 total
- age   2:      36864 bytes,   20664784 total
2016-01-06T01:05:19.846-0800: 98.509: [SoftReference, 0 refs, 0.0000440 secs]2016-01-06T01:05:19.846-0800: 98.509: [WeakReference, 0 refs, 0.0000060 secs]2016-01-06T01:05:19.846-0800: 98.509: [FinalReference, 0 refs, 0.0000050 secs]2016-01-06T01:05:19.846-0800: 98.509: [PhantomReference, 0 refs, 53025 refs, 0.0018360 secs]2016-01-06T01:05:19.848-0800: 98.511: [JNI Weak Reference, 0.0000080 secs], 0.1539040 secs]
   [Parallel Time: 31.6 ms, GC Workers: 4]
      [GC Worker Start (ms): Min: 98361.8, Avg: 98361.8, Max: 98361.8, Diff: 0.1]
      [Ext Root Scanning (ms): Min: 0.3, Avg: 0.4, Max: 0.4, Diff: 0.1, Sum: 1.4]
      [SATB Filtering (ms): Min: 0.0, Avg: 0.0, Max: 0.0, Diff: 0.0, Sum: 0.0]
      [Update RS (ms): Min: 19.4, Avg: 19.5, Max: 19.6, Diff: 0.2, Sum: 77.9]
         [Processed Buffers: Min: 26, Avg: 26.8, Max: 27, Diff: 1, Sum: 107]
      [Scan RS (ms): Min: 0.7, Avg: 0.8, Max: 0.9, Diff: 0.1, Sum: 3.2]
      [Code Root Scanning (ms): Min: 0.1, Avg: 0.1, Max: 0.1, Diff: 0.0, Sum: 0.3]
      [Object Copy (ms): Min: 10.7, Avg: 10.7, Max: 10.8, Diff: 0.1, Sum: 43.0]
      [Termination (ms): Min: 0.0, Avg: 0.0, Max: 0.0, Diff: 0.0, Sum: 0.0]
      [GC Worker Other (ms): Min: 0.0, Avg: 0.1, Max: 0.1, Diff: 0.1, Sum: 0.2]
      [GC Worker Total (ms): Min: 31.5, Avg: 31.5, Max: 31.6, Diff: 0.1, Sum: 126.1]
      [GC Worker End (ms): Min: 98393.3, Avg: 98393.3, Max: 98393.3, Diff: 0.1]
   [Code Root Fixup: 0.0 ms]
   [Code Root Migration: 0.2 ms]
   [Clear CT: 0.4 ms]
   [Other: 121.6 ms]
      [Choose CSet: 0.0 ms]
      [Ref Proc: 117.2 ms]
      [Ref Enq: 2.4 ms]
      [Free CSet: 1.9 ms]
   [Eden: 1694.0M(1694.0M)->0.0B(1694.0M) Survivors: 22.0M->22.0M Heap: 3662.2M(4096.0M)->1968.2M(4096.0M)]
 [Times: user=0.57 sys=0.01, real=0.15 secs] 
2016-01-06T01:05:20.116-0800: 98.779: [GC pause (young)
Desired survivor size 112721920 bytes, new threshold 15 (max 15)
- age   1:   20627920 bytes,   20627920 total
- age   2:      36864 bytes,   20664784 total
2016-01-06T01:05:20.299-0800: 98.962: [SoftReference, 0 refs, 0.0000490 secs]2016-01-06T01:05:20.299-0800: 98.962: [WeakReference, 0 refs, 0.0000110 secs]2016-01-06T01:05:20.299-0800: 98.962: [FinalReference, 0 refs, 0.0000090 secs]2016-01-06T01:05:20.299-0800: 98.962: [PhantomReference, 0 refs, 53022 refs, 0.0028050 secs]2016-01-06T01:05:20.302-0800: 98.965: [JNI Weak Reference, 0.0000130 secs], 0.1925230 secs]
   [Parallel Time: 29.5 ms, GC Workers: 4]
      [GC Worker Start (ms): Min: 98778.6, Avg: 98778.7, Max: 98778.9, Diff: 0.2]
      [Ext Root Scanning (ms): Min: 0.3, Avg: 0.3, Max: 0.4, Diff: 0.2, Sum: 1.4]
      [SATB Filtering (ms): Min: 0.0, Avg: 0.0, Max: 0.0, Diff: 0.0, Sum: 0.0]
      [Update RS (ms): Min: 17.9, Avg: 18.1, Max: 18.2, Diff: 0.3, Sum: 72.5]
         [Processed Buffers: Min: 24, Avg: 25.0, Max: 26, Diff: 2, Sum: 100]
      [Scan RS (ms): Min: 0.7, Avg: 0.8, Max: 0.9, Diff: 0.2, Sum: 3.2]
      [Code Root Scanning (ms): Min: 0.1, Avg: 0.1, Max: 0.1, Diff: 0.0, Sum: 0.3]
      [Object Copy (ms): Min: 9.9, Avg: 10.0, Max: 10.0, Diff: 0.0, Sum: 39.9]
      [Termination (ms): Min: 0.0, Avg: 0.0, Max: 0.0, Diff: 0.0, Sum: 0.0]
      [GC Worker Other (ms): Min: 0.0, Avg: 0.1, Max: 0.1, Diff: 0.1, Sum: 0.3]
      [GC Worker Total (ms): Min: 29.2, Avg: 29.4, Max: 29.4, Diff: 0.2, Sum: 117.5]
      [GC Worker End (ms): Min: 98808.1, Avg: 98808.1, Max: 98808.1, Diff: 0.1]
   [Code Root Fixup: 0.0 ms]
   [Code Root Migration: 0.3 ms]
   [Clear CT: 0.6 ms]
   [Other: 162.1 ms]
      [Choose CSet: 0.0 ms]
      [Ref Proc: 156.6 ms]
      [Ref Enq: 3.4 ms]
      [Free CSet: 2.0 ms]
   [Eden: 1694.0M(1694.0M)->0.0B(1694.0M) Survivors: 22.0M->22.0M Heap: 3662.2M(4096.0M)->1968.2M(4096.0M)]
 [Times: user=0.69 sys=0.01, real=0.20 secs] 
2016-01-06T01:05:20.569-0800: 99.232: [GC pause (young)
Desired survivor size 112721920 bytes, new threshold 15 (max 15)
- age   1:   20627920 bytes,   20627920 total
- age   2:      36864 bytes,   20664784 total
2016-01-06T01:05:20.748-0800: 99.411: [SoftReference, 0 refs, 0.0000440 secs]2016-01-06T01:05:20.748-0800: 99.411: [WeakReference, 0 refs, 0.0000060 secs]2016-01-06T01:05:20.748-0800: 99.411: [FinalReference, 0 refs, 0.0000060 secs]2016-01-06T01:05:20.748-0800: 99.411: [PhantomReference, 0 refs, 53025 refs, 0.0019080 secs]2016-01-06T01:05:20.750-0800: 99.413: [JNI Weak Reference, 0.0000090 secs], 0.1861520 secs]
   [Parallel Time: 31.1 ms, GC Workers: 4]
      [GC Worker Start (ms): Min: 99231.9, Avg: 99232.0, Max: 99232.0, Diff: 0.1]
      [Ext Root Scanning (ms): Min: 0.3, Avg: 0.4, Max: 0.4, Diff: 0.1, Sum: 1.4]
      [SATB Filtering (ms): Min: 0.0, Avg: 0.0, Max: 0.0, Diff: 0.0, Sum: 0.0]
      [Update RS (ms): Min: 19.3, Avg: 19.4, Max: 19.4, Diff: 0.2, Sum: 77.5]
         [Processed Buffers: Min: 26, Avg: 26.5, Max: 28, Diff: 2, Sum: 106]
      [Scan RS (ms): Min: 0.8, Avg: 0.8, Max: 0.9, Diff: 0.1, Sum: 3.3]
      [Code Root Scanning (ms): Min: 0.1, Avg: 0.1, Max: 0.1, Diff: 0.0, Sum: 0.3]
      [Object Copy (ms): Min: 10.2, Avg: 10.2, Max: 10.2, Diff: 0.1, Sum: 40.8]
      [Termination (ms): Min: 0.0, Avg: 0.0, Max: 0.0, Diff: 0.0, Sum: 0.0]
      [GC Worker Other (ms): Min: 0.0, Avg: 0.1, Max: 0.1, Diff: 0.1, Sum: 0.3]
      [GC Worker Total (ms): Min: 30.9, Avg: 30.9, Max: 31.0, Diff: 0.1, Sum: 123.7]
      [GC Worker End (ms): Min: 99262.9, Avg: 99262.9, Max: 99262.9, Diff: 0.1]
   [Code Root Fixup: 0.0 ms]
   [Code Root Migration: 0.2 ms]
   [Clear CT: 0.4 ms]
   [Other: 154.5 ms]
      [Choose CSet: 0.0 ms]
      [Ref Proc: 149.9 ms]
      [Ref Enq: 2.6 ms]
      [Free CSet: 1.9 ms]
   [Eden: 1694.0M(1694.0M)->0.0B(1694.0M) Survivors: 22.0M->22.0M Heap: 3662.2M(4096.0M)->1968.2M(4096.0M)]
 [Times: user=0.70 sys=0.00, real=0.18 secs] 
2016-01-06T01:05:21.015-0800: 99.678: [GC pause (young)
Desired survivor size 112721920 bytes, new threshold 15 (max 15)
- age   1:   20627920 bytes,   20627920 total
- age   2:      36864 bytes,   20664784 total
2016-01-06T01:05:21.202-0800: 99.865: [SoftReference, 0 refs, 0.0000440 secs]2016-01-06T01:05:21.202-0800: 99.865: [WeakReference, 0 refs, 0.0000060 secs]2016-01-06T01:05:21.202-0800: 99.865: [FinalReference, 0 refs, 0.0000060 secs]2016-01-06T01:05:21.202-0800: 99.865: [PhantomReference, 0 refs, 53024 refs, 0.0019310 secs]2016-01-06T01:05:21.204-0800: 99.867: [JNI Weak Reference, 0.0000120 secs], 0.1934390 secs]
   [Parallel Time: 36.3 ms, GC Workers: 4]
      [GC Worker Start (ms): Min: 99678.4, Avg: 99678.8, Max: 99679.9, Diff: 1.5]
      [Ext Root Scanning (ms): Min: 0.0, Avg: 0.3, Max: 0.5, Diff: 0.5, Sum: 1.3]
      [SATB Filtering (ms): Min: 0.0, Avg: 0.0, Max: 0.0, Diff: 0.0, Sum: 0.0]
      [Update RS (ms): Min: 23.6, Avg: 24.4, Max: 24.8, Diff: 1.2, Sum: 97.7]
         [Processed Buffers: Min: 35, Avg: 35.5, Max: 36, Diff: 1, Sum: 142]
      [Scan RS (ms): Min: 0.8, Avg: 0.8, Max: 0.9, Diff: 0.1, Sum: 3.2]
      [Code Root Scanning (ms): Min: 0.1, Avg: 0.1, Max: 0.1, Diff: 0.0, Sum: 0.3]
      [Object Copy (ms): Min: 10.0, Avg: 10.1, Max: 10.1, Diff: 0.1, Sum: 40.3]
      [Termination (ms): Min: 0.0, Avg: 0.0, Max: 0.0, Diff: 0.0, Sum: 0.0]
      [GC Worker Other (ms): Min: 0.0, Avg: 0.1, Max: 0.1, Diff: 0.1, Sum: 0.2]
      [GC Worker Total (ms): Min: 34.6, Avg: 35.8, Max: 36.2, Diff: 1.6, Sum: 143.1]
      [GC Worker End (ms): Min: 99714.5, Avg: 99714.6, Max: 99714.6, Diff: 0.1]
   [Code Root Fixup: 0.0 ms]
   [Code Root Migration: 0.2 ms]
   [Clear CT: 0.5 ms]
   [Other: 156.4 ms]
      [Choose CSet: 0.0 ms]
      [Ref Proc: 152.0 ms]
      [Ref Enq: 2.5 ms]
      [Free CSet: 1.9 ms]
   [Eden: 1694.0M(1694.0M)->0.0B(1694.0M) Survivors: 22.0M->22.0M Heap: 3662.2M(4096.0M)->1968.2M(4096.0M)]
 [Times: user=0.72 sys=0.01, real=0.20 secs] 
2016-01-06T01:05:21.451-0800: 100.114: [GC pause (young)
Desired survivor size 112721920 bytes, new threshold 15 (max 15)
- age   1:   20627920 bytes,   20627920 total
- age   2:      36864 bytes,   20664784 total
2016-01-06T01:05:21.650-0800: 100.313: [SoftReference, 0 refs, 0.0000440 secs]2016-01-06T01:05:21.650-0800: 100.313: [WeakReference, 0 refs, 0.0000070 secs]2016-01-06T01:05:21.650-0800: 100.313: [FinalReference, 0 refs, 0.0000050 secs]2016-01-06T01:05:21.650-0800: 100.313: [PhantomReference, 0 refs, 53024 refs, 0.0019260 secs]2016-01-06T01:05:21.652-0800: 100.315: [JNI Weak Reference, 0.0000100 secs], 0.2062290 secs]
   [Parallel Time: 39.7 ms, GC Workers: 4]
      [GC Worker Start (ms): Min: 100113.7, Avg: 100113.8, Max: 100114.0, Diff: 0.3]
      [Ext Root Scanning (ms): Min: 0.2, Avg: 0.4, Max: 0.5, Diff: 0.3, Sum: 1.4]
      [SATB Filtering (ms): Min: 0.0, Avg: 0.0, Max: 0.0, Diff: 0.0, Sum: 0.0]
      [Update RS (ms): Min: 17.3, Avg: 17.4, Max: 17.6, Diff: 0.3, Sum: 69.6]
         [Processed Buffers: Min: 23, Avg: 23.5, Max: 25, Diff: 2, Sum: 94]
      [Scan RS (ms): Min: 0.7, Avg: 0.8, Max: 0.9, Diff: 0.2, Sum: 3.2]
      [Code Root Scanning (ms): Min: 0.1, Avg: 0.1, Max: 0.1, Diff: 0.0, Sum: 0.4]
      [Object Copy (ms): Min: 10.0, Avg: 12.7, Max: 20.8, Diff: 10.8, Sum: 51.0]
      [Termination (ms): Min: 0.0, Avg: 8.1, Max: 10.8, Diff: 10.8, Sum: 32.3]
      [GC Worker Other (ms): Min: 0.0, Avg: 0.0, Max: 0.1, Diff: 0.0, Sum: 0.2]
      [GC Worker Total (ms): Min: 39.3, Avg: 39.5, Max: 39.6, Diff: 0.3, Sum: 158.1]
      [GC Worker End (ms): Min: 100153.3, Avg: 100153.3, Max: 100153.3, Diff: 0.0]
   [Code Root Fixup: 0.0 ms]
   [Code Root Migration: 0.2 ms]
   [Clear CT: 0.5 ms]
   [Other: 165.8 ms]
      [Choose CSet: 0.0 ms]
      [Ref Proc: 161.3 ms]
      [Ref Enq: 2.4 ms]
      [Free CSet: 1.9 ms]
   [Eden: 1694.0M(1694.0M)->0.0B(1694.0M) Survivors: 22.0M->22.0M Heap: 3662.2M(4096.0M)->1968.2M(4096.0M)]
 [Times: user=0.66 sys=0.00, real=0.21 secs] 
2016-01-06T01:05:21.917-0800: 100.580: [GC pause (young)
Desired survivor size 112721920 bytes, new threshold 15 (max 15)
- age   1:   20627920 bytes,   20627920 total
- age   2:      36864 bytes,   20664784 total
2016-01-06T01:05:22.087-0800: 100.750: [SoftReference, 0 refs, 0.0000450 secs]2016-01-06T01:05:22.087-0800: 100.750: [WeakReference, 0 refs, 0.0000070 secs]2016-01-06T01:05:22.087-0800: 100.750: [FinalReference, 0 refs, 0.0000050 secs]2016-01-06T01:05:22.087-0800: 100.750: [PhantomReference, 0 refs, 53025 refs, 0.0018520 secs]2016-01-06T01:05:22.089-0800: 100.752: [JNI Weak Reference, 0.0000080 secs], 0.1770710 secs]
   [Parallel Time: 11.6 ms, GC Workers: 4]
      [GC Worker Start (ms): Min: 100579.7, Avg: 100579.8, Max: 100579.8, Diff: 0.1]
      [Ext Root Scanning (ms): Min: 0.3, Avg: 0.4, Max: 0.4, Diff: 0.1, Sum: 1.5]
      [SATB Filtering (ms): Min: 0.0, Avg: 0.0, Max: 0.0, Diff: 0.0, Sum: 0.0]
      [Update RS (ms): Min: 0.0, Avg: 0.1, Max: 0.2, Diff: 0.2, Sum: 0.2]
         [Processed Buffers: Min: 0, Avg: 1.2, Max: 2, Diff: 2, Sum: 5]
      [Scan RS (ms): Min: 0.7, Avg: 0.8, Max: 0.9, Diff: 0.2, Sum: 3.3]
      [Code Root Scanning (ms): Min: 0.1, Avg: 0.1, Max: 0.1, Diff: 0.0, Sum: 0.3]
      [Object Copy (ms): Min: 10.0, Avg: 10.0, Max: 10.1, Diff: 0.1, Sum: 40.2]
      [Termination (ms): Min: 0.0, Avg: 0.0, Max: 0.0, Diff: 0.0, Sum: 0.0]
      [GC Worker Other (ms): Min: 0.0, Avg: 0.1, Max: 0.1, Diff: 0.1, Sum: 0.3]
      [GC Worker Total (ms): Min: 11.4, Avg: 11.5, Max: 11.5, Diff: 0.1, Sum: 45.9]
      [GC Worker End (ms): Min: 100591.2, Avg: 100591.2, Max: 100591.3, Diff: 0.1]
   [Code Root Fixup: 0.0 ms]
   [Code Root Migration: 0.2 ms]
   [Clear CT: 0.4 ms]
   [Other: 164.9 ms]
      [Choose CSet: 0.0 ms]
      [Ref Proc: 160.5 ms]
      [Ref Enq: 2.4 ms]
      [Free CSet: 1.9 ms]
   [Eden: 1694.0M(1694.0M)->0.0B(1694.0M) Survivors: 22.0M->22.0M Heap: 3662.2M(4096.0M)->1967.7M(4096.0M)]
 [Times: user=0.66 sys=0.00, real=0.18 secs] 
2016-01-06T01:05:22.355-0800: 101.018: [GC pause (young)
Desired survivor size 112721920 bytes, new threshold 15 (max 15)
- age   1:   20627920 bytes,   20627920 total
- age   2:      36864 bytes,   20664784 total
2016-01-06T01:05:22.527-0800: 101.190: [SoftReference, 0 refs, 0.0000440 secs]2016-01-06T01:05:22.527-0800: 101.190: [WeakReference, 0 refs, 0.0000070 secs]2016-01-06T01:05:22.527-0800: 101.190: [FinalReference, 0 refs, 0.0000050 secs]2016-01-06T01:05:22.527-0800: 101.190: [PhantomReference, 0 refs, 53025 refs, 0.0018180 secs]2016-01-06T01:05:22.529-0800: 101.192: [JNI Weak Reference, 0.0000070 secs], 0.1787950 secs]
   [Parallel Time: 9.6 ms, GC Workers: 4]
      [GC Worker Start (ms): Min: 101018.1, Avg: 101020.4, Max: 101027.2, Diff: 9.1]
      [Ext Root Scanning (ms): Min: 0.0, Avg: 0.3, Max: 0.5, Diff: 0.5, Sum: 1.3]
      [SATB Filtering (ms): Min: 0.0, Avg: 0.0, Max: 0.0, Diff: 0.0, Sum: 0.0]
      [Update RS (ms): Min: 0.0, Avg: 0.0, Max: 0.1, Diff: 0.1, Sum: 0.2]
         [Processed Buffers: Min: 0, Avg: 1.0, Max: 3, Diff: 3, Sum: 4]
      [Scan RS (ms): Min: 0.4, Avg: 0.8, Max: 0.9, Diff: 0.5, Sum: 3.1]
      [Code Root Scanning (ms): Min: 0.0, Avg: 0.1, Max: 0.1, Diff: 0.1, Sum: 0.3]
      [Object Copy (ms): Min: 0.0, Avg: 5.6, Max: 7.5, Diff: 7.5, Sum: 22.4]
      [Termination (ms): Min: 0.0, Avg: 0.4, Max: 0.6, Diff: 0.6, Sum: 1.7]
      [GC Worker Other (ms): Min: 0.0, Avg: 0.0, Max: 0.0, Diff: 0.0, Sum: 0.1]
      [GC Worker Total (ms): Min: 0.4, Avg: 7.2, Max: 9.5, Diff: 9.1, Sum: 29.0]
      [GC Worker End (ms): Min: 101027.6, Avg: 101027.7, Max: 101027.7, Diff: 0.0]
   [Code Root Fixup: 0.0 ms]
   [Code Root Migration: 0.2 ms]
   [Clear CT: 0.5 ms]
   [Other: 168.5 ms]
      [Choose CSet: 0.0 ms]
      [Ref Proc: 164.2 ms]
      [Ref Enq: 2.4 ms]
      [Free CSet: 1.8 ms]
   [Eden: 1694.0M(1694.0M)->0.0B(1694.0M) Survivors: 22.0M->22.0M Heap: 3661.7M(4096.0M)->1967.7M(4096.0M)]
 [Times: user=0.64 sys=0.00, real=0.18 secs] 
2016-01-06T01:05:22.777-0800: 101.440: [GC pause (young)
Desired survivor size 112721920 bytes, new threshold 15 (max 15)
- age   1:   20627920 bytes,   20627920 total
- age   2:      36864 bytes,   20664784 total
2016-01-06T01:05:22.974-0800: 101.637: [SoftReference, 0 refs, 0.0010640 secs]2016-01-06T01:05:22.975-0800: 101.638: [WeakReference, 0 refs, 0.0000090 secs]2016-01-06T01:05:22.975-0800: 101.638: [FinalReference, 0 refs, 0.0000060 secs]2016-01-06T01:05:22.975-0800: 101.638: [PhantomReference, 0 refs, 53022 refs, 0.0018090 secs]2016-01-06T01:05:22.977-0800: 101.640: [JNI Weak Reference, 0.0000080 secs], 0.2041190 secs]
   [Parallel Time: 32.4 ms, GC Workers: 4]
      [GC Worker Start (ms): Min: 101440.5, Avg: 101441.4, Max: 101444.0, Diff: 3.5]
      [Ext Root Scanning (ms): Min: 0.0, Avg: 0.3, Max: 0.5, Diff: 0.4, Sum: 1.3]
      [SATB Filtering (ms): Min: 0.0, Avg: 0.0, Max: 0.0, Diff: 0.0, Sum: 0.0]
      [Update RS (ms): Min: 17.7, Avg: 19.9, Max: 20.8, Diff: 3.1, Sum: 79.6]
         [Processed Buffers: Min: 24, Avg: 28.5, Max: 31, Diff: 7, Sum: 114]
      [Scan RS (ms): Min: 0.6, Avg: 0.8, Max: 1.0, Diff: 0.4, Sum: 3.0]
      [Code Root Scanning (ms): Min: 0.1, Avg: 0.1, Max: 0.1, Diff: 0.0, Sum: 0.4]
      [Object Copy (ms): Min: 10.2, Avg: 10.3, Max: 10.3, Diff: 0.1, Sum: 41.1]
      [Termination (ms): Min: 0.0, Avg: 0.0, Max: 0.0, Diff: 0.0, Sum: 0.0]
      [GC Worker Other (ms): Min: 0.0, Avg: 0.1, Max: 0.1, Diff: 0.1, Sum: 0.2]
      [GC Worker Total (ms): Min: 28.8, Avg: 31.4, Max: 32.3, Diff: 3.5, Sum: 125.6]
      [GC Worker End (ms): Min: 101472.8, Avg: 101472.8, Max: 101472.8, Diff: 0.1]
   [Code Root Fixup: 0.0 ms]
   [Code Root Migration: 0.2 ms]
   [Clear CT: 0.4 ms]
   [Other: 171.1 ms]
      [Choose CSet: 0.0 ms]
      [Ref Proc: 166.7 ms]
      [Ref Enq: 2.5 ms]
      [Free CSet: 1.8 ms]
   [Eden: 1694.0M(1694.0M)->0.0B(1694.0M) Survivors: 22.0M->22.0M Heap: 3661.7M(4096.0M)->1968.2M(4096.0M)]
 [Times: user=0.78 sys=0.00, real=0.20 secs] 
2016-01-06T01:05:23.243-0800: 101.906: [GC pause (young)
Desired survivor size 112721920 bytes, new threshold 15 (max 15)
- age   1:   20627920 bytes,   20627920 total
- age   2:      36864 bytes,   20664784 total
2016-01-06T01:05:23.442-0800: 102.105: [SoftReference, 0 refs, 0.0000600 secs]2016-01-06T01:05:23.442-0800: 102.105: [WeakReference, 0 refs, 0.0000070 secs]2016-01-06T01:05:23.442-0800: 102.105: [FinalReference, 0 refs, 0.0000060 secs]2016-01-06T01:05:23.442-0800: 102.105: [PhantomReference, 0 refs, 53024 refs, 0.0017590 secs]2016-01-06T01:05:23.444-0800: 102.107: [JNI Weak Reference, 0.0000080 secs], 0.2063840 secs]
   [Parallel Time: 30.6 ms, GC Workers: 4]
      [GC Worker Start (ms): Min: 101905.9, Avg: 101905.9, Max: 101905.9, Diff: 0.1]
      [Ext Root Scanning (ms): Min: 0.3, Avg: 0.4, Max: 0.4, Diff: 0.1, Sum: 1.4]
      [SATB Filtering (ms): Min: 0.0, Avg: 0.0, Max: 0.0, Diff: 0.0, Sum: 0.0]
      [Update RS (ms): Min: 18.2, Avg: 18.3, Max: 18.4, Diff: 0.2, Sum: 73.2]
         [Processed Buffers: Min: 25, Avg: 26.5, Max: 28, Diff: 3, Sum: 106]
      [Scan RS (ms): Min: 0.6, Avg: 0.7, Max: 0.9, Diff: 0.2, Sum: 3.0]
      [Code Root Scanning (ms): Min: 0.1, Avg: 0.1, Max: 0.1, Diff: 0.0, Sum: 0.3]
      [Object Copy (ms): Min: 10.9, Avg: 10.9, Max: 10.9, Diff: 0.1, Sum: 43.7]
      [Termination (ms): Min: 0.0, Avg: 0.0, Max: 0.0, Diff: 0.0, Sum: 0.0]
      [GC Worker Other (ms): Min: 0.0, Avg: 0.1, Max: 0.1, Diff: 0.1, Sum: 0.2]
      [GC Worker Total (ms): Min: 30.5, Avg: 30.5, Max: 30.5, Diff: 0.0, Sum: 121.9]
      [GC Worker End (ms): Min: 101936.3, Avg: 101936.4, Max: 101936.4, Diff: 0.1]
   [Code Root Fixup: 0.0 ms]
   [Code Root Migration: 0.2 ms]
   [Clear CT: 0.5 ms]
   [Other: 175.1 ms]
      [Choose CSet: 0.0 ms]
      [Ref Proc: 170.7 ms]
      [Ref Enq: 2.4 ms]
      [Free CSet: 1.8 ms]
   [Eden: 1694.0M(1694.0M)->0.0B(587.0M) Survivors: 22.0M->22.0M Heap: 3662.2M(4096.0M)->1968.2M(4096.0M)]
 [Times: user=0.78 sys=0.01, real=0.21 secs] 
2016-01-06T01:05:23.544-0800: 102.207: [GC pause (young)
Desired survivor size 40370176 bytes, new threshold 15 (max 15)
- age   1:   20627920 bytes,   20627920 total
- age   2:      36864 bytes,   20664784 total
2016-01-06T01:05:23.726-0800: 102.389: [SoftReference, 0 refs, 0.0000510 secs]2016-01-06T01:05:23.726-0800: 102.389: [WeakReference, 0 refs, 0.0000070 secs]2016-01-06T01:05:23.726-0800: 102.389: [FinalReference, 0 refs, 0.0000050 secs]2016-01-06T01:05:23.726-0800: 102.389: [PhantomReference, 0 refs, 18709 refs, 0.0006710 secs]2016-01-06T01:05:23.727-0800: 102.390: [JNI Weak Reference, 0.0000080 secs], 0.1842460 secs]
   [Parallel Time: 5.9 ms, GC Workers: 4]
      [GC Worker Start (ms): Min: 102207.4, Avg: 102208.9, Max: 102213.0, Diff: 5.6]
      [Ext Root Scanning (ms): Min: 0.0, Avg: 0.3, Max: 0.6, Diff: 0.6, Sum: 1.3]
      [SATB Filtering (ms): Min: 0.0, Avg: 0.0, Max: 0.0, Diff: 0.0, Sum: 0.0]
      [Update RS (ms): Min: 0.0, Avg: 0.1, Max: 0.2, Diff: 0.2, Sum: 0.2]
         [Processed Buffers: Min: 0, Avg: 1.0, Max: 3, Diff: 3, Sum: 4]
      [Scan RS (ms): Min: 0.1, Avg: 0.3, Max: 0.4, Diff: 0.3, Sum: 1.2]
      [Code Root Scanning (ms): Min: 0.0, Avg: 0.0, Max: 0.0, Diff: 0.0, Sum: 0.1]
      [Object Copy (ms): Min: 0.0, Avg: 3.3, Max: 4.4, Diff: 4.4, Sum: 13.1]
      [Termination (ms): Min: 0.0, Avg: 0.2, Max: 0.3, Diff: 0.3, Sum: 0.9]
      [GC Worker Other (ms): Min: 0.0, Avg: 0.0, Max: 0.0, Diff: 0.0, Sum: 0.0]
      [GC Worker Total (ms): Min: 0.1, Avg: 4.2, Max: 5.7, Diff: 5.6, Sum: 16.8]
      [GC Worker End (ms): Min: 102213.1, Avg: 102213.1, Max: 102213.1, Diff: 0.0]
   [Code Root Fixup: 0.0 ms]
   [Code Root Migration: 0.1 ms]
   [Clear CT: 0.2 ms]
   [Other: 178.1 ms]
      [Choose CSet: 0.0 ms]
      [Ref Proc: 176.4 ms]
      [Ref Enq: 0.8 ms]
      [Free CSet: 0.8 ms]
   [Eden: 587.0M(587.0M)->0.0B(1694.0M) Survivors: 22.0M->20.0M Heap: 2555.2M(4096.0M)->1965.7M(4096.0M)]
 [Times: user=0.62 sys=0.00, real=0.19 secs] 
2016-01-06T01:05:23.971-0800: 102.634: [GC pause (young)
Desired survivor size 112721920 bytes, new threshold 15 (max 15)
- age   1:   18157096 bytes,   18157096 total
- age   2:      36864 bytes,   18193960 total
2016-01-06T01:05:24.190-0800: 102.853: [SoftReference, 0 refs, 0.0000490 secs]2016-01-06T01:05:24.190-0800: 102.853: [WeakReference, 0 refs, 0.0000070 secs]2016-01-06T01:05:24.190-0800: 102.853: [FinalReference, 0 refs, 0.0000050 secs]2016-01-06T01:05:24.190-0800: 102.853: [PhantomReference, 0 refs, 53024 refs, 0.0018350 secs]2016-01-06T01:05:24.192-0800: 102.855: [JNI Weak Reference, 0.0000070 secs], 0.2256300 secs]
   [Parallel Time: 34.8 ms, GC Workers: 4]
      [GC Worker Start (ms): Min: 102634.0, Avg: 102634.1, Max: 102634.1, Diff: 0.1]
      [Ext Root Scanning (ms): Min: 0.4, Avg: 0.8, Max: 1.9, Diff: 1.5, Sum: 3.1]
      [SATB Filtering (ms): Min: 0.0, Avg: 0.0, Max: 0.0, Diff: 0.0, Sum: 0.0]
      [Update RS (ms): Min: 21.5, Avg: 22.7, Max: 23.4, Diff: 1.9, Sum: 90.9]
         [Processed Buffers: Min: 30, Avg: 30.5, Max: 31, Diff: 1, Sum: 122]
      [Scan RS (ms): Min: 0.6, Avg: 0.8, Max: 1.0, Diff: 0.4, Sum: 3.1]
      [Code Root Scanning (ms): Min: 0.1, Avg: 0.1, Max: 0.1, Diff: 0.0, Sum: 0.3]
      [Object Copy (ms): Min: 10.2, Avg: 10.2, Max: 10.3, Diff: 0.0, Sum: 41.0]
      [Termination (ms): Min: 0.0, Avg: 0.0, Max: 0.0, Diff: 0.0, Sum: 0.0]
      [GC Worker Other (ms): Min: 0.0, Avg: 0.1, Max: 0.1, Diff: 0.1, Sum: 0.3]
      [GC Worker Total (ms): Min: 34.7, Avg: 34.7, Max: 34.7, Diff: 0.1, Sum: 138.8]
      [GC Worker End (ms): Min: 102668.7, Avg: 102668.7, Max: 102668.8, Diff: 0.1]
   [Code Root Fixup: 0.0 ms]
   [Code Root Migration: 0.2 ms]
   [Clear CT: 0.4 ms]
   [Other: 190.2 ms]
      [Choose CSet: 0.0 ms]
      [Ref Proc: 185.8 ms]
      [Ref Enq: 2.4 ms]
      [Free CSet: 1.9 ms]
   [Eden: 1694.0M(1694.0M)->0.0B(182.0M) Survivors: 20.0M->22.0M Heap: 3659.7M(4096.0M)->1968.2M(4096.0M)]
 [Times: user=0.86 sys=0.00, real=0.22 secs] 
2016-01-06T01:05:24.224-0800: 102.887: [GC pause (young)
Desired survivor size 13631488 bytes, new threshold 1 (max 15)
- age   1:   20627920 bytes,   20627920 total
- age   2:      36864 bytes,   20664784 total
2016-01-06T01:05:24.425-0800: 103.088: [SoftReference, 0 refs, 0.0000440 secs]2016-01-06T01:05:24.425-0800: 103.088: [WeakReference, 0 refs, 0.0000060 secs]2016-01-06T01:05:24.425-0800: 103.088: [FinalReference, 0 refs, 0.0000050 secs]2016-01-06T01:05:24.425-0800: 103.088: [PhantomReference, 0 refs, 6152 refs, 0.0002380 secs]2016-01-06T01:05:24.425-0800: 103.088: [JNI Weak Reference, 0.0000080 secs], 0.2021380 secs]
   [Parallel Time: 3.4 ms, GC Workers: 4]
      [GC Worker Start (ms): Min: 102887.1, Avg: 102887.3, Max: 102887.9, Diff: 0.9]
      [Ext Root Scanning (ms): Min: 0.0, Avg: 0.3, Max: 0.5, Diff: 0.5, Sum: 1.3]
      [SATB Filtering (ms): Min: 0.0, Avg: 0.0, Max: 0.0, Diff: 0.0, Sum: 0.0]
      [Update RS (ms): Min: 0.6, Avg: 0.8, Max: 1.0, Diff: 0.3, Sum: 3.1]
         [Processed Buffers: Min: 1, Avg: 2.2, Max: 5, Diff: 4, Sum: 9]
      [Scan RS (ms): Min: 0.0, Avg: 0.1, Max: 0.2, Diff: 0.2, Sum: 0.3]
      [Code Root Scanning (ms): Min: 0.0, Avg: 0.0, Max: 0.0, Diff: 0.0, Sum: 0.0]
      [Object Copy (ms): Min: 1.9, Avg: 2.0, Max: 2.0, Diff: 0.1, Sum: 7.8]
      [Termination (ms): Min: 0.0, Avg: 0.0, Max: 0.0, Diff: 0.0, Sum: 0.0]
      [GC Worker Other (ms): Min: 0.0, Avg: 0.0, Max: 0.0, Diff: 0.0, Sum: 0.1]
      [GC Worker Total (ms): Min: 2.5, Avg: 3.2, Max: 3.4, Diff: 0.9, Sum: 12.7]
      [GC Worker End (ms): Min: 102890.5, Avg: 102890.5, Max: 102890.5, Diff: 0.0]
   [Code Root Fixup: 0.0 ms]
   [Code Root Migration: 0.0 ms]
   [Clear CT: 0.1 ms]
   [Other: 198.5 ms]
      [Choose CSet: 0.0 ms]
      [Ref Proc: 197.9 ms]
      [Ref Enq: 0.3 ms]
      [Free CSet: 0.3 ms]
   [Eden: 182.0M(182.0M)->0.0B(188.0M) Survivors: 22.0M->16.0M Heap: 2150.2M(4096.0M)->1961.7M(4096.0M)]
 [Times: user=0.74 sys=0.00, real=0.21 secs] 
2016-01-06T01:05:24.453-0800: 103.116: [GC pause (young)
Desired survivor size 13631488 bytes, new threshold 1 (max 15)
- age   1:   14725072 bytes,   14725072 total
2016-01-06T01:05:24.641-0800: 103.304: [SoftReference, 0 refs, 0.0000470 secs]2016-01-06T01:05:24.641-0800: 103.304: [WeakReference, 0 refs, 0.0000070 secs]2016-01-06T01:05:24.641-0800: 103.304: [FinalReference, 0 refs, 0.0000050 secs]2016-01-06T01:05:24.641-0800: 103.304: [PhantomReference, 0 refs, 6337 refs, 0.0002580 secs]2016-01-06T01:05:24.641-0800: 103.304: [JNI Weak Reference, 0.0000090 secs], 0.1890880 secs]
   [Parallel Time: 4.1 ms, GC Workers: 4]
      [GC Worker Start (ms): Min: 103116.0, Avg: 103117.0, Max: 103119.9, Diff: 4.0]
      [Ext Root Scanning (ms): Min: 0.0, Avg: 0.4, Max: 0.5, Diff: 0.5, Sum: 1.4]
      [SATB Filtering (ms): Min: 0.0, Avg: 0.0, Max: 0.0, Diff: 0.0, Sum: 0.0]
      [Update RS (ms): Min: 0.0, Avg: 0.1, Max: 0.2, Diff: 0.2, Sum: 0.3]
         [Processed Buffers: Min: 0, Avg: 1.2, Max: 3, Diff: 3, Sum: 5]
      [Scan RS (ms): Min: 0.0, Avg: 0.1, Max: 0.1, Diff: 0.1, Sum: 0.4]
      [Code Root Scanning (ms): Min: 0.0, Avg: 0.0, Max: 0.0, Diff: 0.0, Sum: 0.0]
      [Object Copy (ms): Min: 0.0, Avg: 1.8, Max: 2.5, Diff: 2.5, Sum: 7.3]
      [Termination (ms): Min: 0.0, Avg: 0.6, Max: 0.8, Diff: 0.8, Sum: 2.5]
      [GC Worker Other (ms): Min: 0.0, Avg: 0.0, Max: 0.0, Diff: 0.0, Sum: 0.0]
      [GC Worker Total (ms): Min: 0.1, Avg: 3.0, Max: 4.0, Diff: 4.0, Sum: 12.1]
      [GC Worker End (ms): Min: 103120.0, Avg: 103120.0, Max: 103120.0, Diff: 0.0]
   [Code Root Fixup: 0.0 ms]
   [Code Root Migration: 0.0 ms]
   [Clear CT: 0.2 ms]
   [Other: 184.8 ms]
      [Choose CSet: 0.0 ms]
      [Ref Proc: 184.1 ms]
      [Ref Enq: 0.3 ms]
      [Free CSet: 0.3 ms]
   [Eden: 188.0M(188.0M)->0.0B(186.0M) Survivors: 16.0M->18.0M Heap: 2149.7M(4096.0M)->1964.3M(4096.0M)]
 [Times: user=0.70 sys=0.00, real=0.19 secs] 
2016-01-06T01:05:24.669-0800: 103.332: [GC pause (young)
Desired survivor size 13631488 bytes, new threshold 1 (max 15)
- age   1:   17266528 bytes,   17266528 total
2016-01-06T01:05:24.858-0800: 103.521: [SoftReference, 0 refs, 0.0000440 secs]2016-01-06T01:05:24.858-0800: 103.521: [WeakReference, 0 refs, 0.0000070 secs]2016-01-06T01:05:24.858-0800: 103.521: [FinalReference, 0 refs, 0.0000060 secs]2016-01-06T01:05:24.858-0800: 103.521: [PhantomReference, 0 refs, 6277 refs, 0.0002380 secs]2016-01-06T01:05:24.859-0800: 103.521: [JNI Weak Reference, 0.0000070 secs], 0.1903310 secs]
   [Parallel Time: 3.6 ms, GC Workers: 4]
      [GC Worker Start (ms): Min: 103331.9, Avg: 103332.5, Max: 103334.1, Diff: 2.1]
      [Ext Root Scanning (ms): Min: 0.0, Avg: 0.3, Max: 0.5, Diff: 0.5, Sum: 1.3]
      [SATB Filtering (ms): Min: 0.0, Avg: 0.0, Max: 0.0, Diff: 0.0, Sum: 0.0]
      [Update RS (ms): Min: 0.0, Avg: 0.3, Max: 0.6, Diff: 0.6, Sum: 1.4]
         [Processed Buffers: Min: 0, Avg: 1.2, Max: 2, Diff: 2, Sum: 5]
      [Scan RS (ms): Min: 0.0, Avg: 0.1, Max: 0.2, Diff: 0.2, Sum: 0.3]
      [Code Root Scanning (ms): Min: 0.0, Avg: 0.0, Max: 0.0, Diff: 0.0, Sum: 0.0]
      [Object Copy (ms): Min: 1.2, Avg: 2.1, Max: 2.6, Diff: 1.4, Sum: 8.5]
      [Termination (ms): Min: 0.0, Avg: 0.1, Max: 0.1, Diff: 0.1, Sum: 0.4]
      [GC Worker Other (ms): Min: 0.0, Avg: 0.0, Max: 0.0, Diff: 0.0, Sum: 0.0]
      [GC Worker Total (ms): Min: 1.4, Avg: 3.0, Max: 3.5, Diff: 2.1, Sum: 11.8]
      [GC Worker End (ms): Min: 103335.4, Avg: 103335.5, Max: 103335.5, Diff: 0.0]
   [Code Root Fixup: 0.0 ms]
   [Code Root Migration: 0.0 ms]
   [Clear CT: 0.1 ms]
   [Other: 186.6 ms]
      [Choose CSet: 0.0 ms]
      [Ref Proc: 186.0 ms]
      [Ref Enq: 0.3 ms]
      [Free CSet: 0.3 ms]
   [Eden: 186.0M(186.0M)->0.0B(185.0M) Survivors: 18.0M->19.0M Heap: 2150.3M(4096.0M)->1964.8M(4096.0M)]
 [Times: user=0.74 sys=0.00, real=0.19 secs] 
2016-01-06T01:05:24.885-0800: 103.548: [GC pause (young)
Desired survivor size 13631488 bytes, new threshold 1 (max 15)
- age   1:   17262064 bytes,   17262064 total
2016-01-06T01:05:25.073-0800: 103.736: [SoftReference, 0 refs, 0.0000430 secs]2016-01-06T01:05:25.073-0800: 103.736: [WeakReference, 0 refs, 0.0000070 secs]2016-01-06T01:05:25.073-0800: 103.736: [FinalReference, 0 refs, 0.0000060 secs]2016-01-06T01:05:25.073-0800: 103.736: [PhantomReference, 0 refs, 6243 refs, 0.0002430 secs]2016-01-06T01:05:25.073-0800: 103.736: [JNI Weak Reference, 0.0000080 secs], 0.1885540 secs]
   [Parallel Time: 3.1 ms, GC Workers: 4]
      [GC Worker Start (ms): Min: 103548.2, Avg: 103548.2, Max: 103548.2, Diff: 0.1]
      [Ext Root Scanning (ms): Min: 0.3, Avg: 0.4, Max: 0.4, Diff: 0.1, Sum: 1.4]
      [SATB Filtering (ms): Min: 0.0, Avg: 0.0, Max: 0.0, Diff: 0.0, Sum: 0.0]
      [Update RS (ms): Min: 0.0, Avg: 0.1, Max: 0.2, Diff: 0.2, Sum: 0.3]
         [Processed Buffers: Min: 0, Avg: 1.2, Max: 3, Diff: 3, Sum: 5]
      [Scan RS (ms): Min: 0.0, Avg: 0.1, Max: 0.1, Diff: 0.1, Sum: 0.4]
      [Code Root Scanning (ms): Min: 0.0, Avg: 0.0, Max: 0.0, Diff: 0.0, Sum: 0.0]
      [Object Copy (ms): Min: 2.4, Avg: 2.4, Max: 2.4, Diff: 0.0, Sum: 9.4]
      [Termination (ms): Min: 0.0, Avg: 0.0, Max: 0.0, Diff: 0.0, Sum: 0.0]
      [GC Worker Other (ms): Min: 0.0, Avg: 0.0, Max: 0.0, Diff: 0.0, Sum: 0.1]
      [GC Worker Total (ms): Min: 2.9, Avg: 2.9, Max: 3.0, Diff: 0.1, Sum: 11.7]
      [GC Worker End (ms): Min: 103551.1, Avg: 103551.1, Max: 103551.2, Diff: 0.0]
   [Code Root Fixup: 0.0 ms]
   [Code Root Migration: 0.0 ms]
   [Clear CT: 0.1 ms]
   [Other: 185.3 ms]
      [Choose CSet: 0.0 ms]
      [Ref Proc: 184.7 ms]
      [Ref Enq: 0.3 ms]
      [Free CSet: 0.3 ms]
   [Eden: 185.0M(185.0M)->0.0B(911.0M) Survivors: 19.0M->18.0M Heap: 2149.8M(4096.0M)->1964.4M(4096.0M)]
 [Times: user=0.73 sys=0.00, real=0.18 secs] 
2016-01-06T01:05:25.212-0800: 103.875: [GC pause (young)
Desired survivor size 61341696 bytes, new threshold 15 (max 15)
- age   1:   17259832 bytes,   17259832 total
2016-01-06T01:05:25.408-0800: 104.071: [SoftReference, 0 refs, 0.0000460 secs]2016-01-06T01:05:25.408-0800: 104.071: [WeakReference, 0 refs, 0.0000070 secs]2016-01-06T01:05:25.408-0800: 104.071: [FinalReference, 0 refs, 0.0000050 secs]2016-01-06T01:05:25.408-0800: 104.071: [PhantomReference, 0 refs, 28749 refs, 0.0010250 secs]2016-01-06T01:05:25.409-0800: 104.072: [JNI Weak Reference, 0.0000090 secs], 0.2003500 secs]
   [Parallel Time: 10.2 ms, GC Workers: 4]
      [GC Worker Start (ms): Min: 103874.8, Avg: 103874.9, Max: 103874.9, Diff: 0.1]
      [Ext Root Scanning (ms): Min: 0.3, Avg: 0.4, Max: 0.4, Diff: 0.1, Sum: 1.4]
      [SATB Filtering (ms): Min: 0.0, Avg: 0.0, Max: 0.0, Diff: 0.0, Sum: 0.0]
      [Update RS (ms): Min: 3.1, Avg: 3.2, Max: 3.4, Diff: 0.4, Sum: 13.0]
         [Processed Buffers: Min: 5, Avg: 5.5, Max: 6, Diff: 1, Sum: 22]
      [Scan RS (ms): Min: 0.2, Avg: 0.4, Max: 0.6, Diff: 0.3, Sum: 1.6]
      [Code Root Scanning (ms): Min: 0.0, Avg: 0.0, Max: 0.1, Diff: 0.0, Sum: 0.2]
      [Object Copy (ms): Min: 6.0, Avg: 6.0, Max: 6.0, Diff: 0.1, Sum: 24.0]
      [Termination (ms): Min: 0.0, Avg: 0.0, Max: 0.0, Diff: 0.0, Sum: 0.0]
      [GC Worker Other (ms): Min: 0.0, Avg: 0.1, Max: 0.1, Diff: 0.1, Sum: 0.2]
      [GC Worker Total (ms): Min: 10.1, Avg: 10.1, Max: 10.1, Diff: 0.1, Sum: 40.4]
      [GC Worker End (ms): Min: 103884.9, Avg: 103885.0, Max: 103885.0, Diff: 0.1]
   [Code Root Fixup: 0.0 ms]
   [Code Root Migration: 0.1 ms]
   [Clear CT: 0.2 ms]
   [Other: 189.7 ms]
      [Choose CSet: 0.0 ms]
      [Ref Proc: 187.3 ms]
      [Ref Enq: 1.3 ms]
      [Free CSet: 1.0 ms]
   [Eden: 911.0M(911.0M)->0.0B(293.0M) Survivors: 18.0M->20.0M Heap: 2875.4M(4096.0M)->1966.4M(4096.0M)]
 [Times: user=0.77 sys=0.00, real=0.20 secs] 
2016-01-06T01:05:25.458-0800: 104.121: [GC pause (young)
Desired survivor size 20971520 bytes, new threshold 15 (max 15)
- age   1:   18880264 bytes,   18880264 total
- age   2:      36864 bytes,   18917128 total
2016-01-06T01:05:25.678-0800: 104.341: [SoftReference, 0 refs, 0.0000440 secs]2016-01-06T01:05:25.678-0800: 104.341: [WeakReference, 0 refs, 0.0000070 secs]2016-01-06T01:05:25.678-0800: 104.341: [FinalReference, 0 refs, 0.0000050 secs]2016-01-06T01:05:25.678-0800: 104.341: [PhantomReference, 0 refs, 9593 refs, 0.0003540 secs]2016-01-06T01:05:25.678-0800: 104.341: [JNI Weak Reference, 0.0000080 secs], 0.2213830 secs]
   [Parallel Time: 7.8 ms, GC Workers: 4]
      [GC Worker Start (ms): Min: 104121.2, Avg: 104121.2, Max: 104121.2, Diff: 0.1]
      [Ext Root Scanning (ms): Min: 0.3, Avg: 0.4, Max: 0.4, Diff: 0.1, Sum: 1.5]
      [SATB Filtering (ms): Min: 0.0, Avg: 0.0, Max: 0.0, Diff: 0.0, Sum: 0.0]
      [Update RS (ms): Min: 4.3, Avg: 4.6, Max: 4.8, Diff: 0.5, Sum: 18.2]
         [Processed Buffers: Min: 6, Avg: 7.2, Max: 9, Diff: 3, Sum: 29]
      [Scan RS (ms): Min: 0.0, Avg: 0.1, Max: 0.3, Diff: 0.2, Sum: 0.5]
      [Code Root Scanning (ms): Min: 0.0, Avg: 0.0, Max: 0.0, Diff: 0.0, Sum: 0.1]
      [Object Copy (ms): Min: 2.5, Avg: 2.6, Max: 2.7, Diff: 0.2, Sum: 10.6]
      [Termination (ms): Min: 0.0, Avg: 0.0, Max: 0.0, Diff: 0.0, Sum: 0.0]
      [GC Worker Other (ms): Min: 0.0, Avg: 0.0, Max: 0.0, Diff: 0.0, Sum: 0.1]
      [GC Worker Total (ms): Min: 7.7, Avg: 7.8, Max: 7.8, Diff: 0.1, Sum: 31.0]
      [GC Worker End (ms): Min: 104129.0, Avg: 104129.0, Max: 104129.0, Diff: 0.0]
   [Code Root Fixup: 0.0 ms]
   [Code Root Migration: 0.0 ms]
   [Clear CT: 0.2 ms]
   [Other: 213.3 ms]
      [Choose CSet: 0.0 ms]
      [Ref Proc: 212.4 ms]
      [Ref Enq: 0.4 ms]
      [Free CSet: 0.4 ms]
   [Eden: 293.0M(293.0M)->0.0B(185.0M) Survivors: 20.0M->19.0M Heap: 2259.4M(4096.0M)->1965.4M(4096.0M)]
 [Times: user=0.73 sys=0.01, real=0.22 secs] 
2016-01-06T01:05:25.706-0800: 104.369: [GC pause (young)
Desired survivor size 13631488 bytes, new threshold 1 (max 15)
- age   1:   17500888 bytes,   17500888 total
- age   2:      36864 bytes,   17537752 total
2016-01-06T01:05:25.902-0800: 104.565: [SoftReference, 0 refs, 0.0000450 secs]2016-01-06T01:05:25.902-0800: 104.565: [WeakReference, 0 refs, 0.0000060 secs]2016-01-06T01:05:25.902-0800: 104.565: [FinalReference, 0 refs, 0.0000050 secs]2016-01-06T01:05:25.902-0800: 104.565: [PhantomReference, 0 refs, 6245 refs, 0.0002400 secs]2016-01-06T01:05:25.903-0800: 104.566: [JNI Weak Reference, 0.0000070 secs], 0.1972590 secs]
   [Parallel Time: 7.7 ms, GC Workers: 4]
      [GC Worker Start (ms): Min: 104369.2, Avg: 104369.9, Max: 104371.9, Diff: 2.7]
      [Ext Root Scanning (ms): Min: 0.0, Avg: 0.3, Max: 0.5, Diff: 0.5, Sum: 1.3]
      [SATB Filtering (ms): Min: 0.0, Avg: 0.0, Max: 0.0, Diff: 0.0, Sum: 0.0]
      [Update RS (ms): Min: 2.2, Avg: 4.0, Max: 4.8, Diff: 2.6, Sum: 16.1]
         [Processed Buffers: Min: 3, Avg: 6.8, Max: 9, Diff: 6, Sum: 27]
      [Scan RS (ms): Min: 0.0, Avg: 0.1, Max: 0.2, Diff: 0.2, Sum: 0.3]
      [Code Root Scanning (ms): Min: 0.0, Avg: 0.0, Max: 0.0, Diff: 0.0, Sum: 0.0]
      [Object Copy (ms): Min: 2.3, Avg: 2.4, Max: 2.5, Diff: 0.2, Sum: 9.6]
      [Termination (ms): Min: 0.0, Avg: 0.0, Max: 0.0, Diff: 0.0, Sum: 0.0]
      [GC Worker Other (ms): Min: 0.0, Avg: 0.0, Max: 0.0, Diff: 0.0, Sum: 0.1]
      [GC Worker Total (ms): Min: 4.8, Avg: 6.9, Max: 7.6, Diff: 2.8, Sum: 27.5]
      [GC Worker End (ms): Min: 104376.8, Avg: 104376.8, Max: 104376.8, Diff: 0.0]
   [Code Root Fixup: 0.0 ms]
   [Code Root Migration: 0.0 ms]
   [Clear CT: 0.2 ms]
   [Other: 189.4 ms]
      [Choose CSet: 0.0 ms]
      [Ref Proc: 188.7 ms]
      [Ref Enq: 0.3 ms]
      [Free CSet: 0.3 ms]
   [Eden: 185.0M(185.0M)->0.0B(185.0M) Survivors: 19.0M->19.0M Heap: 2150.4M(4096.0M)->1964.9M(4096.0M)]
 [Times: user=0.75 sys=0.00, real=0.19 secs] 
2016-01-06T01:05:25.932-0800: 104.595: [GC pause (young)
Desired survivor size 13631488 bytes, new threshold 1 (max 15)
- age   1:   17259832 bytes,   17259832 total
2016-01-06T01:05:26.123-0800: 104.786: [SoftReference, 0 refs, 0.0000460 secs]2016-01-06T01:05:26.123-0800: 104.786: [WeakReference, 0 refs, 0.0000070 secs]2016-01-06T01:05:26.123-0800: 104.786: [FinalReference, 0 refs, 0.0000050 secs]2016-01-06T01:05:26.123-0800: 104.786: [PhantomReference, 0 refs, 6245 refs, 0.0002390 secs]2016-01-06T01:05:26.123-0800: 104.786: [JNI Weak Reference, 0.0000070 secs], 0.1925480 secs]
   [Parallel Time: 3.7 ms, GC Workers: 4]
      [GC Worker Start (ms): Min: 104595.2, Avg: 104595.4, Max: 104595.9, Diff: 0.7]
      [Ext Root Scanning (ms): Min: 0.0, Avg: 0.3, Max: 0.5, Diff: 0.5, Sum: 1.3]
      [SATB Filtering (ms): Min: 0.0, Avg: 0.0, Max: 0.0, Diff: 0.0, Sum: 0.0]
      [Update RS (ms): Min: 0.1, Avg: 0.6, Max: 0.9, Diff: 0.8, Sum: 2.3]
         [Processed Buffers: Min: 1, Avg: 2.0, Max: 4, Diff: 3, Sum: 8]
      [Scan RS (ms): Min: 0.0, Avg: 0.1, Max: 0.3, Diff: 0.3, Sum: 0.3]
      [Code Root Scanning (ms): Min: 0.0, Avg: 0.0, Max: 0.0, Diff: 0.0, Sum: 0.0]
      [Object Copy (ms): Min: 2.2, Avg: 2.3, Max: 2.4, Diff: 0.2, Sum: 9.4]
      [Termination (ms): Min: 0.0, Avg: 0.0, Max: 0.0, Diff: 0.0, Sum: 0.0]
      [GC Worker Other (ms): Min: 0.0, Avg: 0.0, Max: 0.0, Diff: 0.0, Sum: 0.1]
      [GC Worker Total (ms): Min: 2.9, Avg: 3.4, Max: 3.5, Diff: 0.7, Sum: 13.4]
      [GC Worker End (ms): Min: 104598.8, Avg: 104598.8, Max: 104598.8, Diff: 0.0]
   [Code Root Fixup: 0.0 ms]
   [Code Root Migration: 0.0 ms]
   [Clear CT: 1.2 ms]
   [Other: 187.7 ms]
      [Choose CSet: 0.0 ms]
      [Ref Proc: 187.0 ms]
      [Ref Enq: 0.3 ms]
      [Free CSet: 0.3 ms]
   [Eden: 185.0M(185.0M)->0.0B(185.0M) Survivors: 19.0M->19.0M Heap: 2149.9M(4096.0M)->1964.9M(4096.0M)]
 [Times: user=0.72 sys=0.01, real=0.19 secs] 
2016-01-06T01:05:26.153-0800: 104.816: [GC pause (young)
Desired survivor size 13631488 bytes, new threshold 1 (max 15)
- age   1:   17259832 bytes,   17259832 total
2016-01-06T01:05:26.345-0800: 105.008: [SoftReference, 0 refs, 0.0000430 secs]2016-01-06T01:05:26.345-0800: 105.008: [WeakReference, 0 refs, 0.0000070 secs]2016-01-06T01:05:26.345-0800: 105.008: [FinalReference, 0 refs, 0.0000050 secs]2016-01-06T01:05:26.345-0800: 105.008: [PhantomReference, 0 refs, 6244 refs, 0.0002450 secs]2016-01-06T01:05:26.345-0800: 105.008: [JNI Weak Reference, 0.0000070 secs], 0.1925940 secs]
   [Parallel Time: 3.0 ms, GC Workers: 4]
      [GC Worker Start (ms): Min: 104816.4, Avg: 104816.4, Max: 104816.5, Diff: 0.1]
      [Ext Root Scanning (ms): Min: 0.3, Avg: 0.4, Max: 0.4, Diff: 0.1, Sum: 1.5]
      [SATB Filtering (ms): Min: 0.0, Avg: 0.0, Max: 0.0, Diff: 0.0, Sum: 0.0]
      [Update RS (ms): Min: 0.0, Avg: 0.1, Max: 0.2, Diff: 0.2, Sum: 0.3]
         [Processed Buffers: Min: 0, Avg: 1.2, Max: 3, Diff: 3, Sum: 5]
      [Scan RS (ms): Min: 0.0, Avg: 0.1, Max: 0.1, Diff: 0.1, Sum: 0.3]
      [Code Root Scanning (ms): Min: 0.0, Avg: 0.0, Max: 0.0, Diff: 0.0, Sum: 0.0]
      [Object Copy (ms): Min: 2.3, Avg: 2.3, Max: 2.3, Diff: 0.0, Sum: 9.3]
      [Termination (ms): Min: 0.0, Avg: 0.0, Max: 0.0, Diff: 0.0, Sum: 0.0]
      [GC Worker Other (ms): Min: 0.0, Avg: 0.0, Max: 0.1, Diff: 0.0, Sum: 0.1]
      [GC Worker Total (ms): Min: 2.8, Avg: 2.9, Max: 3.0, Diff: 0.1, Sum: 11.6]
      [GC Worker End (ms): Min: 104819.3, Avg: 104819.3, Max: 104819.4, Diff: 0.0]
   [Code Root Fixup: 0.0 ms]
   [Code Root Migration: 0.0 ms]
   [Clear CT: 0.1 ms]
   [Other: 189.4 ms]
      [Choose CSet: 0.0 ms]
      [Ref Proc: 188.7 ms]
      [Ref Enq: 0.3 ms]
      [Free CSet: 0.3 ms]
   [Eden: 185.0M(185.0M)->0.0B(185.0M) Survivors: 19.0M->19.0M Heap: 2149.9M(4096.0M)->1965.0M(4096.0M)]
 [Times: user=0.74 sys=0.00, real=0.20 secs] 
2016-01-06T01:05:26.374-0800: 105.037: [GC pause (young)
Desired survivor size 13631488 bytes, new threshold 1 (max 15)
- age   1:   17259832 bytes,   17259832 total
2016-01-06T01:05:26.582-0800: 105.245: [SoftReference, 0 refs, 0.0000600 secs]2016-01-06T01:05:26.582-0800: 105.245: [WeakReference, 0 refs, 0.0000060 secs]2016-01-06T01:05:26.582-0800: 105.245: [FinalReference, 0 refs, 0.0000050 secs]2016-01-06T01:05:26.582-0800: 105.245: [PhantomReference, 0 refs, 6244 refs, 0.0002240 secs]2016-01-06T01:05:26.582-0800: 105.245: [JNI Weak Reference, 0.0000070 secs], 0.2086030 secs]
   [Parallel Time: 6.4 ms, GC Workers: 4]
      [GC Worker Start (ms): Min: 105037.5, Avg: 105039.1, Max: 105043.7, Diff: 6.3]
      [Ext Root Scanning (ms): Min: 0.0, Avg: 0.4, Max: 0.5, Diff: 0.5, Sum: 1.4]
      [SATB Filtering (ms): Min: 0.0, Avg: 0.0, Max: 0.0, Diff: 0.0, Sum: 0.0]
      [Update RS (ms): Min: 0.0, Avg: 0.1, Max: 0.2, Diff: 0.2, Sum: 0.3]
         [Processed Buffers: Min: 0, Avg: 1.2, Max: 3, Diff: 3, Sum: 5]
      [Scan RS (ms): Min: 0.0, Avg: 0.1, Max: 0.1, Diff: 0.1, Sum: 0.4]
      [Code Root Scanning (ms): Min: 0.0, Avg: 0.0, Max: 0.0, Diff: 0.0, Sum: 0.0]
      [Object Copy (ms): Min: 0.0, Avg: 2.0, Max: 2.7, Diff: 2.7, Sum: 8.0]
      [Termination (ms): Min: 0.0, Avg: 2.2, Max: 2.9, Diff: 2.9, Sum: 8.8]
      [GC Worker Other (ms): Min: 0.0, Avg: 0.0, Max: 0.0, Diff: 0.0, Sum: 0.0]
      [GC Worker Total (ms): Min: 0.1, Avg: 4.8, Max: 6.4, Diff: 6.3, Sum: 19.0]
      [GC Worker End (ms): Min: 105043.8, Avg: 105043.8, Max: 105043.8, Diff: 0.0]
   [Code Root Fixup: 0.0 ms]
   [Code Root Migration: 0.0 ms]
   [Clear CT: 0.1 ms]
   [Other: 202.0 ms]
      [Choose CSet: 0.0 ms]
      [Ref Proc: 201.4 ms]
      [Ref Enq: 0.3 ms]
      [Free CSet: 0.3 ms]
   [Eden: 185.0M(185.0M)->0.0B(185.0M) Survivors: 19.0M->19.0M Heap: 2150.0M(4096.0M)->1965.0M(4096.0M)]
 [Times: user=0.77 sys=0.00, real=0.21 secs] 
2016-01-06T01:05:26.612-0800: 105.275: [GC pause (young)
Desired survivor size 13631488 bytes, new threshold 1 (max 15)
- age   1:   17259832 bytes,   17259832 total
2016-01-06T01:05:26.808-0800: 105.471: [SoftReference, 0 refs, 0.0000360 secs]2016-01-06T01:05:26.808-0800: 105.471: [WeakReference, 0 refs, 0.0000070 secs]2016-01-06T01:05:26.808-0800: 105.471: [FinalReference, 0 refs, 0.0000060 secs]2016-01-06T01:05:26.808-0800: 105.471: [PhantomReference, 0 refs, 6244 refs, 0.0002280 secs]2016-01-06T01:05:26.808-0800: 105.471: [JNI Weak Reference, 0.0000070 secs], 0.1974010 secs]
   [Parallel Time: 7.2 ms, GC Workers: 4]
      [GC Worker Start (ms): Min: 105274.6, Avg: 105276.6, Max: 105281.6, Diff: 7.0]
      [Ext Root Scanning (ms): Min: 0.0, Avg: 0.3, Max: 0.7, Diff: 0.7, Sum: 1.3]
      [SATB Filtering (ms): Min: 0.0, Avg: 0.0, Max: 0.0, Diff: 0.0, Sum: 0.0]
      [Update RS (ms): Min: 0.0, Avg: 0.1, Max: 0.2, Diff: 0.2, Sum: 0.3]
         [Processed Buffers: Min: 0, Avg: 1.0, Max: 2, Diff: 2, Sum: 4]
      [Scan RS (ms): Min: 0.0, Avg: 0.1, Max: 0.2, Diff: 0.2, Sum: 0.4]
      [Code Root Scanning (ms): Min: 0.0, Avg: 0.0, Max: 0.0, Diff: 0.0, Sum: 0.0]
      [Object Copy (ms): Min: 0.0, Avg: 2.0, Max: 2.7, Diff: 2.7, Sum: 7.9]
      [Termination (ms): Min: 0.0, Avg: 2.6, Max: 3.5, Diff: 3.5, Sum: 10.5]
      [GC Worker Other (ms): Min: 0.0, Avg: 0.0, Max: 0.0, Diff: 0.0, Sum: 0.0]
      [GC Worker Total (ms): Min: 0.1, Avg: 5.1, Max: 7.1, Diff: 7.0, Sum: 20.5]
      [GC Worker End (ms): Min: 105281.7, Avg: 105281.7, Max: 105281.7, Diff: 0.0]
   [Code Root Fixup: 0.0 ms]
   [Code Root Migration: 0.0 ms]
   [Clear CT: 0.1 ms]
   [Other: 190.1 ms]
      [Choose CSet: 0.0 ms]
      [Ref Proc: 189.4 ms]
      [Ref Enq: 0.3 ms]
      [Free CSet: 0.3 ms]
   [Eden: 185.0M(185.0M)->0.0B(185.0M) Survivors: 19.0M->19.0M Heap: 2150.0M(4096.0M)->1965.1M(4096.0M)]
 [Times: user=0.74 sys=0.00, real=0.20 secs] 
2016-01-06T01:05:26.836-0800: 105.499: [GC pause (young)
Desired survivor size 13631488 bytes, new threshold 1 (max 15)
- age   1:   17259832 bytes,   17259832 total
2016-01-06T01:05:27.028-0800: 105.691: [SoftReference, 0 refs, 0.0000440 secs]2016-01-06T01:05:27.028-0800: 105.691: [WeakReference, 0 refs, 0.0000060 secs]2016-01-06T01:05:27.028-0800: 105.691: [FinalReference, 0 refs, 0.0000060 secs]2016-01-06T01:05:27.028-0800: 105.691: [PhantomReference, 0 refs, 6244 refs, 0.0002420 secs]2016-01-06T01:05:27.029-0800: 105.692: [JNI Weak Reference, 0.0000080 secs], 0.1935110 secs]
   [Parallel Time: 2.9 ms, GC Workers: 4]
      [GC Worker Start (ms): Min: 105498.9, Avg: 105498.9, Max: 105499.0, Diff: 0.1]
      [Ext Root Scanning (ms): Min: 0.3, Avg: 0.4, Max: 0.4, Diff: 0.1, Sum: 1.5]
      [SATB Filtering (ms): Min: 0.0, Avg: 0.0, Max: 0.0, Diff: 0.0, Sum: 0.0]
      [Update RS (ms): Min: 0.0, Avg: 0.1, Max: 0.2, Diff: 0.2, Sum: 0.3]
         [Processed Buffers: Min: 0, Avg: 1.0, Max: 2, Diff: 2, Sum: 4]
      [Scan RS (ms): Min: 0.0, Avg: 0.1, Max: 0.1, Diff: 0.1, Sum: 0.3]
      [Code Root Scanning (ms): Min: 0.0, Avg: 0.0, Max: 0.0, Diff: 0.0, Sum: 0.1]
      [Object Copy (ms): Min: 2.2, Avg: 2.2, Max: 2.2, Diff: 0.0, Sum: 8.7]
      [Termination (ms): Min: 0.0, Avg: 0.0, Max: 0.0, Diff: 0.0, Sum: 0.0]
      [GC Worker Other (ms): Min: 0.0, Avg: 0.0, Max: 0.0, Diff: 0.0, Sum: 0.1]
      [GC Worker Total (ms): Min: 2.7, Avg: 2.8, Max: 2.8, Diff: 0.1, Sum: 11.1]
      [GC Worker End (ms): Min: 105501.7, Avg: 105501.7, Max: 105501.7, Diff: 0.0]
   [Code Root Fixup: 0.0 ms]
   [Code Root Migration: 0.0 ms]
   [Clear CT: 0.1 ms]
   [Other: 190.4 ms]
      [Choose CSet: 0.0 ms]
      [Ref Proc: 189.7 ms]
      [Ref Enq: 0.3 ms]
      [Free CSet: 0.3 ms]
   [Eden: 185.0M(185.0M)->0.0B(317.0M) Survivors: 19.0M->19.0M Heap: 2150.1M(4096.0M)->1965.1M(4096.0M)]
 [Times: user=0.75 sys=0.00, real=0.20 secs] 
2016-01-06T01:05:27.074-0800: 105.737: [GC pause (young)
Desired survivor size 22020096 bytes, new threshold 15 (max 15)
- age   1:   17259832 bytes,   17259832 total
2016-01-06T01:05:27.269-0800: 105.932: [SoftReference, 0 refs, 0.0000430 secs]2016-01-06T01:05:27.269-0800: 105.932: [WeakReference, 0 refs, 0.0000070 secs]2016-01-06T01:05:27.269-0800: 105.932: [FinalReference, 0 refs, 0.0000050 secs]2016-01-06T01:05:27.269-0800: 105.932: [PhantomReference, 0 refs, 10336 refs, 0.0003810 secs]2016-01-06T01:05:27.269-0800: 105.932: [JNI Weak Reference, 0.0000070 secs], 0.1960720 secs]
   [Parallel Time: 3.5 ms, GC Workers: 4]
      [GC Worker Start (ms): Min: 105737.2, Avg: 105737.4, Max: 105737.7, Diff: 0.4]
      [Ext Root Scanning (ms): Min: 0.0, Avg: 0.3, Max: 0.5, Diff: 0.5, Sum: 1.3]
      [SATB Filtering (ms): Min: 0.0, Avg: 0.0, Max: 0.0, Diff: 0.0, Sum: 0.0]
      [Update RS (ms): Min: 0.0, Avg: 0.1, Max: 0.2, Diff: 0.2, Sum: 0.3]
         [Processed Buffers: Min: 0, Avg: 1.2, Max: 3, Diff: 3, Sum: 5]
      [Scan RS (ms): Min: 0.1, Avg: 0.1, Max: 0.2, Diff: 0.1, Sum: 0.6]
      [Code Root Scanning (ms): Min: 0.0, Avg: 0.0, Max: 0.0, Diff: 0.0, Sum: 0.1]
      [Object Copy (ms): Min: 2.6, Avg: 2.6, Max: 2.7, Diff: 0.0, Sum: 10.6]
      [Termination (ms): Min: 0.0, Avg: 0.0, Max: 0.0, Diff: 0.0, Sum: 0.0]
      [GC Worker Other (ms): Min: 0.0, Avg: 0.0, Max: 0.1, Diff: 0.0, Sum: 0.1]
      [GC Worker Total (ms): Min: 3.0, Avg: 3.3, Max: 3.4, Diff: 0.4, Sum: 13.0]
      [GC Worker End (ms): Min: 105740.6, Avg: 105740.6, Max: 105740.6, Diff: 0.0]
   [Code Root Fixup: 0.0 ms]
   [Code Root Migration: 0.1 ms]
   [Clear CT: 0.1 ms]
   [Other: 192.4 ms]
      [Choose CSet: 0.0 ms]
      [Ref Proc: 191.4 ms]
      [Ref Enq: 0.5 ms]
      [Free CSet: 0.4 ms]
   [Eden: 317.0M(317.0M)->0.0B(665.0M) Survivors: 19.0M->19.0M Heap: 2282.1M(4096.0M)->1965.6M(4096.0M)]
 [Times: user=0.76 sys=0.00, real=0.20 secs] 
2016-01-06T01:05:27.364-0800: 106.027: [GC pause (young)
Desired survivor size 45088768 bytes, new threshold 15 (max 15)
- age   1:   17554456 bytes,   17554456 total
- age   2:      36864 bytes,   17591320 total
2016-01-06T01:05:27.561-0800: 106.224: [SoftReference, 0 refs, 0.0000560 secs]2016-01-06T01:05:27.561-0800: 106.224: [WeakReference, 0 refs, 0.0000070 secs]2016-01-06T01:05:27.561-0800: 106.224: [FinalReference, 0 refs, 0.0000050 secs]2016-01-06T01:05:27.561-0800: 106.224: [PhantomReference, 0 refs, 21123 refs, 0.0007820 secs]2016-01-06T01:05:27.562-0800: 106.225: [JNI Weak Reference, 0.0000080 secs], 0.1998880 secs]
   [Parallel Time: 5.5 ms, GC Workers: 4]
      [GC Worker Start (ms): Min: 106027.0, Avg: 106027.0, Max: 106027.1, Diff: 0.1]
      [Ext Root Scanning (ms): Min: 0.3, Avg: 0.4, Max: 0.4, Diff: 0.1, Sum: 1.4]
      [SATB Filtering (ms): Min: 0.0, Avg: 0.0, Max: 0.0, Diff: 0.0, Sum: 0.0]
      [Update RS (ms): Min: 0.0, Avg: 0.1, Max: 0.2, Diff: 0.2, Sum: 0.2]
         [Processed Buffers: Min: 0, Avg: 1.0, Max: 2, Diff: 2, Sum: 4]
      [Scan RS (ms): Min: 0.2, Avg: 0.3, Max: 0.4, Diff: 0.1, Sum: 1.3]
      [Code Root Scanning (ms): Min: 0.0, Avg: 0.0, Max: 0.1, Diff: 0.0, Sum: 0.1]
      [Object Copy (ms): Min: 4.5, Avg: 4.5, Max: 4.5, Diff: 0.0, Sum: 18.0]
      [Termination (ms): Min: 0.0, Avg: 0.0, Max: 0.0, Diff: 0.0, Sum: 0.0]
      [GC Worker Other (ms): Min: 0.0, Avg: 0.0, Max: 0.1, Diff: 0.1, Sum: 0.2]
      [GC Worker Total (ms): Min: 5.3, Avg: 5.3, Max: 5.4, Diff: 0.1, Sum: 21.3]
      [GC Worker End (ms): Min: 106032.3, Avg: 106032.4, Max: 106032.4, Diff: 0.1]
   [Code Root Fixup: 0.0 ms]
   [Code Root Migration: 0.1 ms]
   [Clear CT: 0.2 ms]
   [Other: 194.1 ms]
      [Choose CSet: 0.0 ms]
      [Ref Proc: 192.1 ms]
      [Ref Enq: 1.0 ms]
      [Free CSet: 0.9 ms]
   [Eden: 665.0M(665.0M)->0.0B(521.0M) Survivors: 19.0M->20.0M Heap: 2630.6M(4096.0M)->1966.6M(4096.0M)]
 [Times: user=0.76 sys=0.00, real=0.20 secs] 
2016-01-06T01:05:27.646-0800: 106.309: [GC pause (young)
Desired survivor size 35651584 bytes, new threshold 15 (max 15)
- age   1:   18331192 bytes,   18331192 total
- age   2:      36864 bytes,   18368056 total
2016-01-06T01:05:27.848-0800: 106.511: [SoftReference, 0 refs, 0.0000500 secs]2016-01-06T01:05:27.848-0800: 106.511: [WeakReference, 0 refs, 0.0000070 secs]2016-01-06T01:05:27.848-0800: 106.511: [FinalReference, 0 refs, 0.0000050 secs]2016-01-06T01:05:27.848-0800: 106.511: [PhantomReference, 0 refs, 16661 refs, 0.0006300 secs]2016-01-06T01:05:27.849-0800: 106.512: [JNI Weak Reference, 0.0000070 secs], 0.2049770 secs]
   [Parallel Time: 15.3 ms, GC Workers: 4]
      [GC Worker Start (ms): Min: 106308.9, Avg: 106314.4, Max: 106324.0, Diff: 15.2]
      [Ext Root Scanning (ms): Min: 0.0, Avg: 0.3, Max: 0.7, Diff: 0.7, Sum: 1.3]
      [SATB Filtering (ms): Min: 0.0, Avg: 0.0, Max: 0.0, Diff: 0.0, Sum: 0.0]
      [Update RS (ms): Min: 0.0, Avg: 0.1, Max: 0.2, Diff: 0.2, Sum: 0.2]
         [Processed Buffers: Min: 0, Avg: 1.0, Max: 3, Diff: 3, Sum: 4]
      [Scan RS (ms): Min: 0.0, Avg: 0.2, Max: 0.5, Diff: 0.4, Sum: 1.0]
      [Code Root Scanning (ms): Min: 0.0, Avg: 0.0, Max: 0.1, Diff: 0.1, Sum: 0.1]
      [Object Copy (ms): Min: 0.0, Avg: 2.9, Max: 5.8, Diff: 5.8, Sum: 11.5]
      [Termination (ms): Min: 0.0, Avg: 6.1, Max: 8.3, Diff: 8.3, Sum: 24.5]
      [GC Worker Other (ms): Min: 0.0, Avg: 0.0, Max: 0.0, Diff: 0.0, Sum: 0.0]
      [GC Worker Total (ms): Min: 0.1, Avg: 9.7, Max: 15.3, Diff: 15.2, Sum: 38.7]
      [GC Worker End (ms): Min: 106324.1, Avg: 106324.1, Max: 106324.1, Diff: 0.0]
   [Code Root Fixup: 0.0 ms]
   [Code Root Migration: 0.1 ms]
   [Clear CT: 0.2 ms]
   [Other: 189.4 ms]
      [Choose CSet: 0.0 ms]
      [Ref Proc: 187.9 ms]
      [Ref Enq: 0.7 ms]
      [Free CSet: 0.6 ms]
   [Eden: 521.0M(521.0M)->0.0B(551.0M) Survivors: 20.0M->19.0M Heap: 2487.6M(4096.0M)->1965.1M(4096.0M)]
 [Times: user=0.70 sys=0.01, real=0.20 secs] 
2016-01-06T01:05:27.929-0800: 106.592: [GC pause (young)
Desired survivor size 37748736 bytes, new threshold 15 (max 15)
- age   1:   18009784 bytes,   18009784 total
- age   2:      36864 bytes,   18046648 total
2016-01-06T01:05:28.123-0800: 106.786: [SoftReference, 0 refs, 0.0000440 secs]2016-01-06T01:05:28.123-0800: 106.786: [WeakReference, 0 refs, 0.0000070 secs]2016-01-06T01:05:28.123-0800: 106.786: [FinalReference, 0 refs, 0.0000050 secs]2016-01-06T01:05:28.123-0800: 106.786: [PhantomReference, 0 refs, 17591 refs, 0.0006280 secs]2016-01-06T01:05:28.124-0800: 106.787: [JNI Weak Reference, 0.0000070 secs], 0.1964080 secs]
   [Parallel Time: 6.0 ms, GC Workers: 4]
      [GC Worker Start (ms): Min: 106592.2, Avg: 106592.7, Max: 106594.3, Diff: 2.2]
      [Ext Root Scanning (ms): Min: 0.0, Avg: 0.3, Max: 0.5, Diff: 0.5, Sum: 1.3]
      [SATB Filtering (ms): Min: 0.0, Avg: 0.0, Max: 0.0, Diff: 0.0, Sum: 0.0]
      [Update RS (ms): Min: 0.0, Avg: 0.0, Max: 0.1, Diff: 0.1, Sum: 0.1]
         [Processed Buffers: Min: 0, Avg: 0.8, Max: 2, Diff: 2, Sum: 3]
      [Scan RS (ms): Min: 0.1, Avg: 0.2, Max: 0.4, Diff: 0.3, Sum: 1.0]
      [Code Root Scanning (ms): Min: 0.0, Avg: 0.0, Max: 0.0, Diff: 0.0, Sum: 0.1]
      [Object Copy (ms): Min: 3.6, Avg: 4.7, Max: 5.1, Diff: 1.4, Sum: 18.8]
      [Termination (ms): Min: 0.0, Avg: 0.0, Max: 0.0, Diff: 0.0, Sum: 0.0]
      [GC Worker Other (ms): Min: 0.0, Avg: 0.0, Max: 0.1, Diff: 0.1, Sum: 0.2]
      [GC Worker Total (ms): Min: 3.7, Avg: 5.4, Max: 5.9, Diff: 2.2, Sum: 21.5]
      [GC Worker End (ms): Min: 106598.1, Avg: 106598.1, Max: 106598.1, Diff: 0.1]
   [Code Root Fixup: 0.0 ms]
   [Code Root Migration: 0.1 ms]
   [Clear CT: 0.2 ms]
   [Other: 190.1 ms]
      [Choose CSet: 0.0 ms]
      [Ref Proc: 188.6 ms]
      [Ref Enq: 0.8 ms]
      [Free CSet: 0.7 ms]
   [Eden: 551.0M(551.0M)->0.0B(813.0M) Survivors: 19.0M->20.0M Heap: 2516.1M(4096.0M)->1966.1M(4096.0M)]
 [Times: user=0.75 sys=0.00, real=0.20 secs] 
2016-01-06T01:05:28.251-0800: 106.913: [GC pause (young)
Desired survivor size 55050240 bytes, new threshold 15 (max 15)
- age   1:   18076744 bytes,   18076744 total
- age   2:      36864 bytes,   18113608 total
2016-01-06T01:05:28.445-0800: 107.108: [SoftReference, 0 refs, 0.0000580 secs]2016-01-06T01:05:28.445-0800: 107.108: [WeakReference, 0 refs, 0.0000070 secs]2016-01-06T01:05:28.445-0800: 107.108: [FinalReference, 0 refs, 0.0000060 secs]2016-01-06T01:05:28.445-0800: 107.108: [PhantomReference, 0 refs, 25713 refs, 0.0009130 secs]2016-01-06T01:05:28.446-0800: 107.109: [JNI Weak Reference, 0.0000070 secs], 0.1981690 secs]
   [Parallel Time: 6.0 ms, GC Workers: 4]
      [GC Worker Start (ms): Min: 106913.5, Avg: 106914.2, Max: 106915.9, Diff: 2.4]
      [Ext Root Scanning (ms): Min: 0.0, Avg: 0.3, Max: 0.5, Diff: 0.5, Sum: 1.3]
      [SATB Filtering (ms): Min: 0.0, Avg: 0.0, Max: 0.0, Diff: 0.0, Sum: 0.0]
      [Update RS (ms): Min: 0.0, Avg: 0.0, Max: 0.1, Diff: 0.1, Sum: 0.2]
         [Processed Buffers: Min: 0, Avg: 1.2, Max: 4, Diff: 4, Sum: 5]
      [Scan RS (ms): Min: 0.1, Avg: 0.4, Max: 0.5, Diff: 0.4, Sum: 1.4]
      [Code Root Scanning (ms): Min: 0.0, Avg: 0.0, Max: 0.1, Diff: 0.1, Sum: 0.2]
      [Object Copy (ms): Min: 3.4, Avg: 4.5, Max: 4.9, Diff: 1.5, Sum: 18.0]
      [Termination (ms): Min: 0.0, Avg: 0.0, Max: 0.1, Diff: 0.1, Sum: 0.1]
      [GC Worker Other (ms): Min: 0.0, Avg: 0.0, Max: 0.0, Diff: 0.0, Sum: 0.1]
      [GC Worker Total (ms): Min: 3.5, Avg: 5.3, Max: 5.9, Diff: 2.4, Sum: 21.2]
      [GC Worker End (ms): Min: 106919.5, Avg: 106919.5, Max: 106919.5, Diff: 0.0]
   [Code Root Fixup: 0.0 ms]
   [Code Root Migration: 0.1 ms]
   [Clear CT: 0.2 ms]
   [Other: 191.8 ms]
      [Choose CSet: 0.0 ms]
      [Ref Proc: 189.6 ms]
      [Ref Enq: 1.2 ms]
      [Free CSet: 1.0 ms]
   [Eden: 813.0M(813.0M)->0.0B(954.0M) Survivors: 20.0M->20.0M Heap: 2779.1M(4096.0M)->1966.6M(4096.0M)]
 [Times: user=0.71 sys=0.01, real=0.20 secs] 
2016-01-06T01:05:28.584-0800: 107.246: [GC pause (young)
Desired survivor size 63963136 bytes, new threshold 15 (max 15)
- age   1:   18661528 bytes,   18661528 total
- age   2:      36864 bytes,   18698392 total
2016-01-06T01:05:28.780-0800: 107.443: [SoftReference, 0 refs, 0.0000430 secs]2016-01-06T01:05:28.780-0800: 107.443: [WeakReference, 0 refs, 0.0000060 secs]2016-01-06T01:05:28.780-0800: 107.443: [FinalReference, 0 refs, 0.0000060 secs]2016-01-06T01:05:28.780-0800: 107.443: [PhantomReference, 0 refs, 30083 refs, 0.0010570 secs]2016-01-06T01:05:28.782-0800: 107.444: [JNI Weak Reference, 0.0000080 secs], 0.2009300 secs]
   [Parallel Time: 7.3 ms, GC Workers: 4]
      [GC Worker Start (ms): Min: 107246.5, Avg: 107246.6, Max: 107246.6, Diff: 0.1]
      [Ext Root Scanning (ms): Min: 0.3, Avg: 0.4, Max: 0.4, Diff: 0.1, Sum: 1.4]
      [SATB Filtering (ms): Min: 0.0, Avg: 0.0, Max: 0.0, Diff: 0.0, Sum: 0.0]
      [Update RS (ms): Min: 0.0, Avg: 0.1, Max: 0.1, Diff: 0.1, Sum: 0.2]
         [Processed Buffers: Min: 0, Avg: 1.2, Max: 2, Diff: 2, Sum: 5]
      [Scan RS (ms): Min: 0.4, Avg: 0.4, Max: 0.5, Diff: 0.1, Sum: 1.7]
      [Code Root Scanning (ms): Min: 0.0, Avg: 0.1, Max: 0.1, Diff: 0.0, Sum: 0.2]
      [Object Copy (ms): Min: 6.2, Avg: 6.3, Max: 6.3, Diff: 0.0, Sum: 25.0]
      [Termination (ms): Min: 0.0, Avg: 0.0, Max: 0.0, Diff: 0.0, Sum: 0.0]
      [GC Worker Other (ms): Min: 0.0, Avg: 0.1, Max: 0.1, Diff: 0.0, Sum: 0.2]
      [GC Worker Total (ms): Min: 7.2, Avg: 7.2, Max: 7.3, Diff: 0.0, Sum: 28.9]
      [GC Worker End (ms): Min: 107253.8, Avg: 107253.8, Max: 107253.8, Diff: 0.0]
   [Code Root Fixup: 0.0 ms]
   [Code Root Migration: 0.1 ms]
   [Clear CT: 0.3 ms]
   [Other: 193.1 ms]
      [Choose CSet: 0.0 ms]
      [Ref Proc: 190.6 ms]
      [Ref Enq: 1.4 ms]
      [Free CSet: 1.1 ms]
   [Eden: 954.0M(954.0M)->0.0B(733.0M) Survivors: 20.0M->20.0M Heap: 2920.6M(4096.0M)->1966.6M(4096.0M)]
 [Times: user=0.74 sys=0.00, real=0.20 secs] 
2016-01-06T01:05:28.889-0800: 107.552: [GC pause (young)
Desired survivor size 49807360 bytes, new threshold 15 (max 15)
- age   1:   18976240 bytes,   18976240 total
- age   2:      36864 bytes,   19013104 total
2016-01-06T01:05:29.089-0800: 107.752: [SoftReference, 0 refs, 0.0000570 secs]2016-01-06T01:05:29.090-0800: 107.752: [WeakReference, 0 refs, 0.0000110 secs]2016-01-06T01:05:29.090-0800: 107.752: [FinalReference, 0 refs, 0.0000090 secs]2016-01-06T01:05:29.090-0800: 107.752: [PhantomReference, 0 refs, 23233 refs, 0.0012090 secs]2016-01-06T01:05:29.091-0800: 107.754: [JNI Weak Reference, 0.0000130 secs], 0.2046810 secs]
   [Parallel Time: 5.5 ms, GC Workers: 4]
      [GC Worker Start (ms): Min: 107551.8, Avg: 107552.9, Max: 107555.9, Diff: 4.1]
      [Ext Root Scanning (ms): Min: 0.0, Avg: 0.3, Max: 0.5, Diff: 0.5, Sum: 1.3]
      [SATB Filtering (ms): Min: 0.0, Avg: 0.0, Max: 0.0, Diff: 0.0, Sum: 0.0]
      [Update RS (ms): Min: 0.0, Avg: 0.0, Max: 0.1, Diff: 0.1, Sum: 0.1]
         [Processed Buffers: Min: 0, Avg: 1.2, Max: 3, Diff: 3, Sum: 5]
      [Scan RS (ms): Min: 0.1, Avg: 0.3, Max: 0.5, Diff: 0.4, Sum: 1.3]
      [Code Root Scanning (ms): Min: 0.0, Avg: 0.0, Max: 0.1, Diff: 0.1, Sum: 0.1]
      [Object Copy (ms): Min: 1.1, Avg: 3.6, Max: 4.4, Diff: 3.3, Sum: 14.3]
      [Termination (ms): Min: 0.0, Avg: 0.0, Max: 0.0, Diff: 0.0, Sum: 0.0]
      [GC Worker Other (ms): Min: 0.0, Avg: 0.1, Max: 0.1, Diff: 0.1, Sum: 0.2]
      [GC Worker Total (ms): Min: 1.3, Avg: 4.4, Max: 5.4, Diff: 4.1, Sum: 17.4]
      [GC Worker End (ms): Min: 107557.2, Avg: 107557.2, Max: 107557.2, Diff: 0.1]
   [Code Root Fixup: 0.0 ms]
   [Code Root Migration: 0.1 ms]
   [Clear CT: 0.3 ms]
   [Other: 198.8 ms]
      [Choose CSet: 0.0 ms]
      [Ref Proc: 196.4 ms]
      [Ref Enq: 1.1 ms]
      [Free CSet: 1.2 ms]
   [Eden: 733.0M(733.0M)->0.0B(192.0M) Survivors: 20.0M->12.0M Heap: 2699.6M(4096.0M)->1958.1M(4096.0M)]
 [Times: user=0.74 sys=0.00, real=0.20 secs] 
2016-01-06T01:05:29.132-0800: 107.795: [GC pause (young)
Desired survivor size 13631488 bytes, new threshold 15 (max 15)
- age   1:   10603288 bytes,   10603288 total
- age   2:      36864 bytes,   10640152 total
2016-01-06T01:05:29.321-0800: 107.984: [SoftReference, 0 refs, 0.0000530 secs]2016-01-06T01:05:29.321-0800: 107.984: [WeakReference, 0 refs, 0.0000080 secs]2016-01-06T01:05:29.321-0800: 107.984: [FinalReference, 0 refs, 0.0000050 secs]2016-01-06T01:05:29.321-0800: 107.984: [PhantomReference, 0 refs, 6462 refs, 0.0002360 secs]2016-01-06T01:05:29.322-0800: 107.985: [JNI Weak Reference, 0.0000080 secs], 0.1906990 secs]
   [Parallel Time: 3.0 ms, GC Workers: 4]
      [GC Worker Start (ms): Min: 107794.8, Avg: 107794.9, Max: 107794.9, Diff: 0.1]
      [Ext Root Scanning (ms): Min: 0.3, Avg: 0.4, Max: 0.4, Diff: 0.1, Sum: 1.4]
      [SATB Filtering (ms): Min: 0.0, Avg: 0.0, Max: 0.0, Diff: 0.0, Sum: 0.0]
      [Update RS (ms): Min: 0.0, Avg: 0.1, Max: 0.2, Diff: 0.2, Sum: 0.2]
         [Processed Buffers: Min: 0, Avg: 1.0, Max: 3, Diff: 3, Sum: 4]
      [Scan RS (ms): Min: 0.0, Avg: 0.1, Max: 0.1, Diff: 0.1, Sum: 0.3]
      [Code Root Scanning (ms): Min: 0.0, Avg: 0.0, Max: 0.0, Diff: 0.0, Sum: 0.0]
      [Object Copy (ms): Min: 2.3, Avg: 2.4, Max: 2.4, Diff: 0.1, Sum: 9.5]
      [Termination (ms): Min: 0.0, Avg: 0.0, Max: 0.0, Diff: 0.0, Sum: 0.1]
      [GC Worker Other (ms): Min: 0.0, Avg: 0.0, Max: 0.0, Diff: 0.0, Sum: 0.0]
      [GC Worker Total (ms): Min: 2.9, Avg: 2.9, Max: 2.9, Diff: 0.0, Sum: 11.7]
      [GC Worker End (ms): Min: 107797.8, Avg: 107797.8, Max: 107797.8, Diff: 0.0]
   [Code Root Fixup: 0.0 ms]
   [Code Root Migration: 0.0 ms]
   [Clear CT: 0.2 ms]
   [Other: 187.5 ms]
      [Choose CSet: 0.0 ms]
      [Ref Proc: 186.8 ms]
      [Ref Enq: 0.3 ms]
      [Free CSet: 0.3 ms]
   [Eden: 192.0M(192.0M)->0.0B(501.0M) Survivors: 12.0M->19.0M Heap: 2150.1M(4096.0M)->1965.1M(4096.0M)]
 [Times: user=0.73 sys=0.00, real=0.19 secs] 
2016-01-06T01:05:29.399-0800: 108.062: [GC pause (young)
Desired survivor size 34078720 bytes, new threshold 15 (max 15)
- age   1:   17275456 bytes,   17275456 total
- age   2:      36864 bytes,   17312320 total
2016-01-06T01:05:29.590-0800: 108.253: [SoftReference, 0 refs, 0.0000460 secs]2016-01-06T01:05:29.590-0800: 108.253: [WeakReference, 0 refs, 0.0000060 secs]2016-01-06T01:05:29.590-0800: 108.253: [FinalReference, 0 refs, 0.0000050 secs]2016-01-06T01:05:29.590-0800: 108.253: [PhantomReference, 0 refs, 16041 refs, 0.0005880 secs]2016-01-06T01:05:29.590-0800: 108.253: [JNI Weak Reference, 0.0000070 secs], 0.1926350 secs]
   [Parallel Time: 4.3 ms, GC Workers: 4]
      [GC Worker Start (ms): Min: 108062.3, Avg: 108062.4, Max: 108062.4, Diff: 0.1]
      [Ext Root Scanning (ms): Min: 0.3, Avg: 0.4, Max: 0.4, Diff: 0.1, Sum: 1.4]
      [SATB Filtering (ms): Min: 0.0, Avg: 0.0, Max: 0.0, Diff: 0.0, Sum: 0.0]
      [Update RS (ms): Min: 0.0, Avg: 0.1, Max: 0.2, Diff: 0.2, Sum: 0.2]
         [Processed Buffers: Min: 0, Avg: 1.0, Max: 2, Diff: 2, Sum: 4]
      [Scan RS (ms): Min: 0.1, Avg: 0.2, Max: 0.3, Diff: 0.2, Sum: 1.0]
      [Code Root Scanning (ms): Min: 0.0, Avg: 0.0, Max: 0.0, Diff: 0.0, Sum: 0.1]
      [Object Copy (ms): Min: 3.5, Avg: 3.5, Max: 3.5, Diff: 0.0, Sum: 14.1]
      [Termination (ms): Min: 0.0, Avg: 0.0, Max: 0.0, Diff: 0.0, Sum: 0.0]
      [GC Worker Other (ms): Min: 0.0, Avg: 0.0, Max: 0.0, Diff: 0.0, Sum: 0.1]
      [GC Worker Total (ms): Min: 4.2, Avg: 4.2, Max: 4.3, Diff: 0.1, Sum: 16.9]
      [GC Worker End (ms): Min: 108066.6, Avg: 108066.6, Max: 108066.6, Diff: 0.0]
   [Code Root Fixup: 0.0 ms]
   [Code Root Migration: 0.1 ms]
   [Clear CT: 0.2 ms]
   [Other: 188.1 ms]
      [Choose CSet: 0.0 ms]
      [Ref Proc: 186.6 ms]
      [Ref Enq: 0.7 ms]
      [Free CSet: 0.7 ms]
   [Eden: 501.0M(501.0M)->0.0B(1085.0M) Survivors: 19.0M->19.0M Heap: 2466.1M(4096.0M)->1965.6M(4096.0M)]
 [Times: user=0.74 sys=0.01, real=0.19 secs] 
2016-01-06T01:05:29.756-0800: 108.419: [GC pause (young)
Desired survivor size 72351744 bytes, new threshold 15 (max 15)
- age   1:   17965144 bytes,   17965144 total
- age   2:      36864 bytes,   18002008 total
2016-01-06T01:05:29.950-0800: 108.612: [SoftReference, 0 refs, 0.0000510 secs]2016-01-06T01:05:29.950-0800: 108.613: [WeakReference, 0 refs, 0.0000070 secs]2016-01-06T01:05:29.950-0800: 108.613: [FinalReference, 0 refs, 0.0000060 secs]2016-01-06T01:05:29.950-0800: 108.613: [PhantomReference, 0 refs, 34145 refs, 0.0012150 secs]2016-01-06T01:05:29.951-0800: 108.614: [JNI Weak Reference, 0.0000080 secs], 0.1983440 secs]
   [Parallel Time: 8.4 ms, GC Workers: 4]
      [GC Worker Start (ms): Min: 108418.9, Avg: 108418.9, Max: 108418.9, Diff: 0.1]
      [Ext Root Scanning (ms): Min: 0.4, Avg: 1.6, Max: 4.9, Diff: 4.5, Sum: 6.3]
      [SATB Filtering (ms): Min: 0.0, Avg: 0.0, Max: 0.0, Diff: 0.0, Sum: 0.0]
      [Update RS (ms): Min: 0.0, Avg: 0.1, Max: 0.2, Diff: 0.2, Sum: 0.3]
         [Processed Buffers: Min: 0, Avg: 1.0, Max: 2, Diff: 2, Sum: 4]
      [Scan RS (ms): Min: 0.3, Avg: 0.6, Max: 0.8, Diff: 0.5, Sum: 2.3]
      [Code Root Scanning (ms): Min: 0.0, Avg: 0.1, Max: 0.1, Diff: 0.1, Sum: 0.2]
      [Object Copy (ms): Min: 3.1, Avg: 6.0, Max: 7.0, Diff: 3.9, Sum: 23.9]
      [Termination (ms): Min: 0.0, Avg: 0.0, Max: 0.0, Diff: 0.0, Sum: 0.0]
      [GC Worker Other (ms): Min: 0.0, Avg: 0.1, Max: 0.1, Diff: 0.1, Sum: 0.2]
      [GC Worker Total (ms): Min: 8.3, Avg: 8.3, Max: 8.4, Diff: 0.1, Sum: 33.3]
      [GC Worker End (ms): Min: 108427.2, Avg: 108427.2, Max: 108427.2, Diff: 0.1]
   [Code Root Fixup: 0.0 ms]
   [Code Root Migration: 0.2 ms]
   [Clear CT: 0.3 ms]
   [Other: 189.5 ms]
      [Choose CSet: 0.0 ms]
      [Ref Proc: 186.5 ms]
      [Ref Enq: 1.6 ms]
      [Free CSet: 1.3 ms]
   [Eden: 1085.0M(1085.0M)->0.0B(1157.0M) Survivors: 19.0M->21.0M Heap: 3050.6M(4096.0M)->1967.6M(4096.0M)]
 [Times: user=0.76 sys=0.00, real=0.20 secs] 
2016-01-06T01:05:30.123-0800: 108.786: [GC pause (young)
Desired survivor size 77594624 bytes, new threshold 15 (max 15)
- age   1:   19268632 bytes,   19268632 total
- age   2:      36864 bytes,   19305496 total
2016-01-06T01:05:30.319-0800: 108.982: [SoftReference, 0 refs, 0.0000490 secs]2016-01-06T01:05:30.319-0800: 108.982: [WeakReference, 0 refs, 0.0000080 secs]2016-01-06T01:05:30.319-0800: 108.982: [FinalReference, 0 refs, 0.0000050 secs]2016-01-06T01:05:30.319-0800: 108.982: [PhantomReference, 0 refs, 36377 refs, 0.0013050 secs]2016-01-06T01:05:30.321-0800: 108.984: [JNI Weak Reference, 0.0000070 secs], 0.2010670 secs]
   [Parallel Time: 9.3 ms, GC Workers: 4]
      [GC Worker Start (ms): Min: 108786.4, Avg: 108786.4, Max: 108786.4, Diff: 0.1]
      [Ext Root Scanning (ms): Min: 0.3, Avg: 0.4, Max: 0.4, Diff: 0.1, Sum: 1.4]
      [SATB Filtering (ms): Min: 0.0, Avg: 0.0, Max: 0.0, Diff: 0.0, Sum: 0.0]
      [Update RS (ms): Min: 0.0, Avg: 0.1, Max: 0.2, Diff: 0.2, Sum: 0.2]
         [Processed Buffers: Min: 0, Avg: 1.0, Max: 3, Diff: 3, Sum: 4]
      [Scan RS (ms): Min: 0.4, Avg: 0.5, Max: 0.6, Diff: 0.2, Sum: 2.2]
      [Code Root Scanning (ms): Min: 0.0, Avg: 0.1, Max: 0.1, Diff: 0.0, Sum: 0.2]
      [Object Copy (ms): Min: 8.0, Avg: 8.0, Max: 8.1, Diff: 0.0, Sum: 32.2]
      [Termination (ms): Min: 0.0, Avg: 0.0, Max: 0.0, Diff: 0.0, Sum: 0.0]
      [GC Worker Other (ms): Min: 0.0, Avg: 0.0, Max: 0.1, Diff: 0.1, Sum: 0.2]
      [GC Worker Total (ms): Min: 9.1, Avg: 9.1, Max: 9.2, Diff: 0.1, Sum: 36.4]
      [GC Worker End (ms): Min: 108795.5, Avg: 108795.5, Max: 108795.5, Diff: 0.1]
   [Code Root Fixup: 0.0 ms]
   [Code Root Migration: 0.2 ms]
   [Clear CT: 0.3 ms]
   [Other: 191.3 ms]
      [Choose CSet: 0.0 ms]
      [Ref Proc: 188.1 ms]
      [Ref Enq: 1.7 ms]
      [Free CSet: 1.5 ms]
   [Eden: 1157.0M(1157.0M)->0.0B(886.0M) Survivors: 21.0M->21.0M Heap: 3124.6M(4096.0M)->1967.1M(4096.0M)]
 [Times: user=0.78 sys=0.00, real=0.20 secs] 
2016-01-06T01:05:30.464-0800: 109.127: [GC pause (young)
Desired survivor size 59768832 bytes, new threshold 15 (max 15)
- age   1:   19429336 bytes,   19429336 total
- age   2:      36864 bytes,   19466200 total
2016-01-06T01:05:30.662-0800: 109.324: [SoftReference, 0 refs, 0.0000460 secs]2016-01-06T01:05:30.662-0800: 109.325: [WeakReference, 0 refs, 0.0000060 secs]2016-01-06T01:05:30.662-0800: 109.325: [FinalReference, 0 refs, 0.0000060 secs]2016-01-06T01:05:30.662-0800: 109.325: [PhantomReference, 0 refs, 27974 refs, 0.0009780 secs]2016-01-06T01:05:30.663-0800: 109.326: [JNI Weak Reference, 0.0000080 secs], 0.2009080 secs]
   [Parallel Time: 9.2 ms, GC Workers: 4]
      [GC Worker Start (ms): Min: 109127.4, Avg: 109127.5, Max: 109127.6, Diff: 0.1]
      [Ext Root Scanning (ms): Min: 0.4, Avg: 2.5, Max: 8.9, Diff: 8.5, Sum: 10.1]
      [SATB Filtering (ms): Min: 0.0, Avg: 0.0, Max: 0.0, Diff: 0.0, Sum: 0.0]
      [Update RS (ms): Min: 0.0, Avg: 0.1, Max: 0.2, Diff: 0.2, Sum: 0.2]
         [Processed Buffers: Min: 0, Avg: 1.0, Max: 3, Diff: 3, Sum: 4]
      [Scan RS (ms): Min: 0.2, Avg: 0.4, Max: 0.6, Diff: 0.4, Sum: 1.7]
      [Code Root Scanning (ms): Min: 0.0, Avg: 0.0, Max: 0.1, Diff: 0.1, Sum: 0.2]
      [Object Copy (ms): Min: 0.0, Avg: 5.7, Max: 7.6, Diff: 7.6, Sum: 22.9]
      [Termination (ms): Min: 0.0, Avg: 0.2, Max: 0.3, Diff: 0.3, Sum: 1.0]
      [GC Worker Other (ms): Min: 0.0, Avg: 0.0, Max: 0.0, Diff: 0.0, Sum: 0.1]
      [GC Worker Total (ms): Min: 9.0, Avg: 9.0, Max: 9.1, Diff: 0.1, Sum: 36.1]
      [GC Worker End (ms): Min: 109136.6, Avg: 109136.6, Max: 109136.6, Diff: 0.0]
   [Code Root Fixup: 0.0 ms]
   [Code Root Migration: 0.1 ms]
   [Clear CT: 0.3 ms]
   [Other: 191.3 ms]
      [Choose CSet: 0.0 ms]
      [Ref Proc: 188.9 ms]
      [Ref Enq: 1.3 ms]
      [Free CSet: 1.1 ms]
   [Eden: 886.0M(886.0M)->0.0B(753.0M) Survivors: 21.0M->20.0M Heap: 2853.1M(4096.0M)->1966.6M(4096.0M)]
 [Times: user=0.75 sys=0.00, real=0.21 secs] 
2016-01-06T01:05:30.783-0800: 109.446: [GC pause (young)
Desired survivor size 50855936 bytes, new threshold 15 (max 15)
- age   1:   18824464 bytes,   18824464 total
- age   2:      36864 bytes,   18861328 total
2016-01-06T01:05:30.975-0800: 109.638: [SoftReference, 0 refs, 0.0000440 secs]2016-01-06T01:05:30.975-0800: 109.638: [WeakReference, 0 refs, 0.0000070 secs]2016-01-06T01:05:30.975-0800: 109.638: [FinalReference, 0 refs, 0.0000050 secs]2016-01-06T01:05:30.975-0800: 109.638: [PhantomReference, 0 refs, 23853 refs, 0.0008360 secs]2016-01-06T01:05:30.976-0800: 109.639: [JNI Weak Reference, 0.0000070 secs], 0.1959100 secs]
   [Parallel Time: 6.4 ms, GC Workers: 4]
      [GC Worker Start (ms): Min: 109445.9, Avg: 109445.9, Max: 109446.0, Diff: 0.1]
      [Ext Root Scanning (ms): Min: 0.4, Avg: 0.4, Max: 0.4, Diff: 0.1, Sum: 1.6]
      [SATB Filtering (ms): Min: 0.0, Avg: 0.0, Max: 0.0, Diff: 0.0, Sum: 0.0]
      [Update RS (ms): Min: 0.0, Avg: 0.1, Max: 0.3, Diff: 0.3, Sum: 0.3]
         [Processed Buffers: Min: 0, Avg: 1.0, Max: 3, Diff: 3, Sum: 4]
      [Scan RS (ms): Min: 0.3, Avg: 0.4, Max: 0.5, Diff: 0.2, Sum: 1.6]
      [Code Root Scanning (ms): Min: 0.0, Avg: 0.0, Max: 0.0, Diff: 0.0, Sum: 0.1]
      [Object Copy (ms): Min: 5.2, Avg: 5.3, Max: 5.3, Diff: 0.0, Sum: 21.1]
      [Termination (ms): Min: 0.0, Avg: 0.0, Max: 0.0, Diff: 0.0, Sum: 0.0]
      [GC Worker Other (ms): Min: 0.0, Avg: 0.1, Max: 0.1, Diff: 0.1, Sum: 0.3]
      [GC Worker Total (ms): Min: 6.2, Avg: 6.2, Max: 6.3, Diff: 0.1, Sum: 24.9]
      [GC Worker End (ms): Min: 109452.1, Avg: 109452.2, Max: 109452.2, Diff: 0.1]
   [Code Root Fixup: 0.0 ms]
   [Code Root Migration: 0.1 ms]
   [Clear CT: 0.3 ms]
   [Other: 189.2 ms]
      [Choose CSet: 0.0 ms]
      [Ref Proc: 187.0 ms]
      [Ref Enq: 1.1 ms]
      [Free CSet: 0.9 ms]
   [Eden: 753.0M(753.0M)->0.0B(1101.0M) Survivors: 20.0M->20.0M Heap: 2719.6M(4096.0M)->1966.6M(4096.0M)]
 [Times: user=0.76 sys=0.01, real=0.20 secs] 
2016-01-06T01:05:31.130-0800: 109.793: [GC concurrent-mark-end, 14.8273620 secs]
2016-01-06T01:05:31.130-0800: 109.793: [GC remark 2016-01-06T01:05:31.131-0800: 109.793: [GC ref-proc2016-01-06T01:05:31.131-0800: 109.793: [SoftReference, 0 refs, 0.0000270 secs]2016-01-06T01:05:31.131-0800: 109.793: [WeakReference, 3 refs, 0.0000220 secs]2016-01-06T01:05:31.131-0800: 109.794: [FinalReference, 4 refs, 0.0000210 secs]2016-01-06T01:05:31.131-0800: 109.794: [PhantomReference, 0 refs, 10482437 refs, 1.5842030 secs]2016-01-06T01:05:32.715-0800: 111.378: [JNI Weak Reference, 0.0000200 secs], 1.5843670 secs], 1.5925620 secs]
 [Times: user=1.09 sys=0.52, real=1.59 secs] 
2016-01-06T01:05:32.723-0800: 111.386: [GC cleanup 3014M->3013M(4096M), 0.0049450 secs]
 [Times: user=0.02 sys=0.00, real=0.01 secs] 
2016-01-06T01:05:32.728-0800: 111.391: [GC concurrent-cleanup-start]
2016-01-06T01:05:32.728-0800: 111.391: [GC concurrent-cleanup-end, 0.0000250 secs]
2016-01-06T01:05:32.743-0800: 111.405: [GC pause (young)
Desired survivor size 73924608 bytes, new threshold 15 (max 15)
- age   1:   18527608 bytes,   18527608 total
- age   2:      36864 bytes,   18564472 total
2016-01-06T01:05:32.751-0800: 111.414: [SoftReference, 0 refs, 0.0000470 secs]2016-01-06T01:05:32.751-0800: 111.414: [WeakReference, 0 refs, 0.0000070 secs]2016-01-06T01:05:32.751-0800: 111.414: [FinalReference, 0 refs, 0.0000060 secs]2016-01-06T01:05:32.751-0800: 111.414: [PhantomReference, 0 refs, 34641 refs, 0.0009300 secs]2016-01-06T01:05:32.752-0800: 111.415: [JNI Weak Reference, 0.0000080 secs], 0.0122660 secs]
   [Parallel Time: 8.4 ms, GC Workers: 4]
      [GC Worker Start (ms): Min: 111405.5, Avg: 111405.6, Max: 111405.6, Diff: 0.1]
      [Ext Root Scanning (ms): Min: 0.3, Avg: 0.4, Max: 0.4, Diff: 0.1, Sum: 1.5]
      [Update RS (ms): Min: 0.0, Avg: 0.1, Max: 0.2, Diff: 0.2, Sum: 0.2]
         [Processed Buffers: Min: 0, Avg: 0.8, Max: 2, Diff: 2, Sum: 3]
      [Scan RS (ms): Min: 0.4, Avg: 0.5, Max: 0.6, Diff: 0.1, Sum: 2.1]
      [Code Root Scanning (ms): Min: 0.1, Avg: 0.1, Max: 0.1, Diff: 0.0, Sum: 0.2]
      [Object Copy (ms): Min: 7.2, Avg: 7.2, Max: 7.2, Diff: 0.0, Sum: 28.9]
      [Termination (ms): Min: 0.0, Avg: 0.0, Max: 0.0, Diff: 0.0, Sum: 0.0]
      [GC Worker Other (ms): Min: 0.0, Avg: 0.1, Max: 0.1, Diff: 0.1, Sum: 0.2]
      [GC Worker Total (ms): Min: 8.2, Avg: 8.3, Max: 8.3, Diff: 0.1, Sum: 33.1]
      [GC Worker End (ms): Min: 111413.8, Avg: 111413.9, Max: 111413.9, Diff: 0.1]
   [Code Root Fixup: 0.0 ms]
   [Code Root Migration: 0.2 ms]
   [Clear CT: 0.3 ms]
   [Other: 3.4 ms]
      [Choose CSet: 0.0 ms]
      [Ref Proc: 1.2 ms]
      [Ref Enq: 0.6 ms]
      [Free CSet: 1.5 ms]
   [Eden: 1101.0M(1101.0M)->0.0B(1693.0M) Survivors: 20.0M->21.0M Heap: 3066.6M(4096.0M)->1966.1M(4096.0M)]
 [Times: user=0.04 sys=0.00, real=0.01 secs] 
2016-01-06T01:05:32.992-0800: 111.655: [GC pause (young)
Desired survivor size 112721920 bytes, new threshold 15 (max 15)
- age   1:   19304344 bytes,   19304344 total
- age   2:      36864 bytes,   19341208 total
2016-01-06T01:05:33.004-0800: 111.667: [SoftReference, 0 refs, 0.0000440 secs]2016-01-06T01:05:33.004-0800: 111.667: [WeakReference, 0 refs, 0.0000070 secs]2016-01-06T01:05:33.004-0800: 111.667: [FinalReference, 0 refs, 0.0000060 secs]2016-01-06T01:05:33.004-0800: 111.667: [PhantomReference, 0 refs, 52993 refs, 0.0012870 secs]2016-01-06T01:05:33.005-0800: 111.668: [JNI Weak Reference, 0.0000080 secs], 0.0171080 secs]
   [Parallel Time: 11.9 ms, GC Workers: 4]
      [GC Worker Start (ms): Min: 111654.7, Avg: 111654.7, Max: 111654.8, Diff: 0.1]
      [Ext Root Scanning (ms): Min: 0.3, Avg: 0.4, Max: 0.4, Diff: 0.1, Sum: 1.4]
      [Update RS (ms): Min: 0.0, Avg: 0.1, Max: 0.2, Diff: 0.2, Sum: 0.2]
         [Processed Buffers: Min: 0, Avg: 1.0, Max: 3, Diff: 3, Sum: 4]
      [Scan RS (ms): Min: 0.8, Avg: 0.8, Max: 0.9, Diff: 0.2, Sum: 3.3]
      [Code Root Scanning (ms): Min: 0.1, Avg: 0.1, Max: 0.1, Diff: 0.0, Sum: 0.3]
      [Object Copy (ms): Min: 10.3, Avg: 10.3, Max: 10.4, Diff: 0.1, Sum: 41.3]
      [Termination (ms): Min: 0.0, Avg: 0.0, Max: 0.0, Diff: 0.0, Sum: 0.0]
      [GC Worker Other (ms): Min: 0.0, Avg: 0.1, Max: 0.1, Diff: 0.1, Sum: 0.2]
      [GC Worker Total (ms): Min: 11.7, Avg: 11.7, Max: 11.8, Diff: 0.1, Sum: 46.9]
      [GC Worker End (ms): Min: 111666.4, Avg: 111666.5, Max: 111666.5, Diff: 0.1]
   [Code Root Fixup: 0.0 ms]
   [Code Root Migration: 0.2 ms]
   [Clear CT: 0.5 ms]
   [Other: 4.5 ms]
      [Choose CSet: 0.0 ms]
      [Ref Proc: 1.6 ms]
      [Ref Enq: 0.9 ms]
      [Free CSet: 1.9 ms]
   [Eden: 1693.0M(1693.0M)->0.0B(1692.0M) Survivors: 21.0M->22.0M Heap: 3659.1M(4096.0M)->1967.1M(4096.0M)]
 [Times: user=0.05 sys=0.00, real=0.02 secs] 
2016-01-06T01:05:33.245-0800: 111.908: [GC pause (young) (initial-mark)
Desired survivor size 112721920 bytes, new threshold 15 (max 15)
- age   1:   20625688 bytes,   20625688 total
- age   2:      36864 bytes,   20662552 total
2016-01-06T01:05:33.258-0800: 111.921: [SoftReference, 0 refs, 0.0000500 secs]2016-01-06T01:05:33.258-0800: 111.921: [WeakReference, 0 refs, 0.0000120 secs]2016-01-06T01:05:33.258-0800: 111.921: [FinalReference, 0 refs, 0.0000180 secs]2016-01-06T01:05:33.258-0800: 111.921: [PhantomReference, 0 refs, 52961 refs, 0.0013490 secs]2016-01-06T01:05:33.260-0800: 111.923: [JNI Weak Reference, 0.0000080 secs], 0.0183310 secs]
   [Parallel Time: 12.4 ms, GC Workers: 4]
      [GC Worker Start (ms): Min: 111908.8, Avg: 111908.8, Max: 111908.8, Diff: 0.1]
      [Ext Root Scanning (ms): Min: 0.3, Avg: 0.4, Max: 0.4, Diff: 0.1, Sum: 1.4]
      [Code Root Marking (ms): Min: 0.2, Avg: 0.2, Max: 0.3, Diff: 0.1, Sum: 0.9]
      [Update RS (ms): Min: 0.0, Avg: 0.1, Max: 0.2, Diff: 0.2, Sum: 0.2]
         [Processed Buffers: Min: 0, Avg: 1.0, Max: 2, Diff: 2, Sum: 4]
      [Scan RS (ms): Min: 0.7, Avg: 0.8, Max: 0.8, Diff: 0.1, Sum: 3.0]
      [Code Root Scanning (ms): Min: 0.1, Avg: 0.1, Max: 0.1, Diff: 0.0, Sum: 0.3]
      [Object Copy (ms): Min: 10.7, Avg: 10.7, Max: 10.8, Diff: 0.1, Sum: 43.0]
      [Termination (ms): Min: 0.0, Avg: 0.0, Max: 0.0, Diff: 0.0, Sum: 0.0]
      [GC Worker Other (ms): Min: 0.0, Avg: 0.1, Max: 0.1, Diff: 0.1, Sum: 0.2]
      [GC Worker Total (ms): Min: 12.2, Avg: 12.3, Max: 12.3, Diff: 0.1, Sum: 49.2]
      [GC Worker End (ms): Min: 111921.1, Avg: 111921.1, Max: 111921.1, Diff: 0.1]
   [Code Root Fixup: 0.0 ms]
   [Code Root Migration: 0.2 ms]
   [Clear CT: 0.5 ms]
   [Other: 5.2 ms]
      [Choose CSet: 0.0 ms]
      [Ref Proc: 1.6 ms]
      [Ref Enq: 0.9 ms]
      [Free CSet: 1.9 ms]
   [Eden: 1692.0M(1692.0M)->0.0B(1693.0M) Survivors: 22.0M->22.0M Heap: 3659.1M(4096.0M)->1967.6M(4096.0M)]
 [Times: user=0.05 sys=0.00, real=0.01 secs] 
2016-01-06T01:05:33.264-0800: 111.927: [GC concurrent-root-region-scan-start]
2016-01-06T01:05:33.268-0800: 111.931: [GC concurrent-root-region-scan-end, 0.0041630 secs]
2016-01-06T01:05:33.268-0800: 111.931: [GC concurrent-mark-start]
2016-01-06T01:05:33.792-0800: 112.455: [GC pause (young)
Desired survivor size 112721920 bytes, new threshold 15 (max 15)
- age   1:   20623456 bytes,   20623456 total
- age   2:      36864 bytes,   20660320 total
2016-01-06T01:05:33.829-0800: 112.492: [SoftReference, 0 refs, 0.0000500 secs]2016-01-06T01:05:33.829-0800: 112.492: [WeakReference, 0 refs, 0.0000070 secs]2016-01-06T01:05:33.829-0800: 112.492: [FinalReference, 0 refs, 0.0000060 secs]2016-01-06T01:05:33.829-0800: 112.492: [PhantomReference, 0 refs, 52993 refs, 0.0018340 secs]2016-01-06T01:05:33.831-0800: 112.494: [JNI Weak Reference, 0.0000090 secs], 0.0440440 secs]
   [Parallel Time: 33.1 ms, GC Workers: 4]
      [GC Worker Start (ms): Min: 112455.2, Avg: 112458.6, Max: 112468.9, Diff: 13.7]
      [Ext Root Scanning (ms): Min: 0.0, Avg: 0.3, Max: 0.5, Diff: 0.5, Sum: 1.4]
      [SATB Filtering (ms): Min: 0.0, Avg: 0.0, Max: 0.0, Diff: 0.0, Sum: 0.0]
      [Update RS (ms): Min: 2.8, Avg: 14.1, Max: 20.8, Diff: 18.0, Sum: 56.2]
         [Processed Buffers: Min: 4, Avg: 16.2, Max: 27, Diff: 23, Sum: 65]
      [Scan RS (ms): Min: 0.3, Avg: 2.1, Max: 5.7, Diff: 5.4, Sum: 8.5]
      [Code Root Scanning (ms): Min: 0.0, Avg: 0.1, Max: 0.1, Diff: 0.1, Sum: 0.3]
      [Object Copy (ms): Min: 10.5, Avg: 12.9, Max: 14.8, Diff: 4.3, Sum: 51.4]
      [Termination (ms): Min: 0.0, Avg: 0.1, Max: 0.1, Diff: 0.1, Sum: 0.4]
      [GC Worker Other (ms): Min: 0.0, Avg: 0.0, Max: 0.1, Diff: 0.0, Sum: 0.1]
      [GC Worker Total (ms): Min: 19.3, Avg: 29.6, Max: 33.0, Diff: 13.7, Sum: 118.3]
      [GC Worker End (ms): Min: 112488.2, Avg: 112488.2, Max: 112488.2, Diff: 0.0]
   [Code Root Fixup: 0.0 ms]
   [Code Root Migration: 0.2 ms]
   [Clear CT: 0.5 ms]
   [Other: 10.2 ms]
      [Choose CSet: 0.0 ms]
      [Ref Proc: 5.7 ms]
      [Ref Enq: 2.4 ms]
      [Free CSet: 2.0 ms]
   [Eden: 1693.0M(1693.0M)->0.0B(1693.0M) Survivors: 22.0M->22.0M Heap: 3660.6M(4096.0M)->1967.6M(4096.0M)]
 [Times: user=0.11 sys=0.00, real=0.04 secs] 
2016-01-06T01:05:34.099-0800: 112.762: [GC pause (young)
Desired survivor size 112721920 bytes, new threshold 15 (max 15)
- age   1:   20625688 bytes,   20625688 total
- age   2:      36864 bytes,   20662552 total
2016-01-06T01:05:34.143-0800: 112.806: [SoftReference, 0 refs, 0.0000540 secs]2016-01-06T01:05:34.143-0800: 112.806: [WeakReference, 0 refs, 0.0000080 secs]2016-01-06T01:05:34.143-0800: 112.806: [FinalReference, 0 refs, 0.0000050 secs]2016-01-06T01:05:34.143-0800: 112.806: [PhantomReference, 0 refs, 52993 refs, 0.0018500 secs]2016-01-06T01:05:34.145-0800: 112.808: [JNI Weak Reference, 0.0000240 secs], 0.0508090 secs]
   [Parallel Time: 34.4 ms, GC Workers: 4]
      [GC Worker Start (ms): Min: 112762.3, Avg: 112762.4, Max: 112762.4, Diff: 0.1]
      [Ext Root Scanning (ms): Min: 0.3, Avg: 0.4, Max: 0.4, Diff: 0.1, Sum: 1.5]
      [SATB Filtering (ms): Min: 0.0, Avg: 0.0, Max: 0.0, Diff: 0.0, Sum: 0.0]
      [Update RS (ms): Min: 22.0, Avg: 22.1, Max: 22.2, Diff: 0.2, Sum: 88.3]
         [Processed Buffers: Min: 23, Avg: 28.5, Max: 31, Diff: 8, Sum: 114]
      [Scan RS (ms): Min: 0.7, Avg: 0.8, Max: 0.9, Diff: 0.1, Sum: 3.1]
      [Code Root Scanning (ms): Min: 0.1, Avg: 0.1, Max: 0.1, Diff: 0.0, Sum: 0.3]
      [Object Copy (ms): Min: 10.9, Avg: 10.9, Max: 10.9, Diff: 0.1, Sum: 43.6]
      [Termination (ms): Min: 0.0, Avg: 0.0, Max: 0.0, Diff: 0.0, Sum: 0.0]
      [GC Worker Other (ms): Min: 0.0, Avg: 0.1, Max: 0.1, Diff: 0.1, Sum: 0.2]
      [GC Worker Total (ms): Min: 34.3, Avg: 34.3, Max: 34.3, Diff: 0.1, Sum: 137.1]
      [GC Worker End (ms): Min: 112796.6, Avg: 112796.6, Max: 112796.7, Diff: 0.1]
   [Code Root Fixup: 0.0 ms]
   [Code Root Migration: 0.3 ms]
   [Clear CT: 0.4 ms]
   [Other: 15.8 ms]
      [Choose CSet: 0.0 ms]
      [Ref Proc: 11.3 ms]
      [Ref Enq: 2.4 ms]
      [Free CSet: 1.9 ms]
   [Eden: 1693.0M(1693.0M)->0.0B(1694.0M) Survivors: 22.0M->22.0M Heap: 3660.6M(4096.0M)->1967.6M(4096.0M)]
 [Times: user=0.16 sys=0.01, real=0.05 secs] 
2016-01-06T01:05:34.412-0800: 113.075: [GC pause (young)
Desired survivor size 112721920 bytes, new threshold 15 (max 15)
- age   1:   20625688 bytes,   20625688 total
- age   2:      36864 bytes,   20662552 total
2016-01-06T01:05:34.474-0800: 113.137: [SoftReference, 0 refs, 0.0000440 secs]2016-01-06T01:05:34.474-0800: 113.137: [WeakReference, 0 refs, 0.0000060 secs]2016-01-06T01:05:34.474-0800: 113.137: [FinalReference, 0 refs, 0.0000050 secs]2016-01-06T01:05:34.474-0800: 113.137: [PhantomReference, 0 refs, 53022 refs, 0.0018220 secs]2016-01-06T01:05:34.476-0800: 113.139: [JNI Weak Reference, 0.0000080 secs], 0.0688880 secs]
   [Parallel Time: 29.1 ms, GC Workers: 4]
      [GC Worker Start (ms): Min: 113075.2, Avg: 113075.4, Max: 113075.9, Diff: 0.8]
      [Ext Root Scanning (ms): Min: 0.0, Avg: 0.3, Max: 0.5, Diff: 0.5, Sum: 1.3]
      [SATB Filtering (ms): Min: 0.0, Avg: 0.0, Max: 0.0, Diff: 0.0, Sum: 0.0]
      [Update RS (ms): Min: 17.1, Avg: 17.5, Max: 17.8, Diff: 0.7, Sum: 70.1]
         [Processed Buffers: Min: 24, Avg: 24.2, Max: 25, Diff: 1, Sum: 97]
      [Scan RS (ms): Min: 0.7, Avg: 0.8, Max: 0.9, Diff: 0.3, Sum: 3.2]
      [Code Root Scanning (ms): Min: 0.1, Avg: 0.1, Max: 0.1, Diff: 0.1, Sum: 0.4]
      [Object Copy (ms): Min: 10.0, Avg: 10.0, Max: 10.0, Diff: 0.1, Sum: 40.0]
      [Termination (ms): Min: 0.0, Avg: 0.0, Max: 0.0, Diff: 0.0, Sum: 0.0]
      [GC Worker Other (ms): Min: 0.0, Avg: 0.1, Max: 0.1, Diff: 0.0, Sum: 0.2]
      [GC Worker Total (ms): Min: 28.3, Avg: 28.8, Max: 29.0, Diff: 0.7, Sum: 115.2]
      [GC Worker End (ms): Min: 113104.1, Avg: 113104.2, Max: 113104.2, Diff: 0.0]
   [Code Root Fixup: 0.0 ms]
   [Code Root Migration: 0.2 ms]
   [Clear CT: 0.5 ms]
   [Other: 39.1 ms]
      [Choose CSet: 0.0 ms]
      [Ref Proc: 34.5 ms]
      [Ref Enq: 2.6 ms]
      [Free CSet: 2.0 ms]
   [Eden: 1694.0M(1694.0M)->0.0B(1694.0M) Survivors: 22.0M->22.0M Heap: 3661.6M(4096.0M)->1967.6M(4096.0M)]
 [Times: user=0.26 sys=0.00, real=0.07 secs] 
2016-01-06T01:05:34.751-0800: 113.414: [GC pause (young)
Desired survivor size 112721920 bytes, new threshold 15 (max 15)
- age   1:   20627920 bytes,   20627920 total
- age   2:      36864 bytes,   20664784 total
2016-01-06T01:05:34.833-0800: 113.496: [SoftReference, 0 refs, 0.0000470 secs]2016-01-06T01:05:34.833-0800: 113.496: [WeakReference, 0 refs, 0.0000060 secs]2016-01-06T01:05:34.833-0800: 113.496: [FinalReference, 0 refs, 0.0000050 secs]2016-01-06T01:05:34.833-0800: 113.496: [PhantomReference, 0 refs, 53025 refs, 0.0017940 secs]2016-01-06T01:05:34.835-0800: 113.498: [JNI Weak Reference, 0.0000080 secs], 0.0887660 secs]
   [Parallel Time: 30.9 ms, GC Workers: 4]
      [GC Worker Start (ms): Min: 113414.3, Avg: 113414.4, Max: 113414.5, Diff: 0.1]
      [Ext Root Scanning (ms): Min: 0.3, Avg: 0.4, Max: 0.4, Diff: 0.2, Sum: 1.4]
      [SATB Filtering (ms): Min: 0.0, Avg: 0.0, Max: 0.0, Diff: 0.0, Sum: 0.0]
      [Update RS (ms): Min: 18.5, Avg: 18.6, Max: 18.7, Diff: 0.2, Sum: 74.4]
         [Processed Buffers: Min: 25, Avg: 25.8, Max: 27, Diff: 2, Sum: 103]
      [Scan RS (ms): Min: 0.7, Avg: 0.8, Max: 0.9, Diff: 0.2, Sum: 3.1]
      [Code Root Scanning (ms): Min: 0.1, Avg: 0.1, Max: 0.1, Diff: 0.0, Sum: 0.3]
      [Object Copy (ms): Min: 10.9, Avg: 10.9, Max: 10.9, Diff: 0.1, Sum: 43.6]
      [Termination (ms): Min: 0.0, Avg: 0.0, Max: 0.0, Diff: 0.0, Sum: 0.0]
      [GC Worker Other (ms): Min: 0.0, Avg: 0.1, Max: 0.1, Diff: 0.1, Sum: 0.3]
      [GC Worker Total (ms): Min: 30.7, Avg: 30.8, Max: 30.8, Diff: 0.2, Sum: 123.1]
      [GC Worker End (ms): Min: 113445.1, Avg: 113445.1, Max: 113445.2, Diff: 0.1]
   [Code Root Fixup: 0.0 ms]
   [Code Root Migration: 0.2 ms]
   [Clear CT: 0.4 ms]
   [Other: 57.2 ms]
      [Choose CSet: 0.0 ms]
      [Ref Proc: 52.9 ms]
      [Ref Enq: 2.4 ms]
      [Free CSet: 1.8 ms]
   [Eden: 1694.0M(1694.0M)->0.0B(1694.0M) Survivors: 22.0M->22.0M Heap: 3661.6M(4096.0M)->1967.6M(4096.0M)]
 [Times: user=0.32 sys=0.00, real=0.09 secs] 
2016-01-06T01:05:35.102-0800: 113.765: [GC pause (young)
Desired survivor size 112721920 bytes, new threshold 15 (max 15)
- age   1:   20627920 bytes,   20627920 total
- age   2:      36864 bytes,   20664784 total
2016-01-06T01:05:35.205-0800: 113.868: [SoftReference, 0 refs, 0.0000460 secs]2016-01-06T01:05:35.206-0800: 113.868: [WeakReference, 0 refs, 0.0000070 secs]2016-01-06T01:05:35.206-0800: 113.868: [FinalReference, 0 refs, 0.0000060 secs]2016-01-06T01:05:35.206-0800: 113.868: [PhantomReference, 0 refs, 53024 refs, 0.0017490 secs]2016-01-06T01:05:35.207-0800: 113.870: [JNI Weak Reference, 0.0000080 secs], 0.1101700 secs]
   [Parallel Time: 39.4 ms, GC Workers: 4]
      [GC Worker Start (ms): Min: 113765.1, Avg: 113765.1, Max: 113765.1, Diff: 0.1]
      [Ext Root Scanning (ms): Min: 0.4, Avg: 1.0, Max: 2.8, Diff: 2.4, Sum: 4.2]
      [SATB Filtering (ms): Min: 0.0, Avg: 0.0, Max: 0.0, Diff: 0.0, Sum: 0.0]
      [Update RS (ms): Min: 25.1, Avg: 27.1, Max: 27.7, Diff: 2.6, Sum: 108.2]
         [Processed Buffers: Min: 37, Avg: 40.0, Max: 42, Diff: 5, Sum: 160]
      [Scan RS (ms): Min: 0.6, Avg: 0.7, Max: 0.8, Diff: 0.2, Sum: 2.9]
      [Code Root Scanning (ms): Min: 0.1, Avg: 0.1, Max: 0.1, Diff: 0.0, Sum: 0.3]
      [Object Copy (ms): Min: 10.2, Avg: 10.3, Max: 10.3, Diff: 0.1, Sum: 41.1]
      [Termination (ms): Min: 0.0, Avg: 0.0, Max: 0.0, Diff: 0.0, Sum: 0.0]
      [GC Worker Other (ms): Min: 0.0, Avg: 0.1, Max: 0.1, Diff: 0.1, Sum: 0.3]
      [GC Worker Total (ms): Min: 39.2, Avg: 39.2, Max: 39.3, Diff: 0.1, Sum: 157.0]
      [GC Worker End (ms): Min: 113804.3, Avg: 113804.3, Max: 113804.4, Diff: 0.1]
   [Code Root Fixup: 0.0 ms]
   [Code Root Migration: 0.2 ms]
   [Clear CT: 0.4 ms]
   [Other: 70.2 ms]
      [Choose CSet: 0.0 ms]
      [Ref Proc: 65.8 ms]
      [Ref Enq: 2.4 ms]
      [Free CSet: 1.8 ms]
   [Eden: 1694.0M(1694.0M)->0.0B(1694.0M) Survivors: 22.0M->22.0M Heap: 3661.6M(4096.0M)->1967.6M(4096.0M)]
 [Times: user=0.41 sys=0.00, real=0.11 secs] 
2016-01-06T01:05:35.472-0800: 114.135: [GC pause (young)
Desired survivor size 112721920 bytes, new threshold 15 (max 15)
- age   1:   20627920 bytes,   20627920 total
- age   2:      36864 bytes,   20664784 total
2016-01-06T01:05:35.586-0800: 114.249: [SoftReference, 0 refs, 0.0000530 secs]2016-01-06T01:05:35.586-0800: 114.249: [WeakReference, 0 refs, 0.0000060 secs]2016-01-06T01:05:35.586-0800: 114.249: [FinalReference, 0 refs, 0.0000050 secs]2016-01-06T01:05:35.586-0800: 114.249: [PhantomReference, 0 refs, 53023 refs, 0.0017790 secs]2016-01-06T01:05:35.588-0800: 114.251: [JNI Weak Reference, 0.0000080 secs], 0.1205510 secs]
   [Parallel Time: 31.0 ms, GC Workers: 4]
      [GC Worker Start (ms): Min: 114135.3, Avg: 114135.4, Max: 114135.9, Diff: 0.6]
      [Ext Root Scanning (ms): Min: 0.0, Avg: 0.3, Max: 0.5, Diff: 0.5, Sum: 1.3]
      [SATB Filtering (ms): Min: 0.0, Avg: 0.0, Max: 0.0, Diff: 0.0, Sum: 0.0]
      [Update RS (ms): Min: 18.9, Avg: 19.3, Max: 19.7, Diff: 0.8, Sum: 77.1]
         [Processed Buffers: Min: 26, Avg: 26.5, Max: 27, Diff: 1, Sum: 106]
      [Scan RS (ms): Min: 0.6, Avg: 0.8, Max: 1.0, Diff: 0.4, Sum: 3.4]
      [Code Root Scanning (ms): Min: 0.0, Avg: 0.1, Max: 0.1, Diff: 0.1, Sum: 0.3]
      [Object Copy (ms): Min: 10.1, Avg: 10.2, Max: 10.2, Diff: 0.0, Sum: 40.6]
      [Termination (ms): Min: 0.0, Avg: 0.0, Max: 0.0, Diff: 0.0, Sum: 0.0]
      [GC Worker Other (ms): Min: 0.0, Avg: 0.1, Max: 0.1, Diff: 0.0, Sum: 0.2]
      [GC Worker Total (ms): Min: 30.3, Avg: 30.7, Max: 30.9, Diff: 0.6, Sum: 123.0]
      [GC Worker End (ms): Min: 114166.2, Avg: 114166.2, Max: 114166.2, Diff: 0.0]
   [Code Root Fixup: 0.0 ms]
   [Code Root Migration: 0.2 ms]
   [Clear CT: 0.4 ms]
   [Other: 88.9 ms]
      [Choose CSet: 0.0 ms]
      [Ref Proc: 84.5 ms]
      [Ref Enq: 2.4 ms]
      [Free CSet: 1.9 ms]
   [Eden: 1694.0M(1694.0M)->0.0B(1695.0M) Survivors: 22.0M->22.0M Heap: 3661.6M(4096.0M)->1967.6M(4096.0M)]
 [Times: user=0.46 sys=0.00, real=0.12 secs] 
2016-01-06T01:05:35.837-0800: 114.500: [GC pause (young)
Desired survivor size 112721920 bytes, new threshold 15 (max 15)
- age   1:   20627920 bytes,   20627920 total
- age   2:      36864 bytes,   20664784 total
2016-01-06T01:05:35.972-0800: 114.635: [SoftReference, 0 refs, 0.0000390 secs]2016-01-06T01:05:35.972-0800: 114.635: [WeakReference, 0 refs, 0.0000060 secs]2016-01-06T01:05:35.972-0800: 114.635: [FinalReference, 0 refs, 0.0000050 secs]2016-01-06T01:05:35.972-0800: 114.635: [PhantomReference, 0 refs, 53055 refs, 0.0018480 secs]2016-01-06T01:05:35.974-0800: 114.637: [JNI Weak Reference, 0.0000080 secs], 0.1422670 secs]
   [Parallel Time: 37.7 ms, GC Workers: 4]
      [GC Worker Start (ms): Min: 114499.8, Avg: 114499.9, Max: 114500.0, Diff: 0.2]
      [Ext Root Scanning (ms): Min: 0.2, Avg: 0.4, Max: 0.4, Diff: 0.2, Sum: 1.4]
      [SATB Filtering (ms): Min: 0.0, Avg: 0.0, Max: 0.0, Diff: 0.0, Sum: 0.0]
      [Update RS (ms): Min: 25.6, Avg: 25.6, Max: 25.8, Diff: 0.2, Sum: 102.6]
         [Processed Buffers: Min: 35, Avg: 36.2, Max: 37, Diff: 2, Sum: 145]
      [Scan RS (ms): Min: 0.7, Avg: 0.8, Max: 0.8, Diff: 0.1, Sum: 3.2]
      [Code Root Scanning (ms): Min: 0.1, Avg: 0.1, Max: 0.1, Diff: 0.0, Sum: 0.3]
      [Object Copy (ms): Min: 10.5, Avg: 10.6, Max: 10.6, Diff: 0.1, Sum: 42.2]
      [Termination (ms): Min: 0.0, Avg: 0.0, Max: 0.0, Diff: 0.0, Sum: 0.0]
      [GC Worker Other (ms): Min: 0.0, Avg: 0.1, Max: 0.1, Diff: 0.1, Sum: 0.3]
      [GC Worker Total (ms): Min: 37.3, Avg: 37.5, Max: 37.6, Diff: 0.2, Sum: 150.0]
      [GC Worker End (ms): Min: 114537.3, Avg: 114537.4, Max: 114537.4, Diff: 0.1]
   [Code Root Fixup: 0.0 ms]
   [Code Root Migration: 0.2 ms]
   [Clear CT: 0.5 ms]
   [Other: 103.9 ms]
      [Choose CSet: 0.0 ms]
      [Ref Proc: 99.5 ms]
      [Ref Enq: 2.4 ms]
      [Free CSet: 1.9 ms]
   [Eden: 1695.0M(1695.0M)->0.0B(1695.0M) Survivors: 22.0M->22.0M Heap: 3662.6M(4096.0M)->1967.6M(4096.0M)]
 [Times: user=0.44 sys=0.00, real=0.15 secs] 
2016-01-06T01:05:36.238-0800: 114.901: [GC pause (young)
Desired survivor size 112721920 bytes, new threshold 15 (max 15)
- age   1:   20630152 bytes,   20630152 total
- age   2:      36864 bytes,   20667016 total
2016-01-06T01:05:36.375-0800: 115.038: [SoftReference, 0 refs, 0.0000470 secs]2016-01-06T01:05:36.375-0800: 115.038: [WeakReference, 0 refs, 0.0000080 secs]2016-01-06T01:05:36.375-0800: 115.038: [FinalReference, 0 refs, 0.0000060 secs]2016-01-06T01:05:36.375-0800: 115.038: [PhantomReference, 0 refs, 53055 refs, 0.0017820 secs]2016-01-06T01:05:36.377-0800: 115.040: [JNI Weak Reference, 0.0000080 secs], 0.1441050 secs]
   [Parallel Time: 29.4 ms, GC Workers: 4]
      [GC Worker Start (ms): Min: 114900.9, Avg: 114901.7, Max: 114903.9, Diff: 3.0]
      [Ext Root Scanning (ms): Min: 0.0, Avg: 0.3, Max: 0.4, Diff: 0.4, Sum: 1.3]
      [SATB Filtering (ms): Min: 0.0, Avg: 0.0, Max: 0.0, Diff: 0.0, Sum: 0.0]
      [Update RS (ms): Min: 15.8, Avg: 17.4, Max: 18.1, Diff: 2.3, Sum: 69.5]
         [Processed Buffers: Min: 24, Avg: 25.0, Max: 26, Diff: 2, Sum: 100]
      [Scan RS (ms): Min: 0.5, Avg: 0.8, Max: 1.1, Diff: 0.5, Sum: 3.1]
      [Code Root Scanning (ms): Min: 0.1, Avg: 0.1, Max: 0.1, Diff: 0.1, Sum: 0.4]
      [Object Copy (ms): Min: 9.9, Avg: 9.9, Max: 10.0, Diff: 0.1, Sum: 39.7]
      [Termination (ms): Min: 0.0, Avg: 0.0, Max: 0.0, Diff: 0.0, Sum: 0.0]
      [GC Worker Other (ms): Min: 0.0, Avg: 0.1, Max: 0.1, Diff: 0.0, Sum: 0.2]
      [GC Worker Total (ms): Min: 26.4, Avg: 28.6, Max: 29.3, Diff: 3.0, Sum: 114.2]
      [GC Worker End (ms): Min: 114930.2, Avg: 114930.3, Max: 114930.3, Diff: 0.0]
   [Code Root Fixup: 0.0 ms]
   [Code Root Migration: 0.2 ms]
   [Clear CT: 0.5 ms]
   [Other: 114.0 ms]
      [Choose CSet: 0.0 ms]
      [Ref Proc: 109.6 ms]
      [Ref Enq: 2.4 ms]
      [Free CSet: 1.9 ms]
   [Eden: 1695.0M(1695.0M)->0.0B(1695.0M) Survivors: 22.0M->22.0M Heap: 3662.6M(4096.0M)->1967.1M(4096.0M)]
 [Times: user=0.52 sys=0.01, real=0.14 secs] 
2016-01-06T01:05:36.635-0800: 115.298: [GC pause (young)
Desired survivor size 112721920 bytes, new threshold 15 (max 15)
- age   1:   20630152 bytes,   20630152 total
- age   2:      36864 bytes,   20667016 total
2016-01-06T01:05:36.785-0800: 115.448: [SoftReference, 0 refs, 0.0000480 secs]2016-01-06T01:05:36.785-0800: 115.448: [WeakReference, 0 refs, 0.0000100 secs]2016-01-06T01:05:36.785-0800: 115.448: [FinalReference, 0 refs, 0.0000050 secs]2016-01-06T01:05:36.785-0800: 115.448: [PhantomReference, 0 refs, 53055 refs, 0.0017980 secs]2016-01-06T01:05:36.787-0800: 115.450: [JNI Weak Reference, 0.0000070 secs], 0.1565570 secs]
   [Parallel Time: 35.6 ms, GC Workers: 4]
      [GC Worker Start (ms): Min: 115298.2, Avg: 115298.2, Max: 115298.2, Diff: 0.1]
      [Ext Root Scanning (ms): Min: 0.3, Avg: 0.4, Max: 0.4, Diff: 0.1, Sum: 1.4]
      [SATB Filtering (ms): Min: 0.0, Avg: 0.0, Max: 0.0, Diff: 0.0, Sum: 0.0]
      [Update RS (ms): Min: 23.9, Avg: 24.1, Max: 24.4, Diff: 0.5, Sum: 96.3]
         [Processed Buffers: Min: 33, Avg: 33.8, Max: 36, Diff: 3, Sum: 135]
      [Scan RS (ms): Min: 0.6, Avg: 0.8, Max: 0.9, Diff: 0.3, Sum: 3.1]
      [Code Root Scanning (ms): Min: 0.0, Avg: 0.1, Max: 0.1, Diff: 0.1, Sum: 0.3]
      [Object Copy (ms): Min: 10.1, Avg: 10.2, Max: 10.2, Diff: 0.1, Sum: 40.6]
      [Termination (ms): Min: 0.0, Avg: 0.0, Max: 0.0, Diff: 0.0, Sum: 0.0]
      [GC Worker Other (ms): Min: 0.0, Avg: 0.1, Max: 0.1, Diff: 0.1, Sum: 0.2]
      [GC Worker Total (ms): Min: 35.5, Avg: 35.5, Max: 35.6, Diff: 0.1, Sum: 142.1]
      [GC Worker End (ms): Min: 115333.7, Avg: 115333.7, Max: 115333.8, Diff: 0.1]
   [Code Root Fixup: 0.0 ms]
   [Code Root Migration: 0.2 ms]
   [Clear CT: 0.4 ms]
   [Other: 120.3 ms]
      [Choose CSet: 0.0 ms]
      [Ref Proc: 115.9 ms]
      [Ref Enq: 2.5 ms]
      [Free CSet: 1.8 ms]
   [Eden: 1695.0M(1695.0M)->0.0B(1695.0M) Survivors: 22.0M->22.0M Heap: 3662.1M(4096.0M)->1967.6M(4096.0M)]
 [Times: user=0.59 sys=0.00, real=0.16 secs] 
2016-01-06T01:05:37.040-0800: 115.703: [GC pause (young)
Desired survivor size 112721920 bytes, new threshold 15 (max 15)
- age   1:   20630152 bytes,   20630152 total
- age   2:      36864 bytes,   20667016 total
2016-01-06T01:05:37.211-0800: 115.874: [SoftReference, 0 refs, 0.0000530 secs]2016-01-06T01:05:37.211-0800: 115.874: [WeakReference, 0 refs, 0.0000080 secs]2016-01-06T01:05:37.211-0800: 115.874: [FinalReference, 0 refs, 0.0000060 secs]2016-01-06T01:05:37.211-0800: 115.874: [PhantomReference, 0 refs, 53055 refs, 0.0018330 secs]2016-01-06T01:05:37.213-0800: 115.876: [JNI Weak Reference, 0.0000080 secs], 0.1781570 secs]
   [Parallel Time: 40.0 ms, GC Workers: 4]
      [GC Worker Start (ms): Min: 115702.9, Avg: 115703.2, Max: 115703.9, Diff: 1.0]
      [Ext Root Scanning (ms): Min: 0.0, Avg: 0.3, Max: 0.5, Diff: 0.5, Sum: 1.3]
      [SATB Filtering (ms): Min: 0.0, Avg: 0.0, Max: 0.0, Diff: 0.0, Sum: 0.0]
      [Update RS (ms): Min: 27.0, Avg: 27.4, Max: 27.8, Diff: 0.8, Sum: 109.5]
         [Processed Buffers: Min: 38, Avg: 38.0, Max: 38, Diff: 0, Sum: 152]
      [Scan RS (ms): Min: 0.5, Avg: 0.8, Max: 1.0, Diff: 0.4, Sum: 3.1]
      [Code Root Scanning (ms): Min: 0.1, Avg: 0.1, Max: 0.1, Diff: 0.1, Sum: 0.4]
      [Object Copy (ms): Min: 11.1, Avg: 11.1, Max: 11.1, Diff: 0.1, Sum: 44.3]
      [Termination (ms): Min: 0.0, Avg: 0.0, Max: 0.0, Diff: 0.0, Sum: 0.0]
      [GC Worker Other (ms): Min: 0.0, Avg: 0.1, Max: 0.1, Diff: 0.1, Sum: 0.3]
      [GC Worker Total (ms): Min: 39.0, Avg: 39.7, Max: 40.0, Diff: 1.0, Sum: 158.8]
      [GC Worker End (ms): Min: 115742.9, Avg: 115742.9, Max: 115742.9, Diff: 0.1]
   [Code Root Fixup: 0.0 ms]
   [Code Root Migration: 0.2 ms]
   [Clear CT: 0.5 ms]
   [Other: 137.4 ms]
      [Choose CSet: 0.0 ms]
      [Ref Proc: 133.0 ms]
      [Ref Enq: 2.4 ms]
      [Free CSet: 1.9 ms]
   [Eden: 1695.0M(1695.0M)->0.0B(1695.0M) Survivors: 22.0M->22.0M Heap: 3662.6M(4096.0M)->1967.6M(4096.0M)]
 [Times: user=0.67 sys=0.01, real=0.18 secs] 
2016-01-06T01:05:37.480-0800: 116.143: [GC pause (young)
Desired survivor size 112721920 bytes, new threshold 15 (max 15)
- age   1:   20630152 bytes,   20630152 total
- age   2:      36864 bytes,   20667016 total
2016-01-06T01:05:37.651-0800: 116.314: [SoftReference, 0 refs, 0.0000500 secs]2016-01-06T01:05:37.651-0800: 116.314: [WeakReference, 0 refs, 0.0000080 secs]2016-01-06T01:05:37.651-0800: 116.314: [FinalReference, 0 refs, 0.0000050 secs]2016-01-06T01:05:37.651-0800: 116.314: [PhantomReference, 0 refs, 53056 refs, 0.0019090 secs]2016-01-06T01:05:37.653-0800: 116.316: [JNI Weak Reference, 0.0000090 secs], 0.1782900 secs]
   [Parallel Time: 32.5 ms, GC Workers: 4]
      [GC Worker Start (ms): Min: 116143.1, Avg: 116143.1, Max: 116143.2, Diff: 0.1]
      [Ext Root Scanning (ms): Min: 0.3, Avg: 0.4, Max: 0.4, Diff: 0.1, Sum: 1.5]
      [SATB Filtering (ms): Min: 0.0, Avg: 0.0, Max: 0.0, Diff: 0.0, Sum: 0.0]
      [Update RS (ms): Min: 20.5, Avg: 20.7, Max: 20.8, Diff: 0.4, Sum: 82.8]
         [Processed Buffers: Min: 28, Avg: 28.5, Max: 29, Diff: 1, Sum: 114]
      [Scan RS (ms): Min: 0.7, Avg: 0.8, Max: 0.9, Diff: 0.2, Sum: 3.3]
      [Code Root Scanning (ms): Min: 0.1, Avg: 0.1, Max: 0.1, Diff: 0.0, Sum: 0.4]
      [Object Copy (ms): Min: 10.3, Avg: 10.3, Max: 10.4, Diff: 0.1, Sum: 41.3]
      [Termination (ms): Min: 0.0, Avg: 0.0, Max: 0.0, Diff: 0.0, Sum: 0.0]
      [GC Worker Other (ms): Min: 0.0, Avg: 0.1, Max: 0.1, Diff: 0.1, Sum: 0.3]
      [GC Worker Total (ms): Min: 32.3, Avg: 32.4, Max: 32.4, Diff: 0.0, Sum: 129.5]
      [GC Worker End (ms): Min: 116175.4, Avg: 116175.5, Max: 116175.5, Diff: 0.1]
   [Code Root Fixup: 0.0 ms]
   [Code Root Migration: 0.2 ms]
   [Clear CT: 0.5 ms]
   [Other: 145.1 ms]
      [Choose CSet: 0.0 ms]
      [Ref Proc: 140.6 ms]
      [Ref Enq: 2.4 ms]
      [Free CSet: 2.0 ms]
   [Eden: 1695.0M(1695.0M)->0.0B(1695.0M) Survivors: 22.0M->22.0M Heap: 3662.6M(4096.0M)->1967.1M(4096.0M)]
 [Times: user=0.68 sys=0.00, real=0.18 secs] 
2016-01-06T01:05:37.920-0800: 116.583: [GC pause (young)
Desired survivor size 112721920 bytes, new threshold 15 (max 15)
- age   1:   20630152 bytes,   20630152 total
- age   2:      36864 bytes,   20667016 total
2016-01-06T01:05:38.114-0800: 116.777: [SoftReference, 0 refs, 0.0000480 secs]2016-01-06T01:05:38.114-0800: 116.777: [WeakReference, 0 refs, 0.0000070 secs]2016-01-06T01:05:38.114-0800: 116.777: [FinalReference, 0 refs, 0.0000050 secs]2016-01-06T01:05:38.114-0800: 116.777: [PhantomReference, 0 refs, 53053 refs, 0.0018360 secs]2016-01-06T01:05:38.116-0800: 116.779: [JNI Weak Reference, 0.0000080 secs], 0.2015460 secs]
   [Parallel Time: 44.7 ms, GC Workers: 4]
      [GC Worker Start (ms): Min: 116583.3, Avg: 116583.3, Max: 116583.3, Diff: 0.1]
      [Ext Root Scanning (ms): Min: 0.3, Avg: 0.4, Max: 0.4, Diff: 0.1, Sum: 1.5]
      [SATB Filtering (ms): Min: 0.0, Avg: 0.0, Max: 0.0, Diff: 0.0, Sum: 0.0]
      [Update RS (ms): Min: 15.8, Avg: 16.1, Max: 16.4, Diff: 0.7, Sum: 64.4]
         [Processed Buffers: Min: 22, Avg: 22.5, Max: 23, Diff: 1, Sum: 90]
      [Scan RS (ms): Min: 0.5, Avg: 0.8, Max: 1.1, Diff: 0.5, Sum: 3.2]
      [Code Root Scanning (ms): Min: 0.0, Avg: 0.1, Max: 0.1, Diff: 0.1, Sum: 0.4]
      [Object Copy (ms): Min: 10.5, Avg: 13.7, Max: 23.2, Diff: 12.7, Sum: 54.9]
      [Termination (ms): Min: 0.0, Avg: 9.5, Max: 12.7, Diff: 12.7, Sum: 38.1]
      [GC Worker Other (ms): Min: 0.0, Avg: 0.0, Max: 0.1, Diff: 0.0, Sum: 0.1]
      [GC Worker Total (ms): Min: 40.6, Avg: 40.6, Max: 40.7, Diff: 0.1, Sum: 162.6]
      [GC Worker End (ms): Min: 116623.9, Avg: 116623.9, Max: 116624.0, Diff: 0.0]
   [Code Root Fixup: 0.0 ms]
   [Code Root Migration: 0.2 ms]
   [Clear CT: 1.0 ms]
   [Other: 155.6 ms]
      [Choose CSet: 0.0 ms]
      [Ref Proc: 151.0 ms]
      [Ref Enq: 2.5 ms]
      [Free CSet: 2.0 ms]
   [Eden: 1695.0M(1695.0M)->0.0B(1712.0M) Survivors: 22.0M->7168.0K Heap: 3662.1M(4096.0M)->1952.6M(4096.0M)]
 [Times: user=0.63 sys=0.00, real=0.20 secs] 
2016-01-06T01:05:38.366-0800: 117.029: [GC pause (young)
Desired survivor size 112721920 bytes, new threshold 15 (max 15)
- age   1:    5921416 bytes,    5921416 total
- age   2:      36864 bytes,    5958280 total
2016-01-06T01:05:38.554-0800: 117.217: [SoftReference, 0 refs, 0.0000530 secs]2016-01-06T01:05:38.555-0800: 117.217: [WeakReference, 0 refs, 0.0000120 secs]2016-01-06T01:05:38.555-0800: 117.217: [FinalReference, 0 refs, 0.0000080 secs]2016-01-06T01:05:38.555-0800: 117.217: [PhantomReference, 0 refs, 53582 refs, 0.0018320 secs]2016-01-06T01:05:38.556-0800: 117.219: [JNI Weak Reference, 0.0000080 secs], 0.1953380 secs]
   [Parallel Time: 28.3 ms, GC Workers: 4]
      [GC Worker Start (ms): Min: 117029.2, Avg: 117029.7, Max: 117031.1, Diff: 2.0]
      [Ext Root Scanning (ms): Min: 0.0, Avg: 0.3, Max: 0.5, Diff: 0.5, Sum: 1.3]
      [SATB Filtering (ms): Min: 0.0, Avg: 0.0, Max: 0.0, Diff: 0.0, Sum: 0.0]
      [Update RS (ms): Min: 13.8, Avg: 14.9, Max: 15.4, Diff: 1.6, Sum: 59.7]
         [Processed Buffers: Min: 19, Avg: 20.2, Max: 21, Diff: 2, Sum: 81]
      [Scan RS (ms): Min: 0.7, Avg: 0.8, Max: 0.9, Diff: 0.1, Sum: 3.3]
      [Code Root Scanning (ms): Min: 0.1, Avg: 0.1, Max: 0.1, Diff: 0.0, Sum: 0.4]
      [Object Copy (ms): Min: 11.4, Avg: 11.5, Max: 11.5, Diff: 0.1, Sum: 45.9]
      [Termination (ms): Min: 0.0, Avg: 0.0, Max: 0.0, Diff: 0.0, Sum: 0.0]
      [GC Worker Other (ms): Min: 0.0, Avg: 0.1, Max: 0.1, Diff: 0.0, Sum: 0.2]
      [GC Worker Total (ms): Min: 26.2, Avg: 27.7, Max: 28.2, Diff: 2.0, Sum: 110.8]
      [GC Worker End (ms): Min: 117057.4, Avg: 117057.4, Max: 117057.4, Diff: 0.0]
   [Code Root Fixup: 0.0 ms]
   [Code Root Migration: 0.3 ms]
   [Clear CT: 0.4 ms]
   [Other: 166.3 ms]
      [Choose CSet: 0.0 ms]
      [Ref Proc: 161.8 ms]
      [Ref Enq: 2.5 ms]
      [Free CSet: 1.9 ms]
   [Eden: 1712.0M(1712.0M)->0.0B(1133.0M) Survivors: 7168.0K->22.0M Heap: 3664.6M(4096.0M)->1967.1M(4096.0M)]
 [Times: user=0.74 sys=0.00, real=0.19 secs] 
2016-01-06T01:05:38.723-0800: 117.386: [GC pause (young)
Desired survivor size 76021760 bytes, new threshold 15 (max 15)
- age   1:   20668096 bytes,   20668096 total
- age   2:      36864 bytes,   20704960 total
2016-01-06T01:05:38.893-0800: 117.556: [SoftReference, 0 refs, 0.0000410 secs]2016-01-06T01:05:38.893-0800: 117.556: [WeakReference, 0 refs, 0.0000070 secs]2016-01-06T01:05:38.893-0800: 117.556: [FinalReference, 0 refs, 0.0000060 secs]2016-01-06T01:05:38.893-0800: 117.556: [PhantomReference, 0 refs, 35634 refs, 0.0013580 secs]2016-01-06T01:05:38.894-0800: 117.557: [JNI Weak Reference, 0.0000090 secs], 0.1757070 secs]
   [Parallel Time: 8.1 ms, GC Workers: 4]
      [GC Worker Start (ms): Min: 117385.6, Avg: 117386.2, Max: 117387.9, Diff: 2.4]
      [Ext Root Scanning (ms): Min: 0.0, Avg: 0.3, Max: 0.5, Diff: 0.5, Sum: 1.3]
      [SATB Filtering (ms): Min: 0.0, Avg: 0.0, Max: 0.0, Diff: 0.0, Sum: 0.0]
      [Update RS (ms): Min: 0.0, Avg: 0.0, Max: 0.1, Diff: 0.1, Sum: 0.1]
         [Processed Buffers: Min: 0, Avg: 1.0, Max: 2, Diff: 2, Sum: 4]
      [Scan RS (ms): Min: 0.1, Avg: 0.5, Max: 0.7, Diff: 0.6, Sum: 2.0]
      [Code Root Scanning (ms): Min: 0.0, Avg: 0.1, Max: 0.1, Diff: 0.1, Sum: 0.2]
      [Object Copy (ms): Min: 5.5, Avg: 6.4, Max: 6.8, Diff: 1.4, Sum: 25.8]
      [Termination (ms): Min: 0.0, Avg: 0.0, Max: 0.0, Diff: 0.0, Sum: 0.0]
      [GC Worker Other (ms): Min: 0.0, Avg: 0.1, Max: 0.1, Diff: 0.0, Sum: 0.2]
      [GC Worker Total (ms): Min: 5.7, Avg: 7.4, Max: 8.0, Diff: 2.3, Sum: 29.7]
      [GC Worker End (ms): Min: 117393.6, Avg: 117393.6, Max: 117393.6, Diff: 0.1]
   [Code Root Fixup: 0.0 ms]
   [Code Root Migration: 0.2 ms]
   [Clear CT: 0.4 ms]
   [Other: 167.1 ms]
      [Choose CSet: 0.0 ms]
      [Ref Proc: 163.4 ms]
      [Ref Enq: 1.9 ms]
      [Free CSet: 1.7 ms]
   [Eden: 1133.0M(1133.0M)->0.0B(1605.0M) Survivors: 22.0M->21.0M Heap: 3100.1M(4096.0M)->1966.1M(4096.0M)]
 [Times: user=0.65 sys=0.01, real=0.18 secs] 
2016-01-06T01:05:39.132-0800: 117.795: [GC pause (young)
Desired survivor size 106954752 bytes, new threshold 15 (max 15)
- age   1:   19375768 bytes,   19375768 total
- age   2:      36864 bytes,   19412632 total
2016-01-06T01:05:39.304-0800: 117.967: [SoftReference, 0 refs, 0.0000490 secs]2016-01-06T01:05:39.304-0800: 117.967: [WeakReference, 0 refs, 0.0000070 secs]2016-01-06T01:05:39.304-0800: 117.967: [FinalReference, 0 refs, 0.0000050 secs]2016-01-06T01:05:39.304-0800: 117.967: [PhantomReference, 0 refs, 50255 refs, 0.0017170 secs]2016-01-06T01:05:39.306-0800: 117.969: [JNI Weak Reference, 0.0000070 secs], 0.1784660 secs]
   [Parallel Time: 11.4 ms, GC Workers: 4]
      [GC Worker Start (ms): Min: 117795.4, Avg: 117795.4, Max: 117795.4, Diff: 0.1]
      [Ext Root Scanning (ms): Min: 0.3, Avg: 0.4, Max: 0.4, Diff: 0.1, Sum: 1.4]
      [SATB Filtering (ms): Min: 0.0, Avg: 0.0, Max: 0.0, Diff: 0.0, Sum: 0.0]
      [Update RS (ms): Min: 0.0, Avg: 0.1, Max: 0.2, Diff: 0.2, Sum: 0.3]
         [Processed Buffers: Min: 0, Avg: 1.0, Max: 2, Diff: 2, Sum: 4]
      [Scan RS (ms): Min: 0.6, Avg: 0.8, Max: 0.8, Diff: 0.2, Sum: 3.0]
      [Code Root Scanning (ms): Min: 0.1, Avg: 0.1, Max: 0.1, Diff: 0.0, Sum: 0.3]
      [Object Copy (ms): Min: 9.9, Avg: 10.0, Max: 10.0, Diff: 0.0, Sum: 39.8]
      [Termination (ms): Min: 0.0, Avg: 0.0, Max: 0.0, Diff: 0.0, Sum: 0.0]
      [GC Worker Other (ms): Min: 0.0, Avg: 0.1, Max: 0.1, Diff: 0.1, Sum: 0.2]
      [GC Worker Total (ms): Min: 11.3, Avg: 11.3, Max: 11.3, Diff: 0.0, Sum: 45.1]
      [GC Worker End (ms): Min: 117806.7, Avg: 117806.7, Max: 117806.7, Diff: 0.1]
   [Code Root Fixup: 0.0 ms]
   [Code Root Migration: 0.2 ms]
   [Clear CT: 0.4 ms]
   [Other: 166.5 ms]
      [Choose CSet: 0.0 ms]
      [Ref Proc: 162.3 ms]
      [Ref Enq: 2.3 ms]
      [Free CSet: 1.7 ms]
   [Eden: 1605.0M(1605.0M)->0.0B(1694.0M) Survivors: 21.0M->22.0M Heap: 3571.1M(4096.0M)->1967.6M(4096.0M)]
 [Times: user=0.68 sys=0.00, real=0.18 secs] 
2016-01-06T01:05:39.550-0800: 118.213: [GC pause (young)
Desired survivor size 112721920 bytes, new threshold 15 (max 15)
- age   1:   20429272 bytes,   20429272 total
- age   2:      36864 bytes,   20466136 total
2016-01-06T01:05:39.747-0800: 118.410: [SoftReference, 0 refs, 0.0000460 secs]2016-01-06T01:05:39.747-0800: 118.410: [WeakReference, 0 refs, 0.0000070 secs]2016-01-06T01:05:39.747-0800: 118.410: [FinalReference, 0 refs, 0.0000050 secs]2016-01-06T01:05:39.747-0800: 118.410: [PhantomReference, 0 refs, 53024 refs, 0.0018050 secs]2016-01-06T01:05:39.749-0800: 118.412: [JNI Weak Reference, 0.0000070 secs], 0.2045310 secs]
   [Parallel Time: 33.8 ms, GC Workers: 4]
      [GC Worker Start (ms): Min: 118212.6, Avg: 118212.6, Max: 118212.7, Diff: 0.1]
      [Ext Root Scanning (ms): Min: 0.3, Avg: 0.4, Max: 0.4, Diff: 0.1, Sum: 1.4]
      [SATB Filtering (ms): Min: 0.0, Avg: 0.0, Max: 0.0, Diff: 0.0, Sum: 0.0]
      [Update RS (ms): Min: 22.1, Avg: 22.2, Max: 22.5, Diff: 0.5, Sum: 89.0]
         [Processed Buffers: Min: 30, Avg: 30.2, Max: 31, Diff: 1, Sum: 121]
      [Scan RS (ms): Min: 0.5, Avg: 0.8, Max: 0.9, Diff: 0.4, Sum: 3.2]
      [Code Root Scanning (ms): Min: 0.1, Avg: 0.1, Max: 0.1, Diff: 0.0, Sum: 0.3]
      [Object Copy (ms): Min: 10.1, Avg: 10.2, Max: 10.2, Diff: 0.1, Sum: 40.6]
      [Termination (ms): Min: 0.0, Avg: 0.0, Max: 0.0, Diff: 0.0, Sum: 0.0]
      [GC Worker Other (ms): Min: 0.0, Avg: 0.1, Max: 0.1, Diff: 0.0, Sum: 0.2]
      [GC Worker Total (ms): Min: 33.7, Avg: 33.7, Max: 33.7, Diff: 0.0, Sum: 134.8]
      [GC Worker End (ms): Min: 118246.3, Avg: 118246.3, Max: 118246.4, Diff: 0.0]
   [Code Root Fixup: 0.0 ms]
   [Code Root Migration: 0.2 ms]
   [Clear CT: 0.4 ms]
   [Other: 170.1 ms]
      [Choose CSet: 0.0 ms]
      [Ref Proc: 165.7 ms]
      [Ref Enq: 2.4 ms]
      [Free CSet: 1.9 ms]
   [Eden: 1694.0M(1694.0M)->0.0B(1001.0M) Survivors: 22.0M->22.0M Heap: 3661.6M(4096.0M)->1967.6M(4096.0M)]
 [Times: user=0.76 sys=0.01, real=0.20 secs] 
2016-01-06T01:05:39.896-0800: 118.559: [GC pause (young)
Desired survivor size 67108864 bytes, new threshold 15 (max 15)
- age   1:   20627920 bytes,   20627920 total
- age   2:      36864 bytes,   20664784 total
2016-01-06T01:05:40.103-0800: 118.766: [SoftReference, 0 refs, 0.0000390 secs]2016-01-06T01:05:40.103-0800: 118.766: [WeakReference, 0 refs, 0.0000060 secs]2016-01-06T01:05:40.103-0800: 118.766: [FinalReference, 0 refs, 0.0000060 secs]2016-01-06T01:05:40.103-0800: 118.766: [PhantomReference, 0 refs, 31540 refs, 0.0011010 secs]2016-01-06T01:05:40.105-0800: 118.767: [JNI Weak Reference, 0.0000080 secs], 0.2112300 secs]
   [Parallel Time: 22.1 ms, GC Workers: 4]
      [GC Worker Start (ms): Min: 118559.4, Avg: 118559.5, Max: 118559.9, Diff: 0.6]
      [Ext Root Scanning (ms): Min: 0.0, Avg: 0.3, Max: 0.5, Diff: 0.5, Sum: 1.3]
      [SATB Filtering (ms): Min: 0.0, Avg: 0.0, Max: 0.0, Diff: 0.0, Sum: 0.0]
      [Update RS (ms): Min: 14.3, Avg: 14.4, Max: 14.5, Diff: 0.3, Sum: 57.5]
         [Processed Buffers: Min: 20, Avg: 21.0, Max: 22, Diff: 2, Sum: 84]
      [Scan RS (ms): Min: 0.3, Avg: 0.4, Max: 0.6, Diff: 0.3, Sum: 1.8]
      [Code Root Scanning (ms): Min: 0.0, Avg: 0.0, Max: 0.1, Diff: 0.0, Sum: 0.2]
      [Object Copy (ms): Min: 6.5, Avg: 6.6, Max: 6.6, Diff: 0.1, Sum: 26.3]
      [Termination (ms): Min: 0.0, Avg: 0.0, Max: 0.0, Diff: 0.0, Sum: 0.0]
      [GC Worker Other (ms): Min: 0.0, Avg: 0.1, Max: 0.1, Diff: 0.0, Sum: 0.2]
      [GC Worker Total (ms): Min: 21.4, Avg: 21.8, Max: 22.0, Diff: 0.6, Sum: 87.3]
      [GC Worker End (ms): Min: 118581.3, Avg: 118581.3, Max: 118581.4, Diff: 0.0]
   [Code Root Fixup: 0.0 ms]
   [Code Root Migration: 0.1 ms]
   [Clear CT: 0.2 ms]
   [Other: 188.8 ms]
      [Choose CSet: 0.0 ms]
      [Ref Proc: 186.0 ms]
      [Ref Enq: 1.5 ms]
      [Free CSet: 1.2 ms]
   [Eden: 1001.0M(1001.0M)->0.0B(183.0M) Survivors: 22.0M->21.0M Heap: 2968.6M(4096.0M)->1966.1M(4096.0M)]
 [Times: user=0.68 sys=0.01, real=0.22 secs] 
2016-01-06T01:05:40.135-0800: 118.798: [GC pause (young)
Desired survivor size 13631488 bytes, new threshold 1 (max 15)
- age   1:   19081144 bytes,   19081144 total
- age   2:      36864 bytes,   19118008 total
2016-01-06T01:05:40.310-0800: 118.973: [SoftReference, 0 refs, 0.0000380 secs]2016-01-06T01:05:40.310-0800: 118.973: [WeakReference, 0 refs, 0.0000060 secs]2016-01-06T01:05:40.310-0800: 118.973: [FinalReference, 0 refs, 0.0000060 secs]2016-01-06T01:05:40.310-0800: 118.973: [PhantomReference, 0 refs, 6183 refs, 0.0002260 secs]2016-01-06T01:05:40.310-0800: 118.973: [JNI Weak Reference, 0.0000080 secs], 0.1765910 secs]
   [Parallel Time: 2.9 ms, GC Workers: 4]
      [GC Worker Start (ms): Min: 118797.7, Avg: 118798.3, Max: 118800.0, Diff: 2.3]
      [Ext Root Scanning (ms): Min: 0.0, Avg: 0.3, Max: 0.5, Diff: 0.4, Sum: 1.3]
      [SATB Filtering (ms): Min: 0.0, Avg: 0.0, Max: 0.0, Diff: 0.0, Sum: 0.0]
      [Update RS (ms): Min: 0.0, Avg: 0.0, Max: 0.1, Diff: 0.1, Sum: 0.2]
         [Processed Buffers: Min: 0, Avg: 1.0, Max: 3, Diff: 3, Sum: 4]
      [Scan RS (ms): Min: 0.0, Avg: 0.1, Max: 0.1, Diff: 0.1, Sum: 0.3]
      [Code Root Scanning (ms): Min: 0.0, Avg: 0.0, Max: 0.0, Diff: 0.0, Sum: 0.0]
      [Object Copy (ms): Min: 0.4, Avg: 1.7, Max: 2.3, Diff: 1.9, Sum: 6.9]
      [Termination (ms): Min: 0.0, Avg: 0.1, Max: 0.1, Diff: 0.1, Sum: 0.4]
      [GC Worker Other (ms): Min: 0.0, Avg: 0.0, Max: 0.0, Diff: 0.0, Sum: 0.0]
      [GC Worker Total (ms): Min: 0.6, Avg: 2.3, Max: 2.9, Diff: 2.3, Sum: 9.1]
      [GC Worker End (ms): Min: 118800.5, Avg: 118800.6, Max: 118800.6, Diff: 0.0]
   [Code Root Fixup: 0.0 ms]
   [Code Root Migration: 0.0 ms]
   [Clear CT: 0.2 ms]
   [Other: 173.5 ms]
      [Choose CSet: 0.0 ms]
      [Ref Proc: 172.8 ms]
      [Ref Enq: 0.3 ms]
      [Free CSet: 0.3 ms]
   [Eden: 183.0M(183.0M)->0.0B(740.0M) Survivors: 21.0M->19.0M Heap: 2149.1M(4096.0M)->1964.1M(4096.0M)]
 [Times: user=0.66 sys=0.01, real=0.18 secs] 
2016-01-06T01:05:40.417-0800: 119.080: [GC pause (young)
Desired survivor size 49807360 bytes, new threshold 15 (max 15)
- age   1:   17255368 bytes,   17255368 total
2016-01-06T01:05:40.609-0800: 119.272: [SoftReference, 0 refs, 0.0000500 secs]2016-01-06T01:05:40.609-0800: 119.272: [WeakReference, 0 refs, 0.0000090 secs]2016-01-06T01:05:40.609-0800: 119.272: [FinalReference, 0 refs, 0.0000060 secs]2016-01-06T01:05:40.609-0800: 119.272: [PhantomReference, 0 refs, 23449 refs, 0.0008090 secs]2016-01-06T01:05:40.610-0800: 119.273: [JNI Weak Reference, 0.0000070 secs], 0.1956150 secs]
   [Parallel Time: 17.5 ms, GC Workers: 4]
      [GC Worker Start (ms): Min: 119079.9, Avg: 119080.1, Max: 119080.9, Diff: 1.0]
      [Ext Root Scanning (ms): Min: 0.0, Avg: 0.3, Max: 0.5, Diff: 0.5, Sum: 1.3]
      [SATB Filtering (ms): Min: 0.0, Avg: 0.0, Max: 0.0, Diff: 0.0, Sum: 0.0]
      [Update RS (ms): Min: 11.0, Avg: 11.5, Max: 11.8, Diff: 0.8, Sum: 46.0]
         [Processed Buffers: Min: 15, Avg: 16.2, Max: 17, Diff: 2, Sum: 65]
      [Scan RS (ms): Min: 0.2, Avg: 0.3, Max: 0.5, Diff: 0.3, Sum: 1.4]
      [Code Root Scanning (ms): Min: 0.0, Avg: 0.0, Max: 0.1, Diff: 0.1, Sum: 0.2]
      [Object Copy (ms): Min: 4.9, Avg: 4.9, Max: 4.9, Diff: 0.0, Sum: 19.7]
      [Termination (ms): Min: 0.0, Avg: 0.0, Max: 0.0, Diff: 0.0, Sum: 0.0]
      [GC Worker Other (ms): Min: 0.0, Avg: 0.0, Max: 0.1, Diff: 0.1, Sum: 0.2]
      [GC Worker Total (ms): Min: 16.4, Avg: 17.2, Max: 17.5, Diff: 1.0, Sum: 68.7]
      [GC Worker End (ms): Min: 119097.3, Avg: 119097.3, Max: 119097.3, Diff: 0.1]
   [Code Root Fixup: 0.0 ms]
   [Code Root Migration: 0.1 ms]
   [Clear CT: 0.3 ms]
   [Other: 177.7 ms]
      [Choose CSet: 0.0 ms]
      [Ref Proc: 175.5 ms]
      [Ref Enq: 1.1 ms]
      [Free CSet: 1.0 ms]
   [Eden: 740.0M(740.0M)->0.0B(309.0M) Survivors: 19.0M->20.0M Heap: 2704.1M(4096.0M)->1965.6M(4096.0M)]
 [Times: user=0.75 sys=0.00, real=0.20 secs] 
2016-01-06T01:05:40.659-0800: 119.322: [GC pause (young)
Desired survivor size 22020096 bytes, new threshold 15 (max 15)
- age   1:   18498592 bytes,   18498592 total
- age   2:      36864 bytes,   18535456 total
2016-01-06T01:05:40.857-0800: 119.520: [SoftReference, 0 refs, 0.0000480 secs]2016-01-06T01:05:40.857-0800: 119.520: [WeakReference, 0 refs, 0.0000060 secs]2016-01-06T01:05:40.857-0800: 119.520: [FinalReference, 0 refs, 0.0000050 secs]2016-01-06T01:05:40.857-0800: 119.520: [PhantomReference, 0 refs, 10089 refs, 0.0004070 secs]2016-01-06T01:05:40.857-0800: 119.520: [JNI Weak Reference, 0.0000080 secs], 0.1992620 secs]
   [Parallel Time: 19.1 ms, GC Workers: 4]
      [GC Worker Start (ms): Min: 119322.3, Avg: 119326.0, Max: 119335.9, Diff: 13.6]
      [Ext Root Scanning (ms): Min: 0.0, Avg: 0.4, Max: 0.7, Diff: 0.7, Sum: 1.4]
      [SATB Filtering (ms): Min: 0.0, Avg: 0.0, Max: 0.0, Diff: 0.0, Sum: 0.0]
      [Update RS (ms): Min: 0.0, Avg: 7.6, Max: 10.4, Diff: 10.4, Sum: 30.6]
         [Processed Buffers: Min: 0, Avg: 11.0, Max: 15, Diff: 15, Sum: 44]
      [Scan RS (ms): Min: 0.0, Avg: 0.1, Max: 0.4, Diff: 0.4, Sum: 0.5]
      [Code Root Scanning (ms): Min: 0.0, Avg: 0.0, Max: 0.1, Diff: 0.1, Sum: 0.1]
      [Object Copy (ms): Min: 1.1, Avg: 4.0, Max: 7.7, Diff: 6.6, Sum: 15.9]
      [Termination (ms): Min: 0.0, Avg: 3.2, Max: 4.2, Diff: 4.2, Sum: 12.6]
      [GC Worker Other (ms): Min: 0.0, Avg: 0.0, Max: 0.0, Diff: 0.0, Sum: 0.0]
      [GC Worker Total (ms): Min: 5.4, Avg: 15.3, Max: 19.0, Diff: 13.6, Sum: 61.3]
      [GC Worker End (ms): Min: 119341.3, Avg: 119341.3, Max: 119341.3, Diff: 0.0]
   [Code Root Fixup: 0.0 ms]
   [Code Root Migration: 0.1 ms]
   [Clear CT: 0.2 ms]
   [Other: 179.9 ms]
      [Choose CSet: 0.0 ms]
      [Ref Proc: 178.8 ms]
      [Ref Enq: 0.5 ms]
      [Free CSet: 0.5 ms]
   [Eden: 309.0M(309.0M)->0.0B(185.0M) Survivors: 20.0M->19.0M Heap: 2274.6M(4096.0M)->1964.6M(4096.0M)]
 [Times: user=0.74 sys=0.00, real=0.20 secs] 
2016-01-06T01:05:40.885-0800: 119.548: [GC pause (young)
Desired survivor size 13631488 bytes, new threshold 1 (max 15)
- age   1:   17536600 bytes,   17536600 total
- age   2:      36864 bytes,   17573464 total
2016-01-06T01:05:41.072-0800: 119.735: [SoftReference, 0 refs, 0.0000440 secs]2016-01-06T01:05:41.072-0800: 119.735: [WeakReference, 0 refs, 0.0000070 secs]2016-01-06T01:05:41.072-0800: 119.735: [FinalReference, 0 refs, 0.0000050 secs]2016-01-06T01:05:41.072-0800: 119.735: [PhantomReference, 0 refs, 6245 refs, 0.0002330 secs]2016-01-06T01:05:41.072-0800: 119.735: [JNI Weak Reference, 0.0000070 secs], 0.1881090 secs]
   [Parallel Time: 8.4 ms, GC Workers: 4]
      [GC Worker Start (ms): Min: 119548.0, Avg: 119548.5, Max: 119550.2, Diff: 2.3]
      [Ext Root Scanning (ms): Min: 0.0, Avg: 0.3, Max: 0.5, Diff: 0.4, Sum: 1.3]
      [SATB Filtering (ms): Min: 0.0, Avg: 0.0, Max: 0.0, Diff: 0.0, Sum: 0.0]
      [Update RS (ms): Min: 3.6, Avg: 4.9, Max: 5.7, Diff: 2.1, Sum: 19.8]
         [Processed Buffers: Min: 5, Avg: 8.2, Max: 12, Diff: 7, Sum: 33]
      [Scan RS (ms): Min: 0.0, Avg: 0.1, Max: 0.2, Diff: 0.2, Sum: 0.3]
      [Code Root Scanning (ms): Min: 0.0, Avg: 0.0, Max: 0.0, Diff: 0.0, Sum: 0.0]
      [Object Copy (ms): Min: 2.2, Avg: 2.4, Max: 2.4, Diff: 0.2, Sum: 9.4]
      [Termination (ms): Min: 0.0, Avg: 0.0, Max: 0.0, Diff: 0.0, Sum: 0.0]
      [GC Worker Other (ms): Min: 0.0, Avg: 0.0, Max: 0.0, Diff: 0.0, Sum: 0.0]
      [GC Worker Total (ms): Min: 6.0, Avg: 7.7, Max: 8.3, Diff: 2.3, Sum: 30.9]
      [GC Worker End (ms): Min: 119556.3, Avg: 119556.3, Max: 119556.3, Diff: 0.0]
   [Code Root Fixup: 0.0 ms]
   [Code Root Migration: 0.0 ms]
   [Clear CT: 0.1 ms]
   [Other: 179.6 ms]
      [Choose CSet: 0.0 ms]
      [Ref Proc: 178.9 ms]
      [Ref Enq: 0.3 ms]
      [Free CSet: 0.3 ms]
   [Eden: 185.0M(185.0M)->0.0B(483.0M) Survivors: 19.0M->19.0M Heap: 2149.6M(4096.0M)->1964.2M(4096.0M)]
 [Times: user=0.73 sys=0.00, real=0.18 secs] 
2016-01-06T01:05:41.147-0800: 119.809: [GC pause (young)
Desired survivor size 33030144 bytes, new threshold 15 (max 15)
- age   1:   17259832 bytes,   17259832 total
2016-01-06T01:05:41.345-0800: 120.008: [SoftReference, 0 refs, 0.0000430 secs]2016-01-06T01:05:41.346-0800: 120.008: [WeakReference, 0 refs, 0.0000070 secs]2016-01-06T01:05:41.346-0800: 120.008: [FinalReference, 0 refs, 0.0000050 secs]2016-01-06T01:05:41.346-0800: 120.008: [PhantomReference, 0 refs, 15482 refs, 0.0005470 secs]2016-01-06T01:05:41.346-0800: 120.009: [JNI Weak Reference, 0.0000070 secs], 0.2011800 secs]
   [Parallel Time: 15.9 ms, GC Workers: 4]
      [GC Worker Start (ms): Min: 119809.5, Avg: 119809.5, Max: 119809.6, Diff: 0.1]
      [Ext Root Scanning (ms): Min: 0.3, Avg: 0.4, Max: 0.4, Diff: 0.1, Sum: 1.4]
      [SATB Filtering (ms): Min: 0.0, Avg: 0.0, Max: 0.0, Diff: 0.0, Sum: 0.0]
      [Update RS (ms): Min: 11.6, Avg: 11.8, Max: 12.2, Diff: 0.6, Sum: 47.1]
         [Processed Buffers: Min: 16, Avg: 17.0, Max: 18, Diff: 2, Sum: 68]
      [Scan RS (ms): Min: 0.0, Avg: 0.2, Max: 0.3, Diff: 0.3, Sum: 0.8]
      [Code Root Scanning (ms): Min: 0.0, Avg: 0.0, Max: 0.0, Diff: 0.0, Sum: 0.1]
      [Object Copy (ms): Min: 3.3, Avg: 3.4, Max: 3.4, Diff: 0.2, Sum: 13.6]
      [Termination (ms): Min: 0.0, Avg: 0.0, Max: 0.0, Diff: 0.0, Sum: 0.0]
      [GC Worker Other (ms): Min: 0.0, Avg: 0.0, Max: 0.1, Diff: 0.0, Sum: 0.2]
      [GC Worker Total (ms): Min: 15.8, Avg: 15.8, Max: 15.8, Diff: 0.1, Sum: 63.2]
      [GC Worker End (ms): Min: 119825.3, Avg: 119825.3, Max: 119825.4, Diff: 0.0]
   [Code Root Fixup: 0.0 ms]
   [Code Root Migration: 0.1 ms]
   [Clear CT: 0.2 ms]
   [Other: 185.0 ms]
      [Choose CSet: 0.0 ms]
      [Ref Proc: 183.6 ms]
      [Ref Enq: 0.7 ms]
      [Free CSet: 0.6 ms]
   [Eden: 483.0M(483.0M)->0.0B(185.0M) Survivors: 19.0M->19.0M Heap: 2447.2M(4096.0M)->1964.7M(4096.0M)]
 [Times: user=0.76 sys=0.00, real=0.20 secs] 
2016-01-06T01:05:41.374-0800: 120.037: [GC pause (young)
Desired survivor size 13631488 bytes, new threshold 1 (max 15)
- age   1:   17924968 bytes,   17924968 total
- age   2:      36864 bytes,   17961832 total
2016-01-06T01:05:41.564-0800: 120.227: [SoftReference, 0 refs, 0.0000520 secs]2016-01-06T01:05:41.564-0800: 120.227: [WeakReference, 0 refs, 0.0000070 secs]2016-01-06T01:05:41.564-0800: 120.227: [FinalReference, 0 refs, 0.0000060 secs]2016-01-06T01:05:41.564-0800: 120.227: [PhantomReference, 0 refs, 6242 refs, 0.0002310 secs]2016-01-06T01:05:41.564-0800: 120.227: [JNI Weak Reference, 0.0000070 secs], 0.1907190 secs]
   [Parallel Time: 2.9 ms, GC Workers: 4]
      [GC Worker Start (ms): Min: 120037.2, Avg: 120037.3, Max: 120037.3, Diff: 0.1]
      [Ext Root Scanning (ms): Min: 0.4, Avg: 0.4, Max: 0.4, Diff: 0.0, Sum: 1.5]
      [SATB Filtering (ms): Min: 0.0, Avg: 0.0, Max: 0.0, Diff: 0.0, Sum: 0.0]
      [Update RS (ms): Min: 0.0, Avg: 0.1, Max: 0.2, Diff: 0.2, Sum: 0.2]
         [Processed Buffers: Min: 0, Avg: 1.0, Max: 2, Diff: 2, Sum: 4]
      [Scan RS (ms): Min: 0.0, Avg: 0.1, Max: 0.1, Diff: 0.1, Sum: 0.3]
      [Code Root Scanning (ms): Min: 0.0, Avg: 0.0, Max: 0.0, Diff: 0.0, Sum: 0.0]
      [Object Copy (ms): Min: 2.2, Avg: 2.2, Max: 2.3, Diff: 0.0, Sum: 9.0]
      [Termination (ms): Min: 0.0, Avg: 0.0, Max: 0.0, Diff: 0.0, Sum: 0.0]
      [GC Worker Other (ms): Min: 0.0, Avg: 0.0, Max: 0.0, Diff: 0.0, Sum: 0.1]
      [GC Worker Total (ms): Min: 2.8, Avg: 2.8, Max: 2.8, Diff: 0.1, Sum: 11.1]
      [GC Worker End (ms): Min: 120040.0, Avg: 120040.0, Max: 120040.0, Diff: 0.0]
   [Code Root Fixup: 0.0 ms]
   [Code Root Migration: 0.0 ms]
   [Clear CT: 0.1 ms]
   [Other: 187.7 ms]
      [Choose CSet: 0.0 ms]
      [Ref Proc: 187.0 ms]
      [Ref Enq: 0.3 ms]
      [Free CSet: 0.3 ms]
   [Eden: 185.0M(185.0M)->0.0B(576.0M) Survivors: 19.0M->19.0M Heap: 2149.7M(4096.0M)->1964.2M(4096.0M)]
 [Times: user=0.74 sys=0.00, real=0.20 secs] 
2016-01-06T01:05:41.646-0800: 120.309: [GC pause (young)
Desired survivor size 39321600 bytes, new threshold 15 (max 15)
- age   1:   17259832 bytes,   17259832 total
2016-01-06T01:05:41.837-0800: 120.500: [SoftReference, 0 refs, 0.0000430 secs]2016-01-06T01:05:41.837-0800: 120.500: [WeakReference, 0 refs, 0.0000070 secs]2016-01-06T01:05:41.837-0800: 120.500: [FinalReference, 0 refs, 0.0000060 secs]2016-01-06T01:05:41.837-0800: 120.500: [PhantomReference, 0 refs, 18361 refs, 0.0006230 secs]2016-01-06T01:05:41.838-0800: 120.501: [JNI Weak Reference, 0.0000080 secs], 0.1940140 secs]
   [Parallel Time: 5.5 ms, GC Workers: 4]
      [GC Worker Start (ms): Min: 120308.7, Avg: 120308.7, Max: 120308.8, Diff: 0.1]
      [Ext Root Scanning (ms): Min: 0.4, Avg: 1.1, Max: 3.2, Diff: 2.8, Sum: 4.4]
      [SATB Filtering (ms): Min: 0.0, Avg: 0.0, Max: 0.0, Diff: 0.0, Sum: 0.0]
      [Update RS (ms): Min: 0.0, Avg: 0.3, Max: 0.7, Diff: 0.7, Sum: 1.4]
         [Processed Buffers: Min: 0, Avg: 1.2, Max: 3, Diff: 3, Sum: 5]
      [Scan RS (ms): Min: 0.1, Avg: 0.2, Max: 0.6, Diff: 0.6, Sum: 0.9]
      [Code Root Scanning (ms): Min: 0.0, Avg: 0.0, Max: 0.1, Diff: 0.1, Sum: 0.1]
      [Object Copy (ms): Min: 2.2, Avg: 3.7, Max: 4.2, Diff: 2.0, Sum: 14.7]
      [Termination (ms): Min: 0.0, Avg: 0.0, Max: 0.0, Diff: 0.0, Sum: 0.0]
      [GC Worker Other (ms): Min: 0.0, Avg: 0.1, Max: 0.1, Diff: 0.1, Sum: 0.2]
      [GC Worker Total (ms): Min: 5.4, Avg: 5.4, Max: 5.5, Diff: 0.1, Sum: 21.7]
      [GC Worker End (ms): Min: 120314.1, Avg: 120314.2, Max: 120314.2, Diff: 0.1]
   [Code Root Fixup: 0.0 ms]
   [Code Root Migration: 0.1 ms]
   [Clear CT: 0.2 ms]
   [Other: 188.2 ms]
      [Choose CSet: 0.0 ms]
      [Ref Proc: 186.6 ms]
      [Ref Enq: 0.8 ms]
      [Free CSet: 0.7 ms]
   [Eden: 576.0M(576.0M)->0.0B(845.0M) Survivors: 19.0M->20.0M Heap: 2540.2M(4096.0M)->1965.2M(4096.0M)]
 [Times: user=0.74 sys=0.00, real=0.19 secs] 
2016-01-06T01:05:41.969-0800: 120.632: [GC pause (young)
Desired survivor size 57147392 bytes, new threshold 15 (max 15)
- age   1:   18132544 bytes,   18132544 total
- age   2:      36864 bytes,   18169408 total
2016-01-06T01:05:42.172-0800: 120.834: [SoftReference, 0 refs, 0.0000390 secs]2016-01-06T01:05:42.172-0800: 120.835: [WeakReference, 0 refs, 0.0000110 secs]2016-01-06T01:05:42.172-0800: 120.835: [FinalReference, 0 refs, 0.0000090 secs]2016-01-06T01:05:42.172-0800: 120.835: [PhantomReference, 0 refs, 26704 refs, 0.0013480 secs]2016-01-06T01:05:42.173-0800: 120.836: [JNI Weak Reference, 0.0000100 secs], 0.2070560 secs]
   [Parallel Time: 12.0 ms, GC Workers: 4]
      [GC Worker Start (ms): Min: 120631.6, Avg: 120631.6, Max: 120631.7, Diff: 0.1]
      [Ext Root Scanning (ms): Min: 0.4, Avg: 0.4, Max: 0.4, Diff: 0.0, Sum: 1.5]
      [SATB Filtering (ms): Min: 0.0, Avg: 0.0, Max: 0.0, Diff: 0.0, Sum: 0.0]
      [Update RS (ms): Min: 5.1, Avg: 5.3, Max: 5.5, Diff: 0.4, Sum: 21.1]
         [Processed Buffers: Min: 7, Avg: 8.2, Max: 10, Diff: 3, Sum: 33]
      [Scan RS (ms): Min: 0.2, Avg: 0.4, Max: 0.5, Diff: 0.3, Sum: 1.5]
      [Code Root Scanning (ms): Min: 0.0, Avg: 0.0, Max: 0.1, Diff: 0.0, Sum: 0.2]
      [Object Copy (ms): Min: 5.7, Avg: 5.7, Max: 5.7, Diff: 0.0, Sum: 22.8]
      [Termination (ms): Min: 0.0, Avg: 0.0, Max: 0.0, Diff: 0.0, Sum: 0.0]
      [GC Worker Other (ms): Min: 0.0, Avg: 0.0, Max: 0.1, Diff: 0.1, Sum: 0.2]
      [GC Worker Total (ms): Min: 11.8, Avg: 11.8, Max: 11.9, Diff: 0.1, Sum: 47.3]
      [GC Worker End (ms): Min: 120643.4, Avg: 120643.4, Max: 120643.5, Diff: 0.0]
   [Code Root Fixup: 0.0 ms]
   [Code Root Migration: 0.1 ms]
   [Clear CT: 0.2 ms]
   [Other: 194.7 ms]
      [Choose CSet: 0.0 ms]
      [Ref Proc: 192.4 ms]
      [Ref Enq: 1.2 ms]
      [Free CSet: 1.0 ms]
   [Eden: 845.0M(845.0M)->0.0B(184.0M) Survivors: 20.0M->20.0M Heap: 2810.2M(4096.0M)->1965.7M(4096.0M)]
 [Times: user=0.69 sys=0.01, real=0.20 secs] 
2016-01-06T01:05:42.205-0800: 120.868: [GC pause (young)
Desired survivor size 13631488 bytes, new threshold 1 (max 15)
- age   1:   18732952 bytes,   18732952 total
- age   2:      36864 bytes,   18769816 total
2016-01-06T01:05:42.401-0800: 121.064: [SoftReference, 0 refs, 0.0000500 secs]2016-01-06T01:05:42.401-0800: 121.064: [WeakReference, 0 refs, 0.0000080 secs]2016-01-06T01:05:42.401-0800: 121.064: [FinalReference, 0 refs, 0.0000050 secs]2016-01-06T01:05:42.401-0800: 121.064: [PhantomReference, 0 refs, 6214 refs, 0.0002370 secs]2016-01-06T01:05:42.402-0800: 121.065: [JNI Weak Reference, 0.0000080 secs], 0.1972680 secs]
   [Parallel Time: 6.0 ms, GC Workers: 4]
      [GC Worker Start (ms): Min: 120868.2, Avg: 120868.3, Max: 120868.7, Diff: 0.6]
      [Ext Root Scanning (ms): Min: 0.0, Avg: 0.3, Max: 0.5, Diff: 0.5, Sum: 1.3]
      [SATB Filtering (ms): Min: 0.0, Avg: 0.0, Max: 0.0, Diff: 0.0, Sum: 0.0]
      [Update RS (ms): Min: 2.7, Avg: 2.9, Max: 3.0, Diff: 0.3, Sum: 11.6]
         [Processed Buffers: Min: 4, Avg: 4.8, Max: 7, Diff: 3, Sum: 19]
      [Scan RS (ms): Min: 0.0, Avg: 0.1, Max: 0.2, Diff: 0.2, Sum: 0.3]
      [Code Root Scanning (ms): Min: 0.0, Avg: 0.0, Max: 0.0, Diff: 0.0, Sum: 0.0]
      [Object Copy (ms): Min: 2.4, Avg: 2.4, Max: 2.4, Diff: 0.0, Sum: 9.6]
      [Termination (ms): Min: 0.0, Avg: 0.0, Max: 0.0, Diff: 0.0, Sum: 0.0]
      [GC Worker Other (ms): Min: 0.0, Avg: 0.0, Max: 0.0, Diff: 0.0, Sum: 0.1]
      [GC Worker Total (ms): Min: 5.3, Avg: 5.7, Max: 5.9, Diff: 0.6, Sum: 23.0]
      [GC Worker End (ms): Min: 120874.1, Avg: 120874.1, Max: 120874.1, Diff: 0.0]
   [Code Root Fixup: 0.0 ms]
   [Code Root Migration: 0.0 ms]
   [Clear CT: 0.2 ms]
   [Other: 191.1 ms]
      [Choose CSet: 0.0 ms]
      [Ref Proc: 190.4 ms]
      [Ref Enq: 0.3 ms]
      [Free CSet: 0.3 ms]
   [Eden: 184.0M(184.0M)->0.0B(185.0M) Survivors: 20.0M->19.0M Heap: 2149.7M(4096.0M)->1964.8M(4096.0M)]
 [Times: user=0.73 sys=0.00, real=0.19 secs] 
2016-01-06T01:05:42.432-0800: 121.095: [GC pause (young)
Desired survivor size 13631488 bytes, new threshold 1 (max 15)
- age   1:   17257600 bytes,   17257600 total
2016-01-06T01:05:42.626-0800: 121.289: [SoftReference, 0 refs, 0.0000680 secs]2016-01-06T01:05:42.626-0800: 121.289: [WeakReference, 0 refs, 0.0000070 secs]2016-01-06T01:05:42.626-0800: 121.289: [FinalReference, 0 refs, 0.0000050 secs]2016-01-06T01:05:42.626-0800: 121.289: [PhantomReference, 0 refs, 6244 refs, 0.0002300 secs]2016-01-06T01:05:42.627-0800: 121.290: [JNI Weak Reference, 0.0000080 secs], 0.1955730 secs]
   [Parallel Time: 5.7 ms, GC Workers: 4]
      [GC Worker Start (ms): Min: 121094.9, Avg: 121095.2, Max: 121095.9, Diff: 1.0]
      [Ext Root Scanning (ms): Min: 0.0, Avg: 0.3, Max: 0.5, Diff: 0.5, Sum: 1.3]
      [SATB Filtering (ms): Min: 0.0, Avg: 0.0, Max: 0.0, Diff: 0.0, Sum: 0.0]
      [Update RS (ms): Min: 2.2, Avg: 2.6, Max: 3.0, Diff: 0.8, Sum: 10.3]
         [Processed Buffers: Min: 3, Avg: 4.8, Max: 7, Diff: 4, Sum: 19]
      [Scan RS (ms): Min: 0.0, Avg: 0.1, Max: 0.3, Diff: 0.3, Sum: 0.3]
      [Code Root Scanning (ms): Min: 0.0, Avg: 0.0, Max: 0.0, Diff: 0.0, Sum: 0.0]
      [Object Copy (ms): Min: 2.3, Avg: 2.4, Max: 2.6, Diff: 0.3, Sum: 9.6]
      [Termination (ms): Min: 0.0, Avg: 0.0, Max: 0.0, Diff: 0.0, Sum: 0.0]
      [GC Worker Other (ms): Min: 0.0, Avg: 0.0, Max: 0.0, Diff: 0.0, Sum: 0.0]
      [GC Worker Total (ms): Min: 4.7, Avg: 5.4, Max: 5.7, Diff: 1.0, Sum: 21.7]
      [GC Worker End (ms): Min: 121100.6, Avg: 121100.6, Max: 121100.6, Diff: 0.0]
   [Code Root Fixup: 0.0 ms]
   [Code Root Migration: 0.0 ms]
   [Clear CT: 0.2 ms]
   [Other: 189.6 ms]
      [Choose CSet: 0.0 ms]
      [Ref Proc: 189.0 ms]
      [Ref Enq: 0.3 ms]
      [Free CSet: 0.3 ms]
   [Eden: 185.0M(185.0M)->0.0B(185.0M) Survivors: 19.0M->19.0M Heap: 2149.8M(4096.0M)->1964.3M(4096.0M)]
 [Times: user=0.75 sys=0.00, real=0.20 secs] 
2016-01-06T01:05:42.654-0800: 121.317: [GC pause (young)
Desired survivor size 13631488 bytes, new threshold 1 (max 15)
- age   1:   17259832 bytes,   17259832 total
2016-01-06T01:05:42.848-0800: 121.511: [SoftReference, 0 refs, 0.0000440 secs]2016-01-06T01:05:42.849-0800: 121.511: [WeakReference, 0 refs, 0.0000060 secs]2016-01-06T01:05:42.849-0800: 121.511: [FinalReference, 0 refs, 0.0000050 secs]2016-01-06T01:05:42.849-0800: 121.511: [PhantomReference, 0 refs, 6245 refs, 0.0002360 secs]2016-01-06T01:05:42.849-0800: 121.512: [JNI Weak Reference, 0.0000070 secs], 0.1959630 secs]
   [Parallel Time: 5.1 ms, GC Workers: 4]
      [GC Worker Start (ms): Min: 121316.6, Avg: 121317.5, Max: 121319.9, Diff: 3.3]
      [Ext Root Scanning (ms): Min: 0.0, Avg: 0.3, Max: 0.5, Diff: 0.5, Sum: 1.3]
      [SATB Filtering (ms): Min: 0.0, Avg: 0.0, Max: 0.0, Diff: 0.0, Sum: 0.0]
      [Update RS (ms): Min: 0.0, Avg: 1.7, Max: 2.3, Diff: 2.3, Sum: 6.7]
         [Processed Buffers: Min: 0, Avg: 3.8, Max: 6, Diff: 6, Sum: 15]
      [Scan RS (ms): Min: 0.0, Avg: 0.1, Max: 0.1, Diff: 0.1, Sum: 0.3]
      [Code Root Scanning (ms): Min: 0.0, Avg: 0.0, Max: 0.0, Diff: 0.0, Sum: 0.0]
      [Object Copy (ms): Min: 1.7, Avg: 2.1, Max: 2.2, Diff: 0.5, Sum: 8.3]
      [Termination (ms): Min: 0.0, Avg: 0.0, Max: 0.0, Diff: 0.0, Sum: 0.0]
      [GC Worker Other (ms): Min: 0.0, Avg: 0.0, Max: 0.1, Diff: 0.1, Sum: 0.2]
      [GC Worker Total (ms): Min: 1.7, Avg: 4.2, Max: 5.0, Diff: 3.3, Sum: 16.8]
      [GC Worker End (ms): Min: 121321.6, Avg: 121321.7, Max: 121321.7, Diff: 0.1]
   [Code Root Fixup: 0.0 ms]
   [Code Root Migration: 0.0 ms]
   [Clear CT: 0.1 ms]
   [Other: 190.6 ms]
      [Choose CSet: 0.0 ms]
      [Ref Proc: 190.0 ms]
      [Ref Enq: 0.3 ms]
      [Free CSet: 0.3 ms]
   [Eden: 185.0M(185.0M)->0.0B(222.0M) Survivors: 19.0M->19.0M Heap: 2149.3M(4096.0M)->1964.3M(4096.0M)]
 [Times: user=0.73 sys=0.00, real=0.20 secs] 
2016-01-06T01:05:42.881-0800: 121.544: [GC pause (young)
Desired survivor size 16252928 bytes, new threshold 1 (max 15)
- age   1:   17259832 bytes,   17259832 total
2016-01-06T01:05:43.074-0800: 121.737: [SoftReference, 0 refs, 0.0000470 secs]2016-01-06T01:05:43.074-0800: 121.737: [WeakReference, 0 refs, 0.0000220 secs]2016-01-06T01:05:43.074-0800: 121.737: [FinalReference, 0 refs, 0.0000050 secs]2016-01-06T01:05:43.074-0800: 121.737: [PhantomReference, 0 refs, 7391 refs, 0.0002840 secs]2016-01-06T01:05:43.074-0800: 121.737: [JNI Weak Reference, 0.0000070 secs], 0.1941560 secs]
   [Parallel Time: 4.4 ms, GC Workers: 4]
      [GC Worker Start (ms): Min: 121543.7, Avg: 121544.8, Max: 121547.9, Diff: 4.3]
      [Ext Root Scanning (ms): Min: 0.0, Avg: 0.3, Max: 0.5, Diff: 0.5, Sum: 1.4]
      [SATB Filtering (ms): Min: 0.0, Avg: 0.0, Max: 0.0, Diff: 0.0, Sum: 0.0]
      [Update RS (ms): Min: 0.0, Avg: 0.1, Max: 0.2, Diff: 0.2, Sum: 0.2]
         [Processed Buffers: Min: 0, Avg: 1.2, Max: 4, Diff: 4, Sum: 5]
      [Scan RS (ms): Min: 0.0, Avg: 0.1, Max: 0.1, Diff: 0.1, Sum: 0.4]
      [Code Root Scanning (ms): Min: 0.0, Avg: 0.0, Max: 0.0, Diff: 0.0, Sum: 0.0]
      [Object Copy (ms): Min: 0.0, Avg: 1.7, Max: 2.3, Diff: 2.3, Sum: 6.8]
      [Termination (ms): Min: 0.0, Avg: 1.0, Max: 1.4, Diff: 1.4, Sum: 4.1]
      [GC Worker Other (ms): Min: 0.0, Avg: 0.0, Max: 0.0, Diff: 0.0, Sum: 0.0]
      [GC Worker Total (ms): Min: 0.1, Avg: 3.2, Max: 4.3, Diff: 4.3, Sum: 13.0]
      [GC Worker End (ms): Min: 121548.0, Avg: 121548.0, Max: 121548.0, Diff: 0.0]
   [Code Root Fixup: 0.0 ms]
   [Code Root Migration: 0.0 ms]
   [Clear CT: 0.1 ms]
   [Other: 189.6 ms]
      [Choose CSet: 0.0 ms]
      [Ref Proc: 188.8 ms]
      [Ref Enq: 0.3 ms]
      [Free CSet: 0.4 ms]
   [Eden: 222.0M(222.0M)->0.0B(911.0M) Survivors: 19.0M->19.0M Heap: 2186.3M(4096.0M)->1964.4M(4096.0M)]
 [Times: user=0.75 sys=0.00, real=0.19 secs] 
2016-01-06T01:05:43.213-0800: 121.876: [GC pause (young)
Desired survivor size 61341696 bytes, new threshold 15 (max 15)
- age   1:   17342416 bytes,   17342416 total
2016-01-06T01:05:43.408-0800: 122.071: [SoftReference, 0 refs, 0.0000420 secs]2016-01-06T01:05:43.408-0800: 122.071: [WeakReference, 0 refs, 0.0000060 secs]2016-01-06T01:05:43.408-0800: 122.071: [FinalReference, 0 refs, 0.0000050 secs]2016-01-06T01:05:43.408-0800: 122.071: [PhantomReference, 0 refs, 28751 refs, 0.0009970 secs]2016-01-06T01:05:43.409-0800: 122.072: [JNI Weak Reference, 0.0000080 secs], 0.1988110 secs]
   [Parallel Time: 6.3 ms, GC Workers: 4]
      [GC Worker Start (ms): Min: 121876.0, Avg: 121877.0, Max: 121880.0, Diff: 4.0]
      [Ext Root Scanning (ms): Min: 0.0, Avg: 0.3, Max: 0.5, Diff: 0.5, Sum: 1.3]
      [SATB Filtering (ms): Min: 0.0, Avg: 0.0, Max: 0.0, Diff: 0.0, Sum: 0.0]
      [Update RS (ms): Min: 0.0, Avg: 0.1, Max: 0.2, Diff: 0.2, Sum: 0.3]
         [Processed Buffers: Min: 0, Avg: 1.0, Max: 3, Diff: 3, Sum: 4]
      [Scan RS (ms): Min: 0.2, Avg: 0.4, Max: 0.5, Diff: 0.3, Sum: 1.7]
      [Code Root Scanning (ms): Min: 0.0, Avg: 0.0, Max: 0.1, Diff: 0.1, Sum: 0.2]
      [Object Copy (ms): Min: 2.0, Avg: 4.3, Max: 5.1, Diff: 3.2, Sum: 17.3]
      [Termination (ms): Min: 0.0, Avg: 0.0, Max: 0.0, Diff: 0.0, Sum: 0.0]
      [GC Worker Other (ms): Min: 0.0, Avg: 0.1, Max: 0.1, Diff: 0.0, Sum: 0.3]
      [GC Worker Total (ms): Min: 2.3, Avg: 5.2, Max: 6.2, Diff: 3.9, Sum: 21.0]
      [GC Worker End (ms): Min: 121882.2, Avg: 121882.2, Max: 121882.3, Diff: 0.0]
   [Code Root Fixup: 0.0 ms]
   [Code Root Migration: 0.1 ms]
   [Clear CT: 0.2 ms]
   [Other: 192.1 ms]
      [Choose CSet: 0.0 ms]
      [Ref Proc: 189.7 ms]
      [Ref Enq: 1.3 ms]
      [Free CSet: 1.0 ms]
   [Eden: 911.0M(911.0M)->0.0B(925.0M) Survivors: 19.0M->20.0M Heap: 2875.4M(4096.0M)->1965.9M(4096.0M)]
 [Times: user=0.74 sys=0.00, real=0.20 secs] 
2016-01-06T01:05:43.545-0800: 122.208: [GC pause (young)
Desired survivor size 62390272 bytes, new threshold 15 (max 15)
- age   1:   18880264 bytes,   18880264 total
- age   2:      36864 bytes,   18917128 total
2016-01-06T01:05:43.740-0800: 122.402: [SoftReference, 0 refs, 0.0000510 secs]2016-01-06T01:05:43.740-0800: 122.403: [WeakReference, 0 refs, 0.0000110 secs]2016-01-06T01:05:43.740-0800: 122.403: [FinalReference, 0 refs, 0.0000090 secs]2016-01-06T01:05:43.740-0800: 122.403: [PhantomReference, 0 refs, 29185 refs, 0.0010260 secs]2016-01-06T01:05:43.741-0800: 122.404: [JNI Weak Reference, 0.0000080 secs], 0.1988110 secs]
   [Parallel Time: 6.9 ms, GC Workers: 4]
      [GC Worker Start (ms): Min: 122207.8, Avg: 122207.8, Max: 122207.8, Diff: 0.1]
      [Ext Root Scanning (ms): Min: 0.3, Avg: 0.4, Max: 0.4, Diff: 0.1, Sum: 1.5]
      [SATB Filtering (ms): Min: 0.0, Avg: 0.0, Max: 0.0, Diff: 0.0, Sum: 0.0]
      [Update RS (ms): Min: 0.0, Avg: 0.1, Max: 0.2, Diff: 0.2, Sum: 0.2]
         [Processed Buffers: Min: 0, Avg: 1.0, Max: 3, Diff: 3, Sum: 4]
      [Scan RS (ms): Min: 0.4, Avg: 0.4, Max: 0.5, Diff: 0.2, Sum: 1.8]
      [Code Root Scanning (ms): Min: 0.0, Avg: 0.0, Max: 0.1, Diff: 0.0, Sum: 0.2]
      [Object Copy (ms): Min: 5.7, Avg: 5.8, Max: 5.8, Diff: 0.0, Sum: 23.1]
      [Termination (ms): Min: 0.0, Avg: 0.0, Max: 0.0, Diff: 0.0, Sum: 0.0]
      [GC Worker Other (ms): Min: 0.0, Avg: 0.1, Max: 0.1, Diff: 0.0, Sum: 0.3]
      [GC Worker Total (ms): Min: 6.7, Avg: 6.8, Max: 6.8, Diff: 0.1, Sum: 27.0]
      [GC Worker End (ms): Min: 122214.5, Avg: 122214.5, Max: 122214.6, Diff: 0.1]
   [Code Root Fixup: 0.0 ms]
   [Code Root Migration: 0.1 ms]
   [Clear CT: 0.3 ms]
   [Other: 191.5 ms]
      [Choose CSet: 0.0 ms]
      [Ref Proc: 189.0 ms]
      [Ref Enq: 1.3 ms]
      [Free CSet: 1.1 ms]
   [Eden: 925.0M(925.0M)->0.0B(938.0M) Survivors: 20.0M->20.0M Heap: 2890.9M(4096.0M)->1965.9M(4096.0M)]
 [Times: user=0.75 sys=0.00, real=0.20 secs] 
2016-01-06T01:05:43.876-0800: 122.539: [GC pause (young)
Desired survivor size 62914560 bytes, new threshold 15 (max 15)
- age   1:   18911512 bytes,   18911512 total
- age   2:      36864 bytes,   18948376 total
2016-01-06T01:05:44.073-0800: 122.736: [SoftReference, 0 refs, 0.0000600 secs]2016-01-06T01:05:44.073-0800: 122.736: [WeakReference, 0 refs, 0.0000120 secs]2016-01-06T01:05:44.073-0800: 122.736: [FinalReference, 0 refs, 0.0000100 secs]2016-01-06T01:05:44.073-0800: 122.736: [PhantomReference, 0 refs, 29587 refs, 0.0016910 secs]2016-01-06T01:05:44.075-0800: 122.738: [JNI Weak Reference, 0.0000200 secs], 0.2038050 secs]
   [Parallel Time: 7.0 ms, GC Workers: 4]
      [GC Worker Start (ms): Min: 122539.1, Avg: 122539.2, Max: 122539.2, Diff: 0.1]
      [Ext Root Scanning (ms): Min: 0.3, Avg: 0.4, Max: 0.4, Diff: 0.1, Sum: 1.4]
      [SATB Filtering (ms): Min: 0.0, Avg: 0.0, Max: 0.0, Diff: 0.0, Sum: 0.0]
      [Update RS (ms): Min: 0.0, Avg: 0.1, Max: 0.2, Diff: 0.2, Sum: 0.2]
         [Processed Buffers: Min: 0, Avg: 1.0, Max: 3, Diff: 3, Sum: 4]
      [Scan RS (ms): Min: 0.4, Avg: 0.5, Max: 0.5, Diff: 0.1, Sum: 1.8]
      [Code Root Scanning (ms): Min: 0.0, Avg: 0.0, Max: 0.1, Diff: 0.0, Sum: 0.2]
      [Object Copy (ms): Min: 5.8, Avg: 5.8, Max: 5.9, Diff: 0.1, Sum: 23.3]
      [Termination (ms): Min: 0.0, Avg: 0.0, Max: 0.0, Diff: 0.0, Sum: 0.0]
      [GC Worker Other (ms): Min: 0.0, Avg: 0.1, Max: 0.1, Diff: 0.1, Sum: 0.3]
      [GC Worker Total (ms): Min: 6.8, Avg: 6.8, Max: 6.8, Diff: 0.0, Sum: 27.3]
      [GC Worker End (ms): Min: 122546.0, Avg: 122546.0, Max: 122546.0, Diff: 0.1]
   [Code Root Fixup: 0.0 ms]
   [Code Root Migration: 0.2 ms]
   [Clear CT: 0.6 ms]
   [Other: 196.1 ms]
      [Choose CSet: 0.0 ms]
      [Ref Proc: 191.8 ms]
      [Ref Enq: 2.1 ms]
      [Free CSet: 2.1 ms]
   [Eden: 938.0M(938.0M)->0.0B(383.0M) Survivors: 20.0M->20.0M Heap: 2903.9M(4096.0M)->1965.9M(4096.0M)]
 [Times: user=0.75 sys=0.00, real=0.21 secs] 
2016-01-06T01:05:44.146-0800: 122.809: [GC pause (young)
Desired survivor size 26738688 bytes, new threshold 15 (max 15)
- age   1:   18940528 bytes,   18940528 total
- age   2:      36864 bytes,   18977392 total
2016-01-06T01:05:44.355-0800: 123.018: [SoftReference, 0 refs, 0.0000540 secs]2016-01-06T01:05:44.355-0800: 123.018: [WeakReference, 0 refs, 0.0000070 secs]2016-01-06T01:05:44.355-0800: 123.018: [FinalReference, 0 refs, 0.0000060 secs]2016-01-06T01:05:44.355-0800: 123.018: [PhantomReference, 0 refs, 12383 refs, 0.0004550 secs]2016-01-06T01:05:44.356-0800: 123.019: [JNI Weak Reference, 0.0000070 secs], 0.2114630 secs]
   [Parallel Time: 4.1 ms, GC Workers: 4]
      [GC Worker Start (ms): Min: 122808.6, Avg: 122809.5, Max: 122812.2, Diff: 3.6]
      [Ext Root Scanning (ms): Min: 0.0, Avg: 0.4, Max: 0.5, Diff: 0.5, Sum: 1.4]
      [SATB Filtering (ms): Min: 0.0, Avg: 0.0, Max: 0.0, Diff: 0.0, Sum: 0.0]
      [Update RS (ms): Min: 0.0, Avg: 0.1, Max: 0.2, Diff: 0.2, Sum: 0.2]
         [Processed Buffers: Min: 0, Avg: 1.0, Max: 2, Diff: 2, Sum: 4]
      [Scan RS (ms): Min: 0.1, Avg: 0.2, Max: 0.3, Diff: 0.2, Sum: 0.8]
      [Code Root Scanning (ms): Min: 0.0, Avg: 0.0, Max: 0.0, Diff: 0.0, Sum: 0.1]
      [Object Copy (ms): Min: 0.2, Avg: 2.4, Max: 3.1, Diff: 2.9, Sum: 9.5]
      [Termination (ms): Min: 0.0, Avg: 0.0, Max: 0.0, Diff: 0.0, Sum: 0.0]
      [GC Worker Other (ms): Min: 0.0, Avg: 0.0, Max: 0.1, Diff: 0.1, Sum: 0.2]
      [GC Worker Total (ms): Min: 0.4, Avg: 3.1, Max: 4.0, Diff: 3.6, Sum: 12.2]
      [GC Worker End (ms): Min: 122812.6, Avg: 122812.6, Max: 122812.6, Diff: 0.1]
   [Code Root Fixup: 0.0 ms]
   [Code Root Migration: 0.1 ms]
   [Clear CT: 0.1 ms]
   [Other: 207.2 ms]
      [Choose CSet: 0.0 ms]
      [Ref Proc: 206.0 ms]
      [Ref Enq: 0.6 ms]
      [Free CSet: 0.6 ms]
   [Eden: 383.0M(383.0M)->0.0B(184.0M) Survivors: 20.0M->20.0M Heap: 2348.9M(4096.0M)->1965.4M(4096.0M)]
 [Times: user=0.78 sys=0.00, real=0.21 secs] 
2016-01-06T01:05:44.386-0800: 123.049: [GC pause (young)
Desired survivor size 13631488 bytes, new threshold 1 (max 15)
- age   1:   17701768 bytes,   17701768 total
- age   2:      36864 bytes,   17738632 total
2016-01-06T01:05:44.579-0800: 123.242: [SoftReference, 0 refs, 0.0000430 secs]2016-01-06T01:05:44.579-0800: 123.242: [WeakReference, 0 refs, 0.0000070 secs]2016-01-06T01:05:44.579-0800: 123.242: [FinalReference, 0 refs, 0.0000050 secs]2016-01-06T01:05:44.579-0800: 123.242: [PhantomReference, 0 refs, 6214 refs, 0.0002280 secs]2016-01-06T01:05:44.579-0800: 123.242: [JNI Weak Reference, 0.0000080 secs], 0.1944270 secs]
   [Parallel Time: 3.4 ms, GC Workers: 4]
      [GC Worker Start (ms): Min: 123048.7, Avg: 123048.8, Max: 123048.8, Diff: 0.1]
      [Ext Root Scanning (ms): Min: 0.3, Avg: 0.4, Max: 0.4, Diff: 0.1, Sum: 1.4]
      [SATB Filtering (ms): Min: 0.0, Avg: 0.0, Max: 0.0, Diff: 0.0, Sum: 0.0]
      [Update RS (ms): Min: 0.0, Avg: 0.1, Max: 0.2, Diff: 0.2, Sum: 0.2]
         [Processed Buffers: Min: 0, Avg: 1.0, Max: 3, Diff: 3, Sum: 4]
      [Scan RS (ms): Min: 0.0, Avg: 0.1, Max: 0.1, Diff: 0.1, Sum: 0.3]
      [Code Root Scanning (ms): Min: 0.0, Avg: 0.0, Max: 0.0, Diff: 0.0, Sum: 0.0]
      [Object Copy (ms): Min: 2.7, Avg: 2.8, Max: 2.8, Diff: 0.1, Sum: 11.0]
      [Termination (ms): Min: 0.0, Avg: 0.0, Max: 0.0, Diff: 0.0, Sum: 0.0]
      [GC Worker Other (ms): Min: 0.0, Avg: 0.0, Max: 0.0, Diff: 0.0, Sum: 0.1]
      [GC Worker Total (ms): Min: 3.3, Avg: 3.3, Max: 3.3, Diff: 0.1, Sum: 13.2]
      [GC Worker End (ms): Min: 123052.1, Avg: 123052.1, Max: 123052.1, Diff: 0.0]
   [Code Root Fixup: 0.0 ms]
   [Code Root Migration: 0.0 ms]
   [Clear CT: 0.2 ms]
   [Other: 190.8 ms]
      [Choose CSet: 0.0 ms]
      [Ref Proc: 190.1 ms]
      [Ref Enq: 0.3 ms]
      [Free CSet: 0.3 ms]
   [Eden: 184.0M(184.0M)->0.0B(185.0M) Survivors: 20.0M->19.0M Heap: 2149.4M(4096.0M)->1964.4M(4096.0M)]
 [Times: user=0.75 sys=0.00, real=0.19 secs] 
2016-01-06T01:05:44.609-0800: 123.272: [GC pause (young)
Desired survivor size 13631488 bytes, new threshold 1 (max 15)
- age   1:   17257600 bytes,   17257600 total
2016-01-06T01:05:44.803-0800: 123.466: [SoftReference, 0 refs, 0.0000590 secs]2016-01-06T01:05:44.803-0800: 123.466: [WeakReference, 0 refs, 0.0000080 secs]2016-01-06T01:05:44.803-0800: 123.466: [FinalReference, 0 refs, 0.0000050 secs]2016-01-06T01:05:44.803-0800: 123.466: [PhantomReference, 0 refs, 6244 refs, 0.0002500 secs]2016-01-06T01:05:44.804-0800: 123.466: [JNI Weak Reference, 0.0000070 secs], 0.1953440 secs]
   [Parallel Time: 3.1 ms, GC Workers: 4]
      [GC Worker Start (ms): Min: 123272.0, Avg: 123272.1, Max: 123272.1, Diff: 0.1]
      [Ext Root Scanning (ms): Min: 0.3, Avg: 0.4, Max: 0.4, Diff: 0.1, Sum: 1.4]
      [SATB Filtering (ms): Min: 0.0, Avg: 0.0, Max: 0.0, Diff: 0.0, Sum: 0.0]
      [Update RS (ms): Min: 0.0, Avg: 0.1, Max: 0.2, Diff: 0.2, Sum: 0.3]
         [Processed Buffers: Min: 0, Avg: 1.2, Max: 2, Diff: 2, Sum: 5]
      [Scan RS (ms): Min: 0.0, Avg: 0.1, Max: 0.1, Diff: 0.1, Sum: 0.3]
      [Code Root Scanning (ms): Min: 0.0, Avg: 0.0, Max: 0.0, Diff: 0.0, Sum: 0.0]
      [Object Copy (ms): Min: 2.4, Avg: 2.4, Max: 2.4, Diff: 0.0, Sum: 9.7]
      [Termination (ms): Min: 0.0, Avg: 0.0, Max: 0.0, Diff: 0.0, Sum: 0.0]
      [GC Worker Other (ms): Min: 0.0, Avg: 0.0, Max: 0.0, Diff: 0.0, Sum: 0.1]
      [GC Worker Total (ms): Min: 3.0, Avg: 3.0, Max: 3.0, Diff: 0.1, Sum: 12.0]
      [GC Worker End (ms): Min: 123275.0, Avg: 123275.0, Max: 123275.1, Diff: 0.0]
   [Code Root Fixup: 0.0 ms]
   [Code Root Migration: 0.0 ms]
   [Clear CT: 0.2 ms]
   [Other: 192.0 ms]
      [Choose CSet: 0.0 ms]
      [Ref Proc: 191.4 ms]
      [Ref Enq: 0.3 ms]
      [Free CSet: 0.3 ms]
   [Eden: 185.0M(185.0M)->0.0B(186.0M) Survivors: 19.0M->18.0M Heap: 2149.4M(4096.0M)->1964.0M(4096.0M)]
 [Times: user=0.73 sys=0.00, real=0.19 secs] 
2016-01-06T01:05:44.833-0800: 123.496: [GC pause (young)
Desired survivor size 13631488 bytes, new threshold 1 (max 15)
- age   1:   17259832 bytes,   17259832 total
2016-01-06T01:05:45.026-0800: 123.689: [SoftReference, 0 refs, 0.0000360 secs]2016-01-06T01:05:45.026-0800: 123.689: [WeakReference, 0 refs, 0.0000060 secs]2016-01-06T01:05:45.026-0800: 123.689: [FinalReference, 0 refs, 0.0000050 secs]2016-01-06T01:05:45.026-0800: 123.689: [PhantomReference, 0 refs, 6276 refs, 0.0002440 secs]2016-01-06T01:05:45.026-0800: 123.689: [JNI Weak Reference, 0.0000070 secs], 0.1937210 secs]
   [Parallel Time: 3.7 ms, GC Workers: 4]
      [GC Worker Start (ms): Min: 123496.5, Avg: 123497.4, Max: 123500.0, Diff: 3.5]
      [Ext Root Scanning (ms): Min: 0.0, Avg: 0.3, Max: 0.5, Diff: 0.4, Sum: 1.3]
      [SATB Filtering (ms): Min: 0.0, Avg: 0.0, Max: 0.0, Diff: 0.0, Sum: 0.0]
      [Update RS (ms): Min: 0.0, Avg: 0.1, Max: 0.2, Diff: 0.2, Sum: 0.3]
         [Processed Buffers: Min: 0, Avg: 1.2, Max: 4, Diff: 4, Sum: 5]
      [Scan RS (ms): Min: 0.0, Avg: 0.1, Max: 0.1, Diff: 0.1, Sum: 0.3]
      [Code Root Scanning (ms): Min: 0.0, Avg: 0.0, Max: 0.0, Diff: 0.0, Sum: 0.0]
      [Object Copy (ms): Min: 0.0, Avg: 1.7, Max: 2.2, Diff: 2.2, Sum: 6.6]
      [Termination (ms): Min: 0.0, Avg: 0.6, Max: 0.7, Diff: 0.7, Sum: 2.2]
      [GC Worker Other (ms): Min: 0.0, Avg: 0.0, Max: 0.0, Diff: 0.0, Sum: 0.0]
      [GC Worker Total (ms): Min: 0.1, Avg: 2.7, Max: 3.6, Diff: 3.6, Sum: 10.8]
      [GC Worker End (ms): Min: 123500.0, Avg: 123500.1, Max: 123500.1, Diff: 0.0]
   [Code Root Fixup: 0.0 ms]
   [Code Root Migration: 0.0 ms]
   [Clear CT: 0.2 ms]
   [Other: 189.8 ms]
      [Choose CSet: 0.0 ms]
      [Ref Proc: 189.2 ms]
      [Ref Enq: 0.3 ms]
      [Free CSet: 0.3 ms]
   [Eden: 186.0M(186.0M)->0.0B(503.0M) Survivors: 18.0M->19.0M Heap: 2150.0M(4096.0M)->1964.5M(4096.0M)]
 [Times: user=0.74 sys=0.00, real=0.20 secs] 
2016-01-06T01:05:45.105-0800: 123.768: [GC pause (young)
Desired survivor size 34603008 bytes, new threshold 15 (max 15)
- age   1:   17262064 bytes,   17262064 total
2016-01-06T01:05:45.302-0800: 123.965: [SoftReference, 0 refs, 0.0000440 secs]2016-01-06T01:05:45.302-0800: 123.965: [WeakReference, 0 refs, 0.0000070 secs]2016-01-06T01:05:45.302-0800: 123.965: [FinalReference, 0 refs, 0.0000050 secs]2016-01-06T01:05:45.302-0800: 123.965: [PhantomReference, 0 refs, 16103 refs, 0.0005660 secs]2016-01-06T01:05:45.303-0800: 123.966: [JNI Weak Reference, 0.0000070 secs], 0.1998480 secs]
   [Parallel Time: 4.2 ms, GC Workers: 4]
      [GC Worker Start (ms): Min: 123767.9, Avg: 123767.9, Max: 123767.9, Diff: 0.1]
      [Ext Root Scanning (ms): Min: 0.3, Avg: 0.4, Max: 0.4, Diff: 0.1, Sum: 1.4]
      [SATB Filtering (ms): Min: 0.0, Avg: 0.0, Max: 0.0, Diff: 0.0, Sum: 0.0]
      [Update RS (ms): Min: 0.0, Avg: 0.1, Max: 0.2, Diff: 0.2, Sum: 0.3]
         [Processed Buffers: Min: 0, Avg: 0.8, Max: 1, Diff: 1, Sum: 3]
      [Scan RS (ms): Min: 0.2, Avg: 0.2, Max: 0.3, Diff: 0.1, Sum: 0.9]
      [Code Root Scanning (ms): Min: 0.0, Avg: 0.0, Max: 0.0, Diff: 0.0, Sum: 0.1]
      [Object Copy (ms): Min: 3.3, Avg: 3.3, Max: 3.3, Diff: 0.0, Sum: 13.3]
      [Termination (ms): Min: 0.0, Avg: 0.0, Max: 0.0, Diff: 0.0, Sum: 0.0]
      [GC Worker Other (ms): Min: 0.0, Avg: 0.1, Max: 0.1, Diff: 0.1, Sum: 0.2]
      [GC Worker Total (ms): Min: 4.0, Avg: 4.1, Max: 4.2, Diff: 0.1, Sum: 16.4]
      [GC Worker End (ms): Min: 123772.0, Avg: 123772.0, Max: 123772.0, Diff: 0.1]
   [Code Root Fixup: 0.0 ms]
   [Code Root Migration: 0.1 ms]
   [Clear CT: 0.2 ms]
   [Other: 195.3 ms]
      [Choose CSet: 0.0 ms]
      [Ref Proc: 193.9 ms]
      [Ref Enq: 0.7 ms]
      [Free CSet: 0.6 ms]
   [Eden: 503.0M(503.0M)->0.0B(387.0M) Survivors: 19.0M->19.0M Heap: 2467.5M(4096.0M)->1965.0M(4096.0M)]
 [Times: user=0.70 sys=0.00, real=0.20 secs] 
2016-01-06T01:05:45.360-0800: 124.023: [GC pause (young)
Desired survivor size 26738688 bytes, new threshold 15 (max 15)
- age   1:   17969608 bytes,   17969608 total
- age   2:      36864 bytes,   18006472 total
2016-01-06T01:05:45.554-0800: 124.217: [SoftReference, 0 refs, 0.0000450 secs]2016-01-06T01:05:45.554-0800: 124.217: [WeakReference, 0 refs, 0.0000070 secs]2016-01-06T01:05:45.554-0800: 124.217: [FinalReference, 0 refs, 0.0000050 secs]2016-01-06T01:05:45.555-0800: 124.217: [PhantomReference, 0 refs, 12507 refs, 0.0004590 secs]2016-01-06T01:05:45.555-0800: 124.218: [JNI Weak Reference, 0.0000080 secs], 0.1964190 secs]
   [Parallel Time: 3.4 ms, GC Workers: 4]
      [GC Worker Start (ms): Min: 124022.9, Avg: 124023.0, Max: 124023.0, Diff: 0.1]
      [Ext Root Scanning (ms): Min: 0.3, Avg: 0.4, Max: 0.4, Diff: 0.1, Sum: 1.4]
      [SATB Filtering (ms): Min: 0.0, Avg: 0.0, Max: 0.0, Diff: 0.0, Sum: 0.0]
      [Update RS (ms): Min: 0.0, Avg: 0.1, Max: 0.2, Diff: 0.2, Sum: 0.2]
         [Processed Buffers: Min: 0, Avg: 1.0, Max: 3, Diff: 3, Sum: 4]
      [Scan RS (ms): Min: 0.1, Avg: 0.2, Max: 0.2, Diff: 0.2, Sum: 0.7]
      [Code Root Scanning (ms): Min: 0.0, Avg: 0.0, Max: 0.0, Diff: 0.0, Sum: 0.1]
      [Object Copy (ms): Min: 2.7, Avg: 2.7, Max: 2.7, Diff: 0.0, Sum: 10.8]
      [Termination (ms): Min: 0.0, Avg: 0.0, Max: 0.0, Diff: 0.0, Sum: 0.0]
      [GC Worker Other (ms): Min: 0.0, Avg: 0.0, Max: 0.1, Diff: 0.0, Sum: 0.1]
      [GC Worker Total (ms): Min: 3.3, Avg: 3.3, Max: 3.4, Diff: 0.1, Sum: 13.3]
      [GC Worker End (ms): Min: 124026.3, Avg: 124026.3, Max: 124026.3, Diff: 0.0]
   [Code Root Fixup: 0.0 ms]
   [Code Root Migration: 0.1 ms]
   [Clear CT: 0.2 ms]
   [Other: 192.7 ms]
      [Choose CSet: 0.0 ms]
      [Ref Proc: 191.6 ms]
      [Ref Enq: 0.6 ms]
      [Free CSet: 0.5 ms]
   [Eden: 387.0M(387.0M)->0.0B(585.0M) Survivors: 19.0M->13.0M Heap: 2352.0M(4096.0M)->1958.5M(4096.0M)]
 [Times: user=0.74 sys=0.00, real=0.19 secs] 
2016-01-06T01:05:45.640-0800: 124.303: [GC pause (young)
Desired survivor size 39321600 bytes, new threshold 15 (max 15)
- age   1:   11505448 bytes,   11505448 total
- age   2:      36864 bytes,   11542312 total
2016-01-06T01:05:45.833-0800: 124.496: [SoftReference, 0 refs, 0.0000600 secs]2016-01-06T01:05:45.833-0800: 124.496: [WeakReference, 0 refs, 0.0000080 secs]2016-01-06T01:05:45.833-0800: 124.496: [FinalReference, 0 refs, 0.0000060 secs]2016-01-06T01:05:45.833-0800: 124.496: [PhantomReference, 0 refs, 18644 refs, 0.0006810 secs]2016-01-06T01:05:45.834-0800: 124.497: [JNI Weak Reference, 0.0000080 secs], 0.1960990 secs]
   [Parallel Time: 4.6 ms, GC Workers: 4]
      [GC Worker Start (ms): Min: 124302.8, Avg: 124302.9, Max: 124302.9, Diff: 0.1]
      [Ext Root Scanning (ms): Min: 0.3, Avg: 0.4, Max: 0.4, Diff: 0.1, Sum: 1.4]
      [SATB Filtering (ms): Min: 0.0, Avg: 0.0, Max: 0.0, Diff: 0.0, Sum: 0.0]
      [Update RS (ms): Min: 0.0, Avg: 0.1, Max: 0.2, Diff: 0.2, Sum: 0.2]
         [Processed Buffers: Min: 0, Avg: 1.0, Max: 3, Diff: 3, Sum: 4]
      [Scan RS (ms): Min: 0.2, Avg: 0.3, Max: 0.3, Diff: 0.1, Sum: 1.1]
      [Code Root Scanning (ms): Min: 0.0, Avg: 0.0, Max: 0.0, Diff: 0.0, Sum: 0.1]
      [Object Copy (ms): Min: 3.7, Avg: 3.7, Max: 3.7, Diff: 0.0, Sum: 14.8]
      [Termination (ms): Min: 0.0, Avg: 0.0, Max: 0.0, Diff: 0.0, Sum: 0.0]
      [GC Worker Other (ms): Min: 0.0, Avg: 0.0, Max: 0.1, Diff: 0.1, Sum: 0.2]
      [GC Worker Total (ms): Min: 4.4, Avg: 4.5, Max: 4.5, Diff: 0.1, Sum: 17.9]
      [GC Worker End (ms): Min: 124307.3, Avg: 124307.4, Max: 124307.4, Diff: 0.1]
   [Code Root Fixup: 0.0 ms]
   [Code Root Migration: 0.1 ms]
   [Clear CT: 0.3 ms]
   [Other: 191.1 ms]
      [Choose CSet: 0.0 ms]
      [Ref Proc: 189.3 ms]
      [Ref Enq: 0.8 ms]
      [Free CSet: 0.9 ms]
   [Eden: 585.0M(585.0M)->0.0B(893.0M) Survivors: 13.0M->19.0M Heap: 2543.5M(4096.0M)->1965.0M(4096.0M)]
 [Times: user=0.75 sys=0.00, real=0.19 secs] 
2016-01-06T01:05:45.963-0800: 124.625: [GC pause (young)
Desired survivor size 59768832 bytes, new threshold 15 (max 15)
- age   1:   18152632 bytes,   18152632 total
- age   2:      36864 bytes,   18189496 total
2016-01-06T01:05:46.165-0800: 124.828: [SoftReference, 0 refs, 0.0000430 secs]2016-01-06T01:05:46.165-0800: 124.828: [WeakReference, 0 refs, 0.0000060 secs]2016-01-06T01:05:46.165-0800: 124.828: [FinalReference, 0 refs, 0.0000050 secs]2016-01-06T01:05:46.165-0800: 124.828: [PhantomReference, 0 refs, 28193 refs, 0.0009750 secs]2016-01-06T01:05:46.166-0800: 124.829: [JNI Weak Reference, 0.0000070 secs], 0.2063480 secs]
   [Parallel Time: 6.7 ms, GC Workers: 4]
      [GC Worker Start (ms): Min: 124625.5, Avg: 124625.6, Max: 124625.6, Diff: 0.1]
      [Ext Root Scanning (ms): Min: 0.3, Avg: 0.4, Max: 0.4, Diff: 0.1, Sum: 1.4]
      [SATB Filtering (ms): Min: 0.0, Avg: 0.0, Max: 0.0, Diff: 0.0, Sum: 0.0]
      [Update RS (ms): Min: 0.0, Avg: 0.1, Max: 0.2, Diff: 0.2, Sum: 0.2]
         [Processed Buffers: Min: 0, Avg: 1.0, Max: 3, Diff: 3, Sum: 4]
      [Scan RS (ms): Min: 0.3, Avg: 0.4, Max: 0.5, Diff: 0.1, Sum: 1.6]
      [Code Root Scanning (ms): Min: 0.0, Avg: 0.0, Max: 0.1, Diff: 0.0, Sum: 0.2]
      [Object Copy (ms): Min: 5.6, Avg: 5.7, Max: 5.7, Diff: 0.1, Sum: 22.7]
      [Termination (ms): Min: 0.0, Avg: 0.0, Max: 0.0, Diff: 0.0, Sum: 0.0]
      [GC Worker Other (ms): Min: 0.0, Avg: 0.0, Max: 0.1, Diff: 0.0, Sum: 0.1]
      [GC Worker Total (ms): Min: 6.5, Avg: 6.6, Max: 6.6, Diff: 0.1, Sum: 26.3]
      [GC Worker End (ms): Min: 124632.1, Avg: 124632.2, Max: 124632.2, Diff: 0.0]
   [Code Root Fixup: 0.0 ms]
   [Code Root Migration: 0.1 ms]
   [Clear CT: 0.3 ms]
   [Other: 199.2 ms]
      [Choose CSet: 0.0 ms]
      [Ref Proc: 196.8 ms]
      [Ref Enq: 1.3 ms]
      [Free CSet: 1.1 ms]
   [Eden: 893.0M(893.0M)->0.0B(199.0M) Survivors: 19.0M->5120.0K Heap: 2858.0M(4096.0M)->1951.0M(4096.0M)]
 [Times: user=0.74 sys=0.01, real=0.21 secs] 
2016-01-06T01:05:46.201-0800: 124.864: [GC pause (young)
Desired survivor size 13631488 bytes, new threshold 15 (max 15)
- age   1:    4032856 bytes,    4032856 total
- age   2:      36864 bytes,    4069720 total
2016-01-06T01:05:46.396-0800: 125.059: [SoftReference, 0 refs, 0.0000500 secs]2016-01-06T01:05:46.396-0800: 125.059: [WeakReference, 0 refs, 0.0000070 secs]2016-01-06T01:05:46.396-0800: 125.059: [FinalReference, 0 refs, 0.0000050 secs]2016-01-06T01:05:46.396-0800: 125.059: [PhantomReference, 0 refs, 6679 refs, 0.0002440 secs]2016-01-06T01:05:46.396-0800: 125.059: [JNI Weak Reference, 0.0000070 secs], 0.1960510 secs]
   [Parallel Time: 3.5 ms, GC Workers: 4]
      [GC Worker Start (ms): Min: 124864.1, Avg: 124864.9, Max: 124867.3, Diff: 3.3]
      [Ext Root Scanning (ms): Min: 0.0, Avg: 0.4, Max: 0.5, Diff: 0.5, Sum: 1.4]
      [SATB Filtering (ms): Min: 0.0, Avg: 0.0, Max: 0.0, Diff: 0.0, Sum: 0.0]
      [Update RS (ms): Min: 0.0, Avg: 0.1, Max: 0.2, Diff: 0.2, Sum: 0.2]
         [Processed Buffers: Min: 0, Avg: 1.0, Max: 3, Diff: 3, Sum: 4]
      [Scan RS (ms): Min: 0.0, Avg: 0.1, Max: 0.2, Diff: 0.2, Sum: 0.4]
      [Code Root Scanning (ms): Min: 0.0, Avg: 0.0, Max: 0.0, Diff: 0.0, Sum: 0.0]
      [Object Copy (ms): Min: 0.0, Avg: 1.9, Max: 2.5, Diff: 2.5, Sum: 7.5]
      [Termination (ms): Min: 0.0, Avg: 0.1, Max: 0.2, Diff: 0.2, Sum: 0.4]
      [GC Worker Other (ms): Min: 0.0, Avg: 0.0, Max: 0.0, Diff: 0.0, Sum: 0.0]
      [GC Worker Total (ms): Min: 0.1, Avg: 2.5, Max: 3.3, Diff: 3.3, Sum: 10.0]
      [GC Worker End (ms): Min: 124867.4, Avg: 124867.4, Max: 124867.4, Diff: 0.0]
   [Code Root Fixup: 0.0 ms]
   [Code Root Migration: 0.0 ms]
   [Clear CT: 0.1 ms]
   [Other: 192.4 ms]
      [Choose CSet: 0.0 ms]
      [Ref Proc: 191.7 ms]
      [Ref Enq: 0.3 ms]
      [Free CSet: 0.3 ms]
   [Eden: 199.0M(199.0M)->0.0B(185.0M) Survivors: 5120.0K->19.0M Heap: 2150.0M(4096.0M)->1964.5M(4096.0M)]
 [Times: user=0.72 sys=0.00, real=0.20 secs] 
2016-01-06T01:05:46.423-0800: 125.086: [GC pause (young)
Desired survivor size 13631488 bytes, new threshold 1 (max 15)
- age   1:   17291080 bytes,   17291080 total
- age   2:      36864 bytes,   17327944 total
2016-01-06T01:05:46.615-0800: 125.278: [SoftReference, 0 refs, 0.0000440 secs]2016-01-06T01:05:46.615-0800: 125.278: [WeakReference, 0 refs, 0.0000060 secs]2016-01-06T01:05:46.615-0800: 125.278: [FinalReference, 0 refs, 0.0000050 secs]2016-01-06T01:05:46.615-0800: 125.278: [PhantomReference, 0 refs, 6245 refs, 0.0002350 secs]2016-01-06T01:05:46.615-0800: 125.278: [JNI Weak Reference, 0.0000070 secs], 0.1923720 secs]
   [Parallel Time: 3.0 ms, GC Workers: 4]
      [GC Worker Start (ms): Min: 125086.5, Avg: 125086.5, Max: 125086.5, Diff: 0.1]
      [Ext Root Scanning (ms): Min: 0.3, Avg: 0.4, Max: 0.4, Diff: 0.1, Sum: 1.4]
      [SATB Filtering (ms): Min: 0.0, Avg: 0.0, Max: 0.0, Diff: 0.0, Sum: 0.0]
      [Update RS (ms): Min: 0.0, Avg: 0.1, Max: 0.2, Diff: 0.2, Sum: 0.2]
         [Processed Buffers: Min: 0, Avg: 1.0, Max: 3, Diff: 3, Sum: 4]
      [Scan RS (ms): Min: 0.0, Avg: 0.1, Max: 0.1, Diff: 0.1, Sum: 0.3]
      [Code Root Scanning (ms): Min: 0.0, Avg: 0.0, Max: 0.0, Diff: 0.0, Sum: 0.0]
      [Object Copy (ms): Min: 2.2, Avg: 2.3, Max: 2.3, Diff: 0.1, Sum: 9.0]
      [Termination (ms): Min: 0.0, Avg: 0.0, Max: 0.0, Diff: 0.0, Sum: 0.0]
      [GC Worker Other (ms): Min: 0.0, Avg: 0.0, Max: 0.0, Diff: 0.0, Sum: 0.1]
      [GC Worker Total (ms): Min: 2.7, Avg: 2.8, Max: 2.8, Diff: 0.1, Sum: 11.2]
      [GC Worker End (ms): Min: 125089.3, Avg: 125089.3, Max: 125089.3, Diff: 0.0]
   [Code Root Fixup: 0.0 ms]
   [Code Root Migration: 0.0 ms]
   [Clear CT: 0.1 ms]
   [Other: 189.3 ms]
      [Choose CSet: 0.0 ms]
      [Ref Proc: 188.6 ms]
      [Ref Enq: 0.3 ms]
      [Free CSet: 0.3 ms]
   [Eden: 185.0M(185.0M)->0.0B(185.0M) Survivors: 19.0M->19.0M Heap: 2149.5M(4096.0M)->1964.5M(4096.0M)]
 [Times: user=0.75 sys=0.00, real=0.19 secs] 
2016-01-06T01:05:46.643-0800: 125.306: [GC pause (young)
Desired survivor size 13631488 bytes, new threshold 1 (max 15)
- age   1:   17259832 bytes,   17259832 total
2016-01-06T01:05:46.854-0800: 125.517: [SoftReference, 0 refs, 0.0000450 secs]2016-01-06T01:05:46.854-0800: 125.517: [WeakReference, 0 refs, 0.0000070 secs]2016-01-06T01:05:46.854-0800: 125.517: [FinalReference, 0 refs, 0.0000050 secs]2016-01-06T01:05:46.854-0800: 125.517: [PhantomReference, 0 refs, 6245 refs, 0.0002290 secs]2016-01-06T01:05:46.854-0800: 125.517: [JNI Weak Reference, 0.0000070 secs], 0.2121270 secs]
   [Parallel Time: 3.1 ms, GC Workers: 4]
      [GC Worker Start (ms): Min: 125305.6, Avg: 125306.2, Max: 125307.9, Diff: 2.3]
      [Ext Root Scanning (ms): Min: 0.0, Avg: 0.3, Max: 0.5, Diff: 0.4, Sum: 1.3]
      [SATB Filtering (ms): Min: 0.0, Avg: 0.0, Max: 0.0, Diff: 0.0, Sum: 0.0]
      [Update RS (ms): Min: 0.0, Avg: 0.1, Max: 0.2, Diff: 0.2, Sum: 0.2]
         [Processed Buffers: Min: 0, Avg: 1.2, Max: 3, Diff: 3, Sum: 5]
      [Scan RS (ms): Min: 0.0, Avg: 0.1, Max: 0.1, Diff: 0.1, Sum: 0.3]
      [Code Root Scanning (ms): Min: 0.0, Avg: 0.0, Max: 0.0, Diff: 0.0, Sum: 0.0]
      [Object Copy (ms): Min: 0.6, Avg: 1.9, Max: 2.3, Diff: 1.7, Sum: 7.6]
      [Termination (ms): Min: 0.0, Avg: 0.0, Max: 0.0, Diff: 0.0, Sum: 0.0]
      [GC Worker Other (ms): Min: 0.0, Avg: 0.0, Max: 0.0, Diff: 0.0, Sum: 0.1]
      [GC Worker Total (ms): Min: 0.7, Avg: 2.4, Max: 3.0, Diff: 2.3, Sum: 9.6]
      [GC Worker End (ms): Min: 125308.7, Avg: 125308.7, Max: 125308.7, Diff: 0.0]
   [Code Root Fixup: 0.0 ms]
   [Code Root Migration: 0.0 ms]
   [Clear CT: 0.1 ms]
   [Other: 208.9 ms]
      [Choose CSet: 0.0 ms]
      [Ref Proc: 208.2 ms]
      [Ref Enq: 0.3 ms]
      [Free CSet: 0.3 ms]
   [Eden: 185.0M(185.0M)->0.0B(185.0M) Survivors: 19.0M->19.0M Heap: 2149.5M(4096.0M)->1964.6M(4096.0M)]
 [Times: user=0.78 sys=0.00, real=0.21 secs] 
2016-01-06T01:05:46.881-0800: 125.544: [GC pause (young)
Desired survivor size 13631488 bytes, new threshold 1 (max 15)
- age   1:   17259832 bytes,   17259832 total
2016-01-06T01:05:47.075-0800: 125.738: [SoftReference, 0 refs, 0.0000400 secs]2016-01-06T01:05:47.075-0800: 125.738: [WeakReference, 0 refs, 0.0000070 secs]2016-01-06T01:05:47.075-0800: 125.738: [FinalReference, 0 refs, 0.0000050 secs]2016-01-06T01:05:47.075-0800: 125.738: [PhantomReference, 0 refs, 6245 refs, 0.0002300 secs]2016-01-06T01:05:47.075-0800: 125.738: [JNI Weak Reference, 0.0000070 secs], 0.1955000 secs]
   [Parallel Time: 3.0 ms, GC Workers: 4]
      [GC Worker Start (ms): Min: 125543.7, Avg: 125543.8, Max: 125543.9, Diff: 0.2]
      [Ext Root Scanning (ms): Min: 0.3, Avg: 0.4, Max: 0.4, Diff: 0.2, Sum: 1.4]
      [SATB Filtering (ms): Min: 0.0, Avg: 0.0, Max: 0.0, Diff: 0.0, Sum: 0.0]
      [Update RS (ms): Min: 0.0, Avg: 0.1, Max: 0.2, Diff: 0.2, Sum: 0.3]
         [Processed Buffers: Min: 0, Avg: 1.0, Max: 2, Diff: 2, Sum: 4]
      [Scan RS (ms): Min: 0.0, Avg: 0.1, Max: 0.1, Diff: 0.1, Sum: 0.3]
      [Code Root Scanning (ms): Min: 0.0, Avg: 0.0, Max: 0.0, Diff: 0.0, Sum: 0.0]
      [Object Copy (ms): Min: 2.2, Avg: 2.2, Max: 2.2, Diff: 0.0, Sum: 8.9]
      [Termination (ms): Min: 0.0, Avg: 0.0, Max: 0.0, Diff: 0.0, Sum: 0.0]
      [GC Worker Other (ms): Min: 0.0, Avg: 0.0, Max: 0.1, Diff: 0.0, Sum: 0.2]
      [GC Worker Total (ms): Min: 2.7, Avg: 2.8, Max: 2.9, Diff: 0.2, Sum: 11.3]
      [GC Worker End (ms): Min: 125546.6, Avg: 125546.6, Max: 125546.6, Diff: 0.0]
   [Code Root Fixup: 0.0 ms]
   [Code Root Migration: 0.0 ms]
   [Clear CT: 0.1 ms]
   [Other: 192.4 ms]
      [Choose CSet: 0.0 ms]
      [Ref Proc: 191.7 ms]
      [Ref Enq: 0.3 ms]
      [Free CSet: 0.3 ms]
   [Eden: 185.0M(185.0M)->0.0B(186.0M) Survivors: 19.0M->18.0M Heap: 2149.6M(4096.0M)->1964.1M(4096.0M)]
 [Times: user=0.76 sys=0.00, real=0.19 secs] 
2016-01-06T01:05:47.103-0800: 125.766: [GC pause (young)
Desired survivor size 13631488 bytes, new threshold 1 (max 15)
- age   1:   17259832 bytes,   17259832 total
2016-01-06T01:05:47.292-0800: 125.955: [SoftReference, 0 refs, 0.0000380 secs]2016-01-06T01:05:47.292-0800: 125.955: [WeakReference, 0 refs, 0.0000070 secs]2016-01-06T01:05:47.292-0800: 125.955: [FinalReference, 0 refs, 0.0000050 secs]2016-01-06T01:05:47.292-0800: 125.955: [PhantomReference, 0 refs, 6275 refs, 0.0002410 secs]2016-01-06T01:05:47.293-0800: 125.956: [JNI Weak Reference, 0.0000070 secs], 0.1906650 secs]
   [Parallel Time: 3.1 ms, GC Workers: 4]
      [GC Worker Start (ms): Min: 125765.8, Avg: 125765.9, Max: 125765.9, Diff: 0.1]
      [Ext Root Scanning (ms): Min: 0.3, Avg: 0.4, Max: 0.4, Diff: 0.1, Sum: 1.5]
      [SATB Filtering (ms): Min: 0.0, Avg: 0.0, Max: 0.0, Diff: 0.0, Sum: 0.0]
      [Update RS (ms): Min: 0.0, Avg: 0.1, Max: 0.2, Diff: 0.2, Sum: 0.3]
         [Processed Buffers: Min: 0, Avg: 1.2, Max: 2, Diff: 2, Sum: 5]
      [Scan RS (ms): Min: 0.0, Avg: 0.1, Max: 0.1, Diff: 0.1, Sum: 0.3]
      [Code Root Scanning (ms): Min: 0.0, Avg: 0.0, Max: 0.0, Diff: 0.0, Sum: 0.0]
      [Object Copy (ms): Min: 2.4, Avg: 2.4, Max: 2.4, Diff: 0.0, Sum: 9.8]
      [Termination (ms): Min: 0.0, Avg: 0.0, Max: 0.0, Diff: 0.0, Sum: 0.0]
      [GC Worker Other (ms): Min: 0.0, Avg: 0.0, Max: 0.0, Diff: 0.0, Sum: 0.1]
      [GC Worker Total (ms): Min: 3.0, Avg: 3.0, Max: 3.0, Diff: 0.1, Sum: 12.0]
      [GC Worker End (ms): Min: 125768.9, Avg: 125768.9, Max: 125768.9, Diff: 0.0]
   [Code Root Fixup: 0.0 ms]
   [Code Root Migration: 0.0 ms]
   [Clear CT: 0.2 ms]
   [Other: 187.4 ms]
      [Choose CSet: 0.0 ms]
      [Ref Proc: 186.7 ms]
      [Ref Enq: 0.3 ms]
      [Free CSet: 0.3 ms]
   [Eden: 186.0M(186.0M)->0.0B(185.0M) Survivors: 18.0M->19.0M Heap: 2150.1M(4096.0M)->1964.7M(4096.0M)]
 [Times: user=0.73 sys=0.00, real=0.19 secs] 
2016-01-06T01:05:47.322-0800: 125.985: [GC pause (young)
Desired survivor size 13631488 bytes, new threshold 1 (max 15)
- age   1:   17262064 bytes,   17262064 total
2016-01-06T01:05:47.514-0800: 126.176: [SoftReference, 0 refs, 0.0000480 secs]2016-01-06T01:05:47.514-0800: 126.177: [WeakReference, 0 refs, 0.0000070 secs]2016-01-06T01:05:47.514-0800: 126.177: [FinalReference, 0 refs, 0.0000050 secs]2016-01-06T01:05:47.514-0800: 126.177: [PhantomReference, 0 refs, 6244 refs, 0.0002560 secs]2016-01-06T01:05:47.514-0800: 126.177: [JNI Weak Reference, 0.0000080 secs], 0.1922290 secs]
   [Parallel Time: 3.0 ms, GC Workers: 4]
      [GC Worker Start (ms): Min: 125985.4, Avg: 125985.4, Max: 125985.4, Diff: 0.1]
      [Ext Root Scanning (ms): Min: 0.3, Avg: 0.4, Max: 0.4, Diff: 0.1, Sum: 1.4]
      [SATB Filtering (ms): Min: 0.0, Avg: 0.0, Max: 0.0, Diff: 0.0, Sum: 0.0]
      [Update RS (ms): Min: 0.0, Avg: 0.1, Max: 0.2, Diff: 0.2, Sum: 0.3]
         [Processed Buffers: Min: 0, Avg: 1.2, Max: 3, Diff: 3, Sum: 5]
      [Scan RS (ms): Min: 0.0, Avg: 0.1, Max: 0.1, Diff: 0.1, Sum: 0.3]
      [Code Root Scanning (ms): Min: 0.0, Avg: 0.0, Max: 0.0, Diff: 0.0, Sum: 0.0]
      [Object Copy (ms): Min: 2.3, Avg: 2.4, Max: 2.4, Diff: 0.0, Sum: 9.4]
      [Termination (ms): Min: 0.0, Avg: 0.0, Max: 0.0, Diff: 0.0, Sum: 0.0]
      [GC Worker Other (ms): Min: 0.0, Avg: 0.0, Max: 0.0, Diff: 0.0, Sum: 0.1]
      [GC Worker Total (ms): Min: 2.9, Avg: 2.9, Max: 3.0, Diff: 0.1, Sum: 11.7]
      [GC Worker End (ms): Min: 125988.3, Avg: 125988.3, Max: 125988.3, Diff: 0.0]
   [Code Root Fixup: 0.0 ms]
   [Code Root Migration: 0.0 ms]
   [Clear CT: 0.1 ms]
   [Other: 189.1 ms]
      [Choose CSet: 0.0 ms]
      [Ref Proc: 188.4 ms]
      [Ref Enq: 0.3 ms]
      [Free CSet: 0.3 ms]
   [Eden: 185.0M(185.0M)->0.0B(278.0M) Survivors: 19.0M->19.0M Heap: 2149.7M(4096.0M)->1964.7M(4096.0M)]
 [Times: user=0.75 sys=0.00, real=0.19 secs] 
2016-01-06T01:05:47.555-0800: 126.218: [GC pause (young)
Desired survivor size 19922944 bytes, new threshold 15 (max 15)
- age   1:   17259832 bytes,   17259832 total
2016-01-06T01:05:47.748-0800: 126.410: [SoftReference, 0 refs, 0.0000450 secs]2016-01-06T01:05:47.748-0800: 126.410: [WeakReference, 0 refs, 0.0000060 secs]2016-01-06T01:05:47.748-0800: 126.410: [FinalReference, 0 refs, 0.0000050 secs]2016-01-06T01:05:47.748-0800: 126.410: [PhantomReference, 0 refs, 9122 refs, 0.0003510 secs]2016-01-06T01:05:47.748-0800: 126.411: [JNI Weak Reference, 0.0000070 secs], 0.1941140 secs]
   [Parallel Time: 3.7 ms, GC Workers: 4]
      [GC Worker Start (ms): Min: 126217.9, Avg: 126218.5, Max: 126219.9, Diff: 2.0]
      [Ext Root Scanning (ms): Min: 0.0, Avg: 0.3, Max: 0.5, Diff: 0.5, Sum: 1.3]
      [SATB Filtering (ms): Min: 0.0, Avg: 0.0, Max: 0.0, Diff: 0.0, Sum: 0.0]
      [Update RS (ms): Min: 0.0, Avg: 0.1, Max: 0.2, Diff: 0.2, Sum: 0.3]
         [Processed Buffers: Min: 0, Avg: 1.2, Max: 4, Diff: 4, Sum: 5]
      [Scan RS (ms): Min: 0.1, Avg: 0.1, Max: 0.2, Diff: 0.1, Sum: 0.5]
      [Code Root Scanning (ms): Min: 0.0, Avg: 0.0, Max: 0.0, Diff: 0.0, Sum: 0.1]
      [Object Copy (ms): Min: 1.5, Avg: 2.5, Max: 2.9, Diff: 1.5, Sum: 10.0]
      [Termination (ms): Min: 0.0, Avg: 0.1, Max: 0.1, Diff: 0.1, Sum: 0.4]
      [GC Worker Other (ms): Min: 0.0, Avg: 0.0, Max: 0.0, Diff: 0.0, Sum: 0.1]
      [GC Worker Total (ms): Min: 1.7, Avg: 3.2, Max: 3.7, Diff: 2.0, Sum: 12.6]
      [GC Worker End (ms): Min: 126221.6, Avg: 126221.6, Max: 126221.6, Diff: 0.0]
   [Code Root Fixup: 0.0 ms]
   [Code Root Migration: 0.0 ms]
   [Clear CT: 0.2 ms]
   [Other: 190.1 ms]
      [Choose CSet: 0.0 ms]
      [Ref Proc: 189.2 ms]
      [Ref Enq: 0.4 ms]
      [Free CSet: 0.4 ms]
   [Eden: 278.0M(278.0M)->0.0B(711.0M) Survivors: 19.0M->19.0M Heap: 2242.7M(4096.0M)->1965.2M(4096.0M)]
 [Times: user=0.75 sys=0.00, real=0.20 secs] 
2016-01-06T01:05:47.853-0800: 126.516: [GC pause (young)
Desired survivor size 48234496 bytes, new threshold 15 (max 15)
- age   1:   17467408 bytes,   17467408 total
- age   2:      36864 bytes,   17504272 total
2016-01-06T01:05:48.044-0800: 126.707: [SoftReference, 0 refs, 0.0000450 secs]2016-01-06T01:05:48.044-0800: 126.707: [WeakReference, 0 refs, 0.0000060 secs]2016-01-06T01:05:48.044-0800: 126.707: [FinalReference, 0 refs, 0.0000050 secs]2016-01-06T01:05:48.045-0800: 126.707: [PhantomReference, 0 refs, 22547 refs, 0.0008280 secs]2016-01-06T01:05:48.045-0800: 126.708: [JNI Weak Reference, 0.0000070 secs], 0.1948670 secs]
   [Parallel Time: 5.8 ms, GC Workers: 4]
      [GC Worker Start (ms): Min: 126515.7, Avg: 126515.8, Max: 126515.8, Diff: 0.1]
      [Ext Root Scanning (ms): Min: 0.4, Avg: 0.4, Max: 0.4, Diff: 0.0, Sum: 1.5]
      [SATB Filtering (ms): Min: 0.0, Avg: 0.0, Max: 0.0, Diff: 0.0, Sum: 0.0]
      [Update RS (ms): Min: 0.0, Avg: 0.1, Max: 0.1, Diff: 0.1, Sum: 0.3]
         [Processed Buffers: Min: 1, Avg: 1.2, Max: 2, Diff: 1, Sum: 5]
      [Scan RS (ms): Min: 0.3, Avg: 0.3, Max: 0.4, Diff: 0.1, Sum: 1.3]
      [Code Root Scanning (ms): Min: 0.0, Avg: 0.0, Max: 0.0, Diff: 0.0, Sum: 0.1]
      [Object Copy (ms): Min: 4.8, Avg: 4.8, Max: 4.8, Diff: 0.0, Sum: 19.3]
      [Termination (ms): Min: 0.0, Avg: 0.0, Max: 0.0, Diff: 0.0, Sum: 0.0]
      [GC Worker Other (ms): Min: 0.0, Avg: 0.0, Max: 0.1, Diff: 0.1, Sum: 0.2]
      [GC Worker Total (ms): Min: 5.6, Avg: 5.7, Max: 5.7, Diff: 0.1, Sum: 22.7]
      [GC Worker End (ms): Min: 126521.4, Avg: 126521.5, Max: 126521.5, Diff: 0.1]
   [Code Root Fixup: 0.0 ms]
   [Code Root Migration: 0.1 ms]
   [Clear CT: 0.2 ms]
   [Other: 188.7 ms]
      [Choose CSet: 0.0 ms]
      [Ref Proc: 186.7 ms]
      [Ref Enq: 1.0 ms]
      [Free CSet: 0.9 ms]
   [Eden: 711.0M(711.0M)->0.0B(1040.0M) Survivors: 19.0M->20.0M Heap: 2676.2M(4096.0M)->1966.2M(4096.0M)]
 [Times: user=0.74 sys=0.01, real=0.20 secs] 
2016-01-06T01:05:48.199-0800: 126.862: [GC pause (young)
Desired survivor size 69730304 bytes, new threshold 15 (max 15)
- age   1:   18433864 bytes,   18433864 total
- age   2:      36864 bytes,   18470728 total
2016-01-06T01:05:48.395-0800: 127.058: [SoftReference, 0 refs, 0.0000410 secs]2016-01-06T01:05:48.395-0800: 127.058: [WeakReference, 0 refs, 0.0000070 secs]2016-01-06T01:05:48.395-0800: 127.058: [FinalReference, 0 refs, 0.0000050 secs]2016-01-06T01:05:48.395-0800: 127.058: [PhantomReference, 0 refs, 32750 refs, 0.0011660 secs]2016-01-06T01:05:48.396-0800: 127.059: [JNI Weak Reference, 0.0000070 secs], 0.2002960 secs]
   [Parallel Time: 7.8 ms, GC Workers: 4]
      [GC Worker Start (ms): Min: 126862.0, Avg: 126865.0, Max: 126867.9, Diff: 5.9]
      [Ext Root Scanning (ms): Min: 0.0, Avg: 0.3, Max: 0.6, Diff: 0.6, Sum: 1.2]
      [SATB Filtering (ms): Min: 0.0, Avg: 0.0, Max: 0.0, Diff: 0.0, Sum: 0.0]
      [Update RS (ms): Min: 0.0, Avg: 0.0, Max: 0.1, Diff: 0.1, Sum: 0.2]
         [Processed Buffers: Min: 0, Avg: 1.2, Max: 4, Diff: 4, Sum: 5]
      [Scan RS (ms): Min: 0.1, Avg: 0.4, Max: 0.8, Diff: 0.7, Sum: 1.8]
      [Code Root Scanning (ms): Min: 0.0, Avg: 0.0, Max: 0.1, Diff: 0.1, Sum: 0.2]
      [Object Copy (ms): Min: 1.6, Avg: 3.8, Max: 6.1, Diff: 4.6, Sum: 15.4]
      [Termination (ms): Min: 0.0, Avg: 0.0, Max: 0.0, Diff: 0.0, Sum: 0.0]
      [GC Worker Other (ms): Min: 0.0, Avg: 0.1, Max: 0.1, Diff: 0.1, Sum: 0.2]
      [GC Worker Total (ms): Min: 1.8, Avg: 4.7, Max: 7.7, Diff: 6.0, Sum: 19.0]
      [GC Worker End (ms): Min: 126869.7, Avg: 126869.7, Max: 126869.7, Diff: 0.1]
   [Code Root Fixup: 0.0 ms]
   [Code Root Migration: 0.1 ms]
   [Clear CT: 0.3 ms]
   [Other: 192.0 ms]
      [Choose CSet: 0.0 ms]
      [Ref Proc: 189.1 ms]
      [Ref Enq: 1.5 ms]
      [Free CSet: 1.2 ms]
   [Eden: 1040.0M(1040.0M)->0.0B(845.0M) Survivors: 20.0M->21.0M Heap: 3006.2M(4096.0M)->1966.7M(4096.0M)]
 [Times: user=0.67 sys=0.00, real=0.20 secs] 
2016-01-06T01:05:48.503-0800: 127.166: [GC concurrent-mark-end, 15.2352230 secs]
2016-01-06T01:05:48.503-0800: 127.166: [GC remark 2016-01-06T01:05:48.504-0800: 127.167: [GC ref-proc2016-01-06T01:05:48.504-0800: 127.167: [SoftReference, 0 refs, 0.0000210 secs]2016-01-06T01:05:48.504-0800: 127.167: [WeakReference, 3 refs, 0.0000140 secs]2016-01-06T01:05:48.504-0800: 127.167: [FinalReference, 4 refs, 0.0000130 secs]2016-01-06T01:05:48.504-0800: 127.167: [PhantomReference, 0 refs, 10482437 refs, 1.5845120 secs]2016-01-06T01:05:50.088-0800: 128.751: [JNI Weak Reference, 0.0000190 secs], 1.5846450 secs], 1.5926870 secs]
 [Times: user=1.10 sys=0.52, real=1.59 secs] 
2016-01-06T01:05:50.097-0800: 128.760: [GC cleanup 2638M->2638M(4096M), 0.0048930 secs]
 [Times: user=0.01 sys=0.00, real=0.01 secs] 
2016-01-06T01:05:50.132-0800: 128.795: [GC pause (young)
Desired survivor size 57147392 bytes, new threshold 15 (max 15)
- age   1:   19168192 bytes,   19168192 total
- age   2:      36864 bytes,   19205056 total
2016-01-06T01:05:50.139-0800: 128.802: [SoftReference, 0 refs, 0.0000400 secs]2016-01-06T01:05:50.139-0800: 128.802: [WeakReference, 0 refs, 0.0000060 secs]2016-01-06T01:05:50.139-0800: 128.802: [FinalReference, 0 refs, 0.0000060 secs]2016-01-06T01:05:50.139-0800: 128.802: [PhantomReference, 0 refs, 26704 refs, 0.0006540 secs]2016-01-06T01:05:50.140-0800: 128.803: [JNI Weak Reference, 0.0000080 secs], 0.0096610 secs]
   [Parallel Time: 6.8 ms, GC Workers: 4]
      [GC Worker Start (ms): Min: 128795.4, Avg: 128795.4, Max: 128795.5, Diff: 0.1]
      [Ext Root Scanning (ms): Min: 0.3, Avg: 0.4, Max: 0.4, Diff: 0.1, Sum: 1.4]
      [Update RS (ms): Min: 0.0, Avg: 0.1, Max: 0.2, Diff: 0.2, Sum: 0.3]
         [Processed Buffers: Min: 0, Avg: 1.0, Max: 2, Diff: 2, Sum: 4]
      [Scan RS (ms): Min: 0.4, Avg: 0.4, Max: 0.4, Diff: 0.1, Sum: 1.6]
      [Code Root Scanning (ms): Min: 0.0, Avg: 0.0, Max: 0.0, Diff: 0.0, Sum: 0.2]
      [Object Copy (ms): Min: 5.7, Avg: 5.7, Max: 5.8, Diff: 0.0, Sum: 23.0]
      [Termination (ms): Min: 0.0, Avg: 0.0, Max: 0.0, Diff: 0.0, Sum: 0.0]
      [GC Worker Other (ms): Min: 0.0, Avg: 0.1, Max: 0.1, Diff: 0.1, Sum: 0.2]
      [GC Worker Total (ms): Min: 6.6, Avg: 6.7, Max: 6.7, Diff: 0.1, Sum: 26.7]
      [GC Worker End (ms): Min: 128802.1, Avg: 128802.1, Max: 128802.1, Diff: 0.0]
   [Code Root Fixup: 0.0 ms]
   [Code Root Migration: 0.1 ms]
   [Clear CT: 0.3 ms]
   [Other: 2.5 ms]
      [Choose CSet: 0.0 ms]
      [Ref Proc: 0.9 ms]
      [Ref Enq: 0.5 ms]
      [Free CSet: 1.0 ms]
   [Eden: 845.0M(845.0M)->0.0B(1692.0M) Survivors: 21.0M->20.0M Heap: 2811.7M(4096.0M)->1966.2M(4096.0M)]
 [Times: user=0.03 sys=0.00, real=0.01 secs] 
2016-01-06T01:05:50.378-0800: 129.040: [GC pause (young)
Desired survivor size 112197632 bytes, new threshold 15 (max 15)
- age   1:   18732952 bytes,   18732952 total
- age   2:      36864 bytes,   18769816 total
2016-01-06T01:05:50.390-0800: 129.053: [SoftReference, 0 refs, 0.0000440 secs]2016-01-06T01:05:50.390-0800: 129.053: [WeakReference, 0 refs, 0.0000070 secs]2016-01-06T01:05:50.390-0800: 129.053: [FinalReference, 0 refs, 0.0000060 secs]2016-01-06T01:05:50.390-0800: 129.053: [PhantomReference, 0 refs, 52960 refs, 0.0015850 secs]2016-01-06T01:05:50.392-0800: 129.055: [JNI Weak Reference, 0.0000080 secs], 0.0179590 secs]
   [Parallel Time: 12.5 ms, GC Workers: 4]
      [GC Worker Start (ms): Min: 129040.5, Avg: 129040.6, Max: 129040.6, Diff: 0.1]
      [Ext Root Scanning (ms): Min: 0.3, Avg: 0.4, Max: 0.4, Diff: 0.1, Sum: 1.5]
      [Update RS (ms): Min: 0.0, Avg: 0.1, Max: 0.2, Diff: 0.2, Sum: 0.2]
         [Processed Buffers: Min: 0, Avg: 1.2, Max: 3, Diff: 3, Sum: 5]
      [Scan RS (ms): Min: 0.7, Avg: 0.8, Max: 0.8, Diff: 0.1, Sum: 3.1]
      [Code Root Scanning (ms): Min: 0.1, Avg: 0.1, Max: 0.1, Diff: 0.0, Sum: 0.4]
      [Object Copy (ms): Min: 10.9, Avg: 10.9, Max: 11.0, Diff: 0.1, Sum: 43.8]
      [Termination (ms): Min: 0.0, Avg: 0.1, Max: 0.1, Diff: 0.1, Sum: 0.4]
      [GC Worker Other (ms): Min: 0.0, Avg: 0.0, Max: 0.0, Diff: 0.0, Sum: 0.1]
      [GC Worker Total (ms): Min: 12.3, Avg: 12.4, Max: 12.4, Diff: 0.1, Sum: 49.4]
      [GC Worker End (ms): Min: 129052.9, Avg: 129052.9, Max: 129052.9, Diff: 0.0]
   [Code Root Fixup: 0.0 ms]
   [Code Root Migration: 0.3 ms]
   [Clear CT: 0.4 ms]
   [Other: 4.8 ms]
      [Choose CSet: 0.0 ms]
      [Ref Proc: 1.8 ms]
      [Ref Enq: 0.9 ms]
      [Free CSet: 2.0 ms]
   [Eden: 1692.0M(1692.0M)->0.0B(1690.0M) Survivors: 20.0M->22.0M Heap: 3658.2M(4096.0M)->1967.7M(4096.0M)]
 [Times: user=0.05 sys=0.00, real=0.01 secs] 
2016-01-06T01:05:50.632-0800: 129.295: [GC pause (young) (initial-mark)
Desired survivor size 112197632 bytes, new threshold 15 (max 15)
- age   1:   20623456 bytes,   20623456 total
- age   2:      36864 bytes,   20660320 total
2016-01-06T01:05:50.645-0800: 129.308: [SoftReference, 0 refs, 0.0000570 secs]2016-01-06T01:05:50.645-0800: 129.308: [WeakReference, 0 refs, 0.0000070 secs]2016-01-06T01:05:50.645-0800: 129.308: [FinalReference, 0 refs, 0.0000060 secs]2016-01-06T01:05:50.645-0800: 129.308: [PhantomReference, 0 refs, 52900 refs, 0.0012370 secs]2016-01-06T01:05:50.646-0800: 129.309: [JNI Weak Reference, 0.0000080 secs], 0.0174670 secs]
   [Parallel Time: 11.6 ms, GC Workers: 4]
      [GC Worker Start (ms): Min: 129295.9, Avg: 129297.0, Max: 129300.2, Diff: 4.3]
      [Ext Root Scanning (ms): Min: 0.0, Avg: 0.3, Max: 0.4, Diff: 0.4, Sum: 1.3]
      [Code Root Marking (ms): Min: 0.1, Avg: 0.2, Max: 0.3, Diff: 0.1, Sum: 0.8]
      [Update RS (ms): Min: 0.0, Avg: 0.0, Max: 0.1, Diff: 0.1, Sum: 0.1]
         [Processed Buffers: Min: 0, Avg: 1.2, Max: 4, Diff: 4, Sum: 5]
      [Scan RS (ms): Min: 0.3, Avg: 0.7, Max: 0.9, Diff: 0.6, Sum: 2.7]
      [Code Root Scanning (ms): Min: 0.0, Avg: 0.1, Max: 0.1, Diff: 0.1, Sum: 0.3]
      [Object Copy (ms): Min: 6.6, Avg: 8.9, Max: 9.8, Diff: 3.2, Sum: 35.8]
      [Termination (ms): Min: 0.0, Avg: 0.0, Max: 0.0, Diff: 0.0, Sum: 0.0]
      [GC Worker Other (ms): Min: 0.0, Avg: 0.1, Max: 0.1, Diff: 0.1, Sum: 0.3]
      [GC Worker Total (ms): Min: 7.1, Avg: 10.4, Max: 11.5, Diff: 4.4, Sum: 41.4]
      [GC Worker End (ms): Min: 129307.3, Avg: 129307.4, Max: 129307.4, Diff: 0.1]
   [Code Root Fixup: 0.0 ms]
   [Code Root Migration: 0.2 ms]
   [Clear CT: 0.4 ms]
   [Other: 5.2 ms]
      [Choose CSet: 0.0 ms]
      [Ref Proc: 1.5 ms]
      [Ref Enq: 0.9 ms]
      [Free CSet: 2.0 ms]
   [Eden: 1690.0M(1690.0M)->0.0B(1691.0M) Survivors: 22.0M->22.0M Heap: 3657.7M(4096.0M)->1967.7M(4096.0M)]
 [Times: user=0.05 sys=0.00, real=0.02 secs] 
2016-01-06T01:05:50.650-0800: 129.313: [GC concurrent-root-region-scan-start]
2016-01-06T01:05:50.658-0800: 129.321: [GC concurrent-root-region-scan-end, 0.0078050 secs]
2016-01-06T01:05:50.658-0800: 129.321: [GC concurrent-mark-start]
2016-01-06T01:05:51.270-0800: 129.933: [GC pause (young)
Desired survivor size 112721920 bytes, new threshold 15 (max 15)
- age   1:   20618992 bytes,   20618992 total
- age   2:      36864 bytes,   20655856 total
2016-01-06T01:05:51.296-0800: 129.959: [SoftReference, 0 refs, 0.0000450 secs]2016-01-06T01:05:51.296-0800: 129.959: [WeakReference, 0 refs, 0.0000060 secs]2016-01-06T01:05:51.296-0800: 129.959: [FinalReference, 0 refs, 0.0000050 secs]2016-01-06T01:05:51.296-0800: 129.959: [PhantomReference, 0 refs, 52931 refs, 0.0016270 secs]2016-01-06T01:05:51.298-0800: 129.961: [JNI Weak Reference, 0.0000090 secs], 0.0333000 secs]
   [Parallel Time: 22.6 ms, GC Workers: 4]
      [GC Worker Start (ms): Min: 129933.0, Avg: 129933.1, Max: 129933.1, Diff: 0.1]
      [Ext Root Scanning (ms): Min: 0.3, Avg: 0.4, Max: 0.4, Diff: 0.1, Sum: 1.4]
      [SATB Filtering (ms): Min: 0.0, Avg: 0.0, Max: 0.0, Diff: 0.0, Sum: 0.0]
      [Update RS (ms): Min: 10.6, Avg: 10.8, Max: 11.0, Diff: 0.4, Sum: 43.4]
         [Processed Buffers: Min: 16, Avg: 16.0, Max: 16, Diff: 0, Sum: 64]
      [Scan RS (ms): Min: 0.6, Avg: 0.7, Max: 0.9, Diff: 0.3, Sum: 2.9]
      [Code Root Scanning (ms): Min: 0.1, Avg: 0.1, Max: 0.1, Diff: 0.0, Sum: 0.3]
      [Object Copy (ms): Min: 10.4, Avg: 10.4, Max: 10.4, Diff: 0.0, Sum: 41.7]
      [Termination (ms): Min: 0.0, Avg: 0.0, Max: 0.0, Diff: 0.0, Sum: 0.0]
      [GC Worker Other (ms): Min: 0.0, Avg: 0.1, Max: 0.1, Diff: 0.1, Sum: 0.2]
      [GC Worker Total (ms): Min: 22.5, Avg: 22.5, Max: 22.5, Diff: 0.1, Sum: 90.0]
      [GC Worker End (ms): Min: 129955.5, Avg: 129955.6, Max: 129955.6, Diff: 0.1]
   [Code Root Fixup: 0.0 ms]
   [Code Root Migration: 0.2 ms]
   [Clear CT: 0.5 ms]
   [Other: 10.0 ms]
      [Choose CSet: 0.0 ms]
      [Ref Proc: 5.4 ms]
      [Ref Enq: 2.5 ms]
      [Free CSet: 2.0 ms]
   [Eden: 1691.0M(1691.0M)->0.0B(1692.0M) Survivors: 22.0M->22.0M Heap: 3658.7M(4096.0M)->1967.7M(4096.0M)]
 [Times: user=0.11 sys=0.00, real=0.03 secs] 
2016-01-06T01:05:51.559-0800: 130.222: [GC pause (young)
Desired survivor size 112721920 bytes, new threshold 15 (max 15)
- age   1:   20621224 bytes,   20621224 total
- age   2:      36864 bytes,   20658088 total
2016-01-06T01:05:51.609-0800: 130.272: [SoftReference, 0 refs, 0.0000520 secs]2016-01-06T01:05:51.609-0800: 130.272: [WeakReference, 0 refs, 0.0000070 secs]2016-01-06T01:05:51.609-0800: 130.272: [FinalReference, 0 refs, 0.0000060 secs]2016-01-06T01:05:51.609-0800: 130.272: [PhantomReference, 0 refs, 52963 refs, 0.0017990 secs]2016-01-06T01:05:51.611-0800: 130.274: [JNI Weak Reference, 0.0000250 secs], 0.0575830 secs]
   [Parallel Time: 34.8 ms, GC Workers: 4]
      [GC Worker Start (ms): Min: 130221.6, Avg: 130222.1, Max: 130223.6, Diff: 1.9]
      [Ext Root Scanning (ms): Min: 0.0, Avg: 0.3, Max: 0.5, Diff: 0.5, Sum: 1.3]
      [SATB Filtering (ms): Min: 0.0, Avg: 0.0, Max: 0.0, Diff: 0.0, Sum: 0.0]
      [Update RS (ms): Min: 21.4, Avg: 22.7, Max: 23.4, Diff: 1.9, Sum: 90.7]
         [Processed Buffers: Min: 27, Avg: 31.5, Max: 36, Diff: 9, Sum: 126]
      [Scan RS (ms): Min: 0.5, Avg: 0.8, Max: 0.9, Diff: 0.4, Sum: 3.1]
      [Code Root Scanning (ms): Min: 0.1, Avg: 0.1, Max: 0.1, Diff: 0.1, Sum: 0.3]
      [Object Copy (ms): Min: 10.2, Avg: 10.2, Max: 10.2, Diff: 0.0, Sum: 40.9]
      [Termination (ms): Min: 0.0, Avg: 0.0, Max: 0.0, Diff: 0.0, Sum: 0.0]
      [GC Worker Other (ms): Min: 0.0, Avg: 0.1, Max: 0.1, Diff: 0.1, Sum: 0.3]
      [GC Worker Total (ms): Min: 32.7, Avg: 34.2, Max: 34.7, Diff: 2.0, Sum: 136.6]
      [GC Worker End (ms): Min: 130256.2, Avg: 130256.3, Max: 130256.3, Diff: 0.1]
   [Code Root Fixup: 0.0 ms]
   [Code Root Migration: 0.2 ms]
   [Clear CT: 0.4 ms]
   [Other: 22.2 ms]
      [Choose CSet: 0.0 ms]
      [Ref Proc: 17.8 ms]
      [Ref Enq: 2.4 ms]
      [Free CSet: 1.9 ms]
   [Eden: 1692.0M(1692.0M)->0.0B(1692.0M) Survivors: 22.0M->22.0M Heap: 3659.7M(4096.0M)->1968.2M(4096.0M)]
 [Times: user=0.20 sys=0.00, real=0.05 secs] 
2016-01-06T01:05:51.875-0800: 130.538: [GC pause (young)
Desired survivor size 112721920 bytes, new threshold 15 (max 15)
- age   1:   20623456 bytes,   20623456 total
- age   2:      36864 bytes,   20660320 total
2016-01-06T01:05:51.927-0800: 130.590: [SoftReference, 0 refs, 0.0000430 secs]2016-01-06T01:05:51.927-0800: 130.590: [WeakReference, 0 refs, 0.0000070 secs]2016-01-06T01:05:51.927-0800: 130.590: [FinalReference, 0 refs, 0.0000060 secs]2016-01-06T01:05:51.927-0800: 130.590: [PhantomReference, 0 refs, 52962 refs, 0.0017930 secs]2016-01-06T01:05:51.929-0800: 130.592: [JNI Weak Reference, 0.0000080 secs], 0.0594870 secs]
   [Parallel Time: 27.7 ms, GC Workers: 4]
      [GC Worker Start (ms): Min: 130537.7, Avg: 130537.7, Max: 130537.7, Diff: 0.1]
      [Ext Root Scanning (ms): Min: 0.3, Avg: 0.4, Max: 0.4, Diff: 0.1, Sum: 1.5]
      [SATB Filtering (ms): Min: 0.0, Avg: 0.0, Max: 0.0, Diff: 0.0, Sum: 0.0]
      [Update RS (ms): Min: 15.4, Avg: 15.6, Max: 15.8, Diff: 0.4, Sum: 62.5]
         [Processed Buffers: Min: 21, Avg: 21.8, Max: 23, Diff: 2, Sum: 87]
      [Scan RS (ms): Min: 0.6, Avg: 0.8, Max: 1.0, Diff: 0.4, Sum: 3.1]
      [Code Root Scanning (ms): Min: 0.1, Avg: 0.1, Max: 0.1, Diff: 0.0, Sum: 0.3]
      [Object Copy (ms): Min: 10.7, Avg: 10.7, Max: 10.7, Diff: 0.1, Sum: 42.8]
      [Termination (ms): Min: 0.0, Avg: 0.0, Max: 0.0, Diff: 0.0, Sum: 0.0]
      [GC Worker Other (ms): Min: 0.0, Avg: 0.1, Max: 0.1, Diff: 0.0, Sum: 0.2]
      [GC Worker Total (ms): Min: 27.5, Avg: 27.6, Max: 27.6, Diff: 0.1, Sum: 110.4]
      [GC Worker End (ms): Min: 130565.3, Avg: 130565.3, Max: 130565.3, Diff: 0.0]
   [Code Root Fixup: 0.0 ms]
   [Code Root Migration: 0.2 ms]
   [Clear CT: 0.4 ms]
   [Other: 31.1 ms]
      [Choose CSet: 0.0 ms]
      [Ref Proc: 26.7 ms]
      [Ref Enq: 2.5 ms]
      [Free CSet: 1.9 ms]
   [Eden: 1692.0M(1692.0M)->0.0B(1693.0M) Survivors: 22.0M->22.0M Heap: 3660.2M(4096.0M)->1968.2M(4096.0M)]
 [Times: user=0.21 sys=0.00, real=0.06 secs] 
2016-01-06T01:05:52.175-0800: 130.838: [GC pause (young)
Desired survivor size 112721920 bytes, new threshold 15 (max 15)
- age   1:   20623456 bytes,   20623456 total
- age   2:      36864 bytes,   20660320 total
2016-01-06T01:05:52.283-0800: 130.946: [SoftReference, 0 refs, 0.0000440 secs]2016-01-06T01:05:52.283-0800: 130.946: [WeakReference, 0 refs, 0.0000070 secs]2016-01-06T01:05:52.283-0800: 130.946: [FinalReference, 0 refs, 0.0000060 secs]2016-01-06T01:05:52.283-0800: 130.946: [PhantomReference, 0 refs, 52991 refs, 0.0019210 secs]2016-01-06T01:05:52.285-0800: 130.948: [JNI Weak Reference, 0.0000080 secs], 0.1145050 secs]
   [Parallel Time: 49.6 ms, GC Workers: 4]
      [GC Worker Start (ms): Min: 130838.4, Avg: 130838.8, Max: 130839.9, Diff: 1.5]
      [Ext Root Scanning (ms): Min: 0.0, Avg: 0.3, Max: 0.5, Diff: 0.5, Sum: 1.3]
      [SATB Filtering (ms): Min: 0.0, Avg: 0.0, Max: 0.0, Diff: 0.0, Sum: 0.0]
      [Update RS (ms): Min: 16.8, Avg: 17.8, Max: 18.5, Diff: 1.7, Sum: 71.1]
         [Processed Buffers: Min: 25, Avg: 25.5, Max: 26, Diff: 1, Sum: 102]
      [Scan RS (ms): Min: 0.4, Avg: 0.8, Max: 1.0, Diff: 0.5, Sum: 3.2]
      [Code Root Scanning (ms): Min: 0.0, Avg: 0.1, Max: 0.1, Diff: 0.1, Sum: 0.3]
      [Object Copy (ms): Min: 14.8, Avg: 18.7, Max: 30.1, Diff: 15.3, Sum: 74.9]
      [Termination (ms): Min: 0.0, Avg: 11.4, Max: 15.3, Diff: 15.3, Sum: 45.6]
      [GC Worker Other (ms): Min: 0.0, Avg: 0.0, Max: 0.0, Diff: 0.0, Sum: 0.1]
      [GC Worker Total (ms): Min: 48.0, Avg: 49.1, Max: 49.5, Diff: 1.5, Sum: 196.5]
      [GC Worker End (ms): Min: 130887.9, Avg: 130887.9, Max: 130887.9, Diff: 0.0]
   [Code Root Fixup: 0.0 ms]
   [Code Root Migration: 0.2 ms]
   [Clear CT: 0.6 ms]
   [Other: 64.0 ms]
      [Choose CSet: 0.0 ms]
      [Ref Proc: 59.5 ms]
      [Ref Enq: 2.4 ms]
      [Free CSet: 1.9 ms]
   [Eden: 1693.0M(1693.0M)->0.0B(1693.0M) Survivors: 22.0M->22.0M Heap: 3661.2M(4096.0M)->1968.2M(4096.0M)]
 [Times: user=0.37 sys=0.00, real=0.12 secs] 
2016-01-06T01:05:52.545-0800: 131.208: [GC pause (young)
Desired survivor size 112721920 bytes, new threshold 15 (max 15)
- age   1:   20625688 bytes,   20625688 total
- age   2:      36864 bytes,   20662552 total
2016-01-06T01:05:52.634-0800: 131.297: [SoftReference, 0 refs, 0.0000500 secs]2016-01-06T01:05:52.634-0800: 131.297: [WeakReference, 0 refs, 0.0000070 secs]2016-01-06T01:05:52.634-0800: 131.297: [FinalReference, 0 refs, 0.0000050 secs]2016-01-06T01:05:52.634-0800: 131.297: [PhantomReference, 0 refs, 52993 refs, 0.0018750 secs]2016-01-06T01:05:52.636-0800: 131.299: [JNI Weak Reference, 0.0000080 secs], 0.0961940 secs]
   [Parallel Time: 30.7 ms, GC Workers: 4]
      [GC Worker Start (ms): Min: 131207.7, Avg: 131207.8, Max: 131207.9, Diff: 0.2]
      [Ext Root Scanning (ms): Min: 0.2, Avg: 0.4, Max: 0.4, Diff: 0.2, Sum: 1.4]
      [SATB Filtering (ms): Min: 0.0, Avg: 0.0, Max: 0.0, Diff: 0.0, Sum: 0.0]
      [Update RS (ms): Min: 18.2, Avg: 18.4, Max: 18.5, Diff: 0.3, Sum: 73.4]
         [Processed Buffers: Min: 25, Avg: 25.8, Max: 27, Diff: 2, Sum: 103]
      [Scan RS (ms): Min: 0.7, Avg: 0.8, Max: 0.9, Diff: 0.2, Sum: 3.3]
      [Code Root Scanning (ms): Min: 0.1, Avg: 0.1, Max: 0.1, Diff: 0.0, Sum: 0.3]
      [Object Copy (ms): Min: 10.8, Avg: 10.8, Max: 10.9, Diff: 0.1, Sum: 43.3]
      [Termination (ms): Min: 0.0, Avg: 0.0, Max: 0.0, Diff: 0.0, Sum: 0.0]
      [GC Worker Other (ms): Min: 0.0, Avg: 0.1, Max: 0.1, Diff: 0.1, Sum: 0.3]
      [GC Worker Total (ms): Min: 30.4, Avg: 30.5, Max: 30.6, Diff: 0.3, Sum: 122.1]
      [GC Worker End (ms): Min: 131238.2, Avg: 131238.3, Max: 131238.3, Diff: 0.1]
   [Code Root Fixup: 0.0 ms]
   [Code Root Migration: 0.2 ms]
   [Clear CT: 0.4 ms]
   [Other: 64.8 ms]
      [Choose CSet: 0.0 ms]
      [Ref Proc: 60.3 ms]
      [Ref Enq: 2.4 ms]
      [Free CSet: 2.0 ms]
   [Eden: 1693.0M(1693.0M)->0.0B(1693.0M) Survivors: 22.0M->22.0M Heap: 3661.2M(4096.0M)->1968.2M(4096.0M)]
 [Times: user=0.35 sys=0.00, real=0.10 secs] 
2016-01-06T01:05:52.903-0800: 131.566: [GC pause (young)
Desired survivor size 112721920 bytes, new threshold 15 (max 15)
- age   1:   20625688 bytes,   20625688 total
- age   2:      36864 bytes,   20662552 total
2016-01-06T01:05:53.003-0800: 131.666: [SoftReference, 0 refs, 0.0000450 secs]2016-01-06T01:05:53.003-0800: 131.666: [WeakReference, 0 refs, 0.0000060 secs]2016-01-06T01:05:53.003-0800: 131.666: [FinalReference, 0 refs, 0.0000060 secs]2016-01-06T01:05:53.003-0800: 131.666: [PhantomReference, 0 refs, 52992 refs, 0.0019270 secs]2016-01-06T01:05:53.005-0800: 131.668: [JNI Weak Reference, 0.0000080 secs], 0.1076900 secs]
   [Parallel Time: 31.2 ms, GC Workers: 4]
      [GC Worker Start (ms): Min: 131565.7, Avg: 131566.1, Max: 131567.3, Diff: 1.6]
      [Ext Root Scanning (ms): Min: 0.0, Avg: 0.3, Max: 0.5, Diff: 0.5, Sum: 1.3]
      [SATB Filtering (ms): Min: 0.0, Avg: 0.0, Max: 0.0, Diff: 0.0, Sum: 0.0]
      [Update RS (ms): Min: 17.6, Avg: 18.3, Max: 18.6, Diff: 1.0, Sum: 73.1]
         [Processed Buffers: Min: 25, Avg: 25.5, Max: 26, Diff: 1, Sum: 102]
      [Scan RS (ms): Min: 0.6, Avg: 0.8, Max: 0.9, Diff: 0.3, Sum: 3.2]
      [Code Root Scanning (ms): Min: 0.1, Avg: 0.1, Max: 0.1, Diff: 0.0, Sum: 0.3]
      [Object Copy (ms): Min: 11.1, Avg: 11.1, Max: 11.2, Diff: 0.1, Sum: 44.5]
      [Termination (ms): Min: 0.0, Avg: 0.0, Max: 0.0, Diff: 0.0, Sum: 0.0]
      [GC Worker Other (ms): Min: 0.0, Avg: 0.1, Max: 0.1, Diff: 0.1, Sum: 0.3]
      [GC Worker Total (ms): Min: 29.4, Avg: 30.7, Max: 31.1, Diff: 1.7, Sum: 122.7]
      [GC Worker End (ms): Min: 131596.8, Avg: 131596.8, Max: 131596.8, Diff: 0.1]
   [Code Root Fixup: 0.0 ms]
   [Code Root Migration: 0.2 ms]
   [Clear CT: 0.4 ms]
   [Other: 75.8 ms]
      [Choose CSet: 0.0 ms]
      [Ref Proc: 71.3 ms]
      [Ref Enq: 2.4 ms]
      [Free CSet: 2.0 ms]
   [Eden: 1693.0M(1693.0M)->0.0B(1693.0M) Survivors: 22.0M->22.0M Heap: 3661.2M(4096.0M)->1968.2M(4096.0M)]
 [Times: user=0.39 sys=0.00, real=0.11 secs] 
2016-01-06T01:05:53.253-0800: 131.916: [GC pause (young)
Desired survivor size 112721920 bytes, new threshold 15 (max 15)
- age   1:   20625688 bytes,   20625688 total
- age   2:      36864 bytes,   20662552 total
2016-01-06T01:05:53.380-0800: 132.043: [SoftReference, 0 refs, 0.0000550 secs]2016-01-06T01:05:53.380-0800: 132.043: [WeakReference, 0 refs, 0.0000080 secs]2016-01-06T01:05:53.380-0800: 132.043: [FinalReference, 0 refs, 0.0000060 secs]2016-01-06T01:05:53.380-0800: 132.043: [PhantomReference, 0 refs, 52993 refs, 0.0017730 secs]2016-01-06T01:05:53.382-0800: 132.045: [JNI Weak Reference, 0.0000070 secs], 0.1345400 secs]
   [Parallel Time: 40.6 ms, GC Workers: 4]
      [GC Worker Start (ms): Min: 131915.8, Avg: 131915.8, Max: 131916.0, Diff: 0.2]
      [Ext Root Scanning (ms): Min: 0.3, Avg: 0.4, Max: 0.4, Diff: 0.2, Sum: 1.5]
      [SATB Filtering (ms): Min: 0.0, Avg: 0.0, Max: 0.0, Diff: 0.0, Sum: 0.0]
      [Update RS (ms): Min: 28.9, Avg: 29.0, Max: 29.0, Diff: 0.2, Sum: 115.9]
         [Processed Buffers: Min: 39, Avg: 40.0, Max: 41, Diff: 2, Sum: 160]
      [Scan RS (ms): Min: 0.7, Avg: 0.8, Max: 0.9, Diff: 0.2, Sum: 3.1]
      [Code Root Scanning (ms): Min: 0.1, Avg: 0.1, Max: 0.1, Diff: 0.0, Sum: 0.3]
      [Object Copy (ms): Min: 10.2, Avg: 10.2, Max: 10.2, Diff: 0.1, Sum: 40.8]
      [Termination (ms): Min: 0.0, Avg: 0.0, Max: 0.0, Diff: 0.0, Sum: 0.0]
      [GC Worker Other (ms): Min: 0.0, Avg: 0.1, Max: 0.1, Diff: 0.1, Sum: 0.3]
      [GC Worker Total (ms): Min: 40.3, Avg: 40.5, Max: 40.5, Diff: 0.2, Sum: 161.9]
      [GC Worker End (ms): Min: 131956.3, Avg: 131956.3, Max: 131956.3, Diff: 0.1]
   [Code Root Fixup: 0.0 ms]
   [Code Root Migration: 0.2 ms]
   [Clear CT: 0.5 ms]
   [Other: 93.2 ms]
      [Choose CSet: 0.0 ms]
      [Ref Proc: 88.8 ms]
      [Ref Enq: 2.4 ms]
      [Free CSet: 1.9 ms]
   [Eden: 1693.0M(1693.0M)->0.0B(1694.0M) Survivors: 22.0M->22.0M Heap: 3661.2M(4096.0M)->1968.2M(4096.0M)]
 [Times: user=0.51 sys=0.00, real=0.14 secs] 
2016-01-06T01:05:53.640-0800: 132.303: [GC pause (young)
Desired survivor size 112721920 bytes, new threshold 15 (max 15)
- age   1:   20625688 bytes,   20625688 total
- age   2:      36864 bytes,   20662552 total
2016-01-06T01:05:53.777-0800: 132.440: [SoftReference, 0 refs, 0.0000450 secs]2016-01-06T01:05:53.777-0800: 132.440: [WeakReference, 0 refs, 0.0000060 secs]2016-01-06T01:05:53.777-0800: 132.440: [FinalReference, 0 refs, 0.0000060 secs]2016-01-06T01:05:53.777-0800: 132.440: [PhantomReference, 0 refs, 53025 refs, 0.0017880 secs]2016-01-06T01:05:53.779-0800: 132.442: [JNI Weak Reference, 0.0000070 secs], 0.1442670 secs]
   [Parallel Time: 37.2 ms, GC Workers: 4]
      [GC Worker Start (ms): Min: 132302.7, Avg: 132303.0, Max: 132303.9, Diff: 1.2]
      [Ext Root Scanning (ms): Min: 0.0, Avg: 0.3, Max: 0.5, Diff: 0.5, Sum: 1.3]
      [SATB Filtering (ms): Min: 0.0, Avg: 0.0, Max: 0.0, Diff: 0.0, Sum: 0.0]
      [Update RS (ms): Min: 24.2, Avg: 24.7, Max: 25.0, Diff: 0.8, Sum: 98.6]
         [Processed Buffers: Min: 32, Avg: 33.5, Max: 35, Diff: 3, Sum: 134]
      [Scan RS (ms): Min: 0.6, Avg: 0.8, Max: 1.0, Diff: 0.5, Sum: 3.1]
      [Code Root Scanning (ms): Min: 0.1, Avg: 0.1, Max: 0.1, Diff: 0.0, Sum: 0.3]
      [Object Copy (ms): Min: 10.8, Avg: 10.8, Max: 10.9, Diff: 0.1, Sum: 43.4]
      [Termination (ms): Min: 0.0, Avg: 0.0, Max: 0.0, Diff: 0.0, Sum: 0.0]
      [GC Worker Other (ms): Min: 0.0, Avg: 0.1, Max: 0.1, Diff: 0.0, Sum: 0.3]
      [GC Worker Total (ms): Min: 35.8, Avg: 36.8, Max: 37.1, Diff: 1.2, Sum: 147.0]
      [GC Worker End (ms): Min: 132339.7, Avg: 132339.8, Max: 132339.8, Diff: 0.1]
   [Code Root Fixup: 0.0 ms]
   [Code Root Migration: 0.2 ms]
   [Clear CT: 0.5 ms]
   [Other: 106.4 ms]
      [Choose CSet: 0.0 ms]
      [Ref Proc: 101.9 ms]
      [Ref Enq: 2.4 ms]
      [Free CSet: 1.9 ms]
   [Eden: 1694.0M(1694.0M)->0.0B(1694.0M) Survivors: 22.0M->22.0M Heap: 3662.2M(4096.0M)->1967.7M(4096.0M)]
 [Times: user=0.52 sys=0.01, real=0.14 secs] 
2016-01-06T01:05:54.036-0800: 132.699: [GC pause (young)
Desired survivor size 112721920 bytes, new threshold 15 (max 15)
- age   1:   20627920 bytes,   20627920 total
- age   2:      36864 bytes,   20664784 total
2016-01-06T01:05:54.188-0800: 132.851: [SoftReference, 0 refs, 0.0000540 secs]2016-01-06T01:05:54.188-0800: 132.851: [WeakReference, 0 refs, 0.0000070 secs]2016-01-06T01:05:54.188-0800: 132.851: [FinalReference, 0 refs, 0.0000050 secs]2016-01-06T01:05:54.188-0800: 132.851: [PhantomReference, 0 refs, 53025 refs, 0.0018350 secs]2016-01-06T01:05:54.190-0800: 132.853: [JNI Weak Reference, 0.0000080 secs], 0.1591140 secs]
   [Parallel Time: 32.1 ms, GC Workers: 4]
      [GC Worker Start (ms): Min: 132699.0, Avg: 132699.0, Max: 132699.0, Diff: 0.1]
      [Ext Root Scanning (ms): Min: 0.3, Avg: 0.4, Max: 0.4, Diff: 0.1, Sum: 1.4]
      [SATB Filtering (ms): Min: 0.0, Avg: 0.0, Max: 0.0, Diff: 0.0, Sum: 0.0]
      [Update RS (ms): Min: 19.5, Avg: 19.7, Max: 19.9, Diff: 0.3, Sum: 78.8]
         [Processed Buffers: Min: 27, Avg: 27.5, Max: 28, Diff: 1, Sum: 110]
      [Scan RS (ms): Min: 0.7, Avg: 0.8, Max: 1.0, Diff: 0.3, Sum: 3.2]
      [Code Root Scanning (ms): Min: 0.1, Avg: 0.1, Max: 0.1, Diff: 0.0, Sum: 0.4]
      [Object Copy (ms): Min: 10.9, Avg: 11.0, Max: 11.0, Diff: 0.1, Sum: 43.9]
      [Termination (ms): Min: 0.0, Avg: 0.0, Max: 0.0, Diff: 0.0, Sum: 0.0]
      [GC Worker Other (ms): Min: 0.0, Avg: 0.1, Max: 0.1, Diff: 0.0, Sum: 0.3]
      [GC Worker Total (ms): Min: 32.0, Avg: 32.0, Max: 32.0, Diff: 0.1, Sum: 128.0]
      [GC Worker End (ms): Min: 132731.0, Avg: 132731.0, Max: 132731.0, Diff: 0.0]
   [Code Root Fixup: 0.0 ms]
   [Code Root Migration: 0.2 ms]
   [Clear CT: 0.5 ms]
   [Other: 126.3 ms]
      [Choose CSet: 0.0 ms]
      [Ref Proc: 121.7 ms]
      [Ref Enq: 2.4 ms]
      [Free CSet: 2.1 ms]
   [Eden: 1694.0M(1694.0M)->0.0B(1694.0M) Survivors: 22.0M->22.0M Heap: 3661.7M(4096.0M)->1968.2M(4096.0M)]
 [Times: user=0.60 sys=0.00, real=0.16 secs] 
2016-01-06T01:05:54.458-0800: 133.121: [GC pause (young)
Desired survivor size 112721920 bytes, new threshold 15 (max 15)
- age   1:   20627920 bytes,   20627920 total
- age   2:      36864 bytes,   20664784 total
2016-01-06T01:05:54.609-0800: 133.272: [SoftReference, 0 refs, 0.0000610 secs]2016-01-06T01:05:54.609-0800: 133.272: [WeakReference, 0 refs, 0.0000080 secs]2016-01-06T01:05:54.609-0800: 133.272: [FinalReference, 0 refs, 0.0000050 secs]2016-01-06T01:05:54.609-0800: 133.272: [PhantomReference, 0 refs, 53024 refs, 0.0018700 secs]2016-01-06T01:05:54.611-0800: 133.274: [JNI Weak Reference, 0.0000090 secs], 0.1588750 secs]
   [Parallel Time: 33.2 ms, GC Workers: 4]
      [GC Worker Start (ms): Min: 133120.6, Avg: 133120.6, Max: 133120.7, Diff: 0.1]
      [Ext Root Scanning (ms): Min: 0.2, Avg: 0.4, Max: 0.4, Diff: 0.2, Sum: 1.4]
      [SATB Filtering (ms): Min: 0.0, Avg: 0.0, Max: 0.0, Diff: 0.0, Sum: 0.0]
      [Update RS (ms): Min: 21.2, Avg: 21.8, Max: 22.6, Diff: 1.4, Sum: 87.1]
         [Processed Buffers: Min: 13, Avg: 24.5, Max: 29, Diff: 16, Sum: 98]
      [Scan RS (ms): Min: 0.2, Avg: 0.8, Max: 1.2, Diff: 1.1, Sum: 3.1]
      [Code Root Scanning (ms): Min: 0.0, Avg: 0.1, Max: 0.2, Diff: 0.2, Sum: 0.3]
      [Object Copy (ms): Min: 9.8, Avg: 10.0, Max: 10.0, Diff: 0.2, Sum: 39.8]
      [Termination (ms): Min: 0.0, Avg: 0.0, Max: 0.0, Diff: 0.0, Sum: 0.0]
      [GC Worker Other (ms): Min: 0.0, Avg: 0.1, Max: 0.1, Diff: 0.0, Sum: 0.2]
      [GC Worker Total (ms): Min: 33.0, Avg: 33.0, Max: 33.0, Diff: 0.1, Sum: 132.1]
      [GC Worker End (ms): Min: 133153.6, Avg: 133153.7, Max: 133153.7, Diff: 0.1]
   [Code Root Fixup: 0.0 ms]
   [Code Root Migration: 0.2 ms]
   [Clear CT: 0.4 ms]
   [Other: 125.0 ms]
      [Choose CSet: 0.0 ms]
      [Ref Proc: 120.4 ms]
      [Ref Enq: 2.4 ms]
      [Free CSet: 2.1 ms]
   [Eden: 1694.0M(1694.0M)->0.0B(1694.0M) Survivors: 22.0M->22.0M Heap: 3662.2M(4096.0M)->1967.7M(4096.0M)]
 [Times: user=0.58 sys=0.00, real=0.15 secs] 
2016-01-06T01:05:54.859-0800: 133.522: [GC pause (young)
Desired survivor size 112721920 bytes, new threshold 15 (max 15)
- age   1:   20627920 bytes,   20627920 total
- age   2:      36864 bytes,   20664784 total
2016-01-06T01:05:55.038-0800: 133.701: [SoftReference, 0 refs, 0.0000450 secs]2016-01-06T01:05:55.038-0800: 133.701: [WeakReference, 0 refs, 0.0000060 secs]2016-01-06T01:05:55.038-0800: 133.701: [FinalReference, 0 refs, 0.0000060 secs]2016-01-06T01:05:55.038-0800: 133.701: [PhantomReference, 0 refs, 53024 refs, 0.0017620 secs]2016-01-06T01:05:55.040-0800: 133.703: [JNI Weak Reference, 0.0000070 secs], 0.1862360 secs]
   [Parallel Time: 38.4 ms, GC Workers: 4]
      [GC Worker Start (ms): Min: 133521.9, Avg: 133523.5, Max: 133528.0, Diff: 6.0]
      [Ext Root Scanning (ms): Min: 0.0, Avg: 0.3, Max: 0.5, Diff: 0.5, Sum: 1.3]
      [SATB Filtering (ms): Min: 0.0, Avg: 0.0, Max: 0.0, Diff: 0.0, Sum: 0.0]
      [Update RS (ms): Min: 16.3, Avg: 20.1, Max: 21.4, Diff: 5.2, Sum: 80.4]
         [Processed Buffers: Min: 9, Avg: 22.8, Max: 33, Diff: 24, Sum: 91]
      [Scan RS (ms): Min: 0.7, Avg: 4.9, Max: 16.4, Diff: 15.7, Sum: 19.5]
      [Code Root Scanning (ms): Min: 0.0, Avg: 0.1, Max: 0.1, Diff: 0.1, Sum: 0.3]
      [Object Copy (ms): Min: 0.0, Avg: 8.8, Max: 11.7, Diff: 11.7, Sum: 35.2]
      [Termination (ms): Min: 0.0, Avg: 2.7, Max: 3.6, Diff: 3.6, Sum: 10.7]
      [GC Worker Other (ms): Min: 0.0, Avg: 0.0, Max: 0.0, Diff: 0.0, Sum: 0.1]
      [GC Worker Total (ms): Min: 32.3, Avg: 36.8, Max: 38.4, Diff: 6.0, Sum: 147.3]
      [GC Worker End (ms): Min: 133560.3, Avg: 133560.3, Max: 133560.3, Diff: 0.0]
   [Code Root Fixup: 0.0 ms]
   [Code Root Migration: 0.2 ms]
   [Clear CT: 0.4 ms]
   [Other: 147.2 ms]
      [Choose CSet: 0.0 ms]
      [Ref Proc: 142.8 ms]
      [Ref Enq: 2.4 ms]
      [Free CSet: 1.9 ms]
   [Eden: 1694.0M(1694.0M)->0.0B(1694.0M) Survivors: 22.0M->22.0M Heap: 3661.7M(4096.0M)->1968.2M(4096.0M)]
 [Times: user=0.66 sys=0.00, real=0.19 secs] 
2016-01-06T01:05:55.288-0800: 133.951: [GC pause (young)
Desired survivor size 112721920 bytes, new threshold 15 (max 15)
- age   1:   20627920 bytes,   20627920 total
- age   2:      36864 bytes,   20664784 total
2016-01-06T01:05:55.480-0800: 134.143: [SoftReference, 0 refs, 0.0000480 secs]2016-01-06T01:05:55.480-0800: 134.143: [WeakReference, 0 refs, 0.0000070 secs]2016-01-06T01:05:55.480-0800: 134.143: [FinalReference, 0 refs, 0.0000060 secs]2016-01-06T01:05:55.480-0800: 134.143: [PhantomReference, 0 refs, 53022 refs, 0.0018250 secs]2016-01-06T01:05:55.482-0800: 134.145: [JNI Weak Reference, 0.0000090 secs], 0.1987130 secs]
   [Parallel Time: 34.5 ms, GC Workers: 4]
      [GC Worker Start (ms): Min: 133951.2, Avg: 133951.4, Max: 133952.0, Diff: 0.7]
      [Ext Root Scanning (ms): Min: 0.0, Avg: 0.3, Max: 0.5, Diff: 0.5, Sum: 1.3]
      [SATB Filtering (ms): Min: 0.0, Avg: 0.0, Max: 0.0, Diff: 0.0, Sum: 0.0]
      [Update RS (ms): Min: 21.9, Avg: 22.3, Max: 22.9, Diff: 1.0, Sum: 89.4]
         [Processed Buffers: Min: 16, Avg: 27.5, Max: 33, Diff: 17, Sum: 110]
      [Scan RS (ms): Min: 0.4, Avg: 0.8, Max: 1.0, Diff: 0.6, Sum: 3.1]
      [Code Root Scanning (ms): Min: 0.0, Avg: 0.1, Max: 0.1, Diff: 0.1, Sum: 0.4]
      [Object Copy (ms): Min: 10.5, Avg: 10.6, Max: 10.6, Diff: 0.1, Sum: 42.3]
      [Termination (ms): Min: 0.0, Avg: 0.0, Max: 0.0, Diff: 0.0, Sum: 0.0]
      [GC Worker Other (ms): Min: 0.0, Avg: 0.1, Max: 0.1, Diff: 0.1, Sum: 0.2]
      [GC Worker Total (ms): Min: 33.7, Avg: 34.2, Max: 34.4, Diff: 0.7, Sum: 136.8]
      [GC Worker End (ms): Min: 133985.6, Avg: 133985.6, Max: 133985.6, Diff: 0.1]
   [Code Root Fixup: 0.0 ms]
   [Code Root Migration: 0.2 ms]
   [Clear CT: 0.5 ms]
   [Other: 163.5 ms]
      [Choose CSet: 0.0 ms]
      [Ref Proc: 159.1 ms]
      [Ref Enq: 2.4 ms]
      [Free CSet: 1.9 ms]
   [Eden: 1694.0M(1694.0M)->0.0B(1694.0M) Survivors: 22.0M->22.0M Heap: 3662.2M(4096.0M)->1968.2M(4096.0M)]
 [Times: user=0.74 sys=0.00, real=0.20 secs] 
2016-01-06T01:05:55.734-0800: 134.397: [GC pause (young)
Desired survivor size 112721920 bytes, new threshold 15 (max 15)
- age   1:   20627920 bytes,   20627920 total
- age   2:      36864 bytes,   20664784 total
2016-01-06T01:05:55.915-0800: 134.578: [SoftReference, 0 refs, 0.0000470 secs]2016-01-06T01:05:55.915-0800: 134.578: [WeakReference, 0 refs, 0.0000060 secs]2016-01-06T01:05:55.915-0800: 134.578: [FinalReference, 0 refs, 0.0000060 secs]2016-01-06T01:05:55.915-0800: 134.578: [PhantomReference, 0 refs, 53023 refs, 0.0017880 secs]2016-01-06T01:05:55.917-0800: 134.580: [JNI Weak Reference, 0.0000080 secs], 0.1884930 secs]
   [Parallel Time: 25.8 ms, GC Workers: 4]
      [GC Worker Start (ms): Min: 134396.7, Avg: 134396.8, Max: 134396.8, Diff: 0.1]
      [Ext Root Scanning (ms): Min: 0.3, Avg: 0.4, Max: 0.4, Diff: 0.1, Sum: 1.4]
      [SATB Filtering (ms): Min: 0.0, Avg: 0.0, Max: 0.0, Diff: 0.0, Sum: 0.0]
      [Update RS (ms): Min: 13.9, Avg: 14.3, Max: 14.4, Diff: 0.6, Sum: 57.0]
         [Processed Buffers: Min: 20, Avg: 21.0, Max: 22, Diff: 2, Sum: 84]
      [Scan RS (ms): Min: 0.6, Avg: 0.8, Max: 1.0, Diff: 0.4, Sum: 3.0]
      [Code Root Scanning (ms): Min: 0.1, Avg: 0.1, Max: 0.1, Diff: 0.1, Sum: 0.3]
      [Object Copy (ms): Min: 10.1, Avg: 10.1, Max: 10.2, Diff: 0.1, Sum: 40.5]
      [Termination (ms): Min: 0.0, Avg: 0.0, Max: 0.0, Diff: 0.0, Sum: 0.0]
      [GC Worker Other (ms): Min: 0.0, Avg: 0.1, Max: 0.1, Diff: 0.1, Sum: 0.2]
      [GC Worker Total (ms): Min: 25.6, Avg: 25.6, Max: 25.7, Diff: 0.1, Sum: 102.5]
      [GC Worker End (ms): Min: 134422.4, Avg: 134422.4, Max: 134422.4, Diff: 0.1]
   [Code Root Fixup: 0.0 ms]
   [Code Root Migration: 0.2 ms]
   [Clear CT: 0.4 ms]
   [Other: 162.1 ms]
      [Choose CSet: 0.0 ms]
      [Ref Proc: 157.7 ms]
      [Ref Enq: 2.4 ms]
      [Free CSet: 1.9 ms]
   [Eden: 1694.0M(1694.0M)->0.0B(1694.0M) Survivors: 22.0M->22.0M Heap: 3662.2M(4096.0M)->1968.2M(4096.0M)]
 [Times: user=0.71 sys=0.00, real=0.19 secs] 
2016-01-06T01:05:56.185-0800: 134.848: [GC pause (young)
Desired survivor size 112721920 bytes, new threshold 15 (max 15)
- age   1:   20627920 bytes,   20627920 total
- age   2:      36864 bytes,   20664784 total
2016-01-06T01:05:56.356-0800: 135.019: [SoftReference, 0 refs, 0.0000470 secs]2016-01-06T01:05:56.356-0800: 135.019: [WeakReference, 0 refs, 0.0000070 secs]2016-01-06T01:05:56.356-0800: 135.019: [FinalReference, 0 refs, 0.0000050 secs]2016-01-06T01:05:56.356-0800: 135.019: [PhantomReference, 0 refs, 53024 refs, 0.0019050 secs]2016-01-06T01:05:56.358-0800: 135.021: [JNI Weak Reference, 0.0000090 secs], 0.1774790 secs]
   [Parallel Time: 11.8 ms, GC Workers: 4]
      [GC Worker Start (ms): Min: 134848.4, Avg: 134849.3, Max: 134852.0, Diff: 3.5]
      [Ext Root Scanning (ms): Min: 0.0, Avg: 0.3, Max: 0.5, Diff: 0.5, Sum: 1.3]
      [SATB Filtering (ms): Min: 0.0, Avg: 0.0, Max: 0.0, Diff: 0.0, Sum: 0.0]
      [Update RS (ms): Min: 0.0, Avg: 0.0, Max: 0.1, Diff: 0.1, Sum: 0.2]
         [Processed Buffers: Min: 0, Avg: 1.0, Max: 3, Diff: 3, Sum: 4]
      [Scan RS (ms): Min: 0.2, Avg: 0.7, Max: 0.9, Diff: 0.7, Sum: 2.9]
      [Code Root Scanning (ms): Min: 0.0, Avg: 0.1, Max: 0.1, Diff: 0.1, Sum: 0.3]
      [Object Copy (ms): Min: 7.8, Avg: 9.5, Max: 10.1, Diff: 2.3, Sum: 38.0]
      [Termination (ms): Min: 0.0, Avg: 0.0, Max: 0.0, Diff: 0.0, Sum: 0.0]
      [GC Worker Other (ms): Min: 0.0, Avg: 0.1, Max: 0.1, Diff: 0.1, Sum: 0.3]
      [GC Worker Total (ms): Min: 8.1, Avg: 10.8, Max: 11.7, Diff: 3.6, Sum: 43.0]
      [GC Worker End (ms): Min: 134860.1, Avg: 134860.1, Max: 134860.1, Diff: 0.1]
   [Code Root Fixup: 0.0 ms]
   [Code Root Migration: 0.2 ms]
   [Clear CT: 0.4 ms]
   [Other: 165.1 ms]
      [Choose CSet: 0.0 ms]
      [Ref Proc: 160.7 ms]
      [Ref Enq: 2.4 ms]
      [Free CSet: 1.9 ms]
   [Eden: 1694.0M(1694.0M)->0.0B(1694.0M) Survivors: 22.0M->22.0M Heap: 3662.2M(4096.0M)->1968.2M(4096.0M)]
 [Times: user=0.60 sys=0.00, real=0.17 secs] 
2016-01-06T01:05:56.602-0800: 135.265: [GC pause (young)
Desired survivor size 112721920 bytes, new threshold 15 (max 15)
- age   1:   20627920 bytes,   20627920 total
- age   2:      36864 bytes,   20664784 total
2016-01-06T01:05:56.776-0800: 135.439: [SoftReference, 0 refs, 0.0000370 secs]2016-01-06T01:05:56.776-0800: 135.439: [WeakReference, 0 refs, 0.0000070 secs]2016-01-06T01:05:56.776-0800: 135.439: [FinalReference, 0 refs, 0.0000050 secs]2016-01-06T01:05:56.776-0800: 135.439: [PhantomReference, 0 refs, 53023 refs, 0.0017910 secs]2016-01-06T01:05:56.778-0800: 135.441: [JNI Weak Reference, 0.0000070 secs], 0.1814250 secs]
   [Parallel Time: 15.1 ms, GC Workers: 4]
      [GC Worker Start (ms): Min: 135264.6, Avg: 135264.7, Max: 135264.7, Diff: 0.1]
      [Ext Root Scanning (ms): Min: 0.3, Avg: 0.4, Max: 0.4, Diff: 0.1, Sum: 1.4]
      [SATB Filtering (ms): Min: 0.0, Avg: 0.0, Max: 0.0, Diff: 0.0, Sum: 0.0]
      [Update RS (ms): Min: 3.4, Avg: 3.6, Max: 3.6, Diff: 0.2, Sum: 14.2]
         [Processed Buffers: Min: 5, Avg: 5.8, Max: 6, Diff: 1, Sum: 23]
      [Scan RS (ms): Min: 0.7, Avg: 0.8, Max: 0.8, Diff: 0.1, Sum: 3.0]
      [Code Root Scanning (ms): Min: 0.1, Avg: 0.1, Max: 0.1, Diff: 0.0, Sum: 0.3]
      [Object Copy (ms): Min: 10.1, Avg: 10.2, Max: 10.2, Diff: 0.1, Sum: 40.7]
      [Termination (ms): Min: 0.0, Avg: 0.0, Max: 0.0, Diff: 0.0, Sum: 0.0]
      [GC Worker Other (ms): Min: 0.0, Avg: 0.1, Max: 0.1, Diff: 0.1, Sum: 0.2]
      [GC Worker Total (ms): Min: 15.0, Avg: 15.0, Max: 15.0, Diff: 0.1, Sum: 60.0]
      [GC Worker End (ms): Min: 135279.6, Avg: 135279.7, Max: 135279.7, Diff: 0.1]
   [Code Root Fixup: 0.0 ms]
   [Code Root Migration: 0.2 ms]
   [Clear CT: 0.4 ms]
   [Other: 165.6 ms]
      [Choose CSet: 0.0 ms]
      [Ref Proc: 161.3 ms]
      [Ref Enq: 2.4 ms]
      [Free CSet: 1.8 ms]
   [Eden: 1694.0M(1694.0M)->0.0B(1694.0M) Survivors: 22.0M->22.0M Heap: 3662.2M(4096.0M)->1967.7M(4096.0M)]
 [Times: user=0.68 sys=0.00, real=0.18 secs] 
2016-01-06T01:05:57.044-0800: 135.707: [GC pause (young)
Desired survivor size 112721920 bytes, new threshold 15 (max 15)
- age   1:   20627920 bytes,   20627920 total
- age   2:      36864 bytes,   20664784 total
2016-01-06T01:05:57.233-0800: 135.896: [SoftReference, 0 refs, 0.0000680 secs]2016-01-06T01:05:57.233-0800: 135.896: [WeakReference, 0 refs, 0.0000210 secs]2016-01-06T01:05:57.233-0800: 135.896: [FinalReference, 0 refs, 0.0000060 secs]2016-01-06T01:05:57.233-0800: 135.896: [PhantomReference, 0 refs, 53025 refs, 0.0018070 secs]2016-01-06T01:05:57.235-0800: 135.898: [JNI Weak Reference, 0.0000080 secs], 0.1956200 secs]
   [Parallel Time: 29.4 ms, GC Workers: 4]
      [GC Worker Start (ms): Min: 135707.3, Avg: 135707.3, Max: 135707.3, Diff: 0.1]
      [Ext Root Scanning (ms): Min: 0.3, Avg: 0.4, Max: 0.4, Diff: 0.1, Sum: 1.4]
      [SATB Filtering (ms): Min: 0.0, Avg: 0.0, Max: 0.0, Diff: 0.0, Sum: 0.0]
      [Update RS (ms): Min: 16.9, Avg: 17.1, Max: 17.3, Diff: 0.4, Sum: 68.5]
         [Processed Buffers: Min: 22, Avg: 23.0, Max: 24, Diff: 2, Sum: 92]
      [Scan RS (ms): Min: 0.7, Avg: 0.8, Max: 0.9, Diff: 0.3, Sum: 3.1]
      [Code Root Scanning (ms): Min: 0.1, Avg: 0.1, Max: 0.1, Diff: 0.0, Sum: 0.3]
      [Object Copy (ms): Min: 10.9, Avg: 10.9, Max: 10.9, Diff: 0.1, Sum: 43.6]
      [Termination (ms): Min: 0.0, Avg: 0.0, Max: 0.0, Diff: 0.0, Sum: 0.0]
      [GC Worker Other (ms): Min: 0.0, Avg: 0.1, Max: 0.1, Diff: 0.0, Sum: 0.2]
      [GC Worker Total (ms): Min: 29.3, Avg: 29.3, Max: 29.4, Diff: 0.1, Sum: 117.2]
      [GC Worker End (ms): Min: 135736.6, Avg: 135736.6, Max: 135736.6, Diff: 0.0]
   [Code Root Fixup: 0.0 ms]
   [Code Root Migration: 0.2 ms]
   [Clear CT: 0.4 ms]
   [Other: 165.6 ms]
      [Choose CSet: 0.0 ms]
      [Ref Proc: 161.1 ms]
      [Ref Enq: 2.4 ms]
      [Free CSet: 1.9 ms]
   [Eden: 1694.0M(1694.0M)->0.0B(1694.0M) Survivors: 22.0M->22.0M Heap: 3661.7M(4096.0M)->1968.2M(4096.0M)]
 [Times: user=0.73 sys=0.01, real=0.20 secs] 
2016-01-06T01:05:57.482-0800: 136.145: [GC pause (young)
Desired survivor size 112721920 bytes, new threshold 15 (max 15)
- age   1:   20627920 bytes,   20627920 total
- age   2:      36864 bytes,   20664784 total
2016-01-06T01:05:57.693-0800: 136.356: [SoftReference, 0 refs, 0.0000510 secs]2016-01-06T01:05:57.693-0800: 136.356: [WeakReference, 0 refs, 0.0000070 secs]2016-01-06T01:05:57.693-0800: 136.356: [FinalReference, 0 refs, 0.0000050 secs]2016-01-06T01:05:57.693-0800: 136.356: [PhantomReference, 0 refs, 53024 refs, 0.0018390 secs]2016-01-06T01:05:57.695-0800: 136.358: [JNI Weak Reference, 0.0000080 secs], 0.2174850 secs]
   [Parallel Time: 32.5 ms, GC Workers: 4]
      [GC Worker Start (ms): Min: 136145.2, Avg: 136145.2, Max: 136145.2, Diff: 0.1]
      [Ext Root Scanning (ms): Min: 0.3, Avg: 0.4, Max: 0.4, Diff: 0.1, Sum: 1.4]
      [SATB Filtering (ms): Min: 0.0, Avg: 0.0, Max: 0.0, Diff: 0.0, Sum: 0.0]
      [Update RS (ms): Min: 20.0, Avg: 20.3, Max: 20.5, Diff: 0.5, Sum: 81.2]
         [Processed Buffers: Min: 28, Avg: 28.2, Max: 29, Diff: 1, Sum: 113]
      [Scan RS (ms): Min: 0.5, Avg: 0.7, Max: 1.0, Diff: 0.4, Sum: 2.9]
      [Code Root Scanning (ms): Min: 0.1, Avg: 0.1, Max: 0.1, Diff: 0.1, Sum: 0.4]
      [Object Copy (ms): Min: 10.8, Avg: 10.8, Max: 10.8, Diff: 0.0, Sum: 43.3]
      [Termination (ms): Min: 0.0, Avg: 0.0, Max: 0.0, Diff: 0.0, Sum: 0.0]
      [GC Worker Other (ms): Min: 0.0, Avg: 0.1, Max: 0.1, Diff: 0.1, Sum: 0.3]
      [GC Worker Total (ms): Min: 32.3, Avg: 32.4, Max: 32.4, Diff: 0.1, Sum: 129.4]
      [GC Worker End (ms): Min: 136177.5, Avg: 136177.5, Max: 136177.6, Diff: 0.1]
   [Code Root Fixup: 0.0 ms]
   [Code Root Migration: 0.2 ms]
   [Clear CT: 0.4 ms]
   [Other: 184.4 ms]
      [Choose CSet: 0.0 ms]
      [Ref Proc: 179.9 ms]
      [Ref Enq: 2.4 ms]
      [Free CSet: 1.9 ms]
   [Eden: 1694.0M(1694.0M)->0.0B(182.0M) Survivors: 22.0M->22.0M Heap: 3662.2M(4096.0M)->1968.2M(4096.0M)]
 [Times: user=0.80 sys=0.00, real=0.22 secs] 
2016-01-06T01:05:57.729-0800: 136.392: [GC pause (young)
Desired survivor size 13631488 bytes, new threshold 1 (max 15)
- age   1:   20627920 bytes,   20627920 total
- age   2:      36864 bytes,   20664784 total
2016-01-06T01:05:57.914-0800: 136.577: [SoftReference, 0 refs, 0.0000630 secs]2016-01-06T01:05:57.914-0800: 136.577: [WeakReference, 0 refs, 0.0000070 secs]2016-01-06T01:05:57.914-0800: 136.577: [FinalReference, 0 refs, 0.0000060 secs]2016-01-06T01:05:57.914-0800: 136.577: [PhantomReference, 0 refs, 6152 refs, 0.0002330 secs]2016-01-06T01:05:57.914-0800: 136.577: [JNI Weak Reference, 0.0000080 secs], 0.1863240 secs]
   [Parallel Time: 8.4 ms, GC Workers: 4]
      [GC Worker Start (ms): Min: 136391.8, Avg: 136392.1, Max: 136392.8, Diff: 1.0]
      [Ext Root Scanning (ms): Min: 0.0, Avg: 0.3, Max: 0.5, Diff: 0.5, Sum: 1.3]
      [SATB Filtering (ms): Min: 0.0, Avg: 0.0, Max: 0.0, Diff: 0.0, Sum: 0.0]
      [Update RS (ms): Min: 5.1, Avg: 5.4, Max: 5.7, Diff: 0.6, Sum: 21.4]
         [Processed Buffers: Min: 7, Avg: 8.2, Max: 10, Diff: 3, Sum: 33]
      [Scan RS (ms): Min: 0.0, Avg: 0.1, Max: 0.2, Diff: 0.2, Sum: 0.3]
      [Code Root Scanning (ms): Min: 0.0, Avg: 0.0, Max: 0.0, Diff: 0.0, Sum: 0.0]
      [Object Copy (ms): Min: 2.2, Avg: 2.3, Max: 2.4, Diff: 0.1, Sum: 9.2]
      [Termination (ms): Min: 0.0, Avg: 0.0, Max: 0.0, Diff: 0.0, Sum: 0.0]
      [GC Worker Other (ms): Min: 0.0, Avg: 0.0, Max: 0.0, Diff: 0.0, Sum: 0.1]
      [GC Worker Total (ms): Min: 7.4, Avg: 8.1, Max: 8.4, Diff: 1.0, Sum: 32.4]
      [GC Worker End (ms): Min: 136400.2, Avg: 136400.2, Max: 136400.2, Diff: 0.0]
   [Code Root Fixup: 0.0 ms]
   [Code Root Migration: 0.0 ms]
   [Clear CT: 0.1 ms]
   [Other: 177.7 ms]
      [Choose CSet: 0.0 ms]
      [Ref Proc: 177.1 ms]
      [Ref Enq: 0.3 ms]
      [Free CSet: 0.3 ms]
   [Eden: 182.0M(182.0M)->0.0B(186.0M) Survivors: 22.0M->18.0M Heap: 2150.2M(4096.0M)->1964.3M(4096.0M)]
 [Times: user=0.73 sys=0.00, real=0.18 secs] 
2016-01-06T01:05:57.942-0800: 136.605: [GC pause (young)
Desired survivor size 13631488 bytes, new threshold 1 (max 15)
- age   1:   17220304 bytes,   17220304 total
2016-01-06T01:05:58.129-0800: 136.792: [SoftReference, 0 refs, 0.0000570 secs]2016-01-06T01:05:58.129-0800: 136.792: [WeakReference, 0 refs, 0.0000080 secs]2016-01-06T01:05:58.129-0800: 136.792: [FinalReference, 0 refs, 0.0000060 secs]2016-01-06T01:05:58.129-0800: 136.792: [PhantomReference, 0 refs, 6276 refs, 0.0002510 secs]2016-01-06T01:05:58.129-0800: 136.792: [JNI Weak Reference, 0.0000120 secs], 0.1880840 secs]
   [Parallel Time: 8.5 ms, GC Workers: 4]
      [GC Worker Start (ms): Min: 136605.4, Avg: 136605.4, Max: 136605.4, Diff: 0.1]
      [Ext Root Scanning (ms): Min: 0.4, Avg: 0.9, Max: 2.5, Diff: 2.1, Sum: 3.8]
      [SATB Filtering (ms): Min: 0.0, Avg: 0.0, Max: 0.0, Diff: 0.0, Sum: 0.0]
      [Update RS (ms): Min: 3.5, Avg: 5.1, Max: 5.8, Diff: 2.3, Sum: 20.5]
         [Processed Buffers: Min: 5, Avg: 8.5, Max: 10, Diff: 5, Sum: 34]
      [Scan RS (ms): Min: 0.0, Avg: 0.1, Max: 0.2, Diff: 0.2, Sum: 0.3]
      [Code Root Scanning (ms): Min: 0.0, Avg: 0.0, Max: 0.0, Diff: 0.0, Sum: 0.0]
      [Object Copy (ms): Min: 2.1, Avg: 2.3, Max: 2.4, Diff: 0.2, Sum: 9.0]
      [Termination (ms): Min: 0.0, Avg: 0.0, Max: 0.0, Diff: 0.0, Sum: 0.0]
      [GC Worker Other (ms): Min: 0.0, Avg: 0.0, Max: 0.0, Diff: 0.0, Sum: 0.1]
      [GC Worker Total (ms): Min: 8.4, Avg: 8.4, Max: 8.5, Diff: 0.1, Sum: 33.8]
      [GC Worker End (ms): Min: 136613.9, Avg: 136613.9, Max: 136613.9, Diff: 0.0]
   [Code Root Fixup: 0.0 ms]
   [Code Root Migration: 0.0 ms]
   [Clear CT: 0.2 ms]
   [Other: 179.3 ms]
      [Choose CSet: 0.0 ms]
      [Ref Proc: 178.3 ms]
      [Ref Enq: 0.4 ms]
      [Free CSet: 0.5 ms]
   [Eden: 186.0M(186.0M)->0.0B(186.0M) Survivors: 18.0M->18.0M Heap: 2150.3M(4096.0M)->1964.3M(4096.0M)]
 [Times: user=0.72 sys=0.00, real=0.19 secs] 
2016-01-06T01:05:58.160-0800: 136.823: [GC pause (young)
Desired survivor size 13631488 bytes, new threshold 1 (max 15)
- age   1:   17262064 bytes,   17262064 total
2016-01-06T01:05:58.354-0800: 137.017: [SoftReference, 0 refs, 0.0000480 secs]2016-01-06T01:05:58.354-0800: 137.017: [WeakReference, 0 refs, 0.0000120 secs]2016-01-06T01:05:58.354-0800: 137.017: [FinalReference, 0 refs, 0.0000100 secs]2016-01-06T01:05:58.354-0800: 137.017: [PhantomReference, 0 refs, 6276 refs, 0.0003580 secs]2016-01-06T01:05:58.354-0800: 137.017: [JNI Weak Reference, 0.0000120 secs], 0.1952350 secs]
   [Parallel Time: 9.2 ms, GC Workers: 4]
      [GC Worker Start (ms): Min: 136823.2, Avg: 136824.4, Max: 136827.9, Diff: 4.7]
      [Ext Root Scanning (ms): Min: 0.0, Avg: 0.3, Max: 0.5, Diff: 0.5, Sum: 1.3]
      [SATB Filtering (ms): Min: 0.0, Avg: 0.0, Max: 0.0, Diff: 0.0, Sum: 0.0]
      [Update RS (ms): Min: 2.2, Avg: 5.2, Max: 6.5, Diff: 4.3, Sum: 20.9]
         [Processed Buffers: Min: 3, Avg: 9.0, Max: 13, Diff: 10, Sum: 36]
      [Scan RS (ms): Min: 0.0, Avg: 0.1, Max: 0.3, Diff: 0.2, Sum: 0.3]
      [Code Root Scanning (ms): Min: 0.0, Avg: 0.0, Max: 0.0, Diff: 0.0, Sum: 0.0]
      [Object Copy (ms): Min: 2.3, Avg: 2.3, Max: 2.5, Diff: 0.2, Sum: 9.3]
      [Termination (ms): Min: 0.0, Avg: 0.0, Max: 0.0, Diff: 0.0, Sum: 0.0]
      [GC Worker Other (ms): Min: 0.0, Avg: 0.0, Max: 0.0, Diff: 0.0, Sum: 0.0]
      [GC Worker Total (ms): Min: 4.5, Avg: 8.0, Max: 9.2, Diff: 4.7, Sum: 32.0]
      [GC Worker End (ms): Min: 136832.4, Avg: 136832.4, Max: 136832.4, Diff: 0.0]
   [Code Root Fixup: 0.0 ms]
   [Code Root Migration: 0.0 ms]
   [Clear CT: 0.2 ms]
   [Other: 185.8 ms]
      [Choose CSet: 0.0 ms]
      [Ref Proc: 184.8 ms]
      [Ref Enq: 0.4 ms]
      [Free CSet: 0.5 ms]
   [Eden: 186.0M(186.0M)->0.0B(186.0M) Survivors: 18.0M->18.0M Heap: 2150.3M(4096.0M)->1964.3M(4096.0M)]
 [Times: user=0.69 sys=0.00, real=0.19 secs] 
2016-01-06T01:05:58.389-0800: 137.052: [GC pause (young)
Desired survivor size 13631488 bytes, new threshold 1 (max 15)
- age   1:   17262064 bytes,   17262064 total
2016-01-06T01:05:58.611-0800: 137.274: [SoftReference, 0 refs, 0.0000380 secs]2016-01-06T01:05:58.611-0800: 137.274: [WeakReference, 0 refs, 0.0000070 secs]2016-01-06T01:05:58.611-0800: 137.274: [FinalReference, 0 refs, 0.0000060 secs]2016-01-06T01:05:58.611-0800: 137.274: [PhantomReference, 0 refs, 6276 refs, 0.0002320 secs]2016-01-06T01:05:58.611-0800: 137.274: [JNI Weak Reference, 0.0000070 secs], 0.2223890 secs]
   [Parallel Time: 11.8 ms, GC Workers: 4]
      [GC Worker Start (ms): Min: 137052.5, Avg: 137053.4, Max: 137056.0, Diff: 3.5]
      [Ext Root Scanning (ms): Min: 0.0, Avg: 0.4, Max: 0.5, Diff: 0.5, Sum: 1.4]
      [SATB Filtering (ms): Min: 0.0, Avg: 0.0, Max: 0.0, Diff: 0.0, Sum: 0.0]
      [Update RS (ms): Min: 5.9, Avg: 8.0, Max: 8.9, Diff: 2.9, Sum: 32.2]
         [Processed Buffers: Min: 7, Avg: 10.0, Max: 13, Diff: 6, Sum: 40]
      [Scan RS (ms): Min: 0.0, Avg: 0.1, Max: 0.2, Diff: 0.2, Sum: 0.3]
      [Code Root Scanning (ms): Min: 0.0, Avg: 0.0, Max: 0.0, Diff: 0.0, Sum: 0.0]
      [Object Copy (ms): Min: 2.2, Avg: 2.3, Max: 2.4, Diff: 0.2, Sum: 9.3]
      [Termination (ms): Min: 0.0, Avg: 0.0, Max: 0.0, Diff: 0.0, Sum: 0.0]
      [GC Worker Other (ms): Min: 0.0, Avg: 0.0, Max: 0.0, Diff: 0.0, Sum: 0.1]
      [GC Worker Total (ms): Min: 8.2, Avg: 10.8, Max: 11.7, Diff: 3.5, Sum: 43.3]
      [GC Worker End (ms): Min: 137064.2, Avg: 137064.2, Max: 137064.2, Diff: 0.0]
   [Code Root Fixup: 0.0 ms]
   [Code Root Migration: 0.0 ms]
   [Clear CT: 0.1 ms]
   [Other: 210.4 ms]
      [Choose CSet: 0.0 ms]
      [Ref Proc: 209.8 ms]
      [Ref Enq: 0.3 ms]
      [Free CSet: 0.3 ms]
   [Eden: 186.0M(186.0M)->0.0B(185.0M) Survivors: 18.0M->19.0M Heap: 2150.3M(4096.0M)->1965.4M(4096.0M)]
 [Times: user=0.83 sys=0.00, real=0.22 secs] 
2016-01-06T01:05:58.638-0800: 137.301: [GC pause (young)
Desired survivor size 13631488 bytes, new threshold 1 (max 15)
- age   1:   17262064 bytes,   17262064 total
2016-01-06T01:05:58.826-0800: 137.489: [SoftReference, 0 refs, 0.0000500 secs]2016-01-06T01:05:58.826-0800: 137.489: [WeakReference, 0 refs, 0.0000060 secs]2016-01-06T01:05:58.826-0800: 137.489: [FinalReference, 0 refs, 0.0000060 secs]2016-01-06T01:05:58.827-0800: 137.489: [PhantomReference, 0 refs, 6245 refs, 0.0002590 secs]2016-01-06T01:05:58.827-0800: 137.490: [JNI Weak Reference, 0.0000070 secs], 0.1893840 secs]
   [Parallel Time: 3.2 ms, GC Workers: 4]
      [GC Worker Start (ms): Min: 137301.1, Avg: 137301.9, Max: 137303.9, Diff: 2.8]
      [Ext Root Scanning (ms): Min: 0.0, Avg: 0.3, Max: 0.5, Diff: 0.5, Sum: 1.3]
      [SATB Filtering (ms): Min: 0.0, Avg: 0.0, Max: 0.0, Diff: 0.0, Sum: 0.0]
      [Update RS (ms): Min: 0.0, Avg: 0.3, Max: 0.5, Diff: 0.5, Sum: 1.1]
         [Processed Buffers: Min: 0, Avg: 1.8, Max: 5, Diff: 5, Sum: 7]
      [Scan RS (ms): Min: 0.0, Avg: 0.1, Max: 0.2, Diff: 0.2, Sum: 0.3]
      [Code Root Scanning (ms): Min: 0.0, Avg: 0.0, Max: 0.0, Diff: 0.0, Sum: 0.0]
      [Object Copy (ms): Min: 0.3, Avg: 1.7, Max: 2.4, Diff: 2.1, Sum: 7.0]
      [Termination (ms): Min: 0.0, Avg: 0.0, Max: 0.0, Diff: 0.0, Sum: 0.0]
      [GC Worker Other (ms): Min: 0.0, Avg: 0.0, Max: 0.0, Diff: 0.0, Sum: 0.1]
      [GC Worker Total (ms): Min: 0.3, Avg: 2.4, Max: 3.1, Diff: 2.8, Sum: 9.7]
      [GC Worker End (ms): Min: 137304.3, Avg: 137304.3, Max: 137304.3, Diff: 0.0]
   [Code Root Fixup: 0.0 ms]
   [Code Root Migration: 0.0 ms]
   [Clear CT: 0.1 ms]
   [Other: 186.1 ms]
      [Choose CSet: 0.0 ms]
      [Ref Proc: 185.4 ms]
      [Ref Enq: 0.3 ms]
      [Free CSet: 0.3 ms]
   [Eden: 185.0M(185.0M)->0.0B(185.0M) Survivors: 19.0M->19.0M Heap: 2150.4M(4096.0M)->1964.9M(4096.0M)]
 [Times: user=0.73 sys=0.00, real=0.19 secs] 
2016-01-06T01:05:58.854-0800: 137.517: [GC pause (young)
Desired survivor size 13631488 bytes, new threshold 1 (max 15)
- age   1:   17259832 bytes,   17259832 total
2016-01-06T01:05:59.046-0800: 137.709: [SoftReference, 0 refs, 0.0000530 secs]2016-01-06T01:05:59.046-0800: 137.709: [WeakReference, 0 refs, 0.0000080 secs]2016-01-06T01:05:59.046-0800: 137.709: [FinalReference, 0 refs, 0.0000060 secs]2016-01-06T01:05:59.046-0800: 137.709: [PhantomReference, 0 refs, 6245 refs, 0.0002310 secs]2016-01-06T01:05:59.046-0800: 137.709: [JNI Weak Reference, 0.0000070 secs], 0.1925590 secs]
   [Parallel Time: 3.4 ms, GC Workers: 4]
      [GC Worker Start (ms): Min: 137517.4, Avg: 137518.0, Max: 137520.0, Diff: 2.6]
      [Ext Root Scanning (ms): Min: 0.0, Avg: 0.3, Max: 0.5, Diff: 0.5, Sum: 1.3]
      [SATB Filtering (ms): Min: 0.0, Avg: 0.0, Max: 0.0, Diff: 0.0, Sum: 0.0]
      [Update RS (ms): Min: 0.0, Avg: 0.4, Max: 0.7, Diff: 0.7, Sum: 1.4]
         [Processed Buffers: Min: 0, Avg: 1.0, Max: 2, Diff: 2, Sum: 4]
      [Scan RS (ms): Min: 0.0, Avg: 0.1, Max: 0.2, Diff: 0.2, Sum: 0.3]
      [Code Root Scanning (ms): Min: 0.0, Avg: 0.0, Max: 0.0, Diff: 0.0, Sum: 0.0]
      [Object Copy (ms): Min: 0.6, Avg: 1.9, Max: 2.5, Diff: 1.9, Sum: 7.5]
      [Termination (ms): Min: 0.0, Avg: 0.0, Max: 0.0, Diff: 0.0, Sum: 0.0]
      [GC Worker Other (ms): Min: 0.0, Avg: 0.0, Max: 0.0, Diff: 0.0, Sum: 0.1]
      [GC Worker Total (ms): Min: 0.7, Avg: 2.6, Max: 3.3, Diff: 2.6, Sum: 10.6]
      [GC Worker End (ms): Min: 137520.7, Avg: 137520.7, Max: 137520.7, Diff: 0.0]
   [Code Root Fixup: 0.0 ms]
   [Code Root Migration: 0.0 ms]
   [Clear CT: 0.1 ms]
   [Other: 189.1 ms]
      [Choose CSet: 0.0 ms]
      [Ref Proc: 188.4 ms]
      [Ref Enq: 0.3 ms]
      [Free CSet: 0.3 ms]
   [Eden: 185.0M(185.0M)->0.0B(185.0M) Survivors: 19.0M->19.0M Heap: 2149.9M(4096.0M)->1965.0M(4096.0M)]
 [Times: user=0.68 sys=0.00, real=0.20 secs] 
2016-01-06T01:05:59.076-0800: 137.739: [GC pause (young)
Desired survivor size 13631488 bytes, new threshold 1 (max 15)
- age   1:   17259832 bytes,   17259832 total
2016-01-06T01:05:59.289-0800: 137.951: [SoftReference, 0 refs, 0.0000500 secs]2016-01-06T01:05:59.289-0800: 137.951: [WeakReference, 0 refs, 0.0000070 secs]2016-01-06T01:05:59.289-0800: 137.951: [FinalReference, 0 refs, 0.0000060 secs]2016-01-06T01:05:59.289-0800: 137.952: [PhantomReference, 0 refs, 6245 refs, 0.0002470 secs]2016-01-06T01:05:59.289-0800: 137.952: [JNI Weak Reference, 0.0000070 secs], 0.2140480 secs]
   [Parallel Time: 6.3 ms, GC Workers: 4]
      [GC Worker Start (ms): Min: 137738.6, Avg: 137738.6, Max: 137738.7, Diff: 0.1]
      [Ext Root Scanning (ms): Min: 0.4, Avg: 1.9, Max: 6.2, Diff: 5.7, Sum: 7.6]
      [SATB Filtering (ms): Min: 0.0, Avg: 0.0, Max: 0.0, Diff: 0.0, Sum: 0.0]
      [Update RS (ms): Min: 0.0, Avg: 0.1, Max: 0.2, Diff: 0.2, Sum: 0.3]
         [Processed Buffers: Min: 0, Avg: 0.8, Max: 1, Diff: 1, Sum: 3]
      [Scan RS (ms): Min: 0.0, Avg: 0.1, Max: 0.1, Diff: 0.1, Sum: 0.4]
      [Code Root Scanning (ms): Min: 0.0, Avg: 0.0, Max: 0.0, Diff: 0.0, Sum: 0.0]
      [Object Copy (ms): Min: 0.0, Avg: 1.9, Max: 2.5, Diff: 2.5, Sum: 7.5]
      [Termination (ms): Min: 0.0, Avg: 2.2, Max: 3.0, Diff: 3.0, Sum: 9.0]
      [GC Worker Other (ms): Min: 0.0, Avg: 0.0, Max: 0.0, Diff: 0.0, Sum: 0.0]
      [GC Worker Total (ms): Min: 6.2, Avg: 6.2, Max: 6.2, Diff: 0.0, Sum: 24.8]
      [GC Worker End (ms): Min: 137744.8, Avg: 137744.8, Max: 137744.9, Diff: 0.0]
   [Code Root Fixup: 0.0 ms]
   [Code Root Migration: 0.0 ms]
   [Clear CT: 0.2 ms]
   [Other: 207.6 ms]
      [Choose CSet: 0.0 ms]
      [Ref Proc: 206.9 ms]
      [Ref Enq: 0.3 ms]
      [Free CSet: 0.3 ms]
   [Eden: 185.0M(185.0M)->0.0B(185.0M) Survivors: 19.0M->19.0M Heap: 2150.0M(4096.0M)->1965.0M(4096.0M)]
 [Times: user=0.77 sys=0.00, real=0.22 secs] 
2016-01-06T01:05:59.318-0800: 137.981: [GC pause (young)
Desired survivor size 13631488 bytes, new threshold 1 (max 15)
- age   1:   17259832 bytes,   17259832 total
2016-01-06T01:05:59.504-0800: 138.167: [SoftReference, 0 refs, 0.0000430 secs]2016-01-06T01:05:59.504-0800: 138.167: [WeakReference, 0 refs, 0.0000060 secs]2016-01-06T01:05:59.504-0800: 138.167: [FinalReference, 0 refs, 0.0000050 secs]2016-01-06T01:05:59.504-0800: 138.167: [PhantomReference, 0 refs, 6245 refs, 0.0002320 secs]2016-01-06T01:05:59.504-0800: 138.167: [JNI Weak Reference, 0.0000080 secs], 0.1865810 secs]
   [Parallel Time: 3.1 ms, GC Workers: 4]
      [GC Worker Start (ms): Min: 137981.4, Avg: 137981.4, Max: 137981.5, Diff: 0.1]
      [Ext Root Scanning (ms): Min: 0.3, Avg: 0.4, Max: 0.4, Diff: 0.1, Sum: 1.5]
      [SATB Filtering (ms): Min: 0.0, Avg: 0.0, Max: 0.0, Diff: 0.0, Sum: 0.0]
      [Update RS (ms): Min: 0.0, Avg: 0.1, Max: 0.2, Diff: 0.2, Sum: 0.3]
         [Processed Buffers: Min: 0, Avg: 0.8, Max: 1, Diff: 1, Sum: 3]
      [Scan RS (ms): Min: 0.0, Avg: 0.1, Max: 0.1, Diff: 0.1, Sum: 0.4]
      [Code Root Scanning (ms): Min: 0.0, Avg: 0.0, Max: 0.0, Diff: 0.0, Sum: 0.0]
      [Object Copy (ms): Min: 2.4, Avg: 2.4, Max: 2.4, Diff: 0.0, Sum: 9.6]
      [Termination (ms): Min: 0.0, Avg: 0.0, Max: 0.0, Diff: 0.0, Sum: 0.0]
      [GC Worker Other (ms): Min: 0.0, Avg: 0.0, Max: 0.0, Diff: 0.0, Sum: 0.1]
      [GC Worker Total (ms): Min: 2.9, Avg: 3.0, Max: 3.0, Diff: 0.1, Sum: 11.9]
      [GC Worker End (ms): Min: 137984.4, Avg: 137984.4, Max: 137984.4, Diff: 0.0]
   [Code Root Fixup: 0.0 ms]
   [Code Root Migration: 0.0 ms]
   [Clear CT: 0.2 ms]
   [Other: 183.3 ms]
      [Choose CSet: 0.0 ms]
      [Ref Proc: 182.6 ms]
      [Ref Enq: 0.3 ms]
      [Free CSet: 0.3 ms]
   [Eden: 185.0M(185.0M)->0.0B(185.0M) Survivors: 19.0M->19.0M Heap: 2150.0M(4096.0M)->1965.1M(4096.0M)]
 [Times: user=0.73 sys=0.00, real=0.19 secs] 
2016-01-06T01:05:59.534-0800: 138.197: [GC pause (young)
Desired survivor size 13631488 bytes, new threshold 1 (max 15)
- age   1:   17259832 bytes,   17259832 total
2016-01-06T01:05:59.723-0800: 138.386: [SoftReference, 0 refs, 0.0000380 secs]2016-01-06T01:05:59.723-0800: 138.386: [WeakReference, 0 refs, 0.0000070 secs]2016-01-06T01:05:59.723-0800: 138.386: [FinalReference, 0 refs, 0.0000050 secs]2016-01-06T01:05:59.723-0800: 138.386: [PhantomReference, 0 refs, 6244 refs, 0.0002310 secs]2016-01-06T01:05:59.723-0800: 138.386: [JNI Weak Reference, 0.0000070 secs], 0.1899660 secs]
   [Parallel Time: 2.7 ms, GC Workers: 4]
      [GC Worker Start (ms): Min: 138196.8, Avg: 138196.8, Max: 138196.8, Diff: 0.1]
      [Ext Root Scanning (ms): Min: 0.3, Avg: 0.4, Max: 0.4, Diff: 0.1, Sum: 1.4]
      [SATB Filtering (ms): Min: 0.0, Avg: 0.0, Max: 0.0, Diff: 0.0, Sum: 0.0]
      [Update RS (ms): Min: 0.0, Avg: 0.1, Max: 0.2, Diff: 0.2, Sum: 0.3]
         [Processed Buffers: Min: 0, Avg: 1.0, Max: 2, Diff: 2, Sum: 4]
      [Scan RS (ms): Min: 0.0, Avg: 0.1, Max: 0.1, Diff: 0.1, Sum: 0.3]
      [Code Root Scanning (ms): Min: 0.0, Avg: 0.0, Max: 0.0, Diff: 0.0, Sum: 0.1]
      [Object Copy (ms): Min: 1.9, Avg: 1.9, Max: 1.9, Diff: 0.0, Sum: 7.7]
      [Termination (ms): Min: 0.0, Avg: 0.0, Max: 0.0, Diff: 0.0, Sum: 0.0]
      [GC Worker Other (ms): Min: 0.0, Avg: 0.0, Max: 0.1, Diff: 0.0, Sum: 0.1]
      [GC Worker Total (ms): Min: 2.5, Avg: 2.5, Max: 2.6, Diff: 0.1, Sum: 10.0]
      [GC Worker End (ms): Min: 138199.3, Avg: 138199.3, Max: 138199.3, Diff: 0.0]
   [Code Root Fixup: 0.0 ms]
   [Code Root Migration: 0.0 ms]
   [Clear CT: 0.2 ms]
   [Other: 187.1 ms]
      [Choose CSet: 0.0 ms]
      [Ref Proc: 186.5 ms]
      [Ref Enq: 0.3 ms]
      [Free CSet: 0.3 ms]
   [Eden: 185.0M(185.0M)->0.0B(204.0M) Survivors: 19.0M->15.0M Heap: 2150.1M(4096.0M)->1961.6M(4096.0M)]
 [Times: user=0.67 sys=0.00, real=0.19 secs] 
2016-01-06T01:05:59.754-0800: 138.417: [GC pause (young)
Desired survivor size 14680064 bytes, new threshold 15 (max 15)
- age   1:   13713976 bytes,   13713976 total
2016-01-06T01:05:59.942-0800: 138.605: [SoftReference, 0 refs, 0.0000440 secs]2016-01-06T01:05:59.942-0800: 138.605: [WeakReference, 0 refs, 0.0000070 secs]2016-01-06T01:05:59.942-0800: 138.605: [FinalReference, 0 refs, 0.0000060 secs]2016-01-06T01:05:59.942-0800: 138.605: [PhantomReference, 0 refs, 6834 refs, 0.0002700 secs]2016-01-06T01:05:59.942-0800: 138.605: [JNI Weak Reference, 0.0000070 secs], 0.1890780 secs]
   [Parallel Time: 3.2 ms, GC Workers: 4]
      [GC Worker Start (ms): Min: 138416.8, Avg: 138416.8, Max: 138416.8, Diff: 0.1]
      [Ext Root Scanning (ms): Min: 0.3, Avg: 0.4, Max: 0.4, Diff: 0.1, Sum: 1.4]
      [SATB Filtering (ms): Min: 0.0, Avg: 0.0, Max: 0.0, Diff: 0.0, Sum: 0.0]
      [Update RS (ms): Min: 0.0, Avg: 0.1, Max: 0.2, Diff: 0.2, Sum: 0.3]
         [Processed Buffers: Min: 0, Avg: 1.0, Max: 2, Diff: 2, Sum: 4]
      [Scan RS (ms): Min: 0.0, Avg: 0.1, Max: 0.1, Diff: 0.1, Sum: 0.4]
      [Code Root Scanning (ms): Min: 0.0, Avg: 0.0, Max: 0.0, Diff: 0.0, Sum: 0.0]
      [Object Copy (ms): Min: 2.4, Avg: 2.4, Max: 2.4, Diff: 0.0, Sum: 9.6]
      [Termination (ms): Min: 0.0, Avg: 0.0, Max: 0.0, Diff: 0.0, Sum: 0.0]
      [GC Worker Other (ms): Min: 0.0, Avg: 0.0, Max: 0.0, Diff: 0.0, Sum: 0.1]
      [GC Worker Total (ms): Min: 2.9, Avg: 3.0, Max: 3.0, Diff: 0.1, Sum: 11.9]
      [GC Worker End (ms): Min: 138419.8, Avg: 138419.8, Max: 138419.8, Diff: 0.0]
   [Code Root Fixup: 0.0 ms]
   [Code Root Migration: 0.0 ms]
   [Clear CT: 0.1 ms]
   [Other: 185.7 ms]
      [Choose CSet: 0.0 ms]
      [Ref Proc: 185.0 ms]
      [Ref Enq: 0.3 ms]
      [Free CSet: 0.3 ms]
   [Eden: 204.0M(204.0M)->0.0B(1168.0M) Survivors: 15.0M->19.0M Heap: 2165.6M(4096.0M)->1965.1M(4096.0M)]
 [Times: user=0.73 sys=0.00, real=0.19 secs] 
2016-01-06T01:06:00.107-0800: 138.770: [GC pause (young)
Desired survivor size 78118912 bytes, new threshold 15 (max 15)
- age   1:   17302240 bytes,   17302240 total
- age   2:      36864 bytes,   17339104 total
2016-01-06T01:06:00.317-0800: 138.979: [SoftReference, 0 refs, 0.0000400 secs]2016-01-06T01:06:00.317-0800: 138.980: [WeakReference, 0 refs, 0.0000070 secs]2016-01-06T01:06:00.317-0800: 138.980: [FinalReference, 0 refs, 0.0000050 secs]2016-01-06T01:06:00.317-0800: 138.980: [PhantomReference, 0 refs, 36718 refs, 0.0012550 secs]2016-01-06T01:06:00.318-0800: 138.981: [JNI Weak Reference, 0.0000070 secs], 0.2145710 secs]
   [Parallel Time: 22.6 ms, GC Workers: 4]
      [GC Worker Start (ms): Min: 138769.9, Avg: 138769.9, Max: 138769.9, Diff: 0.1]
      [Ext Root Scanning (ms): Min: 0.4, Avg: 0.8, Max: 2.1, Diff: 1.7, Sum: 3.3]
      [SATB Filtering (ms): Min: 0.0, Avg: 0.0, Max: 0.0, Diff: 0.0, Sum: 0.0]
      [Update RS (ms): Min: 11.4, Avg: 12.6, Max: 13.2, Diff: 1.8, Sum: 50.4]
         [Processed Buffers: Min: 14, Avg: 18.0, Max: 24, Diff: 10, Sum: 72]
      [Scan RS (ms): Min: 0.4, Avg: 0.5, Max: 0.6, Diff: 0.2, Sum: 2.1]
      [Code Root Scanning (ms): Min: 0.0, Avg: 0.1, Max: 0.1, Diff: 0.0, Sum: 0.2]
      [Object Copy (ms): Min: 8.2, Avg: 8.3, Max: 8.5, Diff: 0.3, Sum: 33.2]
      [Termination (ms): Min: 0.0, Avg: 0.2, Max: 0.3, Diff: 0.3, Sum: 0.8]
      [GC Worker Other (ms): Min: 0.0, Avg: 0.0, Max: 0.0, Diff: 0.0, Sum: 0.1]
      [GC Worker Total (ms): Min: 22.5, Avg: 22.5, Max: 22.6, Diff: 0.1, Sum: 90.1]
      [GC Worker End (ms): Min: 138792.4, Avg: 138792.4, Max: 138792.4, Diff: 0.0]
   [Code Root Fixup: 0.0 ms]
   [Code Root Migration: 0.2 ms]
   [Clear CT: 0.3 ms]
   [Other: 191.5 ms]
      [Choose CSet: 0.0 ms]
      [Ref Proc: 188.3 ms]
      [Ref Enq: 1.7 ms]
      [Free CSet: 1.4 ms]
   [Eden: 1168.0M(1168.0M)->0.0B(183.0M) Survivors: 19.0M->21.0M Heap: 3133.1M(4096.0M)->1967.1M(4096.0M)]
 [Times: user=0.79 sys=0.00, real=0.21 secs] 
2016-01-06T01:06:00.353-0800: 139.016: [GC pause (young)
Desired survivor size 13631488 bytes, new threshold 1 (max 15)
- age   1:   19453888 bytes,   19453888 total
- age   2:      36864 bytes,   19490752 total
2016-01-06T01:06:00.536-0800: 139.199: [SoftReference, 0 refs, 0.0000490 secs]2016-01-06T01:06:00.536-0800: 139.199: [WeakReference, 0 refs, 0.0000070 secs]2016-01-06T01:06:00.536-0800: 139.199: [FinalReference, 0 refs, 0.0000060 secs]2016-01-06T01:06:00.536-0800: 139.199: [PhantomReference, 0 refs, 6182 refs, 0.0002330 secs]2016-01-06T01:06:00.536-0800: 139.199: [JNI Weak Reference, 0.0000070 secs], 0.1843780 secs]
   [Parallel Time: 4.1 ms, GC Workers: 4]
      [GC Worker Start (ms): Min: 139015.8, Avg: 139015.9, Max: 139015.9, Diff: 0.1]
      [Ext Root Scanning (ms): Min: 0.3, Avg: 1.0, Max: 3.0, Diff: 2.6, Sum: 4.1]
      [SATB Filtering (ms): Min: 0.0, Avg: 0.0, Max: 0.0, Diff: 0.0, Sum: 0.0]
      [Update RS (ms): Min: 0.0, Avg: 0.1, Max: 0.2, Diff: 0.2, Sum: 0.2]
         [Processed Buffers: Min: 0, Avg: 1.0, Max: 3, Diff: 3, Sum: 4]
      [Scan RS (ms): Min: 0.0, Avg: 0.1, Max: 0.1, Diff: 0.1, Sum: 0.3]
      [Code Root Scanning (ms): Min: 0.0, Avg: 0.0, Max: 0.0, Diff: 0.0, Sum: 0.0]
      [Object Copy (ms): Min: 0.0, Avg: 1.7, Max: 2.2, Diff: 2.2, Sum: 6.7]
      [Termination (ms): Min: 0.0, Avg: 0.4, Max: 1.2, Diff: 1.2, Sum: 1.5]
      [GC Worker Other (ms): Min: 0.0, Avg: 0.0, Max: 0.0, Diff: 0.0, Sum: 0.0]
      [GC Worker Total (ms): Min: 3.0, Avg: 3.3, Max: 4.0, Diff: 1.0, Sum: 13.0]
      [GC Worker End (ms): Min: 139018.9, Avg: 139019.1, Max: 139019.9, Diff: 1.0]
   [Code Root Fixup: 0.0 ms]
   [Code Root Migration: 0.0 ms]
   [Clear CT: 0.2 ms]
   [Other: 180.0 ms]
      [Choose CSet: 0.0 ms]
      [Ref Proc: 179.4 ms]
      [Ref Enq: 0.3 ms]
      [Free CSet: 0.3 ms]
   [Eden: 183.0M(183.0M)->0.0B(812.0M) Survivors: 21.0M->19.0M Heap: 2150.1M(4096.0M)->1965.1M(4096.0M)]
 [Times: user=0.62 sys=0.01, real=0.19 secs] 
2016-01-06T01:06:00.658-0800: 139.321: [GC pause (young)
Desired survivor size 54525952 bytes, new threshold 15 (max 15)
- age   1:   17255368 bytes,   17255368 total
2016-01-06T01:06:00.853-0800: 139.516: [SoftReference, 0 refs, 0.0000520 secs]2016-01-06T01:06:00.853-0800: 139.516: [WeakReference, 0 refs, 0.0000080 secs]2016-01-06T01:06:00.853-0800: 139.516: [FinalReference, 0 refs, 0.0000060 secs]2016-01-06T01:06:00.853-0800: 139.516: [PhantomReference, 0 refs, 25682 refs, 0.0008990 secs]2016-01-06T01:06:00.854-0800: 139.517: [JNI Weak Reference, 0.0000070 secs], 0.1981570 secs]
   [Parallel Time: 6.4 ms, GC Workers: 4]
      [GC Worker Start (ms): Min: 139321.2, Avg: 139321.2, Max: 139321.3, Diff: 0.1]
      [Ext Root Scanning (ms): Min: 0.3, Avg: 0.4, Max: 0.4, Diff: 0.1, Sum: 1.4]
      [SATB Filtering (ms): Min: 0.0, Avg: 0.0, Max: 0.0, Diff: 0.0, Sum: 0.0]
      [Update RS (ms): Min: 0.0, Avg: 0.1, Max: 0.1, Diff: 0.1, Sum: 0.3]
         [Processed Buffers: Min: 0, Avg: 1.0, Max: 2, Diff: 2, Sum: 4]
      [Scan RS (ms): Min: 0.3, Avg: 0.4, Max: 0.4, Diff: 0.1, Sum: 1.5]
      [Code Root Scanning (ms): Min: 0.0, Avg: 0.0, Max: 0.0, Diff: 0.0, Sum: 0.2]
      [Object Copy (ms): Min: 5.3, Avg: 5.3, Max: 5.4, Diff: 0.1, Sum: 21.3]
      [Termination (ms): Min: 0.0, Avg: 0.0, Max: 0.0, Diff: 0.0, Sum: 0.0]
      [GC Worker Other (ms): Min: 0.0, Avg: 0.0, Max: 0.1, Diff: 0.1, Sum: 0.2]
      [GC Worker Total (ms): Min: 6.2, Avg: 6.2, Max: 6.3, Diff: 0.1, Sum: 25.0]
      [GC Worker End (ms): Min: 139327.4, Avg: 139327.5, Max: 139327.5, Diff: 0.1]
   [Code Root Fixup: 0.0 ms]
   [Code Root Migration: 0.1 ms]
   [Clear CT: 0.2 ms]
   [Other: 191.4 ms]
      [Choose CSet: 0.0 ms]
      [Ref Proc: 189.2 ms]
      [Ref Enq: 1.2 ms]
      [Free CSet: 1.0 ms]
   [Eden: 812.0M(812.0M)->0.0B(820.0M) Survivors: 19.0M->20.0M Heap: 2777.1M(4096.0M)->1966.6M(4096.0M)]
 [Times: user=0.77 sys=0.00, real=0.19 secs] 
2016-01-06T01:06:00.972-0800: 139.635: [GC pause (young)
Desired survivor size 55050240 bytes, new threshold 15 (max 15)
- age   1:   18659296 bytes,   18659296 total
- age   2:      36864 bytes,   18696160 total
2016-01-06T01:06:01.169-0800: 139.832: [SoftReference, 0 refs, 0.0000430 secs]2016-01-06T01:06:01.169-0800: 139.832: [WeakReference, 0 refs, 0.0000060 secs]2016-01-06T01:06:01.169-0800: 139.832: [FinalReference, 0 refs, 0.0000060 secs]2016-01-06T01:06:01.169-0800: 139.832: [PhantomReference, 0 refs, 25930 refs, 0.0008930 secs]2016-01-06T01:06:01.170-0800: 139.833: [JNI Weak Reference, 0.0000070 secs], 0.2008270 secs]
   [Parallel Time: 7.2 ms, GC Workers: 4]
      [GC Worker Start (ms): Min: 139635.1, Avg: 139635.3, Max: 139635.9, Diff: 0.8]
      [Ext Root Scanning (ms): Min: 0.0, Avg: 0.3, Max: 0.5, Diff: 0.5, Sum: 1.3]
      [SATB Filtering (ms): Min: 0.0, Avg: 0.0, Max: 0.0, Diff: 0.0, Sum: 0.0]
      [Update RS (ms): Min: 0.0, Avg: 0.0, Max: 0.2, Diff: 0.2, Sum: 0.2]
         [Processed Buffers: Min: 0, Avg: 1.0, Max: 3, Diff: 3, Sum: 4]
      [Scan RS (ms): Min: 0.2, Avg: 1.9, Max: 6.6, Diff: 6.4, Sum: 7.7]
      [Code Root Scanning (ms): Min: 0.0, Avg: 0.0, Max: 0.1, Diff: 0.0, Sum: 0.2]
      [Object Copy (ms): Min: 0.0, Avg: 4.4, Max: 5.8, Diff: 5.8, Sum: 17.5]
      [Termination (ms): Min: 0.0, Avg: 0.2, Max: 0.3, Diff: 0.3, Sum: 0.8]
      [GC Worker Other (ms): Min: 0.0, Avg: 0.0, Max: 0.0, Diff: 0.0, Sum: 0.1]
      [GC Worker Total (ms): Min: 6.3, Avg: 6.9, Max: 7.1, Diff: 0.8, Sum: 27.6]
      [GC Worker End (ms): Min: 139642.2, Avg: 139642.2, Max: 139642.2, Diff: 0.0]
   [Code Root Fixup: 0.0 ms]
   [Code Root Migration: 0.1 ms]
   [Clear CT: 0.2 ms]
   [Other: 193.3 ms]
      [Choose CSet: 0.0 ms]
      [Ref Proc: 191.0 ms]
      [Ref Enq: 1.2 ms]
      [Free CSet: 1.0 ms]
   [Eden: 820.0M(820.0M)->0.0B(751.0M) Survivors: 20.0M->20.0M Heap: 2786.6M(4096.0M)->1966.1M(4096.0M)]
 [Times: user=0.72 sys=0.01, real=0.20 secs] 
2016-01-06T01:06:01.279-0800: 139.942: [GC pause (young)
Desired survivor size 50855936 bytes, new threshold 15 (max 15)
- age   1:   18677152 bytes,   18677152 total
- age   2:      36864 bytes,   18714016 total
2016-01-06T01:06:01.464-0800: 140.127: [SoftReference, 0 refs, 0.0000470 secs]2016-01-06T01:06:01.464-0800: 140.127: [WeakReference, 0 refs, 0.0000070 secs]2016-01-06T01:06:01.464-0800: 140.127: [FinalReference, 0 refs, 0.0000050 secs]2016-01-06T01:06:01.464-0800: 140.127: [PhantomReference, 0 refs, 23791 refs, 0.0008180 secs]2016-01-06T01:06:01.465-0800: 140.128: [JNI Weak Reference, 0.0000070 secs], 0.1886610 secs]
   [Parallel Time: 5.8 ms, GC Workers: 4]
      [GC Worker Start (ms): Min: 139941.6, Avg: 139941.6, Max: 139941.6, Diff: 0.1]
      [Ext Root Scanning (ms): Min: 0.3, Avg: 0.4, Max: 0.4, Diff: 0.1, Sum: 1.4]
      [SATB Filtering (ms): Min: 0.0, Avg: 0.0, Max: 0.0, Diff: 0.0, Sum: 0.0]
      [Update RS (ms): Min: 0.0, Avg: 0.1, Max: 0.2, Diff: 0.2, Sum: 0.2]
         [Processed Buffers: Min: 0, Avg: 1.0, Max: 3, Diff: 3, Sum: 4]
      [Scan RS (ms): Min: 0.3, Avg: 0.3, Max: 0.4, Diff: 0.1, Sum: 1.4]
      [Code Root Scanning (ms): Min: 0.0, Avg: 0.0, Max: 0.1, Diff: 0.0, Sum: 0.1]
      [Object Copy (ms): Min: 4.9, Avg: 4.9, Max: 4.9, Diff: 0.0, Sum: 19.6]
      [Termination (ms): Min: 0.0, Avg: 0.0, Max: 0.0, Diff: 0.0, Sum: 0.0]
      [GC Worker Other (ms): Min: 0.0, Avg: 0.1, Max: 0.1, Diff: 0.0, Sum: 0.2]
      [GC Worker Total (ms): Min: 5.7, Avg: 5.7, Max: 5.8, Diff: 0.1, Sum: 23.0]
      [GC Worker End (ms): Min: 139947.3, Avg: 139947.4, Max: 139947.4, Diff: 0.0]
   [Code Root Fixup: 0.0 ms]
   [Code Root Migration: 0.1 ms]
   [Clear CT: 0.2 ms]
   [Other: 182.5 ms]
      [Choose CSet: 0.0 ms]
      [Ref Proc: 180.3 ms]
      [Ref Enq: 1.1 ms]
      [Free CSet: 1.0 ms]
   [Eden: 751.0M(751.0M)->0.0B(1633.0M) Survivors: 20.0M->20.0M Heap: 2717.1M(4096.0M)->1966.6M(4096.0M)]
 [Times: user=0.71 sys=0.01, real=0.19 secs] 
2016-01-06T01:06:01.719-0800: 140.382: [GC pause (young)
Desired survivor size 108527616 bytes, new threshold 15 (max 15)
- age   1:   18523144 bytes,   18523144 total
- age   2:      36864 bytes,   18560008 total
2016-01-06T01:06:01.916-0800: 140.579: [SoftReference, 0 refs, 0.0000450 secs]2016-01-06T01:06:01.917-0800: 140.579: [WeakReference, 0 refs, 0.0000060 secs]2016-01-06T01:06:01.917-0800: 140.579: [FinalReference, 0 refs, 0.0000060 secs]2016-01-06T01:06:01.917-0800: 140.579: [PhantomReference, 0 refs, 51133 refs, 0.0018410 secs]2016-01-06T01:06:01.918-0800: 140.581: [JNI Weak Reference, 0.0000090 secs], 0.2042510 secs]
   [Parallel Time: 11.5 ms, GC Workers: 4]
      [GC Worker Start (ms): Min: 140382.1, Avg: 140382.1, Max: 140382.1, Diff: 0.1]
      [Ext Root Scanning (ms): Min: 0.4, Avg: 0.8, Max: 1.8, Diff: 1.5, Sum: 3.1]
      [SATB Filtering (ms): Min: 0.0, Avg: 0.0, Max: 0.0, Diff: 0.0, Sum: 0.0]
      [Update RS (ms): Min: 0.0, Avg: 0.0, Max: 0.1, Diff: 0.1, Sum: 0.1]
         [Processed Buffers: Min: 0, Avg: 1.0, Max: 3, Diff: 3, Sum: 4]
      [Scan RS (ms): Min: 0.1, Avg: 0.7, Max: 0.9, Diff: 0.8, Sum: 2.8]
      [Code Root Scanning (ms): Min: 0.0, Avg: 0.1, Max: 0.1, Diff: 0.1, Sum: 0.3]
      [Object Copy (ms): Min: 9.4, Avg: 9.7, Max: 9.9, Diff: 0.5, Sum: 38.9]
      [Termination (ms): Min: 0.0, Avg: 0.0, Max: 0.0, Diff: 0.0, Sum: 0.0]
      [GC Worker Other (ms): Min: 0.0, Avg: 0.1, Max: 0.1, Diff: 0.0, Sum: 0.2]
      [GC Worker Total (ms): Min: 11.3, Avg: 11.4, Max: 11.4, Diff: 0.1, Sum: 45.5]
      [GC Worker End (ms): Min: 140393.4, Avg: 140393.5, Max: 140393.5, Diff: 0.0]
   [Code Root Fixup: 0.0 ms]
   [Code Root Migration: 0.2 ms]
   [Clear CT: 0.4 ms]
   [Other: 192.1 ms]
      [Choose CSet: 0.0 ms]
      [Ref Proc: 187.8 ms]
      [Ref Enq: 2.4 ms]
      [Free CSet: 1.8 ms]
   [Eden: 1633.0M(1633.0M)->0.0B(886.0M) Survivors: 20.0M->22.0M Heap: 3599.6M(4096.0M)->1968.1M(4096.0M)]
 [Times: user=0.78 sys=0.00, real=0.20 secs] 
2016-01-06T01:06:02.050-0800: 140.713: [GC pause (young)
Desired survivor size 59768832 bytes, new threshold 15 (max 15)
- age   1:   20491768 bytes,   20491768 total
- age   2:      36864 bytes,   20528632 total
2016-01-06T01:06:02.244-0800: 140.907: [SoftReference, 0 refs, 0.0000500 secs]2016-01-06T01:06:02.244-0800: 140.907: [WeakReference, 0 refs, 0.0000070 secs]2016-01-06T01:06:02.244-0800: 140.907: [FinalReference, 0 refs, 0.0000050 secs]2016-01-06T01:06:02.244-0800: 140.907: [PhantomReference, 0 refs, 27976 refs, 0.0010060 secs]2016-01-06T01:06:02.245-0800: 140.908: [JNI Weak Reference, 0.0000080 secs], 0.1981280 secs]
   [Parallel Time: 5.8 ms, GC Workers: 4]
      [GC Worker Start (ms): Min: 140712.9, Avg: 140713.7, Max: 140716.0, Diff: 3.1]
      [Ext Root Scanning (ms): Min: 0.0, Avg: 0.3, Max: 0.5, Diff: 0.5, Sum: 1.3]
      [SATB Filtering (ms): Min: 0.0, Avg: 0.0, Max: 0.0, Diff: 0.0, Sum: 0.0]
      [Update RS (ms): Min: 0.0, Avg: 0.1, Max: 0.2, Diff: 0.2, Sum: 0.2]
         [Processed Buffers: Min: 0, Avg: 1.0, Max: 3, Diff: 3, Sum: 4]
      [Scan RS (ms): Min: 0.2, Avg: 0.4, Max: 0.5, Diff: 0.4, Sum: 1.5]
      [Code Root Scanning (ms): Min: 0.0, Avg: 0.0, Max: 0.1, Diff: 0.1, Sum: 0.1]
      [Object Copy (ms): Min: 2.3, Avg: 4.0, Max: 4.6, Diff: 2.2, Sum: 16.0]
      [Termination (ms): Min: 0.0, Avg: 0.0, Max: 0.0, Diff: 0.0, Sum: 0.0]
      [GC Worker Other (ms): Min: 0.0, Avg: 0.1, Max: 0.1, Diff: 0.1, Sum: 0.2]
      [GC Worker Total (ms): Min: 2.5, Avg: 4.9, Max: 5.6, Diff: 3.1, Sum: 19.4]
      [GC Worker End (ms): Min: 140718.5, Avg: 140718.5, Max: 140718.6, Diff: 0.1]
   [Code Root Fixup: 0.0 ms]
   [Code Root Migration: 0.1 ms]
   [Clear CT: 0.3 ms]
   [Other: 191.9 ms]
      [Choose CSet: 0.0 ms]
      [Ref Proc: 189.5 ms]
      [Ref Enq: 1.3 ms]
      [Free CSet: 1.1 ms]
   [Eden: 886.0M(886.0M)->0.0B(924.0M) Survivors: 22.0M->21.0M Heap: 2854.1M(4096.0M)->1967.1M(4096.0M)]
 [Times: user=0.75 sys=0.01, real=0.20 secs] 
2016-01-06T01:06:02.378-0800: 141.041: [GC pause (young)
Desired survivor size 62390272 bytes, new threshold 15 (max 15)
- age   1:   18824464 bytes,   18824464 total
- age   2:      36864 bytes,   18861328 total
2016-01-06T01:06:02.585-0800: 141.248: [SoftReference, 0 refs, 0.0000440 secs]2016-01-06T01:06:02.585-0800: 141.248: [WeakReference, 0 refs, 0.0000070 secs]2016-01-06T01:06:02.585-0800: 141.248: [FinalReference, 0 refs, 0.0000060 secs]2016-01-06T01:06:02.585-0800: 141.248: [PhantomReference, 0 refs, 29154 refs, 0.0010020 secs]2016-01-06T01:06:02.586-0800: 141.249: [JNI Weak Reference, 0.0000210 secs], 0.2108130 secs]
   [Parallel Time: 30.6 ms, GC Workers: 4]
      [GC Worker Start (ms): Min: 141041.4, Avg: 141042.2, Max: 141044.5, Diff: 3.1]
      [Ext Root Scanning (ms): Min: 0.1, Avg: 0.4, Max: 0.6, Diff: 0.5, Sum: 1.5]
      [SATB Filtering (ms): Min: 0.0, Avg: 0.0, Max: 0.0, Diff: 0.0, Sum: 0.0]
      [Update RS (ms): Min: 0.0, Avg: 0.1, Max: 0.2, Diff: 0.2, Sum: 0.2]
         [Processed Buffers: Min: 0, Avg: 1.0, Max: 3, Diff: 3, Sum: 4]
      [Scan RS (ms): Min: 0.1, Avg: 0.4, Max: 0.7, Diff: 0.6, Sum: 1.7]
      [Code Root Scanning (ms): Min: 0.0, Avg: 1.5, Max: 6.0, Diff: 6.0, Sum: 6.2]
      [Object Copy (ms): Min: 3.4, Avg: 10.9, Max: 22.5, Diff: 19.1, Sum: 43.5]
      [Termination (ms): Min: 0.0, Avg: 12.3, Max: 16.4, Diff: 16.4, Sum: 49.1]
      [GC Worker Other (ms): Min: 0.0, Avg: 0.2, Max: 0.7, Diff: 0.7, Sum: 0.7]
      [GC Worker Total (ms): Min: 23.4, Avg: 25.8, Max: 26.6, Diff: 3.1, Sum: 103.0]
      [GC Worker End (ms): Min: 141067.9, Avg: 141067.9, Max: 141067.9, Diff: 0.0]
   [Code Root Fixup: 0.0 ms]
   [Code Root Migration: 0.1 ms]
   [Clear CT: 0.3 ms]
   [Other: 179.7 ms]
      [Choose CSet: 0.0 ms]
      [Ref Proc: 177.2 ms]
      [Ref Enq: 1.3 ms]
      [Free CSet: 1.2 ms]
   [Eden: 924.0M(924.0M)->0.0B(788.0M) Survivors: 21.0M->20.0M Heap: 2891.1M(4096.0M)->1966.6M(4096.0M)]
 [Times: user=0.68 sys=0.00, real=0.21 secs] 
2016-01-06T01:06:02.709-0800: 141.372: [GC pause (young)
Desired survivor size 52953088 bytes, new threshold 15 (max 15)
- age   1:   18909280 bytes,   18909280 total
- age   2:      36864 bytes,   18946144 total
2016-01-06T01:06:02.903-0800: 141.566: [SoftReference, 0 refs, 0.0000430 secs]2016-01-06T01:06:02.903-0800: 141.566: [WeakReference, 0 refs, 0.0000060 secs]2016-01-06T01:06:02.903-0800: 141.566: [FinalReference, 0 refs, 0.0000050 secs]2016-01-06T01:06:02.903-0800: 141.566: [PhantomReference, 0 refs, 24938 refs, 0.0008840 secs]2016-01-06T01:06:02.904-0800: 141.567: [JNI Weak Reference, 0.0000080 secs], 0.1979930 secs]
   [Parallel Time: 6.3 ms, GC Workers: 4]
      [GC Worker Start (ms): Min: 141371.8, Avg: 141371.8, Max: 141371.9, Diff: 0.1]
      [Ext Root Scanning (ms): Min: 0.3, Avg: 0.4, Max: 0.4, Diff: 0.0, Sum: 1.5]
      [SATB Filtering (ms): Min: 0.0, Avg: 0.0, Max: 0.0, Diff: 0.0, Sum: 0.0]
      [Update RS (ms): Min: 0.0, Avg: 0.1, Max: 0.2, Diff: 0.2, Sum: 0.2]
         [Processed Buffers: Min: 0, Avg: 1.2, Max: 3, Diff: 3, Sum: 5]
      [Scan RS (ms): Min: 0.3, Avg: 0.4, Max: 0.4, Diff: 0.1, Sum: 1.5]
      [Code Root Scanning (ms): Min: 0.0, Avg: 0.0, Max: 0.0, Diff: 0.0, Sum: 0.2]
      [Object Copy (ms): Min: 5.2, Avg: 5.2, Max: 5.2, Diff: 0.0, Sum: 20.9]
      [Termination (ms): Min: 0.0, Avg: 0.0, Max: 0.0, Diff: 0.0, Sum: 0.0]
      [GC Worker Other (ms): Min: 0.0, Avg: 0.1, Max: 0.1, Diff: 0.1, Sum: 0.2]
      [GC Worker Total (ms): Min: 6.0, Avg: 6.1, Max: 6.2, Diff: 0.1, Sum: 24.4]
      [GC Worker End (ms): Min: 141377.9, Avg: 141377.9, Max: 141378.0, Diff: 0.1]
   [Code Root Fixup: 0.0 ms]
   [Code Root Migration: 0.1 ms]
   [Clear CT: 0.3 ms]
   [Other: 191.3 ms]
      [Choose CSet: 0.0 ms]
      [Ref Proc: 189.0 ms]
      [Ref Enq: 1.1 ms]
      [Free CSet: 1.1 ms]
   [Eden: 788.0M(788.0M)->0.0B(872.0M) Survivors: 20.0M->20.0M Heap: 2754.6M(4096.0M)->1966.6M(4096.0M)]
 [Times: user=0.74 sys=0.00, real=0.20 secs] 
2016-01-06T01:06:03.036-0800: 141.699: [GC pause (young)
Desired survivor size 58720256 bytes, new threshold 15 (max 15)
- age   1:   18605728 bytes,   18605728 total
- age   2:      36864 bytes,   18642592 total
2016-01-06T01:06:03.233-0800: 141.896: [SoftReference, 0 refs, 0.0000440 secs]2016-01-06T01:06:03.233-0800: 141.896: [WeakReference, 0 refs, 0.0000060 secs]2016-01-06T01:06:03.233-0800: 141.896: [FinalReference, 0 refs, 0.0000050 secs]2016-01-06T01:06:03.233-0800: 141.896: [PhantomReference, 0 refs, 27542 refs, 0.0009240 secs]2016-01-06T01:06:03.234-0800: 141.897: [JNI Weak Reference, 0.0000080 secs], 0.2002660 secs]
   [Parallel Time: 8.0 ms, GC Workers: 4]
      [GC Worker Start (ms): Min: 141699.5, Avg: 141701.4, Max: 141707.1, Diff: 7.6]
      [Ext Root Scanning (ms): Min: 0.0, Avg: 0.4, Max: 0.5, Diff: 0.5, Sum: 1.6]
      [SATB Filtering (ms): Min: 0.0, Avg: 0.0, Max: 0.0, Diff: 0.0, Sum: 0.0]
      [Update RS (ms): Min: 0.0, Avg: 0.1, Max: 0.2, Diff: 0.2, Sum: 0.2]
         [Processed Buffers: Min: 0, Avg: 1.0, Max: 3, Diff: 3, Sum: 4]
      [Scan RS (ms): Min: 0.2, Avg: 0.4, Max: 0.6, Diff: 0.4, Sum: 1.7]
      [Code Root Scanning (ms): Min: 0.0, Avg: 0.0, Max: 0.1, Diff: 0.1, Sum: 0.2]
      [Object Copy (ms): Min: 0.0, Avg: 4.7, Max: 6.3, Diff: 6.3, Sum: 18.9]
      [Termination (ms): Min: 0.0, Avg: 0.3, Max: 0.4, Diff: 0.4, Sum: 1.0]
      [GC Worker Other (ms): Min: 0.0, Avg: 0.0, Max: 0.1, Diff: 0.0, Sum: 0.1]
      [GC Worker Total (ms): Min: 0.2, Avg: 5.9, Max: 7.9, Diff: 7.7, Sum: 23.8]
      [GC Worker End (ms): Min: 141707.3, Avg: 141707.3, Max: 141707.4, Diff: 0.0]
   [Code Root Fixup: 0.0 ms]
   [Code Root Migration: 0.1 ms]
   [Clear CT: 0.2 ms]
   [Other: 191.9 ms]
      [Choose CSet: 0.0 ms]
      [Ref Proc: 189.5 ms]
      [Ref Enq: 1.3 ms]
      [Free CSet: 1.1 ms]
   [Eden: 872.0M(872.0M)->0.0B(695.0M) Survivors: 20.0M->20.0M Heap: 2838.6M(4096.0M)->1966.1M(4096.0M)]
 [Times: user=0.75 sys=0.00, real=0.20 secs] 
2016-01-06T01:06:03.335-0800: 141.998: [GC pause (young)
Desired survivor size 47185920 bytes, new threshold 15 (max 15)
- age   1:   18793216 bytes,   18793216 total
- age   2:      36864 bytes,   18830080 total
2016-01-06T01:06:03.523-0800: 142.186: [SoftReference, 0 refs, 0.0000480 secs]2016-01-06T01:06:03.523-0800: 142.186: [WeakReference, 0 refs, 0.0000070 secs]2016-01-06T01:06:03.523-0800: 142.186: [FinalReference, 0 refs, 0.0000060 secs]2016-01-06T01:06:03.523-0800: 142.186: [PhantomReference, 0 refs, 22055 refs, 0.0007640 secs]2016-01-06T01:06:03.524-0800: 142.187: [JNI Weak Reference, 0.0000070 secs], 0.1910460 secs]
   [Parallel Time: 5.4 ms, GC Workers: 4]
      [GC Worker Start (ms): Min: 141998.1, Avg: 141998.2, Max: 141998.4, Diff: 0.3]
      [Ext Root Scanning (ms): Min: 0.2, Avg: 0.7, Max: 1.9, Diff: 1.7, Sum: 2.9]
      [SATB Filtering (ms): Min: 0.0, Avg: 0.0, Max: 0.0, Diff: 0.0, Sum: 0.0]
      [Update RS (ms): Min: 0.0, Avg: 0.0, Max: 0.2, Diff: 0.2, Sum: 0.2]
         [Processed Buffers: Min: 0, Avg: 1.0, Max: 3, Diff: 3, Sum: 4]
      [Scan RS (ms): Min: 0.1, Avg: 0.3, Max: 0.4, Diff: 0.4, Sum: 1.2]
      [Code Root Scanning (ms): Min: 0.0, Avg: 0.0, Max: 0.0, Diff: 0.0, Sum: 0.1]
      [Object Copy (ms): Min: 3.3, Avg: 4.1, Max: 4.4, Diff: 1.1, Sum: 16.5]
      [Termination (ms): Min: 0.0, Avg: 0.0, Max: 0.0, Diff: 0.0, Sum: 0.0]
      [GC Worker Other (ms): Min: 0.0, Avg: 0.0, Max: 0.1, Diff: 0.0, Sum: 0.1]
      [GC Worker Total (ms): Min: 5.1, Avg: 5.3, Max: 5.4, Diff: 0.3, Sum: 21.1]
      [GC Worker End (ms): Min: 142003.4, Avg: 142003.4, Max: 142003.5, Diff: 0.0]
   [Code Root Fixup: 0.0 ms]
   [Code Root Migration: 0.1 ms]
   [Clear CT: 0.2 ms]
   [Other: 185.3 ms]
      [Choose CSet: 0.0 ms]
      [Ref Proc: 183.3 ms]
      [Ref Enq: 1.0 ms]
      [Free CSet: 0.9 ms]
   [Eden: 695.0M(695.0M)->0.0B(760.0M) Survivors: 20.0M->7168.0K Heap: 2661.1M(4096.0M)->1953.6M(4096.0M)]
 [Times: user=0.73 sys=0.00, real=0.20 secs] 
2016-01-06T01:06:03.644-0800: 142.307: [GC pause (young)
Desired survivor size 50331648 bytes, new threshold 15 (max 15)
- age   1:    6184648 bytes,    6184648 total
- age   2:      36864 bytes,    6221512 total
2016-01-06T01:06:03.837-0800: 142.499: [SoftReference, 0 refs, 0.0000540 secs]2016-01-06T01:06:03.837-0800: 142.500: [WeakReference, 0 refs, 0.0000070 secs]2016-01-06T01:06:03.837-0800: 142.500: [FinalReference, 0 refs, 0.0000060 secs]2016-01-06T01:06:03.837-0800: 142.500: [PhantomReference, 0 refs, 24070 refs, 0.0009280 secs]2016-01-06T01:06:03.838-0800: 142.500: [JNI Weak Reference, 0.0000080 secs], 0.1958250 secs]
   [Parallel Time: 6.1 ms, GC Workers: 4]
      [GC Worker Start (ms): Min: 142307.2, Avg: 142307.3, Max: 142307.3, Diff: 0.1]
      [Ext Root Scanning (ms): Min: 0.4, Avg: 0.5, Max: 0.7, Diff: 0.3, Sum: 2.0]
      [SATB Filtering (ms): Min: 0.0, Avg: 0.0, Max: 0.0, Diff: 0.0, Sum: 0.0]
      [Update RS (ms): Min: 0.0, Avg: 0.0, Max: 0.1, Diff: 0.1, Sum: 0.1]
         [Processed Buffers: Min: 0, Avg: 1.0, Max: 3, Diff: 3, Sum: 4]
      [Scan RS (ms): Min: 0.2, Avg: 0.4, Max: 0.4, Diff: 0.2, Sum: 1.4]
      [Code Root Scanning (ms): Min: 0.0, Avg: 0.0, Max: 0.0, Diff: 0.0, Sum: 0.1]
      [Object Copy (ms): Min: 5.0, Avg: 5.0, Max: 5.0, Diff: 0.0, Sum: 20.0]
      [Termination (ms): Min: 0.0, Avg: 0.0, Max: 0.0, Diff: 0.0, Sum: 0.0]
      [GC Worker Other (ms): Min: 0.0, Avg: 0.0, Max: 0.1, Diff: 0.1, Sum: 0.2]
      [GC Worker Total (ms): Min: 5.9, Avg: 6.0, Max: 6.0, Diff: 0.1, Sum: 23.9]
      [GC Worker End (ms): Min: 142313.2, Avg: 142313.2, Max: 142313.3, Diff: 0.1]
   [Code Root Fixup: 0.0 ms]
   [Code Root Migration: 0.1 ms]
   [Clear CT: 0.2 ms]
   [Other: 189.4 ms]
      [Choose CSet: 0.0 ms]
      [Ref Proc: 187.2 ms]
      [Ref Enq: 1.2 ms]
      [Free CSet: 1.0 ms]
   [Eden: 760.0M(760.0M)->0.0B(944.0M) Survivors: 7168.0K->20.0M Heap: 2713.6M(4096.0M)->1966.6M(4096.0M)]
 [Times: user=0.73 sys=0.00, real=0.20 secs] 
2016-01-06T01:06:03.956-0800: 142.619: [GC concurrent-mark-end, 13.2985800 secs]
2016-01-06T01:06:03.957-0800: 142.620: [GC remark 2016-01-06T01:06:03.957-0800: 142.620: [GC ref-proc2016-01-06T01:06:03.957-0800: 142.620: [SoftReference, 0 refs, 0.0000180 secs]2016-01-06T01:06:03.957-0800: 142.620: [WeakReference, 3 refs, 0.0000140 secs]2016-01-06T01:06:03.957-0800: 142.620: [FinalReference, 4 refs, 0.0000130 secs]2016-01-06T01:06:03.957-0800: 142.620: [PhantomReference, 0 refs, 10482437 refs, 1.5972790 secs]2016-01-06T01:06:05.554-0800: 144.217: [JNI Weak Reference, 0.0000260 secs], 1.5974190 secs], 1.6063310 secs]
 [Times: user=1.13 sys=0.50, real=1.61 secs] 
2016-01-06T01:06:05.563-0800: 144.226: [GC cleanup 2780M->2779M(4096M), 0.0050540 secs]
 [Times: user=0.02 sys=0.00, real=0.01 secs] 
2016-01-06T01:06:05.568-0800: 144.231: [GC concurrent-cleanup-start]
2016-01-06T01:06:05.568-0800: 144.231: [GC concurrent-cleanup-end, 0.0000190 secs]
2016-01-06T01:06:05.588-0800: 144.251: [GC pause (young)
Desired survivor size 63438848 bytes, new threshold 15 (max 15)
- age   1:   18543232 bytes,   18543232 total
- age   2:      36864 bytes,   18580096 total
2016-01-06T01:06:05.595-0800: 144.258: [SoftReference, 0 refs, 0.0000470 secs]2016-01-06T01:06:05.595-0800: 144.258: [WeakReference, 0 refs, 0.0000070 secs]2016-01-06T01:06:05.595-0800: 144.258: [FinalReference, 0 refs, 0.0000050 secs]2016-01-06T01:06:05.595-0800: 144.258: [PhantomReference, 0 refs, 29774 refs, 0.0008590 secs]2016-01-06T01:06:05.596-0800: 144.259: [JNI Weak Reference, 0.0000080 secs], 0.0105300 secs]
   [Parallel Time: 7.0 ms, GC Workers: 4]
      [GC Worker Start (ms): Min: 144250.8, Avg: 144250.8, Max: 144250.9, Diff: 0.1]
      [Ext Root Scanning (ms): Min: 0.3, Avg: 0.4, Max: 0.4, Diff: 0.1, Sum: 1.5]
      [Update RS (ms): Min: 0.0, Avg: 0.1, Max: 0.2, Diff: 0.2, Sum: 0.2]
         [Processed Buffers: Min: 0, Avg: 1.0, Max: 2, Diff: 2, Sum: 4]
      [Scan RS (ms): Min: 0.4, Avg: 0.5, Max: 0.5, Diff: 0.1, Sum: 1.8]
      [Code Root Scanning (ms): Min: 0.0, Avg: 0.0, Max: 0.1, Diff: 0.0, Sum: 0.2]
      [Object Copy (ms): Min: 5.9, Avg: 5.9, Max: 5.9, Diff: 0.0, Sum: 23.6]
      [Termination (ms): Min: 0.0, Avg: 0.0, Max: 0.0, Diff: 0.0, Sum: 0.0]
      [GC Worker Other (ms): Min: 0.0, Avg: 0.1, Max: 0.1, Diff: 0.1, Sum: 0.3]
      [GC Worker Total (ms): Min: 6.9, Avg: 6.9, Max: 6.9, Diff: 0.1, Sum: 27.6]
      [GC Worker End (ms): Min: 144257.7, Avg: 144257.7, Max: 144257.8, Diff: 0.1]
   [Code Root Fixup: 0.0 ms]
   [Code Root Migration: 0.1 ms]
   [Clear CT: 0.3 ms]
   [Other: 3.0 ms]
      [Choose CSet: 0.0 ms]
      [Ref Proc: 1.1 ms]
      [Ref Enq: 0.5 ms]
      [Free CSet: 1.3 ms]
   [Eden: 944.0M(944.0M)->0.0B(1694.0M) Survivors: 20.0M->20.0M Heap: 2909.6M(4096.0M)->1965.6M(4096.0M)]
 [Times: user=0.03 sys=0.00, real=0.01 secs] 
2016-01-06T01:06:05.838-0800: 144.501: [GC pause (young)
Desired survivor size 112721920 bytes, new threshold 15 (max 15)
- age   1:   18953920 bytes,   18953920 total
- age   2:      36864 bytes,   18990784 total
2016-01-06T01:06:05.851-0800: 144.513: [SoftReference, 0 refs, 0.0000500 secs]2016-01-06T01:06:05.851-0800: 144.514: [WeakReference, 0 refs, 0.0000110 secs]2016-01-06T01:06:05.851-0800: 144.514: [FinalReference, 0 refs, 0.0000100 secs]2016-01-06T01:06:05.851-0800: 144.514: [PhantomReference, 0 refs, 53023 refs, 0.0014350 secs]2016-01-06T01:06:05.852-0800: 144.515: [JNI Weak Reference, 0.0000090 secs], 0.0175430 secs]
   [Parallel Time: 12.2 ms, GC Workers: 4]
      [GC Worker Start (ms): Min: 144501.1, Avg: 144501.2, Max: 144501.2, Diff: 0.1]
      [Ext Root Scanning (ms): Min: 0.3, Avg: 0.4, Max: 0.4, Diff: 0.1, Sum: 1.4]
      [Update RS (ms): Min: 0.0, Avg: 0.1, Max: 0.2, Diff: 0.2, Sum: 0.2]
         [Processed Buffers: Min: 0, Avg: 1.0, Max: 3, Diff: 3, Sum: 4]
      [Scan RS (ms): Min: 0.7, Avg: 0.8, Max: 0.8, Diff: 0.1, Sum: 3.2]
      [Code Root Scanning (ms): Min: 0.1, Avg: 0.1, Max: 0.1, Diff: 0.0, Sum: 0.3]
      [Object Copy (ms): Min: 10.7, Avg: 10.7, Max: 10.8, Diff: 0.0, Sum: 43.0]
      [Termination (ms): Min: 0.0, Avg: 0.0, Max: 0.0, Diff: 0.0, Sum: 0.0]
      [GC Worker Other (ms): Min: 0.0, Avg: 0.1, Max: 0.1, Diff: 0.1, Sum: 0.3]
      [GC Worker Total (ms): Min: 12.1, Avg: 12.1, Max: 12.2, Diff: 0.1, Sum: 48.4]
      [GC Worker End (ms): Min: 144513.3, Avg: 144513.3, Max: 144513.3, Diff: 0.1]
   [Code Root Fixup: 0.0 ms]
   [Code Root Migration: 0.3 ms]
   [Clear CT: 0.4 ms]
   [Other: 4.7 ms]
      [Choose CSet: 0.0 ms]
      [Ref Proc: 1.7 ms]
      [Ref Enq: 0.9 ms]
      [Free CSet: 2.0 ms]
   [Eden: 1694.0M(1694.0M)->0.0B(1692.0M) Survivors: 20.0M->22.0M Heap: 3659.6M(4096.0M)->1967.6M(4096.0M)]
 [Times: user=0.06 sys=0.00, real=0.01 secs] 
2016-01-06T01:06:06.095-0800: 144.758: [GC pause (young) (initial-mark)
Desired survivor size 112721920 bytes, new threshold 15 (max 15)
- age   1:   20627920 bytes,   20627920 total
- age   2:      36864 bytes,   20664784 total
2016-01-06T01:06:06.109-0800: 144.772: [SoftReference, 0 refs, 0.0000490 secs]2016-01-06T01:06:06.109-0800: 144.772: [WeakReference, 0 refs, 0.0000070 secs]2016-01-06T01:06:06.109-0800: 144.772: [FinalReference, 0 refs, 0.0000060 secs]2016-01-06T01:06:06.109-0800: 144.772: [PhantomReference, 0 refs, 52962 refs, 0.0013400 secs]2016-01-06T01:06:06.110-0800: 144.773: [JNI Weak Reference, 0.0000070 secs], 0.0187150 secs]
   [Parallel Time: 12.8 ms, GC Workers: 4]
      [GC Worker Start (ms): Min: 144758.6, Avg: 144758.7, Max: 144758.7, Diff: 0.1]
      [Ext Root Scanning (ms): Min: 0.3, Avg: 0.4, Max: 0.4, Diff: 0.1, Sum: 1.4]
      [Code Root Marking (ms): Min: 0.2, Avg: 0.2, Max: 0.3, Diff: 0.0, Sum: 1.0]
      [Update RS (ms): Min: 0.0, Avg: 0.1, Max: 0.2, Diff: 0.2, Sum: 0.2]
         [Processed Buffers: Min: 0, Avg: 1.0, Max: 2, Diff: 2, Sum: 4]
      [Scan RS (ms): Min: 0.7, Avg: 0.8, Max: 0.8, Diff: 0.1, Sum: 3.0]
      [Code Root Scanning (ms): Min: 0.1, Avg: 0.1, Max: 0.1, Diff: 0.0, Sum: 0.3]
      [Object Copy (ms): Min: 11.0, Avg: 11.1, Max: 11.1, Diff: 0.1, Sum: 44.3]
      [Termination (ms): Min: 0.0, Avg: 0.0, Max: 0.0, Diff: 0.0, Sum: 0.0]
      [GC Worker Other (ms): Min: 0.0, Avg: 0.1, Max: 0.1, Diff: 0.1, Sum: 0.3]
      [GC Worker Total (ms): Min: 12.6, Avg: 12.6, Max: 12.7, Diff: 0.1, Sum: 50.5]
      [GC Worker End (ms): Min: 144771.3, Avg: 144771.3, Max: 144771.3, Diff: 0.1]
   [Code Root Fixup: 0.0 ms]
   [Code Root Migration: 0.2 ms]
   [Clear CT: 0.5 ms]
   [Other: 5.2 ms]
      [Choose CSet: 0.0 ms]
      [Ref Proc: 1.6 ms]
      [Ref Enq: 0.9 ms]
      [Free CSet: 2.0 ms]
   [Eden: 1692.0M(1692.0M)->0.0B(1693.0M) Survivors: 22.0M->22.0M Heap: 3659.6M(4096.0M)->1967.6M(4096.0M)]
 [Times: user=0.06 sys=0.00, real=0.02 secs] 
2016-01-06T01:06:06.114-0800: 144.777: [GC concurrent-root-region-scan-start]
2016-01-06T01:06:06.121-0800: 144.784: [GC concurrent-root-region-scan-end, 0.0073840 secs]
2016-01-06T01:06:06.121-0800: 144.784: [GC concurrent-mark-start]
2016-01-06T01:06:06.645-0800: 145.308: [GC pause (young)
Desired survivor size 112721920 bytes, new threshold 15 (max 15)
- age   1:   20623456 bytes,   20623456 total
- age   2:      36864 bytes,   20660320 total
2016-01-06T01:06:06.675-0800: 145.338: [SoftReference, 0 refs, 0.0000450 secs]2016-01-06T01:06:06.675-0800: 145.338: [WeakReference, 0 refs, 0.0000060 secs]2016-01-06T01:06:06.675-0800: 145.338: [FinalReference, 0 refs, 0.0000050 secs]2016-01-06T01:06:06.675-0800: 145.338: [PhantomReference, 0 refs, 52993 refs, 0.0017010 secs]2016-01-06T01:06:06.677-0800: 145.340: [JNI Weak Reference, 0.0000070 secs], 0.0367520 secs]
   [Parallel Time: 25.5 ms, GC Workers: 4]
      [GC Worker Start (ms): Min: 145308.5, Avg: 145311.3, Max: 145319.9, Diff: 11.4]
      [Ext Root Scanning (ms): Min: 0.0, Avg: 0.3, Max: 0.5, Diff: 0.5, Sum: 1.2]
      [SATB Filtering (ms): Min: 0.0, Avg: 0.0, Max: 0.0, Diff: 0.0, Sum: 0.0]
      [Update RS (ms): Min: 1.1, Avg: 10.1, Max: 15.2, Diff: 14.1, Sum: 40.6]
         [Processed Buffers: Min: 2, Avg: 16.2, Max: 28, Diff: 26, Sum: 65]
      [Scan RS (ms): Min: 0.2, Avg: 0.7, Max: 1.0, Diff: 0.7, Sum: 2.8]
      [Code Root Scanning (ms): Min: 0.0, Avg: 0.1, Max: 0.1, Diff: 0.1, Sum: 0.3]
      [Object Copy (ms): Min: 9.5, Avg: 11.2, Max: 11.8, Diff: 2.3, Sum: 44.9]
      [Termination (ms): Min: 0.0, Avg: 0.0, Max: 0.0, Diff: 0.0, Sum: 0.0]
      [GC Worker Other (ms): Min: 0.0, Avg: 0.1, Max: 0.1, Diff: 0.1, Sum: 0.3]
      [GC Worker Total (ms): Min: 14.0, Avg: 22.5, Max: 25.4, Diff: 11.4, Sum: 90.1]
      [GC Worker End (ms): Min: 145333.8, Avg: 145333.9, Max: 145333.9, Diff: 0.1]
   [Code Root Fixup: 0.0 ms]
   [Code Root Migration: 0.2 ms]
   [Clear CT: 0.5 ms]
   [Other: 10.5 ms]
      [Choose CSet: 0.0 ms]
      [Ref Proc: 6.1 ms]
      [Ref Enq: 2.4 ms]
      [Free CSet: 1.9 ms]
   [Eden: 1693.0M(1693.0M)->0.0B(1694.0M) Survivors: 22.0M->21.0M Heap: 3660.6M(4096.0M)->1966.6M(4096.0M)]
 [Times: user=0.11 sys=0.00, real=0.03 secs] 
2016-01-06T01:06:06.928-0800: 145.591: [GC pause (young)
Desired survivor size 112721920 bytes, new threshold 15 (max 15)
- age   1:   20001880 bytes,   20001880 total
- age   2:      36864 bytes,   20038744 total
2016-01-06T01:06:06.974-0800: 145.637: [SoftReference, 0 refs, 0.0000440 secs]2016-01-06T01:06:06.975-0800: 145.637: [WeakReference, 0 refs, 0.0000060 secs]2016-01-06T01:06:06.975-0800: 145.637: [FinalReference, 0 refs, 0.0000060 secs]2016-01-06T01:06:06.975-0800: 145.637: [PhantomReference, 0 refs, 53024 refs, 0.0018410 secs]2016-01-06T01:06:06.976-0800: 145.639: [JNI Weak Reference, 0.0000080 secs], 0.0537180 secs]
   [Parallel Time: 27.7 ms, GC Workers: 4]
      [GC Worker Start (ms): Min: 145590.7, Avg: 145590.7, Max: 145590.8, Diff: 0.1]
      [Ext Root Scanning (ms): Min: 0.3, Avg: 0.4, Max: 0.4, Diff: 0.2, Sum: 1.5]
      [SATB Filtering (ms): Min: 0.0, Avg: 0.0, Max: 0.0, Diff: 0.0, Sum: 0.0]
      [Update RS (ms): Min: 15.9, Avg: 16.1, Max: 16.4, Diff: 0.5, Sum: 64.3]
         [Processed Buffers: Min: 23, Avg: 23.2, Max: 24, Diff: 1, Sum: 93]
      [Scan RS (ms): Min: 0.5, Avg: 0.8, Max: 1.0, Diff: 0.4, Sum: 3.2]
      [Code Root Scanning (ms): Min: 0.1, Avg: 0.1, Max: 0.1, Diff: 0.0, Sum: 0.3]
      [Object Copy (ms): Min: 10.2, Avg: 10.2, Max: 10.2, Diff: 0.0, Sum: 40.7]
      [Termination (ms): Min: 0.0, Avg: 0.0, Max: 0.0, Diff: 0.0, Sum: 0.0]
      [GC Worker Other (ms): Min: 0.0, Avg: 0.1, Max: 0.1, Diff: 0.1, Sum: 0.3]
      [GC Worker Total (ms): Min: 27.5, Avg: 27.6, Max: 27.6, Diff: 0.1, Sum: 110.4]
      [GC Worker End (ms): Min: 145618.3, Avg: 145618.3, Max: 145618.4, Diff: 0.1]
   [Code Root Fixup: 0.0 ms]
   [Code Root Migration: 0.3 ms]
   [Clear CT: 0.4 ms]
   [Other: 25.3 ms]
      [Choose CSet: 0.0 ms]
      [Ref Proc: 20.9 ms]
      [Ref Enq: 2.4 ms]
      [Free CSet: 1.9 ms]
   [Eden: 1694.0M(1694.0M)->0.0B(1694.0M) Survivors: 21.0M->22.0M Heap: 3660.6M(4096.0M)->1967.1M(4096.0M)]
 [Times: user=0.19 sys=0.00, real=0.05 secs] 
2016-01-06T01:06:07.234-0800: 145.897: [GC pause (young)
Desired survivor size 112721920 bytes, new threshold 15 (max 15)
- age   1:   20627920 bytes,   20627920 total
- age   2:      36864 bytes,   20664784 total
2016-01-06T01:06:07.297-0800: 145.960: [SoftReference, 0 refs, 0.0000480 secs]2016-01-06T01:06:07.297-0800: 145.960: [WeakReference, 0 refs, 0.0000070 secs]2016-01-06T01:06:07.297-0800: 145.960: [FinalReference, 0 refs, 0.0000060 secs]2016-01-06T01:06:07.297-0800: 145.960: [PhantomReference, 0 refs, 53025 refs, 0.0018920 secs]2016-01-06T01:06:07.299-0800: 145.962: [JNI Weak Reference, 0.0000090 secs], 0.0700120 secs]
   [Parallel Time: 32.6 ms, GC Workers: 4]
      [GC Worker Start (ms): Min: 145897.3, Avg: 145898.0, Max: 145899.9, Diff: 2.6]
      [Ext Root Scanning (ms): Min: 0.0, Avg: 0.3, Max: 0.5, Diff: 0.5, Sum: 1.3]
      [SATB Filtering (ms): Min: 0.0, Avg: 0.0, Max: 0.0, Diff: 0.0, Sum: 0.0]
      [Update RS (ms): Min: 17.6, Avg: 19.3, Max: 20.1, Diff: 2.6, Sum: 77.4]
         [Processed Buffers: Min: 25, Avg: 27.5, Max: 29, Diff: 4, Sum: 110]
      [Scan RS (ms): Min: 0.7, Avg: 0.8, Max: 0.9, Diff: 0.2, Sum: 3.2]
      [Code Root Scanning (ms): Min: 0.1, Avg: 0.1, Max: 0.1, Diff: 0.0, Sum: 0.3]
      [Object Copy (ms): Min: 11.2, Avg: 11.3, Max: 11.3, Diff: 0.1, Sum: 45.1]
      [Termination (ms): Min: 0.0, Avg: 0.0, Max: 0.0, Diff: 0.0, Sum: 0.0]
      [GC Worker Other (ms): Min: 0.0, Avg: 0.1, Max: 0.1, Diff: 0.1, Sum: 0.2]
      [GC Worker Total (ms): Min: 30.0, Avg: 31.9, Max: 32.6, Diff: 2.6, Sum: 127.5]
      [GC Worker End (ms): Min: 145929.8, Avg: 145929.8, Max: 145929.9, Diff: 0.1]
   [Code Root Fixup: 0.0 ms]
   [Code Root Migration: 0.2 ms]
   [Clear CT: 0.4 ms]
   [Other: 36.7 ms]
      [Choose CSet: 0.0 ms]
      [Ref Proc: 32.3 ms]
      [Ref Enq: 2.4 ms]
      [Free CSet: 1.9 ms]
   [Eden: 1694.0M(1694.0M)->0.0B(1694.0M) Survivors: 22.0M->22.0M Heap: 3661.1M(4096.0M)->1967.6M(4096.0M)]
 [Times: user=0.25 sys=0.00, real=0.07 secs] 
2016-01-06T01:06:07.567-0800: 146.230: [GC pause (young)
Desired survivor size 112721920 bytes, new threshold 15 (max 15)
- age   1:   20627920 bytes,   20627920 total
- age   2:      36864 bytes,   20664784 total
2016-01-06T01:06:07.635-0800: 146.298: [SoftReference, 0 refs, 0.0000500 secs]2016-01-06T01:06:07.635-0800: 146.298: [WeakReference, 0 refs, 0.0000080 secs]2016-01-06T01:06:07.635-0800: 146.298: [FinalReference, 0 refs, 0.0000060 secs]2016-01-06T01:06:07.635-0800: 146.298: [PhantomReference, 0 refs, 53021 refs, 0.0018200 secs]2016-01-06T01:06:07.637-0800: 146.300: [JNI Weak Reference, 0.0000080 secs], 0.0753950 secs]
   [Parallel Time: 31.5 ms, GC Workers: 4]
      [GC Worker Start (ms): Min: 146229.7, Avg: 146229.7, Max: 146229.7, Diff: 0.1]
      [Ext Root Scanning (ms): Min: 0.3, Avg: 0.4, Max: 0.4, Diff: 0.1, Sum: 1.4]
      [SATB Filtering (ms): Min: 0.0, Avg: 0.0, Max: 0.0, Diff: 0.0, Sum: 0.0]
      [Update RS (ms): Min: 19.5, Avg: 19.8, Max: 20.0, Diff: 0.5, Sum: 79.1]
         [Processed Buffers: Min: 27, Avg: 27.8, Max: 28, Diff: 1, Sum: 111]
      [Scan RS (ms): Min: 0.5, Avg: 0.8, Max: 1.0, Diff: 0.5, Sum: 3.1]
      [Code Root Scanning (ms): Min: 0.1, Avg: 0.1, Max: 0.1, Diff: 0.1, Sum: 0.4]
      [Object Copy (ms): Min: 10.3, Avg: 10.3, Max: 10.3, Diff: 0.0, Sum: 41.1]
      [Termination (ms): Min: 0.0, Avg: 0.0, Max: 0.0, Diff: 0.0, Sum: 0.0]
      [GC Worker Other (ms): Min: 0.0, Avg: 0.1, Max: 0.1, Diff: 0.1, Sum: 0.3]
      [GC Worker Total (ms): Min: 31.3, Avg: 31.4, Max: 31.4, Diff: 0.1, Sum: 125.4]
      [GC Worker End (ms): Min: 146261.0, Avg: 146261.1, Max: 146261.1, Diff: 0.1]
   [Code Root Fixup: 0.0 ms]
   [Code Root Migration: 0.3 ms]
   [Clear CT: 0.4 ms]
   [Other: 43.2 ms]
      [Choose CSet: 0.0 ms]
      [Ref Proc: 38.5 ms]
      [Ref Enq: 2.4 ms]
      [Free CSet: 2.2 ms]
   [Eden: 1694.0M(1694.0M)->0.0B(1694.0M) Survivors: 22.0M->22.0M Heap: 3661.6M(4096.0M)->1967.6M(4096.0M)]
 [Times: user=0.27 sys=0.00, real=0.07 secs] 
2016-01-06T01:06:07.906-0800: 146.569: [GC pause (young)
Desired survivor size 112721920 bytes, new threshold 15 (max 15)
- age   1:   20627920 bytes,   20627920 total
- age   2:      36864 bytes,   20664784 total
2016-01-06T01:06:07.987-0800: 146.650: [SoftReference, 0 refs, 0.0000430 secs]2016-01-06T01:06:07.987-0800: 146.650: [WeakReference, 0 refs, 0.0000060 secs]2016-01-06T01:06:07.987-0800: 146.650: [FinalReference, 0 refs, 0.0000060 secs]2016-01-06T01:06:07.987-0800: 146.650: [PhantomReference, 0 refs, 53024 refs, 0.0017890 secs]2016-01-06T01:06:07.989-0800: 146.652: [JNI Weak Reference, 0.0000100 secs], 0.0883270 secs]
   [Parallel Time: 31.5 ms, GC Workers: 4]
      [GC Worker Start (ms): Min: 146568.7, Avg: 146569.1, Max: 146570.0, Diff: 1.3]
      [Ext Root Scanning (ms): Min: 0.0, Avg: 0.3, Max: 0.5, Diff: 0.5, Sum: 1.3]
      [SATB Filtering (ms): Min: 0.0, Avg: 0.0, Max: 0.0, Diff: 0.0, Sum: 0.0]
      [Update RS (ms): Min: 18.6, Avg: 18.9, Max: 19.3, Diff: 0.6, Sum: 75.5]
         [Processed Buffers: Min: 20, Avg: 24.8, Max: 28, Diff: 8, Sum: 99]
      [Scan RS (ms): Min: 0.3, Avg: 0.8, Max: 1.1, Diff: 0.8, Sum: 3.3]
      [Code Root Scanning (ms): Min: 0.0, Avg: 0.1, Max: 0.2, Diff: 0.2, Sum: 0.4]
      [Object Copy (ms): Min: 10.5, Avg: 10.9, Max: 11.0, Diff: 0.5, Sum: 43.4]
      [Termination (ms): Min: 0.0, Avg: 0.0, Max: 0.0, Diff: 0.0, Sum: 0.0]
      [GC Worker Other (ms): Min: 0.0, Avg: 0.1, Max: 0.1, Diff: 0.1, Sum: 0.3]
      [GC Worker Total (ms): Min: 30.1, Avg: 31.0, Max: 31.4, Diff: 1.3, Sum: 124.2]
      [GC Worker End (ms): Min: 146600.1, Avg: 146600.1, Max: 146600.2, Diff: 0.1]
   [Code Root Fixup: 0.0 ms]
   [Code Root Migration: 0.2 ms]
   [Clear CT: 0.5 ms]
   [Other: 56.1 ms]
      [Choose CSet: 0.0 ms]
      [Ref Proc: 51.7 ms]
      [Ref Enq: 2.4 ms]
      [Free CSet: 1.9 ms]
   [Eden: 1694.0M(1694.0M)->0.0B(1694.0M) Survivors: 22.0M->22.0M Heap: 3661.6M(4096.0M)->1967.6M(4096.0M)]
 [Times: user=0.32 sys=0.01, real=0.08 secs] 
2016-01-06T01:06:08.234-0800: 146.897: [GC pause (young)
Desired survivor size 112721920 bytes, new threshold 15 (max 15)
- age   1:   20627920 bytes,   20627920 total
- age   2:      36864 bytes,   20664784 total
2016-01-06T01:06:08.335-0800: 146.998: [SoftReference, 0 refs, 0.0000420 secs]2016-01-06T01:06:08.335-0800: 146.998: [WeakReference, 0 refs, 0.0000060 secs]2016-01-06T01:06:08.335-0800: 146.998: [FinalReference, 0 refs, 0.0000050 secs]2016-01-06T01:06:08.335-0800: 146.998: [PhantomReference, 0 refs, 53024 refs, 0.0018040 secs]2016-01-06T01:06:08.337-0800: 147.000: [JNI Weak Reference, 0.0000230 secs], 0.1082410 secs]
   [Parallel Time: 37.9 ms, GC Workers: 4]
      [GC Worker Start (ms): Min: 146896.8, Avg: 146896.9, Max: 146896.9, Diff: 0.1]
      [Ext Root Scanning (ms): Min: 0.3, Avg: 0.4, Max: 0.4, Diff: 0.1, Sum: 1.4]
      [SATB Filtering (ms): Min: 0.0, Avg: 0.0, Max: 0.0, Diff: 0.0, Sum: 0.0]
      [Update RS (ms): Min: 26.1, Avg: 26.3, Max: 26.7, Diff: 0.5, Sum: 105.2]
         [Processed Buffers: Min: 36, Avg: 36.8, Max: 37, Diff: 1, Sum: 147]
      [Scan RS (ms): Min: 0.5, Avg: 0.8, Max: 0.9, Diff: 0.5, Sum: 3.1]
      [Code Root Scanning (ms): Min: 0.0, Avg: 0.1, Max: 0.1, Diff: 0.1, Sum: 0.4]
      [Object Copy (ms): Min: 10.1, Avg: 10.2, Max: 10.2, Diff: 0.0, Sum: 40.7]
      [Termination (ms): Min: 0.0, Avg: 0.0, Max: 0.0, Diff: 0.0, Sum: 0.0]
      [GC Worker Other (ms): Min: 0.0, Avg: 0.1, Max: 0.1, Diff: 0.0, Sum: 0.2]
      [GC Worker Total (ms): Min: 37.8, Avg: 37.8, Max: 37.8, Diff: 0.1, Sum: 151.1]
      [GC Worker End (ms): Min: 146934.6, Avg: 146934.6, Max: 146934.7, Diff: 0.0]
   [Code Root Fixup: 0.0 ms]
   [Code Root Migration: 0.2 ms]
   [Clear CT: 0.5 ms]
   [Other: 69.6 ms]
      [Choose CSet: 0.0 ms]
      [Ref Proc: 65.2 ms]
      [Ref Enq: 2.4 ms]
      [Free CSet: 1.9 ms]
   [Eden: 1694.0M(1694.0M)->0.0B(1695.0M) Survivors: 22.0M->22.0M Heap: 3661.6M(4096.0M)->1967.1M(4096.0M)]
 [Times: user=0.40 sys=0.01, real=0.11 secs] 
2016-01-06T01:06:08.600-0800: 147.263: [GC pause (young)
Desired survivor size 112721920 bytes, new threshold 15 (max 15)
- age   1:   20627920 bytes,   20627920 total
- age   2:      36864 bytes,   20664784 total
2016-01-06T01:06:08.720-0800: 147.383: [SoftReference, 0 refs, 0.0000420 secs]2016-01-06T01:06:08.720-0800: 147.383: [WeakReference, 0 refs, 0.0000060 secs]2016-01-06T01:06:08.720-0800: 147.383: [FinalReference, 0 refs, 0.0000050 secs]2016-01-06T01:06:08.720-0800: 147.383: [PhantomReference, 0 refs, 53055 refs, 0.0019280 secs]2016-01-06T01:06:08.722-0800: 147.385: [JNI Weak Reference, 0.0000090 secs], 0.1265330 secs]
   [Parallel Time: 30.7 ms, GC Workers: 4]
      [GC Worker Start (ms): Min: 147263.3, Avg: 147263.4, Max: 147263.4, Diff: 0.1]
      [Ext Root Scanning (ms): Min: 0.3, Avg: 0.4, Max: 0.4, Diff: 0.1, Sum: 1.5]
      [SATB Filtering (ms): Min: 0.0, Avg: 0.0, Max: 0.0, Diff: 0.0, Sum: 0.0]
      [Update RS (ms): Min: 18.4, Avg: 18.6, Max: 18.8, Diff: 0.4, Sum: 74.4]
         [Processed Buffers: Min: 26, Avg: 26.2, Max: 27, Diff: 1, Sum: 105]
      [Scan RS (ms): Min: 0.6, Avg: 0.8, Max: 1.0, Diff: 0.4, Sum: 3.1]
      [Code Root Scanning (ms): Min: 0.1, Avg: 0.1, Max: 0.1, Diff: 0.1, Sum: 0.4]
      [Object Copy (ms): Min: 10.7, Avg: 10.7, Max: 10.7, Diff: 0.1, Sum: 42.9]
      [Termination (ms): Min: 0.0, Avg: 0.0, Max: 0.0, Diff: 0.0, Sum: 0.0]
      [GC Worker Other (ms): Min: 0.0, Avg: 0.1, Max: 0.1, Diff: 0.0, Sum: 0.2]
      [GC Worker Total (ms): Min: 30.6, Avg: 30.6, Max: 30.6, Diff: 0.1, Sum: 122.4]
      [GC Worker End (ms): Min: 147294.0, Avg: 147294.0, Max: 147294.0, Diff: 0.0]
   [Code Root Fixup: 0.0 ms]
   [Code Root Migration: 0.2 ms]
   [Clear CT: 0.5 ms]
   [Other: 95.1 ms]
      [Choose CSet: 0.0 ms]
      [Ref Proc: 90.6 ms]
      [Ref Enq: 2.4 ms]
      [Free CSet: 1.9 ms]
   [Eden: 1695.0M(1695.0M)->0.0B(1694.0M) Survivors: 22.0M->22.0M Heap: 3662.1M(4096.0M)->1967.6M(4096.0M)]
 [Times: user=0.44 sys=0.00, real=0.13 secs] 
2016-01-06T01:06:08.969-0800: 147.632: [GC pause (young)
Desired survivor size 112721920 bytes, new threshold 15 (max 15)
- age   1:   20630152 bytes,   20630152 total
- age   2:      36864 bytes,   20667016 total
2016-01-06T01:06:09.102-0800: 147.765: [SoftReference, 0 refs, 0.0000490 secs]2016-01-06T01:06:09.102-0800: 147.765: [WeakReference, 0 refs, 0.0000070 secs]2016-01-06T01:06:09.102-0800: 147.765: [FinalReference, 0 refs, 0.0000050 secs]2016-01-06T01:06:09.102-0800: 147.765: [PhantomReference, 0 refs, 53025 refs, 0.0017600 secs]2016-01-06T01:06:09.104-0800: 147.767: [JNI Weak Reference, 0.0000080 secs], 0.1402470 secs]
   [Parallel Time: 38.4 ms, GC Workers: 4]
      [GC Worker Start (ms): Min: 147631.9, Avg: 147631.9, Max: 147631.9, Diff: 0.1]
      [Ext Root Scanning (ms): Min: 0.3, Avg: 0.4, Max: 0.4, Diff: 0.1, Sum: 1.4]
      [SATB Filtering (ms): Min: 0.0, Avg: 0.0, Max: 0.0, Diff: 0.0, Sum: 0.0]
      [Update RS (ms): Min: 26.2, Avg: 26.4, Max: 26.8, Diff: 0.6, Sum: 105.5]
         [Processed Buffers: Min: 37, Avg: 37.8, Max: 39, Diff: 2, Sum: 151]
      [Scan RS (ms): Min: 0.5, Avg: 0.8, Max: 0.9, Diff: 0.5, Sum: 3.1]
      [Code Root Scanning (ms): Min: 0.0, Avg: 0.1, Max: 0.1, Diff: 0.1, Sum: 0.4]
      [Object Copy (ms): Min: 10.6, Avg: 10.6, Max: 10.7, Diff: 0.1, Sum: 42.5]
      [Termination (ms): Min: 0.0, Avg: 0.0, Max: 0.0, Diff: 0.0, Sum: 0.0]
      [GC Worker Other (ms): Min: 0.0, Avg: 0.1, Max: 0.1, Diff: 0.1, Sum: 0.3]
      [GC Worker Total (ms): Min: 38.3, Avg: 38.3, Max: 38.4, Diff: 0.1, Sum: 153.3]
      [GC Worker End (ms): Min: 147670.2, Avg: 147670.2, Max: 147670.3, Diff: 0.1]
   [Code Root Fixup: 0.0 ms]
   [Code Root Migration: 0.2 ms]
   [Clear CT: 0.5 ms]
   [Other: 101.1 ms]
      [Choose CSet: 0.0 ms]
      [Ref Proc: 96.7 ms]
      [Ref Enq: 2.4 ms]
      [Free CSet: 1.9 ms]
   [Eden: 1694.0M(1694.0M)->0.0B(1695.0M) Survivors: 22.0M->22.0M Heap: 3661.6M(4096.0M)->1967.6M(4096.0M)]
 [Times: user=0.53 sys=0.00, real=0.14 secs] 
2016-01-06T01:06:09.356-0800: 148.019: [GC pause (young)
Desired survivor size 112721920 bytes, new threshold 15 (max 15)
- age   1:   20627920 bytes,   20627920 total
- age   2:      36864 bytes,   20664784 total
2016-01-06T01:06:09.498-0800: 148.161: [SoftReference, 0 refs, 0.0000460 secs]2016-01-06T01:06:09.498-0800: 148.161: [WeakReference, 0 refs, 0.0000070 secs]2016-01-06T01:06:09.498-0800: 148.161: [FinalReference, 0 refs, 0.0000050 secs]2016-01-06T01:06:09.498-0800: 148.161: [PhantomReference, 0 refs, 53052 refs, 0.0018490 secs]2016-01-06T01:06:09.500-0800: 148.163: [JNI Weak Reference, 0.0000080 secs], 0.1494710 secs]
   [Parallel Time: 33.2 ms, GC Workers: 4]
      [GC Worker Start (ms): Min: 148019.2, Avg: 148019.2, Max: 148019.3, Diff: 0.1]
      [Ext Root Scanning (ms): Min: 0.3, Avg: 0.4, Max: 0.4, Diff: 0.1, Sum: 1.4]
      [SATB Filtering (ms): Min: 0.0, Avg: 0.0, Max: 0.0, Diff: 0.0, Sum: 0.0]
      [Update RS (ms): Min: 19.8, Avg: 20.1, Max: 20.2, Diff: 0.4, Sum: 80.3]
         [Processed Buffers: Min: 25, Avg: 27.5, Max: 29, Diff: 4, Sum: 110]
      [Scan RS (ms): Min: 0.6, Avg: 0.8, Max: 1.0, Diff: 0.4, Sum: 3.2]
      [Code Root Scanning (ms): Min: 0.1, Avg: 0.1, Max: 0.1, Diff: 0.0, Sum: 0.3]
      [Object Copy (ms): Min: 11.6, Avg: 11.7, Max: 11.7, Diff: 0.1, Sum: 46.7]
      [Termination (ms): Min: 0.0, Avg: 0.0, Max: 0.0, Diff: 0.0, Sum: 0.0]
      [GC Worker Other (ms): Min: 0.0, Avg: 0.1, Max: 0.1, Diff: 0.0, Sum: 0.3]
      [GC Worker Total (ms): Min: 33.0, Avg: 33.1, Max: 33.1, Diff: 0.1, Sum: 132.3]
      [GC Worker End (ms): Min: 148052.3, Avg: 148052.3, Max: 148052.3, Diff: 0.0]
   [Code Root Fixup: 0.0 ms]
   [Code Root Migration: 0.3 ms]
   [Clear CT: 0.4 ms]
   [Other: 115.6 ms]
      [Choose CSet: 0.0 ms]
      [Ref Proc: 110.8 ms]
      [Ref Enq: 2.5 ms]
      [Free CSet: 2.2 ms]
   [Eden: 1695.0M(1695.0M)->0.0B(1696.0M) Survivors: 22.0M->21.0M Heap: 3662.6M(4096.0M)->1966.6M(4096.0M)]
 [Times: user=0.56 sys=0.00, real=0.16 secs] 
2016-01-06T01:06:09.746-0800: 148.409: [GC pause (young)
Desired survivor size 112721920 bytes, new threshold 15 (max 15)
- age   1:   20630152 bytes,   20630152 total
- age   2:      36864 bytes,   20667016 total
2016-01-06T01:06:09.902-0800: 148.565: [SoftReference, 0 refs, 0.0000450 secs]2016-01-06T01:06:09.902-0800: 148.565: [WeakReference, 0 refs, 0.0000060 secs]2016-01-06T01:06:09.902-0800: 148.565: [FinalReference, 0 refs, 0.0000050 secs]2016-01-06T01:06:09.902-0800: 148.565: [PhantomReference, 0 refs, 53086 refs, 0.0018210 secs]2016-01-06T01:06:09.904-0800: 148.567: [JNI Weak Reference, 0.0000080 secs], 0.1632420 secs]
   [Parallel Time: 32.5 ms, GC Workers: 4]
      [GC Worker Start (ms): Min: 148408.8, Avg: 148409.6, Max: 148411.9, Diff: 3.2]
      [Ext Root Scanning (ms): Min: 0.0, Avg: 0.3, Max: 0.5, Diff: 0.5, Sum: 1.3]
      [SATB Filtering (ms): Min: 0.0, Avg: 0.0, Max: 0.0, Diff: 0.0, Sum: 0.0]
      [Update RS (ms): Min: 17.6, Avg: 19.4, Max: 20.0, Diff: 2.5, Sum: 77.6]
         [Processed Buffers: Min: 26, Avg: 27.8, Max: 29, Diff: 3, Sum: 111]
      [Scan RS (ms): Min: 0.6, Avg: 0.8, Max: 0.9, Diff: 0.3, Sum: 3.1]
      [Code Root Scanning (ms): Min: 0.1, Avg: 0.1, Max: 0.1, Diff: 0.0, Sum: 0.3]
      [Object Copy (ms): Min: 10.9, Avg: 10.9, Max: 11.0, Diff: 0.1, Sum: 43.7]
      [Termination (ms): Min: 0.0, Avg: 0.0, Max: 0.0, Diff: 0.0, Sum: 0.0]
      [GC Worker Other (ms): Min: 0.0, Avg: 0.1, Max: 0.1, Diff: 0.1, Sum: 0.3]
      [GC Worker Total (ms): Min: 29.3, Avg: 31.6, Max: 32.4, Diff: 3.1, Sum: 126.3]
      [GC Worker End (ms): Min: 148441.1, Avg: 148441.1, Max: 148441.2, Diff: 0.1]
   [Code Root Fixup: 0.0 ms]
   [Code Root Migration: 0.2 ms]
   [Clear CT: 0.4 ms]
   [Other: 130.1 ms]
      [Choose CSet: 0.0 ms]
      [Ref Proc: 125.7 ms]
      [Ref Enq: 2.4 ms]
      [Free CSet: 1.9 ms]
   [Eden: 1696.0M(1696.0M)->0.0B(1694.0M) Survivors: 21.0M->22.0M Heap: 3662.6M(4096.0M)->1967.6M(4096.0M)]
 [Times: user=0.57 sys=0.02, real=0.16 secs] 
2016-01-06T01:06:10.152-0800: 148.815: [GC pause (young)
Desired survivor size 112721920 bytes, new threshold 15 (max 15)
- age   1:   20632384 bytes,   20632384 total
- age   2:      36864 bytes,   20669248 total
2016-01-06T01:06:10.310-0800: 148.973: [SoftReference, 0 refs, 0.0000470 secs]2016-01-06T01:06:10.310-0800: 148.973: [WeakReference, 0 refs, 0.0000060 secs]2016-01-06T01:06:10.310-0800: 148.973: [FinalReference, 0 refs, 0.0000060 secs]2016-01-06T01:06:10.310-0800: 148.973: [PhantomReference, 0 refs, 53023 refs, 0.0018830 secs]2016-01-06T01:06:10.312-0800: 148.975: [JNI Weak Reference, 0.0000080 secs], 0.1657170 secs]
   [Parallel Time: 28.7 ms, GC Workers: 4]
      [GC Worker Start (ms): Min: 148814.7, Avg: 148814.9, Max: 148815.2, Diff: 0.5]
      [Ext Root Scanning (ms): Min: 0.0, Avg: 0.3, Max: 0.5, Diff: 0.5, Sum: 1.3]
      [SATB Filtering (ms): Min: 0.0, Avg: 0.0, Max: 0.0, Diff: 0.0, Sum: 0.0]
      [Update RS (ms): Min: 16.8, Avg: 17.0, Max: 17.1, Diff: 0.4, Sum: 67.8]
         [Processed Buffers: Min: 23, Avg: 23.2, Max: 24, Diff: 1, Sum: 93]
      [Scan RS (ms): Min: 0.6, Avg: 0.8, Max: 0.9, Diff: 0.3, Sum: 3.1]
      [Code Root Scanning (ms): Min: 0.1, Avg: 0.1, Max: 0.1, Diff: 0.1, Sum: 0.4]
      [Object Copy (ms): Min: 10.2, Avg: 10.3, Max: 10.3, Diff: 0.1, Sum: 41.1]
      [Termination (ms): Min: 0.0, Avg: 0.0, Max: 0.0, Diff: 0.0, Sum: 0.0]
      [GC Worker Other (ms): Min: 0.0, Avg: 0.1, Max: 0.1, Diff: 0.1, Sum: 0.2]
      [GC Worker Total (ms): Min: 28.1, Avg: 28.5, Max: 28.6, Diff: 0.5, Sum: 113.9]
      [GC Worker End (ms): Min: 148843.3, Avg: 148843.4, Max: 148843.4, Diff: 0.1]
   [Code Root Fixup: 0.0 ms]
   [Code Root Migration: 0.3 ms]
   [Clear CT: 0.5 ms]
   [Other: 136.3 ms]
      [Choose CSet: 0.0 ms]
      [Ref Proc: 131.4 ms]
      [Ref Enq: 2.4 ms]
      [Free CSet: 2.3 ms]
   [Eden: 1694.0M(1694.0M)->0.0B(1695.0M) Survivors: 22.0M->22.0M Heap: 3661.6M(4096.0M)->1967.6M(4096.0M)]
 [Times: user=0.62 sys=0.00, real=0.17 secs] 
2016-01-06T01:06:10.563-0800: 149.226: [GC pause (young)
Desired survivor size 112721920 bytes, new threshold 15 (max 15)
- age   1:   20627920 bytes,   20627920 total
- age   2:      36864 bytes,   20664784 total
2016-01-06T01:06:10.760-0800: 149.423: [SoftReference, 0 refs, 0.0000490 secs]2016-01-06T01:06:10.760-0800: 149.423: [WeakReference, 0 refs, 0.0000070 secs]2016-01-06T01:06:10.760-0800: 149.423: [FinalReference, 0 refs, 0.0000050 secs]2016-01-06T01:06:10.760-0800: 149.423: [PhantomReference, 0 refs, 53056 refs, 0.0017890 secs]2016-01-06T01:06:10.762-0800: 149.425: [JNI Weak Reference, 0.0000080 secs], 0.2041800 secs]
   [Parallel Time: 46.5 ms, GC Workers: 4]
      [GC Worker Start (ms): Min: 149225.7, Avg: 149228.2, Max: 149235.9, Diff: 10.2]
      [Ext Root Scanning (ms): Min: 0.0, Avg: 0.4, Max: 0.5, Diff: 0.5, Sum: 1.4]
      [SATB Filtering (ms): Min: 0.0, Avg: 0.0, Max: 0.0, Diff: 0.0, Sum: 0.0]
      [Update RS (ms): Min: 16.6, Avg: 24.9, Max: 30.3, Diff: 13.7, Sum: 99.5]
         [Processed Buffers: Min: 26, Avg: 31.8, Max: 37, Diff: 11, Sum: 127]
      [Scan RS (ms): Min: 0.3, Avg: 0.8, Max: 1.0, Diff: 0.7, Sum: 3.3]
      [Code Root Scanning (ms): Min: 0.0, Avg: 0.1, Max: 0.1, Diff: 0.1, Sum: 0.3]
      [Object Copy (ms): Min: 11.6, Avg: 12.5, Max: 15.3, Diff: 3.7, Sum: 50.1]
      [Termination (ms): Min: 0.0, Avg: 5.1, Max: 6.8, Diff: 6.8, Sum: 20.4]
      [GC Worker Other (ms): Min: 0.0, Avg: 0.0, Max: 0.1, Diff: 0.0, Sum: 0.1]
      [GC Worker Total (ms): Min: 36.1, Avg: 43.8, Max: 46.4, Diff: 10.2, Sum: 175.2]
      [GC Worker End (ms): Min: 149272.0, Avg: 149272.0, Max: 149272.1, Diff: 0.0]
   [Code Root Fixup: 0.0 ms]
   [Code Root Migration: 0.2 ms]
   [Clear CT: 0.4 ms]
   [Other: 157.1 ms]
      [Choose CSet: 0.0 ms]
      [Ref Proc: 152.7 ms]
      [Ref Enq: 2.4 ms]
      [Free CSet: 1.9 ms]
   [Eden: 1695.0M(1695.0M)->0.0B(1695.0M) Survivors: 22.0M->22.0M Heap: 3662.6M(4096.0M)->1967.1M(4096.0M)]
 [Times: user=0.72 sys=0.00, real=0.21 secs] 
2016-01-06T01:06:11.011-0800: 149.674: [GC pause (young)
Desired survivor size 112721920 bytes, new threshold 15 (max 15)
- age   1:   20630152 bytes,   20630152 total
- age   2:      36864 bytes,   20667016 total
2016-01-06T01:06:11.201-0800: 149.864: [SoftReference, 0 refs, 0.0000510 secs]2016-01-06T01:06:11.201-0800: 149.864: [WeakReference, 0 refs, 0.0000110 secs]2016-01-06T01:06:11.201-0800: 149.864: [FinalReference, 0 refs, 0.0000060 secs]2016-01-06T01:06:11.201-0800: 149.864: [PhantomReference, 0 refs, 53053 refs, 0.0018000 secs]2016-01-06T01:06:11.203-0800: 149.866: [JNI Weak Reference, 0.0000080 secs], 0.1973960 secs]
   [Parallel Time: 29.5 ms, GC Workers: 4]
      [GC Worker Start (ms): Min: 149673.9, Avg: 149674.4, Max: 149675.9, Diff: 2.0]
      [Ext Root Scanning (ms): Min: 0.0, Avg: 0.3, Max: 0.5, Diff: 0.4, Sum: 1.3]
      [SATB Filtering (ms): Min: 0.0, Avg: 0.0, Max: 0.0, Diff: 0.0, Sum: 0.0]
      [Update RS (ms): Min: 15.4, Avg: 16.8, Max: 17.3, Diff: 1.8, Sum: 67.1]
         [Processed Buffers: Min: 20, Avg: 22.2, Max: 24, Diff: 4, Sum: 89]
      [Scan RS (ms): Min: 0.6, Avg: 0.8, Max: 0.9, Diff: 0.3, Sum: 3.1]
      [Code Root Scanning (ms): Min: 0.1, Avg: 0.1, Max: 0.1, Diff: 0.0, Sum: 0.4]
      [Object Copy (ms): Min: 10.9, Avg: 10.9, Max: 10.9, Diff: 0.1, Sum: 43.6]
      [Termination (ms): Min: 0.0, Avg: 0.0, Max: 0.0, Diff: 0.0, Sum: 0.0]
      [GC Worker Other (ms): Min: 0.0, Avg: 0.1, Max: 0.1, Diff: 0.1, Sum: 0.3]
      [GC Worker Total (ms): Min: 27.4, Avg: 28.9, Max: 29.5, Diff: 2.0, Sum: 115.7]
      [GC Worker End (ms): Min: 149703.3, Avg: 149703.4, Max: 149703.4, Diff: 0.1]
   [Code Root Fixup: 0.0 ms]
   [Code Root Migration: 0.2 ms]
   [Clear CT: 0.5 ms]
   [Other: 167.1 ms]
      [Choose CSet: 0.0 ms]
      [Ref Proc: 162.6 ms]
      [Ref Enq: 2.5 ms]
      [Free CSet: 1.9 ms]
   [Eden: 1695.0M(1695.0M)->0.0B(1695.0M) Survivors: 22.0M->22.0M Heap: 3662.1M(4096.0M)->1967.6M(4096.0M)]
 [Times: user=0.70 sys=0.00, real=0.20 secs] 
2016-01-06T01:06:11.447-0800: 150.110: [GC pause (young)
Desired survivor size 112721920 bytes, new threshold 15 (max 15)
- age   1:   20630152 bytes,   20630152 total
- age   2:      36864 bytes,   20667016 total
2016-01-06T01:06:11.618-0800: 150.281: [SoftReference, 0 refs, 0.0000560 secs]2016-01-06T01:06:11.618-0800: 150.281: [WeakReference, 0 refs, 0.0000080 secs]2016-01-06T01:06:11.618-0800: 150.281: [FinalReference, 0 refs, 0.0000060 secs]2016-01-06T01:06:11.618-0800: 150.281: [PhantomReference, 0 refs, 53055 refs, 0.0018110 secs]2016-01-06T01:06:11.620-0800: 150.282: [JNI Weak Reference, 0.0000160 secs], 0.1772280 secs]
   [Parallel Time: 11.6 ms, GC Workers: 4]
      [GC Worker Start (ms): Min: 150110.4, Avg: 150110.4, Max: 150110.5, Diff: 0.1]
      [Ext Root Scanning (ms): Min: 0.3, Avg: 0.4, Max: 0.4, Diff: 0.1, Sum: 1.4]
      [SATB Filtering (ms): Min: 0.0, Avg: 0.0, Max: 0.0, Diff: 0.0, Sum: 0.0]
      [Update RS (ms): Min: 0.0, Avg: 0.1, Max: 0.1, Diff: 0.1, Sum: 0.2]
         [Processed Buffers: Min: 0, Avg: 1.2, Max: 2, Diff: 2, Sum: 5]
      [Scan RS (ms): Min: 0.7, Avg: 0.8, Max: 0.8, Diff: 0.1, Sum: 3.1]
      [Code Root Scanning (ms): Min: 0.1, Avg: 0.1, Max: 0.1, Diff: 0.0, Sum: 0.4]
      [Object Copy (ms): Min: 10.0, Avg: 10.1, Max: 10.1, Diff: 0.1, Sum: 40.3]
      [Termination (ms): Min: 0.0, Avg: 0.0, Max: 0.0, Diff: 0.0, Sum: 0.0]
      [GC Worker Other (ms): Min: 0.0, Avg: 0.1, Max: 0.1, Diff: 0.1, Sum: 0.3]
      [GC Worker Total (ms): Min: 11.4, Avg: 11.4, Max: 11.5, Diff: 0.1, Sum: 45.8]
      [GC Worker End (ms): Min: 150121.9, Avg: 150121.9, Max: 150121.9, Diff: 0.1]
   [Code Root Fixup: 0.0 ms]
   [Code Root Migration: 0.2 ms]
   [Clear CT: 0.5 ms]
   [Other: 165.0 ms]
      [Choose CSet: 0.0 ms]
      [Ref Proc: 160.5 ms]
      [Ref Enq: 2.5 ms]
      [Free CSet: 1.9 ms]
   [Eden: 1695.0M(1695.0M)->0.0B(1695.0M) Survivors: 22.0M->22.0M Heap: 3662.6M(4096.0M)->1967.1M(4096.0M)]
 [Times: user=0.66 sys=0.01, real=0.17 secs] 
2016-01-06T01:06:11.882-0800: 150.545: [GC pause (young)
Desired survivor size 112721920 bytes, new threshold 15 (max 15)
- age   1:   20630152 bytes,   20630152 total
- age   2:      36864 bytes,   20667016 total
2016-01-06T01:06:12.066-0800: 150.729: [SoftReference, 0 refs, 0.0000430 secs]2016-01-06T01:06:12.066-0800: 150.729: [WeakReference, 0 refs, 0.0000060 secs]2016-01-06T01:06:12.066-0800: 150.729: [FinalReference, 0 refs, 0.0000060 secs]2016-01-06T01:06:12.066-0800: 150.729: [PhantomReference, 0 refs, 53055 refs, 0.0018000 secs]2016-01-06T01:06:12.068-0800: 150.731: [JNI Weak Reference, 0.0000070 secs], 0.1905470 secs]
   [Parallel Time: 17.5 ms, GC Workers: 4]
      [GC Worker Start (ms): Min: 150545.3, Avg: 150545.5, Max: 150545.6, Diff: 0.3]
      [Ext Root Scanning (ms): Min: 0.1, Avg: 0.3, Max: 0.5, Diff: 0.4, Sum: 1.3]
      [SATB Filtering (ms): Min: 0.0, Avg: 0.0, Max: 0.0, Diff: 0.0, Sum: 0.0]
      [Update RS (ms): Min: 2.2, Avg: 4.0, Max: 8.7, Diff: 6.5, Sum: 16.1]
         [Processed Buffers: Min: 3, Avg: 4.2, Max: 6, Diff: 3, Sum: 17]
      [Scan RS (ms): Min: 0.4, Avg: 0.8, Max: 1.2, Diff: 0.8, Sum: 3.3]
      [Code Root Scanning (ms): Min: 0.0, Avg: 0.1, Max: 0.2, Diff: 0.2, Sum: 0.4]
      [Object Copy (ms): Min: 7.7, Avg: 10.4, Max: 11.3, Diff: 3.6, Sum: 41.6]
      [Termination (ms): Min: 0.0, Avg: 1.6, Max: 2.1, Diff: 2.1, Sum: 6.3]
      [GC Worker Other (ms): Min: 0.0, Avg: 0.0, Max: 0.0, Diff: 0.0, Sum: 0.1]
      [GC Worker Total (ms): Min: 17.1, Avg: 17.3, Max: 17.5, Diff: 0.3, Sum: 69.2]
      [GC Worker End (ms): Min: 150562.8, Avg: 150562.8, Max: 150562.8, Diff: 0.0]
   [Code Root Fixup: 0.0 ms]
   [Code Root Migration: 0.2 ms]
   [Clear CT: 0.4 ms]
   [Other: 172.4 ms]
      [Choose CSet: 0.0 ms]
      [Ref Proc: 167.9 ms]
      [Ref Enq: 2.5 ms]
      [Free CSet: 1.9 ms]
   [Eden: 1695.0M(1695.0M)->0.0B(1695.0M) Survivors: 22.0M->22.0M Heap: 3662.1M(4096.0M)->1967.6M(4096.0M)]
 [Times: user=0.70 sys=0.00, real=0.19 secs] 
2016-01-06T01:06:12.326-0800: 150.989: [GC pause (young)
Desired survivor size 112721920 bytes, new threshold 15 (max 15)
- age   1:   20630152 bytes,   20630152 total
- age   2:      36864 bytes,   20667016 total
2016-01-06T01:06:12.516-0800: 151.179: [SoftReference, 0 refs, 0.0000490 secs]2016-01-06T01:06:12.516-0800: 151.179: [WeakReference, 0 refs, 0.0000070 secs]2016-01-06T01:06:12.516-0800: 151.179: [FinalReference, 0 refs, 0.0000050 secs]2016-01-06T01:06:12.516-0800: 151.179: [PhantomReference, 0 refs, 53055 refs, 0.0018450 secs]2016-01-06T01:06:12.518-0800: 151.181: [JNI Weak Reference, 0.0000080 secs], 0.1975490 secs]
   [Parallel Time: 29.2 ms, GC Workers: 4]
      [GC Worker Start (ms): Min: 150988.6, Avg: 150988.7, Max: 150988.7, Diff: 0.1]
      [Ext Root Scanning (ms): Min: 0.3, Avg: 0.4, Max: 0.4, Diff: 0.1, Sum: 1.5]
      [SATB Filtering (ms): Min: 0.0, Avg: 0.0, Max: 0.0, Diff: 0.0, Sum: 0.0]
      [Update RS (ms): Min: 17.8, Avg: 17.9, Max: 18.0, Diff: 0.2, Sum: 71.5]
         [Processed Buffers: Min: 24, Avg: 24.2, Max: 25, Diff: 1, Sum: 97]
      [Scan RS (ms): Min: 0.7, Avg: 0.8, Max: 0.8, Diff: 0.1, Sum: 3.1]
      [Code Root Scanning (ms): Min: 0.1, Avg: 0.1, Max: 0.1, Diff: 0.0, Sum: 0.3]
      [Object Copy (ms): Min: 9.9, Avg: 9.9, Max: 10.0, Diff: 0.1, Sum: 39.7]
      [Termination (ms): Min: 0.0, Avg: 0.0, Max: 0.0, Diff: 0.0, Sum: 0.0]
      [GC Worker Other (ms): Min: 0.0, Avg: 0.1, Max: 0.1, Diff: 0.1, Sum: 0.3]
      [GC Worker Total (ms): Min: 29.1, Avg: 29.1, Max: 29.2, Diff: 0.1, Sum: 116.4]
      [GC Worker End (ms): Min: 151017.7, Avg: 151017.8, Max: 151017.8, Diff: 0.1]
   [Code Root Fixup: 0.0 ms]
   [Code Root Migration: 0.2 ms]
   [Clear CT: 0.5 ms]
   [Other: 167.6 ms]
      [Choose CSet: 0.0 ms]
      [Ref Proc: 163.2 ms]
      [Ref Enq: 2.4 ms]
      [Free CSet: 1.9 ms]
   [Eden: 1695.0M(1695.0M)->0.0B(199.0M) Survivors: 22.0M->5120.0K Heap: 3662.6M(4096.0M)->1950.6M(4096.0M)]
 [Times: user=0.73 sys=0.01, real=0.19 secs] 
2016-01-06T01:06:12.553-0800: 151.216: [GC pause (young)
Desired survivor size 13631488 bytes, new threshold 15 (max 15)
- age   1:    3885832 bytes,    3885832 total
- age   2:      36864 bytes,    3922696 total
2016-01-06T01:06:12.767-0800: 151.430: [SoftReference, 0 refs, 0.0000510 secs]2016-01-06T01:06:12.767-0800: 151.430: [WeakReference, 0 refs, 0.0000080 secs]2016-01-06T01:06:12.767-0800: 151.430: [FinalReference, 0 refs, 0.0000050 secs]2016-01-06T01:06:12.767-0800: 151.430: [PhantomReference, 0 refs, 6679 refs, 0.0002400 secs]2016-01-06T01:06:12.768-0800: 151.430: [JNI Weak Reference, 0.0000070 secs], 0.2149600 secs]
   [Parallel Time: 3.0 ms, GC Workers: 4]
      [GC Worker Start (ms): Min: 151216.4, Avg: 151216.4, Max: 151216.4, Diff: 0.1]
      [Ext Root Scanning (ms): Min: 0.3, Avg: 0.4, Max: 0.4, Diff: 0.0, Sum: 1.4]
      [SATB Filtering (ms): Min: 0.0, Avg: 0.0, Max: 0.0, Diff: 0.0, Sum: 0.0]
      [Update RS (ms): Min: 0.0, Avg: 0.1, Max: 0.1, Diff: 0.1, Sum: 0.2]
         [Processed Buffers: Min: 0, Avg: 1.2, Max: 2, Diff: 2, Sum: 5]
      [Scan RS (ms): Min: 0.0, Avg: 0.1, Max: 0.1, Diff: 0.1, Sum: 0.3]
      [Code Root Scanning (ms): Min: 0.0, Avg: 0.0, Max: 0.0, Diff: 0.0, Sum: 0.0]
      [Object Copy (ms): Min: 2.4, Avg: 2.4, Max: 2.4, Diff: 0.0, Sum: 9.6]
      [Termination (ms): Min: 0.0, Avg: 0.0, Max: 0.0, Diff: 0.0, Sum: 0.0]
      [GC Worker Other (ms): Min: 0.0, Avg: 0.0, Max: 0.0, Diff: 0.0, Sum: 0.1]
      [GC Worker Total (ms): Min: 2.9, Avg: 2.9, Max: 3.0, Diff: 0.1, Sum: 11.7]
      [GC Worker End (ms): Min: 151219.3, Avg: 151219.3, Max: 151219.3, Diff: 0.0]
   [Code Root Fixup: 0.0 ms]
   [Code Root Migration: 0.0 ms]
   [Clear CT: 0.1 ms]
   [Other: 211.8 ms]
      [Choose CSet: 0.0 ms]
      [Ref Proc: 211.1 ms]
      [Ref Enq: 0.3 ms]
      [Free CSet: 0.3 ms]
   [Eden: 199.0M(199.0M)->0.0B(185.0M) Survivors: 5120.0K->19.0M Heap: 2149.6M(4096.0M)->1964.1M(4096.0M)]
 [Times: user=0.75 sys=0.01, real=0.22 secs] 
2016-01-06T01:06:12.795-0800: 151.458: [GC pause (young)
Desired survivor size 13631488 bytes, new threshold 1 (max 15)
- age   1:   17291080 bytes,   17291080 total
- age   2:      36864 bytes,   17327944 total
2016-01-06T01:06:12.976-0800: 151.639: [SoftReference, 0 refs, 0.0000430 secs]2016-01-06T01:06:12.976-0800: 151.639: [WeakReference, 0 refs, 0.0000060 secs]2016-01-06T01:06:12.976-0800: 151.639: [FinalReference, 0 refs, 0.0000050 secs]2016-01-06T01:06:12.976-0800: 151.639: [PhantomReference, 0 refs, 6245 refs, 0.0002240 secs]2016-01-06T01:06:12.976-0800: 151.639: [JNI Weak Reference, 0.0000070 secs], 0.1819730 secs]
   [Parallel Time: 5.9 ms, GC Workers: 4]
      [GC Worker Start (ms): Min: 151458.1, Avg: 151458.6, Max: 151459.9, Diff: 1.8]
      [Ext Root Scanning (ms): Min: 0.0, Avg: 0.3, Max: 0.5, Diff: 0.5, Sum: 1.3]
      [SATB Filtering (ms): Min: 0.0, Avg: 0.0, Max: 0.0, Diff: 0.0, Sum: 0.0]
      [Update RS (ms): Min: 0.0, Avg: 0.0, Max: 0.1, Diff: 0.1, Sum: 0.1]
         [Processed Buffers: Min: 0, Avg: 1.2, Max: 4, Diff: 4, Sum: 5]
      [Scan RS (ms): Min: 0.0, Avg: 0.1, Max: 0.1, Diff: 0.1, Sum: 0.3]
      [Code Root Scanning (ms): Min: 0.0, Avg: 0.0, Max: 0.0, Diff: 0.0, Sum: 0.0]
      [Object Copy (ms): Min: 1.0, Avg: 2.6, Max: 5.2, Diff: 4.2, Sum: 10.6]
      [Termination (ms): Min: 0.0, Avg: 2.2, Max: 3.0, Diff: 3.0, Sum: 8.9]
      [GC Worker Other (ms): Min: 0.0, Avg: 0.0, Max: 0.0, Diff: 0.0, Sum: 0.1]
      [GC Worker Total (ms): Min: 4.0, Avg: 5.3, Max: 5.8, Diff: 1.8, Sum: 21.3]
      [GC Worker End (ms): Min: 151463.9, Avg: 151463.9, Max: 151463.9, Diff: 0.0]
   [Code Root Fixup: 0.0 ms]
   [Code Root Migration: 0.0 ms]
   [Clear CT: 0.1 ms]
   [Other: 175.9 ms]
      [Choose CSet: 0.0 ms]
      [Ref Proc: 175.3 ms]
      [Ref Enq: 0.3 ms]
      [Free CSet: 0.3 ms]
   [Eden: 185.0M(185.0M)->0.0B(186.0M) Survivors: 19.0M->18.0M Heap: 2149.1M(4096.0M)->1963.7M(4096.0M)]
 [Times: user=0.67 sys=0.00, real=0.19 secs] 
2016-01-06T01:06:13.006-0800: 151.669: [GC pause (young)
Desired survivor size 13631488 bytes, new threshold 1 (max 15)
- age   1:   17259832 bytes,   17259832 total
2016-01-06T01:06:13.183-0800: 151.846: [SoftReference, 0 refs, 0.0000570 secs]2016-01-06T01:06:13.183-0800: 151.846: [WeakReference, 0 refs, 0.0000070 secs]2016-01-06T01:06:13.183-0800: 151.846: [FinalReference, 0 refs, 0.0000050 secs]2016-01-06T01:06:13.183-0800: 151.846: [PhantomReference, 0 refs, 6276 refs, 0.0002280 secs]2016-01-06T01:06:13.183-0800: 151.846: [JNI Weak Reference, 0.0000080 secs], 0.1783060 secs]
   [Parallel Time: 2.9 ms, GC Workers: 4]
      [GC Worker Start (ms): Min: 151668.6, Avg: 151668.6, Max: 151668.7, Diff: 0.1]
      [Ext Root Scanning (ms): Min: 0.3, Avg: 0.4, Max: 0.4, Diff: 0.1, Sum: 1.4]
      [SATB Filtering (ms): Min: 0.0, Avg: 0.0, Max: 0.0, Diff: 0.0, Sum: 0.0]
      [Update RS (ms): Min: 0.0, Avg: 0.1, Max: 0.2, Diff: 0.2, Sum: 0.3]
         [Processed Buffers: Min: 0, Avg: 1.0, Max: 2, Diff: 2, Sum: 4]
      [Scan RS (ms): Min: 0.0, Avg: 0.1, Max: 0.1, Diff: 0.1, Sum: 0.4]
      [Code Root Scanning (ms): Min: 0.0, Avg: 0.0, Max: 0.0, Diff: 0.0, Sum: 0.0]
      [Object Copy (ms): Min: 2.2, Avg: 2.2, Max: 2.2, Diff: 0.1, Sum: 8.8]
      [Termination (ms): Min: 0.0, Avg: 0.0, Max: 0.0, Diff: 0.0, Sum: 0.0]
      [GC Worker Other (ms): Min: 0.0, Avg: 0.0, Max: 0.0, Diff: 0.0, Sum: 0.1]
      [GC Worker Total (ms): Min: 2.7, Avg: 2.8, Max: 2.8, Diff: 0.1, Sum: 11.0]
      [GC Worker End (ms): Min: 151671.4, Avg: 151671.4, Max: 151671.4, Diff: 0.0]
   [Code Root Fixup: 0.0 ms]
   [Code Root Migration: 0.0 ms]
   [Clear CT: 0.2 ms]
   [Other: 175.2 ms]
      [Choose CSet: 0.0 ms]
      [Ref Proc: 174.5 ms]
      [Ref Enq: 0.3 ms]
      [Free CSet: 0.3 ms]
   [Eden: 186.0M(186.0M)->0.0B(185.0M) Survivors: 18.0M->19.0M Heap: 2149.7M(4096.0M)->1964.2M(4096.0M)]
 [Times: user=0.68 sys=0.00, real=0.17 secs] 
2016-01-06T01:06:13.215-0800: 151.878: [GC pause (young)
Desired survivor size 13631488 bytes, new threshold 1 (max 15)
- age   1:   17262064 bytes,   17262064 total
2016-01-06T01:06:13.401-0800: 152.064: [SoftReference, 0 refs, 0.0000440 secs]2016-01-06T01:06:13.401-0800: 152.064: [WeakReference, 0 refs, 0.0000060 secs]2016-01-06T01:06:13.401-0800: 152.064: [FinalReference, 0 refs, 0.0000050 secs]2016-01-06T01:06:13.401-0800: 152.064: [PhantomReference, 0 refs, 6245 refs, 0.0002510 secs]2016-01-06T01:06:13.401-0800: 152.064: [JNI Weak Reference, 0.0000070 secs], 0.1869050 secs]
   [Parallel Time: 9.7 ms, GC Workers: 4]
      [GC Worker Start (ms): Min: 151878.0, Avg: 151880.4, Max: 151887.3, Diff: 9.2]
      [Ext Root Scanning (ms): Min: 0.0, Avg: 0.4, Max: 0.5, Diff: 0.5, Sum: 1.5]
      [SATB Filtering (ms): Min: 0.0, Avg: 0.0, Max: 0.0, Diff: 0.0, Sum: 0.0]
      [Update RS (ms): Min: 0.0, Avg: 4.9, Max: 7.9, Diff: 7.9, Sum: 19.6]
         [Processed Buffers: Min: 0, Avg: 7.0, Max: 10, Diff: 10, Sum: 28]
      [Scan RS (ms): Min: 0.0, Avg: 0.1, Max: 0.2, Diff: 0.2, Sum: 0.3]
      [Code Root Scanning (ms): Min: 0.0, Avg: 0.0, Max: 0.0, Diff: 0.0, Sum: 0.0]
      [Object Copy (ms): Min: 0.2, Avg: 1.8, Max: 3.1, Diff: 2.8, Sum: 7.3]
      [Termination (ms): Min: 0.0, Avg: 0.1, Max: 0.1, Diff: 0.1, Sum: 0.4]
      [GC Worker Other (ms): Min: 0.0, Avg: 0.0, Max: 0.0, Diff: 0.0, Sum: 0.1]
      [GC Worker Total (ms): Min: 0.4, Avg: 7.3, Max: 9.6, Diff: 9.2, Sum: 29.2]
      [GC Worker End (ms): Min: 151887.7, Avg: 151887.7, Max: 151887.7, Diff: 0.0]
   [Code Root Fixup: 0.0 ms]
   [Code Root Migration: 0.0 ms]
   [Clear CT: 0.1 ms]
   [Other: 177.1 ms]
      [Choose CSet: 0.0 ms]
      [Ref Proc: 176.4 ms]
      [Ref Enq: 0.3 ms]
      [Free CSet: 0.3 ms]
   [Eden: 185.0M(185.0M)->0.0B(212.0M) Survivors: 19.0M->19.0M Heap: 2149.2M(4096.0M)->1964.3M(4096.0M)]
 [Times: user=0.69 sys=0.01, real=0.19 secs] 
2016-01-06T01:06:13.433-0800: 152.096: [GC pause (young)
Desired survivor size 15204352 bytes, new threshold 1 (max 15)
- age   1:   17259832 bytes,   17259832 total
2016-01-06T01:06:13.619-0800: 152.282: [SoftReference, 0 refs, 0.0000520 secs]2016-01-06T01:06:13.619-0800: 152.282: [WeakReference, 0 refs, 0.0000070 secs]2016-01-06T01:06:13.619-0800: 152.282: [FinalReference, 0 refs, 0.0000210 secs]2016-01-06T01:06:13.619-0800: 152.282: [PhantomReference, 0 refs, 7082 refs, 0.0002690 secs]2016-01-06T01:06:13.619-0800: 152.282: [JNI Weak Reference, 0.0000080 secs], 0.1874520 secs]
   [Parallel Time: 8.6 ms, GC Workers: 4]
      [GC Worker Start (ms): Min: 152095.9, Avg: 152096.0, Max: 152096.0, Diff: 0.1]
      [Ext Root Scanning (ms): Min: 0.3, Avg: 0.4, Max: 0.4, Diff: 0.1, Sum: 1.4]
      [SATB Filtering (ms): Min: 0.0, Avg: 0.0, Max: 0.0, Diff: 0.0, Sum: 0.0]
      [Update RS (ms): Min: 5.3, Avg: 5.4, Max: 5.7, Diff: 0.4, Sum: 21.7]
         [Processed Buffers: Min: 8, Avg: 8.2, Max: 9, Diff: 1, Sum: 33]
      [Scan RS (ms): Min: 0.0, Avg: 0.1, Max: 0.2, Diff: 0.2, Sum: 0.4]
      [Code Root Scanning (ms): Min: 0.0, Avg: 0.0, Max: 0.0, Diff: 0.0, Sum: 0.0]
      [Object Copy (ms): Min: 2.3, Avg: 2.5, Max: 2.6, Diff: 0.2, Sum: 9.9]
      [Termination (ms): Min: 0.0, Avg: 0.0, Max: 0.0, Diff: 0.0, Sum: 0.0]
      [GC Worker Other (ms): Min: 0.0, Avg: 0.0, Max: 0.0, Diff: 0.0, Sum: 0.1]
      [GC Worker Total (ms): Min: 8.4, Avg: 8.4, Max: 8.4, Diff: 0.1, Sum: 33.7]
      [GC Worker End (ms): Min: 152104.4, Avg: 152104.4, Max: 152104.4, Diff: 0.0]
   [Code Root Fixup: 0.0 ms]
   [Code Root Migration: 0.0 ms]
   [Clear CT: 0.2 ms]
   [Other: 178.7 ms]
      [Choose CSet: 0.0 ms]
      [Ref Proc: 178.0 ms]
      [Ref Enq: 0.3 ms]
      [Free CSet: 0.3 ms]
   [Eden: 212.0M(212.0M)->0.0B(552.0M) Survivors: 19.0M->19.0M Heap: 2176.3M(4096.0M)->1964.3M(4096.0M)]
 [Times: user=0.69 sys=0.01, real=0.19 secs] 
2016-01-06T01:06:13.699-0800: 152.362: [GC pause (young)
Desired survivor size 37748736 bytes, new threshold 15 (max 15)
- age   1:   17320096 bytes,   17320096 total
2016-01-06T01:06:13.907-0800: 152.569: [SoftReference, 0 refs, 0.0000450 secs]2016-01-06T01:06:13.907-0800: 152.569: [WeakReference, 0 refs, 0.0000070 secs]2016-01-06T01:06:13.907-0800: 152.570: [FinalReference, 0 refs, 0.0000050 secs]2016-01-06T01:06:13.907-0800: 152.570: [PhantomReference, 0 refs, 17621 refs, 0.0006170 secs]2016-01-06T01:06:13.907-0800: 152.570: [JNI Weak Reference, 0.0000070 secs], 0.2099020 secs]
   [Parallel Time: 19.9 ms, GC Workers: 4]
      [GC Worker Start (ms): Min: 152362.2, Avg: 152362.2, Max: 152362.2, Diff: 0.1]
      [Ext Root Scanning (ms): Min: 0.4, Avg: 0.7, Max: 1.8, Diff: 1.4, Sum: 3.0]
      [SATB Filtering (ms): Min: 0.0, Avg: 0.0, Max: 0.0, Diff: 0.0, Sum: 0.0]
      [Update RS (ms): Min: 13.5, Avg: 15.0, Max: 15.5, Diff: 2.0, Sum: 59.9]
         [Processed Buffers: Min: 20, Avg: 22.0, Max: 23, Diff: 3, Sum: 88]
      [Scan RS (ms): Min: 0.1, Avg: 0.2, Max: 0.7, Diff: 0.6, Sum: 1.0]
      [Code Root Scanning (ms): Min: 0.0, Avg: 0.0, Max: 0.1, Diff: 0.1, Sum: 0.1]
      [Object Copy (ms): Min: 3.7, Avg: 3.7, Max: 3.8, Diff: 0.0, Sum: 15.0]
      [Termination (ms): Min: 0.0, Avg: 0.0, Max: 0.0, Diff: 0.0, Sum: 0.0]
      [GC Worker Other (ms): Min: 0.0, Avg: 0.1, Max: 0.1, Diff: 0.1, Sum: 0.2]
      [GC Worker Total (ms): Min: 19.7, Avg: 19.8, Max: 19.8, Diff: 0.1, Sum: 79.2]
      [GC Worker End (ms): Min: 152382.0, Avg: 152382.0, Max: 152382.0, Diff: 0.1]
   [Code Root Fixup: 0.0 ms]
   [Code Root Migration: 0.1 ms]
   [Clear CT: 0.2 ms]
   [Other: 189.6 ms]
      [Choose CSet: 0.0 ms]
      [Ref Proc: 188.1 ms]
      [Ref Enq: 0.8 ms]
      [Free CSet: 0.7 ms]
   [Eden: 552.0M(552.0M)->0.0B(185.0M) Survivors: 19.0M->19.0M Heap: 2516.3M(4096.0M)->1964.8M(4096.0M)]
 [Times: user=0.80 sys=0.01, real=0.21 secs] 
2016-01-06T01:06:13.936-0800: 152.599: [GC pause (young)
Desired survivor size 13631488 bytes, new threshold 1 (max 15)
- age   1:   18078976 bytes,   18078976 total
- age   2:      36864 bytes,   18115840 total
2016-01-06T01:06:14.140-0800: 152.803: [SoftReference, 0 refs, 0.0000430 secs]2016-01-06T01:06:14.140-0800: 152.803: [WeakReference, 0 refs, 0.0000070 secs]2016-01-06T01:06:14.140-0800: 152.803: [FinalReference, 0 refs, 0.0000060 secs]2016-01-06T01:06:14.140-0800: 152.803: [PhantomReference, 0 refs, 6246 refs, 0.0002460 secs]2016-01-06T01:06:14.140-0800: 152.803: [JNI Weak Reference, 0.0000230 secs], 0.2053560 secs]
   [Parallel Time: 9.1 ms, GC Workers: 4]
      [GC Worker Start (ms): Min: 152599.0, Avg: 152601.2, Max: 152607.9, Diff: 8.9]
      [Ext Root Scanning (ms): Min: 0.0, Avg: 0.4, Max: 0.5, Diff: 0.5, Sum: 1.4]
      [SATB Filtering (ms): Min: 0.0, Avg: 0.0, Max: 0.0, Diff: 0.0, Sum: 0.0]
      [Update RS (ms): Min: 0.0, Avg: 4.2, Max: 5.8, Diff: 5.8, Sum: 16.9]
         [Processed Buffers: Min: 0, Avg: 6.5, Max: 10, Diff: 10, Sum: 26]
      [Scan RS (ms): Min: 0.0, Avg: 0.1, Max: 0.3, Diff: 0.2, Sum: 0.3]
      [Code Root Scanning (ms): Min: 0.0, Avg: 0.0, Max: 0.0, Diff: 0.0, Sum: 0.0]
      [Object Copy (ms): Min: 0.0, Avg: 1.9, Max: 2.6, Diff: 2.6, Sum: 7.5]
      [Termination (ms): Min: 0.0, Avg: 0.2, Max: 0.3, Diff: 0.3, Sum: 0.8]
      [GC Worker Other (ms): Min: 0.0, Avg: 0.0, Max: 0.1, Diff: 0.0, Sum: 0.1]
      [GC Worker Total (ms): Min: 0.1, Avg: 6.8, Max: 9.0, Diff: 8.9, Sum: 27.1]
      [GC Worker End (ms): Min: 152608.0, Avg: 152608.0, Max: 152608.0, Diff: 0.0]
   [Code Root Fixup: 0.0 ms]
   [Code Root Migration: 0.0 ms]
   [Clear CT: 0.1 ms]
   [Other: 196.1 ms]
      [Choose CSet: 0.0 ms]
      [Ref Proc: 195.4 ms]
      [Ref Enq: 0.3 ms]
      [Free CSet: 0.3 ms]
   [Eden: 185.0M(185.0M)->0.0B(185.0M) Survivors: 19.0M->19.0M Heap: 2149.8M(4096.0M)->1964.3M(4096.0M)]
 [Times: user=0.70 sys=0.00, real=0.21 secs] 
2016-01-06T01:06:14.169-0800: 152.832: [GC pause (young)
Desired survivor size 13631488 bytes, new threshold 1 (max 15)
- age   1:   17259832 bytes,   17259832 total
2016-01-06T01:06:14.364-0800: 153.027: [SoftReference, 0 refs, 0.0000420 secs]2016-01-06T01:06:14.364-0800: 153.027: [WeakReference, 0 refs, 0.0000060 secs]2016-01-06T01:06:14.364-0800: 153.027: [FinalReference, 0 refs, 0.0000060 secs]2016-01-06T01:06:14.364-0800: 153.027: [PhantomReference, 0 refs, 6243 refs, 0.0002370 secs]2016-01-06T01:06:14.364-0800: 153.027: [JNI Weak Reference, 0.0000070 secs], 0.1963400 secs]
   [Parallel Time: 7.3 ms, GC Workers: 4]
      [GC Worker Start (ms): Min: 152831.7, Avg: 152831.7, Max: 152831.8, Diff: 0.1]
      [Ext Root Scanning (ms): Min: 0.3, Avg: 0.4, Max: 0.4, Diff: 0.1, Sum: 1.5]
      [SATB Filtering (ms): Min: 0.0, Avg: 0.0, Max: 0.0, Diff: 0.0, Sum: 0.0]
      [Update RS (ms): Min: 4.4, Avg: 4.4, Max: 4.5, Diff: 0.1, Sum: 17.8]
         [Processed Buffers: Min: 6, Avg: 6.8, Max: 7, Diff: 1, Sum: 27]
      [Scan RS (ms): Min: 0.0, Avg: 0.1, Max: 0.2, Diff: 0.1, Sum: 0.3]
      [Code Root Scanning (ms): Min: 0.0, Avg: 0.0, Max: 0.0, Diff: 0.0, Sum: 0.0]
      [Object Copy (ms): Min: 2.3, Avg: 2.3, Max: 2.3, Diff: 0.0, Sum: 9.1]
      [Termination (ms): Min: 0.0, Avg: 0.0, Max: 0.0, Diff: 0.0, Sum: 0.0]
      [GC Worker Other (ms): Min: 0.0, Avg: 0.0, Max: 0.0, Diff: 0.0, Sum: 0.1]
      [GC Worker Total (ms): Min: 7.2, Avg: 7.2, Max: 7.2, Diff: 0.1, Sum: 28.8]
      [GC Worker End (ms): Min: 152839.0, Avg: 152839.0, Max: 152839.0, Diff: 0.0]
   [Code Root Fixup: 0.0 ms]
   [Code Root Migration: 0.0 ms]
   [Clear CT: 0.2 ms]
   [Other: 188.8 ms]
      [Choose CSet: 0.0 ms]
      [Ref Proc: 188.2 ms]
      [Ref Enq: 0.3 ms]
      [Free CSet: 0.3 ms]
   [Eden: 185.0M(185.0M)->0.0B(186.0M) Survivors: 19.0M->18.0M Heap: 2149.3M(4096.0M)->1963.9M(4096.0M)]
 [Times: user=0.76 sys=0.01, real=0.20 secs] 
2016-01-06T01:06:14.394-0800: 153.057: [GC pause (young)
Desired survivor size 13631488 bytes, new threshold 1 (max 15)
- age   1:   17259832 bytes,   17259832 total
2016-01-06T01:06:14.583-0800: 153.246: [SoftReference, 0 refs, 0.0000430 secs]2016-01-06T01:06:14.584-0800: 153.246: [WeakReference, 0 refs, 0.0000070 secs]2016-01-06T01:06:14.584-0800: 153.246: [FinalReference, 0 refs, 0.0000060 secs]2016-01-06T01:06:14.584-0800: 153.246: [PhantomReference, 0 refs, 6274 refs, 0.0002370 secs]2016-01-06T01:06:14.584-0800: 153.247: [JNI Weak Reference, 0.0000070 secs], 0.1906630 secs]
   [Parallel Time: 5.8 ms, GC Workers: 4]
      [GC Worker Start (ms): Min: 153057.0, Avg: 153057.0, Max: 153057.0, Diff: 0.1]
      [Ext Root Scanning (ms): Min: 0.3, Avg: 0.4, Max: 0.4, Diff: 0.1, Sum: 1.4]
      [SATB Filtering (ms): Min: 0.0, Avg: 0.0, Max: 0.0, Diff: 0.0, Sum: 0.0]
      [Update RS (ms): Min: 2.2, Avg: 2.4, Max: 2.8, Diff: 0.6, Sum: 9.6]
         [Processed Buffers: Min: 4, Avg: 4.2, Max: 5, Diff: 1, Sum: 17]
      [Scan RS (ms): Min: 0.0, Avg: 0.1, Max: 0.2, Diff: 0.1, Sum: 0.3]
      [Code Root Scanning (ms): Min: 0.0, Avg: 0.0, Max: 0.0, Diff: 0.0, Sum: 0.0]
      [Object Copy (ms): Min: 2.4, Avg: 2.6, Max: 2.9, Diff: 0.5, Sum: 10.5]
      [Termination (ms): Min: 0.0, Avg: 0.1, Max: 0.2, Diff: 0.2, Sum: 0.5]
      [GC Worker Other (ms): Min: 0.0, Avg: 0.0, Max: 0.0, Diff: 0.0, Sum: 0.0]
      [GC Worker Total (ms): Min: 5.6, Avg: 5.6, Max: 5.7, Diff: 0.1, Sum: 22.6]
      [GC Worker End (ms): Min: 153062.6, Avg: 153062.6, Max: 153062.7, Diff: 0.0]
   [Code Root Fixup: 0.0 ms]
   [Code Root Migration: 0.0 ms]
   [Clear CT: 0.2 ms]
   [Other: 184.7 ms]
      [Choose CSet: 0.0 ms]
      [Ref Proc: 184.0 ms]
      [Ref Enq: 0.3 ms]
      [Free CSet: 0.3 ms]
   [Eden: 186.0M(186.0M)->0.0B(186.0M) Survivors: 18.0M->18.0M Heap: 2149.9M(4096.0M)->1963.9M(4096.0M)]
 [Times: user=0.74 sys=0.00, real=0.19 secs] 
2016-01-06T01:06:14.613-0800: 153.276: [GC pause (young)
Desired survivor size 13631488 bytes, new threshold 1 (max 15)
- age   1:   17262064 bytes,   17262064 total
2016-01-06T01:06:14.801-0800: 153.464: [SoftReference, 0 refs, 0.0000440 secs]2016-01-06T01:06:14.802-0800: 153.464: [WeakReference, 0 refs, 0.0000070 secs]2016-01-06T01:06:14.802-0800: 153.464: [FinalReference, 0 refs, 0.0000060 secs]2016-01-06T01:06:14.802-0800: 153.464: [PhantomReference, 0 refs, 6276 refs, 0.0002390 secs]2016-01-06T01:06:14.802-0800: 153.465: [JNI Weak Reference, 0.0000080 secs], 0.1893660 secs]
   [Parallel Time: 4.9 ms, GC Workers: 4]
      [GC Worker Start (ms): Min: 153276.3, Avg: 153278.7, Max: 153281.1, Diff: 4.8]
      [Ext Root Scanning (ms): Min: 0.0, Avg: 0.3, Max: 0.7, Diff: 0.7, Sum: 1.3]
      [SATB Filtering (ms): Min: 0.0, Avg: 0.0, Max: 0.0, Diff: 0.0, Sum: 0.0]
      [Update RS (ms): Min: 0.0, Avg: 0.1, Max: 0.2, Diff: 0.2, Sum: 0.3]
         [Processed Buffers: Min: 0, Avg: 1.2, Max: 4, Diff: 4, Sum: 5]
      [Scan RS (ms): Min: 0.0, Avg: 0.1, Max: 0.2, Diff: 0.2, Sum: 0.3]
      [Code Root Scanning (ms): Min: 0.0, Avg: 0.0, Max: 0.0, Diff: 0.0, Sum: 0.0]
      [Object Copy (ms): Min: 0.0, Avg: 1.8, Max: 3.7, Diff: 3.7, Sum: 7.3]
      [Termination (ms): Min: 0.0, Avg: 0.1, Max: 0.2, Diff: 0.2, Sum: 0.5]
      [GC Worker Other (ms): Min: 0.0, Avg: 0.0, Max: 0.0, Diff: 0.0, Sum: 0.0]
      [GC Worker Total (ms): Min: 0.0, Avg: 2.4, Max: 4.8, Diff: 4.8, Sum: 9.8]
      [GC Worker End (ms): Min: 153281.1, Avg: 153281.1, Max: 153281.1, Diff: 0.0]
   [Code Root Fixup: 0.0 ms]
   [Code Root Migration: 0.0 ms]
   [Clear CT: 0.2 ms]
   [Other: 184.3 ms]
      [Choose CSet: 0.0 ms]
      [Ref Proc: 183.6 ms]
      [Ref Enq: 0.3 ms]
      [Free CSet: 0.3 ms]
   [Eden: 186.0M(186.0M)->0.0B(473.0M) Survivors: 18.0M->18.0M Heap: 2149.9M(4096.0M)->1964.0M(4096.0M)]
 [Times: user=0.63 sys=0.01, real=0.19 secs] 
2016-01-06T01:06:14.876-0800: 153.538: [GC pause (young)
Desired survivor size 32505856 bytes, new threshold 15 (max 15)
- age   1:   17262064 bytes,   17262064 total
2016-01-06T01:06:15.064-0800: 153.727: [SoftReference, 0 refs, 0.0000540 secs]2016-01-06T01:06:15.064-0800: 153.727: [WeakReference, 0 refs, 0.0000060 secs]2016-01-06T01:06:15.064-0800: 153.727: [FinalReference, 0 refs, 0.0000050 secs]2016-01-06T01:06:15.064-0800: 153.727: [PhantomReference, 0 refs, 15172 refs, 0.0005440 secs]2016-01-06T01:06:15.064-0800: 153.727: [JNI Weak Reference, 0.0000070 secs], 0.1905450 secs]
   [Parallel Time: 4.2 ms, GC Workers: 4]
      [GC Worker Start (ms): Min: 153538.5, Avg: 153538.5, Max: 153538.6, Diff: 0.1]
      [Ext Root Scanning (ms): Min: 0.3, Avg: 0.4, Max: 0.4, Diff: 0.1, Sum: 1.4]
      [SATB Filtering (ms): Min: 0.0, Avg: 0.0, Max: 0.0, Diff: 0.0, Sum: 0.0]
      [Update RS (ms): Min: 0.1, Avg: 0.4, Max: 0.6, Diff: 0.5, Sum: 1.5]
         [Processed Buffers: Min: 1, Avg: 1.0, Max: 1, Diff: 0, Sum: 4]
      [Scan RS (ms): Min: 0.0, Avg: 0.2, Max: 0.4, Diff: 0.3, Sum: 0.8]
      [Code Root Scanning (ms): Min: 0.0, Avg: 0.0, Max: 0.0, Diff: 0.0, Sum: 0.1]
      [Object Copy (ms): Min: 3.1, Avg: 3.1, Max: 3.2, Diff: 0.1, Sum: 12.5]
      [Termination (ms): Min: 0.0, Avg: 0.0, Max: 0.0, Diff: 0.0, Sum: 0.0]
      [GC Worker Other (ms): Min: 0.0, Avg: 0.0, Max: 0.1, Diff: 0.1, Sum: 0.2]
      [GC Worker Total (ms): Min: 4.1, Avg: 4.1, Max: 4.2, Diff: 0.1, Sum: 16.5]
      [GC Worker End (ms): Min: 153542.6, Avg: 153542.7, Max: 153542.7, Diff: 0.1]
   [Code Root Fixup: 0.0 ms]
   [Code Root Migration: 0.1 ms]
   [Clear CT: 0.2 ms]
   [Other: 186.1 ms]
      [Choose CSet: 0.0 ms]
      [Ref Proc: 184.6 ms]
      [Ref Enq: 0.7 ms]
      [Free CSet: 0.6 ms]
   [Eden: 473.0M(473.0M)->0.0B(1123.0M) Survivors: 18.0M->19.0M Heap: 2437.0M(4096.0M)->1965.0M(4096.0M)]
 [Times: user=0.71 sys=0.00, real=0.20 secs] 
2016-01-06T01:06:15.242-0800: 153.905: [GC pause (young)
Desired survivor size 74973184 bytes, new threshold 15 (max 15)
- age   1:   17902648 bytes,   17902648 total
- age   2:      36864 bytes,   17939512 total
2016-01-06T01:06:15.440-0800: 154.103: [SoftReference, 0 refs, 0.0000460 secs]2016-01-06T01:06:15.440-0800: 154.103: [WeakReference, 0 refs, 0.0000070 secs]2016-01-06T01:06:15.440-0800: 154.103: [FinalReference, 0 refs, 0.0000050 secs]2016-01-06T01:06:15.440-0800: 154.103: [PhantomReference, 0 refs, 35323 refs, 0.0013200 secs]2016-01-06T01:06:15.441-0800: 154.104: [JNI Weak Reference, 0.0000170 secs], 0.2028670 secs]
   [Parallel Time: 12.0 ms, GC Workers: 4]
      [GC Worker Start (ms): Min: 153904.7, Avg: 153907.1, Max: 153908.0, Diff: 3.3]
      [Ext Root Scanning (ms): Min: 0.0, Avg: 0.3, Max: 1.3, Diff: 1.3, Sum: 1.3]
      [SATB Filtering (ms): Min: 0.0, Avg: 0.0, Max: 0.0, Diff: 0.0, Sum: 0.0]
      [Update RS (ms): Min: 0.0, Avg: 0.5, Max: 2.0, Diff: 2.0, Sum: 2.0]
         [Processed Buffers: Min: 0, Avg: 1.5, Max: 6, Diff: 6, Sum: 6]
      [Scan RS (ms): Min: 0.6, Avg: 2.6, Max: 8.6, Diff: 8.0, Sum: 10.6]
      [Code Root Scanning (ms): Min: 0.0, Avg: 0.1, Max: 0.1, Diff: 0.1, Sum: 0.2]
      [Object Copy (ms): Min: 0.0, Avg: 5.6, Max: 7.5, Diff: 7.5, Sum: 22.5]
      [Termination (ms): Min: 0.0, Avg: 0.3, Max: 0.4, Diff: 0.4, Sum: 1.1]
      [GC Worker Other (ms): Min: 0.0, Avg: 0.0, Max: 0.0, Diff: 0.0, Sum: 0.1]
      [GC Worker Total (ms): Min: 8.6, Avg: 9.5, Max: 11.9, Diff: 3.3, Sum: 37.8]
      [GC Worker End (ms): Min: 153916.6, Avg: 153916.6, Max: 153916.6, Diff: 0.0]
   [Code Root Fixup: 0.0 ms]
   [Code Root Migration: 0.2 ms]
   [Clear CT: 0.4 ms]
   [Other: 190.4 ms]
      [Choose CSet: 0.0 ms]
      [Ref Proc: 187.3 ms]
      [Ref Enq: 1.6 ms]
      [Free CSet: 1.3 ms]
   [Eden: 1123.0M(1123.0M)->0.0B(737.0M) Survivors: 19.0M->21.0M Heap: 3088.0M(4096.0M)->1966.5M(4096.0M)]
 [Times: user=0.74 sys=0.01, real=0.20 secs] 
2016-01-06T01:06:15.560-0800: 154.223: [GC pause (young)
Desired survivor size 49807360 bytes, new threshold 15 (max 15)
- age   1:   19353448 bytes,   19353448 total
- age   2:      36864 bytes,   19390312 total
2016-01-06T01:06:15.768-0800: 154.431: [SoftReference, 0 refs, 0.0000530 secs]2016-01-06T01:06:15.769-0800: 154.431: [WeakReference, 0 refs, 0.0000110 secs]2016-01-06T01:06:15.769-0800: 154.431: [FinalReference, 0 refs, 0.0000090 secs]2016-01-06T01:06:15.769-0800: 154.431: [PhantomReference, 0 refs, 23357 refs, 0.0008410 secs]2016-01-06T01:06:15.769-0800: 154.432: [JNI Weak Reference, 0.0000130 secs], 0.2119600 secs]
   [Parallel Time: 17.1 ms, GC Workers: 4]
      [GC Worker Start (ms): Min: 154222.9, Avg: 154222.9, Max: 154222.9, Diff: 0.1]
      [Ext Root Scanning (ms): Min: 0.3, Avg: 0.4, Max: 0.4, Diff: 0.1, Sum: 1.4]
      [SATB Filtering (ms): Min: 0.0, Avg: 0.0, Max: 0.0, Diff: 0.0, Sum: 0.0]
      [Update RS (ms): Min: 11.1, Avg: 11.3, Max: 11.6, Diff: 0.5, Sum: 45.3]
         [Processed Buffers: Min: 15, Avg: 16.0, Max: 17, Diff: 2, Sum: 64]
      [Scan RS (ms): Min: 0.1, Avg: 0.3, Max: 0.5, Diff: 0.4, Sum: 1.3]
      [Code Root Scanning (ms): Min: 0.0, Avg: 0.0, Max: 0.1, Diff: 0.1, Sum: 0.1]
      [Object Copy (ms): Min: 4.9, Avg: 4.9, Max: 4.9, Diff: 0.0, Sum: 19.5]
      [Termination (ms): Min: 0.0, Avg: 0.0, Max: 0.0, Diff: 0.0, Sum: 0.0]
      [GC Worker Other (ms): Min: 0.0, Avg: 0.0, Max: 0.1, Diff: 0.1, Sum: 0.2]
      [GC Worker Total (ms): Min: 17.0, Avg: 17.0, Max: 17.0, Diff: 0.0, Sum: 67.9]
      [GC Worker End (ms): Min: 154239.9, Avg: 154239.9, Max: 154239.9, Diff: 0.1]
   [Code Root Fixup: 0.0 ms]
   [Code Root Migration: 0.1 ms]
   [Clear CT: 0.2 ms]
   [Other: 194.5 ms]
      [Choose CSet: 0.0 ms]
      [Ref Proc: 192.4 ms]
      [Ref Enq: 1.1 ms]
      [Free CSet: 1.0 ms]
   [Eden: 737.0M(737.0M)->0.0B(184.0M) Survivors: 21.0M->20.0M Heap: 2703.5M(4096.0M)->1966.0M(4096.0M)]
 [Times: user=0.81 sys=0.01, real=0.21 secs] 
2016-01-06T01:06:15.799-0800: 154.462: [GC pause (young)
Desired survivor size 13631488 bytes, new threshold 1 (max 15)
- age   1:   18491896 bytes,   18491896 total
- age   2:      36864 bytes,   18528760 total
2016-01-06T01:06:16.009-0800: 154.672: [SoftReference, 0 refs, 0.0000450 secs]2016-01-06T01:06:16.009-0800: 154.672: [WeakReference, 0 refs, 0.0000070 secs]2016-01-06T01:06:16.009-0800: 154.672: [FinalReference, 0 refs, 0.0000050 secs]2016-01-06T01:06:16.009-0800: 154.672: [PhantomReference, 0 refs, 6214 refs, 0.0002570 secs]2016-01-06T01:06:16.009-0800: 154.672: [JNI Weak Reference, 0.0000080 secs], 0.2106350 secs]
   [Parallel Time: 4.2 ms, GC Workers: 4]
      [GC Worker Start (ms): Min: 154462.3, Avg: 154462.7, Max: 154463.9, Diff: 1.7]
      [Ext Root Scanning (ms): Min: 0.0, Avg: 0.3, Max: 0.4, Diff: 0.4, Sum: 1.3]
      [SATB Filtering (ms): Min: 0.0, Avg: 0.0, Max: 0.0, Diff: 0.0, Sum: 0.0]
      [Update RS (ms): Min: 0.0, Avg: 0.9, Max: 1.5, Diff: 1.5, Sum: 3.7]
         [Processed Buffers: Min: 0, Avg: 2.2, Max: 4, Diff: 4, Sum: 9]
      [Scan RS (ms): Min: 0.0, Avg: 0.1, Max: 0.2, Diff: 0.2, Sum: 0.3]
      [Code Root Scanning (ms): Min: 0.0, Avg: 0.0, Max: 0.0, Diff: 0.0, Sum: 0.0]
      [Object Copy (ms): Min: 2.2, Avg: 2.3, Max: 2.4, Diff: 0.2, Sum: 9.3]
      [Termination (ms): Min: 0.0, Avg: 0.0, Max: 0.0, Diff: 0.0, Sum: 0.1]
      [GC Worker Other (ms): Min: 0.0, Avg: 0.0, Max: 0.0, Diff: 0.0, Sum: 0.0]
      [GC Worker Total (ms): Min: 2.5, Avg: 3.7, Max: 4.1, Diff: 1.7, Sum: 14.8]
      [GC Worker End (ms): Min: 154466.4, Avg: 154466.4, Max: 154466.4, Diff: 0.0]
   [Code Root Fixup: 0.0 ms]
   [Code Root Migration: 0.0 ms]
   [Clear CT: 0.1 ms]
   [Other: 206.3 ms]
      [Choose CSet: 0.0 ms]
      [Ref Proc: 205.6 ms]
      [Ref Enq: 0.3 ms]
      [Free CSet: 0.3 ms]
   [Eden: 184.0M(184.0M)->0.0B(185.0M) Survivors: 20.0M->19.0M Heap: 2150.0M(4096.0M)->1964.5M(4096.0M)]
 [Times: user=0.80 sys=0.01, real=0.21 secs] 
2016-01-06T01:06:16.036-0800: 154.699: [GC pause (young)
Desired survivor size 13631488 bytes, new threshold 1 (max 15)
- age   1:   17257600 bytes,   17257600 total
2016-01-06T01:06:16.231-0800: 154.894: [SoftReference, 0 refs, 0.0000430 secs]2016-01-06T01:06:16.231-0800: 154.894: [WeakReference, 0 refs, 0.0000070 secs]2016-01-06T01:06:16.231-0800: 154.894: [FinalReference, 0 refs, 0.0000060 secs]2016-01-06T01:06:16.231-0800: 154.894: [PhantomReference, 0 refs, 6245 refs, 0.0002270 secs]2016-01-06T01:06:16.232-0800: 154.895: [JNI Weak Reference, 0.0000080 secs], 0.1963590 secs]
   [Parallel Time: 2.0 ms, GC Workers: 4]
      [GC Worker Start (ms): Min: 154699.2, Avg: 154699.2, Max: 154699.3, Diff: 0.1]
      [Ext Root Scanning (ms): Min: 0.4, Avg: 0.4, Max: 0.4, Diff: 0.0, Sum: 1.4]
      [SATB Filtering (ms): Min: 0.0, Avg: 0.0, Max: 0.0, Diff: 0.0, Sum: 0.0]
      [Update RS (ms): Min: 0.0, Avg: 0.1, Max: 0.2, Diff: 0.2, Sum: 0.3]
         [Processed Buffers: Min: 0, Avg: 1.2, Max: 3, Diff: 3, Sum: 5]
      [Scan RS (ms): Min: 0.0, Avg: 0.1, Max: 0.1, Diff: 0.1, Sum: 0.3]
      [Code Root Scanning (ms): Min: 0.0, Avg: 0.0, Max: 0.0, Diff: 0.0, Sum: 0.0]
      [Object Copy (ms): Min: 1.3, Avg: 1.3, Max: 1.4, Diff: 0.0, Sum: 5.4]
      [Termination (ms): Min: 0.0, Avg: 0.0, Max: 0.0, Diff: 0.0, Sum: 0.0]
      [GC Worker Other (ms): Min: 0.0, Avg: 0.0, Max: 0.1, Diff: 0.1, Sum: 0.1]
      [GC Worker Total (ms): Min: 1.9, Avg: 1.9, Max: 2.0, Diff: 0.1, Sum: 7.7]
      [GC Worker End (ms): Min: 154701.1, Avg: 154701.2, Max: 154701.2, Diff: 0.0]
   [Code Root Fixup: 0.0 ms]
   [Code Root Migration: 0.0 ms]
   [Clear CT: 0.2 ms]
   [Other: 194.1 ms]
      [Choose CSet: 0.0 ms]
      [Ref Proc: 193.5 ms]
      [Ref Enq: 0.3 ms]
      [Free CSet: 0.3 ms]
   [Eden: 185.0M(185.0M)->0.0B(194.0M) Survivors: 19.0M->10.0M Heap: 2149.5M(4096.0M)->1956.1M(4096.0M)]
 [Times: user=0.76 sys=0.00, real=0.20 secs] 
2016-01-06T01:06:16.260-0800: 154.923: [GC pause (young)
Desired survivor size 13631488 bytes, new threshold 15 (max 15)
- age   1:    8822008 bytes,    8822008 total
2016-01-06T01:06:16.454-0800: 155.117: [SoftReference, 0 refs, 0.0000440 secs]2016-01-06T01:06:16.454-0800: 155.117: [WeakReference, 0 refs, 0.0000060 secs]2016-01-06T01:06:16.454-0800: 155.117: [FinalReference, 0 refs, 0.0000060 secs]2016-01-06T01:06:16.454-0800: 155.117: [PhantomReference, 0 refs, 6524 refs, 0.0002430 secs]2016-01-06T01:06:16.454-0800: 155.117: [JNI Weak Reference, 0.0000070 secs], 0.1945810 secs]
   [Parallel Time: 3.0 ms, GC Workers: 4]
      [GC Worker Start (ms): Min: 154923.2, Avg: 154923.2, Max: 154923.3, Diff: 0.1]
      [Ext Root Scanning (ms): Min: 0.3, Avg: 0.4, Max: 0.4, Diff: 0.1, Sum: 1.4]
      [SATB Filtering (ms): Min: 0.0, Avg: 0.0, Max: 0.0, Diff: 0.0, Sum: 0.0]
      [Update RS (ms): Min: 0.0, Avg: 0.1, Max: 0.2, Diff: 0.2, Sum: 0.3]
         [Processed Buffers: Min: 0, Avg: 1.2, Max: 3, Diff: 3, Sum: 5]
      [Scan RS (ms): Min: 0.0, Avg: 0.1, Max: 0.1, Diff: 0.1, Sum: 0.3]
      [Code Root Scanning (ms): Min: 0.0, Avg: 0.0, Max: 0.0, Diff: 0.0, Sum: 0.0]
      [Object Copy (ms): Min: 2.3, Avg: 2.3, Max: 2.3, Diff: 0.0, Sum: 9.4]
      [Termination (ms): Min: 0.0, Avg: 0.0, Max: 0.0, Diff: 0.0, Sum: 0.0]
      [GC Worker Other (ms): Min: 0.0, Avg: 0.0, Max: 0.0, Diff: 0.0, Sum: 0.1]
      [GC Worker Total (ms): Min: 2.9, Avg: 2.9, Max: 2.9, Diff: 0.1, Sum: 11.6]
      [GC Worker End (ms): Min: 154926.1, Avg: 154926.1, Max: 154926.1, Diff: 0.0]
   [Code Root Fixup: 0.0 ms]
   [Code Root Migration: 0.0 ms]
   [Clear CT: 0.2 ms]
   [Other: 191.4 ms]
      [Choose CSet: 0.0 ms]
      [Ref Proc: 190.7 ms]
      [Ref Enq: 0.3 ms]
      [Free CSet: 0.3 ms]
   [Eden: 194.0M(194.0M)->0.0B(185.0M) Survivors: 10.0M->19.0M Heap: 2150.1M(4096.0M)->1964.6M(4096.0M)]
 [Times: user=0.75 sys=0.00, real=0.19 secs] 
2016-01-06T01:06:16.482-0800: 155.144: [GC pause (young)
Desired survivor size 13631488 bytes, new threshold 1 (max 15)
- age   1:   17279920 bytes,   17279920 total
- age   2:      36864 bytes,   17316784 total
2016-01-06T01:06:16.665-0800: 155.328: [SoftReference, 0 refs, 0.0000400 secs]2016-01-06T01:06:16.665-0800: 155.328: [WeakReference, 0 refs, 0.0000060 secs]2016-01-06T01:06:16.665-0800: 155.328: [FinalReference, 0 refs, 0.0000050 secs]2016-01-06T01:06:16.665-0800: 155.328: [PhantomReference, 0 refs, 6243 refs, 0.0002300 secs]2016-01-06T01:06:16.666-0800: 155.329: [JNI Weak Reference, 0.0000070 secs], 0.1850110 secs]
   [Parallel Time: 3.0 ms, GC Workers: 4]
      [GC Worker Start (ms): Min: 155144.5, Avg: 155144.6, Max: 155144.6, Diff: 0.1]
      [Ext Root Scanning (ms): Min: 0.3, Avg: 0.4, Max: 0.4, Diff: 0.1, Sum: 1.5]
      [SATB Filtering (ms): Min: 0.0, Avg: 0.0, Max: 0.0, Diff: 0.0, Sum: 0.0]
      [Update RS (ms): Min: 0.0, Avg: 0.1, Max: 0.2, Diff: 0.2, Sum: 0.2]
         [Processed Buffers: Min: 0, Avg: 1.0, Max: 2, Diff: 2, Sum: 4]
      [Scan RS (ms): Min: 0.0, Avg: 0.1, Max: 0.1, Diff: 0.1, Sum: 0.3]
      [Code Root Scanning (ms): Min: 0.0, Avg: 0.0, Max: 0.0, Diff: 0.0, Sum: 0.0]
      [Object Copy (ms): Min: 2.4, Avg: 2.4, Max: 2.4, Diff: 0.0, Sum: 9.6]
      [Termination (ms): Min: 0.0, Avg: 0.0, Max: 0.0, Diff: 0.0, Sum: 0.0]
      [GC Worker Other (ms): Min: 0.0, Avg: 0.0, Max: 0.0, Diff: 0.0, Sum: 0.1]
      [GC Worker Total (ms): Min: 2.9, Avg: 2.9, Max: 3.0, Diff: 0.1, Sum: 11.8]
      [GC Worker End (ms): Min: 155147.5, Avg: 155147.5, Max: 155147.5, Diff: 0.0]
   [Code Root Fixup: 0.0 ms]
   [Code Root Migration: 0.0 ms]
   [Clear CT: 0.2 ms]
   [Other: 181.7 ms]
      [Choose CSet: 0.0 ms]
      [Ref Proc: 181.1 ms]
      [Ref Enq: 0.3 ms]
      [Free CSet: 0.3 ms]
   [Eden: 185.0M(185.0M)->0.0B(781.0M) Survivors: 19.0M->19.0M Heap: 2149.6M(4096.0M)->1964.6M(4096.0M)]
 [Times: user=0.71 sys=0.00, real=0.19 secs] 
2016-01-06T01:06:16.787-0800: 155.450: [GC pause (young)
Desired survivor size 52428800 bytes, new threshold 15 (max 15)
- age   1:   17259832 bytes,   17259832 total
2016-01-06T01:06:16.979-0800: 155.642: [SoftReference, 0 refs, 0.0000510 secs]2016-01-06T01:06:16.979-0800: 155.642: [WeakReference, 0 refs, 0.0000070 secs]2016-01-06T01:06:16.979-0800: 155.642: [FinalReference, 0 refs, 0.0000060 secs]2016-01-06T01:06:16.979-0800: 155.642: [PhantomReference, 0 refs, 24720 refs, 0.0009020 secs]2016-01-06T01:06:16.980-0800: 155.643: [JNI Weak Reference, 0.0000080 secs], 0.1958720 secs]
   [Parallel Time: 5.9 ms, GC Workers: 4]
      [GC Worker Start (ms): Min: 155449.9, Avg: 155450.5, Max: 155451.9, Diff: 2.0]
      [Ext Root Scanning (ms): Min: 0.0, Avg: 0.3, Max: 0.5, Diff: 0.5, Sum: 1.3]
      [SATB Filtering (ms): Min: 0.0, Avg: 0.0, Max: 0.0, Diff: 0.0, Sum: 0.0]
      [Update RS (ms): Min: 0.0, Avg: 0.1, Max: 0.1, Diff: 0.1, Sum: 0.2]
         [Processed Buffers: Min: 0, Avg: 1.2, Max: 2, Diff: 2, Sum: 5]
      [Scan RS (ms): Min: 0.1, Avg: 0.3, Max: 0.4, Diff: 0.4, Sum: 1.3]
      [Code Root Scanning (ms): Min: 0.0, Avg: 0.0, Max: 0.1, Diff: 0.1, Sum: 0.2]
      [Object Copy (ms): Min: 3.6, Avg: 4.4, Max: 4.7, Diff: 1.1, Sum: 17.7]
      [Termination (ms): Min: 0.0, Avg: 0.0, Max: 0.0, Diff: 0.0, Sum: 0.0]
      [GC Worker Other (ms): Min: 0.0, Avg: 0.1, Max: 0.1, Diff: 0.1, Sum: 0.2]
      [GC Worker Total (ms): Min: 3.8, Avg: 5.2, Max: 5.8, Diff: 2.0, Sum: 20.9]
      [GC Worker End (ms): Min: 155455.7, Avg: 155455.7, Max: 155455.7, Diff: 0.1]
   [Code Root Fixup: 0.0 ms]
   [Code Root Migration: 0.1 ms]
   [Clear CT: 0.2 ms]
   [Other: 189.7 ms]
      [Choose CSet: 0.0 ms]
      [Ref Proc: 187.5 ms]
      [Ref Enq: 1.1 ms]
      [Free CSet: 1.0 ms]
   [Eden: 781.0M(781.0M)->0.0B(924.0M) Survivors: 19.0M->16.0M Heap: 2745.6M(4096.0M)->1961.6M(4096.0M)]
 [Times: user=0.76 sys=0.00, real=0.19 secs] 
2016-01-06T01:06:17.121-0800: 155.784: [GC pause (young)
Desired survivor size 61865984 bytes, new threshold 15 (max 15)
- age   1:   14092120 bytes,   14092120 total
- age   2:      36864 bytes,   14128984 total
2016-01-06T01:06:17.314-0800: 155.977: [SoftReference, 0 refs, 0.0000470 secs]2016-01-06T01:06:17.314-0800: 155.977: [WeakReference, 0 refs, 0.0000070 secs]2016-01-06T01:06:17.314-0800: 155.977: [FinalReference, 0 refs, 0.0000050 secs]2016-01-06T01:06:17.314-0800: 155.977: [PhantomReference, 0 refs, 29154 refs, 0.0010100 secs]2016-01-06T01:06:17.315-0800: 155.978: [JNI Weak Reference, 0.0000070 secs], 0.1977800 secs]
   [Parallel Time: 7.7 ms, GC Workers: 4]
      [GC Worker Start (ms): Min: 155783.6, Avg: 155783.7, Max: 155783.7, Diff: 0.1]
      [Ext Root Scanning (ms): Min: 0.3, Avg: 0.4, Max: 0.4, Diff: 0.1, Sum: 1.5]
      [SATB Filtering (ms): Min: 0.0, Avg: 0.0, Max: 0.0, Diff: 0.0, Sum: 0.0]
      [Update RS (ms): Min: 0.0, Avg: 0.1, Max: 0.2, Diff: 0.2, Sum: 0.2]
         [Processed Buffers: Min: 0, Avg: 1.2, Max: 4, Diff: 4, Sum: 5]
      [Scan RS (ms): Min: 0.3, Avg: 0.4, Max: 0.5, Diff: 0.1, Sum: 1.7]
      [Code Root Scanning (ms): Min: 0.0, Avg: 0.0, Max: 0.1, Diff: 0.0, Sum: 0.2]
      [Object Copy (ms): Min: 6.5, Avg: 6.6, Max: 6.6, Diff: 0.1, Sum: 26.3]
      [Termination (ms): Min: 0.0, Avg: 0.0, Max: 0.0, Diff: 0.0, Sum: 0.0]
      [GC Worker Other (ms): Min: 0.0, Avg: 0.1, Max: 0.1, Diff: 0.1, Sum: 0.2]
      [GC Worker Total (ms): Min: 7.5, Avg: 7.5, Max: 7.6, Diff: 0.1, Sum: 30.1]
      [GC Worker End (ms): Min: 155791.2, Avg: 155791.2, Max: 155791.2, Diff: 0.1]
   [Code Root Fixup: 0.0 ms]
   [Code Root Migration: 0.1 ms]
   [Clear CT: 0.3 ms]
   [Other: 189.7 ms]
      [Choose CSet: 0.0 ms]
      [Ref Proc: 187.1 ms]
      [Ref Enq: 1.3 ms]
      [Free CSet: 1.2 ms]
   [Eden: 924.0M(924.0M)->0.0B(941.0M) Survivors: 16.0M->20.0M Heap: 2885.6M(4096.0M)->1966.1M(4096.0M)]
 [Times: user=0.70 sys=0.00, real=0.20 secs] 
2016-01-06T01:06:17.453-0800: 156.116: [GC pause (young)
Desired survivor size 63438848 bytes, new threshold 15 (max 15)
- age   1:   18909280 bytes,   18909280 total
- age   2:      36864 bytes,   18946144 total
2016-01-06T01:06:17.649-0800: 156.312: [SoftReference, 0 refs, 0.0000430 secs]2016-01-06T01:06:17.649-0800: 156.312: [WeakReference, 0 refs, 0.0000060 secs]2016-01-06T01:06:17.649-0800: 156.312: [FinalReference, 0 refs, 0.0000060 secs]2016-01-06T01:06:17.649-0800: 156.312: [PhantomReference, 0 refs, 29679 refs, 0.0010350 secs]2016-01-06T01:06:17.650-0800: 156.313: [JNI Weak Reference, 0.0000080 secs], 0.1999670 secs]
   [Parallel Time: 7.4 ms, GC Workers: 4]
      [GC Worker Start (ms): Min: 156115.7, Avg: 156115.7, Max: 156115.7, Diff: 0.1]
      [Ext Root Scanning (ms): Min: 0.3, Avg: 0.4, Max: 0.5, Diff: 0.1, Sum: 1.6]
      [SATB Filtering (ms): Min: 0.0, Avg: 0.0, Max: 0.0, Diff: 0.0, Sum: 0.0]
      [Update RS (ms): Min: 0.0, Avg: 0.1, Max: 0.2, Diff: 0.2, Sum: 0.2]
         [Processed Buffers: Min: 0, Avg: 1.2, Max: 2, Diff: 2, Sum: 5]
      [Scan RS (ms): Min: 0.4, Avg: 0.4, Max: 0.5, Diff: 0.1, Sum: 1.7]
      [Code Root Scanning (ms): Min: 0.0, Avg: 0.0, Max: 0.1, Diff: 0.0, Sum: 0.2]
      [Object Copy (ms): Min: 6.2, Avg: 6.3, Max: 6.3, Diff: 0.1, Sum: 25.1]
      [Termination (ms): Min: 0.0, Avg: 0.0, Max: 0.0, Diff: 0.0, Sum: 0.0]
      [GC Worker Other (ms): Min: 0.0, Avg: 0.0, Max: 0.1, Diff: 0.1, Sum: 0.2]
      [GC Worker Total (ms): Min: 7.2, Avg: 7.3, Max: 7.3, Diff: 0.1, Sum: 29.0]
      [GC Worker End (ms): Min: 156122.9, Avg: 156123.0, Max: 156123.0, Diff: 0.1]
   [Code Root Fixup: 0.0 ms]
   [Code Root Migration: 0.1 ms]
   [Clear CT: 0.3 ms]
   [Other: 192.2 ms]
      [Choose CSet: 0.0 ms]
      [Ref Proc: 189.6 ms]
      [Ref Enq: 1.4 ms]
      [Free CSet: 1.1 ms]
   [Eden: 941.0M(941.0M)->0.0B(808.0M) Survivors: 20.0M->20.0M Heap: 2907.1M(4096.0M)->1966.1M(4096.0M)]
 [Times: user=0.77 sys=0.00, real=0.20 secs] 
2016-01-06T01:06:17.768-0800: 156.431: [GC pause (young)
Desired survivor size 54525952 bytes, new threshold 15 (max 15)
- age   1:   18947224 bytes,   18947224 total
- age   2:      36864 bytes,   18984088 total
2016-01-06T01:06:17.960-0800: 156.623: [SoftReference, 0 refs, 0.0000460 secs]2016-01-06T01:06:17.960-0800: 156.623: [WeakReference, 0 refs, 0.0000060 secs]2016-01-06T01:06:17.960-0800: 156.623: [FinalReference, 0 refs, 0.0000060 secs]2016-01-06T01:06:17.960-0800: 156.623: [PhantomReference, 0 refs, 25558 refs, 0.0008870 secs]2016-01-06T01:06:17.961-0800: 156.624: [JNI Weak Reference, 0.0000080 secs], 0.1954560 secs]
   [Parallel Time: 6.5 ms, GC Workers: 4]
      [GC Worker Start (ms): Min: 156430.8, Avg: 156431.1, Max: 156431.9, Diff: 1.2]
      [Ext Root Scanning (ms): Min: 0.0, Avg: 0.3, Max: 0.5, Diff: 0.5, Sum: 1.3]
      [SATB Filtering (ms): Min: 0.0, Avg: 0.0, Max: 0.0, Diff: 0.0, Sum: 0.0]
      [Update RS (ms): Min: 0.0, Avg: 0.0, Max: 0.1, Diff: 0.1, Sum: 0.1]
         [Processed Buffers: Min: 0, Avg: 1.0, Max: 2, Diff: 2, Sum: 4]
      [Scan RS (ms): Min: 0.1, Avg: 0.3, Max: 0.5, Diff: 0.4, Sum: 1.4]
      [Code Root Scanning (ms): Min: 0.0, Avg: 0.0, Max: 0.1, Diff: 0.1, Sum: 0.2]
      [Object Copy (ms): Min: 5.1, Avg: 5.3, Max: 5.4, Diff: 0.3, Sum: 21.3]
      [Termination (ms): Min: 0.0, Avg: 0.0, Max: 0.0, Diff: 0.0, Sum: 0.0]
      [GC Worker Other (ms): Min: 0.0, Avg: 0.0, Max: 0.1, Diff: 0.0, Sum: 0.1]
      [GC Worker Total (ms): Min: 5.2, Avg: 6.1, Max: 6.4, Diff: 1.2, Sum: 24.4]
      [GC Worker End (ms): Min: 156437.2, Avg: 156437.2, Max: 156437.2, Diff: 0.0]
   [Code Root Fixup: 0.0 ms]
   [Code Root Migration: 0.1 ms]
   [Clear CT: 0.2 ms]
   [Other: 188.6 ms]
      [Choose CSet: 0.0 ms]
      [Ref Proc: 186.3 ms]
      [Ref Enq: 1.2 ms]
      [Free CSet: 1.0 ms]
   [Eden: 808.0M(808.0M)->0.0B(1153.0M) Survivors: 20.0M->20.0M Heap: 2774.1M(4096.0M)->1966.1M(4096.0M)]
 [Times: user=0.75 sys=0.00, real=0.19 secs] 
2016-01-06T01:06:18.131-0800: 156.794: [GC pause (young)
Desired survivor size 77070336 bytes, new threshold 15 (max 15)
- age   1:   18650368 bytes,   18650368 total
- age   2:      36864 bytes,   18687232 total
2016-01-06T01:06:18.328-0800: 156.991: [SoftReference, 0 refs, 0.0000490 secs]2016-01-06T01:06:18.328-0800: 156.991: [WeakReference, 0 refs, 0.0000070 secs]2016-01-06T01:06:18.328-0800: 156.991: [FinalReference, 0 refs, 0.0000050 secs]2016-01-06T01:06:18.328-0800: 156.991: [PhantomReference, 0 refs, 36253 refs, 0.0013060 secs]2016-01-06T01:06:18.329-0800: 156.992: [JNI Weak Reference, 0.0000070 secs], 0.2014610 secs]
   [Parallel Time: 8.3 ms, GC Workers: 4]
      [GC Worker Start (ms): Min: 156794.3, Avg: 156794.7, Max: 156795.9, Diff: 1.7]
      [Ext Root Scanning (ms): Min: 0.0, Avg: 0.3, Max: 0.5, Diff: 0.5, Sum: 1.3]
      [SATB Filtering (ms): Min: 0.0, Avg: 0.0, Max: 0.0, Diff: 0.0, Sum: 0.0]
      [Update RS (ms): Min: 0.0, Avg: 0.0, Max: 0.1, Diff: 0.1, Sum: 0.1]
         [Processed Buffers: Min: 0, Avg: 1.0, Max: 2, Diff: 2, Sum: 4]
      [Scan RS (ms): Min: 0.1, Avg: 0.5, Max: 0.6, Diff: 0.5, Sum: 1.9]
      [Code Root Scanning (ms): Min: 0.0, Avg: 0.1, Max: 0.1, Diff: 0.1, Sum: 0.2]
      [Object Copy (ms): Min: 6.4, Avg: 6.8, Max: 7.0, Diff: 0.7, Sum: 27.3]
      [Termination (ms): Min: 0.0, Avg: 0.0, Max: 0.0, Diff: 0.0, Sum: 0.0]
      [GC Worker Other (ms): Min: 0.0, Avg: 0.1, Max: 0.1, Diff: 0.0, Sum: 0.2]
      [GC Worker Total (ms): Min: 6.5, Avg: 7.8, Max: 8.2, Diff: 1.6, Sum: 31.0]
      [GC Worker End (ms): Min: 156802.4, Avg: 156802.5, Max: 156802.5, Diff: 0.0]
   [Code Root Fixup: 0.0 ms]
   [Code Root Migration: 0.2 ms]
   [Clear CT: 0.3 ms]
   [Other: 192.7 ms]
      [Choose CSet: 0.0 ms]
      [Ref Proc: 189.5 ms]
      [Ref Enq: 1.7 ms]
      [Free CSet: 1.5 ms]
   [Eden: 1153.0M(1153.0M)->0.0B(877.0M) Survivors: 20.0M->20.0M Heap: 3119.1M(4096.0M)->1966.1M(4096.0M)]
 [Times: user=0.76 sys=0.00, real=0.20 secs] 
2016-01-06T01:06:18.459-0800: 157.122: [GC pause (young)
Desired survivor size 59244544 bytes, new threshold 15 (max 15)
- age   1:   19420408 bytes,   19420408 total
- age   2:      36864 bytes,   19457272 total
2016-01-06T01:06:18.651-0800: 157.314: [SoftReference, 0 refs, 0.0000450 secs]2016-01-06T01:06:18.651-0800: 157.314: [WeakReference, 0 refs, 0.0000060 secs]2016-01-06T01:06:18.651-0800: 157.314: [FinalReference, 0 refs, 0.0000060 secs]2016-01-06T01:06:18.651-0800: 157.314: [PhantomReference, 0 refs, 27697 refs, 0.0009660 secs]2016-01-06T01:06:18.652-0800: 157.315: [JNI Weak Reference, 0.0000080 secs], 0.1957510 secs]
   [Parallel Time: 6.4 ms, GC Workers: 4]
      [GC Worker Start (ms): Min: 157122.3, Avg: 157122.3, Max: 157122.4, Diff: 0.1]
      [Ext Root Scanning (ms): Min: 0.3, Avg: 0.4, Max: 0.4, Diff: 0.1, Sum: 1.4]
      [SATB Filtering (ms): Min: 0.0, Avg: 0.0, Max: 0.0, Diff: 0.0, Sum: 0.0]
      [Update RS (ms): Min: 0.0, Avg: 0.1, Max: 0.2, Diff: 0.2, Sum: 0.2]
         [Processed Buffers: Min: 0, Avg: 0.8, Max: 2, Diff: 2, Sum: 3]
      [Scan RS (ms): Min: 0.3, Avg: 0.4, Max: 0.4, Diff: 0.1, Sum: 1.6]
      [Code Root Scanning (ms): Min: 0.0, Avg: 0.0, Max: 0.1, Diff: 0.0, Sum: 0.2]
      [Object Copy (ms): Min: 5.4, Avg: 5.4, Max: 5.4, Diff: 0.1, Sum: 21.7]
      [Termination (ms): Min: 0.0, Avg: 0.0, Max: 0.0, Diff: 0.0, Sum: 0.0]
      [GC Worker Other (ms): Min: 0.0, Avg: 0.1, Max: 0.1, Diff: 0.1, Sum: 0.3]
      [GC Worker Total (ms): Min: 6.3, Avg: 6.3, Max: 6.4, Diff: 0.0, Sum: 25.3]
      [GC Worker End (ms): Min: 157128.6, Avg: 157128.7, Max: 157128.7, Diff: 0.1]
   [Code Root Fixup: 0.0 ms]
   [Code Root Migration: 0.1 ms]
   [Clear CT: 0.2 ms]
   [Other: 188.9 ms]
      [Choose CSet: 0.0 ms]
      [Ref Proc: 186.5 ms]
      [Ref Enq: 1.3 ms]
      [Free CSet: 1.1 ms]
   [Eden: 877.0M(877.0M)->0.0B(1207.0M) Survivors: 20.0M->20.0M Heap: 2843.1M(4096.0M)->1966.1M(4096.0M)]
 [Times: user=0.76 sys=0.00, real=0.19 secs] 
2016-01-06T01:06:18.843-0800: 157.506: [GC pause (young)
Desired survivor size 80740352 bytes, new threshold 15 (max 15)
- age   1:   18804376 bytes,   18804376 total
- age   2:      36864 bytes,   18841240 total
2016-01-06T01:06:19.041-0800: 157.704: [SoftReference, 0 refs, 0.0000470 secs]2016-01-06T01:06:19.041-0800: 157.704: [WeakReference, 0 refs, 0.0000070 secs]2016-01-06T01:06:19.041-0800: 157.704: [FinalReference, 0 refs, 0.0000050 secs]2016-01-06T01:06:19.041-0800: 157.704: [PhantomReference, 0 refs, 37927 refs, 0.0013370 secs]2016-01-06T01:06:19.042-0800: 157.705: [JNI Weak Reference, 0.0000080 secs], 0.2026480 secs]
   [Parallel Time: 10.1 ms, GC Workers: 4]
      [GC Worker Start (ms): Min: 157506.2, Avg: 157506.2, Max: 157506.2, Diff: 0.1]
      [Ext Root Scanning (ms): Min: 0.3, Avg: 0.4, Max: 0.4, Diff: 0.1, Sum: 1.4]
      [SATB Filtering (ms): Min: 0.0, Avg: 0.0, Max: 0.0, Diff: 0.0, Sum: 0.0]
      [Update RS (ms): Min: 0.0, Avg: 0.1, Max: 0.2, Diff: 0.2, Sum: 0.2]
         [Processed Buffers: Min: 0, Avg: 1.0, Max: 3, Diff: 3, Sum: 4]
      [Scan RS (ms): Min: 0.4, Avg: 0.5, Max: 0.6, Diff: 0.2, Sum: 2.2]
      [Code Root Scanning (ms): Min: 0.1, Avg: 0.1, Max: 0.1, Diff: 0.0, Sum: 0.3]
      [Object Copy (ms): Min: 8.8, Avg: 8.9, Max: 8.9, Diff: 0.1, Sum: 35.5]
      [Termination (ms): Min: 0.0, Avg: 0.0, Max: 0.0, Diff: 0.0, Sum: 0.0]
      [GC Worker Other (ms): Min: 0.0, Avg: 0.1, Max: 0.1, Diff: 0.1, Sum: 0.2]
      [GC Worker Total (ms): Min: 9.9, Avg: 10.0, Max: 10.0, Diff: 0.1, Sum: 39.8]
      [GC Worker End (ms): Min: 157516.1, Avg: 157516.1, Max: 157516.2, Diff: 0.1]
   [Code Root Fixup: 0.0 ms]
   [Code Root Migration: 0.2 ms]
   [Clear CT: 0.3 ms]
   [Other: 192.1 ms]
      [Choose CSet: 0.0 ms]
      [Ref Proc: 188.9 ms]
      [Ref Enq: 1.7 ms]
      [Free CSet: 1.4 ms]
   [Eden: 1207.0M(1207.0M)->0.0B(779.0M) Survivors: 20.0M->20.0M Heap: 3173.1M(4096.0M)->1966.1M(4096.0M)]
 [Times: user=0.78 sys=0.00, real=0.21 secs] 
2016-01-06T01:06:19.165-0800: 157.828: [GC pause (young)
Desired survivor size 52428800 bytes, new threshold 15 (max 15)
- age   1:   19540936 bytes,   19540936 total
- age   2:      36864 bytes,   19577800 total
2016-01-06T01:06:19.370-0800: 158.033: [SoftReference, 0 refs, 0.0000380 secs]2016-01-06T01:06:19.370-0800: 158.033: [WeakReference, 0 refs, 0.0000060 secs]2016-01-06T01:06:19.370-0800: 158.033: [FinalReference, 0 refs, 0.0000060 secs]2016-01-06T01:06:19.370-0800: 158.033: [PhantomReference, 0 refs, 24658 refs, 0.0008710 secs]2016-01-06T01:06:19.371-0800: 158.034: [JNI Weak Reference, 0.0000070 secs], 0.2087050 secs]
   [Parallel Time: 6.2 ms, GC Workers: 4]
      [GC Worker Start (ms): Min: 157827.7, Avg: 157827.8, Max: 157827.9, Diff: 0.2]
      [Ext Root Scanning (ms): Min: 0.2, Avg: 0.4, Max: 0.4, Diff: 0.2, Sum: 1.4]
      [SATB Filtering (ms): Min: 0.0, Avg: 0.0, Max: 0.0, Diff: 0.0, Sum: 0.0]
      [Update RS (ms): Min: 0.0, Avg: 0.1, Max: 0.2, Diff: 0.2, Sum: 0.2]
         [Processed Buffers: Min: 0, Avg: 1.0, Max: 3, Diff: 3, Sum: 4]
      [Scan RS (ms): Min: 0.3, Avg: 0.4, Max: 0.4, Diff: 0.2, Sum: 1.5]
      [Code Root Scanning (ms): Min: 0.0, Avg: 0.0, Max: 0.0, Diff: 0.0, Sum: 0.1]
      [Object Copy (ms): Min: 5.2, Avg: 5.2, Max: 5.2, Diff: 0.0, Sum: 20.8]
      [Termination (ms): Min: 0.0, Avg: 0.0, Max: 0.0, Diff: 0.0, Sum: 0.0]
      [GC Worker Other (ms): Min: 0.0, Avg: 0.0, Max: 0.0, Diff: 0.0, Sum: 0.1]
      [GC Worker Total (ms): Min: 5.9, Avg: 6.0, Max: 6.1, Diff: 0.2, Sum: 24.2]
      [GC Worker End (ms): Min: 157833.8, Avg: 157833.8, Max: 157833.8, Diff: 0.0]
   [Code Root Fixup: 0.0 ms]
   [Code Root Migration: 0.1 ms]
   [Clear CT: 0.2 ms]
   [Other: 202.1 ms]
      [Choose CSet: 0.0 ms]
      [Ref Proc: 199.9 ms]
      [Ref Enq: 1.1 ms]
      [Free CSet: 1.0 ms]
   [Eden: 779.0M(779.0M)->0.0B(184.0M) Survivors: 20.0M->20.0M Heap: 2745.1M(4096.0M)->1966.1M(4096.0M)]
 [Times: user=0.75 sys=0.00, real=0.21 secs] 
2016-01-06T01:06:19.401-0800: 158.064: [GC pause (young)
Desired survivor size 13631488 bytes, new threshold 1 (max 15)
- age   1:   18585640 bytes,   18585640 total
- age   2:      36864 bytes,   18622504 total
2016-01-06T01:06:19.594-0800: 158.257: [SoftReference, 0 refs, 0.0000690 secs]2016-01-06T01:06:19.595-0800: 158.257: [WeakReference, 0 refs, 0.0000060 secs]2016-01-06T01:06:19.595-0800: 158.257: [FinalReference, 0 refs, 0.0000050 secs]2016-01-06T01:06:19.595-0800: 158.257: [PhantomReference, 0 refs, 6214 refs, 0.0002410 secs]2016-01-06T01:06:19.595-0800: 158.258: [JNI Weak Reference, 0.0000070 secs], 0.1946670 secs]
   [Parallel Time: 3.1 ms, GC Workers: 4]
      [GC Worker Start (ms): Min: 158064.0, Avg: 158064.7, Max: 158066.9, Diff: 2.9]
      [Ext Root Scanning (ms): Min: 0.0, Avg: 0.3, Max: 0.5, Diff: 0.5, Sum: 1.3]
      [SATB Filtering (ms): Min: 0.0, Avg: 0.0, Max: 0.0, Diff: 0.0, Sum: 0.0]
      [Update RS (ms): Min: 0.0, Avg: 0.0, Max: 0.1, Diff: 0.1, Sum: 0.1]
         [Processed Buffers: Min: 0, Avg: 1.0, Max: 2, Diff: 2, Sum: 4]
      [Scan RS (ms): Min: 0.0, Avg: 0.1, Max: 0.2, Diff: 0.1, Sum: 0.3]
      [Code Root Scanning (ms): Min: 0.0, Avg: 0.0, Max: 0.0, Diff: 0.0, Sum: 0.0]
      [Object Copy (ms): Min: 0.0, Avg: 1.6, Max: 2.2, Diff: 2.2, Sum: 6.6]
      [Termination (ms): Min: 0.0, Avg: 0.1, Max: 0.2, Diff: 0.2, Sum: 0.6]
      [GC Worker Other (ms): Min: 0.0, Avg: 0.0, Max: 0.0, Diff: 0.0, Sum: 0.0]
      [GC Worker Total (ms): Min: 0.1, Avg: 2.2, Max: 3.0, Diff: 3.0, Sum: 9.0]
      [GC Worker End (ms): Min: 158067.0, Avg: 158067.0, Max: 158067.0, Diff: 0.0]
   [Code Root Fixup: 0.0 ms]
   [Code Root Migration: 0.0 ms]
   [Clear CT: 0.2 ms]
   [Other: 191.4 ms]
      [Choose CSet: 0.0 ms]
      [Ref Proc: 190.7 ms]
      [Ref Enq: 0.3 ms]
      [Free CSet: 0.3 ms]
   [Eden: 184.0M(184.0M)->0.0B(186.0M) Survivors: 20.0M->18.0M Heap: 2150.1M(4096.0M)->1964.1M(4096.0M)]
 [Times: user=0.74 sys=0.00, real=0.19 secs] 
2016-01-06T01:06:19.622-0800: 158.285: [GC pause (young)
Desired survivor size 13631488 bytes, new threshold 1 (max 15)
- age   1:   17257600 bytes,   17257600 total
2016-01-06T01:06:19.808-0800: 158.471: [SoftReference, 0 refs, 0.0000450 secs]2016-01-06T01:06:19.808-0800: 158.471: [WeakReference, 0 refs, 0.0000060 secs]2016-01-06T01:06:19.808-0800: 158.471: [FinalReference, 0 refs, 0.0000050 secs]2016-01-06T01:06:19.808-0800: 158.471: [PhantomReference, 0 refs, 6275 refs, 0.0002440 secs]2016-01-06T01:06:19.808-0800: 158.471: [JNI Weak Reference, 0.0000080 secs], 0.1867680 secs]
   [Parallel Time: 3.1 ms, GC Workers: 4]
      [GC Worker Start (ms): Min: 158285.2, Avg: 158285.2, Max: 158285.2, Diff: 0.1]
      [Ext Root Scanning (ms): Min: 0.3, Avg: 0.4, Max: 0.4, Diff: 0.1, Sum: 1.4]
      [SATB Filtering (ms): Min: 0.0, Avg: 0.0, Max: 0.0, Diff: 0.0, Sum: 0.0]
      [Update RS (ms): Min: 0.0, Avg: 0.1, Max: 0.2, Diff: 0.2, Sum: 0.3]
         [Processed Buffers: Min: 0, Avg: 0.8, Max: 1, Diff: 1, Sum: 3]
      [Scan RS (ms): Min: 0.0, Avg: 0.1, Max: 0.1, Diff: 0.1, Sum: 0.3]
      [Code Root Scanning (ms): Min: 0.0, Avg: 0.0, Max: 0.0, Diff: 0.0, Sum: 0.0]
      [Object Copy (ms): Min: 2.4, Avg: 2.4, Max: 2.4, Diff: 0.0, Sum: 9.5]
      [Termination (ms): Min: 0.0, Avg: 0.0, Max: 0.0, Diff: 0.0, Sum: 0.0]
      [GC Worker Other (ms): Min: 0.0, Avg: 0.0, Max: 0.1, Diff: 0.1, Sum: 0.2]
      [GC Worker Total (ms): Min: 2.9, Avg: 3.0, Max: 3.0, Diff: 0.1, Sum: 11.9]
      [GC Worker End (ms): Min: 158288.1, Avg: 158288.2, Max: 158288.2, Diff: 0.1]
   [Code Root Fixup: 0.0 ms]
   [Code Root Migration: 0.0 ms]
   [Clear CT: 0.2 ms]
   [Other: 183.5 ms]
      [Choose CSet: 0.0 ms]
      [Ref Proc: 182.8 ms]
      [Ref Enq: 0.3 ms]
      [Free CSet: 0.3 ms]
   [Eden: 186.0M(186.0M)->0.0B(868.0M) Survivors: 18.0M->19.0M Heap: 2150.1M(4096.0M)->1964.7M(4096.0M)]
 [Times: user=0.72 sys=0.00, real=0.19 secs] 
2016-01-06T01:06:19.879-0800: 158.542: [GC concurrent-mark-end, 13.7575870 secs]
2016-01-06T01:06:19.879-0800: 158.542: [GC remark 2016-01-06T01:06:19.880-0800: 158.542: [GC ref-proc2016-01-06T01:06:19.880-0800: 158.542: [SoftReference, 0 refs, 0.0000180 secs]2016-01-06T01:06:19.880-0800: 158.543: [WeakReference, 3 refs, 0.0000360 secs]2016-01-06T01:06:19.880-0800: 158.543: [FinalReference, 4 refs, 0.0000140 secs]2016-01-06T01:06:19.880-0800: 158.543: [PhantomReference, 0 refs, 10482437 refs, 1.5810880 secs]2016-01-06T01:06:21.461-0800: 160.124: [JNI Weak Reference, 0.0000200 secs], 1.5812410 secs], 1.5901600 secs]
 [Times: user=1.12 sys=0.49, real=1.59 secs] 
2016-01-06T01:06:21.470-0800: 160.133: [GC cleanup 2464M->2464M(4096M), 0.0052710 secs]
 [Times: user=0.02 sys=0.00, real=0.00 secs] 
2016-01-06T01:06:21.534-0800: 160.197: [GC pause (young)
Desired survivor size 58195968 bytes, new threshold 15 (max 15)
- age   1:   17262064 bytes,   17262064 total
2016-01-06T01:06:21.541-0800: 160.204: [SoftReference, 0 refs, 0.0000440 secs]2016-01-06T01:06:21.541-0800: 160.204: [WeakReference, 0 refs, 0.0000070 secs]2016-01-06T01:06:21.541-0800: 160.204: [FinalReference, 0 refs, 0.0000050 secs]2016-01-06T01:06:21.541-0800: 160.204: [PhantomReference, 0 refs, 27416 refs, 0.0006580 secs]2016-01-06T01:06:21.542-0800: 160.205: [JNI Weak Reference, 0.0000080 secs], 0.0097440 secs]
   [Parallel Time: 6.8 ms, GC Workers: 4]
      [GC Worker Start (ms): Min: 160197.3, Avg: 160197.4, Max: 160197.4, Diff: 0.1]
      [Ext Root Scanning (ms): Min: 0.3, Avg: 0.4, Max: 0.4, Diff: 0.1, Sum: 1.4]
      [Update RS (ms): Min: 0.0, Avg: 0.1, Max: 0.2, Diff: 0.2, Sum: 0.3]
         [Processed Buffers: Min: 0, Avg: 1.2, Max: 3, Diff: 3, Sum: 5]
      [Scan RS (ms): Min: 0.3, Avg: 0.4, Max: 0.4, Diff: 0.1, Sum: 1.6]
      [Code Root Scanning (ms): Min: 0.0, Avg: 0.0, Max: 0.1, Diff: 0.0, Sum: 0.2]
      [Object Copy (ms): Min: 5.7, Avg: 5.7, Max: 5.7, Diff: 0.0, Sum: 22.8]
      [Termination (ms): Min: 0.0, Avg: 0.0, Max: 0.0, Diff: 0.0, Sum: 0.0]
      [GC Worker Other (ms): Min: 0.0, Avg: 0.0, Max: 0.1, Diff: 0.1, Sum: 0.2]
      [GC Worker Total (ms): Min: 6.6, Avg: 6.6, Max: 6.7, Diff: 0.1, Sum: 26.6]
      [GC Worker End (ms): Min: 160204.0, Avg: 160204.0, Max: 160204.0, Diff: 0.1]
   [Code Root Fixup: 0.0 ms]
   [Code Root Migration: 0.1 ms]
   [Clear CT: 0.2 ms]
   [Other: 2.6 ms]
      [Choose CSet: 0.0 ms]
      [Ref Proc: 1.0 ms]
      [Ref Enq: 0.5 ms]
      [Free CSet: 1.1 ms]
   [Eden: 868.0M(868.0M)->0.0B(1697.0M) Survivors: 19.0M->15.0M Heap: 2832.7M(4096.0M)->1960.7M(4096.0M)]
 [Times: user=0.03 sys=0.00, real=0.01 secs] 
2016-01-06T01:06:21.783-0800: 160.446: [GC pause (young)
Desired survivor size 112197632 bytes, new threshold 15 (max 15)
- age   1:   13531168 bytes,   13531168 total
- age   2:      36864 bytes,   13568032 total
2016-01-06T01:06:21.795-0800: 160.458: [SoftReference, 0 refs, 0.0000470 secs]2016-01-06T01:06:21.795-0800: 160.458: [WeakReference, 0 refs, 0.0000070 secs]2016-01-06T01:06:21.795-0800: 160.458: [FinalReference, 0 refs, 0.0000060 secs]2016-01-06T01:06:21.795-0800: 160.458: [PhantomReference, 0 refs, 53116 refs, 0.0013280 secs]2016-01-06T01:06:21.796-0800: 160.459: [JNI Weak Reference, 0.0000080 secs], 0.0173060 secs]
   [Parallel Time: 12.0 ms, GC Workers: 4]
      [GC Worker Start (ms): Min: 160445.6, Avg: 160445.7, Max: 160445.7, Diff: 0.1]
      [Ext Root Scanning (ms): Min: 0.3, Avg: 0.4, Max: 0.4, Diff: 0.1, Sum: 1.4]
      [Update RS (ms): Min: 0.0, Avg: 0.1, Max: 0.2, Diff: 0.2, Sum: 0.3]
         [Processed Buffers: Min: 0, Avg: 1.0, Max: 3, Diff: 3, Sum: 4]
      [Scan RS (ms): Min: 0.7, Avg: 0.8, Max: 0.9, Diff: 0.2, Sum: 3.1]
      [Code Root Scanning (ms): Min: 0.1, Avg: 0.1, Max: 0.1, Diff: 0.0, Sum: 0.4]
      [Object Copy (ms): Min: 10.5, Avg: 10.5, Max: 10.6, Diff: 0.1, Sum: 42.2]
      [Termination (ms): Min: 0.0, Avg: 0.0, Max: 0.0, Diff: 0.0, Sum: 0.0]
      [GC Worker Other (ms): Min: 0.0, Avg: 0.1, Max: 0.1, Diff: 0.1, Sum: 0.2]
      [GC Worker Total (ms): Min: 11.9, Avg: 11.9, Max: 12.0, Diff: 0.1, Sum: 47.6]
      [GC Worker End (ms): Min: 160457.5, Avg: 160457.6, Max: 160457.6, Diff: 0.1]
   [Code Root Fixup: 0.0 ms]
   [Code Root Migration: 0.3 ms]
   [Clear CT: 0.4 ms]
   [Other: 4.6 ms]
      [Choose CSet: 0.0 ms]
      [Ref Proc: 1.7 ms]
      [Ref Enq: 0.9 ms]
      [Free CSet: 1.9 ms]
   [Eden: 1697.0M(1697.0M)->0.0B(1691.0M) Survivors: 15.0M->22.0M Heap: 3657.7M(4096.0M)->1968.2M(4096.0M)]
 [Times: user=0.05 sys=0.00, real=0.02 secs] 
2016-01-06T01:06:22.035-0800: 160.698: [GC pause (young) (initial-mark)
Desired survivor size 112721920 bytes, new threshold 15 (max 15)
- age   1:   20634616 bytes,   20634616 total
- age   2:      36864 bytes,   20671480 total
2016-01-06T01:06:22.048-0800: 160.711: [SoftReference, 0 refs, 0.0000450 secs]2016-01-06T01:06:22.048-0800: 160.711: [WeakReference, 0 refs, 0.0000060 secs]2016-01-06T01:06:22.048-0800: 160.711: [FinalReference, 0 refs, 0.0000060 secs]2016-01-06T01:06:22.048-0800: 160.711: [PhantomReference, 0 refs, 52931 refs, 0.0014370 secs]2016-01-06T01:06:22.049-0800: 160.712: [JNI Weak Reference, 0.0000080 secs], 0.0177580 secs]
   [Parallel Time: 11.7 ms, GC Workers: 4]
      [GC Worker Start (ms): Min: 160698.9, Avg: 160698.9, Max: 160699.0, Diff: 0.1]
      [Ext Root Scanning (ms): Min: 0.3, Avg: 0.4, Max: 0.4, Diff: 0.1, Sum: 1.4]
      [Code Root Marking (ms): Min: 0.2, Avg: 0.2, Max: 0.3, Diff: 0.1, Sum: 0.9]
      [Update RS (ms): Min: 0.0, Avg: 0.1, Max: 0.2, Diff: 0.2, Sum: 0.2]
         [Processed Buffers: Min: 0, Avg: 1.0, Max: 2, Diff: 2, Sum: 4]
      [Scan RS (ms): Min: 0.7, Avg: 0.7, Max: 0.8, Diff: 0.1, Sum: 3.0]
      [Code Root Scanning (ms): Min: 0.1, Avg: 0.1, Max: 0.1, Diff: 0.0, Sum: 0.4]
      [Object Copy (ms): Min: 10.0, Avg: 10.0, Max: 10.1, Diff: 0.1, Sum: 40.1]
      [Termination (ms): Min: 0.0, Avg: 0.0, Max: 0.0, Diff: 0.0, Sum: 0.0]
      [GC Worker Other (ms): Min: 0.0, Avg: 0.1, Max: 0.1, Diff: 0.1, Sum: 0.3]
      [GC Worker Total (ms): Min: 11.5, Avg: 11.6, Max: 11.6, Diff: 0.1, Sum: 46.2]
      [GC Worker End (ms): Min: 160710.4, Avg: 160710.5, Max: 160710.5, Diff: 0.1]
   [Code Root Fixup: 0.0 ms]
   [Code Root Migration: 0.2 ms]
   [Clear CT: 0.5 ms]
   [Other: 5.4 ms]
      [Choose CSet: 0.0 ms]
      [Ref Proc: 1.6 ms]
      [Ref Enq: 0.9 ms]
      [Free CSet: 2.0 ms]
   [Eden: 1691.0M(1691.0M)->0.0B(1692.0M) Survivors: 22.0M->22.0M Heap: 3659.2M(4096.0M)->1968.2M(4096.0M)]
 [Times: user=0.05 sys=0.00, real=0.02 secs] 
2016-01-06T01:06:22.053-0800: 160.716: [GC concurrent-root-region-scan-start]
2016-01-06T01:06:22.061-0800: 160.724: [GC concurrent-root-region-scan-end, 0.0077850 secs]
2016-01-06T01:06:22.061-0800: 160.724: [GC concurrent-mark-start]
2016-01-06T01:06:22.705-0800: 161.368: [GC pause (young)
Desired survivor size 112721920 bytes, new threshold 15 (max 15)
- age   1:   20621224 bytes,   20621224 total
- age   2:      36864 bytes,   20658088 total
2016-01-06T01:06:22.731-0800: 161.394: [SoftReference, 0 refs, 0.0000440 secs]2016-01-06T01:06:22.731-0800: 161.394: [WeakReference, 0 refs, 0.0000060 secs]2016-01-06T01:06:22.731-0800: 161.394: [FinalReference, 0 refs, 0.0000050 secs]2016-01-06T01:06:22.732-0800: 161.394: [PhantomReference, 0 refs, 52961 refs, 0.0016320 secs]2016-01-06T01:06:22.733-0800: 161.396: [JNI Weak Reference, 0.0000080 secs], 0.0328450 secs]
   [Parallel Time: 22.7 ms, GC Workers: 4]
      [GC Worker Start (ms): Min: 161368.4, Avg: 161369.3, Max: 161371.9, Diff: 3.5]
      [Ext Root Scanning (ms): Min: 0.0, Avg: 0.3, Max: 0.5, Diff: 0.4, Sum: 1.3]
      [SATB Filtering (ms): Min: 0.0, Avg: 0.0, Max: 0.0, Diff: 0.0, Sum: 0.0]
      [Update RS (ms): Min: 8.0, Avg: 10.2, Max: 11.0, Diff: 3.0, Sum: 40.8]
         [Processed Buffers: Min: 12, Avg: 16.2, Max: 19, Diff: 7, Sum: 65]
      [Scan RS (ms): Min: 0.7, Avg: 0.7, Max: 0.8, Diff: 0.1, Sum: 2.9]
      [Code Root Scanning (ms): Min: 0.1, Avg: 0.1, Max: 0.1, Diff: 0.0, Sum: 0.4]
      [Object Copy (ms): Min: 10.3, Avg: 10.3, Max: 10.4, Diff: 0.1, Sum: 41.3]
      [Termination (ms): Min: 0.0, Avg: 0.0, Max: 0.0, Diff: 0.0, Sum: 0.0]
      [GC Worker Other (ms): Min: 0.0, Avg: 0.1, Max: 0.1, Diff: 0.1, Sum: 0.2]
      [GC Worker Total (ms): Min: 19.1, Avg: 21.7, Max: 22.7, Diff: 3.6, Sum: 86.9]
      [GC Worker End (ms): Min: 161391.0, Avg: 161391.0, Max: 161391.0, Diff: 0.1]
   [Code Root Fixup: 0.0 ms]
   [Code Root Migration: 0.2 ms]
   [Clear CT: 0.4 ms]
   [Other: 9.5 ms]
      [Choose CSet: 0.0 ms]
      [Ref Proc: 5.0 ms]
      [Ref Enq: 2.4 ms]
      [Free CSet: 2.0 ms]
   [Eden: 1692.0M(1692.0M)->0.0B(1692.0M) Survivors: 22.0M->22.0M Heap: 3660.2M(4096.0M)->1968.2M(4096.0M)]
 [Times: user=0.11 sys=0.00, real=0.03 secs] 
2016-01-06T01:06:22.992-0800: 161.655: [GC pause (young)
Desired survivor size 112721920 bytes, new threshold 15 (max 15)
- age   1:   20623456 bytes,   20623456 total
- age   2:      36864 bytes,   20660320 total
2016-01-06T01:06:23.041-0800: 161.704: [SoftReference, 0 refs, 0.0000520 secs]2016-01-06T01:06:23.041-0800: 161.704: [WeakReference, 0 refs, 0.0000070 secs]2016-01-06T01:06:23.041-0800: 161.704: [FinalReference, 0 refs, 0.0000060 secs]2016-01-06T01:06:23.041-0800: 161.704: [PhantomReference, 0 refs, 52962 refs, 0.0017840 secs]2016-01-06T01:06:23.043-0800: 161.706: [JNI Weak Reference, 0.0000080 secs], 0.0560080 secs]
   [Parallel Time: 34.1 ms, GC Workers: 4]
      [GC Worker Start (ms): Min: 161655.0, Avg: 161655.1, Max: 161655.1, Diff: 0.1]
      [Ext Root Scanning (ms): Min: 0.3, Avg: 0.4, Max: 0.4, Diff: 0.1, Sum: 1.4]
      [SATB Filtering (ms): Min: 0.0, Avg: 0.0, Max: 0.0, Diff: 0.0, Sum: 0.0]
      [Update RS (ms): Min: 21.7, Avg: 21.9, Max: 22.1, Diff: 0.5, Sum: 87.8]
         [Processed Buffers: Min: 30, Avg: 30.8, Max: 31, Diff: 1, Sum: 123]
      [Scan RS (ms): Min: 0.6, Avg: 0.8, Max: 1.0, Diff: 0.3, Sum: 3.1]
      [Code Root Scanning (ms): Min: 0.1, Avg: 0.1, Max: 0.1, Diff: 0.0, Sum: 0.3]
      [Object Copy (ms): Min: 10.7, Avg: 10.7, Max: 10.8, Diff: 0.1, Sum: 42.9]
      [Termination (ms): Min: 0.0, Avg: 0.0, Max: 0.0, Diff: 0.0, Sum: 0.0]
      [GC Worker Other (ms): Min: 0.0, Avg: 0.1, Max: 0.1, Diff: 0.1, Sum: 0.3]
      [GC Worker Total (ms): Min: 33.9, Avg: 33.9, Max: 34.0, Diff: 0.1, Sum: 135.7]
      [GC Worker End (ms): Min: 161689.0, Avg: 161689.0, Max: 161689.0, Diff: 0.1]
   [Code Root Fixup: 0.0 ms]
   [Code Root Migration: 0.2 ms]
   [Clear CT: 0.5 ms]
   [Other: 21.2 ms]
      [Choose CSet: 0.0 ms]
      [Ref Proc: 16.7 ms]
      [Ref Enq: 2.4 ms]
      [Free CSet: 2.0 ms]
   [Eden: 1692.0M(1692.0M)->0.0B(1698.0M) Survivors: 22.0M->17.0M Heap: 3660.2M(4096.0M)->1963.2M(4096.0M)]
 [Times: user=0.21 sys=0.00, real=0.06 secs] 
2016-01-06T01:06:23.312-0800: 161.975: [GC pause (young)
Desired survivor size 112721920 bytes, new threshold 15 (max 15)
- age   1:   15764320 bytes,   15764320 total
- age   2:      36864 bytes,   15801184 total
2016-01-06T01:06:23.363-0800: 162.026: [SoftReference, 0 refs, 0.0000480 secs]2016-01-06T01:06:23.363-0800: 162.026: [WeakReference, 0 refs, 0.0000070 secs]2016-01-06T01:06:23.363-0800: 162.026: [FinalReference, 0 refs, 0.0000060 secs]2016-01-06T01:06:23.363-0800: 162.026: [PhantomReference, 0 refs, 53148 refs, 0.0017760 secs]2016-01-06T01:06:23.365-0800: 162.027: [JNI Weak Reference, 0.0000070 secs], 0.0578440 secs]
   [Parallel Time: 31.7 ms, GC Workers: 4]
      [GC Worker Start (ms): Min: 161974.8, Avg: 161974.8, Max: 161974.8, Diff: 0.1]
      [Ext Root Scanning (ms): Min: 0.3, Avg: 0.4, Max: 0.4, Diff: 0.1, Sum: 1.4]
      [SATB Filtering (ms): Min: 0.0, Avg: 0.0, Max: 0.0, Diff: 0.0, Sum: 0.0]
      [Update RS (ms): Min: 19.0, Avg: 19.2, Max: 19.3, Diff: 0.3, Sum: 76.9]
         [Processed Buffers: Min: 27, Avg: 27.2, Max: 28, Diff: 1, Sum: 109]
      [Scan RS (ms): Min: 0.7, Avg: 0.8, Max: 0.9, Diff: 0.3, Sum: 3.1]
      [Code Root Scanning (ms): Min: 0.1, Avg: 0.1, Max: 0.1, Diff: 0.0, Sum: 0.3]
      [Object Copy (ms): Min: 11.0, Avg: 11.1, Max: 11.1, Diff: 0.1, Sum: 44.2]
      [Termination (ms): Min: 0.0, Avg: 0.0, Max: 0.0, Diff: 0.0, Sum: 0.0]
      [GC Worker Other (ms): Min: 0.0, Avg: 0.1, Max: 0.1, Diff: 0.1, Sum: 0.3]
      [GC Worker Total (ms): Min: 31.5, Avg: 31.6, Max: 31.6, Diff: 0.0, Sum: 126.2]
      [GC Worker End (ms): Min: 162006.3, Avg: 162006.3, Max: 162006.4, Diff: 0.1]
   [Code Root Fixup: 0.0 ms]
   [Code Root Migration: 0.3 ms]
   [Clear CT: 0.4 ms]
   [Other: 25.5 ms]
      [Choose CSet: 0.0 ms]
      [Ref Proc: 21.1 ms]
      [Ref Enq: 2.4 ms]
      [Free CSet: 1.9 ms]
   [Eden: 1698.0M(1698.0M)->0.0B(1693.0M) Survivors: 17.0M->22.0M Heap: 3661.2M(4096.0M)->1968.2M(4096.0M)]
 [Times: user=0.19 sys=0.00, real=0.06 secs] 
2016-01-06T01:06:23.632-0800: 162.295: [GC pause (young)
Desired survivor size 112721920 bytes, new threshold 15 (max 15)
- age   1:   20636848 bytes,   20636848 total
- age   2:      36864 bytes,   20673712 total
2016-01-06T01:06:23.704-0800: 162.367: [SoftReference, 0 refs, 0.0000450 secs]2016-01-06T01:06:23.704-0800: 162.367: [WeakReference, 0 refs, 0.0000060 secs]2016-01-06T01:06:23.704-0800: 162.367: [FinalReference, 0 refs, 0.0000050 secs]2016-01-06T01:06:23.704-0800: 162.367: [PhantomReference, 0 refs, 52993 refs, 0.0018780 secs]2016-01-06T01:06:23.706-0800: 162.369: [JNI Weak Reference, 0.0000080 secs], 0.0785240 secs]
   [Parallel Time: 33.4 ms, GC Workers: 4]
      [GC Worker Start (ms): Min: 162295.4, Avg: 162295.4, Max: 162295.5, Diff: 0.1]
      [Ext Root Scanning (ms): Min: 0.3, Avg: 0.4, Max: 0.4, Diff: 0.1, Sum: 1.4]
      [SATB Filtering (ms): Min: 0.0, Avg: 0.0, Max: 0.0, Diff: 0.0, Sum: 0.0]
      [Update RS (ms): Min: 21.5, Avg: 21.7, Max: 22.0, Diff: 0.6, Sum: 86.7]
         [Processed Buffers: Min: 30, Avg: 30.8, Max: 32, Diff: 2, Sum: 123]
      [Scan RS (ms): Min: 0.5, Avg: 0.8, Max: 1.0, Diff: 0.5, Sum: 3.1]
      [Code Root Scanning (ms): Min: 0.1, Avg: 0.1, Max: 0.1, Diff: 0.1, Sum: 0.4]
      [Object Copy (ms): Min: 10.3, Avg: 10.3, Max: 10.4, Diff: 0.1, Sum: 41.3]
      [Termination (ms): Min: 0.0, Avg: 0.0, Max: 0.0, Diff: 0.0, Sum: 0.0]
      [GC Worker Other (ms): Min: 0.0, Avg: 0.1, Max: 0.1, Diff: 0.0, Sum: 0.2]
      [GC Worker Total (ms): Min: 33.3, Avg: 33.3, Max: 33.3, Diff: 0.1, Sum: 133.2]
      [GC Worker End (ms): Min: 162328.7, Avg: 162328.7, Max: 162328.8, Diff: 0.0]
   [Code Root Fixup: 0.0 ms]
   [Code Root Migration: 0.2 ms]
   [Clear CT: 0.5 ms]
   [Other: 44.4 ms]
      [Choose CSet: 0.0 ms]
      [Ref Proc: 39.9 ms]
      [Ref Enq: 2.4 ms]
      [Free CSet: 2.0 ms]
   [Eden: 1693.0M(1693.0M)->0.0B(1693.0M) Survivors: 22.0M->22.0M Heap: 3661.2M(4096.0M)->1968.2M(4096.0M)]
 [Times: user=0.28 sys=0.00, real=0.08 secs] 
2016-01-06T01:06:23.969-0800: 162.632: [GC pause (young)
Desired survivor size 112721920 bytes, new threshold 15 (max 15)
- age   1:   20625688 bytes,   20625688 total
- age   2:      36864 bytes,   20662552 total
2016-01-06T01:06:24.053-0800: 162.716: [SoftReference, 0 refs, 0.0000450 secs]2016-01-06T01:06:24.053-0800: 162.716: [WeakReference, 0 refs, 0.0000060 secs]2016-01-06T01:06:24.053-0800: 162.716: [FinalReference, 0 refs, 0.0000060 secs]2016-01-06T01:06:24.053-0800: 162.716: [PhantomReference, 0 refs, 52993 refs, 0.0017540 secs]2016-01-06T01:06:24.055-0800: 162.718: [JNI Weak Reference, 0.0000080 secs], 0.0908870 secs]
   [Parallel Time: 31.5 ms, GC Workers: 4]
      [GC Worker Start (ms): Min: 162632.1, Avg: 162632.1, Max: 162632.2, Diff: 0.1]
      [Ext Root Scanning (ms): Min: 0.3, Avg: 0.4, Max: 0.4, Diff: 0.1, Sum: 1.5]
      [SATB Filtering (ms): Min: 0.0, Avg: 0.0, Max: 0.0, Diff: 0.0, Sum: 0.0]
      [Update RS (ms): Min: 19.8, Avg: 20.0, Max: 20.1, Diff: 0.3, Sum: 79.9]
         [Processed Buffers: Min: 27, Avg: 27.5, Max: 29, Diff: 2, Sum: 110]
      [Scan RS (ms): Min: 0.6, Avg: 0.8, Max: 0.9, Diff: 0.3, Sum: 3.0]
      [Code Root Scanning (ms): Min: 0.1, Avg: 0.1, Max: 0.1, Diff: 0.0, Sum: 0.4]
      [Object Copy (ms): Min: 10.1, Avg: 10.1, Max: 10.1, Diff: 0.0, Sum: 40.5]
      [Termination (ms): Min: 0.0, Avg: 0.0, Max: 0.0, Diff: 0.0, Sum: 0.0]
      [GC Worker Other (ms): Min: 0.0, Avg: 0.1, Max: 0.1, Diff: 0.1, Sum: 0.3]
      [GC Worker Total (ms): Min: 31.3, Avg: 31.4, Max: 31.4, Diff: 0.1, Sum: 125.6]
      [GC Worker End (ms): Min: 162663.5, Avg: 162663.5, Max: 162663.6, Diff: 0.1]
   [Code Root Fixup: 0.0 ms]
   [Code Root Migration: 0.2 ms]
   [Clear CT: 0.5 ms]
   [Other: 58.7 ms]
      [Choose CSet: 0.0 ms]
      [Ref Proc: 54.2 ms]
      [Ref Enq: 2.4 ms]
      [Free CSet: 1.9 ms]
   [Eden: 1693.0M(1693.0M)->0.0B(1693.0M) Survivors: 22.0M->22.0M Heap: 3661.2M(4096.0M)->1968.2M(4096.0M)]
 [Times: user=0.33 sys=0.00, real=0.09 secs] 
2016-01-06T01:06:24.314-0800: 162.977: [GC pause (young)
Desired survivor size 112721920 bytes, new threshold 15 (max 15)
- age   1:   20625688 bytes,   20625688 total
- age   2:      36864 bytes,   20662552 total
2016-01-06T01:06:24.429-0800: 163.092: [SoftReference, 0 refs, 0.0000490 secs]2016-01-06T01:06:24.429-0800: 163.092: [WeakReference, 0 refs, 0.0000070 secs]2016-01-06T01:06:24.429-0800: 163.092: [FinalReference, 0 refs, 0.0000060 secs]2016-01-06T01:06:24.429-0800: 163.092: [PhantomReference, 0 refs, 52994 refs, 0.0018340 secs]2016-01-06T01:06:24.431-0800: 163.094: [JNI Weak Reference, 0.0000080 secs], 0.1223120 secs]
   [Parallel Time: 41.8 ms, GC Workers: 4]
      [GC Worker Start (ms): Min: 162977.0, Avg: 162977.7, Max: 162979.9, Diff: 2.9]
      [Ext Root Scanning (ms): Min: 0.0, Avg: 0.3, Max: 0.5, Diff: 0.5, Sum: 1.3]
      [SATB Filtering (ms): Min: 0.0, Avg: 0.0, Max: 0.0, Diff: 0.0, Sum: 0.0]
      [Update RS (ms): Min: 27.1, Avg: 28.8, Max: 29.5, Diff: 2.4, Sum: 115.2]
         [Processed Buffers: Min: 39, Avg: 41.5, Max: 43, Diff: 4, Sum: 166]
      [Scan RS (ms): Min: 0.7, Avg: 0.8, Max: 0.9, Diff: 0.1, Sum: 3.3]
      [Code Root Scanning (ms): Min: 0.1, Avg: 0.1, Max: 0.1, Diff: 0.0, Sum: 0.4]
      [Object Copy (ms): Min: 10.8, Avg: 10.9, Max: 10.9, Diff: 0.1, Sum: 43.6]
      [Termination (ms): Min: 0.0, Avg: 0.0, Max: 0.0, Diff: 0.0, Sum: 0.0]
      [GC Worker Other (ms): Min: 0.0, Avg: 0.1, Max: 0.1, Diff: 0.1, Sum: 0.2]
      [GC Worker Total (ms): Min: 38.8, Avg: 41.0, Max: 41.7, Diff: 2.9, Sum: 164.0]
      [GC Worker End (ms): Min: 163018.7, Avg: 163018.7, Max: 163018.8, Diff: 0.1]
   [Code Root Fixup: 0.0 ms]
   [Code Root Migration: 0.2 ms]
   [Clear CT: 0.4 ms]
   [Other: 79.9 ms]
      [Choose CSet: 0.0 ms]
      [Ref Proc: 75.4 ms]
      [Ref Enq: 2.5 ms]
      [Free CSet: 1.9 ms]
   [Eden: 1693.0M(1693.0M)->0.0B(1693.0M) Survivors: 22.0M->22.0M Heap: 3661.2M(4096.0M)->1968.2M(4096.0M)]
 [Times: user=0.46 sys=0.01, real=0.12 secs] 
2016-01-06T01:06:24.695-0800: 163.358: [GC pause (young)
Desired survivor size 112721920 bytes, new threshold 15 (max 15)
- age   1:   20625688 bytes,   20625688 total
- age   2:      36864 bytes,   20662552 total
2016-01-06T01:06:24.823-0800: 163.486: [SoftReference, 0 refs, 0.0000460 secs]2016-01-06T01:06:24.823-0800: 163.486: [WeakReference, 0 refs, 0.0000070 secs]2016-01-06T01:06:24.823-0800: 163.486: [FinalReference, 0 refs, 0.0000050 secs]2016-01-06T01:06:24.823-0800: 163.486: [PhantomReference, 0 refs, 52993 refs, 0.0017770 secs]2016-01-06T01:06:24.825-0800: 163.488: [JNI Weak Reference, 0.0000080 secs], 0.1348940 secs]
   [Parallel Time: 36.9 ms, GC Workers: 4]
      [GC Worker Start (ms): Min: 163357.8, Avg: 163358.4, Max: 163359.9, Diff: 2.1]
      [Ext Root Scanning (ms): Min: 0.0, Avg: 0.3, Max: 0.5, Diff: 0.5, Sum: 1.3]
      [SATB Filtering (ms): Min: 0.0, Avg: 0.0, Max: 0.0, Diff: 0.0, Sum: 0.0]
      [Update RS (ms): Min: 23.4, Avg: 24.5, Max: 25.0, Diff: 1.6, Sum: 98.1]
         [Processed Buffers: Min: 31, Avg: 34.5, Max: 39, Diff: 8, Sum: 138]
      [Scan RS (ms): Min: 0.7, Avg: 0.8, Max: 1.0, Diff: 0.2, Sum: 3.3]
      [Code Root Scanning (ms): Min: 0.1, Avg: 0.1, Max: 0.1, Diff: 0.0, Sum: 0.4]
      [Object Copy (ms): Min: 10.4, Avg: 10.4, Max: 10.5, Diff: 0.1, Sum: 41.6]
      [Termination (ms): Min: 0.0, Avg: 0.0, Max: 0.0, Diff: 0.0, Sum: 0.0]
      [GC Worker Other (ms): Min: 0.0, Avg: 0.1, Max: 0.1, Diff: 0.1, Sum: 0.3]
      [GC Worker Total (ms): Min: 34.7, Avg: 36.2, Max: 36.8, Diff: 2.1, Sum: 144.9]
      [GC Worker End (ms): Min: 163394.6, Avg: 163394.6, Max: 163394.6, Diff: 0.1]
   [Code Root Fixup: 0.0 ms]
   [Code Root Migration: 0.2 ms]
   [Clear CT: 0.5 ms]
   [Other: 97.3 ms]
      [Choose CSet: 0.0 ms]
      [Ref Proc: 92.9 ms]
      [Ref Enq: 2.4 ms]
      [Free CSet: 1.9 ms]
   [Eden: 1693.0M(1693.0M)->0.0B(1694.0M) Survivors: 22.0M->22.0M Heap: 3661.2M(4096.0M)->1968.2M(4096.0M)]
 [Times: user=0.50 sys=0.00, real=0.14 secs] 
2016-01-06T01:06:25.092-0800: 163.755: [GC pause (young)
Desired survivor size 112721920 bytes, new threshold 15 (max 15)
- age   1:   20625688 bytes,   20625688 total
- age   2:      36864 bytes,   20662552 total
2016-01-06T01:06:25.239-0800: 163.902: [SoftReference, 0 refs, 0.0000430 secs]2016-01-06T01:06:25.239-0800: 163.902: [WeakReference, 0 refs, 0.0000100 secs]2016-01-06T01:06:25.239-0800: 163.902: [FinalReference, 0 refs, 0.0000060 secs]2016-01-06T01:06:25.239-0800: 163.902: [PhantomReference, 0 refs, 53024 refs, 0.0018030 secs]2016-01-06T01:06:25.241-0800: 163.903: [JNI Weak Reference, 0.0000070 secs], 0.1531850 secs]
   [Parallel Time: 32.8 ms, GC Workers: 4]
      [GC Worker Start (ms): Min: 163755.5, Avg: 163755.5, Max: 163755.5, Diff: 0.1]
      [Ext Root Scanning (ms): Min: 0.3, Avg: 0.4, Max: 0.4, Diff: 0.1, Sum: 1.5]
      [SATB Filtering (ms): Min: 0.0, Avg: 0.0, Max: 0.0, Diff: 0.0, Sum: 0.0]
      [Update RS (ms): Min: 21.0, Avg: 21.1, Max: 21.3, Diff: 0.4, Sum: 84.6]
         [Processed Buffers: Min: 29, Avg: 29.5, Max: 30, Diff: 1, Sum: 118]
      [Scan RS (ms): Min: 0.6, Avg: 0.8, Max: 1.0, Diff: 0.4, Sum: 3.1]
      [Code Root Scanning (ms): Min: 0.1, Avg: 0.1, Max: 0.1, Diff: 0.0, Sum: 0.3]
      [Object Copy (ms): Min: 10.2, Avg: 10.3, Max: 10.3, Diff: 0.1, Sum: 41.1]
      [Termination (ms): Min: 0.0, Avg: 0.0, Max: 0.0, Diff: 0.0, Sum: 0.0]
      [GC Worker Other (ms): Min: 0.0, Avg: 0.1, Max: 0.1, Diff: 0.1, Sum: 0.3]
      [GC Worker Total (ms): Min: 32.7, Avg: 32.7, Max: 32.8, Diff: 0.1, Sum: 130.8]
      [GC Worker End (ms): Min: 163788.2, Avg: 163788.2, Max: 163788.2, Diff: 0.1]
   [Code Root Fixup: 0.0 ms]
   [Code Root Migration: 0.2 ms]
   [Clear CT: 0.4 ms]
   [Other: 119.7 ms]
      [Choose CSet: 0.0 ms]
      [Ref Proc: 115.2 ms]
      [Ref Enq: 2.4 ms]
      [Free CSet: 1.9 ms]
   [Eden: 1694.0M(1694.0M)->0.0B(1694.0M) Survivors: 22.0M->22.0M Heap: 3662.2M(4096.0M)->1968.2M(4096.0M)]
 [Times: user=0.56 sys=0.00, real=0.16 secs] 
2016-01-06T01:06:25.509-0800: 164.172: [GC pause (young)
Desired survivor size 112721920 bytes, new threshold 15 (max 15)
- age   1:   20627920 bytes,   20627920 total
- age   2:      36864 bytes,   20664784 total
2016-01-06T01:06:25.677-0800: 164.340: [SoftReference, 0 refs, 0.0000490 secs]2016-01-06T01:06:25.677-0800: 164.340: [WeakReference, 0 refs, 0.0000070 secs]2016-01-06T01:06:25.677-0800: 164.340: [FinalReference, 0 refs, 0.0000060 secs]2016-01-06T01:06:25.677-0800: 164.340: [PhantomReference, 0 refs, 53022 refs, 0.0017850 secs]2016-01-06T01:06:25.678-0800: 164.341: [JNI Weak Reference, 0.0000080 secs], 0.1751460 secs]
   [Parallel Time: 33.9 ms, GC Workers: 4]
      [GC Worker Start (ms): Min: 164171.6, Avg: 164171.6, Max: 164171.7, Diff: 0.1]
      [Ext Root Scanning (ms): Min: 0.4, Avg: 0.4, Max: 0.4, Diff: 0.1, Sum: 1.5]
      [SATB Filtering (ms): Min: 0.0, Avg: 0.0, Max: 0.0, Diff: 0.0, Sum: 0.0]
      [Update RS (ms): Min: 21.8, Avg: 21.8, Max: 22.0, Diff: 0.2, Sum: 87.3]
         [Processed Buffers: Min: 30, Avg: 30.0, Max: 30, Diff: 0, Sum: 120]
      [Scan RS (ms): Min: 0.6, Avg: 0.8, Max: 0.8, Diff: 0.2, Sum: 3.1]
      [Code Root Scanning (ms): Min: 0.1, Avg: 0.1, Max: 0.1, Diff: 0.0, Sum: 0.4]
      [Object Copy (ms): Min: 10.6, Avg: 10.7, Max: 10.7, Diff: 0.1, Sum: 42.6]
      [Termination (ms): Min: 0.0, Avg: 0.0, Max: 0.0, Diff: 0.0, Sum: 0.0]
      [GC Worker Other (ms): Min: 0.0, Avg: 0.1, Max: 0.1, Diff: 0.1, Sum: 0.3]
      [GC Worker Total (ms): Min: 33.8, Avg: 33.8, Max: 33.8, Diff: 0.0, Sum: 135.3]
      [GC Worker End (ms): Min: 164205.4, Avg: 164205.5, Max: 164205.5, Diff: 0.1]
   [Code Root Fixup: 0.0 ms]
   [Code Root Migration: 0.2 ms]
   [Clear CT: 0.4 ms]
   [Other: 140.6 ms]
      [Choose CSet: 0.0 ms]
      [Ref Proc: 135.9 ms]
      [Ref Enq: 2.4 ms]
      [Free CSet: 2.1 ms]
   [Eden: 1694.0M(1694.0M)->0.0B(1694.0M) Survivors: 22.0M->22.0M Heap: 3662.2M(4096.0M)->1968.2M(4096.0M)]
 [Times: user=0.65 sys=0.00, real=0.17 secs] 
2016-01-06T01:06:25.925-0800: 164.587: [GC pause (young)
Desired survivor size 112721920 bytes, new threshold 15 (max 15)
- age   1:   20627920 bytes,   20627920 total
- age   2:      36864 bytes,   20664784 total
2016-01-06T01:06:26.094-0800: 164.757: [SoftReference, 0 refs, 0.0000630 secs]2016-01-06T01:06:26.094-0800: 164.757: [WeakReference, 0 refs, 0.0000070 secs]2016-01-06T01:06:26.094-0800: 164.757: [FinalReference, 0 refs, 0.0000060 secs]2016-01-06T01:06:26.094-0800: 164.757: [PhantomReference, 0 refs, 53025 refs, 0.0018580 secs]2016-01-06T01:06:26.096-0800: 164.759: [JNI Weak Reference, 0.0000070 secs], 0.1762090 secs]
   [Parallel Time: 26.1 ms, GC Workers: 4]
      [GC Worker Start (ms): Min: 164587.6, Avg: 164587.6, Max: 164587.6, Diff: 0.1]
      [Ext Root Scanning (ms): Min: 0.3, Avg: 0.4, Max: 0.4, Diff: 0.1, Sum: 1.5]
      [SATB Filtering (ms): Min: 0.0, Avg: 0.0, Max: 0.0, Diff: 0.0, Sum: 0.0]
      [Update RS (ms): Min: 13.8, Avg: 14.0, Max: 14.2, Diff: 0.4, Sum: 56.0]
         [Processed Buffers: Min: 18, Avg: 18.8, Max: 19, Diff: 1, Sum: 75]
      [Scan RS (ms): Min: 0.6, Avg: 0.8, Max: 1.0, Diff: 0.4, Sum: 3.1]
      [Code Root Scanning (ms): Min: 0.1, Avg: 0.1, Max: 0.1, Diff: 0.0, Sum: 0.4]
      [Object Copy (ms): Min: 10.6, Avg: 10.7, Max: 10.7, Diff: 0.1, Sum: 42.6]
      [Termination (ms): Min: 0.0, Avg: 0.0, Max: 0.0, Diff: 0.0, Sum: 0.0]
      [GC Worker Other (ms): Min: 0.0, Avg: 0.1, Max: 0.1, Diff: 0.1, Sum: 0.3]
      [GC Worker Total (ms): Min: 25.9, Avg: 26.0, Max: 26.0, Diff: 0.1, Sum: 103.8]
      [GC Worker End (ms): Min: 164613.5, Avg: 164613.6, Max: 164613.6, Diff: 0.1]
   [Code Root Fixup: 0.0 ms]
   [Code Root Migration: 0.2 ms]
   [Clear CT: 0.4 ms]
   [Other: 149.5 ms]
      [Choose CSet: 0.0 ms]
      [Ref Proc: 145.0 ms]
      [Ref Enq: 2.5 ms]
      [Free CSet: 2.0 ms]
   [Eden: 1694.0M(1694.0M)->0.0B(1694.0M) Survivors: 22.0M->22.0M Heap: 3662.2M(4096.0M)->1968.2M(4096.0M)]
 [Times: user=0.66 sys=0.00, real=0.18 secs] 
2016-01-06T01:06:26.343-0800: 165.006: [GC pause (young)
Desired survivor size 112721920 bytes, new threshold 15 (max 15)
- age   1:   20627920 bytes,   20627920 total
- age   2:      36864 bytes,   20664784 total
2016-01-06T01:06:26.526-0800: 165.189: [SoftReference, 0 refs, 0.0000690 secs]2016-01-06T01:06:26.526-0800: 165.189: [WeakReference, 0 refs, 0.0000080 secs]2016-01-06T01:06:26.526-0800: 165.189: [FinalReference, 0 refs, 0.0000060 secs]2016-01-06T01:06:26.526-0800: 165.189: [PhantomReference, 0 refs, 53025 refs, 0.0018710 secs]2016-01-06T01:06:26.528-0800: 165.191: [JNI Weak Reference, 0.0000090 secs], 0.1902290 secs]
   [Parallel Time: 29.5 ms, GC Workers: 4]
      [GC Worker Start (ms): Min: 165006.3, Avg: 165006.4, Max: 165006.4, Diff: 0.1]
      [Ext Root Scanning (ms): Min: 0.3, Avg: 0.4, Max: 0.4, Diff: 0.1, Sum: 1.4]
      [SATB Filtering (ms): Min: 0.0, Avg: 0.0, Max: 0.0, Diff: 0.0, Sum: 0.0]
      [Update RS (ms): Min: 17.7, Avg: 17.8, Max: 18.0, Diff: 0.3, Sum: 71.4]
         [Processed Buffers: Min: 24, Avg: 25.2, Max: 26, Diff: 2, Sum: 101]
      [Scan RS (ms): Min: 0.6, Avg: 0.8, Max: 0.9, Diff: 0.3, Sum: 3.2]
      [Code Root Scanning (ms): Min: 0.1, Avg: 0.1, Max: 0.1, Diff: 0.0, Sum: 0.3]
      [Object Copy (ms): Min: 10.2, Avg: 10.3, Max: 10.3, Diff: 0.1, Sum: 41.0]
      [Termination (ms): Min: 0.0, Avg: 0.0, Max: 0.0, Diff: 0.0, Sum: 0.0]
      [GC Worker Other (ms): Min: 0.0, Avg: 0.1, Max: 0.1, Diff: 0.1, Sum: 0.2]
      [GC Worker Total (ms): Min: 29.4, Avg: 29.4, Max: 29.5, Diff: 0.1, Sum: 117.6]
      [GC Worker End (ms): Min: 165035.7, Avg: 165035.8, Max: 165035.8, Diff: 0.1]
   [Code Root Fixup: 0.0 ms]
   [Code Root Migration: 0.3 ms]
   [Clear CT: 0.4 ms]
   [Other: 160.1 ms]
      [Choose CSet: 0.0 ms]
      [Ref Proc: 155.5 ms]
      [Ref Enq: 2.4 ms]
      [Free CSet: 2.1 ms]
   [Eden: 1694.0M(1694.0M)->0.0B(1694.0M) Survivors: 22.0M->22.0M Heap: 3662.2M(4096.0M)->1968.2M(4096.0M)]
 [Times: user=0.72 sys=0.00, real=0.19 secs] 
2016-01-06T01:06:26.776-0800: 165.439: [GC pause (young)
Desired survivor size 112721920 bytes, new threshold 15 (max 15)
- age   1:   20627920 bytes,   20627920 total
- age   2:      36864 bytes,   20664784 total
2016-01-06T01:06:26.982-0800: 165.645: [SoftReference, 0 refs, 0.0000560 secs]2016-01-06T01:06:26.982-0800: 165.645: [WeakReference, 0 refs, 0.0000070 secs]2016-01-06T01:06:26.982-0800: 165.645: [FinalReference, 0 refs, 0.0000060 secs]2016-01-06T01:06:26.982-0800: 165.645: [PhantomReference, 0 refs, 53026 refs, 0.0018100 secs]2016-01-06T01:06:26.984-0800: 165.647: [JNI Weak Reference, 0.0000080 secs], 0.2134850 secs]
   [Parallel Time: 26.1 ms, GC Workers: 4]
      [GC Worker Start (ms): Min: 165438.9, Avg: 165439.2, Max: 165439.9, Diff: 1.0]
      [Ext Root Scanning (ms): Min: 0.0, Avg: 0.3, Max: 0.5, Diff: 0.5, Sum: 1.3]
      [SATB Filtering (ms): Min: 0.0, Avg: 0.0, Max: 0.0, Diff: 0.0, Sum: 0.0]
      [Update RS (ms): Min: 13.8, Avg: 14.2, Max: 14.4, Diff: 0.6, Sum: 56.9]
         [Processed Buffers: Min: 19, Avg: 20.5, Max: 22, Diff: 3, Sum: 82]
      [Scan RS (ms): Min: 0.7, Avg: 0.7, Max: 0.8, Diff: 0.1, Sum: 3.0]
      [Code Root Scanning (ms): Min: 0.1, Avg: 0.1, Max: 0.1, Diff: 0.0, Sum: 0.3]
      [Object Copy (ms): Min: 10.3, Avg: 10.3, Max: 10.3, Diff: 0.1, Sum: 41.1]
      [Termination (ms): Min: 0.0, Avg: 0.0, Max: 0.0, Diff: 0.0, Sum: 0.0]
      [GC Worker Other (ms): Min: 0.0, Avg: 0.1, Max: 0.1, Diff: 0.1, Sum: 0.2]
      [GC Worker Total (ms): Min: 24.9, Avg: 25.7, Max: 26.0, Diff: 1.1, Sum: 102.9]
      [GC Worker End (ms): Min: 165464.8, Avg: 165464.9, Max: 165464.9, Diff: 0.1]
   [Code Root Fixup: 0.0 ms]
   [Code Root Migration: 0.2 ms]
   [Clear CT: 0.4 ms]
   [Other: 186.7 ms]
      [Choose CSet: 0.0 ms]
      [Ref Proc: 182.1 ms]
      [Ref Enq: 2.5 ms]
      [Free CSet: 2.0 ms]
   [Eden: 1694.0M(1694.0M)->0.0B(1694.0M) Survivors: 22.0M->22.0M Heap: 3662.2M(4096.0M)->1968.2M(4096.0M)]
 [Times: user=0.73 sys=0.00, real=0.22 secs] 
2016-01-06T01:06:27.230-0800: 165.893: [GC pause (young)
Desired survivor size 112721920 bytes, new threshold 15 (max 15)
- age   1:   20627920 bytes,   20627920 total
- age   2:      36864 bytes,   20664784 total
2016-01-06T01:06:27.409-0800: 166.072: [SoftReference, 0 refs, 0.0000470 secs]2016-01-06T01:06:27.409-0800: 166.072: [WeakReference, 0 refs, 0.0000070 secs]2016-01-06T01:06:27.409-0800: 166.072: [FinalReference, 0 refs, 0.0000050 secs]2016-01-06T01:06:27.409-0800: 166.072: [PhantomReference, 0 refs, 53025 refs, 0.0017980 secs]2016-01-06T01:06:27.411-0800: 166.074: [JNI Weak Reference, 0.0000080 secs], 0.1860660 secs]
   [Parallel Time: 13.3 ms, GC Workers: 4]
      [GC Worker Start (ms): Min: 165892.9, Avg: 165893.7, Max: 165895.9, Diff: 3.0]
      [Ext Root Scanning (ms): Min: 0.0, Avg: 0.3, Max: 0.5, Diff: 0.5, Sum: 1.3]
      [SATB Filtering (ms): Min: 0.0, Avg: 0.0, Max: 0.0, Diff: 0.0, Sum: 0.0]
      [Update RS (ms): Min: 0.0, Avg: 0.0, Max: 0.1, Diff: 0.1, Sum: 0.1]
         [Processed Buffers: Min: 0, Avg: 1.0, Max: 2, Diff: 2, Sum: 4]
      [Scan RS (ms): Min: 0.2, Avg: 1.2, Max: 2.6, Diff: 2.4, Sum: 4.8]
      [Code Root Scanning (ms): Min: 0.0, Avg: 0.1, Max: 0.1, Diff: 0.1, Sum: 0.3]
      [Object Copy (ms): Min: 9.8, Avg: 10.7, Max: 11.5, Diff: 1.7, Sum: 42.7]
      [Termination (ms): Min: 0.0, Avg: 0.0, Max: 0.0, Diff: 0.0, Sum: 0.0]
      [GC Worker Other (ms): Min: 0.0, Avg: 0.1, Max: 0.1, Diff: 0.1, Sum: 0.3]
      [GC Worker Total (ms): Min: 10.1, Avg: 12.4, Max: 13.2, Diff: 3.0, Sum: 49.6]
      [GC Worker End (ms): Min: 165906.0, Avg: 165906.1, Max: 165906.1, Diff: 0.1]
   [Code Root Fixup: 0.0 ms]
   [Code Root Migration: 0.3 ms]
   [Clear CT: 0.4 ms]
   [Other: 172.1 ms]
      [Choose CSet: 0.0 ms]
      [Ref Proc: 167.6 ms]
      [Ref Enq: 2.5 ms]
      [Free CSet: 2.0 ms]
   [Eden: 1694.0M(1694.0M)->0.0B(1694.0M) Survivors: 22.0M->22.0M Heap: 3662.2M(4096.0M)->1968.2M(4096.0M)]
 [Times: user=0.68 sys=0.00, real=0.18 secs] 
2016-01-06T01:06:27.660-0800: 166.323: [GC pause (young)
Desired survivor size 112721920 bytes, new threshold 15 (max 15)
- age   1:   20627920 bytes,   20627920 total
- age   2:      36864 bytes,   20664784 total
2016-01-06T01:06:27.863-0800: 166.526: [SoftReference, 0 refs, 0.0000590 secs]2016-01-06T01:06:27.863-0800: 166.526: [WeakReference, 0 refs, 0.0000070 secs]2016-01-06T01:06:27.863-0800: 166.526: [FinalReference, 0 refs, 0.0000060 secs]2016-01-06T01:06:27.863-0800: 166.526: [PhantomReference, 0 refs, 53025 refs, 0.0018450 secs]2016-01-06T01:06:27.865-0800: 166.527: [JNI Weak Reference, 0.0000070 secs], 0.2099130 secs]
   [Parallel Time: 34.5 ms, GC Workers: 4]
      [GC Worker Start (ms): Min: 166322.7, Avg: 166322.8, Max: 166322.8, Diff: 0.1]
      [Ext Root Scanning (ms): Min: 0.3, Avg: 0.4, Max: 0.4, Diff: 0.1, Sum: 1.4]
      [SATB Filtering (ms): Min: 0.0, Avg: 0.0, Max: 0.0, Diff: 0.0, Sum: 0.0]
      [Update RS (ms): Min: 22.0, Avg: 22.2, Max: 22.4, Diff: 0.4, Sum: 88.9]
         [Processed Buffers: Min: 26, Avg: 28.2, Max: 29, Diff: 3, Sum: 113]
      [Scan RS (ms): Min: 0.6, Avg: 0.8, Max: 1.0, Diff: 0.4, Sum: 3.1]
      [Code Root Scanning (ms): Min: 0.1, Avg: 0.1, Max: 0.1, Diff: 0.0, Sum: 0.3]
      [Object Copy (ms): Min: 10.8, Avg: 10.8, Max: 10.9, Diff: 0.1, Sum: 43.4]
      [Termination (ms): Min: 0.0, Avg: 0.0, Max: 0.0, Diff: 0.0, Sum: 0.0]
      [GC Worker Other (ms): Min: 0.0, Avg: 0.1, Max: 0.1, Diff: 0.1, Sum: 0.3]
      [GC Worker Total (ms): Min: 34.3, Avg: 34.4, Max: 34.4, Diff: 0.1, Sum: 137.4]
      [GC Worker End (ms): Min: 166357.1, Avg: 166357.1, Max: 166357.2, Diff: 0.1]
   [Code Root Fixup: 0.0 ms]
   [Code Root Migration: 0.3 ms]
   [Clear CT: 0.4 ms]
   [Other: 174.7 ms]
      [Choose CSet: 0.0 ms]
      [Ref Proc: 170.3 ms]
      [Ref Enq: 2.4 ms]
      [Free CSet: 2.0 ms]
   [Eden: 1694.0M(1694.0M)->0.0B(182.0M) Survivors: 22.0M->22.0M Heap: 3662.2M(4096.0M)->1968.2M(4096.0M)]
 [Times: user=0.78 sys=0.01, real=0.21 secs] 
2016-01-06T01:06:27.899-0800: 166.562: [GC pause (young)
Desired survivor size 13631488 bytes, new threshold 1 (max 15)
- age   1:   20627920 bytes,   20627920 total
- age   2:      36864 bytes,   20664784 total
2016-01-06T01:06:28.078-0800: 166.741: [SoftReference, 0 refs, 0.0000490 secs]2016-01-06T01:06:28.078-0800: 166.741: [WeakReference, 0 refs, 0.0000070 secs]2016-01-06T01:06:28.078-0800: 166.741: [FinalReference, 0 refs, 0.0000050 secs]2016-01-06T01:06:28.078-0800: 166.741: [PhantomReference, 0 refs, 6154 refs, 0.0002330 secs]2016-01-06T01:06:28.079-0800: 166.741: [JNI Weak Reference, 0.0000080 secs], 0.1804800 secs]
   [Parallel Time: 10.1 ms, GC Workers: 4]
      [GC Worker Start (ms): Min: 166561.9, Avg: 166561.9, Max: 166561.9, Diff: 0.1]
      [Ext Root Scanning (ms): Min: 0.3, Avg: 0.4, Max: 0.4, Diff: 0.1, Sum: 1.5]
      [SATB Filtering (ms): Min: 0.0, Avg: 0.0, Max: 0.0, Diff: 0.0, Sum: 0.0]
      [Update RS (ms): Min: 7.0, Avg: 7.1, Max: 7.3, Diff: 0.3, Sum: 28.6]
         [Processed Buffers: Min: 10, Avg: 10.8, Max: 13, Diff: 3, Sum: 43]
      [Scan RS (ms): Min: 0.0, Avg: 0.1, Max: 0.2, Diff: 0.1, Sum: 0.3]
      [Code Root Scanning (ms): Min: 0.0, Avg: 0.0, Max: 0.0, Diff: 0.0, Sum: 0.1]
      [Object Copy (ms): Min: 2.2, Avg: 2.3, Max: 2.4, Diff: 0.1, Sum: 9.2]
      [Termination (ms): Min: 0.0, Avg: 0.0, Max: 0.0, Diff: 0.0, Sum: 0.0]
      [GC Worker Other (ms): Min: 0.0, Avg: 0.0, Max: 0.0, Diff: 0.0, Sum: 0.1]
      [GC Worker Total (ms): Min: 9.9, Avg: 9.9, Max: 10.0, Diff: 0.1, Sum: 39.7]
      [GC Worker End (ms): Min: 166571.8, Avg: 166571.8, Max: 166571.8, Diff: 0.0]
   [Code Root Fixup: 0.0 ms]
   [Code Root Migration: 0.0 ms]
   [Clear CT: 0.1 ms]
   [Other: 170.2 ms]
      [Choose CSet: 0.0 ms]
      [Ref Proc: 169.5 ms]
      [Ref Enq: 0.3 ms]
      [Free CSet: 0.3 ms]
   [Eden: 182.0M(182.0M)->0.0B(395.0M) Survivors: 22.0M->19.0M Heap: 2150.2M(4096.0M)->1964.7M(4096.0M)]
 [Times: user=0.68 sys=0.01, real=0.18 secs] 
2016-01-06T01:06:28.136-0800: 166.799: [GC pause (young)
Desired survivor size 27262976 bytes, new threshold 15 (max 15)
- age   1:   17253136 bytes,   17253136 total
2016-01-06T01:06:28.326-0800: 166.989: [SoftReference, 0 refs, 0.0000410 secs]2016-01-06T01:06:28.326-0800: 166.989: [WeakReference, 0 refs, 0.0000060 secs]2016-01-06T01:06:28.326-0800: 166.989: [FinalReference, 0 refs, 0.0000190 secs]2016-01-06T01:06:28.326-0800: 166.989: [PhantomReference, 0 refs, 12756 refs, 0.0004500 secs]2016-01-06T01:06:28.326-0800: 166.989: [JNI Weak Reference, 0.0000080 secs], 0.1918360 secs]
   [Parallel Time: 13.1 ms, GC Workers: 4]
      [GC Worker Start (ms): Min: 166798.7, Avg: 166798.7, Max: 166798.8, Diff: 0.1]
      [Ext Root Scanning (ms): Min: 0.3, Avg: 0.4, Max: 0.4, Diff: 0.1, Sum: 1.4]
      [SATB Filtering (ms): Min: 0.0, Avg: 0.0, Max: 0.0, Diff: 0.0, Sum: 0.0]
      [Update RS (ms): Min: 7.2, Avg: 8.8, Max: 12.4, Diff: 5.2, Sum: 35.1]
         [Processed Buffers: Min: 9, Avg: 11.2, Max: 13, Diff: 4, Sum: 45]
      [Scan RS (ms): Min: 0.0, Avg: 0.2, Max: 0.5, Diff: 0.5, Sum: 0.7]
      [Code Root Scanning (ms): Min: 0.0, Avg: 0.0, Max: 0.1, Diff: 0.1, Sum: 0.1]
      [Object Copy (ms): Min: 0.0, Avg: 2.3, Max: 3.1, Diff: 3.0, Sum: 9.2]
      [Termination (ms): Min: 0.0, Avg: 1.3, Max: 1.7, Diff: 1.7, Sum: 5.1]
      [GC Worker Other (ms): Min: 0.0, Avg: 0.0, Max: 0.0, Diff: 0.0, Sum: 0.1]
      [GC Worker Total (ms): Min: 12.9, Avg: 12.9, Max: 13.0, Diff: 0.1, Sum: 51.7]
      [GC Worker End (ms): Min: 166811.6, Avg: 166811.7, Max: 166811.7, Diff: 0.0]
   [Code Root Fixup: 0.0 ms]
   [Code Root Migration: 0.1 ms]
   [Clear CT: 0.1 ms]
   [Other: 178.6 ms]
      [Choose CSet: 0.0 ms]
      [Ref Proc: 177.4 ms]
      [Ref Enq: 0.6 ms]
      [Free CSet: 0.5 ms]
   [Eden: 395.0M(395.0M)->0.0B(185.0M) Survivors: 19.0M->19.0M Heap: 2359.7M(4096.0M)->1964.7M(4096.0M)]
 [Times: user=0.67 sys=0.01, real=0.20 secs] 
2016-01-06T01:06:28.354-0800: 167.017: [GC pause (young)
Desired survivor size 13631488 bytes, new threshold 1 (max 15)
- age   1:   17728552 bytes,   17728552 total
- age   2:      36864 bytes,   17765416 total
2016-01-06T01:06:28.531-0800: 167.194: [SoftReference, 0 refs, 0.0000450 secs]2016-01-06T01:06:28.531-0800: 167.194: [WeakReference, 0 refs, 0.0000060 secs]2016-01-06T01:06:28.531-0800: 167.194: [FinalReference, 0 refs, 0.0000050 secs]2016-01-06T01:06:28.531-0800: 167.194: [PhantomReference, 0 refs, 6246 refs, 0.0002400 secs]2016-01-06T01:06:28.531-0800: 167.194: [JNI Weak Reference, 0.0000080 secs], 0.1776550 secs]
   [Parallel Time: 3.0 ms, GC Workers: 4]
      [GC Worker Start (ms): Min: 167017.2, Avg: 167017.9, Max: 167020.0, Diff: 2.8]
      [Ext Root Scanning (ms): Min: 0.0, Avg: 0.3, Max: 0.5, Diff: 0.5, Sum: 1.3]
      [SATB Filtering (ms): Min: 0.0, Avg: 0.0, Max: 0.0, Diff: 0.0, Sum: 0.0]
      [Update RS (ms): Min: 0.0, Avg: 0.0, Max: 0.1, Diff: 0.1, Sum: 0.1]
         [Processed Buffers: Min: 0, Avg: 1.0, Max: 3, Diff: 3, Sum: 4]
      [Scan RS (ms): Min: 0.1, Avg: 0.1, Max: 0.1, Diff: 0.1, Sum: 0.3]
      [Code Root Scanning (ms): Min: 0.0, Avg: 0.0, Max: 0.0, Diff: 0.0, Sum: 0.0]
      [Object Copy (ms): Min: 0.1, Avg: 1.7, Max: 2.3, Diff: 2.2, Sum: 7.0]
      [Termination (ms): Min: 0.0, Avg: 0.0, Max: 0.0, Diff: 0.0, Sum: 0.0]
      [GC Worker Other (ms): Min: 0.0, Avg: 0.0, Max: 0.0, Diff: 0.0, Sum: 0.1]
      [GC Worker Total (ms): Min: 0.2, Avg: 2.2, Max: 2.9, Diff: 2.8, Sum: 8.9]
      [GC Worker End (ms): Min: 167020.1, Avg: 167020.2, Max: 167020.2, Diff: 0.0]
   [Code Root Fixup: 0.0 ms]
   [Code Root Migration: 0.0 ms]
   [Clear CT: 0.1 ms]
   [Other: 174.5 ms]
      [Choose CSet: 0.0 ms]
      [Ref Proc: 173.8 ms]
      [Ref Enq: 0.3 ms]
      [Free CSet: 0.3 ms]
   [Eden: 185.0M(185.0M)->0.0B(1693.0M) Survivors: 19.0M->19.0M Heap: 2149.7M(4096.0M)->1964.7M(4096.0M)]
 [Times: user=0.69 sys=0.00, real=0.18 secs] 
2016-01-06T01:06:28.769-0800: 167.432: [GC pause (young)
Desired survivor size 112197632 bytes, new threshold 15 (max 15)
- age   1:   17259832 bytes,   17259832 total
2016-01-06T01:06:28.999-0800: 167.662: [SoftReference, 0 refs, 0.0000510 secs]2016-01-06T01:06:28.999-0800: 167.662: [WeakReference, 0 refs, 0.0000070 secs]2016-01-06T01:06:28.999-0800: 167.662: [FinalReference, 0 refs, 0.0000050 secs]2016-01-06T01:06:28.999-0800: 167.662: [PhantomReference, 0 refs, 52993 refs, 0.0017960 secs]2016-01-06T01:06:29.001-0800: 167.664: [JNI Weak Reference, 0.0000230 secs], 0.2364120 secs]
   [Parallel Time: 27.2 ms, GC Workers: 4]
      [GC Worker Start (ms): Min: 167432.5, Avg: 167433.4, Max: 167435.9, Diff: 3.4]
      [Ext Root Scanning (ms): Min: 0.0, Avg: 0.3, Max: 0.5, Diff: 0.5, Sum: 1.4]
      [SATB Filtering (ms): Min: 0.0, Avg: 0.0, Max: 0.0, Diff: 0.0, Sum: 0.0]
      [Update RS (ms): Min: 12.3, Avg: 14.5, Max: 15.5, Diff: 3.2, Sum: 58.1]
         [Processed Buffers: Min: 16, Avg: 19.5, Max: 22, Diff: 6, Sum: 78]
      [Scan RS (ms): Min: 0.5, Avg: 0.8, Max: 1.0, Diff: 0.5, Sum: 3.1]
      [Code Root Scanning (ms): Min: 0.1, Avg: 0.1, Max: 0.1, Diff: 0.1, Sum: 0.3]
      [Object Copy (ms): Min: 10.4, Avg: 10.4, Max: 10.4, Diff: 0.0, Sum: 41.6]
      [Termination (ms): Min: 0.0, Avg: 0.0, Max: 0.0, Diff: 0.0, Sum: 0.0]
      [GC Worker Other (ms): Min: 0.0, Avg: 0.1, Max: 0.1, Diff: 0.1, Sum: 0.2]
      [GC Worker Total (ms): Min: 23.6, Avg: 26.2, Max: 27.1, Diff: 3.5, Sum: 104.8]
      [GC Worker End (ms): Min: 167459.5, Avg: 167459.6, Max: 167459.6, Diff: 0.0]
   [Code Root Fixup: 0.0 ms]
   [Code Root Migration: 0.2 ms]
   [Clear CT: 0.4 ms]
   [Other: 208.5 ms]
      [Choose CSet: 0.0 ms]
      [Ref Proc: 204.1 ms]
      [Ref Enq: 2.4 ms]
      [Free CSet: 1.9 ms]
   [Eden: 1693.0M(1693.0M)->0.0B(196.0M) Survivors: 19.0M->8192.0K Heap: 3657.7M(4096.0M)->1953.7M(4096.0M)]
 [Times: user=0.81 sys=0.00, real=0.24 secs] 
2016-01-06T01:06:29.037-0800: 167.700: [GC pause (young)
Desired survivor size 13631488 bytes, new threshold 15 (max 15)
- age   1:    6343768 bytes,    6343768 total
- age   2:      36864 bytes,    6380632 total
2016-01-06T01:06:29.272-0800: 167.935: [SoftReference, 0 refs, 0.0000450 secs]2016-01-06T01:06:29.272-0800: 167.935: [WeakReference, 0 refs, 0.0000060 secs]2016-01-06T01:06:29.272-0800: 167.935: [FinalReference, 0 refs, 0.0000060 secs]2016-01-06T01:06:29.272-0800: 167.935: [PhantomReference, 0 refs, 6587 refs, 0.0002540 secs]2016-01-06T01:06:29.273-0800: 167.936: [JNI Weak Reference, 0.0000070 secs], 0.2365330 secs]
   [Parallel Time: 9.1 ms, GC Workers: 4]
      [GC Worker Start (ms): Min: 167700.0, Avg: 167701.0, Max: 167703.9, Diff: 4.0]
      [Ext Root Scanning (ms): Min: 0.0, Avg: 0.3, Max: 0.5, Diff: 0.4, Sum: 1.3]
      [SATB Filtering (ms): Min: 0.0, Avg: 0.0, Max: 0.0, Diff: 0.0, Sum: 0.0]
      [Update RS (ms): Min: 2.9, Avg: 5.3, Max: 6.3, Diff: 3.4, Sum: 21.3]
         [Processed Buffers: Min: 4, Avg: 9.0, Max: 14, Diff: 10, Sum: 36]
      [Scan RS (ms): Min: 0.0, Avg: 0.1, Max: 0.2, Diff: 0.2, Sum: 0.3]
      [Code Root Scanning (ms): Min: 0.0, Avg: 0.0, Max: 0.0, Diff: 0.0, Sum: 0.0]
      [Object Copy (ms): Min: 2.1, Avg: 2.3, Max: 2.3, Diff: 0.2, Sum: 9.0]
      [Termination (ms): Min: 0.0, Avg: 0.0, Max: 0.0, Diff: 0.0, Sum: 0.0]
      [GC Worker Other (ms): Min: 0.0, Avg: 0.0, Max: 0.0, Diff: 0.0, Sum: 0.1]
      [GC Worker Total (ms): Min: 5.0, Avg: 8.0, Max: 9.0, Diff: 4.0, Sum: 32.0]
      [GC Worker End (ms): Min: 167709.0, Avg: 167709.0, Max: 167709.0, Diff: 0.0]
   [Code Root Fixup: 0.0 ms]
   [Code Root Migration: 0.0 ms]
   [Clear CT: 0.1 ms]
   [Other: 227.3 ms]
      [Choose CSet: 0.0 ms]
      [Ref Proc: 226.5 ms]
      [Ref Enq: 0.3 ms]
      [Free CSet: 0.4 ms]
   [Eden: 196.0M(196.0M)->0.0B(185.0M) Survivors: 8192.0K->19.0M Heap: 2149.7M(4096.0M)->1964.7M(4096.0M)]
 [Times: user=0.86 sys=0.01, real=0.23 secs] 
2016-01-06T01:06:29.300-0800: 167.963: [GC pause (young)
Desired survivor size 13631488 bytes, new threshold 1 (max 15)
- age   1:   17284384 bytes,   17284384 total
- age   2:      36864 bytes,   17321248 total
2016-01-06T01:06:29.491-0800: 168.154: [SoftReference, 0 refs, 0.0000540 secs]2016-01-06T01:06:29.491-0800: 168.154: [WeakReference, 0 refs, 0.0000070 secs]2016-01-06T01:06:29.491-0800: 168.154: [FinalReference, 0 refs, 0.0000060 secs]2016-01-06T01:06:29.491-0800: 168.154: [PhantomReference, 0 refs, 6245 refs, 0.0002360 secs]2016-01-06T01:06:29.491-0800: 168.154: [JNI Weak Reference, 0.0000080 secs], 0.1914790 secs]
   [Parallel Time: 7.4 ms, GC Workers: 4]
      [GC Worker Start (ms): Min: 167963.4, Avg: 167964.6, Max: 167967.9, Diff: 4.5]
      [Ext Root Scanning (ms): Min: 0.0, Avg: 0.3, Max: 0.5, Diff: 0.5, Sum: 1.3]
      [SATB Filtering (ms): Min: 0.0, Avg: 0.0, Max: 0.0, Diff: 0.0, Sum: 0.0]
      [Update RS (ms): Min: 0.5, Avg: 3.4, Max: 4.6, Diff: 4.1, Sum: 13.8]
         [Processed Buffers: Min: 1, Avg: 6.2, Max: 11, Diff: 10, Sum: 25]
      [Scan RS (ms): Min: 0.0, Avg: 0.1, Max: 0.2, Diff: 0.2, Sum: 0.3]
      [Code Root Scanning (ms): Min: 0.0, Avg: 0.0, Max: 0.0, Diff: 0.0, Sum: 0.0]
      [Object Copy (ms): Min: 2.2, Avg: 2.2, Max: 2.2, Diff: 0.0, Sum: 8.9]
      [Termination (ms): Min: 0.0, Avg: 0.0, Max: 0.0, Diff: 0.0, Sum: 0.0]
      [GC Worker Other (ms): Min: 0.0, Avg: 0.0, Max: 0.1, Diff: 0.1, Sum: 0.2]
      [GC Worker Total (ms): Min: 2.8, Avg: 6.1, Max: 7.3, Diff: 4.5, Sum: 24.6]
      [GC Worker End (ms): Min: 167970.7, Avg: 167970.7, Max: 167970.7, Diff: 0.1]
   [Code Root Fixup: 0.0 ms]
   [Code Root Migration: 0.0 ms]
   [Clear CT: 0.1 ms]
   [Other: 184.0 ms]
      [Choose CSet: 0.0 ms]
      [Ref Proc: 183.3 ms]
      [Ref Enq: 0.3 ms]
      [Free CSet: 0.3 ms]
   [Eden: 185.0M(185.0M)->0.0B(185.0M) Survivors: 19.0M->19.0M Heap: 2149.7M(4096.0M)->1964.8M(4096.0M)]
 [Times: user=0.72 sys=0.01, real=0.19 secs] 
2016-01-06T01:06:29.519-0800: 168.182: [GC pause (young)
Desired survivor size 13631488 bytes, new threshold 1 (max 15)
- age   1:   17259832 bytes,   17259832 total
2016-01-06T01:06:29.707-0800: 168.370: [SoftReference, 0 refs, 0.0000460 secs]2016-01-06T01:06:29.707-0800: 168.370: [WeakReference, 0 refs, 0.0000140 secs]2016-01-06T01:06:29.707-0800: 168.370: [FinalReference, 0 refs, 0.0000060 secs]2016-01-06T01:06:29.707-0800: 168.370: [PhantomReference, 0 refs, 6245 refs, 0.0002360 secs]2016-01-06T01:06:29.707-0800: 168.370: [JNI Weak Reference, 0.0000070 secs], 0.1888210 secs]
   [Parallel Time: 6.4 ms, GC Workers: 4]
      [GC Worker Start (ms): Min: 168182.2, Avg: 168183.8, Max: 168188.4, Diff: 6.2]
      [Ext Root Scanning (ms): Min: 0.0, Avg: 0.4, Max: 0.5, Diff: 0.5, Sum: 1.4]
      [SATB Filtering (ms): Min: 0.0, Avg: 0.0, Max: 0.0, Diff: 0.0, Sum: 0.0]
      [Update RS (ms): Min: 0.0, Avg: 0.1, Max: 0.2, Diff: 0.2, Sum: 0.3]
         [Processed Buffers: Min: 0, Avg: 1.0, Max: 2, Diff: 2, Sum: 4]
      [Scan RS (ms): Min: 0.0, Avg: 0.1, Max: 0.2, Diff: 0.1, Sum: 0.4]
      [Code Root Scanning (ms): Min: 0.0, Avg: 0.0, Max: 0.0, Diff: 0.0, Sum: 0.0]
      [Object Copy (ms): Min: 0.0, Avg: 1.9, Max: 2.6, Diff: 2.6, Sum: 7.7]
      [Termination (ms): Min: 0.0, Avg: 2.2, Max: 3.0, Diff: 3.0, Sum: 8.9]
      [GC Worker Other (ms): Min: 0.0, Avg: 0.0, Max: 0.0, Diff: 0.0, Sum: 0.1]
      [GC Worker Total (ms): Min: 0.1, Avg: 4.7, Max: 6.3, Diff: 6.2, Sum: 18.8]
      [GC Worker End (ms): Min: 168188.5, Avg: 168188.5, Max: 168188.5, Diff: 0.0]
   [Code Root Fixup: 0.0 ms]
   [Code Root Migration: 0.0 ms]
   [Clear CT: 0.2 ms]
   [Other: 182.2 ms]
      [Choose CSet: 0.0 ms]
      [Ref Proc: 181.6 ms]
      [Ref Enq: 0.3 ms]
      [Free CSet: 0.3 ms]
   [Eden: 185.0M(185.0M)->0.0B(185.0M) Survivors: 19.0M->19.0M Heap: 2149.8M(4096.0M)->1964.8M(4096.0M)]
 [Times: user=0.69 sys=0.00, real=0.19 secs] 
2016-01-06T01:06:29.734-0800: 168.397: [GC pause (young)
Desired survivor size 13631488 bytes, new threshold 1 (max 15)
- age   1:   17259832 bytes,   17259832 total
2016-01-06T01:06:29.924-0800: 168.587: [SoftReference, 0 refs, 0.0000440 secs]2016-01-06T01:06:29.924-0800: 168.587: [WeakReference, 0 refs, 0.0000060 secs]2016-01-06T01:06:29.924-0800: 168.587: [FinalReference, 0 refs, 0.0000060 secs]2016-01-06T01:06:29.924-0800: 168.587: [PhantomReference, 0 refs, 6246 refs, 0.0002370 secs]2016-01-06T01:06:29.924-0800: 168.587: [JNI Weak Reference, 0.0000080 secs], 0.1905530 secs]
   [Parallel Time: 3.1 ms, GC Workers: 4]
      [GC Worker Start (ms): Min: 168397.4, Avg: 168397.4, Max: 168397.5, Diff: 0.1]
      [Ext Root Scanning (ms): Min: 0.3, Avg: 0.4, Max: 0.4, Diff: 0.1, Sum: 1.4]
      [SATB Filtering (ms): Min: 0.0, Avg: 0.0, Max: 0.0, Diff: 0.0, Sum: 0.0]
      [Update RS (ms): Min: 0.1, Avg: 0.4, Max: 0.6, Diff: 0.5, Sum: 1.4]
         [Processed Buffers: Min: 1, Avg: 1.2, Max: 2, Diff: 1, Sum: 5]
      [Scan RS (ms): Min: 0.0, Avg: 0.1, Max: 0.2, Diff: 0.2, Sum: 0.3]
      [Code Root Scanning (ms): Min: 0.0, Avg: 0.0, Max: 0.0, Diff: 0.0, Sum: 0.0]
      [Object Copy (ms): Min: 2.0, Avg: 2.2, Max: 2.3, Diff: 0.3, Sum: 8.7]
      [Termination (ms): Min: 0.0, Avg: 0.0, Max: 0.0, Diff: 0.0, Sum: 0.0]
      [GC Worker Other (ms): Min: 0.0, Avg: 0.0, Max: 0.0, Diff: 0.0, Sum: 0.1]
      [GC Worker Total (ms): Min: 3.0, Avg: 3.0, Max: 3.0, Diff: 0.1, Sum: 12.0]
      [GC Worker End (ms): Min: 168400.4, Avg: 168400.4, Max: 168400.4, Diff: 0.0]
   [Code Root Fixup: 0.0 ms]
   [Code Root Migration: 0.0 ms]
   [Clear CT: 0.1 ms]
   [Other: 187.3 ms]
      [Choose CSet: 0.0 ms]
      [Ref Proc: 186.6 ms]
      [Ref Enq: 0.3 ms]
      [Free CSet: 0.3 ms]
   [Eden: 185.0M(185.0M)->0.0B(186.0M) Survivors: 19.0M->18.0M Heap: 2149.8M(4096.0M)->1964.4M(4096.0M)]
 [Times: user=0.74 sys=0.00, real=0.20 secs] 
2016-01-06T01:06:29.954-0800: 168.617: [GC pause (young)
Desired survivor size 13631488 bytes, new threshold 1 (max 15)
- age   1:   17259832 bytes,   17259832 total
2016-01-06T01:06:30.140-0800: 168.803: [SoftReference, 0 refs, 0.0000540 secs]2016-01-06T01:06:30.140-0800: 168.803: [WeakReference, 0 refs, 0.0000080 secs]2016-01-06T01:06:30.140-0800: 168.803: [FinalReference, 0 refs, 0.0000050 secs]2016-01-06T01:06:30.140-0800: 168.803: [PhantomReference, 0 refs, 6277 refs, 0.0002410 secs]2016-01-06T01:06:30.140-0800: 168.803: [JNI Weak Reference, 0.0000080 secs], 0.1872090 secs]
   [Parallel Time: 3.2 ms, GC Workers: 4]
      [GC Worker Start (ms): Min: 168616.8, Avg: 168617.6, Max: 168619.8, Diff: 3.0]
      [Ext Root Scanning (ms): Min: 0.0, Avg: 0.3, Max: 0.5, Diff: 0.5, Sum: 1.3]
      [SATB Filtering (ms): Min: 0.0, Avg: 0.0, Max: 0.0, Diff: 0.0, Sum: 0.0]
      [Update RS (ms): Min: 0.0, Avg: 0.1, Max: 0.2, Diff: 0.2, Sum: 0.2]
         [Processed Buffers: Min: 0, Avg: 1.2, Max: 4, Diff: 4, Sum: 5]
      [Scan RS (ms): Min: 0.0, Avg: 0.1, Max: 0.1, Diff: 0.1, Sum: 0.4]
      [Code Root Scanning (ms): Min: 0.0, Avg: 0.0, Max: 0.0, Diff: 0.0, Sum: 0.0]
      [Object Copy (ms): Min: 0.0, Avg: 1.7, Max: 2.2, Diff: 2.2, Sum: 6.6]
      [Termination (ms): Min: 0.0, Avg: 0.2, Max: 0.3, Diff: 0.3, Sum: 0.7]
      [GC Worker Other (ms): Min: 0.0, Avg: 0.0, Max: 0.0, Diff: 0.0, Sum: 0.0]
      [GC Worker Total (ms): Min: 0.1, Avg: 2.3, Max: 3.1, Diff: 3.0, Sum: 9.2]
      [GC Worker End (ms): Min: 168619.9, Avg: 168619.9, Max: 168619.9, Diff: 0.1]
   [Code Root Fixup: 0.0 ms]
   [Code Root Migration: 0.0 ms]
   [Clear CT: 0.2 ms]
   [Other: 183.8 ms]
      [Choose CSet: 0.0 ms]
      [Ref Proc: 183.1 ms]
      [Ref Enq: 0.3 ms]
      [Free CSet: 0.3 ms]
   [Eden: 186.0M(186.0M)->0.0B(186.0M) Survivors: 18.0M->18.0M Heap: 2150.4M(4096.0M)->1964.4M(4096.0M)]
 [Times: user=0.69 sys=0.01, real=0.19 secs] 
2016-01-06T01:06:30.170-0800: 168.833: [GC pause (young)
Desired survivor size 13631488 bytes, new threshold 1 (max 15)
- age   1:   17262064 bytes,   17262064 total
2016-01-06T01:06:30.361-0800: 169.024: [SoftReference, 0 refs, 0.0000470 secs]2016-01-06T01:06:30.361-0800: 169.024: [WeakReference, 0 refs, 0.0000080 secs]2016-01-06T01:06:30.361-0800: 169.024: [FinalReference, 0 refs, 0.0000060 secs]2016-01-06T01:06:30.361-0800: 169.024: [PhantomReference, 0 refs, 6276 refs, 0.0002300 secs]2016-01-06T01:06:30.361-0800: 169.024: [JNI Weak Reference, 0.0000080 secs], 0.1923640 secs]
   [Parallel Time: 3.1 ms, GC Workers: 4]
      [GC Worker Start (ms): Min: 168833.0, Avg: 168833.0, Max: 168833.0, Diff: 0.1]
      [Ext Root Scanning (ms): Min: 0.3, Avg: 0.4, Max: 0.4, Diff: 0.1, Sum: 1.5]
      [SATB Filtering (ms): Min: 0.0, Avg: 0.0, Max: 0.0, Diff: 0.0, Sum: 0.0]
      [Update RS (ms): Min: 0.0, Avg: 0.1, Max: 0.3, Diff: 0.3, Sum: 0.3]
         [Processed Buffers: Min: 0, Avg: 1.2, Max: 2, Diff: 2, Sum: 5]
      [Scan RS (ms): Min: 0.0, Avg: 0.1, Max: 0.1, Diff: 0.1, Sum: 0.3]
      [Code Root Scanning (ms): Min: 0.0, Avg: 0.0, Max: 0.0, Diff: 0.0, Sum: 0.0]
      [Object Copy (ms): Min: 2.3, Avg: 2.4, Max: 2.4, Diff: 0.1, Sum: 9.6]
      [Termination (ms): Min: 0.0, Avg: 0.0, Max: 0.0, Diff: 0.0, Sum: 0.0]
      [GC Worker Other (ms): Min: 0.0, Avg: 0.0, Max: 0.0, Diff: 0.0, Sum: 0.1]
      [GC Worker Total (ms): Min: 2.9, Avg: 3.0, Max: 3.0, Diff: 0.1, Sum: 11.9]
      [GC Worker End (ms): Min: 168836.0, Avg: 168836.0, Max: 168836.0, Diff: 0.0]
   [Code Root Fixup: 0.0 ms]
   [Code Root Migration: 0.0 ms]
   [Clear CT: 0.1 ms]
   [Other: 189.2 ms]
      [Choose CSet: 0.0 ms]
      [Ref Proc: 188.3 ms]
      [Ref Enq: 0.3 ms]
      [Free CSet: 0.5 ms]
   [Eden: 186.0M(186.0M)->0.0B(186.0M) Survivors: 18.0M->18.0M Heap: 2150.4M(4096.0M)->1964.5M(4096.0M)]
 [Times: user=0.71 sys=0.01, real=0.19 secs] 
2016-01-06T01:06:30.392-0800: 169.055: [GC pause (young)
Desired survivor size 13631488 bytes, new threshold 1 (max 15)
- age   1:   17262064 bytes,   17262064 total
2016-01-06T01:06:30.578-0800: 169.241: [SoftReference, 0 refs, 0.0000440 secs]2016-01-06T01:06:30.578-0800: 169.241: [WeakReference, 0 refs, 0.0000060 secs]2016-01-06T01:06:30.578-0800: 169.241: [FinalReference, 0 refs, 0.0000050 secs]2016-01-06T01:06:30.578-0800: 169.241: [PhantomReference, 0 refs, 6276 refs, 0.0002420 secs]2016-01-06T01:06:30.578-0800: 169.241: [JNI Weak Reference, 0.0000070 secs], 0.1874880 secs]
   [Parallel Time: 3.0 ms, GC Workers: 4]
      [GC Worker Start (ms): Min: 169054.8, Avg: 169054.9, Max: 169054.9, Diff: 0.1]
      [Ext Root Scanning (ms): Min: 0.3, Avg: 0.4, Max: 0.4, Diff: 0.1, Sum: 1.4]
      [SATB Filtering (ms): Min: 0.0, Avg: 0.0, Max: 0.0, Diff: 0.0, Sum: 0.0]
      [Update RS (ms): Min: 0.0, Avg: 0.1, Max: 0.2, Diff: 0.2, Sum: 0.3]
         [Processed Buffers: Min: 0, Avg: 1.5, Max: 3, Diff: 3, Sum: 6]
      [Scan RS (ms): Min: 0.0, Avg: 0.1, Max: 0.1, Diff: 0.1, Sum: 0.4]
      [Code Root Scanning (ms): Min: 0.0, Avg: 0.0, Max: 0.0, Diff: 0.0, Sum: 0.0]
      [Object Copy (ms): Min: 2.3, Avg: 2.3, Max: 2.3, Diff: 0.0, Sum: 9.3]
      [Termination (ms): Min: 0.0, Avg: 0.0, Max: 0.0, Diff: 0.0, Sum: 0.0]
      [GC Worker Other (ms): Min: 0.0, Avg: 0.0, Max: 0.0, Diff: 0.0, Sum: 0.1]
      [GC Worker Total (ms): Min: 2.8, Avg: 2.9, Max: 2.9, Diff: 0.1, Sum: 11.5]
      [GC Worker End (ms): Min: 169057.7, Avg: 169057.7, Max: 169057.7, Diff: 0.0]
   [Code Root Fixup: 0.0 ms]
   [Code Root Migration: 0.0 ms]
   [Clear CT: 0.1 ms]
   [Other: 184.3 ms]
      [Choose CSet: 0.0 ms]
      [Ref Proc: 183.6 ms]
      [Ref Enq: 0.3 ms]
      [Free CSet: 0.3 ms]
   [Eden: 186.0M(186.0M)->0.0B(830.0M) Survivors: 18.0M->19.0M Heap: 2150.5M(4096.0M)->1965.0M(4096.0M)]
 [Times: user=0.73 sys=0.00, real=0.19 secs] 
2016-01-06T01:06:30.697-0800: 169.359: [GC pause (young)
Desired survivor size 56098816 bytes, new threshold 15 (max 15)
- age   1:   17262064 bytes,   17262064 total
2016-01-06T01:06:30.903-0800: 169.566: [SoftReference, 0 refs, 0.0000450 secs]2016-01-06T01:06:30.903-0800: 169.566: [WeakReference, 0 refs, 0.0000070 secs]2016-01-06T01:06:30.903-0800: 169.566: [FinalReference, 0 refs, 0.0000060 secs]2016-01-06T01:06:30.903-0800: 169.566: [PhantomReference, 0 refs, 26241 refs, 0.0009070 secs]2016-01-06T01:06:30.904-0800: 169.567: [JNI Weak Reference, 0.0000080 secs], 0.2102110 secs]
   [Parallel Time: 19.0 ms, GC Workers: 4]
      [GC Worker Start (ms): Min: 169359.5, Avg: 169359.6, Max: 169359.9, Diff: 0.4]
      [Ext Root Scanning (ms): Min: 0.0, Avg: 0.3, Max: 0.5, Diff: 0.5, Sum: 1.4]
      [SATB Filtering (ms): Min: 0.0, Avg: 0.0, Max: 0.0, Diff: 0.0, Sum: 0.0]
      [Update RS (ms): Min: 12.3, Avg: 12.5, Max: 12.7, Diff: 0.4, Sum: 49.9]
         [Processed Buffers: Min: 17, Avg: 18.0, Max: 19, Diff: 2, Sum: 72]
      [Scan RS (ms): Min: 0.2, Avg: 0.4, Max: 0.5, Diff: 0.3, Sum: 1.4]
      [Code Root Scanning (ms): Min: 0.0, Avg: 0.0, Max: 0.1, Diff: 0.0, Sum: 0.2]
      [Object Copy (ms): Min: 5.5, Avg: 5.5, Max: 5.5, Diff: 0.0, Sum: 21.9]
      [Termination (ms): Min: 0.0, Avg: 0.0, Max: 0.0, Diff: 0.0, Sum: 0.0]
      [GC Worker Other (ms): Min: 0.0, Avg: 0.0, Max: 0.1, Diff: 0.1, Sum: 0.2]
      [GC Worker Total (ms): Min: 18.5, Avg: 18.8, Max: 18.9, Diff: 0.4, Sum: 75.0]
      [GC Worker End (ms): Min: 169378.4, Avg: 169378.4, Max: 169378.4, Diff: 0.1]
   [Code Root Fixup: 0.0 ms]
   [Code Root Migration: 0.1 ms]
   [Clear CT: 0.2 ms]
   [Other: 190.9 ms]
      [Choose CSet: 0.0 ms]
      [Ref Proc: 188.6 ms]
      [Ref Enq: 1.2 ms]
      [Free CSet: 1.0 ms]
   [Eden: 830.0M(830.0M)->0.0B(184.0M) Survivors: 19.0M->20.0M Heap: 2795.0M(4096.0M)->1966.5M(4096.0M)]
 [Times: user=0.81 sys=0.00, real=0.22 secs] 
2016-01-06T01:06:30.934-0800: 169.597: [GC pause (young)
Desired survivor size 13631488 bytes, new threshold 1 (max 15)
- age   1:   18699472 bytes,   18699472 total
- age   2:      36864 bytes,   18736336 total
2016-01-06T01:06:31.127-0800: 169.790: [SoftReference, 0 refs, 0.0000390 secs]2016-01-06T01:06:31.127-0800: 169.790: [WeakReference, 0 refs, 0.0000060 secs]2016-01-06T01:06:31.127-0800: 169.790: [FinalReference, 0 refs, 0.0000050 secs]2016-01-06T01:06:31.127-0800: 169.790: [PhantomReference, 0 refs, 6216 refs, 0.0002270 secs]2016-01-06T01:06:31.128-0800: 169.791: [JNI Weak Reference, 0.0000070 secs], 0.1941870 secs]
   [Parallel Time: 2.6 ms, GC Workers: 4]
      [GC Worker Start (ms): Min: 169597.3, Avg: 169597.3, Max: 169597.4, Diff: 0.1]
      [Ext Root Scanning (ms): Min: 0.3, Avg: 0.4, Max: 0.4, Diff: 0.1, Sum: 1.4]
      [SATB Filtering (ms): Min: 0.0, Avg: 0.0, Max: 0.0, Diff: 0.0, Sum: 0.0]
      [Update RS (ms): Min: 0.0, Avg: 0.1, Max: 0.2, Diff: 0.2, Sum: 0.2]
         [Processed Buffers: Min: 0, Avg: 1.0, Max: 3, Diff: 3, Sum: 4]
      [Scan RS (ms): Min: 0.0, Avg: 0.1, Max: 0.1, Diff: 0.1, Sum: 0.4]
      [Code Root Scanning (ms): Min: 0.0, Avg: 0.0, Max: 0.0, Diff: 0.0, Sum: 0.0]
      [Object Copy (ms): Min: 1.9, Avg: 1.9, Max: 2.0, Diff: 0.1, Sum: 7.8]
      [Termination (ms): Min: 0.0, Avg: 0.0, Max: 0.0, Diff: 0.0, Sum: 0.0]
      [GC Worker Other (ms): Min: 0.0, Avg: 0.0, Max: 0.1, Diff: 0.0, Sum: 0.1]
      [GC Worker Total (ms): Min: 2.4, Avg: 2.5, Max: 2.5, Diff: 0.1, Sum: 9.9]
      [GC Worker End (ms): Min: 169599.8, Avg: 169599.8, Max: 169599.9, Diff: 0.0]
   [Code Root Fixup: 0.0 ms]
   [Code Root Migration: 0.0 ms]
   [Clear CT: 0.1 ms]
   [Other: 191.4 ms]
      [Choose CSet: 0.0 ms]
      [Ref Proc: 190.8 ms]
      [Ref Enq: 0.3 ms]
      [Free CSet: 0.3 ms]
   [Eden: 184.0M(184.0M)->0.0B(189.0M) Survivors: 20.0M->15.0M Heap: 2150.5M(4096.0M)->1961.0M(4096.0M)]
 [Times: user=0.66 sys=0.00, real=0.20 secs] 
2016-01-06T01:06:31.156-0800: 169.819: [GC pause (young)
Desired survivor size 13631488 bytes, new threshold 1 (max 15)
- age   1:   13908736 bytes,   13908736 total
2016-01-06T01:06:31.353-0800: 170.015: [SoftReference, 0 refs, 0.0000520 secs]2016-01-06T01:06:31.353-0800: 170.016: [WeakReference, 0 refs, 0.0000110 secs]2016-01-06T01:06:31.353-0800: 170.016: [FinalReference, 0 refs, 0.0000070 secs]2016-01-06T01:06:31.353-0800: 170.016: [PhantomReference, 0 refs, 6369 refs, 0.0002330 secs]2016-01-06T01:06:31.353-0800: 170.016: [JNI Weak Reference, 0.0000070 secs], 0.1973320 secs]
   [Parallel Time: 7.3 ms, GC Workers: 4]
      [GC Worker Start (ms): Min: 169819.4, Avg: 169819.5, Max: 169819.9, Diff: 0.5]
      [Ext Root Scanning (ms): Min: 0.0, Avg: 1.2, Max: 4.0, Diff: 4.0, Sum: 4.8]
      [SATB Filtering (ms): Min: 0.0, Avg: 0.0, Max: 0.0, Diff: 0.0, Sum: 0.0]
      [Update RS (ms): Min: 0.0, Avg: 0.1, Max: 0.2, Diff: 0.2, Sum: 0.3]
         [Processed Buffers: Min: 0, Avg: 1.2, Max: 4, Diff: 4, Sum: 5]
      [Scan RS (ms): Min: 0.0, Avg: 0.1, Max: 0.1, Diff: 0.1, Sum: 0.3]
      [Code Root Scanning (ms): Min: 0.0, Avg: 0.0, Max: 0.0, Diff: 0.0, Sum: 0.0]
      [Object Copy (ms): Min: 0.0, Avg: 2.5, Max: 3.5, Diff: 3.5, Sum: 10.0]
      [Termination (ms): Min: 0.0, Avg: 0.2, Max: 0.3, Diff: 0.3, Sum: 0.6]
      [GC Worker Other (ms): Min: 0.0, Avg: 0.0, Max: 0.0, Diff: 0.0, Sum: 0.0]
      [GC Worker Total (ms): Min: 3.7, Avg: 4.0, Max: 4.2, Diff: 0.5, Sum: 16.1]
      [GC Worker End (ms): Min: 169823.6, Avg: 169823.6, Max: 169823.6, Diff: 0.0]
   [Code Root Fixup: 0.0 ms]
   [Code Root Migration: 0.0 ms]
   [Clear CT: 0.2 ms]
   [Other: 189.8 ms]
      [Choose CSet: 0.0 ms]
      [Ref Proc: 189.2 ms]
      [Ref Enq: 0.3 ms]
      [Free CSet: 0.3 ms]
   [Eden: 189.0M(189.0M)->0.0B(240.0M) Survivors: 15.0M->19.0M Heap: 2150.0M(4096.0M)->1965.1M(4096.0M)]
 [Times: user=0.69 sys=0.00, real=0.20 secs] 
2016-01-06T01:06:31.394-0800: 170.057: [GC pause (young)
Desired survivor size 17301504 bytes, new threshold 15 (max 15)
- age   1:   17268760 bytes,   17268760 total
2016-01-06T01:06:31.585-0800: 170.248: [SoftReference, 0 refs, 0.0000490 secs]2016-01-06T01:06:31.585-0800: 170.248: [WeakReference, 0 refs, 0.0000070 secs]2016-01-06T01:06:31.585-0800: 170.248: [FinalReference, 0 refs, 0.0000050 secs]2016-01-06T01:06:31.585-0800: 170.248: [PhantomReference, 0 refs, 7949 refs, 0.0003040 secs]2016-01-06T01:06:31.585-0800: 170.248: [JNI Weak Reference, 0.0000080 secs], 0.1925480 secs]
   [Parallel Time: 3.2 ms, GC Workers: 4]
      [GC Worker Start (ms): Min: 170056.9, Avg: 170056.9, Max: 170056.9, Diff: 0.1]
      [Ext Root Scanning (ms): Min: 0.3, Avg: 0.4, Max: 0.5, Diff: 0.1, Sum: 1.5]
      [SATB Filtering (ms): Min: 0.0, Avg: 0.0, Max: 0.0, Diff: 0.0, Sum: 0.0]
      [Update RS (ms): Min: 0.0, Avg: 0.1, Max: 0.2, Diff: 0.2, Sum: 0.3]
         [Processed Buffers: Min: 0, Avg: 1.0, Max: 2, Diff: 2, Sum: 4]
      [Scan RS (ms): Min: 0.0, Avg: 0.1, Max: 0.1, Diff: 0.1, Sum: 0.4]
      [Code Root Scanning (ms): Min: 0.0, Avg: 0.0, Max: 0.0, Diff: 0.0, Sum: 0.1]
      [Object Copy (ms): Min: 2.5, Avg: 2.5, Max: 2.5, Diff: 0.0, Sum: 9.9]
      [Termination (ms): Min: 0.0, Avg: 0.0, Max: 0.0, Diff: 0.0, Sum: 0.0]
      [GC Worker Other (ms): Min: 0.0, Avg: 0.0, Max: 0.0, Diff: 0.0, Sum: 0.1]
      [GC Worker Total (ms): Min: 3.1, Avg: 3.1, Max: 3.1, Diff: 0.1, Sum: 12.4]
      [GC Worker End (ms): Min: 170060.0, Avg: 170060.0, Max: 170060.0, Diff: 0.0]
   [Code Root Fixup: 0.0 ms]
   [Code Root Migration: 0.0 ms]
   [Clear CT: 0.2 ms]
   [Other: 189.1 ms]
      [Choose CSet: 0.0 ms]
      [Ref Proc: 188.3 ms]
      [Ref Enq: 0.3 ms]
      [Free CSet: 0.4 ms]
   [Eden: 240.0M(240.0M)->0.0B(852.0M) Survivors: 19.0M->19.0M Heap: 2205.1M(4096.0M)->1965.1M(4096.0M)]
 [Times: user=0.72 sys=0.00, real=0.20 secs] 
2016-01-06T01:06:31.707-0800: 170.370: [GC pause (young)
Desired survivor size 57147392 bytes, new threshold 15 (max 15)
- age   1:   17382592 bytes,   17382592 total
- age   2:      36864 bytes,   17419456 total
2016-01-06T01:06:31.900-0800: 170.563: [SoftReference, 0 refs, 0.0000450 secs]2016-01-06T01:06:31.900-0800: 170.563: [WeakReference, 0 refs, 0.0000060 secs]2016-01-06T01:06:31.900-0800: 170.563: [FinalReference, 0 refs, 0.0000060 secs]2016-01-06T01:06:31.900-0800: 170.563: [PhantomReference, 0 refs, 26921 refs, 0.0009640 secs]2016-01-06T01:06:31.901-0800: 170.564: [JNI Weak Reference, 0.0000070 secs], 0.1963050 secs]
   [Parallel Time: 6.3 ms, GC Workers: 4]
      [GC Worker Start (ms): Min: 170370.0, Avg: 170370.5, Max: 170371.9, Diff: 1.9]
      [Ext Root Scanning (ms): Min: 0.0, Avg: 0.3, Max: 0.5, Diff: 0.5, Sum: 1.3]
      [SATB Filtering (ms): Min: 0.0, Avg: 0.0, Max: 0.0, Diff: 0.0, Sum: 0.0]
      [Update RS (ms): Min: 0.0, Avg: 0.0, Max: 0.1, Diff: 0.1, Sum: 0.1]
         [Processed Buffers: Min: 0, Avg: 1.2, Max: 3, Diff: 3, Sum: 5]
      [Scan RS (ms): Min: 0.1, Avg: 0.4, Max: 0.5, Diff: 0.4, Sum: 1.4]
      [Code Root Scanning (ms): Min: 0.0, Avg: 0.0, Max: 0.1, Diff: 0.1, Sum: 0.2]
      [Object Copy (ms): Min: 4.1, Avg: 4.9, Max: 5.1, Diff: 1.0, Sum: 19.5]
      [Termination (ms): Min: 0.0, Avg: 0.0, Max: 0.0, Diff: 0.0, Sum: 0.0]
      [GC Worker Other (ms): Min: 0.0, Avg: 0.0, Max: 0.1, Diff: 0.1, Sum: 0.2]
      [GC Worker Total (ms): Min: 4.2, Avg: 5.7, Max: 6.2, Diff: 2.0, Sum: 22.7]
      [GC Worker End (ms): Min: 170376.2, Avg: 170376.2, Max: 170376.2, Diff: 0.1]
   [Code Root Fixup: 0.0 ms]
   [Code Root Migration: 0.1 ms]
   [Clear CT: 0.2 ms]
   [Other: 189.7 ms]
      [Choose CSet: 0.0 ms]
      [Ref Proc: 187.3 ms]
      [Ref Enq: 1.2 ms]
      [Free CSet: 1.1 ms]
   [Eden: 852.0M(852.0M)->0.0B(1085.0M) Survivors: 19.0M->20.0M Heap: 2817.1M(4096.0M)->1966.6M(4096.0M)]
 [Times: user=0.75 sys=0.00, real=0.19 secs] 
2016-01-06T01:06:32.056-0800: 170.719: [GC pause (young)
Desired survivor size 72876032 bytes, new threshold 15 (max 15)
- age   1:   18748576 bytes,   18748576 total
- age   2:      36864 bytes,   18785440 total
2016-01-06T01:06:32.251-0800: 170.914: [SoftReference, 0 refs, 0.0000530 secs]2016-01-06T01:06:32.251-0800: 170.914: [WeakReference, 0 refs, 0.0000070 secs]2016-01-06T01:06:32.251-0800: 170.914: [FinalReference, 0 refs, 0.0000060 secs]2016-01-06T01:06:32.251-0800: 170.914: [PhantomReference, 0 refs, 34145 refs, 0.0011970 secs]2016-01-06T01:06:32.252-0800: 170.915: [JNI Weak Reference, 0.0000080 secs], 0.1996170 secs]
   [Parallel Time: 8.4 ms, GC Workers: 4]
      [GC Worker Start (ms): Min: 170718.9, Avg: 170719.1, Max: 170719.9, Diff: 1.1]
      [Ext Root Scanning (ms): Min: 0.0, Avg: 0.3, Max: 0.5, Diff: 0.5, Sum: 1.3]
      [SATB Filtering (ms): Min: 0.0, Avg: 0.0, Max: 0.0, Diff: 0.0, Sum: 0.0]
      [Update RS (ms): Min: 0.0, Avg: 0.0, Max: 0.1, Diff: 0.1, Sum: 0.2]
         [Processed Buffers: Min: 0, Avg: 1.2, Max: 4, Diff: 4, Sum: 5]
      [Scan RS (ms): Min: 0.1, Avg: 0.5, Max: 0.6, Diff: 0.5, Sum: 1.9]
      [Code Root Scanning (ms): Min: 0.0, Avg: 0.0, Max: 0.1, Diff: 0.1, Sum: 0.2]
      [Object Copy (ms): Min: 7.0, Avg: 7.1, Max: 7.1, Diff: 0.1, Sum: 28.3]
      [Termination (ms): Min: 0.0, Avg: 0.0, Max: 0.0, Diff: 0.0, Sum: 0.0]
      [GC Worker Other (ms): Min: 0.0, Avg: 0.0, Max: 0.1, Diff: 0.1, Sum: 0.2]
      [GC Worker Total (ms): Min: 7.2, Avg: 8.0, Max: 8.3, Diff: 1.1, Sum: 32.0]
      [GC Worker End (ms): Min: 170727.1, Avg: 170727.2, Max: 170727.2, Diff: 0.1]
   [Code Root Fixup: 0.0 ms]
   [Code Root Migration: 0.2 ms]
   [Clear CT: 0.3 ms]
   [Other: 190.7 ms]
      [Choose CSet: 0.0 ms]
      [Ref Proc: 187.8 ms]
      [Ref Enq: 1.6 ms]
      [Free CSet: 1.3 ms]
   [Eden: 1085.0M(1085.0M)->0.0B(931.0M) Survivors: 20.0M->21.0M Heap: 3051.6M(4096.0M)->1967.1M(4096.0M)]
 [Times: user=0.76 sys=0.01, real=0.20 secs] 
2016-01-06T01:06:32.388-0800: 171.051: [GC pause (young)
Desired survivor size 62390272 bytes, new threshold 15 (max 15)
- age   1:   19268632 bytes,   19268632 total
- age   2:      36864 bytes,   19305496 total
2016-01-06T01:06:32.599-0800: 171.262: [SoftReference, 0 refs, 0.0000510 secs]2016-01-06T01:06:32.599-0800: 171.262: [WeakReference, 0 refs, 0.0000070 secs]2016-01-06T01:06:32.599-0800: 171.262: [FinalReference, 0 refs, 0.0000050 secs]2016-01-06T01:06:32.599-0800: 171.262: [PhantomReference, 0 refs, 29372 refs, 0.0010060 secs]2016-01-06T01:06:32.600-0800: 171.263: [JNI Weak Reference, 0.0000070 secs], 0.2156620 secs]
   [Parallel Time: 8.1 ms, GC Workers: 4]
      [GC Worker Start (ms): Min: 171050.8, Avg: 171052.7, Max: 171058.5, Diff: 7.7]
      [Ext Root Scanning (ms): Min: 0.0, Avg: 0.4, Max: 0.5, Diff: 0.5, Sum: 1.4]
      [SATB Filtering (ms): Min: 0.0, Avg: 0.0, Max: 0.0, Diff: 0.0, Sum: 0.0]
      [Update RS (ms): Min: 0.0, Avg: 0.1, Max: 0.2, Diff: 0.2, Sum: 0.2]
         [Processed Buffers: Min: 0, Avg: 1.0, Max: 2, Diff: 2, Sum: 4]
      [Scan RS (ms): Min: 0.2, Avg: 0.5, Max: 0.6, Diff: 0.5, Sum: 1.9]
      [Code Root Scanning (ms): Min: 0.0, Avg: 0.1, Max: 0.1, Diff: 0.1, Sum: 0.2]
      [Object Copy (ms): Min: 0.0, Avg: 4.8, Max: 6.4, Diff: 6.4, Sum: 19.2]
      [Termination (ms): Min: 0.0, Avg: 0.3, Max: 0.3, Diff: 0.3, Sum: 1.0]
      [GC Worker Other (ms): Min: 0.0, Avg: 0.0, Max: 0.0, Diff: 0.0, Sum: 0.1]
      [GC Worker Total (ms): Min: 0.2, Avg: 6.0, Max: 8.0, Diff: 7.8, Sum: 24.0]
      [GC Worker End (ms): Min: 171058.7, Avg: 171058.7, Max: 171058.7, Diff: 0.0]
   [Code Root Fixup: 0.0 ms]
   [Code Root Migration: 0.1 ms]
   [Clear CT: 0.2 ms]
   [Other: 207.2 ms]
      [Choose CSet: 0.0 ms]
      [Ref Proc: 204.6 ms]
      [Ref Enq: 1.4 ms]
      [Free CSet: 1.2 ms]
   [Eden: 931.0M(931.0M)->0.0B(194.0M) Survivors: 21.0M->10.0M Heap: 2898.1M(4096.0M)->1956.6M(4096.0M)]
 [Times: user=0.80 sys=0.00, real=0.21 secs] 
2016-01-06T01:06:32.632-0800: 171.295: [GC pause (young)
Desired survivor size 13631488 bytes, new threshold 15 (max 15)
- age   1:    9239464 bytes,    9239464 total
- age   2:      36864 bytes,    9276328 total
2016-01-06T01:06:32.821-0800: 171.484: [SoftReference, 0 refs, 0.0000440 secs]2016-01-06T01:06:32.821-0800: 171.484: [WeakReference, 0 refs, 0.0000060 secs]2016-01-06T01:06:32.821-0800: 171.484: [FinalReference, 0 refs, 0.0000060 secs]2016-01-06T01:06:32.821-0800: 171.484: [PhantomReference, 0 refs, 6525 refs, 0.0002350 secs]2016-01-06T01:06:32.821-0800: 171.484: [JNI Weak Reference, 0.0000070 secs], 0.1899260 secs]
   [Parallel Time: 3.0 ms, GC Workers: 4]
      [GC Worker Start (ms): Min: 171295.3, Avg: 171295.3, Max: 171295.4, Diff: 0.1]
      [Ext Root Scanning (ms): Min: 0.3, Avg: 0.4, Max: 0.4, Diff: 0.1, Sum: 1.4]
      [SATB Filtering (ms): Min: 0.0, Avg: 0.0, Max: 0.0, Diff: 0.0, Sum: 0.0]
      [Update RS (ms): Min: 0.0, Avg: 0.1, Max: 0.2, Diff: 0.2, Sum: 0.2]
         [Processed Buffers: Min: 0, Avg: 1.0, Max: 3, Diff: 3, Sum: 4]
      [Scan RS (ms): Min: 0.0, Avg: 0.1, Max: 0.1, Diff: 0.1, Sum: 0.4]
      [Code Root Scanning (ms): Min: 0.0, Avg: 0.0, Max: 0.0, Diff: 0.0, Sum: 0.0]
      [Object Copy (ms): Min: 2.3, Avg: 2.3, Max: 2.3, Diff: 0.1, Sum: 9.2]
      [Termination (ms): Min: 0.0, Avg: 0.0, Max: 0.0, Diff: 0.0, Sum: 0.0]
      [GC Worker Other (ms): Min: 0.0, Avg: 0.1, Max: 0.1, Diff: 0.1, Sum: 0.2]
      [GC Worker Total (ms): Min: 2.9, Avg: 2.9, Max: 2.9, Diff: 0.0, Sum: 11.5]
      [GC Worker End (ms): Min: 171298.2, Avg: 171298.2, Max: 171298.2, Diff: 0.1]
   [Code Root Fixup: 0.0 ms]
   [Code Root Migration: 0.0 ms]
   [Clear CT: 0.2 ms]
   [Other: 186.7 ms]
      [Choose CSet: 0.0 ms]
      [Ref Proc: 186.1 ms]
      [Ref Enq: 0.3 ms]
      [Free CSet: 0.3 ms]
   [Eden: 194.0M(194.0M)->0.0B(186.0M) Survivors: 10.0M->18.0M Heap: 2150.6M(4096.0M)->1964.6M(4096.0M)]
 [Times: user=0.74 sys=0.00, real=0.19 secs] 
2016-01-06T01:06:32.848-0800: 171.511: [GC pause (young)
Desired survivor size 13631488 bytes, new threshold 1 (max 15)
- age   1:   17279920 bytes,   17279920 total
- age   2:      36864 bytes,   17316784 total
2016-01-06T01:06:33.072-0800: 171.735: [SoftReference, 0 refs, 0.0000480 secs]2016-01-06T01:06:33.072-0800: 171.735: [WeakReference, 0 refs, 0.0000080 secs]2016-01-06T01:06:33.072-0800: 171.735: [FinalReference, 0 refs, 0.0000060 secs]2016-01-06T01:06:33.072-0800: 171.735: [PhantomReference, 0 refs, 6278 refs, 0.0002300 secs]2016-01-06T01:06:33.073-0800: 171.735: [JNI Weak Reference, 0.0000080 secs], 0.2249610 secs]
   [Parallel Time: 4.6 ms, GC Workers: 4]
      [GC Worker Start (ms): Min: 171511.4, Avg: 171512.6, Max: 171515.9, Diff: 4.5]
      [Ext Root Scanning (ms): Min: 0.0, Avg: 0.3, Max: 0.5, Diff: 0.5, Sum: 1.3]
      [SATB Filtering (ms): Min: 0.0, Avg: 0.0, Max: 0.0, Diff: 0.0, Sum: 0.0]
      [Update RS (ms): Min: 0.0, Avg: 0.0, Max: 0.2, Diff: 0.2, Sum: 0.2]
         [Processed Buffers: Min: 0, Avg: 1.0, Max: 3, Diff: 3, Sum: 4]
      [Scan RS (ms): Min: 0.0, Avg: 0.1, Max: 0.2, Diff: 0.1, Sum: 0.3]
      [Code Root Scanning (ms): Min: 0.0, Avg: 0.0, Max: 0.0, Diff: 0.0, Sum: 0.0]
      [Object Copy (ms): Min: 0.0, Avg: 1.6, Max: 2.1, Diff: 2.1, Sum: 6.3]
      [Termination (ms): Min: 0.0, Avg: 1.4, Max: 1.8, Diff: 1.8, Sum: 5.5]
      [GC Worker Other (ms): Min: 0.0, Avg: 0.0, Max: 0.0, Diff: 0.0, Sum: 0.0]
      [GC Worker Total (ms): Min: 0.1, Avg: 3.4, Max: 4.6, Diff: 4.5, Sum: 13.7]
      [GC Worker End (ms): Min: 171516.0, Avg: 171516.0, Max: 171516.0, Diff: 0.0]
   [Code Root Fixup: 0.0 ms]
   [Code Root Migration: 0.0 ms]
   [Clear CT: 0.2 ms]
   [Other: 220.1 ms]
      [Choose CSet: 0.0 ms]
      [Ref Proc: 219.4 ms]
      [Ref Enq: 0.3 ms]
      [Free CSet: 0.3 ms]
   [Eden: 186.0M(186.0M)->0.0B(186.0M) Survivors: 18.0M->18.0M Heap: 2150.6M(4096.0M)->1964.6M(4096.0M)]
 [Times: user=0.77 sys=0.00, real=0.22 secs] 
2016-01-06T01:06:33.100-0800: 171.763: [GC pause (young)
Desired survivor size 13631488 bytes, new threshold 1 (max 15)
- age   1:   17262064 bytes,   17262064 total
2016-01-06T01:06:33.293-0800: 171.956: [SoftReference, 0 refs, 0.0000550 secs]2016-01-06T01:06:33.293-0800: 171.956: [WeakReference, 0 refs, 0.0000060 secs]2016-01-06T01:06:33.293-0800: 171.956: [FinalReference, 0 refs, 0.0000050 secs]2016-01-06T01:06:33.293-0800: 171.956: [PhantomReference, 0 refs, 6278 refs, 0.0002300 secs]2016-01-06T01:06:33.294-0800: 171.957: [JNI Weak Reference, 0.0000080 secs], 0.1946900 secs]
   [Parallel Time: 3.0 ms, GC Workers: 4]
      [GC Worker Start (ms): Min: 171762.8, Avg: 171763.1, Max: 171763.9, Diff: 1.2]
      [Ext Root Scanning (ms): Min: 0.0, Avg: 0.3, Max: 0.5, Diff: 0.5, Sum: 1.3]
      [SATB Filtering (ms): Min: 0.0, Avg: 0.0, Max: 0.0, Diff: 0.0, Sum: 0.0]
      [Update RS (ms): Min: 0.0, Avg: 0.1, Max: 0.2, Diff: 0.2, Sum: 0.3]
         [Processed Buffers: Min: 0, Avg: 1.0, Max: 2, Diff: 2, Sum: 4]
      [Scan RS (ms): Min: 0.0, Avg: 0.1, Max: 0.2, Diff: 0.1, Sum: 0.3]
      [Code Root Scanning (ms): Min: 0.0, Avg: 0.0, Max: 0.0, Diff: 0.0, Sum: 0.0]
      [Object Copy (ms): Min: 1.7, Avg: 2.1, Max: 2.3, Diff: 0.6, Sum: 8.5]
      [Termination (ms): Min: 0.0, Avg: 0.0, Max: 0.0, Diff: 0.0, Sum: 0.0]
      [GC Worker Other (ms): Min: 0.0, Avg: 0.0, Max: 0.0, Diff: 0.0, Sum: 0.0]
      [GC Worker Total (ms): Min: 1.7, Avg: 2.6, Max: 2.9, Diff: 1.2, Sum: 10.4]
      [GC Worker End (ms): Min: 171765.7, Avg: 171765.7, Max: 171765.7, Diff: 0.0]
   [Code Root Fixup: 0.0 ms]
   [Code Root Migration: 0.0 ms]
   [Clear CT: 0.1 ms]
   [Other: 191.5 ms]
      [Choose CSet: 0.0 ms]
      [Ref Proc: 190.9 ms]
      [Ref Enq: 0.3 ms]
      [Free CSet: 0.3 ms]
   [Eden: 186.0M(186.0M)->0.0B(185.0M) Survivors: 18.0M->19.0M Heap: 2150.6M(4096.0M)->1965.1M(4096.0M)]
 [Times: user=0.74 sys=0.01, real=0.19 secs] 
2016-01-06T01:06:33.320-0800: 171.983: [GC pause (young)
Desired survivor size 13631488 bytes, new threshold 1 (max 15)
- age   1:   17262064 bytes,   17262064 total
2016-01-06T01:06:33.517-0800: 172.180: [SoftReference, 0 refs, 0.0000480 secs]2016-01-06T01:06:33.517-0800: 172.180: [WeakReference, 0 refs, 0.0000080 secs]2016-01-06T01:06:33.517-0800: 172.180: [FinalReference, 0 refs, 0.0000060 secs]2016-01-06T01:06:33.517-0800: 172.180: [PhantomReference, 0 refs, 6246 refs, 0.0002410 secs]2016-01-06T01:06:33.518-0800: 172.181: [JNI Weak Reference, 0.0000070 secs], 0.1980430 secs]
   [Parallel Time: 3.0 ms, GC Workers: 4]
      [GC Worker Start (ms): Min: 171983.4, Avg: 171983.5, Max: 171983.9, Diff: 0.5]
      [Ext Root Scanning (ms): Min: 0.0, Avg: 0.3, Max: 0.5, Diff: 0.5, Sum: 1.3]
      [SATB Filtering (ms): Min: 0.0, Avg: 0.0, Max: 0.0, Diff: 0.0, Sum: 0.0]
      [Update RS (ms): Min: 0.0, Avg: 0.1, Max: 0.2, Diff: 0.2, Sum: 0.3]
         [Processed Buffers: Min: 0, Avg: 1.2, Max: 3, Diff: 3, Sum: 5]
      [Scan RS (ms): Min: 0.1, Avg: 0.1, Max: 0.1, Diff: 0.0, Sum: 0.3]
      [Code Root Scanning (ms): Min: 0.0, Avg: 0.0, Max: 0.0, Diff: 0.0, Sum: 0.0]
      [Object Copy (ms): Min: 2.3, Avg: 2.3, Max: 2.3, Diff: 0.0, Sum: 9.1]
      [Termination (ms): Min: 0.0, Avg: 0.0, Max: 0.0, Diff: 0.0, Sum: 0.0]
      [GC Worker Other (ms): Min: 0.0, Avg: 0.0, Max: 0.0, Diff: 0.0, Sum: 0.1]
      [GC Worker Total (ms): Min: 2.4, Avg: 2.8, Max: 2.9, Diff: 0.6, Sum: 11.1]
      [GC Worker End (ms): Min: 171986.3, Avg: 171986.3, Max: 171986.3, Diff: 0.0]
   [Code Root Fixup: 0.0 ms]
   [Code Root Migration: 0.0 ms]
   [Clear CT: 0.1 ms]
   [Other: 194.9 ms]
      [Choose CSet: 0.0 ms]
      [Ref Proc: 194.2 ms]
      [Ref Enq: 0.3 ms]
      [Free CSet: 0.3 ms]
   [Eden: 185.0M(185.0M)->0.0B(185.0M) Survivors: 19.0M->19.0M Heap: 2150.1M(4096.0M)->1965.2M(4096.0M)]
 [Times: user=0.69 sys=0.00, real=0.20 secs] 
2016-01-06T01:06:33.545-0800: 172.208: [GC pause (young)
Desired survivor size 13631488 bytes, new threshold 1 (max 15)
- age   1:   17259832 bytes,   17259832 total
2016-01-06T01:06:33.723-0800: 172.386: [SoftReference, 0 refs, 0.0000550 secs]2016-01-06T01:06:33.723-0800: 172.386: [WeakReference, 0 refs, 0.0000240 secs]2016-01-06T01:06:33.723-0800: 172.386: [FinalReference, 0 refs, 0.0000060 secs]2016-01-06T01:06:33.723-0800: 172.386: [PhantomReference, 0 refs, 6246 refs, 0.0002610 secs]2016-01-06T01:06:33.723-0800: 172.386: [JNI Weak Reference, 0.0000070 secs], 0.1787890 secs]
   [Parallel Time: 3.0 ms, GC Workers: 4]
      [GC Worker Start (ms): Min: 172208.1, Avg: 172208.1, Max: 172208.2, Diff: 0.1]
      [Ext Root Scanning (ms): Min: 0.3, Avg: 0.4, Max: 0.4, Diff: 0.1, Sum: 1.5]
      [SATB Filtering (ms): Min: 0.0, Avg: 0.0, Max: 0.0, Diff: 0.0, Sum: 0.0]
      [Update RS (ms): Min: 0.0, Avg: 0.1, Max: 0.2, Diff: 0.2, Sum: 0.3]
         [Processed Buffers: Min: 0, Avg: 1.2, Max: 3, Diff: 3, Sum: 5]
      [Scan RS (ms): Min: 0.0, Avg: 0.1, Max: 0.1, Diff: 0.1, Sum: 0.4]
      [Code Root Scanning (ms): Min: 0.0, Avg: 0.0, Max: 0.0, Diff: 0.0, Sum: 0.0]
      [Object Copy (ms): Min: 2.2, Avg: 2.2, Max: 2.3, Diff: 0.1, Sum: 8.9]
      [Termination (ms): Min: 0.0, Avg: 0.0, Max: 0.0, Diff: 0.0, Sum: 0.0]
      [GC Worker Other (ms): Min: 0.0, Avg: 0.1, Max: 0.1, Diff: 0.1, Sum: 0.2]
      [GC Worker Total (ms): Min: 2.8, Avg: 2.8, Max: 2.8, Diff: 0.0, Sum: 11.4]
      [GC Worker End (ms): Min: 172210.9, Avg: 172211.0, Max: 172211.0, Diff: 0.1]
   [Code Root Fixup: 0.0 ms]
   [Code Root Migration: 0.0 ms]
   [Clear CT: 0.1 ms]
   [Other: 175.7 ms]
      [Choose CSet: 0.0 ms]
      [Ref Proc: 175.0 ms]
      [Ref Enq: 0.3 ms]
      [Free CSet: 0.3 ms]
   [Eden: 185.0M(185.0M)->0.0B(185.0M) Survivors: 19.0M->19.0M Heap: 2150.2M(4096.0M)->1965.2M(4096.0M)]
 [Times: user=0.60 sys=0.00, real=0.17 secs] 
2016-01-06T01:06:33.750-0800: 172.413: [GC pause (young)
Desired survivor size 13631488 bytes, new threshold 1 (max 15)
- age   1:   17259832 bytes,   17259832 total
2016-01-06T01:06:33.945-0800: 172.608: [SoftReference, 0 refs, 0.0000460 secs]2016-01-06T01:06:33.945-0800: 172.608: [WeakReference, 0 refs, 0.0000070 secs]2016-01-06T01:06:33.945-0800: 172.608: [FinalReference, 0 refs, 0.0000060 secs]2016-01-06T01:06:33.945-0800: 172.608: [PhantomReference, 0 refs, 6246 refs, 0.0002500 secs]2016-01-06T01:06:33.945-0800: 172.608: [JNI Weak Reference, 0.0000080 secs], 0.1957070 secs]
   [Parallel Time: 4.5 ms, GC Workers: 4]
      [GC Worker Start (ms): Min: 172413.2, Avg: 172413.2, Max: 172413.3, Diff: 0.1]
      [Ext Root Scanning (ms): Min: 0.3, Avg: 0.4, Max: 0.4, Diff: 0.1, Sum: 1.5]
      [SATB Filtering (ms): Min: 0.0, Avg: 0.0, Max: 0.0, Diff: 0.0, Sum: 0.0]
      [Update RS (ms): Min: 0.0, Avg: 0.1, Max: 0.2, Diff: 0.2, Sum: 0.3]
         [Processed Buffers: Min: 0, Avg: 1.2, Max: 3, Diff: 3, Sum: 5]
      [Scan RS (ms): Min: 0.0, Avg: 0.1, Max: 0.1, Diff: 0.1, Sum: 0.4]
      [Code Root Scanning (ms): Min: 0.0, Avg: 0.0, Max: 0.0, Diff: 0.0, Sum: 0.0]
      [Object Copy (ms): Min: 2.3, Avg: 2.7, Max: 3.8, Diff: 1.5, Sum: 10.9]
      [Termination (ms): Min: 0.0, Avg: 1.1, Max: 1.5, Diff: 1.5, Sum: 4.5]
      [GC Worker Other (ms): Min: 0.0, Avg: 0.0, Max: 0.0, Diff: 0.0, Sum: 0.1]
      [GC Worker Total (ms): Min: 4.4, Avg: 4.4, Max: 4.4, Diff: 0.1, Sum: 17.6]
      [GC Worker End (ms): Min: 172417.6, Avg: 172417.6, Max: 172417.6, Diff: 0.0]
   [Code Root Fixup: 0.0 ms]
   [Code Root Migration: 0.0 ms]
   [Clear CT: 0.1 ms]
   [Other: 191.1 ms]
      [Choose CSet: 0.0 ms]
      [Ref Proc: 190.4 ms]
      [Ref Enq: 0.3 ms]
      [Free CSet: 0.3 ms]
   [Eden: 185.0M(185.0M)->0.0B(327.0M) Survivors: 19.0M->19.0M Heap: 2150.2M(4096.0M)->1965.3M(4096.0M)]
 [Times: user=0.75 sys=0.01, real=0.20 secs] 
2016-01-06T01:06:33.992-0800: 172.655: [GC pause (young)
Desired survivor size 23068672 bytes, new threshold 15 (max 15)
- age   1:   17259832 bytes,   17259832 total
2016-01-06T01:06:34.184-0800: 172.847: [SoftReference, 0 refs, 0.0000500 secs]2016-01-06T01:06:34.184-0800: 172.847: [WeakReference, 0 refs, 0.0000110 secs]2016-01-06T01:06:34.184-0800: 172.847: [FinalReference, 0 refs, 0.0000090 secs]2016-01-06T01:06:34.184-0800: 172.847: [PhantomReference, 0 refs, 10647 refs, 0.0006110 secs]2016-01-06T01:06:34.185-0800: 172.848: [JNI Weak Reference, 0.0000120 secs], 0.1942470 secs]
   [Parallel Time: 3.7 ms, GC Workers: 4]
      [GC Worker Start (ms): Min: 172655.3, Avg: 172655.4, Max: 172655.4, Diff: 0.1]
      [Ext Root Scanning (ms): Min: 0.3, Avg: 0.4, Max: 0.4, Diff: 0.1, Sum: 1.4]
      [SATB Filtering (ms): Min: 0.0, Avg: 0.0, Max: 0.0, Diff: 0.0, Sum: 0.0]
      [Update RS (ms): Min: 0.0, Avg: 0.1, Max: 0.2, Diff: 0.2, Sum: 0.4]
         [Processed Buffers: Min: 0, Avg: 1.2, Max: 2, Diff: 2, Sum: 5]
      [Scan RS (ms): Min: 0.1, Avg: 0.2, Max: 0.2, Diff: 0.2, Sum: 0.7]
      [Code Root Scanning (ms): Min: 0.0, Avg: 0.0, Max: 0.0, Diff: 0.0, Sum: 0.1]
      [Object Copy (ms): Min: 2.9, Avg: 2.9, Max: 2.9, Diff: 0.0, Sum: 11.5]
      [Termination (ms): Min: 0.0, Avg: 0.0, Max: 0.0, Diff: 0.0, Sum: 0.0]
      [GC Worker Other (ms): Min: 0.0, Avg: 0.0, Max: 0.0, Diff: 0.0, Sum: 0.1]
      [GC Worker Total (ms): Min: 3.5, Avg: 3.5, Max: 3.6, Diff: 0.1, Sum: 14.2]
      [GC Worker End (ms): Min: 172658.9, Avg: 172658.9, Max: 172658.9, Diff: 0.0]
   [Code Root Fixup: 0.0 ms]
   [Code Root Migration: 0.1 ms]
   [Clear CT: 0.2 ms]
   [Other: 190.2 ms]
      [Choose CSet: 0.0 ms]
      [Ref Proc: 188.7 ms]
      [Ref Enq: 0.7 ms]
      [Free CSet: 0.7 ms]
   [Eden: 327.0M(327.0M)->0.0B(684.0M) Survivors: 19.0M->19.0M Heap: 2292.3M(4096.0M)->1965.8M(4096.0M)]
 [Times: user=0.72 sys=0.00, real=0.20 secs] 
2016-01-06T01:06:34.293-0800: 172.956: [GC pause (young)
Desired survivor size 46137344 bytes, new threshold 15 (max 15)
- age   1:   17576776 bytes,   17576776 total
- age   2:      36864 bytes,   17613640 total
2016-01-06T01:06:34.488-0800: 173.151: [SoftReference, 0 refs, 0.0000480 secs]2016-01-06T01:06:34.489-0800: 173.151: [WeakReference, 0 refs, 0.0000060 secs]2016-01-06T01:06:34.489-0800: 173.151: [FinalReference, 0 refs, 0.0000060 secs]2016-01-06T01:06:34.489-0800: 173.151: [PhantomReference, 0 refs, 21714 refs, 0.0008070 secs]2016-01-06T01:06:34.489-0800: 173.152: [JNI Weak Reference, 0.0000090 secs], 0.1988390 secs]
   [Parallel Time: 5.6 ms, GC Workers: 4]
      [GC Worker Start (ms): Min: 172955.7, Avg: 172955.7, Max: 172955.8, Diff: 0.1]
      [Ext Root Scanning (ms): Min: 0.3, Avg: 0.4, Max: 0.5, Diff: 0.1, Sum: 1.5]
      [SATB Filtering (ms): Min: 0.0, Avg: 0.0, Max: 0.0, Diff: 0.0, Sum: 0.0]
      [Update RS (ms): Min: 0.0, Avg: 0.1, Max: 0.2, Diff: 0.2, Sum: 0.2]
         [Processed Buffers: Min: 0, Avg: 1.2, Max: 3, Diff: 3, Sum: 5]
      [Scan RS (ms): Min: 0.2, Avg: 0.3, Max: 0.4, Diff: 0.1, Sum: 1.3]
      [Code Root Scanning (ms): Min: 0.0, Avg: 0.0, Max: 0.0, Diff: 0.0, Sum: 0.1]
      [Object Copy (ms): Min: 4.6, Avg: 4.6, Max: 4.6, Diff: 0.0, Sum: 18.3]
      [Termination (ms): Min: 0.0, Avg: 0.0, Max: 0.0, Diff: 0.0, Sum: 0.0]
      [GC Worker Other (ms): Min: 0.0, Avg: 0.1, Max: 0.1, Diff: 0.1, Sum: 0.3]
      [GC Worker Total (ms): Min: 5.4, Avg: 5.4, Max: 5.5, Diff: 0.0, Sum: 21.8]
      [GC Worker End (ms): Min: 172961.1, Avg: 172961.2, Max: 172961.2, Diff: 0.1]
   [Code Root Fixup: 0.0 ms]
   [Code Root Migration: 0.1 ms]
   [Clear CT: 0.2 ms]
   [Other: 192.9 ms]
      [Choose CSet: 0.0 ms]
      [Ref Proc: 191.0 ms]
      [Ref Enq: 1.0 ms]
      [Free CSet: 0.9 ms]
   [Eden: 684.0M(684.0M)->0.0B(591.0M) Survivors: 19.0M->20.0M Heap: 2649.8M(4096.0M)->1966.8M(4096.0M)]
 [Times: user=0.74 sys=0.00, real=0.20 secs] 
2016-01-06T01:06:34.583-0800: 173.246: [GC pause (young)
Desired survivor size 40370176 bytes, new threshold 15 (max 15)
- age   1:   18373600 bytes,   18373600 total
- age   2:      36864 bytes,   18410464 total
2016-01-06T01:06:34.773-0800: 173.436: [SoftReference, 0 refs, 0.0000470 secs]2016-01-06T01:06:34.773-0800: 173.436: [WeakReference, 0 refs, 0.0000070 secs]2016-01-06T01:06:34.773-0800: 173.436: [FinalReference, 0 refs, 0.0000060 secs]2016-01-06T01:06:34.773-0800: 173.436: [PhantomReference, 0 refs, 18831 refs, 0.0006380 secs]2016-01-06T01:06:34.774-0800: 173.437: [JNI Weak Reference, 0.0000070 secs], 0.1930460 secs]
   [Parallel Time: 4.6 ms, GC Workers: 4]
      [GC Worker Start (ms): Min: 173246.1, Avg: 173246.2, Max: 173246.2, Diff: 0.1]
      [Ext Root Scanning (ms): Min: 0.3, Avg: 0.4, Max: 0.4, Diff: 0.1, Sum: 1.5]
      [SATB Filtering (ms): Min: 0.0, Avg: 0.0, Max: 0.0, Diff: 0.0, Sum: 0.0]
      [Update RS (ms): Min: 0.0, Avg: 0.1, Max: 0.2, Diff: 0.2, Sum: 0.2]
         [Processed Buffers: Min: 0, Avg: 1.0, Max: 2, Diff: 2, Sum: 4]
      [Scan RS (ms): Min: 0.2, Avg: 0.3, Max: 0.3, Diff: 0.1, Sum: 1.1]
      [Code Root Scanning (ms): Min: 0.0, Avg: 0.0, Max: 0.0, Diff: 0.0, Sum: 0.1]
      [Object Copy (ms): Min: 3.7, Avg: 3.7, Max: 3.7, Diff: 0.0, Sum: 14.9]
      [Termination (ms): Min: 0.0, Avg: 0.0, Max: 0.0, Diff: 0.0, Sum: 0.0]
      [GC Worker Other (ms): Min: 0.0, Avg: 0.0, Max: 0.1, Diff: 0.1, Sum: 0.2]
      [GC Worker Total (ms): Min: 4.4, Avg: 4.5, Max: 4.6, Diff: 0.1, Sum: 18.0]
      [GC Worker End (ms): Min: 173250.6, Avg: 173250.7, Max: 173250.7, Diff: 0.1]
   [Code Root Fixup: 0.0 ms]
   [Code Root Migration: 0.1 ms]
   [Clear CT: 0.2 ms]
   [Other: 188.2 ms]
      [Choose CSet: 0.0 ms]
      [Ref Proc: 186.3 ms]
      [Ref Enq: 0.9 ms]
      [Free CSet: 0.9 ms]
   [Eden: 591.0M(591.0M)->0.0B(1122.0M) Survivors: 20.0M->20.0M Heap: 2557.8M(4096.0M)->1966.3M(4096.0M)]
 [Times: user=0.74 sys=0.00, real=0.19 secs] 
2016-01-06T01:06:34.934-0800: 173.596: [GC pause (young)
Desired survivor size 74973184 bytes, new threshold 15 (max 15)
- age   1:   18166024 bytes,   18166024 total
- age   2:      36864 bytes,   18202888 total
2016-01-06T01:06:35.131-0800: 173.794: [SoftReference, 0 refs, 0.0000440 secs]2016-01-06T01:06:35.131-0800: 173.794: [WeakReference, 0 refs, 0.0000070 secs]2016-01-06T01:06:35.131-0800: 173.794: [FinalReference, 0 refs, 0.0000050 secs]2016-01-06T01:06:35.131-0800: 173.794: [PhantomReference, 0 refs, 35294 refs, 0.0011980 secs]2016-01-06T01:06:35.133-0800: 173.795: [JNI Weak Reference, 0.0000070 secs], 0.2024590 secs]
   [Parallel Time: 8.4 ms, GC Workers: 4]
      [GC Worker Start (ms): Min: 173596.5, Avg: 173597.4, Max: 173599.9, Diff: 3.4]
      [Ext Root Scanning (ms): Min: 0.0, Avg: 0.3, Max: 0.4, Diff: 0.4, Sum: 1.3]
      [SATB Filtering (ms): Min: 0.0, Avg: 0.0, Max: 0.0, Diff: 0.0, Sum: 0.0]
      [Update RS (ms): Min: 0.0, Avg: 0.0, Max: 0.1, Diff: 0.1, Sum: 0.2]
         [Processed Buffers: Min: 0, Avg: 1.0, Max: 3, Diff: 3, Sum: 4]
      [Scan RS (ms): Min: 0.2, Avg: 0.5, Max: 0.6, Diff: 0.5, Sum: 2.0]
      [Code Root Scanning (ms): Min: 0.0, Avg: 0.1, Max: 0.1, Diff: 0.1, Sum: 0.2]
      [Object Copy (ms): Min: 4.7, Avg: 6.5, Max: 7.2, Diff: 2.5, Sum: 26.1]
      [Termination (ms): Min: 0.0, Avg: 0.0, Max: 0.0, Diff: 0.0, Sum: 0.0]
      [GC Worker Other (ms): Min: 0.0, Avg: 0.0, Max: 0.1, Diff: 0.0, Sum: 0.2]
      [GC Worker Total (ms): Min: 4.9, Avg: 7.5, Max: 8.3, Diff: 3.4, Sum: 29.9]
      [GC Worker End (ms): Min: 173604.8, Avg: 173604.9, Max: 173604.9, Diff: 0.0]
   [Code Root Fixup: 0.0 ms]
   [Code Root Migration: 0.2 ms]
   [Clear CT: 0.3 ms]
   [Other: 193.6 ms]
      [Choose CSet: 0.0 ms]
      [Ref Proc: 190.6 ms]
      [Ref Enq: 1.6 ms]
      [Free CSet: 1.3 ms]
   [Eden: 1122.0M(1122.0M)->0.0B(623.0M) Survivors: 20.0M->21.0M Heap: 3088.3M(4096.0M)->1967.3M(4096.0M)]
 [Times: user=0.70 sys=0.00, real=0.20 secs] 
2016-01-06T01:06:35.226-0800: 173.889: [GC pause (young)
Desired survivor size 42467328 bytes, new threshold 15 (max 15)
- age   1:   19351216 bytes,   19351216 total
- age   2:      36864 bytes,   19388080 total
2016-01-06T01:06:35.419-0800: 174.082: [SoftReference, 0 refs, 0.0000470 secs]2016-01-06T01:06:35.419-0800: 174.082: [WeakReference, 0 refs, 0.0000060 secs]2016-01-06T01:06:35.419-0800: 174.082: [FinalReference, 0 refs, 0.0000060 secs]2016-01-06T01:06:35.419-0800: 174.082: [PhantomReference, 0 refs, 19824 refs, 0.0007000 secs]2016-01-06T01:06:35.420-0800: 174.083: [JNI Weak Reference, 0.0000080 secs], 0.1965150 secs]
   [Parallel Time: 4.8 ms, GC Workers: 4]
      [GC Worker Start (ms): Min: 173888.8, Avg: 173888.8, Max: 173888.9, Diff: 0.1]
      [Ext Root Scanning (ms): Min: 0.4, Avg: 1.1, Max: 3.1, Diff: 2.8, Sum: 4.4]
      [SATB Filtering (ms): Min: 0.0, Avg: 0.0, Max: 0.0, Diff: 0.0, Sum: 0.0]
      [Update RS (ms): Min: 0.0, Avg: 0.0, Max: 0.1, Diff: 0.1, Sum: 0.1]
         [Processed Buffers: Min: 0, Avg: 1.0, Max: 3, Diff: 3, Sum: 4]
      [Scan RS (ms): Min: 0.1, Avg: 0.3, Max: 0.4, Diff: 0.3, Sum: 1.1]
      [Code Root Scanning (ms): Min: 0.0, Avg: 0.0, Max: 0.0, Diff: 0.0, Sum: 0.1]
      [Object Copy (ms): Min: 1.4, Avg: 3.2, Max: 3.8, Diff: 2.3, Sum: 12.7]
      [Termination (ms): Min: 0.0, Avg: 0.0, Max: 0.0, Diff: 0.0, Sum: 0.0]
      [GC Worker Other (ms): Min: 0.0, Avg: 0.0, Max: 0.1, Diff: 0.0, Sum: 0.1]
      [GC Worker Total (ms): Min: 4.6, Avg: 4.7, Max: 4.7, Diff: 0.1, Sum: 18.6]
      [GC Worker End (ms): Min: 173893.5, Avg: 173893.5, Max: 173893.5, Diff: 0.0]
   [Code Root Fixup: 0.0 ms]
   [Code Root Migration: 0.1 ms]
   [Clear CT: 0.3 ms]
   [Other: 191.4 ms]
      [Choose CSet: 0.0 ms]
      [Ref Proc: 189.5 ms]
      [Ref Enq: 0.9 ms]
      [Free CSet: 0.8 ms]
   [Eden: 623.0M(623.0M)->0.0B(861.0M) Survivors: 21.0M->19.0M Heap: 2590.3M(4096.0M)->1965.3M(4096.0M)]
 [Times: user=0.74 sys=0.00, real=0.19 secs] 
2016-01-06T01:06:35.558-0800: 174.221: [GC pause (young)
Desired survivor size 57671680 bytes, new threshold 15 (max 15)
- age   1:   17350984 bytes,   17350984 total
- age   2:      36864 bytes,   17387848 total
2016-01-06T01:06:35.763-0800: 174.426: [SoftReference, 0 refs, 0.0000470 secs]2016-01-06T01:06:35.763-0800: 174.426: [WeakReference, 0 refs, 0.0000060 secs]2016-01-06T01:06:35.763-0800: 174.426: [FinalReference, 0 refs, 0.0000060 secs]2016-01-06T01:06:35.763-0800: 174.426: [PhantomReference, 0 refs, 27201 refs, 0.0009950 secs]2016-01-06T01:06:35.764-0800: 174.427: [JNI Weak Reference, 0.0000080 secs], 0.2087720 secs]
   [Parallel Time: 10.9 ms, GC Workers: 4]
      [GC Worker Start (ms): Min: 174221.1, Avg: 174221.8, Max: 174223.9, Diff: 2.8]
      [Ext Root Scanning (ms): Min: 0.0, Avg: 0.4, Max: 0.5, Diff: 0.5, Sum: 1.4]
      [SATB Filtering (ms): Min: 0.0, Avg: 0.0, Max: 0.0, Diff: 0.0, Sum: 0.0]
      [Update RS (ms): Min: 0.0, Avg: 0.1, Max: 0.1, Diff: 0.1, Sum: 0.2]
         [Processed Buffers: Min: 0, Avg: 1.2, Max: 2, Diff: 2, Sum: 5]
      [Scan RS (ms): Min: 0.1, Avg: 0.4, Max: 0.5, Diff: 0.4, Sum: 1.6]
      [Code Root Scanning (ms): Min: 0.0, Avg: 0.0, Max: 0.1, Diff: 0.1, Sum: 0.2]
      [Object Copy (ms): Min: 3.6, Avg: 5.0, Max: 5.5, Diff: 1.8, Sum: 20.0]
      [Termination (ms): Min: 0.0, Avg: 0.0, Max: 0.0, Diff: 0.0, Sum: 0.0]
      [GC Worker Other (ms): Min: 0.0, Avg: 0.1, Max: 0.1, Diff: 0.1, Sum: 0.3]
      [GC Worker Total (ms): Min: 3.8, Avg: 5.9, Max: 6.7, Diff: 2.9, Sum: 23.7]
      [GC Worker End (ms): Min: 174227.7, Avg: 174227.7, Max: 174227.8, Diff: 0.1]
   [Code Root Fixup: 0.0 ms]
   [Code Root Migration: 0.1 ms]
   [Clear CT: 0.3 ms]
   [Other: 197.4 ms]
      [Choose CSet: 0.0 ms]
      [Ref Proc: 195.0 ms]
      [Ref Enq: 1.3 ms]
      [Free CSet: 1.1 ms]
   [Eden: 861.0M(861.0M)->0.0B(184.0M) Survivors: 19.0M->20.0M Heap: 2826.3M(4096.0M)->1966.8M(4096.0M)]
 [Times: user=0.66 sys=0.00, real=0.21 secs] 
2016-01-06T01:06:35.795-0800: 174.457: [GC pause (young)
Desired survivor size 13631488 bytes, new threshold 1 (max 15)
- age   1:   18768664 bytes,   18768664 total
- age   2:      36864 bytes,   18805528 total
2016-01-06T01:06:35.984-0800: 174.647: [SoftReference, 0 refs, 0.0000400 secs]2016-01-06T01:06:35.984-0800: 174.647: [WeakReference, 0 refs, 0.0000060 secs]2016-01-06T01:06:35.984-0800: 174.647: [FinalReference, 0 refs, 0.0000060 secs]2016-01-06T01:06:35.984-0800: 174.647: [PhantomReference, 0 refs, 6214 refs, 0.0002310 secs]2016-01-06T01:06:35.984-0800: 174.647: [JNI Weak Reference, 0.0000080 secs], 0.1902040 secs]
   [Parallel Time: 3.0 ms, GC Workers: 4]
      [GC Worker Start (ms): Min: 174457.5, Avg: 174458.2, Max: 174459.9, Diff: 2.4]
      [Ext Root Scanning (ms): Min: 0.0, Avg: 0.3, Max: 0.5, Diff: 0.4, Sum: 1.3]
      [SATB Filtering (ms): Min: 0.0, Avg: 0.0, Max: 0.0, Diff: 0.0, Sum: 0.0]
      [Update RS (ms): Min: 0.0, Avg: 0.0, Max: 0.1, Diff: 0.1, Sum: 0.2]
         [Processed Buffers: Min: 0, Avg: 1.2, Max: 4, Diff: 4, Sum: 5]
      [Scan RS (ms): Min: 0.1, Avg: 0.1, Max: 0.1, Diff: 0.1, Sum: 0.4]
      [Code Root Scanning (ms): Min: 0.0, Avg: 0.0, Max: 0.0, Diff: 0.0, Sum: 0.0]
      [Object Copy (ms): Min: 0.4, Avg: 1.8, Max: 2.3, Diff: 1.9, Sum: 7.3]
      [Termination (ms): Min: 0.0, Avg: 0.0, Max: 0.0, Diff: 0.0, Sum: 0.0]
      [GC Worker Other (ms): Min: 0.0, Avg: 0.0, Max: 0.0, Diff: 0.0, Sum: 0.1]
      [GC Worker Total (ms): Min: 0.5, Avg: 2.3, Max: 2.9, Diff: 2.4, Sum: 9.2]
      [GC Worker End (ms): Min: 174460.5, Avg: 174460.5, Max: 174460.5, Diff: 0.0]
   [Code Root Fixup: 0.0 ms]
   [Code Root Migration: 0.0 ms]
   [Clear CT: 0.1 ms]
   [Other: 187.1 ms]
      [Choose CSet: 0.0 ms]
      [Ref Proc: 186.4 ms]
      [Ref Enq: 0.3 ms]
      [Free CSet: 0.3 ms]
   [Eden: 184.0M(184.0M)->0.0B(429.0M) Survivors: 20.0M->19.0M Heap: 2150.8M(4096.0M)->1965.8M(4096.0M)]
 [Times: user=0.74 sys=0.00, real=0.19 secs] 
2016-01-06T01:06:36.050-0800: 174.713: [GC pause (young)
Desired survivor size 29360128 bytes, new threshold 15 (max 15)
- age   1:   17257600 bytes,   17257600 total
2016-01-06T01:06:36.243-0800: 174.906: [SoftReference, 0 refs, 0.0000430 secs]2016-01-06T01:06:36.243-0800: 174.906: [WeakReference, 0 refs, 0.0000060 secs]2016-01-06T01:06:36.243-0800: 174.906: [FinalReference, 0 refs, 0.0000060 secs]2016-01-06T01:06:36.243-0800: 174.906: [PhantomReference, 0 refs, 13809 refs, 0.0004790 secs]2016-01-06T01:06:36.244-0800: 174.907: [JNI Weak Reference, 0.0000070 secs], 0.1952880 secs]
   [Parallel Time: 3.6 ms, GC Workers: 4]
      [GC Worker Start (ms): Min: 174713.1, Avg: 174713.1, Max: 174713.2, Diff: 0.1]
      [Ext Root Scanning (ms): Min: 0.3, Avg: 0.4, Max: 0.4, Diff: 0.0, Sum: 1.4]
      [SATB Filtering (ms): Min: 0.0, Avg: 0.0, Max: 0.0, Diff: 0.0, Sum: 0.0]
      [Update RS (ms): Min: 0.0, Avg: 0.1, Max: 0.2, Diff: 0.2, Sum: 0.3]
         [Processed Buffers: Min: 0, Avg: 1.0, Max: 2, Diff: 2, Sum: 4]
      [Scan RS (ms): Min: 0.2, Avg: 0.2, Max: 0.2, Diff: 0.1, Sum: 0.8]
      [Code Root Scanning (ms): Min: 0.0, Avg: 0.0, Max: 0.0, Diff: 0.0, Sum: 0.1]
      [Object Copy (ms): Min: 2.8, Avg: 2.8, Max: 2.8, Diff: 0.0, Sum: 11.3]
      [Termination (ms): Min: 0.0, Avg: 0.0, Max: 0.0, Diff: 0.0, Sum: 0.0]
      [GC Worker Other (ms): Min: 0.0, Avg: 0.0, Max: 0.1, Diff: 0.0, Sum: 0.1]
      [GC Worker Total (ms): Min: 3.5, Avg: 3.5, Max: 3.6, Diff: 0.1, Sum: 14.0]
      [GC Worker End (ms): Min: 174716.6, Avg: 174716.7, Max: 174716.7, Diff: 0.0]
   [Code Root Fixup: 0.0 ms]
   [Code Root Migration: 0.1 ms]
   [Clear CT: 0.2 ms]
   [Other: 191.4 ms]
      [Choose CSet: 0.0 ms]
      [Ref Proc: 190.1 ms]
      [Ref Enq: 0.6 ms]
      [Free CSet: 0.6 ms]
   [Eden: 429.0M(429.0M)->0.0B(199.0M) Survivors: 19.0M->5120.0K Heap: 2394.8M(4096.0M)->1951.8M(4096.0M)]
 [Times: user=0.75 sys=0.00, real=0.20 secs] 
2016-01-06T01:06:36.271-0800: 174.934: [GC concurrent-mark-end, 14.2097230 secs]
2016-01-06T01:06:36.271-0800: 174.934: [GC remark 2016-01-06T01:06:36.271-0800: 174.934: [GC ref-proc2016-01-06T01:06:36.271-0800: 174.934: [SoftReference, 0 refs, 0.0000280 secs]2016-01-06T01:06:36.271-0800: 174.934: [WeakReference, 3 refs, 0.0000160 secs]2016-01-06T01:06:36.271-0800: 174.934: [FinalReference, 4 refs, 0.0000130 secs]2016-01-06T01:06:36.271-0800: 174.934: [PhantomReference, 0 refs, 10482437 refs, 1.5988710 secs]2016-01-06T01:06:37.870-0800: 176.533: [JNI Weak Reference, 0.0000200 secs], 1.5990190 secs], 1.6071050 secs]
 [Times: user=1.17 sys=0.47, real=1.61 secs] 
2016-01-06T01:06:37.878-0800: 176.541: [GC cleanup 2130M->2129M(4096M), 0.0047230 secs]
 [Times: user=0.01 sys=0.00, real=0.00 secs] 
2016-01-06T01:06:37.883-0800: 176.546: [GC concurrent-cleanup-start]
2016-01-06T01:06:37.883-0800: 176.546: [GC concurrent-cleanup-end, 0.0000260 secs]
2016-01-06T01:06:37.889-0800: 176.552: [GC pause (young)
Desired survivor size 13631488 bytes, new threshold 15 (max 15)
- age   1:    4244824 bytes,    4244824 total
- age   2:      36864 bytes,    4281688 total
2016-01-06T01:06:37.892-0800: 176.555: [SoftReference, 0 refs, 0.0000590 secs]2016-01-06T01:06:37.893-0800: 176.555: [WeakReference, 0 refs, 0.0000060 secs]2016-01-06T01:06:37.893-0800: 176.555: [FinalReference, 0 refs, 0.0000050 secs]2016-01-06T01:06:37.893-0800: 176.555: [PhantomReference, 0 refs, 6680 refs, 0.0002310 secs]2016-01-06T01:06:37.893-0800: 176.556: [JNI Weak Reference, 0.0000070 secs], 0.0044210 secs]
   [Parallel Time: 3.2 ms, GC Workers: 4]
      [GC Worker Start (ms): Min: 176552.0, Avg: 176552.8, Max: 176555.0, Diff: 3.0]
      [Ext Root Scanning (ms): Min: 0.0, Avg: 0.3, Max: 0.5, Diff: 0.5, Sum: 1.3]
      [Update RS (ms): Min: 0.0, Avg: 0.0, Max: 0.1, Diff: 0.1, Sum: 0.2]
         [Processed Buffers: Min: 0, Avg: 1.0, Max: 3, Diff: 3, Sum: 4]
      [Scan RS (ms): Min: 0.0, Avg: 0.1, Max: 0.1, Diff: 0.1, Sum: 0.3]
      [Code Root Scanning (ms): Min: 0.0, Avg: 0.0, Max: 0.0, Diff: 0.0, Sum: 0.0]
      [Object Copy (ms): Min: 0.0, Avg: 1.7, Max: 2.3, Diff: 2.3, Sum: 6.7]
      [Termination (ms): Min: 0.0, Avg: 0.1, Max: 0.2, Diff: 0.2, Sum: 0.6]
      [GC Worker Other (ms): Min: 0.0, Avg: 0.0, Max: 0.0, Diff: 0.0, Sum: 0.1]
      [GC Worker Total (ms): Min: 0.1, Avg: 2.3, Max: 3.1, Diff: 3.0, Sum: 9.2]
      [GC Worker End (ms): Min: 176555.1, Avg: 176555.1, Max: 176555.1, Diff: 0.0]
   [Code Root Fixup: 0.0 ms]
   [Code Root Migration: 0.0 ms]
   [Clear CT: 0.2 ms]
   [Other: 1.1 ms]
      [Choose CSet: 0.0 ms]
      [Ref Proc: 0.6 ms]
      [Ref Enq: 0.1 ms]
      [Free CSet: 0.3 ms]
   [Eden: 199.0M(199.0M)->0.0B(1694.0M) Survivors: 5120.0K->19.0M Heap: 2149.8M(4096.0M)->1964.3M(4096.0M)]
 [Times: user=0.02 sys=0.00, real=0.00 secs] 
2016-01-06T01:06:38.129-0800: 176.792: [GC pause (young)
Desired survivor size 112721920 bytes, new threshold 15 (max 15)
- age   1:   17291080 bytes,   17291080 total
- age   2:      36864 bytes,   17327944 total
2016-01-06T01:06:38.141-0800: 176.804: [SoftReference, 0 refs, 0.0000700 secs]2016-01-06T01:06:38.141-0800: 176.804: [WeakReference, 0 refs, 0.0000070 secs]2016-01-06T01:06:38.141-0800: 176.804: [FinalReference, 0 refs, 0.0000050 secs]2016-01-06T01:06:38.141-0800: 176.804: [PhantomReference, 0 refs, 53024 refs, 0.0012900 secs]2016-01-06T01:06:38.142-0800: 176.805: [JNI Weak Reference, 0.0000080 secs], 0.0167480 secs]
   [Parallel Time: 11.6 ms, GC Workers: 4]
      [GC Worker Start (ms): Min: 176791.8, Avg: 176791.8, Max: 176791.9, Diff: 0.1]
      [Ext Root Scanning (ms): Min: 0.4, Avg: 0.4, Max: 0.4, Diff: 0.1, Sum: 1.5]
      [Update RS (ms): Min: 0.0, Avg: 0.1, Max: 0.2, Diff: 0.2, Sum: 0.2]
         [Processed Buffers: Min: 0, Avg: 0.8, Max: 2, Diff: 2, Sum: 3]
      [Scan RS (ms): Min: 0.7, Avg: 0.8, Max: 0.8, Diff: 0.2, Sum: 3.1]
      [Code Root Scanning (ms): Min: 0.1, Avg: 0.1, Max: 0.1, Diff: 0.0, Sum: 0.4]
      [Object Copy (ms): Min: 10.1, Avg: 10.1, Max: 10.1, Diff: 0.1, Sum: 40.4]
      [Termination (ms): Min: 0.0, Avg: 0.0, Max: 0.0, Diff: 0.0, Sum: 0.0]
      [GC Worker Other (ms): Min: 0.0, Avg: 0.1, Max: 0.1, Diff: 0.1, Sum: 0.2]
      [GC Worker Total (ms): Min: 11.4, Avg: 11.5, Max: 11.5, Diff: 0.1, Sum: 45.9]
      [GC Worker End (ms): Min: 176803.3, Avg: 176803.3, Max: 176803.3, Diff: 0.1]
   [Code Root Fixup: 0.0 ms]
   [Code Root Migration: 0.2 ms]
   [Clear CT: 0.4 ms]
   [Other: 4.5 ms]
      [Choose CSet: 0.0 ms]
      [Ref Proc: 1.5 ms]
      [Ref Enq: 0.9 ms]
      [Free CSet: 2.0 ms]
   [Eden: 1694.0M(1694.0M)->0.0B(1691.0M) Survivors: 19.0M->22.0M Heap: 3658.3M(4096.0M)->1967.8M(4096.0M)]
 [Times: user=0.05 sys=0.00, real=0.02 secs] 
2016-01-06T01:06:38.381-0800: 177.044: [GC pause (young) (initial-mark)
Desired survivor size 112721920 bytes, new threshold 15 (max 15)
- age   1:   20627920 bytes,   20627920 total
- age   2:      36864 bytes,   20664784 total
2016-01-06T01:06:38.393-0800: 177.056: [SoftReference, 0 refs, 0.0000450 secs]2016-01-06T01:06:38.393-0800: 177.056: [WeakReference, 0 refs, 0.0000070 secs]2016-01-06T01:06:38.393-0800: 177.056: [FinalReference, 0 refs, 0.0000060 secs]2016-01-06T01:06:38.393-0800: 177.056: [PhantomReference, 0 refs, 52931 refs, 0.0013360 secs]2016-01-06T01:06:38.395-0800: 177.058: [JNI Weak Reference, 0.0000080 secs], 0.0179350 secs]
   [Parallel Time: 12.0 ms, GC Workers: 4]
      [GC Worker Start (ms): Min: 177044.1, Avg: 177045.1, Max: 177048.0, Diff: 3.9]
      [Ext Root Scanning (ms): Min: 0.0, Avg: 0.3, Max: 0.5, Diff: 0.5, Sum: 1.3]
      [Code Root Marking (ms): Min: 0.1, Avg: 0.2, Max: 0.3, Diff: 0.1, Sum: 0.9]
      [Update RS (ms): Min: 0.0, Avg: 0.0, Max: 0.1, Diff: 0.1, Sum: 0.1]
         [Processed Buffers: Min: 0, Avg: 1.0, Max: 3, Diff: 3, Sum: 4]
      [Scan RS (ms): Min: 0.3, Avg: 0.7, Max: 0.9, Diff: 0.6, Sum: 2.8]
      [Code Root Scanning (ms): Min: 0.0, Avg: 0.1, Max: 0.1, Diff: 0.1, Sum: 0.3]
      [Object Copy (ms): Min: 7.5, Avg: 9.5, Max: 10.1, Diff: 2.6, Sum: 37.9]
      [Termination (ms): Min: 0.0, Avg: 0.0, Max: 0.0, Diff: 0.0, Sum: 0.0]
      [GC Worker Other (ms): Min: 0.0, Avg: 0.1, Max: 0.1, Diff: 0.0, Sum: 0.2]
      [GC Worker Total (ms): Min: 8.0, Avg: 10.9, Max: 11.9, Diff: 3.8, Sum: 43.5]
      [GC Worker End (ms): Min: 177055.9, Avg: 177056.0, Max: 177056.0, Diff: 0.0]
   [Code Root Fixup: 0.0 ms]
   [Code Root Migration: 0.3 ms]
   [Clear CT: 0.4 ms]
   [Other: 5.3 ms]
      [Choose CSet: 0.0 ms]
      [Ref Proc: 1.6 ms]
      [Ref Enq: 0.9 ms]
      [Free CSet: 2.0 ms]
   [Eden: 1691.0M(1691.0M)->0.0B(1692.0M) Survivors: 22.0M->22.0M Heap: 3658.8M(4096.0M)->1967.3M(4096.0M)]
 [Times: user=0.05 sys=0.00, real=0.02 secs] 
2016-01-06T01:06:38.399-0800: 177.062: [GC concurrent-root-region-scan-start]
2016-01-06T01:06:38.406-0800: 177.069: [GC concurrent-root-region-scan-end, 0.0077610 secs]
2016-01-06T01:06:38.406-0800: 177.069: [GC concurrent-mark-start]
2016-01-06T01:06:39.059-0800: 177.722: [GC pause (young)
Desired survivor size 112721920 bytes, new threshold 15 (max 15)
- age   1:   20621224 bytes,   20621224 total
- age   2:      36864 bytes,   20658088 total
2016-01-06T01:06:39.085-0800: 177.748: [SoftReference, 0 refs, 0.0000470 secs]2016-01-06T01:06:39.085-0800: 177.748: [WeakReference, 0 refs, 0.0000060 secs]2016-01-06T01:06:39.085-0800: 177.748: [FinalReference, 0 refs, 0.0000050 secs]2016-01-06T01:06:39.085-0800: 177.748: [PhantomReference, 0 refs, 52963 refs, 0.0017820 secs]2016-01-06T01:06:39.087-0800: 177.749: [JNI Weak Reference, 0.0000090 secs], 0.0331240 secs]
   [Parallel Time: 22.4 ms, GC Workers: 4]
      [GC Worker Start (ms): Min: 177721.6, Avg: 177721.6, Max: 177721.6, Diff: 0.1]
      [Ext Root Scanning (ms): Min: 0.3, Avg: 0.4, Max: 0.4, Diff: 0.1, Sum: 1.4]
      [SATB Filtering (ms): Min: 0.0, Avg: 0.0, Max: 0.0, Diff: 0.0, Sum: 0.0]
      [Update RS (ms): Min: 10.4, Avg: 10.7, Max: 11.0, Diff: 0.6, Sum: 42.7]
         [Processed Buffers: Min: 15, Avg: 16.5, Max: 19, Diff: 4, Sum: 66]
      [Scan RS (ms): Min: 0.5, Avg: 0.7, Max: 0.9, Diff: 0.4, Sum: 2.9]
      [Code Root Scanning (ms): Min: 0.0, Avg: 0.1, Max: 0.1, Diff: 0.1, Sum: 0.4]
      [Object Copy (ms): Min: 10.3, Avg: 10.4, Max: 10.4, Diff: 0.1, Sum: 41.4]
      [Termination (ms): Min: 0.0, Avg: 0.0, Max: 0.0, Diff: 0.0, Sum: 0.0]
      [GC Worker Other (ms): Min: 0.0, Avg: 0.1, Max: 0.1, Diff: 0.1, Sum: 0.3]
      [GC Worker Total (ms): Min: 22.3, Avg: 22.3, Max: 22.3, Diff: 0.1, Sum: 89.1]
      [GC Worker End (ms): Min: 177743.9, Avg: 177743.9, Max: 177743.9, Diff: 0.1]
   [Code Root Fixup: 0.0 ms]
   [Code Root Migration: 0.3 ms]
   [Clear CT: 0.4 ms]
   [Other: 10.0 ms]
      [Choose CSet: 0.0 ms]
      [Ref Proc: 5.5 ms]
      [Ref Enq: 2.4 ms]
      [Free CSet: 2.0 ms]
   [Eden: 1692.0M(1692.0M)->0.0B(1693.0M) Survivors: 22.0M->22.0M Heap: 3659.3M(4096.0M)->1967.8M(4096.0M)]
 [Times: user=0.11 sys=0.00, real=0.03 secs] 
2016-01-06T01:06:39.345-0800: 178.008: [GC pause (young)
Desired survivor size 112721920 bytes, new threshold 15 (max 15)
- age   1:   20623456 bytes,   20623456 total
- age   2:      36864 bytes,   20660320 total
2016-01-06T01:06:39.391-0800: 178.054: [SoftReference, 0 refs, 0.0000460 secs]2016-01-06T01:06:39.391-0800: 178.054: [WeakReference, 0 refs, 0.0000230 secs]2016-01-06T01:06:39.391-0800: 178.054: [FinalReference, 0 refs, 0.0000060 secs]2016-01-06T01:06:39.391-0800: 178.054: [PhantomReference, 0 refs, 52990 refs, 0.0018250 secs]2016-01-06T01:06:39.393-0800: 178.055: [JNI Weak Reference, 0.0000070 secs], 0.0529330 secs]
   [Parallel Time: 26.7 ms, GC Workers: 4]
      [GC Worker Start (ms): Min: 178007.9, Avg: 178007.9, Max: 178008.0, Diff: 0.1]
      [Ext Root Scanning (ms): Min: 0.3, Avg: 0.4, Max: 0.4, Diff: 0.1, Sum: 1.4]
      [SATB Filtering (ms): Min: 0.0, Avg: 0.0, Max: 0.0, Diff: 0.0, Sum: 0.0]
      [Update RS (ms): Min: 15.0, Avg: 15.1, Max: 15.3, Diff: 0.3, Sum: 60.5]
         [Processed Buffers: Min: 21, Avg: 21.8, Max: 22, Diff: 1, Sum: 87]
      [Scan RS (ms): Min: 0.6, Avg: 0.8, Max: 0.9, Diff: 0.3, Sum: 3.2]
      [Code Root Scanning (ms): Min: 0.1, Avg: 0.1, Max: 0.1, Diff: 0.0, Sum: 0.3]
      [Object Copy (ms): Min: 10.2, Avg: 10.2, Max: 10.2, Diff: 0.1, Sum: 40.8]
      [Termination (ms): Min: 0.0, Avg: 0.0, Max: 0.0, Diff: 0.0, Sum: 0.0]
      [GC Worker Other (ms): Min: 0.0, Avg: 0.1, Max: 0.1, Diff: 0.1, Sum: 0.3]
      [GC Worker Total (ms): Min: 26.6, Avg: 26.6, Max: 26.6, Diff: 0.0, Sum: 106.5]
      [GC Worker End (ms): Min: 178034.5, Avg: 178034.6, Max: 178034.6, Diff: 0.1]
   [Code Root Fixup: 0.0 ms]
   [Code Root Migration: 0.2 ms]
   [Clear CT: 0.5 ms]
   [Other: 25.5 ms]
      [Choose CSet: 0.0 ms]
      [Ref Proc: 20.9 ms]
      [Ref Enq: 2.4 ms]
      [Free CSet: 2.1 ms]
   [Eden: 1693.0M(1693.0M)->0.0B(1693.0M) Survivors: 22.0M->22.0M Heap: 3660.8M(4096.0M)->1967.8M(4096.0M)]
 [Times: user=0.19 sys=0.00, real=0.06 secs] 
2016-01-06T01:06:39.660-0800: 178.323: [GC pause (young)
Desired survivor size 112721920 bytes, new threshold 15 (max 15)
- age   1:   20625688 bytes,   20625688 total
- age   2:      36864 bytes,   20662552 total
2016-01-06T01:06:39.739-0800: 178.401: [SoftReference, 0 refs, 0.0000350 secs]2016-01-06T01:06:39.739-0800: 178.401: [WeakReference, 0 refs, 0.0000090 secs]2016-01-06T01:06:39.739-0800: 178.401: [FinalReference, 0 refs, 0.0000080 secs]2016-01-06T01:06:39.739-0800: 178.402: [PhantomReference, 0 refs, 52991 refs, 0.0028920 secs]2016-01-06T01:06:39.741-0800: 178.404: [JNI Weak Reference, 0.0000140 secs], 0.0870520 secs]
   [Parallel Time: 42.9 ms, GC Workers: 4]
      [GC Worker Start (ms): Min: 178323.4, Avg: 178323.4, Max: 178323.4, Diff: 0.1]
      [Ext Root Scanning (ms): Min: 0.3, Avg: 0.4, Max: 0.4, Diff: 0.1, Sum: 1.4]
      [SATB Filtering (ms): Min: 0.0, Avg: 0.0, Max: 0.0, Diff: 0.0, Sum: 0.0]
      [Update RS (ms): Min: 22.3, Avg: 22.4, Max: 22.6, Diff: 0.4, Sum: 89.7]
         [Processed Buffers: Min: 30, Avg: 31.0, Max: 32, Diff: 2, Sum: 124]
      [Scan RS (ms): Min: 0.6, Avg: 0.8, Max: 0.9, Diff: 0.3, Sum: 3.1]
      [Code Root Scanning (ms): Min: 0.1, Avg: 0.1, Max: 0.1, Diff: 0.0, Sum: 0.3]
      [Object Copy (ms): Min: 10.5, Avg: 12.6, Max: 19.1, Diff: 8.6, Sum: 50.5]
      [Termination (ms): Min: 0.0, Avg: 6.5, Max: 8.6, Diff: 8.6, Sum: 25.9]
      [GC Worker Other (ms): Min: 0.0, Avg: 0.0, Max: 0.1, Diff: 0.0, Sum: 0.2]
      [GC Worker Total (ms): Min: 42.7, Avg: 42.8, Max: 42.9, Diff: 0.1, Sum: 171.2]
      [GC Worker End (ms): Min: 178366.2, Avg: 178366.2, Max: 178366.2, Diff: 0.0]
   [Code Root Fixup: 0.0 ms]
   [Code Root Migration: 0.4 ms]
   [Clear CT: 0.6 ms]
   [Other: 43.2 ms]
      [Choose CSet: 0.0 ms]
      [Ref Proc: 38.2 ms]
      [Ref Enq: 3.0 ms]
      [Free CSet: 2.0 ms]
   [Eden: 1693.0M(1693.0M)->0.0B(1693.0M) Survivors: 22.0M->22.0M Heap: 3660.8M(4096.0M)->1967.8M(4096.0M)]
 [Times: user=0.27 sys=0.00, real=0.09 secs] 
2016-01-06T01:06:40.007-0800: 178.670: [GC pause (young)
Desired survivor size 112721920 bytes, new threshold 15 (max 15)
- age   1:   20625688 bytes,   20625688 total
- age   2:      36864 bytes,   20662552 total
2016-01-06T01:06:40.081-0800: 178.744: [SoftReference, 0 refs, 0.0000450 secs]2016-01-06T01:06:40.081-0800: 178.744: [WeakReference, 0 refs, 0.0000070 secs]2016-01-06T01:06:40.081-0800: 178.744: [FinalReference, 0 refs, 0.0000190 secs]2016-01-06T01:06:40.081-0800: 178.744: [PhantomReference, 0 refs, 52993 refs, 0.0018160 secs]2016-01-06T01:06:40.083-0800: 178.746: [JNI Weak Reference, 0.0000080 secs], 0.0807060 secs]
   [Parallel Time: 34.5 ms, GC Workers: 4]
      [GC Worker Start (ms): Min: 178670.1, Avg: 178673.6, Max: 178683.9, Diff: 13.8]
      [Ext Root Scanning (ms): Min: 0.0, Avg: 0.3, Max: 0.4, Diff: 0.4, Sum: 1.3]
      [SATB Filtering (ms): Min: 0.0, Avg: 0.0, Max: 0.0, Diff: 0.0, Sum: 0.0]
      [Update RS (ms): Min: 8.9, Avg: 20.0, Max: 25.9, Diff: 17.0, Sum: 79.8]
         [Processed Buffers: Min: 13, Avg: 28.2, Max: 49, Diff: 36, Sum: 113]
      [Scan RS (ms): Min: 0.2, Avg: 0.8, Max: 1.0, Diff: 0.8, Sum: 3.1]
      [Code Root Scanning (ms): Min: 0.0, Avg: 0.1, Max: 0.1, Diff: 0.1, Sum: 0.3]
      [Object Copy (ms): Min: 7.7, Avg: 9.8, Max: 10.5, Diff: 2.8, Sum: 39.1]
      [Termination (ms): Min: 0.0, Avg: 0.0, Max: 0.0, Diff: 0.0, Sum: 0.0]
      [GC Worker Other (ms): Min: 0.0, Avg: 0.1, Max: 0.1, Diff: 0.1, Sum: 0.3]
      [GC Worker Total (ms): Min: 20.6, Avg: 31.0, Max: 34.4, Diff: 13.8, Sum: 123.9]
      [GC Worker End (ms): Min: 178704.5, Avg: 178704.6, Max: 178704.6, Diff: 0.1]
   [Code Root Fixup: 0.0 ms]
   [Code Root Migration: 0.2 ms]
   [Clear CT: 0.5 ms]
   [Other: 45.5 ms]
      [Choose CSet: 0.0 ms]
      [Ref Proc: 41.0 ms]
      [Ref Enq: 2.4 ms]
      [Free CSet: 2.0 ms]
   [Eden: 1693.0M(1693.0M)->0.0B(1694.0M) Survivors: 22.0M->22.0M Heap: 3660.8M(4096.0M)->1967.8M(4096.0M)]
 [Times: user=0.28 sys=0.00, real=0.08 secs] 
2016-01-06T01:06:40.329-0800: 178.992: [GC pause (young)
Desired survivor size 112721920 bytes, new threshold 15 (max 15)
- age   1:   20625688 bytes,   20625688 total
- age   2:      36864 bytes,   20662552 total
2016-01-06T01:06:40.411-0800: 179.074: [SoftReference, 0 refs, 0.0000450 secs]2016-01-06T01:06:40.411-0800: 179.074: [WeakReference, 0 refs, 0.0000070 secs]2016-01-06T01:06:40.411-0800: 179.074: [FinalReference, 0 refs, 0.0000050 secs]2016-01-06T01:06:40.411-0800: 179.074: [PhantomReference, 0 refs, 53023 refs, 0.0017910 secs]2016-01-06T01:06:40.413-0800: 179.076: [JNI Weak Reference, 0.0000260 secs], 0.0893900 secs]
   [Parallel Time: 29.5 ms, GC Workers: 4]
      [GC Worker Start (ms): Min: 178991.8, Avg: 178991.8, Max: 178991.8, Diff: 0.1]
      [Ext Root Scanning (ms): Min: 0.3, Avg: 0.4, Max: 0.4, Diff: 0.1, Sum: 1.5]
      [SATB Filtering (ms): Min: 0.0, Avg: 0.0, Max: 0.0, Diff: 0.0, Sum: 0.0]
      [Update RS (ms): Min: 17.7, Avg: 17.8, Max: 17.9, Diff: 0.2, Sum: 71.1]
         [Processed Buffers: Min: 24, Avg: 24.5, Max: 25, Diff: 1, Sum: 98]
      [Scan RS (ms): Min: 0.6, Avg: 0.8, Max: 0.9, Diff: 0.3, Sum: 3.1]
      [Code Root Scanning (ms): Min: 0.1, Avg: 0.1, Max: 0.1, Diff: 0.0, Sum: 0.3]
      [Object Copy (ms): Min: 10.3, Avg: 10.3, Max: 10.3, Diff: 0.0, Sum: 41.2]
      [Termination (ms): Min: 0.0, Avg: 0.0, Max: 0.0, Diff: 0.0, Sum: 0.0]
      [GC Worker Other (ms): Min: 0.0, Avg: 0.1, Max: 0.1, Diff: 0.1, Sum: 0.2]
      [GC Worker Total (ms): Min: 29.4, Avg: 29.4, Max: 29.4, Diff: 0.0, Sum: 117.5]
      [GC Worker End (ms): Min: 179021.2, Avg: 179021.2, Max: 179021.2, Diff: 0.1]
   [Code Root Fixup: 0.0 ms]
   [Code Root Migration: 0.2 ms]
   [Clear CT: 0.4 ms]
   [Other: 59.3 ms]
      [Choose CSet: 0.0 ms]
      [Ref Proc: 54.7 ms]
      [Ref Enq: 2.4 ms]
      [Free CSet: 2.1 ms]
   [Eden: 1694.0M(1694.0M)->0.0B(1694.0M) Survivors: 22.0M->22.0M Heap: 3661.8M(4096.0M)->1967.3M(4096.0M)]
 [Times: user=0.32 sys=0.00, real=0.09 secs] 
2016-01-06T01:06:40.679-0800: 179.342: [GC pause (young)
Desired survivor size 112721920 bytes, new threshold 15 (max 15)
- age   1:   20627920 bytes,   20627920 total
- age   2:      36864 bytes,   20664784 total
2016-01-06T01:06:40.779-0800: 179.442: [SoftReference, 0 refs, 0.0000500 secs]2016-01-06T01:06:40.779-0800: 179.442: [WeakReference, 0 refs, 0.0000070 secs]2016-01-06T01:06:40.779-0800: 179.442: [FinalReference, 0 refs, 0.0000060 secs]2016-01-06T01:06:40.779-0800: 179.442: [PhantomReference, 0 refs, 53024 refs, 0.0018530 secs]2016-01-06T01:06:40.781-0800: 179.444: [JNI Weak Reference, 0.0000080 secs], 0.1064800 secs]
   [Parallel Time: 29.5 ms, GC Workers: 4]
      [GC Worker Start (ms): Min: 179342.3, Avg: 179342.3, Max: 179342.4, Diff: 0.1]
      [Ext Root Scanning (ms): Min: 0.3, Avg: 0.4, Max: 0.4, Diff: 0.1, Sum: 1.4]
      [SATB Filtering (ms): Min: 0.0, Avg: 0.0, Max: 0.0, Diff: 0.0, Sum: 0.0]
      [Update RS (ms): Min: 17.8, Avg: 18.0, Max: 18.1, Diff: 0.3, Sum: 71.9]
         [Processed Buffers: Min: 24, Avg: 25.2, Max: 27, Diff: 3, Sum: 101]
      [Scan RS (ms): Min: 0.7, Avg: 0.8, Max: 1.0, Diff: 0.3, Sum: 3.1]
      [Code Root Scanning (ms): Min: 0.1, Avg: 0.1, Max: 0.1, Diff: 0.1, Sum: 0.3]
      [Object Copy (ms): Min: 10.1, Avg: 10.1, Max: 10.1, Diff: 0.1, Sum: 40.3]
      [Termination (ms): Min: 0.0, Avg: 0.0, Max: 0.0, Diff: 0.0, Sum: 0.0]
      [GC Worker Other (ms): Min: 0.0, Avg: 0.1, Max: 0.1, Diff: 0.1, Sum: 0.3]
      [GC Worker Total (ms): Min: 29.3, Avg: 29.4, Max: 29.4, Diff: 0.1, Sum: 117.4]
      [GC Worker End (ms): Min: 179371.6, Avg: 179371.7, Max: 179371.7, Diff: 0.1]
   [Code Root Fixup: 0.0 ms]
   [Code Root Migration: 0.2 ms]
   [Clear CT: 0.4 ms]
   [Other: 76.3 ms]
      [Choose CSet: 0.0 ms]
      [Ref Proc: 71.8 ms]
      [Ref Enq: 2.4 ms]
      [Free CSet: 2.0 ms]
   [Eden: 1694.0M(1694.0M)->0.0B(1694.0M) Survivors: 22.0M->22.0M Heap: 3661.3M(4096.0M)->1967.8M(4096.0M)]
 [Times: user=0.37 sys=0.00, real=0.11 secs] 
2016-01-06T01:06:41.045-0800: 179.708: [GC pause (young)
Desired survivor size 112721920 bytes, new threshold 15 (max 15)
- age   1:   20627920 bytes,   20627920 total
- age   2:      36864 bytes,   20664784 total
2016-01-06T01:06:41.156-0800: 179.819: [SoftReference, 0 refs, 0.0000440 secs]2016-01-06T01:06:41.156-0800: 179.819: [WeakReference, 0 refs, 0.0000070 secs]2016-01-06T01:06:41.156-0800: 179.819: [FinalReference, 0 refs, 0.0000060 secs]2016-01-06T01:06:41.156-0800: 179.819: [PhantomReference, 0 refs, 53025 refs, 0.0018480 secs]2016-01-06T01:06:41.158-0800: 179.821: [JNI Weak Reference, 0.0000080 secs], 0.1176120 secs]
   [Parallel Time: 38.8 ms, GC Workers: 4]
      [GC Worker Start (ms): Min: 179708.3, Avg: 179709.2, Max: 179711.9, Diff: 3.7]
      [Ext Root Scanning (ms): Min: 0.0, Avg: 0.3, Max: 0.5, Diff: 0.5, Sum: 1.3]
      [SATB Filtering (ms): Min: 0.0, Avg: 0.0, Max: 0.0, Diff: 0.0, Sum: 0.0]
      [Update RS (ms): Min: 23.4, Avg: 26.0, Max: 27.0, Diff: 3.5, Sum: 104.0]
         [Processed Buffers: Min: 34, Avg: 39.2, Max: 45, Diff: 11, Sum: 157]
      [Scan RS (ms): Min: 0.7, Avg: 0.7, Max: 0.9, Diff: 0.2, Sum: 3.0]
      [Code Root Scanning (ms): Min: 0.1, Avg: 0.1, Max: 0.1, Diff: 0.0, Sum: 0.4]
      [Object Copy (ms): Min: 10.5, Avg: 10.5, Max: 10.6, Diff: 0.1, Sum: 42.1]
      [Termination (ms): Min: 0.0, Avg: 0.0, Max: 0.0, Diff: 0.0, Sum: 0.0]
      [GC Worker Other (ms): Min: 0.0, Avg: 0.1, Max: 0.1, Diff: 0.1, Sum: 0.3]
      [GC Worker Total (ms): Min: 35.0, Avg: 37.8, Max: 38.7, Diff: 3.6, Sum: 151.0]
      [GC Worker End (ms): Min: 179746.9, Avg: 179746.9, Max: 179747.0, Diff: 0.1]
   [Code Root Fixup: 0.0 ms]
   [Code Root Migration: 0.2 ms]
   [Clear CT: 0.4 ms]
   [Other: 78.2 ms]
      [Choose CSet: 0.0 ms]
      [Ref Proc: 73.7 ms]
      [Ref Enq: 2.5 ms]
      [Free CSet: 2.0 ms]
   [Eden: 1694.0M(1694.0M)->0.0B(1694.0M) Survivors: 22.0M->22.0M Heap: 3661.8M(4096.0M)->1967.8M(4096.0M)]
 [Times: user=0.44 sys=0.00, real=0.11 secs] 
2016-01-06T01:06:41.425-0800: 180.088: [GC pause (young)
Desired survivor size 112721920 bytes, new threshold 15 (max 15)
- age   1:   20627920 bytes,   20627920 total
- age   2:      36864 bytes,   20664784 total
2016-01-06T01:06:41.538-0800: 180.201: [SoftReference, 0 refs, 0.0000500 secs]2016-01-06T01:06:41.538-0800: 180.201: [WeakReference, 0 refs, 0.0000070 secs]2016-01-06T01:06:41.538-0800: 180.201: [FinalReference, 0 refs, 0.0000050 secs]2016-01-06T01:06:41.538-0800: 180.201: [PhantomReference, 0 refs, 53020 refs, 0.0018190 secs]2016-01-06T01:06:41.540-0800: 180.203: [JNI Weak Reference, 0.0000230 secs], 0.1202190 secs]
   [Parallel Time: 32.9 ms, GC Workers: 4]
      [GC Worker Start (ms): Min: 180088.3, Avg: 180088.3, Max: 180088.4, Diff: 0.1]
      [Ext Root Scanning (ms): Min: 0.3, Avg: 0.3, Max: 0.4, Diff: 0.1, Sum: 1.4]
      [SATB Filtering (ms): Min: 0.0, Avg: 0.0, Max: 0.0, Diff: 0.0, Sum: 0.0]
      [Update RS (ms): Min: 19.1, Avg: 19.3, Max: 19.7, Diff: 0.5, Sum: 77.2]
         [Processed Buffers: Min: 26, Avg: 26.8, Max: 27, Diff: 1, Sum: 107]
      [Scan RS (ms): Min: 0.5, Avg: 0.8, Max: 1.0, Diff: 0.5, Sum: 3.1]
      [Code Root Scanning (ms): Min: 0.1, Avg: 0.1, Max: 0.1, Diff: 0.1, Sum: 0.3]
      [Object Copy (ms): Min: 12.1, Avg: 12.1, Max: 12.2, Diff: 0.1, Sum: 48.5]
      [Termination (ms): Min: 0.0, Avg: 0.0, Max: 0.0, Diff: 0.0, Sum: 0.0]
      [GC Worker Other (ms): Min: 0.0, Avg: 0.1, Max: 0.1, Diff: 0.1, Sum: 0.3]
      [GC Worker Total (ms): Min: 32.7, Avg: 32.7, Max: 32.8, Diff: 0.1, Sum: 130.9]
      [GC Worker End (ms): Min: 180121.0, Avg: 180121.1, Max: 180121.1, Diff: 0.1]
   [Code Root Fixup: 0.0 ms]
   [Code Root Migration: 0.3 ms]
   [Clear CT: 0.5 ms]
   [Other: 86.6 ms]
      [Choose CSet: 0.0 ms]
      [Ref Proc: 82.1 ms]
      [Ref Enq: 2.5 ms]
      [Free CSet: 1.9 ms]
   [Eden: 1694.0M(1694.0M)->0.0B(1694.0M) Survivors: 22.0M->22.0M Heap: 3661.8M(4096.0M)->1967.8M(4096.0M)]
 [Times: user=0.45 sys=0.00, real=0.12 secs] 
2016-01-06T01:06:41.808-0800: 180.471: [GC pause (young)
Desired survivor size 112721920 bytes, new threshold 15 (max 15)
- age   1:   20627920 bytes,   20627920 total
- age   2:      36864 bytes,   20664784 total
2016-01-06T01:06:41.942-0800: 180.605: [SoftReference, 0 refs, 0.0000410 secs]2016-01-06T01:06:41.942-0800: 180.605: [WeakReference, 0 refs, 0.0000070 secs]2016-01-06T01:06:41.942-0800: 180.605: [FinalReference, 0 refs, 0.0000050 secs]2016-01-06T01:06:41.942-0800: 180.605: [PhantomReference, 0 refs, 53023 refs, 0.0018660 secs]2016-01-06T01:06:41.944-0800: 180.607: [JNI Weak Reference, 0.0000080 secs], 0.1408890 secs]
   [Parallel Time: 37.6 ms, GC Workers: 4]
      [GC Worker Start (ms): Min: 180471.5, Avg: 180472.3, Max: 180474.5, Diff: 3.1]
      [Ext Root Scanning (ms): Min: 0.0, Avg: 0.3, Max: 0.7, Diff: 0.6, Sum: 1.4]
      [SATB Filtering (ms): Min: 0.0, Avg: 0.0, Max: 0.0, Diff: 0.0, Sum: 0.0]
      [Update RS (ms): Min: 23.2, Avg: 25.1, Max: 25.8, Diff: 2.7, Sum: 100.4]
         [Processed Buffers: Min: 31, Avg: 33.8, Max: 36, Diff: 5, Sum: 135]
      [Scan RS (ms): Min: 0.7, Avg: 0.8, Max: 0.9, Diff: 0.2, Sum: 3.2]
      [Code Root Scanning (ms): Min: 0.1, Avg: 0.1, Max: 0.1, Diff: 0.0, Sum: 0.3]
      [Object Copy (ms): Min: 10.3, Avg: 10.3, Max: 10.3, Diff: 0.0, Sum: 41.1]
      [Termination (ms): Min: 0.0, Avg: 0.0, Max: 0.0, Diff: 0.0, Sum: 0.0]
      [GC Worker Other (ms): Min: 0.0, Avg: 0.1, Max: 0.1, Diff: 0.0, Sum: 0.2]
      [GC Worker Total (ms): Min: 34.5, Avg: 36.6, Max: 37.6, Diff: 3.1, Sum: 146.6]
      [GC Worker End (ms): Min: 180509.0, Avg: 180509.0, Max: 180509.0, Diff: 0.0]
   [Code Root Fixup: 0.0 ms]
   [Code Root Migration: 0.2 ms]
   [Clear CT: 0.5 ms]
   [Other: 102.6 ms]
      [Choose CSet: 0.0 ms]
      [Ref Proc: 98.0 ms]
      [Ref Enq: 2.5 ms]
      [Free CSet: 1.9 ms]
   [Eden: 1694.0M(1694.0M)->0.0B(1695.0M) Survivors: 22.0M->22.0M Heap: 3661.8M(4096.0M)->1967.8M(4096.0M)]
 [Times: user=0.53 sys=0.00, real=0.14 secs] 
2016-01-06T01:06:42.209-0800: 180.872: [GC pause (young)
Desired survivor size 112721920 bytes, new threshold 15 (max 15)
- age   1:   20627920 bytes,   20627920 total
- age   2:      36864 bytes,   20664784 total
2016-01-06T01:06:42.364-0800: 181.027: [SoftReference, 0 refs, 0.0000470 secs]2016-01-06T01:06:42.364-0800: 181.027: [WeakReference, 0 refs, 0.0000070 secs]2016-01-06T01:06:42.364-0800: 181.027: [FinalReference, 0 refs, 0.0000060 secs]2016-01-06T01:06:42.364-0800: 181.027: [PhantomReference, 0 refs, 53054 refs, 0.0017740 secs]2016-01-06T01:06:42.366-0800: 181.029: [JNI Weak Reference, 0.0000080 secs], 0.1622560 secs]
   [Parallel Time: 38.1 ms, GC Workers: 4]
      [GC Worker Start (ms): Min: 180871.9, Avg: 180871.9, Max: 180872.0, Diff: 0.1]
      [Ext Root Scanning (ms): Min: 0.3, Avg: 0.4, Max: 0.4, Diff: 0.1, Sum: 1.4]
      [SATB Filtering (ms): Min: 0.0, Avg: 0.0, Max: 0.0, Diff: 0.0, Sum: 0.0]
      [Update RS (ms): Min: 26.5, Avg: 26.6, Max: 26.9, Diff: 0.5, Sum: 106.6]
         [Processed Buffers: Min: 25, Avg: 34.0, Max: 38, Diff: 13, Sum: 136]
      [Scan RS (ms): Min: 0.5, Avg: 0.8, Max: 0.9, Diff: 0.4, Sum: 3.1]
      [Code Root Scanning (ms): Min: 0.0, Avg: 0.1, Max: 0.1, Diff: 0.1, Sum: 0.3]
      [Object Copy (ms): Min: 10.0, Avg: 10.0, Max: 10.0, Diff: 0.1, Sum: 40.1]
      [Termination (ms): Min: 0.0, Avg: 0.0, Max: 0.0, Diff: 0.0, Sum: 0.0]
      [GC Worker Other (ms): Min: 0.0, Avg: 0.1, Max: 0.1, Diff: 0.0, Sum: 0.2]
      [GC Worker Total (ms): Min: 37.9, Avg: 37.9, Max: 38.0, Diff: 0.1, Sum: 151.8]
      [GC Worker End (ms): Min: 180909.9, Avg: 180909.9, Max: 180909.9, Diff: 0.0]
   [Code Root Fixup: 0.0 ms]
   [Code Root Migration: 0.2 ms]
   [Clear CT: 0.4 ms]
   [Other: 123.6 ms]
      [Choose CSet: 0.0 ms]
      [Ref Proc: 119.1 ms]
      [Ref Enq: 2.5 ms]
      [Free CSet: 1.9 ms]
   [Eden: 1695.0M(1695.0M)->0.0B(1694.0M) Survivors: 22.0M->22.0M Heap: 3662.8M(4096.0M)->1967.3M(4096.0M)]
 [Times: user=0.60 sys=0.00, real=0.16 secs] 
2016-01-06T01:06:42.629-0800: 181.291: [GC pause (young)
Desired survivor size 112721920 bytes, new threshold 15 (max 15)
- age   1:   20630152 bytes,   20630152 total
- age   2:      36864 bytes,   20667016 total
2016-01-06T01:06:42.792-0800: 181.454: [SoftReference, 0 refs, 0.0000460 secs]2016-01-06T01:06:42.792-0800: 181.455: [WeakReference, 0 refs, 0.0000070 secs]2016-01-06T01:06:42.792-0800: 181.455: [FinalReference, 0 refs, 0.0000050 secs]2016-01-06T01:06:42.792-0800: 181.455: [PhantomReference, 0 refs, 53025 refs, 0.0017750 secs]2016-01-06T01:06:42.793-0800: 181.456: [JNI Weak Reference, 0.0000080 secs], 0.1699210 secs]
   [Parallel Time: 29.9 ms, GC Workers: 4]
      [GC Worker Start (ms): Min: 181291.5, Avg: 181291.6, Max: 181291.6, Diff: 0.1]
      [Ext Root Scanning (ms): Min: 0.3, Avg: 0.4, Max: 0.4, Diff: 0.1, Sum: 1.5]
      [SATB Filtering (ms): Min: 0.0, Avg: 0.0, Max: 0.0, Diff: 0.0, Sum: 0.0]
      [Update RS (ms): Min: 17.8, Avg: 17.8, Max: 17.9, Diff: 0.1, Sum: 71.3]
         [Processed Buffers: Min: 25, Avg: 25.0, Max: 25, Diff: 0, Sum: 100]
      [Scan RS (ms): Min: 0.8, Avg: 0.8, Max: 0.8, Diff: 0.1, Sum: 3.1]
      [Code Root Scanning (ms): Min: 0.1, Avg: 0.1, Max: 0.1, Diff: 0.0, Sum: 0.3]
      [Object Copy (ms): Min: 10.6, Avg: 10.6, Max: 10.6, Diff: 0.1, Sum: 42.4]
      [Termination (ms): Min: 0.0, Avg: 0.0, Max: 0.0, Diff: 0.0, Sum: 0.0]
      [GC Worker Other (ms): Min: 0.0, Avg: 0.1, Max: 0.1, Diff: 0.1, Sum: 0.2]
      [GC Worker Total (ms): Min: 29.7, Avg: 29.8, Max: 29.8, Diff: 0.1, Sum: 119.0]
      [GC Worker End (ms): Min: 181321.3, Avg: 181321.3, Max: 181321.3, Diff: 0.1]
   [Code Root Fixup: 0.0 ms]
   [Code Root Migration: 0.2 ms]
   [Clear CT: 0.4 ms]
   [Other: 139.4 ms]
      [Choose CSet: 0.0 ms]
      [Ref Proc: 135.0 ms]
      [Ref Enq: 2.4 ms]
      [Free CSet: 1.9 ms]
   [Eden: 1694.0M(1694.0M)->0.0B(1695.0M) Survivors: 22.0M->22.0M Heap: 3661.3M(4096.0M)->1967.8M(4096.0M)]
 [Times: user=0.64 sys=0.00, real=0.17 secs] 
2016-01-06T01:06:43.043-0800: 181.706: [GC pause (young)
Desired survivor size 112721920 bytes, new threshold 15 (max 15)
- age   1:   20627920 bytes,   20627920 total
- age   2:      36864 bytes,   20664784 total
2016-01-06T01:06:43.223-0800: 181.886: [SoftReference, 0 refs, 0.0000550 secs]2016-01-06T01:06:43.223-0800: 181.886: [WeakReference, 0 refs, 0.0000080 secs]2016-01-06T01:06:43.223-0800: 181.886: [FinalReference, 0 refs, 0.0000050 secs]2016-01-06T01:06:43.223-0800: 181.886: [PhantomReference, 0 refs, 53055 refs, 0.0018930 secs]2016-01-06T01:06:43.225-0800: 181.888: [JNI Weak Reference, 0.0000080 secs], 0.1863970 secs]
   [Parallel Time: 31.5 ms, GC Workers: 4]
      [GC Worker Start (ms): Min: 181706.4, Avg: 181706.8, Max: 181707.9, Diff: 1.5]
      [Ext Root Scanning (ms): Min: 0.0, Avg: 0.3, Max: 0.5, Diff: 0.5, Sum: 1.3]
      [SATB Filtering (ms): Min: 0.0, Avg: 0.0, Max: 0.0, Diff: 0.0, Sum: 0.0]
      [Update RS (ms): Min: 17.7, Avg: 18.7, Max: 19.3, Diff: 1.6, Sum: 74.7]
         [Processed Buffers: Min: 25, Avg: 26.2, Max: 27, Diff: 2, Sum: 105]
      [Scan RS (ms): Min: 0.5, Avg: 0.8, Max: 0.9, Diff: 0.4, Sum: 3.1]
      [Code Root Scanning (ms): Min: 0.0, Avg: 0.1, Max: 0.1, Diff: 0.1, Sum: 0.4]
      [Object Copy (ms): Min: 11.1, Avg: 11.1, Max: 11.1, Diff: 0.0, Sum: 44.4]
      [Termination (ms): Min: 0.0, Avg: 0.0, Max: 0.0, Diff: 0.0, Sum: 0.1]
      [GC Worker Other (ms): Min: 0.0, Avg: 0.0, Max: 0.1, Diff: 0.0, Sum: 0.2]
      [GC Worker Total (ms): Min: 29.9, Avg: 31.0, Max: 31.4, Diff: 1.5, Sum: 124.0]
      [GC Worker End (ms): Min: 181737.8, Avg: 181737.8, Max: 181737.9, Diff: 0.0]
   [Code Root Fixup: 0.0 ms]
   [Code Root Migration: 0.2 ms]
   [Clear CT: 0.4 ms]
   [Other: 154.2 ms]
      [Choose CSet: 0.0 ms]
      [Ref Proc: 149.7 ms]
      [Ref Enq: 2.4 ms]
      [Free CSet: 2.1 ms]
   [Eden: 1695.0M(1695.0M)->0.0B(1695.0M) Survivors: 22.0M->22.0M Heap: 3662.8M(4096.0M)->1967.8M(4096.0M)]
 [Times: user=0.69 sys=0.01, real=0.19 secs] 
2016-01-06T01:06:43.491-0800: 182.154: [GC pause (young)
Desired survivor size 112721920 bytes, new threshold 15 (max 15)
- age   1:   20630152 bytes,   20630152 total
- age   2:      36864 bytes,   20667016 total
2016-01-06T01:06:43.683-0800: 182.346: [SoftReference, 0 refs, 0.0000500 secs]2016-01-06T01:06:43.684-0800: 182.346: [WeakReference, 0 refs, 0.0000110 secs]2016-01-06T01:06:43.684-0800: 182.346: [FinalReference, 0 refs, 0.0000090 secs]2016-01-06T01:06:43.684-0800: 182.346: [PhantomReference, 0 refs, 53055 refs, 0.0018390 secs]2016-01-06T01:06:43.685-0800: 182.348: [JNI Weak Reference, 0.0000090 secs], 0.1997460 secs]
   [Parallel Time: 35.1 ms, GC Workers: 4]
      [GC Worker Start (ms): Min: 182153.7, Avg: 182155.3, Max: 182159.9, Diff: 6.2]
      [Ext Root Scanning (ms): Min: 0.0, Avg: 0.3, Max: 0.5, Diff: 0.4, Sum: 1.3]
      [SATB Filtering (ms): Min: 0.0, Avg: 0.0, Max: 0.0, Diff: 0.0, Sum: 0.0]
      [Update RS (ms): Min: 17.4, Avg: 21.7, Max: 23.3, Diff: 6.0, Sum: 86.9]
         [Processed Buffers: Min: 25, Avg: 31.2, Max: 36, Diff: 11, Sum: 125]
      [Scan RS (ms): Min: 0.6, Avg: 0.8, Max: 1.0, Diff: 0.4, Sum: 3.1]
      [Code Root Scanning (ms): Min: 0.1, Avg: 0.1, Max: 0.1, Diff: 0.1, Sum: 0.4]
      [Object Copy (ms): Min: 10.5, Avg: 10.5, Max: 10.5, Diff: 0.0, Sum: 41.9]
      [Termination (ms): Min: 0.0, Avg: 0.0, Max: 0.0, Diff: 0.0, Sum: 0.0]
      [GC Worker Other (ms): Min: 0.0, Avg: 0.1, Max: 0.1, Diff: 0.1, Sum: 0.3]
      [GC Worker Total (ms): Min: 28.8, Avg: 33.5, Max: 35.0, Diff: 6.2, Sum: 133.8]
      [GC Worker End (ms): Min: 182188.7, Avg: 182188.8, Max: 182188.8, Diff: 0.1]
   [Code Root Fixup: 0.0 ms]
   [Code Root Migration: 0.2 ms]
   [Clear CT: 0.4 ms]
   [Other: 164.0 ms]
      [Choose CSet: 0.0 ms]
      [Ref Proc: 159.5 ms]
      [Ref Enq: 2.4 ms]
      [Free CSet: 2.0 ms]
   [Eden: 1695.0M(1695.0M)->0.0B(1705.0M) Survivors: 22.0M->13.0M Heap: 3662.8M(4096.0M)->1958.3M(4096.0M)]
 [Times: user=0.75 sys=0.00, real=0.20 secs] 
2016-01-06T01:06:43.954-0800: 182.617: [GC pause (young)
Desired survivor size 112721920 bytes, new threshold 15 (max 15)
- age   1:   11141704 bytes,   11141704 total
- age   2:      36864 bytes,   11178568 total
2016-01-06T01:06:44.152-0800: 182.815: [SoftReference, 0 refs, 0.0000510 secs]2016-01-06T01:06:44.152-0800: 182.815: [WeakReference, 0 refs, 0.0000070 secs]2016-01-06T01:06:44.152-0800: 182.815: [FinalReference, 0 refs, 0.0000060 secs]2016-01-06T01:06:44.152-0800: 182.815: [PhantomReference, 0 refs, 53363 refs, 0.0018620 secs]2016-01-06T01:06:44.154-0800: 182.817: [JNI Weak Reference, 0.0000090 secs], 0.2051620 secs]
   [Parallel Time: 16.2 ms, GC Workers: 4]
      [GC Worker Start (ms): Min: 182616.8, Avg: 182616.8, Max: 182616.8, Diff: 0.1]
      [Ext Root Scanning (ms): Min: 0.3, Avg: 0.4, Max: 0.4, Diff: 0.1, Sum: 1.4]
      [SATB Filtering (ms): Min: 0.0, Avg: 0.0, Max: 0.0, Diff: 0.0, Sum: 0.0]
      [Update RS (ms): Min: 3.7, Avg: 3.9, Max: 4.3, Diff: 0.6, Sum: 15.7]
         [Processed Buffers: Min: 5, Avg: 6.5, Max: 9, Diff: 4, Sum: 26]
      [Scan RS (ms): Min: 0.5, Avg: 0.7, Max: 0.9, Diff: 0.4, Sum: 3.0]
      [Code Root Scanning (ms): Min: 0.1, Avg: 0.1, Max: 0.1, Diff: 0.1, Sum: 0.3]
      [Object Copy (ms): Min: 10.9, Avg: 10.9, Max: 11.0, Diff: 0.1, Sum: 43.7]
      [Termination (ms): Min: 0.0, Avg: 0.0, Max: 0.0, Diff: 0.0, Sum: 0.0]
      [GC Worker Other (ms): Min: 0.0, Avg: 0.1, Max: 0.1, Diff: 0.1, Sum: 0.2]
      [GC Worker Total (ms): Min: 16.1, Avg: 16.1, Max: 16.1, Diff: 0.1, Sum: 64.4]
      [GC Worker End (ms): Min: 182632.9, Avg: 182632.9, Max: 182632.9, Diff: 0.1]
   [Code Root Fixup: 0.0 ms]
   [Code Root Migration: 0.2 ms]
   [Clear CT: 0.4 ms]
   [Other: 188.3 ms]
      [Choose CSet: 0.0 ms]
      [Ref Proc: 183.8 ms]
      [Ref Enq: 2.4 ms]
      [Free CSet: 2.0 ms]
   [Eden: 1705.0M(1705.0M)->0.0B(1062.0M) Survivors: 13.0M->22.0M Heap: 3663.3M(4096.0M)->1967.8M(4096.0M)]
 [Times: user=0.71 sys=0.00, real=0.21 secs] 
2016-01-06T01:06:44.312-0800: 182.975: [GC pause (young)
Desired survivor size 71303168 bytes, new threshold 15 (max 15)
- age   1:   20652472 bytes,   20652472 total
- age   2:      36864 bytes,   20689336 total
2016-01-06T01:06:44.470-0800: 183.133: [SoftReference, 0 refs, 0.0000480 secs]2016-01-06T01:06:44.470-0800: 183.133: [WeakReference, 0 refs, 0.0000090 secs]2016-01-06T01:06:44.470-0800: 183.133: [FinalReference, 0 refs, 0.0000060 secs]2016-01-06T01:06:44.470-0800: 183.133: [PhantomReference, 0 refs, 33432 refs, 0.0012240 secs]2016-01-06T01:06:44.472-0800: 183.135: [JNI Weak Reference, 0.0000080 secs], 0.1637030 secs]
   [Parallel Time: 7.6 ms, GC Workers: 4]
      [GC Worker Start (ms): Min: 182974.7, Avg: 182974.7, Max: 182974.7, Diff: 0.1]
      [Ext Root Scanning (ms): Min: 0.3, Avg: 0.4, Max: 0.4, Diff: 0.1, Sum: 1.4]
      [SATB Filtering (ms): Min: 0.0, Avg: 0.0, Max: 0.0, Diff: 0.0, Sum: 0.0]
      [Update RS (ms): Min: 0.0, Avg: 0.1, Max: 0.2, Diff: 0.2, Sum: 0.2]
         [Processed Buffers: Min: 0, Avg: 1.2, Max: 3, Diff: 3, Sum: 5]
      [Scan RS (ms): Min: 0.4, Avg: 0.5, Max: 0.5, Diff: 0.1, Sum: 1.9]
      [Code Root Scanning (ms): Min: 0.0, Avg: 0.1, Max: 0.1, Diff: 0.0, Sum: 0.2]
      [Object Copy (ms): Min: 6.4, Avg: 6.5, Max: 6.5, Diff: 0.0, Sum: 25.9]
      [Termination (ms): Min: 0.0, Avg: 0.0, Max: 0.0, Diff: 0.0, Sum: 0.0]
      [GC Worker Other (ms): Min: 0.0, Avg: 0.1, Max: 0.1, Diff: 0.1, Sum: 0.2]
      [GC Worker Total (ms): Min: 7.4, Avg: 7.5, Max: 7.5, Diff: 0.1, Sum: 30.0]
      [GC Worker End (ms): Min: 182982.2, Avg: 182982.2, Max: 182982.2, Diff: 0.1]
   [Code Root Fixup: 0.0 ms]
   [Code Root Migration: 0.2 ms]
   [Clear CT: 0.3 ms]
   [Other: 155.7 ms]
      [Choose CSet: 0.0 ms]
      [Ref Proc: 152.3 ms]
      [Ref Enq: 1.8 ms]
      [Free CSet: 1.4 ms]
   [Eden: 1062.0M(1062.0M)->0.0B(1695.0M) Survivors: 22.0M->21.0M Heap: 3029.8M(4096.0M)->1966.3M(4096.0M)]
 [Times: user=0.61 sys=0.00, real=0.16 secs] 
2016-01-06T01:06:44.715-0800: 183.378: [GC pause (young)
Desired survivor size 112721920 bytes, new threshold 15 (max 15)
- age   1:   19217296 bytes,   19217296 total
- age   2:      36864 bytes,   19254160 total
2016-01-06T01:06:44.898-0800: 183.561: [SoftReference, 0 refs, 0.0000600 secs]2016-01-06T01:06:44.898-0800: 183.561: [WeakReference, 0 refs, 0.0000070 secs]2016-01-06T01:06:44.898-0800: 183.561: [FinalReference, 0 refs, 0.0000060 secs]2016-01-06T01:06:44.898-0800: 183.561: [PhantomReference, 0 refs, 53055 refs, 0.0018760 secs]2016-01-06T01:06:44.900-0800: 183.562: [JNI Weak Reference, 0.0000080 secs], 0.1896090 secs]
   [Parallel Time: 16.4 ms, GC Workers: 4]
      [GC Worker Start (ms): Min: 183378.4, Avg: 183378.4, Max: 183378.5, Diff: 0.1]
      [Ext Root Scanning (ms): Min: 0.3, Avg: 0.4, Max: 0.4, Diff: 0.1, Sum: 1.4]
      [SATB Filtering (ms): Min: 0.0, Avg: 0.0, Max: 0.0, Diff: 0.0, Sum: 0.0]
      [Update RS (ms): Min: 3.8, Avg: 4.1, Max: 4.3, Diff: 0.5, Sum: 16.5]
         [Processed Buffers: Min: 6, Avg: 6.8, Max: 8, Diff: 2, Sum: 27]
      [Scan RS (ms): Min: 0.6, Avg: 0.8, Max: 1.1, Diff: 0.4, Sum: 3.0]
      [Code Root Scanning (ms): Min: 0.1, Avg: 0.1, Max: 0.1, Diff: 0.0, Sum: 0.3]
      [Object Copy (ms): Min: 10.8, Avg: 10.8, Max: 10.9, Diff: 0.1, Sum: 43.3]
      [Termination (ms): Min: 0.0, Avg: 0.0, Max: 0.0, Diff: 0.0, Sum: 0.0]
      [GC Worker Other (ms): Min: 0.0, Avg: 0.1, Max: 0.1, Diff: 0.0, Sum: 0.2]
      [GC Worker Total (ms): Min: 16.2, Avg: 16.2, Max: 16.3, Diff: 0.1, Sum: 64.9]
      [GC Worker End (ms): Min: 183394.6, Avg: 183394.6, Max: 183394.7, Diff: 0.0]
   [Code Root Fixup: 0.0 ms]
   [Code Root Migration: 0.2 ms]
   [Clear CT: 0.4 ms]
   [Other: 172.6 ms]
      [Choose CSet: 0.0 ms]
      [Ref Proc: 167.8 ms]
      [Ref Enq: 2.5 ms]
      [Free CSet: 2.2 ms]
   [Eden: 1695.0M(1695.0M)->0.0B(1702.0M) Survivors: 21.0M->15.0M Heap: 3661.3M(4096.0M)->1960.8M(4096.0M)]
 [Times: user=0.69 sys=0.00, real=0.20 secs] 
2016-01-06T01:06:45.163-0800: 183.826: [GC pause (young)
Desired survivor size 112721920 bytes, new threshold 15 (max 15)
- age   1:   13833928 bytes,   13833928 total
- age   2:      36864 bytes,   13870792 total
2016-01-06T01:06:45.370-0800: 184.033: [SoftReference, 0 refs, 0.0000570 secs]2016-01-06T01:06:45.370-0800: 184.033: [WeakReference, 0 refs, 0.0000070 secs]2016-01-06T01:06:45.370-0800: 184.033: [FinalReference, 0 refs, 0.0000050 secs]2016-01-06T01:06:45.370-0800: 184.033: [PhantomReference, 0 refs, 53272 refs, 0.0018300 secs]2016-01-06T01:06:45.372-0800: 184.035: [JNI Weak Reference, 0.0000080 secs], 0.2140650 secs]
   [Parallel Time: 36.8 ms, GC Workers: 4]
      [GC Worker Start (ms): Min: 183826.3, Avg: 183826.7, Max: 183827.9, Diff: 1.6]
      [Ext Root Scanning (ms): Min: 0.0, Avg: 0.3, Max: 0.5, Diff: 0.5, Sum: 1.3]
      [SATB Filtering (ms): Min: 0.0, Avg: 0.0, Max: 0.0, Diff: 0.0, Sum: 0.0]
      [Update RS (ms): Min: 23.3, Avg: 24.3, Max: 24.7, Diff: 1.4, Sum: 97.2]
         [Processed Buffers: Min: 32, Avg: 33.0, Max: 34, Diff: 2, Sum: 132]
      [Scan RS (ms): Min: 0.7, Avg: 0.8, Max: 0.9, Diff: 0.2, Sum: 3.1]
      [Code Root Scanning (ms): Min: 0.1, Avg: 0.1, Max: 0.1, Diff: 0.0, Sum: 0.4]
      [Object Copy (ms): Min: 10.6, Avg: 10.7, Max: 10.7, Diff: 0.1, Sum: 42.7]
      [Termination (ms): Min: 0.0, Avg: 0.0, Max: 0.0, Diff: 0.0, Sum: 0.0]
      [GC Worker Other (ms): Min: 0.0, Avg: 0.1, Max: 0.1, Diff: 0.1, Sum: 0.3]
      [GC Worker Total (ms): Min: 35.1, Avg: 36.3, Max: 36.7, Diff: 1.6, Sum: 145.0]
      [GC Worker End (ms): Min: 183862.9, Avg: 183863.0, Max: 183863.0, Diff: 0.1]
   [Code Root Fixup: 0.0 ms]
   [Code Root Migration: 0.2 ms]
   [Clear CT: 0.4 ms]
   [Other: 176.7 ms]
      [Choose CSet: 0.0 ms]
      [Ref Proc: 172.0 ms]
      [Ref Enq: 2.5 ms]
      [Free CSet: 2.1 ms]
   [Eden: 1702.0M(1702.0M)->0.0B(182.0M) Survivors: 15.0M->22.0M Heap: 3662.8M(4096.0M)->1967.8M(4096.0M)]
 [Times: user=0.69 sys=0.00, real=0.22 secs] 
2016-01-06T01:06:45.406-0800: 184.069: [GC pause (young)
Desired survivor size 13631488 bytes, new threshold 1 (max 15)
- age   1:   20645776 bytes,   20645776 total
- age   2:      36864 bytes,   20682640 total
2016-01-06T01:06:45.584-0800: 184.247: [SoftReference, 0 refs, 0.0000430 secs]2016-01-06T01:06:45.584-0800: 184.247: [WeakReference, 0 refs, 0.0000070 secs]2016-01-06T01:06:45.584-0800: 184.247: [FinalReference, 0 refs, 0.0000050 secs]2016-01-06T01:06:45.584-0800: 184.247: [PhantomReference, 0 refs, 6152 refs, 0.0002230 secs]2016-01-06T01:06:45.584-0800: 184.247: [JNI Weak Reference, 0.0000080 secs], 0.1787650 secs]
   [Parallel Time: 3.2 ms, GC Workers: 4]
      [GC Worker Start (ms): Min: 184069.5, Avg: 184070.1, Max: 184072.0, Diff: 2.5]
      [Ext Root Scanning (ms): Min: 0.0, Avg: 0.3, Max: 0.5, Diff: 0.4, Sum: 1.3]
      [SATB Filtering (ms): Min: 0.0, Avg: 0.0, Max: 0.0, Diff: 0.0, Sum: 0.0]
      [Update RS (ms): Min: 0.0, Avg: 0.1, Max: 0.2, Diff: 0.2, Sum: 0.2]
         [Processed Buffers: Min: 0, Avg: 1.0, Max: 2, Diff: 2, Sum: 4]
      [Scan RS (ms): Min: 0.0, Avg: 0.1, Max: 0.2, Diff: 0.1, Sum: 0.4]
      [Code Root Scanning (ms): Min: 0.0, Avg: 0.0, Max: 0.0, Diff: 0.0, Sum: 0.0]
      [Object Copy (ms): Min: 0.5, Avg: 2.0, Max: 2.6, Diff: 2.0, Sum: 8.0]
      [Termination (ms): Min: 0.0, Avg: 0.0, Max: 0.0, Diff: 0.0, Sum: 0.0]
      [GC Worker Other (ms): Min: 0.0, Avg: 0.0, Max: 0.0, Diff: 0.0, Sum: 0.1]
      [GC Worker Total (ms): Min: 0.6, Avg: 2.5, Max: 3.2, Diff: 2.5, Sum: 10.1]
      [GC Worker End (ms): Min: 184072.6, Avg: 184072.6, Max: 184072.6, Diff: 0.0]
   [Code Root Fixup: 0.0 ms]
   [Code Root Migration: 0.0 ms]
   [Clear CT: 0.1 ms]
   [Other: 175.4 ms]
      [Choose CSet: 0.0 ms]
      [Ref Proc: 174.7 ms]
      [Ref Enq: 0.3 ms]
      [Free CSet: 0.3 ms]
   [Eden: 182.0M(182.0M)->0.0B(959.0M) Survivors: 22.0M->19.0M Heap: 2149.8M(4096.0M)->1964.4M(4096.0M)]
 [Times: user=0.70 sys=0.01, real=0.18 secs] 
2016-01-06T01:06:45.723-0800: 184.386: [GC pause (young)
Desired survivor size 64487424 bytes, new threshold 15 (max 15)
- age   1:   17253136 bytes,   17253136 total
2016-01-06T01:06:45.925-0800: 184.588: [SoftReference, 0 refs, 0.0000410 secs]2016-01-06T01:06:45.925-0800: 184.588: [WeakReference, 0 refs, 0.0000060 secs]2016-01-06T01:06:45.925-0800: 184.588: [FinalReference, 0 refs, 0.0000060 secs]2016-01-06T01:06:45.925-0800: 184.588: [PhantomReference, 0 refs, 30239 refs, 0.0010480 secs]2016-01-06T01:06:45.926-0800: 184.589: [JNI Weak Reference, 0.0000070 secs], 0.2059210 secs]
   [Parallel Time: 18.0 ms, GC Workers: 4]
      [GC Worker Start (ms): Min: 184386.4, Avg: 184386.4, Max: 184386.4, Diff: 0.1]
      [Ext Root Scanning (ms): Min: 0.3, Avg: 0.4, Max: 0.4, Diff: 0.1, Sum: 1.4]
      [SATB Filtering (ms): Min: 0.0, Avg: 0.0, Max: 0.0, Diff: 0.0, Sum: 0.0]
      [Update RS (ms): Min: 10.9, Avg: 11.1, Max: 11.4, Diff: 0.4, Sum: 44.3]
         [Processed Buffers: Min: 16, Avg: 16.0, Max: 16, Diff: 0, Sum: 64]
      [Scan RS (ms): Min: 0.2, Avg: 0.4, Max: 0.5, Diff: 0.4, Sum: 1.7]
      [Code Root Scanning (ms): Min: 0.0, Avg: 0.1, Max: 0.1, Diff: 0.1, Sum: 0.2]
      [Object Copy (ms): Min: 5.9, Avg: 5.9, Max: 5.9, Diff: 0.0, Sum: 23.6]
      [Termination (ms): Min: 0.0, Avg: 0.0, Max: 0.0, Diff: 0.0, Sum: 0.0]
      [GC Worker Other (ms): Min: 0.0, Avg: 0.1, Max: 0.1, Diff: 0.0, Sum: 0.2]
      [GC Worker Total (ms): Min: 17.9, Avg: 17.9, Max: 17.9, Diff: 0.0, Sum: 71.6]
      [GC Worker End (ms): Min: 184404.3, Avg: 184404.3, Max: 184404.3, Diff: 0.0]
   [Code Root Fixup: 0.0 ms]
   [Code Root Migration: 0.1 ms]
   [Clear CT: 0.3 ms]
   [Other: 187.4 ms]
      [Choose CSet: 0.0 ms]
      [Ref Proc: 184.8 ms]
      [Ref Enq: 1.4 ms]
      [Free CSet: 1.2 ms]
   [Eden: 959.0M(959.0M)->0.0B(184.0M) Survivors: 19.0M->20.0M Heap: 2923.4M(4096.0M)->1965.9M(4096.0M)]
 [Times: user=0.72 sys=0.00, real=0.21 secs] 
2016-01-06T01:06:45.957-0800: 184.620: [GC pause (young)
Desired survivor size 13631488 bytes, new threshold 1 (max 15)
- age   1:   18987400 bytes,   18987400 total
- age   2:      36864 bytes,   19024264 total
2016-01-06T01:06:46.141-0800: 184.804: [SoftReference, 0 refs, 0.0000440 secs]2016-01-06T01:06:46.141-0800: 184.804: [WeakReference, 0 refs, 0.0000070 secs]2016-01-06T01:06:46.141-0800: 184.804: [FinalReference, 0 refs, 0.0000050 secs]2016-01-06T01:06:46.141-0800: 184.804: [PhantomReference, 0 refs, 6214 refs, 0.0002290 secs]2016-01-06T01:06:46.142-0800: 184.805: [JNI Weak Reference, 0.0000070 secs], 0.1854170 secs]
   [Parallel Time: 8.3 ms, GC Workers: 4]
      [GC Worker Start (ms): Min: 184620.0, Avg: 184621.0, Max: 184623.9, Diff: 3.9]
      [Ext Root Scanning (ms): Min: 0.0, Avg: 0.3, Max: 0.5, Diff: 0.5, Sum: 1.3]
      [SATB Filtering (ms): Min: 0.0, Avg: 0.0, Max: 0.0, Diff: 0.0, Sum: 0.0]
      [Update RS (ms): Min: 2.0, Avg: 4.4, Max: 5.5, Diff: 3.4, Sum: 17.8]
         [Processed Buffers: Min: 3, Avg: 7.8, Max: 14, Diff: 11, Sum: 31]
      [Scan RS (ms): Min: 0.0, Avg: 0.1, Max: 0.2, Diff: 0.2, Sum: 0.3]
      [Code Root Scanning (ms): Min: 0.0, Avg: 0.0, Max: 0.0, Diff: 0.0, Sum: 0.0]
      [Object Copy (ms): Min: 2.2, Avg: 2.3, Max: 2.4, Diff: 0.2, Sum: 9.2]
      [Termination (ms): Min: 0.0, Avg: 0.0, Max: 0.0, Diff: 0.0, Sum: 0.1]
      [GC Worker Other (ms): Min: 0.0, Avg: 0.0, Max: 0.0, Diff: 0.0, Sum: 0.0]
      [GC Worker Total (ms): Min: 4.3, Avg: 7.2, Max: 8.2, Diff: 3.9, Sum: 28.7]
      [GC Worker End (ms): Min: 184628.2, Avg: 184628.2, Max: 184628.2, Diff: 0.0]
   [Code Root Fixup: 0.0 ms]
   [Code Root Migration: 0.0 ms]
   [Clear CT: 0.1 ms]
   [Other: 176.9 ms]
      [Choose CSet: 0.0 ms]
      [Ref Proc: 176.3 ms]
      [Ref Enq: 0.3 ms]
      [Free CSet: 0.3 ms]
   [Eden: 184.0M(184.0M)->0.0B(199.0M) Survivors: 20.0M->18.0M Heap: 2149.9M(4096.0M)->1963.9M(4096.0M)]
 [Times: user=0.71 sys=0.01, real=0.18 secs] 
2016-01-06T01:06:46.172-0800: 184.835: [GC pause (young)
Desired survivor size 14680064 bytes, new threshold 1 (max 15)
- age   1:   17257600 bytes,   17257600 total
2016-01-06T01:06:46.361-0800: 185.024: [SoftReference, 0 refs, 0.0000460 secs]2016-01-06T01:06:46.361-0800: 185.024: [WeakReference, 0 refs, 0.0000070 secs]2016-01-06T01:06:46.361-0800: 185.024: [FinalReference, 0 refs, 0.0000050 secs]2016-01-06T01:06:46.361-0800: 185.024: [PhantomReference, 0 refs, 6678 refs, 0.0002500 secs]2016-01-06T01:06:46.361-0800: 185.024: [JNI Weak Reference, 0.0000080 secs], 0.1907420 secs]
   [Parallel Time: 9.2 ms, GC Workers: 4]
      [GC Worker Start (ms): Min: 184834.6, Avg: 184834.9, Max: 184835.7, Diff: 1.1]
      [Ext Root Scanning (ms): Min: 0.0, Avg: 0.4, Max: 0.6, Diff: 0.6, Sum: 1.5]
      [SATB Filtering (ms): Min: 0.0, Avg: 0.0, Max: 0.0, Diff: 0.0, Sum: 0.0]
      [Update RS (ms): Min: 5.1, Avg: 5.7, Max: 6.1, Diff: 1.0, Sum: 22.8]
         [Processed Buffers: Min: 7, Avg: 8.8, Max: 10, Diff: 3, Sum: 35]
      [Scan RS (ms): Min: 0.0, Avg: 0.1, Max: 0.2, Diff: 0.2, Sum: 0.3]
      [Code Root Scanning (ms): Min: 0.0, Avg: 0.0, Max: 0.0, Diff: 0.0, Sum: 0.0]
      [Object Copy (ms): Min: 2.4, Avg: 2.5, Max: 2.6, Diff: 0.3, Sum: 10.0]
      [Termination (ms): Min: 0.0, Avg: 0.0, Max: 0.0, Diff: 0.0, Sum: 0.0]
      [GC Worker Other (ms): Min: 0.0, Avg: 0.0, Max: 0.0, Diff: 0.0, Sum: 0.1]
      [GC Worker Total (ms): Min: 8.0, Avg: 8.7, Max: 9.1, Diff: 1.1, Sum: 34.8]
      [GC Worker End (ms): Min: 184843.6, Avg: 184843.7, Max: 184843.7, Diff: 0.0]
   [Code Root Fixup: 0.0 ms]
   [Code Root Migration: 0.0 ms]
   [Clear CT: 0.2 ms]
   [Other: 181.4 ms]
      [Choose CSet: 0.0 ms]
      [Ref Proc: 180.7 ms]
      [Ref Enq: 0.3 ms]
      [Free CSet: 0.3 ms]
   [Eden: 199.0M(199.0M)->0.0B(377.0M) Survivors: 18.0M->19.0M Heap: 2162.9M(4096.0M)->1964.4M(4096.0M)]
 [Times: user=0.74 sys=0.00, real=0.19 secs] 
2016-01-06T01:06:46.417-0800: 185.080: [GC pause (young)
Desired survivor size 26214400 bytes, new threshold 15 (max 15)
- age   1:   17291080 bytes,   17291080 total
2016-01-06T01:06:46.614-0800: 185.277: [SoftReference, 0 refs, 0.0000500 secs]2016-01-06T01:06:46.614-0800: 185.277: [WeakReference, 0 refs, 0.0000070 secs]2016-01-06T01:06:46.614-0800: 185.277: [FinalReference, 0 refs, 0.0000060 secs]2016-01-06T01:06:46.614-0800: 185.277: [PhantomReference, 0 refs, 12195 refs, 0.0004370 secs]2016-01-06T01:06:46.614-0800: 185.277: [JNI Weak Reference, 0.0000070 secs], 0.1987630 secs]
   [Parallel Time: 14.7 ms, GC Workers: 4]
      [GC Worker Start (ms): Min: 185079.9, Avg: 185080.9, Max: 185083.9, Diff: 4.0]
      [Ext Root Scanning (ms): Min: 0.0, Avg: 0.3, Max: 0.5, Diff: 0.5, Sum: 1.3]
      [SATB Filtering (ms): Min: 0.0, Avg: 0.0, Max: 0.0, Diff: 0.0, Sum: 0.0]
      [Update RS (ms): Min: 7.3, Avg: 10.1, Max: 11.1, Diff: 3.8, Sum: 40.3]
         [Processed Buffers: Min: 10, Avg: 15.5, Max: 21, Diff: 11, Sum: 62]
      [Scan RS (ms): Min: 0.0, Avg: 0.2, Max: 0.3, Diff: 0.2, Sum: 0.6]
      [Code Root Scanning (ms): Min: 0.0, Avg: 0.0, Max: 0.0, Diff: 0.0, Sum: 0.1]
      [Object Copy (ms): Min: 2.9, Avg: 2.9, Max: 3.0, Diff: 0.0, Sum: 11.8]
      [Termination (ms): Min: 0.0, Avg: 0.0, Max: 0.0, Diff: 0.0, Sum: 0.0]
      [GC Worker Other (ms): Min: 0.0, Avg: 0.0, Max: 0.0, Diff: 0.0, Sum: 0.1]
      [GC Worker Total (ms): Min: 10.6, Avg: 13.5, Max: 14.6, Diff: 4.0, Sum: 54.2]
      [GC Worker End (ms): Min: 185094.5, Avg: 185094.5, Max: 185094.5, Diff: 0.0]
   [Code Root Fixup: 0.0 ms]
   [Code Root Migration: 0.1 ms]
   [Clear CT: 0.2 ms]
   [Other: 183.8 ms]
      [Choose CSet: 0.0 ms]
      [Ref Proc: 182.7 ms]
      [Ref Enq: 0.5 ms]
      [Free CSet: 0.5 ms]
   [Eden: 377.0M(377.0M)->0.0B(185.0M) Survivors: 19.0M->19.0M Heap: 2341.4M(4096.0M)->1964.9M(4096.0M)]
 [Times: user=0.75 sys=0.00, real=0.20 secs] 
2016-01-06T01:06:46.643-0800: 185.306: [GC pause (young)
Desired survivor size 13631488 bytes, new threshold 1 (max 15)
- age   1:   17688376 bytes,   17688376 total
- age   2:      36864 bytes,   17725240 total
2016-01-06T01:06:46.831-0800: 185.494: [SoftReference, 0 refs, 0.0000480 secs]2016-01-06T01:06:46.831-0800: 185.494: [WeakReference, 0 refs, 0.0000070 secs]2016-01-06T01:06:46.831-0800: 185.494: [FinalReference, 0 refs, 0.0000050 secs]2016-01-06T01:06:46.831-0800: 185.494: [PhantomReference, 0 refs, 6245 refs, 0.0002350 secs]2016-01-06T01:06:46.832-0800: 185.495: [JNI Weak Reference, 0.0000070 secs], 0.1893300 secs]
   [Parallel Time: 6.5 ms, GC Workers: 4]
      [GC Worker Start (ms): Min: 185306.1, Avg: 185306.2, Max: 185306.2, Diff: 0.1]
      [Ext Root Scanning (ms): Min: 0.3, Avg: 0.4, Max: 0.4, Diff: 0.1, Sum: 1.5]
      [SATB Filtering (ms): Min: 0.0, Avg: 0.0, Max: 0.0, Diff: 0.0, Sum: 0.0]
      [Update RS (ms): Min: 3.1, Avg: 3.5, Max: 3.7, Diff: 0.5, Sum: 13.9]
         [Processed Buffers: Min: 5, Avg: 5.8, Max: 8, Diff: 3, Sum: 23]
      [Scan RS (ms): Min: 0.0, Avg: 0.1, Max: 0.3, Diff: 0.2, Sum: 0.3]
      [Code Root Scanning (ms): Min: 0.0, Avg: 0.0, Max: 0.0, Diff: 0.0, Sum: 0.0]
      [Object Copy (ms): Min: 2.2, Avg: 2.3, Max: 2.5, Diff: 0.3, Sum: 9.3]
      [Termination (ms): Min: 0.0, Avg: 0.0, Max: 0.0, Diff: 0.0, Sum: 0.0]
      [GC Worker Other (ms): Min: 0.0, Avg: 0.0, Max: 0.0, Diff: 0.0, Sum: 0.1]
      [GC Worker Total (ms): Min: 6.2, Avg: 6.3, Max: 6.3, Diff: 0.1, Sum: 25.1]
      [GC Worker End (ms): Min: 185312.5, Avg: 185312.5, Max: 185312.5, Diff: 0.0]
   [Code Root Fixup: 0.0 ms]
   [Code Root Migration: 0.0 ms]
   [Clear CT: 0.1 ms]
   [Other: 182.7 ms]
      [Choose CSet: 0.0 ms]
      [Ref Proc: 182.0 ms]
      [Ref Enq: 0.3 ms]
      [Free CSet: 0.3 ms]
   [Eden: 185.0M(185.0M)->0.0B(534.0M) Survivors: 19.0M->19.0M Heap: 2149.9M(4096.0M)->1965.0M(4096.0M)]
 [Times: user=0.74 sys=0.00, real=0.19 secs] 
2016-01-06T01:06:46.914-0800: 185.577: [GC pause (young)
Desired survivor size 36700160 bytes, new threshold 15 (max 15)
- age   1:   17259832 bytes,   17259832 total
2016-01-06T01:06:47.106-0800: 185.769: [SoftReference, 0 refs, 0.0000510 secs]2016-01-06T01:06:47.106-0800: 185.769: [WeakReference, 0 refs, 0.0000070 secs]2016-01-06T01:06:47.106-0800: 185.769: [FinalReference, 0 refs, 0.0000050 secs]2016-01-06T01:06:47.106-0800: 185.769: [PhantomReference, 0 refs, 17065 refs, 0.0005870 secs]2016-01-06T01:06:47.107-0800: 185.770: [JNI Weak Reference, 0.0000070 secs], 0.1944270 secs]
   [Parallel Time: 6.5 ms, GC Workers: 4]
      [GC Worker Start (ms): Min: 185577.0, Avg: 185577.0, Max: 185577.1, Diff: 0.1]
      [Ext Root Scanning (ms): Min: 0.4, Avg: 1.9, Max: 6.3, Diff: 5.8, Sum: 7.6]
      [SATB Filtering (ms): Min: 0.0, Avg: 0.0, Max: 0.0, Diff: 0.0, Sum: 0.0]
      [Update RS (ms): Min: 0.0, Avg: 0.4, Max: 0.7, Diff: 0.7, Sum: 1.5]
         [Processed Buffers: Min: 0, Avg: 1.5, Max: 3, Diff: 3, Sum: 6]
      [Scan RS (ms): Min: 0.1, Avg: 0.2, Max: 0.6, Diff: 0.5, Sum: 1.0]
      [Code Root Scanning (ms): Min: 0.0, Avg: 0.0, Max: 0.1, Diff: 0.1, Sum: 0.1]
      [Object Copy (ms): Min: 0.0, Avg: 3.0, Max: 4.0, Diff: 4.0, Sum: 12.1]
      [Termination (ms): Min: 0.0, Avg: 0.8, Max: 1.0, Diff: 1.0, Sum: 3.0]
      [GC Worker Other (ms): Min: 0.0, Avg: 0.0, Max: 0.0, Diff: 0.0, Sum: 0.1]
      [GC Worker Total (ms): Min: 6.3, Avg: 6.4, Max: 6.4, Diff: 0.0, Sum: 25.4]
      [GC Worker End (ms): Min: 185583.4, Avg: 185583.4, Max: 185583.4, Diff: 0.0]
   [Code Root Fixup: 0.0 ms]
   [Code Root Migration: 0.1 ms]
   [Clear CT: 0.2 ms]
   [Other: 187.7 ms]
      [Choose CSet: 0.0 ms]
      [Ref Proc: 186.1 ms]
      [Ref Enq: 0.8 ms]
      [Free CSet: 0.7 ms]
   [Eden: 534.0M(534.0M)->0.0B(829.0M) Survivors: 19.0M->19.0M Heap: 2499.0M(4096.0M)->1965.0M(4096.0M)]
 [Times: user=0.74 sys=0.00, real=0.20 secs] 
2016-01-06T01:06:47.234-0800: 185.897: [GC pause (young)
Desired survivor size 55574528 bytes, new threshold 15 (max 15)
- age   1:   18038800 bytes,   18038800 total
- age   2:      36864 bytes,   18075664 total
2016-01-06T01:06:47.424-0800: 186.087: [SoftReference, 0 refs, 0.0000590 secs]2016-01-06T01:06:47.424-0800: 186.087: [WeakReference, 0 refs, 0.0000080 secs]2016-01-06T01:06:47.424-0800: 186.087: [FinalReference, 0 refs, 0.0000060 secs]2016-01-06T01:06:47.424-0800: 186.087: [PhantomReference, 0 refs, 26210 refs, 0.0009090 secs]2016-01-06T01:06:47.425-0800: 186.088: [JNI Weak Reference, 0.0000080 secs], 0.1934050 secs]
   [Parallel Time: 6.3 ms, GC Workers: 4]
      [GC Worker Start (ms): Min: 185897.4, Avg: 185897.4, Max: 185897.4, Diff: 0.1]
      [Ext Root Scanning (ms): Min: 0.3, Avg: 0.4, Max: 0.4, Diff: 0.1, Sum: 1.4]
      [SATB Filtering (ms): Min: 0.0, Avg: 0.0, Max: 0.0, Diff: 0.0, Sum: 0.0]
      [Update RS (ms): Min: 0.0, Avg: 0.1, Max: 0.1, Diff: 0.1, Sum: 0.2]
         [Processed Buffers: Min: 0, Avg: 1.0, Max: 2, Diff: 2, Sum: 4]
      [Scan RS (ms): Min: 0.4, Avg: 0.4, Max: 0.4, Diff: 0.1, Sum: 1.5]
      [Code Root Scanning (ms): Min: 0.0, Avg: 0.0, Max: 0.1, Diff: 0.0, Sum: 0.2]
      [Object Copy (ms): Min: 5.2, Avg: 5.2, Max: 5.3, Diff: 0.0, Sum: 21.0]
      [Termination (ms): Min: 0.0, Avg: 0.0, Max: 0.0, Diff: 0.0, Sum: 0.0]
      [GC Worker Other (ms): Min: 0.0, Avg: 0.1, Max: 0.1, Diff: 0.1, Sum: 0.3]
      [GC Worker Total (ms): Min: 6.1, Avg: 6.2, Max: 6.2, Diff: 0.1, Sum: 24.7]
      [GC Worker End (ms): Min: 185903.5, Avg: 185903.6, Max: 185903.6, Diff: 0.1]
   [Code Root Fixup: 0.0 ms]
   [Code Root Migration: 0.1 ms]
   [Clear CT: 0.4 ms]
   [Other: 186.6 ms]
      [Choose CSet: 0.0 ms]
      [Ref Proc: 184.3 ms]
      [Ref Enq: 1.2 ms]
      [Free CSet: 1.0 ms]
   [Eden: 829.0M(829.0M)->0.0B(1334.0M) Survivors: 19.0M->20.0M Heap: 2794.0M(4096.0M)->1966.0M(4096.0M)]
 [Times: user=0.63 sys=0.01, real=0.20 secs] 
2016-01-06T01:06:47.617-0800: 186.280: [GC pause (young)
Desired survivor size 89128960 bytes, new threshold 15 (max 15)
- age   1:   18697240 bytes,   18697240 total
- age   2:      36864 bytes,   18734104 total
2016-01-06T01:06:47.831-0800: 186.494: [SoftReference, 0 refs, 0.0000460 secs]2016-01-06T01:06:47.831-0800: 186.494: [WeakReference, 0 refs, 0.0000070 secs]2016-01-06T01:06:47.831-0800: 186.494: [FinalReference, 0 refs, 0.0000050 secs]2016-01-06T01:06:47.831-0800: 186.494: [PhantomReference, 0 refs, 41866 refs, 0.0014000 secs]2016-01-06T01:06:47.832-0800: 186.495: [JNI Weak Reference, 0.0000080 secs], 0.2191970 secs]
   [Parallel Time: 24.0 ms, GC Workers: 4]
      [GC Worker Start (ms): Min: 186280.3, Avg: 186281.2, Max: 186283.9, Diff: 3.6]
      [Ext Root Scanning (ms): Min: 0.0, Avg: 0.3, Max: 0.5, Diff: 0.4, Sum: 1.3]
      [SATB Filtering (ms): Min: 0.0, Avg: 0.0, Max: 0.0, Diff: 0.0, Sum: 0.0]
      [Update RS (ms): Min: 11.0, Avg: 13.4, Max: 14.3, Diff: 3.3, Sum: 53.5]
         [Processed Buffers: Min: 15, Avg: 18.0, Max: 23, Diff: 8, Sum: 72]
      [Scan RS (ms): Min: 0.4, Avg: 0.6, Max: 0.7, Diff: 0.2, Sum: 2.4]
      [Code Root Scanning (ms): Min: 0.1, Avg: 0.1, Max: 0.1, Diff: 0.0, Sum: 0.3]
      [Object Copy (ms): Min: 8.6, Avg: 8.6, Max: 8.6, Diff: 0.1, Sum: 34.3]
      [Termination (ms): Min: 0.0, Avg: 0.0, Max: 0.0, Diff: 0.0, Sum: 0.0]
      [GC Worker Other (ms): Min: 0.0, Avg: 0.1, Max: 0.1, Diff: 0.0, Sum: 0.2]
      [GC Worker Total (ms): Min: 20.3, Avg: 23.0, Max: 23.9, Diff: 3.6, Sum: 91.9]
      [GC Worker End (ms): Min: 186304.2, Avg: 186304.2, Max: 186304.2, Diff: 0.0]
   [Code Root Fixup: 0.0 ms]
   [Code Root Migration: 0.2 ms]
   [Clear CT: 0.4 ms]
   [Other: 194.6 ms]
      [Choose CSet: 0.0 ms]
      [Ref Proc: 190.9 ms]
      [Ref Enq: 1.9 ms]
      [Free CSet: 1.7 ms]
   [Eden: 1334.0M(1334.0M)->0.0B(183.0M) Survivors: 20.0M->21.0M Heap: 3300.0M(4096.0M)->1966.5M(4096.0M)]
 [Times: user=0.82 sys=0.01, real=0.21 secs] 
2016-01-06T01:06:47.865-0800: 186.528: [GC pause (young)
Desired survivor size 13631488 bytes, new threshold 1 (max 15)
- age   1:   19824400 bytes,   19824400 total
- age   2:      36864 bytes,   19861264 total
2016-01-06T01:06:48.088-0800: 186.751: [SoftReference, 0 refs, 0.0000470 secs]2016-01-06T01:06:48.088-0800: 186.751: [WeakReference, 0 refs, 0.0000070 secs]2016-01-06T01:06:48.088-0800: 186.751: [FinalReference, 0 refs, 0.0000060 secs]2016-01-06T01:06:48.088-0800: 186.751: [PhantomReference, 0 refs, 6184 refs, 0.0002510 secs]2016-01-06T01:06:48.088-0800: 186.751: [JNI Weak Reference, 0.0000080 secs], 0.2240000 secs]
   [Parallel Time: 3.7 ms, GC Workers: 4]
      [GC Worker Start (ms): Min: 186527.9, Avg: 186528.9, Max: 186531.5, Diff: 3.6]
      [Ext Root Scanning (ms): Min: 0.0, Avg: 0.3, Max: 0.5, Diff: 0.5, Sum: 1.3]
      [SATB Filtering (ms): Min: 0.0, Avg: 0.0, Max: 0.0, Diff: 0.0, Sum: 0.0]
      [Update RS (ms): Min: 0.0, Avg: 0.0, Max: 0.1, Diff: 0.1, Sum: 0.1]
         [Processed Buffers: Min: 0, Avg: 1.0, Max: 3, Diff: 3, Sum: 4]
      [Scan RS (ms): Min: 0.0, Avg: 0.1, Max: 0.2, Diff: 0.1, Sum: 0.3]
      [Code Root Scanning (ms): Min: 0.0, Avg: 0.0, Max: 0.0, Diff: 0.0, Sum: 0.0]
      [Object Copy (ms): Min: 0.0, Avg: 1.7, Max: 2.2, Diff: 2.2, Sum: 6.6]
      [Termination (ms): Min: 0.0, Avg: 0.6, Max: 0.8, Diff: 0.8, Sum: 2.4]
      [GC Worker Other (ms): Min: 0.0, Avg: 0.0, Max: 0.0, Diff: 0.0, Sum: 0.0]
      [GC Worker Total (ms): Min: 0.1, Avg: 2.7, Max: 3.7, Diff: 3.6, Sum: 10.9]
      [GC Worker End (ms): Min: 186531.6, Avg: 186531.6, Max: 186531.6, Diff: 0.0]
   [Code Root Fixup: 0.0 ms]
   [Code Root Migration: 0.0 ms]
   [Clear CT: 0.1 ms]
   [Other: 220.1 ms]
      [Choose CSet: 0.0 ms]
      [Ref Proc: 219.4 ms]
      [Ref Enq: 0.3 ms]
      [Free CSet: 0.3 ms]
   [Eden: 183.0M(183.0M)->0.0B(186.0M) Survivors: 21.0M->18.0M Heap: 2149.5M(4096.0M)->1964.0M(4096.0M)]
 [Times: user=0.81 sys=0.00, real=0.23 secs] 
2016-01-06T01:06:48.115-0800: 186.778: [GC pause (young)
Desired survivor size 13631488 bytes, new threshold 1 (max 15)
- age   1:   17255368 bytes,   17255368 total
2016-01-06T01:06:48.306-0800: 186.969: [SoftReference, 0 refs, 0.0000570 secs]2016-01-06T01:06:48.306-0800: 186.969: [WeakReference, 0 refs, 0.0000080 secs]2016-01-06T01:06:48.306-0800: 186.969: [FinalReference, 0 refs, 0.0000060 secs]2016-01-06T01:06:48.306-0800: 186.969: [PhantomReference, 0 refs, 6276 refs, 0.0002340 secs]2016-01-06T01:06:48.306-0800: 186.969: [JNI Weak Reference, 0.0000080 secs], 0.1918600 secs]
   [Parallel Time: 3.0 ms, GC Workers: 4]
      [GC Worker Start (ms): Min: 186778.3, Avg: 186778.4, Max: 186778.4, Diff: 0.1]
      [Ext Root Scanning (ms): Min: 0.3, Avg: 0.4, Max: 0.4, Diff: 0.1, Sum: 1.4]
      [SATB Filtering (ms): Min: 0.0, Avg: 0.0, Max: 0.0, Diff: 0.0, Sum: 0.0]
      [Update RS (ms): Min: 0.0, Avg: 0.1, Max: 0.2, Diff: 0.2, Sum: 0.3]
         [Processed Buffers: Min: 0, Avg: 0.8, Max: 1, Diff: 1, Sum: 3]
      [Scan RS (ms): Min: 0.0, Avg: 0.1, Max: 0.1, Diff: 0.1, Sum: 0.3]
      [Code Root Scanning (ms): Min: 0.0, Avg: 0.0, Max: 0.0, Diff: 0.0, Sum: 0.0]
      [Object Copy (ms): Min: 2.3, Avg: 2.3, Max: 2.4, Diff: 0.0, Sum: 9.4]
      [Termination (ms): Min: 0.0, Avg: 0.0, Max: 0.0, Diff: 0.0, Sum: 0.0]
      [GC Worker Other (ms): Min: 0.0, Avg: 0.0, Max: 0.1, Diff: 0.0, Sum: 0.1]
      [GC Worker Total (ms): Min: 2.9, Avg: 2.9, Max: 2.9, Diff: 0.1, Sum: 11.7]
      [GC Worker End (ms): Min: 186781.3, Avg: 186781.3, Max: 186781.3, Diff: 0.0]
   [Code Root Fixup: 0.0 ms]
   [Code Root Migration: 0.0 ms]
   [Clear CT: 0.1 ms]
   [Other: 188.7 ms]
      [Choose CSet: 0.0 ms]
      [Ref Proc: 188.0 ms]
      [Ref Enq: 0.3 ms]
      [Free CSet: 0.3 ms]
   [Eden: 186.0M(186.0M)->0.0B(185.0M) Survivors: 18.0M->19.0M Heap: 2150.0M(4096.0M)->1964.6M(4096.0M)]
 [Times: user=0.74 sys=0.00, real=0.20 secs] 
2016-01-06T01:06:48.334-0800: 186.997: [GC pause (young)
Desired survivor size 13631488 bytes, new threshold 1 (max 15)
- age   1:   17262064 bytes,   17262064 total
2016-01-06T01:06:48.527-0800: 187.190: [SoftReference, 0 refs, 0.0000440 secs]2016-01-06T01:06:48.528-0800: 187.190: [WeakReference, 0 refs, 0.0000070 secs]2016-01-06T01:06:48.528-0800: 187.190: [FinalReference, 0 refs, 0.0000050 secs]2016-01-06T01:06:48.528-0800: 187.190: [PhantomReference, 0 refs, 6246 refs, 0.0002350 secs]2016-01-06T01:06:48.528-0800: 187.191: [JNI Weak Reference, 0.0000080 secs], 0.1946090 secs]
   [Parallel Time: 3.0 ms, GC Workers: 4]
      [GC Worker Start (ms): Min: 186997.0, Avg: 186997.0, Max: 186997.0, Diff: 0.1]
      [Ext Root Scanning (ms): Min: 0.3, Avg: 0.4, Max: 0.4, Diff: 0.1, Sum: 1.4]
      [SATB Filtering (ms): Min: 0.0, Avg: 0.0, Max: 0.0, Diff: 0.0, Sum: 0.0]
      [Update RS (ms): Min: 0.0, Avg: 0.1, Max: 0.2, Diff: 0.2, Sum: 0.3]
         [Processed Buffers: Min: 0, Avg: 1.2, Max: 2, Diff: 2, Sum: 5]
      [Scan RS (ms): Min: 0.0, Avg: 0.1, Max: 0.1, Diff: 0.1, Sum: 0.3]
      [Code Root Scanning (ms): Min: 0.0, Avg: 0.0, Max: 0.0, Diff: 0.0, Sum: 0.0]
      [Object Copy (ms): Min: 2.3, Avg: 2.3, Max: 2.3, Diff: 0.0, Sum: 9.2]
      [Termination (ms): Min: 0.0, Avg: 0.0, Max: 0.0, Diff: 0.0, Sum: 0.0]
      [GC Worker Other (ms): Min: 0.0, Avg: 0.0, Max: 0.0, Diff: 0.0, Sum: 0.1]
      [GC Worker Total (ms): Min: 2.8, Avg: 2.9, Max: 2.9, Diff: 0.1, Sum: 11.5]
      [GC Worker End (ms): Min: 186999.9, Avg: 186999.9, Max: 186999.9, Diff: 0.0]
   [Code Root Fixup: 0.0 ms]
   [Code Root Migration: 0.0 ms]
   [Clear CT: 0.1 ms]
   [Other: 191.5 ms]
      [Choose CSet: 0.0 ms]
      [Ref Proc: 190.8 ms]
      [Ref Enq: 0.3 ms]
      [Free CSet: 0.3 ms]
   [Eden: 185.0M(185.0M)->0.0B(185.0M) Survivors: 19.0M->19.0M Heap: 2149.6M(4096.0M)->1964.6M(4096.0M)]
 [Times: user=0.74 sys=0.01, real=0.20 secs] 
2016-01-06T01:06:48.555-0800: 187.218: [GC pause (young)
Desired survivor size 13631488 bytes, new threshold 1 (max 15)
- age   1:   17259832 bytes,   17259832 total
2016-01-06T01:06:48.747-0800: 187.409: [SoftReference, 0 refs, 0.0000450 secs]2016-01-06T01:06:48.747-0800: 187.410: [WeakReference, 0 refs, 0.0000060 secs]2016-01-06T01:06:48.747-0800: 187.410: [FinalReference, 0 refs, 0.0000060 secs]2016-01-06T01:06:48.747-0800: 187.410: [PhantomReference, 0 refs, 6244 refs, 0.0002370 secs]2016-01-06T01:06:48.747-0800: 187.410: [JNI Weak Reference, 0.0000080 secs], 0.1925390 secs]
   [Parallel Time: 3.1 ms, GC Workers: 4]
      [GC Worker Start (ms): Min: 187218.1, Avg: 187218.2, Max: 187218.2, Diff: 0.1]
      [Ext Root Scanning (ms): Min: 0.3, Avg: 0.4, Max: 0.4, Diff: 0.1, Sum: 1.4]
      [SATB Filtering (ms): Min: 0.0, Avg: 0.0, Max: 0.0, Diff: 0.0, Sum: 0.0]
      [Update RS (ms): Min: 0.0, Avg: 0.1, Max: 0.2, Diff: 0.2, Sum: 0.3]
         [Processed Buffers: Min: 0, Avg: 1.2, Max: 3, Diff: 3, Sum: 5]
      [Scan RS (ms): Min: 0.0, Avg: 0.1, Max: 0.1, Diff: 0.1, Sum: 0.3]
      [Code Root Scanning (ms): Min: 0.0, Avg: 0.0, Max: 0.0, Diff: 0.0, Sum: 0.0]
      [Object Copy (ms): Min: 2.4, Avg: 2.4, Max: 2.4, Diff: 0.0, Sum: 9.5]
      [Termination (ms): Min: 0.0, Avg: 0.0, Max: 0.0, Diff: 0.0, Sum: 0.0]
      [GC Worker Other (ms): Min: 0.0, Avg: 0.0, Max: 0.0, Diff: 0.0, Sum: 0.1]
      [GC Worker Total (ms): Min: 2.9, Avg: 2.9, Max: 3.0, Diff: 0.1, Sum: 11.8]
      [GC Worker End (ms): Min: 187221.1, Avg: 187221.1, Max: 187221.1, Diff: 0.0]
   [Code Root Fixup: 0.0 ms]
   [Code Root Migration: 0.0 ms]
   [Clear CT: 0.1 ms]
   [Other: 189.3 ms]
      [Choose CSet: 0.0 ms]
      [Ref Proc: 188.6 ms]
      [Ref Enq: 0.3 ms]
      [Free CSet: 0.3 ms]
   [Eden: 185.0M(185.0M)->0.0B(185.0M) Survivors: 19.0M->19.0M Heap: 2149.6M(4096.0M)->1964.7M(4096.0M)]
 [Times: user=0.75 sys=0.00, real=0.20 secs] 
2016-01-06T01:06:48.774-0800: 187.437: [GC pause (young)
Desired survivor size 13631488 bytes, new threshold 1 (max 15)
- age   1:   17259832 bytes,   17259832 total
2016-01-06T01:06:48.965-0800: 187.628: [SoftReference, 0 refs, 0.0000510 secs]2016-01-06T01:06:48.965-0800: 187.628: [WeakReference, 0 refs, 0.0000070 secs]2016-01-06T01:06:48.965-0800: 187.628: [FinalReference, 0 refs, 0.0000060 secs]2016-01-06T01:06:48.965-0800: 187.628: [PhantomReference, 0 refs, 6246 refs, 0.0002550 secs]2016-01-06T01:06:48.965-0800: 187.628: [JNI Weak Reference, 0.0000080 secs], 0.1918730 secs]
   [Parallel Time: 3.0 ms, GC Workers: 4]
      [GC Worker Start (ms): Min: 187437.2, Avg: 187437.2, Max: 187437.2, Diff: 0.1]
      [Ext Root Scanning (ms): Min: 0.3, Avg: 0.4, Max: 0.4, Diff: 0.1, Sum: 1.4]
      [SATB Filtering (ms): Min: 0.0, Avg: 0.0, Max: 0.0, Diff: 0.0, Sum: 0.0]
      [Update RS (ms): Min: 0.0, Avg: 0.1, Max: 0.2, Diff: 0.2, Sum: 0.3]
         [Processed Buffers: Min: 0, Avg: 1.5, Max: 3, Diff: 3, Sum: 6]
      [Scan RS (ms): Min: 0.0, Avg: 0.1, Max: 0.1, Diff: 0.1, Sum: 0.3]
      [Code Root Scanning (ms): Min: 0.0, Avg: 0.0, Max: 0.0, Diff: 0.0, Sum: 0.0]
      [Object Copy (ms): Min: 2.4, Avg: 2.4, Max: 2.4, Diff: 0.0, Sum: 9.6]
      [Termination (ms): Min: 0.0, Avg: 0.0, Max: 0.0, Diff: 0.0, Sum: 0.0]
      [GC Worker Other (ms): Min: 0.0, Avg: 0.0, Max: 0.0, Diff: 0.0, Sum: 0.1]
      [GC Worker Total (ms): Min: 2.9, Avg: 2.9, Max: 3.0, Diff: 0.1, Sum: 11.8]
      [GC Worker End (ms): Min: 187440.2, Avg: 187440.2, Max: 187440.2, Diff: 0.0]
   [Code Root Fixup: 0.0 ms]
   [Code Root Migration: 0.0 ms]
   [Clear CT: 0.2 ms]
   [Other: 188.6 ms]
      [Choose CSet: 0.0 ms]
      [Ref Proc: 187.8 ms]
      [Ref Enq: 0.3 ms]
      [Free CSet: 0.4 ms]
   [Eden: 185.0M(185.0M)->0.0B(254.0M) Survivors: 19.0M->19.0M Heap: 2149.7M(4096.0M)->1964.7M(4096.0M)]
 [Times: user=0.74 sys=0.00, real=0.20 secs] 
2016-01-06T01:06:49.005-0800: 187.668: [GC pause (young)
Desired survivor size 18350080 bytes, new threshold 15 (max 15)
- age   1:   17259832 bytes,   17259832 total
2016-01-06T01:06:49.198-0800: 187.861: [SoftReference, 0 refs, 0.0000440 secs]2016-01-06T01:06:49.198-0800: 187.861: [WeakReference, 0 refs, 0.0000060 secs]2016-01-06T01:06:49.198-0800: 187.861: [FinalReference, 0 refs, 0.0000050 secs]2016-01-06T01:06:49.198-0800: 187.861: [PhantomReference, 0 refs, 8385 refs, 0.0003030 secs]2016-01-06T01:06:49.198-0800: 187.861: [JNI Weak Reference, 0.0000080 secs], 0.1937910 secs]
   [Parallel Time: 3.8 ms, GC Workers: 4]
      [GC Worker Start (ms): Min: 187668.3, Avg: 187669.2, Max: 187671.9, Diff: 3.6]
      [Ext Root Scanning (ms): Min: 0.0, Avg: 0.3, Max: 0.4, Diff: 0.4, Sum: 1.3]
      [SATB Filtering (ms): Min: 0.0, Avg: 0.0, Max: 0.0, Diff: 0.0, Sum: 0.0]
      [Update RS (ms): Min: 0.0, Avg: 0.1, Max: 0.1, Diff: 0.1, Sum: 0.2]
         [Processed Buffers: Min: 0, Avg: 1.2, Max: 3, Diff: 3, Sum: 5]
      [Scan RS (ms): Min: 0.0, Avg: 0.1, Max: 0.1, Diff: 0.1, Sum: 0.4]
      [Code Root Scanning (ms): Min: 0.0, Avg: 0.0, Max: 0.0, Diff: 0.0, Sum: 0.1]
      [Object Copy (ms): Min: 0.0, Avg: 1.9, Max: 2.5, Diff: 2.5, Sum: 7.5]
      [Termination (ms): Min: 0.0, Avg: 0.4, Max: 0.5, Diff: 0.5, Sum: 1.5]
      [GC Worker Other (ms): Min: 0.0, Avg: 0.0, Max: 0.0, Diff: 0.0, Sum: 0.0]
      [GC Worker Total (ms): Min: 0.1, Avg: 2.8, Max: 3.7, Diff: 3.6, Sum: 11.1]
      [GC Worker End (ms): Min: 187672.0, Avg: 187672.0, Max: 187672.0, Diff: 0.0]
   [Code Root Fixup: 0.0 ms]
   [Code Root Migration: 0.0 ms]
   [Clear CT: 0.2 ms]
   [Other: 189.8 ms]
      [Choose CSet: 0.0 ms]
      [Ref Proc: 188.9 ms]
      [Ref Enq: 0.4 ms]
      [Free CSet: 0.4 ms]
   [Eden: 254.0M(254.0M)->0.0B(779.0M) Survivors: 19.0M->19.0M Heap: 2218.7M(4096.0M)->1964.7M(4096.0M)]
 [Times: user=0.74 sys=0.00, real=0.19 secs] 
2016-01-06T01:06:49.316-0800: 187.979: [GC pause (young)
Desired survivor size 52428800 bytes, new threshold 15 (max 15)
- age   1:   17413840 bytes,   17413840 total
- age   2:      36864 bytes,   17450704 total
2016-01-06T01:06:49.507-0800: 188.170: [SoftReference, 0 refs, 0.0000420 secs]2016-01-06T01:06:49.507-0800: 188.170: [WeakReference, 0 refs, 0.0000070 secs]2016-01-06T01:06:49.507-0800: 188.170: [FinalReference, 0 refs, 0.0000060 secs]2016-01-06T01:06:49.507-0800: 188.170: [PhantomReference, 0 refs, 24659 refs, 0.0008480 secs]2016-01-06T01:06:49.508-0800: 188.171: [JNI Weak Reference, 0.0000080 secs], 0.1945400 secs]
   [Parallel Time: 5.8 ms, GC Workers: 4]
      [GC Worker Start (ms): Min: 187978.6, Avg: 187978.7, Max: 187978.7, Diff: 0.1]
      [Ext Root Scanning (ms): Min: 0.3, Avg: 0.4, Max: 0.4, Diff: 0.1, Sum: 1.4]
      [SATB Filtering (ms): Min: 0.0, Avg: 0.0, Max: 0.0, Diff: 0.0, Sum: 0.0]
      [Update RS (ms): Min: 0.0, Avg: 0.1, Max: 0.2, Diff: 0.2, Sum: 0.2]
         [Processed Buffers: Min: 0, Avg: 1.0, Max: 2, Diff: 2, Sum: 4]
      [Scan RS (ms): Min: 0.3, Avg: 0.4, Max: 0.4, Diff: 0.1, Sum: 1.4]
      [Code Root Scanning (ms): Min: 0.0, Avg: 0.0, Max: 0.1, Diff: 0.0, Sum: 0.2]
      [Object Copy (ms): Min: 4.8, Avg: 4.8, Max: 4.8, Diff: 0.0, Sum: 19.2]
      [Termination (ms): Min: 0.0, Avg: 0.0, Max: 0.0, Diff: 0.0, Sum: 0.0]
      [GC Worker Other (ms): Min: 0.0, Avg: 0.0, Max: 0.1, Diff: 0.0, Sum: 0.1]
      [GC Worker Total (ms): Min: 5.6, Avg: 5.7, Max: 5.7, Diff: 0.1, Sum: 22.6]
      [GC Worker End (ms): Min: 187984.3, Avg: 187984.3, Max: 187984.3, Diff: 0.0]
   [Code Root Fixup: 0.0 ms]
   [Code Root Migration: 0.1 ms]
   [Clear CT: 0.2 ms]
   [Other: 188.4 ms]
      [Choose CSet: 0.0 ms]
      [Ref Proc: 186.2 ms]
      [Ref Enq: 1.1 ms]
      [Free CSet: 1.0 ms]
   [Eden: 779.0M(779.0M)->0.0B(1132.0M) Survivors: 19.0M->20.0M Heap: 2743.7M(4096.0M)->1966.2M(4096.0M)]
 [Times: user=0.67 sys=0.00, real=0.20 secs] 
2016-01-06T01:06:49.671-0800: 188.334: [GC pause (young)
Desired survivor size 75497472 bytes, new threshold 15 (max 15)
- age   1:   18585640 bytes,   18585640 total
- age   2:      36864 bytes,   18622504 total
2016-01-06T01:06:49.866-0800: 188.529: [SoftReference, 0 refs, 0.0000500 secs]2016-01-06T01:06:49.867-0800: 188.529: [WeakReference, 0 refs, 0.0000070 secs]2016-01-06T01:06:49.867-0800: 188.529: [FinalReference, 0 refs, 0.0000050 secs]2016-01-06T01:06:49.867-0800: 188.529: [PhantomReference, 0 refs, 35603 refs, 0.0011970 secs]2016-01-06T01:06:49.868-0800: 188.531: [JNI Weak Reference, 0.0000080 secs], 0.2002790 secs]
   [Parallel Time: 8.0 ms, GC Workers: 4]
      [GC Worker Start (ms): Min: 188333.9, Avg: 188334.5, Max: 188336.2, Diff: 2.3]
      [Ext Root Scanning (ms): Min: 0.0, Avg: 0.3, Max: 0.5, Diff: 0.5, Sum: 1.3]
      [SATB Filtering (ms): Min: 0.0, Avg: 0.0, Max: 0.0, Diff: 0.0, Sum: 0.0]
      [Update RS (ms): Min: 0.0, Avg: 0.0, Max: 0.1, Diff: 0.1, Sum: 0.1]
         [Processed Buffers: Min: 0, Avg: 1.0, Max: 2, Diff: 2, Sum: 4]
      [Scan RS (ms): Min: 0.1, Avg: 0.5, Max: 0.6, Diff: 0.5, Sum: 1.9]
      [Code Root Scanning (ms): Min: 0.0, Avg: 0.1, Max: 0.1, Diff: 0.1, Sum: 0.2]
      [Object Copy (ms): Min: 5.5, Avg: 6.4, Max: 6.7, Diff: 1.2, Sum: 25.5]
      [Termination (ms): Min: 0.0, Avg: 0.0, Max: 0.0, Diff: 0.0, Sum: 0.0]
      [GC Worker Other (ms): Min: 0.0, Avg: 0.0, Max: 0.1, Diff: 0.0, Sum: 0.2]
      [GC Worker Total (ms): Min: 5.6, Avg: 7.3, Max: 7.9, Diff: 2.3, Sum: 29.3]
      [GC Worker End (ms): Min: 188341.8, Avg: 188341.8, Max: 188341.9, Diff: 0.0]
   [Code Root Fixup: 0.0 ms]
   [Code Root Migration: 0.2 ms]
   [Clear CT: 0.3 ms]
   [Other: 191.8 ms]
      [Choose CSet: 0.0 ms]
      [Ref Proc: 188.8 ms]
      [Ref Enq: 1.6 ms]
      [Free CSet: 1.3 ms]
   [Eden: 1132.0M(1132.0M)->0.0B(196.0M) Survivors: 20.0M->8192.0K Heap: 3098.2M(4096.0M)->1954.2M(4096.0M)]
 [Times: user=0.77 sys=0.00, real=0.20 secs] 
2016-01-06T01:06:49.901-0800: 188.564: [GC pause (young)
Desired survivor size 13631488 bytes, new threshold 15 (max 15)
- age   1:    7127200 bytes,    7127200 total
- age   2:      36864 bytes,    7164064 total
2016-01-06T01:06:50.117-0800: 188.780: [SoftReference, 0 refs, 0.0000450 secs]2016-01-06T01:06:50.117-0800: 188.780: [WeakReference, 0 refs, 0.0000070 secs]2016-01-06T01:06:50.117-0800: 188.780: [FinalReference, 0 refs, 0.0000050 secs]2016-01-06T01:06:50.117-0800: 188.780: [PhantomReference, 0 refs, 6587 refs, 0.0002370 secs]2016-01-06T01:06:50.118-0800: 188.780: [JNI Weak Reference, 0.0000220 secs], 0.2170070 secs]
   [Parallel Time: 3.0 ms, GC Workers: 4]
      [GC Worker Start (ms): Min: 188564.3, Avg: 188564.4, Max: 188564.4, Diff: 0.1]
      [Ext Root Scanning (ms): Min: 0.3, Avg: 0.4, Max: 0.4, Diff: 0.0, Sum: 1.4]
      [SATB Filtering (ms): Min: 0.0, Avg: 0.0, Max: 0.0, Diff: 0.0, Sum: 0.0]
      [Update RS (ms): Min: 0.0, Avg: 0.1, Max: 0.2, Diff: 0.2, Sum: 0.2]
         [Processed Buffers: Min: 0, Avg: 1.2, Max: 3, Diff: 3, Sum: 5]
      [Scan RS (ms): Min: 0.0, Avg: 0.1, Max: 0.1, Diff: 0.1, Sum: 0.3]
      [Code Root Scanning (ms): Min: 0.0, Avg: 0.0, Max: 0.0, Diff: 0.0, Sum: 0.0]
      [Object Copy (ms): Min: 2.3, Avg: 2.3, Max: 2.4, Diff: 0.0, Sum: 9.4]
      [Termination (ms): Min: 0.0, Avg: 0.0, Max: 0.0, Diff: 0.0, Sum: 0.0]
      [GC Worker Other (ms): Min: 0.0, Avg: 0.0, Max: 0.0, Diff: 0.0, Sum: 0.1]
      [GC Worker Total (ms): Min: 2.9, Avg: 2.9, Max: 2.9, Diff: 0.1, Sum: 11.5]
      [GC Worker End (ms): Min: 188567.2, Avg: 188567.3, Max: 188567.3, Diff: 0.0]
   [Code Root Fixup: 0.0 ms]
   [Code Root Migration: 0.0 ms]
   [Clear CT: 0.2 ms]
   [Other: 213.8 ms]
      [Choose CSet: 0.0 ms]
      [Ref Proc: 213.2 ms]
      [Ref Enq: 0.3 ms]
      [Free CSet: 0.3 ms]
   [Eden: 196.0M(196.0M)->0.0B(185.0M) Survivors: 8192.0K->19.0M Heap: 2150.2M(4096.0M)->1964.7M(4096.0M)]
 [Times: user=0.74 sys=0.01, real=0.22 secs] 
2016-01-06T01:06:50.145-0800: 188.808: [GC pause (young)
Desired survivor size 13631488 bytes, new threshold 1 (max 15)
- age   1:   17284384 bytes,   17284384 total
- age   2:      36864 bytes,   17321248 total
2016-01-06T01:06:50.337-0800: 189.000: [SoftReference, 0 refs, 0.0000440 secs]2016-01-06T01:06:50.338-0800: 189.000: [WeakReference, 0 refs, 0.0000070 secs]2016-01-06T01:06:50.338-0800: 189.000: [FinalReference, 0 refs, 0.0000060 secs]2016-01-06T01:06:50.338-0800: 189.000: [PhantomReference, 0 refs, 6246 refs, 0.0002560 secs]2016-01-06T01:06:50.338-0800: 189.001: [JNI Weak Reference, 0.0000080 secs], 0.1939930 secs]
   [Parallel Time: 2.9 ms, GC Workers: 4]
      [GC Worker Start (ms): Min: 188807.6, Avg: 188807.7, Max: 188807.9, Diff: 0.3]
      [Ext Root Scanning (ms): Min: 0.2, Avg: 0.3, Max: 0.4, Diff: 0.3, Sum: 1.4]
      [SATB Filtering (ms): Min: 0.0, Avg: 0.0, Max: 0.0, Diff: 0.0, Sum: 0.0]
      [Update RS (ms): Min: 0.0, Avg: 0.1, Max: 0.2, Diff: 0.2, Sum: 0.2]
         [Processed Buffers: Min: 0, Avg: 1.0, Max: 3, Diff: 3, Sum: 4]
      [Scan RS (ms): Min: 0.0, Avg: 0.1, Max: 0.1, Diff: 0.1, Sum: 0.4]
      [Code Root Scanning (ms): Min: 0.0, Avg: 0.0, Max: 0.0, Diff: 0.0, Sum: 0.0]
      [Object Copy (ms): Min: 2.1, Avg: 2.2, Max: 2.2, Diff: 0.1, Sum: 8.7]
      [Termination (ms): Min: 0.0, Avg: 0.0, Max: 0.0, Diff: 0.0, Sum: 0.0]
      [GC Worker Other (ms): Min: 0.0, Avg: 0.0, Max: 0.1, Diff: 0.0, Sum: 0.1]
      [GC Worker Total (ms): Min: 2.5, Avg: 2.7, Max: 2.8, Diff: 0.3, Sum: 10.9]
      [GC Worker End (ms): Min: 188810.4, Avg: 188810.4, Max: 188810.4, Diff: 0.0]
   [Code Root Fixup: 0.0 ms]
   [Code Root Migration: 0.0 ms]
   [Clear CT: 0.1 ms]
   [Other: 191.0 ms]
      [Choose CSet: 0.0 ms]
      [Ref Proc: 190.3 ms]
      [Ref Enq: 0.3 ms]
      [Free CSet: 0.3 ms]
   [Eden: 185.0M(185.0M)->0.0B(185.0M) Survivors: 19.0M->19.0M Heap: 2149.7M(4096.0M)->1964.7M(4096.0M)]
 [Times: user=0.74 sys=0.01, real=0.20 secs] 
2016-01-06T01:06:50.365-0800: 189.028: [GC pause (young)
Desired survivor size 13631488 bytes, new threshold 1 (max 15)
- age   1:   17259832 bytes,   17259832 total
2016-01-06T01:06:50.559-0800: 189.222: [SoftReference, 0 refs, 0.0000440 secs]2016-01-06T01:06:50.559-0800: 189.222: [WeakReference, 0 refs, 0.0000060 secs]2016-01-06T01:06:50.559-0800: 189.222: [FinalReference, 0 refs, 0.0000060 secs]2016-01-06T01:06:50.559-0800: 189.222: [PhantomReference, 0 refs, 6246 refs, 0.0002350 secs]2016-01-06T01:06:50.560-0800: 189.223: [JNI Weak Reference, 0.0000080 secs], 0.1950570 secs]
   [Parallel Time: 3.3 ms, GC Workers: 4]
      [GC Worker Start (ms): Min: 189028.4, Avg: 189028.4, Max: 189028.4, Diff: 0.1]
      [Ext Root Scanning (ms): Min: 0.3, Avg: 0.4, Max: 0.4, Diff: 0.1, Sum: 1.4]
      [SATB Filtering (ms): Min: 0.0, Avg: 0.0, Max: 0.0, Diff: 0.0, Sum: 0.0]
      [Update RS (ms): Min: 0.0, Avg: 0.1, Max: 0.2, Diff: 0.2, Sum: 0.3]
         [Processed Buffers: Min: 0, Avg: 1.2, Max: 3, Diff: 3, Sum: 5]
      [Scan RS (ms): Min: 0.0, Avg: 0.1, Max: 0.1, Diff: 0.1, Sum: 0.3]
      [Code Root Scanning (ms): Min: 0.0, Avg: 0.0, Max: 0.0, Diff: 0.0, Sum: 0.0]
      [Object Copy (ms): Min: 2.4, Avg: 2.4, Max: 2.6, Diff: 0.3, Sum: 9.8]
      [Termination (ms): Min: 0.0, Avg: 0.2, Max: 0.3, Diff: 0.3, Sum: 0.8]
      [GC Worker Other (ms): Min: 0.0, Avg: 0.0, Max: 0.0, Diff: 0.0, Sum: 0.0]
      [GC Worker Total (ms): Min: 3.1, Avg: 3.2, Max: 3.2, Diff: 0.1, Sum: 12.7]
      [GC Worker End (ms): Min: 189031.6, Avg: 189031.6, Max: 189031.6, Diff: 0.0]
   [Code Root Fixup: 0.0 ms]
   [Code Root Migration: 0.0 ms]
   [Clear CT: 0.2 ms]
   [Other: 191.5 ms]
      [Choose CSet: 0.0 ms]
      [Ref Proc: 190.9 ms]
      [Ref Enq: 0.3 ms]
      [Free CSet: 0.3 ms]
   [Eden: 185.0M(185.0M)->0.0B(185.0M) Survivors: 19.0M->19.0M Heap: 2149.7M(4096.0M)->1964.8M(4096.0M)]
 [Times: user=0.75 sys=0.00, real=0.19 secs] 
2016-01-06T01:06:50.589-0800: 189.252: [GC pause (young)
Desired survivor size 13631488 bytes, new threshold 1 (max 15)
- age   1:   17259832 bytes,   17259832 total
2016-01-06T01:06:50.779-0800: 189.442: [SoftReference, 0 refs, 0.0000460 secs]2016-01-06T01:06:50.779-0800: 189.442: [WeakReference, 0 refs, 0.0000080 secs]2016-01-06T01:06:50.779-0800: 189.442: [FinalReference, 0 refs, 0.0000050 secs]2016-01-06T01:06:50.779-0800: 189.442: [PhantomReference, 0 refs, 6246 refs, 0.0002450 secs]2016-01-06T01:06:50.779-0800: 189.442: [JNI Weak Reference, 0.0000070 secs], 0.1911640 secs]
   [Parallel Time: 2.9 ms, GC Workers: 4]
      [GC Worker Start (ms): Min: 189252.1, Avg: 189252.1, Max: 189252.2, Diff: 0.1]
      [Ext Root Scanning (ms): Min: 0.3, Avg: 0.4, Max: 0.4, Diff: 0.1, Sum: 1.4]
      [SATB Filtering (ms): Min: 0.0, Avg: 0.0, Max: 0.0, Diff: 0.0, Sum: 0.0]
      [Update RS (ms): Min: 0.0, Avg: 0.1, Max: 0.2, Diff: 0.2, Sum: 0.3]
         [Processed Buffers: Min: 0, Avg: 1.2, Max: 3, Diff: 3, Sum: 5]
      [Scan RS (ms): Min: 0.0, Avg: 0.1, Max: 0.1, Diff: 0.1, Sum: 0.3]
      [Code Root Scanning (ms): Min: 0.0, Avg: 0.0, Max: 0.0, Diff: 0.0, Sum: 0.0]
      [Object Copy (ms): Min: 2.2, Avg: 2.3, Max: 2.3, Diff: 0.0, Sum: 9.1]
      [Termination (ms): Min: 0.0, Avg: 0.0, Max: 0.0, Diff: 0.0, Sum: 0.0]
      [GC Worker Other (ms): Min: 0.0, Avg: 0.0, Max: 0.0, Diff: 0.0, Sum: 0.1]
      [GC Worker Total (ms): Min: 2.8, Avg: 2.8, Max: 2.9, Diff: 0.1, Sum: 11.3]
      [GC Worker End (ms): Min: 189255.0, Avg: 189255.0, Max: 189255.0, Diff: 0.0]
   [Code Root Fixup: 0.0 ms]
   [Code Root Migration: 0.0 ms]
   [Clear CT: 0.1 ms]
   [Other: 188.1 ms]
      [Choose CSet: 0.0 ms]
      [Ref Proc: 187.2 ms]
      [Ref Enq: 0.3 ms]
      [Free CSet: 0.5 ms]
   [Eden: 185.0M(185.0M)->0.0B(185.0M) Survivors: 19.0M->19.0M Heap: 2149.8M(4096.0M)->1964.8M(4096.0M)]
 [Times: user=0.75 sys=0.00, real=0.19 secs] 
2016-01-06T01:06:50.809-0800: 189.472: [GC pause (young)
Desired survivor size 13631488 bytes, new threshold 1 (max 15)
- age   1:   17259832 bytes,   17259832 total
2016-01-06T01:06:51.003-0800: 189.666: [SoftReference, 0 refs, 0.0000440 secs]2016-01-06T01:06:51.003-0800: 189.666: [WeakReference, 0 refs, 0.0000060 secs]2016-01-06T01:06:51.003-0800: 189.666: [FinalReference, 0 refs, 0.0000050 secs]2016-01-06T01:06:51.003-0800: 189.666: [PhantomReference, 0 refs, 6243 refs, 0.0002360 secs]2016-01-06T01:06:51.003-0800: 189.666: [JNI Weak Reference, 0.0000070 secs], 0.1952990 secs]
   [Parallel Time: 2.9 ms, GC Workers: 4]
      [GC Worker Start (ms): Min: 189472.0, Avg: 189472.0, Max: 189472.1, Diff: 0.1]
      [Ext Root Scanning (ms): Min: 0.3, Avg: 0.4, Max: 0.4, Diff: 0.0, Sum: 1.4]
      [SATB Filtering (ms): Min: 0.0, Avg: 0.0, Max: 0.0, Diff: 0.0, Sum: 0.0]
      [Update RS (ms): Min: 0.0, Avg: 0.1, Max: 0.2, Diff: 0.2, Sum: 0.3]
         [Processed Buffers: Min: 0, Avg: 1.2, Max: 3, Diff: 3, Sum: 5]
      [Scan RS (ms): Min: 0.0, Avg: 0.1, Max: 0.1, Diff: 0.1, Sum: 0.4]
      [Code Root Scanning (ms): Min: 0.0, Avg: 0.0, Max: 0.0, Diff: 0.0, Sum: 0.0]
      [Object Copy (ms): Min: 2.3, Avg: 2.3, Max: 2.3, Diff: 0.0, Sum: 9.1]
      [Termination (ms): Min: 0.0, Avg: 0.0, Max: 0.0, Diff: 0.0, Sum: 0.0]
      [GC Worker Other (ms): Min: 0.0, Avg: 0.0, Max: 0.0, Diff: 0.0, Sum: 0.1]
      [GC Worker Total (ms): Min: 2.8, Avg: 2.8, Max: 2.9, Diff: 0.1, Sum: 11.4]
      [GC Worker End (ms): Min: 189474.9, Avg: 189474.9, Max: 189474.9, Diff: 0.0]
   [Code Root Fixup: 0.0 ms]
   [Code Root Migration: 0.0 ms]
   [Clear CT: 0.1 ms]
   [Other: 192.2 ms]
      [Choose CSet: 0.0 ms]
      [Ref Proc: 191.5 ms]
      [Ref Enq: 0.3 ms]
      [Free CSet: 0.3 ms]
   [Eden: 185.0M(185.0M)->0.0B(251.0M) Survivors: 19.0M->19.0M Heap: 2149.8M(4096.0M)->1965.4M(4096.0M)]
 [Times: user=0.75 sys=0.01, real=0.19 secs] 
2016-01-06T01:06:51.045-0800: 189.708: [GC pause (young)
Desired survivor size 17825792 bytes, new threshold 15 (max 15)
- age   1:   17259832 bytes,   17259832 total
2016-01-06T01:06:51.242-0800: 189.905: [SoftReference, 0 refs, 0.0000460 secs]2016-01-06T01:06:51.243-0800: 189.905: [WeakReference, 0 refs, 0.0000070 secs]2016-01-06T01:06:51.243-0800: 189.905: [FinalReference, 0 refs, 0.0000060 secs]2016-01-06T01:06:51.243-0800: 189.905: [PhantomReference, 0 refs, 8292 refs, 0.0003040 secs]2016-01-06T01:06:51.243-0800: 189.906: [JNI Weak Reference, 0.0000080 secs], 0.1989810 secs]
   [Parallel Time: 6.3 ms, GC Workers: 4]
      [GC Worker Start (ms): Min: 189707.9, Avg: 189709.2, Max: 189713.0, Diff: 5.1]
      [Ext Root Scanning (ms): Min: 0.0, Avg: 1.1, Max: 3.0, Diff: 3.0, Sum: 4.3]
      [SATB Filtering (ms): Min: 0.0, Avg: 0.0, Max: 0.0, Diff: 0.0, Sum: 0.0]
      [Update RS (ms): Min: 0.0, Avg: 0.1, Max: 0.2, Diff: 0.2, Sum: 0.3]
         [Processed Buffers: Min: 0, Avg: 1.5, Max: 5, Diff: 5, Sum: 6]
      [Scan RS (ms): Min: 0.0, Avg: 0.1, Max: 0.2, Diff: 0.2, Sum: 0.5]
      [Code Root Scanning (ms): Min: 0.0, Avg: 0.0, Max: 0.0, Diff: 0.0, Sum: 0.1]
      [Object Copy (ms): Min: 1.0, Avg: 3.5, Max: 5.0, Diff: 4.0, Sum: 14.1]
      [Termination (ms): Min: 0.0, Avg: 0.1, Max: 0.1, Diff: 0.1, Sum: 0.4]
      [GC Worker Other (ms): Min: 0.0, Avg: 0.0, Max: 0.0, Diff: 0.0, Sum: 0.0]
      [GC Worker Total (ms): Min: 1.1, Avg: 4.9, Max: 6.2, Diff: 5.1, Sum: 19.7]
      [GC Worker End (ms): Min: 189714.2, Avg: 189714.2, Max: 189714.2, Diff: 0.0]
   [Code Root Fixup: 0.0 ms]
   [Code Root Migration: 0.0 ms]
   [Clear CT: 0.1 ms]
   [Other: 192.5 ms]
      [Choose CSet: 0.0 ms]
      [Ref Proc: 191.6 ms]
      [Ref Enq: 0.4 ms]
      [Free CSet: 0.4 ms]
   [Eden: 251.0M(251.0M)->0.0B(210.0M) Survivors: 19.0M->19.0M Heap: 2216.4M(4096.0M)->1964.9M(4096.0M)]
 [Times: user=0.76 sys=0.00, real=0.20 secs] 
2016-01-06T01:06:51.276-0800: 189.939: [GC pause (young)
Desired survivor size 15204352 bytes, new threshold 1 (max 15)
- age   1:   17407144 bytes,   17407144 total
- age   2:      36864 bytes,   17444008 total
2016-01-06T01:06:51.489-0800: 190.152: [SoftReference, 0 refs, 0.0000500 secs]2016-01-06T01:06:51.489-0800: 190.152: [WeakReference, 0 refs, 0.0000070 secs]2016-01-06T01:06:51.489-0800: 190.152: [FinalReference, 0 refs, 0.0000050 secs]2016-01-06T01:06:51.489-0800: 190.152: [PhantomReference, 0 refs, 7021 refs, 0.0002810 secs]2016-01-06T01:06:51.489-0800: 190.152: [JNI Weak Reference, 0.0000070 secs], 0.2143480 secs]
   [Parallel Time: 3.3 ms, GC Workers: 4]
      [GC Worker Start (ms): Min: 189939.1, Avg: 189939.3, Max: 189939.9, Diff: 0.8]
      [Ext Root Scanning (ms): Min: 0.0, Avg: 0.3, Max: 0.5, Diff: 0.4, Sum: 1.3]
      [SATB Filtering (ms): Min: 0.0, Avg: 0.0, Max: 0.0, Diff: 0.0, Sum: 0.0]
      [Update RS (ms): Min: 0.0, Avg: 0.0, Max: 0.1, Diff: 0.1, Sum: 0.1]
         [Processed Buffers: Min: 0, Avg: 1.0, Max: 3, Diff: 3, Sum: 4]
      [Scan RS (ms): Min: 0.0, Avg: 0.1, Max: 0.1, Diff: 0.1, Sum: 0.4]
      [Code Root Scanning (ms): Min: 0.0, Avg: 0.0, Max: 0.0, Diff: 0.0, Sum: 0.0]
      [Object Copy (ms): Min: 2.3, Avg: 2.5, Max: 2.6, Diff: 0.3, Sum: 10.0]
      [Termination (ms): Min: 0.0, Avg: 0.0, Max: 0.0, Diff: 0.0, Sum: 0.0]
      [GC Worker Other (ms): Min: 0.0, Avg: 0.0, Max: 0.0, Diff: 0.0, Sum: 0.1]
      [GC Worker Total (ms): Min: 2.4, Avg: 3.0, Max: 3.2, Diff: 0.8, Sum: 11.9]
      [GC Worker End (ms): Min: 189942.3, Avg: 189942.3, Max: 189942.3, Diff: 0.0]
   [Code Root Fixup: 0.0 ms]
   [Code Root Migration: 0.0 ms]
   [Clear CT: 0.1 ms]
   [Other: 210.9 ms]
      [Choose CSet: 0.0 ms]
      [Ref Proc: 210.1 ms]
      [Ref Enq: 0.3 ms]
      [Free CSet: 0.4 ms]
   [Eden: 210.0M(210.0M)->0.0B(185.0M) Survivors: 19.0M->19.0M Heap: 2174.9M(4096.0M)->1964.9M(4096.0M)]
 [Times: user=0.74 sys=0.00, real=0.22 secs] 
2016-01-06T01:06:51.519-0800: 190.182: [GC pause (young)
Desired survivor size 13631488 bytes, new threshold 1 (max 15)
- age   1:   17315632 bytes,   17315632 total
2016-01-06T01:06:51.718-0800: 190.381: [SoftReference, 0 refs, 0.0000500 secs]2016-01-06T01:06:51.718-0800: 190.381: [WeakReference, 0 refs, 0.0000080 secs]2016-01-06T01:06:51.718-0800: 190.381: [FinalReference, 0 refs, 0.0000050 secs]2016-01-06T01:06:51.718-0800: 190.381: [PhantomReference, 0 refs, 6241 refs, 0.0002420 secs]2016-01-06T01:06:51.718-0800: 190.381: [JNI Weak Reference, 0.0000080 secs], 0.2000600 secs]
   [Parallel Time: 3.1 ms, GC Workers: 4]
      [GC Worker Start (ms): Min: 190182.1, Avg: 190182.2, Max: 190182.2, Diff: 0.1]
      [Ext Root Scanning (ms): Min: 0.3, Avg: 0.4, Max: 0.4, Diff: 0.1, Sum: 1.4]
      [SATB Filtering (ms): Min: 0.0, Avg: 0.0, Max: 0.0, Diff: 0.0, Sum: 0.0]
      [Update RS (ms): Min: 0.1, Avg: 0.1, Max: 0.1, Diff: 0.0, Sum: 0.3]
         [Processed Buffers: Min: 1, Avg: 1.2, Max: 2, Diff: 1, Sum: 5]
      [Scan RS (ms): Min: 0.1, Avg: 0.1, Max: 0.1, Diff: 0.0, Sum: 0.4]
      [Code Root Scanning (ms): Min: 0.0, Avg: 0.0, Max: 0.0, Diff: 0.0, Sum: 0.0]
      [Object Copy (ms): Min: 2.3, Avg: 2.4, Max: 2.4, Diff: 0.0, Sum: 9.4]
      [Termination (ms): Min: 0.0, Avg: 0.0, Max: 0.0, Diff: 0.0, Sum: 0.0]
      [GC Worker Other (ms): Min: 0.0, Avg: 0.0, Max: 0.0, Diff: 0.0, Sum: 0.1]
      [GC Worker Total (ms): Min: 2.9, Avg: 2.9, Max: 3.0, Diff: 0.0, Sum: 11.7]
      [GC Worker End (ms): Min: 190185.1, Avg: 190185.1, Max: 190185.1, Diff: 0.0]
   [Code Root Fixup: 0.0 ms]
   [Code Root Migration: 0.0 ms]
   [Clear CT: 0.1 ms]
   [Other: 196.8 ms]
      [Choose CSet: 0.0 ms]
      [Ref Proc: 196.1 ms]
      [Ref Enq: 0.3 ms]
      [Free CSet: 0.4 ms]
   [Eden: 185.0M(185.0M)->0.0B(185.0M) Survivors: 19.0M->19.0M Heap: 2149.9M(4096.0M)->1965.0M(4096.0M)]
 [Times: user=0.77 sys=0.00, real=0.20 secs] 
2016-01-06T01:06:51.748-0800: 190.411: [GC pause (young)
Desired survivor size 13631488 bytes, new threshold 1 (max 15)
- age   1:   17259832 bytes,   17259832 total
2016-01-06T01:06:51.940-0800: 190.603: [SoftReference, 0 refs, 0.0000540 secs]2016-01-06T01:06:51.941-0800: 190.603: [WeakReference, 0 refs, 0.0000080 secs]2016-01-06T01:06:51.941-0800: 190.603: [FinalReference, 0 refs, 0.0000060 secs]2016-01-06T01:06:51.941-0800: 190.603: [PhantomReference, 0 refs, 6242 refs, 0.0002290 secs]2016-01-06T01:06:51.941-0800: 190.604: [JNI Weak Reference, 0.0000080 secs], 0.1936220 secs]
   [Parallel Time: 3.0 ms, GC Workers: 4]
      [GC Worker Start (ms): Min: 190411.0, Avg: 190411.0, Max: 190411.0, Diff: 0.1]
      [Ext Root Scanning (ms): Min: 0.3, Avg: 0.4, Max: 0.4, Diff: 0.1, Sum: 1.4]
      [SATB Filtering (ms): Min: 0.0, Avg: 0.0, Max: 0.0, Diff: 0.0, Sum: 0.0]
      [Update RS (ms): Min: 0.0, Avg: 0.1, Max: 0.1, Diff: 0.1, Sum: 0.3]
         [Processed Buffers: Min: 1, Avg: 1.2, Max: 2, Diff: 1, Sum: 5]
      [Scan RS (ms): Min: 0.0, Avg: 0.1, Max: 0.1, Diff: 0.1, Sum: 0.4]
      [Code Root Scanning (ms): Min: 0.0, Avg: 0.0, Max: 0.0, Diff: 0.0, Sum: 0.0]
      [Object Copy (ms): Min: 2.3, Avg: 2.3, Max: 2.3, Diff: 0.0, Sum: 9.2]
      [Termination (ms): Min: 0.0, Avg: 0.0, Max: 0.0, Diff: 0.0, Sum: 0.0]
      [GC Worker Other (ms): Min: 0.0, Avg: 0.0, Max: 0.0, Diff: 0.0, Sum: 0.1]
      [GC Worker Total (ms): Min: 2.8, Avg: 2.9, Max: 2.9, Diff: 0.1, Sum: 11.5]
      [GC Worker End (ms): Min: 190413.9, Avg: 190413.9, Max: 190413.9, Diff: 0.0]
   [Code Root Fixup: 0.0 ms]
   [Code Root Migration: 0.0 ms]
   [Clear CT: 0.1 ms]
   [Other: 190.5 ms]
      [Choose CSet: 0.0 ms]
      [Ref Proc: 189.8 ms]
      [Ref Enq: 0.3 ms]
      [Free CSet: 0.3 ms]
   [Eden: 185.0M(185.0M)->0.0B(185.0M) Survivors: 19.0M->19.0M Heap: 2150.0M(4096.0M)->1965.0M(4096.0M)]
 [Times: user=0.73 sys=0.02, real=0.19 secs] 
2016-01-06T01:06:51.972-0800: 190.635: [GC pause (young)
Desired survivor size 13631488 bytes, new threshold 1 (max 15)
- age   1:   17259832 bytes,   17259832 total
2016-01-06T01:06:52.183-0800: 190.846: [SoftReference, 0 refs, 0.0000410 secs]2016-01-06T01:06:52.183-0800: 190.846: [WeakReference, 0 refs, 0.0000060 secs]2016-01-06T01:06:52.183-0800: 190.846: [FinalReference, 0 refs, 0.0000060 secs]2016-01-06T01:06:52.183-0800: 190.846: [PhantomReference, 0 refs, 6245 refs, 0.0002400 secs]2016-01-06T01:06:52.183-0800: 190.846: [JNI Weak Reference, 0.0000080 secs], 0.2120140 secs]
   [Parallel Time: 11.2 ms, GC Workers: 4]
      [GC Worker Start (ms): Min: 190634.9, Avg: 190639.0, Max: 190646.0, Diff: 11.1]
      [Ext Root Scanning (ms): Min: 0.0, Avg: 0.3, Max: 0.6, Diff: 0.6, Sum: 1.2]
      [SATB Filtering (ms): Min: 0.0, Avg: 0.0, Max: 0.0, Diff: 0.0, Sum: 0.0]
      [Update RS (ms): Min: 0.0, Avg: 0.1, Max: 0.2, Diff: 0.2, Sum: 0.3]
         [Processed Buffers: Min: 0, Avg: 1.2, Max: 3, Diff: 3, Sum: 5]
      [Scan RS (ms): Min: 0.0, Avg: 0.1, Max: 0.1, Diff: 0.1, Sum: 0.3]
      [Code Root Scanning (ms): Min: 0.0, Avg: 0.0, Max: 0.0, Diff: 0.0, Sum: 0.0]
      [Object Copy (ms): Min: 0.0, Avg: 1.2, Max: 2.5, Diff: 2.5, Sum: 5.0]
      [Termination (ms): Min: 0.0, Avg: 5.4, Max: 7.7, Diff: 7.7, Sum: 21.5]
      [GC Worker Other (ms): Min: 0.0, Avg: 0.0, Max: 0.0, Diff: 0.0, Sum: 0.0]
      [GC Worker Total (ms): Min: 0.0, Avg: 7.1, Max: 11.1, Diff: 11.1, Sum: 28.3]
      [GC Worker End (ms): Min: 190646.0, Avg: 190646.0, Max: 190646.0, Diff: 0.0]
   [Code Root Fixup: 0.0 ms]
   [Code Root Migration: 0.0 ms]
   [Clear CT: 0.1 ms]
   [Other: 200.7 ms]
      [Choose CSet: 0.0 ms]
      [Ref Proc: 199.9 ms]
      [Ref Enq: 0.3 ms]
      [Free CSet: 0.4 ms]
   [Eden: 185.0M(185.0M)->0.0B(186.0M) Survivors: 19.0M->18.0M Heap: 2150.0M(4096.0M)->1964.5M(4096.0M)]
 [Times: user=0.77 sys=0.00, real=0.21 secs] 
2016-01-06T01:06:52.212-0800: 190.875: [GC pause (young)
Desired survivor size 13631488 bytes, new threshold 1 (max 15)
- age   1:   17259832 bytes,   17259832 total
2016-01-06T01:06:52.408-0800: 191.071: [SoftReference, 0 refs, 0.0000500 secs]2016-01-06T01:06:52.408-0800: 191.071: [WeakReference, 0 refs, 0.0000070 secs]2016-01-06T01:06:52.408-0800: 191.071: [FinalReference, 0 refs, 0.0000060 secs]2016-01-06T01:06:52.408-0800: 191.071: [PhantomReference, 0 refs, 6276 refs, 0.0002540 secs]2016-01-06T01:06:52.408-0800: 191.071: [JNI Weak Reference, 0.0000070 secs], 0.1974470 secs]
   [Parallel Time: 2.9 ms, GC Workers: 4]
      [GC Worker Start (ms): Min: 190874.6, Avg: 190874.7, Max: 190874.7, Diff: 0.1]
      [Ext Root Scanning (ms): Min: 0.3, Avg: 0.4, Max: 0.4, Diff: 0.1, Sum: 1.4]
      [SATB Filtering (ms): Min: 0.0, Avg: 0.0, Max: 0.0, Diff: 0.0, Sum: 0.0]
      [Update RS (ms): Min: 0.0, Avg: 0.1, Max: 0.1, Diff: 0.1, Sum: 0.3]
         [Processed Buffers: Min: 0, Avg: 0.8, Max: 1, Diff: 1, Sum: 3]
      [Scan RS (ms): Min: 0.1, Avg: 0.1, Max: 0.1, Diff: 0.1, Sum: 0.3]
      [Code Root Scanning (ms): Min: 0.0, Avg: 0.0, Max: 0.0, Diff: 0.0, Sum: 0.0]
      [Object Copy (ms): Min: 2.3, Avg: 2.3, Max: 2.3, Diff: 0.0, Sum: 9.0]
      [Termination (ms): Min: 0.0, Avg: 0.0, Max: 0.0, Diff: 0.0, Sum: 0.0]
      [GC Worker Other (ms): Min: 0.0, Avg: 0.0, Max: 0.0, Diff: 0.0, Sum: 0.1]
      [GC Worker Total (ms): Min: 2.8, Avg: 2.8, Max: 2.9, Diff: 0.1, Sum: 11.3]
      [GC Worker End (ms): Min: 190877.5, Avg: 190877.5, Max: 190877.5, Diff: 0.0]
   [Code Root Fixup: 0.0 ms]
   [Code Root Migration: 0.0 ms]
   [Clear CT: 0.1 ms]
   [Other: 194.4 ms]
      [Choose CSet: 0.0 ms]
      [Ref Proc: 193.7 ms]
      [Ref Enq: 0.3 ms]
      [Free CSet: 0.4 ms]
   [Eden: 186.0M(186.0M)->0.0B(185.0M) Survivors: 18.0M->19.0M Heap: 2150.5M(4096.0M)->1965.1M(4096.0M)]
 [Times: user=0.76 sys=0.00, real=0.20 secs] 
2016-01-06T01:06:52.437-0800: 191.100: [GC pause (young)
Desired survivor size 13631488 bytes, new threshold 1 (max 15)
- age   1:   17262064 bytes,   17262064 total
2016-01-06T01:06:52.632-0800: 191.295: [SoftReference, 0 refs, 0.0000350 secs]2016-01-06T01:06:52.632-0800: 191.295: [WeakReference, 0 refs, 0.0000070 secs]2016-01-06T01:06:52.632-0800: 191.295: [FinalReference, 0 refs, 0.0000060 secs]2016-01-06T01:06:52.632-0800: 191.295: [PhantomReference, 0 refs, 6245 refs, 0.0002310 secs]2016-01-06T01:06:52.633-0800: 191.296: [JNI Weak Reference, 0.0000080 secs], 0.1968480 secs]
   [Parallel Time: 2.9 ms, GC Workers: 4]
      [GC Worker Start (ms): Min: 191099.7, Avg: 191099.7, Max: 191099.8, Diff: 0.1]
      [Ext Root Scanning (ms): Min: 0.4, Avg: 0.4, Max: 0.4, Diff: 0.1, Sum: 1.6]
      [SATB Filtering (ms): Min: 0.0, Avg: 0.0, Max: 0.0, Diff: 0.0, Sum: 0.0]
      [Update RS (ms): Min: 0.0, Avg: 0.1, Max: 0.2, Diff: 0.2, Sum: 0.3]
         [Processed Buffers: Min: 0, Avg: 1.0, Max: 2, Diff: 2, Sum: 4]
      [Scan RS (ms): Min: 0.0, Avg: 0.1, Max: 0.1, Diff: 0.1, Sum: 0.3]
      [Code Root Scanning (ms): Min: 0.0, Avg: 0.0, Max: 0.0, Diff: 0.0, Sum: 0.0]
      [Object Copy (ms): Min: 2.2, Avg: 2.2, Max: 2.2, Diff: 0.0, Sum: 8.8]
      [Termination (ms): Min: 0.0, Avg: 0.0, Max: 0.0, Diff: 0.0, Sum: 0.0]
      [GC Worker Other (ms): Min: 0.0, Avg: 0.0, Max: 0.0, Diff: 0.0, Sum: 0.1]
      [GC Worker Total (ms): Min: 2.8, Avg: 2.8, Max: 2.8, Diff: 0.1, Sum: 11.2]
      [GC Worker End (ms): Min: 191102.5, Avg: 191102.5, Max: 191102.5, Diff: 0.0]
   [Code Root Fixup: 0.0 ms]
   [Code Root Migration: 0.0 ms]
   [Clear CT: 0.1 ms]
   [Other: 193.8 ms]
      [Choose CSet: 0.0 ms]
      [Ref Proc: 193.0 ms]
      [Ref Enq: 0.3 ms]
      [Free CSet: 0.3 ms]
   [Eden: 185.0M(185.0M)->0.0B(187.0M) Survivors: 19.0M->17.0M Heap: 2150.1M(4096.0M)->1963.6M(4096.0M)]
 [Times: user=0.76 sys=0.00, real=0.20 secs] 
2016-01-06T01:06:52.661-0800: 191.324: [GC pause (young)
Desired survivor size 13631488 bytes, new threshold 1 (max 15)
- age   1:   15946552 bytes,   15946552 total
2016-01-06T01:06:52.855-0800: 191.517: [SoftReference, 0 refs, 0.0000430 secs]2016-01-06T01:06:52.855-0800: 191.518: [WeakReference, 0 refs, 0.0000070 secs]2016-01-06T01:06:52.855-0800: 191.518: [FinalReference, 0 refs, 0.0000060 secs]2016-01-06T01:06:52.855-0800: 191.518: [PhantomReference, 0 refs, 6307 refs, 0.0002330 secs]2016-01-06T01:06:52.855-0800: 191.518: [JNI Weak Reference, 0.0000070 secs], 0.1948180 secs]
   [Parallel Time: 2.9 ms, GC Workers: 4]
      [GC Worker Start (ms): Min: 191323.8, Avg: 191323.9, Max: 191323.9, Diff: 0.1]
      [Ext Root Scanning (ms): Min: 0.3, Avg: 0.4, Max: 0.4, Diff: 0.1, Sum: 1.5]
      [SATB Filtering (ms): Min: 0.0, Avg: 0.0, Max: 0.0, Diff: 0.0, Sum: 0.0]
      [Update RS (ms): Min: 0.0, Avg: 0.1, Max: 0.2, Diff: 0.2, Sum: 0.3]
         [Processed Buffers: Min: 0, Avg: 1.2, Max: 3, Diff: 3, Sum: 5]
      [Scan RS (ms): Min: 0.0, Avg: 0.1, Max: 0.1, Diff: 0.1, Sum: 0.3]
      [Code Root Scanning (ms): Min: 0.0, Avg: 0.0, Max: 0.0, Diff: 0.0, Sum: 0.0]
      [Object Copy (ms): Min: 2.3, Avg: 2.3, Max: 2.3, Diff: 0.0, Sum: 9.1]
      [Termination (ms): Min: 0.0, Avg: 0.0, Max: 0.0, Diff: 0.0, Sum: 0.0]
      [GC Worker Other (ms): Min: 0.0, Avg: 0.0, Max: 0.0, Diff: 0.0, Sum: 0.1]
      [GC Worker Total (ms): Min: 2.8, Avg: 2.9, Max: 2.9, Diff: 0.1, Sum: 11.4]
      [GC Worker End (ms): Min: 191326.7, Avg: 191326.7, Max: 191326.7, Diff: 0.0]
   [Code Root Fixup: 0.0 ms]
   [Code Root Migration: 0.0 ms]
   [Clear CT: 0.1 ms]
   [Other: 191.7 ms]
      [Choose CSet: 0.0 ms]
      [Ref Proc: 191.0 ms]
      [Ref Enq: 0.3 ms]
      [Free CSet: 0.3 ms]
   [Eden: 187.0M(187.0M)->0.0B(185.0M) Survivors: 17.0M->19.0M Heap: 2150.6M(4096.0M)->1965.2M(4096.0M)]
 [Times: user=0.76 sys=0.00, real=0.19 secs] 
2016-01-06T01:06:52.882-0800: 191.545: [GC pause (young)
Desired survivor size 13631488 bytes, new threshold 1 (max 15)
- age   1:   17264296 bytes,   17264296 total
2016-01-06T01:06:53.072-0800: 191.735: [SoftReference, 0 refs, 0.0000410 secs]2016-01-06T01:06:53.072-0800: 191.735: [WeakReference, 0 refs, 0.0000070 secs]2016-01-06T01:06:53.072-0800: 191.735: [FinalReference, 0 refs, 0.0000050 secs]2016-01-06T01:06:53.072-0800: 191.735: [PhantomReference, 0 refs, 6246 refs, 0.0002360 secs]2016-01-06T01:06:53.072-0800: 191.735: [JNI Weak Reference, 0.0000080 secs], 0.1912920 secs]
   [Parallel Time: 3.0 ms, GC Workers: 4]
      [GC Worker Start (ms): Min: 191544.9, Avg: 191545.0, Max: 191545.0, Diff: 0.1]
      [Ext Root Scanning (ms): Min: 0.3, Avg: 0.4, Max: 0.4, Diff: 0.1, Sum: 1.4]
      [SATB Filtering (ms): Min: 0.0, Avg: 0.0, Max: 0.0, Diff: 0.0, Sum: 0.0]
      [Update RS (ms): Min: 0.0, Avg: 0.1, Max: 0.2, Diff: 0.2, Sum: 0.3]
         [Processed Buffers: Min: 0, Avg: 1.2, Max: 2, Diff: 2, Sum: 5]
      [Scan RS (ms): Min: 0.0, Avg: 0.1, Max: 0.1, Diff: 0.1, Sum: 0.4]
      [Code Root Scanning (ms): Min: 0.0, Avg: 0.0, Max: 0.0, Diff: 0.0, Sum: 0.0]
      [Object Copy (ms): Min: 2.2, Avg: 2.2, Max: 2.3, Diff: 0.1, Sum: 8.9]
      [Termination (ms): Min: 0.0, Avg: 0.0, Max: 0.0, Diff: 0.0, Sum: 0.0]
      [GC Worker Other (ms): Min: 0.0, Avg: 0.0, Max: 0.0, Diff: 0.0, Sum: 0.1]
      [GC Worker Total (ms): Min: 2.8, Avg: 2.8, Max: 2.8, Diff: 0.0, Sum: 11.2]
      [GC Worker End (ms): Min: 191547.7, Avg: 191547.8, Max: 191547.8, Diff: 0.0]
   [Code Root Fixup: 0.0 ms]
   [Code Root Migration: 0.0 ms]
   [Clear CT: 0.2 ms]
   [Other: 188.1 ms]
      [Choose CSet: 0.0 ms]
      [Ref Proc: 187.4 ms]
      [Ref Enq: 0.3 ms]
      [Free CSet: 0.4 ms]
   [Eden: 185.0M(185.0M)->0.0B(875.0M) Survivors: 19.0M->19.0M Heap: 2150.2M(4096.0M)->1965.2M(4096.0M)]
 [Times: user=0.74 sys=0.00, real=0.19 secs] 
2016-01-06T01:06:53.203-0800: 191.866: [GC pause (young)
Desired survivor size 58720256 bytes, new threshold 15 (max 15)
- age   1:   17259832 bytes,   17259832 total
2016-01-06T01:06:53.402-0800: 192.065: [SoftReference, 0 refs, 0.0000490 secs]2016-01-06T01:06:53.402-0800: 192.065: [WeakReference, 0 refs, 0.0000070 secs]2016-01-06T01:06:53.402-0800: 192.065: [FinalReference, 0 refs, 0.0000050 secs]2016-01-06T01:06:53.402-0800: 192.065: [PhantomReference, 0 refs, 27635 refs, 0.0009740 secs]2016-01-06T01:06:53.403-0800: 192.066: [JNI Weak Reference, 0.0000080 secs], 0.2027580 secs]
   [Parallel Time: 7.0 ms, GC Workers: 4]
      [GC Worker Start (ms): Min: 191866.0, Avg: 191866.5, Max: 191867.9, Diff: 1.9]
      [Ext Root Scanning (ms): Min: 0.0, Avg: 0.3, Max: 0.5, Diff: 0.5, Sum: 1.3]
      [SATB Filtering (ms): Min: 0.0, Avg: 0.0, Max: 0.0, Diff: 0.0, Sum: 0.0]
      [Update RS (ms): Min: 0.0, Avg: 0.1, Max: 0.1, Diff: 0.1, Sum: 0.2]
         [Processed Buffers: Min: 0, Avg: 1.2, Max: 4, Diff: 4, Sum: 5]
      [Scan RS (ms): Min: 0.1, Avg: 0.4, Max: 0.5, Diff: 0.3, Sum: 1.5]
      [Code Root Scanning (ms): Min: 0.0, Avg: 0.0, Max: 0.1, Diff: 0.1, Sum: 0.2]
      [Object Copy (ms): Min: 4.7, Avg: 5.5, Max: 5.8, Diff: 1.1, Sum: 22.1]
      [Termination (ms): Min: 0.0, Avg: 0.0, Max: 0.0, Diff: 0.0, Sum: 0.0]
      [GC Worker Other (ms): Min: 0.0, Avg: 0.0, Max: 0.1, Diff: 0.0, Sum: 0.2]
      [GC Worker Total (ms): Min: 4.9, Avg: 6.4, Max: 6.9, Diff: 1.9, Sum: 25.5]
      [GC Worker End (ms): Min: 191872.8, Avg: 191872.9, Max: 191872.9, Diff: 0.0]
   [Code Root Fixup: 0.0 ms]
   [Code Root Migration: 0.1 ms]
   [Clear CT: 0.2 ms]
   [Other: 195.4 ms]
      [Choose CSet: 0.0 ms]
      [Ref Proc: 192.8 ms]
      [Ref Enq: 1.3 ms]
      [Free CSet: 1.3 ms]
   [Eden: 875.0M(875.0M)->0.0B(333.0M) Survivors: 19.0M->20.0M Heap: 2840.2M(4096.0M)->1966.7M(4096.0M)]
 [Times: user=0.77 sys=0.00, real=0.21 secs] 
2016-01-06T01:06:53.457-0800: 192.120: [GC pause (young)
Desired survivor size 23592960 bytes, new threshold 15 (max 15)
- age   1:   18799912 bytes,   18799912 total
- age   2:      36864 bytes,   18836776 total
2016-01-06T01:06:53.683-0800: 192.346: [SoftReference, 0 refs, 0.0000550 secs]2016-01-06T01:06:53.683-0800: 192.346: [WeakReference, 0 refs, 0.0000060 secs]2016-01-06T01:06:53.683-0800: 192.346: [FinalReference, 0 refs, 0.0000050 secs]2016-01-06T01:06:53.683-0800: 192.346: [PhantomReference, 0 refs, 10833 refs, 0.0003810 secs]2016-01-06T01:06:53.683-0800: 192.346: [JNI Weak Reference, 0.0000070 secs], 0.2267930 secs]
   [Parallel Time: 6.4 ms, GC Workers: 4]
      [GC Worker Start (ms): Min: 192120.5, Avg: 192122.1, Max: 192126.7, Diff: 6.2]
      [Ext Root Scanning (ms): Min: 0.0, Avg: 0.4, Max: 0.5, Diff: 0.5, Sum: 1.4]
      [SATB Filtering (ms): Min: 0.0, Avg: 0.0, Max: 0.0, Diff: 0.0, Sum: 0.0]
      [Update RS (ms): Min: 0.0, Avg: 0.1, Max: 0.2, Diff: 0.2, Sum: 0.2]
         [Processed Buffers: Min: 0, Avg: 1.0, Max: 3, Diff: 3, Sum: 4]
      [Scan RS (ms): Min: 0.1, Avg: 0.2, Max: 0.3, Diff: 0.2, Sum: 0.7]
      [Code Root Scanning (ms): Min: 0.0, Avg: 0.0, Max: 0.0, Diff: 0.0, Sum: 0.1]
      [Object Copy (ms): Min: 0.0, Avg: 2.2, Max: 2.9, Diff: 2.9, Sum: 8.7]
      [Termination (ms): Min: 0.0, Avg: 1.9, Max: 2.6, Diff: 2.6, Sum: 7.8]
      [GC Worker Other (ms): Min: 0.0, Avg: 0.0, Max: 0.0, Diff: 0.0, Sum: 0.1]
      [GC Worker Total (ms): Min: 0.1, Avg: 4.7, Max: 6.3, Diff: 6.2, Sum: 19.0]
      [GC Worker End (ms): Min: 192126.8, Avg: 192126.8, Max: 192126.8, Diff: 0.0]
   [Code Root Fixup: 0.0 ms]
   [Code Root Migration: 0.1 ms]
   [Clear CT: 0.1 ms]
   [Other: 220.2 ms]
      [Choose CSet: 0.0 ms]
      [Ref Proc: 219.1 ms]
      [Ref Enq: 0.5 ms]
      [Free CSet: 0.5 ms]
   [Eden: 333.0M(333.0M)->0.0B(185.0M) Survivors: 20.0M->19.0M Heap: 2299.7M(4096.0M)->1965.2M(4096.0M)]
 [Times: user=0.78 sys=0.01, real=0.22 secs] 
2016-01-06T01:06:53.713-0800: 192.376: [GC pause (young)
Desired survivor size 13631488 bytes, new threshold 1 (max 15)
- age   1:   17590168 bytes,   17590168 total
- age   2:      36864 bytes,   17627032 total
2016-01-06T01:06:53.905-0800: 192.568: [SoftReference, 0 refs, 0.0000390 secs]2016-01-06T01:06:53.905-0800: 192.568: [WeakReference, 0 refs, 0.0000060 secs]2016-01-06T01:06:53.905-0800: 192.568: [FinalReference, 0 refs, 0.0000060 secs]2016-01-06T01:06:53.905-0800: 192.568: [PhantomReference, 0 refs, 6242 refs, 0.0002500 secs]2016-01-06T01:06:53.905-0800: 192.568: [JNI Weak Reference, 0.0000070 secs], 0.1929570 secs]
   [Parallel Time: 2.8 ms, GC Workers: 4]
      [GC Worker Start (ms): Min: 192376.4, Avg: 192376.4, Max: 192376.5, Diff: 0.1]
      [Ext Root Scanning (ms): Min: 0.3, Avg: 0.4, Max: 0.4, Diff: 0.1, Sum: 1.4]
      [SATB Filtering (ms): Min: 0.0, Avg: 0.0, Max: 0.0, Diff: 0.0, Sum: 0.0]
      [Update RS (ms): Min: 0.0, Avg: 0.1, Max: 0.2, Diff: 0.2, Sum: 0.2]
         [Processed Buffers: Min: 0, Avg: 1.0, Max: 2, Diff: 2, Sum: 4]
      [Scan RS (ms): Min: 0.0, Avg: 0.1, Max: 0.1, Diff: 0.1, Sum: 0.4]
      [Code Root Scanning (ms): Min: 0.0, Avg: 0.0, Max: 0.0, Diff: 0.0, Sum: 0.0]
      [Object Copy (ms): Min: 2.1, Avg: 2.2, Max: 2.2, Diff: 0.1, Sum: 8.7]
      [Termination (ms): Min: 0.0, Avg: 0.0, Max: 0.0, Diff: 0.0, Sum: 0.0]
      [GC Worker Other (ms): Min: 0.0, Avg: 0.0, Max: 0.0, Diff: 0.0, Sum: 0.1]
      [GC Worker Total (ms): Min: 2.7, Avg: 2.7, Max: 2.7, Diff: 0.1, Sum: 10.9]
      [GC Worker End (ms): Min: 192379.1, Avg: 192379.1, Max: 192379.1, Diff: 0.0]
   [Code Root Fixup: 0.0 ms]
   [Code Root Migration: 0.0 ms]
   [Clear CT: 0.1 ms]
   [Other: 190.0 ms]
      [Choose CSet: 0.0 ms]
      [Ref Proc: 189.2 ms]
      [Ref Enq: 0.3 ms]
      [Free CSet: 0.4 ms]
   [Eden: 185.0M(185.0M)->0.0B(185.0M) Survivors: 19.0M->19.0M Heap: 2150.2M(4096.0M)->1965.8M(4096.0M)]
 [Times: user=0.74 sys=0.01, real=0.20 secs] 
2016-01-06T01:06:53.935-0800: 192.598: [GC pause (young)
Desired survivor size 13631488 bytes, new threshold 1 (max 15)
- age   1:   17259832 bytes,   17259832 total
2016-01-06T01:06:54.139-0800: 192.802: [SoftReference, 0 refs, 0.0000460 secs]2016-01-06T01:06:54.139-0800: 192.802: [WeakReference, 0 refs, 0.0000080 secs]2016-01-06T01:06:54.139-0800: 192.802: [FinalReference, 0 refs, 0.0000060 secs]2016-01-06T01:06:54.139-0800: 192.802: [PhantomReference, 0 refs, 6242 refs, 0.0002360 secs]2016-01-06T01:06:54.139-0800: 192.802: [JNI Weak Reference, 0.0000070 secs], 0.2053890 secs]
   [Parallel Time: 3.1 ms, GC Workers: 4]
      [GC Worker Start (ms): Min: 192597.9, Avg: 192597.9, Max: 192598.0, Diff: 0.1]
      [Ext Root Scanning (ms): Min: 0.3, Avg: 0.4, Max: 0.4, Diff: 0.1, Sum: 1.5]
      [SATB Filtering (ms): Min: 0.0, Avg: 0.0, Max: 0.0, Diff: 0.0, Sum: 0.0]
      [Update RS (ms): Min: 0.0, Avg: 0.1, Max: 0.2, Diff: 0.2, Sum: 0.4]
         [Processed Buffers: Min: 1, Avg: 1.2, Max: 2, Diff: 1, Sum: 5]
      [Scan RS (ms): Min: 0.0, Avg: 0.1, Max: 0.1, Diff: 0.1, Sum: 0.3]
      [Code Root Scanning (ms): Min: 0.0, Avg: 0.0, Max: 0.0, Diff: 0.0, Sum: 0.0]
      [Object Copy (ms): Min: 2.4, Avg: 2.4, Max: 2.4, Diff: 0.0, Sum: 9.5]
      [Termination (ms): Min: 0.0, Avg: 0.0, Max: 0.0, Diff: 0.0, Sum: 0.0]
      [GC Worker Other (ms): Min: 0.0, Avg: 0.0, Max: 0.0, Diff: 0.0, Sum: 0.1]
      [GC Worker Total (ms): Min: 2.9, Avg: 3.0, Max: 3.0, Diff: 0.1, Sum: 11.9]
      [GC Worker End (ms): Min: 192600.9, Avg: 192600.9, Max: 192600.9, Diff: 0.0]
   [Code Root Fixup: 0.0 ms]
   [Code Root Migration: 0.0 ms]
   [Clear CT: 0.1 ms]
   [Other: 202.1 ms]
      [Choose CSet: 0.0 ms]
      [Ref Proc: 201.5 ms]
      [Ref Enq: 0.3 ms]
      [Free CSet: 0.3 ms]
   [Eden: 185.0M(185.0M)->0.0B(185.0M) Survivors: 19.0M->19.0M Heap: 2150.8M(4096.0M)->1965.8M(4096.0M)]
 [Times: user=0.74 sys=0.00, real=0.21 secs] 
2016-01-06T01:06:54.168-0800: 192.831: [GC pause (young)
Desired survivor size 13631488 bytes, new threshold 1 (max 15)
- age   1:   17259832 bytes,   17259832 total
2016-01-06T01:06:54.361-0800: 193.024: [SoftReference, 0 refs, 0.0000510 secs]2016-01-06T01:06:54.361-0800: 193.024: [WeakReference, 0 refs, 0.0000100 secs]2016-01-06T01:06:54.361-0800: 193.024: [FinalReference, 0 refs, 0.0000060 secs]2016-01-06T01:06:54.361-0800: 193.024: [PhantomReference, 0 refs, 6245 refs, 0.0002640 secs]2016-01-06T01:06:54.361-0800: 193.024: [JNI Weak Reference, 0.0000080 secs], 0.1939870 secs]
   [Parallel Time: 2.9 ms, GC Workers: 4]
      [GC Worker Start (ms): Min: 192831.1, Avg: 192831.3, Max: 192831.9, Diff: 0.8]
      [Ext Root Scanning (ms): Min: 0.0, Avg: 0.3, Max: 0.5, Diff: 0.5, Sum: 1.3]
      [SATB Filtering (ms): Min: 0.0, Avg: 0.0, Max: 0.0, Diff: 0.0, Sum: 0.0]
      [Update RS (ms): Min: 0.0, Avg: 0.1, Max: 0.2, Diff: 0.2, Sum: 0.2]
         [Processed Buffers: Min: 0, Avg: 1.2, Max: 3, Diff: 3, Sum: 5]
      [Scan RS (ms): Min: 0.0, Avg: 0.1, Max: 0.2, Diff: 0.1, Sum: 0.3]
      [Code Root Scanning (ms): Min: 0.0, Avg: 0.0, Max: 0.0, Diff: 0.0, Sum: 0.0]
      [Object Copy (ms): Min: 1.3, Avg: 1.7, Max: 2.2, Diff: 0.9, Sum: 6.7]
      [Termination (ms): Min: 0.0, Avg: 0.5, Max: 0.7, Diff: 0.7, Sum: 1.9]
      [GC Worker Other (ms): Min: 0.0, Avg: 0.0, Max: 0.0, Diff: 0.0, Sum: 0.0]
      [GC Worker Total (ms): Min: 2.0, Avg: 2.6, Max: 2.9, Diff: 0.8, Sum: 10.5]
      [GC Worker End (ms): Min: 192833.9, Avg: 192833.9, Max: 192833.9, Diff: 0.0]
   [Code Root Fixup: 0.0 ms]
   [Code Root Migration: 0.0 ms]
   [Clear CT: 0.2 ms]
   [Other: 190.9 ms]
      [Choose CSet: 0.0 ms]
      [Ref Proc: 190.2 ms]
      [Ref Enq: 0.3 ms]
      [Free CSet: 0.3 ms]
   [Eden: 185.0M(185.0M)->0.0B(199.0M) Survivors: 19.0M->5120.0K Heap: 2150.8M(4096.0M)->1951.3M(4096.0M)]
 [Times: user=0.75 sys=0.00, real=0.19 secs] 
2016-01-06T01:06:54.392-0800: 193.055: [GC pause (young)
Desired survivor size 13631488 bytes, new threshold 15 (max 15)
- age   1:    3634552 bytes,    3634552 total
2016-01-06T01:06:54.589-0800: 193.252: [SoftReference, 0 refs, 0.0000460 secs]2016-01-06T01:06:54.589-0800: 193.252: [WeakReference, 0 refs, 0.0000070 secs]2016-01-06T01:06:54.589-0800: 193.252: [FinalReference, 0 refs, 0.0000060 secs]2016-01-06T01:06:54.589-0800: 193.252: [PhantomReference, 0 refs, 6678 refs, 0.0002840 secs]2016-01-06T01:06:54.589-0800: 193.252: [JNI Weak Reference, 0.0000080 secs], 0.1979330 secs]
   [Parallel Time: 5.1 ms, GC Workers: 4]
      [GC Worker Start (ms): Min: 193055.0, Avg: 193056.2, Max: 193060.0, Diff: 5.0]
      [Ext Root Scanning (ms): Min: 0.0, Avg: 0.3, Max: 0.5, Diff: 0.5, Sum: 1.3]
      [SATB Filtering (ms): Min: 0.0, Avg: 0.0, Max: 0.0, Diff: 0.0, Sum: 0.0]
      [Update RS (ms): Min: 0.0, Avg: 0.1, Max: 0.2, Diff: 0.2, Sum: 0.3]
         [Processed Buffers: Min: 0, Avg: 1.2, Max: 3, Diff: 3, Sum: 5]
      [Scan RS (ms): Min: 0.0, Avg: 0.1, Max: 0.1, Diff: 0.1, Sum: 0.3]
      [Code Root Scanning (ms): Min: 0.0, Avg: 0.0, Max: 0.0, Diff: 0.0, Sum: 0.0]
      [Object Copy (ms): Min: 0.0, Avg: 1.7, Max: 2.3, Diff: 2.3, Sum: 6.8]
      [Termination (ms): Min: 0.0, Avg: 1.6, Max: 2.2, Diff: 2.2, Sum: 6.5]
      [GC Worker Other (ms): Min: 0.0, Avg: 0.0, Max: 0.0, Diff: 0.0, Sum: 0.1]
      [GC Worker Total (ms): Min: 0.1, Avg: 3.8, Max: 5.1, Diff: 5.0, Sum: 15.2]
      [GC Worker End (ms): Min: 193060.0, Avg: 193060.0, Max: 193060.0, Diff: 0.0]
   [Code Root Fixup: 0.0 ms]
   [Code Root Migration: 0.0 ms]
   [Clear CT: 0.2 ms]
   [Other: 192.6 ms]
      [Choose CSet: 0.0 ms]
      [Ref Proc: 191.9 ms]
      [Ref Enq: 0.3 ms]
      [Free CSet: 0.4 ms]
   [Eden: 199.0M(199.0M)->0.0B(186.0M) Survivors: 5120.0K->18.0M Heap: 2150.3M(4096.0M)->1964.8M(4096.0M)]
 [Times: user=0.74 sys=0.01, real=0.20 secs] 
2016-01-06T01:06:54.617-0800: 193.280: [GC pause (young)
Desired survivor size 13631488 bytes, new threshold 1 (max 15)
- age   1:   17291080 bytes,   17291080 total
- age   2:      36864 bytes,   17327944 total
2016-01-06T01:06:54.805-0800: 193.468: [SoftReference, 0 refs, 0.0000450 secs]2016-01-06T01:06:54.805-0800: 193.468: [WeakReference, 0 refs, 0.0000070 secs]2016-01-06T01:06:54.805-0800: 193.468: [FinalReference, 0 refs, 0.0000060 secs]2016-01-06T01:06:54.805-0800: 193.468: [PhantomReference, 0 refs, 6275 refs, 0.0002660 secs]2016-01-06T01:06:54.805-0800: 193.468: [JNI Weak Reference, 0.0000080 secs], 0.1889680 secs]
   [Parallel Time: 2.9 ms, GC Workers: 4]
      [GC Worker Start (ms): Min: 193280.1, Avg: 193280.2, Max: 193280.2, Diff: 0.1]
      [Ext Root Scanning (ms): Min: 0.3, Avg: 0.4, Max: 0.4, Diff: 0.1, Sum: 1.5]
      [SATB Filtering (ms): Min: 0.0, Avg: 0.0, Max: 0.0, Diff: 0.0, Sum: 0.0]
      [Update RS (ms): Min: 0.0, Avg: 0.1, Max: 0.2, Diff: 0.2, Sum: 0.2]
         [Processed Buffers: Min: 0, Avg: 0.8, Max: 2, Diff: 2, Sum: 3]
      [Scan RS (ms): Min: 0.0, Avg: 0.1, Max: 0.1, Diff: 0.1, Sum: 0.3]
      [Code Root Scanning (ms): Min: 0.0, Avg: 0.0, Max: 0.0, Diff: 0.0, Sum: 0.0]
      [Object Copy (ms): Min: 2.3, Avg: 2.3, Max: 2.3, Diff: 0.1, Sum: 9.2]
      [Termination (ms): Min: 0.0, Avg: 0.0, Max: 0.0, Diff: 0.0, Sum: 0.0]
      [GC Worker Other (ms): Min: 0.0, Avg: 0.0, Max: 0.0, Diff: 0.0, Sum: 0.1]
      [GC Worker Total (ms): Min: 2.8, Avg: 2.8, Max: 2.9, Diff: 0.1, Sum: 11.4]
      [GC Worker End (ms): Min: 193283.0, Avg: 193283.0, Max: 193283.0, Diff: 0.0]
   [Code Root Fixup: 0.0 ms]
   [Code Root Migration: 0.0 ms]
   [Clear CT: 0.1 ms]
   [Other: 185.9 ms]
      [Choose CSet: 0.0 ms]
      [Ref Proc: 185.2 ms]
      [Ref Enq: 0.3 ms]
      [Free CSet: 0.3 ms]
   [Eden: 186.0M(186.0M)->0.0B(185.0M) Survivors: 18.0M->19.0M Heap: 2150.8M(4096.0M)->1965.4M(4096.0M)]
 [Times: user=0.73 sys=0.00, real=0.19 secs] 
2016-01-06T01:06:54.832-0800: 193.495: [GC pause (young)
Desired survivor size 13631488 bytes, new threshold 1 (max 15)
- age   1:   17262064 bytes,   17262064 total
2016-01-06T01:06:55.022-0800: 193.685: [SoftReference, 0 refs, 0.0000430 secs]2016-01-06T01:06:55.022-0800: 193.685: [WeakReference, 0 refs, 0.0000070 secs]2016-01-06T01:06:55.022-0800: 193.685: [FinalReference, 0 refs, 0.0000060 secs]2016-01-06T01:06:55.022-0800: 193.685: [PhantomReference, 0 refs, 6244 refs, 0.0002390 secs]2016-01-06T01:06:55.022-0800: 193.685: [JNI Weak Reference, 0.0000070 secs], 0.1904320 secs]
   [Parallel Time: 3.1 ms, GC Workers: 4]
      [GC Worker Start (ms): Min: 193495.4, Avg: 193495.5, Max: 193495.5, Diff: 0.1]
      [Ext Root Scanning (ms): Min: 0.3, Avg: 0.4, Max: 0.4, Diff: 0.1, Sum: 1.5]
      [SATB Filtering (ms): Min: 0.0, Avg: 0.0, Max: 0.0, Diff: 0.0, Sum: 0.0]
      [Update RS (ms): Min: 0.0, Avg: 0.1, Max: 0.3, Diff: 0.3, Sum: 0.4]
         [Processed Buffers: Min: 0, Avg: 1.2, Max: 3, Diff: 3, Sum: 5]
      [Scan RS (ms): Min: 0.0, Avg: 0.1, Max: 0.1, Diff: 0.1, Sum: 0.4]
      [Code Root Scanning (ms): Min: 0.0, Avg: 0.0, Max: 0.0, Diff: 0.0, Sum: 0.0]
      [Object Copy (ms): Min: 2.3, Avg: 2.3, Max: 2.3, Diff: 0.0, Sum: 9.3]
      [Termination (ms): Min: 0.0, Avg: 0.0, Max: 0.0, Diff: 0.0, Sum: 0.0]
      [GC Worker Other (ms): Min: 0.0, Avg: 0.0, Max: 0.1, Diff: 0.0, Sum: 0.2]
      [GC Worker Total (ms): Min: 2.9, Avg: 2.9, Max: 2.9, Diff: 0.1, Sum: 11.7]
      [GC Worker End (ms): Min: 193498.4, Avg: 193498.4, Max: 193498.4, Diff: 0.0]
   [Code Root Fixup: 0.0 ms]
   [Code Root Migration: 0.0 ms]
   [Clear CT: 0.1 ms]
   [Other: 187.2 ms]
      [Choose CSet: 0.0 ms]
      [Ref Proc: 186.5 ms]
      [Ref Enq: 0.3 ms]
      [Free CSet: 0.3 ms]
   [Eden: 185.0M(185.0M)->0.0B(794.0M) Survivors: 19.0M->19.0M Heap: 2150.4M(4096.0M)->1965.4M(4096.0M)]
 [Times: user=0.75 sys=0.00, real=0.19 secs] 
2016-01-06T01:06:55.134-0800: 193.797: [GC pause (young)
Desired survivor size 53477376 bytes, new threshold 15 (max 15)
- age   1:   17259832 bytes,   17259832 total
2016-01-06T01:06:55.349-0800: 194.012: [SoftReference, 0 refs, 0.0000450 secs]2016-01-06T01:06:55.349-0800: 194.012: [WeakReference, 0 refs, 0.0000070 secs]2016-01-06T01:06:55.349-0800: 194.012: [FinalReference, 0 refs, 0.0000050 secs]2016-01-06T01:06:55.349-0800: 194.012: [PhantomReference, 0 refs, 25124 refs, 0.0008740 secs]2016-01-06T01:06:55.350-0800: 194.013: [JNI Weak Reference, 0.0000070 secs], 0.2186000 secs]
   [Parallel Time: 6.6 ms, GC Workers: 4]
      [GC Worker Start (ms): Min: 193797.3, Avg: 193798.9, Max: 193803.6, Diff: 6.3]
      [Ext Root Scanning (ms): Min: 0.0, Avg: 0.3, Max: 0.5, Diff: 0.5, Sum: 1.3]
      [SATB Filtering (ms): Min: 0.0, Avg: 0.0, Max: 0.0, Diff: 0.0, Sum: 0.0]
      [Update RS (ms): Min: 0.0, Avg: 0.1, Max: 0.2, Diff: 0.2, Sum: 0.3]
         [Processed Buffers: Min: 0, Avg: 1.5, Max: 5, Diff: 5, Sum: 6]
      [Scan RS (ms): Min: 0.2, Avg: 0.4, Max: 0.5, Diff: 0.3, Sum: 1.6]
      [Code Root Scanning (ms): Min: 0.0, Avg: 0.0, Max: 0.1, Diff: 0.1, Sum: 0.2]
      [Object Copy (ms): Min: 0.0, Avg: 3.8, Max: 5.1, Diff: 5.1, Sum: 15.4]
      [Termination (ms): Min: 0.0, Avg: 0.2, Max: 0.3, Diff: 0.3, Sum: 1.0]
      [GC Worker Other (ms): Min: 0.0, Avg: 0.0, Max: 0.0, Diff: 0.0, Sum: 0.1]
      [GC Worker Total (ms): Min: 0.2, Avg: 4.9, Max: 6.5, Diff: 6.3, Sum: 19.7]
      [GC Worker End (ms): Min: 193803.8, Avg: 193803.8, Max: 193803.9, Diff: 0.0]
   [Code Root Fixup: 0.0 ms]
   [Code Root Migration: 0.1 ms]
   [Clear CT: 0.2 ms]
   [Other: 211.7 ms]
      [Choose CSet: 0.0 ms]
      [Ref Proc: 209.4 ms]
      [Ref Enq: 1.1 ms]
      [Free CSet: 1.0 ms]
   [Eden: 794.0M(794.0M)->0.0B(184.0M) Survivors: 19.0M->20.0M Heap: 2759.4M(4096.0M)->1966.4M(4096.0M)]
 [Times: user=0.79 sys=0.01, real=0.22 secs] 
2016-01-06T01:06:55.359-0800: 194.022: [GC concurrent-mark-end, 16.9527610 secs]
2016-01-06T01:06:55.359-0800: 194.022: [GC remark 2016-01-06T01:06:55.360-0800: 194.023: [GC ref-proc2016-01-06T01:06:55.360-0800: 194.023: [SoftReference, 0 refs, 0.0000190 secs]2016-01-06T01:06:55.360-0800: 194.023: [WeakReference, 3 refs, 0.0000140 secs]2016-01-06T01:06:55.360-0800: 194.023: [FinalReference, 4 refs, 0.0000130 secs]2016-01-06T01:06:55.360-0800: 194.023: [PhantomReference, 0 refs, 10482437 refs, 1.5933090 secs]2016-01-06T01:06:56.953-0800: 195.616: [JNI Weak Reference, 0.0000170 secs], 1.5934350 secs], 1.6014930 secs]
 [Times: user=1.17 sys=0.45, real=1.60 secs] 
2016-01-06T01:06:56.963-0800: 195.626: [GC cleanup 2019M->2019M(4096M), 0.0049950 secs]
 [Times: user=0.02 sys=0.00, real=0.01 secs] 
2016-01-06T01:06:56.988-0800: 195.651: [GC pause (young)
Desired survivor size 13631488 bytes, new threshold 1 (max 15)
- age   1:   18619120 bytes,   18619120 total
- age   2:      36864 bytes,   18655984 total
2016-01-06T01:06:56.991-0800: 195.654: [SoftReference, 0 refs, 0.0000600 secs]2016-01-06T01:06:56.991-0800: 195.654: [WeakReference, 0 refs, 0.0000060 secs]2016-01-06T01:06:56.991-0800: 195.654: [FinalReference, 0 refs, 0.0000050 secs]2016-01-06T01:06:56.991-0800: 195.654: [PhantomReference, 0 refs, 6214 refs, 0.0002200 secs]2016-01-06T01:06:56.991-0800: 195.654: [JNI Weak Reference, 0.0000070 secs], 0.0041930 secs]
   [Parallel Time: 2.9 ms, GC Workers: 4]
      [GC Worker Start (ms): Min: 195650.6, Avg: 195650.9, Max: 195651.9, Diff: 1.3]
      [Ext Root Scanning (ms): Min: 0.0, Avg: 0.3, Max: 0.5, Diff: 0.5, Sum: 1.3]
      [Update RS (ms): Min: 0.0, Avg: 0.0, Max: 0.1, Diff: 0.1, Sum: 0.2]
         [Processed Buffers: Min: 0, Avg: 0.8, Max: 2, Diff: 2, Sum: 3]
      [Scan RS (ms): Min: 0.0, Avg: 0.1, Max: 0.1, Diff: 0.1, Sum: 0.3]
      [Code Root Scanning (ms): Min: 0.0, Avg: 0.0, Max: 0.0, Diff: 0.0, Sum: 0.0]
      [Object Copy (ms): Min: 1.4, Avg: 2.0, Max: 2.2, Diff: 0.8, Sum: 7.9]
      [Termination (ms): Min: 0.0, Avg: 0.0, Max: 0.0, Diff: 0.0, Sum: 0.0]
      [GC Worker Other (ms): Min: 0.0, Avg: 0.0, Max: 0.0, Diff: 0.0, Sum: 0.1]
      [GC Worker Total (ms): Min: 1.5, Avg: 2.5, Max: 2.8, Diff: 1.4, Sum: 9.8]
      [GC Worker End (ms): Min: 195653.4, Avg: 195653.4, Max: 195653.4, Diff: 0.0]
   [Code Root Fixup: 0.0 ms]
   [Code Root Migration: 0.0 ms]
   [Clear CT: 0.2 ms]
   [Other: 1.1 ms]
      [Choose CSet: 0.0 ms]
      [Ref Proc: 0.6 ms]
      [Ref Enq: 0.1 ms]
      [Free CSet: 0.3 ms]
   [Eden: 184.0M(184.0M)->0.0B(1692.0M) Survivors: 20.0M->19.0M Heap: 2150.4M(4096.0M)->1966.0M(4096.0M)]
 [Times: user=0.01 sys=0.00, real=0.00 secs] 
2016-01-06T01:06:57.229-0800: 195.891: [GC pause (young)
Desired survivor size 112197632 bytes, new threshold 15 (max 15)
- age   1:   17257600 bytes,   17257600 total
2016-01-06T01:06:57.241-0800: 195.904: [SoftReference, 0 refs, 0.0000460 secs]2016-01-06T01:06:57.241-0800: 195.904: [WeakReference, 0 refs, 0.0000060 secs]2016-01-06T01:06:57.241-0800: 195.904: [FinalReference, 0 refs, 0.0000060 secs]2016-01-06T01:06:57.241-0800: 195.904: [PhantomReference, 0 refs, 52962 refs, 0.0013760 secs]2016-01-06T01:06:57.242-0800: 195.905: [JNI Weak Reference, 0.0000080 secs], 0.0174660 secs]
   [Parallel Time: 12.2 ms, GC Workers: 4]
      [GC Worker Start (ms): Min: 195891.6, Avg: 195891.6, Max: 195891.6, Diff: 0.1]
      [Ext Root Scanning (ms): Min: 0.3, Avg: 0.4, Max: 0.4, Diff: 0.1, Sum: 1.5]
      [Update RS (ms): Min: 0.0, Avg: 0.1, Max: 0.3, Diff: 0.3, Sum: 0.4]
         [Processed Buffers: Min: 0, Avg: 1.2, Max: 3, Diff: 3, Sum: 5]
      [Scan RS (ms): Min: 0.7, Avg: 0.8, Max: 0.9, Diff: 0.2, Sum: 3.2]
      [Code Root Scanning (ms): Min: 0.1, Avg: 0.1, Max: 0.1, Diff: 0.0, Sum: 0.3]
      [Object Copy (ms): Min: 10.6, Avg: 10.6, Max: 10.7, Diff: 0.1, Sum: 42.6]
      [Termination (ms): Min: 0.0, Avg: 0.0, Max: 0.0, Diff: 0.0, Sum: 0.0]
      [GC Worker Other (ms): Min: 0.0, Avg: 0.1, Max: 0.1, Diff: 0.1, Sum: 0.3]
      [GC Worker Total (ms): Min: 12.0, Avg: 12.0, Max: 12.1, Diff: 0.1, Sum: 48.2]
      [GC Worker End (ms): Min: 195903.6, Avg: 195903.6, Max: 195903.7, Diff: 0.1]
   [Code Root Fixup: 0.0 ms]
   [Code Root Migration: 0.3 ms]
   [Clear CT: 0.4 ms]
   [Other: 4.6 ms]
      [Choose CSet: 0.0 ms]
      [Ref Proc: 1.6 ms]
      [Ref Enq: 0.9 ms]
      [Free CSet: 2.0 ms]
   [Eden: 1692.0M(1692.0M)->0.0B(1690.0M) Survivors: 19.0M->22.0M Heap: 3658.0M(4096.0M)->1969.0M(4096.0M)]
 [Times: user=0.06 sys=0.00, real=0.02 secs] 
2016-01-06T01:06:57.483-0800: 196.146: [GC pause (young) (initial-mark)
Desired survivor size 112197632 bytes, new threshold 15 (max 15)
- age   1:   20623456 bytes,   20623456 total
- age   2:      36864 bytes,   20660320 total
2016-01-06T01:06:57.496-0800: 196.159: [SoftReference, 0 refs, 0.0000470 secs]2016-01-06T01:06:57.496-0800: 196.159: [WeakReference, 0 refs, 0.0000060 secs]2016-01-06T01:06:57.496-0800: 196.159: [FinalReference, 0 refs, 0.0000200 secs]2016-01-06T01:06:57.496-0800: 196.159: [PhantomReference, 0 refs, 52900 refs, 0.0015010 secs]2016-01-06T01:06:57.497-0800: 196.160: [JNI Weak Reference, 0.0000090 secs], 0.0191410 secs]
   [Parallel Time: 12.4 ms, GC Workers: 4]
      [GC Worker Start (ms): Min: 196146.1, Avg: 196146.1, Max: 196146.2, Diff: 0.1]
      [Ext Root Scanning (ms): Min: 0.3, Avg: 0.4, Max: 0.4, Diff: 0.1, Sum: 1.4]
      [Code Root Marking (ms): Min: 0.2, Avg: 0.2, Max: 0.3, Diff: 0.1, Sum: 1.0]
      [Update RS (ms): Min: 0.0, Avg: 0.1, Max: 0.2, Diff: 0.2, Sum: 0.2]
         [Processed Buffers: Min: 0, Avg: 1.0, Max: 2, Diff: 2, Sum: 4]
      [Scan RS (ms): Min: 0.6, Avg: 0.7, Max: 0.8, Diff: 0.1, Sum: 2.8]
      [Code Root Scanning (ms): Min: 0.1, Avg: 0.1, Max: 0.1, Diff: 0.0, Sum: 0.3]
      [Object Copy (ms): Min: 10.7, Avg: 10.8, Max: 10.8, Diff: 0.1, Sum: 43.1]
      [Termination (ms): Min: 0.0, Avg: 0.0, Max: 0.0, Diff: 0.0, Sum: 0.0]
      [GC Worker Other (ms): Min: 0.0, Avg: 0.1, Max: 0.1, Diff: 0.0, Sum: 0.2]
      [GC Worker Total (ms): Min: 12.2, Avg: 12.3, Max: 12.3, Diff: 0.1, Sum: 49.1]
      [GC Worker End (ms): Min: 196158.4, Avg: 196158.4, Max: 196158.4, Diff: 0.0]
   [Code Root Fixup: 0.0 ms]
   [Code Root Migration: 0.2 ms]
   [Clear CT: 0.5 ms]
   [Other: 5.9 ms]
      [Choose CSet: 0.0 ms]
      [Ref Proc: 1.8 ms]
      [Ref Enq: 1.1 ms]
      [Free CSet: 2.3 ms]
   [Eden: 1690.0M(1690.0M)->0.0B(1690.0M) Survivors: 22.0M->22.0M Heap: 3659.0M(4096.0M)->1969.0M(4096.0M)]
 [Times: user=0.06 sys=0.00, real=0.02 secs] 
2016-01-06T01:06:57.502-0800: 196.165: [GC concurrent-root-region-scan-start]
2016-01-06T01:06:57.510-0800: 196.173: [GC concurrent-root-region-scan-end, 0.0078890 secs]
2016-01-06T01:06:57.510-0800: 196.173: [GC concurrent-mark-start]
2016-01-06T01:06:58.066-0800: 196.729: [GC pause (young)
Desired survivor size 112197632 bytes, new threshold 15 (max 15)
- age   1:   20618992 bytes,   20618992 total
- age   2:      36864 bytes,   20655856 total
2016-01-06T01:06:58.099-0800: 196.762: [SoftReference, 0 refs, 0.0000410 secs]2016-01-06T01:06:58.099-0800: 196.762: [WeakReference, 0 refs, 0.0000070 secs]2016-01-06T01:06:58.099-0800: 196.762: [FinalReference, 0 refs, 0.0000060 secs]2016-01-06T01:06:58.099-0800: 196.762: [PhantomReference, 0 refs, 52900 refs, 0.0018130 secs]2016-01-06T01:06:58.101-0800: 196.764: [JNI Weak Reference, 0.0000080 secs], 0.0396430 secs]
   [Parallel Time: 28.1 ms, GC Workers: 4]
      [GC Worker Start (ms): Min: 196729.4, Avg: 196731.1, Max: 196736.0, Diff: 6.5]
      [Ext Root Scanning (ms): Min: 0.0, Avg: 0.4, Max: 0.5, Diff: 0.5, Sum: 1.4]
      [SATB Filtering (ms): Min: 0.0, Avg: 0.0, Max: 0.0, Diff: 0.0, Sum: 0.0]
      [Update RS (ms): Min: 8.4, Avg: 14.1, Max: 18.7, Diff: 10.3, Sum: 56.3]
         [Processed Buffers: Min: 8, Avg: 16.2, Max: 24, Diff: 16, Sum: 65]
      [Scan RS (ms): Min: 0.3, Avg: 0.8, Max: 1.1, Diff: 0.8, Sum: 3.0]
      [Code Root Scanning (ms): Min: 0.0, Avg: 0.1, Max: 0.1, Diff: 0.1, Sum: 0.4]
      [Object Copy (ms): Min: 8.3, Avg: 11.0, Max: 11.9, Diff: 3.6, Sum: 43.9]
      [Termination (ms): Min: 0.0, Avg: 0.1, Max: 0.2, Diff: 0.2, Sum: 0.4]
      [GC Worker Other (ms): Min: 0.0, Avg: 0.1, Max: 0.1, Diff: 0.1, Sum: 0.2]
      [GC Worker Total (ms): Min: 21.5, Avg: 26.4, Max: 28.1, Diff: 6.6, Sum: 105.6]
      [GC Worker End (ms): Min: 196757.4, Avg: 196757.5, Max: 196757.5, Diff: 0.0]
   [Code Root Fixup: 0.0 ms]
   [Code Root Migration: 0.2 ms]
   [Clear CT: 0.5 ms]
   [Other: 10.8 ms]
      [Choose CSet: 0.0 ms]
      [Ref Proc: 6.1 ms]
      [Ref Enq: 2.4 ms]
      [Free CSet: 2.2 ms]
   [Eden: 1690.0M(1690.0M)->0.0B(1691.0M) Survivors: 22.0M->22.0M Heap: 3659.0M(4096.0M)->1968.5M(4096.0M)]
 [Times: user=0.11 sys=0.00, real=0.04 secs] 
2016-01-06T01:06:58.364-0800: 197.026: [GC pause (young)
Desired survivor size 112721920 bytes, new threshold 15 (max 15)
- age   1:   20618992 bytes,   20618992 total
- age   2:      36864 bytes,   20655856 total
2016-01-06T01:06:58.419-0800: 197.082: [SoftReference, 0 refs, 0.0000440 secs]2016-01-06T01:06:58.419-0800: 197.082: [WeakReference, 0 refs, 0.0000080 secs]2016-01-06T01:06:58.419-0800: 197.082: [FinalReference, 0 refs, 0.0000050 secs]2016-01-06T01:06:58.419-0800: 197.082: [PhantomReference, 0 refs, 52930 refs, 0.0017850 secs]2016-01-06T01:06:58.421-0800: 197.084: [JNI Weak Reference, 0.0000080 secs], 0.0621680 secs]
   [Parallel Time: 32.6 ms, GC Workers: 4]
      [GC Worker Start (ms): Min: 197026.5, Avg: 197026.6, Max: 197026.6, Diff: 0.1]
      [Ext Root Scanning (ms): Min: 0.3, Avg: 0.4, Max: 0.4, Diff: 0.1, Sum: 1.4]
      [SATB Filtering (ms): Min: 0.0, Avg: 0.0, Max: 0.0, Diff: 0.0, Sum: 0.0]
      [Update RS (ms): Min: 20.9, Avg: 21.1, Max: 21.4, Diff: 0.5, Sum: 84.6]
         [Processed Buffers: Min: 30, Avg: 30.5, Max: 31, Diff: 1, Sum: 122]
      [Scan RS (ms): Min: 0.5, Avg: 0.8, Max: 0.9, Diff: 0.4, Sum: 3.1]
      [Code Root Scanning (ms): Min: 0.0, Avg: 0.1, Max: 0.1, Diff: 0.1, Sum: 0.3]
      [Object Copy (ms): Min: 10.1, Avg: 10.1, Max: 10.1, Diff: 0.1, Sum: 40.4]
      [Termination (ms): Min: 0.0, Avg: 0.0, Max: 0.0, Diff: 0.0, Sum: 0.0]
      [GC Worker Other (ms): Min: 0.0, Avg: 0.1, Max: 0.1, Diff: 0.1, Sum: 0.3]
      [GC Worker Total (ms): Min: 32.5, Avg: 32.5, Max: 32.6, Diff: 0.1, Sum: 130.1]
      [GC Worker End (ms): Min: 197059.1, Avg: 197059.1, Max: 197059.1, Diff: 0.1]
   [Code Root Fixup: 0.0 ms]
   [Code Root Migration: 0.2 ms]
   [Clear CT: 0.4 ms]
   [Other: 28.9 ms]
      [Choose CSet: 0.0 ms]
      [Ref Proc: 24.4 ms]
      [Ref Enq: 2.4 ms]
      [Free CSet: 2.0 ms]
   [Eden: 1691.0M(1691.0M)->0.0B(1692.0M) Survivors: 22.0M->22.0M Heap: 3659.5M(4096.0M)->1969.0M(4096.0M)]
 [Times: user=0.23 sys=0.00, real=0.07 secs] 
2016-01-06T01:06:58.664-0800: 197.327: [GC pause (young)
Desired survivor size 112721920 bytes, new threshold 15 (max 15)
- age   1:   20621224 bytes,   20621224 total
- age   2:      36864 bytes,   20658088 total
2016-01-06T01:06:58.731-0800: 197.394: [SoftReference, 0 refs, 0.0000440 secs]2016-01-06T01:06:58.731-0800: 197.394: [WeakReference, 0 refs, 0.0000060 secs]2016-01-06T01:06:58.731-0800: 197.394: [FinalReference, 0 refs, 0.0000060 secs]2016-01-06T01:06:58.731-0800: 197.394: [PhantomReference, 0 refs, 52962 refs, 0.0017680 secs]2016-01-06T01:06:58.733-0800: 197.396: [JNI Weak Reference, 0.0000160 secs], 0.0737330 secs]
   [Parallel Time: 30.4 ms, GC Workers: 4]
      [GC Worker Start (ms): Min: 197327.1, Avg: 197327.1, Max: 197327.2, Diff: 0.1]
      [Ext Root Scanning (ms): Min: 0.3, Avg: 0.4, Max: 0.4, Diff: 0.1, Sum: 1.4]
      [SATB Filtering (ms): Min: 0.0, Avg: 0.0, Max: 0.0, Diff: 0.0, Sum: 0.0]
      [Update RS (ms): Min: 18.5, Avg: 18.8, Max: 19.0, Diff: 0.5, Sum: 75.0]
         [Processed Buffers: Min: 27, Avg: 27.2, Max: 28, Diff: 1, Sum: 109]
      [Scan RS (ms): Min: 0.6, Avg: 0.8, Max: 0.9, Diff: 0.3, Sum: 3.0]
      [Code Root Scanning (ms): Min: 0.1, Avg: 0.1, Max: 0.1, Diff: 0.1, Sum: 0.4]
      [Object Copy (ms): Min: 10.2, Avg: 10.2, Max: 10.3, Diff: 0.1, Sum: 40.9]
      [Termination (ms): Min: 0.0, Avg: 0.0, Max: 0.0, Diff: 0.0, Sum: 0.0]
      [GC Worker Other (ms): Min: 0.0, Avg: 0.1, Max: 0.1, Diff: 0.1, Sum: 0.3]
      [GC Worker Total (ms): Min: 30.2, Avg: 30.3, Max: 30.3, Diff: 0.1, Sum: 121.0]
      [GC Worker End (ms): Min: 197357.4, Avg: 197357.4, Max: 197357.4, Diff: 0.1]
   [Code Root Fixup: 0.0 ms]
   [Code Root Migration: 0.2 ms]
   [Clear CT: 0.4 ms]
   [Other: 42.7 ms]
      [Choose CSet: 0.0 ms]
      [Ref Proc: 38.2 ms]
      [Ref Enq: 2.4 ms]
      [Free CSet: 1.9 ms]
   [Eden: 1692.0M(1692.0M)->0.0B(1692.0M) Survivors: 22.0M->22.0M Heap: 3661.0M(4096.0M)->1969.0M(4096.0M)]
 [Times: user=0.27 sys=0.00, real=0.08 secs] 
2016-01-06T01:06:58.978-0800: 197.641: [GC pause (young)
Desired survivor size 112721920 bytes, new threshold 15 (max 15)
- age   1:   20623456 bytes,   20623456 total
- age   2:      36864 bytes,   20660320 total
2016-01-06T01:06:59.054-0800: 197.717: [SoftReference, 0 refs, 0.0000480 secs]2016-01-06T01:06:59.054-0800: 197.717: [WeakReference, 0 refs, 0.0000070 secs]2016-01-06T01:06:59.054-0800: 197.717: [FinalReference, 0 refs, 0.0000280 secs]2016-01-06T01:06:59.054-0800: 197.717: [PhantomReference, 0 refs, 52962 refs, 0.0018070 secs]2016-01-06T01:06:59.056-0800: 197.719: [JNI Weak Reference, 0.0000080 secs], 0.0829440 secs]
   [Parallel Time: 30.9 ms, GC Workers: 4]
      [GC Worker Start (ms): Min: 197641.1, Avg: 197641.5, Max: 197642.7, Diff: 1.6]
      [Ext Root Scanning (ms): Min: 0.0, Avg: 0.3, Max: 0.5, Diff: 0.5, Sum: 1.3]
      [SATB Filtering (ms): Min: 0.0, Avg: 0.0, Max: 0.0, Diff: 0.0, Sum: 0.0]
      [Update RS (ms): Min: 17.8, Avg: 18.7, Max: 19.1, Diff: 1.3, Sum: 74.6]
         [Processed Buffers: Min: 18, Avg: 24.2, Max: 28, Diff: 10, Sum: 97]
      [Scan RS (ms): Min: 0.7, Avg: 0.8, Max: 0.9, Diff: 0.2, Sum: 3.0]
      [Code Root Scanning (ms): Min: 0.1, Avg: 0.1, Max: 0.1, Diff: 0.0, Sum: 0.3]
      [Object Copy (ms): Min: 10.5, Avg: 10.6, Max: 10.6, Diff: 0.1, Sum: 42.3]
      [Termination (ms): Min: 0.0, Avg: 0.0, Max: 0.0, Diff: 0.0, Sum: 0.0]
      [GC Worker Other (ms): Min: 0.0, Avg: 0.1, Max: 0.1, Diff: 0.1, Sum: 0.2]
      [GC Worker Total (ms): Min: 29.3, Avg: 30.4, Max: 30.8, Diff: 1.6, Sum: 121.8]
      [GC Worker End (ms): Min: 197672.0, Avg: 197672.0, Max: 197672.0, Diff: 0.1]
   [Code Root Fixup: 0.0 ms]
   [Code Root Migration: 0.2 ms]
   [Clear CT: 0.4 ms]
   [Other: 51.4 ms]
      [Choose CSet: 0.0 ms]
      [Ref Proc: 46.9 ms]
      [Ref Enq: 2.5 ms]
      [Free CSet: 2.0 ms]
   [Eden: 1692.0M(1692.0M)->0.0B(1693.0M) Survivors: 22.0M->22.0M Heap: 3661.0M(4096.0M)->1969.0M(4096.0M)]
 [Times: user=0.29 sys=0.00, real=0.08 secs] 
2016-01-06T01:06:59.317-0800: 197.980: [GC pause (young)
Desired survivor size 112721920 bytes, new threshold 15 (max 15)
- age   1:   20623456 bytes,   20623456 total
- age   2:      36864 bytes,   20660320 total
2016-01-06T01:06:59.411-0800: 198.074: [SoftReference, 0 refs, 0.0000380 secs]2016-01-06T01:06:59.411-0800: 198.074: [WeakReference, 0 refs, 0.0000070 secs]2016-01-06T01:06:59.411-0800: 198.074: [FinalReference, 0 refs, 0.0000050 secs]2016-01-06T01:06:59.411-0800: 198.074: [PhantomReference, 0 refs, 52994 refs, 0.0017730 secs]2016-01-06T01:06:59.413-0800: 198.076: [JNI Weak Reference, 0.0000070 secs], 0.1007200 secs]
   [Parallel Time: 28.2 ms, GC Workers: 4]
      [GC Worker Start (ms): Min: 197980.5, Avg: 197980.5, Max: 197980.5, Diff: 0.1]
      [Ext Root Scanning (ms): Min: 0.3, Avg: 0.4, Max: 0.4, Diff: 0.1, Sum: 1.4]
      [SATB Filtering (ms): Min: 0.0, Avg: 0.0, Max: 0.0, Diff: 0.0, Sum: 0.0]
      [Update RS (ms): Min: 16.5, Avg: 16.7, Max: 17.0, Diff: 0.5, Sum: 67.0]
         [Processed Buffers: Min: 22, Avg: 22.8, Max: 23, Diff: 1, Sum: 91]
      [Scan RS (ms): Min: 0.5, Avg: 0.8, Max: 0.9, Diff: 0.4, Sum: 3.1]
      [Code Root Scanning (ms): Min: 0.0, Avg: 0.1, Max: 0.1, Diff: 0.1, Sum: 0.4]
      [Object Copy (ms): Min: 10.0, Avg: 10.0, Max: 10.0, Diff: 0.1, Sum: 40.1]
      [Termination (ms): Min: 0.0, Avg: 0.0, Max: 0.0, Diff: 0.0, Sum: 0.0]
      [GC Worker Other (ms): Min: 0.0, Avg: 0.1, Max: 0.1, Diff: 0.0, Sum: 0.3]
      [GC Worker Total (ms): Min: 28.0, Avg: 28.0, Max: 28.1, Diff: 0.1, Sum: 112.2]
      [GC Worker End (ms): Min: 198008.5, Avg: 198008.6, Max: 198008.6, Diff: 0.0]
   [Code Root Fixup: 0.0 ms]
   [Code Root Migration: 0.2 ms]
   [Clear CT: 0.5 ms]
   [Other: 71.9 ms]
      [Choose CSet: 0.0 ms]
      [Ref Proc: 67.3 ms]
      [Ref Enq: 2.4 ms]
      [Free CSet: 2.0 ms]
   [Eden: 1693.0M(1693.0M)->0.0B(1697.0M) Survivors: 22.0M->18.0M Heap: 3662.0M(4096.0M)->1965.0M(4096.0M)]
 [Times: user=0.38 sys=0.00, real=0.10 secs] 
2016-01-06T01:06:59.679-0800: 198.342: [GC pause (young)
Desired survivor size 112721920 bytes, new threshold 15 (max 15)
- age   1:   17112664 bytes,   17112664 total
- age   2:      36864 bytes,   17149528 total
2016-01-06T01:06:59.791-0800: 198.453: [SoftReference, 0 refs, 0.0000530 secs]2016-01-06T01:06:59.791-0800: 198.454: [WeakReference, 0 refs, 0.0000060 secs]2016-01-06T01:06:59.791-0800: 198.454: [FinalReference, 0 refs, 0.0000050 secs]2016-01-06T01:06:59.791-0800: 198.454: [PhantomReference, 0 refs, 53118 refs, 0.0018330 secs]2016-01-06T01:06:59.792-0800: 198.455: [JNI Weak Reference, 0.0000080 secs], 0.1186210 secs]
   [Parallel Time: 35.8 ms, GC Workers: 4]
      [GC Worker Start (ms): Min: 198342.1, Avg: 198342.2, Max: 198342.2, Diff: 0.1]
      [Ext Root Scanning (ms): Min: 0.3, Avg: 0.4, Max: 0.4, Diff: 0.1, Sum: 1.4]
      [SATB Filtering (ms): Min: 0.0, Avg: 0.0, Max: 0.0, Diff: 0.0, Sum: 0.0]
      [Update RS (ms): Min: 23.4, Avg: 23.6, Max: 23.9, Diff: 0.5, Sum: 94.4]
         [Processed Buffers: Min: 33, Avg: 34.0, Max: 35, Diff: 2, Sum: 136]
      [Scan RS (ms): Min: 0.5, Avg: 0.8, Max: 0.9, Diff: 0.4, Sum: 3.1]
      [Code Root Scanning (ms): Min: 0.1, Avg: 0.1, Max: 0.1, Diff: 0.0, Sum: 0.3]
      [Object Copy (ms): Min: 10.8, Avg: 10.8, Max: 10.9, Diff: 0.1, Sum: 43.2]
      [Termination (ms): Min: 0.0, Avg: 0.0, Max: 0.0, Diff: 0.0, Sum: 0.0]
      [GC Worker Other (ms): Min: 0.0, Avg: 0.1, Max: 0.1, Diff: 0.1, Sum: 0.3]
      [GC Worker Total (ms): Min: 35.7, Avg: 35.7, Max: 35.7, Diff: 0.1, Sum: 142.7]
      [GC Worker End (ms): Min: 198377.8, Avg: 198377.8, Max: 198377.9, Diff: 0.1]
   [Code Root Fixup: 0.0 ms]
   [Code Root Migration: 0.2 ms]
   [Clear CT: 0.5 ms]
   [Other: 82.1 ms]
      [Choose CSet: 0.0 ms]
      [Ref Proc: 77.5 ms]
      [Ref Enq: 2.4 ms]
      [Free CSet: 2.1 ms]
   [Eden: 1697.0M(1697.0M)->0.0B(1693.0M) Survivors: 18.0M->22.0M Heap: 3662.0M(4096.0M)->1968.5M(4096.0M)]
 [Times: user=0.45 sys=0.00, real=0.12 secs] 
2016-01-06T01:07:00.060-0800: 198.723: [GC pause (young)
Desired survivor size 112721920 bytes, new threshold 15 (max 15)
- age   1:   20634616 bytes,   20634616 total
- age   2:      36864 bytes,   20671480 total
2016-01-06T01:07:00.185-0800: 198.848: [SoftReference, 0 refs, 0.0000490 secs]2016-01-06T01:07:00.185-0800: 198.848: [WeakReference, 0 refs, 0.0000070 secs]2016-01-06T01:07:00.185-0800: 198.848: [FinalReference, 0 refs, 0.0000050 secs]2016-01-06T01:07:00.185-0800: 198.848: [PhantomReference, 0 refs, 52993 refs, 0.0018610 secs]2016-01-06T01:07:00.187-0800: 198.850: [JNI Weak Reference, 0.0000080 secs], 0.1328880 secs]
   [Parallel Time: 37.4 ms, GC Workers: 4]
      [GC Worker Start (ms): Min: 198722.7, Avg: 198722.8, Max: 198722.8, Diff: 0.1]
      [Ext Root Scanning (ms): Min: 0.3, Avg: 0.4, Max: 0.4, Diff: 0.1, Sum: 1.4]
      [SATB Filtering (ms): Min: 0.0, Avg: 0.0, Max: 0.0, Diff: 0.0, Sum: 0.0]
      [Update RS (ms): Min: 25.3, Avg: 25.4, Max: 25.7, Diff: 0.5, Sum: 101.7]
         [Processed Buffers: Min: 27, Avg: 33.2, Max: 36, Diff: 9, Sum: 133]
      [Scan RS (ms): Min: 0.6, Avg: 0.8, Max: 0.9, Diff: 0.3, Sum: 3.1]
      [Code Root Scanning (ms): Min: 0.1, Avg: 0.1, Max: 0.1, Diff: 0.0, Sum: 0.4]
      [Object Copy (ms): Min: 10.5, Avg: 10.5, Max: 10.6, Diff: 0.1, Sum: 42.2]
      [Termination (ms): Min: 0.0, Avg: 0.0, Max: 0.0, Diff: 0.0, Sum: 0.0]
      [GC Worker Other (ms): Min: 0.0, Avg: 0.1, Max: 0.1, Diff: 0.0, Sum: 0.2]
      [GC Worker Total (ms): Min: 37.2, Avg: 37.3, Max: 37.3, Diff: 0.1, Sum: 149.1]
      [GC Worker End (ms): Min: 198760.0, Avg: 198760.0, Max: 198760.0, Diff: 0.0]
   [Code Root Fixup: 0.0 ms]
   [Code Root Migration: 0.2 ms]
   [Clear CT: 0.4 ms]
   [Other: 94.8 ms]
      [Choose CSet: 0.0 ms]
      [Ref Proc: 90.2 ms]
      [Ref Enq: 2.5 ms]
      [Free CSet: 2.1 ms]
   [Eden: 1693.0M(1693.0M)->0.0B(1693.0M) Survivors: 22.0M->22.0M Heap: 3661.5M(4096.0M)->1969.0M(4096.0M)]
 [Times: user=0.43 sys=0.00, real=0.13 secs] 
2016-01-06T01:07:00.457-0800: 199.120: [GC pause (young)
Desired survivor size 112721920 bytes, new threshold 15 (max 15)
- age   1:   20625688 bytes,   20625688 total
- age   2:      36864 bytes,   20662552 total
2016-01-06T01:07:00.603-0800: 199.266: [SoftReference, 0 refs, 0.0000490 secs]2016-01-06T01:07:00.603-0800: 199.266: [WeakReference, 0 refs, 0.0000080 secs]2016-01-06T01:07:00.603-0800: 199.266: [FinalReference, 0 refs, 0.0000050 secs]2016-01-06T01:07:00.603-0800: 199.266: [PhantomReference, 0 refs, 52993 refs, 0.0018820 secs]2016-01-06T01:07:00.605-0800: 199.268: [JNI Weak Reference, 0.0000240 secs], 0.1533680 secs]
   [Parallel Time: 34.3 ms, GC Workers: 4]
      [GC Worker Start (ms): Min: 199119.6, Avg: 199119.7, Max: 199119.9, Diff: 0.3]
      [Ext Root Scanning (ms): Min: 0.2, Avg: 1.3, Max: 4.4, Diff: 4.2, Sum: 5.4]
      [SATB Filtering (ms): Min: 0.0, Avg: 0.0, Max: 0.0, Diff: 0.0, Sum: 0.0]
      [Update RS (ms): Min: 18.0, Avg: 20.9, Max: 22.0, Diff: 4.0, Sum: 83.7]
         [Processed Buffers: Min: 27, Avg: 29.8, Max: 32, Diff: 5, Sum: 119]
      [Scan RS (ms): Min: 0.7, Avg: 0.8, Max: 0.9, Diff: 0.2, Sum: 3.2]
      [Code Root Scanning (ms): Min: 0.1, Avg: 0.1, Max: 0.1, Diff: 0.1, Sum: 0.3]
      [Object Copy (ms): Min: 10.9, Avg: 10.9, Max: 10.9, Diff: 0.1, Sum: 43.5]
      [Termination (ms): Min: 0.0, Avg: 0.0, Max: 0.0, Diff: 0.0, Sum: 0.0]
      [GC Worker Other (ms): Min: 0.0, Avg: 0.1, Max: 0.1, Diff: 0.1, Sum: 0.2]
      [GC Worker Total (ms): Min: 33.9, Avg: 34.1, Max: 34.2, Diff: 0.3, Sum: 136.4]
      [GC Worker End (ms): Min: 199153.8, Avg: 199153.8, Max: 199153.8, Diff: 0.1]
   [Code Root Fixup: 0.0 ms]
   [Code Root Migration: 0.2 ms]
   [Clear CT: 0.4 ms]
   [Other: 118.4 ms]
      [Choose CSet: 0.0 ms]
      [Ref Proc: 113.9 ms]
      [Ref Enq: 2.4 ms]
      [Free CSet: 2.0 ms]
   [Eden: 1693.0M(1693.0M)->0.0B(1693.0M) Survivors: 22.0M->22.0M Heap: 3662.0M(4096.0M)->1969.0M(4096.0M)]
 [Times: user=0.57 sys=0.00, real=0.16 secs] 
2016-01-06T01:07:00.851-0800: 199.514: [GC pause (young)
Desired survivor size 112721920 bytes, new threshold 15 (max 15)
- age   1:   20625688 bytes,   20625688 total
- age   2:      36864 bytes,   20662552 total
2016-01-06T01:07:01.003-0800: 199.666: [SoftReference, 0 refs, 0.0000520 secs]2016-01-06T01:07:01.003-0800: 199.666: [WeakReference, 0 refs, 0.0000070 secs]2016-01-06T01:07:01.003-0800: 199.666: [FinalReference, 0 refs, 0.0000050 secs]2016-01-06T01:07:01.003-0800: 199.666: [PhantomReference, 0 refs, 52991 refs, 0.0017930 secs]2016-01-06T01:07:01.004-0800: 199.667: [JNI Weak Reference, 0.0000080 secs], 0.1587070 secs]
   [Parallel Time: 25.3 ms, GC Workers: 4]
      [GC Worker Start (ms): Min: 199513.9, Avg: 199514.5, Max: 199516.3, Diff: 2.3]
      [Ext Root Scanning (ms): Min: 0.0, Avg: 0.3, Max: 0.5, Diff: 0.5, Sum: 1.3]
      [SATB Filtering (ms): Min: 0.0, Avg: 0.0, Max: 0.0, Diff: 0.0, Sum: 0.0]
      [Update RS (ms): Min: 11.7, Avg: 13.2, Max: 14.1, Diff: 2.4, Sum: 52.9]
         [Processed Buffers: Min: 16, Avg: 17.5, Max: 19, Diff: 3, Sum: 70]
      [Scan RS (ms): Min: 0.5, Avg: 0.8, Max: 1.0, Diff: 0.5, Sum: 3.2]
      [Code Root Scanning (ms): Min: 0.0, Avg: 0.1, Max: 0.1, Diff: 0.1, Sum: 0.3]
      [Object Copy (ms): Min: 10.1, Avg: 10.2, Max: 10.2, Diff: 0.1, Sum: 40.6]
      [Termination (ms): Min: 0.0, Avg: 0.0, Max: 0.0, Diff: 0.0, Sum: 0.0]
      [GC Worker Other (ms): Min: 0.0, Avg: 0.1, Max: 0.1, Diff: 0.1, Sum: 0.2]
      [GC Worker Total (ms): Min: 22.9, Avg: 24.6, Max: 25.2, Diff: 2.3, Sum: 98.5]
      [GC Worker End (ms): Min: 199539.1, Avg: 199539.2, Max: 199539.2, Diff: 0.1]
   [Code Root Fixup: 0.0 ms]
   [Code Root Migration: 0.2 ms]
   [Clear CT: 0.5 ms]
   [Other: 132.7 ms]
      [Choose CSet: 0.0 ms]
      [Ref Proc: 128.2 ms]
      [Ref Enq: 2.4 ms]
      [Free CSet: 1.9 ms]
   [Eden: 1693.0M(1693.0M)->0.0B(1694.0M) Survivors: 22.0M->22.0M Heap: 3662.0M(4096.0M)->1968.5M(4096.0M)]
 [Times: user=0.60 sys=0.01, real=0.16 secs] 
2016-01-06T01:07:01.251-0800: 199.914: [GC pause (young)
Desired survivor size 112721920 bytes, new threshold 15 (max 15)
- age   1:   20625688 bytes,   20625688 total
- age   2:      36864 bytes,   20662552 total
2016-01-06T01:07:01.416-0800: 200.079: [SoftReference, 0 refs, 0.0000380 secs]2016-01-06T01:07:01.416-0800: 200.079: [WeakReference, 0 refs, 0.0000060 secs]2016-01-06T01:07:01.416-0800: 200.079: [FinalReference, 0 refs, 0.0000050 secs]2016-01-06T01:07:01.417-0800: 200.079: [PhantomReference, 0 refs, 53025 refs, 0.0017430 secs]2016-01-06T01:07:01.418-0800: 200.081: [JNI Weak Reference, 0.0000070 secs], 0.1726960 secs]
   [Parallel Time: 36.4 ms, GC Workers: 4]
      [GC Worker Start (ms): Min: 199913.6, Avg: 199913.7, Max: 199913.7, Diff: 0.1]
      [Ext Root Scanning (ms): Min: 0.3, Avg: 0.4, Max: 0.4, Diff: 0.1, Sum: 1.4]
      [SATB Filtering (ms): Min: 0.0, Avg: 0.0, Max: 0.0, Diff: 0.0, Sum: 0.0]
      [Update RS (ms): Min: 17.3, Avg: 17.3, Max: 17.4, Diff: 0.1, Sum: 69.4]
         [Processed Buffers: Min: 22, Avg: 23.5, Max: 25, Diff: 3, Sum: 94]
      [Scan RS (ms): Min: 0.7, Avg: 0.8, Max: 0.9, Diff: 0.2, Sum: 3.2]
      [Code Root Scanning (ms): Min: 0.1, Avg: 0.1, Max: 0.1, Diff: 0.0, Sum: 0.4]
      [Object Copy (ms): Min: 11.8, Avg: 13.3, Max: 17.6, Diff: 5.8, Sum: 53.2]
      [Termination (ms): Min: 0.0, Avg: 4.3, Max: 5.8, Diff: 5.8, Sum: 17.4]
      [GC Worker Other (ms): Min: 0.0, Avg: 0.0, Max: 0.1, Diff: 0.1, Sum: 0.2]
      [GC Worker Total (ms): Min: 36.2, Avg: 36.3, Max: 36.3, Diff: 0.1, Sum: 145.1]
      [GC Worker End (ms): Min: 199949.9, Avg: 199949.9, Max: 199950.0, Diff: 0.1]
   [Code Root Fixup: 0.0 ms]
   [Code Root Migration: 0.2 ms]
   [Clear CT: 0.4 ms]
   [Other: 135.7 ms]
      [Choose CSet: 0.0 ms]
      [Ref Proc: 131.2 ms]
      [Ref Enq: 2.4 ms]
      [Free CSet: 1.9 ms]
   [Eden: 1694.0M(1694.0M)->0.0B(1694.0M) Survivors: 22.0M->22.0M Heap: 3662.5M(4096.0M)->1969.0M(4096.0M)]
 [Times: user=0.60 sys=0.01, real=0.17 secs] 
2016-01-06T01:07:01.696-0800: 200.359: [GC pause (young)
Desired survivor size 112721920 bytes, new threshold 15 (max 15)
- age   1:   20627920 bytes,   20627920 total
- age   2:      36864 bytes,   20664784 total
2016-01-06T01:07:01.882-0800: 200.545: [SoftReference, 0 refs, 0.0000530 secs]2016-01-06T01:07:01.882-0800: 200.545: [WeakReference, 0 refs, 0.0000070 secs]2016-01-06T01:07:01.882-0800: 200.545: [FinalReference, 0 refs, 0.0000050 secs]2016-01-06T01:07:01.882-0800: 200.545: [PhantomReference, 0 refs, 53024 refs, 0.0018850 secs]2016-01-06T01:07:01.884-0800: 200.546: [JNI Weak Reference, 0.0000080 secs], 0.1926870 secs]
   [Parallel Time: 29.7 ms, GC Workers: 4]
      [GC Worker Start (ms): Min: 200359.0, Avg: 200359.3, Max: 200360.1, Diff: 1.1]
      [Ext Root Scanning (ms): Min: 0.0, Avg: 0.3, Max: 0.5, Diff: 0.5, Sum: 1.3]
      [SATB Filtering (ms): Min: 0.0, Avg: 0.0, Max: 0.0, Diff: 0.0, Sum: 0.0]
      [Update RS (ms): Min: 16.9, Avg: 17.3, Max: 17.5, Diff: 0.7, Sum: 69.3]
         [Processed Buffers: Min: 24, Avg: 24.2, Max: 25, Diff: 1, Sum: 97]
      [Scan RS (ms): Min: 0.7, Avg: 0.8, Max: 0.9, Diff: 0.1, Sum: 3.1]
      [Code Root Scanning (ms): Min: 0.1, Avg: 0.1, Max: 0.1, Diff: 0.0, Sum: 0.3]
      [Object Copy (ms): Min: 10.7, Avg: 10.8, Max: 10.8, Diff: 0.1, Sum: 43.0]
      [Termination (ms): Min: 0.0, Avg: 0.0, Max: 0.0, Diff: 0.0, Sum: 0.0]
      [GC Worker Other (ms): Min: 0.0, Avg: 0.1, Max: 0.1, Diff: 0.1, Sum: 0.3]
      [GC Worker Total (ms): Min: 28.5, Avg: 29.3, Max: 29.6, Diff: 1.1, Sum: 117.4]
      [GC Worker End (ms): Min: 200388.6, Avg: 200388.6, Max: 200388.7, Diff: 0.1]
   [Code Root Fixup: 0.0 ms]
   [Code Root Migration: 0.2 ms]
   [Clear CT: 0.4 ms]
   [Other: 162.3 ms]
      [Choose CSet: 0.0 ms]
      [Ref Proc: 157.8 ms]
      [Ref Enq: 2.4 ms]
      [Free CSet: 2.0 ms]
   [Eden: 1694.0M(1694.0M)->0.0B(1694.0M) Survivors: 22.0M->22.0M Heap: 3663.0M(4096.0M)->1969.0M(4096.0M)]
 [Times: user=0.73 sys=0.01, real=0.20 secs] 
2016-01-06T01:07:02.136-0800: 200.799: [GC pause (young)
Desired survivor size 112721920 bytes, new threshold 15 (max 15)
- age   1:   20627920 bytes,   20627920 total
- age   2:      36864 bytes,   20664784 total
2016-01-06T01:07:02.322-0800: 200.985: [SoftReference, 0 refs, 0.0000460 secs]2016-01-06T01:07:02.322-0800: 200.985: [WeakReference, 0 refs, 0.0000110 secs]2016-01-06T01:07:02.322-0800: 200.985: [FinalReference, 0 refs, 0.0000060 secs]2016-01-06T01:07:02.322-0800: 200.985: [PhantomReference, 0 refs, 53024 refs, 0.0018560 secs]2016-01-06T01:07:02.324-0800: 200.987: [JNI Weak Reference, 0.0000090 secs], 0.1936000 secs]
   [Parallel Time: 23.1 ms, GC Workers: 4]
      [GC Worker Start (ms): Min: 200798.9, Avg: 200799.2, Max: 200799.9, Diff: 1.0]
      [Ext Root Scanning (ms): Min: 0.0, Avg: 0.3, Max: 0.5, Diff: 0.5, Sum: 1.3]
      [SATB Filtering (ms): Min: 0.0, Avg: 0.0, Max: 0.0, Diff: 0.0, Sum: 0.0]
      [Update RS (ms): Min: 7.9, Avg: 8.0, Max: 8.1, Diff: 0.2, Sum: 32.0]
         [Processed Buffers: Min: 11, Avg: 12.0, Max: 14, Diff: 3, Sum: 48]
      [Scan RS (ms): Min: 0.6, Avg: 0.8, Max: 0.9, Diff: 0.4, Sum: 3.1]
      [Code Root Scanning (ms): Min: 0.0, Avg: 0.1, Max: 0.1, Diff: 0.1, Sum: 0.3]
      [Object Copy (ms): Min: 10.8, Avg: 11.5, Max: 13.5, Diff: 2.7, Sum: 46.2]
      [Termination (ms): Min: 0.0, Avg: 2.0, Max: 2.7, Diff: 2.7, Sum: 8.2]
      [GC Worker Other (ms): Min: 0.0, Avg: 0.0, Max: 0.0, Diff: 0.0, Sum: 0.1]
      [GC Worker Total (ms): Min: 22.0, Avg: 22.8, Max: 23.0, Diff: 1.0, Sum: 91.1]
      [GC Worker End (ms): Min: 200821.9, Avg: 200822.0, Max: 200822.0, Diff: 0.0]
   [Code Root Fixup: 0.0 ms]
   [Code Root Migration: 0.3 ms]
   [Clear CT: 0.5 ms]
   [Other: 169.7 ms]
      [Choose CSet: 0.0 ms]
      [Ref Proc: 165.0 ms]
      [Ref Enq: 2.4 ms]
      [Free CSet: 2.2 ms]
   [Eden: 1694.0M(1694.0M)->0.0B(1694.0M) Survivors: 22.0M->22.0M Heap: 3663.0M(4096.0M)->1968.5M(4096.0M)]
 [Times: user=0.65 sys=0.01, real=0.20 secs] 
2016-01-06T01:07:02.577-0800: 201.240: [GC pause (young)
Desired survivor size 112721920 bytes, new threshold 15 (max 15)
- age   1:   20627920 bytes,   20627920 total
- age   2:      36864 bytes,   20664784 total
2016-01-06T01:07:02.748-0800: 201.411: [SoftReference, 0 refs, 0.0000400 secs]2016-01-06T01:07:02.748-0800: 201.411: [WeakReference, 0 refs, 0.0000060 secs]2016-01-06T01:07:02.748-0800: 201.411: [FinalReference, 0 refs, 0.0000050 secs]2016-01-06T01:07:02.748-0800: 201.411: [PhantomReference, 0 refs, 53025 refs, 0.0019340 secs]2016-01-06T01:07:02.750-0800: 201.413: [JNI Weak Reference, 0.0000090 secs], 0.1785050 secs]
   [Parallel Time: 11.6 ms, GC Workers: 4]
      [GC Worker Start (ms): Min: 201240.0, Avg: 201241.0, Max: 201243.9, Diff: 4.0]
      [Ext Root Scanning (ms): Min: 0.0, Avg: 0.3, Max: 0.5, Diff: 0.5, Sum: 1.3]
      [SATB Filtering (ms): Min: 0.0, Avg: 0.0, Max: 0.0, Diff: 0.0, Sum: 0.0]
      [Update RS (ms): Min: 0.0, Avg: 0.0, Max: 0.1, Diff: 0.1, Sum: 0.1]
         [Processed Buffers: Min: 0, Avg: 1.2, Max: 3, Diff: 3, Sum: 5]
      [Scan RS (ms): Min: 0.3, Avg: 0.7, Max: 0.9, Diff: 0.6, Sum: 3.0]
      [Code Root Scanning (ms): Min: 0.0, Avg: 0.1, Max: 0.1, Diff: 0.1, Sum: 0.3]
      [Object Copy (ms): Min: 7.1, Avg: 9.2, Max: 10.0, Diff: 2.9, Sum: 36.9]
      [Termination (ms): Min: 0.0, Avg: 0.0, Max: 0.0, Diff: 0.0, Sum: 0.0]
      [GC Worker Other (ms): Min: 0.0, Avg: 0.0, Max: 0.1, Diff: 0.0, Sum: 0.2]
      [GC Worker Total (ms): Min: 7.5, Avg: 10.5, Max: 11.5, Diff: 4.0, Sum: 41.9]
      [GC Worker End (ms): Min: 201251.4, Avg: 201251.4, Max: 201251.5, Diff: 0.0]
   [Code Root Fixup: 0.0 ms]
   [Code Root Migration: 0.2 ms]
   [Clear CT: 0.5 ms]
   [Other: 166.1 ms]
      [Choose CSet: 0.0 ms]
      [Ref Proc: 161.6 ms]
      [Ref Enq: 2.5 ms]
      [Free CSet: 2.0 ms]
   [Eden: 1694.0M(1694.0M)->0.0B(1694.0M) Survivors: 22.0M->22.0M Heap: 3662.5M(4096.0M)->1968.5M(4096.0M)]
 [Times: user=0.66 sys=0.00, real=0.18 secs] 
2016-01-06T01:07:02.999-0800: 201.661: [GC pause (young)
Desired survivor size 112721920 bytes, new threshold 15 (max 15)
- age   1:   20627920 bytes,   20627920 total
- age   2:      36864 bytes,   20664784 total
2016-01-06T01:07:03.199-0800: 201.862: [SoftReference, 0 refs, 0.0000490 secs]2016-01-06T01:07:03.199-0800: 201.862: [WeakReference, 0 refs, 0.0000070 secs]2016-01-06T01:07:03.199-0800: 201.862: [FinalReference, 0 refs, 0.0000050 secs]2016-01-06T01:07:03.199-0800: 201.862: [PhantomReference, 0 refs, 53025 refs, 0.0017950 secs]2016-01-06T01:07:03.201-0800: 201.864: [JNI Weak Reference, 0.0000070 secs], 0.2077710 secs]
   [Parallel Time: 30.1 ms, GC Workers: 4]
      [GC Worker Start (ms): Min: 201661.5, Avg: 201661.6, Max: 201661.6, Diff: 0.1]
      [Ext Root Scanning (ms): Min: 0.3, Avg: 0.4, Max: 0.4, Diff: 0.1, Sum: 1.4]
      [SATB Filtering (ms): Min: 0.0, Avg: 0.0, Max: 0.0, Diff: 0.0, Sum: 0.0]
      [Update RS (ms): Min: 18.4, Avg: 18.6, Max: 18.9, Diff: 0.5, Sum: 74.3]
         [Processed Buffers: Min: 25, Avg: 25.0, Max: 25, Diff: 0, Sum: 100]
      [Scan RS (ms): Min: 0.4, Avg: 0.8, Max: 0.9, Diff: 0.5, Sum: 3.0]
      [Code Root Scanning (ms): Min: 0.0, Avg: 0.1, Max: 0.1, Diff: 0.1, Sum: 0.4]
      [Object Copy (ms): Min: 10.1, Avg: 10.1, Max: 10.2, Diff: 0.1, Sum: 40.6]
      [Termination (ms): Min: 0.0, Avg: 0.0, Max: 0.0, Diff: 0.0, Sum: 0.0]
      [GC Worker Other (ms): Min: 0.0, Avg: 0.1, Max: 0.1, Diff: 0.1, Sum: 0.3]
      [GC Worker Total (ms): Min: 30.0, Avg: 30.0, Max: 30.0, Diff: 0.1, Sum: 120.0]
      [GC Worker End (ms): Min: 201691.5, Avg: 201691.6, Max: 201691.6, Diff: 0.1]
   [Code Root Fixup: 0.0 ms]
   [Code Root Migration: 0.2 ms]
   [Clear CT: 0.4 ms]
   [Other: 177.0 ms]
      [Choose CSet: 0.0 ms]
      [Ref Proc: 172.5 ms]
      [Ref Enq: 2.4 ms]
      [Free CSet: 2.0 ms]
   [Eden: 1694.0M(1694.0M)->0.0B(1694.0M) Survivors: 22.0M->22.0M Heap: 3662.5M(4096.0M)->1969.0M(4096.0M)]
 [Times: user=0.78 sys=0.01, real=0.21 secs] 
2016-01-06T01:07:03.468-0800: 202.131: [GC pause (young)
Desired survivor size 112721920 bytes, new threshold 15 (max 15)
- age   1:   20627920 bytes,   20627920 total
- age   2:      36864 bytes,   20664784 total
2016-01-06T01:07:03.668-0800: 202.331: [SoftReference, 0 refs, 0.0000600 secs]2016-01-06T01:07:03.668-0800: 202.331: [WeakReference, 0 refs, 0.0000120 secs]2016-01-06T01:07:03.668-0800: 202.331: [FinalReference, 0 refs, 0.0000100 secs]2016-01-06T01:07:03.668-0800: 202.331: [PhantomReference, 0 refs, 53026 refs, 0.0028410 secs]2016-01-06T01:07:03.671-0800: 202.334: [JNI Weak Reference, 0.0000140 secs], 0.2113590 secs]
   [Parallel Time: 19.6 ms, GC Workers: 4]
      [GC Worker Start (ms): Min: 202130.6, Avg: 202130.7, Max: 202130.9, Diff: 0.3]
      [Ext Root Scanning (ms): Min: 0.2, Avg: 0.3, Max: 0.5, Diff: 0.3, Sum: 1.4]
      [SATB Filtering (ms): Min: 0.0, Avg: 0.0, Max: 0.0, Diff: 0.0, Sum: 0.0]
      [Update RS (ms): Min: 7.0, Avg: 7.1, Max: 7.1, Diff: 0.1, Sum: 28.3]
         [Processed Buffers: Min: 10, Avg: 10.8, Max: 13, Diff: 3, Sum: 43]
      [Scan RS (ms): Min: 0.7, Avg: 0.8, Max: 0.8, Diff: 0.0, Sum: 3.0]
      [Code Root Scanning (ms): Min: 0.1, Avg: 0.1, Max: 0.1, Diff: 0.0, Sum: 0.3]
      [Object Copy (ms): Min: 11.0, Avg: 11.1, Max: 11.1, Diff: 0.1, Sum: 44.3]
      [Termination (ms): Min: 0.0, Avg: 0.0, Max: 0.0, Diff: 0.0, Sum: 0.0]
      [GC Worker Other (ms): Min: 0.0, Avg: 0.1, Max: 0.1, Diff: 0.1, Sum: 0.3]
      [GC Worker Total (ms): Min: 19.2, Avg: 19.4, Max: 19.5, Diff: 0.3, Sum: 77.6]
      [GC Worker End (ms): Min: 202150.1, Avg: 202150.1, Max: 202150.1, Diff: 0.1]
   [Code Root Fixup: 0.0 ms]
   [Code Root Migration: 0.3 ms]
   [Clear CT: 0.6 ms]
   [Other: 190.9 ms]
      [Choose CSet: 0.0 ms]
      [Ref Proc: 183.8 ms]
      [Ref Enq: 3.6 ms]
      [Free CSet: 3.4 ms]
   [Eden: 1694.0M(1694.0M)->0.0B(182.0M) Survivors: 22.0M->22.0M Heap: 3663.0M(4096.0M)->1968.5M(4096.0M)]
 [Times: user=0.74 sys=0.01, real=0.21 secs] 
2016-01-06T01:07:03.711-0800: 202.374: [GC pause (young)
Desired survivor size 13631488 bytes, new threshold 1 (max 15)
- age   1:   20627920 bytes,   20627920 total
- age   2:      36864 bytes,   20664784 total
2016-01-06T01:07:03.885-0800: 202.548: [SoftReference, 0 refs, 0.0000420 secs]2016-01-06T01:07:03.885-0800: 202.548: [WeakReference, 0 refs, 0.0000060 secs]2016-01-06T01:07:03.885-0800: 202.548: [FinalReference, 0 refs, 0.0000060 secs]2016-01-06T01:07:03.885-0800: 202.548: [PhantomReference, 0 refs, 6153 refs, 0.0002330 secs]2016-01-06T01:07:03.886-0800: 202.549: [JNI Weak Reference, 0.0000070 secs], 0.1752190 secs]
   [Parallel Time: 3.0 ms, GC Workers: 4]
      [GC Worker Start (ms): Min: 202374.2, Avg: 202374.3, Max: 202374.3, Diff: 0.1]
      [Ext Root Scanning (ms): Min: 0.3, Avg: 0.4, Max: 0.4, Diff: 0.1, Sum: 1.5]
      [SATB Filtering (ms): Min: 0.0, Avg: 0.0, Max: 0.0, Diff: 0.0, Sum: 0.0]
      [Update RS (ms): Min: 0.0, Avg: 0.1, Max: 0.4, Diff: 0.4, Sum: 0.6]
         [Processed Buffers: Min: 0, Avg: 1.0, Max: 3, Diff: 3, Sum: 4]
      [Scan RS (ms): Min: 0.0, Avg: 0.1, Max: 0.2, Diff: 0.1, Sum: 0.3]
      [Code Root Scanning (ms): Min: 0.0, Avg: 0.0, Max: 0.0, Diff: 0.0, Sum: 0.0]
      [Object Copy (ms): Min: 2.1, Avg: 2.3, Max: 2.3, Diff: 0.2, Sum: 9.0]
      [Termination (ms): Min: 0.0, Avg: 0.0, Max: 0.0, Diff: 0.0, Sum: 0.0]
      [GC Worker Other (ms): Min: 0.0, Avg: 0.0, Max: 0.0, Diff: 0.0, Sum: 0.1]
      [GC Worker Total (ms): Min: 2.9, Avg: 2.9, Max: 2.9, Diff: 0.1, Sum: 11.5]
      [GC Worker End (ms): Min: 202377.1, Avg: 202377.2, Max: 202377.2, Diff: 0.0]
   [Code Root Fixup: 0.0 ms]
   [Code Root Migration: 0.0 ms]
   [Clear CT: 0.1 ms]
   [Other: 172.0 ms]
      [Choose CSet: 0.0 ms]
      [Ref Proc: 171.3 ms]
      [Ref Enq: 0.3 ms]
      [Free CSet: 0.3 ms]
   [Eden: 182.0M(182.0M)->0.0B(1159.0M) Survivors: 22.0M->19.0M Heap: 2150.5M(4096.0M)->1965.5M(4096.0M)]
 [Times: user=0.68 sys=0.01, real=0.18 secs] 
2016-01-06T01:07:04.051-0800: 202.714: [GC pause (young)
Desired survivor size 77594624 bytes, new threshold 15 (max 15)
- age   1:   17253136 bytes,   17253136 total
2016-01-06T01:07:04.260-0800: 202.923: [SoftReference, 0 refs, 0.0000400 secs]2016-01-06T01:07:04.260-0800: 202.923: [WeakReference, 0 refs, 0.0000070 secs]2016-01-06T01:07:04.260-0800: 202.923: [FinalReference, 0 refs, 0.0000050 secs]2016-01-06T01:07:04.260-0800: 202.923: [PhantomReference, 0 refs, 36437 refs, 0.0013730 secs]2016-01-06T01:07:04.262-0800: 202.924: [JNI Weak Reference, 0.0000090 secs], 0.2144710 secs]
   [Parallel Time: 29.3 ms, GC Workers: 4]
      [GC Worker Start (ms): Min: 202713.8, Avg: 202713.8, Max: 202713.8, Diff: 0.1]
      [Ext Root Scanning (ms): Min: 0.3, Avg: 0.4, Max: 0.4, Diff: 0.1, Sum: 1.4]
      [SATB Filtering (ms): Min: 0.0, Avg: 0.0, Max: 0.0, Diff: 0.0, Sum: 0.0]
      [Update RS (ms): Min: 20.8, Avg: 20.9, Max: 21.0, Diff: 0.2, Sum: 83.7]
         [Processed Buffers: Min: 28, Avg: 28.2, Max: 29, Diff: 1, Sum: 113]
      [Scan RS (ms): Min: 0.5, Avg: 0.6, Max: 0.6, Diff: 0.1, Sum: 2.3]
      [Code Root Scanning (ms): Min: 0.0, Avg: 0.1, Max: 0.1, Diff: 0.0, Sum: 0.2]
      [Object Copy (ms): Min: 7.2, Avg: 7.2, Max: 7.2, Diff: 0.0, Sum: 28.8]
      [Termination (ms): Min: 0.0, Avg: 0.0, Max: 0.0, Diff: 0.0, Sum: 0.0]
      [GC Worker Other (ms): Min: 0.0, Avg: 0.1, Max: 0.1, Diff: 0.0, Sum: 0.2]
      [GC Worker Total (ms): Min: 29.1, Avg: 29.1, Max: 29.2, Diff: 0.1, Sum: 116.6]
      [GC Worker End (ms): Min: 202742.9, Avg: 202742.9, Max: 202743.0, Diff: 0.0]
   [Code Root Fixup: 0.0 ms]
   [Code Root Migration: 0.2 ms]
   [Clear CT: 0.3 ms]
   [Other: 184.7 ms]
      [Choose CSet: 0.0 ms]
      [Ref Proc: 181.4 ms]
      [Ref Enq: 1.7 ms]
      [Free CSet: 1.5 ms]
   [Eden: 1159.0M(1159.0M)->0.0B(183.0M) Survivors: 19.0M->21.0M Heap: 3124.5M(4096.0M)->1967.5M(4096.0M)]
 [Times: user=0.78 sys=0.00, real=0.22 secs] 
2016-01-06T01:07:04.293-0800: 202.956: [GC pause (young)
Desired survivor size 13631488 bytes, new threshold 1 (max 15)
- age   1:   19433800 bytes,   19433800 total
- age   2:      36864 bytes,   19470664 total
2016-01-06T01:07:04.486-0800: 203.149: [SoftReference, 0 refs, 0.0000450 secs]2016-01-06T01:07:04.487-0800: 203.149: [WeakReference, 0 refs, 0.0000070 secs]2016-01-06T01:07:04.487-0800: 203.149: [FinalReference, 0 refs, 0.0000050 secs]2016-01-06T01:07:04.487-0800: 203.149: [PhantomReference, 0 refs, 6182 refs, 0.0002360 secs]2016-01-06T01:07:04.487-0800: 203.150: [JNI Weak Reference, 0.0000080 secs], 0.1943190 secs]
   [Parallel Time: 7.4 ms, GC Workers: 4]
      [GC Worker Start (ms): Min: 202956.3, Avg: 202957.2, Max: 202959.9, Diff: 3.6]
      [Ext Root Scanning (ms): Min: 0.0, Avg: 0.3, Max: 0.5, Diff: 0.4, Sum: 1.3]
      [SATB Filtering (ms): Min: 0.0, Avg: 0.0, Max: 0.0, Diff: 0.0, Sum: 0.0]
      [Update RS (ms): Min: 1.4, Avg: 3.7, Max: 4.5, Diff: 3.1, Sum: 14.8]
         [Processed Buffers: Min: 2, Avg: 6.8, Max: 12, Diff: 10, Sum: 27]
      [Scan RS (ms): Min: 0.0, Avg: 0.1, Max: 0.2, Diff: 0.2, Sum: 0.3]
      [Code Root Scanning (ms): Min: 0.0, Avg: 0.0, Max: 0.0, Diff: 0.0, Sum: 0.0]
      [Object Copy (ms): Min: 2.3, Avg: 2.3, Max: 2.3, Diff: 0.0, Sum: 9.2]
      [Termination (ms): Min: 0.0, Avg: 0.0, Max: 0.0, Diff: 0.0, Sum: 0.0]
      [GC Worker Other (ms): Min: 0.0, Avg: 0.0, Max: 0.0, Diff: 0.0, Sum: 0.1]
      [GC Worker Total (ms): Min: 3.7, Avg: 6.4, Max: 7.3, Diff: 3.6, Sum: 25.7]
      [GC Worker End (ms): Min: 202963.7, Avg: 202963.7, Max: 202963.7, Diff: 0.0]
   [Code Root Fixup: 0.0 ms]
   [Code Root Migration: 0.0 ms]
   [Clear CT: 0.1 ms]
   [Other: 186.7 ms]
      [Choose CSet: 0.0 ms]
      [Ref Proc: 186.0 ms]
      [Ref Enq: 0.3 ms]
      [Free CSet: 0.3 ms]
   [Eden: 183.0M(183.0M)->0.0B(185.0M) Survivors: 21.0M->19.0M Heap: 2150.5M(4096.0M)->1965.5M(4096.0M)]
 [Times: user=0.70 sys=0.00, real=0.20 secs] 
2016-01-06T01:07:04.514-0800: 203.177: [GC pause (young)
Desired survivor size 13631488 bytes, new threshold 1 (max 15)
- age   1:   17255368 bytes,   17255368 total
2016-01-06T01:07:04.701-0800: 203.364: [SoftReference, 0 refs, 0.0000480 secs]2016-01-06T01:07:04.701-0800: 203.364: [WeakReference, 0 refs, 0.0000070 secs]2016-01-06T01:07:04.701-0800: 203.364: [FinalReference, 0 refs, 0.0000050 secs]2016-01-06T01:07:04.701-0800: 203.364: [PhantomReference, 0 refs, 6244 refs, 0.0002280 secs]2016-01-06T01:07:04.702-0800: 203.365: [JNI Weak Reference, 0.0000080 secs], 0.1882050 secs]
   [Parallel Time: 5.9 ms, GC Workers: 4]
      [GC Worker Start (ms): Min: 203177.2, Avg: 203177.9, Max: 203179.9, Diff: 2.7]
      [Ext Root Scanning (ms): Min: 0.0, Avg: 0.3, Max: 0.5, Diff: 0.5, Sum: 1.3]
      [SATB Filtering (ms): Min: 0.0, Avg: 0.0, Max: 0.0, Diff: 0.0, Sum: 0.0]
      [Update RS (ms): Min: 0.7, Avg: 2.3, Max: 3.0, Diff: 2.3, Sum: 9.3]
         [Processed Buffers: Min: 1, Avg: 4.5, Max: 8, Diff: 7, Sum: 18]
      [Scan RS (ms): Min: 0.0, Avg: 0.1, Max: 0.2, Diff: 0.1, Sum: 0.3]
      [Code Root Scanning (ms): Min: 0.0, Avg: 0.0, Max: 0.0, Diff: 0.0, Sum: 0.0]
      [Object Copy (ms): Min: 2.3, Avg: 2.3, Max: 2.4, Diff: 0.0, Sum: 9.4]
      [Termination (ms): Min: 0.0, Avg: 0.0, Max: 0.0, Diff: 0.0, Sum: 0.0]
      [GC Worker Other (ms): Min: 0.0, Avg: 0.0, Max: 0.0, Diff: 0.0, Sum: 0.1]
      [GC Worker Total (ms): Min: 3.1, Avg: 5.1, Max: 5.8, Diff: 2.7, Sum: 20.5]
      [GC Worker End (ms): Min: 203183.0, Avg: 203183.0, Max: 203183.0, Diff: 0.0]
   [Code Root Fixup: 0.0 ms]
   [Code Root Migration: 0.0 ms]
   [Clear CT: 0.1 ms]
   [Other: 182.2 ms]
      [Choose CSet: 0.0 ms]
      [Ref Proc: 181.5 ms]
      [Ref Enq: 0.3 ms]
      [Free CSet: 0.3 ms]
   [Eden: 185.0M(185.0M)->0.0B(185.0M) Survivors: 19.0M->19.0M Heap: 2150.5M(4096.0M)->1965.6M(4096.0M)]
 [Times: user=0.73 sys=0.00, real=0.19 secs] 
2016-01-06T01:07:04.729-0800: 203.392: [GC pause (young)
Desired survivor size 13631488 bytes, new threshold 1 (max 15)
- age   1:   17259832 bytes,   17259832 total
2016-01-06T01:07:04.916-0800: 203.579: [SoftReference, 0 refs, 0.0000460 secs]2016-01-06T01:07:04.916-0800: 203.579: [WeakReference, 0 refs, 0.0000060 secs]2016-01-06T01:07:04.916-0800: 203.579: [FinalReference, 0 refs, 0.0000050 secs]2016-01-06T01:07:04.916-0800: 203.579: [PhantomReference, 0 refs, 6243 refs, 0.0002340 secs]2016-01-06T01:07:04.917-0800: 203.580: [JNI Weak Reference, 0.0000080 secs], 0.1890160 secs]
   [Parallel Time: 2.9 ms, GC Workers: 4]
      [GC Worker Start (ms): Min: 203391.6, Avg: 203391.7, Max: 203391.7, Diff: 0.1]
      [Ext Root Scanning (ms): Min: 0.3, Avg: 0.4, Max: 0.4, Diff: 0.1, Sum: 1.5]
      [SATB Filtering (ms): Min: 0.0, Avg: 0.0, Max: 0.0, Diff: 0.0, Sum: 0.0]
      [Update RS (ms): Min: 0.0, Avg: 0.1, Max: 0.2, Diff: 0.2, Sum: 0.3]
         [Processed Buffers: Min: 0, Avg: 1.0, Max: 2, Diff: 2, Sum: 4]
      [Scan RS (ms): Min: 0.0, Avg: 0.1, Max: 0.1, Diff: 0.1, Sum: 0.3]
      [Code Root Scanning (ms): Min: 0.0, Avg: 0.0, Max: 0.0, Diff: 0.0, Sum: 0.0]
      [Object Copy (ms): Min: 2.3, Avg: 2.3, Max: 2.3, Diff: 0.0, Sum: 9.1]
      [Termination (ms): Min: 0.0, Avg: 0.0, Max: 0.0, Diff: 0.0, Sum: 0.0]
      [GC Worker Other (ms): Min: 0.0, Avg: 0.0, Max: 0.0, Diff: 0.0, Sum: 0.1]
      [GC Worker Total (ms): Min: 2.8, Avg: 2.8, Max: 2.9, Diff: 0.1, Sum: 11.3]
      [GC Worker End (ms): Min: 203394.5, Avg: 203394.5, Max: 203394.5, Diff: 0.0]
   [Code Root Fixup: 0.0 ms]
   [Code Root Migration: 0.0 ms]
   [Clear CT: 0.2 ms]
   [Other: 185.9 ms]
      [Choose CSet: 0.0 ms]
      [Ref Proc: 185.1 ms]
      [Ref Enq: 0.3 ms]
      [Free CSet: 0.4 ms]
   [Eden: 185.0M(185.0M)->0.0B(549.0M) Survivors: 19.0M->19.0M Heap: 2150.6M(4096.0M)->1965.6M(4096.0M)]
 [Times: user=0.74 sys=0.01, real=0.19 secs] 
2016-01-06T01:07:04.995-0800: 203.658: [GC pause (young)
Desired survivor size 37224448 bytes, new threshold 15 (max 15)
- age   1:   17259832 bytes,   17259832 total
2016-01-06T01:07:05.188-0800: 203.851: [SoftReference, 0 refs, 0.0000450 secs]2016-01-06T01:07:05.188-0800: 203.851: [WeakReference, 0 refs, 0.0000070 secs]2016-01-06T01:07:05.188-0800: 203.851: [FinalReference, 0 refs, 0.0000060 secs]2016-01-06T01:07:05.188-0800: 203.851: [PhantomReference, 0 refs, 17527 refs, 0.0006260 secs]2016-01-06T01:07:05.189-0800: 203.852: [JNI Weak Reference, 0.0000070 secs], 0.1951370 secs]
   [Parallel Time: 7.4 ms, GC Workers: 4]
      [GC Worker Start (ms): Min: 203658.4, Avg: 203658.8, Max: 203659.9, Diff: 1.5]
      [Ext Root Scanning (ms): Min: 0.0, Avg: 0.3, Max: 0.5, Diff: 0.5, Sum: 1.3]
      [SATB Filtering (ms): Min: 0.0, Avg: 0.0, Max: 0.0, Diff: 0.0, Sum: 0.0]
      [Update RS (ms): Min: 0.0, Avg: 0.3, Max: 0.6, Diff: 0.6, Sum: 1.4]
         [Processed Buffers: Min: 0, Avg: 1.5, Max: 4, Diff: 4, Sum: 6]
      [Scan RS (ms): Min: 0.0, Avg: 0.2, Max: 0.5, Diff: 0.5, Sum: 0.7]
      [Code Root Scanning (ms): Min: 0.0, Avg: 0.0, Max: 0.1, Diff: 0.1, Sum: 0.1]
      [Object Copy (ms): Min: 5.8, Avg: 6.1, Max: 6.2, Diff: 0.4, Sum: 24.2]
      [Termination (ms): Min: 0.0, Avg: 0.0, Max: 0.0, Diff: 0.0, Sum: 0.0]
      [GC Worker Other (ms): Min: 0.0, Avg: 0.0, Max: 0.1, Diff: 0.0, Sum: 0.1]
      [GC Worker Total (ms): Min: 5.8, Avg: 6.9, Max: 7.3, Diff: 1.5, Sum: 27.8]
      [GC Worker End (ms): Min: 203665.8, Avg: 203665.8, Max: 203665.8, Diff: 0.0]
   [Code Root Fixup: 0.0 ms]
   [Code Root Migration: 0.1 ms]
   [Clear CT: 0.2 ms]
   [Other: 187.4 ms]
      [Choose CSet: 0.0 ms]
      [Ref Proc: 185.8 ms]
      [Ref Enq: 0.8 ms]
      [Free CSet: 0.8 ms]
   [Eden: 549.0M(549.0M)->0.0B(652.0M) Survivors: 19.0M->19.0M Heap: 2514.6M(4096.0M)->1966.1M(4096.0M)]
 [Times: user=0.75 sys=0.00, real=0.20 secs] 
2016-01-06T01:07:05.284-0800: 203.947: [GC pause (young)
Desired survivor size 44040192 bytes, new threshold 15 (max 15)
- age   1:   18072280 bytes,   18072280 total
- age   2:      36864 bytes,   18109144 total
2016-01-06T01:07:05.485-0800: 204.148: [SoftReference, 0 refs, 0.0000490 secs]2016-01-06T01:07:05.485-0800: 204.148: [WeakReference, 0 refs, 0.0000080 secs]2016-01-06T01:07:05.485-0800: 204.148: [FinalReference, 0 refs, 0.0000060 secs]2016-01-06T01:07:05.485-0800: 204.148: [PhantomReference, 0 refs, 20722 refs, 0.0007410 secs]2016-01-06T01:07:05.486-0800: 204.149: [JNI Weak Reference, 0.0000080 secs], 0.2043430 secs]
   [Parallel Time: 14.7 ms, GC Workers: 4]
      [GC Worker Start (ms): Min: 203947.0, Avg: 203947.0, Max: 203947.0, Diff: 0.1]
      [Ext Root Scanning (ms): Min: 0.3, Avg: 0.4, Max: 0.4, Diff: 0.1, Sum: 1.4]
      [SATB Filtering (ms): Min: 0.0, Avg: 0.0, Max: 0.0, Diff: 0.0, Sum: 0.0]
      [Update RS (ms): Min: 8.8, Avg: 9.2, Max: 9.4, Diff: 0.6, Sum: 37.0]
         [Processed Buffers: Min: 13, Avg: 13.8, Max: 15, Diff: 2, Sum: 55]
      [Scan RS (ms): Min: 0.1, Avg: 0.3, Max: 0.7, Diff: 0.6, Sum: 1.1]
      [Code Root Scanning (ms): Min: 0.0, Avg: 0.0, Max: 0.1, Diff: 0.1, Sum: 0.1]
      [Object Copy (ms): Min: 4.6, Avg: 4.6, Max: 4.6, Diff: 0.0, Sum: 18.5]
      [Termination (ms): Min: 0.0, Avg: 0.0, Max: 0.0, Diff: 0.0, Sum: 0.0]
      [GC Worker Other (ms): Min: 0.0, Avg: 0.0, Max: 0.1, Diff: 0.0, Sum: 0.2]
      [GC Worker Total (ms): Min: 14.6, Avg: 14.6, Max: 14.6, Diff: 0.0, Sum: 58.3]
      [GC Worker End (ms): Min: 203961.6, Avg: 203961.6, Max: 203961.6, Diff: 0.0]
   [Code Root Fixup: 0.0 ms]
   [Code Root Migration: 0.1 ms]
   [Clear CT: 0.2 ms]
   [Other: 189.3 ms]
      [Choose CSet: 0.0 ms]
      [Ref Proc: 187.4 ms]
      [Ref Enq: 0.9 ms]
      [Free CSet: 0.9 ms]
   [Eden: 652.0M(652.0M)->0.0B(184.0M) Survivors: 19.0M->20.0M Heap: 2618.1M(4096.0M)->1967.1M(4096.0M)]
 [Times: user=0.77 sys=0.00, real=0.21 secs] 
2016-01-06T01:07:05.516-0800: 204.178: [GC pause (young)
Desired survivor size 13631488 bytes, new threshold 1 (max 15)
- age   1:   18302176 bytes,   18302176 total
- age   2:      36864 bytes,   18339040 total
2016-01-06T01:07:05.719-0800: 204.382: [SoftReference, 0 refs, 0.0000490 secs]2016-01-06T01:07:05.719-0800: 204.382: [WeakReference, 0 refs, 0.0000120 secs]2016-01-06T01:07:05.719-0800: 204.382: [FinalReference, 0 refs, 0.0000100 secs]2016-01-06T01:07:05.719-0800: 204.382: [PhantomReference, 0 refs, 6214 refs, 0.0003570 secs]2016-01-06T01:07:05.719-0800: 204.382: [JNI Weak Reference, 0.0000110 secs], 0.2043960 secs]
   [Parallel Time: 6.1 ms, GC Workers: 4]
      [GC Worker Start (ms): Min: 204178.5, Avg: 204178.6, Max: 204178.6, Diff: 0.1]
      [Ext Root Scanning (ms): Min: 0.3, Avg: 0.4, Max: 0.4, Diff: 0.1, Sum: 1.4]
      [SATB Filtering (ms): Min: 0.0, Avg: 0.0, Max: 0.0, Diff: 0.0, Sum: 0.0]
      [Update RS (ms): Min: 3.0, Avg: 3.3, Max: 3.6, Diff: 0.6, Sum: 13.1]
         [Processed Buffers: Min: 4, Avg: 5.2, Max: 6, Diff: 2, Sum: 21]
      [Scan RS (ms): Min: 0.0, Avg: 0.1, Max: 0.2, Diff: 0.2, Sum: 0.3]
      [Code Root Scanning (ms): Min: 0.0, Avg: 0.0, Max: 0.0, Diff: 0.0, Sum: 0.0]
      [Object Copy (ms): Min: 2.0, Avg: 2.2, Max: 2.4, Diff: 0.3, Sum: 8.9]
      [Termination (ms): Min: 0.0, Avg: 0.0, Max: 0.0, Diff: 0.0, Sum: 0.0]
      [GC Worker Other (ms): Min: 0.0, Avg: 0.0, Max: 0.0, Diff: 0.0, Sum: 0.1]
      [GC Worker Total (ms): Min: 5.9, Avg: 6.0, Max: 6.0, Diff: 0.1, Sum: 23.9]
      [GC Worker End (ms): Min: 204184.5, Avg: 204184.5, Max: 204184.5, Diff: 0.0]
   [Code Root Fixup: 0.0 ms]
   [Code Root Migration: 0.0 ms]
   [Clear CT: 0.2 ms]
   [Other: 198.1 ms]
      [Choose CSet: 0.0 ms]
      [Ref Proc: 197.4 ms]
      [Ref Enq: 0.3 ms]
      [Free CSet: 0.3 ms]
   [Eden: 184.0M(184.0M)->0.0B(185.0M) Survivors: 20.0M->19.0M Heap: 2151.1M(4096.0M)->1965.7M(4096.0M)]
 [Times: user=0.74 sys=0.00, real=0.21 secs] 
2016-01-06T01:07:05.754-0800: 204.417: [GC pause (young)
Desired survivor size 13631488 bytes, new threshold 1 (max 15)
- age   1:   17257600 bytes,   17257600 total
2016-01-06T01:07:05.949-0800: 204.612: [SoftReference, 0 refs, 0.0000430 secs]2016-01-06T01:07:05.949-0800: 204.612: [WeakReference, 0 refs, 0.0000060 secs]2016-01-06T01:07:05.949-0800: 204.612: [FinalReference, 0 refs, 0.0000050 secs]2016-01-06T01:07:05.949-0800: 204.612: [PhantomReference, 0 refs, 6244 refs, 0.0002310 secs]2016-01-06T01:07:05.949-0800: 204.612: [JNI Weak Reference, 0.0000070 secs], 0.1962630 secs]
   [Parallel Time: 3.9 ms, GC Workers: 4]
      [GC Worker Start (ms): Min: 204416.8, Avg: 204417.7, Max: 204420.6, Diff: 3.8]
      [Ext Root Scanning (ms): Min: 0.0, Avg: 0.4, Max: 0.5, Diff: 0.5, Sum: 1.4]
      [SATB Filtering (ms): Min: 0.0, Avg: 0.0, Max: 0.0, Diff: 0.0, Sum: 0.0]
      [Update RS (ms): Min: 0.0, Avg: 0.1, Max: 0.2, Diff: 0.2, Sum: 0.3]
         [Processed Buffers: Min: 0, Avg: 1.2, Max: 3, Diff: 3, Sum: 5]
      [Scan RS (ms): Min: 0.0, Avg: 0.1, Max: 0.1, Diff: 0.1, Sum: 0.4]
      [Code Root Scanning (ms): Min: 0.0, Avg: 0.0, Max: 0.0, Diff: 0.0, Sum: 0.0]
      [Object Copy (ms): Min: 0.0, Avg: 1.8, Max: 2.4, Diff: 2.4, Sum: 7.2]
      [Termination (ms): Min: 0.0, Avg: 0.5, Max: 0.7, Diff: 0.7, Sum: 2.1]
      [GC Worker Other (ms): Min: 0.0, Avg: 0.0, Max: 0.0, Diff: 0.0, Sum: 0.0]
      [GC Worker Total (ms): Min: 0.1, Avg: 2.9, Max: 3.9, Diff: 3.8, Sum: 11.6]
      [GC Worker End (ms): Min: 204420.6, Avg: 204420.6, Max: 204420.7, Diff: 0.0]
   [Code Root Fixup: 0.0 ms]
   [Code Root Migration: 0.0 ms]
   [Clear CT: 0.1 ms]
   [Other: 192.2 ms]
      [Choose CSet: 0.0 ms]
      [Ref Proc: 191.5 ms]
      [Ref Enq: 0.3 ms]
      [Free CSet: 0.3 ms]
   [Eden: 185.0M(185.0M)->0.0B(186.0M) Survivors: 19.0M->18.0M Heap: 2150.7M(4096.0M)->1965.2M(4096.0M)]
 [Times: user=0.69 sys=0.00, real=0.20 secs] 
2016-01-06T01:07:05.977-0800: 204.639: [GC pause (young)
Desired survivor size 13631488 bytes, new threshold 1 (max 15)
- age   1:   17259832 bytes,   17259832 total
2016-01-06T01:07:06.167-0800: 204.830: [SoftReference, 0 refs, 0.0000440 secs]2016-01-06T01:07:06.167-0800: 204.830: [WeakReference, 0 refs, 0.0000060 secs]2016-01-06T01:07:06.167-0800: 204.830: [FinalReference, 0 refs, 0.0000060 secs]2016-01-06T01:07:06.167-0800: 204.830: [PhantomReference, 0 refs, 6275 refs, 0.0002310 secs]2016-01-06T01:07:06.168-0800: 204.831: [JNI Weak Reference, 0.0000080 secs], 0.1920160 secs]
   [Parallel Time: 2.9 ms, GC Workers: 4]
      [GC Worker Start (ms): Min: 204639.6, Avg: 204639.6, Max: 204639.6, Diff: 0.1]
      [Ext Root Scanning (ms): Min: 0.3, Avg: 0.4, Max: 0.4, Diff: 0.1, Sum: 1.5]
      [SATB Filtering (ms): Min: 0.0, Avg: 0.0, Max: 0.0, Diff: 0.0, Sum: 0.0]
      [Update RS (ms): Min: 0.0, Avg: 0.1, Max: 0.2, Diff: 0.2, Sum: 0.3]
         [Processed Buffers: Min: 0, Avg: 1.0, Max: 2, Diff: 2, Sum: 4]
      [Scan RS (ms): Min: 0.0, Avg: 0.1, Max: 0.1, Diff: 0.1, Sum: 0.3]
      [Code Root Scanning (ms): Min: 0.0, Avg: 0.0, Max: 0.0, Diff: 0.0, Sum: 0.0]
      [Object Copy (ms): Min: 2.2, Avg: 2.2, Max: 2.2, Diff: 0.0, Sum: 8.8]
      [Termination (ms): Min: 0.0, Avg: 0.0, Max: 0.0, Diff: 0.0, Sum: 0.0]
      [GC Worker Other (ms): Min: 0.0, Avg: 0.0, Max: 0.1, Diff: 0.0, Sum: 0.2]
      [GC Worker Total (ms): Min: 2.8, Avg: 2.8, Max: 2.8, Diff: 0.1, Sum: 11.2]
      [GC Worker End (ms): Min: 204642.4, Avg: 204642.4, Max: 204642.4, Diff: 0.0]
   [Code Root Fixup: 0.0 ms]
   [Code Root Migration: 0.0 ms]
   [Clear CT: 0.2 ms]
   [Other: 188.9 ms]
      [Choose CSet: 0.0 ms]
      [Ref Proc: 188.2 ms]
      [Ref Enq: 0.3 ms]
      [Free CSet: 0.3 ms]
   [Eden: 186.0M(186.0M)->0.0B(303.0M) Survivors: 18.0M->19.0M Heap: 2151.2M(4096.0M)->1965.7M(4096.0M)]
 [Times: user=0.74 sys=0.00, real=0.20 secs] 
2016-01-06T01:07:06.215-0800: 204.878: [GC pause (young)
Desired survivor size 21495808 bytes, new threshold 15 (max 15)
- age   1:   17262064 bytes,   17262064 total
2016-01-06T01:07:06.436-0800: 205.099: [SoftReference, 0 refs, 0.0000530 secs]2016-01-06T01:07:06.436-0800: 205.099: [WeakReference, 0 refs, 0.0000070 secs]2016-01-06T01:07:06.436-0800: 205.099: [FinalReference, 0 refs, 0.0000060 secs]2016-01-06T01:07:06.436-0800: 205.099: [PhantomReference, 0 refs, 9901 refs, 0.0003780 secs]2016-01-06T01:07:06.436-0800: 205.099: [JNI Weak Reference, 0.0000080 secs], 0.2223300 secs]
   [Parallel Time: 3.3 ms, GC Workers: 4]
      [GC Worker Start (ms): Min: 204878.2, Avg: 204878.7, Max: 204879.9, Diff: 1.7]
      [Ext Root Scanning (ms): Min: 0.0, Avg: 0.3, Max: 0.5, Diff: 0.5, Sum: 1.3]
      [SATB Filtering (ms): Min: 0.0, Avg: 0.0, Max: 0.0, Diff: 0.0, Sum: 0.0]
      [Update RS (ms): Min: 0.0, Avg: 0.1, Max: 0.2, Diff: 0.2, Sum: 0.2]
         [Processed Buffers: Min: 0, Avg: 1.2, Max: 2, Diff: 2, Sum: 5]
      [Scan RS (ms): Min: 0.0, Avg: 0.1, Max: 0.2, Diff: 0.2, Sum: 0.5]
      [Code Root Scanning (ms): Min: 0.0, Avg: 0.0, Max: 0.0, Diff: 0.0, Sum: 0.1]
      [Object Copy (ms): Min: 1.5, Avg: 2.2, Max: 2.5, Diff: 1.0, Sum: 9.0]
      [Termination (ms): Min: 0.0, Avg: 0.0, Max: 0.0, Diff: 0.0, Sum: 0.0]
      [GC Worker Other (ms): Min: 0.0, Avg: 0.0, Max: 0.0, Diff: 0.0, Sum: 0.1]
      [GC Worker Total (ms): Min: 1.5, Avg: 2.8, Max: 3.2, Diff: 1.7, Sum: 11.2]
      [GC Worker End (ms): Min: 204881.4, Avg: 204881.4, Max: 204881.4, Diff: 0.0]
   [Code Root Fixup: 0.0 ms]
   [Code Root Migration: 0.0 ms]
   [Clear CT: 0.1 ms]
   [Other: 218.9 ms]
      [Choose CSet: 0.0 ms]
      [Ref Proc: 217.8 ms]
      [Ref Enq: 0.5 ms]
      [Free CSet: 0.5 ms]
   [Eden: 303.0M(303.0M)->0.0B(185.0M) Survivors: 19.0M->19.0M Heap: 2268.7M(4096.0M)->1965.7M(4096.0M)]
 [Times: user=0.79 sys=0.00, real=0.23 secs] 
2016-01-06T01:07:06.464-0800: 205.127: [GC pause (young)
Desired survivor size 13631488 bytes, new threshold 1 (max 15)
- age   1:   17523208 bytes,   17523208 total
- age   2:      36864 bytes,   17560072 total
2016-01-06T01:07:06.657-0800: 205.319: [SoftReference, 0 refs, 0.0000510 secs]2016-01-06T01:07:06.657-0800: 205.320: [WeakReference, 0 refs, 0.0000070 secs]2016-01-06T01:07:06.657-0800: 205.320: [FinalReference, 0 refs, 0.0000050 secs]2016-01-06T01:07:06.657-0800: 205.320: [PhantomReference, 0 refs, 6245 refs, 0.0002450 secs]2016-01-06T01:07:06.657-0800: 205.320: [JNI Weak Reference, 0.0000080 secs], 0.1933030 secs]
   [Parallel Time: 4.6 ms, GC Workers: 4]
      [GC Worker Start (ms): Min: 205127.4, Avg: 205128.6, Max: 205131.9, Diff: 4.5]
      [Ext Root Scanning (ms): Min: 0.0, Avg: 0.3, Max: 0.5, Diff: 0.5, Sum: 1.3]
      [SATB Filtering (ms): Min: 0.0, Avg: 0.0, Max: 0.0, Diff: 0.0, Sum: 0.0]
      [Update RS (ms): Min: 0.0, Avg: 0.1, Max: 0.2, Diff: 0.2, Sum: 0.2]
         [Processed Buffers: Min: 0, Avg: 1.2, Max: 3, Diff: 3, Sum: 5]
      [Scan RS (ms): Min: 0.0, Avg: 0.1, Max: 0.2, Diff: 0.2, Sum: 0.3]
      [Code Root Scanning (ms): Min: 0.0, Avg: 0.0, Max: 0.0, Diff: 0.0, Sum: 0.0]
      [Object Copy (ms): Min: 0.0, Avg: 1.7, Max: 2.2, Diff: 2.2, Sum: 6.6]
      [Termination (ms): Min: 0.0, Avg: 1.3, Max: 1.7, Diff: 1.7, Sum: 5.2]
      [GC Worker Other (ms): Min: 0.0, Avg: 0.0, Max: 0.0, Diff: 0.0, Sum: 0.0]
      [GC Worker Total (ms): Min: 0.1, Avg: 3.4, Max: 4.6, Diff: 4.5, Sum: 13.7]
      [GC Worker End (ms): Min: 205132.0, Avg: 205132.0, Max: 205132.0, Diff: 0.0]
   [Code Root Fixup: 0.0 ms]
   [Code Root Migration: 0.0 ms]
   [Clear CT: 0.2 ms]
   [Other: 188.5 ms]
      [Choose CSet: 0.0 ms]
      [Ref Proc: 187.8 ms]
      [Ref Enq: 0.3 ms]
      [Free CSet: 0.4 ms]
   [Eden: 185.0M(185.0M)->0.0B(186.0M) Survivors: 19.0M->18.0M Heap: 2150.7M(4096.0M)->1965.3M(4096.0M)]
 [Times: user=0.75 sys=0.00, real=0.20 secs] 
2016-01-06T01:07:06.684-0800: 205.347: [GC pause (young)
Desired survivor size 13631488 bytes, new threshold 1 (max 15)
- age   1:   17259832 bytes,   17259832 total
2016-01-06T01:07:06.877-0800: 205.540: [SoftReference, 0 refs, 0.0000530 secs]2016-01-06T01:07:06.877-0800: 205.540: [WeakReference, 0 refs, 0.0000070 secs]2016-01-06T01:07:06.877-0800: 205.540: [FinalReference, 0 refs, 0.0000060 secs]2016-01-06T01:07:06.877-0800: 205.540: [PhantomReference, 0 refs, 6276 refs, 0.0002550 secs]2016-01-06T01:07:06.878-0800: 205.540: [JNI Weak Reference, 0.0000070 secs], 0.1939810 secs]
   [Parallel Time: 4.6 ms, GC Workers: 4]
      [GC Worker Start (ms): Min: 205347.4, Avg: 205348.6, Max: 205351.9, Diff: 4.5]
      [Ext Root Scanning (ms): Min: 0.0, Avg: 0.3, Max: 0.5, Diff: 0.5, Sum: 1.3]
      [SATB Filtering (ms): Min: 0.0, Avg: 0.0, Max: 0.0, Diff: 0.0, Sum: 0.0]
      [Update RS (ms): Min: 0.0, Avg: 0.1, Max: 0.2, Diff: 0.2, Sum: 0.3]
         [Processed Buffers: Min: 0, Avg: 1.0, Max: 3, Diff: 3, Sum: 4]
      [Scan RS (ms): Min: 0.0, Avg: 0.1, Max: 0.1, Diff: 0.1, Sum: 0.4]
      [Code Root Scanning (ms): Min: 0.0, Avg: 0.0, Max: 0.0, Diff: 0.0, Sum: 0.0]
      [Object Copy (ms): Min: 0.0, Avg: 1.7, Max: 2.3, Diff: 2.3, Sum: 6.7]
      [Termination (ms): Min: 0.0, Avg: 1.2, Max: 1.6, Diff: 1.6, Sum: 4.9]
      [GC Worker Other (ms): Min: 0.0, Avg: 0.0, Max: 0.0, Diff: 0.0, Sum: 0.0]
      [GC Worker Total (ms): Min: 0.1, Avg: 3.4, Max: 4.6, Diff: 4.5, Sum: 13.7]
      [GC Worker End (ms): Min: 205352.0, Avg: 205352.0, Max: 205352.0, Diff: 0.0]
   [Code Root Fixup: 0.0 ms]
   [Code Root Migration: 0.0 ms]
   [Clear CT: 0.2 ms]
   [Other: 189.2 ms]
      [Choose CSet: 0.0 ms]
      [Ref Proc: 188.5 ms]
      [Ref Enq: 0.3 ms]
      [Free CSet: 0.3 ms]
   [Eden: 186.0M(186.0M)->0.0B(186.0M) Survivors: 18.0M->18.0M Heap: 2151.3M(4096.0M)->1965.3M(4096.0M)]
 [Times: user=0.75 sys=0.00, real=0.20 secs] 
2016-01-06T01:07:06.905-0800: 205.568: [GC pause (young)
Desired survivor size 13631488 bytes, new threshold 1 (max 15)
- age   1:   17262064 bytes,   17262064 total
2016-01-06T01:07:07.094-0800: 205.757: [SoftReference, 0 refs, 0.0000630 secs]2016-01-06T01:07:07.094-0800: 205.757: [WeakReference, 0 refs, 0.0000070 secs]2016-01-06T01:07:07.094-0800: 205.757: [FinalReference, 0 refs, 0.0000050 secs]2016-01-06T01:07:07.094-0800: 205.757: [PhantomReference, 0 refs, 6276 refs, 0.0002410 secs]2016-01-06T01:07:07.094-0800: 205.757: [JNI Weak Reference, 0.0000080 secs], 0.1899180 secs]
   [Parallel Time: 4.0 ms, GC Workers: 4]
      [GC Worker Start (ms): Min: 205568.1, Avg: 205569.1, Max: 205571.9, Diff: 3.8]
      [Ext Root Scanning (ms): Min: 0.0, Avg: 0.3, Max: 0.5, Diff: 0.5, Sum: 1.3]
      [SATB Filtering (ms): Min: 0.0, Avg: 0.0, Max: 0.0, Diff: 0.0, Sum: 0.0]
      [Update RS (ms): Min: 0.0, Avg: 0.1, Max: 0.1, Diff: 0.1, Sum: 0.3]
         [Processed Buffers: Min: 0, Avg: 1.0, Max: 2, Diff: 2, Sum: 4]
      [Scan RS (ms): Min: 0.0, Avg: 0.1, Max: 0.1, Diff: 0.1, Sum: 0.3]
      [Code Root Scanning (ms): Min: 0.0, Avg: 0.0, Max: 0.0, Diff: 0.0, Sum: 0.0]
      [Object Copy (ms): Min: 0.0, Avg: 1.8, Max: 2.4, Diff: 2.4, Sum: 7.2]
      [Termination (ms): Min: 0.0, Avg: 0.6, Max: 0.8, Diff: 0.8, Sum: 2.5]
      [GC Worker Other (ms): Min: 0.0, Avg: 0.0, Max: 0.0, Diff: 0.0, Sum: 0.0]
      [GC Worker Total (ms): Min: 0.1, Avg: 2.9, Max: 3.9, Diff: 3.8, Sum: 11.6]
      [GC Worker End (ms): Min: 205572.0, Avg: 205572.0, Max: 205572.0, Diff: 0.0]
   [Code Root Fixup: 0.0 ms]
   [Code Root Migration: 0.0 ms]
   [Clear CT: 0.2 ms]
   [Other: 185.7 ms]
      [Choose CSet: 0.0 ms]
      [Ref Proc: 185.0 ms]
      [Ref Enq: 0.3 ms]
      [Free CSet: 0.4 ms]
   [Eden: 186.0M(186.0M)->0.0B(320.0M) Survivors: 18.0M->18.0M Heap: 2151.3M(4096.0M)->1965.4M(4096.0M)]
 [Times: user=0.73 sys=0.00, real=0.18 secs] 
2016-01-06T01:07:07.145-0800: 205.808: [GC pause (young)
Desired survivor size 22544384 bytes, new threshold 15 (max 15)
- age   1:   17262064 bytes,   17262064 total
2016-01-06T01:07:07.335-0800: 205.998: [SoftReference, 0 refs, 0.0000460 secs]2016-01-06T01:07:07.335-0800: 205.998: [WeakReference, 0 refs, 0.0000060 secs]2016-01-06T01:07:07.335-0800: 205.998: [FinalReference, 0 refs, 0.0000060 secs]2016-01-06T01:07:07.335-0800: 205.998: [PhantomReference, 0 refs, 10430 refs, 0.0003960 secs]2016-01-06T01:07:07.336-0800: 205.999: [JNI Weak Reference, 0.0000080 secs], 0.1921210 secs]
   [Parallel Time: 3.3 ms, GC Workers: 4]
      [GC Worker Start (ms): Min: 205807.9, Avg: 205807.9, Max: 205808.0, Diff: 0.1]
      [Ext Root Scanning (ms): Min: 0.3, Avg: 0.4, Max: 0.4, Diff: 0.1, Sum: 1.5]
      [SATB Filtering (ms): Min: 0.0, Avg: 0.0, Max: 0.0, Diff: 0.0, Sum: 0.0]
      [Update RS (ms): Min: 0.0, Avg: 0.1, Max: 0.2, Diff: 0.2, Sum: 0.3]
         [Processed Buffers: Min: 0, Avg: 1.0, Max: 2, Diff: 2, Sum: 4]
      [Scan RS (ms): Min: 0.1, Avg: 0.1, Max: 0.2, Diff: 0.1, Sum: 0.6]
      [Code Root Scanning (ms): Min: 0.0, Avg: 0.0, Max: 0.0, Diff: 0.0, Sum: 0.1]
      [Object Copy (ms): Min: 2.6, Avg: 2.6, Max: 2.6, Diff: 0.0, Sum: 10.4]
      [Termination (ms): Min: 0.0, Avg: 0.0, Max: 0.0, Diff: 0.0, Sum: 0.0]
      [GC Worker Other (ms): Min: 0.0, Avg: 0.0, Max: 0.0, Diff: 0.0, Sum: 0.1]
      [GC Worker Total (ms): Min: 3.2, Avg: 3.2, Max: 3.3, Diff: 0.1, Sum: 12.9]
      [GC Worker End (ms): Min: 205811.2, Avg: 205811.2, Max: 205811.2, Diff: 0.0]
   [Code Root Fixup: 0.0 ms]
   [Code Root Migration: 0.0 ms]
   [Clear CT: 0.2 ms]
   [Other: 188.5 ms]
      [Choose CSet: 0.0 ms]
      [Ref Proc: 187.5 ms]
      [Ref Enq: 0.5 ms]
      [Free CSet: 0.5 ms]
   [Eden: 320.0M(320.0M)->0.0B(981.0M) Survivors: 18.0M->19.0M Heap: 2285.4M(4096.0M)->1966.4M(4096.0M)]
 [Times: user=0.75 sys=0.00, real=0.20 secs] 
2016-01-06T01:07:07.485-0800: 206.148: [GC pause (young)
Desired survivor size 65536000 bytes, new threshold 15 (max 15)
- age   1:   17561152 bytes,   17561152 total
- age   2:      36864 bytes,   17598016 total
2016-01-06T01:07:07.681-0800: 206.344: [SoftReference, 0 refs, 0.0000470 secs]2016-01-06T01:07:07.681-0800: 206.344: [WeakReference, 0 refs, 0.0000080 secs]2016-01-06T01:07:07.681-0800: 206.344: [FinalReference, 0 refs, 0.0000240 secs]2016-01-06T01:07:07.681-0800: 206.344: [PhantomReference, 0 refs, 30921 refs, 0.0010820 secs]2016-01-06T01:07:07.682-0800: 206.345: [JNI Weak Reference, 0.0000070 secs], 0.2007710 secs]
   [Parallel Time: 7.4 ms, GC Workers: 4]
      [GC Worker Start (ms): Min: 206147.8, Avg: 206147.9, Max: 206147.9, Diff: 0.1]
      [Ext Root Scanning (ms): Min: 0.3, Avg: 0.4, Max: 0.4, Diff: 0.0, Sum: 1.4]
      [SATB Filtering (ms): Min: 0.0, Avg: 0.0, Max: 0.0, Diff: 0.0, Sum: 0.0]
      [Update RS (ms): Min: 0.0, Avg: 0.1, Max: 0.2, Diff: 0.2, Sum: 0.2]
         [Processed Buffers: Min: 0, Avg: 1.0, Max: 3, Diff: 3, Sum: 4]
      [Scan RS (ms): Min: 0.4, Avg: 0.5, Max: 0.5, Diff: 0.1, Sum: 1.8]
      [Code Root Scanning (ms): Min: 0.0, Avg: 0.1, Max: 0.1, Diff: 0.0, Sum: 0.2]
      [Object Copy (ms): Min: 6.3, Avg: 6.3, Max: 6.3, Diff: 0.0, Sum: 25.2]
      [Termination (ms): Min: 0.0, Avg: 0.0, Max: 0.0, Diff: 0.0, Sum: 0.0]
      [GC Worker Other (ms): Min: 0.0, Avg: 0.0, Max: 0.1, Diff: 0.0, Sum: 0.1]
      [GC Worker Total (ms): Min: 7.2, Avg: 7.3, Max: 7.3, Diff: 0.1, Sum: 29.0]
      [GC Worker End (ms): Min: 206155.1, Avg: 206155.1, Max: 206155.1, Diff: 0.0]
   [Code Root Fixup: 0.0 ms]
   [Code Root Migration: 0.1 ms]
   [Clear CT: 0.3 ms]
   [Other: 192.9 ms]
      [Choose CSet: 0.0 ms]
      [Ref Proc: 190.1 ms]
      [Ref Enq: 1.4 ms]
      [Free CSet: 1.3 ms]
   [Eden: 981.0M(981.0M)->0.0B(537.0M) Survivors: 19.0M->20.0M Heap: 2947.4M(4096.0M)->1967.4M(4096.0M)]
 [Times: user=0.77 sys=0.00, real=0.21 secs] 
2016-01-06T01:07:07.763-0800: 206.426: [GC pause (young)
Desired survivor size 36700160 bytes, new threshold 15 (max 15)
- age   1:   19036504 bytes,   19036504 total
- age   2:      36864 bytes,   19073368 total
2016-01-06T01:07:07.960-0800: 206.623: [SoftReference, 0 refs, 0.0000450 secs]2016-01-06T01:07:07.961-0800: 206.623: [WeakReference, 0 refs, 0.0000060 secs]2016-01-06T01:07:07.961-0800: 206.623: [FinalReference, 0 refs, 0.0000050 secs]2016-01-06T01:07:07.961-0800: 206.623: [PhantomReference, 0 refs, 17157 refs, 0.0006440 secs]2016-01-06T01:07:07.961-0800: 206.624: [JNI Weak Reference, 0.0000090 secs], 0.1998180 secs]
   [Parallel Time: 6.5 ms, GC Workers: 4]
      [GC Worker Start (ms): Min: 206426.3, Avg: 206427.9, Max: 206432.4, Diff: 6.1]
      [Ext Root Scanning (ms): Min: 0.0, Avg: 0.4, Max: 0.6, Diff: 0.6, Sum: 1.5]
      [SATB Filtering (ms): Min: 0.0, Avg: 0.0, Max: 0.0, Diff: 0.0, Sum: 0.0]
      [Update RS (ms): Min: 0.0, Avg: 0.1, Max: 0.2, Diff: 0.2, Sum: 0.2]
         [Processed Buffers: Min: 0, Avg: 1.0, Max: 3, Diff: 3, Sum: 4]
      [Scan RS (ms): Min: 0.1, Avg: 0.3, Max: 0.4, Diff: 0.3, Sum: 1.1]
      [Code Root Scanning (ms): Min: 0.0, Avg: 0.0, Max: 0.0, Diff: 0.0, Sum: 0.1]
      [Object Copy (ms): Min: 0.0, Avg: 2.9, Max: 3.9, Diff: 3.9, Sum: 11.6]
      [Termination (ms): Min: 0.0, Avg: 1.1, Max: 1.5, Diff: 1.5, Sum: 4.5]
      [GC Worker Other (ms): Min: 0.0, Avg: 0.0, Max: 0.0, Diff: 0.0, Sum: 0.0]
      [GC Worker Total (ms): Min: 0.2, Avg: 4.8, Max: 6.3, Diff: 6.1, Sum: 19.1]
      [GC Worker End (ms): Min: 206432.6, Avg: 206432.6, Max: 206432.6, Diff: 0.0]
   [Code Root Fixup: 0.0 ms]
   [Code Root Migration: 0.1 ms]
   [Clear CT: 0.2 ms]
   [Other: 193.1 ms]
      [Choose CSet: 0.0 ms]
      [Ref Proc: 191.4 ms]
      [Ref Enq: 0.8 ms]
      [Free CSet: 0.8 ms]
   [Eden: 537.0M(537.0M)->0.0B(488.0M) Survivors: 20.0M->16.0M Heap: 2504.4M(4096.0M)->1963.4M(4096.0M)]
 [Times: user=0.71 sys=0.01, real=0.20 secs] 
2016-01-06T01:07:08.033-0800: 206.696: [GC pause (young)
Desired survivor size 33030144 bytes, new threshold 15 (max 15)
- age   1:   14795128 bytes,   14795128 total
- age   2:      36864 bytes,   14831992 total
2016-01-06T01:07:08.223-0800: 206.886: [SoftReference, 0 refs, 0.0000440 secs]2016-01-06T01:07:08.223-0800: 206.886: [WeakReference, 0 refs, 0.0000070 secs]2016-01-06T01:07:08.223-0800: 206.886: [FinalReference, 0 refs, 0.0000050 secs]2016-01-06T01:07:08.223-0800: 206.886: [PhantomReference, 0 refs, 15638 refs, 0.0005650 secs]2016-01-06T01:07:08.224-0800: 206.886: [JNI Weak Reference, 0.0000080 secs], 0.1923750 secs]
   [Parallel Time: 3.7 ms, GC Workers: 4]
      [GC Worker Start (ms): Min: 206695.8, Avg: 206695.9, Max: 206696.0, Diff: 0.2]
      [Ext Root Scanning (ms): Min: 0.3, Avg: 1.1, Max: 3.5, Diff: 3.3, Sum: 4.6]
      [SATB Filtering (ms): Min: 0.0, Avg: 0.0, Max: 0.0, Diff: 0.0, Sum: 0.0]
      [Update RS (ms): Min: 0.0, Avg: 0.0, Max: 0.1, Diff: 0.1, Sum: 0.2]
         [Processed Buffers: Min: 0, Avg: 1.0, Max: 2, Diff: 2, Sum: 4]
      [Scan RS (ms): Min: 0.0, Avg: 0.2, Max: 0.3, Diff: 0.3, Sum: 0.8]
      [Code Root Scanning (ms): Min: 0.0, Avg: 0.0, Max: 0.0, Diff: 0.0, Sum: 0.1]
      [Object Copy (ms): Min: 0.0, Avg: 1.9, Max: 2.5, Diff: 2.5, Sum: 7.5]
      [Termination (ms): Min: 0.0, Avg: 0.2, Max: 0.3, Diff: 0.3, Sum: 0.9]
      [GC Worker Other (ms): Min: 0.0, Avg: 0.0, Max: 0.0, Diff: 0.0, Sum: 0.0]
      [GC Worker Total (ms): Min: 3.4, Avg: 3.5, Max: 3.6, Diff: 0.2, Sum: 14.1]
      [GC Worker End (ms): Min: 206699.4, Avg: 206699.4, Max: 206699.4, Diff: 0.0]
   [Code Root Fixup: 0.0 ms]
   [Code Root Migration: 0.1 ms]
   [Clear CT: 0.2 ms]
   [Other: 188.5 ms]
      [Choose CSet: 0.0 ms]
      [Ref Proc: 187.0 ms]
      [Ref Enq: 0.7 ms]
      [Free CSet: 0.7 ms]
   [Eden: 488.0M(488.0M)->0.0B(991.0M) Survivors: 16.0M->8192.0K Heap: 2451.4M(4096.0M)->1955.4M(4096.0M)]
 [Times: user=0.74 sys=0.00, real=0.20 secs] 
2016-01-06T01:07:08.376-0800: 207.039: [GC pause (young)
Desired survivor size 65536000 bytes, new threshold 15 (max 15)
- age   1:    7068736 bytes,    7068736 total
- age   2:      36864 bytes,    7105600 total
2016-01-06T01:07:08.567-0800: 207.230: [SoftReference, 0 refs, 0.0000560 secs]2016-01-06T01:07:08.567-0800: 207.230: [WeakReference, 0 refs, 0.0000070 secs]2016-01-06T01:07:08.567-0800: 207.230: [FinalReference, 0 refs, 0.0000060 secs]2016-01-06T01:07:08.567-0800: 207.230: [PhantomReference, 0 refs, 31231 refs, 0.0011420 secs]2016-01-06T01:07:08.568-0800: 207.231: [JNI Weak Reference, 0.0000080 secs], 0.1947080 secs]
   [Parallel Time: 7.9 ms, GC Workers: 4]
      [GC Worker Start (ms): Min: 207039.5, Avg: 207039.6, Max: 207040.1, Diff: 0.6]
      [Ext Root Scanning (ms): Min: 0.0, Avg: 0.4, Max: 0.6, Diff: 0.6, Sum: 1.5]
      [SATB Filtering (ms): Min: 0.0, Avg: 0.0, Max: 0.0, Diff: 0.0, Sum: 0.0]
      [Update RS (ms): Min: 0.0, Avg: 0.1, Max: 0.2, Diff: 0.2, Sum: 0.2]
         [Processed Buffers: Min: 0, Avg: 1.0, Max: 3, Diff: 3, Sum: 4]
      [Scan RS (ms): Min: 0.3, Avg: 0.4, Max: 0.5, Diff: 0.2, Sum: 1.8]
      [Code Root Scanning (ms): Min: 0.0, Avg: 0.0, Max: 0.1, Diff: 0.0, Sum: 0.2]
      [Object Copy (ms): Min: 6.7, Avg: 6.7, Max: 6.7, Diff: 0.1, Sum: 26.9]
      [Termination (ms): Min: 0.0, Avg: 0.0, Max: 0.0, Diff: 0.0, Sum: 0.0]
      [GC Worker Other (ms): Min: 0.0, Avg: 0.1, Max: 0.1, Diff: 0.1, Sum: 0.2]
      [GC Worker Total (ms): Min: 7.3, Avg: 7.7, Max: 7.9, Diff: 0.6, Sum: 30.8]
      [GC Worker End (ms): Min: 207047.3, Avg: 207047.4, Max: 207047.4, Diff: 0.1]
   [Code Root Fixup: 0.0 ms]
   [Code Root Migration: 0.1 ms]
   [Clear CT: 0.3 ms]
   [Other: 186.3 ms]
      [Choose CSet: 0.0 ms]
      [Ref Proc: 183.5 ms]
      [Ref Enq: 1.4 ms]
      [Free CSet: 1.2 ms]
   [Eden: 991.0M(991.0M)->0.0B(557.0M) Survivors: 8192.0K->9216.0K Heap: 2946.4M(4096.0M)->1956.4M(4096.0M)]
 [Times: user=0.69 sys=0.01, real=0.20 secs] 
2016-01-06T01:07:08.651-0800: 207.314: [GC pause (young)
Desired survivor size 37224448 bytes, new threshold 15 (max 15)
- age   1:    8224264 bytes,    8224264 total
- age   2:      36864 bytes,    8261128 total
2016-01-06T01:07:08.854-0800: 207.516: [SoftReference, 0 refs, 0.0000490 secs]2016-01-06T01:07:08.854-0800: 207.517: [WeakReference, 0 refs, 0.0000060 secs]2016-01-06T01:07:08.854-0800: 207.517: [FinalReference, 0 refs, 0.0000060 secs]2016-01-06T01:07:08.854-0800: 207.517: [PhantomReference, 0 refs, 17776 refs, 0.0006190 secs]2016-01-06T01:07:08.854-0800: 207.517: [JNI Weak Reference, 0.0000080 secs], 0.2047450 secs]
   [Parallel Time: 4.5 ms, GC Workers: 4]
      [GC Worker Start (ms): Min: 207314.3, Avg: 207314.4, Max: 207314.4, Diff: 0.1]
      [Ext Root Scanning (ms): Min: 0.3, Avg: 0.4, Max: 0.4, Diff: 0.2, Sum: 1.4]
      [SATB Filtering (ms): Min: 0.0, Avg: 0.0, Max: 0.0, Diff: 0.0, Sum: 0.0]
      [Update RS (ms): Min: 0.0, Avg: 0.1, Max: 0.2, Diff: 0.2, Sum: 0.2]
         [Processed Buffers: Min: 0, Avg: 1.2, Max: 3, Diff: 3, Sum: 5]
      [Scan RS (ms): Min: 0.2, Avg: 0.3, Max: 0.3, Diff: 0.1, Sum: 1.0]
      [Code Root Scanning (ms): Min: 0.0, Avg: 0.0, Max: 0.0, Diff: 0.0, Sum: 0.1]
      [Object Copy (ms): Min: 3.6, Avg: 3.6, Max: 3.6, Diff: 0.0, Sum: 14.4]
      [Termination (ms): Min: 0.0, Avg: 0.0, Max: 0.0, Diff: 0.0, Sum: 0.0]
      [GC Worker Other (ms): Min: 0.0, Avg: 0.0, Max: 0.1, Diff: 0.0, Sum: 0.1]
      [GC Worker Total (ms): Min: 4.3, Avg: 4.3, Max: 4.4, Diff: 0.1, Sum: 17.3]
      [GC Worker End (ms): Min: 207318.7, Avg: 207318.7, Max: 207318.7, Diff: 0.0]
   [Code Root Fixup: 0.0 ms]
   [Code Root Migration: 0.1 ms]
   [Clear CT: 0.2 ms]
   [Other: 200.0 ms]
      [Choose CSet: 0.0 ms]
      [Ref Proc: 198.4 ms]
      [Ref Enq: 0.8 ms]
      [Free CSet: 0.7 ms]
   [Eden: 557.0M(557.0M)->0.0B(184.0M) Survivors: 9216.0K->20.0M Heap: 2513.4M(4096.0M)->1966.9M(4096.0M)]
 [Times: user=0.73 sys=0.00, real=0.20 secs] 
2016-01-06T01:07:08.883-0800: 207.546: [GC pause (young)
Desired survivor size 13631488 bytes, new threshold 1 (max 15)
- age   1:   18090136 bytes,   18090136 total
- age   2:      36864 bytes,   18127000 total
2016-01-06T01:07:09.072-0800: 207.735: [SoftReference, 0 refs, 0.0000510 secs]2016-01-06T01:07:09.072-0800: 207.735: [WeakReference, 0 refs, 0.0000090 secs]2016-01-06T01:07:09.072-0800: 207.735: [FinalReference, 0 refs, 0.0000050 secs]2016-01-06T01:07:09.072-0800: 207.735: [PhantomReference, 0 refs, 6213 refs, 0.0002350 secs]2016-01-06T01:07:09.072-0800: 207.735: [JNI Weak Reference, 0.0000080 secs], 0.1901810 secs]
   [Parallel Time: 2.8 ms, GC Workers: 4]
      [GC Worker Start (ms): Min: 207545.9, Avg: 207546.0, Max: 207546.0, Diff: 0.1]
      [Ext Root Scanning (ms): Min: 0.3, Avg: 0.4, Max: 0.4, Diff: 0.1, Sum: 1.4]
      [SATB Filtering (ms): Min: 0.0, Avg: 0.0, Max: 0.0, Diff: 0.0, Sum: 0.0]
      [Update RS (ms): Min: 0.0, Avg: 0.1, Max: 0.2, Diff: 0.2, Sum: 0.2]
         [Processed Buffers: Min: 0, Avg: 1.0, Max: 3, Diff: 3, Sum: 4]
      [Scan RS (ms): Min: 0.0, Avg: 0.1, Max: 0.1, Diff: 0.1, Sum: 0.3]
      [Code Root Scanning (ms): Min: 0.0, Avg: 0.0, Max: 0.0, Diff: 0.0, Sum: 0.0]
      [Object Copy (ms): Min: 2.2, Avg: 2.2, Max: 2.3, Diff: 0.0, Sum: 8.9]
      [Termination (ms): Min: 0.0, Avg: 0.0, Max: 0.0, Diff: 0.0, Sum: 0.0]
      [GC Worker Other (ms): Min: 0.0, Avg: 0.0, Max: 0.0, Diff: 0.0, Sum: 0.1]
      [GC Worker Total (ms): Min: 2.7, Avg: 2.8, Max: 2.8, Diff: 0.1, Sum: 11.0]
      [GC Worker End (ms): Min: 207548.7, Avg: 207548.7, Max: 207548.7, Diff: 0.0]
   [Code Root Fixup: 0.0 ms]
   [Code Root Migration: 0.0 ms]
   [Clear CT: 0.1 ms]
   [Other: 187.2 ms]
      [Choose CSet: 0.0 ms]
      [Ref Proc: 186.5 ms]
      [Ref Enq: 0.3 ms]
      [Free CSet: 0.4 ms]
   [Eden: 184.0M(184.0M)->0.0B(300.0M) Survivors: 20.0M->18.0M Heap: 2150.9M(4096.0M)->1965.4M(4096.0M)]
 [Times: user=0.74 sys=0.00, real=0.19 secs] 
2016-01-06T01:07:09.118-0800: 207.781: [GC pause (young)
Desired survivor size 20971520 bytes, new threshold 15 (max 15)
- age   1:   17257600 bytes,   17257600 total
2016-01-06T01:07:09.308-0800: 207.971: [SoftReference, 0 refs, 0.0000520 secs]2016-01-06T01:07:09.309-0800: 207.971: [WeakReference, 0 refs, 0.0000080 secs]2016-01-06T01:07:09.309-0800: 207.971: [FinalReference, 0 refs, 0.0000050 secs]2016-01-06T01:07:09.309-0800: 207.971: [PhantomReference, 0 refs, 9810 refs, 0.0003660 secs]2016-01-06T01:07:09.309-0800: 207.972: [JNI Weak Reference, 0.0000070 secs], 0.1920290 secs]
   [Parallel Time: 3.3 ms, GC Workers: 4]
      [GC Worker Start (ms): Min: 207781.2, Avg: 207781.3, Max: 207781.3, Diff: 0.1]
      [Ext Root Scanning (ms): Min: 0.3, Avg: 0.4, Max: 0.4, Diff: 0.1, Sum: 1.4]
      [SATB Filtering (ms): Min: 0.0, Avg: 0.0, Max: 0.0, Diff: 0.0, Sum: 0.0]
      [Update RS (ms): Min: 0.0, Avg: 0.1, Max: 0.2, Diff: 0.2, Sum: 0.3]
         [Processed Buffers: Min: 0, Avg: 1.2, Max: 3, Diff: 3, Sum: 5]
      [Scan RS (ms): Min: 0.0, Avg: 0.1, Max: 0.2, Diff: 0.1, Sum: 0.5]
      [Code Root Scanning (ms): Min: 0.0, Avg: 0.0, Max: 0.0, Diff: 0.0, Sum: 0.1]
      [Object Copy (ms): Min: 2.6, Avg: 2.6, Max: 2.6, Diff: 0.0, Sum: 10.3]
      [Termination (ms): Min: 0.0, Avg: 0.0, Max: 0.0, Diff: 0.0, Sum: 0.0]
      [GC Worker Other (ms): Min: 0.0, Avg: 0.0, Max: 0.0, Diff: 0.0, Sum: 0.1]
      [GC Worker Total (ms): Min: 3.2, Avg: 3.2, Max: 3.2, Diff: 0.1, Sum: 12.8]
      [GC Worker End (ms): Min: 207784.4, Avg: 207784.4, Max: 207784.4, Diff: 0.0]
   [Code Root Fixup: 0.0 ms]
   [Code Root Migration: 0.0 ms]
   [Clear CT: 0.2 ms]
   [Other: 188.5 ms]
      [Choose CSet: 0.0 ms]
      [Ref Proc: 187.4 ms]
      [Ref Enq: 0.5 ms]
      [Free CSet: 0.6 ms]
   [Eden: 300.0M(300.0M)->0.0B(779.0M) Survivors: 18.0M->19.0M Heap: 2265.4M(4096.0M)->1966.4M(4096.0M)]
 [Times: user=0.73 sys=0.00, real=0.19 secs] 
2016-01-06T01:07:09.425-0800: 208.088: [GC pause (young)
Desired survivor size 52428800 bytes, new threshold 15 (max 15)
- age   1:   17516512 bytes,   17516512 total
- age   2:      36864 bytes,   17553376 total
2016-01-06T01:07:09.613-0800: 208.276: [SoftReference, 0 refs, 0.0000520 secs]2016-01-06T01:07:09.613-0800: 208.276: [WeakReference, 0 refs, 0.0000190 secs]2016-01-06T01:07:09.613-0800: 208.276: [FinalReference, 0 refs, 0.0000060 secs]2016-01-06T01:07:09.613-0800: 208.276: [PhantomReference, 0 refs, 24659 refs, 0.0008290 secs]2016-01-06T01:07:09.614-0800: 208.277: [JNI Weak Reference, 0.0000080 secs], 0.1916110 secs]
   [Parallel Time: 5.7 ms, GC Workers: 4]
      [GC Worker Start (ms): Min: 208087.7, Avg: 208087.8, Max: 208087.9, Diff: 0.2]
      [Ext Root Scanning (ms): Min: 0.2, Avg: 1.4, Max: 4.4, Diff: 4.1, Sum: 5.4]
      [SATB Filtering (ms): Min: 0.0, Avg: 0.0, Max: 0.0, Diff: 0.0, Sum: 0.0]
      [Update RS (ms): Min: 0.0, Avg: 0.0, Max: 0.1, Diff: 0.1, Sum: 0.1]
         [Processed Buffers: Min: 0, Avg: 1.0, Max: 2, Diff: 2, Sum: 4]
      [Scan RS (ms): Min: 0.1, Avg: 0.3, Max: 0.4, Diff: 0.4, Sum: 1.4]
      [Code Root Scanning (ms): Min: 0.0, Avg: 0.0, Max: 0.1, Diff: 0.1, Sum: 0.1]
      [Object Copy (ms): Min: 1.1, Avg: 3.7, Max: 4.6, Diff: 3.5, Sum: 14.9]
      [Termination (ms): Min: 0.0, Avg: 0.0, Max: 0.0, Diff: 0.0, Sum: 0.0]
      [GC Worker Other (ms): Min: 0.0, Avg: 0.0, Max: 0.1, Diff: 0.0, Sum: 0.1]
      [GC Worker Total (ms): Min: 5.4, Avg: 5.5, Max: 5.6, Diff: 0.2, Sum: 22.1]
      [GC Worker End (ms): Min: 208093.3, Avg: 208093.3, Max: 208093.3, Diff: 0.0]
   [Code Root Fixup: 0.0 ms]
   [Code Root Migration: 0.1 ms]
   [Clear CT: 0.2 ms]
   [Other: 185.6 ms]
      [Choose CSet: 0.0 ms]
      [Ref Proc: 183.4 ms]
      [Ref Enq: 1.1 ms]
      [Free CSet: 1.0 ms]
   [Eden: 779.0M(779.0M)->0.0B(1264.0M) Survivors: 19.0M->13.0M Heap: 2745.4M(4096.0M)->1959.9M(4096.0M)]
 [Times: user=0.69 sys=0.00, real=0.19 secs] 
2016-01-06T01:07:09.797-0800: 208.460: [GC pause (young)
Desired survivor size 83886080 bytes, new threshold 15 (max 15)
- age   1:   11034280 bytes,   11034280 total
- age   2:      36864 bytes,   11071144 total
2016-01-06T01:07:09.994-0800: 208.657: [SoftReference, 0 refs, 0.0000430 secs]2016-01-06T01:07:09.994-0800: 208.657: [WeakReference, 0 refs, 0.0000070 secs]2016-01-06T01:07:09.994-0800: 208.657: [FinalReference, 0 refs, 0.0000050 secs]2016-01-06T01:07:09.994-0800: 208.657: [PhantomReference, 0 refs, 39694 refs, 0.0013400 secs]2016-01-06T01:07:09.996-0800: 208.659: [JNI Weak Reference, 0.0000080 secs], 0.2028420 secs]
   [Parallel Time: 10.5 ms, GC Workers: 4]
      [GC Worker Start (ms): Min: 208459.8, Avg: 208462.3, Max: 208469.9, Diff: 10.1]
      [Ext Root Scanning (ms): Min: 0.0, Avg: 0.4, Max: 0.5, Diff: 0.5, Sum: 1.5]
      [SATB Filtering (ms): Min: 0.0, Avg: 0.0, Max: 0.0, Diff: 0.0, Sum: 0.0]
      [Update RS (ms): Min: 0.0, Avg: 0.1, Max: 0.2, Diff: 0.2, Sum: 0.2]
         [Processed Buffers: Min: 0, Avg: 1.0, Max: 2, Diff: 2, Sum: 4]
      [Scan RS (ms): Min: 0.3, Avg: 0.6, Max: 0.8, Diff: 0.5, Sum: 2.5]
      [Code Root Scanning (ms): Min: 0.0, Avg: 0.1, Max: 0.1, Diff: 0.1, Sum: 0.2]
      [Object Copy (ms): Min: 0.0, Avg: 6.4, Max: 8.6, Diff: 8.6, Sum: 25.8]
      [Termination (ms): Min: 0.0, Avg: 0.3, Max: 0.4, Diff: 0.4, Sum: 1.3]
      [GC Worker Other (ms): Min: 0.0, Avg: 0.0, Max: 0.0, Diff: 0.0, Sum: 0.1]
      [GC Worker Total (ms): Min: 0.3, Avg: 7.9, Max: 10.5, Diff: 10.1, Sum: 31.6]
      [GC Worker End (ms): Min: 208470.2, Avg: 208470.2, Max: 208470.2, Diff: 0.0]
   [Code Root Fixup: 0.0 ms]
   [Code Root Migration: 0.2 ms]
   [Clear CT: 0.3 ms]
   [Other: 191.8 ms]
      [Choose CSet: 0.0 ms]
      [Ref Proc: 188.4 ms]
      [Ref Enq: 1.8 ms]
      [Free CSet: 1.5 ms]
   [Eden: 1264.0M(1264.0M)->0.0B(830.0M) Survivors: 13.0M->21.0M Heap: 3223.9M(4096.0M)->1967.9M(4096.0M)]
 [Times: user=0.74 sys=0.00, real=0.21 secs] 
2016-01-06T01:07:10.117-0800: 208.780: [GC pause (young)
Desired survivor size 56098816 bytes, new threshold 15 (max 15)
- age   1:   19668160 bytes,   19668160 total
- age   2:      36864 bytes,   19705024 total
2016-01-06T01:07:10.324-0800: 208.987: [SoftReference, 0 refs, 0.0000440 secs]2016-01-06T01:07:10.324-0800: 208.987: [WeakReference, 0 refs, 0.0000070 secs]2016-01-06T01:07:10.324-0800: 208.987: [FinalReference, 0 refs, 0.0000050 secs]2016-01-06T01:07:10.324-0800: 208.987: [PhantomReference, 0 refs, 26238 refs, 0.0009730 secs]2016-01-06T01:07:10.325-0800: 208.988: [JNI Weak Reference, 0.0000080 secs], 0.2106020 secs]
   [Parallel Time: 5.3 ms, GC Workers: 4]
      [GC Worker Start (ms): Min: 208780.2, Avg: 208781.5, Max: 208785.2, Diff: 5.0]
      [Ext Root Scanning (ms): Min: 0.0, Avg: 0.3, Max: 0.5, Diff: 0.5, Sum: 1.3]
      [SATB Filtering (ms): Min: 0.0, Avg: 0.0, Max: 0.0, Diff: 0.0, Sum: 0.0]
      [Update RS (ms): Min: 0.0, Avg: 0.0, Max: 0.1, Diff: 0.1, Sum: 0.1]
         [Processed Buffers: Min: 0, Avg: 1.0, Max: 3, Diff: 3, Sum: 4]
      [Scan RS (ms): Min: 0.2, Avg: 0.4, Max: 0.5, Diff: 0.3, Sum: 1.5]
      [Code Root Scanning (ms): Min: 0.0, Avg: 0.0, Max: 0.1, Diff: 0.1, Sum: 0.2]
      [Object Copy (ms): Min: 0.0, Avg: 2.9, Max: 3.9, Diff: 3.9, Sum: 11.7]
      [Termination (ms): Min: 0.0, Avg: 0.2, Max: 0.3, Diff: 0.3, Sum: 1.0]
      [GC Worker Other (ms): Min: 0.0, Avg: 0.0, Max: 0.0, Diff: 0.0, Sum: 0.1]
      [GC Worker Total (ms): Min: 0.2, Avg: 3.9, Max: 5.2, Diff: 5.0, Sum: 15.8]
      [GC Worker End (ms): Min: 208785.4, Avg: 208785.4, Max: 208785.4, Diff: 0.0]
   [Code Root Fixup: 0.0 ms]
   [Code Root Migration: 0.1 ms]
   [Clear CT: 0.3 ms]
   [Other: 204.8 ms]
      [Choose CSet: 0.0 ms]
      [Ref Proc: 202.4 ms]
      [Ref Enq: 1.2 ms]
      [Free CSet: 1.1 ms]
   [Eden: 830.0M(830.0M)->0.0B(184.0M) Survivors: 21.0M->20.0M Heap: 2797.9M(4096.0M)->1967.4M(4096.0M)]
 [Times: user=0.77 sys=0.01, real=0.21 secs] 
2016-01-06T01:07:10.359-0800: 209.022: [GC pause (young)
Desired survivor size 13631488 bytes, new threshold 1 (max 15)
- age   1:   18699472 bytes,   18699472 total
- age   2:      36864 bytes,   18736336 total
2016-01-06T01:07:10.560-0800: 209.223: [SoftReference, 0 refs, 0.0000460 secs]2016-01-06T01:07:10.560-0800: 209.223: [WeakReference, 0 refs, 0.0000070 secs]2016-01-06T01:07:10.560-0800: 209.223: [FinalReference, 0 refs, 0.0000060 secs]2016-01-06T01:07:10.560-0800: 209.223: [PhantomReference, 0 refs, 6213 refs, 0.0002410 secs]2016-01-06T01:07:10.561-0800: 209.224: [JNI Weak Reference, 0.0000070 secs], 0.2019620 secs]
   [Parallel Time: 6.7 ms, GC Workers: 4]
      [GC Worker Start (ms): Min: 209022.5, Avg: 209024.3, Max: 209029.0, Diff: 6.5]
      [Ext Root Scanning (ms): Min: 0.0, Avg: 0.3, Max: 0.6, Diff: 0.6, Sum: 1.3]
      [SATB Filtering (ms): Min: 0.0, Avg: 0.0, Max: 0.0, Diff: 0.0, Sum: 0.0]
      [Update RS (ms): Min: 0.0, Avg: 0.1, Max: 0.1, Diff: 0.1, Sum: 0.3]
         [Processed Buffers: Min: 0, Avg: 1.0, Max: 2, Diff: 2, Sum: 4]
      [Scan RS (ms): Min: 0.0, Avg: 0.1, Max: 0.1, Diff: 0.1, Sum: 0.4]
      [Code Root Scanning (ms): Min: 0.0, Avg: 0.0, Max: 0.0, Diff: 0.0, Sum: 0.0]
      [Object Copy (ms): Min: 0.0, Avg: 1.9, Max: 2.6, Diff: 2.6, Sum: 7.8]
      [Termination (ms): Min: 0.0, Avg: 2.3, Max: 3.1, Diff: 3.1, Sum: 9.3]
      [GC Worker Other (ms): Min: 0.0, Avg: 0.0, Max: 0.0, Diff: 0.0, Sum: 0.0]
      [GC Worker Total (ms): Min: 0.1, Avg: 4.8, Max: 6.6, Diff: 6.5, Sum: 19.2]
      [GC Worker End (ms): Min: 209029.1, Avg: 209029.1, Max: 209029.1, Diff: 0.0]
   [Code Root Fixup: 0.0 ms]
   [Code Root Migration: 0.0 ms]
   [Clear CT: 0.1 ms]
   [Other: 195.1 ms]
      [Choose CSet: 0.0 ms]
      [Ref Proc: 194.4 ms]
      [Ref Enq: 0.3 ms]
      [Free CSet: 0.3 ms]
   [Eden: 184.0M(184.0M)->0.0B(186.0M) Survivors: 20.0M->18.0M Heap: 2151.4M(4096.0M)->1965.4M(4096.0M)]
 [Times: user=0.70 sys=0.00, real=0.20 secs] 
2016-01-06T01:07:10.588-0800: 209.251: [GC pause (young)
Desired survivor size 13631488 bytes, new threshold 1 (max 15)
- age   1:   17257600 bytes,   17257600 total
2016-01-06T01:07:10.778-0800: 209.441: [SoftReference, 0 refs, 0.0000500 secs]2016-01-06T01:07:10.779-0800: 209.441: [WeakReference, 0 refs, 0.0000080 secs]2016-01-06T01:07:10.779-0800: 209.441: [FinalReference, 0 refs, 0.0000050 secs]2016-01-06T01:07:10.779-0800: 209.442: [PhantomReference, 0 refs, 6275 refs, 0.0002340 secs]2016-01-06T01:07:10.779-0800: 209.442: [JNI Weak Reference, 0.0000070 secs], 0.1916920 secs]
   [Parallel Time: 3.0 ms, GC Workers: 4]
      [GC Worker Start (ms): Min: 209250.9, Avg: 209251.0, Max: 209251.0, Diff: 0.1]
      [Ext Root Scanning (ms): Min: 0.3, Avg: 0.4, Max: 0.4, Diff: 0.0, Sum: 1.5]
      [SATB Filtering (ms): Min: 0.0, Avg: 0.0, Max: 0.0, Diff: 0.0, Sum: 0.0]
      [Update RS (ms): Min: 0.0, Avg: 0.1, Max: 0.1, Diff: 0.1, Sum: 0.3]
         [Processed Buffers: Min: 0, Avg: 0.8, Max: 1, Diff: 1, Sum: 3]
      [Scan RS (ms): Min: 0.0, Avg: 0.1, Max: 0.1, Diff: 0.1, Sum: 0.3]
      [Code Root Scanning (ms): Min: 0.0, Avg: 0.0, Max: 0.0, Diff: 0.0, Sum: 0.0]
      [Object Copy (ms): Min: 2.3, Avg: 2.3, Max: 2.3, Diff: 0.0, Sum: 9.3]
      [Termination (ms): Min: 0.0, Avg: 0.0, Max: 0.0, Diff: 0.0, Sum: 0.0]
      [GC Worker Other (ms): Min: 0.0, Avg: 0.0, Max: 0.0, Diff: 0.0, Sum: 0.1]
      [GC Worker Total (ms): Min: 2.9, Avg: 2.9, Max: 2.9, Diff: 0.1, Sum: 11.6]
      [GC Worker End (ms): Min: 209253.8, Avg: 209253.8, Max: 209253.8, Diff: 0.0]
   [Code Root Fixup: 0.0 ms]
   [Code Root Migration: 0.0 ms]
   [Clear CT: 0.1 ms]
   [Other: 188.6 ms]
      [Choose CSet: 0.0 ms]
      [Ref Proc: 187.9 ms]
      [Ref Enq: 0.3 ms]
      [Free CSet: 0.3 ms]
   [Eden: 186.0M(186.0M)->0.0B(185.0M) Survivors: 18.0M->19.0M Heap: 2151.4M(4096.0M)->1966.0M(4096.0M)]
 [Times: user=0.75 sys=0.00, real=0.19 secs] 
2016-01-06T01:07:10.806-0800: 209.469: [GC pause (young)
Desired survivor size 13631488 bytes, new threshold 1 (max 15)
- age   1:   17262064 bytes,   17262064 total
2016-01-06T01:07:10.991-0800: 209.654: [SoftReference, 0 refs, 0.0000560 secs]2016-01-06T01:07:10.992-0800: 209.654: [WeakReference, 0 refs, 0.0000060 secs]2016-01-06T01:07:10.992-0800: 209.654: [FinalReference, 0 refs, 0.0000060 secs]2016-01-06T01:07:10.992-0800: 209.654: [PhantomReference, 0 refs, 6245 refs, 0.0002420 secs]2016-01-06T01:07:10.992-0800: 209.655: [JNI Weak Reference, 0.0000070 secs], 0.1867740 secs]
   [Parallel Time: 3.2 ms, GC Workers: 4]
      [GC Worker Start (ms): Min: 209468.9, Avg: 209469.3, Max: 209469.7, Diff: 0.8]
      [Ext Root Scanning (ms): Min: 0.0, Avg: 0.3, Max: 0.6, Diff: 0.6, Sum: 1.2]
      [SATB Filtering (ms): Min: 0.0, Avg: 0.0, Max: 0.0, Diff: 0.0, Sum: 0.0]
      [Update RS (ms): Min: 0.0, Avg: 0.1, Max: 0.1, Diff: 0.1, Sum: 0.2]
         [Processed Buffers: Min: 0, Avg: 1.0, Max: 2, Diff: 2, Sum: 4]
      [Scan RS (ms): Min: 0.0, Avg: 0.1, Max: 0.1, Diff: 0.1, Sum: 0.3]
      [Code Root Scanning (ms): Min: 0.0, Avg: 0.0, Max: 0.0, Diff: 0.0, Sum: 0.0]
      [Object Copy (ms): Min: 2.2, Avg: 2.2, Max: 2.2, Diff: 0.0, Sum: 8.9]
      [Termination (ms): Min: 0.0, Avg: 0.0, Max: 0.0, Diff: 0.0, Sum: 0.0]
      [GC Worker Other (ms): Min: 0.0, Avg: 0.0, Max: 0.0, Diff: 0.0, Sum: 0.1]
      [GC Worker Total (ms): Min: 2.3, Avg: 2.7, Max: 3.1, Diff: 0.8, Sum: 10.7]
      [GC Worker End (ms): Min: 209472.0, Avg: 209472.0, Max: 209472.0, Diff: 0.0]
   [Code Root Fixup: 0.0 ms]
   [Code Root Migration: 0.0 ms]
   [Clear CT: 0.1 ms]
   [Other: 183.5 ms]
      [Choose CSet: 0.0 ms]
      [Ref Proc: 182.7 ms]
      [Ref Enq: 0.3 ms]
      [Free CSet: 0.4 ms]
   [Eden: 185.0M(185.0M)->0.0B(1007.0M) Survivors: 19.0M->18.0M Heap: 2151.0M(4096.0M)->1965.0M(4096.0M)]
 [Times: user=0.72 sys=0.00, real=0.18 secs] 
2016-01-06T01:07:11.026-0800: 209.689: [GC concurrent-mark-end, 13.5165810 secs]
2016-01-06T01:07:11.027-0800: 209.690: [GC remark 2016-01-06T01:07:11.027-0800: 209.690: [GC ref-proc2016-01-06T01:07:11.027-0800: 209.690: [SoftReference, 0 refs, 0.0000190 secs]2016-01-06T01:07:11.027-0800: 209.690: [WeakReference, 3 refs, 0.0000140 secs]2016-01-06T01:07:11.027-0800: 209.690: [FinalReference, 4 refs, 0.0000130 secs]2016-01-06T01:07:11.027-0800: 209.690: [PhantomReference, 0 refs, 10482437 refs, 1.5839480 secs]2016-01-06T01:07:12.611-0800: 211.274: [JNI Weak Reference, 0.0000200 secs], 1.5840740 secs], 1.5923140 secs]
 [Times: user=1.05 sys=0.57, real=1.59 secs] 
2016-01-06T01:07:12.619-0800: 211.282: [GC cleanup 2200M->2199M(4096M), 0.0050730 secs]
 [Times: user=0.02 sys=0.00, real=0.00 secs] 
2016-01-06T01:07:12.624-0800: 211.287: [GC concurrent-cleanup-start]
2016-01-06T01:07:12.624-0800: 211.287: [GC concurrent-cleanup-end, 0.0000290 secs]
2016-01-06T01:07:12.739-0800: 211.402: [GC pause (young)
Desired survivor size 67633152 bytes, new threshold 15 (max 15)
- age   1:   16242040 bytes,   16242040 total
2016-01-06T01:07:12.747-0800: 211.410: [SoftReference, 0 refs, 0.0000490 secs]2016-01-06T01:07:12.747-0800: 211.410: [WeakReference, 0 refs, 0.0000080 secs]2016-01-06T01:07:12.747-0800: 211.410: [FinalReference, 0 refs, 0.0000060 secs]2016-01-06T01:07:12.747-0800: 211.410: [PhantomReference, 0 refs, 31727 refs, 0.0007710 secs]2016-01-06T01:07:12.748-0800: 211.411: [JNI Weak Reference, 0.0000080 secs], 0.0110690 secs]
   [Parallel Time: 7.7 ms, GC Workers: 4]
      [GC Worker Start (ms): Min: 211402.1, Avg: 211402.2, Max: 211402.2, Diff: 0.1]
      [Ext Root Scanning (ms): Min: 0.3, Avg: 0.4, Max: 0.4, Diff: 0.1, Sum: 1.4]
      [Update RS (ms): Min: 0.0, Avg: 0.1, Max: 0.2, Diff: 0.2, Sum: 0.3]
         [Processed Buffers: Min: 0, Avg: 1.2, Max: 3, Diff: 3, Sum: 5]
      [Scan RS (ms): Min: 0.4, Avg: 0.5, Max: 0.5, Diff: 0.1, Sum: 1.8]
      [Code Root Scanning (ms): Min: 0.0, Avg: 0.1, Max: 0.1, Diff: 0.0, Sum: 0.2]
      [Object Copy (ms): Min: 6.5, Avg: 6.5, Max: 6.5, Diff: 0.1, Sum: 26.0]
      [Termination (ms): Min: 0.0, Avg: 0.0, Max: 0.0, Diff: 0.0, Sum: 0.0]
      [GC Worker Other (ms): Min: 0.0, Avg: 0.1, Max: 0.1, Diff: 0.1, Sum: 0.2]
      [GC Worker Total (ms): Min: 7.5, Avg: 7.5, Max: 7.6, Diff: 0.1, Sum: 30.1]
      [GC Worker End (ms): Min: 211409.7, Avg: 211409.7, Max: 211409.7, Diff: 0.1]
   [Code Root Fixup: 0.0 ms]
   [Code Root Migration: 0.1 ms]
   [Clear CT: 0.3 ms]
   [Other: 2.9 ms]
      [Choose CSet: 0.0 ms]
      [Ref Proc: 1.0 ms]
      [Ref Enq: 0.6 ms]
      [Free CSet: 1.3 ms]
   [Eden: 1007.0M(1007.0M)->0.0B(1690.0M) Survivors: 18.0M->21.0M Heap: 2971.0M(4096.0M)->1967.0M(4096.0M)]
 [Times: user=0.03 sys=0.00, real=0.01 secs] 
2016-01-06T01:07:12.985-0800: 211.648: [GC pause (young)
Desired survivor size 112197632 bytes, new threshold 15 (max 15)
- age   1:   19094536 bytes,   19094536 total
- age   2:      36864 bytes,   19131400 total
2016-01-06T01:07:12.997-0800: 211.660: [SoftReference, 0 refs, 0.0000430 secs]2016-01-06T01:07:12.997-0800: 211.660: [WeakReference, 0 refs, 0.0000070 secs]2016-01-06T01:07:12.997-0800: 211.660: [FinalReference, 0 refs, 0.0000050 secs]2016-01-06T01:07:12.997-0800: 211.660: [PhantomReference, 0 refs, 52900 refs, 0.0013860 secs]2016-01-06T01:07:12.998-0800: 211.661: [JNI Weak Reference, 0.0000080 secs], 0.0172240 secs]
   [Parallel Time: 11.9 ms, GC Workers: 4]
      [GC Worker Start (ms): Min: 211647.7, Avg: 211647.7, Max: 211647.8, Diff: 0.1]
      [Ext Root Scanning (ms): Min: 0.3, Avg: 0.4, Max: 0.5, Diff: 0.1, Sum: 1.6]
      [Update RS (ms): Min: 0.0, Avg: 0.1, Max: 0.2, Diff: 0.2, Sum: 0.2]
         [Processed Buffers: Min: 0, Avg: 1.0, Max: 3, Diff: 3, Sum: 4]
      [Scan RS (ms): Min: 0.7, Avg: 0.8, Max: 0.8, Diff: 0.2, Sum: 3.1]
      [Code Root Scanning (ms): Min: 0.1, Avg: 0.1, Max: 0.1, Diff: 0.0, Sum: 0.3]
      [Object Copy (ms): Min: 10.4, Avg: 10.4, Max: 10.5, Diff: 0.1, Sum: 41.8]
      [Termination (ms): Min: 0.0, Avg: 0.0, Max: 0.0, Diff: 0.0, Sum: 0.0]
      [GC Worker Other (ms): Min: 0.0, Avg: 0.1, Max: 0.1, Diff: 0.1, Sum: 0.3]
      [GC Worker Total (ms): Min: 11.8, Avg: 11.8, Max: 11.9, Diff: 0.1, Sum: 47.3]
      [GC Worker End (ms): Min: 211659.5, Avg: 211659.6, Max: 211659.6, Diff: 0.1]
   [Code Root Fixup: 0.0 ms]
   [Code Root Migration: 0.3 ms]
   [Clear CT: 0.4 ms]
   [Other: 4.6 ms]
      [Choose CSet: 0.0 ms]
      [Ref Proc: 1.6 ms]
      [Ref Enq: 0.9 ms]
      [Free CSet: 2.0 ms]
   [Eden: 1690.0M(1690.0M)->0.0B(1690.0M) Survivors: 21.0M->22.0M Heap: 3657.0M(4096.0M)->1968.5M(4096.0M)]
 [Times: user=0.05 sys=0.00, real=0.02 secs] 
2016-01-06T01:07:13.242-0800: 211.905: [GC pause (young) (initial-mark)
Desired survivor size 112197632 bytes, new threshold 15 (max 15)
- age   1:   20618992 bytes,   20618992 total
- age   2:      36864 bytes,   20655856 total
2016-01-06T01:07:13.255-0800: 211.918: [SoftReference, 0 refs, 0.0000480 secs]2016-01-06T01:07:13.255-0800: 211.918: [WeakReference, 0 refs, 0.0000070 secs]2016-01-06T01:07:13.255-0800: 211.918: [FinalReference, 0 refs, 0.0000060 secs]2016-01-06T01:07:13.255-0800: 211.918: [PhantomReference, 0 refs, 52900 refs, 0.0013870 secs]2016-01-06T01:07:13.256-0800: 211.919: [JNI Weak Reference, 0.0000080 secs], 0.0183390 secs]
   [Parallel Time: 12.3 ms, GC Workers: 4]
      [GC Worker Start (ms): Min: 211905.2, Avg: 211905.2, Max: 211905.2, Diff: 0.1]
      [Ext Root Scanning (ms): Min: 0.3, Avg: 0.4, Max: 0.4, Diff: 0.1, Sum: 1.4]
      [Code Root Marking (ms): Min: 0.2, Avg: 0.2, Max: 0.2, Diff: 0.0, Sum: 0.9]
      [Update RS (ms): Min: 0.0, Avg: 0.1, Max: 0.2, Diff: 0.2, Sum: 0.2]
         [Processed Buffers: Min: 0, Avg: 1.0, Max: 3, Diff: 3, Sum: 4]
      [Scan RS (ms): Min: 0.7, Avg: 0.7, Max: 0.8, Diff: 0.1, Sum: 2.9]
      [Code Root Scanning (ms): Min: 0.1, Avg: 0.1, Max: 0.1, Diff: 0.0, Sum: 0.3]
      [Object Copy (ms): Min: 10.6, Avg: 10.7, Max: 10.7, Diff: 0.1, Sum: 42.7]
      [Termination (ms): Min: 0.0, Avg: 0.0, Max: 0.0, Diff: 0.0, Sum: 0.0]
      [GC Worker Other (ms): Min: 0.0, Avg: 0.1, Max: 0.1, Diff: 0.1, Sum: 0.2]
      [GC Worker Total (ms): Min: 12.2, Avg: 12.2, Max: 12.2, Diff: 0.0, Sum: 48.8]
      [GC Worker End (ms): Min: 211917.4, Avg: 211917.4, Max: 211917.4, Diff: 0.1]
   [Code Root Fixup: 0.0 ms]
   [Code Root Migration: 0.3 ms]
   [Clear CT: 0.4 ms]
   [Other: 5.4 ms]
      [Choose CSet: 0.0 ms]
      [Ref Proc: 1.6 ms]
      [Ref Enq: 0.9 ms]
      [Free CSet: 2.1 ms]
   [Eden: 1690.0M(1690.0M)->0.0B(1691.0M) Survivors: 22.0M->22.0M Heap: 3658.5M(4096.0M)->1968.5M(4096.0M)]
 [Times: user=0.05 sys=0.00, real=0.02 secs] 
2016-01-06T01:07:13.260-0800: 211.923: [GC concurrent-root-region-scan-start]
2016-01-06T01:07:13.264-0800: 211.927: [GC concurrent-root-region-scan-end, 0.0042350 secs]
2016-01-06T01:07:13.264-0800: 211.927: [GC concurrent-mark-start]
2016-01-06T01:07:13.800-0800: 212.463: [GC pause (young)
Desired survivor size 112721920 bytes, new threshold 15 (max 15)
- age   1:   20618992 bytes,   20618992 total
- age   2:      36864 bytes,   20655856 total
2016-01-06T01:07:13.833-0800: 212.496: [SoftReference, 0 refs, 0.0000490 secs]2016-01-06T01:07:13.855-0800: 212.518: [WeakReference, 0 refs, 0.0000240 secs]2016-01-06T01:07:13.855-0800: 212.518: [FinalReference, 0 refs, 0.0000060 secs]2016-01-06T01:07:13.855-0800: 212.518: [PhantomReference, 0 refs, 52931 refs, 0.0019880 secs]2016-01-06T01:07:13.857-0800: 212.520: [JNI Weak Reference, 0.0000210 secs], 0.0619580 secs]
   [Parallel Time: 28.8 ms, GC Workers: 4]
      [GC Worker Start (ms): Min: 212463.2, Avg: 212463.3, Max: 212463.3, Diff: 0.1]
      [Ext Root Scanning (ms): Min: 0.3, Avg: 0.4, Max: 0.4, Diff: 0.1, Sum: 1.4]
      [SATB Filtering (ms): Min: 0.0, Avg: 0.0, Max: 0.0, Diff: 0.0, Sum: 0.0]
      [Update RS (ms): Min: 11.2, Avg: 11.8, Max: 13.0, Diff: 1.9, Sum: 47.3]
         [Processed Buffers: Min: 14, Avg: 16.2, Max: 19, Diff: 5, Sum: 65]
      [Scan RS (ms): Min: 0.2, Avg: 0.8, Max: 1.0, Diff: 0.8, Sum: 3.2]
      [Code Root Scanning (ms): Min: 0.0, Avg: 1.5, Max: 5.8, Diff: 5.8, Sum: 6.0]
      [Object Copy (ms): Min: 9.9, Avg: 10.3, Max: 10.5, Diff: 0.6, Sum: 41.0]
      [Termination (ms): Min: 0.0, Avg: 3.9, Max: 5.2, Diff: 5.2, Sum: 15.5]
      [GC Worker Other (ms): Min: 0.0, Avg: 0.0, Max: 0.0, Diff: 0.0, Sum: 0.1]
      [GC Worker Total (ms): Min: 28.6, Avg: 28.7, Max: 28.7, Diff: 0.1, Sum: 114.7]
      [GC Worker End (ms): Min: 212491.9, Avg: 212491.9, Max: 212491.9, Diff: 0.0]
   [Code Root Fixup: 0.0 ms]
   [Code Root Migration: 0.3 ms]
   [Clear CT: 0.5 ms]
   [Other: 32.4 ms]
      [Choose CSet: 0.0 ms]
      [Ref Proc: 27.8 ms]
      [Ref Enq: 2.4 ms]
      [Free CSet: 2.1 ms]
   [Eden: 1691.0M(1691.0M)->0.0B(1692.0M) Survivors: 22.0M->22.0M Heap: 3659.5M(4096.0M)->1968.5M(4096.0M)]
 [Times: user=0.11 sys=0.00, real=0.06 secs] 
2016-01-06T01:07:14.125-0800: 212.788: [GC pause (young)
Desired survivor size 112721920 bytes, new threshold 15 (max 15)
- age   1:   20621224 bytes,   20621224 total
- age   2:      36864 bytes,   20658088 total
2016-01-06T01:07:14.176-0800: 212.839: [SoftReference, 0 refs, 0.0000390 secs]2016-01-06T01:07:14.176-0800: 212.839: [WeakReference, 0 refs, 0.0000060 secs]2016-01-06T01:07:14.176-0800: 212.839: [FinalReference, 0 refs, 0.0000050 secs]2016-01-06T01:07:14.176-0800: 212.839: [PhantomReference, 0 refs, 52962 refs, 0.0018190 secs]2016-01-06T01:07:14.178-0800: 212.841: [JNI Weak Reference, 0.0000080 secs], 0.0587960 secs]
   [Parallel Time: 37.9 ms, GC Workers: 4]
      [GC Worker Start (ms): Min: 212787.8, Avg: 212790.8, Max: 212799.9, Diff: 12.1]
      [Ext Root Scanning (ms): Min: 0.0, Avg: 0.3, Max: 0.5, Diff: 0.5, Sum: 1.3]
      [SATB Filtering (ms): Min: 0.0, Avg: 0.0, Max: 0.0, Diff: 0.0, Sum: 0.0]
      [Update RS (ms): Min: 13.2, Avg: 22.8, Max: 28.2, Diff: 15.0, Sum: 91.0]
         [Processed Buffers: Min: 16, Avg: 31.0, Max: 54, Diff: 38, Sum: 124]
      [Scan RS (ms): Min: 0.4, Avg: 0.7, Max: 1.0, Diff: 0.7, Sum: 3.0]
      [Code Root Scanning (ms): Min: 0.0, Avg: 0.1, Max: 0.1, Diff: 0.1, Sum: 0.3]
      [Object Copy (ms): Min: 8.6, Avg: 10.8, Max: 11.5, Diff: 2.8, Sum: 43.0]
      [Termination (ms): Min: 0.0, Avg: 0.0, Max: 0.0, Diff: 0.0, Sum: 0.1]
      [GC Worker Other (ms): Min: 0.0, Avg: 0.1, Max: 0.1, Diff: 0.1, Sum: 0.2]
      [GC Worker Total (ms): Min: 25.6, Avg: 34.7, Max: 37.8, Diff: 12.1, Sum: 138.9]
      [GC Worker End (ms): Min: 212825.5, Avg: 212825.5, Max: 212825.6, Diff: 0.1]
   [Code Root Fixup: 0.0 ms]
   [Code Root Migration: 0.2 ms]
   [Clear CT: 0.5 ms]
   [Other: 20.2 ms]
      [Choose CSet: 0.0 ms]
      [Ref Proc: 15.6 ms]
      [Ref Enq: 2.4 ms]
      [Free CSet: 2.1 ms]
   [Eden: 1692.0M(1692.0M)->0.0B(1692.0M) Survivors: 22.0M->22.0M Heap: 3660.5M(4096.0M)->1968.5M(4096.0M)]
 [Times: user=0.18 sys=0.00, real=0.06 secs] 
2016-01-06T01:07:14.438-0800: 213.101: [GC pause (young)
Desired survivor size 112721920 bytes, new threshold 15 (max 15)
- age   1:   20623456 bytes,   20623456 total
- age   2:      36864 bytes,   20660320 total
2016-01-06T01:07:14.500-0800: 213.163: [SoftReference, 0 refs, 0.0000450 secs]2016-01-06T01:07:14.500-0800: 213.163: [WeakReference, 0 refs, 0.0000070 secs]2016-01-06T01:07:14.500-0800: 213.163: [FinalReference, 0 refs, 0.0000050 secs]2016-01-06T01:07:14.500-0800: 213.163: [PhantomReference, 0 refs, 52963 refs, 0.0017790 secs]2016-01-06T01:07:14.502-0800: 213.165: [JNI Weak Reference, 0.0000090 secs], 0.0693530 secs]
   [Parallel Time: 36.7 ms, GC Workers: 4]
      [GC Worker Start (ms): Min: 213100.8, Avg: 213102.6, Max: 213107.9, Diff: 7.2]
      [Ext Root Scanning (ms): Min: 0.0, Avg: 0.4, Max: 0.5, Diff: 0.5, Sum: 1.4]
      [SATB Filtering (ms): Min: 0.0, Avg: 0.0, Max: 0.0, Diff: 0.0, Sum: 0.0]
      [Update RS (ms): Min: 18.7, Avg: 23.5, Max: 25.3, Diff: 6.5, Sum: 94.0]
         [Processed Buffers: Min: 18, Avg: 28.2, Max: 38, Diff: 20, Sum: 113]
      [Scan RS (ms): Min: 0.6, Avg: 0.8, Max: 0.9, Diff: 0.4, Sum: 3.0]
      [Code Root Scanning (ms): Min: 0.1, Avg: 0.1, Max: 0.1, Diff: 0.0, Sum: 0.3]
      [Object Copy (ms): Min: 10.1, Avg: 10.1, Max: 10.1, Diff: 0.1, Sum: 40.3]
      [Termination (ms): Min: 0.0, Avg: 0.0, Max: 0.0, Diff: 0.0, Sum: 0.0]
      [GC Worker Other (ms): Min: 0.0, Avg: 0.0, Max: 0.1, Diff: 0.0, Sum: 0.2]
      [GC Worker Total (ms): Min: 29.5, Avg: 34.8, Max: 36.6, Diff: 7.1, Sum: 139.3]
      [GC Worker End (ms): Min: 213137.4, Avg: 213137.4, Max: 213137.4, Diff: 0.0]
   [Code Root Fixup: 0.0 ms]
   [Code Root Migration: 0.2 ms]
   [Clear CT: 0.4 ms]
   [Other: 32.0 ms]
      [Choose CSet: 0.0 ms]
      [Ref Proc: 27.5 ms]
      [Ref Enq: 2.4 ms]
      [Free CSet: 1.9 ms]
   [Eden: 1692.0M(1692.0M)->0.0B(1693.0M) Survivors: 22.0M->22.0M Heap: 3660.5M(4096.0M)->1968.0M(4096.0M)]
 [Times: user=0.23 sys=0.00, real=0.07 secs] 
2016-01-06T01:07:14.767-0800: 213.430: [GC pause (young)
Desired survivor size 112721920 bytes, new threshold 15 (max 15)
- age   1:   20623456 bytes,   20623456 total
- age   2:      36864 bytes,   20660320 total
2016-01-06T01:07:14.844-0800: 213.507: [SoftReference, 0 refs, 0.0000450 secs]2016-01-06T01:07:14.844-0800: 213.507: [WeakReference, 0 refs, 0.0000060 secs]2016-01-06T01:07:14.844-0800: 213.507: [FinalReference, 0 refs, 0.0000060 secs]2016-01-06T01:07:14.844-0800: 213.507: [PhantomReference, 0 refs, 52993 refs, 0.0018460 secs]2016-01-06T01:07:14.846-0800: 213.509: [JNI Weak Reference, 0.0000080 secs], 0.0843280 secs]
   [Parallel Time: 34.6 ms, GC Workers: 4]
      [GC Worker Start (ms): Min: 213430.2, Avg: 213430.2, Max: 213430.3, Diff: 0.1]
      [Ext Root Scanning (ms): Min: 0.3, Avg: 0.4, Max: 0.4, Diff: 0.1, Sum: 1.4]
      [SATB Filtering (ms): Min: 0.0, Avg: 0.0, Max: 0.0, Diff: 0.0, Sum: 0.0]
      [Update RS (ms): Min: 22.3, Avg: 22.4, Max: 22.8, Diff: 0.5, Sum: 89.7]
         [Processed Buffers: Min: 30, Avg: 31.0, Max: 32, Diff: 2, Sum: 124]
      [Scan RS (ms): Min: 0.4, Avg: 0.8, Max: 0.9, Diff: 0.5, Sum: 3.1]
      [Code Root Scanning (ms): Min: 0.0, Avg: 0.1, Max: 0.1, Diff: 0.1, Sum: 0.3]
      [Object Copy (ms): Min: 10.8, Avg: 10.8, Max: 10.8, Diff: 0.1, Sum: 43.2]
      [Termination (ms): Min: 0.0, Avg: 0.0, Max: 0.0, Diff: 0.0, Sum: 0.0]
      [GC Worker Other (ms): Min: 0.0, Avg: 0.1, Max: 0.1, Diff: 0.1, Sum: 0.2]
      [GC Worker Total (ms): Min: 34.5, Avg: 34.5, Max: 34.6, Diff: 0.1, Sum: 138.0]
      [GC Worker End (ms): Min: 213464.7, Avg: 213464.7, Max: 213464.8, Diff: 0.0]
   [Code Root Fixup: 0.0 ms]
   [Code Root Migration: 0.2 ms]
   [Clear CT: 0.5 ms]
   [Other: 49.0 ms]
      [Choose CSet: 0.0 ms]
      [Ref Proc: 44.5 ms]
      [Ref Enq: 2.4 ms]
      [Free CSet: 2.0 ms]
   [Eden: 1693.0M(1693.0M)->0.0B(1693.0M) Survivors: 22.0M->22.0M Heap: 3661.0M(4096.0M)->1968.5M(4096.0M)]
 [Times: user=0.31 sys=0.00, real=0.08 secs] 
2016-01-06T01:07:15.096-0800: 213.759: [GC pause (young)
Desired survivor size 112721920 bytes, new threshold 15 (max 15)
- age   1:   20625688 bytes,   20625688 total
- age   2:      36864 bytes,   20662552 total
2016-01-06T01:07:15.186-0800: 213.849: [SoftReference, 0 refs, 0.0000390 secs]2016-01-06T01:07:15.186-0800: 213.849: [WeakReference, 0 refs, 0.0000060 secs]2016-01-06T01:07:15.186-0800: 213.849: [FinalReference, 0 refs, 0.0000050 secs]2016-01-06T01:07:15.186-0800: 213.849: [PhantomReference, 0 refs, 52994 refs, 0.0017780 secs]2016-01-06T01:07:15.188-0800: 213.851: [JNI Weak Reference, 0.0000080 secs], 0.0968980 secs]
   [Parallel Time: 27.6 ms, GC Workers: 4]
      [GC Worker Start (ms): Min: 213759.0, Avg: 213759.2, Max: 213759.9, Diff: 1.0]
      [Ext Root Scanning (ms): Min: 0.0, Avg: 0.3, Max: 0.5, Diff: 0.5, Sum: 1.3]
      [SATB Filtering (ms): Min: 0.0, Avg: 0.0, Max: 0.0, Diff: 0.0, Sum: 0.0]
      [Update RS (ms): Min: 14.4, Avg: 14.6, Max: 14.7, Diff: 0.4, Sum: 58.3]
         [Processed Buffers: Min: 20, Avg: 20.5, Max: 21, Diff: 1, Sum: 82]
      [Scan RS (ms): Min: 0.6, Avg: 0.8, Max: 1.0, Diff: 0.4, Sum: 3.1]
      [Code Root Scanning (ms): Min: 0.1, Avg: 0.1, Max: 0.1, Diff: 0.0, Sum: 0.3]
      [Object Copy (ms): Min: 11.4, Avg: 11.4, Max: 11.5, Diff: 0.1, Sum: 45.8]
      [Termination (ms): Min: 0.0, Avg: 0.0, Max: 0.0, Diff: 0.0, Sum: 0.0]
      [GC Worker Other (ms): Min: 0.0, Avg: 0.0, Max: 0.1, Diff: 0.0, Sum: 0.2]
      [GC Worker Total (ms): Min: 26.5, Avg: 27.2, Max: 27.5, Diff: 1.0, Sum: 109.0]
      [GC Worker End (ms): Min: 213786.4, Avg: 213786.5, Max: 213786.5, Diff: 0.0]
   [Code Root Fixup: 0.0 ms]
   [Code Root Migration: 0.2 ms]
   [Clear CT: 0.5 ms]
   [Other: 68.5 ms]
      [Choose CSet: 0.0 ms]
      [Ref Proc: 64.0 ms]
      [Ref Enq: 2.4 ms]
      [Free CSet: 2.0 ms]
   [Eden: 1693.0M(1693.0M)->0.0B(1693.0M) Survivors: 22.0M->22.0M Heap: 3661.5M(4096.0M)->1968.0M(4096.0M)]
 [Times: user=0.34 sys=0.00, real=0.10 secs] 
2016-01-06T01:07:15.445-0800: 214.108: [GC pause (young)
Desired survivor size 112721920 bytes, new threshold 15 (max 15)
- age   1:   20625688 bytes,   20625688 total
- age   2:      36864 bytes,   20662552 total
2016-01-06T01:07:15.548-0800: 214.211: [SoftReference, 0 refs, 0.0000430 secs]2016-01-06T01:07:15.548-0800: 214.211: [WeakReference, 0 refs, 0.0000060 secs]2016-01-06T01:07:15.548-0800: 214.211: [FinalReference, 0 refs, 0.0000050 secs]2016-01-06T01:07:15.548-0800: 214.211: [PhantomReference, 0 refs, 52992 refs, 0.0017830 secs]2016-01-06T01:07:15.550-0800: 214.213: [JNI Weak Reference, 0.0000080 secs], 0.1101910 secs]
   [Parallel Time: 28.1 ms, GC Workers: 4]
      [GC Worker Start (ms): Min: 214108.1, Avg: 214108.4, Max: 214109.3, Diff: 1.3]
      [Ext Root Scanning (ms): Min: 0.0, Avg: 0.3, Max: 0.5, Diff: 0.5, Sum: 1.3]
      [SATB Filtering (ms): Min: 0.0, Avg: 0.0, Max: 0.0, Diff: 0.0, Sum: 0.0]
      [Update RS (ms): Min: 15.5, Avg: 16.4, Max: 16.9, Diff: 1.3, Sum: 65.6]
         [Processed Buffers: Min: 20, Avg: 23.0, Max: 25, Diff: 5, Sum: 92]
      [Scan RS (ms): Min: 0.5, Avg: 0.8, Max: 1.0, Diff: 0.4, Sum: 3.1]
      [Code Root Scanning (ms): Min: 0.1, Avg: 0.1, Max: 0.1, Diff: 0.1, Sum: 0.4]
      [Object Copy (ms): Min: 10.0, Avg: 10.1, Max: 10.1, Diff: 0.0, Sum: 40.3]
      [Termination (ms): Min: 0.0, Avg: 0.0, Max: 0.0, Diff: 0.0, Sum: 0.0]
      [GC Worker Other (ms): Min: 0.0, Avg: 0.1, Max: 0.1, Diff: 0.1, Sum: 0.2]
      [GC Worker Total (ms): Min: 26.8, Avg: 27.7, Max: 28.1, Diff: 1.3, Sum: 110.9]
      [GC Worker End (ms): Min: 214136.1, Avg: 214136.1, Max: 214136.1, Diff: 0.1]
   [Code Root Fixup: 0.0 ms]
   [Code Root Migration: 0.2 ms]
   [Clear CT: 0.5 ms]
   [Other: 81.3 ms]
      [Choose CSet: 0.0 ms]
      [Ref Proc: 76.8 ms]
      [Ref Enq: 2.4 ms]
      [Free CSet: 2.0 ms]
   [Eden: 1693.0M(1693.0M)->0.0B(1693.0M) Survivors: 22.0M->22.0M Heap: 3661.0M(4096.0M)->1968.0M(4096.0M)]
 [Times: user=0.41 sys=0.00, real=0.10 secs] 
2016-01-06T01:07:15.813-0800: 214.476: [GC pause (young)
Desired survivor size 112721920 bytes, new threshold 15 (max 15)
- age   1:   20625688 bytes,   20625688 total
- age   2:      36864 bytes,   20662552 total
2016-01-06T01:07:15.955-0800: 214.618: [SoftReference, 0 refs, 0.0000500 secs]2016-01-06T01:07:15.955-0800: 214.618: [WeakReference, 0 refs, 0.0000070 secs]2016-01-06T01:07:15.955-0800: 214.618: [FinalReference, 0 refs, 0.0000050 secs]2016-01-06T01:07:15.955-0800: 214.618: [PhantomReference, 0 refs, 52993 refs, 0.0018880 secs]2016-01-06T01:07:15.957-0800: 214.620: [JNI Weak Reference, 0.0000080 secs], 0.1495240 secs]
   [Parallel Time: 34.5 ms, GC Workers: 4]
      [GC Worker Start (ms): Min: 214476.0, Avg: 214476.1, Max: 214476.1, Diff: 0.1]
      [Ext Root Scanning (ms): Min: 0.3, Avg: 0.4, Max: 0.4, Diff: 0.1, Sum: 1.5]
      [SATB Filtering (ms): Min: 0.0, Avg: 0.0, Max: 0.0, Diff: 0.0, Sum: 0.0]
      [Update RS (ms): Min: 22.7, Avg: 22.9, Max: 23.1, Diff: 0.4, Sum: 91.4]
         [Processed Buffers: Min: 32, Avg: 32.5, Max: 33, Diff: 1, Sum: 130]
      [Scan RS (ms): Min: 0.6, Avg: 0.8, Max: 0.9, Diff: 0.4, Sum: 3.1]
      [Code Root Scanning (ms): Min: 0.1, Avg: 0.1, Max: 0.1, Diff: 0.1, Sum: 0.4]
      [Object Copy (ms): Min: 10.1, Avg: 10.2, Max: 10.2, Diff: 0.1, Sum: 40.7]
      [Termination (ms): Min: 0.0, Avg: 0.0, Max: 0.0, Diff: 0.0, Sum: 0.0]
      [GC Worker Other (ms): Min: 0.0, Avg: 0.1, Max: 0.1, Diff: 0.1, Sum: 0.2]
      [GC Worker Total (ms): Min: 34.3, Avg: 34.3, Max: 34.4, Diff: 0.1, Sum: 137.3]
      [GC Worker End (ms): Min: 214510.4, Avg: 214510.4, Max: 214510.4, Diff: 0.1]
   [Code Root Fixup: 0.0 ms]
   [Code Root Migration: 0.2 ms]
   [Clear CT: 0.4 ms]
   [Other: 114.4 ms]
      [Choose CSet: 0.0 ms]
      [Ref Proc: 109.8 ms]
      [Ref Enq: 2.5 ms]
      [Free CSet: 2.0 ms]
   [Eden: 1693.0M(1693.0M)->0.0B(1694.0M) Survivors: 22.0M->22.0M Heap: 3661.0M(4096.0M)->1968.0M(4096.0M)]
 [Times: user=0.48 sys=0.01, real=0.15 secs] 
2016-01-06T01:07:16.223-0800: 214.886: [GC pause (young)
Desired survivor size 112721920 bytes, new threshold 15 (max 15)
- age   1:   20625688 bytes,   20625688 total
- age   2:      36864 bytes,   20662552 total
2016-01-06T01:07:16.351-0800: 215.014: [SoftReference, 0 refs, 0.0000520 secs]2016-01-06T01:07:16.351-0800: 215.014: [WeakReference, 0 refs, 0.0000080 secs]2016-01-06T01:07:16.351-0800: 215.014: [FinalReference, 0 refs, 0.0000050 secs]2016-01-06T01:07:16.351-0800: 215.014: [PhantomReference, 0 refs, 53025 refs, 0.0018800 secs]2016-01-06T01:07:16.353-0800: 215.016: [JNI Weak Reference, 0.0000080 secs], 0.1355770 secs]
   [Parallel Time: 25.9 ms, GC Workers: 4]
      [GC Worker Start (ms): Min: 214885.9, Avg: 214885.9, Max: 214886.0, Diff: 0.1]
      [Ext Root Scanning (ms): Min: 0.3, Avg: 0.4, Max: 0.4, Diff: 0.1, Sum: 1.4]
      [SATB Filtering (ms): Min: 0.0, Avg: 0.0, Max: 0.0, Diff: 0.0, Sum: 0.0]
      [Update RS (ms): Min: 13.1, Avg: 13.4, Max: 13.9, Diff: 0.7, Sum: 53.7]
         [Processed Buffers: Min: 16, Avg: 17.8, Max: 19, Diff: 3, Sum: 71]
      [Scan RS (ms): Min: 0.4, Avg: 0.8, Max: 1.0, Diff: 0.6, Sum: 3.2]
      [Code Root Scanning (ms): Min: 0.0, Avg: 0.1, Max: 0.1, Diff: 0.1, Sum: 0.3]
      [Object Copy (ms): Min: 11.0, Avg: 11.1, Max: 11.1, Diff: 0.1, Sum: 44.3]
      [Termination (ms): Min: 0.0, Avg: 0.0, Max: 0.0, Diff: 0.0, Sum: 0.0]
      [GC Worker Other (ms): Min: 0.0, Avg: 0.1, Max: 0.1, Diff: 0.1, Sum: 0.2]
      [GC Worker Total (ms): Min: 25.7, Avg: 25.8, Max: 25.8, Diff: 0.1, Sum: 103.1]
      [GC Worker End (ms): Min: 214911.7, Avg: 214911.7, Max: 214911.8, Diff: 0.1]
   [Code Root Fixup: 0.0 ms]
   [Code Root Migration: 0.2 ms]
   [Clear CT: 0.4 ms]
   [Other: 109.0 ms]
      [Choose CSet: 0.0 ms]
      [Ref Proc: 104.5 ms]
      [Ref Enq: 2.4 ms]
      [Free CSet: 2.0 ms]
   [Eden: 1694.0M(1694.0M)->0.0B(1694.0M) Survivors: 22.0M->22.0M Heap: 3662.0M(4096.0M)->1968.0M(4096.0M)]
 [Times: user=0.50 sys=0.01, real=0.14 secs] 
2016-01-06T01:07:16.624-0800: 215.287: [GC pause (young)
Desired survivor size 112721920 bytes, new threshold 15 (max 15)
- age   1:   20627920 bytes,   20627920 total
- age   2:      36864 bytes,   20664784 total
2016-01-06T01:07:16.780-0800: 215.443: [SoftReference, 0 refs, 0.0000430 secs]2016-01-06T01:07:16.780-0800: 215.443: [WeakReference, 0 refs, 0.0000070 secs]2016-01-06T01:07:16.780-0800: 215.443: [FinalReference, 0 refs, 0.0000060 secs]2016-01-06T01:07:16.780-0800: 215.443: [PhantomReference, 0 refs, 53024 refs, 0.0017830 secs]2016-01-06T01:07:16.782-0800: 215.444: [JNI Weak Reference, 0.0000070 secs], 0.1626030 secs]
   [Parallel Time: 35.3 ms, GC Workers: 4]
      [GC Worker Start (ms): Min: 215287.2, Avg: 215287.2, Max: 215287.3, Diff: 0.1]
      [Ext Root Scanning (ms): Min: 0.3, Avg: 0.4, Max: 0.4, Diff: 0.1, Sum: 1.4]
      [SATB Filtering (ms): Min: 0.0, Avg: 0.0, Max: 0.0, Diff: 0.0, Sum: 0.0]
      [Update RS (ms): Min: 20.3, Avg: 20.6, Max: 20.9, Diff: 0.6, Sum: 82.2]
         [Processed Buffers: Min: 27, Avg: 28.8, Max: 30, Diff: 3, Sum: 115]
      [Scan RS (ms): Min: 0.5, Avg: 0.8, Max: 1.0, Diff: 0.5, Sum: 3.0]
      [Code Root Scanning (ms): Min: 0.1, Avg: 0.1, Max: 0.1, Diff: 0.1, Sum: 0.4]
      [Object Copy (ms): Min: 11.5, Avg: 11.5, Max: 11.5, Diff: 0.1, Sum: 46.0]
      [Termination (ms): Min: 0.0, Avg: 0.0, Max: 0.0, Diff: 0.0, Sum: 0.0]
      [GC Worker Other (ms): Min: 0.0, Avg: 1.4, Max: 1.9, Diff: 1.9, Sum: 5.8]
      [GC Worker Total (ms): Min: 33.3, Avg: 34.7, Max: 35.2, Diff: 1.9, Sum: 138.9]
      [GC Worker End (ms): Min: 215320.5, Avg: 215321.9, Max: 215322.4, Diff: 1.9]
   [Code Root Fixup: 0.0 ms]
   [Code Root Migration: 0.2 ms]
   [Clear CT: 0.5 ms]
   [Other: 126.6 ms]
      [Choose CSet: 0.0 ms]
      [Ref Proc: 122.0 ms]
      [Ref Enq: 2.4 ms]
      [Free CSet: 2.1 ms]
   [Eden: 1694.0M(1694.0M)->0.0B(1694.0M) Survivors: 22.0M->22.0M Heap: 3662.0M(4096.0M)->1968.5M(4096.0M)]
 [Times: user=0.58 sys=0.00, real=0.17 secs] 
2016-01-06T01:07:17.050-0800: 215.713: [GC pause (young)
Desired survivor size 112721920 bytes, new threshold 15 (max 15)
- age   1:   20627920 bytes,   20627920 total
- age   2:      36864 bytes,   20664784 total
2016-01-06T01:07:17.217-0800: 215.880: [SoftReference, 0 refs, 0.0000550 secs]2016-01-06T01:07:17.217-0800: 215.880: [WeakReference, 0 refs, 0.0000070 secs]2016-01-06T01:07:17.217-0800: 215.880: [FinalReference, 0 refs, 0.0000060 secs]2016-01-06T01:07:17.217-0800: 215.880: [PhantomReference, 0 refs, 53022 refs, 0.0018270 secs]2016-01-06T01:07:17.219-0800: 215.882: [JNI Weak Reference, 0.0000090 secs], 0.1742640 secs]
   [Parallel Time: 29.7 ms, GC Workers: 4]
      [GC Worker Start (ms): Min: 215712.9, Avg: 215713.0, Max: 215713.0, Diff: 0.1]
      [Ext Root Scanning (ms): Min: 0.3, Avg: 0.4, Max: 0.4, Diff: 0.1, Sum: 1.4]
      [SATB Filtering (ms): Min: 0.0, Avg: 0.0, Max: 0.0, Diff: 0.0, Sum: 0.0]
      [Update RS (ms): Min: 17.4, Avg: 17.5, Max: 17.6, Diff: 0.2, Sum: 69.9]
         [Processed Buffers: Min: 24, Avg: 24.5, Max: 25, Diff: 1, Sum: 98]
      [Scan RS (ms): Min: 0.6, Avg: 0.8, Max: 0.9, Diff: 0.2, Sum: 3.1]
      [Code Root Scanning (ms): Min: 0.1, Avg: 0.1, Max: 0.1, Diff: 0.0, Sum: 0.4]
      [Object Copy (ms): Min: 10.8, Avg: 10.8, Max: 10.8, Diff: 0.1, Sum: 43.2]
      [Termination (ms): Min: 0.0, Avg: 0.0, Max: 0.0, Diff: 0.0, Sum: 0.0]
      [GC Worker Other (ms): Min: 0.0, Avg: 0.1, Max: 0.1, Diff: 0.0, Sum: 0.2]
      [GC Worker Total (ms): Min: 29.5, Avg: 29.6, Max: 29.6, Diff: 0.0, Sum: 118.2]
      [GC Worker End (ms): Min: 215742.5, Avg: 215742.5, Max: 215742.5, Diff: 0.1]
   [Code Root Fixup: 0.0 ms]
   [Code Root Migration: 0.2 ms]
   [Clear CT: 0.5 ms]
   [Other: 143.9 ms]
      [Choose CSet: 0.0 ms]
      [Ref Proc: 139.1 ms]
      [Ref Enq: 2.4 ms]
      [Free CSet: 2.2 ms]
   [Eden: 1694.0M(1694.0M)->0.0B(1694.0M) Survivors: 22.0M->22.0M Heap: 3662.5M(4096.0M)->1968.5M(4096.0M)]
 [Times: user=0.67 sys=0.00, real=0.17 secs] 
2016-01-06T01:07:17.488-0800: 216.151: [GC pause (young)
Desired survivor size 112721920 bytes, new threshold 15 (max 15)
- age   1:   20627920 bytes,   20627920 total
- age   2:      36864 bytes,   20664784 total
2016-01-06T01:07:17.670-0800: 216.333: [SoftReference, 0 refs, 0.0000370 secs]2016-01-06T01:07:17.670-0800: 216.333: [WeakReference, 0 refs, 0.0000060 secs]2016-01-06T01:07:17.670-0800: 216.333: [FinalReference, 0 refs, 0.0000060 secs]2016-01-06T01:07:17.670-0800: 216.333: [PhantomReference, 0 refs, 53024 refs, 0.0018070 secs]2016-01-06T01:07:17.672-0800: 216.335: [JNI Weak Reference, 0.0000080 secs], 0.1892860 secs]
   [Parallel Time: 29.8 ms, GC Workers: 4]
      [GC Worker Start (ms): Min: 216150.9, Avg: 216150.9, Max: 216151.0, Diff: 0.1]
      [Ext Root Scanning (ms): Min: 0.3, Avg: 0.4, Max: 0.4, Diff: 0.1, Sum: 1.5]
      [SATB Filtering (ms): Min: 0.0, Avg: 0.0, Max: 0.0, Diff: 0.0, Sum: 0.0]
      [Update RS (ms): Min: 17.4, Avg: 17.6, Max: 17.6, Diff: 0.2, Sum: 70.3]
         [Processed Buffers: Min: 24, Avg: 24.5, Max: 25, Diff: 1, Sum: 98]
      [Scan RS (ms): Min: 0.7, Avg: 0.8, Max: 0.9, Diff: 0.1, Sum: 3.1]
      [Code Root Scanning (ms): Min: 0.1, Avg: 0.1, Max: 0.1, Diff: 0.1, Sum: 0.4]
      [Object Copy (ms): Min: 10.8, Avg: 10.8, Max: 10.8, Diff: 0.1, Sum: 43.2]
      [Termination (ms): Min: 0.0, Avg: 0.0, Max: 0.0, Diff: 0.0, Sum: 0.0]
      [GC Worker Other (ms): Min: 0.0, Avg: 0.1, Max: 0.1, Diff: 0.0, Sum: 0.2]
      [GC Worker Total (ms): Min: 29.6, Avg: 29.7, Max: 29.7, Diff: 0.1, Sum: 118.7]
      [GC Worker End (ms): Min: 216180.6, Avg: 216180.6, Max: 216180.6, Diff: 0.0]
   [Code Root Fixup: 0.0 ms]
   [Code Root Migration: 0.2 ms]
   [Clear CT: 0.5 ms]
   [Other: 158.8 ms]
      [Choose CSet: 0.0 ms]
      [Ref Proc: 154.1 ms]
      [Ref Enq: 2.6 ms]
      [Free CSet: 2.0 ms]
   [Eden: 1694.0M(1694.0M)->0.0B(1694.0M) Survivors: 22.0M->22.0M Heap: 3662.5M(4096.0M)->1968.5M(4096.0M)]
 [Times: user=0.71 sys=0.00, real=0.19 secs] 
2016-01-06T01:07:17.940-0800: 216.603: [GC pause (young)
Desired survivor size 112721920 bytes, new threshold 15 (max 15)
- age   1:   20627920 bytes,   20627920 total
- age   2:      36864 bytes,   20664784 total
2016-01-06T01:07:18.130-0800: 216.793: [SoftReference, 0 refs, 0.0000340 secs]2016-01-06T01:07:18.130-0800: 216.793: [WeakReference, 0 refs, 0.0000070 secs]2016-01-06T01:07:18.130-0800: 216.793: [FinalReference, 0 refs, 0.0000060 secs]2016-01-06T01:07:18.130-0800: 216.793: [PhantomReference, 0 refs, 53023 refs, 0.0018810 secs]2016-01-06T01:07:18.132-0800: 216.795: [JNI Weak Reference, 0.0000090 secs], 0.1974420 secs]
   [Parallel Time: 21.3 ms, GC Workers: 4]
      [GC Worker Start (ms): Min: 216603.1, Avg: 216604.7, Max: 216608.7, Diff: 5.5]
      [Ext Root Scanning (ms): Min: 0.0, Avg: 0.3, Max: 0.7, Diff: 0.7, Sum: 1.3]
      [SATB Filtering (ms): Min: 0.0, Avg: 0.0, Max: 0.0, Diff: 0.0, Sum: 0.0]
      [Update RS (ms): Min: 4.5, Avg: 8.0, Max: 9.4, Diff: 5.0, Sum: 32.1]
         [Processed Buffers: Min: 6, Avg: 12.0, Max: 16, Diff: 10, Sum: 48]
      [Scan RS (ms): Min: 0.6, Avg: 0.7, Max: 1.0, Diff: 0.4, Sum: 2.9]
      [Code Root Scanning (ms): Min: 0.1, Avg: 0.1, Max: 0.1, Diff: 0.0, Sum: 0.3]
      [Object Copy (ms): Min: 10.4, Avg: 10.4, Max: 10.4, Diff: 0.0, Sum: 41.6]
      [Termination (ms): Min: 0.0, Avg: 0.0, Max: 0.0, Diff: 0.0, Sum: 0.0]
      [GC Worker Other (ms): Min: 0.0, Avg: 0.1, Max: 0.1, Diff: 0.1, Sum: 0.3]
      [GC Worker Total (ms): Min: 15.7, Avg: 19.6, Max: 21.2, Diff: 5.5, Sum: 78.5]
      [GC Worker End (ms): Min: 216624.3, Avg: 216624.4, Max: 216624.4, Diff: 0.1]
   [Code Root Fixup: 0.0 ms]
   [Code Root Migration: 0.3 ms]
   [Clear CT: 0.4 ms]
   [Other: 175.4 ms]
      [Choose CSet: 0.0 ms]
      [Ref Proc: 170.7 ms]
      [Ref Enq: 2.5 ms]
      [Free CSet: 2.1 ms]
   [Eden: 1694.0M(1694.0M)->0.0B(1694.0M) Survivors: 22.0M->22.0M Heap: 3662.5M(4096.0M)->1968.5M(4096.0M)]
 [Times: user=0.74 sys=0.00, real=0.20 secs] 
2016-01-06T01:07:18.397-0800: 217.060: [GC pause (young)
Desired survivor size 112721920 bytes, new threshold 15 (max 15)
- age   1:   20627920 bytes,   20627920 total
- age   2:      36864 bytes,   20664784 total
2016-01-06T01:07:18.573-0800: 217.236: [SoftReference, 0 refs, 0.0000450 secs]2016-01-06T01:07:18.573-0800: 217.236: [WeakReference, 0 refs, 0.0000070 secs]2016-01-06T01:07:18.574-0800: 217.236: [FinalReference, 0 refs, 0.0000050 secs]2016-01-06T01:07:18.574-0800: 217.236: [PhantomReference, 0 refs, 53024 refs, 0.0018980 secs]2016-01-06T01:07:18.575-0800: 217.238: [JNI Weak Reference, 0.0000120 secs], 0.1835040 secs]
   [Parallel Time: 11.6 ms, GC Workers: 4]
      [GC Worker Start (ms): Min: 217060.5, Avg: 217060.5, Max: 217060.6, Diff: 0.1]
      [Ext Root Scanning (ms): Min: 0.3, Avg: 0.4, Max: 0.4, Diff: 0.1, Sum: 1.4]
      [SATB Filtering (ms): Min: 0.0, Avg: 0.0, Max: 0.0, Diff: 0.0, Sum: 0.0]
      [Update RS (ms): Min: 0.0, Avg: 0.1, Max: 0.2, Diff: 0.2, Sum: 0.2]
         [Processed Buffers: Min: 0, Avg: 1.0, Max: 3, Diff: 3, Sum: 4]
      [Scan RS (ms): Min: 0.7, Avg: 0.8, Max: 0.8, Diff: 0.2, Sum: 3.1]
      [Code Root Scanning (ms): Min: 0.1, Avg: 0.1, Max: 0.1, Diff: 0.0, Sum: 0.3]
      [Object Copy (ms): Min: 10.1, Avg: 10.2, Max: 10.2, Diff: 0.1, Sum: 40.7]
      [Termination (ms): Min: 0.0, Avg: 0.0, Max: 0.0, Diff: 0.0, Sum: 0.0]
      [GC Worker Other (ms): Min: 0.0, Avg: 0.1, Max: 0.1, Diff: 0.1, Sum: 0.2]
      [GC Worker Total (ms): Min: 11.4, Avg: 11.5, Max: 11.5, Diff: 0.1, Sum: 45.9]
      [GC Worker End (ms): Min: 217072.0, Avg: 217072.0, Max: 217072.0, Diff: 0.1]
   [Code Root Fixup: 0.0 ms]
   [Code Root Migration: 0.3 ms]
   [Clear CT: 0.5 ms]
   [Other: 171.1 ms]
      [Choose CSet: 0.0 ms]
      [Ref Proc: 166.3 ms]
      [Ref Enq: 2.5 ms]
      [Free CSet: 2.2 ms]
   [Eden: 1694.0M(1694.0M)->0.0B(1694.0M) Survivors: 22.0M->22.0M Heap: 3662.5M(4096.0M)->1968.0M(4096.0M)]
 [Times: user=0.64 sys=0.01, real=0.18 secs] 
2016-01-06T01:07:18.842-0800: 217.505: [GC pause (young)
Desired survivor size 112721920 bytes, new threshold 15 (max 15)
- age   1:   20627920 bytes,   20627920 total
- age   2:      36864 bytes,   20664784 total
2016-01-06T01:07:19.014-0800: 217.677: [SoftReference, 0 refs, 0.0000530 secs]2016-01-06T01:07:19.015-0800: 217.677: [WeakReference, 0 refs, 0.0000070 secs]2016-01-06T01:07:19.015-0800: 217.677: [FinalReference, 0 refs, 0.0000050 secs]2016-01-06T01:07:19.015-0800: 217.677: [PhantomReference, 0 refs, 53024 refs, 0.0018350 secs]2016-01-06T01:07:19.016-0800: 217.679: [JNI Weak Reference, 0.0000090 secs], 0.1800210 secs]
   [Parallel Time: 13.0 ms, GC Workers: 4]
      [GC Worker Start (ms): Min: 217504.7, Avg: 217504.8, Max: 217504.8, Diff: 0.1]
      [Ext Root Scanning (ms): Min: 0.3, Avg: 0.4, Max: 0.4, Diff: 0.1, Sum: 1.4]
      [SATB Filtering (ms): Min: 0.0, Avg: 0.0, Max: 0.0, Diff: 0.0, Sum: 0.0]
      [Update RS (ms): Min: 0.0, Avg: 0.0, Max: 0.2, Diff: 0.2, Sum: 0.2]
         [Processed Buffers: Min: 0, Avg: 1.0, Max: 3, Diff: 3, Sum: 4]
      [Scan RS (ms): Min: 0.7, Avg: 0.8, Max: 0.9, Diff: 0.2, Sum: 3.1]
      [Code Root Scanning (ms): Min: 0.1, Avg: 0.1, Max: 0.1, Diff: 0.0, Sum: 0.3]
      [Object Copy (ms): Min: 11.5, Avg: 11.6, Max: 11.6, Diff: 0.1, Sum: 46.2]
      [Termination (ms): Min: 0.0, Avg: 0.0, Max: 0.0, Diff: 0.0, Sum: 0.0]
      [GC Worker Other (ms): Min: 0.0, Avg: 0.1, Max: 0.1, Diff: 0.0, Sum: 0.2]
      [GC Worker Total (ms): Min: 12.8, Avg: 12.9, Max: 12.9, Diff: 0.1, Sum: 51.5]
      [GC Worker End (ms): Min: 217517.6, Avg: 217517.6, Max: 217517.7, Diff: 0.0]
   [Code Root Fixup: 0.0 ms]
   [Code Root Migration: 0.2 ms]
   [Clear CT: 0.5 ms]
   [Other: 166.3 ms]
      [Choose CSet: 0.0 ms]
      [Ref Proc: 161.6 ms]
      [Ref Enq: 2.4 ms]
      [Free CSet: 2.1 ms]
   [Eden: 1694.0M(1694.0M)->0.0B(1694.0M) Survivors: 22.0M->22.0M Heap: 3662.0M(4096.0M)->1968.0M(4096.0M)]
 [Times: user=0.67 sys=0.00, real=0.18 secs] 
2016-01-06T01:07:19.269-0800: 217.932: [GC pause (young)
Desired survivor size 112721920 bytes, new threshold 15 (max 15)
- age   1:   20627920 bytes,   20627920 total
- age   2:      36864 bytes,   20664784 total
2016-01-06T01:07:19.457-0800: 218.120: [SoftReference, 0 refs, 0.0000420 secs]2016-01-06T01:07:19.457-0800: 218.120: [WeakReference, 0 refs, 0.0000070 secs]2016-01-06T01:07:19.457-0800: 218.120: [FinalReference, 0 refs, 0.0000060 secs]2016-01-06T01:07:19.457-0800: 218.120: [PhantomReference, 0 refs, 53023 refs, 0.0018340 secs]2016-01-06T01:07:19.459-0800: 218.122: [JNI Weak Reference, 0.0000070 secs], 0.1955490 secs]
   [Parallel Time: 27.0 ms, GC Workers: 4]
      [GC Worker Start (ms): Min: 217931.6, Avg: 217932.7, Max: 217935.9, Diff: 4.3]
      [Ext Root Scanning (ms): Min: 0.0, Avg: 0.3, Max: 0.5, Diff: 0.5, Sum: 1.4]
      [SATB Filtering (ms): Min: 0.0, Avg: 0.0, Max: 0.0, Diff: 0.0, Sum: 0.0]
      [Update RS (ms): Min: 11.7, Avg: 14.3, Max: 15.5, Diff: 3.7, Sum: 57.1]
         [Processed Buffers: Min: 16, Avg: 21.0, Max: 25, Diff: 9, Sum: 84]
      [Scan RS (ms): Min: 0.5, Avg: 0.7, Max: 1.0, Diff: 0.5, Sum: 2.9]
      [Code Root Scanning (ms): Min: 0.0, Avg: 0.1, Max: 0.1, Diff: 0.1, Sum: 0.3]
      [Object Copy (ms): Min: 10.3, Avg: 10.3, Max: 10.3, Diff: 0.1, Sum: 41.2]
      [Termination (ms): Min: 0.0, Avg: 0.0, Max: 0.0, Diff: 0.0, Sum: 0.0]
      [GC Worker Other (ms): Min: 0.0, Avg: 0.1, Max: 0.1, Diff: 0.1, Sum: 0.3]
      [GC Worker Total (ms): Min: 22.6, Avg: 25.8, Max: 26.9, Diff: 4.4, Sum: 103.2]
      [GC Worker End (ms): Min: 217958.5, Avg: 217958.5, Max: 217958.5, Diff: 0.1]
   [Code Root Fixup: 0.0 ms]
   [Code Root Migration: 0.2 ms]
   [Clear CT: 0.4 ms]
   [Other: 167.9 ms]
      [Choose CSet: 0.0 ms]
      [Ref Proc: 163.4 ms]
      [Ref Enq: 2.5 ms]
      [Free CSet: 2.0 ms]
   [Eden: 1694.0M(1694.0M)->0.0B(1694.0M) Survivors: 22.0M->22.0M Heap: 3662.0M(4096.0M)->1968.5M(4096.0M)]
 [Times: user=0.73 sys=0.01, real=0.19 secs] 
2016-01-06T01:07:19.711-0800: 218.374: [GC pause (young)
Desired survivor size 112721920 bytes, new threshold 15 (max 15)
- age   1:   20627920 bytes,   20627920 total
- age   2:      36864 bytes,   20664784 total
2016-01-06T01:07:19.922-0800: 218.585: [SoftReference, 0 refs, 0.0000450 secs]2016-01-06T01:07:19.922-0800: 218.585: [WeakReference, 0 refs, 0.0000070 secs]2016-01-06T01:07:19.922-0800: 218.585: [FinalReference, 0 refs, 0.0000050 secs]2016-01-06T01:07:19.922-0800: 218.585: [PhantomReference, 0 refs, 53024 refs, 0.0017590 secs]2016-01-06T01:07:19.923-0800: 218.586: [JNI Weak Reference, 0.0000070 secs], 0.2173730 secs]
   [Parallel Time: 36.0 ms, GC Workers: 4]
      [GC Worker Start (ms): Min: 218374.5, Avg: 218374.6, Max: 218375.0, Diff: 0.5]
      [Ext Root Scanning (ms): Min: 0.0, Avg: 1.6, Max: 5.5, Diff: 5.5, Sum: 6.5]
      [SATB Filtering (ms): Min: 0.0, Avg: 0.0, Max: 0.0, Diff: 0.0, Sum: 0.0]
      [Update RS (ms): Min: 18.7, Avg: 22.3, Max: 23.5, Diff: 4.8, Sum: 89.0]
         [Processed Buffers: Min: 17, Avg: 24.2, Max: 32, Diff: 15, Sum: 97]
      [Scan RS (ms): Min: 0.6, Avg: 0.8, Max: 0.9, Diff: 0.3, Sum: 3.1]
      [Code Root Scanning (ms): Min: 0.1, Avg: 0.1, Max: 0.1, Diff: 0.1, Sum: 0.3]
      [Object Copy (ms): Min: 10.9, Avg: 10.9, Max: 11.0, Diff: 0.1, Sum: 43.7]
      [Termination (ms): Min: 0.0, Avg: 0.0, Max: 0.0, Diff: 0.0, Sum: 0.0]
      [GC Worker Other (ms): Min: 0.0, Avg: 0.1, Max: 0.1, Diff: 0.1, Sum: 0.3]
      [GC Worker Total (ms): Min: 35.4, Avg: 35.7, Max: 35.9, Diff: 0.4, Sum: 142.9]
      [GC Worker End (ms): Min: 218410.3, Avg: 218410.3, Max: 218410.4, Diff: 0.1]
   [Code Root Fixup: 0.0 ms]
   [Code Root Migration: 0.2 ms]
   [Clear CT: 0.5 ms]
   [Other: 180.6 ms]
      [Choose CSet: 0.0 ms]
      [Ref Proc: 176.0 ms]
      [Ref Enq: 2.5 ms]
      [Free CSet: 2.1 ms]
   [Eden: 1694.0M(1694.0M)->0.0B(182.0M) Survivors: 22.0M->22.0M Heap: 3662.5M(4096.0M)->1968.5M(4096.0M)]
 [Times: user=0.80 sys=0.00, real=0.22 secs] 
2016-01-06T01:07:19.969-0800: 218.632: [GC pause (young)
Desired survivor size 13631488 bytes, new threshold 1 (max 15)
- age   1:   20627920 bytes,   20627920 total
- age   2:      36864 bytes,   20664784 total
2016-01-06T01:07:20.157-0800: 218.820: [SoftReference, 0 refs, 0.0000490 secs]2016-01-06T01:07:20.157-0800: 218.820: [WeakReference, 0 refs, 0.0000100 secs]2016-01-06T01:07:20.157-0800: 218.820: [FinalReference, 0 refs, 0.0000060 secs]2016-01-06T01:07:20.157-0800: 218.820: [PhantomReference, 0 refs, 6153 refs, 0.0002380 secs]2016-01-06T01:07:20.157-0800: 218.820: [JNI Weak Reference, 0.0000080 secs], 0.1894060 secs]
   [Parallel Time: 11.2 ms, GC Workers: 4]
      [GC Worker Start (ms): Min: 218631.6, Avg: 218635.2, Max: 218642.6, Diff: 11.1]
      [Ext Root Scanning (ms): Min: 0.0, Avg: 0.3, Max: 0.7, Diff: 0.7, Sum: 1.4]
      [SATB Filtering (ms): Min: 0.0, Avg: 0.0, Max: 0.0, Diff: 0.0, Sum: 0.0]
      [Update RS (ms): Min: 0.0, Avg: 4.9, Max: 7.5, Diff: 7.5, Sum: 19.8]
         [Processed Buffers: Min: 0, Avg: 7.5, Max: 12, Diff: 12, Sum: 30]
      [Scan RS (ms): Min: 0.0, Avg: 0.1, Max: 0.3, Diff: 0.3, Sum: 0.3]
      [Code Root Scanning (ms): Min: 0.0, Avg: 0.0, Max: 0.0, Diff: 0.0, Sum: 0.0]
      [Object Copy (ms): Min: 0.0, Avg: 2.0, Max: 2.8, Diff: 2.8, Sum: 7.8]
      [Termination (ms): Min: 0.0, Avg: 0.1, Max: 0.2, Diff: 0.2, Sum: 0.5]
      [GC Worker Other (ms): Min: 0.0, Avg: 0.0, Max: 0.0, Diff: 0.0, Sum: 0.0]
      [GC Worker Total (ms): Min: 0.1, Avg: 7.5, Max: 11.1, Diff: 11.1, Sum: 29.9]
      [GC Worker End (ms): Min: 218642.7, Avg: 218642.7, Max: 218642.7, Diff: 0.0]
   [Code Root Fixup: 0.0 ms]
   [Code Root Migration: 0.0 ms]
   [Clear CT: 0.1 ms]
   [Other: 178.0 ms]
      [Choose CSet: 0.0 ms]
      [Ref Proc: 177.3 ms]
      [Ref Enq: 0.3 ms]
      [Free CSet: 0.3 ms]
   [Eden: 182.0M(182.0M)->0.0B(186.0M) Survivors: 22.0M->18.0M Heap: 2150.5M(4096.0M)->1964.6M(4096.0M)]
 [Times: user=0.71 sys=0.00, real=0.19 secs] 
2016-01-06T01:07:20.187-0800: 218.849: [GC pause (young)
Desired survivor size 13631488 bytes, new threshold 1 (max 15)
- age   1:   17253136 bytes,   17253136 total
2016-01-06T01:07:20.367-0800: 219.030: [SoftReference, 0 refs, 0.0000370 secs]2016-01-06T01:07:20.367-0800: 219.030: [WeakReference, 0 refs, 0.0000070 secs]2016-01-06T01:07:20.367-0800: 219.030: [FinalReference, 0 refs, 0.0000050 secs]2016-01-06T01:07:20.367-0800: 219.030: [PhantomReference, 0 refs, 6276 refs, 0.0002240 secs]2016-01-06T01:07:20.367-0800: 219.030: [JNI Weak Reference, 0.0000080 secs], 0.1811650 secs]
   [Parallel Time: 5.9 ms, GC Workers: 4]
      [GC Worker Start (ms): Min: 218849.5, Avg: 218849.6, Max: 218849.6, Diff: 0.1]
      [Ext Root Scanning (ms): Min: 0.3, Avg: 0.4, Max: 0.4, Diff: 0.1, Sum: 1.4]
      [SATB Filtering (ms): Min: 0.0, Avg: 0.0, Max: 0.0, Diff: 0.0, Sum: 0.0]
      [Update RS (ms): Min: 2.9, Avg: 3.1, Max: 3.2, Diff: 0.4, Sum: 12.4]
         [Processed Buffers: Min: 4, Avg: 4.8, Max: 6, Diff: 2, Sum: 19]
      [Scan RS (ms): Min: 0.0, Avg: 0.1, Max: 0.2, Diff: 0.2, Sum: 0.3]
      [Code Root Scanning (ms): Min: 0.0, Avg: 0.0, Max: 0.0, Diff: 0.0, Sum: 0.0]
      [Object Copy (ms): Min: 2.2, Avg: 2.2, Max: 2.2, Diff: 0.0, Sum: 8.9]
      [Termination (ms): Min: 0.0, Avg: 0.0, Max: 0.0, Diff: 0.0, Sum: 0.0]
      [GC Worker Other (ms): Min: 0.0, Avg: 0.0, Max: 0.1, Diff: 0.0, Sum: 0.1]
      [GC Worker Total (ms): Min: 5.7, Avg: 5.8, Max: 5.8, Diff: 0.1, Sum: 23.1]
      [GC Worker End (ms): Min: 218855.4, Avg: 218855.4, Max: 218855.4, Diff: 0.0]
   [Code Root Fixup: 0.0 ms]
   [Code Root Migration: 0.0 ms]
   [Clear CT: 0.1 ms]
   [Other: 175.1 ms]
      [Choose CSet: 0.0 ms]
      [Ref Proc: 174.4 ms]
      [Ref Enq: 0.3 ms]
      [Free CSet: 0.3 ms]
   [Eden: 186.0M(186.0M)->0.0B(790.0M) Survivors: 18.0M->19.0M Heap: 2150.6M(4096.0M)->1965.1M(4096.0M)]
 [Times: user=0.69 sys=0.00, real=0.18 secs] 
2016-01-06T01:07:20.489-0800: 219.152: [GC pause (young)
Desired survivor size 53477376 bytes, new threshold 15 (max 15)
- age   1:   17262064 bytes,   17262064 total
2016-01-06T01:07:20.706-0800: 219.369: [SoftReference, 0 refs, 0.0000440 secs]2016-01-06T01:07:20.706-0800: 219.369: [WeakReference, 0 refs, 0.0000070 secs]2016-01-06T01:07:20.706-0800: 219.369: [FinalReference, 0 refs, 0.0000050 secs]2016-01-06T01:07:20.706-0800: 219.369: [PhantomReference, 0 refs, 25000 refs, 0.0008380 secs]2016-01-06T01:07:20.707-0800: 219.370: [JNI Weak Reference, 0.0000070 secs], 0.2201860 secs]
   [Parallel Time: 17.4 ms, GC Workers: 4]
      [GC Worker Start (ms): Min: 219152.4, Avg: 219152.4, Max: 219152.5, Diff: 0.1]
      [Ext Root Scanning (ms): Min: 0.3, Avg: 0.4, Max: 0.4, Diff: 0.1, Sum: 1.4]
      [SATB Filtering (ms): Min: 0.0, Avg: 0.0, Max: 0.0, Diff: 0.0, Sum: 0.0]
      [Update RS (ms): Min: 11.0, Avg: 11.3, Max: 11.7, Diff: 0.7, Sum: 45.1]
         [Processed Buffers: Min: 16, Avg: 16.5, Max: 18, Diff: 2, Sum: 66]
      [Scan RS (ms): Min: 0.1, Avg: 0.3, Max: 0.5, Diff: 0.5, Sum: 1.4]
      [Code Root Scanning (ms): Min: 0.0, Avg: 0.0, Max: 0.1, Diff: 0.1, Sum: 0.2]
      [Object Copy (ms): Min: 5.1, Avg: 5.2, Max: 5.3, Diff: 0.1, Sum: 20.9]
      [Termination (ms): Min: 0.0, Avg: 0.0, Max: 0.0, Diff: 0.0, Sum: 0.0]
      [GC Worker Other (ms): Min: 0.0, Avg: 0.0, Max: 0.1, Diff: 0.0, Sum: 0.2]
      [GC Worker Total (ms): Min: 17.3, Avg: 17.3, Max: 17.3, Diff: 0.1, Sum: 69.2]
      [GC Worker End (ms): Min: 219169.7, Avg: 219169.7, Max: 219169.8, Diff: 0.0]
   [Code Root Fixup: 0.0 ms]
   [Code Root Migration: 0.1 ms]
   [Clear CT: 0.2 ms]
   [Other: 202.4 ms]
      [Choose CSet: 0.0 ms]
      [Ref Proc: 200.2 ms]
      [Ref Enq: 1.1 ms]
      [Free CSet: 1.0 ms]
   [Eden: 790.0M(790.0M)->0.0B(184.0M) Survivors: 19.0M->20.0M Heap: 2755.1M(4096.0M)->1966.6M(4096.0M)]
 [Times: user=0.81 sys=0.00, real=0.22 secs] 
2016-01-06T01:07:20.739-0800: 219.402: [GC pause (young)
Desired survivor size 13631488 bytes, new threshold 1 (max 15)
- age   1:   18610192 bytes,   18610192 total
- age   2:      36864 bytes,   18647056 total
2016-01-06T01:07:20.928-0800: 219.591: [SoftReference, 0 refs, 0.0000440 secs]2016-01-06T01:07:20.929-0800: 219.591: [WeakReference, 0 refs, 0.0000060 secs]2016-01-06T01:07:20.929-0800: 219.591: [FinalReference, 0 refs, 0.0000050 secs]2016-01-06T01:07:20.929-0800: 219.591: [PhantomReference, 0 refs, 6214 refs, 0.0002240 secs]2016-01-06T01:07:20.929-0800: 219.592: [JNI Weak Reference, 0.0000080 secs], 0.1907570 secs]
   [Parallel Time: 8.4 ms, GC Workers: 4]
      [GC Worker Start (ms): Min: 219401.9, Avg: 219404.4, Max: 219410.1, Diff: 8.2]
      [Ext Root Scanning (ms): Min: 0.0, Avg: 0.3, Max: 0.6, Diff: 0.6, Sum: 1.2]
      [SATB Filtering (ms): Min: 0.0, Avg: 0.0, Max: 0.0, Diff: 0.0, Sum: 0.0]
      [Update RS (ms): Min: 0.0, Avg: 3.1, Max: 5.1, Diff: 5.1, Sum: 12.4]
         [Processed Buffers: Min: 0, Avg: 5.2, Max: 10, Diff: 10, Sum: 21]
      [Scan RS (ms): Min: 0.0, Avg: 0.1, Max: 0.2, Diff: 0.2, Sum: 0.4]
      [Code Root Scanning (ms): Min: 0.0, Avg: 0.0, Max: 0.0, Diff: 0.0, Sum: 0.0]
      [Object Copy (ms): Min: 0.0, Avg: 2.0, Max: 2.8, Diff: 2.8, Sum: 7.9]
      [Termination (ms): Min: 0.0, Avg: 0.2, Max: 0.3, Diff: 0.3, Sum: 0.9]
      [GC Worker Other (ms): Min: 0.0, Avg: 0.0, Max: 0.0, Diff: 0.0, Sum: 0.0]
      [GC Worker Total (ms): Min: 0.1, Avg: 5.7, Max: 8.3, Diff: 8.2, Sum: 22.8]
      [GC Worker End (ms): Min: 219410.1, Avg: 219410.1, Max: 219410.2, Diff: 0.0]
   [Code Root Fixup: 0.0 ms]
   [Code Root Migration: 0.0 ms]
   [Clear CT: 0.2 ms]
   [Other: 182.1 ms]
      [Choose CSet: 0.0 ms]
      [Ref Proc: 181.4 ms]
      [Ref Enq: 0.3 ms]
      [Free CSet: 0.3 ms]
   [Eden: 184.0M(184.0M)->0.0B(186.0M) Survivors: 20.0M->18.0M Heap: 2150.6M(4096.0M)->1964.6M(4096.0M)]
 [Times: user=0.71 sys=0.01, real=0.19 secs] 
2016-01-06T01:07:20.958-0800: 219.621: [GC pause (young)
Desired survivor size 13631488 bytes, new threshold 1 (max 15)
- age   1:   17257600 bytes,   17257600 total
2016-01-06T01:07:21.144-0800: 219.807: [SoftReference, 0 refs, 0.0000350 secs]2016-01-06T01:07:21.144-0800: 219.807: [WeakReference, 0 refs, 0.0000070 secs]2016-01-06T01:07:21.144-0800: 219.807: [FinalReference, 0 refs, 0.0000060 secs]2016-01-06T01:07:21.144-0800: 219.807: [PhantomReference, 0 refs, 6276 refs, 0.0002310 secs]2016-01-06T01:07:21.144-0800: 219.807: [JNI Weak Reference, 0.0000080 secs], 0.1869560 secs]
   [Parallel Time: 6.4 ms, GC Workers: 4]
      [GC Worker Start (ms): Min: 219621.4, Avg: 219622.0, Max: 219624.0, Diff: 2.6]
      [Ext Root Scanning (ms): Min: 0.0, Avg: 0.3, Max: 0.5, Diff: 0.5, Sum: 1.3]
      [SATB Filtering (ms): Min: 0.0, Avg: 0.0, Max: 0.0, Diff: 0.0, Sum: 0.0]
      [Update RS (ms): Min: 1.4, Avg: 2.9, Max: 3.6, Diff: 2.1, Sum: 11.4]
         [Processed Buffers: Min: 2, Avg: 5.2, Max: 8, Diff: 6, Sum: 21]
      [Scan RS (ms): Min: 0.0, Avg: 0.1, Max: 0.2, Diff: 0.2, Sum: 0.3]
      [Code Root Scanning (ms): Min: 0.0, Avg: 0.0, Max: 0.0, Diff: 0.0, Sum: 0.0]
      [Object Copy (ms): Min: 2.1, Avg: 2.3, Max: 2.4, Diff: 0.3, Sum: 9.2]
      [Termination (ms): Min: 0.0, Avg: 0.0, Max: 0.0, Diff: 0.0, Sum: 0.0]
      [GC Worker Other (ms): Min: 0.0, Avg: 0.0, Max: 0.0, Diff: 0.0, Sum: 0.1]
      [GC Worker Total (ms): Min: 3.7, Avg: 5.6, Max: 6.2, Diff: 2.6, Sum: 22.3]
      [GC Worker End (ms): Min: 219627.6, Avg: 219627.6, Max: 219627.6, Diff: 0.0]
   [Code Root Fixup: 0.0 ms]
   [Code Root Migration: 0.0 ms]
   [Clear CT: 0.2 ms]
   [Other: 180.4 ms]
      [Choose CSet: 0.0 ms]
      [Ref Proc: 179.7 ms]
      [Ref Enq: 0.3 ms]
      [Free CSet: 0.3 ms]
   [Eden: 186.0M(186.0M)->0.0B(186.0M) Survivors: 18.0M->18.0M Heap: 2150.6M(4096.0M)->1964.7M(4096.0M)]
 [Times: user=0.72 sys=0.00, real=0.19 secs] 
2016-01-06T01:07:21.174-0800: 219.837: [GC pause (young)
Desired survivor size 13631488 bytes, new threshold 1 (max 15)
- age   1:   17262064 bytes,   17262064 total
2016-01-06T01:07:21.366-0800: 220.029: [SoftReference, 0 refs, 0.0000400 secs]2016-01-06T01:07:21.366-0800: 220.029: [WeakReference, 0 refs, 0.0000060 secs]2016-01-06T01:07:21.366-0800: 220.029: [FinalReference, 0 refs, 0.0000060 secs]2016-01-06T01:07:21.366-0800: 220.029: [PhantomReference, 0 refs, 6277 refs, 0.0002960 secs]2016-01-06T01:07:21.367-0800: 220.030: [JNI Weak Reference, 0.0000090 secs], 0.1936820 secs]
   [Parallel Time: 5.1 ms, GC Workers: 4]
      [GC Worker Start (ms): Min: 219836.9, Avg: 219837.0, Max: 219837.0, Diff: 0.1]
      [Ext Root Scanning (ms): Min: 0.3, Avg: 0.4, Max: 0.4, Diff: 0.1, Sum: 1.4]
      [SATB Filtering (ms): Min: 0.0, Avg: 0.0, Max: 0.0, Diff: 0.0, Sum: 0.0]
      [Update RS (ms): Min: 2.3, Avg: 2.7, Max: 2.9, Diff: 0.6, Sum: 10.8]
         [Processed Buffers: Min: 4, Avg: 4.8, Max: 7, Diff: 3, Sum: 19]
      [Scan RS (ms): Min: 0.0, Avg: 0.1, Max: 0.3, Diff: 0.3, Sum: 0.3]
      [Code Root Scanning (ms): Min: 0.0, Avg: 0.0, Max: 0.0, Diff: 0.0, Sum: 0.0]
      [Object Copy (ms): Min: 1.7, Avg: 1.9, Max: 2.0, Diff: 0.3, Sum: 7.5]
      [Termination (ms): Min: 0.0, Avg: 0.0, Max: 0.0, Diff: 0.0, Sum: 0.0]
      [GC Worker Other (ms): Min: 0.0, Avg: 0.0, Max: 0.0, Diff: 0.0, Sum: 0.1]
      [GC Worker Total (ms): Min: 5.0, Avg: 5.0, Max: 5.1, Diff: 0.1, Sum: 20.2]
      [GC Worker End (ms): Min: 219842.0, Avg: 219842.0, Max: 219842.0, Diff: 0.0]
   [Code Root Fixup: 0.0 ms]
   [Code Root Migration: 0.0 ms]
   [Clear CT: 0.2 ms]
   [Other: 188.4 ms]
      [Choose CSet: 0.0 ms]
      [Ref Proc: 187.7 ms]
      [Ref Enq: 0.3 ms]
      [Free CSet: 0.3 ms]
   [Eden: 186.0M(186.0M)->0.0B(189.0M) Survivors: 18.0M->15.0M Heap: 2150.7M(4096.0M)->1961.2M(4096.0M)]
 [Times: user=0.74 sys=0.01, real=0.20 secs] 
2016-01-06T01:07:21.395-0800: 220.058: [GC pause (young)
Desired survivor size 13631488 bytes, new threshold 15 (max 15)
- age   1:   12764080 bytes,   12764080 total
2016-01-06T01:07:21.589-0800: 220.252: [SoftReference, 0 refs, 0.0000430 secs]2016-01-06T01:07:21.589-0800: 220.252: [WeakReference, 0 refs, 0.0000070 secs]2016-01-06T01:07:21.589-0800: 220.252: [FinalReference, 0 refs, 0.0000050 secs]2016-01-06T01:07:21.589-0800: 220.252: [PhantomReference, 0 refs, 6368 refs, 0.0002320 secs]2016-01-06T01:07:21.589-0800: 220.252: [JNI Weak Reference, 0.0000080 secs], 0.1954490 secs]
   [Parallel Time: 8.3 ms, GC Workers: 4]
      [GC Worker Start (ms): Min: 220057.7, Avg: 220058.3, Max: 220059.9, Diff: 2.2]
      [Ext Root Scanning (ms): Min: 0.0, Avg: 0.3, Max: 0.5, Diff: 0.5, Sum: 1.4]
      [SATB Filtering (ms): Min: 0.0, Avg: 0.0, Max: 0.0, Diff: 0.0, Sum: 0.0]
      [Update RS (ms): Min: 3.5, Avg: 4.8, Max: 5.4, Diff: 1.9, Sum: 19.3]
         [Processed Buffers: Min: 5, Avg: 8.0, Max: 10, Diff: 5, Sum: 32]
      [Scan RS (ms): Min: 0.0, Avg: 0.1, Max: 0.2, Diff: 0.2, Sum: 0.3]
      [Code Root Scanning (ms): Min: 0.0, Avg: 0.0, Max: 0.0, Diff: 0.0, Sum: 0.0]
      [Object Copy (ms): Min: 2.3, Avg: 2.4, Max: 2.4, Diff: 0.0, Sum: 9.4]
      [Termination (ms): Min: 0.0, Avg: 0.0, Max: 0.0, Diff: 0.0, Sum: 0.0]
      [GC Worker Other (ms): Min: 0.0, Avg: 0.0, Max: 0.1, Diff: 0.1, Sum: 0.2]
      [GC Worker Total (ms): Min: 6.0, Avg: 7.6, Max: 8.2, Diff: 2.3, Sum: 30.6]
      [GC Worker End (ms): Min: 220065.9, Avg: 220065.9, Max: 220065.9, Diff: 0.1]
   [Code Root Fixup: 0.0 ms]
   [Code Root Migration: 0.0 ms]
   [Clear CT: 0.2 ms]
   [Other: 186.9 ms]
      [Choose CSet: 0.0 ms]
      [Ref Proc: 186.3 ms]
      [Ref Enq: 0.3 ms]
      [Free CSet: 0.3 ms]
   [Eden: 189.0M(189.0M)->0.0B(215.0M) Survivors: 15.0M->18.0M Heap: 2150.2M(4096.0M)->1964.7M(4096.0M)]
 [Times: user=0.76 sys=0.01, real=0.20 secs] 
2016-01-06T01:07:21.621-0800: 220.284: [GC pause (young)
Desired survivor size 15728640 bytes, new threshold 1 (max 15)
- age   1:   17268760 bytes,   17268760 total
- age   2:      36864 bytes,   17305624 total
2016-01-06T01:07:21.834-0800: 220.496: [SoftReference, 0 refs, 0.0000440 secs]2016-01-06T01:07:21.834-0800: 220.497: [WeakReference, 0 refs, 0.0000060 secs]2016-01-06T01:07:21.834-0800: 220.497: [FinalReference, 0 refs, 0.0000060 secs]2016-01-06T01:07:21.834-0800: 220.497: [PhantomReference, 0 refs, 7175 refs, 0.0002580 secs]2016-01-06T01:07:21.834-0800: 220.497: [JNI Weak Reference, 0.0000080 secs], 0.2136500 secs]
   [Parallel Time: 3.8 ms, GC Workers: 4]
      [GC Worker Start (ms): Min: 220284.1, Avg: 220284.2, Max: 220284.2, Diff: 0.1]
      [Ext Root Scanning (ms): Min: 0.3, Avg: 0.4, Max: 0.4, Diff: 0.1, Sum: 1.5]
      [SATB Filtering (ms): Min: 0.0, Avg: 0.0, Max: 0.0, Diff: 0.0, Sum: 0.0]
      [Update RS (ms): Min: 0.7, Avg: 0.9, Max: 1.1, Diff: 0.4, Sum: 3.4]
         [Processed Buffers: Min: 1, Avg: 2.2, Max: 4, Diff: 3, Sum: 9]
      [Scan RS (ms): Min: 0.0, Avg: 0.1, Max: 0.1, Diff: 0.1, Sum: 0.4]
      [Code Root Scanning (ms): Min: 0.0, Avg: 0.0, Max: 0.0, Diff: 0.0, Sum: 0.1]
      [Object Copy (ms): Min: 2.1, Avg: 2.3, Max: 2.4, Diff: 0.3, Sum: 9.3]
      [Termination (ms): Min: 0.0, Avg: 0.0, Max: 0.0, Diff: 0.0, Sum: 0.0]
      [GC Worker Other (ms): Min: 0.0, Avg: 0.0, Max: 0.0, Diff: 0.0, Sum: 0.1]
      [GC Worker Total (ms): Min: 3.6, Avg: 3.7, Max: 3.7, Diff: 0.1, Sum: 14.7]
      [GC Worker End (ms): Min: 220287.9, Avg: 220287.9, Max: 220287.9, Diff: 0.0]
   [Code Root Fixup: 0.0 ms]
   [Code Root Migration: 0.0 ms]
   [Clear CT: 0.2 ms]
   [Other: 209.7 ms]
      [Choose CSet: 0.0 ms]
      [Ref Proc: 208.9 ms]
      [Ref Enq: 0.3 ms]
      [Free CSet: 0.4 ms]
   [Eden: 215.0M(215.0M)->0.0B(185.0M) Survivors: 18.0M->19.0M Heap: 2179.7M(4096.0M)->1965.3M(4096.0M)]
 [Times: user=0.80 sys=0.00, real=0.21 secs] 
2016-01-06T01:07:21.861-0800: 220.524: [GC pause (young)
Desired survivor size 13631488 bytes, new threshold 1 (max 15)
- age   1:   17326792 bytes,   17326792 total
2016-01-06T01:07:22.052-0800: 220.715: [SoftReference, 0 refs, 0.0000480 secs]2016-01-06T01:07:22.052-0800: 220.715: [WeakReference, 0 refs, 0.0000070 secs]2016-01-06T01:07:22.052-0800: 220.715: [FinalReference, 0 refs, 0.0000060 secs]2016-01-06T01:07:22.052-0800: 220.715: [PhantomReference, 0 refs, 6246 refs, 0.0002590 secs]2016-01-06T01:07:22.053-0800: 220.715: [JNI Weak Reference, 0.0000080 secs], 0.1924210 secs]
   [Parallel Time: 3.4 ms, GC Workers: 4]
      [GC Worker Start (ms): Min: 220524.0, Avg: 220524.0, Max: 220524.0, Diff: 0.1]
      [Ext Root Scanning (ms): Min: 0.3, Avg: 0.4, Max: 0.4, Diff: 0.1, Sum: 1.4]
      [SATB Filtering (ms): Min: 0.0, Avg: 0.0, Max: 0.0, Diff: 0.0, Sum: 0.0]
      [Update RS (ms): Min: 0.1, Avg: 0.4, Max: 0.6, Diff: 0.5, Sum: 1.5]
         [Processed Buffers: Min: 1, Avg: 1.5, Max: 3, Diff: 2, Sum: 6]
      [Scan RS (ms): Min: 0.0, Avg: 0.1, Max: 0.2, Diff: 0.2, Sum: 0.3]
      [Code Root Scanning (ms): Min: 0.0, Avg: 0.0, Max: 0.0, Diff: 0.0, Sum: 0.0]
      [Object Copy (ms): Min: 2.2, Avg: 2.3, Max: 2.5, Diff: 0.3, Sum: 9.4]
      [Termination (ms): Min: 0.0, Avg: 0.0, Max: 0.0, Diff: 0.0, Sum: 0.0]
      [GC Worker Other (ms): Min: 0.0, Avg: 0.0, Max: 0.0, Diff: 0.0, Sum: 0.1]
      [GC Worker Total (ms): Min: 3.2, Avg: 3.2, Max: 3.2, Diff: 0.1, Sum: 12.7]
      [GC Worker End (ms): Min: 220527.2, Avg: 220527.2, Max: 220527.2, Diff: 0.0]
   [Code Root Fixup: 0.0 ms]
   [Code Root Migration: 0.0 ms]
   [Clear CT: 0.1 ms]
   [Other: 188.9 ms]
      [Choose CSet: 0.0 ms]
      [Ref Proc: 188.2 ms]
      [Ref Enq: 0.3 ms]
      [Free CSet: 0.3 ms]
   [Eden: 185.0M(185.0M)->0.0B(185.0M) Survivors: 19.0M->19.0M Heap: 2150.3M(4096.0M)->1965.3M(4096.0M)]
 [Times: user=0.67 sys=0.00, real=0.19 secs] 
2016-01-06T01:07:22.082-0800: 220.745: [GC pause (young)
Desired survivor size 13631488 bytes, new threshold 1 (max 15)
- age   1:   17259832 bytes,   17259832 total
2016-01-06T01:07:22.268-0800: 220.931: [SoftReference, 0 refs, 0.0000600 secs]2016-01-06T01:07:22.268-0800: 220.931: [WeakReference, 0 refs, 0.0000070 secs]2016-01-06T01:07:22.268-0800: 220.931: [FinalReference, 0 refs, 0.0000050 secs]2016-01-06T01:07:22.268-0800: 220.931: [PhantomReference, 0 refs, 6245 refs, 0.0002380 secs]2016-01-06T01:07:22.269-0800: 220.931: [JNI Weak Reference, 0.0000070 secs], 0.1875700 secs]
   [Parallel Time: 2.9 ms, GC Workers: 4]
      [GC Worker Start (ms): Min: 220744.8, Avg: 220744.8, Max: 220744.9, Diff: 0.1]
      [Ext Root Scanning (ms): Min: 0.3, Avg: 0.4, Max: 0.4, Diff: 0.1, Sum: 1.4]
      [SATB Filtering (ms): Min: 0.0, Avg: 0.0, Max: 0.0, Diff: 0.0, Sum: 0.0]
      [Update RS (ms): Min: 0.0, Avg: 0.1, Max: 0.2, Diff: 0.2, Sum: 0.3]
         [Processed Buffers: Min: 0, Avg: 1.5, Max: 4, Diff: 4, Sum: 6]
      [Scan RS (ms): Min: 0.0, Avg: 0.1, Max: 0.1, Diff: 0.1, Sum: 0.3]
      [Code Root Scanning (ms): Min: 0.0, Avg: 0.0, Max: 0.0, Diff: 0.0, Sum: 0.0]
      [Object Copy (ms): Min: 2.2, Avg: 2.2, Max: 2.2, Diff: 0.0, Sum: 8.8]
      [Termination (ms): Min: 0.0, Avg: 0.0, Max: 0.0, Diff: 0.0, Sum: 0.0]
      [GC Worker Other (ms): Min: 0.0, Avg: 0.0, Max: 0.0, Diff: 0.0, Sum: 0.1]
      [GC Worker Total (ms): Min: 2.7, Avg: 2.8, Max: 2.8, Diff: 0.1, Sum: 11.1]
      [GC Worker End (ms): Min: 220747.6, Avg: 220747.6, Max: 220747.6, Diff: 0.0]
   [Code Root Fixup: 0.0 ms]
   [Code Root Migration: 0.0 ms]
   [Clear CT: 0.1 ms]
   [Other: 184.5 ms]
      [Choose CSet: 0.0 ms]
      [Ref Proc: 183.8 ms]
      [Ref Enq: 0.3 ms]
      [Free CSet: 0.3 ms]
   [Eden: 185.0M(185.0M)->0.0B(333.0M) Survivors: 19.0M->19.0M Heap: 2150.3M(4096.0M)->1965.3M(4096.0M)]
 [Times: user=0.72 sys=0.00, real=0.19 secs] 
2016-01-06T01:07:22.320-0800: 220.983: [GC pause (young)
Desired survivor size 23068672 bytes, new threshold 15 (max 15)
- age   1:   17259832 bytes,   17259832 total
2016-01-06T01:07:22.518-0800: 221.181: [SoftReference, 0 refs, 0.0000450 secs]2016-01-06T01:07:22.518-0800: 221.181: [WeakReference, 0 refs, 0.0000060 secs]2016-01-06T01:07:22.518-0800: 221.181: [FinalReference, 0 refs, 0.0000060 secs]2016-01-06T01:07:22.518-0800: 221.181: [PhantomReference, 0 refs, 10833 refs, 0.0004020 secs]2016-01-06T01:07:22.518-0800: 221.181: [JNI Weak Reference, 0.0000080 secs], 0.1998260 secs]
   [Parallel Time: 3.5 ms, GC Workers: 4]
      [GC Worker Start (ms): Min: 220982.8, Avg: 220982.9, Max: 220982.9, Diff: 0.1]
      [Ext Root Scanning (ms): Min: 0.4, Avg: 0.6, Max: 1.1, Diff: 0.7, Sum: 2.3]
      [SATB Filtering (ms): Min: 0.0, Avg: 0.0, Max: 0.0, Diff: 0.0, Sum: 0.0]
      [Update RS (ms): Min: 0.0, Avg: 0.1, Max: 0.1, Diff: 0.1, Sum: 0.2]
         [Processed Buffers: Min: 0, Avg: 1.2, Max: 4, Diff: 4, Sum: 5]
      [Scan RS (ms): Min: 0.0, Avg: 0.1, Max: 0.2, Diff: 0.2, Sum: 0.6]
      [Code Root Scanning (ms): Min: 0.0, Avg: 0.0, Max: 0.0, Diff: 0.0, Sum: 0.1]
      [Object Copy (ms): Min: 2.3, Avg: 2.6, Max: 2.7, Diff: 0.4, Sum: 10.3]
      [Termination (ms): Min: 0.0, Avg: 0.0, Max: 0.0, Diff: 0.0, Sum: 0.1]
      [GC Worker Other (ms): Min: 0.0, Avg: 0.0, Max: 0.0, Diff: 0.0, Sum: 0.0]
      [GC Worker Total (ms): Min: 3.4, Avg: 3.4, Max: 3.4, Diff: 0.1, Sum: 13.7]
      [GC Worker End (ms): Min: 220986.3, Avg: 220986.3, Max: 220986.3, Diff: 0.0]
   [Code Root Fixup: 0.0 ms]
   [Code Root Migration: 0.1 ms]
   [Clear CT: 0.1 ms]
   [Other: 196.1 ms]
      [Choose CSet: 0.0 ms]
      [Ref Proc: 195.0 ms]
      [Ref Enq: 0.5 ms]
      [Free CSet: 0.5 ms]
   [Eden: 333.0M(333.0M)->0.0B(185.0M) Survivors: 19.0M->19.0M Heap: 2298.3M(4096.0M)->1965.3M(4096.0M)]
 [Times: user=0.75 sys=0.01, real=0.20 secs] 
2016-01-06T01:07:22.548-0800: 221.211: [GC pause (young)
Desired survivor size 13631488 bytes, new threshold 1 (max 15)
- age   1:   17590168 bytes,   17590168 total
- age   2:      36864 bytes,   17627032 total
2016-01-06T01:07:22.736-0800: 221.399: [SoftReference, 0 refs, 0.0000530 secs]2016-01-06T01:07:22.736-0800: 221.399: [WeakReference, 0 refs, 0.0000080 secs]2016-01-06T01:07:22.736-0800: 221.399: [FinalReference, 0 refs, 0.0000220 secs]2016-01-06T01:07:22.736-0800: 221.399: [PhantomReference, 0 refs, 6244 refs, 0.0002310 secs]2016-01-06T01:07:22.736-0800: 221.399: [JNI Weak Reference, 0.0000070 secs], 0.1883710 secs]
   [Parallel Time: 3.1 ms, GC Workers: 4]
      [GC Worker Start (ms): Min: 221211.5, Avg: 221211.5, Max: 221211.6, Diff: 0.1]
      [Ext Root Scanning (ms): Min: 0.3, Avg: 0.4, Max: 0.4, Diff: 0.1, Sum: 1.5]
      [SATB Filtering (ms): Min: 0.0, Avg: 0.0, Max: 0.0, Diff: 0.0, Sum: 0.0]
      [Update RS (ms): Min: 0.0, Avg: 0.1, Max: 0.2, Diff: 0.2, Sum: 0.2]
         [Processed Buffers: Min: 0, Avg: 1.0, Max: 3, Diff: 3, Sum: 4]
      [Scan RS (ms): Min: 0.0, Avg: 0.1, Max: 0.1, Diff: 0.1, Sum: 0.3]
      [Code Root Scanning (ms): Min: 0.0, Avg: 0.0, Max: 0.0, Diff: 0.0, Sum: 0.0]
      [Object Copy (ms): Min: 2.3, Avg: 2.4, Max: 2.4, Diff: 0.0, Sum: 9.4]
      [Termination (ms): Min: 0.0, Avg: 0.0, Max: 0.0, Diff: 0.0, Sum: 0.0]
      [GC Worker Other (ms): Min: 0.0, Avg: 0.0, Max: 0.1, Diff: 0.1, Sum: 0.2]
      [GC Worker Total (ms): Min: 2.9, Avg: 2.9, Max: 3.0, Diff: 0.0, Sum: 11.7]
      [GC Worker End (ms): Min: 221214.4, Avg: 221214.5, Max: 221214.5, Diff: 0.1]
   [Code Root Fixup: 0.0 ms]
   [Code Root Migration: 0.0 ms]
   [Clear CT: 0.2 ms]
   [Other: 185.1 ms]
      [Choose CSet: 0.0 ms]
      [Ref Proc: 184.4 ms]
      [Ref Enq: 0.3 ms]
      [Free CSet: 0.3 ms]
   [Eden: 185.0M(185.0M)->0.0B(1190.0M) Survivors: 19.0M->19.0M Heap: 2150.3M(4096.0M)->1965.4M(4096.0M)]
 [Times: user=0.69 sys=0.00, real=0.18 secs] 
2016-01-06T01:07:22.919-0800: 221.582: [GC pause (young)
Desired survivor size 79691776 bytes, new threshold 15 (max 15)
- age   1:   17259832 bytes,   17259832 total
2016-01-06T01:07:23.124-0800: 221.787: [SoftReference, 0 refs, 0.0000510 secs]2016-01-06T01:07:23.124-0800: 221.787: [WeakReference, 0 refs, 0.0000070 secs]2016-01-06T01:07:23.124-0800: 221.787: [FinalReference, 0 refs, 0.0000060 secs]2016-01-06T01:07:23.124-0800: 221.787: [PhantomReference, 0 refs, 37398 refs, 0.0013210 secs]2016-01-06T01:07:23.126-0800: 221.789: [JNI Weak Reference, 0.0000080 secs], 0.2102170 secs]
   [Parallel Time: 19.6 ms, GC Workers: 4]
      [GC Worker Start (ms): Min: 221582.4, Avg: 221582.4, Max: 221582.4, Diff: 0.1]
      [Ext Root Scanning (ms): Min: 0.3, Avg: 0.4, Max: 0.4, Diff: 0.1, Sum: 1.5]
      [SATB Filtering (ms): Min: 0.0, Avg: 0.0, Max: 0.0, Diff: 0.0, Sum: 0.0]
      [Update RS (ms): Min: 10.8, Avg: 10.9, Max: 11.0, Diff: 0.2, Sum: 43.5]
         [Processed Buffers: Min: 15, Avg: 15.8, Max: 16, Diff: 1, Sum: 63]
      [Scan RS (ms): Min: 0.4, Avg: 0.5, Max: 0.6, Diff: 0.2, Sum: 2.1]
      [Code Root Scanning (ms): Min: 0.0, Avg: 0.1, Max: 0.1, Diff: 0.0, Sum: 0.2]
      [Object Copy (ms): Min: 7.6, Avg: 7.6, Max: 7.6, Diff: 0.1, Sum: 30.3]
      [Termination (ms): Min: 0.0, Avg: 0.0, Max: 0.0, Diff: 0.0, Sum: 0.0]
      [GC Worker Other (ms): Min: 0.0, Avg: 0.1, Max: 0.1, Diff: 0.1, Sum: 0.3]
      [GC Worker Total (ms): Min: 19.4, Avg: 19.5, Max: 19.5, Diff: 0.1, Sum: 77.8]
      [GC Worker End (ms): Min: 221601.8, Avg: 221601.9, Max: 221601.9, Diff: 0.1]
   [Code Root Fixup: 0.0 ms]
   [Code Root Migration: 0.2 ms]
   [Clear CT: 0.4 ms]
   [Other: 190.1 ms]
      [Choose CSet: 0.0 ms]
      [Ref Proc: 186.8 ms]
      [Ref Enq: 1.7 ms]
      [Free CSet: 1.5 ms]
   [Eden: 1190.0M(1190.0M)->0.0B(183.0M) Survivors: 19.0M->21.0M Heap: 3155.4M(4096.0M)->1967.4M(4096.0M)]
 [Times: user=0.81 sys=0.00, real=0.21 secs] 
2016-01-06T01:07:23.158-0800: 221.821: [GC pause (young)
Desired survivor size 13631488 bytes, new threshold 1 (max 15)
- age   1:   19502992 bytes,   19502992 total
- age   2:      36864 bytes,   19539856 total
2016-01-06T01:07:23.360-0800: 222.022: [SoftReference, 0 refs, 0.0000450 secs]2016-01-06T01:07:23.360-0800: 222.023: [WeakReference, 0 refs, 0.0000060 secs]2016-01-06T01:07:23.360-0800: 222.023: [FinalReference, 0 refs, 0.0000050 secs]2016-01-06T01:07:23.360-0800: 222.023: [PhantomReference, 0 refs, 6184 refs, 0.0002260 secs]2016-01-06T01:07:23.360-0800: 222.023: [JNI Weak Reference, 0.0000230 secs], 0.2022030 secs]
   [Parallel Time: 5.0 ms, GC Workers: 4]
      [GC Worker Start (ms): Min: 221821.4, Avg: 221822.6, Max: 221826.2, Diff: 4.8]
      [Ext Root Scanning (ms): Min: 0.0, Avg: 0.3, Max: 0.5, Diff: 0.5, Sum: 1.3]
      [SATB Filtering (ms): Min: 0.0, Avg: 0.0, Max: 0.0, Diff: 0.0, Sum: 0.0]
      [Update RS (ms): Min: 0.0, Avg: 1.4, Max: 2.2, Diff: 2.2, Sum: 5.7]
         [Processed Buffers: Min: 0, Avg: 3.0, Max: 6, Diff: 6, Sum: 12]
      [Scan RS (ms): Min: 0.0, Avg: 0.1, Max: 0.2, Diff: 0.2, Sum: 0.3]
      [Code Root Scanning (ms): Min: 0.0, Avg: 0.0, Max: 0.0, Diff: 0.0, Sum: 0.0]
      [Object Copy (ms): Min: 0.0, Avg: 1.6, Max: 2.3, Diff: 2.3, Sum: 6.5]
      [Termination (ms): Min: 0.0, Avg: 0.2, Max: 0.2, Diff: 0.2, Sum: 0.6]
      [GC Worker Other (ms): Min: 0.0, Avg: 0.0, Max: 0.0, Diff: 0.0, Sum: 0.0]
      [GC Worker Total (ms): Min: 0.0, Avg: 3.6, Max: 4.8, Diff: 4.8, Sum: 14.5]
      [GC Worker End (ms): Min: 221826.2, Avg: 221826.3, Max: 221826.3, Diff: 0.0]
   [Code Root Fixup: 0.0 ms]
   [Code Root Migration: 0.0 ms]
   [Clear CT: 0.1 ms]
   [Other: 197.1 ms]
      [Choose CSet: 0.0 ms]
      [Ref Proc: 196.4 ms]
      [Ref Enq: 0.3 ms]
      [Free CSet: 0.3 ms]
   [Eden: 183.0M(183.0M)->0.0B(186.0M) Survivors: 21.0M->18.0M Heap: 2150.4M(4096.0M)->1964.9M(4096.0M)]
 [Times: user=0.78 sys=0.01, real=0.20 secs] 
2016-01-06T01:07:23.389-0800: 222.052: [GC pause (young)
Desired survivor size 13631488 bytes, new threshold 1 (max 15)
- age   1:   17255368 bytes,   17255368 total
2016-01-06T01:07:23.578-0800: 222.241: [SoftReference, 0 refs, 0.0000480 secs]2016-01-06T01:07:23.579-0800: 222.241: [WeakReference, 0 refs, 0.0000070 secs]2016-01-06T01:07:23.579-0800: 222.241: [FinalReference, 0 refs, 0.0000060 secs]2016-01-06T01:07:23.579-0800: 222.241: [PhantomReference, 0 refs, 6274 refs, 0.0002280 secs]2016-01-06T01:07:23.579-0800: 222.242: [JNI Weak Reference, 0.0000080 secs], 0.1907960 secs]
   [Parallel Time: 3.0 ms, GC Workers: 4]
      [GC Worker Start (ms): Min: 222051.8, Avg: 222051.8, Max: 222051.8, Diff: 0.1]
      [Ext Root Scanning (ms): Min: 0.3, Avg: 0.4, Max: 0.4, Diff: 0.1, Sum: 1.5]
      [SATB Filtering (ms): Min: 0.0, Avg: 0.0, Max: 0.0, Diff: 0.0, Sum: 0.0]
      [Update RS (ms): Min: 0.0, Avg: 0.1, Max: 0.2, Diff: 0.2, Sum: 0.3]
         [Processed Buffers: Min: 0, Avg: 0.8, Max: 1, Diff: 1, Sum: 3]
      [Scan RS (ms): Min: 0.0, Avg: 0.1, Max: 0.1, Diff: 0.1, Sum: 0.3]
      [Code Root Scanning (ms): Min: 0.0, Avg: 0.0, Max: 0.0, Diff: 0.0, Sum: 0.0]
      [Object Copy (ms): Min: 2.2, Avg: 2.2, Max: 2.3, Diff: 0.0, Sum: 9.0]
      [Termination (ms): Min: 0.0, Avg: 0.0, Max: 0.0, Diff: 0.0, Sum: 0.0]
      [GC Worker Other (ms): Min: 0.0, Avg: 0.0, Max: 0.0, Diff: 0.0, Sum: 0.1]
      [GC Worker Total (ms): Min: 2.8, Avg: 2.8, Max: 2.9, Diff: 0.1, Sum: 11.3]
      [GC Worker End (ms): Min: 222054.6, Avg: 222054.6, Max: 222054.6, Diff: 0.0]
   [Code Root Fixup: 0.0 ms]
   [Code Root Migration: 0.0 ms]
   [Clear CT: 0.1 ms]
   [Other: 187.7 ms]
      [Choose CSet: 0.0 ms]
      [Ref Proc: 187.0 ms]
      [Ref Enq: 0.3 ms]
      [Free CSet: 0.3 ms]
   [Eden: 186.0M(186.0M)->0.0B(209.0M) Survivors: 18.0M->19.0M Heap: 2150.9M(4096.0M)->1965.5M(4096.0M)]
 [Times: user=0.74 sys=0.00, real=0.19 secs] 
2016-01-06T01:07:23.611-0800: 222.274: [GC pause (young)
Desired survivor size 15204352 bytes, new threshold 1 (max 15)
- age   1:   17262064 bytes,   17262064 total
2016-01-06T01:07:23.816-0800: 222.479: [SoftReference, 0 refs, 0.0000340 secs]2016-01-06T01:07:23.816-0800: 222.479: [WeakReference, 0 refs, 0.0000060 secs]2016-01-06T01:07:23.816-0800: 222.479: [FinalReference, 0 refs, 0.0000060 secs]2016-01-06T01:07:23.816-0800: 222.479: [PhantomReference, 0 refs, 6989 refs, 0.0003660 secs]2016-01-06T01:07:23.816-0800: 222.479: [JNI Weak Reference, 0.0000120 secs], 0.2060910 secs]
   [Parallel Time: 3.0 ms, GC Workers: 4]
      [GC Worker Start (ms): Min: 222274.3, Avg: 222274.3, Max: 222274.4, Diff: 0.1]
      [Ext Root Scanning (ms): Min: 0.3, Avg: 0.4, Max: 0.4, Diff: 0.1, Sum: 1.4]
      [SATB Filtering (ms): Min: 0.0, Avg: 0.0, Max: 0.0, Diff: 0.0, Sum: 0.0]
      [Update RS (ms): Min: 0.0, Avg: 0.1, Max: 0.2, Diff: 0.2, Sum: 0.3]
         [Processed Buffers: Min: 0, Avg: 1.2, Max: 2, Diff: 2, Sum: 5]
      [Scan RS (ms): Min: 0.0, Avg: 0.1, Max: 0.1, Diff: 0.1, Sum: 0.4]
      [Code Root Scanning (ms): Min: 0.0, Avg: 0.0, Max: 0.0, Diff: 0.0, Sum: 0.0]
      [Object Copy (ms): Min: 2.4, Avg: 2.4, Max: 2.4, Diff: 0.0, Sum: 9.5]
      [Termination (ms): Min: 0.0, Avg: 0.0, Max: 0.0, Diff: 0.0, Sum: 0.0]
      [GC Worker Other (ms): Min: 0.0, Avg: 0.0, Max: 0.0, Diff: 0.0, Sum: 0.1]
      [GC Worker Total (ms): Min: 2.9, Avg: 2.9, Max: 3.0, Diff: 0.1, Sum: 11.7]
      [GC Worker End (ms): Min: 222277.3, Avg: 222277.3, Max: 222277.3, Diff: 0.0]
   [Code Root Fixup: 0.0 ms]
   [Code Root Migration: 0.0 ms]
   [Clear CT: 0.2 ms]
   [Other: 202.9 ms]
      [Choose CSet: 0.0 ms]
      [Ref Proc: 201.8 ms]
      [Ref Enq: 0.5 ms]
      [Free CSet: 0.5 ms]
   [Eden: 209.0M(209.0M)->0.0B(185.0M) Survivors: 19.0M->19.0M Heap: 2174.5M(4096.0M)->1965.5M(4096.0M)]
 [Times: user=0.77 sys=0.00, real=0.21 secs] 
2016-01-06T01:07:23.846-0800: 222.509: [GC pause (young)
Desired survivor size 13631488 bytes, new threshold 1 (max 15)
- age   1:   17313400 bytes,   17313400 total
2016-01-06T01:07:24.053-0800: 222.716: [SoftReference, 0 refs, 0.0000500 secs]2016-01-06T01:07:24.053-0800: 222.716: [WeakReference, 0 refs, 0.0000110 secs]2016-01-06T01:07:24.053-0800: 222.716: [FinalReference, 0 refs, 0.0000090 secs]2016-01-06T01:07:24.053-0800: 222.716: [PhantomReference, 0 refs, 6244 refs, 0.0002460 secs]2016-01-06T01:07:24.053-0800: 222.716: [JNI Weak Reference, 0.0000080 secs], 0.2084330 secs]
   [Parallel Time: 2.9 ms, GC Workers: 4]
      [GC Worker Start (ms): Min: 222508.8, Avg: 222508.8, Max: 222508.9, Diff: 0.1]
      [Ext Root Scanning (ms): Min: 0.3, Avg: 0.4, Max: 0.4, Diff: 0.1, Sum: 1.4]
      [SATB Filtering (ms): Min: 0.0, Avg: 0.0, Max: 0.0, Diff: 0.0, Sum: 0.0]
      [Update RS (ms): Min: 0.0, Avg: 0.1, Max: 0.2, Diff: 0.2, Sum: 0.3]
         [Processed Buffers: Min: 0, Avg: 1.0, Max: 2, Diff: 2, Sum: 4]
      [Scan RS (ms): Min: 0.0, Avg: 0.1, Max: 0.1, Diff: 0.1, Sum: 0.3]
      [Code Root Scanning (ms): Min: 0.0, Avg: 0.0, Max: 0.0, Diff: 0.0, Sum: 0.0]
      [Object Copy (ms): Min: 2.2, Avg: 2.2, Max: 2.3, Diff: 0.0, Sum: 9.0]
      [Termination (ms): Min: 0.0, Avg: 0.0, Max: 0.0, Diff: 0.0, Sum: 0.0]
      [GC Worker Other (ms): Min: 0.0, Avg: 0.0, Max: 0.0, Diff: 0.0, Sum: 0.1]
      [GC Worker Total (ms): Min: 2.8, Avg: 2.8, Max: 2.8, Diff: 0.1, Sum: 11.2]
      [GC Worker End (ms): Min: 222511.6, Avg: 222511.6, Max: 222511.6, Diff: 0.0]
   [Code Root Fixup: 0.0 ms]
   [Code Root Migration: 0.0 ms]
   [Clear CT: 0.2 ms]
   [Other: 205.3 ms]
      [Choose CSet: 0.0 ms]
      [Ref Proc: 204.6 ms]
      [Ref Enq: 0.3 ms]
      [Free CSet: 0.3 ms]
   [Eden: 185.0M(185.0M)->0.0B(185.0M) Survivors: 19.0M->19.0M Heap: 2150.5M(4096.0M)->1965.6M(4096.0M)]
 [Times: user=0.75 sys=0.00, real=0.20 secs] 
2016-01-06T01:07:24.083-0800: 222.746: [GC pause (young)
Desired survivor size 13631488 bytes, new threshold 1 (max 15)
- age   1:   17259832 bytes,   17259832 total
2016-01-06T01:07:24.278-0800: 222.941: [SoftReference, 0 refs, 0.0000440 secs]2016-01-06T01:07:24.278-0800: 222.941: [WeakReference, 0 refs, 0.0000060 secs]2016-01-06T01:07:24.278-0800: 222.941: [FinalReference, 0 refs, 0.0000050 secs]2016-01-06T01:07:24.278-0800: 222.941: [PhantomReference, 0 refs, 6245 refs, 0.0002460 secs]2016-01-06T01:07:24.278-0800: 222.941: [JNI Weak Reference, 0.0000070 secs], 0.1962690 secs]
   [Parallel Time: 3.1 ms, GC Workers: 4]
      [GC Worker Start (ms): Min: 222746.0, Avg: 222746.5, Max: 222747.9, Diff: 1.9]
      [Ext Root Scanning (ms): Min: 0.0, Avg: 0.3, Max: 0.5, Diff: 0.5, Sum: 1.3]
      [SATB Filtering (ms): Min: 0.0, Avg: 0.0, Max: 0.0, Diff: 0.0, Sum: 0.0]
      [Update RS (ms): Min: 0.0, Avg: 0.1, Max: 0.1, Diff: 0.1, Sum: 0.3]
         [Processed Buffers: Min: 0, Avg: 1.2, Max: 2, Diff: 2, Sum: 5]
      [Scan RS (ms): Min: 0.0, Avg: 0.1, Max: 0.1, Diff: 0.1, Sum: 0.3]
      [Code Root Scanning (ms): Min: 0.0, Avg: 0.0, Max: 0.0, Diff: 0.0, Sum: 0.0]
      [Object Copy (ms): Min: 1.0, Avg: 2.0, Max: 2.4, Diff: 1.4, Sum: 7.9]
      [Termination (ms): Min: 0.0, Avg: 0.1, Max: 0.1, Diff: 0.1, Sum: 0.4]
      [GC Worker Other (ms): Min: 0.0, Avg: 0.0, Max: 0.0, Diff: 0.0, Sum: 0.0]
      [GC Worker Total (ms): Min: 1.2, Avg: 2.6, Max: 3.0, Diff: 1.9, Sum: 10.2]
      [GC Worker End (ms): Min: 222749.1, Avg: 222749.1, Max: 222749.1, Diff: 0.0]
   [Code Root Fixup: 0.0 ms]
   [Code Root Migration: 0.0 ms]
   [Clear CT: 0.2 ms]
   [Other: 193.0 ms]
      [Choose CSet: 0.0 ms]
      [Ref Proc: 192.3 ms]
      [Ref Enq: 0.3 ms]
      [Free CSet: 0.3 ms]
   [Eden: 185.0M(185.0M)->0.0B(186.0M) Survivors: 19.0M->18.0M Heap: 2150.6M(4096.0M)->1965.1M(4096.0M)]
 [Times: user=0.75 sys=0.00, real=0.20 secs] 
2016-01-06T01:07:24.306-0800: 222.969: [GC pause (young)
Desired survivor size 13631488 bytes, new threshold 1 (max 15)
- age   1:   17259832 bytes,   17259832 total
2016-01-06T01:07:24.498-0800: 223.161: [SoftReference, 0 refs, 0.0000500 secs]2016-01-06T01:07:24.498-0800: 223.161: [WeakReference, 0 refs, 0.0000070 secs]2016-01-06T01:07:24.498-0800: 223.161: [FinalReference, 0 refs, 0.0000050 secs]2016-01-06T01:07:24.498-0800: 223.161: [PhantomReference, 0 refs, 6273 refs, 0.0002410 secs]2016-01-06T01:07:24.499-0800: 223.162: [JNI Weak Reference, 0.0000070 secs], 0.1933450 secs]
   [Parallel Time: 2.9 ms, GC Workers: 4]
      [GC Worker Start (ms): Min: 222969.2, Avg: 222969.2, Max: 222969.2, Diff: 0.1]
      [Ext Root Scanning (ms): Min: 0.3, Avg: 0.4, Max: 0.4, Diff: 0.1, Sum: 1.4]
      [SATB Filtering (ms): Min: 0.0, Avg: 0.0, Max: 0.0, Diff: 0.0, Sum: 0.0]
      [Update RS (ms): Min: 0.0, Avg: 0.1, Max: 0.2, Diff: 0.2, Sum: 0.3]
         [Processed Buffers: Min: 0, Avg: 1.0, Max: 2, Diff: 2, Sum: 4]
      [Scan RS (ms): Min: 0.0, Avg: 0.1, Max: 0.1, Diff: 0.1, Sum: 0.3]
      [Code Root Scanning (ms): Min: 0.0, Avg: 0.0, Max: 0.0, Diff: 0.0, Sum: 0.0]
      [Object Copy (ms): Min: 2.3, Avg: 2.3, Max: 2.3, Diff: 0.0, Sum: 9.2]
      [Termination (ms): Min: 0.0, Avg: 0.0, Max: 0.0, Diff: 0.0, Sum: 0.0]
      [GC Worker Other (ms): Min: 0.0, Avg: 0.0, Max: 0.0, Diff: 0.0, Sum: 0.1]
      [GC Worker Total (ms): Min: 2.8, Avg: 2.8, Max: 2.9, Diff: 0.1, Sum: 11.4]
      [GC Worker End (ms): Min: 222972.0, Avg: 222972.0, Max: 222972.0, Diff: 0.0]
   [Code Root Fixup: 0.0 ms]
   [Code Root Migration: 0.0 ms]
   [Clear CT: 0.1 ms]
   [Other: 190.3 ms]
      [Choose CSet: 0.0 ms]
      [Ref Proc: 189.6 ms]
      [Ref Enq: 0.3 ms]
      [Free CSet: 0.3 ms]
   [Eden: 186.0M(186.0M)->0.0B(185.0M) Survivors: 18.0M->19.0M Heap: 2151.1M(4096.0M)->1965.6M(4096.0M)]
 [Times: user=0.75 sys=0.01, real=0.19 secs] 
2016-01-06T01:07:24.528-0800: 223.191: [GC pause (young)
Desired survivor size 13631488 bytes, new threshold 1 (max 15)
- age   1:   17262064 bytes,   17262064 total
2016-01-06T01:07:24.719-0800: 223.382: [SoftReference, 0 refs, 0.0000470 secs]2016-01-06T01:07:24.719-0800: 223.382: [WeakReference, 0 refs, 0.0000060 secs]2016-01-06T01:07:24.719-0800: 223.382: [FinalReference, 0 refs, 0.0000050 secs]2016-01-06T01:07:24.719-0800: 223.382: [PhantomReference, 0 refs, 6243 refs, 0.0002360 secs]2016-01-06T01:07:24.719-0800: 223.382: [JNI Weak Reference, 0.0000070 secs], 0.1919560 secs]
   [Parallel Time: 2.9 ms, GC Workers: 4]
      [GC Worker Start (ms): Min: 223191.3, Avg: 223191.3, Max: 223191.4, Diff: 0.1]
      [Ext Root Scanning (ms): Min: 0.3, Avg: 0.4, Max: 0.4, Diff: 0.2, Sum: 1.4]
      [SATB Filtering (ms): Min: 0.0, Avg: 0.0, Max: 0.0, Diff: 0.0, Sum: 0.0]
      [Update RS (ms): Min: 0.0, Avg: 0.1, Max: 0.3, Diff: 0.3, Sum: 0.4]
         [Processed Buffers: Min: 0, Avg: 1.0, Max: 2, Diff: 2, Sum: 4]
      [Scan RS (ms): Min: 0.0, Avg: 0.1, Max: 0.1, Diff: 0.1, Sum: 0.4]
      [Code Root Scanning (ms): Min: 0.0, Avg: 0.0, Max: 0.0, Diff: 0.0, Sum: 0.0]
      [Object Copy (ms): Min: 2.2, Avg: 2.2, Max: 2.2, Diff: 0.0, Sum: 8.7]
      [Termination (ms): Min: 0.0, Avg: 0.0, Max: 0.0, Diff: 0.0, Sum: 0.0]
      [GC Worker Other (ms): Min: 0.0, Avg: 0.0, Max: 0.0, Diff: 0.0, Sum: 0.1]
      [GC Worker Total (ms): Min: 2.7, Avg: 2.8, Max: 2.8, Diff: 0.1, Sum: 11.0]
      [GC Worker End (ms): Min: 223194.1, Avg: 223194.1, Max: 223194.1, Diff: 0.0]
   [Code Root Fixup: 0.0 ms]
   [Code Root Migration: 0.0 ms]
   [Clear CT: 0.1 ms]
   [Other: 188.9 ms]
      [Choose CSet: 0.0 ms]
      [Ref Proc: 188.2 ms]
      [Ref Enq: 0.3 ms]
      [Free CSet: 0.3 ms]
   [Eden: 185.0M(185.0M)->0.0B(568.0M) Survivors: 19.0M->16.0M Heap: 2150.6M(4096.0M)->1963.2M(4096.0M)]
 [Times: user=0.70 sys=0.01, real=0.19 secs] 
2016-01-06T01:07:24.800-0800: 223.463: [GC pause (young)
Desired survivor size 38273024 bytes, new threshold 15 (max 15)
- age   1:   15092920 bytes,   15092920 total
2016-01-06T01:07:25.007-0800: 223.670: [SoftReference, 0 refs, 0.0000440 secs]2016-01-06T01:07:25.007-0800: 223.670: [WeakReference, 0 refs, 0.0000070 secs]2016-01-06T01:07:25.007-0800: 223.670: [FinalReference, 0 refs, 0.0000050 secs]2016-01-06T01:07:25.007-0800: 223.670: [PhantomReference, 0 refs, 18115 refs, 0.0006210 secs]2016-01-06T01:07:25.007-0800: 223.670: [JNI Weak Reference, 0.0000080 secs], 0.2090510 secs]
   [Parallel Time: 4.6 ms, GC Workers: 4]
      [GC Worker Start (ms): Min: 223463.2, Avg: 223463.2, Max: 223463.2, Diff: 0.1]
      [Ext Root Scanning (ms): Min: 0.3, Avg: 0.4, Max: 0.4, Diff: 0.1, Sum: 1.4]
      [SATB Filtering (ms): Min: 0.0, Avg: 0.0, Max: 0.0, Diff: 0.0, Sum: 0.0]
      [Update RS (ms): Min: 0.0, Avg: 0.1, Max: 0.1, Diff: 0.1, Sum: 0.3]
         [Processed Buffers: Min: 0, Avg: 1.2, Max: 3, Diff: 3, Sum: 5]
      [Scan RS (ms): Min: 0.2, Avg: 0.3, Max: 0.3, Diff: 0.1, Sum: 1.1]
      [Code Root Scanning (ms): Min: 0.0, Avg: 0.0, Max: 0.0, Diff: 0.0, Sum: 0.1]
      [Object Copy (ms): Min: 3.6, Avg: 3.6, Max: 3.6, Diff: 0.0, Sum: 14.3]
      [Termination (ms): Min: 0.0, Avg: 0.0, Max: 0.0, Diff: 0.0, Sum: 0.0]
      [GC Worker Other (ms): Min: 0.0, Avg: 0.1, Max: 0.1, Diff: 0.1, Sum: 0.3]
      [GC Worker Total (ms): Min: 4.3, Avg: 4.4, Max: 4.4, Diff: 0.1, Sum: 17.6]
      [GC Worker End (ms): Min: 223467.5, Avg: 223467.6, Max: 223467.6, Diff: 0.1]
   [Code Root Fixup: 0.0 ms]
   [Code Root Migration: 0.1 ms]
   [Clear CT: 0.2 ms]
   [Other: 204.2 ms]
      [Choose CSet: 0.0 ms]
      [Ref Proc: 202.5 ms]
      [Ref Enq: 0.8 ms]
      [Free CSet: 0.8 ms]
   [Eden: 568.0M(568.0M)->0.0B(184.0M) Survivors: 16.0M->20.0M Heap: 2531.2M(4096.0M)->1967.2M(4096.0M)]
 [Times: user=0.78 sys=0.00, real=0.21 secs] 
2016-01-06T01:07:25.038-0800: 223.701: [GC pause (young)
Desired survivor size 13631488 bytes, new threshold 1 (max 15)
- age   1:   18114688 bytes,   18114688 total
- age   2:      36864 bytes,   18151552 total
2016-01-06T01:07:25.232-0800: 223.895: [SoftReference, 0 refs, 0.0000340 secs]2016-01-06T01:07:25.232-0800: 223.895: [WeakReference, 0 refs, 0.0000060 secs]2016-01-06T01:07:25.232-0800: 223.895: [FinalReference, 0 refs, 0.0000060 secs]2016-01-06T01:07:25.232-0800: 223.895: [PhantomReference, 0 refs, 6214 refs, 0.0002260 secs]2016-01-06T01:07:25.232-0800: 223.895: [JNI Weak Reference, 0.0000070 secs], 0.1954470 secs]
   [Parallel Time: 3.2 ms, GC Workers: 4]
      [GC Worker Start (ms): Min: 223700.9, Avg: 223700.9, Max: 223701.0, Diff: 0.1]
      [Ext Root Scanning (ms): Min: 0.4, Avg: 1.1, Max: 3.1, Diff: 2.7, Sum: 4.3]
      [SATB Filtering (ms): Min: 0.0, Avg: 0.0, Max: 0.0, Diff: 0.0, Sum: 0.0]
      [Update RS (ms): Min: 0.0, Avg: 0.1, Max: 0.2, Diff: 0.2, Sum: 0.2]
         [Processed Buffers: Min: 0, Avg: 1.2, Max: 3, Diff: 3, Sum: 5]
      [Scan RS (ms): Min: 0.0, Avg: 0.1, Max: 0.2, Diff: 0.1, Sum: 0.3]
      [Code Root Scanning (ms): Min: 0.0, Avg: 0.0, Max: 0.0, Diff: 0.0, Sum: 0.0]
      [Object Copy (ms): Min: 0.0, Avg: 1.6, Max: 2.2, Diff: 2.1, Sum: 6.5]
      [Termination (ms): Min: 0.0, Avg: 0.3, Max: 0.3, Diff: 0.3, Sum: 1.0]
      [GC Worker Other (ms): Min: 0.0, Avg: 0.0, Max: 0.0, Diff: 0.0, Sum: 0.0]
      [GC Worker Total (ms): Min: 3.1, Avg: 3.1, Max: 3.1, Diff: 0.1, Sum: 12.4]
      [GC Worker End (ms): Min: 223704.0, Avg: 223704.0, Max: 223704.0, Diff: 0.0]
   [Code Root Fixup: 0.0 ms]
   [Code Root Migration: 0.0 ms]
   [Clear CT: 0.1 ms]
   [Other: 192.1 ms]
      [Choose CSet: 0.0 ms]
      [Ref Proc: 191.3 ms]
      [Ref Enq: 0.3 ms]
      [Free CSet: 0.4 ms]
   [Eden: 184.0M(184.0M)->0.0B(186.0M) Survivors: 20.0M->18.0M Heap: 2151.2M(4096.0M)->1965.2M(4096.0M)]
 [Times: user=0.75 sys=0.00, real=0.19 secs] 
2016-01-06T01:07:25.262-0800: 223.925: [GC pause (young)
Desired survivor size 13631488 bytes, new threshold 1 (max 15)
- age   1:   17257600 bytes,   17257600 total
2016-01-06T01:07:25.454-0800: 224.117: [SoftReference, 0 refs, 0.0000430 secs]2016-01-06T01:07:25.454-0800: 224.117: [WeakReference, 0 refs, 0.0000070 secs]2016-01-06T01:07:25.454-0800: 224.117: [FinalReference, 0 refs, 0.0000050 secs]2016-01-06T01:07:25.454-0800: 224.117: [PhantomReference, 0 refs, 6274 refs, 0.0002300 secs]2016-01-06T01:07:25.455-0800: 224.118: [JNI Weak Reference, 0.0000070 secs], 0.1932980 secs]
   [Parallel Time: 3.1 ms, GC Workers: 4]
      [GC Worker Start (ms): Min: 223925.1, Avg: 223925.2, Max: 223925.2, Diff: 0.1]
      [Ext Root Scanning (ms): Min: 0.3, Avg: 0.4, Max: 0.4, Diff: 0.1, Sum: 1.4]
      [SATB Filtering (ms): Min: 0.0, Avg: 0.0, Max: 0.0, Diff: 0.0, Sum: 0.0]
      [Update RS (ms): Min: 0.0, Avg: 0.1, Max: 0.2, Diff: 0.2, Sum: 0.3]
         [Processed Buffers: Min: 0, Avg: 1.0, Max: 2, Diff: 2, Sum: 4]
      [Scan RS (ms): Min: 0.0, Avg: 0.1, Max: 0.1, Diff: 0.1, Sum: 0.3]
      [Code Root Scanning (ms): Min: 0.0, Avg: 0.0, Max: 0.0, Diff: 0.0, Sum: 0.0]
      [Object Copy (ms): Min: 2.4, Avg: 2.5, Max: 2.5, Diff: 0.1, Sum: 9.8]
      [Termination (ms): Min: 0.0, Avg: 0.0, Max: 0.0, Diff: 0.0, Sum: 0.0]
      [GC Worker Other (ms): Min: 0.0, Avg: 0.0, Max: 0.0, Diff: 0.0, Sum: 0.0]
      [GC Worker Total (ms): Min: 3.0, Avg: 3.0, Max: 3.1, Diff: 0.1, Sum: 12.1]
      [GC Worker End (ms): Min: 223928.2, Avg: 223928.2, Max: 223928.2, Diff: 0.0]
   [Code Root Fixup: 0.0 ms]
   [Code Root Migration: 0.0 ms]
   [Clear CT: 0.1 ms]
   [Other: 190.0 ms]
      [Choose CSet: 0.0 ms]
      [Ref Proc: 189.3 ms]
      [Ref Enq: 0.3 ms]
      [Free CSet: 0.4 ms]
   [Eden: 186.0M(186.0M)->0.0B(437.0M) Survivors: 18.0M->19.0M Heap: 2151.2M(4096.0M)->1965.8M(4096.0M)]
 [Times: user=0.74 sys=0.00, real=0.19 secs] 
2016-01-06T01:07:25.523-0800: 224.186: [GC pause (young)
Desired survivor size 29884416 bytes, new threshold 15 (max 15)
- age   1:   17262064 bytes,   17262064 total
2016-01-06T01:07:25.716-0800: 224.379: [SoftReference, 0 refs, 0.0000510 secs]2016-01-06T01:07:25.716-0800: 224.379: [WeakReference, 0 refs, 0.0000060 secs]2016-01-06T01:07:25.716-0800: 224.379: [FinalReference, 0 refs, 0.0000050 secs]2016-01-06T01:07:25.716-0800: 224.379: [PhantomReference, 0 refs, 14057 refs, 0.0005020 secs]2016-01-06T01:07:25.717-0800: 224.380: [JNI Weak Reference, 0.0000080 secs], 0.1956220 secs]
   [Parallel Time: 3.9 ms, GC Workers: 4]
      [GC Worker Start (ms): Min: 224185.7, Avg: 224185.8, Max: 224185.8, Diff: 0.1]
      [Ext Root Scanning (ms): Min: 0.3, Avg: 0.4, Max: 0.4, Diff: 0.1, Sum: 1.4]
      [SATB Filtering (ms): Min: 0.0, Avg: 0.0, Max: 0.0, Diff: 0.0, Sum: 0.0]
      [Update RS (ms): Min: 0.0, Avg: 0.1, Max: 0.2, Diff: 0.2, Sum: 0.3]
         [Processed Buffers: Min: 0, Avg: 1.0, Max: 2, Diff: 2, Sum: 4]
      [Scan RS (ms): Min: 0.1, Avg: 0.2, Max: 0.2, Diff: 0.1, Sum: 0.8]
      [Code Root Scanning (ms): Min: 0.0, Avg: 0.0, Max: 0.0, Diff: 0.0, Sum: 0.1]
      [Object Copy (ms): Min: 3.0, Avg: 3.0, Max: 3.0, Diff: 0.0, Sum: 12.2]
      [Termination (ms): Min: 0.0, Avg: 0.0, Max: 0.0, Diff: 0.0, Sum: 0.0]
      [GC Worker Other (ms): Min: 0.0, Avg: 0.0, Max: 0.1, Diff: 0.0, Sum: 0.2]
      [GC Worker Total (ms): Min: 3.7, Avg: 3.7, Max: 3.8, Diff: 0.1, Sum: 15.0]
      [GC Worker End (ms): Min: 224189.5, Avg: 224189.5, Max: 224189.6, Diff: 0.0]
   [Code Root Fixup: 0.0 ms]
   [Code Root Migration: 0.1 ms]
   [Clear CT: 0.2 ms]
   [Other: 191.5 ms]
      [Choose CSet: 0.0 ms]
      [Ref Proc: 190.2 ms]
      [Ref Enq: 0.6 ms]
      [Free CSet: 0.6 ms]
   [Eden: 437.0M(437.0M)->0.0B(807.0M) Survivors: 19.0M->20.0M Heap: 2402.8M(4096.0M)->1966.8M(4096.0M)]
 [Times: user=0.75 sys=0.00, real=0.20 secs] 
2016-01-06T01:07:25.832-0800: 224.495: [GC pause (young)
Desired survivor size 54525952 bytes, new threshold 15 (max 15)
- age   1:   17822296 bytes,   17822296 total
- age   2:      36864 bytes,   17859160 total
2016-01-06T01:07:26.032-0800: 224.695: [SoftReference, 0 refs, 0.0000430 secs]2016-01-06T01:07:26.033-0800: 224.695: [WeakReference, 0 refs, 0.0000060 secs]2016-01-06T01:07:26.033-0800: 224.695: [FinalReference, 0 refs, 0.0000050 secs]2016-01-06T01:07:26.033-0800: 224.695: [PhantomReference, 0 refs, 25527 refs, 0.0009050 secs]2016-01-06T01:07:26.033-0800: 224.696: [JNI Weak Reference, 0.0000070 secs], 0.2043250 secs]
   [Parallel Time: 6.3 ms, GC Workers: 4]
      [GC Worker Start (ms): Min: 224494.8, Avg: 224494.8, Max: 224494.8, Diff: 0.1]
      [Ext Root Scanning (ms): Min: 0.3, Avg: 0.4, Max: 0.4, Diff: 0.1, Sum: 1.4]
      [SATB Filtering (ms): Min: 0.0, Avg: 0.0, Max: 0.0, Diff: 0.0, Sum: 0.0]
      [Update RS (ms): Min: 0.0, Avg: 0.1, Max: 0.2, Diff: 0.2, Sum: 0.2]
         [Processed Buffers: Min: 0, Avg: 1.0, Max: 3, Diff: 3, Sum: 4]
      [Scan RS (ms): Min: 0.3, Avg: 0.4, Max: 0.4, Diff: 0.1, Sum: 1.5]
      [Code Root Scanning (ms): Min: 0.0, Avg: 0.0, Max: 0.1, Diff: 0.0, Sum: 0.2]
      [Object Copy (ms): Min: 5.3, Avg: 5.3, Max: 5.3, Diff: 0.1, Sum: 21.2]
      [Termination (ms): Min: 0.0, Avg: 0.0, Max: 0.0, Diff: 0.0, Sum: 0.0]
      [GC Worker Other (ms): Min: 0.0, Avg: 0.0, Max: 0.1, Diff: 0.1, Sum: 0.2]
      [GC Worker Total (ms): Min: 6.1, Avg: 6.2, Max: 6.2, Diff: 0.1, Sum: 24.7]
      [GC Worker End (ms): Min: 224500.9, Avg: 224501.0, Max: 224501.0, Diff: 0.1]
   [Code Root Fixup: 0.0 ms]
   [Code Root Migration: 0.1 ms]
   [Clear CT: 0.3 ms]
   [Other: 197.7 ms]
      [Choose CSet: 0.0 ms]
      [Ref Proc: 195.4 ms]
      [Ref Enq: 1.2 ms]
      [Free CSet: 1.0 ms]
   [Eden: 807.0M(807.0M)->0.0B(184.0M) Survivors: 20.0M->20.0M Heap: 2773.8M(4096.0M)->1967.3M(4096.0M)]
 [Times: user=0.75 sys=0.01, real=0.20 secs] 
2016-01-06T01:07:26.064-0800: 224.727: [GC pause (young)
Desired survivor size 13631488 bytes, new threshold 1 (max 15)
- age   1:   18648136 bytes,   18648136 total
- age   2:      36864 bytes,   18685000 total
2016-01-06T01:07:26.288-0800: 224.951: [SoftReference, 0 refs, 0.0000450 secs]2016-01-06T01:07:26.288-0800: 224.951: [WeakReference, 0 refs, 0.0000060 secs]2016-01-06T01:07:26.288-0800: 224.951: [FinalReference, 0 refs, 0.0000060 secs]2016-01-06T01:07:26.288-0800: 224.951: [PhantomReference, 0 refs, 6214 refs, 0.0002350 secs]2016-01-06T01:07:26.288-0800: 224.951: [JNI Weak Reference, 0.0000070 secs], 0.2248130 secs]
   [Parallel Time: 20.8 ms, GC Workers: 4]
      [GC Worker Start (ms): Min: 224727.2, Avg: 224731.8, Max: 224744.7, Diff: 17.5]
      [Ext Root Scanning (ms): Min: 0.0, Avg: 0.3, Max: 0.7, Diff: 0.7, Sum: 1.4]
      [SATB Filtering (ms): Min: 0.0, Avg: 0.0, Max: 0.0, Diff: 0.0, Sum: 0.0]
      [Update RS (ms): Min: 0.0, Avg: 0.1, Max: 0.2, Diff: 0.2, Sum: 0.2]
         [Processed Buffers: Min: 0, Avg: 1.0, Max: 2, Diff: 2, Sum: 4]
      [Scan RS (ms): Min: 0.0, Avg: 0.1, Max: 0.2, Diff: 0.1, Sum: 0.4]
      [Code Root Scanning (ms): Min: 0.0, Avg: 0.0, Max: 0.0, Diff: 0.0, Sum: 0.0]
      [Object Copy (ms): Min: 0.0, Avg: 1.9, Max: 2.6, Diff: 2.6, Sum: 7.7]
      [Termination (ms): Min: 0.0, Avg: 10.6, Max: 14.1, Diff: 14.1, Sum: 42.3]
      [GC Worker Other (ms): Min: 0.0, Avg: 0.0, Max: 0.0, Diff: 0.0, Sum: 0.0]
      [GC Worker Total (ms): Min: 0.1, Avg: 13.0, Max: 17.6, Diff: 17.5, Sum: 52.1]
      [GC Worker End (ms): Min: 224744.8, Avg: 224744.8, Max: 224744.8, Diff: 0.0]
   [Code Root Fixup: 0.0 ms]
   [Code Root Migration: 0.0 ms]
   [Clear CT: 0.1 ms]
   [Other: 203.9 ms]
      [Choose CSet: 0.0 ms]
      [Ref Proc: 203.2 ms]
      [Ref Enq: 0.3 ms]
      [Free CSet: 0.4 ms]
   [Eden: 184.0M(184.0M)->0.0B(186.0M) Survivors: 20.0M->18.0M Heap: 2151.3M(4096.0M)->1965.3M(4096.0M)]
 [Times: user=0.77 sys=0.00, real=0.23 secs] 
2016-01-06T01:07:26.315-0800: 224.978: [GC pause (young)
Desired survivor size 13631488 bytes, new threshold 1 (max 15)
- age   1:   17257600 bytes,   17257600 total
2016-01-06T01:07:26.510-0800: 225.173: [SoftReference, 0 refs, 0.0000450 secs]2016-01-06T01:07:26.510-0800: 225.173: [WeakReference, 0 refs, 0.0000070 secs]2016-01-06T01:07:26.510-0800: 225.173: [FinalReference, 0 refs, 0.0000060 secs]2016-01-06T01:07:26.510-0800: 225.173: [PhantomReference, 0 refs, 6276 refs, 0.0002350 secs]2016-01-06T01:07:26.510-0800: 225.173: [JNI Weak Reference, 0.0000080 secs], 0.1955300 secs]
   [Parallel Time: 2.9 ms, GC Workers: 4]
      [GC Worker Start (ms): Min: 224978.3, Avg: 224978.4, Max: 224978.4, Diff: 0.1]
      [Ext Root Scanning (ms): Min: 0.3, Avg: 0.4, Max: 0.4, Diff: 0.1, Sum: 1.4]
      [SATB Filtering (ms): Min: 0.0, Avg: 0.0, Max: 0.0, Diff: 0.0, Sum: 0.0]
      [Update RS (ms): Min: 0.0, Avg: 0.1, Max: 0.2, Diff: 0.2, Sum: 0.3]
         [Processed Buffers: Min: 0, Avg: 1.0, Max: 2, Diff: 2, Sum: 4]
      [Scan RS (ms): Min: 0.0, Avg: 0.1, Max: 0.1, Diff: 0.1, Sum: 0.3]
      [Code Root Scanning (ms): Min: 0.0, Avg: 0.0, Max: 0.0, Diff: 0.0, Sum: 0.1]
      [Object Copy (ms): Min: 2.3, Avg: 2.3, Max: 2.3, Diff: 0.1, Sum: 9.3]
      [Termination (ms): Min: 0.0, Avg: 0.0, Max: 0.0, Diff: 0.0, Sum: 0.0]
      [GC Worker Other (ms): Min: 0.0, Avg: 0.0, Max: 0.0, Diff: 0.0, Sum: 0.1]
      [GC Worker Total (ms): Min: 2.8, Avg: 2.9, Max: 2.9, Diff: 0.1, Sum: 11.4]
      [GC Worker End (ms): Min: 224981.2, Avg: 224981.2, Max: 224981.2, Diff: 0.0]
   [Code Root Fixup: 0.0 ms]
   [Code Root Migration: 0.0 ms]
   [Clear CT: 0.1 ms]
   [Other: 192.4 ms]
      [Choose CSet: 0.0 ms]
      [Ref Proc: 191.7 ms]
      [Ref Enq: 0.3 ms]
      [Free CSet: 0.3 ms]
   [Eden: 186.0M(186.0M)->0.0B(185.0M) Survivors: 18.0M->19.0M Heap: 2151.3M(4096.0M)->1965.9M(4096.0M)]
 [Times: user=0.75 sys=0.00, real=0.20 secs] 
2016-01-06T01:07:26.537-0800: 225.200: [GC pause (young)
Desired survivor size 13631488 bytes, new threshold 1 (max 15)
- age   1:   17262064 bytes,   17262064 total
2016-01-06T01:07:26.756-0800: 225.419: [SoftReference, 0 refs, 0.0000530 secs]2016-01-06T01:07:26.756-0800: 225.419: [WeakReference, 0 refs, 0.0000070 secs]2016-01-06T01:07:26.756-0800: 225.419: [FinalReference, 0 refs, 0.0000060 secs]2016-01-06T01:07:26.756-0800: 225.419: [PhantomReference, 0 refs, 6245 refs, 0.0002360 secs]2016-01-06T01:07:26.756-0800: 225.419: [JNI Weak Reference, 0.0000070 secs], 0.2197380 secs]
   [Parallel Time: 3.0 ms, GC Workers: 4]
      [GC Worker Start (ms): Min: 225200.2, Avg: 225200.2, Max: 225200.3, Diff: 0.1]
      [Ext Root Scanning (ms): Min: 0.3, Avg: 0.4, Max: 0.4, Diff: 0.1, Sum: 1.5]
      [SATB Filtering (ms): Min: 0.0, Avg: 0.0, Max: 0.0, Diff: 0.0, Sum: 0.0]
      [Update RS (ms): Min: 0.0, Avg: 0.1, Max: 0.2, Diff: 0.2, Sum: 0.3]
         [Processed Buffers: Min: 0, Avg: 1.2, Max: 3, Diff: 3, Sum: 5]
      [Scan RS (ms): Min: 0.0, Avg: 0.1, Max: 0.1, Diff: 0.1, Sum: 0.3]
      [Code Root Scanning (ms): Min: 0.0, Avg: 0.0, Max: 0.0, Diff: 0.0, Sum: 0.0]
      [Object Copy (ms): Min: 2.2, Avg: 2.2, Max: 2.2, Diff: 0.0, Sum: 8.9]
      [Termination (ms): Min: 0.0, Avg: 0.0, Max: 0.0, Diff: 0.0, Sum: 0.0]
      [GC Worker Other (ms): Min: 0.0, Avg: 0.0, Max: 0.1, Diff: 0.0, Sum: 0.1]
      [GC Worker Total (ms): Min: 2.8, Avg: 2.8, Max: 2.8, Diff: 0.0, Sum: 11.2]
      [GC Worker End (ms): Min: 225203.0, Avg: 225203.0, Max: 225203.1, Diff: 0.0]
   [Code Root Fixup: 0.0 ms]
   [Code Root Migration: 0.0 ms]
   [Clear CT: 0.2 ms]
   [Other: 216.6 ms]
      [Choose CSet: 0.0 ms]
      [Ref Proc: 215.9 ms]
      [Ref Enq: 0.3 ms]
      [Free CSet: 0.3 ms]
   [Eden: 185.0M(185.0M)->0.0B(185.0M) Survivors: 19.0M->19.0M Heap: 2150.9M(4096.0M)->1965.9M(4096.0M)]
 [Times: user=0.82 sys=0.01, real=0.22 secs] 
2016-01-06T01:07:26.785-0800: 225.448: [GC pause (young)
Desired survivor size 13631488 bytes, new threshold 1 (max 15)
- age   1:   17259832 bytes,   17259832 total
2016-01-06T01:07:26.979-0800: 225.642: [SoftReference, 0 refs, 0.0000600 secs]2016-01-06T01:07:26.979-0800: 225.642: [WeakReference, 0 refs, 0.0000060 secs]2016-01-06T01:07:26.979-0800: 225.642: [FinalReference, 0 refs, 0.0000060 secs]2016-01-06T01:07:26.979-0800: 225.642: [PhantomReference, 0 refs, 6245 refs, 0.0002330 secs]2016-01-06T01:07:26.980-0800: 225.643: [JNI Weak Reference, 0.0000070 secs], 0.1951200 secs]
   [Parallel Time: 3.0 ms, GC Workers: 4]
      [GC Worker Start (ms): Min: 225448.3, Avg: 225448.4, Max: 225448.4, Diff: 0.1]
      [Ext Root Scanning (ms): Min: 0.3, Avg: 0.4, Max: 0.4, Diff: 0.1, Sum: 1.5]
      [SATB Filtering (ms): Min: 0.0, Avg: 0.0, Max: 0.0, Diff: 0.0, Sum: 0.0]
      [Update RS (ms): Min: 0.0, Avg: 0.1, Max: 0.2, Diff: 0.2, Sum: 0.3]
         [Processed Buffers: Min: 0, Avg: 1.2, Max: 3, Diff: 3, Sum: 5]
      [Scan RS (ms): Min: 0.0, Avg: 0.1, Max: 0.1, Diff: 0.1, Sum: 0.3]
      [Code Root Scanning (ms): Min: 0.0, Avg: 0.0, Max: 0.0, Diff: 0.0, Sum: 0.1]
      [Object Copy (ms): Min: 2.3, Avg: 2.3, Max: 2.3, Diff: 0.0, Sum: 9.2]
      [Termination (ms): Min: 0.0, Avg: 0.0, Max: 0.0, Diff: 0.0, Sum: 0.0]
      [GC Worker Other (ms): Min: 0.0, Avg: 0.0, Max: 0.1, Diff: 0.1, Sum: 0.2]
      [GC Worker Total (ms): Min: 2.8, Avg: 2.9, Max: 2.9, Diff: 0.1, Sum: 11.5]
      [GC Worker End (ms): Min: 225451.2, Avg: 225451.3, Max: 225451.3, Diff: 0.1]
   [Code Root Fixup: 0.0 ms]
   [Code Root Migration: 0.0 ms]
   [Clear CT: 0.2 ms]
   [Other: 191.9 ms]
      [Choose CSet: 0.0 ms]
      [Ref Proc: 191.2 ms]
      [Ref Enq: 0.3 ms]
      [Free CSet: 0.3 ms]
   [Eden: 185.0M(185.0M)->0.0B(185.0M) Survivors: 19.0M->19.0M Heap: 2150.9M(4096.0M)->1966.4M(4096.0M)]
 [Times: user=0.72 sys=0.00, real=0.19 secs] 
2016-01-06T01:07:27.009-0800: 225.672: [GC pause (young)
Desired survivor size 13631488 bytes, new threshold 1 (max 15)
- age   1:   17259832 bytes,   17259832 total
2016-01-06T01:07:27.205-0800: 225.868: [SoftReference, 0 refs, 0.0000430 secs]2016-01-06T01:07:27.205-0800: 225.868: [WeakReference, 0 refs, 0.0000070 secs]2016-01-06T01:07:27.205-0800: 225.868: [FinalReference, 0 refs, 0.0000060 secs]2016-01-06T01:07:27.205-0800: 225.868: [PhantomReference, 0 refs, 6245 refs, 0.0002330 secs]2016-01-06T01:07:27.205-0800: 225.868: [JNI Weak Reference, 0.0000080 secs], 0.1972990 secs]
   [Parallel Time: 3.2 ms, GC Workers: 4]
      [GC Worker Start (ms): Min: 225671.8, Avg: 225671.8, Max: 225671.9, Diff: 0.1]
      [Ext Root Scanning (ms): Min: 0.3, Avg: 0.4, Max: 0.4, Diff: 0.1, Sum: 1.5]
      [SATB Filtering (ms): Min: 0.0, Avg: 0.0, Max: 0.0, Diff: 0.0, Sum: 0.0]
      [Update RS (ms): Min: 0.0, Avg: 0.1, Max: 0.2, Diff: 0.2, Sum: 0.3]
         [Processed Buffers: Min: 0, Avg: 1.2, Max: 2, Diff: 2, Sum: 5]
      [Scan RS (ms): Min: 0.0, Avg: 0.1, Max: 0.1, Diff: 0.1, Sum: 0.3]
      [Code Root Scanning (ms): Min: 0.0, Avg: 0.0, Max: 0.0, Diff: 0.0, Sum: 0.1]
      [Object Copy (ms): Min: 2.5, Avg: 2.6, Max: 2.6, Diff: 0.0, Sum: 10.3]
      [Termination (ms): Min: 0.0, Avg: 0.0, Max: 0.0, Diff: 0.0, Sum: 0.0]
      [GC Worker Other (ms): Min: 0.0, Avg: 0.0, Max: 0.0, Diff: 0.0, Sum: 0.1]
      [GC Worker Total (ms): Min: 3.1, Avg: 3.2, Max: 3.2, Diff: 0.1, Sum: 12.6]
      [GC Worker End (ms): Min: 225675.0, Avg: 225675.0, Max: 225675.0, Diff: 0.0]
   [Code Root Fixup: 0.0 ms]
   [Code Root Migration: 0.0 ms]
   [Clear CT: 0.1 ms]
   [Other: 193.9 ms]
      [Choose CSet: 0.0 ms]
      [Ref Proc: 193.2 ms]
      [Ref Enq: 0.3 ms]
      [Free CSet: 0.3 ms]
   [Eden: 185.0M(185.0M)->0.0B(185.0M) Survivors: 19.0M->19.0M Heap: 2151.4M(4096.0M)->1966.0M(4096.0M)]
 [Times: user=0.75 sys=0.01, real=0.20 secs] 
2016-01-06T01:07:27.235-0800: 225.898: [GC pause (young)
Desired survivor size 13631488 bytes, new threshold 1 (max 15)
- age   1:   17259832 bytes,   17259832 total
2016-01-06T01:07:27.426-0800: 226.089: [SoftReference, 0 refs, 0.0000510 secs]2016-01-06T01:07:27.426-0800: 226.089: [WeakReference, 0 refs, 0.0000300 secs]2016-01-06T01:07:27.426-0800: 226.089: [FinalReference, 0 refs, 0.0000060 secs]2016-01-06T01:07:27.426-0800: 226.089: [PhantomReference, 0 refs, 6245 refs, 0.0002310 secs]2016-01-06T01:07:27.426-0800: 226.089: [JNI Weak Reference, 0.0000080 secs], 0.1923520 secs]
   [Parallel Time: 1.9 ms, GC Workers: 4]
      [GC Worker Start (ms): Min: 225897.6, Avg: 225897.6, Max: 225897.7, Diff: 0.1]
      [Ext Root Scanning (ms): Min: 0.3, Avg: 0.4, Max: 0.4, Diff: 0.1, Sum: 1.4]
      [SATB Filtering (ms): Min: 0.0, Avg: 0.0, Max: 0.0, Diff: 0.0, Sum: 0.0]
      [Update RS (ms): Min: 0.0, Avg: 0.1, Max: 0.2, Diff: 0.2, Sum: 0.3]
         [Processed Buffers: Min: 0, Avg: 1.2, Max: 3, Diff: 3, Sum: 5]
      [Scan RS (ms): Min: 0.0, Avg: 0.1, Max: 0.1, Diff: 0.1, Sum: 0.3]
      [Code Root Scanning (ms): Min: 0.0, Avg: 0.0, Max: 0.0, Diff: 0.0, Sum: 0.0]
      [Object Copy (ms): Min: 1.2, Avg: 1.2, Max: 1.2, Diff: 0.0, Sum: 4.7]
      [Termination (ms): Min: 0.0, Avg: 0.0, Max: 0.0, Diff: 0.0, Sum: 0.0]
      [GC Worker Other (ms): Min: 0.0, Avg: 0.0, Max: 0.0, Diff: 0.0, Sum: 0.1]
      [GC Worker Total (ms): Min: 1.7, Avg: 1.7, Max: 1.8, Diff: 0.1, Sum: 6.9]
      [GC Worker End (ms): Min: 225899.4, Avg: 225899.4, Max: 225899.4, Diff: 0.0]
   [Code Root Fixup: 0.0 ms]
   [Code Root Migration: 0.0 ms]
   [Clear CT: 0.1 ms]
   [Other: 190.4 ms]
      [Choose CSet: 0.0 ms]
      [Ref Proc: 189.7 ms]
      [Ref Enq: 0.3 ms]
      [Free CSet: 0.3 ms]
   [Eden: 185.0M(185.0M)->0.0B(199.0M) Survivors: 19.0M->5120.0K Heap: 2151.0M(4096.0M)->1952.5M(4096.0M)]
 [Times: user=0.74 sys=0.00, real=0.20 secs] 
2016-01-06T01:07:27.457-0800: 226.120: [GC pause (young)
Desired survivor size 13631488 bytes, new threshold 15 (max 15)
- age   1:    3667384 bytes,    3667384 total
2016-01-06T01:07:27.650-0800: 226.313: [SoftReference, 0 refs, 0.0000450 secs]2016-01-06T01:07:27.650-0800: 226.313: [WeakReference, 0 refs, 0.0000070 secs]2016-01-06T01:07:27.650-0800: 226.313: [FinalReference, 0 refs, 0.0000050 secs]2016-01-06T01:07:27.650-0800: 226.313: [PhantomReference, 0 refs, 6679 refs, 0.0002650 secs]2016-01-06T01:07:27.650-0800: 226.313: [JNI Weak Reference, 0.0000080 secs], 0.1932480 secs]
   [Parallel Time: 3.5 ms, GC Workers: 4]
      [GC Worker Start (ms): Min: 226120.5, Avg: 226121.3, Max: 226123.8, Diff: 3.3]
      [Ext Root Scanning (ms): Min: 0.0, Avg: 0.3, Max: 0.5, Diff: 0.5, Sum: 1.3]
      [SATB Filtering (ms): Min: 0.0, Avg: 0.0, Max: 0.0, Diff: 0.0, Sum: 0.0]
      [Update RS (ms): Min: 0.0, Avg: 0.1, Max: 0.1, Diff: 0.1, Sum: 0.2]
         [Processed Buffers: Min: 0, Avg: 1.2, Max: 4, Diff: 4, Sum: 5]
      [Scan RS (ms): Min: 0.0, Avg: 0.1, Max: 0.1, Diff: 0.1, Sum: 0.3]
      [Code Root Scanning (ms): Min: 0.0, Avg: 0.0, Max: 0.0, Diff: 0.0, Sum: 0.0]
      [Object Copy (ms): Min: 0.0, Avg: 2.0, Max: 2.6, Diff: 2.6, Sum: 7.9]
      [Termination (ms): Min: 0.0, Avg: 0.1, Max: 0.1, Diff: 0.1, Sum: 0.4]
      [GC Worker Other (ms): Min: 0.0, Avg: 0.0, Max: 0.0, Diff: 0.0, Sum: 0.1]
      [GC Worker Total (ms): Min: 0.1, Avg: 2.6, Max: 3.4, Diff: 3.3, Sum: 10.3]
      [GC Worker End (ms): Min: 226123.9, Avg: 226123.9, Max: 226123.9, Diff: 0.0]
   [Code Root Fixup: 0.0 ms]
   [Code Root Migration: 0.0 ms]
   [Clear CT: 0.1 ms]
   [Other: 189.6 ms]
      [Choose CSet: 0.0 ms]
      [Ref Proc: 188.9 ms]
      [Ref Enq: 0.3 ms]
      [Free CSet: 0.3 ms]
   [Eden: 199.0M(199.0M)->0.0B(186.0M) Survivors: 5120.0K->18.0M Heap: 2151.5M(4096.0M)->1965.5M(4096.0M)]
 [Times: user=0.75 sys=0.00, real=0.19 secs] 
2016-01-06T01:07:27.679-0800: 226.342: [GC pause (young)
Desired survivor size 13631488 bytes, new threshold 1 (max 15)
- age   1:   17291080 bytes,   17291080 total
- age   2:      36864 bytes,   17327944 total
2016-01-06T01:07:27.868-0800: 226.531: [SoftReference, 0 refs, 0.0000510 secs]2016-01-06T01:07:27.868-0800: 226.531: [WeakReference, 0 refs, 0.0000060 secs]2016-01-06T01:07:27.868-0800: 226.531: [FinalReference, 0 refs, 0.0000060 secs]2016-01-06T01:07:27.868-0800: 226.531: [PhantomReference, 0 refs, 6275 refs, 0.0002320 secs]2016-01-06T01:07:27.868-0800: 226.531: [JNI Weak Reference, 0.0000090 secs], 0.1906190 secs]
   [Parallel Time: 3.0 ms, GC Workers: 4]
      [GC Worker Start (ms): Min: 226341.7, Avg: 226341.7, Max: 226341.8, Diff: 0.1]
      [Ext Root Scanning (ms): Min: 0.3, Avg: 0.4, Max: 0.4, Diff: 0.1, Sum: 1.4]
      [SATB Filtering (ms): Min: 0.0, Avg: 0.0, Max: 0.0, Diff: 0.0, Sum: 0.0]
      [Update RS (ms): Min: 0.0, Avg: 0.1, Max: 0.2, Diff: 0.2, Sum: 0.2]
         [Processed Buffers: Min: 0, Avg: 1.0, Max: 3, Diff: 3, Sum: 4]
      [Scan RS (ms): Min: 0.0, Avg: 0.1, Max: 0.1, Diff: 0.1, Sum: 0.3]
      [Code Root Scanning (ms): Min: 0.0, Avg: 0.0, Max: 0.0, Diff: 0.0, Sum: 0.0]
      [Object Copy (ms): Min: 2.3, Avg: 2.4, Max: 2.4, Diff: 0.0, Sum: 9.4]
      [Termination (ms): Min: 0.0, Avg: 0.0, Max: 0.0, Diff: 0.0, Sum: 0.0]
      [GC Worker Other (ms): Min: 0.0, Avg: 0.0, Max: 0.0, Diff: 0.0, Sum: 0.1]
      [GC Worker Total (ms): Min: 2.9, Avg: 2.9, Max: 2.9, Diff: 0.1, Sum: 11.5]
      [GC Worker End (ms): Min: 226344.6, Avg: 226344.6, Max: 226344.6, Diff: 0.0]
   [Code Root Fixup: 0.0 ms]
   [Code Root Migration: 0.0 ms]
   [Clear CT: 0.1 ms]
   [Other: 187.4 ms]
      [Choose CSet: 0.0 ms]
      [Ref Proc: 186.7 ms]
      [Ref Enq: 0.3 ms]
      [Free CSet: 0.4 ms]
   [Eden: 186.0M(186.0M)->0.0B(740.0M) Survivors: 18.0M->19.0M Heap: 2151.5M(4096.0M)->1966.1M(4096.0M)]
 [Times: user=0.73 sys=0.00, real=0.19 secs] 
2016-01-06T01:07:27.974-0800: 226.637: [GC pause (young)
Desired survivor size 49807360 bytes, new threshold 15 (max 15)
- age   1:   17262064 bytes,   17262064 total
2016-01-06T01:07:28.194-0800: 226.857: [SoftReference, 0 refs, 0.0000430 secs]2016-01-06T01:07:28.194-0800: 226.857: [WeakReference, 0 refs, 0.0000070 secs]2016-01-06T01:07:28.194-0800: 226.857: [FinalReference, 0 refs, 0.0000060 secs]2016-01-06T01:07:28.194-0800: 226.857: [PhantomReference, 0 refs, 23449 refs, 0.0008890 secs]2016-01-06T01:07:28.195-0800: 226.858: [JNI Weak Reference, 0.0000090 secs], 0.2227570 secs]
   [Parallel Time: 5.7 ms, GC Workers: 4]
      [GC Worker Start (ms): Min: 226637.4, Avg: 226637.4, Max: 226637.5, Diff: 0.1]
      [Ext Root Scanning (ms): Min: 0.3, Avg: 0.4, Max: 0.4, Diff: 0.1, Sum: 1.4]
      [SATB Filtering (ms): Min: 0.0, Avg: 0.0, Max: 0.0, Diff: 0.0, Sum: 0.0]
      [Update RS (ms): Min: 0.0, Avg: 0.1, Max: 0.2, Diff: 0.2, Sum: 0.3]
         [Processed Buffers: Min: 0, Avg: 1.2, Max: 2, Diff: 2, Sum: 5]
      [Scan RS (ms): Min: 0.2, Avg: 0.3, Max: 0.4, Diff: 0.2, Sum: 1.3]
      [Code Root Scanning (ms): Min: 0.0, Avg: 0.0, Max: 0.1, Diff: 0.0, Sum: 0.2]
      [Object Copy (ms): Min: 4.7, Avg: 4.7, Max: 4.7, Diff: 0.0, Sum: 18.8]
      [Termination (ms): Min: 0.0, Avg: 0.0, Max: 0.0, Diff: 0.0, Sum: 0.0]
      [GC Worker Other (ms): Min: 0.0, Avg: 0.0, Max: 0.1, Diff: 0.0, Sum: 0.2]
      [GC Worker Total (ms): Min: 5.5, Avg: 5.6, Max: 5.6, Diff: 0.1, Sum: 22.2]
      [GC Worker End (ms): Min: 226643.0, Avg: 226643.0, Max: 226643.0, Diff: 0.0]
   [Code Root Fixup: 0.0 ms]
   [Code Root Migration: 0.1 ms]
   [Clear CT: 0.3 ms]
   [Other: 216.7 ms]
      [Choose CSet: 0.0 ms]
      [Ref Proc: 214.5 ms]
      [Ref Enq: 1.1 ms]
      [Free CSet: 1.0 ms]
   [Eden: 740.0M(740.0M)->0.0B(184.0M) Survivors: 19.0M->20.0M Heap: 2706.1M(4096.0M)->1967.6M(4096.0M)]
 [Times: user=0.76 sys=0.00, real=0.23 secs] 
2016-01-06T01:07:28.224-0800: 226.887: [GC pause (young)
Desired survivor size 13631488 bytes, new threshold 1 (max 15)
- age   1:   18498592 bytes,   18498592 total
- age   2:      36864 bytes,   18535456 total
2016-01-06T01:07:28.417-0800: 227.080: [SoftReference, 0 refs, 0.0000420 secs]2016-01-06T01:07:28.417-0800: 227.080: [WeakReference, 0 refs, 0.0000070 secs]2016-01-06T01:07:28.417-0800: 227.080: [FinalReference, 0 refs, 0.0000050 secs]2016-01-06T01:07:28.417-0800: 227.080: [PhantomReference, 0 refs, 6214 refs, 0.0002400 secs]2016-01-06T01:07:28.417-0800: 227.080: [JNI Weak Reference, 0.0000080 secs], 0.1940290 secs]
   [Parallel Time: 2.9 ms, GC Workers: 4]
      [GC Worker Start (ms): Min: 226886.8, Avg: 226886.9, Max: 226886.9, Diff: 0.1]
      [Ext Root Scanning (ms): Min: 0.3, Avg: 0.4, Max: 0.4, Diff: 0.1, Sum: 1.4]
      [SATB Filtering (ms): Min: 0.0, Avg: 0.0, Max: 0.0, Diff: 0.0, Sum: 0.0]
      [Update RS (ms): Min: 0.0, Avg: 0.1, Max: 0.2, Diff: 0.2, Sum: 0.2]
         [Processed Buffers: Min: 0, Avg: 1.0, Max: 2, Diff: 2, Sum: 4]
      [Scan RS (ms): Min: 0.0, Avg: 0.1, Max: 0.1, Diff: 0.1, Sum: 0.3]
      [Code Root Scanning (ms): Min: 0.0, Avg: 0.0, Max: 0.0, Diff: 0.0, Sum: 0.1]
      [Object Copy (ms): Min: 2.2, Avg: 2.3, Max: 2.3, Diff: 0.0, Sum: 9.0]
      [Termination (ms): Min: 0.0, Avg: 0.0, Max: 0.0, Diff: 0.0, Sum: 0.0]
      [GC Worker Other (ms): Min: 0.0, Avg: 0.0, Max: 0.1, Diff: 0.0, Sum: 0.1]
      [GC Worker Total (ms): Min: 2.8, Avg: 2.8, Max: 2.8, Diff: 0.1, Sum: 11.2]
      [GC Worker End (ms): Min: 226889.6, Avg: 226889.7, Max: 226889.7, Diff: 0.0]
   [Code Root Fixup: 0.0 ms]
   [Code Root Migration: 0.0 ms]
   [Clear CT: 0.1 ms]
   [Other: 191.0 ms]
      [Choose CSet: 0.0 ms]
      [Ref Proc: 190.3 ms]
      [Ref Enq: 0.3 ms]
      [Free CSet: 0.3 ms]
   [Eden: 184.0M(184.0M)->0.0B(186.0M) Survivors: 20.0M->18.0M Heap: 2151.6M(4096.0M)->1965.6M(4096.0M)]
 [Times: user=0.75 sys=0.00, real=0.20 secs] 
2016-01-06T01:07:28.444-0800: 227.107: [GC pause (young)
Desired survivor size 13631488 bytes, new threshold 1 (max 15)
- age   1:   17257600 bytes,   17257600 total
2016-01-06T01:07:28.636-0800: 227.299: [SoftReference, 0 refs, 0.0000460 secs]2016-01-06T01:07:28.636-0800: 227.299: [WeakReference, 0 refs, 0.0000060 secs]2016-01-06T01:07:28.636-0800: 227.299: [FinalReference, 0 refs, 0.0000060 secs]2016-01-06T01:07:28.636-0800: 227.299: [PhantomReference, 0 refs, 6275 refs, 0.0002440 secs]2016-01-06T01:07:28.636-0800: 227.299: [JNI Weak Reference, 0.0000070 secs], 0.1927330 secs]
   [Parallel Time: 2.5 ms, GC Workers: 4]
      [GC Worker Start (ms): Min: 227107.0, Avg: 227107.3, Max: 227107.9, Diff: 0.9]
      [Ext Root Scanning (ms): Min: 0.0, Avg: 0.3, Max: 0.4, Diff: 0.4, Sum: 1.3]
      [SATB Filtering (ms): Min: 0.0, Avg: 0.0, Max: 0.0, Diff: 0.0, Sum: 0.0]
      [Update RS (ms): Min: 0.0, Avg: 0.1, Max: 0.1, Diff: 0.1, Sum: 0.2]
         [Processed Buffers: Min: 0, Avg: 1.2, Max: 3, Diff: 3, Sum: 5]
      [Scan RS (ms): Min: 0.0, Avg: 0.1, Max: 0.1, Diff: 0.1, Sum: 0.3]
      [Code Root Scanning (ms): Min: 0.0, Avg: 0.0, Max: 0.0, Diff: 0.0, Sum: 0.0]
      [Object Copy (ms): Min: 1.5, Avg: 1.7, Max: 1.8, Diff: 0.3, Sum: 6.8]
      [Termination (ms): Min: 0.0, Avg: 0.0, Max: 0.0, Diff: 0.0, Sum: 0.0]
      [GC Worker Other (ms): Min: 0.0, Avg: 0.0, Max: 0.0, Diff: 0.0, Sum: 0.1]
      [GC Worker Total (ms): Min: 1.5, Avg: 2.2, Max: 2.4, Diff: 0.9, Sum: 8.7]
      [GC Worker End (ms): Min: 227109.5, Avg: 227109.5, Max: 227109.5, Diff: 0.0]
   [Code Root Fixup: 0.0 ms]
   [Code Root Migration: 0.0 ms]
   [Clear CT: 0.1 ms]
   [Other: 190.1 ms]
      [Choose CSet: 0.0 ms]
      [Ref Proc: 189.4 ms]
      [Ref Enq: 0.3 ms]
      [Free CSet: 0.3 ms]
   [Eden: 186.0M(186.0M)->0.0B(190.0M) Survivors: 18.0M->14.0M Heap: 2151.6M(4096.0M)->1961.2M(4096.0M)]
 [Times: user=0.74 sys=0.01, real=0.19 secs] 
2016-01-06T01:07:28.666-0800: 227.329: [GC pause (young)
Desired survivor size 13631488 bytes, new threshold 15 (max 15)
- age   1:   12370096 bytes,   12370096 total
2016-01-06T01:07:28.878-0800: 227.541: [SoftReference, 0 refs, 0.0000440 secs]2016-01-06T01:07:28.878-0800: 227.541: [WeakReference, 0 refs, 0.0000070 secs]2016-01-06T01:07:28.878-0800: 227.541: [FinalReference, 0 refs, 0.0000060 secs]2016-01-06T01:07:28.878-0800: 227.541: [PhantomReference, 0 refs, 6400 refs, 0.0002340 secs]2016-01-06T01:07:28.878-0800: 227.541: [JNI Weak Reference, 0.0000070 secs], 0.2133220 secs]
   [Parallel Time: 3.0 ms, GC Workers: 4]
      [GC Worker Start (ms): Min: 227328.8, Avg: 227328.8, Max: 227328.8, Diff: 0.1]
      [Ext Root Scanning (ms): Min: 0.3, Avg: 0.4, Max: 0.4, Diff: 0.2, Sum: 1.4]
      [SATB Filtering (ms): Min: 0.0, Avg: 0.0, Max: 0.0, Diff: 0.0, Sum: 0.0]
      [Update RS (ms): Min: 0.0, Avg: 0.1, Max: 0.2, Diff: 0.2, Sum: 0.3]
         [Processed Buffers: Min: 0, Avg: 1.2, Max: 3, Diff: 3, Sum: 5]
      [Scan RS (ms): Min: 0.0, Avg: 0.1, Max: 0.1, Diff: 0.1, Sum: 0.3]
      [Code Root Scanning (ms): Min: 0.0, Avg: 0.0, Max: 0.0, Diff: 0.0, Sum: 0.0]
      [Object Copy (ms): Min: 2.3, Avg: 2.3, Max: 2.3, Diff: 0.0, Sum: 9.2]
      [Termination (ms): Min: 0.0, Avg: 0.0, Max: 0.0, Diff: 0.0, Sum: 0.0]
      [GC Worker Other (ms): Min: 0.0, Avg: 0.0, Max: 0.0, Diff: 0.0, Sum: 0.1]
      [GC Worker Total (ms): Min: 2.8, Avg: 2.9, Max: 2.9, Diff: 0.1, Sum: 11.4]
      [GC Worker End (ms): Min: 227331.7, Avg: 227331.7, Max: 227331.7, Diff: 0.0]
   [Code Root Fixup: 0.0 ms]
   [Code Root Migration: 0.0 ms]
   [Clear CT: 0.1 ms]
   [Other: 210.2 ms]
      [Choose CSet: 0.0 ms]
      [Ref Proc: 209.5 ms]
      [Ref Enq: 0.3 ms]
      [Free CSet: 0.3 ms]
   [Eden: 190.0M(190.0M)->0.0B(186.0M) Survivors: 14.0M->18.0M Heap: 2151.2M(4096.0M)->1965.7M(4096.0M)]
 [Times: user=0.80 sys=0.00, real=0.21 secs] 
2016-01-06T01:07:28.906-0800: 227.569: [GC pause (young)
Desired survivor size 13631488 bytes, new threshold 1 (max 15)
- age   1:   17270992 bytes,   17270992 total
- age   2:      36864 bytes,   17307856 total
2016-01-06T01:07:29.123-0800: 227.786: [SoftReference, 0 refs, 0.0000440 secs]2016-01-06T01:07:29.123-0800: 227.786: [WeakReference, 0 refs, 0.0000080 secs]2016-01-06T01:07:29.123-0800: 227.786: [FinalReference, 0 refs, 0.0000050 secs]2016-01-06T01:07:29.123-0800: 227.786: [PhantomReference, 0 refs, 6276 refs, 0.0002560 secs]2016-01-06T01:07:29.123-0800: 227.786: [JNI Weak Reference, 0.0000080 secs], 0.2186090 secs]
   [Parallel Time: 3.4 ms, GC Workers: 4]
      [GC Worker Start (ms): Min: 227568.7, Avg: 227569.5, Max: 227571.9, Diff: 3.2]
      [Ext Root Scanning (ms): Min: 0.0, Avg: 0.3, Max: 0.5, Diff: 0.5, Sum: 1.3]
      [SATB Filtering (ms): Min: 0.0, Avg: 0.0, Max: 0.0, Diff: 0.0, Sum: 0.0]
      [Update RS (ms): Min: 0.0, Avg: 0.0, Max: 0.1, Diff: 0.1, Sum: 0.1]
         [Processed Buffers: Min: 0, Avg: 1.0, Max: 3, Diff: 3, Sum: 4]
      [Scan RS (ms): Min: 0.0, Avg: 0.1, Max: 0.2, Diff: 0.1, Sum: 0.3]
      [Code Root Scanning (ms): Min: 0.0, Avg: 0.0, Max: 0.0, Diff: 0.0, Sum: 0.0]
      [Object Copy (ms): Min: 0.0, Avg: 1.6, Max: 2.1, Diff: 2.1, Sum: 6.4]
      [Termination (ms): Min: 0.0, Avg: 0.4, Max: 0.6, Diff: 0.6, Sum: 1.7]
      [GC Worker Other (ms): Min: 0.0, Avg: 0.0, Max: 0.0, Diff: 0.0, Sum: 0.0]
      [GC Worker Total (ms): Min: 0.1, Avg: 2.5, Max: 3.3, Diff: 3.2, Sum: 9.9]
      [GC Worker End (ms): Min: 227572.0, Avg: 227572.0, Max: 227572.0, Diff: 0.0]
   [Code Root Fixup: 0.0 ms]
   [Code Root Migration: 0.0 ms]
   [Clear CT: 0.2 ms]
   [Other: 215.0 ms]
      [Choose CSet: 0.0 ms]
      [Ref Proc: 214.3 ms]
      [Ref Enq: 0.3 ms]
      [Free CSet: 0.3 ms]
   [Eden: 186.0M(186.0M)->0.0B(186.0M) Survivors: 18.0M->18.0M Heap: 2151.7M(4096.0M)->1965.7M(4096.0M)]
 [Times: user=0.74 sys=0.00, real=0.21 secs] 
2016-01-06T01:07:29.155-0800: 227.818: [GC pause (young)
Desired survivor size 13631488 bytes, new threshold 1 (max 15)
- age   1:   17262064 bytes,   17262064 total
2016-01-06T01:07:29.348-0800: 228.011: [SoftReference, 0 refs, 0.0000420 secs]2016-01-06T01:07:29.348-0800: 228.011: [WeakReference, 0 refs, 0.0000070 secs]2016-01-06T01:07:29.348-0800: 228.011: [FinalReference, 0 refs, 0.0000060 secs]2016-01-06T01:07:29.348-0800: 228.011: [PhantomReference, 0 refs, 6276 refs, 0.0002390 secs]2016-01-06T01:07:29.348-0800: 228.011: [JNI Weak Reference, 0.0000070 secs], 0.1940590 secs]
   [Parallel Time: 3.0 ms, GC Workers: 4]
      [GC Worker Start (ms): Min: 227818.2, Avg: 227818.6, Max: 227819.9, Diff: 1.7]
      [Ext Root Scanning (ms): Min: 0.0, Avg: 0.3, Max: 0.5, Diff: 0.5, Sum: 1.3]
      [SATB Filtering (ms): Min: 0.0, Avg: 0.0, Max: 0.0, Diff: 0.0, Sum: 0.0]
      [Update RS (ms): Min: 0.0, Avg: 0.1, Max: 0.2, Diff: 0.2, Sum: 0.3]
         [Processed Buffers: Min: 0, Avg: 1.0, Max: 3, Diff: 3, Sum: 4]
      [Scan RS (ms): Min: 0.0, Avg: 0.1, Max: 0.1, Diff: 0.1, Sum: 0.3]
      [Code Root Scanning (ms): Min: 0.0, Avg: 0.0, Max: 0.0, Diff: 0.0, Sum: 0.0]
      [Object Copy (ms): Min: 1.2, Avg: 2.0, Max: 2.3, Diff: 1.1, Sum: 8.0]
      [Termination (ms): Min: 0.0, Avg: 0.0, Max: 0.0, Diff: 0.0, Sum: 0.0]
      [GC Worker Other (ms): Min: 0.0, Avg: 0.0, Max: 0.0, Diff: 0.0, Sum: 0.0]
      [GC Worker Total (ms): Min: 1.2, Avg: 2.5, Max: 3.0, Diff: 1.8, Sum: 10.0]
      [GC Worker End (ms): Min: 227821.1, Avg: 227821.1, Max: 227821.1, Diff: 0.0]
   [Code Root Fixup: 0.0 ms]
   [Code Root Migration: 0.0 ms]
   [Clear CT: 0.1 ms]
   [Other: 190.9 ms]
      [Choose CSet: 0.0 ms]
      [Ref Proc: 190.2 ms]
      [Ref Enq: 0.3 ms]
      [Free CSet: 0.4 ms]
   [Eden: 186.0M(186.0M)->0.0B(185.0M) Survivors: 18.0M->19.0M Heap: 2151.7M(4096.0M)->1966.7M(4096.0M)]
 [Times: user=0.73 sys=0.01, real=0.20 secs] 
2016-01-06T01:07:29.378-0800: 228.041: [GC pause (young)
Desired survivor size 13631488 bytes, new threshold 1 (max 15)
- age   1:   17262064 bytes,   17262064 total
2016-01-06T01:07:29.570-0800: 228.232: [SoftReference, 0 refs, 0.0000460 secs]2016-01-06T01:07:29.570-0800: 228.232: [WeakReference, 0 refs, 0.0000070 secs]2016-01-06T01:07:29.570-0800: 228.232: [FinalReference, 0 refs, 0.0000050 secs]2016-01-06T01:07:29.570-0800: 228.233: [PhantomReference, 0 refs, 6244 refs, 0.0002300 secs]2016-01-06T01:07:29.570-0800: 228.233: [JNI Weak Reference, 0.0000080 secs], 0.1929720 secs]
   [Parallel Time: 2.9 ms, GC Workers: 4]
      [GC Worker Start (ms): Min: 228040.7, Avg: 228040.7, Max: 228040.8, Diff: 0.1]
      [Ext Root Scanning (ms): Min: 0.3, Avg: 0.4, Max: 0.4, Diff: 0.1, Sum: 1.4]
      [SATB Filtering (ms): Min: 0.0, Avg: 0.0, Max: 0.0, Diff: 0.0, Sum: 0.0]
      [Update RS (ms): Min: 0.0, Avg: 0.1, Max: 0.2, Diff: 0.2, Sum: 0.3]
         [Processed Buffers: Min: 0, Avg: 1.0, Max: 2, Diff: 2, Sum: 4]
      [Scan RS (ms): Min: 0.0, Avg: 0.1, Max: 0.1, Diff: 0.1, Sum: 0.3]
      [Code Root Scanning (ms): Min: 0.0, Avg: 0.0, Max: 0.0, Diff: 0.0, Sum: 0.0]
      [Object Copy (ms): Min: 2.2, Avg: 2.3, Max: 2.3, Diff: 0.0, Sum: 9.1]
      [Termination (ms): Min: 0.0, Avg: 0.0, Max: 0.0, Diff: 0.0, Sum: 0.0]
      [GC Worker Other (ms): Min: 0.0, Avg: 0.0, Max: 0.0, Diff: 0.0, Sum: 0.1]
      [GC Worker Total (ms): Min: 2.8, Avg: 2.8, Max: 2.9, Diff: 0.1, Sum: 11.3]
      [GC Worker End (ms): Min: 228043.6, Avg: 228043.6, Max: 228043.6, Diff: 0.0]
   [Code Root Fixup: 0.0 ms]
   [Code Root Migration: 0.0 ms]
   [Clear CT: 0.2 ms]
   [Other: 189.9 ms]
      [Choose CSet: 0.0 ms]
      [Ref Proc: 189.2 ms]
      [Ref Enq: 0.3 ms]
      [Free CSet: 0.3 ms]
   [Eden: 185.0M(185.0M)->0.0B(185.0M) Survivors: 19.0M->19.0M Heap: 2151.7M(4096.0M)->1966.3M(4096.0M)]
 [Times: user=0.74 sys=0.01, real=0.19 secs] 
2016-01-06T01:07:29.597-0800: 228.260: [GC pause (young)
Desired survivor size 13631488 bytes, new threshold 1 (max 15)
- age   1:   17259832 bytes,   17259832 total
2016-01-06T01:07:29.796-0800: 228.459: [SoftReference, 0 refs, 0.0000490 secs]2016-01-06T01:07:29.796-0800: 228.459: [WeakReference, 0 refs, 0.0000110 secs]2016-01-06T01:07:29.796-0800: 228.459: [FinalReference, 0 refs, 0.0000090 secs]2016-01-06T01:07:29.796-0800: 228.459: [PhantomReference, 0 refs, 6244 refs, 0.0002410 secs]2016-01-06T01:07:29.796-0800: 228.459: [JNI Weak Reference, 0.0000070 secs], 0.1999710 secs]
   [Parallel Time: 3.0 ms, GC Workers: 4]
      [GC Worker Start (ms): Min: 228260.1, Avg: 228260.1, Max: 228260.2, Diff: 0.1]
      [Ext Root Scanning (ms): Min: 0.3, Avg: 0.4, Max: 0.4, Diff: 0.1, Sum: 1.4]
      [SATB Filtering (ms): Min: 0.0, Avg: 0.0, Max: 0.0, Diff: 0.0, Sum: 0.0]
      [Update RS (ms): Min: 0.0, Avg: 0.1, Max: 0.2, Diff: 0.2, Sum: 0.3]
         [Processed Buffers: Min: 0, Avg: 1.2, Max: 3, Diff: 3, Sum: 5]
      [Scan RS (ms): Min: 0.0, Avg: 0.1, Max: 0.1, Diff: 0.1, Sum: 0.3]
      [Code Root Scanning (ms): Min: 0.0, Avg: 0.0, Max: 0.0, Diff: 0.0, Sum: 0.0]
      [Object Copy (ms): Min: 2.3, Avg: 2.3, Max: 2.3, Diff: 0.0, Sum: 9.2]
      [Termination (ms): Min: 0.0, Avg: 0.0, Max: 0.0, Diff: 0.0, Sum: 0.0]
      [GC Worker Other (ms): Min: 0.0, Avg: 0.0, Max: 0.1, Diff: 0.1, Sum: 0.2]
      [GC Worker Total (ms): Min: 2.8, Avg: 2.9, Max: 2.9, Diff: 0.1, Sum: 11.5]
      [GC Worker End (ms): Min: 228263.0, Avg: 228263.0, Max: 228263.1, Diff: 0.1]
   [Code Root Fixup: 0.0 ms]
   [Code Root Migration: 0.0 ms]
   [Clear CT: 0.1 ms]
   [Other: 196.8 ms]
      [Choose CSet: 0.0 ms]
      [Ref Proc: 196.1 ms]
      [Ref Enq: 0.3 ms]
      [Free CSet: 0.3 ms]
   [Eden: 185.0M(185.0M)->0.0B(186.0M) Survivors: 19.0M->18.0M Heap: 2151.3M(4096.0M)->1965.8M(4096.0M)]
 [Times: user=0.76 sys=0.01, real=0.20 secs] 
2016-01-06T01:07:29.826-0800: 228.489: [GC pause (young)
Desired survivor size 13631488 bytes, new threshold 1 (max 15)
- age   1:   17259832 bytes,   17259832 total
2016-01-06T01:07:30.017-0800: 228.679: [SoftReference, 0 refs, 0.0000460 secs]2016-01-06T01:07:30.017-0800: 228.679: [WeakReference, 0 refs, 0.0000060 secs]2016-01-06T01:07:30.017-0800: 228.680: [FinalReference, 0 refs, 0.0000060 secs]2016-01-06T01:07:30.017-0800: 228.680: [PhantomReference, 0 refs, 6275 refs, 0.0002350 secs]2016-01-06T01:07:30.017-0800: 228.680: [JNI Weak Reference, 0.0000080 secs], 0.1919760 secs]
   [Parallel Time: 2.9 ms, GC Workers: 4]
      [GC Worker Start (ms): Min: 228488.8, Avg: 228488.8, Max: 228488.8, Diff: 0.1]
      [Ext Root Scanning (ms): Min: 0.3, Avg: 0.4, Max: 0.4, Diff: 0.2, Sum: 1.5]
      [SATB Filtering (ms): Min: 0.0, Avg: 0.0, Max: 0.0, Diff: 0.0, Sum: 0.0]
      [Update RS (ms): Min: 0.0, Avg: 0.1, Max: 0.2, Diff: 0.2, Sum: 0.3]
         [Processed Buffers: Min: 0, Avg: 1.2, Max: 3, Diff: 3, Sum: 5]
      [Scan RS (ms): Min: 0.0, Avg: 0.1, Max: 0.1, Diff: 0.1, Sum: 0.3]
      [Code Root Scanning (ms): Min: 0.0, Avg: 0.0, Max: 0.0, Diff: 0.0, Sum: 0.1]
      [Object Copy (ms): Min: 2.2, Avg: 2.2, Max: 2.2, Diff: 0.0, Sum: 8.9]
      [Termination (ms): Min: 0.0, Avg: 0.0, Max: 0.0, Diff: 0.0, Sum: 0.0]
      [GC Worker Other (ms): Min: 0.0, Avg: 0.0, Max: 0.1, Diff: 0.0, Sum: 0.1]
      [GC Worker Total (ms): Min: 2.8, Avg: 2.8, Max: 2.9, Diff: 0.1, Sum: 11.2]
      [GC Worker End (ms): Min: 228491.6, Avg: 228491.6, Max: 228491.6, Diff: 0.0]
   [Code Root Fixup: 0.0 ms]
   [Code Root Migration: 0.0 ms]
   [Clear CT: 0.2 ms]
   [Other: 188.8 ms]
      [Choose CSet: 0.0 ms]
      [Ref Proc: 188.1 ms]
      [Ref Enq: 0.3 ms]
      [Free CSet: 0.4 ms]
   [Eden: 186.0M(186.0M)->0.0B(185.0M) Survivors: 18.0M->19.0M Heap: 2151.8M(4096.0M)->1966.4M(4096.0M)]
 [Times: user=0.70 sys=0.01, real=0.19 secs] 
2016-01-06T01:07:30.045-0800: 228.708: [GC pause (young)
Desired survivor size 13631488 bytes, new threshold 1 (max 15)
- age   1:   17262064 bytes,   17262064 total
2016-01-06T01:07:30.244-0800: 228.907: [SoftReference, 0 refs, 0.0000510 secs]2016-01-06T01:07:30.244-0800: 228.907: [WeakReference, 0 refs, 0.0000070 secs]2016-01-06T01:07:30.244-0800: 228.907: [FinalReference, 0 refs, 0.0000060 secs]2016-01-06T01:07:30.244-0800: 228.907: [PhantomReference, 0 refs, 6244 refs, 0.0002330 secs]2016-01-06T01:07:30.245-0800: 228.908: [JNI Weak Reference, 0.0000080 secs], 0.2007790 secs]
   [Parallel Time: 3.0 ms, GC Workers: 4]
      [GC Worker Start (ms): Min: 228707.7, Avg: 228707.8, Max: 228707.8, Diff: 0.1]
      [Ext Root Scanning (ms): Min: 0.3, Avg: 0.4, Max: 0.4, Diff: 0.1, Sum: 1.5]
      [SATB Filtering (ms): Min: 0.0, Avg: 0.0, Max: 0.0, Diff: 0.0, Sum: 0.0]
      [Update RS (ms): Min: 0.0, Avg: 0.1, Max: 0.2, Diff: 0.2, Sum: 0.3]
         [Processed Buffers: Min: 0, Avg: 1.2, Max: 3, Diff: 3, Sum: 5]
      [Scan RS (ms): Min: 0.0, Avg: 0.1, Max: 0.1, Diff: 0.1, Sum: 0.3]
      [Code Root Scanning (ms): Min: 0.0, Avg: 0.0, Max: 0.0, Diff: 0.0, Sum: 0.0]
      [Object Copy (ms): Min: 2.3, Avg: 2.3, Max: 2.3, Diff: 0.0, Sum: 9.1]
      [Termination (ms): Min: 0.0, Avg: 0.0, Max: 0.0, Diff: 0.0, Sum: 0.0]
      [GC Worker Other (ms): Min: 0.0, Avg: 0.0, Max: 0.1, Diff: 0.0, Sum: 0.1]
      [GC Worker Total (ms): Min: 2.8, Avg: 2.9, Max: 2.9, Diff: 0.0, Sum: 11.4]
      [GC Worker End (ms): Min: 228710.6, Avg: 228710.6, Max: 228710.7, Diff: 0.0]
   [Code Root Fixup: 0.0 ms]
   [Code Root Migration: 0.0 ms]
   [Clear CT: 0.1 ms]
   [Other: 197.6 ms]
      [Choose CSet: 0.0 ms]
      [Ref Proc: 196.9 ms]
      [Ref Enq: 0.3 ms]
      [Free CSet: 0.4 ms]
   [Eden: 185.0M(185.0M)->0.0B(185.0M) Survivors: 19.0M->19.0M Heap: 2151.4M(4096.0M)->1966.4M(4096.0M)]
 [Times: user=0.66 sys=0.01, real=0.21 secs] 
2016-01-06T01:07:30.272-0800: 228.935: [GC pause (young)
Desired survivor size 13631488 bytes, new threshold 1 (max 15)
- age   1:   17259832 bytes,   17259832 total
2016-01-06T01:07:30.458-0800: 229.121: [SoftReference, 0 refs, 0.0000380 secs]2016-01-06T01:07:30.458-0800: 229.121: [WeakReference, 0 refs, 0.0000060 secs]2016-01-06T01:07:30.458-0800: 229.121: [FinalReference, 0 refs, 0.0000050 secs]2016-01-06T01:07:30.458-0800: 229.121: [PhantomReference, 0 refs, 6242 refs, 0.0002330 secs]2016-01-06T01:07:30.459-0800: 229.122: [JNI Weak Reference, 0.0000080 secs], 0.1871850 secs]
   [Parallel Time: 2.6 ms, GC Workers: 4]
      [GC Worker Start (ms): Min: 228935.3, Avg: 228935.3, Max: 228935.4, Diff: 0.1]
      [Ext Root Scanning (ms): Min: 0.3, Avg: 0.4, Max: 0.4, Diff: 0.1, Sum: 1.4]
      [SATB Filtering (ms): Min: 0.0, Avg: 0.0, Max: 0.0, Diff: 0.0, Sum: 0.0]
      [Update RS (ms): Min: 0.0, Avg: 0.1, Max: 0.2, Diff: 0.2, Sum: 0.3]
         [Processed Buffers: Min: 0, Avg: 1.2, Max: 2, Diff: 2, Sum: 5]
      [Scan RS (ms): Min: 0.0, Avg: 0.1, Max: 0.1, Diff: 0.1, Sum: 0.4]
      [Code Root Scanning (ms): Min: 0.0, Avg: 0.0, Max: 0.0, Diff: 0.0, Sum: 0.0]
      [Object Copy (ms): Min: 1.9, Avg: 1.9, Max: 1.9, Diff: 0.0, Sum: 7.7]
      [Termination (ms): Min: 0.0, Avg: 0.0, Max: 0.0, Diff: 0.0, Sum: 0.0]
      [GC Worker Other (ms): Min: 0.0, Avg: 0.0, Max: 0.0, Diff: 0.0, Sum: 0.1]
      [GC Worker Total (ms): Min: 2.5, Avg: 2.5, Max: 2.5, Diff: 0.1, Sum: 10.0]
      [GC Worker End (ms): Min: 228937.8, Avg: 228937.8, Max: 228937.8, Diff: 0.0]
   [Code Root Fixup: 0.0 ms]
   [Code Root Migration: 0.0 ms]
   [Clear CT: 0.2 ms]
   [Other: 184.4 ms]
      [Choose CSet: 0.0 ms]
      [Ref Proc: 183.7 ms]
      [Ref Enq: 0.3 ms]
      [Free CSet: 0.3 ms]
   [Eden: 185.0M(185.0M)->0.0B(773.0M) Survivors: 19.0M->15.0M Heap: 2151.4M(4096.0M)->1962.9M(4096.0M)]
 [Times: user=0.71 sys=0.00, real=0.19 secs] 
2016-01-06T01:07:30.568-0800: 229.231: [GC pause (young)
Desired survivor size 51904512 bytes, new threshold 15 (max 15)
- age   1:   13943800 bytes,   13943800 total
2016-01-06T01:07:30.781-0800: 229.444: [SoftReference, 0 refs, 0.0000480 secs]2016-01-06T01:07:30.781-0800: 229.444: [WeakReference, 0 refs, 0.0000070 secs]2016-01-06T01:07:30.781-0800: 229.444: [FinalReference, 0 refs, 0.0000060 secs]2016-01-06T01:07:30.781-0800: 229.444: [PhantomReference, 0 refs, 24473 refs, 0.0008350 secs]2016-01-06T01:07:30.782-0800: 229.445: [JNI Weak Reference, 0.0000080 secs], 0.2162110 secs]
   [Parallel Time: 6.0 ms, GC Workers: 4]
      [GC Worker Start (ms): Min: 229231.4, Avg: 229231.4, Max: 229231.4, Diff: 0.1]
      [Ext Root Scanning (ms): Min: 0.3, Avg: 0.4, Max: 0.4, Diff: 0.1, Sum: 1.5]
      [SATB Filtering (ms): Min: 0.0, Avg: 0.0, Max: 0.0, Diff: 0.0, Sum: 0.0]
      [Update RS (ms): Min: 0.0, Avg: 0.1, Max: 0.3, Diff: 0.3, Sum: 0.4]
         [Processed Buffers: Min: 0, Avg: 1.0, Max: 2, Diff: 2, Sum: 4]
      [Scan RS (ms): Min: 0.2, Avg: 0.4, Max: 0.4, Diff: 0.2, Sum: 1.5]
      [Code Root Scanning (ms): Min: 0.0, Avg: 0.0, Max: 0.0, Diff: 0.0, Sum: 0.2]
      [Object Copy (ms): Min: 4.9, Avg: 4.9, Max: 4.9, Diff: 0.0, Sum: 19.6]
      [Termination (ms): Min: 0.0, Avg: 0.0, Max: 0.0, Diff: 0.0, Sum: 0.0]
      [GC Worker Other (ms): Min: 0.0, Avg: 0.1, Max: 0.1, Diff: 0.1, Sum: 0.3]
      [GC Worker Total (ms): Min: 5.8, Avg: 5.8, Max: 5.9, Diff: 0.1, Sum: 23.3]
      [GC Worker End (ms): Min: 229237.2, Avg: 229237.2, Max: 229237.3, Diff: 0.1]
   [Code Root Fixup: 0.0 ms]
   [Code Root Migration: 0.1 ms]
   [Clear CT: 0.2 ms]
   [Other: 209.9 ms]
      [Choose CSet: 0.0 ms]
      [Ref Proc: 207.7 ms]
      [Ref Enq: 1.1 ms]
      [Free CSet: 1.0 ms]
   [Eden: 773.0M(773.0M)->0.0B(184.0M) Survivors: 15.0M->20.0M Heap: 2735.9M(4096.0M)->1967.9M(4096.0M)]
 [Times: user=0.81 sys=0.00, real=0.21 secs] 
2016-01-06T01:07:30.812-0800: 229.475: [GC pause (young)
Desired survivor size 13631488 bytes, new threshold 1 (max 15)
- age   1:   18572248 bytes,   18572248 total
- age   2:      36864 bytes,   18609112 total
2016-01-06T01:07:30.999-0800: 229.662: [SoftReference, 0 refs, 0.0000390 secs]2016-01-06T01:07:30.999-0800: 229.662: [WeakReference, 0 refs, 0.0000070 secs]2016-01-06T01:07:30.999-0800: 229.662: [FinalReference, 0 refs, 0.0000060 secs]2016-01-06T01:07:30.999-0800: 229.662: [PhantomReference, 0 refs, 6214 refs, 0.0002680 secs]2016-01-06T01:07:30.999-0800: 229.662: [JNI Weak Reference, 0.0000080 secs], 0.1876890 secs]
   [Parallel Time: 3.2 ms, GC Workers: 4]
      [GC Worker Start (ms): Min: 229475.3, Avg: 229475.5, Max: 229475.9, Diff: 0.6]
      [Ext Root Scanning (ms): Min: 0.0, Avg: 0.3, Max: 0.5, Diff: 0.4, Sum: 1.3]
      [SATB Filtering (ms): Min: 0.0, Avg: 0.0, Max: 0.0, Diff: 0.0, Sum: 0.0]
      [Update RS (ms): Min: 0.0, Avg: 0.0, Max: 0.1, Diff: 0.1, Sum: 0.1]
         [Processed Buffers: Min: 0, Avg: 1.0, Max: 2, Diff: 2, Sum: 4]
      [Scan RS (ms): Min: 0.1, Avg: 0.2, Max: 0.5, Diff: 0.4, Sum: 0.9]
      [Code Root Scanning (ms): Min: 0.0, Avg: 0.0, Max: 0.0, Diff: 0.0, Sum: 0.0]
      [Object Copy (ms): Min: 2.1, Avg: 2.3, Max: 2.4, Diff: 0.3, Sum: 9.2]
      [Termination (ms): Min: 0.0, Avg: 0.0, Max: 0.0, Diff: 0.0, Sum: 0.0]
      [GC Worker Other (ms): Min: 0.0, Avg: 0.0, Max: 0.1, Diff: 0.1, Sum: 0.1]
      [GC Worker Total (ms): Min: 2.5, Avg: 2.9, Max: 3.1, Diff: 0.6, Sum: 11.7]
      [GC Worker End (ms): Min: 229478.4, Avg: 229478.4, Max: 229478.4, Diff: 0.1]
   [Code Root Fixup: 0.0 ms]
   [Code Root Migration: 0.0 ms]
   [Clear CT: 0.2 ms]
   [Other: 184.3 ms]
      [Choose CSet: 0.0 ms]
      [Ref Proc: 183.6 ms]
      [Ref Enq: 0.3 ms]
      [Free CSet: 0.3 ms]
   [Eden: 184.0M(184.0M)->0.0B(185.0M) Survivors: 20.0M->19.0M Heap: 2151.9M(4096.0M)->1966.5M(4096.0M)]
 [Times: user=0.71 sys=0.00, real=0.19 secs] 
2016-01-06T01:07:31.027-0800: 229.689: [GC pause (young)
Desired survivor size 13631488 bytes, new threshold 1 (max 15)
- age   1:   17257600 bytes,   17257600 total
2016-01-06T01:07:31.221-0800: 229.884: [SoftReference, 0 refs, 0.0000380 secs]2016-01-06T01:07:31.221-0800: 229.884: [WeakReference, 0 refs, 0.0000070 secs]2016-01-06T01:07:31.221-0800: 229.884: [FinalReference, 0 refs, 0.0000060 secs]2016-01-06T01:07:31.221-0800: 229.884: [PhantomReference, 0 refs, 6244 refs, 0.0002780 secs]2016-01-06T01:07:31.221-0800: 229.884: [JNI Weak Reference, 0.0000090 secs], 0.1956870 secs]
   [Parallel Time: 3.0 ms, GC Workers: 4]
      [GC Worker Start (ms): Min: 229689.5, Avg: 229689.6, Max: 229689.6, Diff: 0.1]
      [Ext Root Scanning (ms): Min: 0.3, Avg: 0.4, Max: 0.4, Diff: 0.1, Sum: 1.4]
      [SATB Filtering (ms): Min: 0.0, Avg: 0.0, Max: 0.0, Diff: 0.0, Sum: 0.0]
      [Update RS (ms): Min: 0.0, Avg: 0.1, Max: 0.3, Diff: 0.3, Sum: 0.3]
         [Processed Buffers: Min: 0, Avg: 1.2, Max: 2, Diff: 2, Sum: 5]
      [Scan RS (ms): Min: 0.0, Avg: 0.1, Max: 0.1, Diff: 0.1, Sum: 0.4]
      [Code Root Scanning (ms): Min: 0.0, Avg: 0.0, Max: 0.1, Diff: 0.1, Sum: 0.1]
      [Object Copy (ms): Min: 2.2, Avg: 2.3, Max: 2.3, Diff: 0.1, Sum: 9.0]
      [Termination (ms): Min: 0.0, Avg: 0.0, Max: 0.0, Diff: 0.0, Sum: 0.0]
      [GC Worker Other (ms): Min: 0.0, Avg: 0.0, Max: 0.0, Diff: 0.0, Sum: 0.1]
      [GC Worker Total (ms): Min: 2.8, Avg: 2.9, Max: 2.9, Diff: 0.1, Sum: 11.4]
      [GC Worker End (ms): Min: 229692.4, Avg: 229692.4, Max: 229692.4, Diff: 0.0]
   [Code Root Fixup: 0.0 ms]
   [Code Root Migration: 0.0 ms]
   [Clear CT: 0.2 ms]
   [Other: 192.5 ms]
      [Choose CSet: 0.0 ms]
      [Ref Proc: 191.5 ms]
      [Ref Enq: 0.3 ms]
      [Free CSet: 0.5 ms]
   [Eden: 185.0M(185.0M)->0.0B(185.0M) Survivors: 19.0M->19.0M Heap: 2151.5M(4096.0M)->1966.5M(4096.0M)]
 [Times: user=0.74 sys=0.00, real=0.19 secs] 
2016-01-06T01:07:31.253-0800: 229.916: [GC pause (young)
Desired survivor size 13631488 bytes, new threshold 1 (max 15)
- age   1:   17259832 bytes,   17259832 total
2016-01-06T01:07:31.445-0800: 230.108: [SoftReference, 0 refs, 0.0000620 secs]2016-01-06T01:07:31.445-0800: 230.108: [WeakReference, 0 refs, 0.0000070 secs]2016-01-06T01:07:31.445-0800: 230.108: [FinalReference, 0 refs, 0.0000060 secs]2016-01-06T01:07:31.445-0800: 230.108: [PhantomReference, 0 refs, 6243 refs, 0.0002460 secs]2016-01-06T01:07:31.445-0800: 230.108: [JNI Weak Reference, 0.0000070 secs], 0.1932920 secs]
   [Parallel Time: 2.9 ms, GC Workers: 4]
      [GC Worker Start (ms): Min: 229915.7, Avg: 229915.7, Max: 229915.7, Diff: 0.1]
      [Ext Root Scanning (ms): Min: 0.4, Avg: 0.4, Max: 0.4, Diff: 0.1, Sum: 1.5]
      [SATB Filtering (ms): Min: 0.0, Avg: 0.0, Max: 0.0, Diff: 0.0, Sum: 0.0]
      [Update RS (ms): Min: 0.0, Avg: 0.1, Max: 0.2, Diff: 0.2, Sum: 0.3]
         [Processed Buffers: Min: 0, Avg: 1.2, Max: 3, Diff: 3, Sum: 5]
      [Scan RS (ms): Min: 0.0, Avg: 0.1, Max: 0.1, Diff: 0.1, Sum: 0.3]
      [Code Root Scanning (ms): Min: 0.0, Avg: 0.0, Max: 0.0, Diff: 0.0, Sum: 0.0]
      [Object Copy (ms): Min: 2.2, Avg: 2.2, Max: 2.2, Diff: 0.0, Sum: 8.9]
      [Termination (ms): Min: 0.0, Avg: 0.0, Max: 0.0, Diff: 0.0, Sum: 0.0]
      [GC Worker Other (ms): Min: 0.0, Avg: 0.0, Max: 0.0, Diff: 0.0, Sum: 0.1]
      [GC Worker Total (ms): Min: 2.8, Avg: 2.8, Max: 2.8, Diff: 0.1, Sum: 11.2]
      [GC Worker End (ms): Min: 229918.5, Avg: 229918.5, Max: 229918.5, Diff: 0.0]
   [Code Root Fixup: 0.0 ms]
   [Code Root Migration: 0.0 ms]
   [Clear CT: 0.1 ms]
   [Other: 190.2 ms]
      [Choose CSet: 0.0 ms]
      [Ref Proc: 189.5 ms]
      [Ref Enq: 0.3 ms]
      [Free CSet: 0.3 ms]
   [Eden: 185.0M(185.0M)->0.0B(603.0M) Survivors: 19.0M->19.0M Heap: 2151.5M(4096.0M)->1966.6M(4096.0M)]
 [Times: user=0.74 sys=0.00, real=0.20 secs] 
2016-01-06T01:07:31.531-0800: 230.194: [GC pause (young)
Desired survivor size 40894464 bytes, new threshold 15 (max 15)
- age   1:   17259832 bytes,   17259832 total
2016-01-06T01:07:31.726-0800: 230.389: [SoftReference, 0 refs, 0.0000440 secs]2016-01-06T01:07:31.726-0800: 230.389: [WeakReference, 0 refs, 0.0000060 secs]2016-01-06T01:07:31.726-0800: 230.389: [FinalReference, 0 refs, 0.0000060 secs]2016-01-06T01:07:31.726-0800: 230.389: [PhantomReference, 0 refs, 19201 refs, 0.0006770 secs]2016-01-06T01:07:31.727-0800: 230.390: [JNI Weak Reference, 0.0000070 secs], 0.1978980 secs]
   [Parallel Time: 5.0 ms, GC Workers: 4]
      [GC Worker Start (ms): Min: 230194.2, Avg: 230194.6, Max: 230195.9, Diff: 1.8]
      [Ext Root Scanning (ms): Min: 0.0, Avg: 0.3, Max: 0.5, Diff: 0.5, Sum: 1.3]
      [SATB Filtering (ms): Min: 0.0, Avg: 0.0, Max: 0.0, Diff: 0.0, Sum: 0.0]
      [Update RS (ms): Min: 0.0, Avg: 0.1, Max: 0.1, Diff: 0.1, Sum: 0.2]
         [Processed Buffers: Min: 0, Avg: 1.2, Max: 3, Diff: 3, Sum: 5]
      [Scan RS (ms): Min: 0.0, Avg: 0.2, Max: 0.3, Diff: 0.2, Sum: 0.9]
      [Code Root Scanning (ms): Min: 0.0, Avg: 0.0, Max: 0.1, Diff: 0.1, Sum: 0.1]
      [Object Copy (ms): Min: 3.0, Avg: 3.7, Max: 4.0, Diff: 1.0, Sum: 15.0]
      [Termination (ms): Min: 0.0, Avg: 0.0, Max: 0.0, Diff: 0.0, Sum: 0.0]
      [GC Worker Other (ms): Min: 0.0, Avg: 0.0, Max: 0.1, Diff: 0.0, Sum: 0.1]
      [GC Worker Total (ms): Min: 3.1, Avg: 4.4, Max: 4.9, Diff: 1.7, Sum: 17.7]
      [GC Worker End (ms): Min: 230199.0, Avg: 230199.1, Max: 230199.1, Diff: 0.0]
   [Code Root Fixup: 0.0 ms]
   [Code Root Migration: 0.1 ms]
   [Clear CT: 0.2 ms]
   [Other: 192.6 ms]
      [Choose CSet: 0.0 ms]
      [Ref Proc: 190.9 ms]
      [Ref Enq: 0.9 ms]
      [Free CSet: 0.8 ms]
   [Eden: 603.0M(603.0M)->0.0B(659.0M) Survivors: 19.0M->20.0M Heap: 2569.6M(4096.0M)->1967.6M(4096.0M)]
 [Times: user=0.76 sys=0.00, real=0.20 secs] 
2016-01-06T01:07:31.823-0800: 230.486: [GC pause (young)
Desired survivor size 44564480 bytes, new threshold 15 (max 15)
- age   1:   18192808 bytes,   18192808 total
- age   2:      36864 bytes,   18229672 total
2016-01-06T01:07:32.016-0800: 230.679: [SoftReference, 0 refs, 0.0000600 secs]2016-01-06T01:07:32.017-0800: 230.679: [WeakReference, 0 refs, 0.0000120 secs]2016-01-06T01:07:32.017-0800: 230.679: [FinalReference, 0 refs, 0.0000100 secs]2016-01-06T01:07:32.017-0800: 230.680: [PhantomReference, 0 refs, 20939 refs, 0.0012350 secs]2016-01-06T01:07:32.018-0800: 230.681: [JNI Weak Reference, 0.0000120 secs], 0.1978390 secs]
   [Parallel Time: 5.3 ms, GC Workers: 4]
      [GC Worker Start (ms): Min: 230486.3, Avg: 230486.4, Max: 230486.4, Diff: 0.1]
      [Ext Root Scanning (ms): Min: 0.3, Avg: 0.4, Max: 0.4, Diff: 0.1, Sum: 1.4]
      [SATB Filtering (ms): Min: 0.0, Avg: 0.0, Max: 0.0, Diff: 0.0, Sum: 0.0]
      [Update RS (ms): Min: 0.0, Avg: 0.1, Max: 0.2, Diff: 0.2, Sum: 0.2]
         [Processed Buffers: Min: 0, Avg: 1.2, Max: 3, Diff: 3, Sum: 5]
      [Scan RS (ms): Min: 0.2, Avg: 0.3, Max: 0.3, Diff: 0.1, Sum: 1.2]
      [Code Root Scanning (ms): Min: 0.0, Avg: 0.0, Max: 0.0, Diff: 0.0, Sum: 0.2]
      [Object Copy (ms): Min: 4.4, Avg: 4.4, Max: 4.4, Diff: 0.0, Sum: 17.6]
      [Termination (ms): Min: 0.0, Avg: 0.0, Max: 0.0, Diff: 0.0, Sum: 0.0]
      [GC Worker Other (ms): Min: 0.0, Avg: 0.0, Max: 0.1, Diff: 0.0, Sum: 0.1]
      [GC Worker Total (ms): Min: 5.2, Avg: 5.2, Max: 5.2, Diff: 0.1, Sum: 20.8]
      [GC Worker End (ms): Min: 230491.5, Avg: 230491.6, Max: 230491.6, Diff: 0.0]
   [Code Root Fixup: 0.0 ms]
   [Code Root Migration: 0.1 ms]
   [Clear CT: 0.3 ms]
   [Other: 192.1 ms]
      [Choose CSet: 0.0 ms]
      [Ref Proc: 189.2 ms]
      [Ref Enq: 1.5 ms]
      [Free CSet: 1.3 ms]
   [Eden: 659.0M(659.0M)->0.0B(748.0M) Survivors: 20.0M->20.0M Heap: 2626.6M(4096.0M)->1968.1M(4096.0M)]
 [Times: user=0.75 sys=0.00, real=0.20 secs] 
2016-01-06T01:07:32.103-0800: 230.766: [GC concurrent-mark-end, 18.8384860 secs]
2016-01-06T01:07:32.103-0800: 230.766: [GC remark 2016-01-06T01:07:32.103-0800: 230.766: [GC ref-proc2016-01-06T01:07:32.103-0800: 230.766: [SoftReference, 0 refs, 0.0000260 secs]2016-01-06T01:07:32.103-0800: 230.766: [WeakReference, 3 refs, 0.0000150 secs]2016-01-06T01:07:32.103-0800: 230.766: [FinalReference, 4 refs, 0.0000130 secs]2016-01-06T01:07:32.103-0800: 230.766: [PhantomReference, 0 refs, 10482437 refs, 1.5963130 secs]2016-01-06T01:07:33.700-0800: 232.363: [JNI Weak Reference, 0.0000210 secs], 1.5964560 secs], 1.6046070 secs]
 [Times: user=1.13 sys=0.50, real=1.61 secs] 
2016-01-06T01:07:33.708-0800: 232.371: [GC cleanup 2536M->2535M(4096M), 0.0052210 secs]
 [Times: user=0.01 sys=0.00, real=0.00 secs] 
2016-01-06T01:07:33.713-0800: 232.376: [GC concurrent-cleanup-start]
2016-01-06T01:07:33.713-0800: 232.376: [GC concurrent-cleanup-end, 0.0000350 secs]
2016-01-06T01:07:33.746-0800: 232.409: [GC pause (young)
Desired survivor size 50331648 bytes, new threshold 15 (max 15)
- age   1:   18317800 bytes,   18317800 total
- age   2:      36864 bytes,   18354664 total
2016-01-06T01:07:33.752-0800: 232.415: [SoftReference, 0 refs, 0.0000460 secs]2016-01-06T01:07:33.752-0800: 232.415: [WeakReference, 0 refs, 0.0000110 secs]2016-01-06T01:07:33.752-0800: 232.415: [FinalReference, 0 refs, 0.0000090 secs]2016-01-06T01:07:33.753-0800: 232.415: [PhantomReference, 0 refs, 23698 refs, 0.0006680 secs]2016-01-06T01:07:33.753-0800: 232.416: [JNI Weak Reference, 0.0000220 secs], 0.0088790 secs]
   [Parallel Time: 5.9 ms, GC Workers: 4]
      [GC Worker Start (ms): Min: 232409.1, Avg: 232409.2, Max: 232409.2, Diff: 0.1]
      [Ext Root Scanning (ms): Min: 0.3, Avg: 0.4, Max: 0.4, Diff: 0.1, Sum: 1.4]
      [Update RS (ms): Min: 0.0, Avg: 0.1, Max: 0.2, Diff: 0.2, Sum: 0.2]
         [Processed Buffers: Min: 0, Avg: 1.0, Max: 2, Diff: 2, Sum: 4]
      [Scan RS (ms): Min: 0.3, Avg: 0.3, Max: 0.4, Diff: 0.1, Sum: 1.3]
      [Code Root Scanning (ms): Min: 0.0, Avg: 0.0, Max: 0.0, Diff: 0.0, Sum: 0.1]
      [Object Copy (ms): Min: 4.9, Avg: 4.9, Max: 5.0, Diff: 0.0, Sum: 19.8]
      [Termination (ms): Min: 0.0, Avg: 0.0, Max: 0.0, Diff: 0.0, Sum: 0.0]
      [GC Worker Other (ms): Min: 0.0, Avg: 0.0, Max: 0.1, Diff: 0.0, Sum: 0.1]
      [GC Worker Total (ms): Min: 5.7, Avg: 5.8, Max: 5.8, Diff: 0.1, Sum: 23.1]
      [GC Worker End (ms): Min: 232414.9, Avg: 232414.9, Max: 232415.0, Diff: 0.0]
   [Code Root Fixup: 0.0 ms]
   [Code Root Migration: 0.1 ms]
   [Clear CT: 0.2 ms]
   [Other: 2.7 ms]
      [Choose CSet: 0.0 ms]
      [Ref Proc: 1.2 ms]
      [Ref Enq: 0.4 ms]
      [Free CSet: 1.0 ms]
   [Eden: 748.0M(748.0M)->0.0B(1691.0M) Survivors: 20.0M->20.0M Heap: 2715.1M(4096.0M)->1967.1M(4096.0M)]
 [Times: user=0.03 sys=0.00, real=0.00 secs] 
2016-01-06T01:07:33.995-0800: 232.658: [GC pause (young)
Desired survivor size 112197632 bytes, new threshold 15 (max 15)
- age   1:   18516448 bytes,   18516448 total
- age   2:      36864 bytes,   18553312 total
2016-01-06T01:07:34.007-0800: 232.670: [SoftReference, 0 refs, 0.0000430 secs]2016-01-06T01:07:34.007-0800: 232.670: [WeakReference, 0 refs, 0.0000060 secs]2016-01-06T01:07:34.007-0800: 232.670: [FinalReference, 0 refs, 0.0000050 secs]2016-01-06T01:07:34.007-0800: 232.670: [PhantomReference, 0 refs, 52931 refs, 0.0015730 secs]2016-01-06T01:07:34.009-0800: 232.671: [JNI Weak Reference, 0.0000080 secs], 0.0173950 secs]
   [Parallel Time: 11.8 ms, GC Workers: 4]
      [GC Worker Start (ms): Min: 232657.9, Avg: 232658.4, Max: 232659.9, Diff: 2.0]
      [Ext Root Scanning (ms): Min: 0.0, Avg: 0.3, Max: 0.5, Diff: 0.5, Sum: 1.3]
      [Update RS (ms): Min: 0.0, Avg: 0.0, Max: 0.1, Diff: 0.1, Sum: 0.2]
         [Processed Buffers: Min: 0, Avg: 1.0, Max: 2, Diff: 2, Sum: 4]
      [Scan RS (ms): Min: 0.2, Avg: 0.7, Max: 0.9, Diff: 0.7, Sum: 2.8]
      [Code Root Scanning (ms): Min: 0.0, Avg: 0.1, Max: 0.1, Diff: 0.1, Sum: 0.3]
      [Object Copy (ms): Min: 9.4, Avg: 10.0, Max: 10.2, Diff: 0.7, Sum: 39.9]
      [Termination (ms): Min: 0.0, Avg: 0.0, Max: 0.0, Diff: 0.0, Sum: 0.0]
      [GC Worker Other (ms): Min: 0.0, Avg: 0.1, Max: 0.1, Diff: 0.1, Sum: 0.3]
      [GC Worker Total (ms): Min: 9.7, Avg: 11.2, Max: 11.7, Diff: 2.0, Sum: 44.7]
      [GC Worker End (ms): Min: 232669.6, Avg: 232669.6, Max: 232669.6, Diff: 0.1]
   [Code Root Fixup: 0.0 ms]
   [Code Root Migration: 0.2 ms]
   [Clear CT: 0.5 ms]
   [Other: 4.8 ms]
      [Choose CSet: 0.0 ms]
      [Ref Proc: 1.8 ms]
      [Ref Enq: 0.9 ms]
      [Free CSet: 2.0 ms]
   [Eden: 1691.0M(1691.0M)->0.0B(1689.0M) Survivors: 20.0M->22.0M Heap: 3658.1M(4096.0M)->1968.6M(4096.0M)]
 [Times: user=0.05 sys=0.01, real=0.02 secs] 
2016-01-06T01:07:34.255-0800: 232.918: [GC pause (young) (initial-mark)
Desired survivor size 112197632 bytes, new threshold 15 (max 15)
- age   1:   20621224 bytes,   20621224 total
- age   2:      36864 bytes,   20658088 total
2016-01-06T01:07:34.273-0800: 232.936: [SoftReference, 0 refs, 0.0000450 secs]2016-01-06T01:07:34.273-0800: 232.936: [WeakReference, 0 refs, 0.0000120 secs]2016-01-06T01:07:34.273-0800: 232.936: [FinalReference, 0 refs, 0.0000090 secs]2016-01-06T01:07:34.273-0800: 232.936: [PhantomReference, 0 refs, 52869 refs, 0.0018600 secs]2016-01-06T01:07:34.275-0800: 232.938: [JNI Weak Reference, 0.0000080 secs], 0.0244700 secs]
   [Parallel Time: 14.3 ms, GC Workers: 4]
      [GC Worker Start (ms): Min: 232918.3, Avg: 232921.8, Max: 232930.4, Diff: 12.1]
      [Ext Root Scanning (ms): Min: 0.0, Avg: 0.3, Max: 0.7, Diff: 0.7, Sum: 1.3]
      [Code Root Marking (ms): Min: 0.1, Avg: 0.2, Max: 0.4, Diff: 0.2, Sum: 1.0]
      [Update RS (ms): Min: 0.0, Avg: 0.1, Max: 0.2, Diff: 0.2, Sum: 0.2]
         [Processed Buffers: Min: 0, Avg: 1.0, Max: 2, Diff: 2, Sum: 4]
      [Scan RS (ms): Min: 0.4, Avg: 0.8, Max: 1.1, Diff: 0.7, Sum: 3.1]
      [Code Root Scanning (ms): Min: 0.0, Avg: 0.1, Max: 0.1, Diff: 0.1, Sum: 0.3]
      [Object Copy (ms): Min: 1.5, Avg: 9.2, Max: 11.9, Diff: 10.3, Sum: 36.9]
      [Termination (ms): Min: 0.0, Avg: 0.1, Max: 0.1, Diff: 0.1, Sum: 0.3]
      [GC Worker Other (ms): Min: 0.0, Avg: 0.0, Max: 0.0, Diff: 0.0, Sum: 0.1]
      [GC Worker Total (ms): Min: 2.1, Avg: 10.8, Max: 14.2, Diff: 12.1, Sum: 43.2]
      [GC Worker End (ms): Min: 232932.5, Avg: 232932.6, Max: 232932.6, Diff: 0.0]
   [Code Root Fixup: 0.0 ms]
   [Code Root Migration: 0.2 ms]
   [Clear CT: 0.5 ms]
   [Other: 9.4 ms]
      [Choose CSet: 0.0 ms]
      [Ref Proc: 5.5 ms]
      [Ref Enq: 1.0 ms]
      [Free CSet: 2.1 ms]
   [Eden: 1689.0M(1689.0M)->0.0B(1690.0M) Survivors: 22.0M->22.0M Heap: 3657.6M(4096.0M)->1969.1M(4096.0M)]
 [Times: user=0.06 sys=0.00, real=0.03 secs] 
2016-01-06T01:07:34.279-0800: 232.942: [GC concurrent-root-region-scan-start]
2016-01-06T01:07:34.287-0800: 232.950: [GC concurrent-root-region-scan-end, 0.0077710 secs]
2016-01-06T01:07:34.287-0800: 232.950: [GC concurrent-mark-start]
2016-01-06T01:07:34.949-0800: 233.612: [GC pause (young)
Desired survivor size 112197632 bytes, new threshold 15 (max 15)
- age   1:   20616760 bytes,   20616760 total
- age   2:      36864 bytes,   20653624 total
2016-01-06T01:07:34.975-0800: 233.638: [SoftReference, 0 refs, 0.0000430 secs]2016-01-06T01:07:34.975-0800: 233.638: [WeakReference, 0 refs, 0.0000060 secs]2016-01-06T01:07:34.975-0800: 233.638: [FinalReference, 0 refs, 0.0000050 secs]2016-01-06T01:07:34.975-0800: 233.638: [PhantomReference, 0 refs, 52900 refs, 0.0014630 secs]2016-01-06T01:07:34.976-0800: 233.639: [JNI Weak Reference, 0.0000070 secs], 0.0337130 secs]
   [Parallel Time: 23.2 ms, GC Workers: 4]
      [GC Worker Start (ms): Min: 233611.9, Avg: 233611.9, Max: 233611.9, Diff: 0.1]
      [Ext Root Scanning (ms): Min: 0.3, Avg: 0.4, Max: 0.4, Diff: 0.1, Sum: 1.4]
      [SATB Filtering (ms): Min: 0.0, Avg: 0.0, Max: 0.0, Diff: 0.0, Sum: 0.0]
      [Update RS (ms): Min: 10.5, Avg: 10.7, Max: 11.0, Diff: 0.4, Sum: 42.8]
         [Processed Buffers: Min: 15, Avg: 16.2, Max: 18, Diff: 3, Sum: 65]
      [Scan RS (ms): Min: 0.5, Avg: 0.7, Max: 0.8, Diff: 0.3, Sum: 2.9]
      [Code Root Scanning (ms): Min: 0.1, Avg: 0.1, Max: 0.1, Diff: 0.1, Sum: 0.3]
      [Object Copy (ms): Min: 11.1, Avg: 11.1, Max: 11.1, Diff: 0.1, Sum: 44.4]
      [Termination (ms): Min: 0.0, Avg: 0.0, Max: 0.0, Diff: 0.0, Sum: 0.0]
      [GC Worker Other (ms): Min: 0.0, Avg: 0.1, Max: 0.1, Diff: 0.1, Sum: 0.3]
      [GC Worker Total (ms): Min: 23.0, Avg: 23.0, Max: 23.1, Diff: 0.1, Sum: 92.1]
      [GC Worker End (ms): Min: 233634.9, Avg: 233634.9, Max: 233634.9, Diff: 0.1]
   [Code Root Fixup: 0.0 ms]
   [Code Root Migration: 0.2 ms]
   [Clear CT: 0.5 ms]
   [Other: 9.8 ms]
      [Choose CSet: 0.0 ms]
      [Ref Proc: 4.1 ms]
      [Ref Enq: 2.4 ms]
      [Free CSet: 3.2 ms]
   [Eden: 1690.0M(1690.0M)->0.0B(1691.0M) Survivors: 22.0M->22.0M Heap: 3659.1M(4096.0M)->1969.1M(4096.0M)]
 [Times: user=0.11 sys=0.00, real=0.03 secs] 
2016-01-06T01:07:35.231-0800: 233.894: [GC pause (young)
Desired survivor size 112721920 bytes, new threshold 15 (max 15)
- age   1:   20618992 bytes,   20618992 total
- age   2:      36864 bytes,   20655856 total
2016-01-06T01:07:35.281-0800: 233.944: [SoftReference, 0 refs, 0.0000490 secs]2016-01-06T01:07:35.281-0800: 233.944: [WeakReference, 0 refs, 0.0000080 secs]2016-01-06T01:07:35.281-0800: 233.944: [FinalReference, 0 refs, 0.0000050 secs]2016-01-06T01:07:35.281-0800: 233.944: [PhantomReference, 0 refs, 52929 refs, 0.0017960 secs]2016-01-06T01:07:35.283-0800: 233.946: [JNI Weak Reference, 0.0000090 secs], 0.0582070 secs]
   [Parallel Time: 30.2 ms, GC Workers: 4]
      [GC Worker Start (ms): Min: 233893.7, Avg: 233893.8, Max: 233893.8, Diff: 0.1]
      [Ext Root Scanning (ms): Min: 0.3, Avg: 0.4, Max: 0.4, Diff: 0.1, Sum: 1.4]
      [SATB Filtering (ms): Min: 0.0, Avg: 0.0, Max: 0.0, Diff: 0.0, Sum: 0.0]
      [Update RS (ms): Min: 18.0, Avg: 18.1, Max: 18.3, Diff: 0.3, Sum: 72.5]
         [Processed Buffers: Min: 26, Avg: 26.2, Max: 27, Diff: 1, Sum: 105]
      [Scan RS (ms): Min: 0.6, Avg: 0.8, Max: 0.9, Diff: 0.2, Sum: 3.1]
      [Code Root Scanning (ms): Min: 0.1, Avg: 0.1, Max: 0.1, Diff: 0.0, Sum: 0.3]
      [Object Copy (ms): Min: 10.6, Avg: 10.6, Max: 10.7, Diff: 0.0, Sum: 42.5]
      [Termination (ms): Min: 0.0, Avg: 0.0, Max: 0.0, Diff: 0.0, Sum: 0.0]
      [GC Worker Other (ms): Min: 0.0, Avg: 0.1, Max: 0.1, Diff: 0.1, Sum: 0.3]
      [GC Worker Total (ms): Min: 30.0, Avg: 30.0, Max: 30.1, Diff: 0.0, Sum: 120.2]
      [GC Worker End (ms): Min: 233923.8, Avg: 233923.8, Max: 233923.8, Diff: 0.1]
   [Code Root Fixup: 0.0 ms]
   [Code Root Migration: 0.2 ms]
   [Clear CT: 0.5 ms]
   [Other: 27.3 ms]
      [Choose CSet: 0.0 ms]
      [Ref Proc: 22.2 ms]
      [Ref Enq: 2.5 ms]
      [Free CSet: 2.6 ms]
   [Eden: 1691.0M(1691.0M)->0.0B(1691.0M) Survivors: 22.0M->22.0M Heap: 3660.1M(4096.0M)->1969.1M(4096.0M)]
 [Times: user=0.21 sys=0.00, real=0.06 secs] 
2016-01-06T01:07:35.530-0800: 234.193: [GC pause (young)
Desired survivor size 112721920 bytes, new threshold 15 (max 15)
- age   1:   20621224 bytes,   20621224 total
- age   2:      36864 bytes,   20658088 total
2016-01-06T01:07:35.597-0800: 234.260: [SoftReference, 0 refs, 0.0000510 secs]2016-01-06T01:07:35.597-0800: 234.260: [WeakReference, 0 refs, 0.0000070 secs]2016-01-06T01:07:35.597-0800: 234.260: [FinalReference, 0 refs, 0.0000050 secs]2016-01-06T01:07:35.597-0800: 234.260: [PhantomReference, 0 refs, 52930 refs, 0.0019200 secs]2016-01-06T01:07:35.599-0800: 234.262: [JNI Weak Reference, 0.0000120 secs], 0.0740340 secs]
   [Parallel Time: 31.6 ms, GC Workers: 4]
      [GC Worker Start (ms): Min: 234193.1, Avg: 234193.8, Max: 234195.9, Diff: 2.9]
      [Ext Root Scanning (ms): Min: 0.0, Avg: 0.3, Max: 0.5, Diff: 0.5, Sum: 1.3]
      [SATB Filtering (ms): Min: 0.0, Avg: 0.0, Max: 0.0, Diff: 0.0, Sum: 0.0]
      [Update RS (ms): Min: 17.5, Avg: 19.4, Max: 20.2, Diff: 2.7, Sum: 77.5]
         [Processed Buffers: Min: 26, Avg: 28.0, Max: 30, Diff: 4, Sum: 112]
      [Scan RS (ms): Min: 0.6, Avg: 0.8, Max: 0.9, Diff: 0.4, Sum: 3.1]
      [Code Root Scanning (ms): Min: 0.1, Avg: 0.1, Max: 0.1, Diff: 0.1, Sum: 0.3]
      [Object Copy (ms): Min: 10.1, Avg: 10.2, Max: 10.2, Diff: 0.0, Sum: 40.6]
      [Termination (ms): Min: 0.0, Avg: 0.0, Max: 0.0, Diff: 0.0, Sum: 0.0]
      [GC Worker Other (ms): Min: 0.0, Avg: 0.1, Max: 0.1, Diff: 0.1, Sum: 0.2]
      [GC Worker Total (ms): Min: 28.6, Avg: 30.8, Max: 31.5, Diff: 2.9, Sum: 123.0]
      [GC Worker End (ms): Min: 234224.5, Avg: 234224.6, Max: 234224.6, Diff: 0.1]
   [Code Root Fixup: 0.0 ms]
   [Code Root Migration: 0.2 ms]
   [Clear CT: 0.5 ms]
   [Other: 41.7 ms]
      [Choose CSet: 0.0 ms]
      [Ref Proc: 37.2 ms]
      [Ref Enq: 2.4 ms]
      [Free CSet: 2.0 ms]
   [Eden: 1691.0M(1691.0M)->0.0B(1692.0M) Survivors: 22.0M->22.0M Heap: 3660.1M(4096.0M)->1968.6M(4096.0M)]
 [Times: user=0.27 sys=0.00, real=0.07 secs] 
2016-01-06T01:07:35.866-0800: 234.529: [GC pause (young)
Desired survivor size 112721920 bytes, new threshold 15 (max 15)
- age   1:   20621224 bytes,   20621224 total
- age   2:      36864 bytes,   20658088 total
2016-01-06T01:07:35.942-0800: 234.605: [SoftReference, 0 refs, 0.0000470 secs]2016-01-06T01:07:35.943-0800: 234.605: [WeakReference, 0 refs, 0.0000060 secs]2016-01-06T01:07:35.943-0800: 234.605: [FinalReference, 0 refs, 0.0000050 secs]2016-01-06T01:07:35.943-0800: 234.605: [PhantomReference, 0 refs, 52960 refs, 0.0019380 secs]2016-01-06T01:07:35.945-0800: 234.607: [JNI Weak Reference, 0.0000070 secs], 0.0835880 secs]
   [Parallel Time: 31.3 ms, GC Workers: 4]
      [GC Worker Start (ms): Min: 234529.1, Avg: 234529.1, Max: 234529.2, Diff: 0.1]
      [Ext Root Scanning (ms): Min: 0.3, Avg: 0.4, Max: 0.4, Diff: 0.1, Sum: 1.4]
      [SATB Filtering (ms): Min: 0.0, Avg: 0.0, Max: 0.0, Diff: 0.0, Sum: 0.0]
      [Update RS (ms): Min: 19.0, Avg: 19.1, Max: 19.3, Diff: 0.3, Sum: 76.6]
         [Processed Buffers: Min: 26, Avg: 26.8, Max: 28, Diff: 2, Sum: 107]
      [Scan RS (ms): Min: 0.7, Avg: 0.8, Max: 0.9, Diff: 0.2, Sum: 3.2]
      [Code Root Scanning (ms): Min: 0.1, Avg: 0.1, Max: 0.1, Diff: 0.0, Sum: 0.4]
      [Object Copy (ms): Min: 10.8, Avg: 10.8, Max: 10.8, Diff: 0.1, Sum: 43.2]
      [Termination (ms): Min: 0.0, Avg: 0.0, Max: 0.0, Diff: 0.0, Sum: 0.0]
      [GC Worker Other (ms): Min: 0.0, Avg: 0.1, Max: 0.1, Diff: 0.1, Sum: 0.2]
      [GC Worker Total (ms): Min: 31.2, Avg: 31.2, Max: 31.3, Diff: 0.1, Sum: 124.9]
      [GC Worker End (ms): Min: 234560.3, Avg: 234560.4, Max: 234560.4, Diff: 0.1]
   [Code Root Fixup: 0.0 ms]
   [Code Root Migration: 0.3 ms]
   [Clear CT: 0.4 ms]
   [Other: 51.6 ms]
      [Choose CSet: 0.0 ms]
      [Ref Proc: 47.0 ms]
      [Ref Enq: 2.4 ms]
      [Free CSet: 2.0 ms]
   [Eden: 1692.0M(1692.0M)->0.0B(1692.0M) Survivors: 22.0M->22.0M Heap: 3660.6M(4096.0M)->1969.1M(4096.0M)]
 [Times: user=0.31 sys=0.00, real=0.08 secs] 
2016-01-06T01:07:36.201-0800: 234.864: [GC pause (young)
Desired survivor size 112721920 bytes, new threshold 15 (max 15)
- age   1:   20623456 bytes,   20623456 total
- age   2:      36864 bytes,   20660320 total
2016-01-06T01:07:36.310-0800: 234.973: [SoftReference, 0 refs, 0.0000490 secs]2016-01-06T01:07:36.310-0800: 234.973: [WeakReference, 0 refs, 0.0000110 secs]2016-01-06T01:07:36.310-0800: 234.973: [FinalReference, 0 refs, 0.0000100 secs]2016-01-06T01:07:36.310-0800: 234.973: [PhantomReference, 0 refs, 52960 refs, 0.0027730 secs]2016-01-06T01:07:36.313-0800: 234.975: [JNI Weak Reference, 0.0000130 secs], 0.1189030 secs]
   [Parallel Time: 44.0 ms, GC Workers: 4]
      [GC Worker Start (ms): Min: 234864.1, Avg: 234866.1, Max: 234867.9, Diff: 3.9]
      [Ext Root Scanning (ms): Min: 0.0, Avg: 0.3, Max: 0.7, Diff: 0.7, Sum: 1.1]
      [SATB Filtering (ms): Min: 0.0, Avg: 0.0, Max: 0.0, Diff: 0.0, Sum: 0.0]
      [Update RS (ms): Min: 24.3, Avg: 26.1, Max: 28.0, Diff: 3.7, Sum: 104.5]
         [Processed Buffers: Min: 33, Avg: 35.8, Max: 40, Diff: 7, Sum: 143]
      [Scan RS (ms): Min: 0.5, Avg: 0.8, Max: 1.0, Diff: 0.5, Sum: 3.1]
      [Code Root Scanning (ms): Min: 0.1, Avg: 0.1, Max: 0.1, Diff: 0.0, Sum: 0.3]
      [Object Copy (ms): Min: 12.7, Avg: 13.2, Max: 14.6, Diff: 1.8, Sum: 52.9]
      [Termination (ms): Min: 0.0, Avg: 1.3, Max: 1.8, Diff: 1.8, Sum: 5.4]
      [GC Worker Other (ms): Min: 0.0, Avg: 0.0, Max: 0.1, Diff: 0.1, Sum: 0.1]
      [GC Worker Total (ms): Min: 40.0, Avg: 41.9, Max: 43.9, Diff: 3.9, Sum: 167.5]
      [GC Worker End (ms): Min: 234907.9, Avg: 234907.9, Max: 234908.0, Diff: 0.0]
   [Code Root Fixup: 0.0 ms]
   [Code Root Migration: 0.3 ms]
   [Clear CT: 0.7 ms]
   [Other: 73.9 ms]
      [Choose CSet: 0.0 ms]
      [Ref Proc: 67.5 ms]
      [Ref Enq: 3.6 ms]
      [Free CSet: 2.7 ms]
   [Eden: 1692.0M(1692.0M)->0.0B(1692.0M) Survivors: 22.0M->22.0M Heap: 3661.1M(4096.0M)->1968.6M(4096.0M)]
 [Times: user=0.36 sys=0.00, real=0.12 secs] 
2016-01-06T01:07:36.561-0800: 235.224: [GC pause (young)
Desired survivor size 112721920 bytes, new threshold 15 (max 15)
- age   1:   20623456 bytes,   20623456 total
- age   2:      36864 bytes,   20660320 total
2016-01-06T01:07:36.659-0800: 235.322: [SoftReference, 0 refs, 0.0000420 secs]2016-01-06T01:07:36.659-0800: 235.322: [WeakReference, 0 refs, 0.0000060 secs]2016-01-06T01:07:36.659-0800: 235.322: [FinalReference, 0 refs, 0.0000060 secs]2016-01-06T01:07:36.659-0800: 235.322: [PhantomReference, 0 refs, 52962 refs, 0.0018040 secs]2016-01-06T01:07:36.661-0800: 235.324: [JNI Weak Reference, 0.0000080 secs], 0.1043690 secs]
   [Parallel Time: 29.0 ms, GC Workers: 4]
      [GC Worker Start (ms): Min: 235224.5, Avg: 235224.5, Max: 235224.6, Diff: 0.1]
      [Ext Root Scanning (ms): Min: 0.3, Avg: 0.4, Max: 0.4, Diff: 0.1, Sum: 1.5]
      [SATB Filtering (ms): Min: 0.0, Avg: 0.0, Max: 0.0, Diff: 0.0, Sum: 0.0]
      [Update RS (ms): Min: 16.4, Avg: 16.5, Max: 16.7, Diff: 0.4, Sum: 66.0]
         [Processed Buffers: Min: 23, Avg: 23.5, Max: 24, Diff: 1, Sum: 94]
      [Scan RS (ms): Min: 0.6, Avg: 0.8, Max: 0.9, Diff: 0.3, Sum: 3.0]
      [Code Root Scanning (ms): Min: 0.1, Avg: 0.1, Max: 0.1, Diff: 0.0, Sum: 0.3]
      [Object Copy (ms): Min: 11.0, Avg: 11.1, Max: 11.1, Diff: 0.1, Sum: 44.3]
      [Termination (ms): Min: 0.0, Avg: 0.0, Max: 0.0, Diff: 0.0, Sum: 0.0]
      [GC Worker Other (ms): Min: 0.0, Avg: 0.1, Max: 0.1, Diff: 0.1, Sum: 0.3]
      [GC Worker Total (ms): Min: 28.8, Avg: 28.9, Max: 28.9, Diff: 0.1, Sum: 115.5]
      [GC Worker End (ms): Min: 235253.4, Avg: 235253.4, Max: 235253.4, Diff: 0.1]
   [Code Root Fixup: 0.0 ms]
   [Code Root Migration: 0.2 ms]
   [Clear CT: 0.4 ms]
   [Other: 74.7 ms]
      [Choose CSet: 0.0 ms]
      [Ref Proc: 70.2 ms]
      [Ref Enq: 2.4 ms]
      [Free CSet: 2.0 ms]
   [Eden: 1692.0M(1692.0M)->0.0B(1693.0M) Survivors: 22.0M->22.0M Heap: 3660.6M(4096.0M)->1969.1M(4096.0M)]
 [Times: user=0.38 sys=0.00, real=0.11 secs] 
2016-01-06T01:07:36.913-0800: 235.576: [GC pause (young)
Desired survivor size 112721920 bytes, new threshold 15 (max 15)
- age   1:   20623456 bytes,   20623456 total
- age   2:      36864 bytes,   20660320 total
2016-01-06T01:07:37.039-0800: 235.702: [SoftReference, 0 refs, 0.0000450 secs]2016-01-06T01:07:37.039-0800: 235.702: [WeakReference, 0 refs, 0.0000070 secs]2016-01-06T01:07:37.039-0800: 235.702: [FinalReference, 0 refs, 0.0000050 secs]2016-01-06T01:07:37.039-0800: 235.702: [PhantomReference, 0 refs, 52993 refs, 0.0018050 secs]2016-01-06T01:07:37.041-0800: 235.704: [JNI Weak Reference, 0.0000080 secs], 0.1330020 secs]
   [Parallel Time: 34.4 ms, GC Workers: 4]
      [GC Worker Start (ms): Min: 235576.3, Avg: 235578.2, Max: 235583.9, Diff: 7.6]
      [Ext Root Scanning (ms): Min: 0.0, Avg: 0.3, Max: 0.5, Diff: 0.5, Sum: 1.3]
      [SATB Filtering (ms): Min: 0.0, Avg: 0.0, Max: 0.0, Diff: 0.0, Sum: 0.0]
      [Update RS (ms): Min: 15.6, Avg: 20.9, Max: 23.1, Diff: 7.5, Sum: 83.6]
         [Processed Buffers: Min: 23, Avg: 31.0, Max: 37, Diff: 14, Sum: 124]
      [Scan RS (ms): Min: 0.5, Avg: 0.8, Max: 1.0, Diff: 0.5, Sum: 3.2]
      [Code Root Scanning (ms): Min: 0.0, Avg: 0.1, Max: 0.1, Diff: 0.1, Sum: 0.3]
      [Object Copy (ms): Min: 10.2, Avg: 10.2, Max: 10.3, Diff: 0.1, Sum: 40.9]
      [Termination (ms): Min: 0.0, Avg: 0.0, Max: 0.0, Diff: 0.0, Sum: 0.0]
      [GC Worker Other (ms): Min: 0.0, Avg: 0.1, Max: 0.1, Diff: 0.1, Sum: 0.3]
      [GC Worker Total (ms): Min: 26.7, Avg: 32.4, Max: 34.3, Diff: 7.6, Sum: 129.5]
      [GC Worker End (ms): Min: 235610.6, Avg: 235610.6, Max: 235610.6, Diff: 0.1]
   [Code Root Fixup: 0.0 ms]
   [Code Root Migration: 0.2 ms]
   [Clear CT: 0.4 ms]
   [Other: 98.0 ms]
      [Choose CSet: 0.0 ms]
      [Ref Proc: 93.4 ms]
      [Ref Enq: 2.4 ms]
      [Free CSet: 2.1 ms]
   [Eden: 1693.0M(1693.0M)->0.0B(1693.0M) Survivors: 22.0M->22.0M Heap: 3662.1M(4096.0M)->1969.1M(4096.0M)]
 [Times: user=0.49 sys=0.00, real=0.14 secs] 
2016-01-06T01:07:37.291-0800: 235.954: [GC pause (young)
Desired survivor size 112721920 bytes, new threshold 15 (max 15)
- age   1:   20625688 bytes,   20625688 total
- age   2:      36864 bytes,   20662552 total
2016-01-06T01:07:37.424-0800: 236.087: [SoftReference, 0 refs, 0.0000630 secs]2016-01-06T01:07:37.424-0800: 236.087: [WeakReference, 0 refs, 0.0000070 secs]2016-01-06T01:07:37.424-0800: 236.087: [FinalReference, 0 refs, 0.0000050 secs]2016-01-06T01:07:37.424-0800: 236.087: [PhantomReference, 0 refs, 52993 refs, 0.0018500 secs]2016-01-06T01:07:37.426-0800: 236.089: [JNI Weak Reference, 0.0000070 secs], 0.1400380 secs]
   [Parallel Time: 28.6 ms, GC Workers: 4]
      [GC Worker Start (ms): Min: 235954.3, Avg: 235954.3, Max: 235954.4, Diff: 0.1]
      [Ext Root Scanning (ms): Min: 0.3, Avg: 0.4, Max: 0.4, Diff: 0.1, Sum: 1.4]
      [SATB Filtering (ms): Min: 0.0, Avg: 0.0, Max: 0.0, Diff: 0.0, Sum: 0.0]
      [Update RS (ms): Min: 16.6, Avg: 16.8, Max: 17.1, Diff: 0.5, Sum: 67.2]
         [Processed Buffers: Min: 21, Avg: 23.0, Max: 24, Diff: 3, Sum: 92]
      [Scan RS (ms): Min: 0.5, Avg: 0.8, Max: 0.9, Diff: 0.5, Sum: 3.1]
      [Code Root Scanning (ms): Min: 0.0, Avg: 0.1, Max: 0.1, Diff: 0.1, Sum: 0.3]
      [Object Copy (ms): Min: 10.4, Avg: 10.4, Max: 10.5, Diff: 0.1, Sum: 41.7]
      [Termination (ms): Min: 0.0, Avg: 0.0, Max: 0.0, Diff: 0.0, Sum: 0.0]
      [GC Worker Other (ms): Min: 0.0, Avg: 0.1, Max: 0.1, Diff: 0.1, Sum: 0.3]
      [GC Worker Total (ms): Min: 28.5, Avg: 28.5, Max: 28.6, Diff: 0.1, Sum: 114.1]
      [GC Worker End (ms): Min: 235982.8, Avg: 235982.9, Max: 235982.9, Diff: 0.1]
   [Code Root Fixup: 0.0 ms]
   [Code Root Migration: 0.2 ms]
   [Clear CT: 0.4 ms]
   [Other: 110.7 ms]
      [Choose CSet: 0.0 ms]
      [Ref Proc: 106.2 ms]
      [Ref Enq: 2.5 ms]
      [Free CSet: 2.0 ms]
   [Eden: 1693.0M(1693.0M)->0.0B(1693.0M) Survivors: 22.0M->22.0M Heap: 3662.1M(4096.0M)->1968.6M(4096.0M)]
 [Times: user=0.52 sys=0.01, real=0.14 secs] 
2016-01-06T01:07:37.673-0800: 236.336: [GC pause (young)
Desired survivor size 112721920 bytes, new threshold 15 (max 15)
- age   1:   20625688 bytes,   20625688 total
- age   2:      36864 bytes,   20662552 total
2016-01-06T01:07:37.828-0800: 236.491: [SoftReference, 0 refs, 0.0000430 secs]2016-01-06T01:07:37.828-0800: 236.491: [WeakReference, 0 refs, 0.0000060 secs]2016-01-06T01:07:37.828-0800: 236.491: [FinalReference, 0 refs, 0.0000060 secs]2016-01-06T01:07:37.828-0800: 236.491: [PhantomReference, 0 refs, 52994 refs, 0.0018010 secs]2016-01-06T01:07:37.830-0800: 236.493: [JNI Weak Reference, 0.0000070 secs], 0.1620530 secs]
   [Parallel Time: 32.7 ms, GC Workers: 4]
      [GC Worker Start (ms): Min: 236335.7, Avg: 236335.8, Max: 236335.8, Diff: 0.1]
      [Ext Root Scanning (ms): Min: 0.4, Avg: 0.4, Max: 0.5, Diff: 0.1, Sum: 1.7]
      [SATB Filtering (ms): Min: 0.0, Avg: 0.0, Max: 0.0, Diff: 0.0, Sum: 0.0]
      [Update RS (ms): Min: 20.2, Avg: 20.5, Max: 20.6, Diff: 0.4, Sum: 81.8]
         [Processed Buffers: Min: 28, Avg: 28.2, Max: 29, Diff: 1, Sum: 113]
      [Scan RS (ms): Min: 0.7, Avg: 0.8, Max: 1.0, Diff: 0.3, Sum: 3.0]
      [Code Root Scanning (ms): Min: 0.1, Avg: 0.1, Max: 0.1, Diff: 0.0, Sum: 0.3]
      [Object Copy (ms): Min: 10.8, Avg: 10.8, Max: 10.9, Diff: 0.1, Sum: 43.2]
      [Termination (ms): Min: 0.0, Avg: 0.0, Max: 0.0, Diff: 0.0, Sum: 0.0]
      [GC Worker Other (ms): Min: 0.0, Avg: 0.1, Max: 0.1, Diff: 0.1, Sum: 0.3]
      [GC Worker Total (ms): Min: 32.6, Avg: 32.6, Max: 32.7, Diff: 0.1, Sum: 130.5]
      [GC Worker End (ms): Min: 236368.4, Avg: 236368.4, Max: 236368.4, Diff: 0.1]
   [Code Root Fixup: 0.0 ms]
   [Code Root Migration: 0.2 ms]
   [Clear CT: 0.4 ms]
   [Other: 128.7 ms]
      [Choose CSet: 0.0 ms]
      [Ref Proc: 124.2 ms]
      [Ref Enq: 2.4 ms]
      [Free CSet: 2.0 ms]
   [Eden: 1693.0M(1693.0M)->0.0B(1693.0M) Survivors: 22.0M->22.0M Heap: 3661.6M(4096.0M)->1969.1M(4096.0M)]
 [Times: user=0.62 sys=0.00, real=0.16 secs] 
2016-01-06T01:07:38.092-0800: 236.755: [GC pause (young)
Desired survivor size 112721920 bytes, new threshold 15 (max 15)
- age   1:   20625688 bytes,   20625688 total
- age   2:      36864 bytes,   20662552 total
2016-01-06T01:07:38.234-0800: 236.897: [SoftReference, 0 refs, 0.0000400 secs]2016-01-06T01:07:38.234-0800: 236.897: [WeakReference, 0 refs, 0.0000060 secs]2016-01-06T01:07:38.234-0800: 236.897: [FinalReference, 0 refs, 0.0000060 secs]2016-01-06T01:07:38.234-0800: 236.897: [PhantomReference, 0 refs, 52991 refs, 0.0017820 secs]2016-01-06T01:07:38.236-0800: 236.899: [JNI Weak Reference, 0.0000080 secs], 0.1492200 secs]
   [Parallel Time: 34.0 ms, GC Workers: 4]
      [GC Worker Start (ms): Min: 236754.7, Avg: 236754.7, Max: 236754.7, Diff: 0.1]
      [Ext Root Scanning (ms): Min: 0.3, Avg: 0.4, Max: 0.4, Diff: 0.1, Sum: 1.4]
      [SATB Filtering (ms): Min: 0.0, Avg: 0.0, Max: 0.0, Diff: 0.0, Sum: 0.0]
      [Update RS (ms): Min: 22.2, Avg: 22.5, Max: 22.8, Diff: 0.6, Sum: 90.0]
         [Processed Buffers: Min: 30, Avg: 31.0, Max: 32, Diff: 2, Sum: 124]
      [Scan RS (ms): Min: 0.5, Avg: 0.8, Max: 1.1, Diff: 0.6, Sum: 3.1]
      [Code Root Scanning (ms): Min: 0.0, Avg: 0.1, Max: 0.1, Diff: 0.1, Sum: 0.3]
      [Object Copy (ms): Min: 10.1, Avg: 10.1, Max: 10.2, Diff: 0.0, Sum: 40.6]
      [Termination (ms): Min: 0.0, Avg: 0.0, Max: 0.0, Diff: 0.0, Sum: 0.0]
      [GC Worker Other (ms): Min: 0.0, Avg: 0.1, Max: 0.1, Diff: 0.1, Sum: 0.2]
      [GC Worker Total (ms): Min: 33.9, Avg: 33.9, Max: 34.0, Diff: 0.1, Sum: 135.7]
      [GC Worker End (ms): Min: 236788.6, Avg: 236788.6, Max: 236788.6, Diff: 0.1]
   [Code Root Fixup: 0.0 ms]
   [Code Root Migration: 0.2 ms]
   [Clear CT: 0.5 ms]
   [Other: 114.5 ms]
      [Choose CSet: 0.0 ms]
      [Ref Proc: 110.0 ms]
      [Ref Enq: 2.4 ms]
      [Free CSet: 2.0 ms]
   [Eden: 1693.0M(1693.0M)->0.0B(1693.0M) Survivors: 22.0M->22.0M Heap: 3662.1M(4096.0M)->1969.1M(4096.0M)]
 [Times: user=0.49 sys=0.00, real=0.15 secs] 
2016-01-06T01:07:38.501-0800: 237.164: [GC pause (young)
Desired survivor size 112721920 bytes, new threshold 15 (max 15)
- age   1:   20625688 bytes,   20625688 total
- age   2:      36864 bytes,   20662552 total
2016-01-06T01:07:38.678-0800: 237.341: [SoftReference, 0 refs, 0.0000470 secs]2016-01-06T01:07:38.678-0800: 237.341: [WeakReference, 0 refs, 0.0000070 secs]2016-01-06T01:07:38.678-0800: 237.341: [FinalReference, 0 refs, 0.0000050 secs]2016-01-06T01:07:38.678-0800: 237.341: [PhantomReference, 0 refs, 52993 refs, 0.0019500 secs]2016-01-06T01:07:38.680-0800: 237.343: [JNI Weak Reference, 0.0000090 secs], 0.1845410 secs]
   [Parallel Time: 30.8 ms, GC Workers: 4]
      [GC Worker Start (ms): Min: 237164.2, Avg: 237166.1, Max: 237171.9, Diff: 7.8]
      [Ext Root Scanning (ms): Min: 0.0, Avg: 0.3, Max: 0.5, Diff: 0.4, Sum: 1.3]
      [SATB Filtering (ms): Min: 0.0, Avg: 0.0, Max: 0.0, Diff: 0.0, Sum: 0.0]
      [Update RS (ms): Min: 11.4, Avg: 16.6, Max: 18.5, Diff: 7.1, Sum: 66.4]
         [Processed Buffers: Min: 17, Avg: 24.8, Max: 30, Diff: 13, Sum: 99]
      [Scan RS (ms): Min: 0.6, Avg: 0.8, Max: 0.9, Diff: 0.3, Sum: 3.1]
      [Code Root Scanning (ms): Min: 0.1, Avg: 0.1, Max: 0.1, Diff: 0.0, Sum: 0.3]
      [Object Copy (ms): Min: 10.9, Avg: 10.9, Max: 11.0, Diff: 0.1, Sum: 43.6]
      [Termination (ms): Min: 0.0, Avg: 0.0, Max: 0.0, Diff: 0.0, Sum: 0.0]
      [GC Worker Other (ms): Min: 0.0, Avg: 0.1, Max: 0.1, Diff: 0.1, Sum: 0.2]
      [GC Worker Total (ms): Min: 22.9, Avg: 28.8, Max: 30.8, Diff: 7.8, Sum: 115.1]
      [GC Worker End (ms): Min: 237194.9, Avg: 237194.9, Max: 237194.9, Diff: 0.1]
   [Code Root Fixup: 0.0 ms]
   [Code Root Migration: 0.3 ms]
   [Clear CT: 0.4 ms]
   [Other: 153.0 ms]
      [Choose CSet: 0.0 ms]
      [Ref Proc: 148.3 ms]
      [Ref Enq: 2.4 ms]
      [Free CSet: 2.2 ms]
   [Eden: 1693.0M(1693.0M)->0.0B(1693.0M) Survivors: 22.0M->22.0M Heap: 3662.1M(4096.0M)->1969.1M(4096.0M)]
 [Times: user=0.69 sys=0.01, real=0.19 secs] 
2016-01-06T01:07:38.938-0800: 237.601: [GC pause (young)
Desired survivor size 112721920 bytes, new threshold 15 (max 15)
- age   1:   20625688 bytes,   20625688 total
- age   2:      36864 bytes,   20662552 total
2016-01-06T01:07:39.137-0800: 237.800: [SoftReference, 0 refs, 0.0000450 secs]2016-01-06T01:07:39.137-0800: 237.800: [WeakReference, 0 refs, 0.0000060 secs]2016-01-06T01:07:39.137-0800: 237.800: [FinalReference, 0 refs, 0.0000050 secs]2016-01-06T01:07:39.137-0800: 237.800: [PhantomReference, 0 refs, 52993 refs, 0.0018590 secs]2016-01-06T01:07:39.139-0800: 237.802: [JNI Weak Reference, 0.0000080 secs], 0.2064870 secs]
   [Parallel Time: 31.6 ms, GC Workers: 4]
      [GC Worker Start (ms): Min: 237600.9, Avg: 237600.9, Max: 237601.0, Diff: 0.1]
      [Ext Root Scanning (ms): Min: 0.3, Avg: 0.4, Max: 0.4, Diff: 0.1, Sum: 1.4]
      [SATB Filtering (ms): Min: 0.0, Avg: 0.0, Max: 0.0, Diff: 0.0, Sum: 0.0]
      [Update RS (ms): Min: 19.3, Avg: 19.8, Max: 20.9, Diff: 1.6, Sum: 79.2]
         [Processed Buffers: Min: 22, Avg: 25.0, Max: 28, Diff: 6, Sum: 100]
      [Scan RS (ms): Min: 0.2, Avg: 0.8, Max: 1.1, Diff: 0.9, Sum: 3.1]
      [Code Root Scanning (ms): Min: 0.0, Avg: 0.1, Max: 0.1, Diff: 0.1, Sum: 0.3]
      [Object Copy (ms): Min: 10.0, Avg: 10.5, Max: 10.6, Diff: 0.6, Sum: 41.8]
      [Termination (ms): Min: 0.0, Avg: 0.0, Max: 0.0, Diff: 0.0, Sum: 0.0]
      [GC Worker Other (ms): Min: 0.0, Avg: 0.1, Max: 0.1, Diff: 0.0, Sum: 0.2]
      [GC Worker Total (ms): Min: 31.5, Avg: 31.5, Max: 31.6, Diff: 0.1, Sum: 126.1]
      [GC Worker End (ms): Min: 237632.4, Avg: 237632.4, Max: 237632.5, Diff: 0.0]
   [Code Root Fixup: 0.0 ms]
   [Code Root Migration: 0.2 ms]
   [Clear CT: 0.6 ms]
   [Other: 174.0 ms]
      [Choose CSet: 0.0 ms]
      [Ref Proc: 169.4 ms]
      [Ref Enq: 2.4 ms]
      [Free CSet: 2.0 ms]
   [Eden: 1693.0M(1693.0M)->0.0B(1693.0M) Survivors: 22.0M->22.0M Heap: 3662.1M(4096.0M)->1969.1M(4096.0M)]
 [Times: user=0.75 sys=0.00, real=0.20 secs] 
2016-01-06T01:07:39.399-0800: 238.061: [GC pause (young)
Desired survivor size 112721920 bytes, new threshold 15 (max 15)
- age   1:   20625688 bytes,   20625688 total
- age   2:      36864 bytes,   20662552 total
2016-01-06T01:07:39.564-0800: 238.227: [SoftReference, 0 refs, 0.0160160 secs]2016-01-06T01:07:39.580-0800: 238.243: [WeakReference, 0 refs, 0.0000090 secs]2016-01-06T01:07:39.580-0800: 238.243: [FinalReference, 0 refs, 0.0000060 secs]2016-01-06T01:07:39.580-0800: 238.243: [PhantomReference, 0 refs, 52995 refs, 0.0018190 secs]2016-01-06T01:07:39.582-0800: 238.245: [JNI Weak Reference, 0.0000080 secs], 0.1882050 secs]
   [Parallel Time: 22.5 ms, GC Workers: 4]
      [GC Worker Start (ms): Min: 238061.6, Avg: 238064.3, Max: 238070.0, Diff: 8.4]
      [Ext Root Scanning (ms): Min: 0.0, Avg: 0.4, Max: 0.7, Diff: 0.7, Sum: 1.4]
      [SATB Filtering (ms): Min: 0.0, Avg: 0.0, Max: 0.0, Diff: 0.0, Sum: 0.0]
      [Update RS (ms): Min: 1.0, Avg: 6.7, Max: 10.2, Diff: 9.3, Sum: 26.9]
         [Processed Buffers: Min: 2, Avg: 8.5, Max: 13, Diff: 11, Sum: 34]
      [Scan RS (ms): Min: 0.2, Avg: 0.8, Max: 1.2, Diff: 1.0, Sum: 3.3]
      [Code Root Scanning (ms): Min: 0.0, Avg: 0.1, Max: 0.1, Diff: 0.1, Sum: 0.3]
      [Object Copy (ms): Min: 9.5, Avg: 10.3, Max: 11.3, Diff: 1.8, Sum: 41.2]
      [Termination (ms): Min: 0.0, Avg: 1.0, Max: 1.6, Diff: 1.6, Sum: 4.0]
      [GC Worker Other (ms): Min: 0.0, Avg: 0.0, Max: 0.0, Diff: 0.0, Sum: 0.1]
      [GC Worker Total (ms): Min: 13.9, Avg: 19.3, Max: 21.9, Diff: 8.0, Sum: 77.2]
      [GC Worker End (ms): Min: 238083.4, Avg: 238083.6, Max: 238083.9, Diff: 0.5]
   [Code Root Fixup: 0.0 ms]
   [Code Root Migration: 0.2 ms]
   [Clear CT: 0.4 ms]
   [Other: 165.1 ms]
      [Choose CSet: 0.0 ms]
      [Ref Proc: 160.5 ms]
      [Ref Enq: 2.4 ms]
      [Free CSet: 2.0 ms]
   [Eden: 1693.0M(1693.0M)->0.0B(1693.0M) Survivors: 22.0M->22.0M Heap: 3662.1M(4096.0M)->1969.1M(4096.0M)]
 [Times: user=0.59 sys=0.00, real=0.19 secs] 
2016-01-06T01:07:39.828-0800: 238.491: [GC pause (young)
Desired survivor size 112721920 bytes, new threshold 15 (max 15)
- age   1:   20625688 bytes,   20625688 total
- age   2:      36864 bytes,   20662552 total
2016-01-06T01:07:40.000-0800: 238.663: [SoftReference, 0 refs, 0.0000450 secs]2016-01-06T01:07:40.000-0800: 238.663: [WeakReference, 0 refs, 0.0000070 secs]2016-01-06T01:07:40.000-0800: 238.663: [FinalReference, 0 refs, 0.0000050 secs]2016-01-06T01:07:40.000-0800: 238.663: [PhantomReference, 0 refs, 52993 refs, 0.0018010 secs]2016-01-06T01:07:40.001-0800: 238.664: [JNI Weak Reference, 0.0000210 secs], 0.1784630 secs]
   [Parallel Time: 12.6 ms, GC Workers: 4]
      [GC Worker Start (ms): Min: 238491.2, Avg: 238491.4, Max: 238491.9, Diff: 0.7]
      [Ext Root Scanning (ms): Min: 0.0, Avg: 0.3, Max: 0.5, Diff: 0.5, Sum: 1.3]
      [SATB Filtering (ms): Min: 0.0, Avg: 0.0, Max: 0.0, Diff: 0.0, Sum: 0.0]
      [Update RS (ms): Min: 0.0, Avg: 0.0, Max: 0.1, Diff: 0.1, Sum: 0.2]
         [Processed Buffers: Min: 0, Avg: 1.0, Max: 3, Diff: 3, Sum: 4]
      [Scan RS (ms): Min: 0.7, Avg: 0.8, Max: 0.9, Diff: 0.2, Sum: 3.1]
      [Code Root Scanning (ms): Min: 0.1, Avg: 0.1, Max: 0.1, Diff: 0.1, Sum: 0.4]
      [Object Copy (ms): Min: 10.9, Avg: 11.0, Max: 11.0, Diff: 0.1, Sum: 43.9]
      [Termination (ms): Min: 0.0, Avg: 0.0, Max: 0.0, Diff: 0.0, Sum: 0.0]
      [GC Worker Other (ms): Min: 0.0, Avg: 0.1, Max: 0.1, Diff: 0.1, Sum: 0.3]
      [GC Worker Total (ms): Min: 11.8, Avg: 12.3, Max: 12.5, Diff: 0.7, Sum: 49.2]
      [GC Worker End (ms): Min: 238503.6, Avg: 238503.7, Max: 238503.7, Diff: 0.1]
   [Code Root Fixup: 0.0 ms]
   [Code Root Migration: 0.2 ms]
   [Clear CT: 0.5 ms]
   [Other: 165.2 ms]
      [Choose CSet: 0.0 ms]
      [Ref Proc: 160.7 ms]
      [Ref Enq: 2.4 ms]
      [Free CSet: 2.0 ms]
   [Eden: 1693.0M(1693.0M)->0.0B(1693.0M) Survivors: 22.0M->22.0M Heap: 3662.1M(4096.0M)->1969.1M(4096.0M)]
 [Times: user=0.67 sys=0.01, real=0.18 secs] 
2016-01-06T01:07:40.249-0800: 238.912: [GC pause (young)
Desired survivor size 112721920 bytes, new threshold 15 (max 15)
- age   1:   20625688 bytes,   20625688 total
- age   2:      36864 bytes,   20662552 total
2016-01-06T01:07:40.455-0800: 239.118: [SoftReference, 0 refs, 0.0000540 secs]2016-01-06T01:07:40.456-0800: 239.118: [WeakReference, 0 refs, 0.0000070 secs]2016-01-06T01:07:40.456-0800: 239.118: [FinalReference, 0 refs, 0.0000060 secs]2016-01-06T01:07:40.456-0800: 239.119: [PhantomReference, 0 refs, 52992 refs, 0.0017730 secs]2016-01-06T01:07:40.457-0800: 239.120: [JNI Weak Reference, 0.0000080 secs], 0.2131210 secs]
   [Parallel Time: 35.3 ms, GC Workers: 4]
      [GC Worker Start (ms): Min: 238912.4, Avg: 238913.3, Max: 238915.9, Diff: 3.5]
      [Ext Root Scanning (ms): Min: 0.0, Avg: 0.3, Max: 0.5, Diff: 0.5, Sum: 1.3]
      [SATB Filtering (ms): Min: 0.0, Avg: 0.0, Max: 0.0, Diff: 0.0, Sum: 0.0]
      [Update RS (ms): Min: 20.5, Avg: 22.8, Max: 23.7, Diff: 3.2, Sum: 91.3]
         [Processed Buffers: Min: 28, Avg: 32.8, Max: 37, Diff: 9, Sum: 131]
      [Scan RS (ms): Min: 0.7, Avg: 0.7, Max: 0.8, Diff: 0.1, Sum: 2.9]
      [Code Root Scanning (ms): Min: 0.1, Avg: 0.1, Max: 0.1, Diff: 0.0, Sum: 0.4]
      [Object Copy (ms): Min: 10.2, Avg: 10.3, Max: 10.3, Diff: 0.1, Sum: 41.0]
      [Termination (ms): Min: 0.0, Avg: 0.0, Max: 0.0, Diff: 0.0, Sum: 0.0]
      [GC Worker Other (ms): Min: 0.0, Avg: 0.1, Max: 0.1, Diff: 0.1, Sum: 0.3]
      [GC Worker Total (ms): Min: 31.6, Avg: 34.3, Max: 35.2, Diff: 3.5, Sum: 137.1]
      [GC Worker End (ms): Min: 238947.5, Avg: 238947.6, Max: 238947.6, Diff: 0.1]
   [Code Root Fixup: 0.0 ms]
   [Code Root Migration: 0.2 ms]
   [Clear CT: 0.4 ms]
   [Other: 177.1 ms]
      [Choose CSet: 0.0 ms]
      [Ref Proc: 172.7 ms]
      [Ref Enq: 2.4 ms]
      [Free CSet: 2.0 ms]
   [Eden: 1693.0M(1693.0M)->0.0B(986.0M) Survivors: 22.0M->22.0M Heap: 3662.1M(4096.0M)->1969.1M(4096.0M)]
 [Times: user=0.71 sys=0.01, real=0.21 secs] 
2016-01-06T01:07:40.603-0800: 239.266: [GC pause (young)
Desired survivor size 66060288 bytes, new threshold 15 (max 15)
- age   1:   20625688 bytes,   20625688 total
- age   2:      36864 bytes,   20662552 total
2016-01-06T01:07:40.794-0800: 239.457: [SoftReference, 0 refs, 0.0000470 secs]2016-01-06T01:07:40.794-0800: 239.457: [WeakReference, 0 refs, 0.0000070 secs]2016-01-06T01:07:40.794-0800: 239.457: [FinalReference, 0 refs, 0.0000060 secs]2016-01-06T01:07:40.794-0800: 239.457: [PhantomReference, 0 refs, 31075 refs, 0.0014010 secs]2016-01-06T01:07:40.796-0800: 239.459: [JNI Weak Reference, 0.0000090 secs], 0.1958900 secs]
   [Parallel Time: 22.6 ms, GC Workers: 4]
      [GC Worker Start (ms): Min: 239266.1, Avg: 239266.1, Max: 239266.1, Diff: 0.1]
      [Ext Root Scanning (ms): Min: 0.3, Avg: 0.4, Max: 0.4, Diff: 0.1, Sum: 1.4]
      [SATB Filtering (ms): Min: 0.0, Avg: 0.0, Max: 0.0, Diff: 0.0, Sum: 0.0]
      [Update RS (ms): Min: 15.0, Avg: 15.1, Max: 15.3, Diff: 0.3, Sum: 60.2]
         [Processed Buffers: Min: 22, Avg: 22.0, Max: 22, Diff: 0, Sum: 88]
      [Scan RS (ms): Min: 0.2, Avg: 0.4, Max: 0.5, Diff: 0.3, Sum: 1.7]
      [Code Root Scanning (ms): Min: 0.0, Avg: 0.1, Max: 0.1, Diff: 0.1, Sum: 0.2]
      [Object Copy (ms): Min: 6.5, Avg: 6.5, Max: 6.5, Diff: 0.0, Sum: 26.1]
      [Termination (ms): Min: 0.0, Avg: 0.0, Max: 0.0, Diff: 0.0, Sum: 0.0]
      [GC Worker Other (ms): Min: 0.0, Avg: 0.1, Max: 0.1, Diff: 0.1, Sum: 0.2]
      [GC Worker Total (ms): Min: 22.4, Avg: 22.5, Max: 22.5, Diff: 0.1, Sum: 89.9]
      [GC Worker End (ms): Min: 239288.6, Avg: 239288.6, Max: 239288.6, Diff: 0.1]
   [Code Root Fixup: 0.0 ms]
   [Code Root Migration: 0.1 ms]
   [Clear CT: 0.3 ms]
   [Other: 172.8 ms]
      [Choose CSet: 0.0 ms]
      [Ref Proc: 170.1 ms]
      [Ref Enq: 1.4 ms]
      [Free CSet: 1.2 ms]
   [Eden: 986.0M(986.0M)->0.0B(217.0M) Survivors: 22.0M->21.0M Heap: 2955.1M(4096.0M)->1967.6M(4096.0M)]
 [Times: user=0.74 sys=0.00, real=0.20 secs] 
2016-01-06T01:07:40.832-0800: 239.495: [GC pause (young)
Desired survivor size 15728640 bytes, new threshold 1 (max 15)
- age   1:   19047664 bytes,   19047664 total
- age   2:      36864 bytes,   19084528 total
2016-01-06T01:07:41.011-0800: 239.674: [SoftReference, 0 refs, 0.0000630 secs]2016-01-06T01:07:41.011-0800: 239.674: [WeakReference, 0 refs, 0.0000070 secs]2016-01-06T01:07:41.011-0800: 239.674: [FinalReference, 0 refs, 0.0000060 secs]2016-01-06T01:07:41.011-0800: 239.674: [PhantomReference, 0 refs, 7238 refs, 0.0002680 secs]2016-01-06T01:07:41.011-0800: 239.674: [JNI Weak Reference, 0.0000080 secs], 0.1800310 secs]
   [Parallel Time: 3.0 ms, GC Workers: 4]
      [GC Worker Start (ms): Min: 239495.3, Avg: 239495.3, Max: 239495.3, Diff: 0.1]
      [Ext Root Scanning (ms): Min: 0.3, Avg: 0.4, Max: 0.4, Diff: 0.1, Sum: 1.5]
      [SATB Filtering (ms): Min: 0.0, Avg: 0.0, Max: 0.0, Diff: 0.0, Sum: 0.0]
      [Update RS (ms): Min: 0.0, Avg: 0.1, Max: 0.2, Diff: 0.2, Sum: 0.2]
         [Processed Buffers: Min: 0, Avg: 1.2, Max: 3, Diff: 3, Sum: 5]
      [Scan RS (ms): Min: 0.0, Avg: 0.1, Max: 0.1, Diff: 0.1, Sum: 0.4]
      [Code Root Scanning (ms): Min: 0.0, Avg: 0.0, Max: 0.0, Diff: 0.0, Sum: 0.1]
      [Object Copy (ms): Min: 2.3, Avg: 2.3, Max: 2.3, Diff: 0.0, Sum: 9.3]
      [Termination (ms): Min: 0.0, Avg: 0.0, Max: 0.0, Diff: 0.0, Sum: 0.0]
      [GC Worker Other (ms): Min: 0.0, Avg: 0.0, Max: 0.1, Diff: 0.0, Sum: 0.1]
      [GC Worker Total (ms): Min: 2.8, Avg: 2.9, Max: 2.9, Diff: 0.1, Sum: 11.6]
      [GC Worker End (ms): Min: 239498.2, Avg: 239498.2, Max: 239498.2, Diff: 0.0]
   [Code Root Fixup: 0.0 ms]
   [Code Root Migration: 0.0 ms]
   [Clear CT: 0.2 ms]
   [Other: 176.8 ms]
      [Choose CSet: 0.0 ms]
      [Ref Proc: 176.0 ms]
      [Ref Enq: 0.3 ms]
      [Free CSet: 0.4 ms]
   [Eden: 217.0M(217.0M)->0.0B(1502.0M) Survivors: 21.0M->18.0M Heap: 2184.6M(4096.0M)->1965.1M(4096.0M)]
 [Times: user=0.67 sys=0.00, real=0.18 secs] 
2016-01-06T01:07:41.241-0800: 239.904: [GC pause (young)
Desired survivor size 99614720 bytes, new threshold 15 (max 15)
- age   1:   17331256 bytes,   17331256 total
2016-01-06T01:07:41.457-0800: 240.120: [SoftReference, 0 refs, 0.0000500 secs]2016-01-06T01:07:41.457-0800: 240.120: [WeakReference, 0 refs, 0.0000070 secs]2016-01-06T01:07:41.457-0800: 240.120: [FinalReference, 0 refs, 0.0000050 secs]2016-01-06T01:07:41.457-0800: 240.120: [PhantomReference, 0 refs, 47072 refs, 0.0016280 secs]2016-01-06T01:07:41.459-0800: 240.122: [JNI Weak Reference, 0.0000080 secs], 0.2227760 secs]
   [Parallel Time: 33.1 ms, GC Workers: 4]
      [GC Worker Start (ms): Min: 239904.1, Avg: 239904.1, Max: 239904.1, Diff: 0.1]
      [Ext Root Scanning (ms): Min: 0.3, Avg: 0.4, Max: 0.4, Diff: 0.1, Sum: 1.4]
      [SATB Filtering (ms): Min: 0.0, Avg: 0.0, Max: 0.0, Diff: 0.0, Sum: 0.0]
      [Update RS (ms): Min: 21.7, Avg: 21.9, Max: 22.2, Diff: 0.4, Sum: 87.7]
         [Processed Buffers: Min: 28, Avg: 29.0, Max: 30, Diff: 2, Sum: 116]
      [Scan RS (ms): Min: 0.5, Avg: 0.7, Max: 0.8, Diff: 0.3, Sum: 2.7]
      [Code Root Scanning (ms): Min: 0.0, Avg: 0.1, Max: 0.1, Diff: 0.1, Sum: 0.3]
      [Object Copy (ms): Min: 9.7, Avg: 9.7, Max: 9.8, Diff: 0.1, Sum: 38.9]
      [Termination (ms): Min: 0.0, Avg: 0.0, Max: 0.0, Diff: 0.0, Sum: 0.0]
      [GC Worker Other (ms): Min: 0.0, Avg: 0.2, Max: 0.2, Diff: 0.2, Sum: 0.7]
      [GC Worker Total (ms): Min: 32.8, Avg: 33.0, Max: 33.1, Diff: 0.2, Sum: 131.8]
      [GC Worker End (ms): Min: 239936.9, Avg: 239937.1, Max: 239937.1, Diff: 0.2]
   [Code Root Fixup: 0.0 ms]
   [Code Root Migration: 0.2 ms]
   [Clear CT: 0.4 ms]
   [Other: 189.0 ms]
      [Choose CSet: 0.0 ms]
      [Ref Proc: 184.9 ms]
      [Ref Enq: 2.2 ms]
      [Free CSet: 1.9 ms]
   [Eden: 1502.0M(1502.0M)->0.0B(182.0M) Survivors: 18.0M->22.0M Heap: 3467.1M(4096.0M)->1968.6M(4096.0M)]
 [Times: user=0.84 sys=0.00, real=0.22 secs] 
2016-01-06T01:07:41.493-0800: 240.156: [GC pause (young)
Desired survivor size 13631488 bytes, new threshold 1 (max 15)
- age   1:   20199376 bytes,   20199376 total
- age   2:      36864 bytes,   20236240 total
2016-01-06T01:07:41.681-0800: 240.344: [SoftReference, 0 refs, 0.0000440 secs]2016-01-06T01:07:41.681-0800: 240.344: [WeakReference, 0 refs, 0.0000070 secs]2016-01-06T01:07:41.681-0800: 240.344: [FinalReference, 0 refs, 0.0000210 secs]2016-01-06T01:07:41.681-0800: 240.344: [PhantomReference, 0 refs, 6152 refs, 0.0002380 secs]2016-01-06T01:07:41.681-0800: 240.344: [JNI Weak Reference, 0.0000070 secs], 0.1891590 secs]
   [Parallel Time: 3.6 ms, GC Workers: 4]
      [GC Worker Start (ms): Min: 240155.6, Avg: 240155.7, Max: 240155.7, Diff: 0.1]
      [Ext Root Scanning (ms): Min: 0.3, Avg: 0.4, Max: 0.4, Diff: 0.1, Sum: 1.5]
      [SATB Filtering (ms): Min: 0.0, Avg: 0.0, Max: 0.0, Diff: 0.0, Sum: 0.0]
      [Update RS (ms): Min: 0.5, Avg: 0.6, Max: 0.7, Diff: 0.2, Sum: 2.6]
         [Processed Buffers: Min: 1, Avg: 1.8, Max: 4, Diff: 3, Sum: 7]
      [Scan RS (ms): Min: 0.0, Avg: 0.1, Max: 0.2, Diff: 0.2, Sum: 0.3]
      [Code Root Scanning (ms): Min: 0.0, Avg: 0.0, Max: 0.0, Diff: 0.0, Sum: 0.0]
      [Object Copy (ms): Min: 2.3, Avg: 2.3, Max: 2.3, Diff: 0.0, Sum: 9.4]
      [Termination (ms): Min: 0.0, Avg: 0.0, Max: 0.0, Diff: 0.0, Sum: 0.0]
      [GC Worker Other (ms): Min: 0.0, Avg: 0.0, Max: 0.0, Diff: 0.0, Sum: 0.1]
      [GC Worker Total (ms): Min: 3.4, Avg: 3.5, Max: 3.5, Diff: 0.1, Sum: 13.9]
      [GC Worker End (ms): Min: 240159.1, Avg: 240159.1, Max: 240159.1, Diff: 0.0]
   [Code Root Fixup: 0.0 ms]
   [Code Root Migration: 0.0 ms]
   [Clear CT: 0.2 ms]
   [Other: 185.4 ms]
      [Choose CSet: 0.0 ms]
      [Ref Proc: 184.7 ms]
      [Ref Enq: 0.3 ms]
      [Free CSet: 0.3 ms]
   [Eden: 182.0M(182.0M)->0.0B(185.0M) Survivors: 22.0M->19.0M Heap: 2150.6M(4096.0M)->1965.7M(4096.0M)]
 [Times: user=0.72 sys=0.01, real=0.19 secs] 
2016-01-06T01:07:41.709-0800: 240.372: [GC pause (young)
Desired survivor size 13631488 bytes, new threshold 1 (max 15)
- age   1:   17253136 bytes,   17253136 total
2016-01-06T01:07:41.896-0800: 240.559: [SoftReference, 0 refs, 0.0000450 secs]2016-01-06T01:07:41.896-0800: 240.559: [WeakReference, 0 refs, 0.0000060 secs]2016-01-06T01:07:41.896-0800: 240.559: [FinalReference, 0 refs, 0.0000050 secs]2016-01-06T01:07:41.896-0800: 240.559: [PhantomReference, 0 refs, 6245 refs, 0.0002300 secs]2016-01-06T01:07:41.896-0800: 240.559: [JNI Weak Reference, 0.0000070 secs], 0.1883460 secs]
   [Parallel Time: 2.4 ms, GC Workers: 4]
      [GC Worker Start (ms): Min: 240371.6, Avg: 240371.7, Max: 240371.7, Diff: 0.1]
      [Ext Root Scanning (ms): Min: 0.4, Avg: 0.4, Max: 0.4, Diff: 0.0, Sum: 1.5]
      [SATB Filtering (ms): Min: 0.0, Avg: 0.0, Max: 0.0, Diff: 0.0, Sum: 0.0]
      [Update RS (ms): Min: 0.1, Avg: 0.4, Max: 0.6, Diff: 0.5, Sum: 1.5]
         [Processed Buffers: Min: 1, Avg: 1.5, Max: 3, Diff: 2, Sum: 6]
      [Scan RS (ms): Min: 0.0, Avg: 0.1, Max: 0.2, Diff: 0.2, Sum: 0.3]
      [Code Root Scanning (ms): Min: 0.0, Avg: 0.0, Max: 0.0, Diff: 0.0, Sum: 0.0]
      [Object Copy (ms): Min: 1.2, Avg: 1.4, Max: 1.5, Diff: 0.3, Sum: 5.5]
      [Termination (ms): Min: 0.0, Avg: 0.0, Max: 0.0, Diff: 0.0, Sum: 0.0]
      [GC Worker Other (ms): Min: 0.0, Avg: 0.0, Max: 0.0, Diff: 0.0, Sum: 0.1]
      [GC Worker Total (ms): Min: 2.2, Avg: 2.2, Max: 2.3, Diff: 0.1, Sum: 9.0]
      [GC Worker End (ms): Min: 240373.9, Avg: 240373.9, Max: 240373.9, Diff: 0.0]
   [Code Root Fixup: 0.0 ms]
   [Code Root Migration: 0.0 ms]
   [Clear CT: 0.2 ms]
   [Other: 185.8 ms]
      [Choose CSet: 0.0 ms]
      [Ref Proc: 185.1 ms]
      [Ref Enq: 0.3 ms]
      [Free CSet: 0.3 ms]
   [Eden: 185.0M(185.0M)->0.0B(195.0M) Survivors: 19.0M->9216.0K Heap: 2150.7M(4096.0M)->1956.2M(4096.0M)]
 [Times: user=0.73 sys=0.00, real=0.19 secs] 
2016-01-06T01:07:41.927-0800: 240.590: [GC pause (young)
Desired survivor size 13631488 bytes, new threshold 15 (max 15)
- age   1:    8493688 bytes,    8493688 total
2016-01-06T01:07:42.112-0800: 240.775: [SoftReference, 0 refs, 0.0000450 secs]2016-01-06T01:07:42.112-0800: 240.775: [WeakReference, 0 refs, 0.0000060 secs]2016-01-06T01:07:42.112-0800: 240.775: [FinalReference, 0 refs, 0.0000050 secs]2016-01-06T01:07:42.112-0800: 240.775: [PhantomReference, 0 refs, 6555 refs, 0.0002430 secs]2016-01-06T01:07:42.112-0800: 240.775: [JNI Weak Reference, 0.0000080 secs], 0.1856210 secs]
   [Parallel Time: 3.0 ms, GC Workers: 4]
      [GC Worker Start (ms): Min: 240590.2, Avg: 240590.6, Max: 240591.9, Diff: 1.8]
      [Ext Root Scanning (ms): Min: 0.0, Avg: 0.3, Max: 0.5, Diff: 0.5, Sum: 1.3]
      [SATB Filtering (ms): Min: 0.0, Avg: 0.0, Max: 0.0, Diff: 0.0, Sum: 0.0]
      [Update RS (ms): Min: 0.0, Avg: 0.1, Max: 0.1, Diff: 0.1, Sum: 0.2]
         [Processed Buffers: Min: 0, Avg: 1.2, Max: 3, Diff: 3, Sum: 5]
      [Scan RS (ms): Min: 0.0, Avg: 0.1, Max: 0.1, Diff: 0.1, Sum: 0.3]
      [Code Root Scanning (ms): Min: 0.0, Avg: 0.0, Max: 0.0, Diff: 0.0, Sum: 0.0]
      [Object Copy (ms): Min: 1.1, Avg: 1.9, Max: 2.2, Diff: 1.2, Sum: 7.7]
      [Termination (ms): Min: 0.0, Avg: 0.0, Max: 0.0, Diff: 0.0, Sum: 0.0]
      [GC Worker Other (ms): Min: 0.0, Avg: 0.0, Max: 0.0, Diff: 0.0, Sum: 0.1]
      [GC Worker Total (ms): Min: 1.1, Avg: 2.4, Max: 2.9, Diff: 1.8, Sum: 9.7]
      [GC Worker End (ms): Min: 240593.0, Avg: 240593.1, Max: 240593.1, Diff: 0.0]
   [Code Root Fixup: 0.0 ms]
   [Code Root Migration: 0.0 ms]
   [Clear CT: 0.1 ms]
   [Other: 182.5 ms]
      [Choose CSet: 0.0 ms]
      [Ref Proc: 181.8 ms]
      [Ref Enq: 0.3 ms]
      [Free CSet: 0.3 ms]
   [Eden: 195.0M(195.0M)->0.0B(1110.0M) Survivors: 9216.0K->19.0M Heap: 2151.2M(4096.0M)->1966.2M(4096.0M)]
 [Times: user=0.71 sys=0.00, real=0.18 secs] 
2016-01-06T01:07:42.286-0800: 240.949: [GC pause (young)
Desired survivor size 74448896 bytes, new threshold 15 (max 15)
- age   1:   17282152 bytes,   17282152 total
- age   2:      36864 bytes,   17319016 total
2016-01-06T01:07:42.482-0800: 241.145: [SoftReference, 0 refs, 0.0000390 secs]2016-01-06T01:07:42.482-0800: 241.145: [WeakReference, 0 refs, 0.0000070 secs]2016-01-06T01:07:42.482-0800: 241.145: [FinalReference, 0 refs, 0.0000060 secs]2016-01-06T01:07:42.482-0800: 241.145: [PhantomReference, 0 refs, 34919 refs, 0.0011760 secs]2016-01-06T01:07:42.484-0800: 241.146: [JNI Weak Reference, 0.0000070 secs], 0.2013220 secs]
   [Parallel Time: 16.0 ms, GC Workers: 4]
      [GC Worker Start (ms): Min: 240948.7, Avg: 240949.5, Max: 240951.9, Diff: 3.3]
      [Ext Root Scanning (ms): Min: 0.0, Avg: 0.3, Max: 0.5, Diff: 0.5, Sum: 1.3]
      [SATB Filtering (ms): Min: 0.0, Avg: 0.0, Max: 0.0, Diff: 0.0, Sum: 0.0]
      [Update RS (ms): Min: 5.2, Avg: 7.1, Max: 7.9, Diff: 2.7, Sum: 28.6]
         [Processed Buffers: Min: 7, Avg: 10.8, Max: 14, Diff: 7, Sum: 43]
      [Scan RS (ms): Min: 0.4, Avg: 0.5, Max: 0.7, Diff: 0.4, Sum: 2.0]
      [Code Root Scanning (ms): Min: 0.0, Avg: 0.1, Max: 0.1, Diff: 0.0, Sum: 0.2]
      [Object Copy (ms): Min: 7.0, Avg: 7.0, Max: 7.0, Diff: 0.0, Sum: 28.0]
      [Termination (ms): Min: 0.0, Avg: 0.0, Max: 0.0, Diff: 0.0, Sum: 0.0]
      [GC Worker Other (ms): Min: 0.0, Avg: 0.0, Max: 0.1, Diff: 0.0, Sum: 0.2]
      [GC Worker Total (ms): Min: 12.7, Avg: 15.1, Max: 15.9, Diff: 3.2, Sum: 60.3]
      [GC Worker End (ms): Min: 240964.6, Avg: 240964.6, Max: 240964.6, Diff: 0.0]
   [Code Root Fixup: 0.0 ms]
   [Code Root Migration: 0.2 ms]
   [Clear CT: 0.3 ms]
   [Other: 184.9 ms]
      [Choose CSet: 0.0 ms]
      [Ref Proc: 181.8 ms]
      [Ref Enq: 1.6 ms]
      [Free CSet: 1.4 ms]
   [Eden: 1110.0M(1110.0M)->0.0B(366.0M) Survivors: 19.0M->21.0M Heap: 3076.2M(4096.0M)->1967.7M(4096.0M)]
 [Times: user=0.68 sys=0.01, real=0.20 secs] 
2016-01-06T01:07:42.541-0800: 241.204: [GC pause (young)
Desired survivor size 25690112 bytes, new threshold 15 (max 15)
- age   1:   19324432 bytes,   19324432 total
- age   2:      36864 bytes,   19361296 total
2016-01-06T01:07:42.760-0800: 241.423: [SoftReference, 0 refs, 0.0000460 secs]2016-01-06T01:07:42.760-0800: 241.423: [WeakReference, 0 refs, 0.0000060 secs]2016-01-06T01:07:42.760-0800: 241.423: [FinalReference, 0 refs, 0.0000050 secs]2016-01-06T01:07:42.760-0800: 241.423: [PhantomReference, 0 refs, 11856 refs, 0.0004530 secs]2016-01-06T01:07:42.761-0800: 241.424: [JNI Weak Reference, 0.0000080 secs], 0.2214150 secs]
   [Parallel Time: 8.7 ms, GC Workers: 4]
      [GC Worker Start (ms): Min: 241203.6, Avg: 241203.6, Max: 241203.6, Diff: 0.1]
      [Ext Root Scanning (ms): Min: 0.4, Avg: 0.4, Max: 0.5, Diff: 0.1, Sum: 1.5]
      [SATB Filtering (ms): Min: 0.0, Avg: 0.0, Max: 0.0, Diff: 0.0, Sum: 0.0]
      [Update RS (ms): Min: 5.0, Avg: 5.1, Max: 5.2, Diff: 0.2, Sum: 20.3]
         [Processed Buffers: Min: 7, Avg: 7.8, Max: 10, Diff: 3, Sum: 31]
      [Scan RS (ms): Min: 0.1, Avg: 0.2, Max: 0.2, Diff: 0.1, Sum: 0.7]
      [Code Root Scanning (ms): Min: 0.0, Avg: 0.0, Max: 0.0, Diff: 0.0, Sum: 0.1]
      [Object Copy (ms): Min: 2.9, Avg: 2.9, Max: 2.9, Diff: 0.0, Sum: 11.5]
      [Termination (ms): Min: 0.0, Avg: 0.0, Max: 0.0, Diff: 0.0, Sum: 0.0]
      [GC Worker Other (ms): Min: 0.0, Avg: 0.0, Max: 0.1, Diff: 0.0, Sum: 0.1]
      [GC Worker Total (ms): Min: 8.5, Avg: 8.6, Max: 8.6, Diff: 0.1, Sum: 34.3]
      [GC Worker End (ms): Min: 241212.2, Avg: 241212.2, Max: 241212.2, Diff: 0.0]
   [Code Root Fixup: 0.0 ms]
   [Code Root Migration: 0.1 ms]
   [Clear CT: 0.2 ms]
   [Other: 212.4 ms]
      [Choose CSet: 0.0 ms]
      [Ref Proc: 211.3 ms]
      [Ref Enq: 0.5 ms]
      [Free CSet: 0.6 ms]
   [Eden: 366.0M(366.0M)->0.0B(185.0M) Survivors: 21.0M->19.0M Heap: 2333.7M(4096.0M)->1966.2M(4096.0M)]
 [Times: user=0.81 sys=0.00, real=0.22 secs] 
2016-01-06T01:07:42.789-0800: 241.452: [GC pause (young)
Desired survivor size 13631488 bytes, new threshold 1 (max 15)
- age   1:   17663824 bytes,   17663824 total
- age   2:      36864 bytes,   17700688 total
2016-01-06T01:07:43.004-0800: 241.667: [SoftReference, 0 refs, 0.0000490 secs]2016-01-06T01:07:43.004-0800: 241.667: [WeakReference, 0 refs, 0.0000070 secs]2016-01-06T01:07:43.004-0800: 241.667: [FinalReference, 0 refs, 0.0000050 secs]2016-01-06T01:07:43.004-0800: 241.667: [PhantomReference, 0 refs, 6245 refs, 0.0002350 secs]2016-01-06T01:07:43.004-0800: 241.667: [JNI Weak Reference, 0.0000080 secs], 0.2161930 secs]
   [Parallel Time: 2.9 ms, GC Workers: 4]
      [GC Worker Start (ms): Min: 241451.6, Avg: 241451.7, Max: 241451.7, Diff: 0.1]
      [Ext Root Scanning (ms): Min: 0.3, Avg: 0.4, Max: 0.5, Diff: 0.1, Sum: 1.5]
      [SATB Filtering (ms): Min: 0.0, Avg: 0.0, Max: 0.0, Diff: 0.0, Sum: 0.0]
      [Update RS (ms): Min: 0.0, Avg: 0.1, Max: 0.2, Diff: 0.2, Sum: 0.2]
         [Processed Buffers: Min: 0, Avg: 1.0, Max: 2, Diff: 2, Sum: 4]
      [Scan RS (ms): Min: 0.0, Avg: 0.1, Max: 0.1, Diff: 0.1, Sum: 0.4]
      [Code Root Scanning (ms): Min: 0.0, Avg: 0.0, Max: 0.0, Diff: 0.0, Sum: 0.0]
      [Object Copy (ms): Min: 2.2, Avg: 2.2, Max: 2.3, Diff: 0.0, Sum: 9.0]
      [Termination (ms): Min: 0.0, Avg: 0.0, Max: 0.0, Diff: 0.0, Sum: 0.0]
      [GC Worker Other (ms): Min: 0.0, Avg: 0.0, Max: 0.0, Diff: 0.0, Sum: 0.1]
      [GC Worker Total (ms): Min: 2.8, Avg: 2.8, Max: 2.8, Diff: 0.1, Sum: 11.2]
      [GC Worker End (ms): Min: 241454.5, Avg: 241454.5, Max: 241454.5, Diff: 0.0]
   [Code Root Fixup: 0.0 ms]
   [Code Root Migration: 0.0 ms]
   [Clear CT: 0.1 ms]
   [Other: 213.1 ms]
      [Choose CSet: 0.0 ms]
      [Ref Proc: 212.4 ms]
      [Ref Enq: 0.3 ms]
      [Free CSet: 0.4 ms]
   [Eden: 185.0M(185.0M)->0.0B(186.0M) Survivors: 19.0M->18.0M Heap: 2151.2M(4096.0M)->1965.2M(4096.0M)]
 [Times: user=0.81 sys=0.00, real=0.21 secs] 
2016-01-06T01:07:43.032-0800: 241.695: [GC pause (young)
Desired survivor size 13631488 bytes, new threshold 1 (max 15)
- age   1:   17259832 bytes,   17259832 total
2016-01-06T01:07:43.223-0800: 241.886: [SoftReference, 0 refs, 0.0000540 secs]2016-01-06T01:07:43.223-0800: 241.886: [WeakReference, 0 refs, 0.0000090 secs]2016-01-06T01:07:43.223-0800: 241.886: [FinalReference, 0 refs, 0.0000050 secs]2016-01-06T01:07:43.223-0800: 241.886: [PhantomReference, 0 refs, 6274 refs, 0.0002380 secs]2016-01-06T01:07:43.223-0800: 241.886: [JNI Weak Reference, 0.0000080 secs], 0.1924550 secs]
   [Parallel Time: 3.1 ms, GC Workers: 4]
      [GC Worker Start (ms): Min: 241695.0, Avg: 241695.0, Max: 241695.0, Diff: 0.1]
      [Ext Root Scanning (ms): Min: 0.3, Avg: 0.4, Max: 0.4, Diff: 0.1, Sum: 1.4]
      [SATB Filtering (ms): Min: 0.0, Avg: 0.0, Max: 0.0, Diff: 0.0, Sum: 0.0]
      [Update RS (ms): Min: 0.0, Avg: 0.1, Max: 0.2, Diff: 0.2, Sum: 0.3]
         [Processed Buffers: Min: 0, Avg: 1.2, Max: 3, Diff: 3, Sum: 5]
      [Scan RS (ms): Min: 0.0, Avg: 0.1, Max: 0.1, Diff: 0.1, Sum: 0.3]
      [Code Root Scanning (ms): Min: 0.0, Avg: 0.0, Max: 0.0, Diff: 0.0, Sum: 0.0]
      [Object Copy (ms): Min: 2.4, Avg: 2.4, Max: 2.4, Diff: 0.0, Sum: 9.6]
      [Termination (ms): Min: 0.0, Avg: 0.0, Max: 0.0, Diff: 0.0, Sum: 0.0]
      [GC Worker Other (ms): Min: 0.0, Avg: 0.0, Max: 0.0, Diff: 0.0, Sum: 0.1]
      [GC Worker Total (ms): Min: 2.9, Avg: 3.0, Max: 3.0, Diff: 0.1, Sum: 11.9]
      [GC Worker End (ms): Min: 241698.0, Avg: 241698.0, Max: 241698.0, Diff: 0.0]
   [Code Root Fixup: 0.0 ms]
   [Code Root Migration: 0.0 ms]
   [Clear CT: 0.2 ms]
   [Other: 189.1 ms]
      [Choose CSet: 0.0 ms]
      [Ref Proc: 188.4 ms]
      [Ref Enq: 0.3 ms]
      [Free CSet: 0.3 ms]
   [Eden: 186.0M(186.0M)->0.0B(185.0M) Survivors: 18.0M->19.0M Heap: 2151.2M(4096.0M)->1965.8M(4096.0M)]
 [Times: user=0.74 sys=0.00, real=0.19 secs] 
2016-01-06T01:07:43.251-0800: 241.914: [GC pause (young)
Desired survivor size 13631488 bytes, new threshold 1 (max 15)
- age   1:   17262064 bytes,   17262064 total
2016-01-06T01:07:43.437-0800: 242.100: [SoftReference, 0 refs, 0.0000410 secs]2016-01-06T01:07:43.437-0800: 242.100: [WeakReference, 0 refs, 0.0000060 secs]2016-01-06T01:07:43.437-0800: 242.100: [FinalReference, 0 refs, 0.0000050 secs]2016-01-06T01:07:43.437-0800: 242.100: [PhantomReference, 0 refs, 6244 refs, 0.0002350 secs]2016-01-06T01:07:43.438-0800: 242.101: [JNI Weak Reference, 0.0000070 secs], 0.1871980 secs]
   [Parallel Time: 3.0 ms, GC Workers: 4]
      [GC Worker Start (ms): Min: 241914.3, Avg: 241914.8, Max: 241915.9, Diff: 1.6]
      [Ext Root Scanning (ms): Min: 0.0, Avg: 0.3, Max: 0.5, Diff: 0.5, Sum: 1.3]
      [SATB Filtering (ms): Min: 0.0, Avg: 0.0, Max: 0.0, Diff: 0.0, Sum: 0.0]
      [Update RS (ms): Min: 0.0, Avg: 0.1, Max: 0.2, Diff: 0.2, Sum: 0.3]
         [Processed Buffers: Min: 0, Avg: 1.0, Max: 3, Diff: 3, Sum: 4]
      [Scan RS (ms): Min: 0.0, Avg: 0.1, Max: 0.1, Diff: 0.1, Sum: 0.3]
      [Code Root Scanning (ms): Min: 0.0, Avg: 0.0, Max: 0.0, Diff: 0.0, Sum: 0.0]
      [Object Copy (ms): Min: 1.2, Avg: 2.0, Max: 2.2, Diff: 1.0, Sum: 7.9]
      [Termination (ms): Min: 0.0, Avg: 0.0, Max: 0.0, Diff: 0.0, Sum: 0.0]
      [GC Worker Other (ms): Min: 0.0, Avg: 0.0, Max: 0.0, Diff: 0.0, Sum: 0.1]
      [GC Worker Total (ms): Min: 1.3, Avg: 2.5, Max: 2.9, Diff: 1.6, Sum: 9.9]
      [GC Worker End (ms): Min: 241917.2, Avg: 241917.2, Max: 241917.3, Diff: 0.0]
   [Code Root Fixup: 0.0 ms]
   [Code Root Migration: 0.0 ms]
   [Clear CT: 0.1 ms]
   [Other: 184.1 ms]
      [Choose CSet: 0.0 ms]
      [Ref Proc: 183.4 ms]
      [Ref Enq: 0.3 ms]
      [Free CSet: 0.3 ms]
   [Eden: 185.0M(185.0M)->0.0B(185.0M) Survivors: 19.0M->19.0M Heap: 2150.8M(4096.0M)->1965.8M(4096.0M)]
 [Times: user=0.66 sys=0.01, real=0.19 secs] 
2016-01-06T01:07:43.465-0800: 242.128: [GC pause (young)
Desired survivor size 13631488 bytes, new threshold 1 (max 15)
- age   1:   17259832 bytes,   17259832 total
2016-01-06T01:07:43.658-0800: 242.321: [SoftReference, 0 refs, 0.0000500 secs]2016-01-06T01:07:43.659-0800: 242.321: [WeakReference, 0 refs, 0.0000070 secs]2016-01-06T01:07:43.659-0800: 242.321: [FinalReference, 0 refs, 0.0000050 secs]2016-01-06T01:07:43.659-0800: 242.321: [PhantomReference, 0 refs, 6245 refs, 0.0002360 secs]2016-01-06T01:07:43.659-0800: 242.322: [JNI Weak Reference, 0.0000070 secs], 0.1949010 secs]
   [Parallel Time: 4.4 ms, GC Workers: 4]
      [GC Worker Start (ms): Min: 242127.7, Avg: 242127.8, Max: 242127.8, Diff: 0.1]
      [Ext Root Scanning (ms): Min: 0.4, Avg: 1.4, Max: 4.3, Diff: 3.8, Sum: 5.6]
      [SATB Filtering (ms): Min: 0.0, Avg: 0.0, Max: 0.0, Diff: 0.0, Sum: 0.0]
      [Update RS (ms): Min: 0.0, Avg: 0.1, Max: 0.2, Diff: 0.2, Sum: 0.3]
         [Processed Buffers: Min: 0, Avg: 1.0, Max: 2, Diff: 2, Sum: 4]
      [Scan RS (ms): Min: 0.0, Avg: 0.1, Max: 0.1, Diff: 0.1, Sum: 0.3]
      [Code Root Scanning (ms): Min: 0.0, Avg: 0.0, Max: 0.0, Diff: 0.0, Sum: 0.1]
      [Object Copy (ms): Min: 0.0, Avg: 1.6, Max: 2.1, Diff: 2.1, Sum: 6.4]
      [Termination (ms): Min: 0.0, Avg: 1.1, Max: 1.5, Diff: 1.5, Sum: 4.5]
      [GC Worker Other (ms): Min: 0.0, Avg: 0.0, Max: 0.0, Diff: 0.0, Sum: 0.0]
      [GC Worker Total (ms): Min: 4.3, Avg: 4.3, Max: 4.3, Diff: 0.0, Sum: 17.2]
      [GC Worker End (ms): Min: 242132.0, Avg: 242132.0, Max: 242132.1, Diff: 0.0]
   [Code Root Fixup: 0.0 ms]
   [Code Root Migration: 0.0 ms]
   [Clear CT: 0.1 ms]
   [Other: 190.3 ms]
      [Choose CSet: 0.0 ms]
      [Ref Proc: 189.6 ms]
      [Ref Enq: 0.3 ms]
      [Free CSet: 0.3 ms]
   [Eden: 185.0M(185.0M)->0.0B(185.0M) Survivors: 19.0M->19.0M Heap: 2150.8M(4096.0M)->1965.9M(4096.0M)]
 [Times: user=0.75 sys=0.00, real=0.20 secs] 
2016-01-06T01:07:43.688-0800: 242.351: [GC pause (young)
Desired survivor size 13631488 bytes, new threshold 1 (max 15)
- age   1:   17259832 bytes,   17259832 total
2016-01-06T01:07:43.884-0800: 242.547: [SoftReference, 0 refs, 0.0000500 secs]2016-01-06T01:07:43.884-0800: 242.547: [WeakReference, 0 refs, 0.0000070 secs]2016-01-06T01:07:43.884-0800: 242.547: [FinalReference, 0 refs, 0.0000060 secs]2016-01-06T01:07:43.884-0800: 242.547: [PhantomReference, 0 refs, 6245 refs, 0.0002290 secs]2016-01-06T01:07:43.885-0800: 242.548: [JNI Weak Reference, 0.0000070 secs], 0.1974380 secs]
   [Parallel Time: 3.1 ms, GC Workers: 4]
      [GC Worker Start (ms): Min: 242351.2, Avg: 242351.3, Max: 242351.7, Diff: 0.5]
      [Ext Root Scanning (ms): Min: 0.0, Avg: 0.3, Max: 0.5, Diff: 0.5, Sum: 1.3]
      [SATB Filtering (ms): Min: 0.0, Avg: 0.0, Max: 0.0, Diff: 0.0, Sum: 0.0]
      [Update RS (ms): Min: 0.0, Avg: 0.1, Max: 0.2, Diff: 0.2, Sum: 0.3]
         [Processed Buffers: Min: 0, Avg: 0.8, Max: 1, Diff: 1, Sum: 3]
      [Scan RS (ms): Min: 0.1, Avg: 0.1, Max: 0.1, Diff: 0.1, Sum: 0.4]
      [Code Root Scanning (ms): Min: 0.0, Avg: 0.0, Max: 0.0, Diff: 0.0, Sum: 0.0]
      [Object Copy (ms): Min: 2.3, Avg: 2.3, Max: 2.3, Diff: 0.0, Sum: 9.3]
      [Termination (ms): Min: 0.0, Avg: 0.0, Max: 0.0, Diff: 0.0, Sum: 0.0]
      [GC Worker Other (ms): Min: 0.0, Avg: 0.0, Max: 0.0, Diff: 0.0, Sum: 0.1]
      [GC Worker Total (ms): Min: 2.5, Avg: 2.8, Max: 3.0, Diff: 0.5, Sum: 11.4]
      [GC Worker End (ms): Min: 242354.1, Avg: 242354.1, Max: 242354.2, Diff: 0.0]
   [Code Root Fixup: 0.0 ms]
   [Code Root Migration: 0.0 ms]
   [Clear CT: 0.2 ms]
   [Other: 194.2 ms]
      [Choose CSet: 0.0 ms]
      [Ref Proc: 193.5 ms]
      [Ref Enq: 0.3 ms]
      [Free CSet: 0.4 ms]
   [Eden: 185.0M(185.0M)->0.0B(185.0M) Survivors: 19.0M->19.0M Heap: 2150.9M(4096.0M)->1965.9M(4096.0M)]
 [Times: user=0.77 sys=0.00, real=0.20 secs] 
2016-01-06T01:07:43.912-0800: 242.575: [GC pause (young)
Desired survivor size 13631488 bytes, new threshold 1 (max 15)
- age   1:   17259832 bytes,   17259832 total
2016-01-06T01:07:44.112-0800: 242.775: [SoftReference, 0 refs, 0.0000350 secs]2016-01-06T01:07:44.112-0800: 242.775: [WeakReference, 0 refs, 0.0000070 secs]2016-01-06T01:07:44.112-0800: 242.775: [FinalReference, 0 refs, 0.0000060 secs]2016-01-06T01:07:44.112-0800: 242.775: [PhantomReference, 0 refs, 6245 refs, 0.0002350 secs]2016-01-06T01:07:44.112-0800: 242.775: [JNI Weak Reference, 0.0000070 secs], 0.2012390 secs]
   [Parallel Time: 3.0 ms, GC Workers: 4]
      [GC Worker Start (ms): Min: 242574.7, Avg: 242574.7, Max: 242574.8, Diff: 0.1]
      [Ext Root Scanning (ms): Min: 0.3, Avg: 0.4, Max: 0.4, Diff: 0.1, Sum: 1.4]
      [SATB Filtering (ms): Min: 0.0, Avg: 0.0, Max: 0.0, Diff: 0.0, Sum: 0.0]
      [Update RS (ms): Min: 0.0, Avg: 0.1, Max: 0.2, Diff: 0.2, Sum: 0.3]
         [Processed Buffers: Min: 0, Avg: 1.2, Max: 3, Diff: 3, Sum: 5]
      [Scan RS (ms): Min: 0.0, Avg: 0.1, Max: 0.1, Diff: 0.1, Sum: 0.3]
      [Code Root Scanning (ms): Min: 0.0, Avg: 0.0, Max: 0.0, Diff: 0.0, Sum: 0.0]
      [Object Copy (ms): Min: 2.2, Avg: 2.2, Max: 2.2, Diff: 0.0, Sum: 8.9]
      [Termination (ms): Min: 0.0, Avg: 0.0, Max: 0.0, Diff: 0.0, Sum: 0.0]
      [GC Worker Other (ms): Min: 0.0, Avg: 0.0, Max: 0.0, Diff: 0.0, Sum: 0.1]
      [GC Worker Total (ms): Min: 2.7, Avg: 2.8, Max: 2.8, Diff: 0.1, Sum: 11.1]
      [GC Worker End (ms): Min: 242577.5, Avg: 242577.5, Max: 242577.5, Diff: 0.0]
   [Code Root Fixup: 0.0 ms]
   [Code Root Migration: 0.0 ms]
   [Clear CT: 0.2 ms]
   [Other: 198.1 ms]
      [Choose CSet: 0.0 ms]
      [Ref Proc: 197.4 ms]
      [Ref Enq: 0.3 ms]
      [Free CSet: 0.3 ms]
   [Eden: 185.0M(185.0M)->0.0B(185.0M) Survivors: 19.0M->19.0M Heap: 2150.9M(4096.0M)->1965.9M(4096.0M)]
 [Times: user=0.73 sys=0.00, real=0.20 secs] 
2016-01-06T01:07:44.140-0800: 242.803: [GC pause (young)
Desired survivor size 13631488 bytes, new threshold 1 (max 15)
- age   1:   17259832 bytes,   17259832 total
2016-01-06T01:07:44.351-0800: 243.014: [SoftReference, 0 refs, 0.0000560 secs]2016-01-06T01:07:44.351-0800: 243.014: [WeakReference, 0 refs, 0.0000060 secs]2016-01-06T01:07:44.352-0800: 243.014: [FinalReference, 0 refs, 0.0000050 secs]2016-01-06T01:07:44.352-0800: 243.014: [PhantomReference, 0 refs, 6245 refs, 0.0002530 secs]2016-01-06T01:07:44.352-0800: 243.015: [JNI Weak Reference, 0.0000070 secs], 0.2121570 secs]
   [Parallel Time: 1.9 ms, GC Workers: 4]
      [GC Worker Start (ms): Min: 242803.5, Avg: 242803.5, Max: 242803.5, Diff: 0.1]
      [Ext Root Scanning (ms): Min: 0.3, Avg: 0.4, Max: 0.4, Diff: 0.2, Sum: 1.4]
      [SATB Filtering (ms): Min: 0.0, Avg: 0.0, Max: 0.0, Diff: 0.0, Sum: 0.0]
      [Update RS (ms): Min: 0.0, Avg: 0.1, Max: 0.2, Diff: 0.2, Sum: 0.4]
         [Processed Buffers: Min: 0, Avg: 1.2, Max: 2, Diff: 2, Sum: 5]
      [Scan RS (ms): Min: 0.0, Avg: 0.1, Max: 0.1, Diff: 0.1, Sum: 0.3]
      [Code Root Scanning (ms): Min: 0.0, Avg: 0.0, Max: 0.0, Diff: 0.0, Sum: 0.0]
      [Object Copy (ms): Min: 1.3, Avg: 1.3, Max: 1.3, Diff: 0.0, Sum: 5.1]
      [Termination (ms): Min: 0.0, Avg: 0.0, Max: 0.0, Diff: 0.0, Sum: 0.0]
      [GC Worker Other (ms): Min: 0.0, Avg: 0.0, Max: 0.0, Diff: 0.0, Sum: 0.0]
      [GC Worker Total (ms): Min: 1.8, Avg: 1.8, Max: 1.9, Diff: 0.1, Sum: 7.3]
      [GC Worker End (ms): Min: 242805.3, Avg: 242805.3, Max: 242805.3, Diff: 0.0]
   [Code Root Fixup: 0.0 ms]
   [Code Root Migration: 0.0 ms]
   [Clear CT: 0.1 ms]
   [Other: 210.1 ms]
      [Choose CSet: 0.0 ms]
      [Ref Proc: 209.4 ms]
      [Ref Enq: 0.3 ms]
      [Free CSet: 0.4 ms]
   [Eden: 185.0M(185.0M)->0.0B(200.0M) Survivors: 19.0M->4096.0K Heap: 2150.9M(4096.0M)->1951.5M(4096.0M)]
 [Times: user=0.79 sys=0.01, real=0.21 secs] 
2016-01-06T01:07:44.381-0800: 243.044: [GC pause (young)
Desired survivor size 13631488 bytes, new threshold 15 (max 15)
- age   1:    2485432 bytes,    2485432 total
2016-01-06T01:07:44.582-0800: 243.245: [SoftReference, 0 refs, 0.0000470 secs]2016-01-06T01:07:44.582-0800: 243.245: [WeakReference, 0 refs, 0.0000070 secs]2016-01-06T01:07:44.582-0800: 243.245: [FinalReference, 0 refs, 0.0000060 secs]2016-01-06T01:07:44.582-0800: 243.245: [PhantomReference, 0 refs, 6710 refs, 0.0002670 secs]2016-01-06T01:07:44.583-0800: 243.245: [JNI Weak Reference, 0.0000080 secs], 0.2021750 secs]
   [Parallel Time: 11.4 ms, GC Workers: 4]
      [GC Worker Start (ms): Min: 243044.3, Avg: 243044.3, Max: 243044.3, Diff: 0.1]
      [Ext Root Scanning (ms): Min: 0.3, Avg: 0.4, Max: 0.5, Diff: 0.1, Sum: 1.6]
      [SATB Filtering (ms): Min: 0.0, Avg: 0.0, Max: 0.0, Diff: 0.0, Sum: 0.0]
      [Update RS (ms): Min: 0.0, Avg: 0.1, Max: 0.2, Diff: 0.2, Sum: 0.4]
         [Processed Buffers: Min: 0, Avg: 1.2, Max: 3, Diff: 3, Sum: 5]
      [Scan RS (ms): Min: 0.0, Avg: 0.1, Max: 0.1, Diff: 0.1, Sum: 0.4]
      [Code Root Scanning (ms): Min: 0.0, Avg: 0.0, Max: 0.0, Diff: 0.0, Sum: 0.0]
      [Object Copy (ms): Min: 2.5, Avg: 4.6, Max: 10.7, Diff: 8.1, Sum: 18.3]
      [Termination (ms): Min: 0.0, Avg: 6.1, Max: 8.1, Diff: 8.1, Sum: 24.4]
      [GC Worker Other (ms): Min: 0.0, Avg: 0.0, Max: 0.0, Diff: 0.0, Sum: 0.1]
      [GC Worker Total (ms): Min: 11.2, Avg: 11.3, Max: 11.3, Diff: 0.1, Sum: 45.1]
      [GC Worker End (ms): Min: 243055.5, Avg: 243055.5, Max: 243055.6, Diff: 0.0]
   [Code Root Fixup: 0.0 ms]
   [Code Root Migration: 0.0 ms]
   [Clear CT: 0.2 ms]
   [Other: 190.6 ms]
      [Choose CSet: 0.0 ms]
      [Ref Proc: 189.8 ms]
      [Ref Enq: 0.3 ms]
      [Free CSet: 0.3 ms]
   [Eden: 200.0M(200.0M)->0.0B(185.0M) Survivors: 4096.0K->19.0M Heap: 2151.5M(4096.0M)->1966.5M(4096.0M)]
 [Times: user=0.68 sys=0.00, real=0.20 secs] 
2016-01-06T01:07:44.610-0800: 243.273: [GC pause (young)
Desired survivor size 13631488 bytes, new threshold 1 (max 15)
- age   1:   17293312 bytes,   17293312 total
- age   2:      36864 bytes,   17330176 total
2016-01-06T01:07:44.801-0800: 243.464: [SoftReference, 0 refs, 0.0000450 secs]2016-01-06T01:07:44.801-0800: 243.464: [WeakReference, 0 refs, 0.0000060 secs]2016-01-06T01:07:44.801-0800: 243.464: [FinalReference, 0 refs, 0.0000050 secs]2016-01-06T01:07:44.801-0800: 243.464: [PhantomReference, 0 refs, 6245 refs, 0.0002400 secs]2016-01-06T01:07:44.801-0800: 243.464: [JNI Weak Reference, 0.0000070 secs], 0.1920790 secs]
   [Parallel Time: 2.8 ms, GC Workers: 4]
      [GC Worker Start (ms): Min: 243272.9, Avg: 243272.9, Max: 243272.9, Diff: 0.1]
      [Ext Root Scanning (ms): Min: 0.3, Avg: 0.4, Max: 0.4, Diff: 0.1, Sum: 1.4]
      [SATB Filtering (ms): Min: 0.0, Avg: 0.0, Max: 0.0, Diff: 0.0, Sum: 0.0]
      [Update RS (ms): Min: 0.0, Avg: 0.1, Max: 0.2, Diff: 0.2, Sum: 0.2]
         [Processed Buffers: Min: 0, Avg: 1.0, Max: 3, Diff: 3, Sum: 4]
      [Scan RS (ms): Min: 0.0, Avg: 0.1, Max: 0.1, Diff: 0.1, Sum: 0.4]
      [Code Root Scanning (ms): Min: 0.0, Avg: 0.0, Max: 0.0, Diff: 0.0, Sum: 0.0]
      [Object Copy (ms): Min: 2.2, Avg: 2.2, Max: 2.2, Diff: 0.0, Sum: 8.7]
      [Termination (ms): Min: 0.0, Avg: 0.0, Max: 0.0, Diff: 0.0, Sum: 0.0]
      [GC Worker Other (ms): Min: 0.0, Avg: 0.0, Max: 0.0, Diff: 0.0, Sum: 0.1]
      [GC Worker Total (ms): Min: 2.7, Avg: 2.7, Max: 2.7, Diff: 0.1, Sum: 10.8]
      [GC Worker End (ms): Min: 243275.6, Avg: 243275.6, Max: 243275.6, Diff: 0.0]
   [Code Root Fixup: 0.0 ms]
   [Code Root Migration: 0.0 ms]
   [Clear CT: 0.2 ms]
   [Other: 189.1 ms]
      [Choose CSet: 0.0 ms]
      [Ref Proc: 188.4 ms]
      [Ref Enq: 0.3 ms]
      [Free CSet: 0.3 ms]
   [Eden: 185.0M(185.0M)->0.0B(185.0M) Survivors: 19.0M->19.0M Heap: 2151.5M(4096.0M)->1966.0M(4096.0M)]
 [Times: user=0.75 sys=0.00, real=0.19 secs] 
2016-01-06T01:07:44.830-0800: 243.493: [GC pause (young)
Desired survivor size 13631488 bytes, new threshold 1 (max 15)
- age   1:   17259832 bytes,   17259832 total
2016-01-06T01:07:45.020-0800: 243.683: [SoftReference, 0 refs, 0.0000470 secs]2016-01-06T01:07:45.020-0800: 243.683: [WeakReference, 0 refs, 0.0000070 secs]2016-01-06T01:07:45.020-0800: 243.683: [FinalReference, 0 refs, 0.0000050 secs]2016-01-06T01:07:45.020-0800: 243.683: [PhantomReference, 0 refs, 6245 refs, 0.0002380 secs]2016-01-06T01:07:45.020-0800: 243.683: [JNI Weak Reference, 0.0000070 secs], 0.1905320 secs]
   [Parallel Time: 3.0 ms, GC Workers: 4]
      [GC Worker Start (ms): Min: 243493.3, Avg: 243494.0, Max: 243496.0, Diff: 2.7]
      [Ext Root Scanning (ms): Min: 0.0, Avg: 0.3, Max: 0.5, Diff: 0.5, Sum: 1.3]
      [SATB Filtering (ms): Min: 0.0, Avg: 0.0, Max: 0.0, Diff: 0.0, Sum: 0.0]
      [Update RS (ms): Min: 0.0, Avg: 0.1, Max: 0.1, Diff: 0.1, Sum: 0.2]
         [Processed Buffers: Min: 0, Avg: 1.2, Max: 3, Diff: 3, Sum: 5]
      [Scan RS (ms): Min: 0.1, Avg: 0.1, Max: 0.1, Diff: 0.1, Sum: 0.4]
      [Code Root Scanning (ms): Min: 0.0, Avg: 0.0, Max: 0.0, Diff: 0.0, Sum: 0.0]
      [Object Copy (ms): Min: 0.1, Avg: 1.7, Max: 2.2, Diff: 2.1, Sum: 6.9]
      [Termination (ms): Min: 0.0, Avg: 0.0, Max: 0.0, Diff: 0.0, Sum: 0.0]
      [GC Worker Other (ms): Min: 0.0, Avg: 0.0, Max: 0.0, Diff: 0.0, Sum: 0.1]
      [GC Worker Total (ms): Min: 0.2, Avg: 2.2, Max: 2.9, Diff: 2.7, Sum: 8.9]
      [GC Worker End (ms): Min: 243496.2, Avg: 243496.2, Max: 243496.2, Diff: 0.0]
   [Code Root Fixup: 0.0 ms]
   [Code Root Migration: 0.0 ms]
   [Clear CT: 0.2 ms]
   [Other: 187.3 ms]
      [Choose CSet: 0.0 ms]
      [Ref Proc: 186.6 ms]
      [Ref Enq: 0.3 ms]
      [Free CSet: 0.3 ms]
   [Eden: 185.0M(185.0M)->0.0B(333.0M) Survivors: 19.0M->19.0M Heap: 2151.0M(4096.0M)->1966.6M(4096.0M)]
 [Times: user=0.71 sys=0.01, real=0.19 secs] 
2016-01-06T01:07:45.072-0800: 243.735: [GC pause (young)
Desired survivor size 23068672 bytes, new threshold 15 (max 15)
- age   1:   17259832 bytes,   17259832 total
2016-01-06T01:07:45.269-0800: 243.932: [SoftReference, 0 refs, 0.0000490 secs]2016-01-06T01:07:45.269-0800: 243.932: [WeakReference, 0 refs, 0.0000070 secs]2016-01-06T01:07:45.269-0800: 243.932: [FinalReference, 0 refs, 0.0000060 secs]2016-01-06T01:07:45.269-0800: 243.932: [PhantomReference, 0 refs, 10832 refs, 0.0003800 secs]2016-01-06T01:07:45.270-0800: 243.933: [JNI Weak Reference, 0.0000070 secs], 0.1991100 secs]
   [Parallel Time: 3.6 ms, GC Workers: 4]
      [GC Worker Start (ms): Min: 243734.9, Avg: 243735.0, Max: 243735.0, Diff: 0.1]
      [Ext Root Scanning (ms): Min: 0.3, Avg: 0.4, Max: 0.4, Diff: 0.1, Sum: 1.4]
      [SATB Filtering (ms): Min: 0.0, Avg: 0.0, Max: 0.0, Diff: 0.0, Sum: 0.0]
      [Update RS (ms): Min: 0.0, Avg: 0.1, Max: 0.2, Diff: 0.2, Sum: 0.3]
         [Processed Buffers: Min: 0, Avg: 1.0, Max: 2, Diff: 2, Sum: 4]
      [Scan RS (ms): Min: 0.1, Avg: 0.2, Max: 0.2, Diff: 0.1, Sum: 0.6]
      [Code Root Scanning (ms): Min: 0.0, Avg: 0.0, Max: 0.0, Diff: 0.0, Sum: 0.1]
      [Object Copy (ms): Min: 2.7, Avg: 2.7, Max: 2.8, Diff: 0.0, Sum: 11.0]
      [Termination (ms): Min: 0.0, Avg: 0.0, Max: 0.0, Diff: 0.0, Sum: 0.0]
      [GC Worker Other (ms): Min: 0.0, Avg: 0.0, Max: 0.1, Diff: 0.0, Sum: 0.1]
      [GC Worker Total (ms): Min: 3.4, Avg: 3.4, Max: 3.4, Diff: 0.0, Sum: 13.6]
      [GC Worker End (ms): Min: 243738.4, Avg: 243738.4, Max: 243738.4, Diff: 0.0]
   [Code Root Fixup: 0.0 ms]
   [Code Root Migration: 0.1 ms]
   [Clear CT: 0.2 ms]
   [Other: 195.3 ms]
      [Choose CSet: 0.0 ms]
      [Ref Proc: 194.2 ms]
      [Ref Enq: 0.5 ms]
      [Free CSet: 0.5 ms]
   [Eden: 333.0M(333.0M)->0.0B(252.0M) Survivors: 19.0M->19.0M Heap: 2299.6M(4096.0M)->1966.6M(4096.0M)]
 [Times: user=0.76 sys=0.01, real=0.20 secs] 
2016-01-06T01:07:45.310-0800: 243.973: [GC pause (young)
Desired survivor size 17825792 bytes, new threshold 15 (max 15)
- age   1:   17590168 bytes,   17590168 total
- age   2:      36864 bytes,   17627032 total
2016-01-06T01:07:45.517-0800: 244.180: [SoftReference, 0 refs, 0.0000460 secs]2016-01-06T01:07:45.517-0800: 244.180: [WeakReference, 0 refs, 0.0000060 secs]2016-01-06T01:07:45.517-0800: 244.180: [FinalReference, 0 refs, 0.0000060 secs]2016-01-06T01:07:45.517-0800: 244.180: [PhantomReference, 0 refs, 8321 refs, 0.0003290 secs]2016-01-06T01:07:45.518-0800: 244.181: [JNI Weak Reference, 0.0000120 secs], 0.2089550 secs]
   [Parallel Time: 2.4 ms, GC Workers: 4]
      [GC Worker Start (ms): Min: 243972.8, Avg: 243972.8, Max: 243972.9, Diff: 0.1]
      [Ext Root Scanning (ms): Min: 0.3, Avg: 0.4, Max: 0.4, Diff: 0.1, Sum: 1.4]
      [SATB Filtering (ms): Min: 0.0, Avg: 0.0, Max: 0.0, Diff: 0.0, Sum: 0.0]
      [Update RS (ms): Min: 0.0, Avg: 0.1, Max: 0.2, Diff: 0.2, Sum: 0.2]
         [Processed Buffers: Min: 0, Avg: 1.0, Max: 2, Diff: 2, Sum: 4]
      [Scan RS (ms): Min: 0.0, Avg: 0.1, Max: 0.2, Diff: 0.1, Sum: 0.5]
      [Code Root Scanning (ms): Min: 0.0, Avg: 0.0, Max: 0.0, Diff: 0.0, Sum: 0.0]
      [Object Copy (ms): Min: 1.7, Avg: 1.7, Max: 1.7, Diff: 0.0, Sum: 6.8]
      [Termination (ms): Min: 0.0, Avg: 0.0, Max: 0.0, Diff: 0.0, Sum: 0.0]
      [GC Worker Other (ms): Min: 0.0, Avg: 0.0, Max: 0.0, Diff: 0.0, Sum: 0.1]
      [GC Worker Total (ms): Min: 2.2, Avg: 2.3, Max: 2.3, Diff: 0.1, Sum: 9.1]
      [GC Worker End (ms): Min: 243975.1, Avg: 243975.1, Max: 243975.1, Diff: 0.0]
   [Code Root Fixup: 0.0 ms]
   [Code Root Migration: 0.0 ms]
   [Clear CT: 0.1 ms]
   [Other: 206.4 ms]
      [Choose CSet: 0.0 ms]
      [Ref Proc: 205.5 ms]
      [Ref Enq: 0.4 ms]
      [Free CSet: 0.4 ms]
   [Eden: 252.0M(252.0M)->0.0B(201.0M) Survivors: 19.0M->3072.0K Heap: 2218.6M(4096.0M)->1950.1M(4096.0M)]
 [Times: user=0.75 sys=0.00, real=0.21 secs] 
2016-01-06T01:07:45.550-0800: 244.213: [GC pause (young)
Desired survivor size 13631488 bytes, new threshold 15 (max 15)
- age   1:    1485856 bytes,    1485856 total
- age   2:      36864 bytes,    1522720 total
2016-01-06T01:07:45.744-0800: 244.407: [SoftReference, 0 refs, 0.0000560 secs]2016-01-06T01:07:45.744-0800: 244.407: [WeakReference, 0 refs, 0.0000070 secs]2016-01-06T01:07:45.744-0800: 244.407: [FinalReference, 0 refs, 0.0000060 secs]2016-01-06T01:07:45.744-0800: 244.407: [PhantomReference, 0 refs, 6738 refs, 0.0002490 secs]2016-01-06T01:07:45.744-0800: 244.407: [JNI Weak Reference, 0.0000070 secs], 0.1953030 secs]
   [Parallel Time: 3.1 ms, GC Workers: 4]
      [GC Worker Start (ms): Min: 244212.9, Avg: 244213.0, Max: 244213.0, Diff: 0.1]
      [Ext Root Scanning (ms): Min: 0.3, Avg: 0.4, Max: 0.4, Diff: 0.1, Sum: 1.4]
      [SATB Filtering (ms): Min: 0.0, Avg: 0.0, Max: 0.0, Diff: 0.0, Sum: 0.0]
      [Update RS (ms): Min: 0.0, Avg: 0.1, Max: 0.1, Diff: 0.1, Sum: 0.2]
         [Processed Buffers: Min: 0, Avg: 1.2, Max: 3, Diff: 3, Sum: 5]
      [Scan RS (ms): Min: 0.0, Avg: 0.1, Max: 0.1, Diff: 0.1, Sum: 0.4]
      [Code Root Scanning (ms): Min: 0.0, Avg: 0.0, Max: 0.0, Diff: 0.0, Sum: 0.0]
      [Object Copy (ms): Min: 2.3, Avg: 2.3, Max: 2.3, Diff: 0.0, Sum: 9.3]
      [Termination (ms): Min: 0.0, Avg: 0.0, Max: 0.0, Diff: 0.0, Sum: 0.0]
      [GC Worker Other (ms): Min: 0.0, Avg: 0.0, Max: 0.1, Diff: 0.0, Sum: 0.2]
      [GC Worker Total (ms): Min: 2.9, Avg: 2.9, Max: 2.9, Diff: 0.1, Sum: 11.6]
      [GC Worker End (ms): Min: 244215.9, Avg: 244215.9, Max: 244215.9, Diff: 0.0]
   [Code Root Fixup: 0.0 ms]
   [Code Root Migration: 0.0 ms]
   [Clear CT: 0.1 ms]
   [Other: 192.1 ms]
      [Choose CSet: 0.0 ms]
      [Ref Proc: 191.3 ms]
      [Ref Enq: 0.3 ms]
      [Free CSet: 0.4 ms]
   [Eden: 201.0M(201.0M)->0.0B(186.0M) Survivors: 3072.0K->18.0M Heap: 2151.1M(4096.0M)->1965.6M(4096.0M)]
 [Times: user=0.74 sys=0.00, real=0.20 secs] 
2016-01-06T01:07:45.774-0800: 244.437: [GC pause (young)
Desired survivor size 13631488 bytes, new threshold 1 (max 15)
- age   1:   17295544 bytes,   17295544 total
- age   2:      36864 bytes,   17332408 total
2016-01-06T01:07:45.963-0800: 244.625: [SoftReference, 0 refs, 0.0000460 secs]2016-01-06T01:07:45.963-0800: 244.625: [WeakReference, 0 refs, 0.0000070 secs]2016-01-06T01:07:45.963-0800: 244.625: [FinalReference, 0 refs, 0.0000060 secs]2016-01-06T01:07:45.963-0800: 244.626: [PhantomReference, 0 refs, 6274 refs, 0.0002340 secs]2016-01-06T01:07:45.963-0800: 244.626: [JNI Weak Reference, 0.0000080 secs], 0.1896980 secs]
   [Parallel Time: 3.0 ms, GC Workers: 4]
      [GC Worker Start (ms): Min: 244437.0, Avg: 244437.0, Max: 244437.0, Diff: 0.1]
      [Ext Root Scanning (ms): Min: 0.3, Avg: 0.4, Max: 0.4, Diff: 0.1, Sum: 1.5]
      [SATB Filtering (ms): Min: 0.0, Avg: 0.0, Max: 0.0, Diff: 0.0, Sum: 0.0]
      [Update RS (ms): Min: 0.0, Avg: 0.1, Max: 0.2, Diff: 0.2, Sum: 0.2]
         [Processed Buffers: Min: 0, Avg: 1.0, Max: 2, Diff: 2, Sum: 4]
      [Scan RS (ms): Min: 0.0, Avg: 0.1, Max: 0.1, Diff: 0.1, Sum: 0.3]
      [Code Root Scanning (ms): Min: 0.0, Avg: 0.0, Max: 0.0, Diff: 0.0, Sum: 0.0]
      [Object Copy (ms): Min: 2.3, Avg: 2.3, Max: 2.3, Diff: 0.1, Sum: 9.3]
      [Termination (ms): Min: 0.0, Avg: 0.0, Max: 0.0, Diff: 0.0, Sum: 0.0]
      [GC Worker Other (ms): Min: 0.0, Avg: 0.0, Max: 0.0, Diff: 0.0, Sum: 0.1]
      [GC Worker Total (ms): Min: 2.8, Avg: 2.9, Max: 2.9, Diff: 0.1, Sum: 11.5]
      [GC Worker End (ms): Min: 244439.9, Avg: 244439.9, Max: 244439.9, Diff: 0.0]
   [Code Root Fixup: 0.0 ms]
   [Code Root Migration: 0.0 ms]
   [Clear CT: 0.2 ms]
   [Other: 186.5 ms]
      [Choose CSet: 0.0 ms]
      [Ref Proc: 185.8 ms]
      [Ref Enq: 0.3 ms]
      [Free CSet: 0.3 ms]
   [Eden: 186.0M(186.0M)->0.0B(185.0M) Survivors: 18.0M->19.0M Heap: 2151.6M(4096.0M)->1966.6M(4096.0M)]
 [Times: user=0.74 sys=0.01, real=0.19 secs] 
2016-01-06T01:07:45.992-0800: 244.655: [GC pause (young)
Desired survivor size 13631488 bytes, new threshold 1 (max 15)
- age   1:   17262064 bytes,   17262064 total
2016-01-06T01:07:46.182-0800: 244.845: [SoftReference, 0 refs, 0.0000610 secs]2016-01-06T01:07:46.182-0800: 244.845: [WeakReference, 0 refs, 0.0000060 secs]2016-01-06T01:07:46.182-0800: 244.845: [FinalReference, 0 refs, 0.0000060 secs]2016-01-06T01:07:46.182-0800: 244.845: [PhantomReference, 0 refs, 6245 refs, 0.0002380 secs]2016-01-06T01:07:46.183-0800: 244.846: [JNI Weak Reference, 0.0000080 secs], 0.1913950 secs]
   [Parallel Time: 3.0 ms, GC Workers: 4]
      [GC Worker Start (ms): Min: 244655.2, Avg: 244655.2, Max: 244655.2, Diff: 0.1]
      [Ext Root Scanning (ms): Min: 0.3, Avg: 0.4, Max: 0.4, Diff: 0.1, Sum: 1.4]
      [SATB Filtering (ms): Min: 0.0, Avg: 0.0, Max: 0.0, Diff: 0.0, Sum: 0.0]
      [Update RS (ms): Min: 0.0, Avg: 0.1, Max: 0.2, Diff: 0.1, Sum: 0.3]
         [Processed Buffers: Min: 1, Avg: 1.2, Max: 2, Diff: 1, Sum: 5]
      [Scan RS (ms): Min: 0.1, Avg: 0.1, Max: 0.1, Diff: 0.0, Sum: 0.4]
      [Code Root Scanning (ms): Min: 0.0, Avg: 0.0, Max: 0.0, Diff: 0.0, Sum: 0.0]
      [Object Copy (ms): Min: 2.3, Avg: 2.3, Max: 2.3, Diff: 0.0, Sum: 9.1]
      [Termination (ms): Min: 0.0, Avg: 0.0, Max: 0.0, Diff: 0.0, Sum: 0.0]
      [GC Worker Other (ms): Min: 0.1, Avg: 0.1, Max: 0.1, Diff: 0.0, Sum: 0.2]
      [GC Worker Total (ms): Min: 2.8, Avg: 2.9, Max: 2.9, Diff: 0.1, Sum: 11.5]
      [GC Worker End (ms): Min: 244658.1, Avg: 244658.1, Max: 244658.1, Diff: 0.0]
   [Code Root Fixup: 0.0 ms]
   [Code Root Migration: 0.0 ms]
   [Clear CT: 0.2 ms]
   [Other: 188.2 ms]
      [Choose CSet: 0.0 ms]
      [Ref Proc: 187.5 ms]
      [Ref Enq: 0.3 ms]
      [Free CSet: 0.3 ms]
   [Eden: 185.0M(185.0M)->0.0B(365.0M) Survivors: 19.0M->19.0M Heap: 2151.6M(4096.0M)->1966.2M(4096.0M)]
 [Times: user=0.75 sys=0.00, real=0.19 secs] 
2016-01-06T01:07:46.240-0800: 244.903: [GC pause (young)
Desired survivor size 25165824 bytes, new threshold 15 (max 15)
- age   1:   17259832 bytes,   17259832 total
2016-01-06T01:07:46.428-0800: 245.091: [SoftReference, 0 refs, 0.0000460 secs]2016-01-06T01:07:46.428-0800: 245.091: [WeakReference, 0 refs, 0.0000070 secs]2016-01-06T01:07:46.428-0800: 245.091: [FinalReference, 0 refs, 0.0000060 secs]2016-01-06T01:07:46.428-0800: 245.091: [PhantomReference, 0 refs, 11825 refs, 0.0004710 secs]2016-01-06T01:07:46.429-0800: 245.092: [JNI Weak Reference, 0.0000080 secs], 0.1901220 secs]
   [Parallel Time: 3.7 ms, GC Workers: 4]
      [GC Worker Start (ms): Min: 244902.8, Avg: 244902.9, Max: 244902.9, Diff: 0.1]
      [Ext Root Scanning (ms): Min: 0.3, Avg: 0.4, Max: 0.5, Diff: 0.1, Sum: 1.5]
      [SATB Filtering (ms): Min: 0.0, Avg: 0.0, Max: 0.0, Diff: 0.0, Sum: 0.0]
      [Update RS (ms): Min: 0.0, Avg: 0.1, Max: 0.2, Diff: 0.2, Sum: 0.3]
         [Processed Buffers: Min: 0, Avg: 1.2, Max: 2, Diff: 2, Sum: 5]
      [Scan RS (ms): Min: 0.1, Avg: 0.2, Max: 0.2, Diff: 0.1, Sum: 0.7]
      [Code Root Scanning (ms): Min: 0.0, Avg: 0.0, Max: 0.0, Diff: 0.0, Sum: 0.1]
      [Object Copy (ms): Min: 2.9, Avg: 2.9, Max: 3.0, Diff: 0.0, Sum: 11.8]
      [Termination (ms): Min: 0.0, Avg: 0.0, Max: 0.0, Diff: 0.0, Sum: 0.0]
      [GC Worker Other (ms): Min: 0.0, Avg: 0.0, Max: 0.1, Diff: 0.0, Sum: 0.1]
      [GC Worker Total (ms): Min: 3.6, Avg: 3.6, Max: 3.7, Diff: 0.1, Sum: 14.5]
      [GC Worker End (ms): Min: 244906.5, Avg: 244906.5, Max: 244906.5, Diff: 0.0]
   [Code Root Fixup: 0.0 ms]
   [Code Root Migration: 0.1 ms]
   [Clear CT: 0.1 ms]
   [Other: 186.2 ms]
      [Choose CSet: 0.0 ms]
      [Ref Proc: 185.0 ms]
      [Ref Enq: 0.5 ms]
      [Free CSet: 0.6 ms]
   [Eden: 365.0M(365.0M)->0.0B(1058.0M) Survivors: 19.0M->19.0M Heap: 2331.2M(4096.0M)->1966.7M(4096.0M)]
 [Times: user=0.70 sys=0.00, real=0.19 secs] 
2016-01-06T01:07:46.594-0800: 245.256: [GC pause (young)
Desired survivor size 70778880 bytes, new threshold 15 (max 15)
- age   1:   17661592 bytes,   17661592 total
- age   2:      36864 bytes,   17698456 total
2016-01-06T01:07:46.772-0800: 245.434: [SoftReference, 0 refs, 0.0000440 secs]2016-01-06T01:07:46.772-0800: 245.435: [WeakReference, 0 refs, 0.0000060 secs]2016-01-06T01:07:46.772-0800: 245.435: [FinalReference, 0 refs, 0.0000240 secs]2016-01-06T01:07:46.772-0800: 245.435: [PhantomReference, 0 refs, 33308 refs, 0.0011380 secs]2016-01-06T01:07:46.773-0800: 245.436: [JNI Weak Reference, 0.0000070 secs], 0.1826880 secs]
   [Parallel Time: 7.9 ms, GC Workers: 4]
      [GC Worker Start (ms): Min: 245256.5, Avg: 245256.6, Max: 245256.6, Diff: 0.1]
      [Ext Root Scanning (ms): Min: 0.3, Avg: 0.4, Max: 0.4, Diff: 0.1, Sum: 1.4]
      [SATB Filtering (ms): Min: 0.0, Avg: 0.0, Max: 0.0, Diff: 0.0, Sum: 0.0]
      [Update RS (ms): Min: 0.0, Avg: 0.1, Max: 0.2, Diff: 0.2, Sum: 0.2]
         [Processed Buffers: Min: 0, Avg: 1.0, Max: 3, Diff: 3, Sum: 4]
      [Scan RS (ms): Min: 0.4, Avg: 0.5, Max: 0.5, Diff: 0.1, Sum: 1.9]
      [Code Root Scanning (ms): Min: 0.0, Avg: 0.1, Max: 0.1, Diff: 0.0, Sum: 0.2]
      [Object Copy (ms): Min: 6.7, Avg: 6.7, Max: 6.8, Diff: 0.1, Sum: 27.0]
      [Termination (ms): Min: 0.0, Avg: 0.0, Max: 0.1, Diff: 0.1, Sum: 0.1]
      [GC Worker Other (ms): Min: 0.0, Avg: 0.0, Max: 0.1, Diff: 0.1, Sum: 0.2]
      [GC Worker Total (ms): Min: 7.7, Avg: 7.8, Max: 7.8, Diff: 0.1, Sum: 31.1]
      [GC Worker End (ms): Min: 245264.3, Avg: 245264.3, Max: 245264.3, Diff: 0.0]
   [Code Root Fixup: 0.0 ms]
   [Code Root Migration: 0.2 ms]
   [Clear CT: 0.3 ms]
   [Other: 174.3 ms]
      [Choose CSet: 0.0 ms]
      [Ref Proc: 171.3 ms]
      [Ref Enq: 1.5 ms]
      [Free CSet: 1.4 ms]
   [Eden: 1058.0M(1058.0M)->0.0B(1693.0M) Survivors: 19.0M->18.0M Heap: 3024.7M(4096.0M)->1965.7M(4096.0M)]
 [Times: user=0.66 sys=0.00, real=0.18 secs] 
2016-01-06T01:07:47.034-0800: 245.697: [GC pause (young)
Desired survivor size 112197632 bytes, new threshold 15 (max 15)
- age   1:   16581808 bytes,   16581808 total
- age   2:      36864 bytes,   16618672 total
2016-01-06T01:07:47.234-0800: 245.897: [SoftReference, 0 refs, 0.0000430 secs]2016-01-06T01:07:47.234-0800: 245.897: [WeakReference, 0 refs, 0.0000070 secs]2016-01-06T01:07:47.234-0800: 245.897: [FinalReference, 0 refs, 0.0000050 secs]2016-01-06T01:07:47.234-0800: 245.897: [PhantomReference, 0 refs, 52993 refs, 0.0018500 secs]2016-01-06T01:07:47.236-0800: 245.899: [JNI Weak Reference, 0.0000070 secs], 0.2074330 secs]
   [Parallel Time: 14.1 ms, GC Workers: 4]
      [GC Worker Start (ms): Min: 245696.8, Avg: 245699.6, Max: 245707.7, Diff: 10.9]
      [Ext Root Scanning (ms): Min: 0.0, Avg: 0.4, Max: 0.5, Diff: 0.5, Sum: 1.4]
      [SATB Filtering (ms): Min: 0.0, Avg: 0.0, Max: 0.0, Diff: 0.0, Sum: 0.0]
      [Update RS (ms): Min: 0.0, Avg: 0.1, Max: 0.2, Diff: 0.2, Sum: 0.3]
         [Processed Buffers: Min: 0, Avg: 1.0, Max: 3, Diff: 3, Sum: 4]
      [Scan RS (ms): Min: 0.5, Avg: 0.9, Max: 1.0, Diff: 0.6, Sum: 3.4]
      [Code Root Scanning (ms): Min: 0.0, Avg: 0.1, Max: 0.1, Diff: 0.1, Sum: 0.3]
      [Object Copy (ms): Min: 2.4, Avg: 9.7, Max: 12.2, Diff: 9.8, Sum: 38.8]
      [Termination (ms): Min: 0.0, Avg: 0.1, Max: 0.2, Diff: 0.2, Sum: 0.4]
      [GC Worker Other (ms): Min: 0.0, Avg: 0.0, Max: 0.1, Diff: 0.1, Sum: 0.2]
      [GC Worker Total (ms): Min: 3.0, Avg: 11.2, Max: 14.0, Diff: 10.9, Sum: 44.8]
      [GC Worker End (ms): Min: 245710.8, Avg: 245710.8, Max: 245710.8, Diff: 0.0]
   [Code Root Fixup: 0.0 ms]
   [Code Root Migration: 0.2 ms]
   [Clear CT: 0.4 ms]
   [Other: 192.7 ms]
      [Choose CSet: 0.0 ms]
      [Ref Proc: 188.1 ms]
      [Ref Enq: 2.5 ms]
      [Free CSet: 2.1 ms]
   [Eden: 1693.0M(1693.0M)->0.0B(671.0M) Survivors: 18.0M->22.0M Heap: 3658.7M(4096.0M)->1969.2M(4096.0M)]
 [Times: user=0.76 sys=0.00, real=0.21 secs] 
2016-01-06T01:07:47.345-0800: 246.008: [GC pause (young)
Desired survivor size 45613056 bytes, new threshold 15 (max 15)
- age   1:   20625688 bytes,   20625688 total
- age   2:      36864 bytes,   20662552 total
2016-01-06T01:07:47.537-0800: 246.200: [SoftReference, 0 refs, 0.0000510 secs]2016-01-06T01:07:47.537-0800: 246.200: [WeakReference, 0 refs, 0.0000060 secs]2016-01-06T01:07:47.537-0800: 246.200: [FinalReference, 0 refs, 0.0000060 secs]2016-01-06T01:07:47.537-0800: 246.200: [PhantomReference, 0 refs, 21311 refs, 0.0008260 secs]2016-01-06T01:07:47.538-0800: 246.201: [JNI Weak Reference, 0.0000080 secs], 0.1955400 secs]
   [Parallel Time: 5.5 ms, GC Workers: 4]
      [GC Worker Start (ms): Min: 246007.9, Avg: 246008.0, Max: 246008.0, Diff: 0.1]
      [Ext Root Scanning (ms): Min: 0.3, Avg: 0.4, Max: 0.4, Diff: 0.1, Sum: 1.5]
      [SATB Filtering (ms): Min: 0.0, Avg: 0.0, Max: 0.0, Diff: 0.0, Sum: 0.0]
      [Update RS (ms): Min: 0.0, Avg: 0.1, Max: 0.2, Diff: 0.2, Sum: 0.2]
         [Processed Buffers: Min: 0, Avg: 0.8, Max: 2, Diff: 2, Sum: 3]
      [Scan RS (ms): Min: 0.2, Avg: 0.3, Max: 0.4, Diff: 0.2, Sum: 1.2]
      [Code Root Scanning (ms): Min: 0.0, Avg: 0.0, Max: 0.0, Diff: 0.0, Sum: 0.1]
      [Object Copy (ms): Min: 4.6, Avg: 4.6, Max: 4.6, Diff: 0.0, Sum: 18.3]
      [Termination (ms): Min: 0.0, Avg: 0.0, Max: 0.0, Diff: 0.0, Sum: 0.0]
      [GC Worker Other (ms): Min: 0.0, Avg: 0.1, Max: 0.1, Diff: 0.0, Sum: 0.2]
      [GC Worker Total (ms): Min: 5.3, Avg: 5.4, Max: 5.5, Diff: 0.1, Sum: 21.6]
      [GC Worker End (ms): Min: 246013.4, Avg: 246013.4, Max: 246013.4, Diff: 0.0]
   [Code Root Fixup: 0.0 ms]
   [Code Root Migration: 0.1 ms]
   [Clear CT: 0.3 ms]
   [Other: 189.6 ms]
      [Choose CSet: 0.0 ms]
      [Ref Proc: 187.5 ms]
      [Ref Enq: 1.0 ms]
      [Free CSet: 1.0 ms]
   [Eden: 671.0M(671.0M)->0.0B(889.0M) Survivors: 22.0M->20.0M Heap: 2640.2M(4096.0M)->1967.2M(4096.0M)]
 [Times: user=0.71 sys=0.01, real=0.20 secs] 
2016-01-06T01:07:47.684-0800: 246.346: [GC pause (young)
Desired survivor size 59768832 bytes, new threshold 15 (max 15)
- age   1:   18344584 bytes,   18344584 total
- age   2:      36864 bytes,   18381448 total
2016-01-06T01:07:47.877-0800: 246.540: [SoftReference, 0 refs, 0.0000400 secs]2016-01-06T01:07:47.877-0800: 246.540: [WeakReference, 0 refs, 0.0000070 secs]2016-01-06T01:07:47.877-0800: 246.540: [FinalReference, 0 refs, 0.0000050 secs]2016-01-06T01:07:47.877-0800: 246.540: [PhantomReference, 0 refs, 28069 refs, 0.0009580 secs]2016-01-06T01:07:47.878-0800: 246.541: [JNI Weak Reference, 0.0000080 secs], 0.1972450 secs]
   [Parallel Time: 7.0 ms, GC Workers: 4]
      [GC Worker Start (ms): Min: 246346.6, Avg: 246346.8, Max: 246347.3, Diff: 0.8]
      [Ext Root Scanning (ms): Min: 0.0, Avg: 0.3, Max: 0.5, Diff: 0.5, Sum: 1.3]
      [SATB Filtering (ms): Min: 0.0, Avg: 0.0, Max: 0.0, Diff: 0.0, Sum: 0.0]
      [Update RS (ms): Min: 0.0, Avg: 0.0, Max: 0.1, Diff: 0.1, Sum: 0.1]
         [Processed Buffers: Min: 0, Avg: 1.0, Max: 3, Diff: 3, Sum: 4]
      [Scan RS (ms): Min: 0.3, Avg: 0.4, Max: 0.5, Diff: 0.2, Sum: 1.6]
      [Code Root Scanning (ms): Min: 0.0, Avg: 0.0, Max: 0.1, Diff: 0.0, Sum: 0.2]
      [Object Copy (ms): Min: 5.8, Avg: 5.8, Max: 5.9, Diff: 0.1, Sum: 23.3]
      [Termination (ms): Min: 0.0, Avg: 0.0, Max: 0.0, Diff: 0.0, Sum: 0.0]
      [GC Worker Other (ms): Min: 0.0, Avg: 0.0, Max: 0.1, Diff: 0.0, Sum: 0.2]
      [GC Worker Total (ms): Min: 6.1, Avg: 6.7, Max: 6.9, Diff: 0.8, Sum: 26.7]
      [GC Worker End (ms): Min: 246353.4, Avg: 246353.4, Max: 246353.5, Diff: 0.0]
   [Code Root Fixup: 0.0 ms]
   [Code Root Migration: 0.1 ms]
   [Clear CT: 0.2 ms]
   [Other: 189.9 ms]
      [Choose CSet: 0.0 ms]
      [Ref Proc: 187.4 ms]
      [Ref Enq: 1.3 ms]
      [Free CSet: 1.1 ms]
   [Eden: 889.0M(889.0M)->0.0B(996.0M) Survivors: 20.0M->20.0M Heap: 2856.2M(4096.0M)->1967.7M(4096.0M)]
 [Times: user=0.76 sys=0.01, real=0.20 secs] 
2016-01-06T01:07:48.021-0800: 246.684: [GC pause (young)
Desired survivor size 66584576 bytes, new threshold 15 (max 15)
- age   1:   18831160 bytes,   18831160 total
- age   2:      36864 bytes,   18868024 total
2016-01-06T01:07:48.220-0800: 246.883: [SoftReference, 0 refs, 0.0000390 secs]2016-01-06T01:07:48.220-0800: 246.883: [WeakReference, 0 refs, 0.0000070 secs]2016-01-06T01:07:48.220-0800: 246.883: [FinalReference, 0 refs, 0.0000060 secs]2016-01-06T01:07:48.220-0800: 246.883: [PhantomReference, 0 refs, 31386 refs, 0.0011000 secs]2016-01-06T01:07:48.222-0800: 246.885: [JNI Weak Reference, 0.0000080 secs], 0.2037410 secs]
   [Parallel Time: 7.7 ms, GC Workers: 4]
      [GC Worker Start (ms): Min: 246684.0, Avg: 246684.0, Max: 246684.0, Diff: 0.1]
      [Ext Root Scanning (ms): Min: 0.3, Avg: 0.4, Max: 0.4, Diff: 0.1, Sum: 1.4]
      [SATB Filtering (ms): Min: 0.0, Avg: 0.0, Max: 0.0, Diff: 0.0, Sum: 0.0]
      [Update RS (ms): Min: 0.0, Avg: 0.1, Max: 0.2, Diff: 0.2, Sum: 0.2]
         [Processed Buffers: Min: 0, Avg: 1.0, Max: 3, Diff: 3, Sum: 4]
      [Scan RS (ms): Min: 0.4, Avg: 0.5, Max: 0.5, Diff: 0.1, Sum: 1.8]
      [Code Root Scanning (ms): Min: 0.0, Avg: 0.1, Max: 0.1, Diff: 0.0, Sum: 0.2]
      [Object Copy (ms): Min: 6.6, Avg: 6.6, Max: 6.6, Diff: 0.0, Sum: 26.4]
      [Termination (ms): Min: 0.0, Avg: 0.0, Max: 0.0, Diff: 0.0, Sum: 0.0]
      [GC Worker Other (ms): Min: 0.0, Avg: 0.1, Max: 0.1, Diff: 0.0, Sum: 0.2]
      [GC Worker Total (ms): Min: 7.5, Avg: 7.6, Max: 7.7, Diff: 0.1, Sum: 30.4]
      [GC Worker End (ms): Min: 246691.6, Avg: 246691.6, Max: 246691.6, Diff: 0.0]
   [Code Root Fixup: 0.0 ms]
   [Code Root Migration: 0.1 ms]
   [Clear CT: 0.3 ms]
   [Other: 195.6 ms]
      [Choose CSet: 0.0 ms]
      [Ref Proc: 192.8 ms]
      [Ref Enq: 1.4 ms]
      [Free CSet: 1.2 ms]
   [Eden: 996.0M(996.0M)->0.0B(379.0M) Survivors: 20.0M->20.0M Heap: 2963.7M(4096.0M)->1967.7M(4096.0M)]
 [Times: user=0.78 sys=0.01, real=0.20 secs] 
2016-01-06T01:07:48.281-0800: 246.944: [GC pause (young)
Desired survivor size 26214400 bytes, new threshold 15 (max 15)
- age   1:   19069984 bytes,   19069984 total
- age   2:      36864 bytes,   19106848 total
2016-01-06T01:07:48.471-0800: 247.134: [SoftReference, 0 refs, 0.0000430 secs]2016-01-06T01:07:48.471-0800: 247.134: [WeakReference, 0 refs, 0.0000060 secs]2016-01-06T01:07:48.471-0800: 247.134: [FinalReference, 0 refs, 0.0000060 secs]2016-01-06T01:07:48.471-0800: 247.134: [PhantomReference, 0 refs, 12259 refs, 0.0004330 secs]2016-01-06T01:07:48.472-0800: 247.135: [JNI Weak Reference, 0.0000080 secs], 0.1918530 secs]
   [Parallel Time: 3.7 ms, GC Workers: 4]
      [GC Worker Start (ms): Min: 246944.4, Avg: 246945.3, Max: 246947.9, Diff: 3.5]
      [Ext Root Scanning (ms): Min: 0.0, Avg: 0.3, Max: 0.5, Diff: 0.5, Sum: 1.3]
      [SATB Filtering (ms): Min: 0.0, Avg: 0.0, Max: 0.0, Diff: 0.0, Sum: 0.0]
      [Update RS (ms): Min: 0.0, Avg: 0.0, Max: 0.1, Diff: 0.1, Sum: 0.1]
         [Processed Buffers: Min: 0, Avg: 1.0, Max: 2, Diff: 2, Sum: 4]
      [Scan RS (ms): Min: 0.1, Avg: 0.2, Max: 0.2, Diff: 0.2, Sum: 0.7]
      [Code Root Scanning (ms): Min: 0.0, Avg: 0.0, Max: 0.0, Diff: 0.0, Sum: 0.1]
      [Object Copy (ms): Min: 0.0, Avg: 1.9, Max: 2.6, Diff: 2.6, Sum: 7.8]
      [Termination (ms): Min: 0.0, Avg: 0.2, Max: 0.3, Diff: 0.3, Sum: 0.8]
      [GC Worker Other (ms): Min: 0.0, Avg: 0.0, Max: 0.0, Diff: 0.0, Sum: 0.1]
      [GC Worker Total (ms): Min: 0.1, Avg: 2.7, Max: 3.6, Diff: 3.5, Sum: 10.9]
      [GC Worker End (ms): Min: 246948.0, Avg: 246948.0, Max: 246948.0, Diff: 0.0]
   [Code Root Fixup: 0.0 ms]
   [Code Root Migration: 0.1 ms]
   [Clear CT: 0.1 ms]
   [Other: 187.9 ms]
      [Choose CSet: 0.0 ms]
      [Ref Proc: 186.7 ms]
      [Ref Enq: 0.5 ms]
      [Free CSet: 0.6 ms]
   [Eden: 379.0M(379.0M)->0.0B(982.0M) Survivors: 20.0M->19.0M Heap: 2346.7M(4096.0M)->1966.2M(4096.0M)]
 [Times: user=0.70 sys=0.00, real=0.19 secs] 
2016-01-06T01:07:48.621-0800: 247.284: [GC pause (young)
Desired survivor size 66060288 bytes, new threshold 15 (max 15)
- age   1:   17692840 bytes,   17692840 total
- age   2:      36864 bytes,   17729704 total
2016-01-06T01:07:48.817-0800: 247.480: [SoftReference, 0 refs, 0.0000440 secs]2016-01-06T01:07:48.817-0800: 247.480: [WeakReference, 0 refs, 0.0000070 secs]2016-01-06T01:07:48.817-0800: 247.480: [FinalReference, 0 refs, 0.0000050 secs]2016-01-06T01:07:48.817-0800: 247.480: [PhantomReference, 0 refs, 30951 refs, 0.0010430 secs]2016-01-06T01:07:48.818-0800: 247.481: [JNI Weak Reference, 0.0000080 secs], 0.2002960 secs]
   [Parallel Time: 7.1 ms, GC Workers: 4]
      [GC Worker Start (ms): Min: 247284.1, Avg: 247284.2, Max: 247284.2, Diff: 0.1]
      [Ext Root Scanning (ms): Min: 0.3, Avg: 0.4, Max: 0.4, Diff: 0.1, Sum: 1.4]
      [SATB Filtering (ms): Min: 0.0, Avg: 0.0, Max: 0.0, Diff: 0.0, Sum: 0.0]
      [Update RS (ms): Min: 0.0, Avg: 0.1, Max: 0.2, Diff: 0.2, Sum: 0.2]
         [Processed Buffers: Min: 0, Avg: 0.8, Max: 2, Diff: 2, Sum: 3]
      [Scan RS (ms): Min: 0.3, Avg: 0.4, Max: 0.5, Diff: 0.2, Sum: 1.8]
      [Code Root Scanning (ms): Min: 0.0, Avg: 0.1, Max: 0.1, Diff: 0.0, Sum: 0.2]
      [Object Copy (ms): Min: 6.0, Avg: 6.0, Max: 6.0, Diff: 0.0, Sum: 24.0]
      [Termination (ms): Min: 0.0, Avg: 0.0, Max: 0.0, Diff: 0.0, Sum: 0.0]
      [GC Worker Other (ms): Min: 0.0, Avg: 0.1, Max: 0.1, Diff: 0.0, Sum: 0.2]
      [GC Worker Total (ms): Min: 6.9, Avg: 7.0, Max: 7.0, Diff: 0.1, Sum: 27.9]
      [GC Worker End (ms): Min: 247291.1, Avg: 247291.2, Max: 247291.2, Diff: 0.0]
   [Code Root Fixup: 0.0 ms]
   [Code Root Migration: 0.1 ms]
   [Clear CT: 0.3 ms]
   [Other: 192.7 ms]
      [Choose CSet: 0.0 ms]
      [Ref Proc: 190.0 ms]
      [Ref Enq: 1.4 ms]
      [Free CSet: 1.2 ms]
   [Eden: 982.0M(982.0M)->0.0B(467.0M) Survivors: 19.0M->12.0M Heap: 2948.2M(4096.0M)->1959.7M(4096.0M)]
 [Times: user=0.76 sys=0.00, real=0.20 secs] 
2016-01-06T01:07:48.894-0800: 247.556: [GC pause (young)
Desired survivor size 31457280 bytes, new threshold 15 (max 15)
- age   1:   10830736 bytes,   10830736 total
- age   2:      36864 bytes,   10867600 total
2016-01-06T01:07:49.086-0800: 247.749: [SoftReference, 0 refs, 0.0000470 secs]2016-01-06T01:07:49.086-0800: 247.749: [WeakReference, 0 refs, 0.0000100 secs]2016-01-06T01:07:49.086-0800: 247.749: [FinalReference, 0 refs, 0.0000080 secs]2016-01-06T01:07:49.086-0800: 247.749: [PhantomReference, 0 refs, 14987 refs, 0.0008700 secs]2016-01-06T01:07:49.087-0800: 247.750: [JNI Weak Reference, 0.0000100 secs], 0.1951090 secs]
   [Parallel Time: 4.0 ms, GC Workers: 4]
      [GC Worker Start (ms): Min: 247556.5, Avg: 247556.8, Max: 247557.7, Diff: 1.2]
      [Ext Root Scanning (ms): Min: 0.0, Avg: 0.3, Max: 0.5, Diff: 0.5, Sum: 1.3]
      [SATB Filtering (ms): Min: 0.0, Avg: 0.0, Max: 0.0, Diff: 0.0, Sum: 0.0]
      [Update RS (ms): Min: 0.0, Avg: 0.0, Max: 0.1, Diff: 0.1, Sum: 0.2]
         [Processed Buffers: Min: 0, Avg: 1.0, Max: 2, Diff: 2, Sum: 4]
      [Scan RS (ms): Min: 0.0, Avg: 0.2, Max: 0.3, Diff: 0.3, Sum: 0.8]
      [Code Root Scanning (ms): Min: 0.0, Avg: 0.0, Max: 0.0, Diff: 0.0, Sum: 0.1]
      [Object Copy (ms): Min: 2.7, Avg: 3.0, Max: 3.1, Diff: 0.5, Sum: 12.0]
      [Termination (ms): Min: 0.0, Avg: 0.0, Max: 0.0, Diff: 0.0, Sum: 0.0]
      [GC Worker Other (ms): Min: 0.0, Avg: 0.0, Max: 0.1, Diff: 0.0, Sum: 0.1]
      [GC Worker Total (ms): Min: 2.7, Avg: 3.6, Max: 3.9, Diff: 1.2, Sum: 14.5]
      [GC Worker End (ms): Min: 247560.4, Avg: 247560.4, Max: 247560.5, Diff: 0.0]
   [Code Root Fixup: 0.0 ms]
   [Code Root Migration: 0.1 ms]
   [Clear CT: 0.2 ms]
   [Other: 190.8 ms]
      [Choose CSet: 0.0 ms]
      [Ref Proc: 189.0 ms]
      [Ref Enq: 1.0 ms]
      [Free CSet: 0.7 ms]
   [Eden: 467.0M(467.0M)->0.0B(748.0M) Survivors: 12.0M->20.0M Heap: 2426.7M(4096.0M)->1967.2M(4096.0M)]
 [Times: user=0.73 sys=0.00, real=0.20 secs] 
2016-01-06T01:07:49.203-0800: 247.866: [GC pause (young)
Desired survivor size 50331648 bytes, new threshold 15 (max 15)
- age   1:   17889256 bytes,   17889256 total
- age   2:      36864 bytes,   17926120 total
2016-01-06T01:07:49.401-0800: 248.064: [SoftReference, 0 refs, 0.0000480 secs]2016-01-06T01:07:49.401-0800: 248.064: [WeakReference, 0 refs, 0.0000070 secs]2016-01-06T01:07:49.401-0800: 248.064: [FinalReference, 0 refs, 0.0000060 secs]2016-01-06T01:07:49.401-0800: 248.064: [PhantomReference, 0 refs, 23697 refs, 0.0008230 secs]2016-01-06T01:07:49.402-0800: 248.064: [JNI Weak Reference, 0.0000080 secs], 0.2009200 secs]
   [Parallel Time: 6.5 ms, GC Workers: 4]
      [GC Worker Start (ms): Min: 247866.0, Avg: 247866.6, Max: 247867.9, Diff: 1.9]
      [Ext Root Scanning (ms): Min: 0.0, Avg: 0.3, Max: 0.5, Diff: 0.5, Sum: 1.3]
      [SATB Filtering (ms): Min: 0.0, Avg: 0.0, Max: 0.0, Diff: 0.0, Sum: 0.0]
      [Update RS (ms): Min: 0.0, Avg: 0.1, Max: 0.2, Diff: 0.2, Sum: 0.2]
         [Processed Buffers: Min: 0, Avg: 1.0, Max: 3, Diff: 3, Sum: 4]
      [Scan RS (ms): Min: 0.1, Avg: 0.4, Max: 0.5, Diff: 0.4, Sum: 1.4]
      [Code Root Scanning (ms): Min: 0.0, Avg: 0.0, Max: 0.1, Diff: 0.1, Sum: 0.1]
      [Object Copy (ms): Min: 4.3, Avg: 5.0, Max: 5.2, Diff: 0.9, Sum: 20.0]
      [Termination (ms): Min: 0.0, Avg: 0.0, Max: 0.0, Diff: 0.0, Sum: 0.0]
      [GC Worker Other (ms): Min: 0.0, Avg: 0.0, Max: 0.0, Diff: 0.0, Sum: 0.1]
      [GC Worker Total (ms): Min: 4.5, Avg: 5.8, Max: 6.4, Diff: 1.9, Sum: 23.2]
      [GC Worker End (ms): Min: 247872.4, Avg: 247872.4, Max: 247872.4, Diff: 0.0]
   [Code Root Fixup: 0.0 ms]
   [Code Root Migration: 0.1 ms]
   [Clear CT: 0.2 ms]
   [Other: 194.1 ms]
      [Choose CSet: 0.0 ms]
      [Ref Proc: 192.0 ms]
      [Ref Enq: 1.1 ms]
      [Free CSet: 1.0 ms]
   [Eden: 748.0M(748.0M)->0.0B(523.0M) Survivors: 20.0M->20.0M Heap: 2715.2M(4096.0M)->1967.7M(4096.0M)]
 [Times: user=0.71 sys=0.00, real=0.20 secs] 
2016-01-06T01:07:49.485-0800: 248.148: [GC pause (young)
Desired survivor size 35651584 bytes, new threshold 15 (max 15)
- age   1:   18516448 bytes,   18516448 total
- age   2:      36864 bytes,   18553312 total
2016-01-06T01:07:49.677-0800: 248.340: [SoftReference, 0 refs, 0.0000590 secs]2016-01-06T01:07:49.677-0800: 248.340: [WeakReference, 0 refs, 0.0000140 secs]2016-01-06T01:07:49.677-0800: 248.340: [FinalReference, 0 refs, 0.0000110 secs]2016-01-06T01:07:49.677-0800: 248.340: [PhantomReference, 0 refs, 16722 refs, 0.0008160 secs]2016-01-06T01:07:49.678-0800: 248.341: [JNI Weak Reference, 0.0000090 secs], 0.1946930 secs]
   [Parallel Time: 4.4 ms, GC Workers: 4]
      [GC Worker Start (ms): Min: 248148.3, Avg: 248148.3, Max: 248148.3, Diff: 0.1]
      [Ext Root Scanning (ms): Min: 0.3, Avg: 0.4, Max: 0.4, Diff: 0.1, Sum: 1.5]
      [SATB Filtering (ms): Min: 0.0, Avg: 0.0, Max: 0.0, Diff: 0.0, Sum: 0.0]
      [Update RS (ms): Min: 0.0, Avg: 0.1, Max: 0.2, Diff: 0.2, Sum: 0.2]
         [Processed Buffers: Min: 0, Avg: 1.2, Max: 3, Diff: 3, Sum: 5]
      [Scan RS (ms): Min: 0.1, Avg: 0.2, Max: 0.3, Diff: 0.1, Sum: 1.0]
      [Code Root Scanning (ms): Min: 0.0, Avg: 0.0, Max: 0.0, Diff: 0.0, Sum: 0.1]
      [Object Copy (ms): Min: 3.6, Avg: 3.6, Max: 3.6, Diff: 0.0, Sum: 14.4]
      [Termination (ms): Min: 0.0, Avg: 0.0, Max: 0.0, Diff: 0.0, Sum: 0.0]
      [GC Worker Other (ms): Min: 0.0, Avg: 0.0, Max: 0.1, Diff: 0.0, Sum: 0.2]
      [GC Worker Total (ms): Min: 4.3, Avg: 4.3, Max: 4.4, Diff: 0.1, Sum: 17.4]
      [GC Worker End (ms): Min: 248152.6, Avg: 248152.7, Max: 248152.7, Diff: 0.0]
   [Code Root Fixup: 0.0 ms]
   [Code Root Migration: 0.1 ms]
   [Clear CT: 0.3 ms]
   [Other: 189.9 ms]
      [Choose CSet: 0.0 ms]
      [Ref Proc: 188.0 ms]
      [Ref Enq: 1.1 ms]
      [Free CSet: 0.8 ms]
   [Eden: 523.0M(523.0M)->0.0B(920.0M) Survivors: 20.0M->20.0M Heap: 2490.7M(4096.0M)->1967.2M(4096.0M)]
 [Times: user=0.73 sys=0.00, real=0.19 secs] 
2016-01-06T01:07:49.809-0800: 248.472: [GC pause (young)
Desired survivor size 61865984 bytes, new threshold 15 (max 15)
- age   1:   18014248 bytes,   18014248 total
- age   2:      36864 bytes,   18051112 total
2016-01-06T01:07:50.004-0800: 248.666: [SoftReference, 0 refs, 0.0000480 secs]2016-01-06T01:07:50.004-0800: 248.666: [WeakReference, 0 refs, 0.0000070 secs]2016-01-06T01:07:50.004-0800: 248.666: [FinalReference, 0 refs, 0.0000060 secs]2016-01-06T01:07:50.004-0800: 248.667: [PhantomReference, 0 refs, 29030 refs, 0.0010110 secs]2016-01-06T01:07:50.005-0800: 248.668: [JNI Weak Reference, 0.0000070 secs], 0.1985170 secs]
   [Parallel Time: 6.7 ms, GC Workers: 4]
      [GC Worker Start (ms): Min: 248472.1, Avg: 248472.1, Max: 248472.2, Diff: 0.1]
      [Ext Root Scanning (ms): Min: 0.3, Avg: 0.4, Max: 0.4, Diff: 0.1, Sum: 1.4]
      [SATB Filtering (ms): Min: 0.0, Avg: 0.0, Max: 0.0, Diff: 0.0, Sum: 0.0]
      [Update RS (ms): Min: 0.0, Avg: 0.1, Max: 0.2, Diff: 0.2, Sum: 0.2]
         [Processed Buffers: Min: 0, Avg: 1.0, Max: 2, Diff: 2, Sum: 4]
      [Scan RS (ms): Min: 0.3, Avg: 0.4, Max: 0.5, Diff: 0.2, Sum: 1.7]
      [Code Root Scanning (ms): Min: 0.0, Avg: 0.0, Max: 0.1, Diff: 0.0, Sum: 0.2]
      [Object Copy (ms): Min: 5.6, Avg: 5.6, Max: 5.6, Diff: 0.0, Sum: 22.4]
      [Termination (ms): Min: 0.0, Avg: 0.0, Max: 0.0, Diff: 0.0, Sum: 0.0]
      [GC Worker Other (ms): Min: 0.0, Avg: 0.1, Max: 0.1, Diff: 0.0, Sum: 0.2]
      [GC Worker Total (ms): Min: 6.5, Avg: 6.6, Max: 6.6, Diff: 0.1, Sum: 26.3]
      [GC Worker End (ms): Min: 248478.7, Avg: 248478.7, Max: 248478.7, Diff: 0.1]
   [Code Root Fixup: 0.0 ms]
   [Code Root Migration: 0.2 ms]
   [Clear CT: 0.3 ms]
   [Other: 191.4 ms]
      [Choose CSet: 0.0 ms]
      [Ref Proc: 188.8 ms]
      [Ref Enq: 1.3 ms]
      [Free CSet: 1.2 ms]
   [Eden: 920.0M(920.0M)->0.0B(1008.0M) Survivors: 20.0M->20.0M Heap: 2887.2M(4096.0M)->1967.7M(4096.0M)]
 [Times: user=0.76 sys=0.01, real=0.20 secs] 
2016-01-06T01:07:50.032-0800: 248.695: [GC concurrent-mark-end, 15.7443730 secs]
2016-01-06T01:07:50.032-0800: 248.695: [GC remark 2016-01-06T01:07:50.032-0800: 248.695: [GC ref-proc2016-01-06T01:07:50.032-0800: 248.695: [SoftReference, 0 refs, 0.0000180 secs]2016-01-06T01:07:50.032-0800: 248.695: [WeakReference, 3 refs, 0.0000140 secs]2016-01-06T01:07:50.032-0800: 248.695: [FinalReference, 4 refs, 0.0000130 secs]2016-01-06T01:07:50.032-0800: 248.695: [PhantomReference, 0 refs, 10482437 refs, 1.6142220 secs]2016-01-06T01:07:51.646-0800: 250.309: [JNI Weak Reference, 0.0000200 secs], 1.6143490 secs], 1.6251640 secs]
 [Times: user=1.23 sys=0.42, real=1.63 secs] 
2016-01-06T01:07:51.657-0800: 250.320: [GC cleanup 2121M->2119M(4096M), 0.0047720 secs]
 [Times: user=0.02 sys=0.00, real=0.00 secs] 
2016-01-06T01:07:51.662-0800: 250.325: [GC concurrent-cleanup-start]
2016-01-06T01:07:51.662-0800: 250.325: [GC concurrent-cleanup-end, 0.0000180 secs]
2016-01-06T01:07:51.782-0800: 250.445: [GC pause (young)
Desired survivor size 67633152 bytes, new threshold 15 (max 15)
- age   1:   18900352 bytes,   18900352 total
- age   2:      36864 bytes,   18937216 total
2016-01-06T01:07:51.789-0800: 250.452: [SoftReference, 0 refs, 0.0000430 secs]2016-01-06T01:07:51.789-0800: 250.452: [WeakReference, 0 refs, 0.0000060 secs]2016-01-06T01:07:51.789-0800: 250.452: [FinalReference, 0 refs, 0.0000050 secs]2016-01-06T01:07:51.789-0800: 250.452: [PhantomReference, 0 refs, 31758 refs, 0.0007670 secs]2016-01-06T01:07:51.790-0800: 250.453: [JNI Weak Reference, 0.0000070 secs], 0.0100850 secs]
   [Parallel Time: 6.7 ms, GC Workers: 4]
      [GC Worker Start (ms): Min: 250445.0, Avg: 250445.7, Max: 250447.9, Diff: 3.0]
      [Ext Root Scanning (ms): Min: 0.0, Avg: 0.3, Max: 0.5, Diff: 0.5, Sum: 1.3]
      [Update RS (ms): Min: 0.0, Avg: 0.0, Max: 0.1, Diff: 0.1, Sum: 0.1]
         [Processed Buffers: Min: 0, Avg: 1.0, Max: 3, Diff: 3, Sum: 4]
      [Scan RS (ms): Min: 0.1, Avg: 0.4, Max: 0.6, Diff: 0.4, Sum: 1.7]
      [Code Root Scanning (ms): Min: 0.0, Avg: 0.1, Max: 0.1, Diff: 0.1, Sum: 0.2]
      [Object Copy (ms): Min: 3.4, Avg: 4.9, Max: 5.4, Diff: 2.1, Sum: 19.6]
      [Termination (ms): Min: 0.0, Avg: 0.0, Max: 0.0, Diff: 0.0, Sum: 0.0]
      [GC Worker Other (ms): Min: 0.0, Avg: 0.1, Max: 0.1, Diff: 0.1, Sum: 0.3]
      [GC Worker Total (ms): Min: 3.6, Avg: 5.8, Max: 6.6, Diff: 2.9, Sum: 23.3]
      [GC Worker End (ms): Min: 250451.5, Avg: 250451.5, Max: 250451.6, Diff: 0.1]
   [Code Root Fixup: 0.0 ms]
   [Code Root Migration: 0.1 ms]
   [Clear CT: 0.2 ms]
   [Other: 3.0 ms]
      [Choose CSet: 0.0 ms]
      [Ref Proc: 1.1 ms]
      [Ref Enq: 0.6 ms]
      [Free CSet: 1.3 ms]
   [Eden: 1008.0M(1008.0M)->0.0B(1692.0M) Survivors: 20.0M->21.0M Heap: 2973.7M(4096.0M)->1966.2M(4096.0M)]
 [Times: user=0.02 sys=0.00, real=0.01 secs] 
2016-01-06T01:07:52.029-0800: 250.692: [GC pause (young)
Desired survivor size 112721920 bytes, new threshold 15 (max 15)
- age   1:   19096768 bytes,   19096768 total
- age   2:      36864 bytes,   19133632 total
2016-01-06T01:07:52.041-0800: 250.704: [SoftReference, 0 refs, 0.0000450 secs]2016-01-06T01:07:52.042-0800: 250.704: [WeakReference, 0 refs, 0.0000070 secs]2016-01-06T01:07:52.042-0800: 250.704: [FinalReference, 0 refs, 0.0000060 secs]2016-01-06T01:07:52.042-0800: 250.704: [PhantomReference, 0 refs, 52962 refs, 0.0013450 secs]2016-01-06T01:07:52.043-0800: 250.706: [JNI Weak Reference, 0.0000080 secs], 0.0178440 secs]
   [Parallel Time: 12.2 ms, GC Workers: 4]
      [GC Worker Start (ms): Min: 250692.0, Avg: 250692.1, Max: 250692.1, Diff: 0.1]
      [Ext Root Scanning (ms): Min: 0.3, Avg: 0.4, Max: 0.5, Diff: 0.2, Sum: 1.6]
      [Update RS (ms): Min: 0.0, Avg: 0.1, Max: 0.2, Diff: 0.2, Sum: 0.2]
         [Processed Buffers: Min: 0, Avg: 0.8, Max: 2, Diff: 2, Sum: 3]
      [Scan RS (ms): Min: 0.7, Avg: 0.8, Max: 0.9, Diff: 0.1, Sum: 3.1]
      [Code Root Scanning (ms): Min: 0.1, Avg: 0.1, Max: 0.1, Diff: 0.0, Sum: 0.3]
      [Object Copy (ms): Min: 10.6, Avg: 10.7, Max: 10.7, Diff: 0.1, Sum: 42.6]
      [Termination (ms): Min: 0.0, Avg: 0.0, Max: 0.0, Diff: 0.0, Sum: 0.0]
      [GC Worker Other (ms): Min: 0.0, Avg: 0.1, Max: 0.1, Diff: 0.1, Sum: 0.2]
      [GC Worker Total (ms): Min: 12.0, Avg: 12.0, Max: 12.1, Diff: 0.1, Sum: 48.1]
      [GC Worker End (ms): Min: 250704.1, Avg: 250704.1, Max: 250704.1, Diff: 0.1]
   [Code Root Fixup: 0.0 ms]
   [Code Root Migration: 0.3 ms]
   [Clear CT: 0.4 ms]
   [Other: 5.0 ms]
      [Choose CSet: 0.0 ms]
      [Ref Proc: 1.6 ms]
      [Ref Enq: 0.9 ms]
      [Free CSet: 2.3 ms]
   [Eden: 1692.0M(1692.0M)->0.0B(1692.0M) Survivors: 21.0M->22.0M Heap: 3658.2M(4096.0M)->1967.7M(4096.0M)]
 [Times: user=0.05 sys=0.00, real=0.02 secs] 
2016-01-06T01:07:52.284-0800: 250.947: [GC pause (young) (initial-mark)
Desired survivor size 112721920 bytes, new threshold 15 (max 15)
- age   1:   20623456 bytes,   20623456 total
- age   2:      36864 bytes,   20660320 total
2016-01-06T01:07:52.297-0800: 250.960: [SoftReference, 0 refs, 0.0000430 secs]2016-01-06T01:07:52.297-0800: 250.960: [WeakReference, 0 refs, 0.0000070 secs]2016-01-06T01:07:52.297-0800: 250.960: [FinalReference, 0 refs, 0.0000050 secs]2016-01-06T01:07:52.297-0800: 250.960: [PhantomReference, 0 refs, 52962 refs, 0.0014520 secs]2016-01-06T01:07:52.298-0800: 250.961: [JNI Weak Reference, 0.0000080 secs], 0.0182920 secs]
   [Parallel Time: 12.1 ms, GC Workers: 4]
      [GC Worker Start (ms): Min: 250947.5, Avg: 250947.5, Max: 250947.5, Diff: 0.1]
      [Ext Root Scanning (ms): Min: 0.3, Avg: 0.4, Max: 0.4, Diff: 0.1, Sum: 1.5]
      [Code Root Marking (ms): Min: 0.2, Avg: 0.8, Max: 2.5, Diff: 2.3, Sum: 3.2]
      [Update RS (ms): Min: 0.0, Avg: 0.1, Max: 0.2, Diff: 0.2, Sum: 0.2]
         [Processed Buffers: Min: 0, Avg: 1.0, Max: 3, Diff: 3, Sum: 4]
      [Scan RS (ms): Min: 0.2, Avg: 0.7, Max: 0.9, Diff: 0.8, Sum: 2.8]
      [Code Root Scanning (ms): Min: 0.0, Avg: 0.1, Max: 0.1, Diff: 0.1, Sum: 0.3]
      [Object Copy (ms): Min: 8.9, Avg: 9.9, Max: 10.2, Diff: 1.3, Sum: 39.6]
      [Termination (ms): Min: 0.0, Avg: 0.0, Max: 0.0, Diff: 0.0, Sum: 0.0]
      [GC Worker Other (ms): Min: 0.0, Avg: 0.1, Max: 0.1, Diff: 0.1, Sum: 0.3]
      [GC Worker Total (ms): Min: 11.9, Avg: 12.0, Max: 12.0, Diff: 0.1, Sum: 47.9]
      [GC Worker End (ms): Min: 250959.4, Avg: 250959.5, Max: 250959.5, Diff: 0.1]
   [Code Root Fixup: 0.0 ms]
   [Code Root Migration: 0.3 ms]
   [Clear CT: 0.4 ms]
   [Other: 5.5 ms]
      [Choose CSet: 0.0 ms]
      [Ref Proc: 1.8 ms]
      [Ref Enq: 0.9 ms]
      [Free CSet: 2.0 ms]
   [Eden: 1692.0M(1692.0M)->0.0B(1693.0M) Survivors: 22.0M->22.0M Heap: 3659.7M(4096.0M)->1967.7M(4096.0M)]
 [Times: user=0.05 sys=0.00, real=0.02 secs] 
2016-01-06T01:07:52.302-0800: 250.965: [GC concurrent-root-region-scan-start]
2016-01-06T01:07:52.310-0800: 250.973: [GC concurrent-root-region-scan-end, 0.0078240 secs]
2016-01-06T01:07:52.310-0800: 250.973: [GC concurrent-mark-start]
2016-01-06T01:07:52.952-0800: 251.614: [GC pause (young)
Desired survivor size 112721920 bytes, new threshold 15 (max 15)
- age   1:   20623456 bytes,   20623456 total
- age   2:      36864 bytes,   20660320 total
2016-01-06T01:07:52.978-0800: 251.641: [SoftReference, 0 refs, 0.0000670 secs]2016-01-06T01:07:52.978-0800: 251.641: [WeakReference, 0 refs, 0.0000070 secs]2016-01-06T01:07:52.978-0800: 251.641: [FinalReference, 0 refs, 0.0000050 secs]2016-01-06T01:07:52.978-0800: 251.641: [PhantomReference, 0 refs, 52992 refs, 0.0014460 secs]2016-01-06T01:07:52.979-0800: 251.642: [JNI Weak Reference, 0.0000080 secs], 0.0328510 secs]
   [Parallel Time: 22.4 ms, GC Workers: 4]
      [GC Worker Start (ms): Min: 251614.6, Avg: 251614.6, Max: 251614.6, Diff: 0.1]
      [Ext Root Scanning (ms): Min: 0.3, Avg: 0.3, Max: 0.4, Diff: 0.1, Sum: 1.4]
      [SATB Filtering (ms): Min: 0.0, Avg: 0.0, Max: 0.0, Diff: 0.0, Sum: 0.0]
      [Update RS (ms): Min: 10.5, Avg: 10.7, Max: 11.0, Diff: 0.5, Sum: 42.8]
         [Processed Buffers: Min: 15, Avg: 16.2, Max: 18, Diff: 3, Sum: 65]
      [Scan RS (ms): Min: 0.5, Avg: 0.7, Max: 0.9, Diff: 0.4, Sum: 2.8]
      [Code Root Scanning (ms): Min: 0.0, Avg: 0.1, Max: 0.1, Diff: 0.1, Sum: 0.3]
      [Object Copy (ms): Min: 10.4, Avg: 10.4, Max: 10.4, Diff: 0.1, Sum: 41.6]
      [Termination (ms): Min: 0.0, Avg: 0.0, Max: 0.0, Diff: 0.0, Sum: 0.0]
      [GC Worker Other (ms): Min: 0.0, Avg: 0.1, Max: 0.1, Diff: 0.1, Sum: 0.3]
      [GC Worker Total (ms): Min: 22.3, Avg: 22.3, Max: 22.4, Diff: 0.1, Sum: 89.3]
      [GC Worker End (ms): Min: 251636.9, Avg: 251636.9, Max: 251636.9, Diff: 0.1]
   [Code Root Fixup: 0.0 ms]
   [Code Root Migration: 0.2 ms]
   [Clear CT: 0.4 ms]
   [Other: 9.7 ms]
      [Choose CSet: 0.0 ms]
      [Ref Proc: 5.2 ms]
      [Ref Enq: 2.5 ms]
      [Free CSet: 2.0 ms]
   [Eden: 1693.0M(1693.0M)->0.0B(1693.0M) Survivors: 22.0M->22.0M Heap: 3660.7M(4096.0M)->1967.2M(4096.0M)]
 [Times: user=0.11 sys=0.00, real=0.03 secs] 
2016-01-06T01:07:53.243-0800: 251.906: [GC pause (young)
Desired survivor size 112721920 bytes, new threshold 15 (max 15)
- age   1:   20625688 bytes,   20625688 total
- age   2:      36864 bytes,   20662552 total
2016-01-06T01:07:53.288-0800: 251.951: [SoftReference, 0 refs, 0.0000440 secs]2016-01-06T01:07:53.288-0800: 251.951: [WeakReference, 0 refs, 0.0000070 secs]2016-01-06T01:07:53.288-0800: 251.951: [FinalReference, 0 refs, 0.0000060 secs]2016-01-06T01:07:53.288-0800: 251.951: [PhantomReference, 0 refs, 52993 refs, 0.0017850 secs]2016-01-06T01:07:53.290-0800: 251.953: [JNI Weak Reference, 0.0000080 secs], 0.0518490 secs]
   [Parallel Time: 31.1 ms, GC Workers: 4]
      [GC Worker Start (ms): Min: 251906.0, Avg: 251906.0, Max: 251906.1, Diff: 0.1]
      [Ext Root Scanning (ms): Min: 0.3, Avg: 0.4, Max: 0.4, Diff: 0.1, Sum: 1.4]
      [SATB Filtering (ms): Min: 0.0, Avg: 0.0, Max: 0.0, Diff: 0.0, Sum: 0.0]
      [Update RS (ms): Min: 19.2, Avg: 19.3, Max: 19.6, Diff: 0.4, Sum: 77.3]
         [Processed Buffers: Min: 27, Avg: 27.0, Max: 27, Diff: 0, Sum: 108]
      [Scan RS (ms): Min: 0.6, Avg: 0.8, Max: 0.9, Diff: 0.3, Sum: 3.0]
      [Code Root Scanning (ms): Min: 0.1, Avg: 0.1, Max: 0.1, Diff: 0.0, Sum: 0.3]
      [Object Copy (ms): Min: 10.3, Avg: 10.4, Max: 10.4, Diff: 0.1, Sum: 41.4]
      [Termination (ms): Min: 0.0, Avg: 0.0, Max: 0.0, Diff: 0.0, Sum: 0.0]
      [GC Worker Other (ms): Min: 0.0, Avg: 0.1, Max: 0.1, Diff: 0.1, Sum: 0.3]
      [GC Worker Total (ms): Min: 30.9, Avg: 31.0, Max: 31.0, Diff: 0.1, Sum: 123.9]
      [GC Worker End (ms): Min: 251936.9, Avg: 251937.0, Max: 251937.0, Diff: 0.1]
   [Code Root Fixup: 0.0 ms]
   [Code Root Migration: 0.2 ms]
   [Clear CT: 0.4 ms]
   [Other: 20.1 ms]
      [Choose CSet: 0.0 ms]
      [Ref Proc: 15.5 ms]
      [Ref Enq: 2.4 ms]
      [Free CSet: 2.1 ms]
   [Eden: 1693.0M(1693.0M)->0.0B(1694.0M) Survivors: 22.0M->22.0M Heap: 3660.2M(4096.0M)->1967.7M(4096.0M)]
 [Times: user=0.18 sys=0.00, real=0.05 secs] 
2016-01-06T01:07:53.535-0800: 252.198: [GC pause (young)
Desired survivor size 112721920 bytes, new threshold 15 (max 15)
- age   1:   20625688 bytes,   20625688 total
- age   2:      36864 bytes,   20662552 total
2016-01-06T01:07:53.600-0800: 252.263: [SoftReference, 0 refs, 0.0000440 secs]2016-01-06T01:07:53.600-0800: 252.263: [WeakReference, 0 refs, 0.0000230 secs]2016-01-06T01:07:53.600-0800: 252.263: [FinalReference, 0 refs, 0.0000050 secs]2016-01-06T01:07:53.600-0800: 252.263: [PhantomReference, 0 refs, 53024 refs, 0.0019130 secs]2016-01-06T01:07:53.602-0800: 252.265: [JNI Weak Reference, 0.0000080 secs], 0.0717310 secs]
   [Parallel Time: 36.5 ms, GC Workers: 4]
      [GC Worker Start (ms): Min: 252198.1, Avg: 252199.0, Max: 252200.1, Diff: 2.0]
      [Ext Root Scanning (ms): Min: 0.0, Avg: 0.3, Max: 0.6, Diff: 0.6, Sum: 1.2]
      [SATB Filtering (ms): Min: 0.0, Avg: 0.0, Max: 0.0, Diff: 0.0, Sum: 0.0]
      [Update RS (ms): Min: 22.6, Avg: 23.1, Max: 23.7, Diff: 1.2, Sum: 92.5]
         [Processed Buffers: Min: 17, Avg: 27.2, Max: 33, Diff: 16, Sum: 109]
      [Scan RS (ms): Min: 0.7, Avg: 0.8, Max: 0.8, Diff: 0.2, Sum: 3.1]
      [Code Root Scanning (ms): Min: 0.0, Avg: 0.1, Max: 0.1, Diff: 0.1, Sum: 0.3]
      [Object Copy (ms): Min: 11.0, Avg: 11.0, Max: 11.1, Diff: 0.1, Sum: 44.2]
      [Termination (ms): Min: 0.0, Avg: 0.0, Max: 0.0, Diff: 0.0, Sum: 0.0]
      [GC Worker Other (ms): Min: 0.0, Avg: 0.1, Max: 0.1, Diff: 0.0, Sum: 0.2]
      [GC Worker Total (ms): Min: 34.4, Avg: 35.4, Max: 36.4, Diff: 2.0, Sum: 141.6]
      [GC Worker End (ms): Min: 252234.4, Avg: 252234.4, Max: 252234.5, Diff: 0.0]
   [Code Root Fixup: 0.0 ms]
   [Code Root Migration: 0.3 ms]
   [Clear CT: 0.4 ms]
   [Other: 34.6 ms]
      [Choose CSet: 0.0 ms]
      [Ref Proc: 30.0 ms]
      [Ref Enq: 2.4 ms]
      [Free CSet: 2.1 ms]
   [Eden: 1694.0M(1694.0M)->0.0B(1694.0M) Survivors: 22.0M->22.0M Heap: 3661.7M(4096.0M)->1967.7M(4096.0M)]
 [Times: user=0.23 sys=0.00, real=0.08 secs] 
2016-01-06T01:07:53.866-0800: 252.529: [GC pause (young)
Desired survivor size 112721920 bytes, new threshold 15 (max 15)
- age   1:   20627920 bytes,   20627920 total
- age   2:      36864 bytes,   20664784 total
2016-01-06T01:07:53.940-0800: 252.603: [SoftReference, 0 refs, 0.0000420 secs]2016-01-06T01:07:53.940-0800: 252.603: [WeakReference, 0 refs, 0.0000060 secs]2016-01-06T01:07:53.940-0800: 252.603: [FinalReference, 0 refs, 0.0000050 secs]2016-01-06T01:07:53.940-0800: 252.603: [PhantomReference, 0 refs, 53025 refs, 0.0018620 secs]2016-01-06T01:07:53.942-0800: 252.605: [JNI Weak Reference, 0.0000090 secs], 0.0816450 secs]
   [Parallel Time: 29.3 ms, GC Workers: 4]
      [GC Worker Start (ms): Min: 252528.8, Avg: 252529.6, Max: 252531.9, Diff: 3.1]
      [Ext Root Scanning (ms): Min: 0.0, Avg: 0.3, Max: 0.5, Diff: 0.5, Sum: 1.3]
      [SATB Filtering (ms): Min: 0.0, Avg: 0.0, Max: 0.0, Diff: 0.0, Sum: 0.0]
      [Update RS (ms): Min: 15.2, Avg: 16.9, Max: 17.8, Diff: 2.6, Sum: 67.5]
         [Processed Buffers: Min: 22, Avg: 23.8, Max: 26, Diff: 4, Sum: 95]
      [Scan RS (ms): Min: 0.5, Avg: 0.8, Max: 1.0, Diff: 0.5, Sum: 3.1]
      [Code Root Scanning (ms): Min: 0.1, Avg: 0.1, Max: 0.1, Diff: 0.1, Sum: 0.3]
      [Object Copy (ms): Min: 10.3, Avg: 10.3, Max: 10.4, Diff: 0.1, Sum: 41.4]
      [Termination (ms): Min: 0.0, Avg: 0.0, Max: 0.0, Diff: 0.0, Sum: 0.0]
      [GC Worker Other (ms): Min: 0.0, Avg: 0.1, Max: 0.1, Diff: 0.1, Sum: 0.2]
      [GC Worker Total (ms): Min: 26.1, Avg: 28.4, Max: 29.2, Diff: 3.1, Sum: 113.8]
      [GC Worker End (ms): Min: 252558.0, Avg: 252558.1, Max: 252558.1, Diff: 0.1]
   [Code Root Fixup: 0.0 ms]
   [Code Root Migration: 0.2 ms]
   [Clear CT: 0.5 ms]
   [Other: 51.6 ms]
      [Choose CSet: 0.0 ms]
      [Ref Proc: 47.0 ms]
      [Ref Enq: 2.5 ms]
      [Free CSet: 2.0 ms]
   [Eden: 1694.0M(1694.0M)->0.0B(1694.0M) Survivors: 22.0M->22.0M Heap: 3661.7M(4096.0M)->1967.7M(4096.0M)]
 [Times: user=0.29 sys=0.00, real=0.08 secs] 
2016-01-06T01:07:54.188-0800: 252.851: [GC pause (young)
Desired survivor size 112721920 bytes, new threshold 15 (max 15)
- age   1:   20627920 bytes,   20627920 total
- age   2:      36864 bytes,   20664784 total
2016-01-06T01:07:54.274-0800: 252.937: [SoftReference, 0 refs, 0.0000430 secs]2016-01-06T01:07:54.274-0800: 252.937: [WeakReference, 0 refs, 0.0000060 secs]2016-01-06T01:07:54.274-0800: 252.937: [FinalReference, 0 refs, 0.0000060 secs]2016-01-06T01:07:54.274-0800: 252.937: [PhantomReference, 0 refs, 53025 refs, 0.0018510 secs]2016-01-06T01:07:54.276-0800: 252.939: [JNI Weak Reference, 0.0000080 secs], 0.0934020 secs]
   [Parallel Time: 30.4 ms, GC Workers: 4]
      [GC Worker Start (ms): Min: 252851.1, Avg: 252851.1, Max: 252851.1, Diff: 0.1]
      [Ext Root Scanning (ms): Min: 0.3, Avg: 0.4, Max: 0.4, Diff: 0.1, Sum: 1.4]
      [SATB Filtering (ms): Min: 0.0, Avg: 0.0, Max: 0.0, Diff: 0.0, Sum: 0.0]
      [Update RS (ms): Min: 17.5, Avg: 18.5, Max: 20.4, Diff: 2.9, Sum: 74.2]
         [Processed Buffers: Min: 21, Avg: 24.0, Max: 26, Diff: 5, Sum: 96]
      [Scan RS (ms): Min: 0.2, Avg: 0.8, Max: 1.2, Diff: 1.1, Sum: 3.1]
      [Code Root Scanning (ms): Min: 0.0, Avg: 0.1, Max: 0.2, Diff: 0.2, Sum: 0.4]
      [Object Copy (ms): Min: 9.2, Avg: 10.4, Max: 10.8, Diff: 1.6, Sum: 41.7]
      [Termination (ms): Min: 0.0, Avg: 0.0, Max: 0.0, Diff: 0.0, Sum: 0.0]
      [GC Worker Other (ms): Min: 0.0, Avg: 0.1, Max: 0.1, Diff: 0.1, Sum: 0.2]
      [GC Worker Total (ms): Min: 30.2, Avg: 30.2, Max: 30.3, Diff: 0.1, Sum: 121.0]
      [GC Worker End (ms): Min: 252881.3, Avg: 252881.4, Max: 252881.4, Diff: 0.1]
   [Code Root Fixup: 0.0 ms]
   [Code Root Migration: 0.2 ms]
   [Clear CT: 0.5 ms]
   [Other: 62.3 ms]
      [Choose CSet: 0.0 ms]
      [Ref Proc: 57.2 ms]
      [Ref Enq: 2.6 ms]
      [Free CSet: 2.4 ms]
   [Eden: 1694.0M(1694.0M)->0.0B(1711.0M) Survivors: 22.0M->7168.0K Heap: 3661.7M(4096.0M)->1952.2M(4096.0M)]
 [Times: user=0.31 sys=0.00, real=0.09 secs] 
2016-01-06T01:07:54.535-0800: 253.198: [GC pause (young)
Desired survivor size 112721920 bytes, new threshold 15 (max 15)
- age   1:    5131216 bytes,    5131216 total
- age   2:      36864 bytes,    5168080 total
2016-01-06T01:07:54.675-0800: 253.338: [SoftReference, 0 refs, 0.0000510 secs]2016-01-06T01:07:54.675-0800: 253.338: [WeakReference, 0 refs, 0.0000080 secs]2016-01-06T01:07:54.675-0800: 253.338: [FinalReference, 0 refs, 0.0000050 secs]2016-01-06T01:07:54.675-0800: 253.338: [PhantomReference, 0 refs, 53550 refs, 0.0017860 secs]2016-01-06T01:07:54.676-0800: 253.339: [JNI Weak Reference, 0.0000080 secs], 0.1471550 secs]
   [Parallel Time: 42.2 ms, GC Workers: 4]
      [GC Worker Start (ms): Min: 253197.7, Avg: 253198.3, Max: 253199.9, Diff: 2.2]
      [Ext Root Scanning (ms): Min: 0.0, Avg: 0.3, Max: 0.5, Diff: 0.5, Sum: 1.3]
      [SATB Filtering (ms): Min: 0.0, Avg: 0.0, Max: 0.0, Diff: 0.0, Sum: 0.0]
      [Update RS (ms): Min: 20.3, Avg: 22.7, Max: 26.4, Diff: 6.1, Sum: 90.8]
         [Processed Buffers: Min: 23, Avg: 29.0, Max: 32, Diff: 9, Sum: 116]
      [Scan RS (ms): Min: 0.5, Avg: 0.9, Max: 1.1, Diff: 0.5, Sum: 3.6]
      [Code Root Scanning (ms): Min: 0.0, Avg: 0.1, Max: 0.1, Diff: 0.1, Sum: 0.4]
      [Object Copy (ms): Min: 11.5, Avg: 12.3, Max: 14.6, Diff: 3.0, Sum: 49.2]
      [Termination (ms): Min: 0.0, Avg: 5.1, Max: 6.9, Diff: 6.9, Sum: 20.5]
      [GC Worker Other (ms): Min: 0.0, Avg: 0.0, Max: 0.1, Diff: 0.0, Sum: 0.1]
      [GC Worker Total (ms): Min: 39.9, Avg: 41.5, Max: 42.1, Diff: 2.2, Sum: 166.0]
      [GC Worker End (ms): Min: 253239.8, Avg: 253239.8, Max: 253239.8, Diff: 0.0]
   [Code Root Fixup: 0.0 ms]
   [Code Root Migration: 0.3 ms]
   [Clear CT: 0.4 ms]
   [Other: 104.3 ms]
      [Choose CSet: 0.0 ms]
      [Ref Proc: 99.6 ms]
      [Ref Enq: 2.5 ms]
      [Free CSet: 2.2 ms]
   [Eden: 1711.0M(1711.0M)->0.0B(1695.0M) Survivors: 7168.0K->22.0M Heap: 3663.2M(4096.0M)->1967.7M(4096.0M)]
 [Times: user=0.45 sys=0.01, real=0.15 secs] 
2016-01-06T01:07:54.940-0800: 253.603: [GC pause (young)
Desired survivor size 112721920 bytes, new threshold 15 (max 15)
- age   1:   20665864 bytes,   20665864 total
- age   2:      36864 bytes,   20702728 total
2016-01-06T01:07:55.049-0800: 253.712: [SoftReference, 0 refs, 0.0000430 secs]2016-01-06T01:07:55.049-0800: 253.712: [WeakReference, 0 refs, 0.0000070 secs]2016-01-06T01:07:55.049-0800: 253.712: [FinalReference, 0 refs, 0.0000050 secs]2016-01-06T01:07:55.049-0800: 253.712: [PhantomReference, 0 refs, 53054 refs, 0.0017780 secs]2016-01-06T01:07:55.051-0800: 253.714: [JNI Weak Reference, 0.0000080 secs], 0.1164750 secs]
   [Parallel Time: 31.9 ms, GC Workers: 4]
      [GC Worker Start (ms): Min: 253603.0, Avg: 253603.0, Max: 253603.0, Diff: 0.1]
      [Ext Root Scanning (ms): Min: 0.3, Avg: 0.4, Max: 0.4, Diff: 0.1, Sum: 1.4]
      [SATB Filtering (ms): Min: 0.0, Avg: 0.0, Max: 0.0, Diff: 0.0, Sum: 0.0]
      [Update RS (ms): Min: 19.9, Avg: 20.2, Max: 20.4, Diff: 0.5, Sum: 81.0]
         [Processed Buffers: Min: 27, Avg: 27.8, Max: 28, Diff: 1, Sum: 111]
      [Scan RS (ms): Min: 0.6, Avg: 0.8, Max: 1.0, Diff: 0.4, Sum: 3.1]
      [Code Root Scanning (ms): Min: 0.1, Avg: 0.1, Max: 0.1, Diff: 0.0, Sum: 0.3]
      [Object Copy (ms): Min: 10.2, Avg: 10.3, Max: 10.3, Diff: 0.1, Sum: 41.0]
      [Termination (ms): Min: 0.0, Avg: 0.0, Max: 0.0, Diff: 0.0, Sum: 0.0]
      [GC Worker Other (ms): Min: 0.0, Avg: 0.1, Max: 0.1, Diff: 0.1, Sum: 0.3]
      [GC Worker Total (ms): Min: 31.8, Avg: 31.8, Max: 31.8, Diff: 0.0, Sum: 127.2]
      [GC Worker End (ms): Min: 253634.7, Avg: 253634.8, Max: 253634.8, Diff: 0.1]
   [Code Root Fixup: 0.0 ms]
   [Code Root Migration: 0.2 ms]
   [Clear CT: 0.4 ms]
   [Other: 83.9 ms]
      [Choose CSet: 0.0 ms]
      [Ref Proc: 79.2 ms]
      [Ref Enq: 2.4 ms]
      [Free CSet: 2.2 ms]
   [Eden: 1695.0M(1695.0M)->0.0B(1695.0M) Survivors: 22.0M->22.0M Heap: 3662.7M(4096.0M)->1967.7M(4096.0M)]
 [Times: user=0.43 sys=0.00, real=0.11 secs] 
2016-01-06T01:07:55.316-0800: 253.979: [GC pause (young)
Desired survivor size 112721920 bytes, new threshold 15 (max 15)
- age   1:   20630152 bytes,   20630152 total
- age   2:      36864 bytes,   20667016 total
2016-01-06T01:07:55.443-0800: 254.106: [SoftReference, 0 refs, 0.0000450 secs]2016-01-06T01:07:55.443-0800: 254.106: [WeakReference, 0 refs, 0.0000060 secs]2016-01-06T01:07:55.443-0800: 254.106: [FinalReference, 0 refs, 0.0000060 secs]2016-01-06T01:07:55.443-0800: 254.106: [PhantomReference, 0 refs, 53054 refs, 0.0019020 secs]2016-01-06T01:07:55.445-0800: 254.108: [JNI Weak Reference, 0.0000080 secs], 0.1342280 secs]
   [Parallel Time: 31.6 ms, GC Workers: 4]
      [GC Worker Start (ms): Min: 253979.4, Avg: 253981.3, Max: 253986.9, Diff: 7.4]
      [Ext Root Scanning (ms): Min: 0.0, Avg: 0.3, Max: 0.5, Diff: 0.5, Sum: 1.3]
      [SATB Filtering (ms): Min: 0.0, Avg: 0.0, Max: 0.0, Diff: 0.0, Sum: 0.0]
      [Update RS (ms): Min: 12.4, Avg: 17.6, Max: 19.7, Diff: 7.3, Sum: 70.5]
         [Processed Buffers: Min: 18, Avg: 25.5, Max: 32, Diff: 14, Sum: 102]
      [Scan RS (ms): Min: 0.5, Avg: 0.8, Max: 0.9, Diff: 0.4, Sum: 3.2]
      [Code Root Scanning (ms): Min: 0.0, Avg: 0.1, Max: 0.1, Diff: 0.1, Sum: 0.3]
      [Object Copy (ms): Min: 10.7, Avg: 10.7, Max: 10.7, Diff: 0.1, Sum: 42.8]
      [Termination (ms): Min: 0.0, Avg: 0.0, Max: 0.0, Diff: 0.0, Sum: 0.0]
      [GC Worker Other (ms): Min: 0.0, Avg: 0.1, Max: 0.1, Diff: 0.1, Sum: 0.3]
      [GC Worker Total (ms): Min: 24.0, Avg: 29.6, Max: 31.5, Diff: 7.5, Sum: 118.4]
      [GC Worker End (ms): Min: 254010.9, Avg: 254010.9, Max: 254010.9, Diff: 0.1]
   [Code Root Fixup: 0.0 ms]
   [Code Root Migration: 0.3 ms]
   [Clear CT: 0.4 ms]
   [Other: 102.0 ms]
      [Choose CSet: 0.0 ms]
      [Ref Proc: 97.2 ms]
      [Ref Enq: 2.5 ms]
      [Free CSet: 2.3 ms]
   [Eden: 1695.0M(1695.0M)->0.0B(1695.0M) Survivors: 22.0M->22.0M Heap: 3662.7M(4096.0M)->1967.7M(4096.0M)]
 [Times: user=0.49 sys=0.01, real=0.14 secs] 
2016-01-06T01:07:55.725-0800: 254.388: [GC pause (young)
Desired survivor size 112721920 bytes, new threshold 15 (max 15)
- age   1:   20630152 bytes,   20630152 total
- age   2:      36864 bytes,   20667016 total
2016-01-06T01:07:55.870-0800: 254.533: [SoftReference, 0 refs, 0.0000550 secs]2016-01-06T01:07:55.870-0800: 254.533: [WeakReference, 0 refs, 0.0000080 secs]2016-01-06T01:07:55.870-0800: 254.533: [FinalReference, 0 refs, 0.0000050 secs]2016-01-06T01:07:55.870-0800: 254.533: [PhantomReference, 0 refs, 53056 refs, 0.0018630 secs]2016-01-06T01:07:55.872-0800: 254.535: [JNI Weak Reference, 0.0000080 secs], 0.1524790 secs]
   [Parallel Time: 34.8 ms, GC Workers: 4]
      [GC Worker Start (ms): Min: 254388.1, Avg: 254389.1, Max: 254392.0, Diff: 3.9]
      [Ext Root Scanning (ms): Min: 0.0, Avg: 0.3, Max: 0.5, Diff: 0.5, Sum: 1.3]
      [SATB Filtering (ms): Min: 0.0, Avg: 0.0, Max: 0.0, Diff: 0.0, Sum: 0.0]
      [Update RS (ms): Min: 19.0, Avg: 21.5, Max: 22.6, Diff: 3.7, Sum: 86.2]
         [Processed Buffers: Min: 26, Avg: 29.8, Max: 33, Diff: 7, Sum: 119]
      [Scan RS (ms): Min: 0.6, Avg: 0.8, Max: 0.9, Diff: 0.3, Sum: 3.3]
      [Code Root Scanning (ms): Min: 0.1, Avg: 0.1, Max: 0.1, Diff: 0.0, Sum: 0.4]
      [Object Copy (ms): Min: 10.8, Avg: 10.8, Max: 10.9, Diff: 0.1, Sum: 43.3]
      [Termination (ms): Min: 0.0, Avg: 0.0, Max: 0.0, Diff: 0.0, Sum: 0.0]
      [GC Worker Other (ms): Min: 0.0, Avg: 0.1, Max: 0.1, Diff: 0.1, Sum: 0.3]
      [GC Worker Total (ms): Min: 30.8, Avg: 33.7, Max: 34.7, Diff: 3.9, Sum: 134.7]
      [GC Worker End (ms): Min: 254422.7, Avg: 254422.8, Max: 254422.8, Diff: 0.1]
   [Code Root Fixup: 0.0 ms]
   [Code Root Migration: 0.3 ms]
   [Clear CT: 0.5 ms]
   [Other: 117.0 ms]
      [Choose CSet: 0.0 ms]
      [Ref Proc: 112.4 ms]
      [Ref Enq: 2.5 ms]
      [Free CSet: 2.1 ms]
   [Eden: 1695.0M(1695.0M)->0.0B(1695.0M) Survivors: 22.0M->22.0M Heap: 3662.7M(4096.0M)->1967.7M(4096.0M)]
 [Times: user=0.58 sys=0.00, real=0.15 secs] 
2016-01-06T01:07:56.143-0800: 254.806: [GC pause (young)
Desired survivor size 112721920 bytes, new threshold 15 (max 15)
- age   1:   20630152 bytes,   20630152 total
- age   2:      36864 bytes,   20667016 total
2016-01-06T01:07:56.316-0800: 254.979: [SoftReference, 0 refs, 0.0000450 secs]2016-01-06T01:07:56.316-0800: 254.979: [WeakReference, 0 refs, 0.0000070 secs]2016-01-06T01:07:56.316-0800: 254.979: [FinalReference, 0 refs, 0.0000060 secs]2016-01-06T01:07:56.316-0800: 254.979: [PhantomReference, 0 refs, 53055 refs, 0.0018050 secs]2016-01-06T01:07:56.317-0800: 254.980: [JNI Weak Reference, 0.0000090 secs], 0.1799280 secs]
   [Parallel Time: 35.5 ms, GC Workers: 4]
      [GC Worker Start (ms): Min: 254805.7, Avg: 254805.7, Max: 254805.8, Diff: 0.1]
      [Ext Root Scanning (ms): Min: 0.3, Avg: 0.4, Max: 0.4, Diff: 0.1, Sum: 1.4]
      [SATB Filtering (ms): Min: 0.0, Avg: 0.0, Max: 0.0, Diff: 0.0, Sum: 0.0]
      [Update RS (ms): Min: 23.4, Avg: 23.6, Max: 23.8, Diff: 0.5, Sum: 94.2]
         [Processed Buffers: Min: 31, Avg: 31.8, Max: 33, Diff: 2, Sum: 127]
      [Scan RS (ms): Min: 0.6, Avg: 0.8, Max: 0.9, Diff: 0.4, Sum: 3.1]
      [Code Root Scanning (ms): Min: 0.1, Avg: 0.1, Max: 0.1, Diff: 0.1, Sum: 0.3]
      [Object Copy (ms): Min: 10.5, Avg: 10.6, Max: 10.6, Diff: 0.1, Sum: 42.2]
      [Termination (ms): Min: 0.0, Avg: 0.0, Max: 0.0, Diff: 0.0, Sum: 0.0]
      [GC Worker Other (ms): Min: 0.0, Avg: 0.1, Max: 0.1, Diff: 0.0, Sum: 0.2]
      [GC Worker Total (ms): Min: 35.3, Avg: 35.4, Max: 35.4, Diff: 0.1, Sum: 141.6]
      [GC Worker End (ms): Min: 254841.1, Avg: 254841.1, Max: 254841.1, Diff: 0.0]
   [Code Root Fixup: 0.0 ms]
   [Code Root Migration: 0.2 ms]
   [Clear CT: 0.4 ms]
   [Other: 143.8 ms]
      [Choose CSet: 0.0 ms]
      [Ref Proc: 139.2 ms]
      [Ref Enq: 2.4 ms]
      [Free CSet: 2.0 ms]
   [Eden: 1695.0M(1695.0M)->0.0B(1695.0M) Survivors: 22.0M->22.0M Heap: 3662.7M(4096.0M)->1967.2M(4096.0M)]
 [Times: user=0.68 sys=0.00, real=0.18 secs] 
2016-01-06T01:07:56.586-0800: 255.249: [GC pause (young)
Desired survivor size 112721920 bytes, new threshold 15 (max 15)
- age   1:   20630152 bytes,   20630152 total
- age   2:      36864 bytes,   20667016 total
2016-01-06T01:07:56.779-0800: 255.441: [SoftReference, 0 refs, 0.0000470 secs]2016-01-06T01:07:56.779-0800: 255.442: [WeakReference, 0 refs, 0.0000100 secs]2016-01-06T01:07:56.779-0800: 255.442: [FinalReference, 0 refs, 0.0000060 secs]2016-01-06T01:07:56.779-0800: 255.442: [PhantomReference, 0 refs, 53055 refs, 0.0017690 secs]2016-01-06T01:07:56.780-0800: 255.443: [JNI Weak Reference, 0.0000090 secs], 0.1992890 secs]
   [Parallel Time: 34.7 ms, GC Workers: 4]
      [GC Worker Start (ms): Min: 255249.3, Avg: 255249.3, Max: 255249.3, Diff: 0.1]
      [Ext Root Scanning (ms): Min: 0.3, Avg: 0.4, Max: 0.4, Diff: 0.1, Sum: 1.4]
      [SATB Filtering (ms): Min: 0.0, Avg: 0.0, Max: 0.0, Diff: 0.0, Sum: 0.0]
      [Update RS (ms): Min: 20.9, Avg: 23.3, Max: 30.2, Diff: 9.3, Sum: 93.3]
         [Processed Buffers: Min: 26, Avg: 28.8, Max: 31, Diff: 5, Sum: 115]
      [Scan RS (ms): Min: 0.4, Avg: 0.8, Max: 1.1, Diff: 0.7, Sum: 3.2]
      [Code Root Scanning (ms): Min: 0.0, Avg: 0.1, Max: 0.1, Diff: 0.1, Sum: 0.3]
      [Object Copy (ms): Min: 2.9, Avg: 9.3, Max: 11.5, Diff: 8.6, Sum: 37.2]
      [Termination (ms): Min: 0.0, Avg: 0.0, Max: 0.0, Diff: 0.0, Sum: 0.0]
      [GC Worker Other (ms): Min: 0.0, Avg: 0.4, Max: 0.7, Diff: 0.7, Sum: 1.5]
      [GC Worker Total (ms): Min: 33.9, Avg: 34.3, Max: 34.6, Diff: 0.7, Sum: 137.1]
      [GC Worker End (ms): Min: 255283.2, Avg: 255283.6, Max: 255283.9, Diff: 0.7]
   [Code Root Fixup: 0.0 ms]
   [Code Root Migration: 0.2 ms]
   [Clear CT: 0.5 ms]
   [Other: 163.8 ms]
      [Choose CSet: 0.0 ms]
      [Ref Proc: 159.3 ms]
      [Ref Enq: 2.4 ms]
      [Free CSet: 2.0 ms]
   [Eden: 1695.0M(1695.0M)->0.0B(1695.0M) Survivors: 22.0M->22.0M Heap: 3662.2M(4096.0M)->1967.2M(4096.0M)]
 [Times: user=0.58 sys=0.00, real=0.20 secs] 
2016-01-06T01:07:57.037-0800: 255.700: [GC pause (young)
Desired survivor size 112721920 bytes, new threshold 15 (max 15)
- age   1:   20630152 bytes,   20630152 total
- age   2:      36864 bytes,   20667016 total
2016-01-06T01:07:57.219-0800: 255.882: [SoftReference, 0 refs, 0.0000440 secs]2016-01-06T01:07:57.219-0800: 255.882: [WeakReference, 0 refs, 0.0000080 secs]2016-01-06T01:07:57.219-0800: 255.882: [FinalReference, 0 refs, 0.0000060 secs]2016-01-06T01:07:57.219-0800: 255.882: [PhantomReference, 0 refs, 53056 refs, 0.0018780 secs]2016-01-06T01:07:57.221-0800: 255.884: [JNI Weak Reference, 0.0000080 secs], 0.1893680 secs]
   [Parallel Time: 23.1 ms, GC Workers: 4]
      [GC Worker Start (ms): Min: 255699.9, Avg: 255699.9, Max: 255700.0, Diff: 0.1]
      [Ext Root Scanning (ms): Min: 0.3, Avg: 0.4, Max: 0.5, Diff: 0.2, Sum: 1.6]
      [SATB Filtering (ms): Min: 0.0, Avg: 0.0, Max: 0.0, Diff: 0.0, Sum: 0.0]
      [Update RS (ms): Min: 11.3, Avg: 11.7, Max: 11.9, Diff: 0.6, Sum: 46.6]
         [Processed Buffers: Min: 13, Avg: 15.0, Max: 16, Diff: 3, Sum: 60]
      [Scan RS (ms): Min: 0.6, Avg: 0.8, Max: 0.9, Diff: 0.3, Sum: 3.0]
      [Code Root Scanning (ms): Min: 0.0, Avg: 0.1, Max: 0.1, Diff: 0.1, Sum: 0.3]
      [Object Copy (ms): Min: 10.0, Avg: 10.0, Max: 10.0, Diff: 0.1, Sum: 40.0]
      [Termination (ms): Min: 0.0, Avg: 0.0, Max: 0.0, Diff: 0.0, Sum: 0.0]
      [GC Worker Other (ms): Min: 0.0, Avg: 0.1, Max: 0.1, Diff: 0.0, Sum: 0.2]
      [GC Worker Total (ms): Min: 22.9, Avg: 23.0, Max: 23.0, Diff: 0.1, Sum: 91.8]
      [GC Worker End (ms): Min: 255722.9, Avg: 255722.9, Max: 255722.9, Diff: 0.0]
   [Code Root Fixup: 0.0 ms]
   [Code Root Migration: 0.2 ms]
   [Clear CT: 0.5 ms]
   [Other: 165.6 ms]
      [Choose CSet: 0.0 ms]
      [Ref Proc: 161.0 ms]
      [Ref Enq: 2.4 ms]
      [Free CSet: 2.1 ms]
   [Eden: 1695.0M(1695.0M)->0.0B(1695.0M) Survivors: 22.0M->22.0M Heap: 3662.2M(4096.0M)->1967.2M(4096.0M)]
 [Times: user=0.68 sys=0.01, real=0.20 secs] 
2016-01-06T01:07:57.487-0800: 256.150: [GC pause (young)
Desired survivor size 112721920 bytes, new threshold 15 (max 15)
- age   1:   20630152 bytes,   20630152 total
- age   2:      36864 bytes,   20667016 total
2016-01-06T01:07:57.658-0800: 256.321: [SoftReference, 0 refs, 0.0000450 secs]2016-01-06T01:07:57.658-0800: 256.321: [WeakReference, 0 refs, 0.0000110 secs]2016-01-06T01:07:57.658-0800: 256.321: [FinalReference, 0 refs, 0.0000060 secs]2016-01-06T01:07:57.658-0800: 256.321: [PhantomReference, 0 refs, 53055 refs, 0.0018610 secs]2016-01-06T01:07:57.660-0800: 256.323: [JNI Weak Reference, 0.0000090 secs], 0.1782480 secs]
   [Parallel Time: 12.6 ms, GC Workers: 4]
      [GC Worker Start (ms): Min: 256150.1, Avg: 256150.1, Max: 256150.1, Diff: 0.1]
      [Ext Root Scanning (ms): Min: 0.3, Avg: 0.4, Max: 0.4, Diff: 0.1, Sum: 1.4]
      [SATB Filtering (ms): Min: 0.0, Avg: 0.0, Max: 0.0, Diff: 0.0, Sum: 0.0]
      [Update RS (ms): Min: 0.0, Avg: 0.1, Max: 0.2, Diff: 0.2, Sum: 0.2]
         [Processed Buffers: Min: 0, Avg: 1.2, Max: 3, Diff: 3, Sum: 5]
      [Scan RS (ms): Min: 0.7, Avg: 0.8, Max: 0.9, Diff: 0.2, Sum: 3.1]
      [Code Root Scanning (ms): Min: 0.1, Avg: 0.1, Max: 0.1, Diff: 0.0, Sum: 0.3]
      [Object Copy (ms): Min: 11.1, Avg: 11.2, Max: 11.2, Diff: 0.1, Sum: 44.6]
      [Termination (ms): Min: 0.0, Avg: 0.0, Max: 0.0, Diff: 0.0, Sum: 0.0]
      [GC Worker Other (ms): Min: 0.0, Avg: 0.1, Max: 0.1, Diff: 0.1, Sum: 0.3]
      [GC Worker Total (ms): Min: 12.5, Avg: 12.5, Max: 12.6, Diff: 0.1, Sum: 50.0]
      [GC Worker End (ms): Min: 256162.6, Avg: 256162.6, Max: 256162.6, Diff: 0.1]
   [Code Root Fixup: 0.0 ms]
   [Code Root Migration: 0.3 ms]
   [Clear CT: 0.4 ms]
   [Other: 164.9 ms]
      [Choose CSet: 0.0 ms]
      [Ref Proc: 160.2 ms]
      [Ref Enq: 2.5 ms]
      [Free CSet: 2.2 ms]
   [Eden: 1695.0M(1695.0M)->0.0B(1695.0M) Survivors: 22.0M->22.0M Heap: 3662.2M(4096.0M)->1967.7M(4096.0M)]
 [Times: user=0.65 sys=0.00, real=0.18 secs] 
2016-01-06T01:07:57.908-0800: 256.571: [GC pause (young)
Desired survivor size 112721920 bytes, new threshold 15 (max 15)
- age   1:   20630152 bytes,   20630152 total
- age   2:      36864 bytes,   20667016 total
2016-01-06T01:07:58.082-0800: 256.745: [SoftReference, 0 refs, 0.0000450 secs]2016-01-06T01:07:58.082-0800: 256.745: [WeakReference, 0 refs, 0.0000060 secs]2016-01-06T01:07:58.082-0800: 256.745: [FinalReference, 0 refs, 0.0000060 secs]2016-01-06T01:07:58.082-0800: 256.745: [PhantomReference, 0 refs, 53055 refs, 0.0018360 secs]2016-01-06T01:07:58.084-0800: 256.746: [JNI Weak Reference, 0.0000080 secs], 0.1810430 secs]
   [Parallel Time: 12.1 ms, GC Workers: 4]
      [GC Worker Start (ms): Min: 256570.8, Avg: 256571.1, Max: 256571.9, Diff: 1.1]
      [Ext Root Scanning (ms): Min: 0.0, Avg: 0.3, Max: 0.5, Diff: 0.5, Sum: 1.3]
      [SATB Filtering (ms): Min: 0.0, Avg: 0.0, Max: 0.0, Diff: 0.0, Sum: 0.0]
      [Update RS (ms): Min: 0.0, Avg: 0.0, Max: 0.1, Diff: 0.1, Sum: 0.2]
         [Processed Buffers: Min: 0, Avg: 1.0, Max: 3, Diff: 3, Sum: 4]
      [Scan RS (ms): Min: 0.4, Avg: 0.7, Max: 0.9, Diff: 0.5, Sum: 3.0]
      [Code Root Scanning (ms): Min: 0.0, Avg: 0.1, Max: 0.1, Diff: 0.1, Sum: 0.3]
      [Object Copy (ms): Min: 10.5, Avg: 10.5, Max: 10.6, Diff: 0.1, Sum: 42.1]
      [Termination (ms): Min: 0.0, Avg: 0.0, Max: 0.0, Diff: 0.0, Sum: 0.0]
      [GC Worker Other (ms): Min: 0.0, Avg: 0.1, Max: 0.1, Diff: 0.1, Sum: 0.2]
      [GC Worker Total (ms): Min: 10.9, Avg: 11.8, Max: 12.0, Diff: 1.1, Sum: 47.0]
      [GC Worker End (ms): Min: 256582.9, Avg: 256582.9, Max: 256582.9, Diff: 0.1]
   [Code Root Fixup: 0.0 ms]
   [Code Root Migration: 0.3 ms]
   [Clear CT: 0.5 ms]
   [Other: 168.2 ms]
      [Choose CSet: 0.0 ms]
      [Ref Proc: 163.5 ms]
      [Ref Enq: 2.4 ms]
      [Free CSet: 2.1 ms]
   [Eden: 1695.0M(1695.0M)->0.0B(1695.0M) Survivors: 22.0M->22.0M Heap: 3662.7M(4096.0M)->1967.7M(4096.0M)]
 [Times: user=0.69 sys=0.01, real=0.18 secs] 
2016-01-06T01:07:58.332-0800: 256.995: [GC pause (young)
Desired survivor size 112721920 bytes, new threshold 15 (max 15)
- age   1:   20630152 bytes,   20630152 total
- age   2:      36864 bytes,   20667016 total
2016-01-06T01:07:58.527-0800: 257.190: [SoftReference, 0 refs, 0.0000430 secs]2016-01-06T01:07:58.527-0800: 257.190: [WeakReference, 0 refs, 0.0000060 secs]2016-01-06T01:07:58.527-0800: 257.190: [FinalReference, 0 refs, 0.0000050 secs]2016-01-06T01:07:58.527-0800: 257.190: [PhantomReference, 0 refs, 53052 refs, 0.0017660 secs]2016-01-06T01:07:58.529-0800: 257.192: [JNI Weak Reference, 0.0000080 secs], 0.2026590 secs]
   [Parallel Time: 24.2 ms, GC Workers: 4]
      [GC Worker Start (ms): Min: 256994.6, Avg: 256994.7, Max: 256994.7, Diff: 0.1]
      [Ext Root Scanning (ms): Min: 0.3, Avg: 0.4, Max: 0.4, Diff: 0.1, Sum: 1.4]
      [SATB Filtering (ms): Min: 0.0, Avg: 0.0, Max: 0.0, Diff: 0.0, Sum: 0.0]
      [Update RS (ms): Min: 12.6, Avg: 12.7, Max: 12.7, Diff: 0.1, Sum: 50.7]
         [Processed Buffers: Min: 17, Avg: 17.2, Max: 18, Diff: 1, Sum: 69]
      [Scan RS (ms): Min: 0.8, Avg: 0.8, Max: 0.8, Diff: 0.1, Sum: 3.2]
      [Code Root Scanning (ms): Min: 0.1, Avg: 0.1, Max: 0.1, Diff: 0.0, Sum: 0.4]
      [Object Copy (ms): Min: 10.0, Avg: 10.1, Max: 10.1, Diff: 0.1, Sum: 40.3]
      [Termination (ms): Min: 0.0, Avg: 0.0, Max: 0.0, Diff: 0.0, Sum: 0.0]
      [GC Worker Other (ms): Min: 0.0, Avg: 0.1, Max: 0.1, Diff: 0.0, Sum: 0.3]
      [GC Worker Total (ms): Min: 24.0, Avg: 24.0, Max: 24.1, Diff: 0.1, Sum: 96.2]
      [GC Worker End (ms): Min: 257018.7, Avg: 257018.7, Max: 257018.7, Diff: 0.1]
   [Code Root Fixup: 0.0 ms]
   [Code Root Migration: 0.2 ms]
   [Clear CT: 0.4 ms]
   [Other: 177.8 ms]
      [Choose CSet: 0.0 ms]
      [Ref Proc: 173.1 ms]
      [Ref Enq: 2.5 ms]
      [Free CSet: 2.1 ms]
   [Eden: 1695.0M(1695.0M)->0.0B(1695.0M) Survivors: 22.0M->22.0M Heap: 3662.7M(4096.0M)->1967.2M(4096.0M)]
 [Times: user=0.75 sys=0.01, real=0.20 secs] 
2016-01-06T01:07:58.789-0800: 257.452: [GC pause (young)
Desired survivor size 112721920 bytes, new threshold 15 (max 15)
- age   1:   20630152 bytes,   20630152 total
- age   2:      36864 bytes,   20667016 total
2016-01-06T01:07:58.994-0800: 257.657: [SoftReference, 0 refs, 0.0000450 secs]2016-01-06T01:07:58.994-0800: 257.657: [WeakReference, 0 refs, 0.0000070 secs]2016-01-06T01:07:58.994-0800: 257.657: [FinalReference, 0 refs, 0.0000050 secs]2016-01-06T01:07:58.994-0800: 257.657: [PhantomReference, 0 refs, 53055 refs, 0.0017880 secs]2016-01-06T01:07:58.996-0800: 257.659: [JNI Weak Reference, 0.0000080 secs], 0.2117590 secs]
   [Parallel Time: 29.6 ms, GC Workers: 4]
      [GC Worker Start (ms): Min: 257452.2, Avg: 257452.2, Max: 257452.2, Diff: 0.1]
      [Ext Root Scanning (ms): Min: 0.3, Avg: 0.4, Max: 0.4, Diff: 0.1, Sum: 1.5]
      [SATB Filtering (ms): Min: 0.0, Avg: 0.0, Max: 0.0, Diff: 0.0, Sum: 0.0]
      [Update RS (ms): Min: 17.5, Avg: 17.6, Max: 17.8, Diff: 0.3, Sum: 70.4]
         [Processed Buffers: Min: 24, Avg: 25.0, Max: 26, Diff: 2, Sum: 100]
      [Scan RS (ms): Min: 0.6, Avg: 0.7, Max: 0.8, Diff: 0.3, Sum: 2.9]
      [Code Root Scanning (ms): Min: 0.1, Avg: 0.1, Max: 0.1, Diff: 0.0, Sum: 0.4]
      [Object Copy (ms): Min: 10.6, Avg: 10.6, Max: 10.6, Diff: 0.0, Sum: 42.4]
      [Termination (ms): Min: 0.0, Avg: 0.0, Max: 0.0, Diff: 0.0, Sum: 0.0]
      [GC Worker Other (ms): Min: 0.0, Avg: 0.0, Max: 0.1, Diff: 0.1, Sum: 0.2]
      [GC Worker Total (ms): Min: 29.4, Avg: 29.5, Max: 29.5, Diff: 0.1, Sum: 117.8]
      [GC Worker End (ms): Min: 257481.6, Avg: 257481.6, Max: 257481.7, Diff: 0.1]
   [Code Root Fixup: 0.0 ms]
   [Code Root Migration: 0.2 ms]
   [Clear CT: 0.5 ms]
   [Other: 181.4 ms]
      [Choose CSet: 0.0 ms]
      [Ref Proc: 176.9 ms]
      [Ref Enq: 2.4 ms]
      [Free CSet: 2.0 ms]
   [Eden: 1695.0M(1695.0M)->0.0B(182.0M) Survivors: 22.0M->22.0M Heap: 3662.2M(4096.0M)->1967.7M(4096.0M)]
 [Times: user=0.81 sys=0.00, real=0.21 secs] 
2016-01-06T01:07:59.030-0800: 257.693: [GC pause (young)
Desired survivor size 13631488 bytes, new threshold 1 (max 15)
- age   1:   20630152 bytes,   20630152 total
- age   2:      36864 bytes,   20667016 total
2016-01-06T01:07:59.212-0800: 257.875: [SoftReference, 0 refs, 0.0000460 secs]2016-01-06T01:07:59.212-0800: 257.875: [WeakReference, 0 refs, 0.0000070 secs]2016-01-06T01:07:59.212-0800: 257.875: [FinalReference, 0 refs, 0.0000060 secs]2016-01-06T01:07:59.212-0800: 257.875: [PhantomReference, 0 refs, 6152 refs, 0.0002360 secs]2016-01-06T01:07:59.212-0800: 257.875: [JNI Weak Reference, 0.0000080 secs], 0.1834600 secs]
   [Parallel Time: 6.0 ms, GC Workers: 4]
      [GC Worker Start (ms): Min: 257692.7, Avg: 257692.7, Max: 257692.7, Diff: 0.1]
      [Ext Root Scanning (ms): Min: 0.3, Avg: 0.4, Max: 0.4, Diff: 0.1, Sum: 1.6]
      [SATB Filtering (ms): Min: 0.0, Avg: 0.0, Max: 0.0, Diff: 0.0, Sum: 0.0]
      [Update RS (ms): Min: 2.9, Avg: 3.0, Max: 3.1, Diff: 0.2, Sum: 12.0]
         [Processed Buffers: Min: 4, Avg: 5.0, Max: 7, Diff: 3, Sum: 20]
      [Scan RS (ms): Min: 0.0, Avg: 0.1, Max: 0.1, Diff: 0.1, Sum: 0.3]
      [Code Root Scanning (ms): Min: 0.0, Avg: 0.0, Max: 0.0, Diff: 0.0, Sum: 0.0]
      [Object Copy (ms): Min: 2.3, Avg: 2.3, Max: 2.3, Diff: 0.0, Sum: 9.2]
      [Termination (ms): Min: 0.0, Avg: 0.0, Max: 0.0, Diff: 0.0, Sum: 0.1]
      [GC Worker Other (ms): Min: 0.0, Avg: 0.0, Max: 0.1, Diff: 0.0, Sum: 0.2]
      [GC Worker Total (ms): Min: 5.8, Avg: 5.9, Max: 5.9, Diff: 0.0, Sum: 23.5]
      [GC Worker End (ms): Min: 257698.5, Avg: 257698.5, Max: 257698.6, Diff: 0.0]
   [Code Root Fixup: 0.0 ms]
   [Code Root Migration: 0.0 ms]
   [Clear CT: 0.2 ms]
   [Other: 177.3 ms]
      [Choose CSet: 0.0 ms]
      [Ref Proc: 176.6 ms]
      [Ref Enq: 0.3 ms]
      [Free CSet: 0.4 ms]
   [Eden: 182.0M(182.0M)->0.0B(348.0M) Survivors: 22.0M->18.0M Heap: 2149.7M(4096.0M)->1963.7M(4096.0M)]
 [Times: user=0.66 sys=0.00, real=0.18 secs] 
2016-01-06T01:07:59.268-0800: 257.931: [GC pause (young)
Desired survivor size 24117248 bytes, new threshold 15 (max 15)
- age   1:   16629328 bytes,   16629328 total
2016-01-06T01:07:59.456-0800: 258.119: [SoftReference, 0 refs, 0.0000520 secs]2016-01-06T01:07:59.456-0800: 258.119: [WeakReference, 0 refs, 0.0000060 secs]2016-01-06T01:07:59.456-0800: 258.119: [FinalReference, 0 refs, 0.0000060 secs]2016-01-06T01:07:59.456-0800: 258.119: [PhantomReference, 0 refs, 11298 refs, 0.0004150 secs]2016-01-06T01:07:59.456-0800: 258.119: [JNI Weak Reference, 0.0000080 secs], 0.1898220 secs]
   [Parallel Time: 8.7 ms, GC Workers: 4]
      [GC Worker Start (ms): Min: 257930.8, Avg: 257930.8, Max: 257930.8, Diff: 0.1]
      [Ext Root Scanning (ms): Min: 0.3, Avg: 0.4, Max: 0.4, Diff: 0.1, Sum: 1.4]
      [SATB Filtering (ms): Min: 0.0, Avg: 0.0, Max: 0.0, Diff: 0.0, Sum: 0.0]
      [Update RS (ms): Min: 4.8, Avg: 5.1, Max: 5.4, Diff: 0.5, Sum: 20.2]
         [Processed Buffers: Min: 7, Avg: 8.0, Max: 9, Diff: 2, Sum: 32]
      [Scan RS (ms): Min: 0.0, Avg: 0.1, Max: 0.3, Diff: 0.3, Sum: 0.6]
      [Code Root Scanning (ms): Min: 0.0, Avg: 0.0, Max: 0.0, Diff: 0.0, Sum: 0.1]
      [Object Copy (ms): Min: 2.8, Avg: 2.9, Max: 3.0, Diff: 0.2, Sum: 11.7]
      [Termination (ms): Min: 0.0, Avg: 0.0, Max: 0.0, Diff: 0.0, Sum: 0.0]
      [GC Worker Other (ms): Min: 0.0, Avg: 0.0, Max: 0.1, Diff: 0.0, Sum: 0.1]
      [GC Worker Total (ms): Min: 8.5, Avg: 8.6, Max: 8.6, Diff: 0.1, Sum: 34.2]
      [GC Worker End (ms): Min: 257939.3, Avg: 257939.4, Max: 257939.4, Diff: 0.0]
   [Code Root Fixup: 0.0 ms]
   [Code Root Migration: 0.1 ms]
   [Clear CT: 0.1 ms]
   [Other: 180.9 ms]
      [Choose CSet: 0.0 ms]
      [Ref Proc: 179.7 ms]
      [Ref Enq: 0.5 ms]
      [Free CSet: 0.6 ms]
   [Eden: 348.0M(348.0M)->0.0B(468.0M) Survivors: 18.0M->19.0M Heap: 2311.7M(4096.0M)->1964.7M(4096.0M)]
 [Times: user=0.72 sys=0.01, real=0.19 secs] 
2016-01-06T01:07:59.530-0800: 258.193: [GC pause (young)
Desired survivor size 31981568 bytes, new threshold 15 (max 15)
- age   1:   17623648 bytes,   17623648 total
- age   2:      36864 bytes,   17660512 total
2016-01-06T01:07:59.726-0800: 258.389: [SoftReference, 0 refs, 0.0000590 secs]2016-01-06T01:07:59.726-0800: 258.389: [WeakReference, 0 refs, 0.0000080 secs]2016-01-06T01:07:59.726-0800: 258.389: [FinalReference, 0 refs, 0.0000050 secs]2016-01-06T01:07:59.726-0800: 258.389: [PhantomReference, 0 refs, 15018 refs, 0.0005640 secs]2016-01-06T01:07:59.727-0800: 258.390: [JNI Weak Reference, 0.0000080 secs], 0.1979090 secs]
   [Parallel Time: 11.8 ms, GC Workers: 4]
      [GC Worker Start (ms): Min: 258193.5, Avg: 258195.1, Max: 258199.9, Diff: 6.5]
      [Ext Root Scanning (ms): Min: 0.0, Avg: 0.3, Max: 0.5, Diff: 0.5, Sum: 1.3]
      [SATB Filtering (ms): Min: 0.0, Avg: 0.0, Max: 0.0, Diff: 0.0, Sum: 0.0]
      [Update RS (ms): Min: 2.1, Avg: 6.7, Max: 8.3, Diff: 6.2, Sum: 26.6]
         [Processed Buffers: Min: 3, Avg: 11.2, Max: 18, Diff: 15, Sum: 45]
      [Scan RS (ms): Min: 0.1, Avg: 0.2, Max: 0.3, Diff: 0.2, Sum: 0.8]
      [Code Root Scanning (ms): Min: 0.0, Avg: 0.0, Max: 0.0, Diff: 0.0, Sum: 0.1]
      [Object Copy (ms): Min: 2.9, Avg: 2.9, Max: 2.9, Diff: 0.0, Sum: 11.5]
      [Termination (ms): Min: 0.0, Avg: 0.0, Max: 0.0, Diff: 0.0, Sum: 0.0]
      [GC Worker Other (ms): Min: 0.0, Avg: 0.0, Max: 0.1, Diff: 0.1, Sum: 0.2]
      [GC Worker Total (ms): Min: 5.3, Avg: 10.1, Max: 11.8, Diff: 6.5, Sum: 40.5]
      [GC Worker End (ms): Min: 258205.2, Avg: 258205.2, Max: 258205.2, Diff: 0.1]
   [Code Root Fixup: 0.0 ms]
   [Code Root Migration: 0.1 ms]
   [Clear CT: 0.1 ms]
   [Other: 185.9 ms]
      [Choose CSet: 0.0 ms]
      [Ref Proc: 184.4 ms]
      [Ref Enq: 0.7 ms]
      [Free CSet: 0.7 ms]
   [Eden: 468.0M(468.0M)->0.0B(196.0M) Survivors: 19.0M->8192.0K Heap: 2432.7M(4096.0M)->1953.7M(4096.0M)]
 [Times: user=0.74 sys=0.00, real=0.20 secs] 
2016-01-06T01:07:59.760-0800: 258.422: [GC pause (young)
Desired survivor size 13631488 bytes, new threshold 15 (max 15)
- age   1:    7286752 bytes,    7286752 total
- age   2:      36864 bytes,    7323616 total
2016-01-06T01:07:59.946-0800: 258.609: [SoftReference, 0 refs, 0.0000480 secs]2016-01-06T01:07:59.946-0800: 258.609: [WeakReference, 0 refs, 0.0000060 secs]2016-01-06T01:07:59.946-0800: 258.609: [FinalReference, 0 refs, 0.0000050 secs]2016-01-06T01:07:59.946-0800: 258.609: [PhantomReference, 0 refs, 6586 refs, 0.0002520 secs]2016-01-06T01:07:59.946-0800: 258.609: [JNI Weak Reference, 0.0000080 secs], 0.1876660 secs]
   [Parallel Time: 5.9 ms, GC Workers: 4]
      [GC Worker Start (ms): Min: 258422.5, Avg: 258422.5, Max: 258422.6, Diff: 0.1]
      [Ext Root Scanning (ms): Min: 0.4, Avg: 0.7, Max: 1.4, Diff: 1.0, Sum: 2.7]
      [SATB Filtering (ms): Min: 0.0, Avg: 0.0, Max: 0.0, Diff: 0.0, Sum: 0.0]
      [Update RS (ms): Min: 2.0, Avg: 2.6, Max: 3.0, Diff: 1.0, Sum: 10.6]
         [Processed Buffers: Min: 3, Avg: 4.5, Max: 6, Diff: 3, Sum: 18]
      [Scan RS (ms): Min: 0.0, Avg: 0.1, Max: 0.3, Diff: 0.3, Sum: 0.3]
      [Code Root Scanning (ms): Min: 0.0, Avg: 0.0, Max: 0.0, Diff: 0.0, Sum: 0.0]
      [Object Copy (ms): Min: 2.3, Avg: 2.4, Max: 2.5, Diff: 0.1, Sum: 9.5]
      [Termination (ms): Min: 0.0, Avg: 0.0, Max: 0.0, Diff: 0.0, Sum: 0.0]
      [GC Worker Other (ms): Min: 0.0, Avg: 0.0, Max: 0.0, Diff: 0.0, Sum: 0.1]
      [GC Worker Total (ms): Min: 5.8, Avg: 5.8, Max: 5.8, Diff: 0.1, Sum: 23.3]
      [GC Worker End (ms): Min: 258428.4, Avg: 258428.4, Max: 258428.4, Diff: 0.0]
   [Code Root Fixup: 0.0 ms]
   [Code Root Migration: 0.0 ms]
   [Clear CT: 0.1 ms]
   [Other: 181.6 ms]
      [Choose CSet: 0.0 ms]
      [Ref Proc: 180.9 ms]
      [Ref Enq: 0.3 ms]
      [Free CSet: 0.4 ms]
   [Eden: 196.0M(196.0M)->0.0B(409.0M) Survivors: 8192.0K->19.0M Heap: 2149.7M(4096.0M)->1964.2M(4096.0M)]
 [Times: user=0.72 sys=0.00, real=0.19 secs] 
2016-01-06T01:08:00.011-0800: 258.674: [GC pause (young)
Desired survivor size 28311552 bytes, new threshold 15 (max 15)
- age   1:   17284384 bytes,   17284384 total
- age   2:      36864 bytes,   17321248 total
2016-01-06T01:08:00.204-0800: 258.867: [SoftReference, 0 refs, 0.0000530 secs]2016-01-06T01:08:00.204-0800: 258.867: [WeakReference, 0 refs, 0.0000070 secs]2016-01-06T01:08:00.204-0800: 258.867: [FinalReference, 0 refs, 0.0000050 secs]2016-01-06T01:08:00.204-0800: 258.867: [PhantomReference, 0 refs, 13189 refs, 0.0004780 secs]2016-01-06T01:08:00.205-0800: 258.868: [JNI Weak Reference, 0.0000080 secs], 0.1950270 secs]
   [Parallel Time: 9.7 ms, GC Workers: 4]
      [GC Worker Start (ms): Min: 258674.4, Avg: 258674.4, Max: 258674.5, Diff: 0.1]
      [Ext Root Scanning (ms): Min: 0.3, Avg: 0.4, Max: 0.4, Diff: 0.1, Sum: 1.4]
      [SATB Filtering (ms): Min: 0.0, Avg: 0.0, Max: 0.0, Diff: 0.0, Sum: 0.0]
      [Update RS (ms): Min: 6.0, Avg: 6.0, Max: 6.2, Diff: 0.2, Sum: 24.1]
         [Processed Buffers: Min: 8, Avg: 9.2, Max: 11, Diff: 3, Sum: 37]
      [Scan RS (ms): Min: 0.1, Avg: 0.2, Max: 0.2, Diff: 0.1, Sum: 0.7]
      [Code Root Scanning (ms): Min: 0.0, Avg: 0.0, Max: 0.0, Diff: 0.0, Sum: 0.1]
      [Object Copy (ms): Min: 3.0, Avg: 3.0, Max: 3.0, Diff: 0.0, Sum: 12.0]
      [Termination (ms): Min: 0.0, Avg: 0.0, Max: 0.0, Diff: 0.0, Sum: 0.0]
      [GC Worker Other (ms): Min: 0.0, Avg: 0.1, Max: 0.1, Diff: 0.1, Sum: 0.2]
      [GC Worker Total (ms): Min: 9.6, Avg: 9.6, Max: 9.7, Diff: 0.1, Sum: 38.6]
      [GC Worker End (ms): Min: 258684.0, Avg: 258684.1, Max: 258684.1, Diff: 0.1]
   [Code Root Fixup: 0.0 ms]
   [Code Root Migration: 0.1 ms]
   [Clear CT: 0.2 ms]
   [Other: 185.0 ms]
      [Choose CSet: 0.0 ms]
      [Ref Proc: 183.7 ms]
      [Ref Enq: 0.6 ms]
      [Free CSet: 0.6 ms]
   [Eden: 409.0M(409.0M)->0.0B(380.0M) Survivors: 19.0M->19.0M Heap: 2373.2M(4096.0M)->1964.7M(4096.0M)]
 [Times: user=0.75 sys=0.00, real=0.20 secs] 
2016-01-06T01:08:00.263-0800: 258.926: [GC pause (young)
Desired survivor size 26214400 bytes, new threshold 15 (max 15)
- age   1:   17759800 bytes,   17759800 total
- age   2:      36864 bytes,   17796664 total
2016-01-06T01:08:00.455-0800: 259.118: [SoftReference, 0 refs, 0.0000410 secs]2016-01-06T01:08:00.455-0800: 259.118: [WeakReference, 0 refs, 0.0000060 secs]2016-01-06T01:08:00.455-0800: 259.118: [FinalReference, 0 refs, 0.0000050 secs]2016-01-06T01:08:00.455-0800: 259.118: [PhantomReference, 0 refs, 12288 refs, 0.0005060 secs]2016-01-06T01:08:00.456-0800: 259.119: [JNI Weak Reference, 0.0000070 secs], 0.1940890 secs]
   [Parallel Time: 8.5 ms, GC Workers: 4]
      [GC Worker Start (ms): Min: 258926.2, Avg: 258926.3, Max: 258926.3, Diff: 0.1]
      [Ext Root Scanning (ms): Min: 0.3, Avg: 0.4, Max: 0.4, Diff: 0.1, Sum: 1.4]
      [SATB Filtering (ms): Min: 0.0, Avg: 0.0, Max: 0.0, Diff: 0.0, Sum: 0.0]
      [Update RS (ms): Min: 0.6, Avg: 0.7, Max: 0.7, Diff: 0.0, Sum: 2.6]
         [Processed Buffers: Min: 1, Avg: 1.8, Max: 4, Diff: 3, Sum: 7]
      [Scan RS (ms): Min: 0.1, Avg: 0.2, Max: 0.2, Diff: 0.1, Sum: 0.7]
      [Code Root Scanning (ms): Min: 0.0, Avg: 0.0, Max: 0.0, Diff: 0.0, Sum: 0.1]
      [Object Copy (ms): Min: 4.7, Avg: 5.3, Max: 7.2, Diff: 2.5, Sum: 21.3]
      [Termination (ms): Min: 0.0, Avg: 1.9, Max: 2.5, Diff: 2.5, Sum: 7.5]
      [GC Worker Other (ms): Min: 0.0, Avg: 0.0, Max: 0.0, Diff: 0.0, Sum: 0.1]
      [GC Worker Total (ms): Min: 8.4, Avg: 8.4, Max: 8.5, Diff: 0.0, Sum: 33.7]
      [GC Worker End (ms): Min: 258934.7, Avg: 258934.7, Max: 258934.7, Diff: 0.1]
   [Code Root Fixup: 0.0 ms]
   [Code Root Migration: 0.1 ms]
   [Clear CT: 0.1 ms]
   [Other: 185.4 ms]
      [Choose CSet: 0.0 ms]
      [Ref Proc: 184.1 ms]
      [Ref Enq: 0.6 ms]
      [Free CSet: 0.6 ms]
   [Eden: 380.0M(380.0M)->0.0B(202.0M) Survivors: 19.0M->2048.0K Heap: 2344.7M(4096.0M)->1947.7M(4096.0M)]
 [Times: user=0.73 sys=0.02, real=0.20 secs] 
2016-01-06T01:08:00.487-0800: 259.150: [GC pause (young)
Desired survivor size 13631488 bytes, new threshold 15 (max 15)
- age   1:    1016416 bytes,    1016416 total
- age   2:      36864 bytes,    1053280 total
2016-01-06T01:08:00.671-0800: 259.334: [SoftReference, 0 refs, 0.0000440 secs]2016-01-06T01:08:00.671-0800: 259.334: [WeakReference, 0 refs, 0.0000060 secs]2016-01-06T01:08:00.671-0800: 259.334: [FinalReference, 0 refs, 0.0000050 secs]2016-01-06T01:08:00.671-0800: 259.334: [PhantomReference, 0 refs, 6772 refs, 0.0002500 secs]2016-01-06T01:08:00.672-0800: 259.335: [JNI Weak Reference, 0.0000070 secs], 0.1858270 secs]
   [Parallel Time: 3.0 ms, GC Workers: 4]
      [GC Worker Start (ms): Min: 259149.6, Avg: 259149.7, Max: 259149.7, Diff: 0.1]
      [Ext Root Scanning (ms): Min: 0.3, Avg: 0.4, Max: 0.4, Diff: 0.1, Sum: 1.4]
      [SATB Filtering (ms): Min: 0.0, Avg: 0.0, Max: 0.0, Diff: 0.0, Sum: 0.0]
      [Update RS (ms): Min: 0.0, Avg: 0.1, Max: 0.2, Diff: 0.2, Sum: 0.2]
         [Processed Buffers: Min: 0, Avg: 1.2, Max: 3, Diff: 3, Sum: 5]
      [Scan RS (ms): Min: 0.0, Avg: 0.1, Max: 0.1, Diff: 0.1, Sum: 0.4]
      [Code Root Scanning (ms): Min: 0.0, Avg: 0.0, Max: 0.0, Diff: 0.0, Sum: 0.0]
      [Object Copy (ms): Min: 2.3, Avg: 2.4, Max: 2.4, Diff: 0.0, Sum: 9.4]
      [Termination (ms): Min: 0.0, Avg: 0.0, Max: 0.0, Diff: 0.0, Sum: 0.0]
      [GC Worker Other (ms): Min: 0.0, Avg: 0.0, Max: 0.0, Diff: 0.0, Sum: 0.1]
      [GC Worker Total (ms): Min: 2.9, Avg: 2.9, Max: 2.9, Diff: 0.1, Sum: 11.6]
      [GC Worker End (ms): Min: 259152.6, Avg: 259152.6, Max: 259152.6, Diff: 0.0]
   [Code Root Fixup: 0.0 ms]
   [Code Root Migration: 0.0 ms]
   [Clear CT: 0.1 ms]
   [Other: 182.7 ms]
      [Choose CSet: 0.0 ms]
      [Ref Proc: 182.0 ms]
      [Ref Enq: 0.3 ms]
      [Free CSet: 0.3 ms]
   [Eden: 202.0M(202.0M)->0.0B(185.0M) Survivors: 2048.0K->19.0M Heap: 2149.7M(4096.0M)->1964.2M(4096.0M)]
 [Times: user=0.73 sys=0.00, real=0.18 secs] 
2016-01-06T01:08:00.701-0800: 259.364: [GC pause (young)
Desired survivor size 13631488 bytes, new threshold 1 (max 15)
- age   1:   17297776 bytes,   17297776 total
- age   2:      36864 bytes,   17334640 total
2016-01-06T01:08:00.882-0800: 259.545: [SoftReference, 0 refs, 0.0000440 secs]2016-01-06T01:08:00.882-0800: 259.545: [WeakReference, 0 refs, 0.0000070 secs]2016-01-06T01:08:00.882-0800: 259.545: [FinalReference, 0 refs, 0.0000050 secs]2016-01-06T01:08:00.882-0800: 259.545: [PhantomReference, 0 refs, 6245 refs, 0.0002390 secs]2016-01-06T01:08:00.882-0800: 259.545: [JNI Weak Reference, 0.0000080 secs], 0.1820290 secs]
   [Parallel Time: 2.8 ms, GC Workers: 4]
      [GC Worker Start (ms): Min: 259363.8, Avg: 259363.9, Max: 259363.9, Diff: 0.1]
      [Ext Root Scanning (ms): Min: 0.3, Avg: 0.4, Max: 0.4, Diff: 0.1, Sum: 1.4]
      [SATB Filtering (ms): Min: 0.0, Avg: 0.0, Max: 0.0, Diff: 0.0, Sum: 0.0]
      [Update RS (ms): Min: 0.0, Avg: 0.1, Max: 0.2, Diff: 0.2, Sum: 0.2]
         [Processed Buffers: Min: 0, Avg: 1.0, Max: 3, Diff: 3, Sum: 4]
      [Scan RS (ms): Min: 0.0, Avg: 0.1, Max: 0.1, Diff: 0.1, Sum: 0.4]
      [Code Root Scanning (ms): Min: 0.0, Avg: 0.0, Max: 0.0, Diff: 0.0, Sum: 0.0]
      [Object Copy (ms): Min: 2.2, Avg: 2.2, Max: 2.2, Diff: 0.0, Sum: 8.8]
      [Termination (ms): Min: 0.0, Avg: 0.0, Max: 0.0, Diff: 0.0, Sum: 0.0]
      [GC Worker Other (ms): Min: 0.0, Avg: 0.0, Max: 0.0, Diff: 0.0, Sum: 0.1]
      [GC Worker Total (ms): Min: 2.7, Avg: 2.7, Max: 2.8, Diff: 0.1, Sum: 10.9]
      [GC Worker End (ms): Min: 259366.6, Avg: 259366.6, Max: 259366.6, Diff: 0.0]
   [Code Root Fixup: 0.0 ms]
   [Code Root Migration: 0.0 ms]
   [Clear CT: 0.2 ms]
   [Other: 179.0 ms]
      [Choose CSet: 0.0 ms]
      [Ref Proc: 178.3 ms]
      [Ref Enq: 0.3 ms]
      [Free CSet: 0.3 ms]
   [Eden: 185.0M(185.0M)->0.0B(185.0M) Survivors: 19.0M->19.0M Heap: 2149.2M(4096.0M)->1964.2M(4096.0M)]
 [Times: user=0.56 sys=0.00, real=0.18 secs] 
2016-01-06T01:08:00.909-0800: 259.572: [GC pause (young)
Desired survivor size 13631488 bytes, new threshold 1 (max 15)
- age   1:   17259832 bytes,   17259832 total
2016-01-06T01:08:01.100-0800: 259.762: [SoftReference, 0 refs, 0.0000490 secs]2016-01-06T01:08:01.100-0800: 259.763: [WeakReference, 0 refs, 0.0000070 secs]2016-01-06T01:08:01.100-0800: 259.763: [FinalReference, 0 refs, 0.0000050 secs]2016-01-06T01:08:01.100-0800: 259.763: [PhantomReference, 0 refs, 6245 refs, 0.0002290 secs]2016-01-06T01:08:01.100-0800: 259.763: [JNI Weak Reference, 0.0000080 secs], 0.1912990 secs]
   [Parallel Time: 3.0 ms, GC Workers: 4]
      [GC Worker Start (ms): Min: 259572.4, Avg: 259572.4, Max: 259572.5, Diff: 0.1]
      [Ext Root Scanning (ms): Min: 0.3, Avg: 0.4, Max: 0.4, Diff: 0.1, Sum: 1.4]
      [SATB Filtering (ms): Min: 0.0, Avg: 0.0, Max: 0.0, Diff: 0.0, Sum: 0.0]
      [Update RS (ms): Min: 0.0, Avg: 0.1, Max: 0.2, Diff: 0.2, Sum: 0.3]
         [Processed Buffers: Min: 0, Avg: 1.2, Max: 3, Diff: 3, Sum: 5]
      [Scan RS (ms): Min: 0.0, Avg: 0.1, Max: 0.1, Diff: 0.1, Sum: 0.3]
      [Code Root Scanning (ms): Min: 0.0, Avg: 0.0, Max: 0.0, Diff: 0.0, Sum: 0.0]
      [Object Copy (ms): Min: 2.3, Avg: 2.3, Max: 2.3, Diff: 0.0, Sum: 9.1]
      [Termination (ms): Min: 0.0, Avg: 0.0, Max: 0.0, Diff: 0.0, Sum: 0.0]
      [GC Worker Other (ms): Min: 0.0, Avg: 0.0, Max: 0.1, Diff: 0.1, Sum: 0.2]
      [GC Worker Total (ms): Min: 2.8, Avg: 2.9, Max: 2.9, Diff: 0.1, Sum: 11.5]
      [GC Worker End (ms): Min: 259575.2, Avg: 259575.3, Max: 259575.3, Diff: 0.1]
   [Code Root Fixup: 0.0 ms]
   [Code Root Migration: 0.0 ms]
   [Clear CT: 0.2 ms]
   [Other: 188.1 ms]
      [Choose CSet: 0.0 ms]
      [Ref Proc: 187.4 ms]
      [Ref Enq: 0.3 ms]
      [Free CSet: 0.3 ms]
   [Eden: 185.0M(185.0M)->0.0B(185.0M) Survivors: 19.0M->19.0M Heap: 2149.2M(4096.0M)->1964.8M(4096.0M)]
 [Times: user=0.74 sys=0.00, real=0.19 secs] 
2016-01-06T01:08:01.127-0800: 259.790: [GC pause (young)
Desired survivor size 13631488 bytes, new threshold 1 (max 15)
- age   1:   17259832 bytes,   17259832 total
2016-01-06T01:08:01.314-0800: 259.977: [SoftReference, 0 refs, 0.0000510 secs]2016-01-06T01:08:01.315-0800: 259.977: [WeakReference, 0 refs, 0.0000070 secs]2016-01-06T01:08:01.315-0800: 259.977: [FinalReference, 0 refs, 0.0000060 secs]2016-01-06T01:08:01.315-0800: 259.977: [PhantomReference, 0 refs, 6244 refs, 0.0002260 secs]2016-01-06T01:08:01.315-0800: 259.978: [JNI Weak Reference, 0.0000070 secs], 0.1887680 secs]
   [Parallel Time: 2.9 ms, GC Workers: 4]
      [GC Worker Start (ms): Min: 259789.8, Avg: 259789.9, Max: 259789.9, Diff: 0.1]
      [Ext Root Scanning (ms): Min: 0.3, Avg: 0.4, Max: 0.4, Diff: 0.1, Sum: 1.4]
      [SATB Filtering (ms): Min: 0.0, Avg: 0.0, Max: 0.0, Diff: 0.0, Sum: 0.0]
      [Update RS (ms): Min: 0.0, Avg: 0.1, Max: 0.2, Diff: 0.2, Sum: 0.3]
         [Processed Buffers: Min: 0, Avg: 1.2, Max: 3, Diff: 3, Sum: 5]
      [Scan RS (ms): Min: 0.0, Avg: 0.1, Max: 0.1, Diff: 0.1, Sum: 0.3]
      [Code Root Scanning (ms): Min: 0.0, Avg: 0.0, Max: 0.0, Diff: 0.0, Sum: 0.0]
      [Object Copy (ms): Min: 2.2, Avg: 2.3, Max: 2.3, Diff: 0.0, Sum: 9.0]
      [Termination (ms): Min: 0.0, Avg: 0.0, Max: 0.0, Diff: 0.0, Sum: 0.0]
      [GC Worker Other (ms): Min: 0.0, Avg: 0.0, Max: 0.0, Diff: 0.0, Sum: 0.1]
      [GC Worker Total (ms): Min: 2.8, Avg: 2.8, Max: 2.8, Diff: 0.1, Sum: 11.2]
      [GC Worker End (ms): Min: 259792.7, Avg: 259792.7, Max: 259792.7, Diff: 0.0]
   [Code Root Fixup: 0.0 ms]
   [Code Root Migration: 0.0 ms]
   [Clear CT: 0.2 ms]
   [Other: 185.7 ms]
      [Choose CSet: 0.0 ms]
      [Ref Proc: 185.0 ms]
      [Ref Enq: 0.3 ms]
      [Free CSet: 0.3 ms]
   [Eden: 185.0M(185.0M)->0.0B(418.0M) Survivors: 19.0M->18.0M Heap: 2149.8M(4096.0M)->1963.8M(4096.0M)]
 [Times: user=0.68 sys=0.00, real=0.18 secs] 
2016-01-06T01:08:01.374-0800: 260.037: [GC pause (young)
Desired survivor size 28835840 bytes, new threshold 15 (max 15)
- age   1:   17259832 bytes,   17259832 total
2016-01-06T01:08:01.571-0800: 260.234: [SoftReference, 0 refs, 0.0000450 secs]2016-01-06T01:08:01.571-0800: 260.234: [WeakReference, 0 refs, 0.0000070 secs]2016-01-06T01:08:01.571-0800: 260.234: [FinalReference, 0 refs, 0.0000060 secs]2016-01-06T01:08:01.571-0800: 260.234: [PhantomReference, 0 refs, 13468 refs, 0.0004650 secs]2016-01-06T01:08:01.571-0800: 260.234: [JNI Weak Reference, 0.0000080 secs], 0.1984920 secs]
   [Parallel Time: 13.8 ms, GC Workers: 4]
      [GC Worker Start (ms): Min: 260037.1, Avg: 260037.2, Max: 260037.2, Diff: 0.1]
      [Ext Root Scanning (ms): Min: 0.3, Avg: 0.4, Max: 0.4, Diff: 0.1, Sum: 1.4]
      [SATB Filtering (ms): Min: 0.0, Avg: 0.0, Max: 0.0, Diff: 0.0, Sum: 0.0]
      [Update RS (ms): Min: 10.0, Avg: 10.1, Max: 10.2, Diff: 0.2, Sum: 40.3]
         [Processed Buffers: Min: 14, Avg: 14.8, Max: 15, Diff: 1, Sum: 59]
      [Scan RS (ms): Min: 0.1, Avg: 0.2, Max: 0.2, Diff: 0.1, Sum: 0.7]
      [Code Root Scanning (ms): Min: 0.0, Avg: 0.0, Max: 0.0, Diff: 0.0, Sum: 0.1]
      [Object Copy (ms): Min: 2.9, Avg: 3.0, Max: 3.0, Diff: 0.0, Sum: 11.8]
      [Termination (ms): Min: 0.0, Avg: 0.0, Max: 0.0, Diff: 0.0, Sum: 0.0]
      [GC Worker Other (ms): Min: 0.0, Avg: 0.0, Max: 0.1, Diff: 0.0, Sum: 0.1]
      [GC Worker Total (ms): Min: 13.6, Avg: 13.6, Max: 13.7, Diff: 0.1, Sum: 54.6]
      [GC Worker End (ms): Min: 260050.8, Avg: 260050.8, Max: 260050.8, Diff: 0.0]
   [Code Root Fixup: 0.0 ms]
   [Code Root Migration: 0.1 ms]
   [Clear CT: 0.2 ms]
   [Other: 184.4 ms]
      [Choose CSet: 0.0 ms]
      [Ref Proc: 183.2 ms]
      [Ref Enq: 0.6 ms]
      [Free CSet: 0.6 ms]
   [Eden: 418.0M(418.0M)->0.0B(253.0M) Survivors: 18.0M->19.0M Heap: 2381.8M(4096.0M)->1964.8M(4096.0M)]
 [Times: user=0.75 sys=0.00, real=0.20 secs] 
2016-01-06T01:08:01.609-0800: 260.272: [GC pause (young)
Desired survivor size 17825792 bytes, new threshold 15 (max 15)
- age   1:   17779888 bytes,   17779888 total
- age   2:      36864 bytes,   17816752 total
2016-01-06T01:08:01.805-0800: 260.468: [SoftReference, 0 refs, 0.0000450 secs]2016-01-06T01:08:01.805-0800: 260.468: [WeakReference, 0 refs, 0.0000060 secs]2016-01-06T01:08:01.806-0800: 260.468: [FinalReference, 0 refs, 0.0000050 secs]2016-01-06T01:08:01.806-0800: 260.468: [PhantomReference, 0 refs, 8353 refs, 0.0003180 secs]2016-01-06T01:08:01.806-0800: 260.469: [JNI Weak Reference, 0.0000070 secs], 0.1982760 secs]
   [Parallel Time: 5.6 ms, GC Workers: 4]
      [GC Worker Start (ms): Min: 260271.6, Avg: 260271.6, Max: 260271.7, Diff: 0.1]
      [Ext Root Scanning (ms): Min: 0.3, Avg: 0.4, Max: 0.4, Diff: 0.1, Sum: 1.5]
      [SATB Filtering (ms): Min: 0.0, Avg: 0.0, Max: 0.0, Diff: 0.0, Sum: 0.0]
      [Update RS (ms): Min: 2.2, Avg: 2.4, Max: 2.7, Diff: 0.4, Sum: 9.5]
         [Processed Buffers: Min: 3, Avg: 4.0, Max: 6, Diff: 3, Sum: 16]
      [Scan RS (ms): Min: 0.0, Avg: 0.1, Max: 0.2, Diff: 0.1, Sum: 0.4]
      [Code Root Scanning (ms): Min: 0.0, Avg: 0.0, Max: 0.0, Diff: 0.0, Sum: 0.1]
      [Object Copy (ms): Min: 2.3, Avg: 2.5, Max: 2.6, Diff: 0.2, Sum: 10.0]
      [Termination (ms): Min: 0.0, Avg: 0.0, Max: 0.0, Diff: 0.0, Sum: 0.0]
      [GC Worker Other (ms): Min: 0.0, Avg: 0.0, Max: 0.0, Diff: 0.0, Sum: 0.1]
      [GC Worker Total (ms): Min: 5.4, Avg: 5.4, Max: 5.4, Diff: 0.1, Sum: 21.6]
      [GC Worker End (ms): Min: 260277.0, Avg: 260277.0, Max: 260277.0, Diff: 0.0]
   [Code Root Fixup: 0.0 ms]
   [Code Root Migration: 0.0 ms]
   [Clear CT: 0.1 ms]
   [Other: 192.5 ms]
      [Choose CSet: 0.0 ms]
      [Ref Proc: 191.6 ms]
      [Ref Enq: 0.4 ms]
      [Free CSet: 0.5 ms]
   [Eden: 253.0M(253.0M)->0.0B(185.0M) Survivors: 19.0M->19.0M Heap: 2217.8M(4096.0M)->1964.3M(4096.0M)]
 [Times: user=0.74 sys=0.00, real=0.20 secs] 
2016-01-06T01:08:01.835-0800: 260.498: [GC pause (young)
Desired survivor size 13631488 bytes, new threshold 1 (max 15)
- age   1:   17411608 bytes,   17411608 total
- age   2:      36864 bytes,   17448472 total
2016-01-06T01:08:02.026-0800: 260.689: [SoftReference, 0 refs, 0.0000440 secs]2016-01-06T01:08:02.026-0800: 260.689: [WeakReference, 0 refs, 0.0000070 secs]2016-01-06T01:08:02.026-0800: 260.689: [FinalReference, 0 refs, 0.0000050 secs]2016-01-06T01:08:02.026-0800: 260.689: [PhantomReference, 0 refs, 6240 refs, 0.0002370 secs]2016-01-06T01:08:02.027-0800: 260.690: [JNI Weak Reference, 0.0000070 secs], 0.1928240 secs]
   [Parallel Time: 3.2 ms, GC Workers: 4]
      [GC Worker Start (ms): Min: 260497.7, Avg: 260497.8, Max: 260498.0, Diff: 0.4]
      [Ext Root Scanning (ms): Min: 0.0, Avg: 0.3, Max: 0.5, Diff: 0.5, Sum: 1.3]
      [SATB Filtering (ms): Min: 0.0, Avg: 0.0, Max: 0.0, Diff: 0.0, Sum: 0.0]
      [Update RS (ms): Min: 0.0, Avg: 0.1, Max: 0.2, Diff: 0.2, Sum: 0.2]
         [Processed Buffers: Min: 0, Avg: 1.0, Max: 3, Diff: 3, Sum: 4]
      [Scan RS (ms): Min: 0.0, Avg: 0.1, Max: 0.1, Diff: 0.1, Sum: 0.3]
      [Code Root Scanning (ms): Min: 0.0, Avg: 0.0, Max: 0.0, Diff: 0.0, Sum: 0.1]
      [Object Copy (ms): Min: 2.5, Avg: 2.5, Max: 2.5, Diff: 0.0, Sum: 10.0]
      [Termination (ms): Min: 0.0, Avg: 0.0, Max: 0.0, Diff: 0.0, Sum: 0.0]
      [GC Worker Other (ms): Min: 0.0, Avg: 0.0, Max: 0.1, Diff: 0.0, Sum: 0.1]
      [GC Worker Total (ms): Min: 2.8, Avg: 3.0, Max: 3.1, Diff: 0.3, Sum: 12.1]
      [GC Worker End (ms): Min: 260500.8, Avg: 260500.8, Max: 260500.8, Diff: 0.0]
   [Code Root Fixup: 0.0 ms]
   [Code Root Migration: 0.0 ms]
   [Clear CT: 0.2 ms]
   [Other: 189.4 ms]
      [Choose CSet: 0.0 ms]
      [Ref Proc: 188.7 ms]
      [Ref Enq: 0.3 ms]
      [Free CSet: 0.4 ms]
   [Eden: 185.0M(185.0M)->0.0B(369.0M) Survivors: 19.0M->19.0M Heap: 2149.3M(4096.0M)->1964.4M(4096.0M)]
 [Times: user=0.75 sys=0.00, real=0.20 secs] 
2016-01-06T01:08:02.080-0800: 260.743: [GC pause (young)
Desired survivor size 25690112 bytes, new threshold 15 (max 15)
- age   1:   17259832 bytes,   17259832 total
2016-01-06T01:08:02.270-0800: 260.933: [SoftReference, 0 refs, 0.0000440 secs]2016-01-06T01:08:02.271-0800: 260.933: [WeakReference, 0 refs, 0.0000070 secs]2016-01-06T01:08:02.271-0800: 260.933: [FinalReference, 0 refs, 0.0000050 secs]2016-01-06T01:08:02.271-0800: 260.933: [PhantomReference, 0 refs, 11948 refs, 0.0004320 secs]2016-01-06T01:08:02.271-0800: 260.934: [JNI Weak Reference, 0.0000080 secs], 0.1923570 secs]
   [Parallel Time: 3.1 ms, GC Workers: 4]
      [GC Worker Start (ms): Min: 260743.0, Avg: 260743.0, Max: 260743.1, Diff: 0.1]
      [Ext Root Scanning (ms): Min: 0.3, Avg: 0.4, Max: 0.4, Diff: 0.1, Sum: 1.4]
      [SATB Filtering (ms): Min: 0.0, Avg: 0.0, Max: 0.0, Diff: 0.0, Sum: 0.0]
      [Update RS (ms): Min: 0.0, Avg: 0.1, Max: 0.2, Diff: 0.2, Sum: 0.3]
         [Processed Buffers: Min: 0, Avg: 1.2, Max: 2, Diff: 2, Sum: 5]
      [Scan RS (ms): Min: 0.1, Avg: 0.2, Max: 0.2, Diff: 0.1, Sum: 0.7]
      [Code Root Scanning (ms): Min: 0.0, Avg: 0.0, Max: 0.0, Diff: 0.0, Sum: 0.1]
      [Object Copy (ms): Min: 2.3, Avg: 2.3, Max: 2.3, Diff: 0.0, Sum: 9.2]
      [Termination (ms): Min: 0.0, Avg: 0.0, Max: 0.0, Diff: 0.0, Sum: 0.0]
      [GC Worker Other (ms): Min: 0.0, Avg: 0.0, Max: 0.0, Diff: 0.0, Sum: 0.1]
      [GC Worker Total (ms): Min: 2.9, Avg: 3.0, Max: 3.0, Diff: 0.1, Sum: 11.9]
      [GC Worker End (ms): Min: 260746.0, Avg: 260746.0, Max: 260746.0, Diff: 0.0]
   [Code Root Fixup: 0.0 ms]
   [Code Root Migration: 0.1 ms]
   [Clear CT: 0.2 ms]
   [Other: 189.0 ms]
      [Choose CSet: 0.0 ms]
      [Ref Proc: 187.8 ms]
      [Ref Enq: 0.5 ms]
      [Free CSet: 0.6 ms]
   [Eden: 369.0M(369.0M)->0.0B(202.0M) Survivors: 19.0M->2048.0K Heap: 2333.4M(4096.0M)->1947.9M(4096.0M)]
 [Times: user=0.74 sys=0.00, real=0.19 secs] 
2016-01-06T01:08:02.302-0800: 260.965: [GC pause (young)
Desired survivor size 13631488 bytes, new threshold 15 (max 15)
- age   1:    1057528 bytes,    1057528 total
- age   2:      36864 bytes,    1094392 total
2016-01-06T01:08:02.495-0800: 261.158: [SoftReference, 0 refs, 0.0000410 secs]2016-01-06T01:08:02.496-0800: 261.158: [WeakReference, 0 refs, 0.0000070 secs]2016-01-06T01:08:02.496-0800: 261.158: [FinalReference, 0 refs, 0.0000050 secs]2016-01-06T01:08:02.496-0800: 261.158: [PhantomReference, 0 refs, 6772 refs, 0.0002470 secs]2016-01-06T01:08:02.496-0800: 261.159: [JNI Weak Reference, 0.0000080 secs], 0.1947960 secs]
   [Parallel Time: 3.0 ms, GC Workers: 4]
      [GC Worker Start (ms): Min: 260964.8, Avg: 260964.9, Max: 260964.9, Diff: 0.1]
      [Ext Root Scanning (ms): Min: 0.3, Avg: 0.4, Max: 0.4, Diff: 0.1, Sum: 1.4]
      [SATB Filtering (ms): Min: 0.0, Avg: 0.0, Max: 0.0, Diff: 0.0, Sum: 0.0]
      [Update RS (ms): Min: 0.0, Avg: 0.1, Max: 0.1, Diff: 0.1, Sum: 0.3]
         [Processed Buffers: Min: 0, Avg: 1.2, Max: 2, Diff: 2, Sum: 5]
      [Scan RS (ms): Min: 0.1, Avg: 0.1, Max: 0.1, Diff: 0.1, Sum: 0.3]
      [Code Root Scanning (ms): Min: 0.0, Avg: 0.0, Max: 0.0, Diff: 0.0, Sum: 0.0]
      [Object Copy (ms): Min: 2.3, Avg: 2.3, Max: 2.3, Diff: 0.0, Sum: 9.3]
      [Termination (ms): Min: 0.0, Avg: 0.0, Max: 0.0, Diff: 0.0, Sum: 0.0]
      [GC Worker Other (ms): Min: 0.0, Avg: 0.0, Max: 0.0, Diff: 0.0, Sum: 0.1]
      [GC Worker Total (ms): Min: 2.8, Avg: 2.9, Max: 2.9, Diff: 0.1, Sum: 11.4]
      [GC Worker End (ms): Min: 260967.7, Avg: 260967.7, Max: 260967.7, Diff: 0.0]
   [Code Root Fixup: 0.0 ms]
   [Code Root Migration: 0.0 ms]
   [Clear CT: 0.1 ms]
   [Other: 191.7 ms]
      [Choose CSet: 0.0 ms]
      [Ref Proc: 190.9 ms]
      [Ref Enq: 0.3 ms]
      [Free CSet: 0.3 ms]
   [Eden: 202.0M(202.0M)->0.0B(185.0M) Survivors: 2048.0K->19.0M Heap: 2149.9M(4096.0M)->1964.9M(4096.0M)]
 [Times: user=0.76 sys=0.00, real=0.19 secs] 
2016-01-06T01:08:02.523-0800: 261.186: [GC pause (young)
Desired survivor size 13631488 bytes, new threshold 1 (max 15)
- age   1:   17297776 bytes,   17297776 total
- age   2:      36864 bytes,   17334640 total
2016-01-06T01:08:02.712-0800: 261.375: [SoftReference, 0 refs, 0.0000650 secs]2016-01-06T01:08:02.712-0800: 261.375: [WeakReference, 0 refs, 0.0000070 secs]2016-01-06T01:08:02.712-0800: 261.375: [FinalReference, 0 refs, 0.0000050 secs]2016-01-06T01:08:02.712-0800: 261.375: [PhantomReference, 0 refs, 6244 refs, 0.0002290 secs]2016-01-06T01:08:02.712-0800: 261.375: [JNI Weak Reference, 0.0000130 secs], 0.1900430 secs]
   [Parallel Time: 2.9 ms, GC Workers: 4]
      [GC Worker Start (ms): Min: 261186.2, Avg: 261186.7, Max: 261187.9, Diff: 1.7]
      [Ext Root Scanning (ms): Min: 0.0, Avg: 0.3, Max: 0.5, Diff: 0.5, Sum: 1.3]
      [SATB Filtering (ms): Min: 0.0, Avg: 0.0, Max: 0.0, Diff: 0.0, Sum: 0.0]
      [Update RS (ms): Min: 0.0, Avg: 0.1, Max: 0.2, Diff: 0.2, Sum: 0.2]
         [Processed Buffers: Min: 0, Avg: 1.0, Max: 3, Diff: 3, Sum: 4]
      [Scan RS (ms): Min: 0.0, Avg: 0.1, Max: 0.2, Diff: 0.1, Sum: 0.3]
      [Code Root Scanning (ms): Min: 0.0, Avg: 0.0, Max: 0.0, Diff: 0.0, Sum: 0.0]
      [Object Copy (ms): Min: 1.1, Avg: 1.9, Max: 2.2, Diff: 1.1, Sum: 7.7]
      [Termination (ms): Min: 0.0, Avg: 0.0, Max: 0.0, Diff: 0.0, Sum: 0.0]
      [GC Worker Other (ms): Min: 0.0, Avg: 0.0, Max: 0.0, Diff: 0.0, Sum: 0.1]
      [GC Worker Total (ms): Min: 1.1, Avg: 2.4, Max: 2.8, Diff: 1.7, Sum: 9.6]
      [GC Worker End (ms): Min: 261189.1, Avg: 261189.1, Max: 261189.1, Diff: 0.0]
   [Code Root Fixup: 0.0 ms]
   [Code Root Migration: 0.0 ms]
   [Clear CT: 0.2 ms]
   [Other: 186.9 ms]
      [Choose CSet: 0.0 ms]
      [Ref Proc: 186.2 ms]
      [Ref Enq: 0.3 ms]
      [Free CSet: 0.4 ms]
   [Eden: 185.0M(185.0M)->0.0B(318.0M) Survivors: 19.0M->19.0M Heap: 2149.9M(4096.0M)->1964.4M(4096.0M)]
 [Times: user=0.74 sys=0.00, real=0.19 secs] 
2016-01-06T01:08:02.762-0800: 261.425: [GC pause (young)
Desired survivor size 22544384 bytes, new threshold 15 (max 15)
- age   1:   17259832 bytes,   17259832 total
2016-01-06T01:08:03.008-0800: 261.671: [SoftReference, 0 refs, 0.0000450 secs]2016-01-06T01:08:03.008-0800: 261.671: [WeakReference, 0 refs, 0.0000080 secs]2016-01-06T01:08:03.008-0800: 261.671: [FinalReference, 0 refs, 0.0000060 secs]2016-01-06T01:08:03.008-0800: 261.671: [PhantomReference, 0 refs, 10367 refs, 0.0003770 secs]2016-01-06T01:08:03.009-0800: 261.672: [JNI Weak Reference, 0.0000080 secs], 0.2478450 secs]
   [Parallel Time: 3.5 ms, GC Workers: 4]
      [GC Worker Start (ms): Min: 261425.1, Avg: 261425.2, Max: 261425.2, Diff: 0.1]
      [Ext Root Scanning (ms): Min: 0.4, Avg: 0.4, Max: 0.5, Diff: 0.1, Sum: 1.6]
      [SATB Filtering (ms): Min: 0.0, Avg: 0.0, Max: 0.0, Diff: 0.0, Sum: 0.0]
      [Update RS (ms): Min: 0.0, Avg: 0.1, Max: 0.3, Diff: 0.3, Sum: 0.3]
         [Processed Buffers: Min: 0, Avg: 1.2, Max: 2, Diff: 2, Sum: 5]
      [Scan RS (ms): Min: 0.0, Avg: 0.2, Max: 0.2, Diff: 0.2, Sum: 0.6]
      [Code Root Scanning (ms): Min: 0.0, Avg: 0.0, Max: 0.0, Diff: 0.0, Sum: 0.1]
      [Object Copy (ms): Min: 2.7, Avg: 2.7, Max: 2.7, Diff: 0.0, Sum: 10.9]
      [Termination (ms): Min: 0.0, Avg: 0.0, Max: 0.0, Diff: 0.0, Sum: 0.0]
      [GC Worker Other (ms): Min: 0.0, Avg: 0.0, Max: 0.0, Diff: 0.0, Sum: 0.1]
      [GC Worker Total (ms): Min: 3.4, Avg: 3.4, Max: 3.4, Diff: 0.1, Sum: 13.6]
      [GC Worker End (ms): Min: 261428.6, Avg: 261428.6, Max: 261428.6, Diff: 0.0]
   [Code Root Fixup: 0.0 ms]
   [Code Root Migration: 0.1 ms]
   [Clear CT: 0.1 ms]
   [Other: 244.1 ms]
      [Choose CSet: 0.0 ms]
      [Ref Proc: 243.1 ms]
      [Ref Enq: 0.5 ms]
      [Free CSet: 0.5 ms]
   [Eden: 318.0M(318.0M)->0.0B(185.0M) Survivors: 19.0M->19.0M Heap: 2282.4M(4096.0M)->1964.9M(4096.0M)]
 [Times: user=0.85 sys=0.00, real=0.25 secs] 
2016-01-06T01:08:03.039-0800: 261.702: [GC pause (young)
Desired survivor size 13631488 bytes, new threshold 1 (max 15)
- age   1:   17556688 bytes,   17556688 total
- age   2:      36864 bytes,   17593552 total
2016-01-06T01:08:03.233-0800: 261.896: [SoftReference, 0 refs, 0.0000390 secs]2016-01-06T01:08:03.233-0800: 261.896: [WeakReference, 0 refs, 0.0000060 secs]2016-01-06T01:08:03.233-0800: 261.896: [FinalReference, 0 refs, 0.0000060 secs]2016-01-06T01:08:03.233-0800: 261.896: [PhantomReference, 0 refs, 6242 refs, 0.0002360 secs]2016-01-06T01:08:03.233-0800: 261.896: [JNI Weak Reference, 0.0000070 secs], 0.1955280 secs]
   [Parallel Time: 3.0 ms, GC Workers: 4]
      [GC Worker Start (ms): Min: 261701.8, Avg: 261701.8, Max: 261701.9, Diff: 0.1]
      [Ext Root Scanning (ms): Min: 0.3, Avg: 0.4, Max: 0.4, Diff: 0.1, Sum: 1.4]
      [SATB Filtering (ms): Min: 0.0, Avg: 0.0, Max: 0.0, Diff: 0.0, Sum: 0.0]
      [Update RS (ms): Min: 0.0, Avg: 0.1, Max: 0.2, Diff: 0.2, Sum: 0.2]
         [Processed Buffers: Min: 0, Avg: 1.0, Max: 2, Diff: 2, Sum: 4]
      [Scan RS (ms): Min: 0.0, Avg: 0.1, Max: 0.1, Diff: 0.1, Sum: 0.3]
      [Code Root Scanning (ms): Min: 0.0, Avg: 0.0, Max: 0.0, Diff: 0.0, Sum: 0.0]
      [Object Copy (ms): Min: 2.3, Avg: 2.3, Max: 2.3, Diff: 0.0, Sum: 9.3]
      [Termination (ms): Min: 0.0, Avg: 0.0, Max: 0.0, Diff: 0.0, Sum: 0.0]
      [GC Worker Other (ms): Min: 0.0, Avg: 0.0, Max: 0.0, Diff: 0.0, Sum: 0.1]
      [GC Worker Total (ms): Min: 2.9, Avg: 2.9, Max: 2.9, Diff: 0.0, Sum: 11.4]
      [GC Worker End (ms): Min: 261704.7, Avg: 261704.7, Max: 261704.7, Diff: 0.0]
   [Code Root Fixup: 0.0 ms]
   [Code Root Migration: 0.0 ms]
   [Clear CT: 0.2 ms]
   [Other: 192.3 ms]
      [Choose CSet: 0.0 ms]
      [Ref Proc: 191.6 ms]
      [Ref Enq: 0.3 ms]
      [Free CSet: 0.3 ms]
   [Eden: 185.0M(185.0M)->0.0B(185.0M) Survivors: 19.0M->19.0M Heap: 2149.9M(4096.0M)->1964.4M(4096.0M)]
 [Times: user=0.75 sys=0.01, real=0.19 secs] 
2016-01-06T01:08:03.263-0800: 261.926: [GC pause (young)
Desired survivor size 13631488 bytes, new threshold 1 (max 15)
- age   1:   17259832 bytes,   17259832 total
2016-01-06T01:08:03.459-0800: 262.121: [SoftReference, 0 refs, 0.0000520 secs]2016-01-06T01:08:03.459-0800: 262.122: [WeakReference, 0 refs, 0.0000060 secs]2016-01-06T01:08:03.459-0800: 262.122: [FinalReference, 0 refs, 0.0000060 secs]2016-01-06T01:08:03.459-0800: 262.122: [PhantomReference, 0 refs, 6242 refs, 0.0002310 secs]2016-01-06T01:08:03.459-0800: 262.122: [JNI Weak Reference, 0.0000080 secs], 0.1967980 secs]
   [Parallel Time: 3.0 ms, GC Workers: 4]
      [GC Worker Start (ms): Min: 261925.8, Avg: 261925.9, Max: 261925.9, Diff: 0.1]
      [Ext Root Scanning (ms): Min: 0.3, Avg: 0.4, Max: 0.4, Diff: 0.1, Sum: 1.4]
      [SATB Filtering (ms): Min: 0.0, Avg: 0.0, Max: 0.0, Diff: 0.0, Sum: 0.0]
      [Update RS (ms): Min: 0.0, Avg: 0.1, Max: 0.2, Diff: 0.2, Sum: 0.3]
         [Processed Buffers: Min: 0, Avg: 1.0, Max: 2, Diff: 2, Sum: 4]
      [Scan RS (ms): Min: 0.0, Avg: 0.1, Max: 0.1, Diff: 0.1, Sum: 0.4]
      [Code Root Scanning (ms): Min: 0.0, Avg: 0.0, Max: 0.0, Diff: 0.0, Sum: 0.0]
      [Object Copy (ms): Min: 2.3, Avg: 2.3, Max: 2.3, Diff: 0.0, Sum: 9.3]
      [Termination (ms): Min: 0.0, Avg: 0.0, Max: 0.0, Diff: 0.0, Sum: 0.0]
      [GC Worker Other (ms): Min: 0.0, Avg: 0.0, Max: 0.1, Diff: 0.1, Sum: 0.2]
      [GC Worker Total (ms): Min: 2.9, Avg: 2.9, Max: 2.9, Diff: 0.0, Sum: 11.6]
      [GC Worker End (ms): Min: 261928.8, Avg: 261928.8, Max: 261928.8, Diff: 0.1]
   [Code Root Fixup: 0.0 ms]
   [Code Root Migration: 0.0 ms]
   [Clear CT: 0.1 ms]
   [Other: 193.6 ms]
      [Choose CSet: 0.0 ms]
      [Ref Proc: 192.9 ms]
      [Ref Enq: 0.3 ms]
      [Free CSet: 0.3 ms]
   [Eden: 185.0M(185.0M)->0.0B(185.0M) Survivors: 19.0M->19.0M Heap: 2149.4M(4096.0M)->1965.0M(4096.0M)]
 [Times: user=0.72 sys=0.00, real=0.20 secs] 
2016-01-06T01:08:03.486-0800: 262.149: [GC pause (young)
Desired survivor size 13631488 bytes, new threshold 1 (max 15)
- age   1:   17259832 bytes,   17259832 total
2016-01-06T01:08:03.676-0800: 262.339: [SoftReference, 0 refs, 0.0000510 secs]2016-01-06T01:08:03.676-0800: 262.339: [WeakReference, 0 refs, 0.0000070 secs]2016-01-06T01:08:03.676-0800: 262.339: [FinalReference, 0 refs, 0.0000050 secs]2016-01-06T01:08:03.676-0800: 262.339: [PhantomReference, 0 refs, 6245 refs, 0.0002310 secs]2016-01-06T01:08:03.676-0800: 262.339: [JNI Weak Reference, 0.0000240 secs], 0.1907880 secs]
   [Parallel Time: 3.1 ms, GC Workers: 4]
      [GC Worker Start (ms): Min: 262149.2, Avg: 262149.4, Max: 262149.7, Diff: 0.5]
      [Ext Root Scanning (ms): Min: 0.0, Avg: 0.8, Max: 2.3, Diff: 2.3, Sum: 3.1]
      [SATB Filtering (ms): Min: 0.0, Avg: 0.0, Max: 0.0, Diff: 0.0, Sum: 0.0]
      [Update RS (ms): Min: 0.0, Avg: 0.1, Max: 0.2, Diff: 0.2, Sum: 0.3]
         [Processed Buffers: Min: 0, Avg: 1.2, Max: 4, Diff: 4, Sum: 5]
      [Scan RS (ms): Min: 0.0, Avg: 0.1, Max: 0.2, Diff: 0.1, Sum: 0.3]
      [Code Root Scanning (ms): Min: 0.0, Avg: 0.0, Max: 0.0, Diff: 0.0, Sum: 0.0]
      [Object Copy (ms): Min: 0.5, Avg: 1.8, Max: 2.3, Diff: 1.8, Sum: 7.4]
      [Termination (ms): Min: 0.0, Avg: 0.1, Max: 0.1, Diff: 0.1, Sum: 0.4]
      [GC Worker Other (ms): Min: 0.0, Avg: 0.0, Max: 0.0, Diff: 0.0, Sum: 0.0]
      [GC Worker Total (ms): Min: 2.5, Avg: 2.9, Max: 3.0, Diff: 0.5, Sum: 11.5]
      [GC Worker End (ms): Min: 262152.2, Avg: 262152.2, Max: 262152.2, Diff: 0.0]
   [Code Root Fixup: 0.0 ms]
   [Code Root Migration: 0.0 ms]
   [Clear CT: 0.1 ms]
   [Other: 187.5 ms]
      [Choose CSet: 0.0 ms]
      [Ref Proc: 186.8 ms]
      [Ref Enq: 0.3 ms]
      [Free CSet: 0.4 ms]
   [Eden: 185.0M(185.0M)->0.0B(185.0M) Survivors: 19.0M->19.0M Heap: 2150.0M(4096.0M)->1965.0M(4096.0M)]
 [Times: user=0.74 sys=0.00, real=0.19 secs] 
2016-01-06T01:08:03.705-0800: 262.368: [GC pause (young)
Desired survivor size 13631488 bytes, new threshold 1 (max 15)
- age   1:   17259832 bytes,   17259832 total
2016-01-06T01:08:03.919-0800: 262.582: [SoftReference, 0 refs, 0.0000490 secs]2016-01-06T01:08:03.919-0800: 262.582: [WeakReference, 0 refs, 0.0000070 secs]2016-01-06T01:08:03.919-0800: 262.582: [FinalReference, 0 refs, 0.0000050 secs]2016-01-06T01:08:03.919-0800: 262.582: [PhantomReference, 0 refs, 6245 refs, 0.0002260 secs]2016-01-06T01:08:03.920-0800: 262.583: [JNI Weak Reference, 0.0000070 secs], 0.2155620 secs]
   [Parallel Time: 3.0 ms, GC Workers: 4]
      [GC Worker Start (ms): Min: 262368.0, Avg: 262368.1, Max: 262368.1, Diff: 0.1]
      [Ext Root Scanning (ms): Min: 0.3, Avg: 0.4, Max: 0.4, Diff: 0.1, Sum: 1.4]
      [SATB Filtering (ms): Min: 0.0, Avg: 0.0, Max: 0.0, Diff: 0.0, Sum: 0.0]
      [Update RS (ms): Min: 0.0, Avg: 0.1, Max: 0.2, Diff: 0.2, Sum: 0.3]
         [Processed Buffers: Min: 0, Avg: 0.8, Max: 1, Diff: 1, Sum: 3]
      [Scan RS (ms): Min: 0.0, Avg: 0.1, Max: 0.1, Diff: 0.1, Sum: 0.3]
      [Code Root Scanning (ms): Min: 0.0, Avg: 0.0, Max: 0.0, Diff: 0.0, Sum: 0.0]
      [Object Copy (ms): Min: 2.2, Avg: 2.2, Max: 2.3, Diff: 0.0, Sum: 9.0]
      [Termination (ms): Min: 0.0, Avg: 0.0, Max: 0.0, Diff: 0.0, Sum: 0.0]
      [GC Worker Other (ms): Min: 0.0, Avg: 0.0, Max: 0.0, Diff: 0.0, Sum: 0.1]
      [GC Worker Total (ms): Min: 2.8, Avg: 2.8, Max: 2.9, Diff: 0.1, Sum: 11.2]
      [GC Worker End (ms): Min: 262370.9, Avg: 262370.9, Max: 262370.9, Diff: 0.0]
   [Code Root Fixup: 0.0 ms]
   [Code Root Migration: 0.0 ms]
   [Clear CT: 0.2 ms]
   [Other: 212.4 ms]
      [Choose CSet: 0.0 ms]
      [Ref Proc: 211.7 ms]
      [Ref Enq: 0.3 ms]
      [Free CSet: 0.4 ms]
   [Eden: 185.0M(185.0M)->0.0B(186.0M) Survivors: 19.0M->18.0M Heap: 2150.0M(4096.0M)->1964.1M(4096.0M)]
 [Times: user=0.80 sys=0.01, real=0.21 secs] 
2016-01-06T01:08:03.947-0800: 262.610: [GC pause (young)
Desired survivor size 13631488 bytes, new threshold 1 (max 15)
- age   1:   17259832 bytes,   17259832 total
2016-01-06T01:08:04.135-0800: 262.798: [SoftReference, 0 refs, 0.0000390 secs]2016-01-06T01:08:04.135-0800: 262.798: [WeakReference, 0 refs, 0.0000070 secs]2016-01-06T01:08:04.135-0800: 262.798: [FinalReference, 0 refs, 0.0000060 secs]2016-01-06T01:08:04.135-0800: 262.798: [PhantomReference, 0 refs, 6275 refs, 0.0002270 secs]2016-01-06T01:08:04.135-0800: 262.798: [JNI Weak Reference, 0.0000080 secs], 0.1882550 secs]
   [Parallel Time: 2.9 ms, GC Workers: 4]
      [GC Worker Start (ms): Min: 262610.5, Avg: 262610.5, Max: 262610.6, Diff: 0.1]
      [Ext Root Scanning (ms): Min: 0.3, Avg: 0.4, Max: 0.4, Diff: 0.1, Sum: 1.4]
      [SATB Filtering (ms): Min: 0.0, Avg: 0.0, Max: 0.0, Diff: 0.0, Sum: 0.0]
      [Update RS (ms): Min: 0.0, Avg: 0.1, Max: 0.2, Diff: 0.2, Sum: 0.3]
         [Processed Buffers: Min: 0, Avg: 1.2, Max: 2, Diff: 2, Sum: 5]
      [Scan RS (ms): Min: 0.0, Avg: 0.1, Max: 0.1, Diff: 0.1, Sum: 0.3]
      [Code Root Scanning (ms): Min: 0.0, Avg: 0.0, Max: 0.0, Diff: 0.0, Sum: 0.0]
      [Object Copy (ms): Min: 2.3, Avg: 2.3, Max: 2.3, Diff: 0.0, Sum: 9.2]
      [Termination (ms): Min: 0.0, Avg: 0.0, Max: 0.0, Diff: 0.0, Sum: 0.0]
      [GC Worker Other (ms): Min: 0.0, Avg: 0.0, Max: 0.0, Diff: 0.0, Sum: 0.1]
      [GC Worker Total (ms): Min: 2.8, Avg: 2.8, Max: 2.9, Diff: 0.1, Sum: 11.4]
      [GC Worker End (ms): Min: 262613.4, Avg: 262613.4, Max: 262613.4, Diff: 0.0]
   [Code Root Fixup: 0.0 ms]
   [Code Root Migration: 0.0 ms]
   [Clear CT: 0.2 ms]
   [Other: 185.1 ms]
      [Choose CSet: 0.0 ms]
      [Ref Proc: 184.4 ms]
      [Ref Enq: 0.3 ms]
      [Free CSet: 0.3 ms]
   [Eden: 186.0M(186.0M)->0.0B(186.0M) Survivors: 18.0M->18.0M Heap: 2150.1M(4096.0M)->1964.1M(4096.0M)]
 [Times: user=0.72 sys=0.00, real=0.18 secs] 
2016-01-06T01:08:04.163-0800: 262.826: [GC pause (young)
Desired survivor size 13631488 bytes, new threshold 1 (max 15)
- age   1:   17262064 bytes,   17262064 total
2016-01-06T01:08:04.361-0800: 263.024: [SoftReference, 0 refs, 0.0000540 secs]2016-01-06T01:08:04.361-0800: 263.024: [WeakReference, 0 refs, 0.0000060 secs]2016-01-06T01:08:04.361-0800: 263.024: [FinalReference, 0 refs, 0.0000050 secs]2016-01-06T01:08:04.361-0800: 263.024: [PhantomReference, 0 refs, 6275 refs, 0.0002420 secs]2016-01-06T01:08:04.361-0800: 263.024: [JNI Weak Reference, 0.0000070 secs], 0.1990390 secs]
   [Parallel Time: 3.1 ms, GC Workers: 4]
      [GC Worker Start (ms): Min: 262826.1, Avg: 262827.5, Max: 262828.0, Diff: 1.9]
      [Ext Root Scanning (ms): Min: 0.0, Avg: 0.2, Max: 0.9, Diff: 0.9, Sum: 0.9]
      [SATB Filtering (ms): Min: 0.0, Avg: 0.0, Max: 0.0, Diff: 0.0, Sum: 0.0]
      [Update RS (ms): Min: 0.0, Avg: 0.0, Max: 0.2, Diff: 0.2, Sum: 0.2]
         [Processed Buffers: Min: 0, Avg: 1.0, Max: 4, Diff: 4, Sum: 4]
      [Scan RS (ms): Min: 0.0, Avg: 0.1, Max: 0.2, Diff: 0.2, Sum: 0.3]
      [Code Root Scanning (ms): Min: 0.0, Avg: 0.0, Max: 0.0, Diff: 0.0, Sum: 0.0]
      [Object Copy (ms): Min: 1.1, Avg: 1.2, Max: 1.6, Diff: 0.6, Sum: 4.9]
      [Termination (ms): Min: 0.0, Avg: 0.0, Max: 0.0, Diff: 0.0, Sum: 0.0]
      [GC Worker Other (ms): Min: 0.0, Avg: 0.0, Max: 0.0, Diff: 0.0, Sum: 0.1]
      [GC Worker Total (ms): Min: 1.1, Avg: 1.6, Max: 3.0, Diff: 1.9, Sum: 6.5]
      [GC Worker End (ms): Min: 262829.1, Avg: 262829.1, Max: 262829.1, Diff: 0.0]
   [Code Root Fixup: 0.0 ms]
   [Code Root Migration: 0.0 ms]
   [Clear CT: 0.2 ms]
   [Other: 195.7 ms]
      [Choose CSet: 0.0 ms]
      [Ref Proc: 195.0 ms]
      [Ref Enq: 0.3 ms]
      [Free CSet: 0.3 ms]
   [Eden: 186.0M(186.0M)->0.0B(202.0M) Survivors: 18.0M->2048.0K Heap: 2150.1M(4096.0M)->1948.1M(4096.0M)]
 [Times: user=0.76 sys=0.00, real=0.20 secs] 
2016-01-06T01:08:04.391-0800: 263.054: [GC pause (young)
Desired survivor size 13631488 bytes, new threshold 15 (max 15)
- age   1:     878896 bytes,     878896 total
2016-01-06T01:08:04.586-0800: 263.249: [SoftReference, 0 refs, 0.0000460 secs]2016-01-06T01:08:04.586-0800: 263.249: [WeakReference, 0 refs, 0.0000070 secs]2016-01-06T01:08:04.586-0800: 263.249: [FinalReference, 0 refs, 0.0000050 secs]2016-01-06T01:08:04.586-0800: 263.249: [PhantomReference, 0 refs, 6767 refs, 0.0002490 secs]2016-01-06T01:08:04.586-0800: 263.249: [JNI Weak Reference, 0.0000070 secs], 0.1965780 secs]
   [Parallel Time: 3.1 ms, GC Workers: 4]
      [GC Worker Start (ms): Min: 263053.6, Avg: 263053.7, Max: 263053.7, Diff: 0.1]
      [Ext Root Scanning (ms): Min: 0.3, Avg: 0.4, Max: 0.4, Diff: 0.1, Sum: 1.5]
      [SATB Filtering (ms): Min: 0.0, Avg: 0.0, Max: 0.0, Diff: 0.0, Sum: 0.0]
      [Update RS (ms): Min: 0.0, Avg: 0.1, Max: 0.1, Diff: 0.1, Sum: 0.3]
         [Processed Buffers: Min: 1, Avg: 1.2, Max: 2, Diff: 1, Sum: 5]
      [Scan RS (ms): Min: 0.1, Avg: 0.1, Max: 0.1, Diff: 0.1, Sum: 0.4]
      [Code Root Scanning (ms): Min: 0.0, Avg: 0.0, Max: 0.0, Diff: 0.0, Sum: 0.0]
      [Object Copy (ms): Min: 2.4, Avg: 2.4, Max: 2.4, Diff: 0.0, Sum: 9.6]
      [Termination (ms): Min: 0.0, Avg: 0.0, Max: 0.0, Diff: 0.0, Sum: 0.0]
      [GC Worker Other (ms): Min: 0.0, Avg: 0.0, Max: 0.0, Diff: 0.0, Sum: 0.1]
      [GC Worker Total (ms): Min: 2.9, Avg: 3.0, Max: 3.0, Diff: 0.1, Sum: 11.9]
      [GC Worker End (ms): Min: 263056.6, Avg: 263056.6, Max: 263056.6, Diff: 0.0]
   [Code Root Fixup: 0.0 ms]
   [Code Root Migration: 0.0 ms]
   [Clear CT: 0.1 ms]
   [Other: 193.3 ms]
      [Choose CSet: 0.0 ms]
      [Ref Proc: 192.6 ms]
      [Ref Enq: 0.3 ms]
      [Free CSet: 0.3 ms]
   [Eden: 202.0M(202.0M)->0.0B(185.0M) Survivors: 2048.0K->19.0M Heap: 2150.1M(4096.0M)->1964.6M(4096.0M)]
 [Times: user=0.76 sys=0.00, real=0.20 secs] 
2016-01-06T01:08:04.613-0800: 263.276: [GC pause (young)
Desired survivor size 13631488 bytes, new threshold 1 (max 15)
- age   1:   17297776 bytes,   17297776 total
- age   2:      36864 bytes,   17334640 total
2016-01-06T01:08:04.805-0800: 263.468: [SoftReference, 0 refs, 0.0000480 secs]2016-01-06T01:08:04.805-0800: 263.468: [WeakReference, 0 refs, 0.0000070 secs]2016-01-06T01:08:04.805-0800: 263.468: [FinalReference, 0 refs, 0.0000060 secs]2016-01-06T01:08:04.805-0800: 263.468: [PhantomReference, 0 refs, 6244 refs, 0.0002480 secs]2016-01-06T01:08:04.805-0800: 263.468: [JNI Weak Reference, 0.0000070 secs], 0.1923810 secs]
   [Parallel Time: 3.6 ms, GC Workers: 4]
      [GC Worker Start (ms): Min: 263276.5, Avg: 263277.4, Max: 263280.0, Diff: 3.5]
      [Ext Root Scanning (ms): Min: 0.0, Avg: 0.3, Max: 0.4, Diff: 0.4, Sum: 1.3]
      [SATB Filtering (ms): Min: 0.0, Avg: 0.0, Max: 0.0, Diff: 0.0, Sum: 0.0]
      [Update RS (ms): Min: 0.0, Avg: 0.0, Max: 0.1, Diff: 0.1, Sum: 0.2]
         [Processed Buffers: Min: 0, Avg: 1.0, Max: 2, Diff: 2, Sum: 4]
      [Scan RS (ms): Min: 0.0, Avg: 0.1, Max: 0.1, Diff: 0.1, Sum: 0.3]
      [Code Root Scanning (ms): Min: 0.0, Avg: 0.0, Max: 0.0, Diff: 0.0, Sum: 0.0]
      [Object Copy (ms): Min: 0.0, Avg: 1.7, Max: 2.2, Diff: 2.2, Sum: 6.7]
      [Termination (ms): Min: 0.0, Avg: 0.5, Max: 0.7, Diff: 0.7, Sum: 2.0]
      [GC Worker Other (ms): Min: 0.0, Avg: 0.0, Max: 0.0, Diff: 0.0, Sum: 0.0]
      [GC Worker Total (ms): Min: 0.1, Avg: 2.7, Max: 3.5, Diff: 3.5, Sum: 10.6]
      [GC Worker End (ms): Min: 263280.0, Avg: 263280.0, Max: 263280.0, Diff: 0.0]
   [Code Root Fixup: 0.0 ms]
   [Code Root Migration: 0.0 ms]
   [Clear CT: 0.2 ms]
   [Other: 188.5 ms]
      [Choose CSet: 0.0 ms]
      [Ref Proc: 187.8 ms]
      [Ref Enq: 0.3 ms]
      [Free CSet: 0.3 ms]
   [Eden: 185.0M(185.0M)->0.0B(185.0M) Survivors: 19.0M->19.0M Heap: 2149.6M(4096.0M)->1964.7M(4096.0M)]
 [Times: user=0.75 sys=0.00, real=0.20 secs] 
2016-01-06T01:08:04.833-0800: 263.496: [GC pause (young)
Desired survivor size 13631488 bytes, new threshold 1 (max 15)
- age   1:   17259832 bytes,   17259832 total
2016-01-06T01:08:05.059-0800: 263.722: [SoftReference, 0 refs, 0.0000440 secs]2016-01-06T01:08:05.059-0800: 263.722: [WeakReference, 0 refs, 0.0000060 secs]2016-01-06T01:08:05.059-0800: 263.722: [FinalReference, 0 refs, 0.0000060 secs]2016-01-06T01:08:05.059-0800: 263.722: [PhantomReference, 0 refs, 6243 refs, 0.0002370 secs]2016-01-06T01:08:05.059-0800: 263.722: [JNI Weak Reference, 0.0000080 secs], 0.2274140 secs]
   [Parallel Time: 3.0 ms, GC Workers: 4]
      [GC Worker Start (ms): Min: 263495.6, Avg: 263495.6, Max: 263495.6, Diff: 0.1]
      [Ext Root Scanning (ms): Min: 0.3, Avg: 0.4, Max: 0.5, Diff: 0.1, Sum: 1.6]
      [SATB Filtering (ms): Min: 0.0, Avg: 0.0, Max: 0.0, Diff: 0.0, Sum: 0.0]
      [Update RS (ms): Min: 0.0, Avg: 0.1, Max: 0.2, Diff: 0.2, Sum: 0.3]
         [Processed Buffers: Min: 0, Avg: 1.0, Max: 2, Diff: 2, Sum: 4]
      [Scan RS (ms): Min: 0.0, Avg: 0.1, Max: 0.1, Diff: 0.1, Sum: 0.4]
      [Code Root Scanning (ms): Min: 0.0, Avg: 0.0, Max: 0.0, Diff: 0.0, Sum: 0.0]
      [Object Copy (ms): Min: 2.4, Avg: 2.4, Max: 2.4, Diff: 0.0, Sum: 9.5]
      [Termination (ms): Min: 0.0, Avg: 0.0, Max: 0.0, Diff: 0.0, Sum: 0.0]
      [GC Worker Other (ms): Min: 0.0, Avg: 0.0, Max: 0.0, Diff: 0.0, Sum: 0.1]
      [GC Worker Total (ms): Min: 2.9, Avg: 3.0, Max: 3.0, Diff: 0.1, Sum: 11.8]
      [GC Worker End (ms): Min: 263498.6, Avg: 263498.6, Max: 263498.6, Diff: 0.0]
   [Code Root Fixup: 0.0 ms]
   [Code Root Migration: 0.0 ms]
   [Clear CT: 0.1 ms]
   [Other: 224.2 ms]
      [Choose CSet: 0.0 ms]
      [Ref Proc: 223.5 ms]
      [Ref Enq: 0.3 ms]
      [Free CSet: 0.3 ms]
   [Eden: 185.0M(185.0M)->0.0B(185.0M) Survivors: 19.0M->19.0M Heap: 2149.7M(4096.0M)->1964.7M(4096.0M)]
 [Times: user=0.76 sys=0.01, real=0.23 secs] 
2016-01-06T01:08:05.086-0800: 263.749: [GC pause (young)
Desired survivor size 13631488 bytes, new threshold 1 (max 15)
- age   1:   17259832 bytes,   17259832 total
2016-01-06T01:08:05.279-0800: 263.942: [SoftReference, 0 refs, 0.0000520 secs]2016-01-06T01:08:05.279-0800: 263.942: [WeakReference, 0 refs, 0.0000070 secs]2016-01-06T01:08:05.279-0800: 263.942: [FinalReference, 0 refs, 0.0000060 secs]2016-01-06T01:08:05.279-0800: 263.942: [PhantomReference, 0 refs, 6245 refs, 0.0002430 secs]2016-01-06T01:08:05.280-0800: 263.943: [JNI Weak Reference, 0.0000070 secs], 0.1942160 secs]
   [Parallel Time: 2.9 ms, GC Workers: 4]
      [GC Worker Start (ms): Min: 263749.3, Avg: 263750.0, Max: 263752.0, Diff: 2.7]
      [Ext Root Scanning (ms): Min: 0.0, Avg: 0.3, Max: 0.5, Diff: 0.5, Sum: 1.3]
      [SATB Filtering (ms): Min: 0.0, Avg: 0.0, Max: 0.0, Diff: 0.0, Sum: 0.0]
      [Update RS (ms): Min: 0.0, Avg: 0.1, Max: 0.2, Diff: 0.2, Sum: 0.2]
         [Processed Buffers: Min: 0, Avg: 1.0, Max: 3, Diff: 3, Sum: 4]
      [Scan RS (ms): Min: 0.1, Avg: 0.1, Max: 0.1, Diff: 0.1, Sum: 0.4]
      [Code Root Scanning (ms): Min: 0.0, Avg: 0.0, Max: 0.0, Diff: 0.0, Sum: 0.0]
      [Object Copy (ms): Min: 0.1, Avg: 1.7, Max: 2.2, Diff: 2.2, Sum: 6.7]
      [Termination (ms): Min: 0.0, Avg: 0.0, Max: 0.0, Diff: 0.0, Sum: 0.0]
      [GC Worker Other (ms): Min: 0.0, Avg: 0.0, Max: 0.0, Diff: 0.0, Sum: 0.0]
      [GC Worker Total (ms): Min: 0.2, Avg: 2.2, Max: 2.9, Diff: 2.7, Sum: 8.7]
      [GC Worker End (ms): Min: 263752.1, Avg: 263752.1, Max: 263752.1, Diff: 0.0]
   [Code Root Fixup: 0.0 ms]
   [Code Root Migration: 0.0 ms]
   [Clear CT: 0.2 ms]
   [Other: 191.1 ms]
      [Choose CSet: 0.0 ms]
      [Ref Proc: 190.4 ms]
      [Ref Enq: 0.3 ms]
      [Free CSet: 0.3 ms]
   [Eden: 185.0M(185.0M)->0.0B(185.0M) Survivors: 19.0M->19.0M Heap: 2149.7M(4096.0M)->1964.8M(4096.0M)]
 [Times: user=0.75 sys=0.00, real=0.19 secs] 
2016-01-06T01:08:05.309-0800: 263.972: [GC pause (young)
Desired survivor size 13631488 bytes, new threshold 1 (max 15)
- age   1:   17259832 bytes,   17259832 total
2016-01-06T01:08:05.503-0800: 264.166: [SoftReference, 0 refs, 0.0000470 secs]2016-01-06T01:08:05.503-0800: 264.166: [WeakReference, 0 refs, 0.0000070 secs]2016-01-06T01:08:05.503-0800: 264.166: [FinalReference, 0 refs, 0.0000060 secs]2016-01-06T01:08:05.503-0800: 264.166: [PhantomReference, 0 refs, 6244 refs, 0.0002380 secs]2016-01-06T01:08:05.503-0800: 264.166: [JNI Weak Reference, 0.0000080 secs], 0.1946380 secs]
   [Parallel Time: 3.0 ms, GC Workers: 4]
      [GC Worker Start (ms): Min: 263972.1, Avg: 263972.2, Max: 263972.2, Diff: 0.1]
      [Ext Root Scanning (ms): Min: 0.3, Avg: 0.4, Max: 0.5, Diff: 0.2, Sum: 1.5]
      [SATB Filtering (ms): Min: 0.0, Avg: 0.0, Max: 0.0, Diff: 0.0, Sum: 0.0]
      [Update RS (ms): Min: 0.0, Avg: 0.1, Max: 0.2, Diff: 0.2, Sum: 0.3]
         [Processed Buffers: Min: 0, Avg: 1.0, Max: 2, Diff: 2, Sum: 4]
      [Scan RS (ms): Min: 0.0, Avg: 0.1, Max: 0.1, Diff: 0.1, Sum: 0.3]
      [Code Root Scanning (ms): Min: 0.0, Avg: 0.0, Max: 0.0, Diff: 0.0, Sum: 0.0]
      [Object Copy (ms): Min: 2.3, Avg: 2.3, Max: 2.3, Diff: 0.0, Sum: 9.3]
      [Termination (ms): Min: 0.0, Avg: 0.0, Max: 0.0, Diff: 0.0, Sum: 0.0]
      [GC Worker Other (ms): Min: 0.0, Avg: 0.0, Max: 0.0, Diff: 0.0, Sum: 0.1]
      [GC Worker Total (ms): Min: 2.9, Avg: 2.9, Max: 2.9, Diff: 0.1, Sum: 11.6]
      [GC Worker End (ms): Min: 263975.1, Avg: 263975.1, Max: 263975.1, Diff: 0.0]
   [Code Root Fixup: 0.0 ms]
   [Code Root Migration: 0.0 ms]
   [Clear CT: 0.1 ms]
   [Other: 191.5 ms]
      [Choose CSet: 0.0 ms]
      [Ref Proc: 190.8 ms]
      [Ref Enq: 0.3 ms]
      [Free CSet: 0.3 ms]
   [Eden: 185.0M(185.0M)->0.0B(185.0M) Survivors: 19.0M->19.0M Heap: 2149.8M(4096.0M)->1964.8M(4096.0M)]
 [Times: user=0.71 sys=0.00, real=0.19 secs] 
2016-01-06T01:08:05.533-0800: 264.196: [GC pause (young)
Desired survivor size 13631488 bytes, new threshold 1 (max 15)
- age   1:   17259832 bytes,   17259832 total
2016-01-06T01:08:05.728-0800: 264.391: [SoftReference, 0 refs, 0.0000490 secs]2016-01-06T01:08:05.728-0800: 264.391: [WeakReference, 0 refs, 0.0000080 secs]2016-01-06T01:08:05.729-0800: 264.391: [FinalReference, 0 refs, 0.0000060 secs]2016-01-06T01:08:05.729-0800: 264.391: [PhantomReference, 0 refs, 6243 refs, 0.0002370 secs]2016-01-06T01:08:05.729-0800: 264.392: [JNI Weak Reference, 0.0000080 secs], 0.1968970 secs]
   [Parallel Time: 3.1 ms, GC Workers: 4]
      [GC Worker Start (ms): Min: 264195.8, Avg: 264195.8, Max: 264196.0, Diff: 0.2]
      [Ext Root Scanning (ms): Min: 0.2, Avg: 0.4, Max: 0.4, Diff: 0.2, Sum: 1.4]
      [SATB Filtering (ms): Min: 0.0, Avg: 0.0, Max: 0.0, Diff: 0.0, Sum: 0.0]
      [Update RS (ms): Min: 0.0, Avg: 0.1, Max: 0.2, Diff: 0.2, Sum: 0.3]
         [Processed Buffers: Min: 0, Avg: 1.0, Max: 2, Diff: 2, Sum: 4]
      [Scan RS (ms): Min: 0.0, Avg: 0.1, Max: 0.1, Diff: 0.1, Sum: 0.3]
      [Code Root Scanning (ms): Min: 0.0, Avg: 0.0, Max: 0.0, Diff: 0.0, Sum: 0.0]
      [Object Copy (ms): Min: 2.3, Avg: 2.3, Max: 2.3, Diff: 0.0, Sum: 9.3]
      [Termination (ms): Min: 0.0, Avg: 0.0, Max: 0.0, Diff: 0.0, Sum: 0.0]
      [GC Worker Other (ms): Min: 0.0, Avg: 0.0, Max: 0.0, Diff: 0.0, Sum: 0.1]
      [GC Worker Total (ms): Min: 2.7, Avg: 2.9, Max: 2.9, Diff: 0.2, Sum: 11.5]
      [GC Worker End (ms): Min: 264198.7, Avg: 264198.7, Max: 264198.7, Diff: 0.0]
   [Code Root Fixup: 0.0 ms]
   [Code Root Migration: 0.0 ms]
   [Clear CT: 0.2 ms]
   [Other: 193.6 ms]
      [Choose CSet: 0.0 ms]
      [Ref Proc: 192.9 ms]
      [Ref Enq: 0.3 ms]
      [Free CSet: 0.3 ms]
   [Eden: 185.0M(185.0M)->0.0B(186.0M) Survivors: 19.0M->18.0M Heap: 2149.8M(4096.0M)->1964.4M(4096.0M)]
 [Times: user=0.75 sys=0.01, real=0.20 secs] 
2016-01-06T01:08:05.756-0800: 264.419: [GC pause (young)
Desired survivor size 13631488 bytes, new threshold 1 (max 15)
- age   1:   17259832 bytes,   17259832 total
2016-01-06T01:08:05.956-0800: 264.619: [SoftReference, 0 refs, 0.0000600 secs]2016-01-06T01:08:05.956-0800: 264.619: [WeakReference, 0 refs, 0.0000100 secs]2016-01-06T01:08:05.956-0800: 264.619: [FinalReference, 0 refs, 0.0000060 secs]2016-01-06T01:08:05.956-0800: 264.619: [PhantomReference, 0 refs, 6275 refs, 0.0002330 secs]2016-01-06T01:08:05.957-0800: 264.620: [JNI Weak Reference, 0.0000080 secs], 0.2016480 secs]
   [Parallel Time: 3.0 ms, GC Workers: 4]
      [GC Worker Start (ms): Min: 264418.8, Avg: 264418.9, Max: 264418.9, Diff: 0.1]
      [Ext Root Scanning (ms): Min: 0.3, Avg: 0.4, Max: 0.4, Diff: 0.1, Sum: 1.4]
      [SATB Filtering (ms): Min: 0.0, Avg: 0.0, Max: 0.0, Diff: 0.0, Sum: 0.0]
      [Update RS (ms): Min: 0.0, Avg: 0.1, Max: 0.2, Diff: 0.2, Sum: 0.3]
         [Processed Buffers: Min: 0, Avg: 1.2, Max: 3, Diff: 3, Sum: 5]
      [Scan RS (ms): Min: 0.0, Avg: 0.1, Max: 0.1, Diff: 0.1, Sum: 0.3]
      [Code Root Scanning (ms): Min: 0.0, Avg: 0.0, Max: 0.0, Diff: 0.0, Sum: 0.0]
      [Object Copy (ms): Min: 2.2, Avg: 2.3, Max: 2.3, Diff: 0.0, Sum: 9.0]
      [Termination (ms): Min: 0.0, Avg: 0.0, Max: 0.0, Diff: 0.0, Sum: 0.0]
      [GC Worker Other (ms): Min: 0.0, Avg: 0.0, Max: 0.0, Diff: 0.0, Sum: 0.1]
      [GC Worker Total (ms): Min: 2.8, Avg: 2.8, Max: 2.8, Diff: 0.1, Sum: 11.3]
      [GC Worker End (ms): Min: 264421.7, Avg: 264421.7, Max: 264421.7, Diff: 0.0]
   [Code Root Fixup: 0.0 ms]
   [Code Root Migration: 0.0 ms]
   [Clear CT: 0.2 ms]
   [Other: 198.5 ms]
      [Choose CSet: 0.0 ms]
      [Ref Proc: 197.8 ms]
      [Ref Enq: 0.3 ms]
      [Free CSet: 0.3 ms]
   [Eden: 186.0M(186.0M)->0.0B(185.0M) Survivors: 18.0M->19.0M Heap: 2150.4M(4096.0M)->1965.4M(4096.0M)]
 [Times: user=0.73 sys=0.00, real=0.21 secs] 
2016-01-06T01:08:05.984-0800: 264.647: [GC pause (young)
Desired survivor size 13631488 bytes, new threshold 1 (max 15)
- age   1:   17262064 bytes,   17262064 total
2016-01-06T01:08:06.173-0800: 264.836: [SoftReference, 0 refs, 0.0000520 secs]2016-01-06T01:08:06.173-0800: 264.836: [WeakReference, 0 refs, 0.0000070 secs]2016-01-06T01:08:06.173-0800: 264.836: [FinalReference, 0 refs, 0.0000050 secs]2016-01-06T01:08:06.173-0800: 264.836: [PhantomReference, 0 refs, 6244 refs, 0.0002400 secs]2016-01-06T01:08:06.173-0800: 264.836: [JNI Weak Reference, 0.0000080 secs], 0.1906100 secs]
   [Parallel Time: 2.6 ms, GC Workers: 4]
      [GC Worker Start (ms): Min: 264646.6, Avg: 264646.9, Max: 264647.9, Diff: 1.3]
      [Ext Root Scanning (ms): Min: 0.0, Avg: 0.3, Max: 0.4, Diff: 0.4, Sum: 1.3]
      [SATB Filtering (ms): Min: 0.0, Avg: 0.0, Max: 0.0, Diff: 0.0, Sum: 0.0]
      [Update RS (ms): Min: 0.0, Avg: 0.1, Max: 0.2, Diff: 0.2, Sum: 0.2]
         [Processed Buffers: Min: 0, Avg: 1.2, Max: 2, Diff: 2, Sum: 5]
      [Scan RS (ms): Min: 0.0, Avg: 0.1, Max: 0.1, Diff: 0.1, Sum: 0.3]
      [Code Root Scanning (ms): Min: 0.0, Avg: 0.0, Max: 0.0, Diff: 0.0, Sum: 0.0]
      [Object Copy (ms): Min: 1.1, Avg: 1.6, Max: 1.8, Diff: 0.7, Sum: 6.4]
      [Termination (ms): Min: 0.0, Avg: 0.0, Max: 0.0, Diff: 0.0, Sum: 0.0]
      [GC Worker Other (ms): Min: 0.0, Avg: 0.0, Max: 0.0, Diff: 0.0, Sum: 0.1]
      [GC Worker Total (ms): Min: 1.1, Avg: 2.1, Max: 2.5, Diff: 1.4, Sum: 8.4]
      [GC Worker End (ms): Min: 264649.0, Avg: 264649.0, Max: 264649.1, Diff: 0.0]
   [Code Root Fixup: 0.0 ms]
   [Code Root Migration: 0.0 ms]
   [Clear CT: 0.1 ms]
   [Other: 187.9 ms]
      [Choose CSet: 0.0 ms]
      [Ref Proc: 187.2 ms]
      [Ref Enq: 0.3 ms]
      [Free CSet: 0.3 ms]
   [Eden: 185.0M(185.0M)->0.0B(190.0M) Survivors: 19.0M->14.0M Heap: 2150.4M(4096.0M)->1960.4M(4096.0M)]
 [Times: user=0.73 sys=0.01, real=0.19 secs] 
2016-01-06T01:08:06.201-0800: 264.864: [GC pause (young)
Desired survivor size 13631488 bytes, new threshold 15 (max 15)
- age   1:   12630520 bytes,   12630520 total
2016-01-06T01:08:06.400-0800: 265.063: [SoftReference, 0 refs, 0.0000550 secs]2016-01-06T01:08:06.400-0800: 265.063: [WeakReference, 0 refs, 0.0000070 secs]2016-01-06T01:08:06.400-0800: 265.063: [FinalReference, 0 refs, 0.0000050 secs]2016-01-06T01:08:06.400-0800: 265.063: [PhantomReference, 0 refs, 6399 refs, 0.0002520 secs]2016-01-06T01:08:06.400-0800: 265.063: [JNI Weak Reference, 0.0000070 secs], 0.1998260 secs]
   [Parallel Time: 3.0 ms, GC Workers: 4]
      [GC Worker Start (ms): Min: 264864.1, Avg: 264864.1, Max: 264864.2, Diff: 0.1]
      [Ext Root Scanning (ms): Min: 0.3, Avg: 0.4, Max: 0.4, Diff: 0.1, Sum: 1.4]
      [SATB Filtering (ms): Min: 0.0, Avg: 0.0, Max: 0.0, Diff: 0.0, Sum: 0.0]
      [Update RS (ms): Min: 0.0, Avg: 0.1, Max: 0.2, Diff: 0.2, Sum: 0.3]
         [Processed Buffers: Min: 0, Avg: 1.2, Max: 3, Diff: 3, Sum: 5]
      [Scan RS (ms): Min: 0.0, Avg: 0.1, Max: 0.1, Diff: 0.1, Sum: 0.4]
      [Code Root Scanning (ms): Min: 0.0, Avg: 0.0, Max: 0.0, Diff: 0.0, Sum: 0.0]
      [Object Copy (ms): Min: 2.3, Avg: 2.4, Max: 2.4, Diff: 0.0, Sum: 9.4]
      [Termination (ms): Min: 0.0, Avg: 0.0, Max: 0.0, Diff: 0.0, Sum: 0.0]
      [GC Worker Other (ms): Min: 0.0, Avg: 0.0, Max: 0.0, Diff: 0.0, Sum: 0.1]
      [GC Worker Total (ms): Min: 2.9, Avg: 2.9, Max: 2.9, Diff: 0.1, Sum: 11.6]
      [GC Worker End (ms): Min: 264867.0, Avg: 264867.1, Max: 264867.1, Diff: 0.0]
   [Code Root Fixup: 0.0 ms]
   [Code Root Migration: 0.0 ms]
   [Clear CT: 0.1 ms]
   [Other: 196.7 ms]
      [Choose CSet: 0.0 ms]
      [Ref Proc: 195.9 ms]
      [Ref Enq: 0.3 ms]
      [Free CSet: 0.4 ms]
   [Eden: 190.0M(190.0M)->0.0B(185.0M) Survivors: 14.0M->19.0M Heap: 2150.4M(4096.0M)->1964.9M(4096.0M)]
 [Times: user=0.75 sys=0.00, real=0.20 secs] 
2016-01-06T01:08:06.428-0800: 265.091: [GC pause (young)
Desired survivor size 13631488 bytes, new threshold 1 (max 15)
- age   1:   17270992 bytes,   17270992 total
- age   2:      36864 bytes,   17307856 total
2016-01-06T01:08:06.621-0800: 265.284: [SoftReference, 0 refs, 0.0000490 secs]2016-01-06T01:08:06.621-0800: 265.284: [WeakReference, 0 refs, 0.0000060 secs]2016-01-06T01:08:06.621-0800: 265.284: [FinalReference, 0 refs, 0.0000060 secs]2016-01-06T01:08:06.621-0800: 265.284: [PhantomReference, 0 refs, 6244 refs, 0.0002530 secs]2016-01-06T01:08:06.622-0800: 265.285: [JNI Weak Reference, 0.0000070 secs], 0.1948560 secs]
   [Parallel Time: 3.0 ms, GC Workers: 4]
      [GC Worker Start (ms): Min: 265090.7, Avg: 265091.0, Max: 265091.9, Diff: 1.2]
      [Ext Root Scanning (ms): Min: 0.0, Avg: 0.3, Max: 0.4, Diff: 0.4, Sum: 1.3]
      [SATB Filtering (ms): Min: 0.0, Avg: 0.0, Max: 0.0, Diff: 0.0, Sum: 0.0]
      [Update RS (ms): Min: 0.0, Avg: 0.0, Max: 0.1, Diff: 0.1, Sum: 0.2]
         [Processed Buffers: Min: 0, Avg: 1.0, Max: 2, Diff: 2, Sum: 4]
      [Scan RS (ms): Min: 0.0, Avg: 0.1, Max: 0.1, Diff: 0.1, Sum: 0.3]
      [Code Root Scanning (ms): Min: 0.0, Avg: 0.0, Max: 0.0, Diff: 0.0, Sum: 0.0]
      [Object Copy (ms): Min: 1.6, Avg: 2.1, Max: 2.3, Diff: 0.6, Sum: 8.4]
      [Termination (ms): Min: 0.0, Avg: 0.0, Max: 0.0, Diff: 0.0, Sum: 0.0]
      [GC Worker Other (ms): Min: 0.0, Avg: 0.0, Max: 0.0, Diff: 0.0, Sum: 0.1]
      [GC Worker Total (ms): Min: 1.7, Avg: 2.6, Max: 2.9, Diff: 1.2, Sum: 10.3]
      [GC Worker End (ms): Min: 265093.6, Avg: 265093.6, Max: 265093.6, Diff: 0.0]
   [Code Root Fixup: 0.0 ms]
   [Code Root Migration: 0.0 ms]
   [Clear CT: 0.1 ms]
   [Other: 191.8 ms]
      [Choose CSet: 0.0 ms]
      [Ref Proc: 191.1 ms]
      [Ref Enq: 0.3 ms]
      [Free CSet: 0.4 ms]
   [Eden: 185.0M(185.0M)->0.0B(260.0M) Survivors: 19.0M->19.0M Heap: 2149.9M(4096.0M)->1965.0M(4096.0M)]
 [Times: user=0.75 sys=0.00, real=0.19 secs] 
2016-01-06T01:08:06.660-0800: 265.323: [GC pause (young)
Desired survivor size 18350080 bytes, new threshold 15 (max 15)
- age   1:   17259832 bytes,   17259832 total
2016-01-06T01:08:06.851-0800: 265.514: [SoftReference, 0 refs, 0.0000440 secs]2016-01-06T01:08:06.851-0800: 265.514: [WeakReference, 0 refs, 0.0000070 secs]2016-01-06T01:08:06.851-0800: 265.514: [FinalReference, 0 refs, 0.0000060 secs]2016-01-06T01:08:06.851-0800: 265.514: [PhantomReference, 0 refs, 8568 refs, 0.0003340 secs]2016-01-06T01:08:06.852-0800: 265.515: [JNI Weak Reference, 0.0000070 secs], 0.1926970 secs]
   [Parallel Time: 3.4 ms, GC Workers: 4]
      [GC Worker Start (ms): Min: 265323.0, Avg: 265323.0, Max: 265323.0, Diff: 0.1]
      [Ext Root Scanning (ms): Min: 0.3, Avg: 0.4, Max: 0.4, Diff: 0.1, Sum: 1.5]
      [SATB Filtering (ms): Min: 0.0, Avg: 0.0, Max: 0.0, Diff: 0.0, Sum: 0.0]
      [Update RS (ms): Min: 0.0, Avg: 0.1, Max: 0.2, Diff: 0.2, Sum: 0.3]
         [Processed Buffers: Min: 0, Avg: 1.2, Max: 2, Diff: 2, Sum: 5]
      [Scan RS (ms): Min: 0.0, Avg: 0.1, Max: 0.2, Diff: 0.2, Sum: 0.5]
      [Code Root Scanning (ms): Min: 0.0, Avg: 0.0, Max: 0.0, Diff: 0.0, Sum: 0.0]
      [Object Copy (ms): Min: 2.6, Avg: 2.7, Max: 2.7, Diff: 0.0, Sum: 10.7]
      [Termination (ms): Min: 0.0, Avg: 0.0, Max: 0.0, Diff: 0.0, Sum: 0.0]
      [GC Worker Other (ms): Min: 0.0, Avg: 0.0, Max: 0.0, Diff: 0.0, Sum: 0.1]
      [GC Worker Total (ms): Min: 3.2, Avg: 3.3, Max: 3.3, Diff: 0.1, Sum: 13.1]
      [GC Worker End (ms): Min: 265326.3, Avg: 265326.3, Max: 265326.3, Diff: 0.0]
   [Code Root Fixup: 0.0 ms]
   [Code Root Migration: 0.0 ms]
   [Clear CT: 0.2 ms]
   [Other: 189.1 ms]
      [Choose CSet: 0.0 ms]
      [Ref Proc: 188.2 ms]
      [Ref Enq: 0.4 ms]
      [Free CSet: 0.4 ms]
   [Eden: 260.0M(260.0M)->0.0B(861.0M) Survivors: 19.0M->18.0M Heap: 2225.0M(4096.0M)->1964.5M(4096.0M)]
 [Times: user=0.75 sys=0.00, real=0.19 secs] 
2016-01-06T01:08:06.989-0800: 265.652: [GC pause (young)
Desired survivor size 57671680 bytes, new threshold 15 (max 15)
- age   1:   17427232 bytes,   17427232 total
- age   2:      36864 bytes,   17464096 total
2016-01-06T01:08:07.183-0800: 265.846: [SoftReference, 0 refs, 0.0000600 secs]2016-01-06T01:08:07.183-0800: 265.846: [WeakReference, 0 refs, 0.0000060 secs]2016-01-06T01:08:07.183-0800: 265.846: [FinalReference, 0 refs, 0.0000060 secs]2016-01-06T01:08:07.183-0800: 265.846: [PhantomReference, 0 refs, 27201 refs, 0.0009390 secs]2016-01-06T01:08:07.184-0800: 265.847: [JNI Weak Reference, 0.0000080 secs], 0.1977340 secs]
   [Parallel Time: 7.7 ms, GC Workers: 4]
      [GC Worker Start (ms): Min: 265652.2, Avg: 265654.1, Max: 265659.6, Diff: 7.4]
      [Ext Root Scanning (ms): Min: 0.0, Avg: 0.4, Max: 0.5, Diff: 0.5, Sum: 1.5]
      [SATB Filtering (ms): Min: 0.0, Avg: 0.0, Max: 0.0, Diff: 0.0, Sum: 0.0]
      [Update RS (ms): Min: 0.0, Avg: 0.1, Max: 0.2, Diff: 0.2, Sum: 0.3]
         [Processed Buffers: Min: 0, Avg: 1.2, Max: 4, Diff: 4, Sum: 5]
      [Scan RS (ms): Min: 0.2, Avg: 0.4, Max: 0.6, Diff: 0.4, Sum: 1.7]
      [Code Root Scanning (ms): Min: 0.0, Avg: 0.0, Max: 0.1, Diff: 0.1, Sum: 0.2]
      [Object Copy (ms): Min: 0.0, Avg: 4.6, Max: 6.2, Diff: 6.2, Sum: 18.4]
      [Termination (ms): Min: 0.0, Avg: 0.3, Max: 0.4, Diff: 0.4, Sum: 1.1]
      [GC Worker Other (ms): Min: 0.0, Avg: 0.0, Max: 0.0, Diff: 0.0, Sum: 0.1]
      [GC Worker Total (ms): Min: 0.2, Avg: 5.8, Max: 7.7, Diff: 7.5, Sum: 23.2]
      [GC Worker End (ms): Min: 265659.8, Avg: 265659.8, Max: 265659.9, Diff: 0.0]
   [Code Root Fixup: 0.0 ms]
   [Code Root Migration: 0.1 ms]
   [Clear CT: 0.2 ms]
   [Other: 189.6 ms]
      [Choose CSet: 0.0 ms]
      [Ref Proc: 187.2 ms]
      [Ref Enq: 1.2 ms]
      [Free CSet: 1.1 ms]
   [Eden: 861.0M(861.0M)->0.0B(912.0M) Survivors: 18.0M->20.0M Heap: 2825.5M(4096.0M)->1966.0M(4096.0M)]
 [Times: user=0.74 sys=0.00, real=0.20 secs] 
2016-01-06T01:08:07.315-0800: 265.978: [GC pause (young)
Desired survivor size 61341696 bytes, new threshold 15 (max 15)
- age   1:   18768664 bytes,   18768664 total
- age   2:      36864 bytes,   18805528 total
2016-01-06T01:08:07.511-0800: 266.174: [SoftReference, 0 refs, 0.0000550 secs]2016-01-06T01:08:07.511-0800: 266.174: [WeakReference, 0 refs, 0.0000080 secs]2016-01-06T01:08:07.511-0800: 266.174: [FinalReference, 0 refs, 0.0000060 secs]2016-01-06T01:08:07.511-0800: 266.174: [PhantomReference, 0 refs, 28781 refs, 0.0009830 secs]2016-01-06T01:08:07.512-0800: 266.175: [JNI Weak Reference, 0.0000080 secs], 0.1996230 secs]
   [Parallel Time: 7.0 ms, GC Workers: 4]
      [GC Worker Start (ms): Min: 265978.3, Avg: 265978.4, Max: 265978.4, Diff: 0.1]
      [Ext Root Scanning (ms): Min: 0.3, Avg: 0.4, Max: 0.4, Diff: 0.1, Sum: 1.4]
      [SATB Filtering (ms): Min: 0.0, Avg: 0.0, Max: 0.0, Diff: 0.0, Sum: 0.0]
      [Update RS (ms): Min: 0.0, Avg: 0.1, Max: 0.2, Diff: 0.2, Sum: 0.2]
         [Processed Buffers: Min: 0, Avg: 1.0, Max: 2, Diff: 2, Sum: 4]
      [Scan RS (ms): Min: 0.3, Avg: 0.4, Max: 0.5, Diff: 0.2, Sum: 1.7]
      [Code Root Scanning (ms): Min: 0.0, Avg: 0.0, Max: 0.1, Diff: 0.0, Sum: 0.2]
      [Object Copy (ms): Min: 5.9, Avg: 5.9, Max: 5.9, Diff: 0.0, Sum: 23.7]
      [Termination (ms): Min: 0.0, Avg: 0.0, Max: 0.0, Diff: 0.0, Sum: 0.0]
      [GC Worker Other (ms): Min: 0.0, Avg: 0.0, Max: 0.1, Diff: 0.0, Sum: 0.2]
      [GC Worker Total (ms): Min: 6.8, Avg: 6.9, Max: 6.9, Diff: 0.1, Sum: 27.4]
      [GC Worker End (ms): Min: 265985.2, Avg: 265985.2, Max: 265985.3, Diff: 0.0]
   [Code Root Fixup: 0.0 ms]
   [Code Root Migration: 0.1 ms]
   [Clear CT: 0.3 ms]
   [Other: 192.2 ms]
      [Choose CSet: 0.0 ms]
      [Ref Proc: 189.6 ms]
      [Ref Enq: 1.3 ms]
      [Free CSet: 1.3 ms]
   [Eden: 912.0M(912.0M)->0.0B(769.0M) Survivors: 20.0M->20.0M Heap: 2878.0M(4096.0M)->1966.5M(4096.0M)]
 [Times: user=0.73 sys=0.00, real=0.20 secs] 
2016-01-06T01:08:07.623-0800: 266.286: [GC pause (young)
Desired survivor size 51904512 bytes, new threshold 15 (max 15)
- age   1:   18882496 bytes,   18882496 total
- age   2:      36864 bytes,   18919360 total
2016-01-06T01:08:07.823-0800: 266.486: [SoftReference, 0 refs, 0.0000430 secs]2016-01-06T01:08:07.823-0800: 266.486: [WeakReference, 0 refs, 0.0000070 secs]2016-01-06T01:08:07.823-0800: 266.486: [FinalReference, 0 refs, 0.0000050 secs]2016-01-06T01:08:07.823-0800: 266.486: [PhantomReference, 0 refs, 24348 refs, 0.0008260 secs]2016-01-06T01:08:07.824-0800: 266.487: [JNI Weak Reference, 0.0000070 secs], 0.2035320 secs]
   [Parallel Time: 6.2 ms, GC Workers: 4]
      [GC Worker Start (ms): Min: 266285.9, Avg: 266286.0, Max: 266286.0, Diff: 0.1]
      [Ext Root Scanning (ms): Min: 0.3, Avg: 0.4, Max: 0.4, Diff: 0.1, Sum: 1.4]
      [SATB Filtering (ms): Min: 0.0, Avg: 0.0, Max: 0.0, Diff: 0.0, Sum: 0.0]
      [Update RS (ms): Min: 0.0, Avg: 0.1, Max: 0.2, Diff: 0.2, Sum: 0.2]
         [Processed Buffers: Min: 0, Avg: 1.0, Max: 3, Diff: 3, Sum: 4]
      [Scan RS (ms): Min: 0.3, Avg: 0.4, Max: 0.4, Diff: 0.1, Sum: 1.4]
      [Code Root Scanning (ms): Min: 0.0, Avg: 0.0, Max: 0.0, Diff: 0.0, Sum: 0.1]
      [Object Copy (ms): Min: 5.2, Avg: 5.2, Max: 5.2, Diff: 0.0, Sum: 20.7]
      [Termination (ms): Min: 0.0, Avg: 0.0, Max: 0.0, Diff: 0.0, Sum: 0.0]
      [GC Worker Other (ms): Min: 0.0, Avg: 0.0, Max: 0.1, Diff: 0.1, Sum: 0.2]
      [GC Worker Total (ms): Min: 6.0, Avg: 6.0, Max: 6.1, Diff: 0.0, Sum: 24.2]
      [GC Worker End (ms): Min: 266292.0, Avg: 266292.0, Max: 266292.1, Diff: 0.1]
   [Code Root Fixup: 0.0 ms]
   [Code Root Migration: 0.1 ms]
   [Clear CT: 0.2 ms]
   [Other: 197.0 ms]
      [Choose CSet: 0.0 ms]
      [Ref Proc: 194.8 ms]
      [Ref Enq: 1.1 ms]
      [Free CSet: 1.0 ms]
   [Eden: 769.0M(769.0M)->0.0B(218.0M) Survivors: 20.0M->20.0M Heap: 2735.5M(4096.0M)->1966.5M(4096.0M)]
 [Times: user=0.78 sys=0.00, real=0.21 secs] 
2016-01-06T01:08:07.858-0800: 266.521: [GC pause (young)
Desired survivor size 15728640 bytes, new threshold 1 (max 15)
- age   1:   18563320 bytes,   18563320 total
- age   2:      36864 bytes,   18600184 total
2016-01-06T01:08:08.058-0800: 266.721: [SoftReference, 0 refs, 0.0000470 secs]2016-01-06T01:08:08.058-0800: 266.721: [WeakReference, 0 refs, 0.0000070 secs]2016-01-06T01:08:08.058-0800: 266.721: [FinalReference, 0 refs, 0.0000060 secs]2016-01-06T01:08:08.058-0800: 266.721: [PhantomReference, 0 refs, 7268 refs, 0.0002710 secs]2016-01-06T01:08:08.058-0800: 266.721: [JNI Weak Reference, 0.0000080 secs], 0.2011200 secs]
   [Parallel Time: 3.1 ms, GC Workers: 4]
      [GC Worker Start (ms): Min: 266520.9, Avg: 266521.4, Max: 266522.6, Diff: 1.6]
      [Ext Root Scanning (ms): Min: 0.0, Avg: 0.3, Max: 0.5, Diff: 0.5, Sum: 1.3]
      [SATB Filtering (ms): Min: 0.0, Avg: 0.0, Max: 0.0, Diff: 0.0, Sum: 0.0]
      [Update RS (ms): Min: 0.0, Avg: 0.0, Max: 0.1, Diff: 0.1, Sum: 0.1]
         [Processed Buffers: Min: 0, Avg: 1.0, Max: 3, Diff: 3, Sum: 4]
      [Scan RS (ms): Min: 0.0, Avg: 0.1, Max: 0.2, Diff: 0.1, Sum: 0.4]
      [Code Root Scanning (ms): Min: 0.0, Avg: 0.0, Max: 0.0, Diff: 0.0, Sum: 0.0]
      [Object Copy (ms): Min: 1.3, Avg: 2.1, Max: 2.4, Diff: 1.1, Sum: 8.4]
      [Termination (ms): Min: 0.0, Avg: 0.0, Max: 0.0, Diff: 0.0, Sum: 0.0]
      [GC Worker Other (ms): Min: 0.0, Avg: 0.0, Max: 0.0, Diff: 0.0, Sum: 0.1]
      [GC Worker Total (ms): Min: 1.4, Avg: 2.6, Max: 3.0, Diff: 1.6, Sum: 10.3]
      [GC Worker End (ms): Min: 266524.0, Avg: 266524.0, Max: 266524.0, Diff: 0.0]
   [Code Root Fixup: 0.0 ms]
   [Code Root Migration: 0.0 ms]
   [Clear CT: 0.1 ms]
   [Other: 197.9 ms]
      [Choose CSet: 0.0 ms]
      [Ref Proc: 197.1 ms]
      [Ref Enq: 0.3 ms]
      [Free CSet: 0.4 ms]
   [Eden: 218.0M(218.0M)->0.0B(186.0M) Survivors: 20.0M->18.0M Heap: 2184.5M(4096.0M)->1964.5M(4096.0M)]
 [Times: user=0.70 sys=0.00, real=0.20 secs] 
2016-01-06T01:08:08.085-0800: 266.748: [GC pause (young)
Desired survivor size 13631488 bytes, new threshold 1 (max 15)
- age   1:   17333488 bytes,   17333488 total
2016-01-06T01:08:08.278-0800: 266.941: [SoftReference, 0 refs, 0.0000460 secs]2016-01-06T01:08:08.278-0800: 266.941: [WeakReference, 0 refs, 0.0000070 secs]2016-01-06T01:08:08.278-0800: 266.941: [FinalReference, 0 refs, 0.0000060 secs]2016-01-06T01:08:08.278-0800: 266.941: [PhantomReference, 0 refs, 6276 refs, 0.0002540 secs]2016-01-06T01:08:08.278-0800: 266.941: [JNI Weak Reference, 0.0000080 secs], 0.1940230 secs]
   [Parallel Time: 2.8 ms, GC Workers: 4]
      [GC Worker Start (ms): Min: 266748.2, Avg: 266748.2, Max: 266748.3, Diff: 0.1]
      [Ext Root Scanning (ms): Min: 0.3, Avg: 0.4, Max: 0.4, Diff: 0.1, Sum: 1.4]
      [SATB Filtering (ms): Min: 0.0, Avg: 0.0, Max: 0.0, Diff: 0.0, Sum: 0.0]
      [Update RS (ms): Min: 0.0, Avg: 0.1, Max: 0.2, Diff: 0.2, Sum: 0.3]
         [Processed Buffers: Min: 0, Avg: 1.0, Max: 2, Diff: 2, Sum: 4]
      [Scan RS (ms): Min: 0.0, Avg: 0.1, Max: 0.1, Diff: 0.1, Sum: 0.3]
      [Code Root Scanning (ms): Min: 0.0, Avg: 0.0, Max: 0.0, Diff: 0.0, Sum: 0.0]
      [Object Copy (ms): Min: 2.2, Avg: 2.2, Max: 2.2, Diff: 0.0, Sum: 8.7]
      [Termination (ms): Min: 0.0, Avg: 0.0, Max: 0.0, Diff: 0.0, Sum: 0.0]
      [GC Worker Other (ms): Min: 0.0, Avg: 0.0, Max: 0.0, Diff: 0.0, Sum: 0.1]
      [GC Worker Total (ms): Min: 2.7, Avg: 2.7, Max: 2.8, Diff: 0.1, Sum: 11.0]
      [GC Worker End (ms): Min: 266751.0, Avg: 266751.0, Max: 266751.0, Diff: 0.0]
   [Code Root Fixup: 0.0 ms]
   [Code Root Migration: 0.0 ms]
   [Clear CT: 0.1 ms]
   [Other: 191.0 ms]
      [Choose CSet: 0.0 ms]
      [Ref Proc: 190.3 ms]
      [Ref Enq: 0.3 ms]
      [Free CSet: 0.3 ms]
   [Eden: 186.0M(186.0M)->0.0B(447.0M) Survivors: 18.0M->19.0M Heap: 2150.5M(4096.0M)->1965.6M(4096.0M)]
 [Times: user=0.75 sys=0.00, real=0.19 secs] 
2016-01-06T01:08:08.342-0800: 267.005: [GC pause (young)
Desired survivor size 30932992 bytes, new threshold 15 (max 15)
- age   1:   17262064 bytes,   17262064 total
2016-01-06T01:08:08.539-0800: 267.202: [SoftReference, 0 refs, 0.0000450 secs]2016-01-06T01:08:08.539-0800: 267.202: [WeakReference, 0 refs, 0.0000060 secs]2016-01-06T01:08:08.539-0800: 267.202: [FinalReference, 0 refs, 0.0000060 secs]2016-01-06T01:08:08.539-0800: 267.202: [PhantomReference, 0 refs, 14367 refs, 0.0005200 secs]2016-01-06T01:08:08.540-0800: 267.203: [JNI Weak Reference, 0.0000070 secs], 0.1989260 secs]
   [Parallel Time: 3.9 ms, GC Workers: 4]
      [GC Worker Start (ms): Min: 267005.4, Avg: 267005.4, Max: 267005.4, Diff: 0.1]
      [Ext Root Scanning (ms): Min: 0.3, Avg: 0.4, Max: 0.4, Diff: 0.1, Sum: 1.4]
      [SATB Filtering (ms): Min: 0.0, Avg: 0.0, Max: 0.0, Diff: 0.0, Sum: 0.0]
      [Update RS (ms): Min: 0.0, Avg: 0.1, Max: 0.2, Diff: 0.2, Sum: 0.3]
         [Processed Buffers: Min: 0, Avg: 1.2, Max: 3, Diff: 3, Sum: 5]
      [Scan RS (ms): Min: 0.1, Avg: 0.2, Max: 0.2, Diff: 0.1, Sum: 0.8]
      [Code Root Scanning (ms): Min: 0.0, Avg: 0.0, Max: 0.0, Diff: 0.0, Sum: 0.1]
      [Object Copy (ms): Min: 3.0, Avg: 3.0, Max: 3.0, Diff: 0.0, Sum: 12.1]
      [Termination (ms): Min: 0.0, Avg: 0.0, Max: 0.0, Diff: 0.0, Sum: 0.0]
      [GC Worker Other (ms): Min: 0.0, Avg: 0.0, Max: 0.1, Diff: 0.0, Sum: 0.1]
      [GC Worker Total (ms): Min: 3.7, Avg: 3.7, Max: 3.8, Diff: 0.1, Sum: 15.0]
      [GC Worker End (ms): Min: 267009.1, Avg: 267009.2, Max: 267009.2, Diff: 0.0]
   [Code Root Fixup: 0.0 ms]
   [Code Root Migration: 0.1 ms]
   [Clear CT: 0.2 ms]
   [Other: 194.8 ms]
      [Choose CSet: 0.0 ms]
      [Ref Proc: 193.4 ms]
      [Ref Enq: 0.6 ms]
      [Free CSet: 0.7 ms]
   [Eden: 447.0M(447.0M)->0.0B(496.0M) Survivors: 19.0M->19.0M Heap: 2412.6M(4096.0M)->1965.6M(4096.0M)]
 [Times: user=0.76 sys=0.00, real=0.20 secs] 
2016-01-06T01:08:08.612-0800: 267.274: [GC pause (young)
Desired survivor size 34078720 bytes, new threshold 15 (max 15)
- age   1:   17844616 bytes,   17844616 total
- age   2:      36864 bytes,   17881480 total
2016-01-06T01:08:08.807-0800: 267.470: [SoftReference, 0 refs, 0.0000430 secs]2016-01-06T01:08:08.807-0800: 267.470: [WeakReference, 0 refs, 0.0000060 secs]2016-01-06T01:08:08.807-0800: 267.470: [FinalReference, 0 refs, 0.0000050 secs]2016-01-06T01:08:08.807-0800: 267.470: [PhantomReference, 0 refs, 15886 refs, 0.0005640 secs]2016-01-06T01:08:08.808-0800: 267.471: [JNI Weak Reference, 0.0000070 secs], 0.1980620 secs]
   [Parallel Time: 4.6 ms, GC Workers: 4]
      [GC Worker Start (ms): Min: 267274.5, Avg: 267274.9, Max: 267275.9, Diff: 1.4]
      [Ext Root Scanning (ms): Min: 0.0, Avg: 0.3, Max: 0.5, Diff: 0.5, Sum: 1.3]
      [SATB Filtering (ms): Min: 0.0, Avg: 0.0, Max: 0.0, Diff: 0.0, Sum: 0.0]
      [Update RS (ms): Min: 0.0, Avg: 0.0, Max: 0.1, Diff: 0.1, Sum: 0.2]
         [Processed Buffers: Min: 0, Avg: 1.0, Max: 2, Diff: 2, Sum: 4]
      [Scan RS (ms): Min: 0.1, Avg: 0.2, Max: 0.3, Diff: 0.3, Sum: 0.9]
      [Code Root Scanning (ms): Min: 0.0, Avg: 0.0, Max: 0.0, Diff: 0.0, Sum: 0.1]
      [Object Copy (ms): Min: 2.8, Avg: 3.4, Max: 3.7, Diff: 0.9, Sum: 13.5]
      [Termination (ms): Min: 0.0, Avg: 0.1, Max: 0.2, Diff: 0.2, Sum: 0.5]
      [GC Worker Other (ms): Min: 0.0, Avg: 0.0, Max: 0.0, Diff: 0.0, Sum: 0.1]
      [GC Worker Total (ms): Min: 3.1, Avg: 4.1, Max: 4.5, Diff: 1.4, Sum: 16.5]
      [GC Worker End (ms): Min: 267279.0, Avg: 267279.0, Max: 267279.0, Diff: 0.0]
   [Code Root Fixup: 0.0 ms]
   [Code Root Migration: 0.1 ms]
   [Clear CT: 0.2 ms]
   [Other: 193.3 ms]
      [Choose CSet: 0.0 ms]
      [Ref Proc: 191.7 ms]
      [Ref Enq: 0.7 ms]
      [Free CSet: 0.8 ms]
   [Eden: 496.0M(496.0M)->0.0B(667.0M) Survivors: 19.0M->19.0M Heap: 2461.6M(4096.0M)->1965.6M(4096.0M)]
 [Times: user=0.76 sys=0.01, real=0.20 secs] 
2016-01-06T01:08:08.904-0800: 267.566: [GC pause (young)
Desired survivor size 45088768 bytes, new threshold 15 (max 15)
- age   1:   17953984 bytes,   17953984 total
- age   2:      36864 bytes,   17990848 total
2016-01-06T01:08:09.107-0800: 267.770: [SoftReference, 0 refs, 0.0000460 secs]2016-01-06T01:08:09.107-0800: 267.770: [WeakReference, 0 refs, 0.0000070 secs]2016-01-06T01:08:09.107-0800: 267.770: [FinalReference, 0 refs, 0.0000060 secs]2016-01-06T01:08:09.107-0800: 267.770: [PhantomReference, 0 refs, 21187 refs, 0.0007310 secs]2016-01-06T01:08:09.108-0800: 267.771: [JNI Weak Reference, 0.0000080 secs], 0.2065330 secs]
   [Parallel Time: 5.7 ms, GC Workers: 4]
      [GC Worker Start (ms): Min: 267566.6, Avg: 267566.9, Max: 267567.9, Diff: 1.3]
      [Ext Root Scanning (ms): Min: 0.0, Avg: 0.3, Max: 0.5, Diff: 0.5, Sum: 1.3]
      [SATB Filtering (ms): Min: 0.0, Avg: 0.0, Max: 0.0, Diff: 0.0, Sum: 0.0]
      [Update RS (ms): Min: 0.0, Avg: 0.0, Max: 0.1, Diff: 0.1, Sum: 0.2]
         [Processed Buffers: Min: 0, Avg: 0.8, Max: 2, Diff: 2, Sum: 3]
      [Scan RS (ms): Min: 0.1, Avg: 0.3, Max: 0.4, Diff: 0.3, Sum: 1.1]
      [Code Root Scanning (ms): Min: 0.0, Avg: 0.0, Max: 0.0, Diff: 0.0, Sum: 0.1]
      [Object Copy (ms): Min: 4.2, Avg: 4.5, Max: 4.7, Diff: 0.5, Sum: 18.2]
      [Termination (ms): Min: 0.0, Avg: 0.0, Max: 0.0, Diff: 0.0, Sum: 0.0]
      [GC Worker Other (ms): Min: 0.0, Avg: 0.0, Max: 0.1, Diff: 0.0, Sum: 0.1]
      [GC Worker Total (ms): Min: 4.3, Avg: 5.3, Max: 5.6, Diff: 1.3, Sum: 21.1]
      [GC Worker End (ms): Min: 267572.2, Avg: 267572.2, Max: 267572.2, Diff: 0.0]
   [Code Root Fixup: 0.0 ms]
   [Code Root Migration: 0.1 ms]
   [Clear CT: 0.2 ms]
   [Other: 200.5 ms]
      [Choose CSet: 0.0 ms]
      [Ref Proc: 198.6 ms]
      [Ref Enq: 1.0 ms]
      [Free CSet: 0.9 ms]
   [Eden: 667.0M(667.0M)->0.0B(184.0M) Survivors: 19.0M->20.0M Heap: 2632.6M(4096.0M)->1966.1M(4096.0M)]
 [Times: user=0.68 sys=0.01, real=0.21 secs] 
2016-01-06T01:08:09.137-0800: 267.799: [GC pause (young)
Desired survivor size 13631488 bytes, new threshold 1 (max 15)
- age   1:   18335656 bytes,   18335656 total
- age   2:      36864 bytes,   18372520 total
2016-01-06T01:08:09.331-0800: 267.994: [SoftReference, 0 refs, 0.0000460 secs]2016-01-06T01:08:09.331-0800: 267.994: [WeakReference, 0 refs, 0.0000060 secs]2016-01-06T01:08:09.331-0800: 267.994: [FinalReference, 0 refs, 0.0000060 secs]2016-01-06T01:08:09.331-0800: 267.994: [PhantomReference, 0 refs, 6214 refs, 0.0002370 secs]2016-01-06T01:08:09.331-0800: 267.994: [JNI Weak Reference, 0.0000080 secs], 0.1952020 secs]
   [Parallel Time: 3.0 ms, GC Workers: 4]
      [GC Worker Start (ms): Min: 267799.6, Avg: 267799.7, Max: 267799.9, Diff: 0.4]
      [Ext Root Scanning (ms): Min: 0.1, Avg: 0.3, Max: 0.4, Diff: 0.3, Sum: 1.4]
      [SATB Filtering (ms): Min: 0.0, Avg: 0.0, Max: 0.0, Diff: 0.0, Sum: 0.0]
      [Update RS (ms): Min: 0.0, Avg: 0.1, Max: 0.2, Diff: 0.2, Sum: 0.2]
         [Processed Buffers: Min: 0, Avg: 1.0, Max: 3, Diff: 3, Sum: 4]
      [Scan RS (ms): Min: 0.0, Avg: 0.1, Max: 0.1, Diff: 0.1, Sum: 0.3]
      [Code Root Scanning (ms): Min: 0.0, Avg: 0.0, Max: 0.0, Diff: 0.0, Sum: 0.0]
      [Object Copy (ms): Min: 2.2, Avg: 2.2, Max: 2.2, Diff: 0.0, Sum: 8.8]
      [Termination (ms): Min: 0.0, Avg: 0.0, Max: 0.0, Diff: 0.0, Sum: 0.0]
      [GC Worker Other (ms): Min: 0.0, Avg: 0.0, Max: 0.1, Diff: 0.0, Sum: 0.2]
      [GC Worker Total (ms): Min: 2.5, Avg: 2.7, Max: 2.9, Diff: 0.4, Sum: 11.0]
      [GC Worker End (ms): Min: 267802.4, Avg: 267802.4, Max: 267802.4, Diff: 0.0]
   [Code Root Fixup: 0.0 ms]
   [Code Root Migration: 0.0 ms]
   [Clear CT: 0.2 ms]
   [Other: 192.0 ms]
      [Choose CSet: 0.0 ms]
      [Ref Proc: 191.3 ms]
      [Ref Enq: 0.3 ms]
      [Free CSet: 0.3 ms]
   [Eden: 184.0M(184.0M)->0.0B(185.0M) Survivors: 20.0M->19.0M Heap: 2150.1M(4096.0M)->1965.1M(4096.0M)]
 [Times: user=0.75 sys=0.00, real=0.20 secs] 
2016-01-06T01:08:09.358-0800: 268.021: [GC pause (young)
Desired survivor size 13631488 bytes, new threshold 1 (max 15)
- age   1:   17257600 bytes,   17257600 total
2016-01-06T01:08:09.559-0800: 268.222: [SoftReference, 0 refs, 0.0000460 secs]2016-01-06T01:08:09.559-0800: 268.222: [WeakReference, 0 refs, 0.0000070 secs]2016-01-06T01:08:09.559-0800: 268.222: [FinalReference, 0 refs, 0.0000050 secs]2016-01-06T01:08:09.559-0800: 268.222: [PhantomReference, 0 refs, 6244 refs, 0.0002340 secs]2016-01-06T01:08:09.560-0800: 268.222: [JNI Weak Reference, 0.0000080 secs], 0.2026620 secs]
   [Parallel Time: 3.2 ms, GC Workers: 4]
      [GC Worker Start (ms): Min: 268020.7, Avg: 268021.6, Max: 268023.9, Diff: 3.1]
      [Ext Root Scanning (ms): Min: 0.0, Avg: 0.3, Max: 0.5, Diff: 0.4, Sum: 1.3]
      [SATB Filtering (ms): Min: 0.0, Avg: 0.0, Max: 0.0, Diff: 0.0, Sum: 0.0]
      [Update RS (ms): Min: 0.0, Avg: 0.1, Max: 0.2, Diff: 0.2, Sum: 0.2]
         [Processed Buffers: Min: 0, Avg: 1.2, Max: 4, Diff: 4, Sum: 5]
      [Scan RS (ms): Min: 0.0, Avg: 0.1, Max: 0.1, Diff: 0.1, Sum: 0.3]
      [Code Root Scanning (ms): Min: 0.0, Avg: 0.0, Max: 0.0, Diff: 0.0, Sum: 0.0]
      [Object Copy (ms): Min: 0.0, Avg: 1.7, Max: 2.3, Diff: 2.3, Sum: 6.8]
      [Termination (ms): Min: 0.0, Avg: 0.2, Max: 0.3, Diff: 0.3, Sum: 0.8]
      [GC Worker Other (ms): Min: 0.0, Avg: 0.0, Max: 0.0, Diff: 0.0, Sum: 0.0]
      [GC Worker Total (ms): Min: 0.1, Avg: 2.4, Max: 3.2, Diff: 3.2, Sum: 9.6]
      [GC Worker End (ms): Min: 268023.9, Avg: 268024.0, Max: 268024.0, Diff: 0.0]
   [Code Root Fixup: 0.0 ms]
   [Code Root Migration: 0.0 ms]
   [Clear CT: 0.2 ms]
   [Other: 199.2 ms]
      [Choose CSet: 0.0 ms]
      [Ref Proc: 198.5 ms]
      [Ref Enq: 0.3 ms]
      [Free CSet: 0.4 ms]
   [Eden: 185.0M(185.0M)->0.0B(186.0M) Survivors: 19.0M->18.0M Heap: 2150.1M(4096.0M)->1964.6M(4096.0M)]
 [Times: user=0.73 sys=0.00, real=0.20 secs] 
2016-01-06T01:08:09.584-0800: 268.247: [GC concurrent-mark-end, 17.2735890 secs]
2016-01-06T01:08:09.584-0800: 268.247: [GC remark 2016-01-06T01:08:09.584-0800: 268.247: [GC ref-proc2016-01-06T01:08:09.584-0800: 268.247: [SoftReference, 0 refs, 0.0000210 secs]2016-01-06T01:08:09.584-0800: 268.247: [WeakReference, 3 refs, 0.0000130 secs]2016-01-06T01:08:09.584-0800: 268.247: [FinalReference, 4 refs, 0.0000130 secs]2016-01-06T01:08:09.584-0800: 268.247: [PhantomReference, 0 refs, 10482437 refs, 1.6045560 secs]2016-01-06T01:08:11.189-0800: 269.852: [JNI Weak Reference, 0.0000210 secs], 1.6047090 secs], 1.6126180 secs]
 [Times: user=1.14 sys=0.50, real=1.61 secs] 
2016-01-06T01:08:11.197-0800: 269.860: [GC cleanup 2133M->2133M(4096M), 0.0054790 secs]
 [Times: user=0.02 sys=0.00, real=0.00 secs] 
2016-01-06T01:08:11.205-0800: 269.868: [GC pause (young)
Desired survivor size 13631488 bytes, new threshold 1 (max 15)
- age   1:   17259832 bytes,   17259832 total
2016-01-06T01:08:11.209-0800: 269.872: [SoftReference, 0 refs, 0.0000620 secs]2016-01-06T01:08:11.209-0800: 269.872: [WeakReference, 0 refs, 0.0000070 secs]2016-01-06T01:08:11.209-0800: 269.872: [FinalReference, 0 refs, 0.0000050 secs]2016-01-06T01:08:11.209-0800: 269.872: [PhantomReference, 0 refs, 6275 refs, 0.0002490 secs]2016-01-06T01:08:11.209-0800: 269.872: [JNI Weak Reference, 0.0000070 secs], 0.0043200 secs]
   [Parallel Time: 3.0 ms, GC Workers: 4]
      [GC Worker Start (ms): Min: 269868.4, Avg: 269868.5, Max: 269868.5, Diff: 0.1]
      [Ext Root Scanning (ms): Min: 0.3, Avg: 0.4, Max: 0.4, Diff: 0.1, Sum: 1.4]
      [Update RS (ms): Min: 0.0, Avg: 0.1, Max: 0.2, Diff: 0.2, Sum: 0.3]
         [Processed Buffers: Min: 0, Avg: 1.0, Max: 2, Diff: 2, Sum: 4]
      [Scan RS (ms): Min: 0.0, Avg: 0.1, Max: 0.1, Diff: 0.1, Sum: 0.3]
      [Code Root Scanning (ms): Min: 0.0, Avg: 0.0, Max: 0.0, Diff: 0.0, Sum: 0.1]
      [Object Copy (ms): Min: 2.3, Avg: 2.3, Max: 2.3, Diff: 0.0, Sum: 9.3]
      [Termination (ms): Min: 0.0, Avg: 0.0, Max: 0.0, Diff: 0.0, Sum: 0.0]
      [GC Worker Other (ms): Min: 0.0, Avg: 0.0, Max: 0.0, Diff: 0.0, Sum: 0.1]
      [GC Worker Total (ms): Min: 2.8, Avg: 2.9, Max: 2.9, Diff: 0.1, Sum: 11.5]
      [GC Worker End (ms): Min: 269871.3, Avg: 269871.3, Max: 269871.3, Diff: 0.0]
   [Code Root Fixup: 0.0 ms]
   [Code Root Migration: 0.0 ms]
   [Clear CT: 0.1 ms]
   [Other: 1.1 ms]
      [Choose CSet: 0.0 ms]
      [Ref Proc: 0.6 ms]
      [Ref Enq: 0.1 ms]
      [Free CSet: 0.4 ms]
   [Eden: 186.0M(186.0M)->0.0B(1692.0M) Survivors: 18.0M->19.0M Heap: 2150.6M(4096.0M)->1965.2M(4096.0M)]
 [Times: user=0.01 sys=0.00, real=0.00 secs] 
2016-01-06T01:08:11.456-0800: 270.119: [GC pause (young)
Desired survivor size 112197632 bytes, new threshold 15 (max 15)
- age   1:   17262064 bytes,   17262064 total
2016-01-06T01:08:11.473-0800: 270.136: [SoftReference, 0 refs, 0.0000430 secs]2016-01-06T01:08:11.473-0800: 270.136: [WeakReference, 0 refs, 0.0000060 secs]2016-01-06T01:08:11.473-0800: 270.136: [FinalReference, 0 refs, 0.0000050 secs]2016-01-06T01:08:11.473-0800: 270.136: [PhantomReference, 0 refs, 52962 refs, 0.0017610 secs]2016-01-06T01:08:11.475-0800: 270.138: [JNI Weak Reference, 0.0000080 secs], 0.0229910 secs]
   [Parallel Time: 17.1 ms, GC Workers: 4]
      [GC Worker Start (ms): Min: 270119.1, Avg: 270123.5, Max: 270127.9, Diff: 8.8]
      [Ext Root Scanning (ms): Min: 0.0, Avg: 0.3, Max: 0.7, Diff: 0.7, Sum: 1.3]
      [Update RS (ms): Min: 0.0, Avg: 0.1, Max: 0.3, Diff: 0.3, Sum: 0.4]
         [Processed Buffers: Min: 0, Avg: 1.2, Max: 4, Diff: 4, Sum: 5]
      [Scan RS (ms): Min: 0.2, Avg: 0.7, Max: 1.3, Diff: 1.0, Sum: 2.9]
      [Code Root Scanning (ms): Min: 0.0, Avg: 0.1, Max: 0.1, Diff: 0.1, Sum: 0.3]
      [Object Copy (ms): Min: 7.7, Avg: 11.2, Max: 14.7, Diff: 7.0, Sum: 44.8]
      [Termination (ms): Min: 0.0, Avg: 0.1, Max: 0.2, Diff: 0.2, Sum: 0.4]
      [GC Worker Other (ms): Min: 0.0, Avg: 0.0, Max: 0.0, Diff: 0.0, Sum: 0.1]
      [GC Worker Total (ms): Min: 8.1, Avg: 12.5, Max: 17.0, Diff: 8.8, Sum: 50.2]
      [GC Worker End (ms): Min: 270136.0, Avg: 270136.1, Max: 270136.1, Diff: 0.0]
   [Code Root Fixup: 0.0 ms]
   [Code Root Migration: 0.3 ms]
   [Clear CT: 0.5 ms]
   [Other: 5.2 ms]
      [Choose CSet: 0.0 ms]
      [Ref Proc: 2.0 ms]
      [Ref Enq: 0.9 ms]
      [Free CSet: 2.2 ms]
   [Eden: 1692.0M(1692.0M)->0.0B(1690.0M) Survivors: 19.0M->22.0M Heap: 3657.2M(4096.0M)->1968.7M(4096.0M)]
 [Times: user=0.05 sys=0.00, real=0.03 secs] 
2016-01-06T01:08:11.717-0800: 270.380: [GC pause (young) (initial-mark)
Desired survivor size 112197632 bytes, new threshold 15 (max 15)
- age   1:   20623456 bytes,   20623456 total
- age   2:      36864 bytes,   20660320 total
2016-01-06T01:08:11.730-0800: 270.393: [SoftReference, 0 refs, 0.0000490 secs]2016-01-06T01:08:11.730-0800: 270.393: [WeakReference, 0 refs, 0.0000080 secs]2016-01-06T01:08:11.731-0800: 270.393: [FinalReference, 0 refs, 0.0000050 secs]2016-01-06T01:08:11.731-0800: 270.393: [PhantomReference, 0 refs, 52900 refs, 0.0014270 secs]2016-01-06T01:08:11.732-0800: 270.395: [JNI Weak Reference, 0.0000090 secs], 0.0186020 secs]
   [Parallel Time: 12.4 ms, GC Workers: 4]
      [GC Worker Start (ms): Min: 270380.8, Avg: 270380.9, Max: 270380.9, Diff: 0.1]
      [Ext Root Scanning (ms): Min: 0.3, Avg: 0.4, Max: 0.4, Diff: 0.1, Sum: 1.5]
      [Code Root Marking (ms): Min: 0.2, Avg: 0.2, Max: 0.3, Diff: 0.0, Sum: 1.0]
      [Update RS (ms): Min: 0.0, Avg: 0.1, Max: 0.2, Diff: 0.2, Sum: 0.2]
         [Processed Buffers: Min: 0, Avg: 1.2, Max: 3, Diff: 3, Sum: 5]
      [Scan RS (ms): Min: 0.7, Avg: 0.7, Max: 0.8, Diff: 0.1, Sum: 2.9]
      [Code Root Scanning (ms): Min: 0.1, Avg: 0.1, Max: 0.1, Diff: 0.0, Sum: 0.3]
      [Object Copy (ms): Min: 10.7, Avg: 10.7, Max: 10.8, Diff: 0.1, Sum: 43.0]
      [Termination (ms): Min: 0.0, Avg: 0.0, Max: 0.0, Diff: 0.0, Sum: 0.0]
      [GC Worker Other (ms): Min: 0.0, Avg: 0.1, Max: 0.1, Diff: 0.1, Sum: 0.2]
      [GC Worker Total (ms): Min: 12.3, Avg: 12.3, Max: 12.3, Diff: 0.0, Sum: 49.2]
      [GC Worker End (ms): Min: 270393.1, Avg: 270393.2, Max: 270393.2, Diff: 0.1]
   [Code Root Fixup: 0.0 ms]
   [Code Root Migration: 0.2 ms]
   [Clear CT: 0.5 ms]
   [Other: 5.5 ms]
      [Choose CSet: 0.0 ms]
      [Ref Proc: 1.7 ms]
      [Ref Enq: 0.9 ms]
      [Free CSet: 2.1 ms]
   [Eden: 1690.0M(1690.0M)->0.0B(1691.0M) Survivors: 22.0M->22.0M Heap: 3658.7M(4096.0M)->1968.7M(4096.0M)]
 [Times: user=0.06 sys=0.00, real=0.01 secs] 
2016-01-06T01:08:11.736-0800: 270.399: [GC concurrent-root-region-scan-start]
2016-01-06T01:08:11.744-0800: 270.406: [GC concurrent-root-region-scan-end, 0.0074260 secs]
2016-01-06T01:08:11.744-0800: 270.407: [GC concurrent-mark-start]
2016-01-06T01:08:12.272-0800: 270.935: [GC pause (young)
Desired survivor size 112721920 bytes, new threshold 15 (max 15)
- age   1:   20618992 bytes,   20618992 total
- age   2:      36864 bytes,   20655856 total
2016-01-06T01:08:12.301-0800: 270.964: [SoftReference, 0 refs, 0.0000390 secs]2016-01-06T01:08:12.301-0800: 270.964: [WeakReference, 0 refs, 0.0000070 secs]2016-01-06T01:08:12.301-0800: 270.964: [FinalReference, 0 refs, 0.0000050 secs]2016-01-06T01:08:12.301-0800: 270.964: [PhantomReference, 0 refs, 52931 refs, 0.0015250 secs]2016-01-06T01:08:12.303-0800: 270.966: [JNI Weak Reference, 0.0000080 secs], 0.0353630 secs]
   [Parallel Time: 22.8 ms, GC Workers: 4]
      [GC Worker Start (ms): Min: 270935.5, Avg: 270935.5, Max: 270935.5, Diff: 0.1]
      [Ext Root Scanning (ms): Min: 0.3, Avg: 0.4, Max: 0.4, Diff: 0.1, Sum: 1.4]
      [SATB Filtering (ms): Min: 0.0, Avg: 0.0, Max: 0.0, Diff: 0.0, Sum: 0.0]
      [Update RS (ms): Min: 10.5, Avg: 10.7, Max: 11.0, Diff: 0.5, Sum: 42.6]
         [Processed Buffers: Min: 15, Avg: 16.2, Max: 18, Diff: 3, Sum: 65]
      [Scan RS (ms): Min: 0.5, Avg: 0.7, Max: 0.9, Diff: 0.4, Sum: 2.9]
      [Code Root Scanning (ms): Min: 0.1, Avg: 0.1, Max: 0.1, Diff: 0.0, Sum: 0.3]
      [Object Copy (ms): Min: 10.7, Avg: 10.7, Max: 10.8, Diff: 0.1, Sum: 43.0]
      [Termination (ms): Min: 0.0, Avg: 0.0, Max: 0.0, Diff: 0.0, Sum: 0.0]
      [GC Worker Other (ms): Min: 0.0, Avg: 0.1, Max: 0.1, Diff: 0.1, Sum: 0.3]
      [GC Worker Total (ms): Min: 22.6, Avg: 22.6, Max: 22.6, Diff: 0.0, Sum: 90.6]
      [GC Worker End (ms): Min: 270958.1, Avg: 270958.1, Max: 270958.2, Diff: 0.1]
   [Code Root Fixup: 0.0 ms]
   [Code Root Migration: 0.2 ms]
   [Clear CT: 0.4 ms]
   [Other: 12.0 ms]
      [Choose CSet: 0.0 ms]
      [Ref Proc: 7.4 ms]
      [Ref Enq: 2.4 ms]
      [Free CSet: 2.0 ms]
   [Eden: 1691.0M(1691.0M)->0.0B(1691.0M) Survivors: 22.0M->22.0M Heap: 3659.7M(4096.0M)->1968.7M(4096.0M)]
 [Times: user=0.11 sys=0.00, real=0.04 secs] 
2016-01-06T01:08:12.564-0800: 271.226: [GC pause (young)
Desired survivor size 112721920 bytes, new threshold 15 (max 15)
- age   1:   20621224 bytes,   20621224 total
- age   2:      36864 bytes,   20658088 total
2016-01-06T01:08:12.610-0800: 271.273: [SoftReference, 0 refs, 0.0000450 secs]2016-01-06T01:08:12.610-0800: 271.273: [WeakReference, 0 refs, 0.0000070 secs]2016-01-06T01:08:12.610-0800: 271.273: [FinalReference, 0 refs, 0.0000210 secs]2016-01-06T01:08:12.610-0800: 271.273: [PhantomReference, 0 refs, 52930 refs, 0.0019160 secs]2016-01-06T01:08:12.612-0800: 271.275: [JNI Weak Reference, 0.0000080 secs], 0.0541440 secs]
   [Parallel Time: 28.7 ms, GC Workers: 4]
      [GC Worker Start (ms): Min: 271226.6, Avg: 271226.6, Max: 271226.6, Diff: 0.1]
      [Ext Root Scanning (ms): Min: 0.3, Avg: 0.4, Max: 0.4, Diff: 0.1, Sum: 1.4]
      [SATB Filtering (ms): Min: 0.0, Avg: 0.0, Max: 0.0, Diff: 0.0, Sum: 0.0]
      [Update RS (ms): Min: 16.5, Avg: 16.7, Max: 17.0, Diff: 0.6, Sum: 67.0]
         [Processed Buffers: Min: 24, Avg: 24.0, Max: 24, Diff: 0, Sum: 96]
      [Scan RS (ms): Min: 0.6, Avg: 0.8, Max: 1.0, Diff: 0.4, Sum: 3.2]
      [Code Root Scanning (ms): Min: 0.0, Avg: 0.1, Max: 0.1, Diff: 0.1, Sum: 0.3]
      [Object Copy (ms): Min: 10.5, Avg: 10.6, Max: 10.6, Diff: 0.1, Sum: 42.2]
      [Termination (ms): Min: 0.0, Avg: 0.0, Max: 0.0, Diff: 0.0, Sum: 0.0]
      [GC Worker Other (ms): Min: 0.0, Avg: 0.1, Max: 0.1, Diff: 0.1, Sum: 0.3]
      [GC Worker Total (ms): Min: 28.6, Avg: 28.6, Max: 28.6, Diff: 0.1, Sum: 114.4]
      [GC Worker End (ms): Min: 271255.2, Avg: 271255.2, Max: 271255.2, Diff: 0.1]
   [Code Root Fixup: 0.0 ms]
   [Code Root Migration: 0.3 ms]
   [Clear CT: 0.5 ms]
   [Other: 24.7 ms]
      [Choose CSet: 0.0 ms]
      [Ref Proc: 20.1 ms]
      [Ref Enq: 2.5 ms]
      [Free CSet: 2.1 ms]
   [Eden: 1691.0M(1691.0M)->0.0B(1692.0M) Survivors: 22.0M->22.0M Heap: 3659.7M(4096.0M)->1968.7M(4096.0M)]
 [Times: user=0.19 sys=0.00, real=0.06 secs] 
2016-01-06T01:08:12.881-0800: 271.544: [GC pause (young)
Desired survivor size 112721920 bytes, new threshold 15 (max 15)
- age   1:   20621224 bytes,   20621224 total
- age   2:      36864 bytes,   20658088 total
2016-01-06T01:08:12.938-0800: 271.601: [SoftReference, 0 refs, 0.0000450 secs]2016-01-06T01:08:12.938-0800: 271.601: [WeakReference, 0 refs, 0.0000070 secs]2016-01-06T01:08:12.938-0800: 271.601: [FinalReference, 0 refs, 0.0000050 secs]2016-01-06T01:08:12.938-0800: 271.601: [PhantomReference, 0 refs, 52961 refs, 0.0018340 secs]2016-01-06T01:08:12.940-0800: 271.603: [JNI Weak Reference, 0.0000080 secs], 0.0646460 secs]
   [Parallel Time: 32.1 ms, GC Workers: 4]
      [GC Worker Start (ms): Min: 271543.6, Avg: 271543.6, Max: 271543.6, Diff: 0.1]
      [Ext Root Scanning (ms): Min: 0.3, Avg: 0.4, Max: 0.4, Diff: 0.1, Sum: 1.5]
      [SATB Filtering (ms): Min: 0.0, Avg: 0.0, Max: 0.0, Diff: 0.0, Sum: 0.0]
      [Update RS (ms): Min: 20.4, Avg: 20.5, Max: 20.7, Diff: 0.3, Sum: 82.0]
         [Processed Buffers: Min: 29, Avg: 29.2, Max: 30, Diff: 1, Sum: 117]
      [Scan RS (ms): Min: 0.6, Avg: 0.8, Max: 0.9, Diff: 0.3, Sum: 3.1]
      [Code Root Scanning (ms): Min: 0.1, Avg: 0.1, Max: 0.1, Diff: 0.0, Sum: 0.3]
      [Object Copy (ms): Min: 10.2, Avg: 10.2, Max: 10.2, Diff: 0.1, Sum: 40.8]
      [Termination (ms): Min: 0.0, Avg: 0.0, Max: 0.0, Diff: 0.0, Sum: 0.0]
      [GC Worker Other (ms): Min: 0.0, Avg: 0.1, Max: 0.1, Diff: 0.1, Sum: 0.3]
      [GC Worker Total (ms): Min: 31.9, Avg: 32.0, Max: 32.1, Diff: 0.1, Sum: 128.1]
      [GC Worker End (ms): Min: 271575.6, Avg: 271575.6, Max: 271575.7, Diff: 0.1]
   [Code Root Fixup: 0.0 ms]
   [Code Root Migration: 0.2 ms]
   [Clear CT: 0.5 ms]
   [Other: 31.8 ms]
      [Choose CSet: 0.0 ms]
      [Ref Proc: 27.2 ms]
      [Ref Enq: 2.5 ms]
      [Free CSet: 2.0 ms]
   [Eden: 1692.0M(1692.0M)->0.0B(1700.0M) Survivors: 22.0M->15.0M Heap: 3660.7M(4096.0M)->1961.7M(4096.0M)]
 [Times: user=0.22 sys=0.00, real=0.07 secs] 
2016-01-06T01:08:13.213-0800: 271.876: [GC pause (young)
Desired survivor size 112721920 bytes, new threshold 15 (max 15)
- age   1:   14089888 bytes,   14089888 total
- age   2:      36864 bytes,   14126752 total
2016-01-06T01:08:13.287-0800: 271.950: [SoftReference, 0 refs, 0.0000510 secs]2016-01-06T01:08:13.287-0800: 271.950: [WeakReference, 0 refs, 0.0000080 secs]2016-01-06T01:08:13.287-0800: 271.950: [FinalReference, 0 refs, 0.0000060 secs]2016-01-06T01:08:13.287-0800: 271.950: [PhantomReference, 0 refs, 53210 refs, 0.0019030 secs]2016-01-06T01:08:13.289-0800: 271.952: [JNI Weak Reference, 0.0000090 secs], 0.0815730 secs]
   [Parallel Time: 29.3 ms, GC Workers: 4]
      [GC Worker Start (ms): Min: 271875.7, Avg: 271875.7, Max: 271875.7, Diff: 0.1]
      [Ext Root Scanning (ms): Min: 0.3, Avg: 0.4, Max: 0.4, Diff: 0.1, Sum: 1.5]
      [SATB Filtering (ms): Min: 0.0, Avg: 0.0, Max: 0.0, Diff: 0.0, Sum: 0.0]
      [Update RS (ms): Min: 16.8, Avg: 16.9, Max: 17.1, Diff: 0.3, Sum: 67.7]
         [Processed Buffers: Min: 20, Avg: 22.5, Max: 24, Diff: 4, Sum: 90]
      [Scan RS (ms): Min: 0.7, Avg: 0.8, Max: 0.8, Diff: 0.1, Sum: 3.1]
      [Code Root Scanning (ms): Min: 0.1, Avg: 0.1, Max: 0.1, Diff: 0.0, Sum: 0.3]
      [Object Copy (ms): Min: 10.8, Avg: 10.9, Max: 10.9, Diff: 0.1, Sum: 43.4]
      [Termination (ms): Min: 0.0, Avg: 0.0, Max: 0.0, Diff: 0.0, Sum: 0.0]
      [GC Worker Other (ms): Min: 0.0, Avg: 0.1, Max: 0.1, Diff: 0.1, Sum: 0.2]
      [GC Worker Total (ms): Min: 29.0, Avg: 29.1, Max: 29.2, Diff: 0.1, Sum: 116.3]
      [GC Worker End (ms): Min: 271904.8, Avg: 271904.8, Max: 271904.8, Diff: 0.1]
   [Code Root Fixup: 0.0 ms]
   [Code Root Migration: 0.2 ms]
   [Clear CT: 0.4 ms]
   [Other: 51.7 ms]
      [Choose CSet: 0.0 ms]
      [Ref Proc: 47.0 ms]
      [Ref Enq: 2.5 ms]
      [Free CSet: 2.1 ms]
   [Eden: 1700.0M(1700.0M)->0.0B(1693.0M) Survivors: 15.0M->22.0M Heap: 3661.7M(4096.0M)->1968.7M(4096.0M)]
 [Times: user=0.29 sys=0.01, real=0.08 secs] 
2016-01-06T01:08:13.550-0800: 272.213: [GC pause (young)
Desired survivor size 112721920 bytes, new threshold 15 (max 15)
- age   1:   20641312 bytes,   20641312 total
- age   2:      36864 bytes,   20678176 total
2016-01-06T01:08:13.644-0800: 272.307: [SoftReference, 0 refs, 0.0000460 secs]2016-01-06T01:08:13.644-0800: 272.307: [WeakReference, 0 refs, 0.0000060 secs]2016-01-06T01:08:13.644-0800: 272.307: [FinalReference, 0 refs, 0.0000050 secs]2016-01-06T01:08:13.644-0800: 272.307: [PhantomReference, 0 refs, 52993 refs, 0.0017860 secs]2016-01-06T01:08:13.646-0800: 272.308: [JNI Weak Reference, 0.0000080 secs], 0.1004220 secs]
   [Parallel Time: 33.5 ms, GC Workers: 4]
      [GC Worker Start (ms): Min: 272213.3, Avg: 272213.4, Max: 272213.4, Diff: 0.1]
      [Ext Root Scanning (ms): Min: 0.3, Avg: 0.4, Max: 0.4, Diff: 0.1, Sum: 1.4]
      [SATB Filtering (ms): Min: 0.0, Avg: 0.0, Max: 0.0, Diff: 0.0, Sum: 0.0]
      [Update RS (ms): Min: 20.9, Avg: 21.1, Max: 21.4, Diff: 0.4, Sum: 84.5]
         [Processed Buffers: Min: 29, Avg: 29.8, Max: 30, Diff: 1, Sum: 119]
      [Scan RS (ms): Min: 0.6, Avg: 0.8, Max: 0.9, Diff: 0.4, Sum: 3.0]
      [Code Root Scanning (ms): Min: 0.1, Avg: 0.1, Max: 0.1, Diff: 0.0, Sum: 0.3]
      [Object Copy (ms): Min: 10.9, Avg: 10.9, Max: 11.0, Diff: 0.1, Sum: 43.7]
      [Termination (ms): Min: 0.0, Avg: 0.0, Max: 0.0, Diff: 0.0, Sum: 0.0]
      [GC Worker Other (ms): Min: 0.0, Avg: 0.1, Max: 0.1, Diff: 0.1, Sum: 0.3]
      [GC Worker Total (ms): Min: 33.3, Avg: 33.3, Max: 33.4, Diff: 0.1, Sum: 133.4]
      [GC Worker End (ms): Min: 272246.7, Avg: 272246.7, Max: 272246.8, Diff: 0.1]
   [Code Root Fixup: 0.0 ms]
   [Code Root Migration: 0.2 ms]
   [Clear CT: 0.5 ms]
   [Other: 66.2 ms]
      [Choose CSet: 0.0 ms]
      [Ref Proc: 61.7 ms]
      [Ref Enq: 2.4 ms]
      [Free CSet: 2.0 ms]
   [Eden: 1693.0M(1693.0M)->0.0B(1693.0M) Survivors: 22.0M->22.0M Heap: 3661.7M(4096.0M)->1968.7M(4096.0M)]
 [Times: user=0.37 sys=0.00, real=0.10 secs] 
2016-01-06T01:08:13.896-0800: 272.559: [GC pause (young)
Desired survivor size 112721920 bytes, new threshold 15 (max 15)
- age   1:   20625688 bytes,   20625688 total
- age   2:      36864 bytes,   20662552 total
2016-01-06T01:08:14.004-0800: 272.667: [SoftReference, 0 refs, 0.0000450 secs]2016-01-06T01:08:14.004-0800: 272.667: [WeakReference, 0 refs, 0.0000060 secs]2016-01-06T01:08:14.004-0800: 272.667: [FinalReference, 0 refs, 0.0000050 secs]2016-01-06T01:08:14.004-0800: 272.667: [PhantomReference, 0 refs, 52994 refs, 0.0018130 secs]2016-01-06T01:08:14.006-0800: 272.669: [JNI Weak Reference, 0.0000210 secs], 0.1152790 secs]
   [Parallel Time: 30.6 ms, GC Workers: 4]
      [GC Worker Start (ms): Min: 272558.7, Avg: 272558.7, Max: 272558.7, Diff: 0.1]
      [Ext Root Scanning (ms): Min: 0.3, Avg: 0.4, Max: 0.4, Diff: 0.1, Sum: 1.4]
      [SATB Filtering (ms): Min: 0.0, Avg: 0.0, Max: 0.0, Diff: 0.0, Sum: 0.0]
      [Update RS (ms): Min: 17.7, Avg: 17.8, Max: 18.0, Diff: 0.3, Sum: 71.3]
         [Processed Buffers: Min: 20, Avg: 24.0, Max: 26, Diff: 6, Sum: 96]
      [Scan RS (ms): Min: 0.6, Avg: 0.8, Max: 0.8, Diff: 0.2, Sum: 3.1]
      [Code Root Scanning (ms): Min: 0.1, Avg: 0.1, Max: 0.1, Diff: 0.0, Sum: 0.3]
      [Object Copy (ms): Min: 11.3, Avg: 11.4, Max: 11.4, Diff: 0.1, Sum: 45.5]
      [Termination (ms): Min: 0.0, Avg: 0.1, Max: 0.1, Diff: 0.1, Sum: 0.3]
      [GC Worker Other (ms): Min: 0.0, Avg: 0.0, Max: 0.0, Diff: 0.0, Sum: 0.1]
      [GC Worker Total (ms): Min: 30.5, Avg: 30.5, Max: 30.6, Diff: 0.1, Sum: 122.0]
      [GC Worker End (ms): Min: 272589.2, Avg: 272589.2, Max: 272589.2, Diff: 0.1]
   [Code Root Fixup: 0.0 ms]
   [Code Root Migration: 0.2 ms]
   [Clear CT: 0.5 ms]
   [Other: 83.9 ms]
      [Choose CSet: 0.0 ms]
      [Ref Proc: 79.3 ms]
      [Ref Enq: 2.4 ms]
      [Free CSet: 2.1 ms]
   [Eden: 1693.0M(1693.0M)->0.0B(1693.0M) Survivors: 22.0M->22.0M Heap: 3661.7M(4096.0M)->1968.7M(4096.0M)]
 [Times: user=0.41 sys=0.00, real=0.12 secs] 
2016-01-06T01:08:14.271-0800: 272.934: [GC pause (young)
Desired survivor size 112721920 bytes, new threshold 15 (max 15)
- age   1:   20625688 bytes,   20625688 total
- age   2:      36864 bytes,   20662552 total
2016-01-06T01:08:14.389-0800: 273.052: [SoftReference, 0 refs, 0.0000450 secs]2016-01-06T01:08:14.389-0800: 273.052: [WeakReference, 0 refs, 0.0000060 secs]2016-01-06T01:08:14.389-0800: 273.052: [FinalReference, 0 refs, 0.0000050 secs]2016-01-06T01:08:14.389-0800: 273.052: [PhantomReference, 0 refs, 52993 refs, 0.0017870 secs]2016-01-06T01:08:14.391-0800: 273.054: [JNI Weak Reference, 0.0000070 secs], 0.1252610 secs]
   [Parallel Time: 36.2 ms, GC Workers: 4]
      [GC Worker Start (ms): Min: 272934.2, Avg: 272934.7, Max: 272935.9, Diff: 1.7]
      [Ext Root Scanning (ms): Min: 0.0, Avg: 0.3, Max: 0.5, Diff: 0.5, Sum: 1.3]
      [SATB Filtering (ms): Min: 0.0, Avg: 0.0, Max: 0.0, Diff: 0.0, Sum: 0.0]
      [Update RS (ms): Min: 17.6, Avg: 18.8, Max: 19.4, Diff: 1.7, Sum: 75.3]
         [Processed Buffers: Min: 20, Avg: 25.2, Max: 31, Diff: 11, Sum: 101]
      [Scan RS (ms): Min: 0.6, Avg: 0.8, Max: 1.0, Diff: 0.4, Sum: 3.1]
      [Code Root Scanning (ms): Min: 0.0, Avg: 0.1, Max: 0.1, Diff: 0.1, Sum: 0.4]
      [Object Copy (ms): Min: 11.3, Avg: 12.2, Max: 14.9, Diff: 3.5, Sum: 48.9]
      [Termination (ms): Min: 0.0, Avg: 2.8, Max: 4.3, Diff: 4.3, Sum: 11.3]
      [GC Worker Other (ms): Min: 0.0, Avg: 0.0, Max: 0.0, Diff: 0.0, Sum: 0.1]
      [GC Worker Total (ms): Min: 33.6, Avg: 35.1, Max: 36.0, Diff: 2.4, Sum: 140.3]
      [GC Worker End (ms): Min: 272969.5, Avg: 272969.7, Max: 272970.3, Diff: 0.8]
   [Code Root Fixup: 0.0 ms]
   [Code Root Migration: 0.2 ms]
   [Clear CT: 0.5 ms]
   [Other: 88.4 ms]
      [Choose CSet: 0.0 ms]
      [Ref Proc: 83.8 ms]
      [Ref Enq: 2.4 ms]
      [Free CSet: 2.0 ms]
   [Eden: 1693.0M(1693.0M)->0.0B(1693.0M) Survivors: 22.0M->22.0M Heap: 3661.7M(4096.0M)->1968.2M(4096.0M)]
 [Times: user=0.43 sys=0.00, real=0.12 secs] 
2016-01-06T01:08:14.641-0800: 273.304: [GC pause (young)
Desired survivor size 112721920 bytes, new threshold 15 (max 15)
- age   1:   20625688 bytes,   20625688 total
- age   2:      36864 bytes,   20662552 total
2016-01-06T01:08:14.773-0800: 273.436: [SoftReference, 0 refs, 0.0000450 secs]2016-01-06T01:08:14.773-0800: 273.436: [WeakReference, 0 refs, 0.0000060 secs]2016-01-06T01:08:14.773-0800: 273.436: [FinalReference, 0 refs, 0.0000060 secs]2016-01-06T01:08:14.773-0800: 273.436: [PhantomReference, 0 refs, 52992 refs, 0.0018510 secs]2016-01-06T01:08:14.775-0800: 273.438: [JNI Weak Reference, 0.0000090 secs], 0.1391510 secs]
   [Parallel Time: 30.6 ms, GC Workers: 4]
      [GC Worker Start (ms): Min: 273304.2, Avg: 273304.2, Max: 273304.3, Diff: 0.1]
      [Ext Root Scanning (ms): Min: 0.3, Avg: 0.4, Max: 0.4, Diff: 0.1, Sum: 1.4]
      [SATB Filtering (ms): Min: 0.0, Avg: 0.0, Max: 0.0, Diff: 0.0, Sum: 0.0]
      [Update RS (ms): Min: 18.0, Avg: 18.1, Max: 18.2, Diff: 0.2, Sum: 72.4]
         [Processed Buffers: Min: 25, Avg: 25.2, Max: 26, Diff: 1, Sum: 101]
      [Scan RS (ms): Min: 0.7, Avg: 0.8, Max: 0.8, Diff: 0.1, Sum: 3.1]
      [Code Root Scanning (ms): Min: 0.1, Avg: 0.1, Max: 0.1, Diff: 0.0, Sum: 0.4]
      [Object Copy (ms): Min: 11.0, Avg: 11.0, Max: 11.1, Diff: 0.1, Sum: 44.2]
      [Termination (ms): Min: 0.0, Avg: 0.0, Max: 0.0, Diff: 0.0, Sum: 0.0]
      [GC Worker Other (ms): Min: 0.0, Avg: 0.1, Max: 0.1, Diff: 0.1, Sum: 0.3]
      [GC Worker Total (ms): Min: 30.4, Avg: 30.4, Max: 30.5, Diff: 0.0, Sum: 121.7]
      [GC Worker End (ms): Min: 273334.6, Avg: 273334.7, Max: 273334.7, Diff: 0.1]
   [Code Root Fixup: 0.0 ms]
   [Code Root Migration: 0.2 ms]
   [Clear CT: 0.5 ms]
   [Other: 107.9 ms]
      [Choose CSet: 0.0 ms]
      [Ref Proc: 103.2 ms]
      [Ref Enq: 2.5 ms]
      [Free CSet: 2.1 ms]
   [Eden: 1693.0M(1693.0M)->0.0B(1694.0M) Survivors: 22.0M->22.0M Heap: 3661.2M(4096.0M)->1968.7M(4096.0M)]
 [Times: user=0.52 sys=0.00, real=0.14 secs] 
2016-01-06T01:08:15.044-0800: 273.707: [GC pause (young)
Desired survivor size 112721920 bytes, new threshold 15 (max 15)
- age   1:   20625688 bytes,   20625688 total
- age   2:      36864 bytes,   20662552 total
2016-01-06T01:08:15.241-0800: 273.904: [SoftReference, 0 refs, 0.0000360 secs]2016-01-06T01:08:15.241-0800: 273.904: [WeakReference, 0 refs, 0.0000070 secs]2016-01-06T01:08:15.241-0800: 273.904: [FinalReference, 0 refs, 0.0000060 secs]2016-01-06T01:08:15.242-0800: 273.904: [PhantomReference, 0 refs, 53022 refs, 0.0027320 secs]2016-01-06T01:08:15.244-0800: 273.907: [JNI Weak Reference, 0.0000130 secs], 0.2051160 secs]
   [Parallel Time: 46.7 ms, GC Workers: 4]
      [GC Worker Start (ms): Min: 273707.5, Avg: 273710.4, Max: 273716.2, Diff: 8.8]
      [Ext Root Scanning (ms): Min: 0.0, Avg: 0.3, Max: 0.8, Diff: 0.8, Sum: 1.2]
      [SATB Filtering (ms): Min: 0.0, Avg: 0.0, Max: 0.0, Diff: 0.0, Sum: 0.0]
      [Update RS (ms): Min: 20.8, Avg: 29.3, Max: 38.4, Diff: 17.6, Sum: 117.3]
         [Processed Buffers: Min: 12, Avg: 29.0, Max: 41, Diff: 29, Sum: 116]
      [Scan RS (ms): Min: 0.4, Avg: 0.8, Max: 1.2, Diff: 0.8, Sum: 3.4]
      [Code Root Scanning (ms): Min: 0.0, Avg: 0.1, Max: 0.1, Diff: 0.1, Sum: 0.3]
      [Object Copy (ms): Min: 5.0, Avg: 12.9, Max: 15.7, Diff: 10.7, Sum: 51.7]
      [Termination (ms): Min: 0.0, Avg: 0.1, Max: 0.1, Diff: 0.1, Sum: 0.4]
      [GC Worker Other (ms): Min: 0.0, Avg: 0.0, Max: 0.1, Diff: 0.0, Sum: 0.1]
      [GC Worker Total (ms): Min: 37.8, Avg: 43.6, Max: 46.6, Diff: 8.8, Sum: 174.5]
      [GC Worker End (ms): Min: 273754.0, Avg: 273754.0, Max: 273754.1, Diff: 0.0]
   [Code Root Fixup: 0.0 ms]
   [Code Root Migration: 0.3 ms]
   [Clear CT: 0.5 ms]
   [Other: 157.7 ms]
      [Choose CSet: 0.0 ms]
      [Ref Proc: 153.1 ms]
      [Ref Enq: 2.4 ms]
      [Free CSet: 2.0 ms]
   [Eden: 1694.0M(1694.0M)->0.0B(1694.0M) Survivors: 22.0M->22.0M Heap: 3662.7M(4096.0M)->1968.2M(4096.0M)]
 [Times: user=0.45 sys=0.01, real=0.21 secs] 
2016-01-06T01:08:15.510-0800: 274.173: [GC pause (young)
Desired survivor size 112721920 bytes, new threshold 15 (max 15)
- age   1:   20627920 bytes,   20627920 total
- age   2:      36864 bytes,   20664784 total
2016-01-06T01:08:15.654-0800: 274.317: [SoftReference, 0 refs, 0.0000460 secs]2016-01-06T01:08:15.654-0800: 274.317: [WeakReference, 0 refs, 0.0000060 secs]2016-01-06T01:08:15.654-0800: 274.317: [FinalReference, 0 refs, 0.0000060 secs]2016-01-06T01:08:15.654-0800: 274.317: [PhantomReference, 0 refs, 53025 refs, 0.0017390 secs]2016-01-06T01:08:15.655-0800: 274.318: [JNI Weak Reference, 0.0000080 secs], 0.1501380 secs]
   [Parallel Time: 42.6 ms, GC Workers: 4]
      [GC Worker Start (ms): Min: 274173.5, Avg: 274173.5, Max: 274173.5, Diff: 0.1]
      [Ext Root Scanning (ms): Min: 0.3, Avg: 0.4, Max: 0.4, Diff: 0.1, Sum: 1.4]
      [SATB Filtering (ms): Min: 0.0, Avg: 0.0, Max: 0.0, Diff: 0.0, Sum: 0.0]
      [Update RS (ms): Min: 24.2, Avg: 25.4, Max: 28.0, Diff: 3.8, Sum: 101.7]
         [Processed Buffers: Min: 16, Avg: 27.5, Max: 33, Diff: 17, Sum: 110]
      [Scan RS (ms): Min: 0.3, Avg: 0.8, Max: 1.2, Diff: 0.9, Sum: 3.1]
      [Code Root Scanning (ms): Min: 0.0, Avg: 0.1, Max: 0.1, Diff: 0.1, Sum: 0.3]
      [Object Copy (ms): Min: 10.1, Avg: 12.1, Max: 12.9, Diff: 2.8, Sum: 48.5]
      [Termination (ms): Min: 0.0, Avg: 0.0, Max: 0.0, Diff: 0.0, Sum: 0.0]
      [GC Worker Other (ms): Min: 0.0, Avg: 2.8, Max: 3.7, Diff: 3.7, Sum: 11.1]
      [GC Worker Total (ms): Min: 38.8, Avg: 41.5, Max: 42.5, Diff: 3.6, Sum: 166.2]
      [GC Worker End (ms): Min: 274212.3, Avg: 274215.1, Max: 274216.0, Diff: 3.7]
   [Code Root Fixup: 0.0 ms]
   [Code Root Migration: 0.2 ms]
   [Clear CT: 0.5 ms]
   [Other: 106.9 ms]
      [Choose CSet: 0.0 ms]
      [Ref Proc: 102.3 ms]
      [Ref Enq: 2.4 ms]
      [Free CSet: 2.0 ms]
   [Eden: 1694.0M(1694.0M)->0.0B(1694.0M) Survivors: 22.0M->22.0M Heap: 3662.2M(4096.0M)->1968.2M(4096.0M)]
 [Times: user=0.46 sys=0.00, real=0.15 secs] 
2016-01-06T01:08:15.899-0800: 274.562: [GC pause (young)
Desired survivor size 112721920 bytes, new threshold 15 (max 15)
- age   1:   20627920 bytes,   20627920 total
- age   2:      36864 bytes,   20664784 total
2016-01-06T01:08:16.065-0800: 274.728: [SoftReference, 0 refs, 0.0000440 secs]2016-01-06T01:08:16.065-0800: 274.728: [WeakReference, 0 refs, 0.0000070 secs]2016-01-06T01:08:16.065-0800: 274.728: [FinalReference, 0 refs, 0.0000060 secs]2016-01-06T01:08:16.065-0800: 274.728: [PhantomReference, 0 refs, 53023 refs, 0.0018200 secs]2016-01-06T01:08:16.067-0800: 274.730: [JNI Weak Reference, 0.0000080 secs], 0.1733850 secs]
   [Parallel Time: 31.4 ms, GC Workers: 4]
      [GC Worker Start (ms): Min: 274561.9, Avg: 274562.1, Max: 274562.5, Diff: 0.7]
      [Ext Root Scanning (ms): Min: 0.0, Avg: 0.3, Max: 0.5, Diff: 0.5, Sum: 1.3]
      [SATB Filtering (ms): Min: 0.0, Avg: 0.0, Max: 0.0, Diff: 0.0, Sum: 0.0]
      [Update RS (ms): Min: 19.0, Avg: 19.3, Max: 19.5, Diff: 0.5, Sum: 77.0]
         [Processed Buffers: Min: 24, Avg: 26.2, Max: 28, Diff: 4, Sum: 105]
      [Scan RS (ms): Min: 0.6, Avg: 0.7, Max: 1.0, Diff: 0.4, Sum: 3.0]
      [Code Root Scanning (ms): Min: 0.1, Avg: 0.1, Max: 0.1, Diff: 0.1, Sum: 0.4]
      [Object Copy (ms): Min: 10.6, Avg: 10.6, Max: 10.7, Diff: 0.1, Sum: 42.5]
      [Termination (ms): Min: 0.0, Avg: 0.0, Max: 0.0, Diff: 0.0, Sum: 0.0]
      [GC Worker Other (ms): Min: 0.0, Avg: 0.1, Max: 0.1, Diff: 0.1, Sum: 0.2]
      [GC Worker Total (ms): Min: 30.6, Avg: 31.1, Max: 31.3, Diff: 0.7, Sum: 124.4]
      [GC Worker End (ms): Min: 274593.1, Avg: 274593.2, Max: 274593.2, Diff: 0.1]
   [Code Root Fixup: 0.0 ms]
   [Code Root Migration: 0.3 ms]
   [Clear CT: 0.5 ms]
   [Other: 141.3 ms]
      [Choose CSet: 0.0 ms]
      [Ref Proc: 136.7 ms]
      [Ref Enq: 2.5 ms]
      [Free CSet: 2.0 ms]
   [Eden: 1694.0M(1694.0M)->0.0B(1694.0M) Survivors: 22.0M->22.0M Heap: 3662.2M(4096.0M)->1968.7M(4096.0M)]
 [Times: user=0.65 sys=0.00, real=0.17 secs] 
2016-01-06T01:08:16.332-0800: 274.995: [GC pause (young)
Desired survivor size 112721920 bytes, new threshold 15 (max 15)
- age   1:   20627920 bytes,   20627920 total
- age   2:      36864 bytes,   20664784 total
2016-01-06T01:08:16.514-0800: 275.177: [SoftReference, 0 refs, 0.0000550 secs]2016-01-06T01:08:16.514-0800: 275.177: [WeakReference, 0 refs, 0.0000110 secs]2016-01-06T01:08:16.514-0800: 275.177: [FinalReference, 0 refs, 0.0000090 secs]2016-01-06T01:08:16.514-0800: 275.177: [PhantomReference, 0 refs, 53022 refs, 0.0018270 secs]2016-01-06T01:08:16.516-0800: 275.179: [JNI Weak Reference, 0.0000090 secs], 0.1887100 secs]
   [Parallel Time: 30.5 ms, GC Workers: 4]
      [GC Worker Start (ms): Min: 274995.3, Avg: 274995.4, Max: 274995.4, Diff: 0.1]
      [Ext Root Scanning (ms): Min: 0.3, Avg: 0.4, Max: 0.4, Diff: 0.1, Sum: 1.4]
      [SATB Filtering (ms): Min: 0.0, Avg: 0.0, Max: 0.0, Diff: 0.0, Sum: 0.0]
      [Update RS (ms): Min: 18.7, Avg: 19.0, Max: 19.4, Diff: 0.7, Sum: 76.2]
         [Processed Buffers: Min: 26, Avg: 26.8, Max: 28, Diff: 2, Sum: 107]
      [Scan RS (ms): Min: 0.5, Avg: 0.8, Max: 1.0, Diff: 0.5, Sum: 3.1]
      [Code Root Scanning (ms): Min: 0.1, Avg: 0.1, Max: 0.1, Diff: 0.1, Sum: 0.3]
      [Object Copy (ms): Min: 10.0, Avg: 10.0, Max: 10.1, Diff: 0.0, Sum: 40.1]
      [Termination (ms): Min: 0.0, Avg: 0.0, Max: 0.0, Diff: 0.0, Sum: 0.0]
      [GC Worker Other (ms): Min: 0.0, Avg: 0.1, Max: 0.1, Diff: 0.0, Sum: 0.3]
      [GC Worker Total (ms): Min: 30.3, Avg: 30.4, Max: 30.4, Diff: 0.1, Sum: 121.4]
      [GC Worker End (ms): Min: 275025.7, Avg: 275025.7, Max: 275025.7, Diff: 0.0]
   [Code Root Fixup: 0.0 ms]
   [Code Root Migration: 0.2 ms]
   [Clear CT: 0.5 ms]
   [Other: 157.5 ms]
      [Choose CSet: 0.0 ms]
      [Ref Proc: 152.9 ms]
      [Ref Enq: 2.4 ms]
      [Free CSet: 2.0 ms]
   [Eden: 1694.0M(1694.0M)->0.0B(1694.0M) Survivors: 22.0M->22.0M Heap: 3662.7M(4096.0M)->1968.2M(4096.0M)]
 [Times: user=0.72 sys=0.00, real=0.19 secs] 
2016-01-06T01:08:16.771-0800: 275.434: [GC pause (young)
Desired survivor size 112721920 bytes, new threshold 15 (max 15)
- age   1:   20627920 bytes,   20627920 total
- age   2:      36864 bytes,   20664784 total
2016-01-06T01:08:16.960-0800: 275.623: [SoftReference, 0 refs, 0.0000600 secs]2016-01-06T01:08:16.960-0800: 275.623: [WeakReference, 0 refs, 0.0000080 secs]2016-01-06T01:08:16.960-0800: 275.623: [FinalReference, 0 refs, 0.0000050 secs]2016-01-06T01:08:16.960-0800: 275.623: [PhantomReference, 0 refs, 53024 refs, 0.0017940 secs]2016-01-06T01:08:16.962-0800: 275.625: [JNI Weak Reference, 0.0000080 secs], 0.1957420 secs]
   [Parallel Time: 28.5 ms, GC Workers: 4]
      [GC Worker Start (ms): Min: 275434.2, Avg: 275434.2, Max: 275434.2, Diff: 0.1]
      [Ext Root Scanning (ms): Min: 0.3, Avg: 0.4, Max: 0.4, Diff: 0.1, Sum: 1.4]
      [SATB Filtering (ms): Min: 0.0, Avg: 0.0, Max: 0.0, Diff: 0.0, Sum: 0.0]
      [Update RS (ms): Min: 16.7, Avg: 16.9, Max: 17.1, Diff: 0.4, Sum: 67.7]
         [Processed Buffers: Min: 23, Avg: 23.0, Max: 23, Diff: 0, Sum: 92]
      [Scan RS (ms): Min: 0.7, Avg: 0.8, Max: 0.9, Diff: 0.2, Sum: 3.1]
      [Code Root Scanning (ms): Min: 0.0, Avg: 0.1, Max: 0.1, Diff: 0.1, Sum: 0.3]
      [Object Copy (ms): Min: 10.1, Avg: 10.1, Max: 10.2, Diff: 0.1, Sum: 40.6]
      [Termination (ms): Min: 0.0, Avg: 0.0, Max: 0.0, Diff: 0.0, Sum: 0.0]
      [GC Worker Other (ms): Min: 0.0, Avg: 0.1, Max: 0.1, Diff: 0.0, Sum: 0.2]
      [GC Worker Total (ms): Min: 28.3, Avg: 28.4, Max: 28.4, Diff: 0.0, Sum: 113.5]
      [GC Worker End (ms): Min: 275462.5, Avg: 275462.6, Max: 275462.6, Diff: 0.0]
   [Code Root Fixup: 0.0 ms]
   [Code Root Migration: 0.2 ms]
   [Clear CT: 0.4 ms]
   [Other: 166.6 ms]
      [Choose CSet: 0.0 ms]
      [Ref Proc: 162.0 ms]
      [Ref Enq: 2.4 ms]
      [Free CSet: 2.0 ms]
   [Eden: 1694.0M(1694.0M)->0.0B(1694.0M) Survivors: 22.0M->22.0M Heap: 3662.2M(4096.0M)->1968.7M(4096.0M)]
 [Times: user=0.75 sys=0.01, real=0.20 secs] 
2016-01-06T01:08:17.208-0800: 275.871: [GC pause (young)
Desired survivor size 112721920 bytes, new threshold 15 (max 15)
- age   1:   20627920 bytes,   20627920 total
- age   2:      36864 bytes,   20664784 total
2016-01-06T01:08:17.394-0800: 276.057: [SoftReference, 0 refs, 0.0000430 secs]2016-01-06T01:08:17.394-0800: 276.057: [WeakReference, 0 refs, 0.0000060 secs]2016-01-06T01:08:17.394-0800: 276.057: [FinalReference, 0 refs, 0.0000050 secs]2016-01-06T01:08:17.394-0800: 276.057: [PhantomReference, 0 refs, 53025 refs, 0.0017610 secs]2016-01-06T01:08:17.396-0800: 276.059: [JNI Weak Reference, 0.0000080 secs], 0.1928820 secs]
   [Parallel Time: 20.6 ms, GC Workers: 4]
      [GC Worker Start (ms): Min: 275871.4, Avg: 275874.5, Max: 275883.9, Diff: 12.5]
      [Ext Root Scanning (ms): Min: 0.0, Avg: 0.4, Max: 0.5, Diff: 0.5, Sum: 1.5]
      [SATB Filtering (ms): Min: 0.0, Avg: 0.0, Max: 0.0, Diff: 0.0, Sum: 0.0]
      [Update RS (ms): Min: 0.0, Avg: 0.1, Max: 0.2, Diff: 0.2, Sum: 0.2]
         [Processed Buffers: Min: 0, Avg: 1.0, Max: 2, Diff: 2, Sum: 4]
      [Scan RS (ms): Min: 0.4, Avg: 0.8, Max: 1.0, Diff: 0.6, Sum: 3.2]
      [Code Root Scanning (ms): Min: 0.0, Avg: 0.1, Max: 0.1, Diff: 0.1, Sum: 0.4]
      [Object Copy (ms): Min: 1.1, Avg: 11.2, Max: 18.9, Diff: 17.8, Sum: 44.8]
      [Termination (ms): Min: 0.0, Avg: 4.9, Max: 6.5, Diff: 6.5, Sum: 19.5]
      [GC Worker Other (ms): Min: 0.0, Avg: 0.0, Max: 0.0, Diff: 0.0, Sum: 0.1]
      [GC Worker Total (ms): Min: 8.0, Avg: 17.4, Max: 20.6, Diff: 12.5, Sum: 69.7]
      [GC Worker End (ms): Min: 275891.9, Avg: 275891.9, Max: 275891.9, Diff: 0.0]
   [Code Root Fixup: 0.0 ms]
   [Code Root Migration: 0.2 ms]
   [Clear CT: 0.5 ms]
   [Other: 171.5 ms]
      [Choose CSet: 0.0 ms]
      [Ref Proc: 167.0 ms]
      [Ref Enq: 2.4 ms]
      [Free CSet: 2.0 ms]
   [Eden: 1694.0M(1694.0M)->0.0B(1694.0M) Survivors: 22.0M->22.0M Heap: 3662.7M(4096.0M)->1968.7M(4096.0M)]
 [Times: user=0.60 sys=0.01, real=0.19 secs] 
2016-01-06T01:08:17.652-0800: 276.315: [GC pause (young)
Desired survivor size 112721920 bytes, new threshold 15 (max 15)
- age   1:   20627920 bytes,   20627920 total
- age   2:      36864 bytes,   20664784 total
2016-01-06T01:08:17.836-0800: 276.499: [SoftReference, 0 refs, 0.0000510 secs]2016-01-06T01:08:17.836-0800: 276.499: [WeakReference, 0 refs, 0.0000080 secs]2016-01-06T01:08:17.836-0800: 276.499: [FinalReference, 0 refs, 0.0000050 secs]2016-01-06T01:08:17.836-0800: 276.499: [PhantomReference, 0 refs, 53024 refs, 0.0018630 secs]2016-01-06T01:08:17.838-0800: 276.501: [JNI Weak Reference, 0.0000080 secs], 0.1904980 secs]
   [Parallel Time: 25.8 ms, GC Workers: 4]
      [GC Worker Start (ms): Min: 276315.3, Avg: 276315.5, Max: 276316.0, Diff: 0.7]
      [Ext Root Scanning (ms): Min: 0.0, Avg: 0.3, Max: 0.5, Diff: 0.5, Sum: 1.3]
      [SATB Filtering (ms): Min: 0.0, Avg: 0.0, Max: 0.0, Diff: 0.0, Sum: 0.0]
      [Update RS (ms): Min: 13.2, Avg: 13.4, Max: 13.7, Diff: 0.6, Sum: 53.7]
         [Processed Buffers: Min: 18, Avg: 19.5, Max: 22, Diff: 4, Sum: 78]
      [Scan RS (ms): Min: 0.5, Avg: 0.7, Max: 0.9, Diff: 0.4, Sum: 2.9]
      [Code Root Scanning (ms): Min: 0.1, Avg: 0.1, Max: 0.1, Diff: 0.0, Sum: 0.4]
      [Object Copy (ms): Min: 10.8, Avg: 10.9, Max: 10.9, Diff: 0.1, Sum: 43.5]
      [Termination (ms): Min: 0.0, Avg: 0.0, Max: 0.0, Diff: 0.0, Sum: 0.0]
      [GC Worker Other (ms): Min: 0.0, Avg: 0.1, Max: 0.1, Diff: 0.1, Sum: 0.3]
      [GC Worker Total (ms): Min: 25.0, Avg: 25.5, Max: 25.7, Diff: 0.7, Sum: 102.0]
      [GC Worker End (ms): Min: 276340.9, Avg: 276341.0, Max: 276341.0, Diff: 0.1]
   [Code Root Fixup: 0.0 ms]
   [Code Root Migration: 0.2 ms]
   [Clear CT: 0.4 ms]
   [Other: 164.1 ms]
      [Choose CSet: 0.0 ms]
      [Ref Proc: 159.5 ms]
      [Ref Enq: 2.4 ms]
      [Free CSet: 2.0 ms]
   [Eden: 1694.0M(1694.0M)->0.0B(1694.0M) Survivors: 22.0M->22.0M Heap: 3662.7M(4096.0M)->1968.2M(4096.0M)]
 [Times: user=0.71 sys=0.01, real=0.19 secs] 
2016-01-06T01:08:18.088-0800: 276.751: [GC pause (young)
Desired survivor size 112721920 bytes, new threshold 15 (max 15)
- age   1:   20627920 bytes,   20627920 total
- age   2:      36864 bytes,   20664784 total
2016-01-06T01:08:18.296-0800: 276.959: [SoftReference, 0 refs, 0.0000450 secs]2016-01-06T01:08:18.296-0800: 276.959: [WeakReference, 0 refs, 0.0000070 secs]2016-01-06T01:08:18.296-0800: 276.959: [FinalReference, 0 refs, 0.0000060 secs]2016-01-06T01:08:18.296-0800: 276.959: [PhantomReference, 0 refs, 53024 refs, 0.0018120 secs]2016-01-06T01:08:18.298-0800: 276.961: [JNI Weak Reference, 0.0000080 secs], 0.2158780 secs]
   [Parallel Time: 38.1 ms, GC Workers: 4]
      [GC Worker Start (ms): Min: 276750.8, Avg: 276752.1, Max: 276755.9, Diff: 5.2]
      [Ext Root Scanning (ms): Min: 0.0, Avg: 0.3, Max: 0.5, Diff: 0.4, Sum: 1.3]
      [SATB Filtering (ms): Min: 0.0, Avg: 0.0, Max: 0.0, Diff: 0.0, Sum: 0.0]
      [Update RS (ms): Min: 21.5, Avg: 25.3, Max: 26.8, Diff: 5.3, Sum: 101.4]
         [Processed Buffers: Min: 30, Avg: 36.5, Max: 42, Diff: 12, Sum: 146]
      [Scan RS (ms): Min: 0.6, Avg: 0.7, Max: 1.0, Diff: 0.4, Sum: 2.9]
      [Code Root Scanning (ms): Min: 0.1, Avg: 0.1, Max: 0.1, Diff: 0.1, Sum: 0.3]
      [Object Copy (ms): Min: 10.2, Avg: 10.2, Max: 10.2, Diff: 0.1, Sum: 40.8]
      [Termination (ms): Min: 0.0, Avg: 0.0, Max: 0.0, Diff: 0.0, Sum: 0.0]
      [GC Worker Other (ms): Min: 0.0, Avg: 0.1, Max: 0.1, Diff: 0.1, Sum: 0.3]
      [GC Worker Total (ms): Min: 32.9, Avg: 36.7, Max: 38.0, Diff: 5.1, Sum: 147.0]
      [GC Worker End (ms): Min: 276788.8, Avg: 276788.8, Max: 276788.9, Diff: 0.1]
   [Code Root Fixup: 0.0 ms]
   [Code Root Migration: 0.2 ms]
   [Clear CT: 0.5 ms]
   [Other: 177.0 ms]
      [Choose CSet: 0.0 ms]
      [Ref Proc: 172.2 ms]
      [Ref Enq: 2.4 ms]
      [Free CSet: 2.2 ms]
   [Eden: 1694.0M(1694.0M)->0.0B(182.0M) Survivors: 22.0M->22.0M Heap: 3662.2M(4096.0M)->1968.7M(4096.0M)]
 [Times: user=0.80 sys=0.00, real=0.21 secs] 
2016-01-06T01:08:18.336-0800: 276.999: [GC pause (young)
Desired survivor size 13631488 bytes, new threshold 1 (max 15)
- age   1:   20627920 bytes,   20627920 total
- age   2:      36864 bytes,   20664784 total
2016-01-06T01:08:18.517-0800: 277.180: [SoftReference, 0 refs, 0.0000510 secs]2016-01-06T01:08:18.517-0800: 277.180: [WeakReference, 0 refs, 0.0000100 secs]2016-01-06T01:08:18.517-0800: 277.180: [FinalReference, 0 refs, 0.0000060 secs]2016-01-06T01:08:18.517-0800: 277.180: [PhantomReference, 0 refs, 6152 refs, 0.0002300 secs]2016-01-06T01:08:18.517-0800: 277.180: [JNI Weak Reference, 0.0000080 secs], 0.1820310 secs]
   [Parallel Time: 9.7 ms, GC Workers: 4]
      [GC Worker Start (ms): Min: 276999.3, Avg: 276999.3, Max: 276999.3, Diff: 0.1]
      [Ext Root Scanning (ms): Min: 0.3, Avg: 0.4, Max: 0.4, Diff: 0.1, Sum: 1.4]
      [SATB Filtering (ms): Min: 0.0, Avg: 0.0, Max: 0.0, Diff: 0.0, Sum: 0.0]
      [Update RS (ms): Min: 6.5, Avg: 6.8, Max: 7.1, Diff: 0.6, Sum: 27.2]
         [Processed Buffers: Min: 9, Avg: 10.2, Max: 11, Diff: 2, Sum: 41]
      [Scan RS (ms): Min: 0.0, Avg: 0.1, Max: 0.2, Diff: 0.2, Sum: 0.3]
      [Code Root Scanning (ms): Min: 0.0, Avg: 0.0, Max: 0.0, Diff: 0.0, Sum: 0.0]
      [Object Copy (ms): Min: 2.1, Avg: 2.2, Max: 2.4, Diff: 0.3, Sum: 9.0]
      [Termination (ms): Min: 0.0, Avg: 0.0, Max: 0.0, Diff: 0.0, Sum: 0.0]
      [GC Worker Other (ms): Min: 0.0, Avg: 0.0, Max: 0.1, Diff: 0.0, Sum: 0.1]
      [GC Worker Total (ms): Min: 9.5, Avg: 9.5, Max: 9.6, Diff: 0.1, Sum: 38.1]
      [GC Worker End (ms): Min: 277008.8, Avg: 277008.8, Max: 277008.8, Diff: 0.0]
   [Code Root Fixup: 0.0 ms]
   [Code Root Migration: 0.0 ms]
   [Clear CT: 0.2 ms]
   [Other: 172.2 ms]
      [Choose CSet: 0.0 ms]
      [Ref Proc: 171.5 ms]
      [Ref Enq: 0.3 ms]
      [Free CSet: 0.3 ms]
   [Eden: 182.0M(182.0M)->0.0B(185.0M) Survivors: 22.0M->19.0M Heap: 2150.7M(4096.0M)->1965.2M(4096.0M)]
 [Times: user=0.70 sys=0.00, real=0.19 secs] 
2016-01-06T01:08:18.547-0800: 277.210: [GC pause (young)
Desired survivor size 13631488 bytes, new threshold 1 (max 15)
- age   1:   17253136 bytes,   17253136 total
2016-01-06T01:08:18.730-0800: 277.393: [SoftReference, 0 refs, 0.0000500 secs]2016-01-06T01:08:18.730-0800: 277.393: [WeakReference, 0 refs, 0.0000070 secs]2016-01-06T01:08:18.730-0800: 277.393: [FinalReference, 0 refs, 0.0000060 secs]2016-01-06T01:08:18.730-0800: 277.393: [PhantomReference, 0 refs, 6245 refs, 0.0002310 secs]2016-01-06T01:08:18.730-0800: 277.393: [JNI Weak Reference, 0.0000070 secs], 0.1838540 secs]
   [Parallel Time: 5.6 ms, GC Workers: 4]
      [GC Worker Start (ms): Min: 277210.2, Avg: 277210.2, Max: 277210.2, Diff: 0.1]
      [Ext Root Scanning (ms): Min: 0.3, Avg: 0.4, Max: 0.4, Diff: 0.1, Sum: 1.4]
      [SATB Filtering (ms): Min: 0.0, Avg: 0.0, Max: 0.0, Diff: 0.0, Sum: 0.0]
      [Update RS (ms): Min: 2.4, Avg: 2.7, Max: 3.0, Diff: 0.6, Sum: 11.0]
         [Processed Buffers: Min: 4, Avg: 4.8, Max: 6, Diff: 2, Sum: 19]
      [Scan RS (ms): Min: 0.0, Avg: 0.1, Max: 0.3, Diff: 0.2, Sum: 0.3]
      [Code Root Scanning (ms): Min: 0.0, Avg: 0.0, Max: 0.0, Diff: 0.0, Sum: 0.0]
      [Object Copy (ms): Min: 2.0, Avg: 2.3, Max: 2.4, Diff: 0.4, Sum: 9.1]
      [Termination (ms): Min: 0.0, Avg: 0.0, Max: 0.0, Diff: 0.0, Sum: 0.0]
      [GC Worker Other (ms): Min: 0.0, Avg: 0.0, Max: 0.0, Diff: 0.0, Sum: 0.1]
      [GC Worker Total (ms): Min: 5.4, Avg: 5.5, Max: 5.5, Diff: 0.1, Sum: 22.0]
      [GC Worker End (ms): Min: 277215.7, Avg: 277215.7, Max: 277215.7, Diff: 0.0]
   [Code Root Fixup: 0.0 ms]
   [Code Root Migration: 0.0 ms]
   [Clear CT: 0.2 ms]
   [Other: 178.0 ms]
      [Choose CSet: 0.0 ms]
      [Ref Proc: 177.3 ms]
      [Ref Enq: 0.3 ms]
      [Free CSet: 0.3 ms]
   [Eden: 185.0M(185.0M)->0.0B(680.0M) Survivors: 19.0M->18.0M Heap: 2150.2M(4096.0M)->1964.8M(4096.0M)]
 [Times: user=0.71 sys=0.01, real=0.18 secs] 
2016-01-06T01:08:18.827-0800: 277.490: [GC pause (young)
Desired survivor size 46137344 bytes, new threshold 15 (max 15)
- age   1:   17259832 bytes,   17259832 total
2016-01-06T01:08:19.033-0800: 277.696: [SoftReference, 0 refs, 0.0000390 secs]2016-01-06T01:08:19.033-0800: 277.696: [WeakReference, 0 refs, 0.0000060 secs]2016-01-06T01:08:19.033-0800: 277.696: [FinalReference, 0 refs, 0.0000060 secs]2016-01-06T01:08:19.033-0800: 277.696: [PhantomReference, 0 refs, 21585 refs, 0.0007910 secs]2016-01-06T01:08:19.033-0800: 277.696: [JNI Weak Reference, 0.0000080 secs], 0.2091410 secs]
   [Parallel Time: 23.8 ms, GC Workers: 4]
      [GC Worker Start (ms): Min: 277489.6, Avg: 277489.6, Max: 277489.7, Diff: 0.1]
      [Ext Root Scanning (ms): Min: 0.3, Avg: 0.4, Max: 0.4, Diff: 0.1, Sum: 1.4]
      [SATB Filtering (ms): Min: 0.0, Avg: 0.0, Max: 0.0, Diff: 0.0, Sum: 0.0]
      [Update RS (ms): Min: 18.3, Avg: 18.6, Max: 18.9, Diff: 0.7, Sum: 74.3]
         [Processed Buffers: Min: 26, Avg: 26.5, Max: 27, Diff: 1, Sum: 106]
      [Scan RS (ms): Min: 0.0, Avg: 0.3, Max: 0.6, Diff: 0.5, Sum: 1.1]
      [Code Root Scanning (ms): Min: 0.0, Avg: 0.0, Max: 0.1, Diff: 0.1, Sum: 0.2]
      [Object Copy (ms): Min: 4.3, Avg: 4.3, Max: 4.4, Diff: 0.1, Sum: 17.4]
      [Termination (ms): Min: 0.0, Avg: 0.0, Max: 0.0, Diff: 0.0, Sum: 0.0]
      [GC Worker Other (ms): Min: 0.0, Avg: 0.1, Max: 0.1, Diff: 0.1, Sum: 0.2]
      [GC Worker Total (ms): Min: 23.6, Avg: 23.7, Max: 23.7, Diff: 0.1, Sum: 94.6]
      [GC Worker End (ms): Min: 277513.3, Avg: 277513.3, Max: 277513.3, Diff: 0.1]
   [Code Root Fixup: 0.0 ms]
   [Code Root Migration: 0.1 ms]
   [Clear CT: 0.3 ms]
   [Other: 185.0 ms]
      [Choose CSet: 0.0 ms]
      [Ref Proc: 183.0 ms]
      [Ref Enq: 1.0 ms]
      [Free CSet: 0.9 ms]
   [Eden: 680.0M(680.0M)->0.0B(184.0M) Survivors: 18.0M->20.0M Heap: 2644.8M(4096.0M)->1966.8M(4096.0M)]
 [Times: user=0.81 sys=0.00, real=0.20 secs] 
2016-01-06T01:08:19.063-0800: 277.726: [GC pause (young)
Desired survivor size 13631488 bytes, new threshold 1 (max 15)
- age   1:   18364672 bytes,   18364672 total
- age   2:      36864 bytes,   18401536 total
2016-01-06T01:08:19.259-0800: 277.922: [SoftReference, 0 refs, 0.0000370 secs]2016-01-06T01:08:19.259-0800: 277.922: [WeakReference, 0 refs, 0.0000110 secs]2016-01-06T01:08:19.259-0800: 277.922: [FinalReference, 0 refs, 0.0000080 secs]2016-01-06T01:08:19.259-0800: 277.922: [PhantomReference, 0 refs, 6212 refs, 0.0002560 secs]2016-01-06T01:08:19.260-0800: 277.922: [JNI Weak Reference, 0.0000110 secs], 0.1972950 secs]
   [Parallel Time: 8.9 ms, GC Workers: 4]
      [GC Worker Start (ms): Min: 277726.1, Avg: 277727.6, Max: 277731.9, Diff: 5.8]
      [Ext Root Scanning (ms): Min: 0.0, Avg: 0.3, Max: 0.5, Diff: 0.5, Sum: 1.3]
      [SATB Filtering (ms): Min: 0.0, Avg: 0.0, Max: 0.0, Diff: 0.0, Sum: 0.0]
      [Update RS (ms): Min: 0.3, Avg: 4.6, Max: 6.0, Diff: 5.7, Sum: 18.3]
         [Processed Buffers: Min: 1, Avg: 8.2, Max: 15, Diff: 14, Sum: 33]
      [Scan RS (ms): Min: 0.0, Avg: 0.1, Max: 0.3, Diff: 0.3, Sum: 0.3]
      [Code Root Scanning (ms): Min: 0.0, Avg: 0.0, Max: 0.0, Diff: 0.0, Sum: 0.0]
      [Object Copy (ms): Min: 2.3, Avg: 2.3, Max: 2.4, Diff: 0.1, Sum: 9.4]
      [Termination (ms): Min: 0.0, Avg: 0.0, Max: 0.0, Diff: 0.0, Sum: 0.0]
      [GC Worker Other (ms): Min: 0.0, Avg: 0.0, Max: 0.1, Diff: 0.0, Sum: 0.1]
      [GC Worker Total (ms): Min: 3.1, Avg: 7.4, Max: 8.8, Diff: 5.7, Sum: 29.5]
      [GC Worker End (ms): Min: 277734.9, Avg: 277735.0, Max: 277735.0, Diff: 0.1]
   [Code Root Fixup: 0.0 ms]
   [Code Root Migration: 0.0 ms]
   [Clear CT: 0.2 ms]
   [Other: 188.2 ms]
      [Choose CSet: 0.0 ms]
      [Ref Proc: 187.4 ms]
      [Ref Enq: 0.3 ms]
      [Free CSet: 0.3 ms]
   [Eden: 184.0M(184.0M)->0.0B(186.0M) Survivors: 20.0M->18.0M Heap: 2150.8M(4096.0M)->1964.8M(4096.0M)]
 [Times: user=0.70 sys=0.00, real=0.20 secs] 
2016-01-06T01:08:19.291-0800: 277.954: [GC pause (young)
Desired survivor size 13631488 bytes, new threshold 1 (max 15)
- age   1:   17257600 bytes,   17257600 total
2016-01-06T01:08:19.487-0800: 278.150: [SoftReference, 0 refs, 0.0000450 secs]2016-01-06T01:08:19.487-0800: 278.150: [WeakReference, 0 refs, 0.0000060 secs]2016-01-06T01:08:19.487-0800: 278.150: [FinalReference, 0 refs, 0.0000060 secs]2016-01-06T01:08:19.487-0800: 278.150: [PhantomReference, 0 refs, 6276 refs, 0.0002500 secs]2016-01-06T01:08:19.487-0800: 278.150: [JNI Weak Reference, 0.0000080 secs], 0.1969660 secs]
   [Parallel Time: 12.0 ms, GC Workers: 4]
      [GC Worker Start (ms): Min: 277954.2, Avg: 277958.6, Max: 277966.1, Diff: 11.9]
      [Ext Root Scanning (ms): Min: 0.0, Avg: 0.3, Max: 0.7, Diff: 0.7, Sum: 1.3]
      [SATB Filtering (ms): Min: 0.0, Avg: 0.0, Max: 0.0, Diff: 0.0, Sum: 0.0]
      [Update RS (ms): Min: 0.0, Avg: 1.4, Max: 2.9, Diff: 2.9, Sum: 5.6]
         [Processed Buffers: Min: 0, Avg: 3.0, Max: 6, Diff: 6, Sum: 12]
      [Scan RS (ms): Min: 0.0, Avg: 0.1, Max: 0.1, Diff: 0.1, Sum: 0.3]
      [Code Root Scanning (ms): Min: 0.0, Avg: 0.0, Max: 0.0, Diff: 0.0, Sum: 0.0]
      [Object Copy (ms): Min: 0.0, Avg: 1.7, Max: 3.1, Diff: 3.1, Sum: 7.0]
      [Termination (ms): Min: 0.0, Avg: 3.9, Max: 5.2, Diff: 5.2, Sum: 15.6]
      [GC Worker Other (ms): Min: 0.0, Avg: 0.0, Max: 0.0, Diff: 0.0, Sum: 0.0]
      [GC Worker Total (ms): Min: 0.0, Avg: 7.5, Max: 11.9, Diff: 11.9, Sum: 30.0]
      [GC Worker End (ms): Min: 277966.1, Avg: 277966.1, Max: 277966.1, Diff: 0.0]
   [Code Root Fixup: 0.0 ms]
   [Code Root Migration: 0.0 ms]
   [Clear CT: 0.2 ms]
   [Other: 184.8 ms]
      [Choose CSet: 0.0 ms]
      [Ref Proc: 184.1 ms]
      [Ref Enq: 0.3 ms]
      [Free CSet: 0.3 ms]
   [Eden: 186.0M(186.0M)->0.0B(185.0M) Survivors: 18.0M->19.0M Heap: 2150.8M(4096.0M)->1965.4M(4096.0M)]
 [Times: user=0.73 sys=0.01, real=0.20 secs] 
2016-01-06T01:08:19.515-0800: 278.178: [GC pause (young)
Desired survivor size 13631488 bytes, new threshold 1 (max 15)
- age   1:   17262064 bytes,   17262064 total
2016-01-06T01:08:19.696-0800: 278.359: [SoftReference, 0 refs, 0.0000430 secs]2016-01-06T01:08:19.696-0800: 278.359: [WeakReference, 0 refs, 0.0000060 secs]2016-01-06T01:08:19.696-0800: 278.359: [FinalReference, 0 refs, 0.0000050 secs]2016-01-06T01:08:19.696-0800: 278.359: [PhantomReference, 0 refs, 6244 refs, 0.0002350 secs]2016-01-06T01:08:19.696-0800: 278.359: [JNI Weak Reference, 0.0000080 secs], 0.1822480 secs]
   [Parallel Time: 3.1 ms, GC Workers: 4]
      [GC Worker Start (ms): Min: 278177.8, Avg: 278178.3, Max: 278180.0, Diff: 2.2]
      [Ext Root Scanning (ms): Min: 0.0, Avg: 0.3, Max: 0.5, Diff: 0.5, Sum: 1.3]
      [SATB Filtering (ms): Min: 0.0, Avg: 0.0, Max: 0.0, Diff: 0.0, Sum: 0.0]
      [Update RS (ms): Min: 0.0, Avg: 0.1, Max: 0.4, Diff: 0.4, Sum: 0.6]
         [Processed Buffers: Min: 0, Avg: 0.8, Max: 2, Diff: 2, Sum: 3]
      [Scan RS (ms): Min: 0.0, Avg: 0.1, Max: 0.2, Diff: 0.2, Sum: 0.3]
      [Code Root Scanning (ms): Min: 0.0, Avg: 0.0, Max: 0.0, Diff: 0.0, Sum: 0.0]
      [Object Copy (ms): Min: 0.7, Avg: 1.9, Max: 2.3, Diff: 1.5, Sum: 7.5]
      [Termination (ms): Min: 0.0, Avg: 0.0, Max: 0.0, Diff: 0.0, Sum: 0.0]
      [GC Worker Other (ms): Min: 0.0, Avg: 0.0, Max: 0.1, Diff: 0.0, Sum: 0.1]
      [GC Worker Total (ms): Min: 0.8, Avg: 2.4, Max: 3.0, Diff: 2.2, Sum: 9.8]
      [GC Worker End (ms): Min: 278180.8, Avg: 278180.8, Max: 278180.8, Diff: 0.0]
   [Code Root Fixup: 0.0 ms]
   [Code Root Migration: 0.0 ms]
   [Clear CT: 0.2 ms]
   [Other: 179.0 ms]
      [Choose CSet: 0.0 ms]
      [Ref Proc: 178.2 ms]
      [Ref Enq: 0.3 ms]
      [Free CSet: 0.4 ms]
   [Eden: 185.0M(185.0M)->0.0B(887.0M) Survivors: 19.0M->19.0M Heap: 2150.4M(4096.0M)->1965.4M(4096.0M)]
 [Times: user=0.64 sys=0.00, real=0.19 secs] 
2016-01-06T01:08:19.834-0800: 278.497: [GC pause (young)
Desired survivor size 59768832 bytes, new threshold 15 (max 15)
- age   1:   17259832 bytes,   17259832 total
2016-01-06T01:08:20.021-0800: 278.683: [SoftReference, 0 refs, 0.0000520 secs]2016-01-06T01:08:20.021-0800: 278.684: [WeakReference, 0 refs, 0.0000080 secs]2016-01-06T01:08:20.021-0800: 278.684: [FinalReference, 0 refs, 0.0000050 secs]2016-01-06T01:08:20.021-0800: 278.684: [PhantomReference, 0 refs, 28005 refs, 0.0009770 secs]2016-01-06T01:08:20.022-0800: 278.685: [JNI Weak Reference, 0.0000070 secs], 0.1908230 secs]
   [Parallel Time: 6.7 ms, GC Workers: 4]
      [GC Worker Start (ms): Min: 278496.7, Avg: 278496.7, Max: 278496.7, Diff: 0.1]
      [Ext Root Scanning (ms): Min: 0.3, Avg: 0.4, Max: 0.4, Diff: 0.1, Sum: 1.4]
      [SATB Filtering (ms): Min: 0.0, Avg: 0.0, Max: 0.0, Diff: 0.0, Sum: 0.0]
      [Update RS (ms): Min: 0.0, Avg: 0.2, Max: 0.6, Diff: 0.6, Sum: 0.9]
         [Processed Buffers: Min: 0, Avg: 1.0, Max: 2, Diff: 2, Sum: 4]
      [Scan RS (ms): Min: 0.1, Avg: 0.4, Max: 0.6, Diff: 0.5, Sum: 1.6]
      [Code Root Scanning (ms): Min: 0.0, Avg: 0.0, Max: 0.1, Diff: 0.1, Sum: 0.2]
      [Object Copy (ms): Min: 5.5, Avg: 5.5, Max: 5.5, Diff: 0.0, Sum: 22.0]
      [Termination (ms): Min: 0.0, Avg: 0.0, Max: 0.0, Diff: 0.0, Sum: 0.0]
      [GC Worker Other (ms): Min: 0.0, Avg: 0.0, Max: 0.1, Diff: 0.1, Sum: 0.2]
      [GC Worker Total (ms): Min: 6.6, Avg: 6.6, Max: 6.6, Diff: 0.0, Sum: 26.4]
      [GC Worker End (ms): Min: 278503.3, Avg: 278503.3, Max: 278503.3, Diff: 0.1]
   [Code Root Fixup: 0.0 ms]
   [Code Root Migration: 0.1 ms]
   [Clear CT: 0.3 ms]
   [Other: 183.6 ms]
      [Choose CSet: 0.0 ms]
      [Ref Proc: 181.1 ms]
      [Ref Enq: 1.3 ms]
      [Free CSet: 1.1 ms]
   [Eden: 887.0M(887.0M)->0.0B(1450.0M) Survivors: 19.0M->20.0M Heap: 2852.4M(4096.0M)->1966.9M(4096.0M)]
 [Times: user=0.73 sys=0.00, real=0.19 secs] 
2016-01-06T01:08:20.251-0800: 278.914: [GC pause (young)
Desired survivor size 96468992 bytes, new threshold 15 (max 15)
- age   1:   18826696 bytes,   18826696 total
- age   2:      36864 bytes,   18863560 total
2016-01-06T01:08:20.491-0800: 279.154: [SoftReference, 0 refs, 0.0000520 secs]2016-01-06T01:08:20.491-0800: 279.154: [WeakReference, 0 refs, 0.0000080 secs]2016-01-06T01:08:20.491-0800: 279.154: [FinalReference, 0 refs, 0.0000050 secs]2016-01-06T01:08:20.491-0800: 279.154: [PhantomReference, 0 refs, 45460 refs, 0.0015130 secs]2016-01-06T01:08:20.493-0800: 279.156: [JNI Weak Reference, 0.0000080 secs], 0.2467650 secs]
   [Parallel Time: 26.0 ms, GC Workers: 4]
      [GC Worker Start (ms): Min: 278913.8, Avg: 278913.8, Max: 278913.8, Diff: 0.1]
      [Ext Root Scanning (ms): Min: 0.3, Avg: 0.4, Max: 0.4, Diff: 0.0, Sum: 1.4]
      [SATB Filtering (ms): Min: 0.0, Avg: 0.0, Max: 0.0, Diff: 0.0, Sum: 0.0]
      [Update RS (ms): Min: 14.3, Avg: 14.6, Max: 14.8, Diff: 0.5, Sum: 58.3]
         [Processed Buffers: Min: 12, Avg: 18.0, Max: 21, Diff: 9, Sum: 72]
      [Scan RS (ms): Min: 0.6, Avg: 2.4, Max: 7.4, Diff: 6.9, Sum: 9.5]
      [Code Root Scanning (ms): Min: 0.0, Avg: 0.1, Max: 0.1, Diff: 0.1, Sum: 0.3]
      [Object Copy (ms): Min: 3.8, Avg: 8.5, Max: 10.1, Diff: 6.3, Sum: 33.9]
      [Termination (ms): Min: 0.0, Avg: 0.0, Max: 0.0, Diff: 0.0, Sum: 0.0]
      [GC Worker Other (ms): Min: 0.0, Avg: 0.1, Max: 0.1, Diff: 0.1, Sum: 0.2]
      [GC Worker Total (ms): Min: 25.9, Avg: 25.9, Max: 26.0, Diff: 0.1, Sum: 103.7]
      [GC Worker End (ms): Min: 278939.7, Avg: 278939.7, Max: 278939.8, Diff: 0.1]
   [Code Root Fixup: 0.0 ms]
   [Code Root Migration: 0.2 ms]
   [Clear CT: 0.4 ms]
   [Other: 220.1 ms]
      [Choose CSet: 0.0 ms]
      [Ref Proc: 216.0 ms]
      [Ref Enq: 2.1 ms]
      [Free CSet: 2.0 ms]
   [Eden: 1450.0M(1450.0M)->0.0B(183.0M) Survivors: 20.0M->21.0M Heap: 3416.9M(4096.0M)->1967.9M(4096.0M)]
 [Times: user=0.91 sys=0.01, real=0.25 secs] 
2016-01-06T01:08:20.525-0800: 279.188: [GC pause (young)
Desired survivor size 13631488 bytes, new threshold 1 (max 15)
- age   1:   20083312 bytes,   20083312 total
- age   2:      36864 bytes,   20120176 total
2016-01-06T01:08:20.719-0800: 279.382: [SoftReference, 0 refs, 0.0000380 secs]2016-01-06T01:08:20.719-0800: 279.382: [WeakReference, 0 refs, 0.0000060 secs]2016-01-06T01:08:20.719-0800: 279.382: [FinalReference, 0 refs, 0.0000060 secs]2016-01-06T01:08:20.719-0800: 279.382: [PhantomReference, 0 refs, 6181 refs, 0.0002320 secs]2016-01-06T01:08:20.719-0800: 279.382: [JNI Weak Reference, 0.0000080 secs], 0.1945030 secs]
   [Parallel Time: 3.1 ms, GC Workers: 4]
      [GC Worker Start (ms): Min: 279188.5, Avg: 279189.2, Max: 279191.4, Diff: 2.9]
      [Ext Root Scanning (ms): Min: 0.0, Avg: 0.3, Max: 0.5, Diff: 0.5, Sum: 1.3]
      [SATB Filtering (ms): Min: 0.0, Avg: 0.0, Max: 0.0, Diff: 0.0, Sum: 0.0]
      [Update RS (ms): Min: 0.0, Avg: 0.0, Max: 0.1, Diff: 0.1, Sum: 0.2]
         [Processed Buffers: Min: 0, Avg: 1.2, Max: 3, Diff: 3, Sum: 5]
      [Scan RS (ms): Min: 0.0, Avg: 0.1, Max: 0.1, Diff: 0.1, Sum: 0.4]
      [Code Root Scanning (ms): Min: 0.0, Avg: 0.0, Max: 0.0, Diff: 0.0, Sum: 0.0]
      [Object Copy (ms): Min: 0.0, Avg: 1.6, Max: 2.2, Diff: 2.2, Sum: 6.5]
      [Termination (ms): Min: 0.0, Avg: 0.1, Max: 0.2, Diff: 0.2, Sum: 0.6]
      [GC Worker Other (ms): Min: 0.0, Avg: 0.0, Max: 0.0, Diff: 0.0, Sum: 0.0]
      [GC Worker Total (ms): Min: 0.1, Avg: 2.3, Max: 3.0, Diff: 3.0, Sum: 9.0]
      [GC Worker End (ms): Min: 279191.4, Avg: 279191.5, Max: 279191.5, Diff: 0.0]
   [Code Root Fixup: 0.0 ms]
   [Code Root Migration: 0.0 ms]
   [Clear CT: 0.1 ms]
   [Other: 191.3 ms]
      [Choose CSet: 0.0 ms]
      [Ref Proc: 190.6 ms]
      [Ref Enq: 0.3 ms]
      [Free CSet: 0.3 ms]
   [Eden: 183.0M(183.0M)->0.0B(186.0M) Survivors: 21.0M->18.0M Heap: 2150.9M(4096.0M)->1965.0M(4096.0M)]
 [Times: user=0.75 sys=0.00, real=0.19 secs] 
2016-01-06T01:08:20.747-0800: 279.410: [GC pause (young)
Desired survivor size 13631488 bytes, new threshold 1 (max 15)
- age   1:   17255368 bytes,   17255368 total
2016-01-06T01:08:20.938-0800: 279.601: [SoftReference, 0 refs, 0.0000450 secs]2016-01-06T01:08:20.938-0800: 279.601: [WeakReference, 0 refs, 0.0000060 secs]2016-01-06T01:08:20.938-0800: 279.601: [FinalReference, 0 refs, 0.0000050 secs]2016-01-06T01:08:20.938-0800: 279.601: [PhantomReference, 0 refs, 6274 refs, 0.0002400 secs]2016-01-06T01:08:20.938-0800: 279.601: [JNI Weak Reference, 0.0000080 secs], 0.1923060 secs]
   [Parallel Time: 3.0 ms, GC Workers: 4]
      [GC Worker Start (ms): Min: 279409.9, Avg: 279409.9, Max: 279410.0, Diff: 0.1]
      [Ext Root Scanning (ms): Min: 0.3, Avg: 0.4, Max: 0.4, Diff: 0.1, Sum: 1.4]
      [SATB Filtering (ms): Min: 0.0, Avg: 0.0, Max: 0.0, Diff: 0.0, Sum: 0.0]
      [Update RS (ms): Min: 0.0, Avg: 0.1, Max: 0.3, Diff: 0.3, Sum: 0.3]
         [Processed Buffers: Min: 0, Avg: 1.2, Max: 2, Diff: 2, Sum: 5]
      [Scan RS (ms): Min: 0.0, Avg: 0.1, Max: 0.1, Diff: 0.1, Sum: 0.4]
      [Code Root Scanning (ms): Min: 0.0, Avg: 0.0, Max: 0.0, Diff: 0.0, Sum: 0.0]
      [Object Copy (ms): Min: 2.3, Avg: 2.4, Max: 2.4, Diff: 0.1, Sum: 9.4]
      [Termination (ms): Min: 0.0, Avg: 0.0, Max: 0.0, Diff: 0.0, Sum: 0.0]
      [GC Worker Other (ms): Min: 0.0, Avg: 0.0, Max: 0.0, Diff: 0.0, Sum: 0.1]
      [GC Worker Total (ms): Min: 2.9, Avg: 2.9, Max: 3.0, Diff: 0.1, Sum: 11.7]
      [GC Worker End (ms): Min: 279412.8, Avg: 279412.9, Max: 279412.9, Diff: 0.0]
   [Code Root Fixup: 0.0 ms]
   [Code Root Migration: 0.0 ms]
   [Clear CT: 0.2 ms]
   [Other: 189.1 ms]
      [Choose CSet: 0.0 ms]
      [Ref Proc: 188.3 ms]
      [Ref Enq: 0.3 ms]
      [Free CSet: 0.3 ms]
   [Eden: 186.0M(186.0M)->0.0B(185.0M) Survivors: 18.0M->19.0M Heap: 2151.0M(4096.0M)->1965.5M(4096.0M)]
 [Times: user=0.74 sys=0.00, real=0.19 secs] 
2016-01-06T01:08:20.966-0800: 279.629: [GC pause (young)
Desired survivor size 13631488 bytes, new threshold 1 (max 15)
- age   1:   17262064 bytes,   17262064 total
2016-01-06T01:08:21.158-0800: 279.821: [SoftReference, 0 refs, 0.0000450 secs]2016-01-06T01:08:21.158-0800: 279.821: [WeakReference, 0 refs, 0.0000070 secs]2016-01-06T01:08:21.158-0800: 279.821: [FinalReference, 0 refs, 0.0000050 secs]2016-01-06T01:08:21.158-0800: 279.821: [PhantomReference, 0 refs, 6243 refs, 0.0002360 secs]2016-01-06T01:08:21.158-0800: 279.821: [JNI Weak Reference, 0.0000080 secs], 0.1929580 secs]
   [Parallel Time: 3.0 ms, GC Workers: 4]
      [GC Worker Start (ms): Min: 279629.3, Avg: 279629.3, Max: 279629.3, Diff: 0.1]
      [Ext Root Scanning (ms): Min: 0.3, Avg: 0.4, Max: 0.4, Diff: 0.1, Sum: 1.4]
      [SATB Filtering (ms): Min: 0.0, Avg: 0.0, Max: 0.0, Diff: 0.0, Sum: 0.0]
      [Update RS (ms): Min: 0.0, Avg: 0.1, Max: 0.2, Diff: 0.2, Sum: 0.3]
         [Processed Buffers: Min: 0, Avg: 1.5, Max: 3, Diff: 3, Sum: 6]
      [Scan RS (ms): Min: 0.0, Avg: 0.1, Max: 0.1, Diff: 0.1, Sum: 0.3]
      [Code Root Scanning (ms): Min: 0.0, Avg: 0.0, Max: 0.0, Diff: 0.0, Sum: 0.0]
      [Object Copy (ms): Min: 2.3, Avg: 2.4, Max: 2.4, Diff: 0.0, Sum: 9.5]
      [Termination (ms): Min: 0.0, Avg: 0.0, Max: 0.0, Diff: 0.0, Sum: 0.0]
      [GC Worker Other (ms): Min: 0.0, Avg: 0.0, Max: 0.0, Diff: 0.0, Sum: 0.1]
      [GC Worker Total (ms): Min: 2.9, Avg: 2.9, Max: 3.0, Diff: 0.1, Sum: 11.7]
      [GC Worker End (ms): Min: 279632.2, Avg: 279632.2, Max: 279632.2, Diff: 0.0]
   [Code Root Fixup: 0.0 ms]
   [Code Root Migration: 0.0 ms]
   [Clear CT: 0.2 ms]
   [Other: 189.7 ms]
      [Choose CSet: 0.0 ms]
      [Ref Proc: 189.0 ms]
      [Ref Enq: 0.3 ms]
      [Free CSet: 0.4 ms]
   [Eden: 185.0M(185.0M)->0.0B(186.0M) Survivors: 19.0M->18.0M Heap: 2150.5M(4096.0M)->1965.1M(4096.0M)]
 [Times: user=0.74 sys=0.00, real=0.19 secs] 
2016-01-06T01:08:21.186-0800: 279.849: [GC pause (young)
Desired survivor size 13631488 bytes, new threshold 1 (max 15)
- age   1:   17259832 bytes,   17259832 total
2016-01-06T01:08:21.403-0800: 280.066: [SoftReference, 0 refs, 0.0000440 secs]2016-01-06T01:08:21.403-0800: 280.066: [WeakReference, 0 refs, 0.0000070 secs]2016-01-06T01:08:21.403-0800: 280.066: [FinalReference, 0 refs, 0.0000050 secs]2016-01-06T01:08:21.403-0800: 280.066: [PhantomReference, 0 refs, 6275 refs, 0.0002480 secs]2016-01-06T01:08:21.403-0800: 280.066: [JNI Weak Reference, 0.0000070 secs], 0.2181890 secs]
   [Parallel Time: 3.3 ms, GC Workers: 4]
      [GC Worker Start (ms): Min: 279848.8, Avg: 279849.6, Max: 279852.0, Diff: 3.1]
      [Ext Root Scanning (ms): Min: 0.0, Avg: 0.3, Max: 0.5, Diff: 0.5, Sum: 1.3]
      [SATB Filtering (ms): Min: 0.0, Avg: 0.0, Max: 0.0, Diff: 0.0, Sum: 0.0]
      [Update RS (ms): Min: 0.0, Avg: 0.1, Max: 0.2, Diff: 0.2, Sum: 0.3]
         [Processed Buffers: Min: 0, Avg: 1.2, Max: 2, Diff: 2, Sum: 5]
      [Scan RS (ms): Min: 0.0, Avg: 0.1, Max: 0.1, Diff: 0.1, Sum: 0.3]
      [Code Root Scanning (ms): Min: 0.0, Avg: 0.0, Max: 0.0, Diff: 0.0, Sum: 0.0]
      [Object Copy (ms): Min: 0.0, Avg: 1.7, Max: 2.3, Diff: 2.3, Sum: 6.8]
      [Termination (ms): Min: 0.0, Avg: 0.2, Max: 0.3, Diff: 0.3, Sum: 0.8]
      [GC Worker Other (ms): Min: 0.0, Avg: 0.0, Max: 0.0, Diff: 0.0, Sum: 0.0]
      [GC Worker Total (ms): Min: 0.1, Avg: 2.4, Max: 3.2, Diff: 3.1, Sum: 9.6]
      [GC Worker End (ms): Min: 279852.0, Avg: 279852.0, Max: 279852.0, Diff: 0.0]
   [Code Root Fixup: 0.0 ms]
   [Code Root Migration: 0.0 ms]
   [Clear CT: 0.1 ms]
   [Other: 214.7 ms]
      [Choose CSet: 0.0 ms]
      [Ref Proc: 214.0 ms]
      [Ref Enq: 0.3 ms]
      [Free CSet: 0.4 ms]
   [Eden: 186.0M(186.0M)->0.0B(185.0M) Survivors: 18.0M->19.0M Heap: 2151.1M(4096.0M)->1965.6M(4096.0M)]
 [Times: user=0.70 sys=0.01, real=0.21 secs] 
2016-01-06T01:08:21.430-0800: 280.093: [GC pause (young)
Desired survivor size 13631488 bytes, new threshold 1 (max 15)
- age   1:   17262064 bytes,   17262064 total
2016-01-06T01:08:21.623-0800: 280.286: [SoftReference, 0 refs, 0.0000740 secs]2016-01-06T01:08:21.623-0800: 280.286: [WeakReference, 0 refs, 0.0000060 secs]2016-01-06T01:08:21.623-0800: 280.286: [FinalReference, 0 refs, 0.0000060 secs]2016-01-06T01:08:21.623-0800: 280.286: [PhantomReference, 0 refs, 6244 refs, 0.0002460 secs]2016-01-06T01:08:21.623-0800: 280.286: [JNI Weak Reference, 0.0000070 secs], 0.1940540 secs]
   [Parallel Time: 2.9 ms, GC Workers: 4]
      [GC Worker Start (ms): Min: 280093.2, Avg: 280093.2, Max: 280093.3, Diff: 0.1]
      [Ext Root Scanning (ms): Min: 0.3, Avg: 0.4, Max: 0.4, Diff: 0.1, Sum: 1.4]
      [SATB Filtering (ms): Min: 0.0, Avg: 0.0, Max: 0.0, Diff: 0.0, Sum: 0.0]
      [Update RS (ms): Min: 0.0, Avg: 0.1, Max: 0.2, Diff: 0.2, Sum: 0.3]
         [Processed Buffers: Min: 0, Avg: 1.0, Max: 2, Diff: 2, Sum: 4]
      [Scan RS (ms): Min: 0.0, Avg: 0.1, Max: 0.1, Diff: 0.1, Sum: 0.3]
      [Code Root Scanning (ms): Min: 0.0, Avg: 0.0, Max: 0.0, Diff: 0.0, Sum: 0.0]
      [Object Copy (ms): Min: 2.2, Avg: 2.2, Max: 2.2, Diff: 0.0, Sum: 8.8]
      [Termination (ms): Min: 0.0, Avg: 0.0, Max: 0.0, Diff: 0.0, Sum: 0.0]
      [GC Worker Other (ms): Min: 0.0, Avg: 0.0, Max: 0.0, Diff: 0.0, Sum: 0.1]
      [GC Worker Total (ms): Min: 2.7, Avg: 2.8, Max: 2.8, Diff: 0.1, Sum: 11.0]
      [GC Worker End (ms): Min: 280096.0, Avg: 280096.0, Max: 280096.0, Diff: 0.0]
   [Code Root Fixup: 0.0 ms]
   [Code Root Migration: 0.0 ms]
   [Clear CT: 0.1 ms]
   [Other: 191.0 ms]
      [Choose CSet: 0.0 ms]
      [Ref Proc: 190.3 ms]
      [Ref Enq: 0.3 ms]
      [Free CSet: 0.4 ms]
   [Eden: 185.0M(185.0M)->0.0B(185.0M) Survivors: 19.0M->19.0M Heap: 2150.6M(4096.0M)->1965.6M(4096.0M)]
 [Times: user=0.74 sys=0.00, real=0.19 secs] 
2016-01-06T01:08:21.651-0800: 280.314: [GC pause (young)
Desired survivor size 13631488 bytes, new threshold 1 (max 15)
- age   1:   17259832 bytes,   17259832 total
2016-01-06T01:08:21.863-0800: 280.526: [SoftReference, 0 refs, 0.0000510 secs]2016-01-06T01:08:21.863-0800: 280.526: [WeakReference, 0 refs, 0.0000080 secs]2016-01-06T01:08:21.863-0800: 280.526: [FinalReference, 0 refs, 0.0000050 secs]2016-01-06T01:08:21.863-0800: 280.526: [PhantomReference, 0 refs, 6244 refs, 0.0002480 secs]2016-01-06T01:08:21.863-0800: 280.526: [JNI Weak Reference, 0.0000070 secs], 0.2135550 secs]
   [Parallel Time: 3.0 ms, GC Workers: 4]
      [GC Worker Start (ms): Min: 280313.8, Avg: 280314.3, Max: 280315.9, Diff: 2.2]
      [Ext Root Scanning (ms): Min: 0.0, Avg: 0.3, Max: 0.4, Diff: 0.4, Sum: 1.3]
      [SATB Filtering (ms): Min: 0.0, Avg: 0.0, Max: 0.0, Diff: 0.0, Sum: 0.0]
      [Update RS (ms): Min: 0.0, Avg: 0.1, Max: 0.2, Diff: 0.2, Sum: 0.3]
         [Processed Buffers: Min: 0, Avg: 1.2, Max: 4, Diff: 4, Sum: 5]
      [Scan RS (ms): Min: 0.0, Avg: 0.1, Max: 0.1, Diff: 0.1, Sum: 0.3]
      [Code Root Scanning (ms): Min: 0.0, Avg: 0.0, Max: 0.0, Diff: 0.0, Sum: 0.0]
      [Object Copy (ms): Min: 0.7, Avg: 1.9, Max: 2.3, Diff: 1.6, Sum: 7.5]
      [Termination (ms): Min: 0.0, Avg: 0.0, Max: 0.0, Diff: 0.0, Sum: 0.0]
      [GC Worker Other (ms): Min: 0.0, Avg: 0.0, Max: 0.0, Diff: 0.0, Sum: 0.1]
      [GC Worker Total (ms): Min: 0.8, Avg: 2.4, Max: 3.0, Diff: 2.2, Sum: 9.5]
      [GC Worker End (ms): Min: 280316.7, Avg: 280316.7, Max: 280316.7, Diff: 0.0]
   [Code Root Fixup: 0.0 ms]
   [Code Root Migration: 0.0 ms]
   [Clear CT: 0.1 ms]
   [Other: 210.4 ms]
      [Choose CSet: 0.0 ms]
      [Ref Proc: 209.7 ms]
      [Ref Enq: 0.3 ms]
      [Free CSet: 0.4 ms]
   [Eden: 185.0M(185.0M)->0.0B(185.0M) Survivors: 19.0M->19.0M Heap: 2150.6M(4096.0M)->1966.2M(4096.0M)]
 [Times: user=0.79 sys=0.00, real=0.21 secs] 
2016-01-06T01:08:21.891-0800: 280.554: [GC pause (young)
Desired survivor size 13631488 bytes, new threshold 1 (max 15)
- age   1:   17259832 bytes,   17259832 total
2016-01-06T01:08:22.080-0800: 280.743: [SoftReference, 0 refs, 0.0000430 secs]2016-01-06T01:08:22.080-0800: 280.743: [WeakReference, 0 refs, 0.0000060 secs]2016-01-06T01:08:22.080-0800: 280.743: [FinalReference, 0 refs, 0.0000050 secs]2016-01-06T01:08:22.080-0800: 280.743: [PhantomReference, 0 refs, 6245 refs, 0.0002530 secs]2016-01-06T01:08:22.081-0800: 280.744: [JNI Weak Reference, 0.0000080 secs], 0.1907830 secs]
   [Parallel Time: 3.0 ms, GC Workers: 4]
      [GC Worker Start (ms): Min: 280553.8, Avg: 280553.8, Max: 280553.8, Diff: 0.1]
      [Ext Root Scanning (ms): Min: 0.3, Avg: 0.4, Max: 0.4, Diff: 0.1, Sum: 1.5]
      [SATB Filtering (ms): Min: 0.0, Avg: 0.0, Max: 0.0, Diff: 0.0, Sum: 0.0]
      [Update RS (ms): Min: 0.0, Avg: 0.1, Max: 0.3, Diff: 0.3, Sum: 0.3]
         [Processed Buffers: Min: 0, Avg: 1.2, Max: 3, Diff: 3, Sum: 5]
      [Scan RS (ms): Min: 0.0, Avg: 0.1, Max: 0.1, Diff: 0.1, Sum: 0.4]
      [Code Root Scanning (ms): Min: 0.0, Avg: 0.0, Max: 0.0, Diff: 0.0, Sum: 0.0]
      [Object Copy (ms): Min: 2.2, Avg: 2.3, Max: 2.3, Diff: 0.1, Sum: 9.1]
      [Termination (ms): Min: 0.0, Avg: 0.0, Max: 0.0, Diff: 0.0, Sum: 0.0]
      [GC Worker Other (ms): Min: 0.0, Avg: 0.0, Max: 0.0, Diff: 0.0, Sum: 0.1]
      [GC Worker Total (ms): Min: 2.8, Avg: 2.9, Max: 2.9, Diff: 0.1, Sum: 11.4]
      [GC Worker End (ms): Min: 280556.7, Avg: 280556.7, Max: 280556.7, Diff: 0.0]
   [Code Root Fixup: 0.0 ms]
   [Code Root Migration: 0.0 ms]
   [Clear CT: 0.1 ms]
   [Other: 187.6 ms]
      [Choose CSet: 0.0 ms]
      [Ref Proc: 186.9 ms]
      [Ref Enq: 0.3 ms]
      [Free CSet: 0.4 ms]
   [Eden: 185.0M(185.0M)->0.0B(185.0M) Survivors: 19.0M->19.0M Heap: 2151.2M(4096.0M)->1965.7M(4096.0M)]
 [Times: user=0.74 sys=0.00, real=0.19 secs] 
2016-01-06T01:08:22.108-0800: 280.771: [GC pause (young)
Desired survivor size 13631488 bytes, new threshold 1 (max 15)
- age   1:   17227000 bytes,   17227000 total
2016-01-06T01:08:22.298-0800: 280.961: [SoftReference, 0 refs, 0.0000430 secs]2016-01-06T01:08:22.298-0800: 280.961: [WeakReference, 0 refs, 0.0000060 secs]2016-01-06T01:08:22.298-0800: 280.961: [FinalReference, 0 refs, 0.0000050 secs]2016-01-06T01:08:22.298-0800: 280.961: [PhantomReference, 0 refs, 6245 refs, 0.0002260 secs]2016-01-06T01:08:22.298-0800: 280.961: [JNI Weak Reference, 0.0000070 secs], 0.1907760 secs]
   [Parallel Time: 2.9 ms, GC Workers: 4]
      [GC Worker Start (ms): Min: 280770.9, Avg: 280771.0, Max: 280771.0, Diff: 0.1]
      [Ext Root Scanning (ms): Min: 0.3, Avg: 0.4, Max: 0.4, Diff: 0.1, Sum: 1.4]
      [SATB Filtering (ms): Min: 0.0, Avg: 0.0, Max: 0.0, Diff: 0.0, Sum: 0.0]
      [Update RS (ms): Min: 0.0, Avg: 0.1, Max: 0.2, Diff: 0.2, Sum: 0.3]
         [Processed Buffers: Min: 0, Avg: 1.2, Max: 2, Diff: 2, Sum: 5]
      [Scan RS (ms): Min: 0.0, Avg: 0.1, Max: 0.1, Diff: 0.1, Sum: 0.3]
      [Code Root Scanning (ms): Min: 0.0, Avg: 0.0, Max: 0.0, Diff: 0.0, Sum: 0.0]
      [Object Copy (ms): Min: 2.2, Avg: 2.3, Max: 2.3, Diff: 0.1, Sum: 9.0]
      [Termination (ms): Min: 0.0, Avg: 0.0, Max: 0.0, Diff: 0.0, Sum: 0.0]
      [GC Worker Other (ms): Min: 0.0, Avg: 0.0, Max: 0.0, Diff: 0.0, Sum: 0.1]
      [GC Worker Total (ms): Min: 2.8, Avg: 2.8, Max: 2.8, Diff: 0.1, Sum: 11.3]
      [GC Worker End (ms): Min: 280773.8, Avg: 280773.8, Max: 280773.8, Diff: 0.0]
   [Code Root Fixup: 0.0 ms]
   [Code Root Migration: 0.0 ms]
   [Clear CT: 0.1 ms]
   [Other: 187.7 ms]
      [Choose CSet: 0.0 ms]
      [Ref Proc: 187.0 ms]
      [Ref Enq: 0.3 ms]
      [Free CSet: 0.3 ms]
   [Eden: 185.0M(185.0M)->0.0B(185.0M) Survivors: 19.0M->19.0M Heap: 2150.7M(4096.0M)->1965.8M(4096.0M)]
 [Times: user=0.74 sys=0.00, real=0.19 secs] 
2016-01-06T01:08:22.325-0800: 280.988: [GC pause (young)
Desired survivor size 13631488 bytes, new threshold 1 (max 15)
- age   1:   17259832 bytes,   17259832 total
2016-01-06T01:08:22.524-0800: 281.187: [SoftReference, 0 refs, 0.0000440 secs]2016-01-06T01:08:22.524-0800: 281.187: [WeakReference, 0 refs, 0.0000060 secs]2016-01-06T01:08:22.524-0800: 281.187: [FinalReference, 0 refs, 0.0000050 secs]2016-01-06T01:08:22.524-0800: 281.187: [PhantomReference, 0 refs, 6245 refs, 0.0002400 secs]2016-01-06T01:08:22.525-0800: 281.188: [JNI Weak Reference, 0.0000070 secs], 0.2006290 secs]
   [Parallel Time: 2.9 ms, GC Workers: 4]
      [GC Worker Start (ms): Min: 280988.0, Avg: 280988.0, Max: 280988.0, Diff: 0.1]
      [Ext Root Scanning (ms): Min: 0.3, Avg: 0.4, Max: 0.4, Diff: 0.1, Sum: 1.5]
      [SATB Filtering (ms): Min: 0.0, Avg: 0.0, Max: 0.0, Diff: 0.0, Sum: 0.0]
      [Update RS (ms): Min: 0.0, Avg: 0.1, Max: 0.2, Diff: 0.2, Sum: 0.3]
         [Processed Buffers: Min: 0, Avg: 1.2, Max: 3, Diff: 3, Sum: 5]
      [Scan RS (ms): Min: 0.0, Avg: 0.1, Max: 0.1, Diff: 0.1, Sum: 0.4]
      [Code Root Scanning (ms): Min: 0.0, Avg: 0.0, Max: 0.0, Diff: 0.0, Sum: 0.0]
      [Object Copy (ms): Min: 2.2, Avg: 2.2, Max: 2.3, Diff: 0.0, Sum: 9.0]
      [Termination (ms): Min: 0.0, Avg: 0.0, Max: 0.0, Diff: 0.0, Sum: 0.0]
      [GC Worker Other (ms): Min: 0.0, Avg: 0.0, Max: 0.0, Diff: 0.0, Sum: 0.1]
      [GC Worker Total (ms): Min: 2.8, Avg: 2.8, Max: 2.9, Diff: 0.1, Sum: 11.3]
      [GC Worker End (ms): Min: 280990.8, Avg: 280990.8, Max: 280990.8, Diff: 0.0]
   [Code Root Fixup: 0.0 ms]
   [Code Root Migration: 0.0 ms]
   [Clear CT: 0.2 ms]
   [Other: 197.5 ms]
      [Choose CSet: 0.0 ms]
      [Ref Proc: 196.8 ms]
      [Ref Enq: 0.3 ms]
      [Free CSet: 0.4 ms]
   [Eden: 185.0M(185.0M)->0.0B(185.0M) Survivors: 19.0M->19.0M Heap: 2150.8M(4096.0M)->1965.8M(4096.0M)]
 [Times: user=0.75 sys=0.00, real=0.20 secs] 
2016-01-06T01:08:22.553-0800: 281.216: [GC pause (young)
Desired survivor size 13631488 bytes, new threshold 1 (max 15)
- age   1:   17259832 bytes,   17259832 total
2016-01-06T01:08:22.738-0800: 281.401: [SoftReference, 0 refs, 0.0000510 secs]2016-01-06T01:08:22.738-0800: 281.401: [WeakReference, 0 refs, 0.0000070 secs]2016-01-06T01:08:22.738-0800: 281.401: [FinalReference, 0 refs, 0.0000050 secs]2016-01-06T01:08:22.738-0800: 281.401: [PhantomReference, 0 refs, 6245 refs, 0.0002370 secs]2016-01-06T01:08:22.739-0800: 281.402: [JNI Weak Reference, 0.0000080 secs], 0.1869790 secs]
   [Parallel Time: 4.5 ms, GC Workers: 4]
      [GC Worker Start (ms): Min: 281215.6, Avg: 281216.7, Max: 281219.9, Diff: 4.4]
      [Ext Root Scanning (ms): Min: 0.0, Avg: 0.3, Max: 0.5, Diff: 0.5, Sum: 1.4]
      [SATB Filtering (ms): Min: 0.0, Avg: 0.0, Max: 0.0, Diff: 0.0, Sum: 0.0]
      [Update RS (ms): Min: 0.0, Avg: 0.1, Max: 0.2, Diff: 0.2, Sum: 0.2]
         [Processed Buffers: Min: 0, Avg: 1.2, Max: 3, Diff: 3, Sum: 5]
      [Scan RS (ms): Min: 0.0, Avg: 0.1, Max: 0.1, Diff: 0.1, Sum: 0.3]
      [Code Root Scanning (ms): Min: 0.0, Avg: 0.0, Max: 0.0, Diff: 0.0, Sum: 0.0]
      [Object Copy (ms): Min: 0.0, Avg: 1.7, Max: 2.3, Diff: 2.3, Sum: 6.8]
      [Termination (ms): Min: 0.0, Avg: 1.1, Max: 1.5, Diff: 1.5, Sum: 4.4]
      [GC Worker Other (ms): Min: 0.0, Avg: 0.0, Max: 0.0, Diff: 0.0, Sum: 0.0]
      [GC Worker Total (ms): Min: 0.1, Avg: 3.3, Max: 4.5, Diff: 4.4, Sum: 13.3]
      [GC Worker End (ms): Min: 281220.0, Avg: 281220.0, Max: 281220.0, Diff: 0.0]
   [Code Root Fixup: 0.0 ms]
   [Code Root Migration: 0.0 ms]
   [Clear CT: 0.2 ms]
   [Other: 182.3 ms]
      [Choose CSet: 0.0 ms]
      [Ref Proc: 181.5 ms]
      [Ref Enq: 0.3 ms]
      [Free CSet: 0.4 ms]
   [Eden: 185.0M(185.0M)->0.0B(693.0M) Survivors: 19.0M->18.0M Heap: 2150.8M(4096.0M)->1965.4M(4096.0M)]
 [Times: user=0.71 sys=0.00, real=0.19 secs] 
2016-01-06T01:08:22.838-0800: 281.501: [GC pause (young)
Desired survivor size 46661632 bytes, new threshold 15 (max 15)
- age   1:   17259832 bytes,   17259832 total
2016-01-06T01:08:23.028-0800: 281.691: [SoftReference, 0 refs, 0.0000480 secs]2016-01-06T01:08:23.028-0800: 281.691: [WeakReference, 0 refs, 0.0000070 secs]2016-01-06T01:08:23.028-0800: 281.691: [FinalReference, 0 refs, 0.0000050 secs]2016-01-06T01:08:23.028-0800: 281.691: [PhantomReference, 0 refs, 21992 refs, 0.0007670 secs]2016-01-06T01:08:23.029-0800: 281.692: [JNI Weak Reference, 0.0000070 secs], 0.1935400 secs]
   [Parallel Time: 5.0 ms, GC Workers: 4]
      [GC Worker Start (ms): Min: 281500.8, Avg: 281501.6, Max: 281504.0, Diff: 3.2]
      [Ext Root Scanning (ms): Min: 0.0, Avg: 0.3, Max: 0.5, Diff: 0.5, Sum: 1.3]
      [SATB Filtering (ms): Min: 0.0, Avg: 0.0, Max: 0.0, Diff: 0.0, Sum: 0.0]
      [Update RS (ms): Min: 0.0, Avg: 0.1, Max: 0.2, Diff: 0.2, Sum: 0.3]
         [Processed Buffers: Min: 0, Avg: 1.0, Max: 3, Diff: 3, Sum: 4]
      [Scan RS (ms): Min: 0.1, Avg: 0.3, Max: 0.4, Diff: 0.3, Sum: 1.2]
      [Code Root Scanning (ms): Min: 0.0, Avg: 0.0, Max: 0.1, Diff: 0.1, Sum: 0.1]
      [Object Copy (ms): Min: 1.6, Avg: 3.4, Max: 4.0, Diff: 2.4, Sum: 13.4]
      [Termination (ms): Min: 0.0, Avg: 0.0, Max: 0.0, Diff: 0.0, Sum: 0.0]
      [GC Worker Other (ms): Min: 0.0, Avg: 0.0, Max: 0.1, Diff: 0.0, Sum: 0.2]
      [GC Worker Total (ms): Min: 1.7, Avg: 4.1, Max: 5.0, Diff: 3.2, Sum: 16.5]
      [GC Worker End (ms): Min: 281505.7, Avg: 281505.7, Max: 281505.8, Diff: 0.0]
   [Code Root Fixup: 0.0 ms]
   [Code Root Migration: 0.1 ms]
   [Clear CT: 0.2 ms]
   [Other: 188.2 ms]
      [Choose CSet: 0.0 ms]
      [Ref Proc: 186.1 ms]
      [Ref Enq: 1.0 ms]
      [Free CSet: 0.9 ms]
   [Eden: 693.0M(693.0M)->0.0B(1144.0M) Survivors: 18.0M->20.0M Heap: 2658.4M(4096.0M)->1966.9M(4096.0M)]
 [Times: user=0.74 sys=0.00, real=0.19 secs] 
2016-01-06T01:08:23.206-0800: 281.869: [GC pause (young)
Desired survivor size 76546048 bytes, new threshold 15 (max 15)
- age   1:   18393688 bytes,   18393688 total
- age   2:      36864 bytes,   18430552 total
2016-01-06T01:08:23.453-0800: 282.116: [SoftReference, 0 refs, 0.0000410 secs]2016-01-06T01:08:23.454-0800: 282.116: [WeakReference, 0 refs, 0.0000070 secs]2016-01-06T01:08:23.454-0800: 282.116: [FinalReference, 0 refs, 0.0000060 secs]2016-01-06T01:08:23.454-0800: 282.116: [PhantomReference, 0 refs, 35974 refs, 0.0012390 secs]2016-01-06T01:08:23.455-0800: 282.118: [JNI Weak Reference, 0.0000070 secs], 0.2526430 secs]
   [Parallel Time: 8.6 ms, GC Workers: 4]
      [GC Worker Start (ms): Min: 281869.2, Avg: 281869.2, Max: 281869.3, Diff: 0.1]
      [Ext Root Scanning (ms): Min: 0.3, Avg: 0.4, Max: 0.4, Diff: 0.1, Sum: 1.4]
      [SATB Filtering (ms): Min: 0.0, Avg: 0.0, Max: 0.0, Diff: 0.0, Sum: 0.0]
      [Update RS (ms): Min: 0.0, Avg: 0.1, Max: 0.2, Diff: 0.2, Sum: 0.2]
         [Processed Buffers: Min: 0, Avg: 1.0, Max: 3, Diff: 3, Sum: 4]
      [Scan RS (ms): Min: 0.4, Avg: 0.5, Max: 0.6, Diff: 0.2, Sum: 2.1]
      [Code Root Scanning (ms): Min: 0.0, Avg: 0.1, Max: 0.1, Diff: 0.0, Sum: 0.2]
      [Object Copy (ms): Min: 7.4, Avg: 7.4, Max: 7.4, Diff: 0.0, Sum: 29.7]
      [Termination (ms): Min: 0.0, Avg: 0.0, Max: 0.0, Diff: 0.0, Sum: 0.0]
      [GC Worker Other (ms): Min: 0.0, Avg: 0.0, Max: 0.1, Diff: 0.0, Sum: 0.2]
      [GC Worker Total (ms): Min: 8.4, Avg: 8.5, Max: 8.5, Diff: 0.1, Sum: 33.9]
      [GC Worker End (ms): Min: 281877.7, Avg: 281877.7, Max: 281877.7, Diff: 0.0]
   [Code Root Fixup: 0.0 ms]
   [Code Root Migration: 0.2 ms]
   [Clear CT: 0.4 ms]
   [Other: 243.5 ms]
      [Choose CSet: 0.0 ms]
      [Ref Proc: 240.0 ms]
      [Ref Enq: 2.0 ms]
      [Free CSet: 1.4 ms]
   [Eden: 1144.0M(1144.0M)->0.0B(183.0M) Survivors: 20.0M->21.0M Heap: 3110.9M(4096.0M)->1967.9M(4096.0M)]
 [Times: user=0.85 sys=0.00, real=0.25 secs] 
2016-01-06T01:08:23.486-0800: 282.149: [GC pause (young)
Desired survivor size 13631488 bytes, new threshold 1 (max 15)
- age   1:   19400320 bytes,   19400320 total
- age   2:      36864 bytes,   19437184 total
2016-01-06T01:08:23.675-0800: 282.338: [SoftReference, 0 refs, 0.0000560 secs]2016-01-06T01:08:23.675-0800: 282.338: [WeakReference, 0 refs, 0.0000070 secs]2016-01-06T01:08:23.675-0800: 282.338: [FinalReference, 0 refs, 0.0000050 secs]2016-01-06T01:08:23.675-0800: 282.338: [PhantomReference, 0 refs, 6182 refs, 0.0002540 secs]2016-01-06T01:08:23.675-0800: 282.338: [JNI Weak Reference, 0.0000070 secs], 0.1903960 secs]
   [Parallel Time: 3.0 ms, GC Workers: 4]
      [GC Worker Start (ms): Min: 282148.9, Avg: 282149.0, Max: 282149.0, Diff: 0.1]
      [Ext Root Scanning (ms): Min: 0.3, Avg: 0.4, Max: 0.4, Diff: 0.1, Sum: 1.4]
      [SATB Filtering (ms): Min: 0.0, Avg: 0.0, Max: 0.0, Diff: 0.0, Sum: 0.0]
      [Update RS (ms): Min: 0.0, Avg: 0.1, Max: 0.2, Diff: 0.2, Sum: 0.2]
         [Processed Buffers: Min: 0, Avg: 1.0, Max: 2, Diff: 2, Sum: 4]
      [Scan RS (ms): Min: 0.0, Avg: 0.1, Max: 0.1, Diff: 0.1, Sum: 0.3]
      [Code Root Scanning (ms): Min: 0.0, Avg: 0.0, Max: 0.0, Diff: 0.0, Sum: 0.0]
      [Object Copy (ms): Min: 2.3, Avg: 2.3, Max: 2.4, Diff: 0.1, Sum: 9.3]
      [Termination (ms): Min: 0.0, Avg: 0.0, Max: 0.0, Diff: 0.0, Sum: 0.0]
      [GC Worker Other (ms): Min: 0.0, Avg: 0.0, Max: 0.1, Diff: 0.0, Sum: 0.1]
      [GC Worker Total (ms): Min: 2.8, Avg: 2.9, Max: 2.9, Diff: 0.1, Sum: 11.5]
      [GC Worker End (ms): Min: 282151.8, Avg: 282151.8, Max: 282151.9, Diff: 0.0]
   [Code Root Fixup: 0.0 ms]
   [Code Root Migration: 0.0 ms]
   [Clear CT: 0.1 ms]
   [Other: 187.2 ms]
      [Choose CSet: 0.0 ms]
      [Ref Proc: 186.5 ms]
      [Ref Enq: 0.3 ms]
      [Free CSet: 0.4 ms]
   [Eden: 183.0M(183.0M)->0.0B(185.0M) Survivors: 21.0M->19.0M Heap: 2150.9M(4096.0M)->1966.4M(4096.0M)]
 [Times: user=0.71 sys=0.01, real=0.18 secs] 
2016-01-06T01:08:23.705-0800: 282.368: [GC pause (young)
Desired survivor size 13631488 bytes, new threshold 1 (max 15)
- age   1:   17255368 bytes,   17255368 total
2016-01-06T01:08:23.897-0800: 282.560: [SoftReference, 0 refs, 0.0000520 secs]2016-01-06T01:08:23.897-0800: 282.560: [WeakReference, 0 refs, 0.0000080 secs]2016-01-06T01:08:23.897-0800: 282.560: [FinalReference, 0 refs, 0.0000050 secs]2016-01-06T01:08:23.897-0800: 282.560: [PhantomReference, 0 refs, 6242 refs, 0.0002340 secs]2016-01-06T01:08:23.898-0800: 282.561: [JNI Weak Reference, 0.0000070 secs], 0.1931450 secs]
   [Parallel Time: 3.3 ms, GC Workers: 4]
      [GC Worker Start (ms): Min: 282368.4, Avg: 282368.4, Max: 282368.4, Diff: 0.1]
      [Ext Root Scanning (ms): Min: 0.3, Avg: 0.4, Max: 0.4, Diff: 0.0, Sum: 1.5]
      [SATB Filtering (ms): Min: 0.0, Avg: 0.0, Max: 0.0, Diff: 0.0, Sum: 0.0]
      [Update RS (ms): Min: 0.0, Avg: 0.1, Max: 0.3, Diff: 0.3, Sum: 0.4]
         [Processed Buffers: Min: 0, Avg: 1.2, Max: 3, Diff: 3, Sum: 5]
      [Scan RS (ms): Min: 0.0, Avg: 0.1, Max: 0.2, Diff: 0.2, Sum: 0.4]
      [Code Root Scanning (ms): Min: 0.0, Avg: 0.0, Max: 0.0, Diff: 0.0, Sum: 0.0]
      [Object Copy (ms): Min: 2.5, Avg: 2.5, Max: 2.5, Diff: 0.1, Sum: 10.0]
      [Termination (ms): Min: 0.0, Avg: 0.0, Max: 0.0, Diff: 0.0, Sum: 0.0]
      [GC Worker Other (ms): Min: 0.0, Avg: 0.0, Max: 0.1, Diff: 0.1, Sum: 0.2]
      [GC Worker Total (ms): Min: 3.1, Avg: 3.1, Max: 3.2, Diff: 0.1, Sum: 12.6]
      [GC Worker End (ms): Min: 282371.5, Avg: 282371.5, Max: 282371.6, Diff: 0.1]
   [Code Root Fixup: 0.0 ms]
   [Code Root Migration: 0.0 ms]
   [Clear CT: 0.2 ms]
   [Other: 189.6 ms]
      [Choose CSet: 0.0 ms]
      [Ref Proc: 188.9 ms]
      [Ref Enq: 0.3 ms]
      [Free CSet: 0.4 ms]
   [Eden: 185.0M(185.0M)->0.0B(185.0M) Survivors: 19.0M->19.0M Heap: 2151.4M(4096.0M)->1965.9M(4096.0M)]
 [Times: user=0.71 sys=0.00, real=0.19 secs] 
2016-01-06T01:08:23.925-0800: 282.588: [GC pause (young)
Desired survivor size 13631488 bytes, new threshold 1 (max 15)
- age   1:   17259832 bytes,   17259832 total
2016-01-06T01:08:24.120-0800: 282.783: [SoftReference, 0 refs, 0.0000510 secs]2016-01-06T01:08:24.120-0800: 282.783: [WeakReference, 0 refs, 0.0000070 secs]2016-01-06T01:08:24.120-0800: 282.783: [FinalReference, 0 refs, 0.0000050 secs]2016-01-06T01:08:24.120-0800: 282.783: [PhantomReference, 0 refs, 6245 refs, 0.0002360 secs]2016-01-06T01:08:24.120-0800: 282.783: [JNI Weak Reference, 0.0000140 secs], 0.1965080 secs]
   [Parallel Time: 5.6 ms, GC Workers: 4]
      [GC Worker Start (ms): Min: 282587.8, Avg: 282588.9, Max: 282591.9, Diff: 4.1]
      [Ext Root Scanning (ms): Min: 0.0, Avg: 0.3, Max: 0.4, Diff: 0.4, Sum: 1.3]
      [SATB Filtering (ms): Min: 0.0, Avg: 0.0, Max: 0.0, Diff: 0.0, Sum: 0.0]
      [Update RS (ms): Min: 0.0, Avg: 0.1, Max: 0.2, Diff: 0.2, Sum: 0.3]
         [Processed Buffers: Min: 0, Avg: 1.2, Max: 4, Diff: 4, Sum: 5]
      [Scan RS (ms): Min: 0.0, Avg: 0.1, Max: 0.2, Diff: 0.1, Sum: 0.3]
      [Code Root Scanning (ms): Min: 0.0, Avg: 0.0, Max: 0.0, Diff: 0.0, Sum: 0.0]
      [Object Copy (ms): Min: 0.0, Avg: 1.7, Max: 2.3, Diff: 2.3, Sum: 6.9]
      [Termination (ms): Min: 0.0, Avg: 1.3, Max: 2.5, Diff: 2.5, Sum: 5.0]
      [GC Worker Other (ms): Min: 0.0, Avg: 0.0, Max: 0.0, Diff: 0.0, Sum: 0.1]
      [GC Worker Total (ms): Min: 0.1, Avg: 3.5, Max: 5.4, Diff: 5.3, Sum: 13.9]
      [GC Worker End (ms): Min: 282592.0, Avg: 282592.3, Max: 282593.3, Diff: 1.3]
   [Code Root Fixup: 0.0 ms]
   [Code Root Migration: 0.0 ms]
   [Clear CT: 0.1 ms]
   [Other: 190.8 ms]
      [Choose CSet: 0.0 ms]
      [Ref Proc: 190.1 ms]
      [Ref Enq: 0.3 ms]
      [Free CSet: 0.4 ms]
   [Eden: 185.0M(185.0M)->0.0B(186.0M) Survivors: 19.0M->18.0M Heap: 2150.9M(4096.0M)->1965.5M(4096.0M)]
 [Times: user=0.74 sys=0.01, real=0.20 secs] 
2016-01-06T01:08:24.150-0800: 282.813: [GC pause (young)
Desired survivor size 13631488 bytes, new threshold 1 (max 15)
- age   1:   17259832 bytes,   17259832 total
2016-01-06T01:08:24.338-0800: 283.001: [SoftReference, 0 refs, 0.0000450 secs]2016-01-06T01:08:24.338-0800: 283.001: [WeakReference, 0 refs, 0.0000060 secs]2016-01-06T01:08:24.338-0800: 283.001: [FinalReference, 0 refs, 0.0000050 secs]2016-01-06T01:08:24.338-0800: 283.001: [PhantomReference, 0 refs, 6274 refs, 0.0002490 secs]2016-01-06T01:08:24.339-0800: 283.002: [JNI Weak Reference, 0.0000070 secs], 0.1896580 secs]
   [Parallel Time: 2.2 ms, GC Workers: 4]
      [GC Worker Start (ms): Min: 282812.9, Avg: 282813.0, Max: 282813.0, Diff: 0.1]
      [Ext Root Scanning (ms): Min: 0.3, Avg: 0.4, Max: 0.4, Diff: 0.1, Sum: 1.5]
      [SATB Filtering (ms): Min: 0.0, Avg: 0.0, Max: 0.0, Diff: 0.0, Sum: 0.0]
      [Update RS (ms): Min: 0.0, Avg: 0.1, Max: 0.2, Diff: 0.2, Sum: 0.3]
         [Processed Buffers: Min: 0, Avg: 1.0, Max: 2, Diff: 2, Sum: 4]
      [Scan RS (ms): Min: 0.0, Avg: 0.1, Max: 0.1, Diff: 0.1, Sum: 0.3]
      [Code Root Scanning (ms): Min: 0.0, Avg: 0.0, Max: 0.0, Diff: 0.0, Sum: 0.0]
      [Object Copy (ms): Min: 1.5, Avg: 1.5, Max: 1.6, Diff: 0.1, Sum: 6.2]
      [Termination (ms): Min: 0.0, Avg: 0.0, Max: 0.0, Diff: 0.0, Sum: 0.0]
      [GC Worker Other (ms): Min: 0.0, Avg: 0.0, Max: 0.1, Diff: 0.1, Sum: 0.2]
      [GC Worker Total (ms): Min: 2.1, Avg: 2.1, Max: 2.1, Diff: 0.0, Sum: 8.5]
      [GC Worker End (ms): Min: 282815.1, Avg: 282815.1, Max: 282815.1, Diff: 0.1]
   [Code Root Fixup: 0.0 ms]
   [Code Root Migration: 0.0 ms]
   [Clear CT: 0.2 ms]
   [Other: 187.2 ms]
      [Choose CSet: 0.0 ms]
      [Ref Proc: 186.5 ms]
      [Ref Enq: 0.3 ms]
      [Free CSet: 0.3 ms]
   [Eden: 186.0M(186.0M)->0.0B(193.0M) Survivors: 18.0M->11.0M Heap: 2151.5M(4096.0M)->1958.5M(4096.0M)]
 [Times: user=0.73 sys=0.01, real=0.19 secs] 
2016-01-06T01:08:24.370-0800: 283.033: [GC pause (young)
Desired survivor size 13631488 bytes, new threshold 15 (max 15)
- age   1:   10039024 bytes,   10039024 total
2016-01-06T01:08:24.590-0800: 283.253: [SoftReference, 0 refs, 0.0000430 secs]2016-01-06T01:08:24.590-0800: 283.253: [WeakReference, 0 refs, 0.0000070 secs]2016-01-06T01:08:24.590-0800: 283.253: [FinalReference, 0 refs, 0.0000060 secs]2016-01-06T01:08:24.590-0800: 283.253: [PhantomReference, 0 refs, 6492 refs, 0.0002350 secs]2016-01-06T01:08:24.591-0800: 283.254: [JNI Weak Reference, 0.0000080 secs], 0.2216340 secs]
   [Parallel Time: 3.0 ms, GC Workers: 4]
      [GC Worker Start (ms): Min: 283032.9, Avg: 283032.9, Max: 283032.9, Diff: 0.1]
      [Ext Root Scanning (ms): Min: 0.3, Avg: 0.4, Max: 0.4, Diff: 0.1, Sum: 1.4]
      [SATB Filtering (ms): Min: 0.0, Avg: 0.0, Max: 0.0, Diff: 0.0, Sum: 0.0]
      [Update RS (ms): Min: 0.0, Avg: 0.1, Max: 0.2, Diff: 0.2, Sum: 0.3]
         [Processed Buffers: Min: 0, Avg: 1.0, Max: 2, Diff: 2, Sum: 4]
      [Scan RS (ms): Min: 0.0, Avg: 0.1, Max: 0.1, Diff: 0.1, Sum: 0.3]
      [Code Root Scanning (ms): Min: 0.0, Avg: 0.0, Max: 0.0, Diff: 0.0, Sum: 0.0]
      [Object Copy (ms): Min: 2.3, Avg: 2.3, Max: 2.3, Diff: 0.0, Sum: 9.3]
      [Termination (ms): Min: 0.0, Avg: 0.0, Max: 0.0, Diff: 0.0, Sum: 0.0]
      [GC Worker Other (ms): Min: 0.0, Avg: 0.0, Max: 0.0, Diff: 0.0, Sum: 0.1]
      [GC Worker Total (ms): Min: 2.8, Avg: 2.9, Max: 2.9, Diff: 0.1, Sum: 11.5]
      [GC Worker End (ms): Min: 283035.8, Avg: 283035.8, Max: 283035.8, Diff: 0.0]
   [Code Root Fixup: 0.0 ms]
   [Code Root Migration: 0.0 ms]
   [Clear CT: 0.2 ms]
   [Other: 218.5 ms]
      [Choose CSet: 0.0 ms]
      [Ref Proc: 217.7 ms]
      [Ref Enq: 0.3 ms]
      [Free CSet: 0.4 ms]
   [Eden: 193.0M(193.0M)->0.0B(185.0M) Survivors: 11.0M->19.0M Heap: 2151.5M(4096.0M)->1966.0M(4096.0M)]
 [Times: user=0.82 sys=0.00, real=0.22 secs] 
2016-01-06T01:08:24.618-0800: 283.281: [GC pause (young)
Desired survivor size 13631488 bytes, new threshold 1 (max 15)
- age   1:   17277688 bytes,   17277688 total
- age   2:      36864 bytes,   17314552 total
2016-01-06T01:08:24.811-0800: 283.474: [SoftReference, 0 refs, 0.0000500 secs]2016-01-06T01:08:24.811-0800: 283.474: [WeakReference, 0 refs, 0.0000070 secs]2016-01-06T01:08:24.811-0800: 283.474: [FinalReference, 0 refs, 0.0000050 secs]2016-01-06T01:08:24.811-0800: 283.474: [PhantomReference, 0 refs, 6246 refs, 0.0002360 secs]2016-01-06T01:08:24.811-0800: 283.474: [JNI Weak Reference, 0.0000080 secs], 0.1936790 secs]
   [Parallel Time: 3.1 ms, GC Workers: 4]
      [GC Worker Start (ms): Min: 283281.2, Avg: 283281.9, Max: 283284.0, Diff: 2.8]
      [Ext Root Scanning (ms): Min: 0.0, Avg: 0.3, Max: 0.5, Diff: 0.5, Sum: 1.3]
      [SATB Filtering (ms): Min: 0.0, Avg: 0.0, Max: 0.0, Diff: 0.0, Sum: 0.0]
      [Update RS (ms): Min: 0.0, Avg: 0.0, Max: 0.1, Diff: 0.1, Sum: 0.2]
         [Processed Buffers: Min: 0, Avg: 1.0, Max: 3, Diff: 3, Sum: 4]
      [Scan RS (ms): Min: 0.1, Avg: 0.1, Max: 0.2, Diff: 0.1, Sum: 0.4]
      [Code Root Scanning (ms): Min: 0.0, Avg: 0.0, Max: 0.0, Diff: 0.0, Sum: 0.0]
      [Object Copy (ms): Min: 0.1, Avg: 1.7, Max: 2.3, Diff: 2.2, Sum: 7.0]
      [Termination (ms): Min: 0.0, Avg: 0.0, Max: 0.0, Diff: 0.0, Sum: 0.0]
      [GC Worker Other (ms): Min: 0.0, Avg: 0.0, Max: 0.1, Diff: 0.0, Sum: 0.1]
      [GC Worker Total (ms): Min: 0.2, Avg: 2.2, Max: 2.9, Diff: 2.8, Sum: 9.0]
      [GC Worker End (ms): Min: 283284.1, Avg: 283284.2, Max: 283284.2, Diff: 0.0]
   [Code Root Fixup: 0.0 ms]
   [Code Root Migration: 0.0 ms]
   [Clear CT: 0.1 ms]
   [Other: 190.5 ms]
      [Choose CSet: 0.0 ms]
      [Ref Proc: 189.7 ms]
      [Ref Enq: 0.3 ms]
      [Free CSet: 0.4 ms]
   [Eden: 185.0M(185.0M)->0.0B(185.0M) Survivors: 19.0M->19.0M Heap: 2151.0M(4096.0M)->1966.1M(4096.0M)]
 [Times: user=0.73 sys=0.00, real=0.19 secs] 
2016-01-06T01:08:24.839-0800: 283.502: [GC pause (young)
Desired survivor size 13631488 bytes, new threshold 1 (max 15)
- age   1:   17259832 bytes,   17259832 total
2016-01-06T01:08:25.033-0800: 283.696: [SoftReference, 0 refs, 0.0000480 secs]2016-01-06T01:08:25.033-0800: 283.696: [WeakReference, 0 refs, 0.0000070 secs]2016-01-06T01:08:25.033-0800: 283.696: [FinalReference, 0 refs, 0.0000060 secs]2016-01-06T01:08:25.033-0800: 283.696: [PhantomReference, 0 refs, 6245 refs, 0.0002410 secs]2016-01-06T01:08:25.033-0800: 283.696: [JNI Weak Reference, 0.0000080 secs], 0.1950980 secs]
   [Parallel Time: 3.0 ms, GC Workers: 4]
      [GC Worker Start (ms): Min: 283501.9, Avg: 283501.9, Max: 283502.0, Diff: 0.1]
      [Ext Root Scanning (ms): Min: 0.3, Avg: 0.4, Max: 0.4, Diff: 0.1, Sum: 1.4]
      [SATB Filtering (ms): Min: 0.0, Avg: 0.0, Max: 0.0, Diff: 0.0, Sum: 0.0]
      [Update RS (ms): Min: 0.0, Avg: 0.1, Max: 0.2, Diff: 0.2, Sum: 0.3]
         [Processed Buffers: Min: 0, Avg: 0.8, Max: 1, Diff: 1, Sum: 3]
      [Scan RS (ms): Min: 0.0, Avg: 0.1, Max: 0.1, Diff: 0.1, Sum: 0.3]
      [Code Root Scanning (ms): Min: 0.0, Avg: 0.0, Max: 0.0, Diff: 0.0, Sum: 0.0]
      [Object Copy (ms): Min: 2.3, Avg: 2.3, Max: 2.3, Diff: 0.0, Sum: 9.3]
      [Termination (ms): Min: 0.0, Avg: 0.0, Max: 0.0, Diff: 0.0, Sum: 0.0]
      [GC Worker Other (ms): Min: 0.0, Avg: 0.0, Max: 0.0, Diff: 0.0, Sum: 0.1]
      [GC Worker Total (ms): Min: 2.8, Avg: 2.9, Max: 2.9, Diff: 0.1, Sum: 11.5]
      [GC Worker End (ms): Min: 283504.8, Avg: 283504.8, Max: 283504.8, Diff: 0.0]
   [Code Root Fixup: 0.0 ms]
   [Code Root Migration: 0.0 ms]
   [Clear CT: 0.1 ms]
   [Other: 191.9 ms]
      [Choose CSet: 0.0 ms]
      [Ref Proc: 191.2 ms]
      [Ref Enq: 0.3 ms]
      [Free CSet: 0.3 ms]
   [Eden: 185.0M(185.0M)->0.0B(186.0M) Survivors: 19.0M->18.0M Heap: 2151.1M(4096.0M)->1965.6M(4096.0M)]
 [Times: user=0.74 sys=0.01, real=0.19 secs] 
2016-01-06T01:08:25.061-0800: 283.724: [GC pause (young)
Desired survivor size 13631488 bytes, new threshold 1 (max 15)
- age   1:   17259832 bytes,   17259832 total
2016-01-06T01:08:25.264-0800: 283.927: [SoftReference, 0 refs, 0.0000470 secs]2016-01-06T01:08:25.264-0800: 283.927: [WeakReference, 0 refs, 0.0000070 secs]2016-01-06T01:08:25.264-0800: 283.927: [FinalReference, 0 refs, 0.0000060 secs]2016-01-06T01:08:25.264-0800: 283.927: [PhantomReference, 0 refs, 6274 refs, 0.0002420 secs]2016-01-06T01:08:25.264-0800: 283.927: [JNI Weak Reference, 0.0000070 secs], 0.2045320 secs]
   [Parallel Time: 3.0 ms, GC Workers: 4]
      [GC Worker Start (ms): Min: 283723.7, Avg: 283723.7, Max: 283723.8, Diff: 0.1]
      [Ext Root Scanning (ms): Min: 0.3, Avg: 0.4, Max: 0.4, Diff: 0.1, Sum: 1.6]
      [SATB Filtering (ms): Min: 0.0, Avg: 0.0, Max: 0.0, Diff: 0.0, Sum: 0.0]
      [Update RS (ms): Min: 0.0, Avg: 0.1, Max: 0.2, Diff: 0.2, Sum: 0.3]
         [Processed Buffers: Min: 0, Avg: 1.2, Max: 3, Diff: 3, Sum: 5]
      [Scan RS (ms): Min: 0.0, Avg: 0.1, Max: 0.1, Diff: 0.1, Sum: 0.3]
      [Code Root Scanning (ms): Min: 0.0, Avg: 0.0, Max: 0.0, Diff: 0.0, Sum: 0.0]
      [Object Copy (ms): Min: 2.3, Avg: 2.3, Max: 2.3, Diff: 0.0, Sum: 9.2]
      [Termination (ms): Min: 0.0, Avg: 0.0, Max: 0.0, Diff: 0.0, Sum: 0.0]
      [GC Worker Other (ms): Min: 0.0, Avg: 0.0, Max: 0.0, Diff: 0.0, Sum: 0.1]
      [GC Worker Total (ms): Min: 2.9, Avg: 2.9, Max: 2.9, Diff: 0.1, Sum: 11.6]
      [GC Worker End (ms): Min: 283726.6, Avg: 283726.6, Max: 283726.6, Diff: 0.0]
   [Code Root Fixup: 0.0 ms]
   [Code Root Migration: 0.0 ms]
   [Clear CT: 0.1 ms]
   [Other: 201.4 ms]
      [Choose CSet: 0.0 ms]
      [Ref Proc: 200.6 ms]
      [Ref Enq: 0.3 ms]
      [Free CSet: 0.4 ms]
   [Eden: 186.0M(186.0M)->0.0B(185.0M) Survivors: 18.0M->19.0M Heap: 2151.6M(4096.0M)->1966.2M(4096.0M)]
 [Times: user=0.78 sys=0.00, real=0.21 secs] 
2016-01-06T01:08:25.294-0800: 283.957: [GC pause (young)
Desired survivor size 13631488 bytes, new threshold 1 (max 15)
- age   1:   17262064 bytes,   17262064 total
2016-01-06T01:08:25.504-0800: 284.167: [SoftReference, 0 refs, 0.0000490 secs]2016-01-06T01:08:25.505-0800: 284.167: [WeakReference, 0 refs, 0.0000070 secs]2016-01-06T01:08:25.505-0800: 284.167: [FinalReference, 0 refs, 0.0000060 secs]2016-01-06T01:08:25.505-0800: 284.167: [PhantomReference, 0 refs, 6245 refs, 0.0002340 secs]2016-01-06T01:08:25.505-0800: 284.168: [JNI Weak Reference, 0.0000080 secs], 0.2116100 secs]
   [Parallel Time: 3.0 ms, GC Workers: 4]
      [GC Worker Start (ms): Min: 283957.0, Avg: 283957.1, Max: 283957.1, Diff: 0.1]
      [Ext Root Scanning (ms): Min: 0.3, Avg: 0.4, Max: 0.4, Diff: 0.1, Sum: 1.4]
      [SATB Filtering (ms): Min: 0.0, Avg: 0.0, Max: 0.0, Diff: 0.0, Sum: 0.0]
      [Update RS (ms): Min: 0.0, Avg: 0.1, Max: 0.2, Diff: 0.2, Sum: 0.3]
         [Processed Buffers: Min: 0, Avg: 1.2, Max: 3, Diff: 3, Sum: 5]
      [Scan RS (ms): Min: 0.0, Avg: 0.1, Max: 0.1, Diff: 0.1, Sum: 0.3]
      [Code Root Scanning (ms): Min: 0.0, Avg: 0.0, Max: 0.0, Diff: 0.0, Sum: 0.0]
      [Object Copy (ms): Min: 2.3, Avg: 2.4, Max: 2.4, Diff: 0.0, Sum: 9.4]
      [Termination (ms): Min: 0.0, Avg: 0.0, Max: 0.0, Diff: 0.0, Sum: 0.0]
      [GC Worker Other (ms): Min: 0.0, Avg: 0.0, Max: 0.0, Diff: 0.0, Sum: 0.1]
      [GC Worker Total (ms): Min: 2.9, Avg: 2.9, Max: 3.0, Diff: 0.1, Sum: 11.7]
      [GC Worker End (ms): Min: 283960.0, Avg: 283960.0, Max: 283960.0, Diff: 0.0]
   [Code Root Fixup: 0.0 ms]
   [Code Root Migration: 0.1 ms]
   [Clear CT: 0.1 ms]
   [Other: 208.4 ms]
      [Choose CSet: 0.0 ms]
      [Ref Proc: 207.7 ms]
      [Ref Enq: 0.3 ms]
      [Free CSet: 0.3 ms]
   [Eden: 185.0M(185.0M)->0.0B(185.0M) Survivors: 19.0M->19.0M Heap: 2151.2M(4096.0M)->1966.2M(4096.0M)]
 [Times: user=0.71 sys=0.01, real=0.22 secs] 
2016-01-06T01:08:25.532-0800: 284.195: [GC pause (young)
Desired survivor size 13631488 bytes, new threshold 1 (max 15)
- age   1:   17259832 bytes,   17259832 total
2016-01-06T01:08:25.722-0800: 284.385: [SoftReference, 0 refs, 0.0000440 secs]2016-01-06T01:08:25.722-0800: 284.385: [WeakReference, 0 refs, 0.0000070 secs]2016-01-06T01:08:25.722-0800: 284.385: [FinalReference, 0 refs, 0.0000050 secs]2016-01-06T01:08:25.722-0800: 284.385: [PhantomReference, 0 refs, 6245 refs, 0.0002280 secs]2016-01-06T01:08:25.722-0800: 284.385: [JNI Weak Reference, 0.0000080 secs], 0.1911420 secs]
   [Parallel Time: 3.1 ms, GC Workers: 4]
      [GC Worker Start (ms): Min: 284194.9, Avg: 284195.2, Max: 284195.9, Diff: 1.0]
      [Ext Root Scanning (ms): Min: 0.0, Avg: 0.3, Max: 0.5, Diff: 0.5, Sum: 1.3]
      [SATB Filtering (ms): Min: 0.0, Avg: 0.0, Max: 0.0, Diff: 0.0, Sum: 0.0]
      [Update RS (ms): Min: 0.0, Avg: 0.1, Max: 0.2, Diff: 0.2, Sum: 0.2]
         [Processed Buffers: Min: 0, Avg: 1.5, Max: 5, Diff: 5, Sum: 6]
      [Scan RS (ms): Min: 0.0, Avg: 0.1, Max: 0.1, Diff: 0.1, Sum: 0.3]
      [Code Root Scanning (ms): Min: 0.0, Avg: 0.0, Max: 0.0, Diff: 0.0, Sum: 0.0]
      [Object Copy (ms): Min: 1.9, Avg: 2.2, Max: 2.4, Diff: 0.5, Sum: 8.7]
      [Termination (ms): Min: 0.0, Avg: 0.1, Max: 0.1, Diff: 0.1, Sum: 0.4]
      [GC Worker Other (ms): Min: 0.0, Avg: 0.0, Max: 0.0, Diff: 0.0, Sum: 0.0]
      [GC Worker Total (ms): Min: 2.0, Avg: 2.7, Max: 3.0, Diff: 1.0, Sum: 11.0]
      [GC Worker End (ms): Min: 284197.9, Avg: 284198.0, Max: 284198.0, Diff: 0.0]
   [Code Root Fixup: 0.0 ms]
   [Code Root Migration: 0.0 ms]
   [Clear CT: 0.1 ms]
   [Other: 187.9 ms]
      [Choose CSet: 0.0 ms]
      [Ref Proc: 187.2 ms]
      [Ref Enq: 0.3 ms]
      [Free CSet: 0.4 ms]
   [Eden: 185.0M(185.0M)->0.0B(185.0M) Survivors: 19.0M->19.0M Heap: 2151.2M(4096.0M)->1966.3M(4096.0M)]
 [Times: user=0.73 sys=0.00, real=0.19 secs] 
2016-01-06T01:08:25.749-0800: 284.412: [GC pause (young)
Desired survivor size 13631488 bytes, new threshold 1 (max 15)
- age   1:   17259832 bytes,   17259832 total
2016-01-06T01:08:25.940-0800: 284.603: [SoftReference, 0 refs, 0.0000430 secs]2016-01-06T01:08:25.940-0800: 284.603: [WeakReference, 0 refs, 0.0000070 secs]2016-01-06T01:08:25.940-0800: 284.603: [FinalReference, 0 refs, 0.0000060 secs]2016-01-06T01:08:25.940-0800: 284.603: [PhantomReference, 0 refs, 6245 refs, 0.0002450 secs]2016-01-06T01:08:25.940-0800: 284.603: [JNI Weak Reference, 0.0000080 secs], 0.1915080 secs]
   [Parallel Time: 3.6 ms, GC Workers: 4]
      [GC Worker Start (ms): Min: 284412.5, Avg: 284413.3, Max: 284415.9, Diff: 3.5]
      [Ext Root Scanning (ms): Min: 0.0, Avg: 0.3, Max: 0.5, Diff: 0.5, Sum: 1.3]
      [SATB Filtering (ms): Min: 0.0, Avg: 0.0, Max: 0.0, Diff: 0.0, Sum: 0.0]
      [Update RS (ms): Min: 0.0, Avg: 0.1, Max: 0.2, Diff: 0.2, Sum: 0.3]
         [Processed Buffers: Min: 0, Avg: 1.0, Max: 3, Diff: 3, Sum: 4]
      [Scan RS (ms): Min: 0.0, Avg: 0.1, Max: 0.1, Diff: 0.1, Sum: 0.3]
      [Code Root Scanning (ms): Min: 0.0, Avg: 0.0, Max: 0.0, Diff: 0.0, Sum: 0.0]
      [Object Copy (ms): Min: 0.0, Avg: 1.6, Max: 2.1, Diff: 2.1, Sum: 6.3]
      [Termination (ms): Min: 0.0, Avg: 0.6, Max: 0.8, Diff: 0.8, Sum: 2.3]
      [GC Worker Other (ms): Min: 0.0, Avg: 0.0, Max: 0.0, Diff: 0.0, Sum: 0.0]
      [GC Worker Total (ms): Min: 0.1, Avg: 2.6, Max: 3.5, Diff: 3.5, Sum: 10.6]
      [GC Worker End (ms): Min: 284416.0, Avg: 284416.0, Max: 284416.0, Diff: 0.0]
   [Code Root Fixup: 0.0 ms]
   [Code Root Migration: 0.0 ms]
   [Clear CT: 0.1 ms]
   [Other: 187.8 ms]
      [Choose CSet: 0.0 ms]
      [Ref Proc: 187.0 ms]
      [Ref Enq: 0.3 ms]
      [Free CSet: 0.4 ms]
   [Eden: 185.0M(185.0M)->0.0B(186.0M) Survivors: 19.0M->18.0M Heap: 2151.3M(4096.0M)->1965.8M(4096.0M)]
 [Times: user=0.71 sys=0.01, real=0.19 secs] 
2016-01-06T01:08:25.968-0800: 284.631: [GC pause (young)
Desired survivor size 13631488 bytes, new threshold 1 (max 15)
- age   1:   17259832 bytes,   17259832 total
2016-01-06T01:08:26.161-0800: 284.823: [SoftReference, 0 refs, 0.0000440 secs]2016-01-06T01:08:26.161-0800: 284.824: [WeakReference, 0 refs, 0.0000060 secs]2016-01-06T01:08:26.161-0800: 284.824: [FinalReference, 0 refs, 0.0000060 secs]2016-01-06T01:08:26.161-0800: 284.824: [PhantomReference, 0 refs, 6276 refs, 0.0002400 secs]2016-01-06T01:08:26.161-0800: 284.824: [JNI Weak Reference, 0.0000070 secs], 0.1939330 secs]
   [Parallel Time: 2.8 ms, GC Workers: 4]
      [GC Worker Start (ms): Min: 284630.8, Avg: 284631.5, Max: 284633.5, Diff: 2.6]
      [Ext Root Scanning (ms): Min: 0.0, Avg: 0.3, Max: 0.5, Diff: 0.4, Sum: 1.3]
      [SATB Filtering (ms): Min: 0.0, Avg: 0.0, Max: 0.0, Diff: 0.0, Sum: 0.0]
      [Update RS (ms): Min: 0.0, Avg: 0.1, Max: 0.1, Diff: 0.1, Sum: 0.3]
         [Processed Buffers: Min: 0, Avg: 1.0, Max: 2, Diff: 2, Sum: 4]
      [Scan RS (ms): Min: 0.0, Avg: 0.1, Max: 0.1, Diff: 0.1, Sum: 0.3]
      [Code Root Scanning (ms): Min: 0.0, Avg: 0.0, Max: 0.0, Diff: 0.0, Sum: 0.0]
      [Object Copy (ms): Min: 0.0, Avg: 1.4, Max: 1.9, Diff: 1.9, Sum: 5.7]
      [Termination (ms): Min: 0.0, Avg: 0.1, Max: 0.2, Diff: 0.2, Sum: 0.6]
      [GC Worker Other (ms): Min: 0.0, Avg: 0.0, Max: 0.0, Diff: 0.0, Sum: 0.0]
      [GC Worker Total (ms): Min: 0.0, Avg: 2.0, Max: 2.7, Diff: 2.7, Sum: 8.2]
      [GC Worker End (ms): Min: 284633.5, Avg: 284633.5, Max: 284633.6, Diff: 0.0]
   [Code Root Fixup: 0.0 ms]
   [Code Root Migration: 0.0 ms]
   [Clear CT: 0.2 ms]
   [Other: 190.9 ms]
      [Choose CSet: 0.0 ms]
      [Ref Proc: 190.2 ms]
      [Ref Enq: 0.3 ms]
      [Free CSet: 0.4 ms]
   [Eden: 186.0M(186.0M)->0.0B(311.0M) Survivors: 18.0M->15.0M Heap: 2151.8M(4096.0M)->1962.3M(4096.0M)]
 [Times: user=0.75 sys=0.00, real=0.19 secs] 
2016-01-06T01:08:26.206-0800: 284.869: [GC pause (young)
Desired survivor size 21495808 bytes, new threshold 15 (max 15)
- age   1:   13650544 bytes,   13650544 total
2016-01-06T01:08:26.399-0800: 285.062: [SoftReference, 0 refs, 0.0000480 secs]2016-01-06T01:08:26.399-0800: 285.062: [WeakReference, 0 refs, 0.0000070 secs]2016-01-06T01:08:26.399-0800: 285.062: [FinalReference, 0 refs, 0.0000050 secs]2016-01-06T01:08:26.399-0800: 285.062: [PhantomReference, 0 refs, 10151 refs, 0.0003790 secs]2016-01-06T01:08:26.399-0800: 285.062: [JNI Weak Reference, 0.0000070 secs], 0.1948180 secs]
   [Parallel Time: 3.8 ms, GC Workers: 4]
      [GC Worker Start (ms): Min: 284868.6, Avg: 284869.5, Max: 284872.2, Diff: 3.7]
      [Ext Root Scanning (ms): Min: 0.0, Avg: 0.4, Max: 0.5, Diff: 0.5, Sum: 1.4]
      [SATB Filtering (ms): Min: 0.0, Avg: 0.0, Max: 0.0, Diff: 0.0, Sum: 0.0]
      [Update RS (ms): Min: 0.0, Avg: 0.1, Max: 0.2, Diff: 0.2, Sum: 0.3]
         [Processed Buffers: Min: 0, Avg: 1.0, Max: 2, Diff: 2, Sum: 4]
      [Scan RS (ms): Min: 0.1, Avg: 0.1, Max: 0.2, Diff: 0.2, Sum: 0.6]
      [Code Root Scanning (ms): Min: 0.0, Avg: 0.0, Max: 0.0, Diff: 0.0, Sum: 0.1]
      [Object Copy (ms): Min: 0.0, Avg: 2.0, Max: 2.7, Diff: 2.7, Sum: 8.2]
      [Termination (ms): Min: 0.0, Avg: 0.2, Max: 0.2, Diff: 0.2, Sum: 0.6]
      [GC Worker Other (ms): Min: 0.0, Avg: 0.0, Max: 0.0, Diff: 0.0, Sum: 0.1]
      [GC Worker Total (ms): Min: 0.1, Avg: 2.8, Max: 3.7, Diff: 3.7, Sum: 11.3]
      [GC Worker End (ms): Min: 284872.3, Avg: 284872.3, Max: 284872.3, Diff: 0.0]
   [Code Root Fixup: 0.0 ms]
   [Code Root Migration: 0.0 ms]
   [Clear CT: 0.1 ms]
   [Other: 190.8 ms]
      [Choose CSet: 0.0 ms]
      [Ref Proc: 189.8 ms]
      [Ref Enq: 0.4 ms]
      [Free CSet: 0.5 ms]
   [Eden: 311.0M(311.0M)->0.0B(751.0M) Survivors: 15.0M->18.0M Heap: 2273.3M(4096.0M)->1965.8M(4096.0M)]
 [Times: user=0.72 sys=0.00, real=0.19 secs] 
2016-01-06T01:08:26.507-0800: 285.170: [GC pause (young)
Desired survivor size 50855936 bytes, new threshold 15 (max 15)
- age   1:   17541064 bytes,   17541064 total
- age   2:      36864 bytes,   17577928 total
2016-01-06T01:08:26.700-0800: 285.363: [SoftReference, 0 refs, 0.0000530 secs]2016-01-06T01:08:26.700-0800: 285.363: [WeakReference, 0 refs, 0.0000070 secs]2016-01-06T01:08:26.700-0800: 285.363: [FinalReference, 0 refs, 0.0000060 secs]2016-01-06T01:08:26.700-0800: 285.363: [PhantomReference, 0 refs, 23791 refs, 0.0008560 secs]2016-01-06T01:08:26.701-0800: 285.364: [JNI Weak Reference, 0.0000070 secs], 0.1964180 secs]
   [Parallel Time: 6.4 ms, GC Workers: 4]
      [GC Worker Start (ms): Min: 285170.2, Avg: 285171.8, Max: 285176.3, Diff: 6.1]
      [Ext Root Scanning (ms): Min: 0.0, Avg: 0.3, Max: 0.4, Diff: 0.4, Sum: 1.3]
      [SATB Filtering (ms): Min: 0.0, Avg: 0.0, Max: 0.0, Diff: 0.0, Sum: 0.0]
      [Update RS (ms): Min: 0.0, Avg: 0.0, Max: 0.2, Diff: 0.2, Sum: 0.2]
         [Processed Buffers: Min: 0, Avg: 1.0, Max: 3, Diff: 3, Sum: 4]
      [Scan RS (ms): Min: 0.2, Avg: 0.3, Max: 0.4, Diff: 0.3, Sum: 1.4]
      [Code Root Scanning (ms): Min: 0.0, Avg: 0.0, Max: 0.1, Diff: 0.1, Sum: 0.1]
      [Object Copy (ms): Min: 0.0, Avg: 2.9, Max: 3.8, Diff: 3.8, Sum: 11.5]
      [Termination (ms): Min: 0.0, Avg: 1.2, Max: 1.6, Diff: 1.6, Sum: 4.6]
      [GC Worker Other (ms): Min: 0.0, Avg: 0.0, Max: 0.0, Diff: 0.0, Sum: 0.0]
      [GC Worker Total (ms): Min: 0.2, Avg: 4.8, Max: 6.3, Diff: 6.1, Sum: 19.1]
      [GC Worker End (ms): Min: 285176.5, Avg: 285176.6, Max: 285176.6, Diff: 0.0]
   [Code Root Fixup: 0.0 ms]
   [Code Root Migration: 0.1 ms]
   [Clear CT: 0.2 ms]
   [Other: 189.7 ms]
      [Choose CSet: 0.0 ms]
      [Ref Proc: 187.5 ms]
      [Ref Enq: 1.1 ms]
      [Free CSet: 1.0 ms]
   [Eden: 751.0M(751.0M)->0.0B(1126.0M) Survivors: 18.0M->20.0M Heap: 2716.8M(4096.0M)->1967.3M(4096.0M)]
 [Times: user=0.76 sys=0.00, real=0.19 secs] 
2016-01-06T01:08:26.862-0800: 285.525: [GC pause (young)
Desired survivor size 75497472 bytes, new threshold 15 (max 15)
- age   1:   18523144 bytes,   18523144 total
- age   2:      36864 bytes,   18560008 total
2016-01-06T01:08:27.057-0800: 285.720: [SoftReference, 0 refs, 0.0000440 secs]2016-01-06T01:08:27.057-0800: 285.720: [WeakReference, 0 refs, 0.0000060 secs]2016-01-06T01:08:27.057-0800: 285.720: [FinalReference, 0 refs, 0.0000050 secs]2016-01-06T01:08:27.057-0800: 285.720: [PhantomReference, 0 refs, 35416 refs, 0.0012500 secs]2016-01-06T01:08:27.058-0800: 285.721: [JNI Weak Reference, 0.0000080 secs], 0.1999940 secs]
   [Parallel Time: 7.2 ms, GC Workers: 4]
      [GC Worker Start (ms): Min: 285524.8, Avg: 285525.6, Max: 285527.9, Diff: 3.2]
      [Ext Root Scanning (ms): Min: 0.0, Avg: 0.3, Max: 0.5, Diff: 0.5, Sum: 1.3]
      [SATB Filtering (ms): Min: 0.0, Avg: 0.0, Max: 0.0, Diff: 0.0, Sum: 0.0]
      [Update RS (ms): Min: 0.0, Avg: 0.0, Max: 0.1, Diff: 0.1, Sum: 0.1]
         [Processed Buffers: Min: 0, Avg: 0.8, Max: 2, Diff: 2, Sum: 3]
      [Scan RS (ms): Min: 0.2, Avg: 0.5, Max: 0.6, Diff: 0.5, Sum: 1.9]
      [Code Root Scanning (ms): Min: 0.0, Avg: 0.1, Max: 0.1, Diff: 0.1, Sum: 0.2]
      [Object Copy (ms): Min: 3.7, Avg: 5.4, Max: 6.0, Diff: 2.2, Sum: 21.6]
      [Termination (ms): Min: 0.0, Avg: 0.0, Max: 0.0, Diff: 0.0, Sum: 0.0]
      [GC Worker Other (ms): Min: 0.1, Avg: 0.1, Max: 0.1, Diff: 0.0, Sum: 0.3]
      [GC Worker Total (ms): Min: 4.0, Avg: 6.4, Max: 7.2, Diff: 3.2, Sum: 25.4]
      [GC Worker End (ms): Min: 285531.9, Avg: 285531.9, Max: 285532.0, Diff: 0.0]
   [Code Root Fixup: 0.0 ms]
   [Code Root Migration: 0.2 ms]
   [Clear CT: 0.3 ms]
   [Other: 192.2 ms]
      [Choose CSet: 0.0 ms]
      [Ref Proc: 189.1 ms]
      [Ref Enq: 1.6 ms]
      [Free CSet: 1.4 ms]
   [Eden: 1126.0M(1126.0M)->0.0B(835.0M) Survivors: 20.0M->21.0M Heap: 3093.3M(4096.0M)->1968.3M(4096.0M)]
 [Times: user=0.76 sys=0.01, real=0.20 secs] 
2016-01-06T01:08:27.180-0800: 285.843: [GC pause (young)
Desired survivor size 56098816 bytes, new threshold 15 (max 15)
- age   1:   19360144 bytes,   19360144 total
- age   2:      36864 bytes,   19397008 total
2016-01-06T01:08:27.377-0800: 286.040: [SoftReference, 0 refs, 0.0000490 secs]2016-01-06T01:08:27.377-0800: 286.040: [WeakReference, 0 refs, 0.0000070 secs]2016-01-06T01:08:27.377-0800: 286.040: [FinalReference, 0 refs, 0.0000050 secs]2016-01-06T01:08:27.377-0800: 286.040: [PhantomReference, 0 refs, 26393 refs, 0.0009140 secs]2016-01-06T01:08:27.378-0800: 286.041: [JNI Weak Reference, 0.0000320 secs], 0.2010660 secs]
   [Parallel Time: 7.5 ms, GC Workers: 4]
      [GC Worker Start (ms): Min: 285843.2, Avg: 285843.4, Max: 285843.9, Diff: 0.7]
      [Ext Root Scanning (ms): Min: 0.0, Avg: 0.3, Max: 0.5, Diff: 0.5, Sum: 1.3]
      [SATB Filtering (ms): Min: 0.0, Avg: 0.0, Max: 0.0, Diff: 0.0, Sum: 0.0]
      [Update RS (ms): Min: 0.0, Avg: 0.0, Max: 0.1, Diff: 0.1, Sum: 0.2]
         [Processed Buffers: Min: 0, Avg: 1.0, Max: 3, Diff: 3, Sum: 4]
      [Scan RS (ms): Min: 0.3, Avg: 0.4, Max: 0.5, Diff: 0.2, Sum: 1.5]
      [Code Root Scanning (ms): Min: 0.0, Avg: 0.0, Max: 0.1, Diff: 0.0, Sum: 0.2]
      [Object Copy (ms): Min: 6.2, Avg: 6.3, Max: 6.4, Diff: 0.2, Sum: 25.1]
      [Termination (ms): Min: 0.0, Avg: 0.1, Max: 0.2, Diff: 0.2, Sum: 0.6]
      [GC Worker Other (ms): Min: 0.0, Avg: 0.0, Max: 0.0, Diff: 0.0, Sum: 0.1]
      [GC Worker Total (ms): Min: 6.7, Avg: 7.2, Max: 7.4, Diff: 0.8, Sum: 28.9]
      [GC Worker End (ms): Min: 285850.6, Avg: 285850.6, Max: 285850.7, Diff: 0.1]
   [Code Root Fixup: 0.0 ms]
   [Code Root Migration: 0.1 ms]
   [Clear CT: 0.3 ms]
   [Other: 193.1 ms]
      [Choose CSet: 0.0 ms]
      [Ref Proc: 190.6 ms]
      [Ref Enq: 1.2 ms]
      [Free CSet: 1.2 ms]
   [Eden: 835.0M(835.0M)->0.0B(566.0M) Survivors: 21.0M->20.0M Heap: 2803.3M(4096.0M)->1967.8M(4096.0M)]
 [Times: user=0.76 sys=0.00, real=0.20 secs] 
2016-01-06T01:08:27.469-0800: 286.132: [GC pause (young)
Desired survivor size 38797312 bytes, new threshold 15 (max 15)
- age   1:   18710632 bytes,   18710632 total
- age   2:      36864 bytes,   18747496 total
2016-01-06T01:08:27.679-0800: 286.342: [SoftReference, 0 refs, 0.0000470 secs]2016-01-06T01:08:27.679-0800: 286.342: [WeakReference, 0 refs, 0.0000070 secs]2016-01-06T01:08:27.679-0800: 286.342: [FinalReference, 0 refs, 0.0000060 secs]2016-01-06T01:08:27.679-0800: 286.342: [PhantomReference, 0 refs, 18056 refs, 0.0006640 secs]2016-01-06T01:08:27.680-0800: 286.343: [JNI Weak Reference, 0.0000070 secs], 0.2123170 secs]
   [Parallel Time: 15.5 ms, GC Workers: 4]
      [GC Worker Start (ms): Min: 286132.5, Avg: 286132.5, Max: 286132.5, Diff: 0.1]
      [Ext Root Scanning (ms): Min: 0.5, Avg: 1.9, Max: 6.1, Diff: 5.7, Sum: 7.5]
      [SATB Filtering (ms): Min: 0.0, Avg: 0.0, Max: 0.0, Diff: 0.0, Sum: 0.0]
      [Update RS (ms): Min: 0.0, Avg: 0.1, Max: 0.2, Diff: 0.2, Sum: 0.2]
         [Processed Buffers: Min: 0, Avg: 1.2, Max: 3, Diff: 3, Sum: 5]
      [Scan RS (ms): Min: 0.2, Avg: 1.6, Max: 5.5, Diff: 5.2, Sum: 6.5]
      [Code Root Scanning (ms): Min: 0.0, Avg: 0.0, Max: 0.1, Diff: 0.1, Sum: 0.1]
      [Object Copy (ms): Min: 0.0, Avg: 3.5, Max: 4.7, Diff: 4.7, Sum: 14.0]
      [Termination (ms): Min: 0.0, Avg: 5.4, Max: 9.8, Diff: 9.8, Sum: 21.7]
      [GC Worker Other (ms): Min: 0.0, Avg: 0.0, Max: 0.0, Diff: 0.0, Sum: 0.1]
      [GC Worker Total (ms): Min: 11.6, Avg: 12.5, Max: 15.4, Diff: 3.8, Sum: 50.2]
      [GC Worker End (ms): Min: 286144.1, Avg: 286145.1, Max: 286147.9, Diff: 3.8]
   [Code Root Fixup: 0.0 ms]
   [Code Root Migration: 0.1 ms]
   [Clear CT: 0.3 ms]
   [Other: 196.4 ms]
      [Choose CSet: 0.0 ms]
      [Ref Proc: 194.7 ms]
      [Ref Enq: 0.8 ms]
      [Free CSet: 0.8 ms]
   [Eden: 566.0M(566.0M)->0.0B(185.0M) Survivors: 20.0M->19.0M Heap: 2533.8M(4096.0M)->1966.8M(4096.0M)]
 [Times: user=0.74 sys=0.00, real=0.21 secs] 
2016-01-06T01:08:27.710-0800: 286.373: [GC pause (young)
Desired survivor size 13631488 bytes, new threshold 1 (max 15)
- age   1:   18110224 bytes,   18110224 total
- age   2:      36864 bytes,   18147088 total
2016-01-06T01:08:27.896-0800: 286.559: [SoftReference, 0 refs, 0.0000440 secs]2016-01-06T01:08:27.896-0800: 286.559: [WeakReference, 0 refs, 0.0000070 secs]2016-01-06T01:08:27.896-0800: 286.559: [FinalReference, 0 refs, 0.0000050 secs]2016-01-06T01:08:27.896-0800: 286.559: [PhantomReference, 0 refs, 6246 refs, 0.0002320 secs]2016-01-06T01:08:27.896-0800: 286.559: [JNI Weak Reference, 0.0000070 secs], 0.1877110 secs]
   [Parallel Time: 3.5 ms, GC Workers: 4]
      [GC Worker Start (ms): Min: 286372.6, Avg: 286373.5, Max: 286375.9, Diff: 3.3]
      [Ext Root Scanning (ms): Min: 0.0, Avg: 0.3, Max: 0.5, Diff: 0.4, Sum: 1.3]
      [SATB Filtering (ms): Min: 0.0, Avg: 0.0, Max: 0.0, Diff: 0.0, Sum: 0.0]
      [Update RS (ms): Min: 0.0, Avg: 0.1, Max: 0.1, Diff: 0.1, Sum: 0.2]
         [Processed Buffers: Min: 0, Avg: 1.0, Max: 3, Diff: 3, Sum: 4]
      [Scan RS (ms): Min: 0.0, Avg: 0.1, Max: 0.1, Diff: 0.1, Sum: 0.3]
      [Code Root Scanning (ms): Min: 0.0, Avg: 0.0, Max: 0.0, Diff: 0.0, Sum: 0.0]
      [Object Copy (ms): Min: 0.0, Avg: 1.7, Max: 2.2, Diff: 2.2, Sum: 6.6]
      [Termination (ms): Min: 0.0, Avg: 0.4, Max: 0.6, Diff: 0.6, Sum: 1.7]
      [GC Worker Other (ms): Min: 0.0, Avg: 0.0, Max: 0.0, Diff: 0.0, Sum: 0.0]
      [GC Worker Total (ms): Min: 0.1, Avg: 2.6, Max: 3.4, Diff: 3.4, Sum: 10.2]
      [GC Worker End (ms): Min: 286376.0, Avg: 286376.0, Max: 286376.0, Diff: 0.0]
   [Code Root Fixup: 0.0 ms]
   [Code Root Migration: 0.0 ms]
   [Clear CT: 0.1 ms]
   [Other: 184.1 ms]
      [Choose CSet: 0.0 ms]
      [Ref Proc: 183.3 ms]
      [Ref Enq: 0.3 ms]
      [Free CSet: 0.3 ms]
   [Eden: 185.0M(185.0M)->0.0B(711.0M) Survivors: 19.0M->19.0M Heap: 2151.8M(4096.0M)->1966.4M(4096.0M)]
 [Times: user=0.66 sys=0.01, real=0.19 secs] 
2016-01-06T01:08:27.950-0800: 286.613: [GC concurrent-mark-end, 16.2059900 secs]
2016-01-06T01:08:27.950-0800: 286.613: [GC remark 2016-01-06T01:08:27.950-0800: 286.613: [GC ref-proc2016-01-06T01:08:27.950-0800: 286.613: [SoftReference, 0 refs, 0.0000280 secs]2016-01-06T01:08:27.950-0800: 286.613: [WeakReference, 3 refs, 0.0000160 secs]2016-01-06T01:08:27.950-0800: 286.613: [FinalReference, 4 refs, 0.0000130 secs]2016-01-06T01:08:27.950-0800: 286.613: [PhantomReference, 0 refs, 10482437 refs, 1.5862040 secs]2016-01-06T01:08:29.536-0800: 288.199: [JNI Weak Reference, 0.0000150 secs], 1.5863350 secs], 1.5954110 secs]
 [Times: user=1.09 sys=0.53, real=1.60 secs] 
2016-01-06T01:08:29.546-0800: 288.208: [GC cleanup 2312M->2311M(4096M), 0.0070630 secs]
 [Times: user=0.01 sys=0.00, real=0.00 secs] 
2016-01-06T01:08:29.553-0800: 288.216: [GC concurrent-cleanup-start]
2016-01-06T01:08:29.553-0800: 288.216: [GC concurrent-cleanup-end, 0.0000220 secs]
2016-01-06T01:08:29.611-0800: 288.274: [GC pause (young)
Desired survivor size 48234496 bytes, new threshold 15 (max 15)
- age   1:   17259832 bytes,   17259832 total
2016-01-06T01:08:29.617-0800: 288.280: [SoftReference, 0 refs, 0.0000490 secs]2016-01-06T01:08:29.617-0800: 288.280: [WeakReference, 0 refs, 0.0000060 secs]2016-01-06T01:08:29.617-0800: 288.280: [FinalReference, 0 refs, 0.0000060 secs]2016-01-06T01:08:29.617-0800: 288.280: [PhantomReference, 0 refs, 22551 refs, 0.0006050 secs]2016-01-06T01:08:29.618-0800: 288.281: [JNI Weak Reference, 0.0000080 secs], 0.0086000 secs]
   [Parallel Time: 5.9 ms, GC Workers: 4]
      [GC Worker Start (ms): Min: 288273.9, Avg: 288274.0, Max: 288274.0, Diff: 0.1]
      [Ext Root Scanning (ms): Min: 0.4, Avg: 0.8, Max: 2.0, Diff: 1.6, Sum: 3.3]
      [Update RS (ms): Min: 0.0, Avg: 0.1, Max: 0.1, Diff: 0.1, Sum: 0.3]
         [Processed Buffers: Min: 0, Avg: 1.0, Max: 2, Diff: 2, Sum: 4]
      [Scan RS (ms): Min: 0.1, Avg: 0.3, Max: 0.4, Diff: 0.3, Sum: 1.2]
      [Code Root Scanning (ms): Min: 0.0, Avg: 0.0, Max: 0.0, Diff: 0.0, Sum: 0.1]
      [Object Copy (ms): Min: 3.6, Avg: 4.5, Max: 4.7, Diff: 1.1, Sum: 17.8]
      [Termination (ms): Min: 0.0, Avg: 0.0, Max: 0.0, Diff: 0.0, Sum: 0.0]
      [GC Worker Other (ms): Min: 0.0, Avg: 0.1, Max: 0.1, Diff: 0.1, Sum: 0.3]
      [GC Worker Total (ms): Min: 5.7, Avg: 5.8, Max: 5.8, Diff: 0.1, Sum: 23.0]
      [GC Worker End (ms): Min: 288279.7, Avg: 288279.7, Max: 288279.8, Diff: 0.1]
   [Code Root Fixup: 0.0 ms]
   [Code Root Migration: 0.1 ms]
   [Clear CT: 0.3 ms]
   [Other: 2.3 ms]
      [Choose CSet: 0.0 ms]
      [Ref Proc: 0.8 ms]
      [Ref Enq: 0.4 ms]
      [Free CSet: 1.0 ms]
   [Eden: 711.0M(711.0M)->0.0B(1692.0M) Survivors: 19.0M->20.0M Heap: 2676.4M(4096.0M)->1966.9M(4096.0M)]
 [Times: user=0.03 sys=0.00, real=0.01 secs] 
2016-01-06T01:08:29.857-0800: 288.520: [GC pause (young)
Desired survivor size 112197632 bytes, new threshold 15 (max 15)
- age   1:   18433864 bytes,   18433864 total
- age   2:      36864 bytes,   18470728 total
2016-01-06T01:08:29.871-0800: 288.534: [SoftReference, 0 refs, 0.0000540 secs]2016-01-06T01:08:29.871-0800: 288.534: [WeakReference, 0 refs, 0.0000070 secs]2016-01-06T01:08:29.871-0800: 288.534: [FinalReference, 0 refs, 0.0000060 secs]2016-01-06T01:08:29.871-0800: 288.534: [PhantomReference, 0 refs, 52962 refs, 0.0015170 secs]2016-01-06T01:08:29.872-0800: 288.535: [JNI Weak Reference, 0.0000090 secs], 0.0186740 secs]
   [Parallel Time: 12.9 ms, GC Workers: 4]
      [GC Worker Start (ms): Min: 288520.5, Avg: 288521.6, Max: 288523.9, Diff: 3.4]
      [Ext Root Scanning (ms): Min: 0.0, Avg: 0.3, Max: 0.7, Diff: 0.7, Sum: 1.4]
      [Update RS (ms): Min: 0.0, Avg: 0.1, Max: 0.2, Diff: 0.2, Sum: 0.2]
         [Processed Buffers: Min: 0, Avg: 1.2, Max: 4, Diff: 4, Sum: 5]
      [Scan RS (ms): Min: 0.2, Avg: 0.8, Max: 1.0, Diff: 0.8, Sum: 3.0]
      [Code Root Scanning (ms): Min: 0.0, Avg: 0.1, Max: 0.1, Diff: 0.1, Sum: 0.3]
      [Object Copy (ms): Min: 9.0, Avg: 10.3, Max: 10.8, Diff: 1.8, Sum: 41.2]
      [Termination (ms): Min: 0.0, Avg: 0.1, Max: 0.1, Diff: 0.1, Sum: 0.3]
      [GC Worker Other (ms): Min: 0.0, Avg: 0.0, Max: 0.0, Diff: 0.0, Sum: 0.1]
      [GC Worker Total (ms): Min: 9.3, Avg: 11.7, Max: 12.8, Diff: 3.5, Sum: 46.6]
      [GC Worker End (ms): Min: 288533.2, Avg: 288533.2, Max: 288533.3, Diff: 0.0]
   [Code Root Fixup: 0.0 ms]
   [Code Root Migration: 0.2 ms]
   [Clear CT: 0.5 ms]
   [Other: 5.1 ms]
      [Choose CSet: 0.0 ms]
      [Ref Proc: 1.8 ms]
      [Ref Enq: 1.1 ms]
      [Free CSet: 2.1 ms]
   [Eden: 1692.0M(1692.0M)->0.0B(1690.0M) Survivors: 20.0M->22.0M Heap: 3658.9M(4096.0M)->1968.4M(4096.0M)]
 [Times: user=0.04 sys=0.00, real=0.01 secs] 
2016-01-06T01:08:30.113-0800: 288.776: [GC pause (young) (initial-mark)
Desired survivor size 112197632 bytes, new threshold 15 (max 15)
- age   1:   20623456 bytes,   20623456 total
- age   2:      36864 bytes,   20660320 total
2016-01-06T01:08:30.126-0800: 288.789: [SoftReference, 0 refs, 0.0000480 secs]2016-01-06T01:08:30.126-0800: 288.789: [WeakReference, 0 refs, 0.0000070 secs]2016-01-06T01:08:30.126-0800: 288.789: [FinalReference, 0 refs, 0.0000060 secs]2016-01-06T01:08:30.126-0800: 288.789: [PhantomReference, 0 refs, 52899 refs, 0.0014190 secs]2016-01-06T01:08:30.127-0800: 288.790: [JNI Weak Reference, 0.0000080 secs], 0.0181750 secs]
   [Parallel Time: 12.1 ms, GC Workers: 4]
      [GC Worker Start (ms): Min: 288776.4, Avg: 288776.5, Max: 288776.5, Diff: 0.1]
      [Ext Root Scanning (ms): Min: 0.3, Avg: 0.4, Max: 0.4, Diff: 0.1, Sum: 1.4]
      [Code Root Marking (ms): Min: 0.2, Avg: 0.2, Max: 0.2, Diff: 0.0, Sum: 0.9]
      [Update RS (ms): Min: 0.0, Avg: 0.1, Max: 0.1, Diff: 0.1, Sum: 0.2]
         [Processed Buffers: Min: 0, Avg: 1.0, Max: 2, Diff: 2, Sum: 4]
      [Scan RS (ms): Min: 0.6, Avg: 0.7, Max: 0.8, Diff: 0.1, Sum: 2.8]
      [Code Root Scanning (ms): Min: 0.1, Avg: 0.1, Max: 0.1, Diff: 0.0, Sum: 0.4]
      [Object Copy (ms): Min: 10.4, Avg: 10.4, Max: 10.4, Diff: 0.1, Sum: 41.6]
      [Termination (ms): Min: 0.0, Avg: 0.0, Max: 0.0, Diff: 0.0, Sum: 0.0]
      [GC Worker Other (ms): Min: 0.0, Avg: 0.1, Max: 0.1, Diff: 0.1, Sum: 0.3]
      [GC Worker Total (ms): Min: 11.9, Avg: 11.9, Max: 12.0, Diff: 0.1, Sum: 47.7]
      [GC Worker End (ms): Min: 288788.3, Avg: 288788.4, Max: 288788.4, Diff: 0.1]
   [Code Root Fixup: 0.0 ms]
   [Code Root Migration: 0.3 ms]
   [Clear CT: 0.4 ms]
   [Other: 5.5 ms]
      [Choose CSet: 0.0 ms]
      [Ref Proc: 1.6 ms]
      [Ref Enq: 1.0 ms]
      [Free CSet: 2.1 ms]
   [Eden: 1690.0M(1690.0M)->0.0B(1691.0M) Survivors: 22.0M->22.0M Heap: 3658.4M(4096.0M)->1968.9M(4096.0M)]
 [Times: user=0.05 sys=0.00, real=0.02 secs] 
2016-01-06T01:08:30.131-0800: 288.794: [GC concurrent-root-region-scan-start]
2016-01-06T01:08:30.139-0800: 288.802: [GC concurrent-root-region-scan-end, 0.0078620 secs]
2016-01-06T01:08:30.139-0800: 288.802: [GC concurrent-mark-start]
2016-01-06T01:08:30.784-0800: 289.447: [GC pause (young)
Desired survivor size 112721920 bytes, new threshold 15 (max 15)
- age   1:   20618992 bytes,   20618992 total
- age   2:      36864 bytes,   20655856 total
2016-01-06T01:08:30.811-0800: 289.474: [SoftReference, 0 refs, 0.0000550 secs]2016-01-06T01:08:30.811-0800: 289.474: [WeakReference, 0 refs, 0.0000070 secs]2016-01-06T01:08:30.811-0800: 289.474: [FinalReference, 0 refs, 0.0000050 secs]2016-01-06T01:08:30.811-0800: 289.474: [PhantomReference, 0 refs, 52929 refs, 0.0014520 secs]2016-01-06T01:08:30.813-0800: 289.476: [JNI Weak Reference, 0.0000080 secs], 0.0337550 secs]
   [Parallel Time: 22.8 ms, GC Workers: 4]
      [GC Worker Start (ms): Min: 289447.1, Avg: 289447.1, Max: 289447.1, Diff: 0.1]
      [Ext Root Scanning (ms): Min: 0.3, Avg: 0.3, Max: 0.4, Diff: 0.1, Sum: 1.4]
      [SATB Filtering (ms): Min: 0.0, Avg: 0.0, Max: 0.0, Diff: 0.0, Sum: 0.0]
      [Update RS (ms): Min: 10.5, Avg: 10.6, Max: 10.8, Diff: 0.3, Sum: 42.6]
         [Processed Buffers: Min: 16, Avg: 16.2, Max: 17, Diff: 1, Sum: 65]
      [Scan RS (ms): Min: 0.6, Avg: 0.7, Max: 0.8, Diff: 0.2, Sum: 2.9]
      [Code Root Scanning (ms): Min: 0.1, Avg: 0.1, Max: 0.1, Diff: 0.0, Sum: 0.4]
      [Object Copy (ms): Min: 10.8, Avg: 10.8, Max: 10.9, Diff: 0.1, Sum: 43.3]
      [Termination (ms): Min: 0.0, Avg: 0.0, Max: 0.0, Diff: 0.0, Sum: 0.0]
      [GC Worker Other (ms): Min: 0.0, Avg: 0.1, Max: 0.1, Diff: 0.0, Sum: 0.2]
      [GC Worker Total (ms): Min: 22.7, Avg: 22.7, Max: 22.7, Diff: 0.1, Sum: 90.8]
      [GC Worker End (ms): Min: 289469.8, Avg: 289469.8, Max: 289469.8, Diff: 0.0]
   [Code Root Fixup: 0.0 ms]
   [Code Root Migration: 0.3 ms]
   [Clear CT: 0.4 ms]
   [Other: 10.3 ms]
      [Choose CSet: 0.0 ms]
      [Ref Proc: 5.7 ms]
      [Ref Enq: 2.4 ms]
      [Free CSet: 2.0 ms]
   [Eden: 1691.0M(1691.0M)->0.0B(1692.0M) Survivors: 22.0M->22.0M Heap: 3659.9M(4096.0M)->1968.9M(4096.0M)]
 [Times: user=0.11 sys=0.00, real=0.04 secs] 
2016-01-06T01:08:31.076-0800: 289.739: [GC pause (young)
Desired survivor size 112721920 bytes, new threshold 15 (max 15)
- age   1:   20621224 bytes,   20621224 total
- age   2:      36864 bytes,   20658088 total
2016-01-06T01:08:31.126-0800: 289.789: [SoftReference, 0 refs, 0.0000450 secs]2016-01-06T01:08:31.126-0800: 289.789: [WeakReference, 0 refs, 0.0000070 secs]2016-01-06T01:08:31.126-0800: 289.789: [FinalReference, 0 refs, 0.0000060 secs]2016-01-06T01:08:31.126-0800: 289.789: [PhantomReference, 0 refs, 52961 refs, 0.0017920 secs]2016-01-06T01:08:31.128-0800: 289.791: [JNI Weak Reference, 0.0000070 secs], 0.0570500 secs]
   [Parallel Time: 35.3 ms, GC Workers: 4]
      [GC Worker Start (ms): Min: 289739.4, Avg: 289739.5, Max: 289739.5, Diff: 0.1]
      [Ext Root Scanning (ms): Min: 0.3, Avg: 0.4, Max: 0.4, Diff: 0.1, Sum: 1.4]
      [SATB Filtering (ms): Min: 0.0, Avg: 0.0, Max: 0.0, Diff: 0.0, Sum: 0.0]
      [Update RS (ms): Min: 22.9, Avg: 23.1, Max: 23.5, Diff: 0.5, Sum: 92.6]
         [Processed Buffers: Min: 32, Avg: 32.5, Max: 33, Diff: 1, Sum: 130]
      [Scan RS (ms): Min: 0.5, Avg: 0.7, Max: 0.9, Diff: 0.4, Sum: 3.0]
      [Code Root Scanning (ms): Min: 0.0, Avg: 0.1, Max: 0.1, Diff: 0.1, Sum: 0.4]
      [Object Copy (ms): Min: 10.7, Avg: 10.8, Max: 10.8, Diff: 0.0, Sum: 43.0]
      [Termination (ms): Min: 0.0, Avg: 0.0, Max: 0.0, Diff: 0.0, Sum: 0.0]
      [GC Worker Other (ms): Min: 0.0, Avg: 0.1, Max: 0.1, Diff: 0.0, Sum: 0.2]
      [GC Worker Total (ms): Min: 35.1, Avg: 35.1, Max: 35.2, Diff: 0.0, Sum: 140.6]
      [GC Worker End (ms): Min: 289774.6, Avg: 289774.6, Max: 289774.6, Diff: 0.0]
   [Code Root Fixup: 0.0 ms]
   [Code Root Migration: 0.2 ms]
   [Clear CT: 0.5 ms]
   [Other: 21.0 ms]
      [Choose CSet: 0.0 ms]
      [Ref Proc: 16.4 ms]
      [Ref Enq: 2.5 ms]
      [Free CSet: 2.1 ms]
   [Eden: 1692.0M(1692.0M)->0.0B(1692.0M) Survivors: 22.0M->22.0M Heap: 3660.9M(4096.0M)->1968.9M(4096.0M)]
 [Times: user=0.20 sys=0.00, real=0.06 secs] 
2016-01-06T01:08:31.382-0800: 290.045: [GC pause (young)
Desired survivor size 112721920 bytes, new threshold 15 (max 15)
- age   1:   20623456 bytes,   20623456 total
- age   2:      36864 bytes,   20660320 total
2016-01-06T01:08:31.442-0800: 290.105: [SoftReference, 0 refs, 0.0000740 secs]2016-01-06T01:08:31.442-0800: 290.105: [WeakReference, 0 refs, 0.0000070 secs]2016-01-06T01:08:31.442-0800: 290.105: [FinalReference, 0 refs, 0.0000050 secs]2016-01-06T01:08:31.442-0800: 290.105: [PhantomReference, 0 refs, 52961 refs, 0.0017980 secs]2016-01-06T01:08:31.444-0800: 290.107: [JNI Weak Reference, 0.0000080 secs], 0.0673740 secs]
   [Parallel Time: 30.4 ms, GC Workers: 4]
      [GC Worker Start (ms): Min: 290045.1, Avg: 290047.8, Max: 290055.9, Diff: 10.8]
      [Ext Root Scanning (ms): Min: 0.0, Avg: 0.3, Max: 0.5, Diff: 0.5, Sum: 1.3]
      [SATB Filtering (ms): Min: 0.0, Avg: 0.0, Max: 0.0, Diff: 0.0, Sum: 0.0]
      [Update RS (ms): Min: 8.4, Avg: 16.3, Max: 19.1, Diff: 10.7, Sum: 65.0]
         [Processed Buffers: Min: 12, Avg: 24.2, Max: 38, Diff: 26, Sum: 97]
      [Scan RS (ms): Min: 0.6, Avg: 0.8, Max: 0.9, Diff: 0.3, Sum: 3.1]
      [Code Root Scanning (ms): Min: 0.1, Avg: 0.1, Max: 0.1, Diff: 0.0, Sum: 0.4]
      [Object Copy (ms): Min: 10.0, Avg: 10.0, Max: 10.1, Diff: 0.1, Sum: 40.1]
      [Termination (ms): Min: 0.0, Avg: 0.0, Max: 0.0, Diff: 0.0, Sum: 0.0]
      [GC Worker Other (ms): Min: 0.0, Avg: 0.1, Max: 0.1, Diff: 0.1, Sum: 0.3]
      [GC Worker Total (ms): Min: 19.4, Avg: 27.5, Max: 30.3, Diff: 10.9, Sum: 110.2]
      [GC Worker End (ms): Min: 290075.3, Avg: 290075.3, Max: 290075.3, Diff: 0.1]
   [Code Root Fixup: 0.0 ms]
   [Code Root Migration: 0.2 ms]
   [Clear CT: 0.5 ms]
   [Other: 36.3 ms]
      [Choose CSet: 0.0 ms]
      [Ref Proc: 31.7 ms]
      [Ref Enq: 2.4 ms]
      [Free CSet: 2.0 ms]
   [Eden: 1692.0M(1692.0M)->0.0B(1693.0M) Survivors: 22.0M->22.0M Heap: 3660.9M(4096.0M)->1968.4M(4096.0M)]
 [Times: user=0.23 sys=0.00, real=0.07 secs] 
2016-01-06T01:08:31.712-0800: 290.375: [GC pause (young)
Desired survivor size 112721920 bytes, new threshold 15 (max 15)
- age   1:   20623456 bytes,   20623456 total
- age   2:      36864 bytes,   20660320 total
2016-01-06T01:08:31.793-0800: 290.456: [SoftReference, 0 refs, 0.0000600 secs]2016-01-06T01:08:31.793-0800: 290.456: [WeakReference, 0 refs, 0.0000110 secs]2016-01-06T01:08:31.793-0800: 290.456: [FinalReference, 0 refs, 0.0000090 secs]2016-01-06T01:08:31.793-0800: 290.456: [PhantomReference, 0 refs, 52993 refs, 0.0018200 secs]2016-01-06T01:08:31.795-0800: 290.458: [JNI Weak Reference, 0.0000090 secs], 0.0878230 secs]
   [Parallel Time: 35.6 ms, GC Workers: 4]
      [GC Worker Start (ms): Min: 290375.2, Avg: 290376.4, Max: 290379.9, Diff: 4.8]
      [Ext Root Scanning (ms): Min: 0.0, Avg: 0.3, Max: 0.5, Diff: 0.5, Sum: 1.3]
      [SATB Filtering (ms): Min: 0.0, Avg: 0.0, Max: 0.0, Diff: 0.0, Sum: 0.0]
      [Update RS (ms): Min: 19.3, Avg: 22.5, Max: 23.7, Diff: 4.4, Sum: 89.9]
         [Processed Buffers: Min: 28, Avg: 32.0, Max: 35, Diff: 7, Sum: 128]
      [Scan RS (ms): Min: 0.6, Avg: 0.8, Max: 1.0, Diff: 0.4, Sum: 3.1]
      [Code Root Scanning (ms): Min: 0.1, Avg: 0.1, Max: 0.1, Diff: 0.0, Sum: 0.4]
      [Object Copy (ms): Min: 10.4, Avg: 10.5, Max: 10.5, Diff: 0.1, Sum: 41.9]
      [Termination (ms): Min: 0.0, Avg: 0.0, Max: 0.0, Diff: 0.0, Sum: 0.0]
      [GC Worker Other (ms): Min: 0.0, Avg: 0.1, Max: 0.1, Diff: 0.1, Sum: 0.2]
      [GC Worker Total (ms): Min: 30.7, Avg: 34.2, Max: 35.5, Diff: 4.8, Sum: 136.8]
      [GC Worker End (ms): Min: 290410.6, Avg: 290410.6, Max: 290410.7, Diff: 0.1]
   [Code Root Fixup: 0.0 ms]
   [Code Root Migration: 0.3 ms]
   [Clear CT: 0.4 ms]
   [Other: 51.6 ms]
      [Choose CSet: 0.0 ms]
      [Ref Proc: 47.0 ms]
      [Ref Enq: 2.4 ms]
      [Free CSet: 2.1 ms]
   [Eden: 1693.0M(1693.0M)->0.0B(1693.0M) Survivors: 22.0M->22.0M Heap: 3661.4M(4096.0M)->1968.9M(4096.0M)]
 [Times: user=0.31 sys=0.01, real=0.09 secs] 
2016-01-06T01:08:32.041-0800: 290.704: [GC pause (young)
Desired survivor size 112721920 bytes, new threshold 15 (max 15)
- age   1:   20625688 bytes,   20625688 total
- age   2:      36864 bytes,   20662552 total
2016-01-06T01:08:32.132-0800: 290.795: [SoftReference, 0 refs, 0.0000600 secs]2016-01-06T01:08:32.132-0800: 290.795: [WeakReference, 0 refs, 0.0000070 secs]2016-01-06T01:08:32.132-0800: 290.795: [FinalReference, 0 refs, 0.0000060 secs]2016-01-06T01:08:32.132-0800: 290.795: [PhantomReference, 0 refs, 52990 refs, 0.0018420 secs]2016-01-06T01:08:32.134-0800: 290.797: [JNI Weak Reference, 0.0000090 secs], 0.0988670 secs]
   [Parallel Time: 31.6 ms, GC Workers: 4]
      [GC Worker Start (ms): Min: 290704.1, Avg: 290704.1, Max: 290704.1, Diff: 0.1]
      [Ext Root Scanning (ms): Min: 0.3, Avg: 0.4, Max: 0.4, Diff: 0.1, Sum: 1.4]
      [SATB Filtering (ms): Min: 0.0, Avg: 0.0, Max: 0.0, Diff: 0.0, Sum: 0.0]
      [Update RS (ms): Min: 18.6, Avg: 18.8, Max: 19.0, Diff: 0.4, Sum: 75.0]
         [Processed Buffers: Min: 26, Avg: 26.0, Max: 26, Diff: 0, Sum: 104]
      [Scan RS (ms): Min: 0.6, Avg: 0.8, Max: 0.9, Diff: 0.3, Sum: 3.2]
      [Code Root Scanning (ms): Min: 0.1, Avg: 0.1, Max: 0.1, Diff: 0.0, Sum: 0.4]
      [Object Copy (ms): Min: 11.4, Avg: 11.4, Max: 11.5, Diff: 0.1, Sum: 45.7]
      [Termination (ms): Min: 0.0, Avg: 0.0, Max: 0.0, Diff: 0.0, Sum: 0.0]
      [GC Worker Other (ms): Min: 0.0, Avg: 0.1, Max: 0.1, Diff: 0.1, Sum: 0.3]
      [GC Worker Total (ms): Min: 31.5, Avg: 31.5, Max: 31.5, Diff: 0.0, Sum: 126.1]
      [GC Worker End (ms): Min: 290735.6, Avg: 290735.6, Max: 290735.7, Diff: 0.1]
   [Code Root Fixup: 0.0 ms]
   [Code Root Migration: 0.3 ms]
   [Clear CT: 0.4 ms]
   [Other: 66.6 ms]
      [Choose CSet: 0.0 ms]
      [Ref Proc: 61.5 ms]
      [Ref Enq: 2.4 ms]
      [Free CSet: 2.6 ms]
   [Eden: 1693.0M(1693.0M)->0.0B(1693.0M) Survivors: 22.0M->22.0M Heap: 3661.9M(4096.0M)->1968.4M(4096.0M)]
 [Times: user=0.36 sys=0.01, real=0.10 secs] 
2016-01-06T01:08:32.381-0800: 291.044: [GC pause (young)
Desired survivor size 112721920 bytes, new threshold 15 (max 15)
- age   1:   20625688 bytes,   20625688 total
- age   2:      36864 bytes,   20662552 total
2016-01-06T01:08:32.488-0800: 291.151: [SoftReference, 0 refs, 0.0000450 secs]2016-01-06T01:08:32.488-0800: 291.151: [WeakReference, 0 refs, 0.0000070 secs]2016-01-06T01:08:32.488-0800: 291.151: [FinalReference, 0 refs, 0.0000050 secs]2016-01-06T01:08:32.488-0800: 291.151: [PhantomReference, 0 refs, 52993 refs, 0.0018060 secs]2016-01-06T01:08:32.490-0800: 291.153: [JNI Weak Reference, 0.0000080 secs], 0.1137050 secs]
   [Parallel Time: 33.0 ms, GC Workers: 4]
      [GC Worker Start (ms): Min: 291044.3, Avg: 291044.6, Max: 291045.3, Diff: 1.0]
      [Ext Root Scanning (ms): Min: 0.0, Avg: 0.3, Max: 0.5, Diff: 0.5, Sum: 1.3]
      [SATB Filtering (ms): Min: 0.0, Avg: 0.0, Max: 0.0, Diff: 0.0, Sum: 0.0]
      [Update RS (ms): Min: 20.2, Avg: 20.7, Max: 21.0, Diff: 0.8, Sum: 82.9]
         [Processed Buffers: Min: 23, Avg: 28.8, Max: 36, Diff: 13, Sum: 115]
      [Scan RS (ms): Min: 0.6, Avg: 0.8, Max: 0.9, Diff: 0.3, Sum: 3.0]
      [Code Root Scanning (ms): Min: 0.0, Avg: 0.1, Max: 0.1, Diff: 0.1, Sum: 0.4]
      [Object Copy (ms): Min: 10.6, Avg: 10.7, Max: 10.7, Diff: 0.0, Sum: 42.7]
      [Termination (ms): Min: 0.0, Avg: 0.0, Max: 0.0, Diff: 0.0, Sum: 0.0]
      [GC Worker Other (ms): Min: 0.0, Avg: 0.1, Max: 0.1, Diff: 0.1, Sum: 0.3]
      [GC Worker Total (ms): Min: 31.9, Avg: 32.6, Max: 32.9, Diff: 1.0, Sum: 130.5]
      [GC Worker End (ms): Min: 291077.2, Avg: 291077.2, Max: 291077.2, Diff: 0.1]
   [Code Root Fixup: 0.0 ms]
   [Code Root Migration: 0.2 ms]
   [Clear CT: 0.5 ms]
   [Other: 80.0 ms]
      [Choose CSet: 0.0 ms]
      [Ref Proc: 75.4 ms]
      [Ref Enq: 2.4 ms]
      [Free CSet: 2.0 ms]
   [Eden: 1693.0M(1693.0M)->0.0B(1693.0M) Survivors: 22.0M->22.0M Heap: 3661.4M(4096.0M)->1968.9M(4096.0M)]
 [Times: user=0.42 sys=0.00, real=0.11 secs] 
2016-01-06T01:08:32.743-0800: 291.406: [GC pause (young)
Desired survivor size 112721920 bytes, new threshold 15 (max 15)
- age   1:   20625688 bytes,   20625688 total
- age   2:      36864 bytes,   20662552 total
2016-01-06T01:08:32.858-0800: 291.521: [SoftReference, 0 refs, 0.0000690 secs]2016-01-06T01:08:32.858-0800: 291.521: [WeakReference, 0 refs, 0.0000070 secs]2016-01-06T01:08:32.858-0800: 291.521: [FinalReference, 0 refs, 0.0000050 secs]2016-01-06T01:08:32.858-0800: 291.521: [PhantomReference, 0 refs, 52993 refs, 0.0018040 secs]2016-01-06T01:08:32.860-0800: 291.523: [JNI Weak Reference, 0.0000080 secs], 0.1219770 secs]
   [Parallel Time: 29.3 ms, GC Workers: 4]
      [GC Worker Start (ms): Min: 291406.0, Avg: 291406.0, Max: 291406.0, Diff: 0.1]
      [Ext Root Scanning (ms): Min: 0.3, Avg: 0.4, Max: 0.4, Diff: 0.1, Sum: 1.5]
      [SATB Filtering (ms): Min: 0.0, Avg: 0.0, Max: 0.0, Diff: 0.0, Sum: 0.0]
      [Update RS (ms): Min: 16.4, Avg: 16.7, Max: 16.9, Diff: 0.5, Sum: 66.7]
         [Processed Buffers: Min: 23, Avg: 23.2, Max: 24, Diff: 1, Sum: 93]
      [Scan RS (ms): Min: 0.7, Avg: 0.8, Max: 1.0, Diff: 0.3, Sum: 3.2]
      [Code Root Scanning (ms): Min: 0.0, Avg: 0.1, Max: 0.1, Diff: 0.1, Sum: 0.3]
      [Object Copy (ms): Min: 11.1, Avg: 11.2, Max: 11.2, Diff: 0.1, Sum: 44.7]
      [Termination (ms): Min: 0.0, Avg: 0.0, Max: 0.0, Diff: 0.0, Sum: 0.0]
      [GC Worker Other (ms): Min: 0.0, Avg: 0.1, Max: 0.1, Diff: 0.1, Sum: 0.3]
      [GC Worker Total (ms): Min: 29.2, Avg: 29.2, Max: 29.2, Diff: 0.1, Sum: 116.8]
      [GC Worker End (ms): Min: 291435.2, Avg: 291435.2, Max: 291435.2, Diff: 0.1]
   [Code Root Fixup: 0.0 ms]
   [Code Root Migration: 0.2 ms]
   [Clear CT: 0.4 ms]
   [Other: 92.0 ms]
      [Choose CSet: 0.0 ms]
      [Ref Proc: 87.5 ms]
      [Ref Enq: 2.4 ms]
      [Free CSet: 2.0 ms]
   [Eden: 1693.0M(1693.0M)->0.0B(1694.0M) Survivors: 22.0M->22.0M Heap: 3661.9M(4096.0M)->1968.9M(4096.0M)]
 [Times: user=0.47 sys=0.00, real=0.13 secs] 
2016-01-06T01:08:33.106-0800: 291.769: [GC pause (young)
Desired survivor size 112721920 bytes, new threshold 15 (max 15)
- age   1:   20625688 bytes,   20625688 total
- age   2:      36864 bytes,   20662552 total
2016-01-06T01:08:33.238-0800: 291.901: [SoftReference, 0 refs, 0.0000410 secs]2016-01-06T01:08:33.238-0800: 291.901: [WeakReference, 0 refs, 0.0000070 secs]2016-01-06T01:08:33.238-0800: 291.901: [FinalReference, 0 refs, 0.0000050 secs]2016-01-06T01:08:33.238-0800: 291.901: [PhantomReference, 0 refs, 53024 refs, 0.0018360 secs]2016-01-06T01:08:33.240-0800: 291.903: [JNI Weak Reference, 0.0000080 secs], 0.1393980 secs]
   [Parallel Time: 31.2 ms, GC Workers: 4]
      [GC Worker Start (ms): Min: 291768.8, Avg: 291769.6, Max: 291771.9, Diff: 3.1]
      [Ext Root Scanning (ms): Min: 0.0, Avg: 0.3, Max: 0.5, Diff: 0.5, Sum: 1.3]
      [SATB Filtering (ms): Min: 0.0, Avg: 0.0, Max: 0.0, Diff: 0.0, Sum: 0.0]
      [Update RS (ms): Min: 16.2, Avg: 18.4, Max: 19.2, Diff: 3.1, Sum: 73.7]
         [Processed Buffers: Min: 24, Avg: 26.5, Max: 28, Diff: 4, Sum: 106]
      [Scan RS (ms): Min: 0.7, Avg: 0.8, Max: 1.0, Diff: 0.3, Sum: 3.1]
      [Code Root Scanning (ms): Min: 0.0, Avg: 0.1, Max: 0.1, Diff: 0.1, Sum: 0.3]
      [Object Copy (ms): Min: 10.6, Avg: 10.6, Max: 10.7, Diff: 0.1, Sum: 42.6]
      [Termination (ms): Min: 0.0, Avg: 0.0, Max: 0.0, Diff: 0.0, Sum: 0.0]
      [GC Worker Other (ms): Min: 0.0, Avg: 0.1, Max: 0.1, Diff: 0.1, Sum: 0.3]
      [GC Worker Total (ms): Min: 28.0, Avg: 30.3, Max: 31.1, Diff: 3.1, Sum: 121.3]
      [GC Worker End (ms): Min: 291799.9, Avg: 291799.9, Max: 291799.9, Diff: 0.1]
   [Code Root Fixup: 0.0 ms]
   [Code Root Migration: 0.3 ms]
   [Clear CT: 0.4 ms]
   [Other: 107.5 ms]
      [Choose CSet: 0.0 ms]
      [Ref Proc: 102.9 ms]
      [Ref Enq: 2.5 ms]
      [Free CSet: 2.1 ms]
   [Eden: 1694.0M(1694.0M)->0.0B(1694.0M) Survivors: 22.0M->22.0M Heap: 3662.9M(4096.0M)->1968.9M(4096.0M)]
 [Times: user=0.51 sys=0.00, real=0.14 secs] 
2016-01-06T01:08:33.503-0800: 292.166: [GC pause (young)
Desired survivor size 112721920 bytes, new threshold 15 (max 15)
- age   1:   20627920 bytes,   20627920 total
- age   2:      36864 bytes,   20664784 total
2016-01-06T01:08:33.686-0800: 292.349: [SoftReference, 0 refs, 0.0000380 secs]2016-01-06T01:08:33.686-0800: 292.349: [WeakReference, 0 refs, 0.0000060 secs]2016-01-06T01:08:33.686-0800: 292.349: [FinalReference, 0 refs, 0.0000060 secs]2016-01-06T01:08:33.686-0800: 292.349: [PhantomReference, 0 refs, 53025 refs, 0.0020480 secs]2016-01-06T01:08:33.688-0800: 292.351: [JNI Weak Reference, 0.0000110 secs], 0.1909500 secs]
   [Parallel Time: 54.0 ms, GC Workers: 4]
      [GC Worker Start (ms): Min: 292165.9, Avg: 292166.6, Max: 292168.0, Diff: 2.0]
      [Ext Root Scanning (ms): Min: 0.0, Avg: 0.3, Max: 0.7, Diff: 0.7, Sum: 1.2]
      [SATB Filtering (ms): Min: 0.0, Avg: 0.0, Max: 0.0, Diff: 0.0, Sum: 0.0]
      [Update RS (ms): Min: 30.0, Avg: 31.0, Max: 31.4, Diff: 1.4, Sum: 123.8]
         [Processed Buffers: Min: 39, Avg: 43.5, Max: 47, Diff: 8, Sum: 174]
      [Scan RS (ms): Min: 0.7, Avg: 0.8, Max: 0.9, Diff: 0.1, Sum: 3.1]
      [Code Root Scanning (ms): Min: 0.1, Avg: 0.1, Max: 0.1, Diff: 0.0, Sum: 0.4]
      [Object Copy (ms): Min: 11.4, Avg: 12.9, Max: 17.2, Diff: 5.8, Sum: 51.6]
      [Termination (ms): Min: 0.0, Avg: 4.3, Max: 5.7, Diff: 5.7, Sum: 17.1]
      [GC Worker Other (ms): Min: 0.0, Avg: 0.0, Max: 0.0, Diff: 0.0, Sum: 0.1]
      [GC Worker Total (ms): Min: 48.0, Avg: 49.3, Max: 50.0, Diff: 2.0, Sum: 197.3]
      [GC Worker End (ms): Min: 292215.9, Avg: 292215.9, Max: 292215.9, Diff: 0.0]
   [Code Root Fixup: 0.0 ms]
   [Code Root Migration: 0.3 ms]
   [Clear CT: 0.5 ms]
   [Other: 136.1 ms]
      [Choose CSet: 0.0 ms]
      [Ref Proc: 131.3 ms]
      [Ref Enq: 2.4 ms]
      [Free CSet: 2.3 ms]
   [Eden: 1694.0M(1694.0M)->0.0B(1694.0M) Survivors: 22.0M->22.0M Heap: 3662.9M(4096.0M)->1968.4M(4096.0M)]
 [Times: user=0.58 sys=0.01, real=0.19 secs] 
2016-01-06T01:08:33.954-0800: 292.617: [GC pause (young)
Desired survivor size 112721920 bytes, new threshold 15 (max 15)
- age   1:   20627920 bytes,   20627920 total
- age   2:      36864 bytes,   20664784 total
2016-01-06T01:08:34.128-0800: 292.791: [SoftReference, 0 refs, 0.0000490 secs]2016-01-06T01:08:34.128-0800: 292.791: [WeakReference, 0 refs, 0.0000070 secs]2016-01-06T01:08:34.128-0800: 292.791: [FinalReference, 0 refs, 0.0000050 secs]2016-01-06T01:08:34.128-0800: 292.791: [PhantomReference, 0 refs, 53023 refs, 0.0018130 secs]2016-01-06T01:08:34.130-0800: 292.793: [JNI Weak Reference, 0.0000080 secs], 0.1816360 secs]
   [Parallel Time: 38.9 ms, GC Workers: 4]
      [GC Worker Start (ms): Min: 292616.6, Avg: 292616.7, Max: 292616.7, Diff: 0.1]
      [Ext Root Scanning (ms): Min: 0.3, Avg: 0.4, Max: 0.4, Diff: 0.1, Sum: 1.4]
      [SATB Filtering (ms): Min: 0.0, Avg: 0.0, Max: 0.0, Diff: 0.0, Sum: 0.0]
      [Update RS (ms): Min: 26.4, Avg: 26.5, Max: 26.5, Diff: 0.1, Sum: 105.9]
         [Processed Buffers: Min: 37, Avg: 37.5, Max: 38, Diff: 1, Sum: 150]
      [Scan RS (ms): Min: 0.7, Avg: 0.8, Max: 0.8, Diff: 0.1, Sum: 3.2]
      [Code Root Scanning (ms): Min: 0.1, Avg: 0.1, Max: 0.1, Diff: 0.0, Sum: 0.3]
      [Object Copy (ms): Min: 11.0, Avg: 11.0, Max: 11.0, Diff: 0.1, Sum: 44.0]
      [Termination (ms): Min: 0.0, Avg: 0.0, Max: 0.0, Diff: 0.0, Sum: 0.0]
      [GC Worker Other (ms): Min: 0.0, Avg: 0.1, Max: 0.1, Diff: 0.1, Sum: 0.3]
      [GC Worker Total (ms): Min: 38.7, Avg: 38.8, Max: 38.8, Diff: 0.1, Sum: 155.1]
      [GC Worker End (ms): Min: 292655.4, Avg: 292655.5, Max: 292655.5, Diff: 0.0]
   [Code Root Fixup: 0.0 ms]
   [Code Root Migration: 0.2 ms]
   [Clear CT: 0.4 ms]
   [Other: 142.1 ms]
      [Choose CSet: 0.0 ms]
      [Ref Proc: 137.5 ms]
      [Ref Enq: 2.4 ms]
      [Free CSet: 2.0 ms]
   [Eden: 1694.0M(1694.0M)->0.0B(1694.0M) Survivors: 22.0M->22.0M Heap: 3662.4M(4096.0M)->1968.9M(4096.0M)]
 [Times: user=0.69 sys=0.01, real=0.18 secs] 
2016-01-06T01:08:34.401-0800: 293.064: [GC pause (young)
Desired survivor size 112721920 bytes, new threshold 15 (max 15)
- age   1:   20627920 bytes,   20627920 total
- age   2:      36864 bytes,   20664784 total
2016-01-06T01:08:34.586-0800: 293.249: [SoftReference, 0 refs, 0.0000450 secs]2016-01-06T01:08:34.586-0800: 293.249: [WeakReference, 0 refs, 0.0000070 secs]2016-01-06T01:08:34.586-0800: 293.249: [FinalReference, 0 refs, 0.0000060 secs]2016-01-06T01:08:34.586-0800: 293.249: [PhantomReference, 0 refs, 53023 refs, 0.0017930 secs]2016-01-06T01:08:34.588-0800: 293.251: [JNI Weak Reference, 0.0000080 secs], 0.1936030 secs]
   [Parallel Time: 28.3 ms, GC Workers: 4]
      [GC Worker Start (ms): Min: 293063.7, Avg: 293063.7, Max: 293063.9, Diff: 0.3]
      [Ext Root Scanning (ms): Min: 0.3, Avg: 0.4, Max: 0.4, Diff: 0.2, Sum: 1.5]
      [SATB Filtering (ms): Min: 0.0, Avg: 0.0, Max: 0.0, Diff: 0.0, Sum: 0.0]
      [Update RS (ms): Min: 16.5, Avg: 16.7, Max: 16.8, Diff: 0.3, Sum: 66.7]
         [Processed Buffers: Min: 23, Avg: 23.5, Max: 24, Diff: 1, Sum: 94]
      [Scan RS (ms): Min: 0.6, Avg: 0.8, Max: 0.9, Diff: 0.3, Sum: 3.0]
      [Code Root Scanning (ms): Min: 0.1, Avg: 0.1, Max: 0.1, Diff: 0.0, Sum: 0.3]
      [Object Copy (ms): Min: 10.1, Avg: 10.2, Max: 10.2, Diff: 0.1, Sum: 40.7]
      [Termination (ms): Min: 0.0, Avg: 0.0, Max: 0.0, Diff: 0.0, Sum: 0.0]
      [GC Worker Other (ms): Min: 0.0, Avg: 0.1, Max: 0.1, Diff: 0.0, Sum: 0.2]
      [GC Worker Total (ms): Min: 27.9, Avg: 28.1, Max: 28.2, Diff: 0.3, Sum: 112.4]
      [GC Worker End (ms): Min: 293091.8, Avg: 293091.8, Max: 293091.9, Diff: 0.0]
   [Code Root Fixup: 0.0 ms]
   [Code Root Migration: 0.2 ms]
   [Clear CT: 1.4 ms]
   [Other: 163.7 ms]
      [Choose CSet: 0.0 ms]
      [Ref Proc: 159.1 ms]
      [Ref Enq: 2.4 ms]
      [Free CSet: 2.0 ms]
   [Eden: 1694.0M(1694.0M)->0.0B(1694.0M) Survivors: 22.0M->22.0M Heap: 3662.9M(4096.0M)->1968.9M(4096.0M)]
 [Times: user=0.73 sys=0.00, real=0.19 secs] 
2016-01-06T01:08:34.855-0800: 293.518: [GC pause (young)
Desired survivor size 112721920 bytes, new threshold 15 (max 15)
- age   1:   20627920 bytes,   20627920 total
- age   2:      36864 bytes,   20664784 total
2016-01-06T01:08:35.046-0800: 293.709: [SoftReference, 0 refs, 0.0000480 secs]2016-01-06T01:08:35.046-0800: 293.709: [WeakReference, 0 refs, 0.0000090 secs]2016-01-06T01:08:35.046-0800: 293.709: [FinalReference, 0 refs, 0.0000060 secs]2016-01-06T01:08:35.046-0800: 293.709: [PhantomReference, 0 refs, 53022 refs, 0.0017830 secs]2016-01-06T01:08:35.048-0800: 293.711: [JNI Weak Reference, 0.0000080 secs], 0.1986720 secs]
   [Parallel Time: 31.6 ms, GC Workers: 4]
      [GC Worker Start (ms): Min: 293517.6, Avg: 293518.2, Max: 293519.9, Diff: 2.3]
      [Ext Root Scanning (ms): Min: 0.0, Avg: 0.3, Max: 0.5, Diff: 0.5, Sum: 1.3]
      [SATB Filtering (ms): Min: 0.0, Avg: 0.0, Max: 0.0, Diff: 0.0, Sum: 0.0]
      [Update RS (ms): Min: 17.2, Avg: 18.5, Max: 19.2, Diff: 2.0, Sum: 73.9]
         [Processed Buffers: Min: 24, Avg: 27.2, Max: 30, Diff: 6, Sum: 109]
      [Scan RS (ms): Min: 0.6, Avg: 0.7, Max: 0.8, Diff: 0.2, Sum: 2.9]
      [Code Root Scanning (ms): Min: 0.1, Avg: 0.1, Max: 0.1, Diff: 0.0, Sum: 0.3]
      [Object Copy (ms): Min: 11.2, Avg: 11.2, Max: 11.3, Diff: 0.1, Sum: 45.0]
      [Termination (ms): Min: 0.0, Avg: 0.0, Max: 0.0, Diff: 0.0, Sum: 0.0]
      [GC Worker Other (ms): Min: 0.0, Avg: 0.1, Max: 0.1, Diff: 0.1, Sum: 0.2]
      [GC Worker Total (ms): Min: 29.2, Avg: 30.9, Max: 31.5, Diff: 2.3, Sum: 123.6]
      [GC Worker End (ms): Min: 293549.1, Avg: 293549.1, Max: 293549.2, Diff: 0.1]
   [Code Root Fixup: 0.0 ms]
   [Code Root Migration: 0.2 ms]
   [Clear CT: 0.5 ms]
   [Other: 166.3 ms]
      [Choose CSet: 0.0 ms]
      [Ref Proc: 161.8 ms]
      [Ref Enq: 2.4 ms]
      [Free CSet: 2.0 ms]
   [Eden: 1694.0M(1694.0M)->0.0B(1694.0M) Survivors: 22.0M->22.0M Heap: 3662.9M(4096.0M)->1968.9M(4096.0M)]
 [Times: user=0.75 sys=0.00, real=0.20 secs] 
2016-01-06T01:08:35.293-0800: 293.956: [GC pause (young)
Desired survivor size 112721920 bytes, new threshold 15 (max 15)
- age   1:   20627920 bytes,   20627920 total
- age   2:      36864 bytes,   20664784 total
2016-01-06T01:08:35.457-0800: 294.119: [SoftReference, 0 refs, 0.0000410 secs]2016-01-06T01:08:35.457-0800: 294.120: [WeakReference, 0 refs, 0.0000060 secs]2016-01-06T01:08:35.457-0800: 294.120: [FinalReference, 0 refs, 0.0000060 secs]2016-01-06T01:08:35.457-0800: 294.120: [PhantomReference, 0 refs, 53022 refs, 0.0017760 secs]2016-01-06T01:08:35.458-0800: 294.121: [JNI Weak Reference, 0.0000080 secs], 0.1706860 secs]
   [Parallel Time: 12.5 ms, GC Workers: 4]
      [GC Worker Start (ms): Min: 293956.0, Avg: 293956.0, Max: 293956.1, Diff: 0.1]
      [Ext Root Scanning (ms): Min: 0.3, Avg: 0.4, Max: 0.4, Diff: 0.1, Sum: 1.4]
      [SATB Filtering (ms): Min: 0.0, Avg: 0.0, Max: 0.0, Diff: 0.0, Sum: 0.0]
      [Update RS (ms): Min: 0.0, Avg: 0.1, Max: 0.2, Diff: 0.2, Sum: 0.2]
         [Processed Buffers: Min: 0, Avg: 1.2, Max: 4, Diff: 4, Sum: 5]
      [Scan RS (ms): Min: 0.7, Avg: 0.8, Max: 0.8, Diff: 0.2, Sum: 3.1]
      [Code Root Scanning (ms): Min: 0.1, Avg: 0.1, Max: 0.1, Diff: 0.0, Sum: 0.3]
      [Object Copy (ms): Min: 10.9, Avg: 11.0, Max: 11.0, Diff: 0.1, Sum: 43.9]
      [Termination (ms): Min: 0.0, Avg: 0.0, Max: 0.0, Diff: 0.0, Sum: 0.0]
      [GC Worker Other (ms): Min: 0.0, Avg: 0.1, Max: 0.1, Diff: 0.1, Sum: 0.3]
      [GC Worker Total (ms): Min: 12.3, Avg: 12.3, Max: 12.4, Diff: 0.1, Sum: 49.3]
      [GC Worker End (ms): Min: 293968.3, Avg: 293968.4, Max: 293968.4, Diff: 0.1]
   [Code Root Fixup: 0.0 ms]
   [Code Root Migration: 0.2 ms]
   [Clear CT: 0.5 ms]
   [Other: 157.5 ms]
      [Choose CSet: 0.0 ms]
      [Ref Proc: 152.9 ms]
      [Ref Enq: 2.4 ms]
      [Free CSet: 2.1 ms]
   [Eden: 1694.0M(1694.0M)->0.0B(1694.0M) Survivors: 22.0M->22.0M Heap: 3662.9M(4096.0M)->1968.9M(4096.0M)]
 [Times: user=0.63 sys=0.00, real=0.17 secs] 
2016-01-06T01:08:35.723-0800: 294.386: [GC pause (young)
Desired survivor size 112721920 bytes, new threshold 15 (max 15)
- age   1:   20627920 bytes,   20627920 total
- age   2:      36864 bytes,   20664784 total
2016-01-06T01:08:35.899-0800: 294.562: [SoftReference, 0 refs, 0.0000510 secs]2016-01-06T01:08:35.899-0800: 294.562: [WeakReference, 0 refs, 0.0000070 secs]2016-01-06T01:08:35.899-0800: 294.562: [FinalReference, 0 refs, 0.0000050 secs]2016-01-06T01:08:35.899-0800: 294.562: [PhantomReference, 0 refs, 53023 refs, 0.0017690 secs]2016-01-06T01:08:35.901-0800: 294.564: [JNI Weak Reference, 0.0000070 secs], 0.1834390 secs]
   [Parallel Time: 16.9 ms, GC Workers: 4]
      [GC Worker Start (ms): Min: 294386.0, Avg: 294388.1, Max: 294392.7, Diff: 6.7]
      [Ext Root Scanning (ms): Min: 0.0, Avg: 0.3, Max: 0.6, Diff: 0.6, Sum: 1.2]
      [SATB Filtering (ms): Min: 0.0, Avg: 0.0, Max: 0.0, Diff: 0.0, Sum: 0.0]
      [Update RS (ms): Min: 0.0, Avg: 2.1, Max: 3.5, Diff: 3.5, Sum: 8.4]
         [Processed Buffers: Min: 0, Avg: 4.0, Max: 8, Diff: 8, Sum: 16]
      [Scan RS (ms): Min: 0.2, Avg: 0.7, Max: 1.3, Diff: 1.1, Sum: 3.0]
      [Code Root Scanning (ms): Min: 0.0, Avg: 0.1, Max: 0.2, Diff: 0.2, Sum: 0.3]
      [Object Copy (ms): Min: 9.8, Avg: 10.4, Max: 10.7, Diff: 0.9, Sum: 41.7]
      [Termination (ms): Min: 0.0, Avg: 0.9, Max: 1.2, Diff: 1.2, Sum: 3.5]
      [GC Worker Other (ms): Min: 0.0, Avg: 0.1, Max: 0.1, Diff: 0.1, Sum: 0.2]
      [GC Worker Total (ms): Min: 10.0, Avg: 14.6, Max: 16.8, Diff: 6.8, Sum: 58.3]
      [GC Worker End (ms): Min: 294402.7, Avg: 294402.7, Max: 294402.7, Diff: 0.1]
   [Code Root Fixup: 0.0 ms]
   [Code Root Migration: 0.2 ms]
   [Clear CT: 0.4 ms]
   [Other: 165.9 ms]
      [Choose CSet: 0.0 ms]
      [Ref Proc: 161.4 ms]
      [Ref Enq: 2.5 ms]
      [Free CSet: 2.0 ms]
   [Eden: 1694.0M(1694.0M)->0.0B(1694.0M) Survivors: 22.0M->22.0M Heap: 3662.9M(4096.0M)->1968.4M(4096.0M)]
 [Times: user=0.67 sys=0.00, real=0.19 secs] 
2016-01-06T01:08:36.168-0800: 294.831: [GC pause (young)
Desired survivor size 112721920 bytes, new threshold 15 (max 15)
- age   1:   20627920 bytes,   20627920 total
- age   2:      36864 bytes,   20664784 total
2016-01-06T01:08:36.372-0800: 295.034: [SoftReference, 0 refs, 0.0000490 secs]2016-01-06T01:08:36.372-0800: 295.035: [WeakReference, 0 refs, 0.0000080 secs]2016-01-06T01:08:36.372-0800: 295.035: [FinalReference, 0 refs, 0.0000050 secs]2016-01-06T01:08:36.372-0800: 295.035: [PhantomReference, 0 refs, 53022 refs, 0.0017860 secs]2016-01-06T01:08:36.373-0800: 295.036: [JNI Weak Reference, 0.0000070 secs], 0.2106560 secs]
   [Parallel Time: 35.3 ms, GC Workers: 4]
      [GC Worker Start (ms): Min: 294830.9, Avg: 294831.0, Max: 294831.0, Diff: 0.1]
      [Ext Root Scanning (ms): Min: 0.3, Avg: 0.4, Max: 0.4, Diff: 0.1, Sum: 1.4]
      [SATB Filtering (ms): Min: 0.0, Avg: 0.0, Max: 0.0, Diff: 0.0, Sum: 0.0]
      [Update RS (ms): Min: 23.7, Avg: 23.8, Max: 23.8, Diff: 0.1, Sum: 95.1]
         [Processed Buffers: Min: 33, Avg: 34.0, Max: 35, Diff: 2, Sum: 136]
      [Scan RS (ms): Min: 0.7, Avg: 0.7, Max: 0.8, Diff: 0.1, Sum: 2.9]
      [Code Root Scanning (ms): Min: 0.1, Avg: 0.1, Max: 0.1, Diff: 0.0, Sum: 0.4]
      [Object Copy (ms): Min: 10.1, Avg: 10.1, Max: 10.2, Diff: 0.1, Sum: 40.6]
      [Termination (ms): Min: 0.0, Avg: 0.0, Max: 0.0, Diff: 0.0, Sum: 0.0]
      [GC Worker Other (ms): Min: 0.0, Avg: 0.1, Max: 0.1, Diff: 0.1, Sum: 0.2]
      [GC Worker Total (ms): Min: 35.1, Avg: 35.2, Max: 35.2, Diff: 0.0, Sum: 140.6]
      [GC Worker End (ms): Min: 294866.1, Avg: 294866.1, Max: 294866.1, Diff: 0.1]
   [Code Root Fixup: 0.0 ms]
   [Code Root Migration: 0.2 ms]
   [Clear CT: 0.4 ms]
   [Other: 174.7 ms]
      [Choose CSet: 0.0 ms]
      [Ref Proc: 170.2 ms]
      [Ref Enq: 2.4 ms]
      [Free CSet: 2.1 ms]
   [Eden: 1694.0M(1694.0M)->0.0B(1468.0M) Survivors: 22.0M->22.0M Heap: 3662.4M(4096.0M)->1968.9M(4096.0M)]
 [Times: user=0.78 sys=0.00, real=0.21 secs] 
2016-01-06T01:08:36.589-0800: 295.252: [GC pause (young)
Desired survivor size 98041856 bytes, new threshold 15 (max 15)
- age   1:   20627920 bytes,   20627920 total
- age   2:      36864 bytes,   20664784 total
2016-01-06T01:08:36.780-0800: 295.443: [SoftReference, 0 refs, 0.0000460 secs]2016-01-06T01:08:36.780-0800: 295.443: [WeakReference, 0 refs, 0.0000100 secs]2016-01-06T01:08:36.780-0800: 295.443: [FinalReference, 0 refs, 0.0000090 secs]2016-01-06T01:08:36.780-0800: 295.443: [PhantomReference, 0 refs, 46018 refs, 0.0026680 secs]2016-01-06T01:08:36.783-0800: 295.445: [JNI Weak Reference, 0.0000140 secs], 0.1998040 secs]
   [Parallel Time: 27.8 ms, GC Workers: 4]
      [GC Worker Start (ms): Min: 295251.9, Avg: 295252.7, Max: 295255.2, Diff: 3.3]
      [Ext Root Scanning (ms): Min: 0.0, Avg: 0.3, Max: 0.5, Diff: 0.5, Sum: 1.3]
      [SATB Filtering (ms): Min: 0.0, Avg: 0.0, Max: 0.0, Diff: 0.0, Sum: 0.0]
      [Update RS (ms): Min: 13.6, Avg: 16.4, Max: 18.4, Diff: 4.8, Sum: 65.8]
         [Processed Buffers: Min: 17, Avg: 22.5, Max: 27, Diff: 10, Sum: 90]
      [Scan RS (ms): Min: 0.2, Avg: 0.6, Max: 1.0, Diff: 0.8, Sum: 2.6]
      [Code Root Scanning (ms): Min: 0.0, Avg: 0.1, Max: 0.1, Diff: 0.1, Sum: 0.3]
      [Object Copy (ms): Min: 8.5, Avg: 9.3, Max: 9.6, Diff: 1.0, Sum: 37.2]
      [Termination (ms): Min: 0.0, Avg: 0.0, Max: 0.0, Diff: 0.0, Sum: 0.0]
      [GC Worker Other (ms): Min: 0.0, Avg: 0.1, Max: 0.1, Diff: 0.0, Sum: 0.2]
      [GC Worker Total (ms): Min: 24.4, Avg: 26.8, Max: 27.7, Diff: 3.3, Sum: 107.4]
      [GC Worker End (ms): Min: 295279.5, Avg: 295279.6, Max: 295279.6, Diff: 0.0]
   [Code Root Fixup: 0.0 ms]
   [Code Root Migration: 0.3 ms]
   [Clear CT: 0.6 ms]
   [Other: 171.2 ms]
      [Choose CSet: 0.0 ms]
      [Ref Proc: 165.8 ms]
      [Ref Enq: 3.2 ms]
      [Free CSet: 2.1 ms]
   [Eden: 1468.0M(1468.0M)->0.0B(427.0M) Survivors: 22.0M->22.0M Heap: 3436.9M(4096.0M)->1968.4M(4096.0M)]
 [Times: user=0.70 sys=0.00, real=0.20 secs] 
2016-01-06T01:08:36.852-0800: 295.514: [GC pause (young)
Desired survivor size 29884416 bytes, new threshold 15 (max 15)
- age   1:   20123488 bytes,   20123488 total
- age   2:      36864 bytes,   20160352 total
2016-01-06T01:08:37.051-0800: 295.713: [SoftReference, 0 refs, 0.0000430 secs]2016-01-06T01:08:37.051-0800: 295.713: [WeakReference, 0 refs, 0.0000060 secs]2016-01-06T01:08:37.051-0800: 295.713: [FinalReference, 0 refs, 0.0000050 secs]2016-01-06T01:08:37.051-0800: 295.714: [PhantomReference, 0 refs, 13747 refs, 0.0004950 secs]2016-01-06T01:08:37.051-0800: 295.714: [JNI Weak Reference, 0.0000080 secs], 0.2010950 secs]
   [Parallel Time: 16.2 ms, GC Workers: 4]
      [GC Worker Start (ms): Min: 295514.6, Avg: 295514.6, Max: 295514.6, Diff: 0.1]
      [Ext Root Scanning (ms): Min: 0.3, Avg: 0.4, Max: 0.4, Diff: 0.1, Sum: 1.4]
      [SATB Filtering (ms): Min: 0.0, Avg: 0.0, Max: 0.0, Diff: 0.0, Sum: 0.0]
      [Update RS (ms): Min: 12.2, Avg: 12.5, Max: 12.6, Diff: 0.4, Sum: 49.8]
         [Processed Buffers: Min: 15, Avg: 17.0, Max: 19, Diff: 4, Sum: 68]
      [Scan RS (ms): Min: 0.0, Avg: 0.2, Max: 0.4, Diff: 0.3, Sum: 0.7]
      [Code Root Scanning (ms): Min: 0.0, Avg: 0.0, Max: 0.0, Diff: 0.0, Sum: 0.1]
      [Object Copy (ms): Min: 3.0, Avg: 3.0, Max: 3.0, Diff: 0.0, Sum: 12.0]
      [Termination (ms): Min: 0.0, Avg: 0.0, Max: 0.0, Diff: 0.0, Sum: 0.0]
      [GC Worker Other (ms): Min: 0.0, Avg: 0.0, Max: 0.1, Diff: 0.0, Sum: 0.1]
      [GC Worker Total (ms): Min: 16.0, Avg: 16.1, Max: 16.1, Diff: 0.1, Sum: 64.3]
      [GC Worker End (ms): Min: 295530.6, Avg: 295530.7, Max: 295530.7, Diff: 0.0]
   [Code Root Fixup: 0.0 ms]
   [Code Root Migration: 0.1 ms]
   [Clear CT: 0.2 ms]
   [Other: 184.6 ms]
      [Choose CSet: 0.0 ms]
      [Ref Proc: 183.3 ms]
      [Ref Enq: 0.6 ms]
      [Free CSet: 0.6 ms]
   [Eden: 427.0M(427.0M)->0.0B(185.0M) Survivors: 22.0M->19.0M Heap: 2395.4M(4096.0M)->1965.9M(4096.0M)]
 [Times: user=0.78 sys=0.00, real=0.20 secs] 
2016-01-06T01:08:37.080-0800: 295.743: [GC pause (young)
Desired survivor size 13631488 bytes, new threshold 1 (max 15)
- age   1:   17799976 bytes,   17799976 total
- age   2:      36864 bytes,   17836840 total
2016-01-06T01:08:37.269-0800: 295.932: [SoftReference, 0 refs, 0.0000500 secs]2016-01-06T01:08:37.269-0800: 295.932: [WeakReference, 0 refs, 0.0000080 secs]2016-01-06T01:08:37.269-0800: 295.932: [FinalReference, 0 refs, 0.0000050 secs]2016-01-06T01:08:37.269-0800: 295.932: [PhantomReference, 0 refs, 6245 refs, 0.0002480 secs]2016-01-06T01:08:37.269-0800: 295.932: [JNI Weak Reference, 0.0000070 secs], 0.1902350 secs]
   [Parallel Time: 7.9 ms, GC Workers: 4]
      [GC Worker Start (ms): Min: 295742.8, Avg: 295743.1, Max: 295743.9, Diff: 1.2]
      [Ext Root Scanning (ms): Min: 0.0, Avg: 0.3, Max: 0.5, Diff: 0.4, Sum: 1.3]
      [SATB Filtering (ms): Min: 0.0, Avg: 0.0, Max: 0.0, Diff: 0.0, Sum: 0.0]
      [Update RS (ms): Min: 4.3, Avg: 5.0, Max: 5.3, Diff: 1.1, Sum: 19.9]
         [Processed Buffers: Min: 6, Avg: 7.8, Max: 9, Diff: 3, Sum: 31]
      [Scan RS (ms): Min: 0.0, Avg: 0.1, Max: 0.2, Diff: 0.2, Sum: 0.3]
      [Code Root Scanning (ms): Min: 0.0, Avg: 0.0, Max: 0.0, Diff: 0.0, Sum: 0.0]
      [Object Copy (ms): Min: 2.1, Avg: 2.1, Max: 2.2, Diff: 0.1, Sum: 8.5]
      [Termination (ms): Min: 0.0, Avg: 0.0, Max: 0.0, Diff: 0.0, Sum: 0.0]
      [GC Worker Other (ms): Min: 0.0, Avg: 0.0, Max: 0.0, Diff: 0.0, Sum: 0.1]
      [GC Worker Total (ms): Min: 6.7, Avg: 7.5, Max: 7.8, Diff: 1.2, Sum: 30.1]
      [GC Worker End (ms): Min: 295750.6, Avg: 295750.6, Max: 295750.6, Diff: 0.0]
   [Code Root Fixup: 0.0 ms]
   [Code Root Migration: 0.0 ms]
   [Clear CT: 0.1 ms]
   [Other: 182.2 ms]
      [Choose CSet: 0.0 ms]
      [Ref Proc: 181.5 ms]
      [Ref Enq: 0.3 ms]
      [Free CSet: 0.3 ms]
   [Eden: 185.0M(185.0M)->0.0B(188.0M) Survivors: 19.0M->16.0M Heap: 2150.9M(4096.0M)->1962.9M(4096.0M)]
 [Times: user=0.73 sys=0.00, real=0.19 secs] 
2016-01-06T01:08:37.297-0800: 295.960: [GC pause (young)
Desired survivor size 13631488 bytes, new threshold 1 (max 15)
- age   1:   15158584 bytes,   15158584 total
2016-01-06T01:08:37.487-0800: 296.150: [SoftReference, 0 refs, 0.0000420 secs]2016-01-06T01:08:37.487-0800: 296.150: [WeakReference, 0 refs, 0.0000070 secs]2016-01-06T01:08:37.487-0800: 296.150: [FinalReference, 0 refs, 0.0000060 secs]2016-01-06T01:08:37.487-0800: 296.150: [PhantomReference, 0 refs, 6333 refs, 0.0002370 secs]2016-01-06T01:08:37.487-0800: 296.150: [JNI Weak Reference, 0.0000070 secs], 0.1916410 secs]
   [Parallel Time: 8.9 ms, GC Workers: 4]
      [GC Worker Start (ms): Min: 295959.7, Avg: 295959.8, Max: 295959.9, Diff: 0.2]
      [Ext Root Scanning (ms): Min: 0.3, Avg: 0.4, Max: 0.4, Diff: 0.2, Sum: 1.4]
      [SATB Filtering (ms): Min: 0.0, Avg: 0.0, Max: 0.0, Diff: 0.0, Sum: 0.0]
      [Update RS (ms): Min: 5.8, Avg: 5.8, Max: 5.9, Diff: 0.1, Sum: 23.4]
         [Processed Buffers: Min: 8, Avg: 9.2, Max: 10, Diff: 2, Sum: 37]
      [Scan RS (ms): Min: 0.0, Avg: 0.1, Max: 0.1, Diff: 0.1, Sum: 0.3]
      [Code Root Scanning (ms): Min: 0.0, Avg: 0.0, Max: 0.0, Diff: 0.0, Sum: 0.0]
      [Object Copy (ms): Min: 2.4, Avg: 2.4, Max: 2.4, Diff: 0.0, Sum: 9.5]
      [Termination (ms): Min: 0.0, Avg: 0.0, Max: 0.0, Diff: 0.0, Sum: 0.0]
      [GC Worker Other (ms): Min: 0.0, Avg: 0.0, Max: 0.0, Diff: 0.0, Sum: 0.1]
      [GC Worker Total (ms): Min: 8.5, Avg: 8.7, Max: 8.8, Diff: 0.2, Sum: 34.8]
      [GC Worker End (ms): Min: 295968.5, Avg: 295968.5, Max: 295968.5, Diff: 0.0]
   [Code Root Fixup: 0.0 ms]
   [Code Root Migration: 0.0 ms]
   [Clear CT: 0.2 ms]
   [Other: 182.6 ms]
      [Choose CSet: 0.0 ms]
      [Ref Proc: 181.9 ms]
      [Ref Enq: 0.3 ms]
      [Free CSet: 0.3 ms]
   [Eden: 188.0M(188.0M)->0.0B(186.0M) Survivors: 16.0M->18.0M Heap: 2150.9M(4096.0M)->1965.0M(4096.0M)]
 [Times: user=0.74 sys=0.01, real=0.20 secs] 
2016-01-06T01:08:37.515-0800: 296.178: [GC pause (young)
Desired survivor size 13631488 bytes, new threshold 1 (max 15)
- age   1:   17266528 bytes,   17266528 total
2016-01-06T01:08:37.710-0800: 296.373: [SoftReference, 0 refs, 0.0000460 secs]2016-01-06T01:08:37.710-0800: 296.373: [WeakReference, 0 refs, 0.0000080 secs]2016-01-06T01:08:37.710-0800: 296.373: [FinalReference, 0 refs, 0.0000060 secs]2016-01-06T01:08:37.710-0800: 296.373: [PhantomReference, 0 refs, 6275 refs, 0.0002310 secs]2016-01-06T01:08:37.710-0800: 296.373: [JNI Weak Reference, 0.0000080 secs], 0.1954950 secs]
   [Parallel Time: 8.1 ms, GC Workers: 4]
      [GC Worker Start (ms): Min: 296178.2, Avg: 296178.3, Max: 296178.3, Diff: 0.1]
      [Ext Root Scanning (ms): Min: 0.4, Avg: 0.7, Max: 1.7, Diff: 1.3, Sum: 2.9]
      [SATB Filtering (ms): Min: 0.0, Avg: 0.0, Max: 0.0, Diff: 0.0, Sum: 0.0]
      [Update RS (ms): Min: 3.6, Avg: 4.8, Max: 5.3, Diff: 1.7, Sum: 19.1]
         [Processed Buffers: Min: 5, Avg: 7.8, Max: 10, Diff: 5, Sum: 31]
      [Scan RS (ms): Min: 0.0, Avg: 0.1, Max: 0.2, Diff: 0.2, Sum: 0.3]
      [Code Root Scanning (ms): Min: 0.0, Avg: 0.0, Max: 0.0, Diff: 0.0, Sum: 0.0]
      [Object Copy (ms): Min: 2.2, Avg: 2.3, Max: 2.5, Diff: 0.2, Sum: 9.4]
      [Termination (ms): Min: 0.0, Avg: 0.0, Max: 0.0, Diff: 0.0, Sum: 0.0]
      [GC Worker Other (ms): Min: 0.0, Avg: 0.0, Max: 0.0, Diff: 0.0, Sum: 0.1]
      [GC Worker Total (ms): Min: 7.9, Avg: 8.0, Max: 8.0, Diff: 0.1, Sum: 31.8]
      [GC Worker End (ms): Min: 296186.2, Avg: 296186.2, Max: 296186.2, Diff: 0.0]
   [Code Root Fixup: 0.0 ms]
   [Code Root Migration: 0.0 ms]
   [Clear CT: 0.1 ms]
   [Other: 187.3 ms]
      [Choose CSet: 0.0 ms]
      [Ref Proc: 186.6 ms]
      [Ref Enq: 0.3 ms]
      [Free CSet: 0.4 ms]
   [Eden: 186.0M(186.0M)->0.0B(185.0M) Survivors: 18.0M->19.0M Heap: 2151.0M(4096.0M)->1965.5M(4096.0M)]
 [Times: user=0.70 sys=0.00, real=0.20 secs] 
2016-01-06T01:08:37.738-0800: 296.401: [GC pause (young)
Desired survivor size 13631488 bytes, new threshold 1 (max 15)
- age   1:   17262064 bytes,   17262064 total
2016-01-06T01:08:37.944-0800: 296.607: [SoftReference, 0 refs, 0.0000360 secs]2016-01-06T01:08:37.944-0800: 296.607: [WeakReference, 0 refs, 0.0000060 secs]2016-01-06T01:08:37.944-0800: 296.607: [FinalReference, 0 refs, 0.0000060 secs]2016-01-06T01:08:37.944-0800: 296.607: [PhantomReference, 0 refs, 6245 refs, 0.0002350 secs]2016-01-06T01:08:37.945-0800: 296.608: [JNI Weak Reference, 0.0000080 secs], 0.2071280 secs]
   [Parallel Time: 9.3 ms, GC Workers: 4]
      [GC Worker Start (ms): Min: 296401.3, Avg: 296403.6, Max: 296410.5, Diff: 9.1]
      [Ext Root Scanning (ms): Min: 0.0, Avg: 0.4, Max: 0.5, Diff: 0.5, Sum: 1.4]
      [SATB Filtering (ms): Min: 0.0, Avg: 0.0, Max: 0.0, Diff: 0.0, Sum: 0.0]
      [Update RS (ms): Min: 0.0, Avg: 4.3, Max: 5.9, Diff: 5.9, Sum: 17.2]
         [Processed Buffers: Min: 0, Avg: 6.5, Max: 11, Diff: 11, Sum: 26]
      [Scan RS (ms): Min: 0.0, Avg: 0.1, Max: 0.3, Diff: 0.2, Sum: 0.4]
      [Code Root Scanning (ms): Min: 0.0, Avg: 0.0, Max: 0.0, Diff: 0.0, Sum: 0.0]
      [Object Copy (ms): Min: 0.0, Avg: 2.0, Max: 2.8, Diff: 2.8, Sum: 7.9]
      [Termination (ms): Min: 0.0, Avg: 0.1, Max: 0.2, Diff: 0.2, Sum: 0.6]
      [GC Worker Other (ms): Min: 0.0, Avg: 0.0, Max: 0.0, Diff: 0.0, Sum: 0.0]
      [GC Worker Total (ms): Min: 0.1, Avg: 6.9, Max: 9.2, Diff: 9.1, Sum: 27.6]
      [GC Worker End (ms): Min: 296410.5, Avg: 296410.6, Max: 296410.6, Diff: 0.0]
   [Code Root Fixup: 0.0 ms]
   [Code Root Migration: 0.0 ms]
   [Clear CT: 0.1 ms]
   [Other: 197.6 ms]
      [Choose CSet: 0.0 ms]
      [Ref Proc: 196.9 ms]
      [Ref Enq: 0.3 ms]
      [Free CSet: 0.3 ms]
   [Eden: 185.0M(185.0M)->0.0B(185.0M) Survivors: 19.0M->19.0M Heap: 2150.5M(4096.0M)->1965.5M(4096.0M)]
 [Times: user=0.74 sys=0.00, real=0.21 secs] 
2016-01-06T01:08:37.972-0800: 296.635: [GC pause (young)
Desired survivor size 13631488 bytes, new threshold 1 (max 15)
- age   1:   17259832 bytes,   17259832 total
2016-01-06T01:08:38.156-0800: 296.819: [SoftReference, 0 refs, 0.0000410 secs]2016-01-06T01:08:38.156-0800: 296.819: [WeakReference, 0 refs, 0.0000070 secs]2016-01-06T01:08:38.156-0800: 296.819: [FinalReference, 0 refs, 0.0000060 secs]2016-01-06T01:08:38.156-0800: 296.819: [PhantomReference, 0 refs, 6245 refs, 0.0002330 secs]2016-01-06T01:08:38.156-0800: 296.819: [JNI Weak Reference, 0.0000080 secs], 0.1853940 secs]
   [Parallel Time: 9.3 ms, GC Workers: 4]
      [GC Worker Start (ms): Min: 296634.8, Avg: 296637.1, Max: 296643.9, Diff: 9.2]
      [Ext Root Scanning (ms): Min: 0.0, Avg: 0.3, Max: 0.5, Diff: 0.5, Sum: 1.3]
      [SATB Filtering (ms): Min: 0.0, Avg: 0.0, Max: 0.0, Diff: 0.0, Sum: 0.0]
      [Update RS (ms): Min: 0.0, Avg: 0.8, Max: 1.3, Diff: 1.3, Sum: 3.3]
         [Processed Buffers: Min: 0, Avg: 2.0, Max: 3, Diff: 3, Sum: 8]
      [Scan RS (ms): Min: 0.0, Avg: 0.1, Max: 0.2, Diff: 0.2, Sum: 0.4]
      [Code Root Scanning (ms): Min: 0.0, Avg: 0.0, Max: 0.0, Diff: 0.0, Sum: 0.1]
      [Object Copy (ms): Min: 0.0, Avg: 1.9, Max: 2.7, Diff: 2.6, Sum: 7.7]
      [Termination (ms): Min: 0.0, Avg: 3.7, Max: 5.0, Diff: 5.0, Sum: 15.0]
      [GC Worker Other (ms): Min: 0.0, Avg: 0.0, Max: 0.0, Diff: 0.0, Sum: 0.0]
      [GC Worker Total (ms): Min: 0.1, Avg: 6.9, Max: 9.2, Diff: 9.2, Sum: 27.7]
      [GC Worker End (ms): Min: 296644.0, Avg: 296644.0, Max: 296644.0, Diff: 0.0]
   [Code Root Fixup: 0.0 ms]
   [Code Root Migration: 0.0 ms]
   [Clear CT: 0.2 ms]
   [Other: 175.9 ms]
      [Choose CSet: 0.0 ms]
      [Ref Proc: 175.1 ms]
      [Ref Enq: 0.3 ms]
      [Free CSet: 0.4 ms]
   [Eden: 185.0M(185.0M)->0.0B(185.0M) Survivors: 19.0M->19.0M Heap: 2150.5M(4096.0M)->1965.6M(4096.0M)]
 [Times: user=0.64 sys=0.00, real=0.19 secs] 
2016-01-06T01:08:38.184-0800: 296.847: [GC pause (young)
Desired survivor size 13631488 bytes, new threshold 1 (max 15)
- age   1:   17259832 bytes,   17259832 total
2016-01-06T01:08:38.370-0800: 297.033: [SoftReference, 0 refs, 0.0000500 secs]2016-01-06T01:08:38.370-0800: 297.033: [WeakReference, 0 refs, 0.0000090 secs]2016-01-06T01:08:38.370-0800: 297.033: [FinalReference, 0 refs, 0.0000050 secs]2016-01-06T01:08:38.370-0800: 297.033: [PhantomReference, 0 refs, 6244 refs, 0.0002340 secs]2016-01-06T01:08:38.370-0800: 297.033: [JNI Weak Reference, 0.0000070 secs], 0.1870210 secs]
   [Parallel Time: 3.4 ms, GC Workers: 4]
      [GC Worker Start (ms): Min: 296847.0, Avg: 296847.0, Max: 296847.1, Diff: 0.1]
      [Ext Root Scanning (ms): Min: 0.3, Avg: 0.4, Max: 0.4, Diff: 0.1, Sum: 1.4]
      [SATB Filtering (ms): Min: 0.0, Avg: 0.0, Max: 0.0, Diff: 0.0, Sum: 0.0]
      [Update RS (ms): Min: 0.1, Avg: 0.4, Max: 0.6, Diff: 0.5, Sum: 1.6]
         [Processed Buffers: Min: 1, Avg: 1.2, Max: 2, Diff: 1, Sum: 5]
      [Scan RS (ms): Min: 0.0, Avg: 0.1, Max: 0.2, Diff: 0.2, Sum: 0.3]
      [Code Root Scanning (ms): Min: 0.0, Avg: 0.0, Max: 0.0, Diff: 0.0, Sum: 0.0]
      [Object Copy (ms): Min: 2.2, Avg: 2.4, Max: 2.6, Diff: 0.4, Sum: 9.5]
      [Termination (ms): Min: 0.0, Avg: 0.0, Max: 0.0, Diff: 0.0, Sum: 0.0]
      [GC Worker Other (ms): Min: 0.0, Avg: 0.0, Max: 0.0, Diff: 0.0, Sum: 0.1]
      [GC Worker Total (ms): Min: 3.2, Avg: 3.3, Max: 3.3, Diff: 0.1, Sum: 13.0]
      [GC Worker End (ms): Min: 296850.3, Avg: 296850.3, Max: 296850.3, Diff: 0.0]
   [Code Root Fixup: 0.0 ms]
   [Code Root Migration: 0.0 ms]
   [Clear CT: 0.1 ms]
   [Other: 183.4 ms]
      [Choose CSet: 0.0 ms]
      [Ref Proc: 182.7 ms]
      [Ref Enq: 0.3 ms]
      [Free CSet: 0.3 ms]
   [Eden: 185.0M(185.0M)->0.0B(1082.0M) Survivors: 19.0M->18.0M Heap: 2150.6M(4096.0M)->1965.1M(4096.0M)]
 [Times: user=0.72 sys=0.00, real=0.19 secs] 
2016-01-06T01:08:38.524-0800: 297.187: [GC pause (young)
Desired survivor size 72351744 bytes, new threshold 15 (max 15)
- age   1:   17259832 bytes,   17259832 total
2016-01-06T01:08:38.729-0800: 297.392: [SoftReference, 0 refs, 0.0000460 secs]2016-01-06T01:08:38.729-0800: 297.392: [WeakReference, 0 refs, 0.0000070 secs]2016-01-06T01:08:38.729-0800: 297.392: [FinalReference, 0 refs, 0.0000060 secs]2016-01-06T01:08:38.729-0800: 297.392: [PhantomReference, 0 refs, 34052 refs, 0.0011570 secs]2016-01-06T01:08:38.730-0800: 297.393: [JNI Weak Reference, 0.0000070 secs], 0.2093790 secs]
   [Parallel Time: 19.2 ms, GC Workers: 4]
      [GC Worker Start (ms): Min: 297187.2, Avg: 297190.4, Max: 297199.9, Diff: 12.7]
      [Ext Root Scanning (ms): Min: 0.0, Avg: 0.3, Max: 0.5, Diff: 0.4, Sum: 1.3]
      [SATB Filtering (ms): Min: 0.0, Avg: 0.0, Max: 0.0, Diff: 0.0, Sum: 0.0]
      [Update RS (ms): Min: 0.0, Avg: 8.5, Max: 11.5, Diff: 11.5, Sum: 34.1]
         [Processed Buffers: Min: 0, Avg: 15.0, Max: 25, Diff: 25, Sum: 60]
      [Scan RS (ms): Min: 0.1, Avg: 0.4, Max: 0.6, Diff: 0.5, Sum: 1.6]
      [Code Root Scanning (ms): Min: 0.0, Avg: 0.1, Max: 0.1, Diff: 0.1, Sum: 0.2]
      [Object Copy (ms): Min: 6.2, Avg: 6.5, Max: 6.6, Diff: 0.5, Sum: 26.0]
      [Termination (ms): Min: 0.0, Avg: 0.0, Max: 0.0, Diff: 0.0, Sum: 0.0]
      [GC Worker Other (ms): Min: 0.0, Avg: 0.1, Max: 0.1, Diff: 0.1, Sum: 0.2]
      [GC Worker Total (ms): Min: 6.4, Avg: 15.9, Max: 19.1, Diff: 12.7, Sum: 63.6]
      [GC Worker End (ms): Min: 297206.2, Avg: 297206.3, Max: 297206.3, Diff: 0.1]
   [Code Root Fixup: 0.0 ms]
   [Code Root Migration: 0.2 ms]
   [Clear CT: 0.3 ms]
   [Other: 189.7 ms]
      [Choose CSet: 0.0 ms]
      [Ref Proc: 186.6 ms]
      [Ref Enq: 1.6 ms]
      [Free CSet: 1.4 ms]
   [Eden: 1082.0M(1082.0M)->0.0B(183.0M) Survivors: 18.0M->21.0M Heap: 3047.1M(4096.0M)->1967.6M(4096.0M)]
 [Times: user=0.79 sys=0.00, real=0.21 secs] 
2016-01-06T01:08:38.761-0800: 297.424: [GC pause (young)
Desired survivor size 13631488 bytes, new threshold 1 (max 15)
- age   1:   19261936 bytes,   19261936 total
- age   2:      36864 bytes,   19298800 total
2016-01-06T01:08:38.959-0800: 297.622: [SoftReference, 0 refs, 0.0000430 secs]2016-01-06T01:08:38.959-0800: 297.622: [WeakReference, 0 refs, 0.0000070 secs]2016-01-06T01:08:38.959-0800: 297.622: [FinalReference, 0 refs, 0.0000060 secs]2016-01-06T01:08:38.959-0800: 297.622: [PhantomReference, 0 refs, 6183 refs, 0.0002300 secs]2016-01-06T01:08:38.959-0800: 297.622: [JNI Weak Reference, 0.0000070 secs], 0.1988550 secs]
   [Parallel Time: 7.0 ms, GC Workers: 4]
      [GC Worker Start (ms): Min: 297424.3, Avg: 297425.2, Max: 297427.9, Diff: 3.6]
      [Ext Root Scanning (ms): Min: 0.0, Avg: 0.3, Max: 0.5, Diff: 0.5, Sum: 1.3]
      [SATB Filtering (ms): Min: 0.0, Avg: 0.0, Max: 0.0, Diff: 0.0, Sum: 0.0]
      [Update RS (ms): Min: 0.0, Avg: 2.0, Max: 2.8, Diff: 2.8, Sum: 8.1]
         [Processed Buffers: Min: 0, Avg: 4.2, Max: 7, Diff: 7, Sum: 17]
      [Scan RS (ms): Min: 0.0, Avg: 0.1, Max: 0.2, Diff: 0.2, Sum: 0.2]
      [Code Root Scanning (ms): Min: 0.0, Avg: 0.0, Max: 0.0, Diff: 0.0, Sum: 0.0]
      [Object Copy (ms): Min: 1.8, Avg: 2.5, Max: 3.6, Diff: 1.8, Sum: 10.1]
      [Termination (ms): Min: 0.0, Avg: 1.0, Max: 1.4, Diff: 1.4, Sum: 4.2]
      [GC Worker Other (ms): Min: 0.0, Avg: 0.0, Max: 0.0, Diff: 0.0, Sum: 0.0]
      [GC Worker Total (ms): Min: 3.3, Avg: 6.0, Max: 6.9, Diff: 3.6, Sum: 23.9]
      [GC Worker End (ms): Min: 297431.2, Avg: 297431.2, Max: 297431.2, Diff: 0.0]
   [Code Root Fixup: 0.0 ms]
   [Code Root Migration: 0.0 ms]
   [Clear CT: 0.2 ms]
   [Other: 191.6 ms]
      [Choose CSet: 0.0 ms]
      [Ref Proc: 190.9 ms]
      [Ref Enq: 0.3 ms]
      [Free CSet: 0.3 ms]
   [Eden: 183.0M(183.0M)->0.0B(185.0M) Survivors: 21.0M->19.0M Heap: 2150.6M(4096.0M)->1966.2M(4096.0M)]
 [Times: user=0.73 sys=0.01, real=0.20 secs] 
2016-01-06T01:08:38.989-0800: 297.652: [GC pause (young)
Desired survivor size 13631488 bytes, new threshold 1 (max 15)
- age   1:   17255368 bytes,   17255368 total
2016-01-06T01:08:39.186-0800: 297.849: [SoftReference, 0 refs, 0.0000460 secs]2016-01-06T01:08:39.186-0800: 297.849: [WeakReference, 0 refs, 0.0000070 secs]2016-01-06T01:08:39.186-0800: 297.849: [FinalReference, 0 refs, 0.0000060 secs]2016-01-06T01:08:39.186-0800: 297.849: [PhantomReference, 0 refs, 6245 refs, 0.0002330 secs]2016-01-06T01:08:39.186-0800: 297.849: [JNI Weak Reference, 0.0000080 secs], 0.1983310 secs]
   [Parallel Time: 3.2 ms, GC Workers: 4]
      [GC Worker Start (ms): Min: 297651.9, Avg: 297652.7, Max: 297654.9, Diff: 3.0]
      [Ext Root Scanning (ms): Min: 0.0, Avg: 0.3, Max: 0.5, Diff: 0.5, Sum: 1.3]
      [SATB Filtering (ms): Min: 0.0, Avg: 0.0, Max: 0.0, Diff: 0.0, Sum: 0.0]
      [Update RS (ms): Min: 0.0, Avg: 0.1, Max: 0.2, Diff: 0.2, Sum: 0.3]
         [Processed Buffers: Min: 0, Avg: 1.0, Max: 3, Diff: 3, Sum: 4]
      [Scan RS (ms): Min: 0.0, Avg: 0.1, Max: 0.2, Diff: 0.1, Sum: 0.3]
      [Code Root Scanning (ms): Min: 0.0, Avg: 0.0, Max: 0.0, Diff: 0.0, Sum: 0.0]
      [Object Copy (ms): Min: 0.0, Avg: 1.7, Max: 2.3, Diff: 2.3, Sum: 6.7]
      [Termination (ms): Min: 0.0, Avg: 0.2, Max: 0.2, Diff: 0.2, Sum: 0.6]
      [GC Worker Other (ms): Min: 0.0, Avg: 0.0, Max: 0.0, Diff: 0.0, Sum: 0.0]
      [GC Worker Total (ms): Min: 0.1, Avg: 2.3, Max: 3.1, Diff: 3.0, Sum: 9.3]
      [GC Worker End (ms): Min: 297655.0, Avg: 297655.0, Max: 297655.0, Diff: 0.0]
   [Code Root Fixup: 0.0 ms]
   [Code Root Migration: 0.0 ms]
   [Clear CT: 0.2 ms]
   [Other: 194.9 ms]
      [Choose CSet: 0.0 ms]
      [Ref Proc: 194.2 ms]
      [Ref Enq: 0.3 ms]
      [Free CSet: 0.3 ms]
   [Eden: 185.0M(185.0M)->0.0B(186.0M) Survivors: 19.0M->18.0M Heap: 2151.2M(4096.0M)->1965.2M(4096.0M)]
 [Times: user=0.76 sys=0.00, real=0.20 secs] 
2016-01-06T01:08:39.217-0800: 297.879: [GC pause (young)
Desired survivor size 13631488 bytes, new threshold 1 (max 15)
- age   1:   17259832 bytes,   17259832 total
2016-01-06T01:08:39.436-0800: 298.099: [SoftReference, 0 refs, 0.0000440 secs]2016-01-06T01:08:39.436-0800: 298.099: [WeakReference, 0 refs, 0.0000060 secs]2016-01-06T01:08:39.436-0800: 298.099: [FinalReference, 0 refs, 0.0000060 secs]2016-01-06T01:08:39.436-0800: 298.099: [PhantomReference, 0 refs, 6275 refs, 0.0002440 secs]2016-01-06T01:08:39.436-0800: 298.099: [JNI Weak Reference, 0.0000070 secs], 0.2207800 secs]
   [Parallel Time: 4.5 ms, GC Workers: 4]
      [GC Worker Start (ms): Min: 297879.5, Avg: 297879.7, Max: 297880.0, Diff: 0.5]
      [Ext Root Scanning (ms): Min: 0.1, Avg: 1.0, Max: 3.1, Diff: 3.0, Sum: 4.1]
      [SATB Filtering (ms): Min: 0.0, Avg: 0.0, Max: 0.0, Diff: 0.0, Sum: 0.0]
      [Update RS (ms): Min: 0.0, Avg: 0.0, Max: 0.2, Diff: 0.2, Sum: 0.2]
         [Processed Buffers: Min: 0, Avg: 1.0, Max: 3, Diff: 3, Sum: 4]
      [Scan RS (ms): Min: 0.0, Avg: 0.1, Max: 0.1, Diff: 0.1, Sum: 0.3]
      [Code Root Scanning (ms): Min: 0.0, Avg: 0.0, Max: 0.0, Diff: 0.0, Sum: 0.0]
      [Object Copy (ms): Min: 0.0, Avg: 1.7, Max: 2.3, Diff: 2.2, Sum: 6.8]
      [Termination (ms): Min: 0.0, Avg: 0.4, Max: 1.4, Diff: 1.4, Sum: 1.7]
      [GC Worker Other (ms): Min: 0.0, Avg: 0.0, Max: 0.0, Diff: 0.0, Sum: 0.0]
      [GC Worker Total (ms): Min: 2.8, Avg: 3.3, Max: 4.0, Diff: 1.2, Sum: 13.2]
      [GC Worker End (ms): Min: 297882.7, Avg: 297883.0, Max: 297883.9, Diff: 1.2]
   [Code Root Fixup: 0.0 ms]
   [Code Root Migration: 0.0 ms]
   [Clear CT: 0.2 ms]
   [Other: 216.0 ms]
      [Choose CSet: 0.0 ms]
      [Ref Proc: 215.3 ms]
      [Ref Enq: 0.3 ms]
      [Free CSet: 0.4 ms]
   [Eden: 186.0M(186.0M)->0.0B(186.0M) Survivors: 18.0M->18.0M Heap: 2151.2M(4096.0M)->1965.2M(4096.0M)]
 [Times: user=0.63 sys=0.00, real=0.23 secs] 
2016-01-06T01:08:39.464-0800: 298.127: [GC pause (young)
Desired survivor size 13631488 bytes, new threshold 1 (max 15)
- age   1:   17262064 bytes,   17262064 total
2016-01-06T01:08:39.655-0800: 298.318: [SoftReference, 0 refs, 0.0000580 secs]2016-01-06T01:08:39.655-0800: 298.318: [WeakReference, 0 refs, 0.0000080 secs]2016-01-06T01:08:39.655-0800: 298.318: [FinalReference, 0 refs, 0.0000060 secs]2016-01-06T01:08:39.655-0800: 298.318: [PhantomReference, 0 refs, 6274 refs, 0.0002400 secs]2016-01-06T01:08:39.656-0800: 298.318: [JNI Weak Reference, 0.0000080 secs], 0.1920450 secs]
   [Parallel Time: 3.1 ms, GC Workers: 4]
      [GC Worker Start (ms): Min: 298127.4, Avg: 298127.4, Max: 298127.4, Diff: 0.1]
      [Ext Root Scanning (ms): Min: 0.3, Avg: 0.4, Max: 0.4, Diff: 0.1, Sum: 1.5]
      [SATB Filtering (ms): Min: 0.0, Avg: 0.0, Max: 0.0, Diff: 0.0, Sum: 0.0]
      [Update RS (ms): Min: 0.0, Avg: 0.1, Max: 0.2, Diff: 0.2, Sum: 0.4]
         [Processed Buffers: Min: 0, Avg: 0.8, Max: 1, Diff: 1, Sum: 3]
      [Scan RS (ms): Min: 0.0, Avg: 0.1, Max: 0.1, Diff: 0.1, Sum: 0.4]
      [Code Root Scanning (ms): Min: 0.0, Avg: 0.0, Max: 0.0, Diff: 0.0, Sum: 0.1]
      [Object Copy (ms): Min: 2.4, Avg: 2.4, Max: 2.4, Diff: 0.0, Sum: 9.7]
      [Termination (ms): Min: 0.0, Avg: 0.0, Max: 0.0, Diff: 0.0, Sum: 0.0]
      [GC Worker Other (ms): Min: 0.0, Avg: 0.0, Max: 0.0, Diff: 0.0, Sum: 0.1]
      [GC Worker Total (ms): Min: 3.0, Avg: 3.0, Max: 3.1, Diff: 0.0, Sum: 12.1]
      [GC Worker End (ms): Min: 298130.4, Avg: 298130.4, Max: 298130.5, Diff: 0.0]
   [Code Root Fixup: 0.0 ms]
   [Code Root Migration: 0.0 ms]
   [Clear CT: 0.2 ms]
   [Other: 188.7 ms]
      [Choose CSet: 0.0 ms]
      [Ref Proc: 188.0 ms]
      [Ref Enq: 0.3 ms]
      [Free CSet: 0.4 ms]
   [Eden: 186.0M(186.0M)->0.0B(185.0M) Survivors: 18.0M->19.0M Heap: 2151.2M(4096.0M)->1965.8M(4096.0M)]
 [Times: user=0.75 sys=0.00, real=0.19 secs] 
2016-01-06T01:08:39.683-0800: 298.346: [GC pause (young)
Desired survivor size 13631488 bytes, new threshold 1 (max 15)
- age   1:   17262064 bytes,   17262064 total
2016-01-06T01:08:39.896-0800: 298.559: [SoftReference, 0 refs, 0.0000470 secs]2016-01-06T01:08:39.896-0800: 298.559: [WeakReference, 0 refs, 0.0000060 secs]2016-01-06T01:08:39.896-0800: 298.559: [FinalReference, 0 refs, 0.0000060 secs]2016-01-06T01:08:39.896-0800: 298.559: [PhantomReference, 0 refs, 6245 refs, 0.0002370 secs]2016-01-06T01:08:39.896-0800: 298.559: [JNI Weak Reference, 0.0000070 secs], 0.2136930 secs]
   [Parallel Time: 6.3 ms, GC Workers: 4]
      [GC Worker Start (ms): Min: 298346.5, Avg: 298348.0, Max: 298352.6, Diff: 6.1]
      [Ext Root Scanning (ms): Min: 0.0, Avg: 0.4, Max: 0.5, Diff: 0.5, Sum: 1.5]
      [SATB Filtering (ms): Min: 0.0, Avg: 0.0, Max: 0.0, Diff: 0.0, Sum: 0.0]
      [Update RS (ms): Min: 0.0, Avg: 0.1, Max: 0.3, Diff: 0.3, Sum: 0.3]
         [Processed Buffers: Min: 0, Avg: 1.2, Max: 2, Diff: 2, Sum: 5]
      [Scan RS (ms): Min: 0.0, Avg: 0.1, Max: 0.2, Diff: 0.1, Sum: 0.4]
      [Code Root Scanning (ms): Min: 0.0, Avg: 0.0, Max: 0.0, Diff: 0.0, Sum: 0.0]
      [Object Copy (ms): Min: 0.0, Avg: 2.0, Max: 2.7, Diff: 2.7, Sum: 8.0]
      [Termination (ms): Min: 0.0, Avg: 2.1, Max: 2.8, Diff: 2.8, Sum: 8.3]
      [GC Worker Other (ms): Min: 0.0, Avg: 0.0, Max: 0.0, Diff: 0.0, Sum: 0.0]
      [GC Worker Total (ms): Min: 0.1, Avg: 4.7, Max: 6.2, Diff: 6.1, Sum: 18.7]
      [GC Worker End (ms): Min: 298352.7, Avg: 298352.7, Max: 298352.7, Diff: 0.0]
   [Code Root Fixup: 0.0 ms]
   [Code Root Migration: 0.0 ms]
   [Clear CT: 0.2 ms]
   [Other: 207.2 ms]
      [Choose CSet: 0.0 ms]
      [Ref Proc: 206.4 ms]
      [Ref Enq: 0.3 ms]
      [Free CSet: 0.4 ms]
   [Eden: 185.0M(185.0M)->0.0B(185.0M) Survivors: 19.0M->19.0M Heap: 2150.8M(4096.0M)->1965.8M(4096.0M)]
 [Times: user=0.73 sys=0.00, real=0.22 secs] 
2016-01-06T01:08:39.923-0800: 298.586: [GC pause (young)
Desired survivor size 13631488 bytes, new threshold 1 (max 15)
- age   1:   17259832 bytes,   17259832 total
2016-01-06T01:08:40.114-0800: 298.777: [SoftReference, 0 refs, 0.0000650 secs]2016-01-06T01:08:40.114-0800: 298.777: [WeakReference, 0 refs, 0.0000070 secs]2016-01-06T01:08:40.114-0800: 298.777: [FinalReference, 0 refs, 0.0000060 secs]2016-01-06T01:08:40.114-0800: 298.777: [PhantomReference, 0 refs, 6244 refs, 0.0002370 secs]2016-01-06T01:08:40.115-0800: 298.777: [JNI Weak Reference, 0.0000070 secs], 0.1921460 secs]
   [Parallel Time: 2.9 ms, GC Workers: 4]
      [GC Worker Start (ms): Min: 298586.3, Avg: 298586.7, Max: 298587.9, Diff: 1.6]
      [Ext Root Scanning (ms): Min: 0.0, Avg: 0.3, Max: 0.5, Diff: 0.5, Sum: 1.3]
      [SATB Filtering (ms): Min: 0.0, Avg: 0.0, Max: 0.0, Diff: 0.0, Sum: 0.0]
      [Update RS (ms): Min: 0.0, Avg: 0.1, Max: 0.1, Diff: 0.1, Sum: 0.2]
         [Processed Buffers: Min: 0, Avg: 1.0, Max: 2, Diff: 2, Sum: 4]
      [Scan RS (ms): Min: 0.0, Avg: 0.1, Max: 0.1, Diff: 0.1, Sum: 0.3]
      [Code Root Scanning (ms): Min: 0.0, Avg: 0.0, Max: 0.0, Diff: 0.0, Sum: 0.0]
      [Object Copy (ms): Min: 1.2, Avg: 1.9, Max: 2.2, Diff: 1.0, Sum: 7.7]
      [Termination (ms): Min: 0.0, Avg: 0.0, Max: 0.0, Diff: 0.0, Sum: 0.0]
      [GC Worker Other (ms): Min: 0.0, Avg: 0.0, Max: 0.0, Diff: 0.0, Sum: 0.1]
      [GC Worker Total (ms): Min: 1.2, Avg: 2.4, Max: 2.8, Diff: 1.6, Sum: 9.6]
      [GC Worker End (ms): Min: 298589.1, Avg: 298589.1, Max: 298589.1, Diff: 0.0]
   [Code Root Fixup: 0.0 ms]
   [Code Root Migration: 0.0 ms]
   [Clear CT: 0.2 ms]
   [Other: 189.0 ms]
      [Choose CSet: 0.0 ms]
      [Ref Proc: 188.3 ms]
      [Ref Enq: 0.3 ms]
      [Free CSet: 0.4 ms]
   [Eden: 185.0M(185.0M)->0.0B(186.0M) Survivors: 19.0M->18.0M Heap: 2150.8M(4096.0M)->1965.4M(4096.0M)]
 [Times: user=0.71 sys=0.00, real=0.19 secs] 
2016-01-06T01:08:40.142-0800: 298.805: [GC pause (young)
Desired survivor size 13631488 bytes, new threshold 1 (max 15)
- age   1:   17259832 bytes,   17259832 total
2016-01-06T01:08:40.336-0800: 298.999: [SoftReference, 0 refs, 0.0000500 secs]2016-01-06T01:08:40.336-0800: 298.999: [WeakReference, 0 refs, 0.0000060 secs]2016-01-06T01:08:40.336-0800: 298.999: [FinalReference, 0 refs, 0.0000060 secs]2016-01-06T01:08:40.336-0800: 298.999: [PhantomReference, 0 refs, 6275 refs, 0.0002410 secs]2016-01-06T01:08:40.336-0800: 298.999: [JNI Weak Reference, 0.0000070 secs], 0.1952200 secs]
   [Parallel Time: 3.0 ms, GC Workers: 4]
      [GC Worker Start (ms): Min: 298804.9, Avg: 298804.9, Max: 298805.0, Diff: 0.1]
      [Ext Root Scanning (ms): Min: 0.3, Avg: 0.4, Max: 0.4, Diff: 0.1, Sum: 1.5]
      [SATB Filtering (ms): Min: 0.0, Avg: 0.0, Max: 0.0, Diff: 0.0, Sum: 0.0]
      [Update RS (ms): Min: 0.0, Avg: 0.1, Max: 0.2, Diff: 0.2, Sum: 0.3]
         [Processed Buffers: Min: 0, Avg: 0.8, Max: 1, Diff: 1, Sum: 3]
      [Scan RS (ms): Min: 0.0, Avg: 0.1, Max: 0.1, Diff: 0.1, Sum: 0.3]
      [Code Root Scanning (ms): Min: 0.0, Avg: 0.0, Max: 0.0, Diff: 0.0, Sum: 0.0]
      [Object Copy (ms): Min: 2.2, Avg: 2.2, Max: 2.2, Diff: 0.0, Sum: 8.9]
      [Termination (ms): Min: 0.0, Avg: 0.0, Max: 0.0, Diff: 0.0, Sum: 0.0]
      [GC Worker Other (ms): Min: 0.0, Avg: 0.0, Max: 0.0, Diff: 0.0, Sum: 0.1]
      [GC Worker Total (ms): Min: 2.8, Avg: 2.8, Max: 2.9, Diff: 0.1, Sum: 11.3]
      [GC Worker End (ms): Min: 298807.7, Avg: 298807.7, Max: 298807.8, Diff: 0.0]
   [Code Root Fixup: 0.0 ms]
   [Code Root Migration: 0.0 ms]
   [Clear CT: 0.2 ms]
   [Other: 192.1 ms]
      [Choose CSet: 0.0 ms]
      [Ref Proc: 191.3 ms]
      [Ref Enq: 0.3 ms]
      [Free CSet: 0.4 ms]
   [Eden: 186.0M(186.0M)->0.0B(185.0M) Survivors: 18.0M->19.0M Heap: 2151.4M(4096.0M)->1965.9M(4096.0M)]
 [Times: user=0.75 sys=0.00, real=0.20 secs] 
2016-01-06T01:08:40.363-0800: 299.026: [GC pause (young)
Desired survivor size 13631488 bytes, new threshold 1 (max 15)
- age   1:   17262064 bytes,   17262064 total
2016-01-06T01:08:40.553-0800: 299.216: [SoftReference, 0 refs, 0.0000450 secs]2016-01-06T01:08:40.553-0800: 299.216: [WeakReference, 0 refs, 0.0000230 secs]2016-01-06T01:08:40.553-0800: 299.216: [FinalReference, 0 refs, 0.0000060 secs]2016-01-06T01:08:40.553-0800: 299.216: [PhantomReference, 0 refs, 6245 refs, 0.0002340 secs]2016-01-06T01:08:40.553-0800: 299.216: [JNI Weak Reference, 0.0000070 secs], 0.1902540 secs]
   [Parallel Time: 2.9 ms, GC Workers: 4]
      [GC Worker Start (ms): Min: 299026.5, Avg: 299026.5, Max: 299026.5, Diff: 0.1]
      [Ext Root Scanning (ms): Min: 0.3, Avg: 0.4, Max: 0.4, Diff: 0.1, Sum: 1.5]
      [SATB Filtering (ms): Min: 0.0, Avg: 0.0, Max: 0.0, Diff: 0.0, Sum: 0.0]
      [Update RS (ms): Min: 0.0, Avg: 0.1, Max: 0.2, Diff: 0.2, Sum: 0.3]
         [Processed Buffers: Min: 0, Avg: 1.0, Max: 2, Diff: 2, Sum: 4]
      [Scan RS (ms): Min: 0.0, Avg: 0.1, Max: 0.1, Diff: 0.1, Sum: 0.4]
      [Code Root Scanning (ms): Min: 0.0, Avg: 0.0, Max: 0.0, Diff: 0.0, Sum: 0.0]
      [Object Copy (ms): Min: 2.2, Avg: 2.2, Max: 2.3, Diff: 0.1, Sum: 9.0]
      [Termination (ms): Min: 0.0, Avg: 0.0, Max: 0.0, Diff: 0.0, Sum: 0.0]
      [GC Worker Other (ms): Min: 0.0, Avg: 0.0, Max: 0.0, Diff: 0.0, Sum: 0.1]
      [GC Worker Total (ms): Min: 2.8, Avg: 2.8, Max: 2.9, Diff: 0.0, Sum: 11.3]
      [GC Worker End (ms): Min: 299029.3, Avg: 299029.4, Max: 299029.4, Diff: 0.0]
   [Code Root Fixup: 0.0 ms]
   [Code Root Migration: 0.0 ms]
   [Clear CT: 0.2 ms]
   [Other: 187.1 ms]
      [Choose CSet: 0.0 ms]
      [Ref Proc: 186.4 ms]
      [Ref Enq: 0.3 ms]
      [Free CSet: 0.3 ms]
   [Eden: 185.0M(185.0M)->0.0B(216.0M) Survivors: 19.0M->18.0M Heap: 2150.9M(4096.0M)->1965.5M(4096.0M)]
 [Times: user=0.71 sys=0.00, real=0.19 secs] 
2016-01-06T01:08:40.587-0800: 299.250: [GC pause (young)
Desired survivor size 15728640 bytes, new threshold 1 (max 15)
- age   1:   17259832 bytes,   17259832 total
2016-01-06T01:08:40.777-0800: 299.440: [SoftReference, 0 refs, 0.0000430 secs]2016-01-06T01:08:40.777-0800: 299.440: [WeakReference, 0 refs, 0.0000070 secs]2016-01-06T01:08:40.777-0800: 299.440: [FinalReference, 0 refs, 0.0000060 secs]2016-01-06T01:08:40.777-0800: 299.440: [PhantomReference, 0 refs, 7206 refs, 0.0002670 secs]2016-01-06T01:08:40.778-0800: 299.441: [JNI Weak Reference, 0.0000080 secs], 0.1915670 secs]
   [Parallel Time: 3.1 ms, GC Workers: 4]
      [GC Worker Start (ms): Min: 299250.1, Avg: 299250.1, Max: 299250.2, Diff: 0.1]
      [Ext Root Scanning (ms): Min: 0.3, Avg: 0.4, Max: 0.4, Diff: 0.1, Sum: 1.4]
      [SATB Filtering (ms): Min: 0.0, Avg: 0.0, Max: 0.0, Diff: 0.0, Sum: 0.0]
      [Update RS (ms): Min: 0.0, Avg: 0.1, Max: 0.2, Diff: 0.2, Sum: 0.3]
         [Processed Buffers: Min: 0, Avg: 1.2, Max: 3, Diff: 3, Sum: 5]
      [Scan RS (ms): Min: 0.0, Avg: 0.1, Max: 0.1, Diff: 0.1, Sum: 0.4]
      [Code Root Scanning (ms): Min: 0.0, Avg: 0.0, Max: 0.0, Diff: 0.0, Sum: 0.0]
      [Object Copy (ms): Min: 2.4, Avg: 2.4, Max: 2.4, Diff: 0.0, Sum: 9.7]
      [Termination (ms): Min: 0.0, Avg: 0.0, Max: 0.0, Diff: 0.0, Sum: 0.0]
      [GC Worker Other (ms): Min: 0.0, Avg: 0.0, Max: 0.0, Diff: 0.0, Sum: 0.1]
      [GC Worker Total (ms): Min: 2.9, Avg: 3.0, Max: 3.0, Diff: 0.1, Sum: 11.9]
      [GC Worker End (ms): Min: 299253.1, Avg: 299253.1, Max: 299253.1, Diff: 0.0]
   [Code Root Fixup: 0.0 ms]
   [Code Root Migration: 0.0 ms]
   [Clear CT: 0.2 ms]
   [Other: 188.3 ms]
      [Choose CSet: 0.0 ms]
      [Ref Proc: 187.5 ms]
      [Ref Enq: 0.3 ms]
      [Free CSet: 0.4 ms]
   [Eden: 216.0M(216.0M)->0.0B(954.0M) Survivors: 18.0M->19.0M Heap: 2181.5M(4096.0M)->1966.0M(4096.0M)]
 [Times: user=0.75 sys=0.00, real=0.19 secs] 
2016-01-06T01:08:40.922-0800: 299.585: [GC pause (young)
Desired survivor size 63963136 bytes, new threshold 15 (max 15)
- age   1:   17329024 bytes,   17329024 total
2016-01-06T01:08:41.115-0800: 299.778: [SoftReference, 0 refs, 0.0000440 secs]2016-01-06T01:08:41.115-0800: 299.778: [WeakReference, 0 refs, 0.0000070 secs]2016-01-06T01:08:41.115-0800: 299.778: [FinalReference, 0 refs, 0.0000050 secs]2016-01-06T01:08:41.116-0800: 299.778: [PhantomReference, 0 refs, 30084 refs, 0.0010530 secs]2016-01-06T01:08:41.117-0800: 299.780: [JNI Weak Reference, 0.0000090 secs], 0.1976930 secs]
   [Parallel Time: 6.9 ms, GC Workers: 4]
      [GC Worker Start (ms): Min: 299585.1, Avg: 299585.2, Max: 299585.2, Diff: 0.1]
      [Ext Root Scanning (ms): Min: 0.3, Avg: 0.4, Max: 0.4, Diff: 0.1, Sum: 1.4]
      [SATB Filtering (ms): Min: 0.0, Avg: 0.0, Max: 0.0, Diff: 0.0, Sum: 0.0]
      [Update RS (ms): Min: 0.0, Avg: 0.1, Max: 0.2, Diff: 0.2, Sum: 0.3]
         [Processed Buffers: Min: 0, Avg: 1.2, Max: 2, Diff: 2, Sum: 5]
      [Scan RS (ms): Min: 0.4, Avg: 0.4, Max: 0.5, Diff: 0.1, Sum: 1.7]
      [Code Root Scanning (ms): Min: 0.0, Avg: 0.1, Max: 0.1, Diff: 0.0, Sum: 0.2]
      [Object Copy (ms): Min: 5.8, Avg: 5.8, Max: 5.9, Diff: 0.0, Sum: 23.3]
      [Termination (ms): Min: 0.0, Avg: 0.0, Max: 0.0, Diff: 0.0, Sum: 0.0]
      [GC Worker Other (ms): Min: 0.0, Avg: 0.1, Max: 0.1, Diff: 0.0, Sum: 0.2]
      [GC Worker Total (ms): Min: 6.8, Avg: 6.8, Max: 6.9, Diff: 0.1, Sum: 27.3]
      [GC Worker End (ms): Min: 299592.0, Avg: 299592.0, Max: 299592.0, Diff: 0.0]
   [Code Root Fixup: 0.0 ms]
   [Code Root Migration: 0.1 ms]
   [Clear CT: 0.3 ms]
   [Other: 190.3 ms]
      [Choose CSet: 0.0 ms]
      [Ref Proc: 187.5 ms]
      [Ref Enq: 1.4 ms]
      [Free CSet: 1.4 ms]
   [Eden: 954.0M(954.0M)->0.0B(856.0M) Survivors: 19.0M->20.0M Heap: 2920.0M(4096.0M)->1967.5M(4096.0M)]
 [Times: user=0.77 sys=0.00, real=0.20 secs] 
2016-01-06T01:08:41.252-0800: 299.915: [GC pause (young)
Desired survivor size 57671680 bytes, new threshold 15 (max 15)
- age   1:   18976240 bytes,   18976240 total
- age   2:      36864 bytes,   19013104 total
2016-01-06T01:08:41.447-0800: 300.110: [SoftReference, 0 refs, 0.0000460 secs]2016-01-06T01:08:41.447-0800: 300.110: [WeakReference, 0 refs, 0.0000060 secs]2016-01-06T01:08:41.447-0800: 300.110: [FinalReference, 0 refs, 0.0000050 secs]2016-01-06T01:08:41.447-0800: 300.110: [PhantomReference, 0 refs, 27042 refs, 0.0009380 secs]2016-01-06T01:08:41.448-0800: 300.111: [JNI Weak Reference, 0.0000080 secs], 0.1996540 secs]
   [Parallel Time: 6.4 ms, GC Workers: 4]
      [GC Worker Start (ms): Min: 299914.7, Avg: 299914.7, Max: 299914.8, Diff: 0.1]
      [Ext Root Scanning (ms): Min: 0.3, Avg: 0.4, Max: 0.4, Diff: 0.1, Sum: 1.4]
      [SATB Filtering (ms): Min: 0.0, Avg: 0.0, Max: 0.0, Diff: 0.0, Sum: 0.0]
      [Update RS (ms): Min: 0.0, Avg: 0.1, Max: 0.2, Diff: 0.2, Sum: 0.2]
         [Processed Buffers: Min: 0, Avg: 1.0, Max: 3, Diff: 3, Sum: 4]
      [Scan RS (ms): Min: 0.3, Avg: 0.4, Max: 0.4, Diff: 0.1, Sum: 1.5]
      [Code Root Scanning (ms): Min: 0.0, Avg: 0.0, Max: 0.0, Diff: 0.0, Sum: 0.2]
      [Object Copy (ms): Min: 5.3, Avg: 5.4, Max: 5.4, Diff: 0.0, Sum: 21.4]
      [Termination (ms): Min: 0.0, Avg: 0.0, Max: 0.0, Diff: 0.0, Sum: 0.0]
      [GC Worker Other (ms): Min: 0.0, Avg: 0.0, Max: 0.1, Diff: 0.0, Sum: 0.1]
      [GC Worker Total (ms): Min: 6.2, Avg: 6.2, Max: 6.3, Diff: 0.1, Sum: 25.0]
      [GC Worker End (ms): Min: 299920.9, Avg: 299921.0, Max: 299921.0, Diff: 0.0]
   [Code Root Fixup: 0.0 ms]
   [Code Root Migration: 0.1 ms]
   [Clear CT: 0.2 ms]
   [Other: 192.9 ms]
      [Choose CSet: 0.0 ms]
      [Ref Proc: 190.3 ms]
      [Ref Enq: 1.2 ms]
      [Free CSet: 1.2 ms]
   [Eden: 856.0M(856.0M)->0.0B(736.0M) Survivors: 20.0M->20.0M Heap: 2823.5M(4096.0M)->1967.5M(4096.0M)]
 [Times: user=0.77 sys=0.00, real=0.20 secs] 
2016-01-06T01:08:41.556-0800: 300.218: [GC pause (young)
Desired survivor size 49807360 bytes, new threshold 15 (max 15)
- age   1:   18757504 bytes,   18757504 total
- age   2:      36864 bytes,   18794368 total
2016-01-06T01:08:41.754-0800: 300.417: [SoftReference, 0 refs, 0.0000490 secs]2016-01-06T01:08:41.754-0800: 300.417: [WeakReference, 0 refs, 0.0000070 secs]2016-01-06T01:08:41.754-0800: 300.417: [FinalReference, 0 refs, 0.0000050 secs]2016-01-06T01:08:41.754-0800: 300.417: [PhantomReference, 0 refs, 23326 refs, 0.0008520 secs]2016-01-06T01:08:41.755-0800: 300.418: [JNI Weak Reference, 0.0000080 secs], 0.2021640 secs]
   [Parallel Time: 6.1 ms, GC Workers: 4]
      [GC Worker Start (ms): Min: 300218.5, Avg: 300218.9, Max: 300219.9, Diff: 1.4]
      [Ext Root Scanning (ms): Min: 0.0, Avg: 0.3, Max: 0.5, Diff: 0.5, Sum: 1.3]
      [SATB Filtering (ms): Min: 0.0, Avg: 0.0, Max: 0.0, Diff: 0.0, Sum: 0.0]
      [Update RS (ms): Min: 0.0, Avg: 0.0, Max: 0.1, Diff: 0.1, Sum: 0.1]
         [Processed Buffers: Min: 0, Avg: 1.2, Max: 4, Diff: 4, Sum: 5]
      [Scan RS (ms): Min: 0.1, Avg: 0.3, Max: 0.4, Diff: 0.4, Sum: 1.2]
      [Code Root Scanning (ms): Min: 0.0, Avg: 0.0, Max: 0.0, Diff: 0.0, Sum: 0.1]
      [Object Copy (ms): Min: 4.5, Avg: 4.9, Max: 5.0, Diff: 0.6, Sum: 19.5]
      [Termination (ms): Min: 0.0, Avg: 0.0, Max: 0.0, Diff: 0.0, Sum: 0.0]
      [GC Worker Other (ms): Min: 0.0, Avg: 0.0, Max: 0.1, Diff: 0.1, Sum: 0.2]
      [GC Worker Total (ms): Min: 4.6, Avg: 5.6, Max: 6.0, Diff: 1.4, Sum: 22.5]
      [GC Worker End (ms): Min: 300224.5, Avg: 300224.5, Max: 300224.6, Diff: 0.1]
   [Code Root Fixup: 0.0 ms]
   [Code Root Migration: 0.1 ms]
   [Clear CT: 0.3 ms]
   [Other: 195.7 ms]
      [Choose CSet: 0.0 ms]
      [Ref Proc: 193.5 ms]
      [Ref Enq: 1.1 ms]
      [Free CSet: 1.0 ms]
   [Eden: 736.0M(736.0M)->0.0B(318.0M) Survivors: 20.0M->19.0M Heap: 2703.5M(4096.0M)->1966.5M(4096.0M)]
 [Times: user=0.74 sys=0.00, real=0.21 secs] 
2016-01-06T01:08:41.804-0800: 300.467: [GC pause (young)
Desired survivor size 22544384 bytes, new threshold 15 (max 15)
- age   1:   18489664 bytes,   18489664 total
- age   2:      36864 bytes,   18526528 total
2016-01-06T01:08:41.974-0800: 300.637: [SoftReference, 0 refs, 0.0000540 secs]2016-01-06T01:08:41.974-0800: 300.637: [WeakReference, 0 refs, 0.0000080 secs]2016-01-06T01:08:41.974-0800: 300.637: [FinalReference, 0 refs, 0.0000050 secs]2016-01-06T01:08:41.974-0800: 300.637: [PhantomReference, 0 refs, 10368 refs, 0.0003740 secs]2016-01-06T01:08:41.974-0800: 300.637: [JNI Weak Reference, 0.0000070 secs], 0.1717160 secs]
   [Parallel Time: 3.3 ms, GC Workers: 4]
      [GC Worker Start (ms): Min: 300466.6, Avg: 300467.0, Max: 300467.9, Diff: 1.3]
      [Ext Root Scanning (ms): Min: 0.0, Avg: 0.3, Max: 0.5, Diff: 0.5, Sum: 1.3]
      [SATB Filtering (ms): Min: 0.0, Avg: 0.0, Max: 0.0, Diff: 0.0, Sum: 0.0]
      [Update RS (ms): Min: 0.0, Avg: 0.1, Max: 0.2, Diff: 0.2, Sum: 0.2]
         [Processed Buffers: Min: 0, Avg: 1.0, Max: 3, Diff: 3, Sum: 4]
      [Scan RS (ms): Min: 0.0, Avg: 0.1, Max: 0.2, Diff: 0.2, Sum: 0.5]
      [Code Root Scanning (ms): Min: 0.0, Avg: 0.0, Max: 0.0, Diff: 0.0, Sum: 0.1]
      [Object Copy (ms): Min: 2.0, Avg: 2.4, Max: 2.6, Diff: 0.6, Sum: 9.7]
      [Termination (ms): Min: 0.0, Avg: 0.0, Max: 0.0, Diff: 0.0, Sum: 0.0]
      [GC Worker Other (ms): Min: 0.0, Avg: 0.0, Max: 0.0, Diff: 0.0, Sum: 0.0]
      [GC Worker Total (ms): Min: 2.0, Avg: 3.0, Max: 3.3, Diff: 1.3, Sum: 11.8]
      [GC Worker End (ms): Min: 300469.9, Avg: 300469.9, Max: 300469.9, Diff: 0.0]
   [Code Root Fixup: 0.0 ms]
   [Code Root Migration: 0.1 ms]
   [Clear CT: 0.1 ms]
   [Other: 168.2 ms]
      [Choose CSet: 0.0 ms]
      [Ref Proc: 167.1 ms]
      [Ref Enq: 0.5 ms]
      [Free CSet: 0.5 ms]
   [Eden: 318.0M(318.0M)->0.0B(1692.0M) Survivors: 19.0M->19.0M Heap: 2284.5M(4096.0M)->1966.0M(4096.0M)]
 [Times: user=0.54 sys=0.00, real=0.17 secs] 
2016-01-06T01:08:42.233-0800: 300.896: [GC pause (young)
Desired survivor size 112197632 bytes, new threshold 15 (max 15)
- age   1:   17556688 bytes,   17556688 total
- age   2:      36864 bytes,   17593552 total
2016-01-06T01:08:42.431-0800: 301.094: [SoftReference, 0 refs, 0.0000500 secs]2016-01-06T01:08:42.431-0800: 301.094: [WeakReference, 0 refs, 0.0000070 secs]2016-01-06T01:08:42.431-0800: 301.094: [FinalReference, 0 refs, 0.0000060 secs]2016-01-06T01:08:42.431-0800: 301.094: [PhantomReference, 0 refs, 52961 refs, 0.0018600 secs]2016-01-06T01:08:42.433-0800: 301.096: [JNI Weak Reference, 0.0000080 secs], 0.2056960 secs]
   [Parallel Time: 12.4 ms, GC Workers: 4]
      [GC Worker Start (ms): Min: 300896.0, Avg: 300896.0, Max: 300896.1, Diff: 0.1]
      [Ext Root Scanning (ms): Min: 0.3, Avg: 0.4, Max: 0.4, Diff: 0.1, Sum: 1.4]
      [SATB Filtering (ms): Min: 0.0, Avg: 0.0, Max: 0.0, Diff: 0.0, Sum: 0.0]
      [Update RS (ms): Min: 0.0, Avg: 0.1, Max: 0.2, Diff: 0.2, Sum: 0.2]
         [Processed Buffers: Min: 0, Avg: 1.0, Max: 2, Diff: 2, Sum: 4]
      [Scan RS (ms): Min: 0.7, Avg: 0.7, Max: 0.8, Diff: 0.1, Sum: 3.0]
      [Code Root Scanning (ms): Min: 0.1, Avg: 0.1, Max: 0.1, Diff: 0.0, Sum: 0.4]
      [Object Copy (ms): Min: 10.8, Avg: 10.9, Max: 10.9, Diff: 0.1, Sum: 43.5]
      [Termination (ms): Min: 0.0, Avg: 0.0, Max: 0.0, Diff: 0.0, Sum: 0.0]
      [GC Worker Other (ms): Min: 0.0, Avg: 0.1, Max: 0.1, Diff: 0.1, Sum: 0.3]
      [GC Worker Total (ms): Min: 12.2, Avg: 12.2, Max: 12.3, Diff: 0.1, Sum: 48.8]
      [GC Worker End (ms): Min: 300908.2, Avg: 300908.2, Max: 300908.3, Diff: 0.1]
   [Code Root Fixup: 0.0 ms]
   [Code Root Migration: 0.2 ms]
   [Clear CT: 0.5 ms]
   [Other: 192.6 ms]
      [Choose CSet: 0.0 ms]
      [Ref Proc: 188.0 ms]
      [Ref Enq: 2.4 ms]
      [Free CSet: 2.1 ms]
   [Eden: 1692.0M(1692.0M)->0.0B(800.0M) Survivors: 19.0M->22.0M Heap: 3658.0M(4096.0M)->1969.5M(4096.0M)]
 [Times: user=0.77 sys=0.00, real=0.21 secs] 
2016-01-06T01:08:42.553-0800: 301.216: [GC pause (young)
Desired survivor size 54001664 bytes, new threshold 15 (max 15)
- age   1:   20623456 bytes,   20623456 total
- age   2:      36864 bytes,   20660320 total
2016-01-06T01:08:42.743-0800: 301.406: [SoftReference, 0 refs, 0.0000440 secs]2016-01-06T01:08:42.743-0800: 301.406: [WeakReference, 0 refs, 0.0000060 secs]2016-01-06T01:08:42.743-0800: 301.406: [FinalReference, 0 refs, 0.0000060 secs]2016-01-06T01:08:42.743-0800: 301.406: [PhantomReference, 0 refs, 25310 refs, 0.0009190 secs]2016-01-06T01:08:42.744-0800: 301.407: [JNI Weak Reference, 0.0000080 secs], 0.1937350 secs]
   [Parallel Time: 5.9 ms, GC Workers: 4]
      [GC Worker Start (ms): Min: 301216.1, Avg: 301217.0, Max: 301220.0, Diff: 3.9]
      [Ext Root Scanning (ms): Min: 0.0, Avg: 0.3, Max: 0.5, Diff: 0.5, Sum: 1.3]
      [SATB Filtering (ms): Min: 0.0, Avg: 0.0, Max: 0.0, Diff: 0.0, Sum: 0.0]
      [Update RS (ms): Min: 0.0, Avg: 0.0, Max: 0.1, Diff: 0.1, Sum: 0.1]
         [Processed Buffers: Min: 0, Avg: 1.0, Max: 3, Diff: 3, Sum: 4]
      [Scan RS (ms): Min: 0.2, Avg: 0.4, Max: 0.4, Diff: 0.3, Sum: 1.4]
      [Code Root Scanning (ms): Min: 0.0, Avg: 0.0, Max: 0.1, Diff: 0.1, Sum: 0.1]
      [Object Copy (ms): Min: 1.7, Avg: 4.0, Max: 4.8, Diff: 3.2, Sum: 16.0]
      [Termination (ms): Min: 0.0, Avg: 0.0, Max: 0.0, Diff: 0.0, Sum: 0.0]
      [GC Worker Other (ms): Min: 0.0, Avg: 0.0, Max: 0.1, Diff: 0.0, Sum: 0.2]
      [GC Worker Total (ms): Min: 1.9, Avg: 4.8, Max: 5.8, Diff: 3.9, Sum: 19.2]
      [GC Worker End (ms): Min: 301221.8, Avg: 301221.8, Max: 301221.9, Diff: 0.0]
   [Code Root Fixup: 0.0 ms]
   [Code Root Migration: 0.1 ms]
   [Clear CT: 0.3 ms]
   [Other: 187.4 ms]
      [Choose CSet: 0.0 ms]
      [Ref Proc: 185.1 ms]
      [Ref Enq: 1.2 ms]
      [Free CSet: 1.1 ms]
   [Eden: 800.0M(800.0M)->0.0B(1181.0M) Survivors: 22.0M->21.0M Heap: 2769.5M(4096.0M)->1968.0M(4096.0M)]
 [Times: user=0.69 sys=0.00, real=0.20 secs] 
2016-01-06T01:08:42.929-0800: 301.591: [GC pause (young)
Desired survivor size 79167488 bytes, new threshold 15 (max 15)
- age   1:   18632512 bytes,   18632512 total
- age   2:      36864 bytes,   18669376 total
2016-01-06T01:08:43.124-0800: 301.787: [SoftReference, 0 refs, 0.0000410 secs]2016-01-06T01:08:43.124-0800: 301.787: [WeakReference, 0 refs, 0.0000070 secs]2016-01-06T01:08:43.124-0800: 301.787: [FinalReference, 0 refs, 0.0000050 secs]2016-01-06T01:08:43.124-0800: 301.787: [PhantomReference, 0 refs, 37119 refs, 0.0012710 secs]2016-01-06T01:08:43.125-0800: 301.788: [JNI Weak Reference, 0.0000080 secs], 0.2002060 secs]
   [Parallel Time: 8.9 ms, GC Workers: 4]
      [GC Worker Start (ms): Min: 301591.6, Avg: 301591.6, Max: 301591.6, Diff: 0.1]
      [Ext Root Scanning (ms): Min: 0.3, Avg: 0.4, Max: 0.4, Diff: 0.1, Sum: 1.5]
      [SATB Filtering (ms): Min: 0.0, Avg: 0.0, Max: 0.0, Diff: 0.0, Sum: 0.0]
      [Update RS (ms): Min: 0.0, Avg: 0.1, Max: 0.1, Diff: 0.1, Sum: 0.2]
         [Processed Buffers: Min: 0, Avg: 1.2, Max: 3, Diff: 3, Sum: 5]
      [Scan RS (ms): Min: 0.5, Avg: 0.5, Max: 0.6, Diff: 0.1, Sum: 2.2]
      [Code Root Scanning (ms): Min: 0.1, Avg: 0.1, Max: 0.1, Diff: 0.0, Sum: 0.2]
      [Object Copy (ms): Min: 7.6, Avg: 7.6, Max: 7.7, Diff: 0.1, Sum: 30.6]
      [Termination (ms): Min: 0.0, Avg: 0.0, Max: 0.0, Diff: 0.0, Sum: 0.0]
      [GC Worker Other (ms): Min: 0.0, Avg: 0.1, Max: 0.1, Diff: 0.1, Sum: 0.3]
      [GC Worker Total (ms): Min: 8.7, Avg: 8.8, Max: 8.8, Diff: 0.1, Sum: 35.0]
      [GC Worker End (ms): Min: 301600.3, Avg: 301600.3, Max: 301600.4, Diff: 0.0]
   [Code Root Fixup: 0.0 ms]
   [Code Root Migration: 0.2 ms]
   [Clear CT: 0.3 ms]
   [Other: 190.9 ms]
      [Choose CSet: 0.0 ms]
      [Ref Proc: 187.6 ms]
      [Ref Enq: 1.7 ms]
      [Free CSet: 1.5 ms]
   [Eden: 1181.0M(1181.0M)->0.0B(954.0M) Survivors: 21.0M->21.0M Heap: 3149.0M(4096.0M)->1968.0M(4096.0M)]
 [Times: user=0.76 sys=0.01, real=0.20 secs] 
2016-01-06T01:08:43.264-0800: 301.927: [GC pause (young)
Desired survivor size 63963136 bytes, new threshold 15 (max 15)
- age   1:   19482904 bytes,   19482904 total
- age   2:      36864 bytes,   19519768 total
2016-01-06T01:08:43.464-0800: 302.127: [SoftReference, 0 refs, 0.0000410 secs]2016-01-06T01:08:43.464-0800: 302.127: [WeakReference, 0 refs, 0.0000060 secs]2016-01-06T01:08:43.464-0800: 302.127: [FinalReference, 0 refs, 0.0000050 secs]2016-01-06T01:08:43.464-0800: 302.127: [PhantomReference, 0 refs, 30082 refs, 0.0010160 secs]2016-01-06T01:08:43.465-0800: 302.128: [JNI Weak Reference, 0.0000070 secs], 0.2038260 secs]
   [Parallel Time: 8.5 ms, GC Workers: 4]
      [GC Worker Start (ms): Min: 301927.0, Avg: 301927.0, Max: 301927.0, Diff: 0.1]
      [Ext Root Scanning (ms): Min: 0.3, Avg: 0.4, Max: 0.4, Diff: 0.2, Sum: 1.4]
      [SATB Filtering (ms): Min: 0.0, Avg: 0.0, Max: 0.0, Diff: 0.0, Sum: 0.0]
      [Update RS (ms): Min: 0.0, Avg: 0.1, Max: 0.2, Diff: 0.2, Sum: 0.2]
         [Processed Buffers: Min: 0, Avg: 1.0, Max: 2, Diff: 2, Sum: 4]
      [Scan RS (ms): Min: 0.4, Avg: 0.4, Max: 0.5, Diff: 0.1, Sum: 1.8]
      [Code Root Scanning (ms): Min: 0.0, Avg: 0.1, Max: 0.1, Diff: 0.0, Sum: 0.2]
      [Object Copy (ms): Min: 6.7, Avg: 6.9, Max: 7.4, Diff: 0.7, Sum: 27.5]
      [Termination (ms): Min: 0.0, Avg: 0.5, Max: 0.7, Diff: 0.7, Sum: 2.1]
      [GC Worker Other (ms): Min: 0.0, Avg: 0.0, Max: 0.0, Diff: 0.0, Sum: 0.1]
      [GC Worker Total (ms): Min: 8.3, Avg: 8.3, Max: 8.4, Diff: 0.0, Sum: 33.4]
      [GC Worker End (ms): Min: 301935.3, Avg: 301935.3, Max: 301935.4, Diff: 0.0]
   [Code Root Fixup: 0.0 ms]
   [Code Root Migration: 0.1 ms]
   [Clear CT: 0.3 ms]
   [Other: 194.9 ms]
      [Choose CSet: 0.0 ms]
      [Ref Proc: 192.2 ms]
      [Ref Enq: 1.4 ms]
      [Free CSet: 1.2 ms]
   [Eden: 954.0M(954.0M)->0.0B(410.0M) Survivors: 21.0M->21.0M Heap: 2922.0M(4096.0M)->1968.0M(4096.0M)]
 [Times: user=0.77 sys=0.01, real=0.21 secs] 
2016-01-06T01:08:43.526-0800: 302.189: [GC pause (young)
Desired survivor size 28311552 bytes, new threshold 15 (max 15)
- age   1:   18976240 bytes,   18976240 total
- age   2:      36864 bytes,   19013104 total
2016-01-06T01:08:43.722-0800: 302.385: [SoftReference, 0 refs, 0.0000380 secs]2016-01-06T01:08:43.722-0800: 302.385: [WeakReference, 0 refs, 0.0000060 secs]2016-01-06T01:08:43.722-0800: 302.385: [FinalReference, 0 refs, 0.0000060 secs]2016-01-06T01:08:43.722-0800: 302.385: [PhantomReference, 0 refs, 13221 refs, 0.0006070 secs]2016-01-06T01:08:43.723-0800: 302.386: [JNI Weak Reference, 0.0000120 secs], 0.1980130 secs]
   [Parallel Time: 3.6 ms, GC Workers: 4]
      [GC Worker Start (ms): Min: 302189.1, Avg: 302189.8, Max: 302191.9, Diff: 2.8]
      [Ext Root Scanning (ms): Min: 0.0, Avg: 0.3, Max: 0.5, Diff: 0.5, Sum: 1.3]
      [SATB Filtering (ms): Min: 0.0, Avg: 0.0, Max: 0.0, Diff: 0.0, Sum: 0.0]
      [Update RS (ms): Min: 0.0, Avg: 0.0, Max: 0.1, Diff: 0.1, Sum: 0.1]
         [Processed Buffers: Min: 0, Avg: 1.2, Max: 4, Diff: 4, Sum: 5]
      [Scan RS (ms): Min: 0.1, Avg: 0.2, Max: 0.3, Diff: 0.2, Sum: 0.7]
      [Code Root Scanning (ms): Min: 0.0, Avg: 0.0, Max: 0.0, Diff: 0.0, Sum: 0.1]
      [Object Copy (ms): Min: 0.5, Avg: 2.2, Max: 2.7, Diff: 2.2, Sum: 8.6]
      [Termination (ms): Min: 0.0, Avg: 0.0, Max: 0.0, Diff: 0.0, Sum: 0.0]
      [GC Worker Other (ms): Min: 0.0, Avg: 0.0, Max: 0.0, Diff: 0.0, Sum: 0.1]
      [GC Worker Total (ms): Min: 0.7, Avg: 2.8, Max: 3.5, Diff: 2.8, Sum: 11.0]
      [GC Worker End (ms): Min: 302192.6, Avg: 302192.6, Max: 302192.6, Diff: 0.0]
   [Code Root Fixup: 0.0 ms]
   [Code Root Migration: 0.1 ms]
   [Clear CT: 0.2 ms]
   [Other: 194.2 ms]
      [Choose CSet: 0.0 ms]
      [Ref Proc: 192.9 ms]
      [Ref Enq: 0.6 ms]
      [Free CSet: 0.6 ms]
   [Eden: 410.0M(410.0M)->0.0B(326.0M) Survivors: 21.0M->19.0M Heap: 2378.0M(4096.0M)->1966.0M(4096.0M)]
 [Times: user=0.75 sys=0.00, real=0.19 secs] 
2016-01-06T01:08:43.770-0800: 302.433: [GC pause (young)
Desired survivor size 23068672 bytes, new threshold 15 (max 15)
- age   1:   17762032 bytes,   17762032 total
- age   2:      36864 bytes,   17798896 total
2016-01-06T01:08:44.006-0800: 302.669: [SoftReference, 0 refs, 0.0000450 secs]2016-01-06T01:08:44.006-0800: 302.669: [WeakReference, 0 refs, 0.0000070 secs]2016-01-06T01:08:44.006-0800: 302.669: [FinalReference, 0 refs, 0.0000050 secs]2016-01-06T01:08:44.006-0800: 302.669: [PhantomReference, 0 refs, 10616 refs, 0.0003890 secs]2016-01-06T01:08:44.006-0800: 302.669: [JNI Weak Reference, 0.0000080 secs], 0.2371390 secs]
   [Parallel Time: 4.7 ms, GC Workers: 4]
      [GC Worker Start (ms): Min: 302433.5, Avg: 302434.7, Max: 302437.7, Diff: 4.2]
      [Ext Root Scanning (ms): Min: 0.0, Avg: 0.3, Max: 0.6, Diff: 0.6, Sum: 1.3]
      [SATB Filtering (ms): Min: 0.0, Avg: 0.0, Max: 0.0, Diff: 0.0, Sum: 0.0]
      [Update RS (ms): Min: 0.0, Avg: 0.1, Max: 0.2, Diff: 0.2, Sum: 0.2]
         [Processed Buffers: Min: 0, Avg: 1.0, Max: 2, Diff: 2, Sum: 4]
      [Scan RS (ms): Min: 0.1, Avg: 0.2, Max: 0.2, Diff: 0.2, Sum: 0.6]
      [Code Root Scanning (ms): Min: 0.0, Avg: 0.0, Max: 0.0, Diff: 0.0, Sum: 0.1]
      [Object Copy (ms): Min: 0.0, Avg: 2.4, Max: 3.2, Diff: 3.2, Sum: 9.4]
      [Termination (ms): Min: 0.0, Avg: 0.3, Max: 0.5, Diff: 0.5, Sum: 1.1]
      [GC Worker Other (ms): Min: 0.0, Avg: 0.0, Max: 0.0, Diff: 0.0, Sum: 0.1]
      [GC Worker Total (ms): Min: 0.1, Avg: 3.2, Max: 4.4, Diff: 4.3, Sum: 12.9]
      [GC Worker End (ms): Min: 302437.8, Avg: 302437.9, Max: 302438.1, Diff: 0.3]
   [Code Root Fixup: 0.0 ms]
   [Code Root Migration: 0.1 ms]
   [Clear CT: 0.1 ms]
   [Other: 232.3 ms]
      [Choose CSet: 0.0 ms]
      [Ref Proc: 231.2 ms]
      [Ref Enq: 0.5 ms]
      [Free CSet: 0.5 ms]
   [Eden: 326.0M(326.0M)->0.0B(185.0M) Survivors: 19.0M->19.0M Heap: 2292.0M(4096.0M)->1966.0M(4096.0M)]
 [Times: user=0.62 sys=0.00, real=0.24 secs] 
2016-01-06T01:08:44.034-0800: 302.697: [GC pause (young)
Desired survivor size 13631488 bytes, new threshold 1 (max 15)
- age   1:   17574544 bytes,   17574544 total
- age   2:      36864 bytes,   17611408 total
2016-01-06T01:08:44.244-0800: 302.907: [SoftReference, 0 refs, 0.0000460 secs]2016-01-06T01:08:44.244-0800: 302.907: [WeakReference, 0 refs, 0.0000070 secs]2016-01-06T01:08:44.244-0800: 302.907: [FinalReference, 0 refs, 0.0000050 secs]2016-01-06T01:08:44.244-0800: 302.907: [PhantomReference, 0 refs, 6245 refs, 0.0002520 secs]2016-01-06T01:08:44.245-0800: 302.907: [JNI Weak Reference, 0.0000080 secs], 0.2117840 secs]
   [Parallel Time: 2.9 ms, GC Workers: 4]
      [GC Worker Start (ms): Min: 302697.0, Avg: 302697.0, Max: 302697.1, Diff: 0.1]
      [Ext Root Scanning (ms): Min: 0.3, Avg: 0.4, Max: 0.4, Diff: 0.1, Sum: 1.4]
      [SATB Filtering (ms): Min: 0.0, Avg: 0.0, Max: 0.0, Diff: 0.0, Sum: 0.0]
      [Update RS (ms): Min: 0.0, Avg: 0.1, Max: 0.2, Diff: 0.2, Sum: 0.2]
         [Processed Buffers: Min: 0, Avg: 1.0, Max: 3, Diff: 3, Sum: 4]
      [Scan RS (ms): Min: 0.0, Avg: 0.1, Max: 0.1, Diff: 0.1, Sum: 0.3]
      [Code Root Scanning (ms): Min: 0.0, Avg: 0.0, Max: 0.0, Diff: 0.0, Sum: 0.0]
      [Object Copy (ms): Min: 2.2, Avg: 2.2, Max: 2.3, Diff: 0.1, Sum: 8.9]
      [Termination (ms): Min: 0.0, Avg: 0.0, Max: 0.0, Diff: 0.0, Sum: 0.0]
      [GC Worker Other (ms): Min: 0.0, Avg: 0.0, Max: 0.1, Diff: 0.1, Sum: 0.1]
      [GC Worker Total (ms): Min: 2.8, Avg: 2.8, Max: 2.8, Diff: 0.0, Sum: 11.1]
      [GC Worker End (ms): Min: 302699.8, Avg: 302699.8, Max: 302699.8, Diff: 0.0]
   [Code Root Fixup: 0.0 ms]
   [Code Root Migration: 0.0 ms]
   [Clear CT: 0.5 ms]
   [Other: 208.3 ms]
      [Choose CSet: 0.0 ms]
      [Ref Proc: 207.5 ms]
      [Ref Enq: 0.3 ms]
      [Free CSet: 0.4 ms]
   [Eden: 185.0M(185.0M)->0.0B(185.0M) Survivors: 19.0M->19.0M Heap: 2151.0M(4096.0M)->1966.0M(4096.0M)]
 [Times: user=0.71 sys=0.01, real=0.22 secs] 
2016-01-06T01:08:44.273-0800: 302.936: [GC pause (young)
Desired survivor size 13631488 bytes, new threshold 1 (max 15)
- age   1:   17259832 bytes,   17259832 total
2016-01-06T01:08:44.467-0800: 303.130: [SoftReference, 0 refs, 0.0000460 secs]2016-01-06T01:08:44.467-0800: 303.130: [WeakReference, 0 refs, 0.0000070 secs]2016-01-06T01:08:44.467-0800: 303.130: [FinalReference, 0 refs, 0.0000050 secs]2016-01-06T01:08:44.467-0800: 303.130: [PhantomReference, 0 refs, 6244 refs, 0.0002370 secs]2016-01-06T01:08:44.467-0800: 303.130: [JNI Weak Reference, 0.0000070 secs], 0.1948780 secs]
   [Parallel Time: 3.1 ms, GC Workers: 4]
      [GC Worker Start (ms): Min: 302935.8, Avg: 302935.9, Max: 302935.9, Diff: 0.1]
      [Ext Root Scanning (ms): Min: 0.3, Avg: 0.4, Max: 0.4, Diff: 0.2, Sum: 1.5]
      [SATB Filtering (ms): Min: 0.0, Avg: 0.0, Max: 0.0, Diff: 0.0, Sum: 0.0]
      [Update RS (ms): Min: 0.0, Avg: 0.1, Max: 0.2, Diff: 0.2, Sum: 0.3]
         [Processed Buffers: Min: 0, Avg: 1.2, Max: 3, Diff: 3, Sum: 5]
      [Scan RS (ms): Min: 0.0, Avg: 0.1, Max: 0.1, Diff: 0.1, Sum: 0.3]
      [Code Root Scanning (ms): Min: 0.0, Avg: 0.0, Max: 0.0, Diff: 0.0, Sum: 0.0]
      [Object Copy (ms): Min: 2.4, Avg: 2.4, Max: 2.4, Diff: 0.0, Sum: 9.7]
      [Termination (ms): Min: 0.0, Avg: 0.0, Max: 0.0, Diff: 0.0, Sum: 0.0]
      [GC Worker Other (ms): Min: 0.0, Avg: 0.0, Max: 0.0, Diff: 0.0, Sum: 0.1]
      [GC Worker Total (ms): Min: 2.9, Avg: 3.0, Max: 3.0, Diff: 0.1, Sum: 12.0]
      [GC Worker End (ms): Min: 302938.9, Avg: 302938.9, Max: 302938.9, Diff: 0.0]
   [Code Root Fixup: 0.0 ms]
   [Code Root Migration: 0.0 ms]
   [Clear CT: 0.1 ms]
   [Other: 191.6 ms]
      [Choose CSet: 0.0 ms]
      [Ref Proc: 190.9 ms]
      [Ref Enq: 0.3 ms]
      [Free CSet: 0.4 ms]
   [Eden: 185.0M(185.0M)->0.0B(185.0M) Survivors: 19.0M->19.0M Heap: 2151.0M(4096.0M)->1966.1M(4096.0M)]
 [Times: user=0.75 sys=0.00, real=0.20 secs] 
2016-01-06T01:08:44.494-0800: 303.157: [GC pause (young)
Desired survivor size 13631488 bytes, new threshold 1 (max 15)
- age   1:   17259832 bytes,   17259832 total
2016-01-06T01:08:44.686-0800: 303.349: [SoftReference, 0 refs, 0.0000460 secs]2016-01-06T01:08:44.686-0800: 303.349: [WeakReference, 0 refs, 0.0000070 secs]2016-01-06T01:08:44.686-0800: 303.349: [FinalReference, 0 refs, 0.0000050 secs]2016-01-06T01:08:44.686-0800: 303.349: [PhantomReference, 0 refs, 6245 refs, 0.0002330 secs]2016-01-06T01:08:44.687-0800: 303.349: [JNI Weak Reference, 0.0000080 secs], 0.1933840 secs]
   [Parallel Time: 3.1 ms, GC Workers: 4]
      [GC Worker Start (ms): Min: 303157.0, Avg: 303157.8, Max: 303159.9, Diff: 2.9]
      [Ext Root Scanning (ms): Min: 0.0, Avg: 0.3, Max: 0.5, Diff: 0.5, Sum: 1.3]
      [SATB Filtering (ms): Min: 0.0, Avg: 0.0, Max: 0.0, Diff: 0.0, Sum: 0.0]
      [Update RS (ms): Min: 0.0, Avg: 0.1, Max: 0.1, Diff: 0.1, Sum: 0.2]
         [Processed Buffers: Min: 0, Avg: 1.5, Max: 4, Diff: 4, Sum: 6]
      [Scan RS (ms): Min: 0.0, Avg: 0.1, Max: 0.1, Diff: 0.1, Sum: 0.3]
      [Code Root Scanning (ms): Min: 0.0, Avg: 0.0, Max: 0.0, Diff: 0.0, Sum: 0.0]
      [Object Copy (ms): Min: 0.0, Avg: 1.6, Max: 2.2, Diff: 2.2, Sum: 6.5]
      [Termination (ms): Min: 0.0, Avg: 0.1, Max: 0.2, Diff: 0.2, Sum: 0.5]
      [GC Worker Other (ms): Min: 0.0, Avg: 0.0, Max: 0.0, Diff: 0.0, Sum: 0.0]
      [GC Worker Total (ms): Min: 0.1, Avg: 2.2, Max: 3.0, Diff: 2.9, Sum: 9.0]
      [GC Worker End (ms): Min: 303160.0, Avg: 303160.0, Max: 303160.0, Diff: 0.0]
   [Code Root Fixup: 0.0 ms]
   [Code Root Migration: 0.0 ms]
   [Clear CT: 0.2 ms]
   [Other: 190.1 ms]
      [Choose CSet: 0.0 ms]
      [Ref Proc: 189.4 ms]
      [Ref Enq: 0.3 ms]
      [Free CSet: 0.4 ms]
   [Eden: 185.0M(185.0M)->0.0B(185.0M) Survivors: 19.0M->19.0M Heap: 2151.1M(4096.0M)->1966.1M(4096.0M)]
 [Times: user=0.74 sys=0.00, real=0.20 secs] 
2016-01-06T01:08:44.713-0800: 303.376: [GC pause (young)
Desired survivor size 13631488 bytes, new threshold 1 (max 15)
- age   1:   17259832 bytes,   17259832 total
2016-01-06T01:08:44.905-0800: 303.568: [SoftReference, 0 refs, 0.0000510 secs]2016-01-06T01:08:44.905-0800: 303.568: [WeakReference, 0 refs, 0.0000070 secs]2016-01-06T01:08:44.905-0800: 303.568: [FinalReference, 0 refs, 0.0000060 secs]2016-01-06T01:08:44.905-0800: 303.568: [PhantomReference, 0 refs, 6245 refs, 0.0002340 secs]2016-01-06T01:08:44.906-0800: 303.569: [JNI Weak Reference, 0.0000080 secs], 0.1931360 secs]
   [Parallel Time: 3.1 ms, GC Workers: 4]
      [GC Worker Start (ms): Min: 303376.4, Avg: 303377.1, Max: 303379.3, Diff: 2.9]
      [Ext Root Scanning (ms): Min: 0.0, Avg: 0.3, Max: 0.5, Diff: 0.5, Sum: 1.3]
      [SATB Filtering (ms): Min: 0.0, Avg: 0.0, Max: 0.0, Diff: 0.0, Sum: 0.0]
      [Update RS (ms): Min: 0.0, Avg: 0.1, Max: 0.2, Diff: 0.2, Sum: 0.3]
         [Processed Buffers: Min: 0, Avg: 0.8, Max: 2, Diff: 2, Sum: 3]
      [Scan RS (ms): Min: 0.0, Avg: 0.1, Max: 0.1, Diff: 0.1, Sum: 0.3]
      [Code Root Scanning (ms): Min: 0.0, Avg: 0.0, Max: 0.0, Diff: 0.0, Sum: 0.0]
      [Object Copy (ms): Min: 0.0, Avg: 1.6, Max: 2.2, Diff: 2.2, Sum: 6.4]
      [Termination (ms): Min: 0.0, Avg: 0.2, Max: 0.2, Diff: 0.2, Sum: 0.7]
      [GC Worker Other (ms): Min: 0.0, Avg: 0.0, Max: 0.0, Diff: 0.0, Sum: 0.0]
      [GC Worker Total (ms): Min: 0.1, Avg: 2.3, Max: 3.0, Diff: 2.9, Sum: 9.0]
      [GC Worker End (ms): Min: 303379.4, Avg: 303379.4, Max: 303379.4, Diff: 0.0]
   [Code Root Fixup: 0.0 ms]
   [Code Root Migration: 0.0 ms]
   [Clear CT: 0.1 ms]
   [Other: 189.9 ms]
      [Choose CSet: 0.0 ms]
      [Ref Proc: 189.2 ms]
      [Ref Enq: 0.3 ms]
      [Free CSet: 0.4 ms]
   [Eden: 185.0M(185.0M)->0.0B(186.0M) Survivors: 19.0M->18.0M Heap: 2151.1M(4096.0M)->1965.7M(4096.0M)]
 [Times: user=0.74 sys=0.00, real=0.20 secs] 
2016-01-06T01:08:44.933-0800: 303.596: [GC pause (young)
Desired survivor size 13631488 bytes, new threshold 1 (max 15)
- age   1:   17259832 bytes,   17259832 total
2016-01-06T01:08:45.125-0800: 303.788: [SoftReference, 0 refs, 0.0000500 secs]2016-01-06T01:08:45.125-0800: 303.788: [WeakReference, 0 refs, 0.0000070 secs]2016-01-06T01:08:45.125-0800: 303.788: [FinalReference, 0 refs, 0.0000050 secs]2016-01-06T01:08:45.125-0800: 303.788: [PhantomReference, 0 refs, 6276 refs, 0.0002610 secs]2016-01-06T01:08:45.125-0800: 303.788: [JNI Weak Reference, 0.0000070 secs], 0.1927860 secs]
   [Parallel Time: 3.3 ms, GC Workers: 4]
      [GC Worker Start (ms): Min: 303596.1, Avg: 303596.9, Max: 303599.2, Diff: 3.2]
      [Ext Root Scanning (ms): Min: 0.0, Avg: 0.3, Max: 0.5, Diff: 0.5, Sum: 1.3]
      [SATB Filtering (ms): Min: 0.0, Avg: 0.0, Max: 0.0, Diff: 0.0, Sum: 0.0]
      [Update RS (ms): Min: 0.0, Avg: 0.1, Max: 0.2, Diff: 0.2, Sum: 0.3]
         [Processed Buffers: Min: 0, Avg: 1.0, Max: 3, Diff: 3, Sum: 4]
      [Scan RS (ms): Min: 0.0, Avg: 0.1, Max: 0.2, Diff: 0.1, Sum: 0.3]
      [Code Root Scanning (ms): Min: 0.0, Avg: 0.0, Max: 0.0, Diff: 0.0, Sum: 0.0]
      [Object Copy (ms): Min: 0.0, Avg: 1.8, Max: 2.4, Diff: 2.4, Sum: 7.1]
      [Termination (ms): Min: 0.0, Avg: 0.2, Max: 0.2, Diff: 0.2, Sum: 0.6]
      [GC Worker Other (ms): Min: 0.0, Avg: 0.0, Max: 0.0, Diff: 0.0, Sum: 0.1]
      [GC Worker Total (ms): Min: 0.1, Avg: 2.4, Max: 3.2, Diff: 3.2, Sum: 9.7]
      [GC Worker End (ms): Min: 303599.3, Avg: 303599.3, Max: 303599.3, Diff: 0.0]
   [Code Root Fixup: 0.0 ms]
   [Code Root Migration: 0.0 ms]
   [Clear CT: 0.1 ms]
   [Other: 189.4 ms]
      [Choose CSet: 0.0 ms]
      [Ref Proc: 188.7 ms]
      [Ref Enq: 0.3 ms]
      [Free CSet: 0.3 ms]
   [Eden: 186.0M(186.0M)->0.0B(185.0M) Survivors: 18.0M->19.0M Heap: 2151.7M(4096.0M)->1966.2M(4096.0M)]
 [Times: user=0.71 sys=0.00, real=0.20 secs] 
2016-01-06T01:08:45.152-0800: 303.815: [GC pause (young)
Desired survivor size 13631488 bytes, new threshold 1 (max 15)
- age   1:   17262064 bytes,   17262064 total
2016-01-06T01:08:45.350-0800: 304.013: [SoftReference, 0 refs, 0.0000450 secs]2016-01-06T01:08:45.350-0800: 304.013: [WeakReference, 0 refs, 0.0000070 secs]2016-01-06T01:08:45.350-0800: 304.013: [FinalReference, 0 refs, 0.0000060 secs]2016-01-06T01:08:45.350-0800: 304.013: [PhantomReference, 0 refs, 6244 refs, 0.0002320 secs]2016-01-06T01:08:45.350-0800: 304.013: [JNI Weak Reference, 0.0000070 secs], 0.1990830 secs]
   [Parallel Time: 2.7 ms, GC Workers: 4]
      [GC Worker Start (ms): Min: 303815.2, Avg: 303815.4, Max: 303815.9, Diff: 0.8]
      [Ext Root Scanning (ms): Min: 0.0, Avg: 0.3, Max: 0.5, Diff: 0.5, Sum: 1.3]
      [SATB Filtering (ms): Min: 0.0, Avg: 0.0, Max: 0.0, Diff: 0.0, Sum: 0.0]
      [Update RS (ms): Min: 0.0, Avg: 0.1, Max: 0.1, Diff: 0.1, Sum: 0.2]
         [Processed Buffers: Min: 0, Avg: 1.0, Max: 2, Diff: 2, Sum: 4]
      [Scan RS (ms): Min: 0.0, Avg: 0.1, Max: 0.1, Diff: 0.1, Sum: 0.3]
      [Code Root Scanning (ms): Min: 0.0, Avg: 0.0, Max: 0.0, Diff: 0.0, Sum: 0.0]
      [Object Copy (ms): Min: 1.8, Avg: 1.9, Max: 2.0, Diff: 0.2, Sum: 7.7]
      [Termination (ms): Min: 0.0, Avg: 0.0, Max: 0.0, Diff: 0.0, Sum: 0.0]
      [GC Worker Other (ms): Min: 0.0, Avg: 0.0, Max: 0.0, Diff: 0.0, Sum: 0.0]
      [GC Worker Total (ms): Min: 1.8, Avg: 2.4, Max: 2.6, Diff: 0.8, Sum: 9.6]
      [GC Worker End (ms): Min: 303817.8, Avg: 303817.8, Max: 303817.8, Diff: 0.0]
   [Code Root Fixup: 0.0 ms]
   [Code Root Migration: 0.0 ms]
   [Clear CT: 0.1 ms]
   [Other: 196.2 ms]
      [Choose CSet: 0.0 ms]
      [Ref Proc: 195.5 ms]
      [Ref Enq: 0.3 ms]
      [Free CSet: 0.3 ms]
   [Eden: 185.0M(185.0M)->0.0B(189.0M) Survivors: 19.0M->15.0M Heap: 2151.2M(4096.0M)->1962.3M(4096.0M)]
 [Times: user=0.76 sys=0.01, real=0.20 secs] 
2016-01-06T01:08:45.378-0800: 304.041: [GC pause (young)
Desired survivor size 13631488 bytes, new threshold 15 (max 15)
- age   1:   13385656 bytes,   13385656 total
2016-01-06T01:08:45.573-0800: 304.236: [SoftReference, 0 refs, 0.0000460 secs]2016-01-06T01:08:45.573-0800: 304.236: [WeakReference, 0 refs, 0.0000060 secs]2016-01-06T01:08:45.573-0800: 304.236: [FinalReference, 0 refs, 0.0000060 secs]2016-01-06T01:08:45.573-0800: 304.236: [PhantomReference, 0 refs, 6369 refs, 0.0002430 secs]2016-01-06T01:08:45.573-0800: 304.236: [JNI Weak Reference, 0.0000080 secs], 0.1963700 secs]
   [Parallel Time: 3.1 ms, GC Workers: 4]
      [GC Worker Start (ms): Min: 304040.8, Avg: 304041.6, Max: 304043.8, Diff: 3.0]
      [Ext Root Scanning (ms): Min: 0.0, Avg: 0.3, Max: 0.5, Diff: 0.5, Sum: 1.3]
      [SATB Filtering (ms): Min: 0.0, Avg: 0.0, Max: 0.0, Diff: 0.0, Sum: 0.0]
      [Update RS (ms): Min: 0.0, Avg: 0.1, Max: 0.1, Diff: 0.1, Sum: 0.2]
         [Processed Buffers: Min: 0, Avg: 1.5, Max: 4, Diff: 4, Sum: 6]
      [Scan RS (ms): Min: 0.0, Avg: 0.1, Max: 0.1, Diff: 0.1, Sum: 0.3]
      [Code Root Scanning (ms): Min: 0.0, Avg: 0.0, Max: 0.0, Diff: 0.0, Sum: 0.0]
      [Object Copy (ms): Min: 0.0, Avg: 1.7, Max: 2.2, Diff: 2.2, Sum: 6.7]
      [Termination (ms): Min: 0.0, Avg: 0.1, Max: 0.2, Diff: 0.2, Sum: 0.6]
      [GC Worker Other (ms): Min: 0.0, Avg: 0.0, Max: 0.0, Diff: 0.0, Sum: 0.0]
      [GC Worker Total (ms): Min: 0.1, Avg: 2.3, Max: 3.1, Diff: 3.0, Sum: 9.1]
      [GC Worker End (ms): Min: 304043.9, Avg: 304043.9, Max: 304043.9, Diff: 0.0]
   [Code Root Fixup: 0.0 ms]
   [Code Root Migration: 0.0 ms]
   [Clear CT: 0.1 ms]
   [Other: 193.1 ms]
      [Choose CSet: 0.0 ms]
      [Ref Proc: 192.3 ms]
      [Ref Enq: 0.3 ms]
      [Free CSet: 0.4 ms]
   [Eden: 189.0M(189.0M)->0.0B(185.0M) Survivors: 15.0M->19.0M Heap: 2151.3M(4096.0M)->1966.3M(4096.0M)]
 [Times: user=0.75 sys=0.00, real=0.19 secs] 
2016-01-06T01:08:45.601-0800: 304.264: [GC pause (young)
Desired survivor size 13631488 bytes, new threshold 1 (max 15)
- age   1:   17268760 bytes,   17268760 total
- age   2:      36864 bytes,   17305624 total
2016-01-06T01:08:45.794-0800: 304.457: [SoftReference, 0 refs, 0.0000540 secs]2016-01-06T01:08:45.794-0800: 304.457: [WeakReference, 0 refs, 0.0000080 secs]2016-01-06T01:08:45.794-0800: 304.457: [FinalReference, 0 refs, 0.0000060 secs]2016-01-06T01:08:45.794-0800: 304.457: [PhantomReference, 0 refs, 6245 refs, 0.0002280 secs]2016-01-06T01:08:45.795-0800: 304.458: [JNI Weak Reference, 0.0000080 secs], 0.1948940 secs]
   [Parallel Time: 2.9 ms, GC Workers: 4]
      [GC Worker Start (ms): Min: 304263.6, Avg: 304263.6, Max: 304263.6, Diff: 0.1]
      [Ext Root Scanning (ms): Min: 0.3, Avg: 0.4, Max: 0.4, Diff: 0.1, Sum: 1.5]
      [SATB Filtering (ms): Min: 0.0, Avg: 0.0, Max: 0.0, Diff: 0.0, Sum: 0.0]
      [Update RS (ms): Min: 0.0, Avg: 0.1, Max: 0.2, Diff: 0.2, Sum: 0.2]
         [Processed Buffers: Min: 0, Avg: 1.0, Max: 3, Diff: 3, Sum: 4]
      [Scan RS (ms): Min: 0.0, Avg: 0.1, Max: 0.1, Diff: 0.1, Sum: 0.3]
      [Code Root Scanning (ms): Min: 0.0, Avg: 0.0, Max: 0.0, Diff: 0.0, Sum: 0.0]
      [Object Copy (ms): Min: 2.3, Avg: 2.3, Max: 2.3, Diff: 0.0, Sum: 9.1]
      [Termination (ms): Min: 0.0, Avg: 0.0, Max: 0.0, Diff: 0.0, Sum: 0.0]
      [GC Worker Other (ms): Min: 0.0, Avg: 0.0, Max: 0.0, Diff: 0.0, Sum: 0.1]
      [GC Worker Total (ms): Min: 2.8, Avg: 2.8, Max: 2.9, Diff: 0.1, Sum: 11.3]
      [GC Worker End (ms): Min: 304266.4, Avg: 304266.4, Max: 304266.4, Diff: 0.0]
   [Code Root Fixup: 0.0 ms]
   [Code Root Migration: 0.0 ms]
   [Clear CT: 0.1 ms]
   [Other: 191.8 ms]
      [Choose CSet: 0.0 ms]
      [Ref Proc: 191.1 ms]
      [Ref Enq: 0.3 ms]
      [Free CSet: 0.4 ms]
   [Eden: 185.0M(185.0M)->0.0B(458.0M) Survivors: 19.0M->18.0M Heap: 2151.3M(4096.0M)->1965.8M(4096.0M)]
 [Times: user=0.76 sys=0.00, real=0.19 secs] 
2016-01-06T01:08:45.822-0800: 304.485: [GC concurrent-mark-end, 15.6827050 secs]
2016-01-06T01:08:45.822-0800: 304.485: [GC remark 2016-01-06T01:08:45.822-0800: 304.485: [GC ref-proc2016-01-06T01:08:45.822-0800: 304.485: [SoftReference, 0 refs, 0.0000190 secs]2016-01-06T01:08:45.822-0800: 304.485: [WeakReference, 3 refs, 0.0000140 secs]2016-01-06T01:08:45.822-0800: 304.485: [FinalReference, 4 refs, 0.0000130 secs]2016-01-06T01:08:45.822-0800: 304.485: [PhantomReference, 0 refs, 10482437 refs, 1.5939440 secs]2016-01-06T01:08:47.416-0800: 306.079: [JNI Weak Reference, 0.0000200 secs], 1.5940730 secs], 1.6026360 secs]
 [Times: user=1.13 sys=0.50, real=1.60 secs] 
2016-01-06T01:08:47.425-0800: 306.088: [GC cleanup 2152M->2151M(4096M), 0.0048690 secs]
 [Times: user=0.01 sys=0.00, real=0.00 secs] 
2016-01-06T01:08:47.430-0800: 306.093: [GC concurrent-cleanup-start]
2016-01-06T01:08:47.430-0800: 306.093: [GC concurrent-cleanup-end, 0.0000270 secs]
2016-01-06T01:08:47.477-0800: 306.140: [GC pause (young)
Desired survivor size 31457280 bytes, new threshold 15 (max 15)
- age   1:   17259832 bytes,   17259832 total
2016-01-06T01:08:47.481-0800: 306.144: [SoftReference, 0 refs, 0.0000550 secs]2016-01-06T01:08:47.481-0800: 306.144: [WeakReference, 0 refs, 0.0000080 secs]2016-01-06T01:08:47.481-0800: 306.144: [FinalReference, 0 refs, 0.0000050 secs]2016-01-06T01:08:47.481-0800: 306.144: [PhantomReference, 0 refs, 14708 refs, 0.0005410 secs]2016-01-06T01:08:47.482-0800: 306.145: [JNI Weak Reference, 0.0000080 secs], 0.0062780 secs]
   [Parallel Time: 4.1 ms, GC Workers: 4]
      [GC Worker Start (ms): Min: 306139.9, Avg: 306139.9, Max: 306139.9, Diff: 0.1]
      [Ext Root Scanning (ms): Min: 0.3, Avg: 0.4, Max: 0.4, Diff: 0.1, Sum: 1.5]
      [Update RS (ms): Min: 0.0, Avg: 0.1, Max: 0.2, Diff: 0.2, Sum: 0.3]
         [Processed Buffers: Min: 0, Avg: 1.2, Max: 2, Diff: 2, Sum: 5]
      [Scan RS (ms): Min: 0.1, Avg: 0.2, Max: 0.2, Diff: 0.1, Sum: 0.8]
      [Code Root Scanning (ms): Min: 0.0, Avg: 0.0, Max: 0.0, Diff: 0.0, Sum: 0.1]
      [Object Copy (ms): Min: 3.1, Avg: 3.2, Max: 3.2, Diff: 0.0, Sum: 12.6]
      [Termination (ms): Min: 0.0, Avg: 0.0, Max: 0.0, Diff: 0.0, Sum: 0.0]
      [GC Worker Other (ms): Min: 0.0, Avg: 0.1, Max: 0.1, Diff: 0.1, Sum: 0.2]
      [GC Worker Total (ms): Min: 3.8, Avg: 3.9, Max: 4.0, Diff: 0.1, Sum: 15.6]
      [GC Worker End (ms): Min: 306143.8, Avg: 306143.8, Max: 306143.8, Diff: 0.1]
   [Code Root Fixup: 0.0 ms]
   [Code Root Migration: 0.1 ms]
   [Clear CT: 0.2 ms]
   [Other: 1.9 ms]
      [Choose CSet: 0.0 ms]
      [Ref Proc: 0.8 ms]
      [Ref Enq: 0.3 ms]
      [Free CSet: 0.7 ms]
   [Eden: 458.0M(458.0M)->0.0B(1692.0M) Survivors: 18.0M->19.0M Heap: 2422.8M(4096.0M)->1965.8M(4096.0M)]
 [Times: user=0.01 sys=0.00, real=0.01 secs] 
2016-01-06T01:08:47.721-0800: 306.384: [GC pause (young)
Desired survivor size 112197632 bytes, new threshold 15 (max 15)
- age   1:   17869168 bytes,   17869168 total
- age   2:      36864 bytes,   17906032 total
2016-01-06T01:08:47.735-0800: 306.398: [SoftReference, 0 refs, 0.0000420 secs]2016-01-06T01:08:47.736-0800: 306.398: [WeakReference, 0 refs, 0.0000070 secs]2016-01-06T01:08:47.736-0800: 306.398: [FinalReference, 0 refs, 0.0000060 secs]2016-01-06T01:08:47.736-0800: 306.398: [PhantomReference, 0 refs, 52962 refs, 0.0016010 secs]2016-01-06T01:08:47.737-0800: 306.400: [JNI Weak Reference, 0.0000090 secs], 0.0198530 secs]
   [Parallel Time: 14.1 ms, GC Workers: 4]
      [GC Worker Start (ms): Min: 306384.1, Avg: 306384.2, Max: 306384.5, Diff: 0.3]
      [Ext Root Scanning (ms): Min: 0.2, Avg: 1.5, Max: 3.8, Diff: 3.6, Sum: 5.9]
      [Update RS (ms): Min: 0.0, Avg: 0.0, Max: 0.1, Diff: 0.1, Sum: 0.2]
         [Processed Buffers: Min: 0, Avg: 1.0, Max: 2, Diff: 2, Sum: 4]
      [Scan RS (ms): Min: 0.4, Avg: 0.8, Max: 1.2, Diff: 0.8, Sum: 3.2]
      [Code Root Scanning (ms): Min: 0.0, Avg: 0.1, Max: 0.2, Diff: 0.2, Sum: 0.4]
      [Object Copy (ms): Min: 9.7, Avg: 11.4, Max: 12.0, Diff: 2.3, Sum: 45.7]
      [Termination (ms): Min: 0.0, Avg: 0.0, Max: 0.0, Diff: 0.0, Sum: 0.0]
      [GC Worker Other (ms): Min: 0.0, Avg: 0.1, Max: 0.1, Diff: 0.0, Sum: 0.2]
      [GC Worker Total (ms): Min: 13.7, Avg: 13.9, Max: 14.0, Diff: 0.3, Sum: 55.6]
      [GC Worker End (ms): Min: 306398.1, Avg: 306398.1, Max: 306398.1, Diff: 0.0]
   [Code Root Fixup: 0.0 ms]
   [Code Root Migration: 0.3 ms]
   [Clear CT: 0.4 ms]
   [Other: 5.1 ms]
      [Choose CSet: 0.0 ms]
      [Ref Proc: 1.9 ms]
      [Ref Enq: 0.9 ms]
      [Free CSet: 2.1 ms]
   [Eden: 1692.0M(1692.0M)->0.0B(1690.0M) Survivors: 19.0M->22.0M Heap: 3657.8M(4096.0M)->1968.8M(4096.0M)]
 [Times: user=0.05 sys=0.00, real=0.02 secs] 
2016-01-06T01:08:47.975-0800: 306.638: [GC pause (young) (initial-mark)
Desired survivor size 112197632 bytes, new threshold 15 (max 15)
- age   1:   20623456 bytes,   20623456 total
- age   2:      36864 bytes,   20660320 total
2016-01-06T01:08:47.997-0800: 306.660: [SoftReference, 0 refs, 0.0000410 secs]2016-01-06T01:08:47.997-0800: 306.660: [WeakReference, 0 refs, 0.0000160 secs]2016-01-06T01:08:47.997-0800: 306.660: [FinalReference, 0 refs, 0.0000050 secs]2016-01-06T01:08:47.997-0800: 306.660: [PhantomReference, 0 refs, 52900 refs, 0.0014620 secs]2016-01-06T01:08:47.999-0800: 306.662: [JNI Weak Reference, 0.0000070 secs], 0.0276880 secs]
   [Parallel Time: 21.4 ms, GC Workers: 4]
      [GC Worker Start (ms): Min: 306638.7, Avg: 306638.7, Max: 306638.7, Diff: 0.1]
      [Ext Root Scanning (ms): Min: 0.3, Avg: 0.4, Max: 0.4, Diff: 0.1, Sum: 1.4]
      [Code Root Marking (ms): Min: 0.2, Avg: 0.2, Max: 0.3, Diff: 0.1, Sum: 1.0]
      [Update RS (ms): Min: 0.0, Avg: 0.1, Max: 0.2, Diff: 0.2, Sum: 0.2]
         [Processed Buffers: Min: 0, Avg: 1.0, Max: 2, Diff: 2, Sum: 4]
      [Scan RS (ms): Min: 0.7, Avg: 0.7, Max: 0.8, Diff: 0.1, Sum: 2.9]
      [Code Root Scanning (ms): Min: 0.0, Avg: 0.1, Max: 0.1, Diff: 0.1, Sum: 0.3]
      [Object Copy (ms): Min: 14.1, Avg: 15.5, Max: 19.7, Diff: 5.7, Sum: 62.1]
      [Termination (ms): Min: 0.0, Avg: 4.2, Max: 5.6, Diff: 5.6, Sum: 16.9]
      [GC Worker Other (ms): Min: 0.0, Avg: 0.0, Max: 0.1, Diff: 0.0, Sum: 0.1]
      [GC Worker Total (ms): Min: 21.2, Avg: 21.2, Max: 21.2, Diff: 0.0, Sum: 84.9]
      [GC Worker End (ms): Min: 306659.9, Avg: 306659.9, Max: 306660.0, Diff: 0.0]
   [Code Root Fixup: 0.0 ms]
   [Code Root Migration: 0.3 ms]
   [Clear CT: 0.5 ms]
   [Other: 5.5 ms]
      [Choose CSet: 0.0 ms]
      [Ref Proc: 1.8 ms]
      [Ref Enq: 0.9 ms]
      [Free CSet: 2.1 ms]
   [Eden: 1690.0M(1690.0M)->0.0B(1690.0M) Survivors: 22.0M->22.0M Heap: 3658.8M(4096.0M)->1968.8M(4096.0M)]
 [Times: user=0.07 sys=0.00, real=0.03 secs] 
2016-01-06T01:08:48.003-0800: 306.666: [GC concurrent-root-region-scan-start]
2016-01-06T01:08:48.023-0800: 306.685: [GC concurrent-root-region-scan-end, 0.0194840 secs]
2016-01-06T01:08:48.023-0800: 306.686: [GC concurrent-mark-start]
2016-01-06T01:08:48.583-0800: 307.246: [GC pause (young)
Desired survivor size 112197632 bytes, new threshold 15 (max 15)
- age   1:   20618992 bytes,   20618992 total
- age   2:      36864 bytes,   20655856 total
2016-01-06T01:08:48.608-0800: 307.271: [SoftReference, 0 refs, 0.0000510 secs]2016-01-06T01:08:48.608-0800: 307.271: [WeakReference, 0 refs, 0.0000070 secs]2016-01-06T01:08:48.608-0800: 307.271: [FinalReference, 0 refs, 0.0000050 secs]2016-01-06T01:08:48.608-0800: 307.271: [PhantomReference, 0 refs, 52900 refs, 0.0016740 secs]2016-01-06T01:08:48.610-0800: 307.273: [JNI Weak Reference, 0.0000080 secs], 0.0320810 secs]
   [Parallel Time: 22.5 ms, GC Workers: 4]
      [GC Worker Start (ms): Min: 307245.8, Avg: 307246.4, Max: 307247.9, Diff: 2.1]
      [Ext Root Scanning (ms): Min: 0.0, Avg: 0.3, Max: 0.5, Diff: 0.4, Sum: 1.3]
      [SATB Filtering (ms): Min: 0.0, Avg: 0.0, Max: 0.0, Diff: 0.0, Sum: 0.0]
      [Update RS (ms): Min: 9.1, Avg: 10.4, Max: 10.9, Diff: 1.8, Sum: 41.8]
         [Processed Buffers: Min: 13, Avg: 16.2, Max: 19, Diff: 6, Sum: 65]
      [Scan RS (ms): Min: 0.7, Avg: 0.7, Max: 0.8, Diff: 0.1, Sum: 2.9]
      [Code Root Scanning (ms): Min: 0.1, Avg: 0.1, Max: 0.1, Diff: 0.0, Sum: 0.3]
      [Object Copy (ms): Min: 10.3, Avg: 10.3, Max: 10.3, Diff: 0.1, Sum: 41.2]
      [Termination (ms): Min: 0.0, Avg: 0.0, Max: 0.0, Diff: 0.0, Sum: 0.0]
      [GC Worker Other (ms): Min: 0.0, Avg: 0.1, Max: 0.1, Diff: 0.1, Sum: 0.2]
      [GC Worker Total (ms): Min: 20.4, Avg: 21.9, Max: 22.4, Diff: 2.0, Sum: 87.7]
      [GC Worker End (ms): Min: 307268.2, Avg: 307268.3, Max: 307268.3, Diff: 0.1]
   [Code Root Fixup: 0.0 ms]
   [Code Root Migration: 0.3 ms]
   [Clear CT: 0.5 ms]
   [Other: 8.8 ms]
      [Choose CSet: 0.0 ms]
      [Ref Proc: 4.2 ms]
      [Ref Enq: 2.4 ms]
      [Free CSet: 2.1 ms]
   [Eden: 1690.0M(1690.0M)->0.0B(1691.0M) Survivors: 22.0M->22.0M Heap: 3658.8M(4096.0M)->1968.8M(4096.0M)]
 [Times: user=0.10 sys=0.00, real=0.03 secs] 
2016-01-06T01:08:48.857-0800: 307.520: [GC pause (young)
Desired survivor size 112721920 bytes, new threshold 15 (max 15)
- age   1:   20618992 bytes,   20618992 total
- age   2:      36864 bytes,   20655856 total
2016-01-06T01:08:48.906-0800: 307.569: [SoftReference, 0 refs, 0.0000450 secs]2016-01-06T01:08:48.906-0800: 307.569: [WeakReference, 0 refs, 0.0000070 secs]2016-01-06T01:08:48.906-0800: 307.569: [FinalReference, 0 refs, 0.0000050 secs]2016-01-06T01:08:48.906-0800: 307.569: [PhantomReference, 0 refs, 52931 refs, 0.0018780 secs]2016-01-06T01:08:48.908-0800: 307.571: [JNI Weak Reference, 0.0000080 secs], 0.0566940 secs]
   [Parallel Time: 29.7 ms, GC Workers: 4]
      [GC Worker Start (ms): Min: 307519.7, Avg: 307519.7, Max: 307519.7, Diff: 0.1]
      [Ext Root Scanning (ms): Min: 0.4, Avg: 0.4, Max: 0.4, Diff: 0.1, Sum: 1.5]
      [SATB Filtering (ms): Min: 0.0, Avg: 0.0, Max: 0.0, Diff: 0.0, Sum: 0.0]
      [Update RS (ms): Min: 18.0, Avg: 18.1, Max: 18.3, Diff: 0.4, Sum: 72.4]
         [Processed Buffers: Min: 26, Avg: 26.2, Max: 27, Diff: 1, Sum: 105]
      [Scan RS (ms): Min: 0.6, Avg: 0.8, Max: 0.8, Diff: 0.2, Sum: 3.1]
      [Code Root Scanning (ms): Min: 0.1, Avg: 0.1, Max: 0.1, Diff: 0.0, Sum: 0.3]
      [Object Copy (ms): Min: 10.2, Avg: 10.2, Max: 10.3, Diff: 0.1, Sum: 40.9]
      [Termination (ms): Min: 0.0, Avg: 0.0, Max: 0.0, Diff: 0.0, Sum: 0.0]
      [GC Worker Other (ms): Min: 0.0, Avg: 0.1, Max: 0.1, Diff: 0.1, Sum: 0.2]
      [GC Worker Total (ms): Min: 29.6, Avg: 29.6, Max: 29.6, Diff: 0.1, Sum: 118.5]
      [GC Worker End (ms): Min: 307549.3, Avg: 307549.3, Max: 307549.3, Diff: 0.1]
   [Code Root Fixup: 0.0 ms]
   [Code Root Migration: 0.3 ms]
   [Clear CT: 0.5 ms]
   [Other: 26.2 ms]
      [Choose CSet: 0.0 ms]
      [Ref Proc: 21.5 ms]
      [Ref Enq: 2.5 ms]
      [Free CSet: 2.2 ms]
   [Eden: 1691.0M(1691.0M)->0.0B(1699.0M) Survivors: 22.0M->16.0M Heap: 3659.8M(4096.0M)->1962.3M(4096.0M)]
 [Times: user=0.20 sys=0.00, real=0.06 secs] 
2016-01-06T01:08:49.165-0800: 307.828: [GC pause (young)
Desired survivor size 112721920 bytes, new threshold 15 (max 15)
- age   1:   14284648 bytes,   14284648 total
- age   2:      36864 bytes,   14321512 total
2016-01-06T01:08:49.235-0800: 307.898: [SoftReference, 0 refs, 0.0000480 secs]2016-01-06T01:08:49.235-0800: 307.898: [WeakReference, 0 refs, 0.0000060 secs]2016-01-06T01:08:49.235-0800: 307.898: [FinalReference, 0 refs, 0.0000050 secs]2016-01-06T01:08:49.235-0800: 307.898: [PhantomReference, 0 refs, 53179 refs, 0.0018790 secs]2016-01-06T01:08:49.237-0800: 307.900: [JNI Weak Reference, 0.0000080 secs], 0.0779220 secs]
   [Parallel Time: 35.2 ms, GC Workers: 4]
      [GC Worker Start (ms): Min: 307827.6, Avg: 307827.7, Max: 307827.7, Diff: 0.1]
      [Ext Root Scanning (ms): Min: 0.3, Avg: 0.4, Max: 0.4, Diff: 0.1, Sum: 1.5]
      [SATB Filtering (ms): Min: 0.0, Avg: 0.0, Max: 0.0, Diff: 0.0, Sum: 0.0]
      [Update RS (ms): Min: 23.2, Avg: 23.4, Max: 23.5, Diff: 0.4, Sum: 93.5]
         [Processed Buffers: Min: 33, Avg: 33.5, Max: 34, Diff: 1, Sum: 134]
      [Scan RS (ms): Min: 0.7, Avg: 0.8, Max: 1.0, Diff: 0.3, Sum: 3.2]
      [Code Root Scanning (ms): Min: 0.1, Avg: 0.1, Max: 0.1, Diff: 0.0, Sum: 0.3]
      [Object Copy (ms): Min: 10.4, Avg: 10.4, Max: 10.5, Diff: 0.1, Sum: 41.6]
      [Termination (ms): Min: 0.0, Avg: 0.0, Max: 0.0, Diff: 0.0, Sum: 0.0]
      [GC Worker Other (ms): Min: 0.0, Avg: 0.1, Max: 0.1, Diff: 0.1, Sum: 0.3]
      [GC Worker Total (ms): Min: 35.1, Avg: 35.1, Max: 35.2, Diff: 0.1, Sum: 140.5]
      [GC Worker End (ms): Min: 307862.7, Avg: 307862.8, Max: 307862.8, Diff: 0.1]
   [Code Root Fixup: 0.0 ms]
   [Code Root Migration: 0.2 ms]
   [Clear CT: 0.5 ms]
   [Other: 42.0 ms]
      [Choose CSet: 0.0 ms]
      [Ref Proc: 37.3 ms]
      [Ref Enq: 2.4 ms]
      [Free CSet: 2.1 ms]
   [Eden: 1699.0M(1699.0M)->0.0B(1693.0M) Survivors: 16.0M->22.0M Heap: 3661.3M(4096.0M)->1968.8M(4096.0M)]
 [Times: user=0.29 sys=0.00, real=0.08 secs] 
2016-01-06T01:08:49.496-0800: 308.158: [GC pause (young)
Desired survivor size 112721920 bytes, new threshold 15 (max 15)
- age   1:   20639080 bytes,   20639080 total
- age   2:      36864 bytes,   20675944 total
2016-01-06T01:08:49.574-0800: 308.237: [SoftReference, 0 refs, 0.0000460 secs]2016-01-06T01:08:49.574-0800: 308.237: [WeakReference, 0 refs, 0.0000070 secs]2016-01-06T01:08:49.574-0800: 308.237: [FinalReference, 0 refs, 0.0000050 secs]2016-01-06T01:08:49.574-0800: 308.237: [PhantomReference, 0 refs, 52994 refs, 0.0018310 secs]2016-01-06T01:08:49.576-0800: 308.239: [JNI Weak Reference, 0.0000080 secs], 0.0856540 secs]
   [Parallel Time: 31.2 ms, GC Workers: 4]
      [GC Worker Start (ms): Min: 308158.5, Avg: 308159.9, Max: 308163.9, Diff: 5.4]
      [Ext Root Scanning (ms): Min: 0.0, Avg: 0.3, Max: 0.4, Diff: 0.4, Sum: 1.3]
      [SATB Filtering (ms): Min: 0.0, Avg: 0.0, Max: 0.0, Diff: 0.0, Sum: 0.0]
      [Update RS (ms): Min: 14.7, Avg: 18.3, Max: 19.7, Diff: 5.0, Sum: 73.3]
         [Processed Buffers: Min: 16, Avg: 25.8, Max: 37, Diff: 21, Sum: 103]
      [Scan RS (ms): Min: 0.7, Avg: 0.8, Max: 0.9, Diff: 0.2, Sum: 3.1]
      [Code Root Scanning (ms): Min: 0.1, Avg: 0.1, Max: 0.1, Diff: 0.1, Sum: 0.3]
      [Object Copy (ms): Min: 10.2, Avg: 10.2, Max: 10.2, Diff: 0.1, Sum: 40.8]
      [Termination (ms): Min: 0.0, Avg: 0.0, Max: 0.0, Diff: 0.0, Sum: 0.0]
      [GC Worker Other (ms): Min: 0.0, Avg: 0.1, Max: 0.1, Diff: 0.1, Sum: 0.2]
      [GC Worker Total (ms): Min: 25.7, Avg: 29.8, Max: 31.2, Diff: 5.4, Sum: 119.0]
      [GC Worker End (ms): Min: 308189.6, Avg: 308189.6, Max: 308189.7, Diff: 0.1]
   [Code Root Fixup: 0.0 ms]
   [Code Root Migration: 0.2 ms]
   [Clear CT: 0.5 ms]
   [Other: 53.7 ms]
      [Choose CSet: 0.0 ms]
      [Ref Proc: 49.0 ms]
      [Ref Enq: 2.4 ms]
      [Free CSet: 2.2 ms]
   [Eden: 1693.0M(1693.0M)->0.0B(1693.0M) Survivors: 22.0M->22.0M Heap: 3661.8M(4096.0M)->1968.8M(4096.0M)]
 [Times: user=0.30 sys=0.00, real=0.09 secs] 
2016-01-06T01:08:49.840-0800: 308.503: [GC pause (young)
Desired survivor size 112721920 bytes, new threshold 15 (max 15)
- age   1:   20625688 bytes,   20625688 total
- age   2:      36864 bytes,   20662552 total
2016-01-06T01:08:49.954-0800: 308.617: [SoftReference, 0 refs, 0.0000500 secs]2016-01-06T01:08:49.954-0800: 308.617: [WeakReference, 0 refs, 0.0000070 secs]2016-01-06T01:08:49.954-0800: 308.617: [FinalReference, 0 refs, 0.0000060 secs]2016-01-06T01:08:49.954-0800: 308.617: [PhantomReference, 0 refs, 52993 refs, 0.0018080 secs]2016-01-06T01:08:49.956-0800: 308.619: [JNI Weak Reference, 0.0000170 secs], 0.1212730 secs]
   [Parallel Time: 45.0 ms, GC Workers: 4]
      [GC Worker Start (ms): Min: 308502.8, Avg: 308503.1, Max: 308503.9, Diff: 1.1]
      [Ext Root Scanning (ms): Min: 0.0, Avg: 0.3, Max: 0.5, Diff: 0.5, Sum: 1.3]
      [SATB Filtering (ms): Min: 0.0, Avg: 0.0, Max: 0.0, Diff: 0.0, Sum: 0.0]
      [Update RS (ms): Min: 32.5, Avg: 32.6, Max: 32.7, Diff: 0.2, Sum: 130.2]
         [Processed Buffers: Min: 40, Avg: 45.5, Max: 49, Diff: 9, Sum: 182]
      [Scan RS (ms): Min: 0.5, Avg: 0.8, Max: 0.9, Diff: 0.5, Sum: 3.2]
      [Code Root Scanning (ms): Min: 0.1, Avg: 0.1, Max: 0.1, Diff: 0.1, Sum: 0.4]
      [Object Copy (ms): Min: 10.7, Avg: 10.8, Max: 10.9, Diff: 0.1, Sum: 43.2]
      [Termination (ms): Min: 0.0, Avg: 0.0, Max: 0.0, Diff: 0.0, Sum: 0.0]
      [GC Worker Other (ms): Min: 0.0, Avg: 0.1, Max: 0.1, Diff: 0.1, Sum: 0.2]
      [GC Worker Total (ms): Min: 43.8, Avg: 44.6, Max: 44.9, Diff: 1.1, Sum: 178.5]
      [GC Worker End (ms): Min: 308547.7, Avg: 308547.7, Max: 308547.8, Diff: 0.1]
   [Code Root Fixup: 0.0 ms]
   [Code Root Migration: 0.2 ms]
   [Clear CT: 0.5 ms]
   [Other: 75.6 ms]
      [Choose CSet: 0.0 ms]
      [Ref Proc: 70.9 ms]
      [Ref Enq: 2.5 ms]
      [Free CSet: 2.1 ms]
   [Eden: 1693.0M(1693.0M)->0.0B(1693.0M) Survivors: 22.0M->22.0M Heap: 3661.8M(4096.0M)->1968.8M(4096.0M)]
 [Times: user=0.44 sys=0.00, real=0.12 secs] 
2016-01-06T01:08:50.228-0800: 308.891: [GC pause (young)
Desired survivor size 112721920 bytes, new threshold 15 (max 15)
- age   1:   20625688 bytes,   20625688 total
- age   2:      36864 bytes,   20662552 total
2016-01-06T01:08:50.346-0800: 309.009: [SoftReference, 0 refs, 0.0000440 secs]2016-01-06T01:08:50.346-0800: 309.009: [WeakReference, 0 refs, 0.0000070 secs]2016-01-06T01:08:50.346-0800: 309.009: [FinalReference, 0 refs, 0.0000060 secs]2016-01-06T01:08:50.346-0800: 309.009: [PhantomReference, 0 refs, 52994 refs, 0.0018020 secs]2016-01-06T01:08:50.348-0800: 309.011: [JNI Weak Reference, 0.0000080 secs], 0.1252570 secs]
   [Parallel Time: 35.9 ms, GC Workers: 4]
      [GC Worker Start (ms): Min: 308890.8, Avg: 308891.3, Max: 308891.9, Diff: 1.1]
      [Ext Root Scanning (ms): Min: 0.0, Avg: 1.5, Max: 5.4, Diff: 5.4, Sum: 6.0]
      [SATB Filtering (ms): Min: 0.0, Avg: 0.0, Max: 0.0, Diff: 0.0, Sum: 0.0]
      [Update RS (ms): Min: 19.5, Avg: 22.8, Max: 24.3, Diff: 4.8, Sum: 91.1]
         [Processed Buffers: Min: 27, Avg: 30.5, Max: 34, Diff: 7, Sum: 122]
      [Scan RS (ms): Min: 0.6, Avg: 0.8, Max: 0.9, Diff: 0.4, Sum: 3.1]
      [Code Root Scanning (ms): Min: 0.1, Avg: 0.1, Max: 0.1, Diff: 0.0, Sum: 0.3]
      [Object Copy (ms): Min: 10.1, Avg: 10.2, Max: 10.2, Diff: 0.0, Sum: 40.6]
      [Termination (ms): Min: 0.0, Avg: 0.0, Max: 0.0, Diff: 0.0, Sum: 0.0]
      [GC Worker Other (ms): Min: 0.0, Avg: 0.1, Max: 0.1, Diff: 0.1, Sum: 0.2]
      [GC Worker Total (ms): Min: 34.7, Avg: 35.3, Max: 35.8, Diff: 1.1, Sum: 141.4]
      [GC Worker End (ms): Min: 308926.6, Avg: 308926.6, Max: 308926.6, Diff: 0.1]
   [Code Root Fixup: 0.0 ms]
   [Code Root Migration: 0.2 ms]
   [Clear CT: 0.4 ms]
   [Other: 88.7 ms]
      [Choose CSet: 0.0 ms]
      [Ref Proc: 84.1 ms]
      [Ref Enq: 2.4 ms]
      [Free CSet: 2.1 ms]
   [Eden: 1693.0M(1693.0M)->0.0B(1694.0M) Survivors: 22.0M->22.0M Heap: 3661.8M(4096.0M)->1968.3M(4096.0M)]
 [Times: user=0.46 sys=0.01, real=0.12 secs] 
2016-01-06T01:08:50.603-0800: 309.266: [GC pause (young)
Desired survivor size 112721920 bytes, new threshold 15 (max 15)
- age   1:   20625688 bytes,   20625688 total
- age   2:      36864 bytes,   20662552 total
2016-01-06T01:08:50.718-0800: 309.381: [SoftReference, 0 refs, 0.0000450 secs]2016-01-06T01:08:50.718-0800: 309.381: [WeakReference, 0 refs, 0.0000060 secs]2016-01-06T01:08:50.718-0800: 309.381: [FinalReference, 0 refs, 0.0000050 secs]2016-01-06T01:08:50.718-0800: 309.381: [PhantomReference, 0 refs, 53024 refs, 0.0017570 secs]2016-01-06T01:08:50.720-0800: 309.383: [JNI Weak Reference, 0.0000080 secs], 0.1225860 secs]
   [Parallel Time: 30.6 ms, GC Workers: 4]
      [GC Worker Start (ms): Min: 309265.9, Avg: 309265.9, Max: 309266.0, Diff: 0.1]
      [Ext Root Scanning (ms): Min: 0.3, Avg: 0.4, Max: 0.4, Diff: 0.1, Sum: 1.4]
      [SATB Filtering (ms): Min: 0.0, Avg: 0.0, Max: 0.0, Diff: 0.0, Sum: 0.0]
      [Update RS (ms): Min: 18.9, Avg: 18.9, Max: 19.0, Diff: 0.1, Sum: 75.8]
         [Processed Buffers: Min: 26, Avg: 27.0, Max: 28, Diff: 2, Sum: 108]
      [Scan RS (ms): Min: 0.7, Avg: 0.8, Max: 0.8, Diff: 0.1, Sum: 3.1]
      [Code Root Scanning (ms): Min: 0.1, Avg: 0.1, Max: 0.1, Diff: 0.0, Sum: 0.3]
      [Object Copy (ms): Min: 10.2, Avg: 10.2, Max: 10.3, Diff: 0.1, Sum: 40.9]
      [Termination (ms): Min: 0.0, Avg: 0.0, Max: 0.0, Diff: 0.0, Sum: 0.0]
      [GC Worker Other (ms): Min: 0.0, Avg: 0.1, Max: 0.1, Diff: 0.1, Sum: 0.2]
      [GC Worker Total (ms): Min: 30.4, Avg: 30.5, Max: 30.5, Diff: 0.1, Sum: 121.9]
      [GC Worker End (ms): Min: 309296.4, Avg: 309296.4, Max: 309296.4, Diff: 0.1]
   [Code Root Fixup: 0.0 ms]
   [Code Root Migration: 0.3 ms]
   [Clear CT: 0.5 ms]
   [Other: 91.3 ms]
      [Choose CSet: 0.0 ms]
      [Ref Proc: 86.7 ms]
      [Ref Enq: 2.4 ms]
      [Free CSet: 2.0 ms]
   [Eden: 1694.0M(1694.0M)->0.0B(1694.0M) Survivors: 22.0M->22.0M Heap: 3662.3M(4096.0M)->1968.8M(4096.0M)]
 [Times: user=0.44 sys=0.00, real=0.13 secs] 
2016-01-06T01:08:50.966-0800: 309.629: [GC pause (young)
Desired survivor size 112721920 bytes, new threshold 15 (max 15)
- age   1:   20627920 bytes,   20627920 total
- age   2:      36864 bytes,   20664784 total
2016-01-06T01:08:51.102-0800: 309.765: [SoftReference, 0 refs, 0.0000460 secs]2016-01-06T01:08:51.102-0800: 309.765: [WeakReference, 0 refs, 0.0000060 secs]2016-01-06T01:08:51.102-0800: 309.765: [FinalReference, 0 refs, 0.0000050 secs]2016-01-06T01:08:51.102-0800: 309.765: [PhantomReference, 0 refs, 53025 refs, 0.0018090 secs]2016-01-06T01:08:51.104-0800: 309.767: [JNI Weak Reference, 0.0000080 secs], 0.1431750 secs]
   [Parallel Time: 29.2 ms, GC Workers: 4]
      [GC Worker Start (ms): Min: 309629.1, Avg: 309629.1, Max: 309629.1, Diff: 0.1]
      [Ext Root Scanning (ms): Min: 0.3, Avg: 0.4, Max: 0.4, Diff: 0.1, Sum: 1.4]
      [SATB Filtering (ms): Min: 0.0, Avg: 0.0, Max: 0.0, Diff: 0.0, Sum: 0.0]
      [Update RS (ms): Min: 16.6, Avg: 16.8, Max: 17.0, Diff: 0.4, Sum: 67.4]
         [Processed Buffers: Min: 23, Avg: 23.5, Max: 24, Diff: 1, Sum: 94]
      [Scan RS (ms): Min: 0.6, Avg: 0.8, Max: 1.0, Diff: 0.3, Sum: 3.1]
      [Code Root Scanning (ms): Min: 0.1, Avg: 0.1, Max: 0.1, Diff: 0.0, Sum: 0.3]
      [Object Copy (ms): Min: 10.9, Avg: 11.0, Max: 11.0, Diff: 0.1, Sum: 43.9]
      [Termination (ms): Min: 0.0, Avg: 0.0, Max: 0.0, Diff: 0.0, Sum: 0.0]
      [GC Worker Other (ms): Min: 0.0, Avg: 0.1, Max: 0.1, Diff: 0.1, Sum: 0.2]
      [GC Worker Total (ms): Min: 29.1, Avg: 29.1, Max: 29.2, Diff: 0.1, Sum: 116.4]
      [GC Worker End (ms): Min: 309658.2, Avg: 309658.2, Max: 309658.2, Diff: 0.1]
   [Code Root Fixup: 0.0 ms]
   [Code Root Migration: 0.2 ms]
   [Clear CT: 0.5 ms]
   [Other: 113.2 ms]
      [Choose CSet: 0.0 ms]
      [Ref Proc: 108.6 ms]
      [Ref Enq: 2.4 ms]
      [Free CSet: 2.0 ms]
   [Eden: 1694.0M(1694.0M)->0.0B(1694.0M) Survivors: 22.0M->22.0M Heap: 3662.8M(4096.0M)->1968.8M(4096.0M)]
 [Times: user=0.54 sys=0.01, real=0.14 secs] 
2016-01-06T01:08:51.352-0800: 310.015: [GC pause (young)
Desired survivor size 112721920 bytes, new threshold 15 (max 15)
- age   1:   20627920 bytes,   20627920 total
- age   2:      36864 bytes,   20664784 total
2016-01-06T01:08:51.505-0800: 310.168: [SoftReference, 0 refs, 0.0000460 secs]2016-01-06T01:08:51.505-0800: 310.168: [WeakReference, 0 refs, 0.0000070 secs]2016-01-06T01:08:51.505-0800: 310.168: [FinalReference, 0 refs, 0.0000050 secs]2016-01-06T01:08:51.505-0800: 310.168: [PhantomReference, 0 refs, 53025 refs, 0.0018970 secs]2016-01-06T01:08:51.507-0800: 310.170: [JNI Weak Reference, 0.0000080 secs], 0.1605130 secs]
   [Parallel Time: 35.6 ms, GC Workers: 4]
      [GC Worker Start (ms): Min: 310014.8, Avg: 310014.9, Max: 310014.9, Diff: 0.1]
      [Ext Root Scanning (ms): Min: 0.3, Avg: 0.4, Max: 0.4, Diff: 0.1, Sum: 1.5]
      [SATB Filtering (ms): Min: 0.0, Avg: 0.0, Max: 0.0, Diff: 0.0, Sum: 0.0]
      [Update RS (ms): Min: 23.3, Avg: 23.4, Max: 23.7, Diff: 0.4, Sum: 93.8]
         [Processed Buffers: Min: 27, Avg: 32.0, Max: 34, Diff: 7, Sum: 128]
      [Scan RS (ms): Min: 0.6, Avg: 0.7, Max: 0.8, Diff: 0.2, Sum: 3.0]
      [Code Root Scanning (ms): Min: 0.0, Avg: 0.1, Max: 0.1, Diff: 0.1, Sum: 0.4]
      [Object Copy (ms): Min: 10.7, Avg: 10.7, Max: 10.8, Diff: 0.1, Sum: 43.0]
      [Termination (ms): Min: 0.0, Avg: 0.0, Max: 0.0, Diff: 0.0, Sum: 0.0]
      [GC Worker Other (ms): Min: 0.0, Avg: 0.0, Max: 0.1, Diff: 0.0, Sum: 0.1]
      [GC Worker Total (ms): Min: 35.4, Avg: 35.4, Max: 35.4, Diff: 0.0, Sum: 141.7]
      [GC Worker End (ms): Min: 310050.3, Avg: 310050.3, Max: 310050.3, Diff: 0.0]
   [Code Root Fixup: 0.0 ms]
   [Code Root Migration: 0.2 ms]
   [Clear CT: 0.4 ms]
   [Other: 124.3 ms]
      [Choose CSet: 0.0 ms]
      [Ref Proc: 119.7 ms]
      [Ref Enq: 2.4 ms]
      [Free CSet: 2.1 ms]
   [Eden: 1694.0M(1694.0M)->0.0B(1694.0M) Survivors: 22.0M->22.0M Heap: 3662.8M(4096.0M)->1968.8M(4096.0M)]
 [Times: user=0.58 sys=0.00, real=0.16 secs] 
2016-01-06T01:08:51.760-0800: 310.423: [GC pause (young)
Desired survivor size 112721920 bytes, new threshold 15 (max 15)
- age   1:   20627920 bytes,   20627920 total
- age   2:      36864 bytes,   20664784 total
2016-01-06T01:08:51.941-0800: 310.604: [SoftReference, 0 refs, 0.0000440 secs]2016-01-06T01:08:51.941-0800: 310.604: [WeakReference, 0 refs, 0.0000060 secs]2016-01-06T01:08:51.941-0800: 310.604: [FinalReference, 0 refs, 0.0000050 secs]2016-01-06T01:08:51.941-0800: 310.604: [PhantomReference, 0 refs, 53024 refs, 0.0018660 secs]2016-01-06T01:08:51.943-0800: 310.606: [JNI Weak Reference, 0.0000180 secs], 0.1878420 secs]
   [Parallel Time: 34.4 ms, GC Workers: 4]
      [GC Worker Start (ms): Min: 310423.2, Avg: 310423.2, Max: 310423.3, Diff: 0.1]
      [Ext Root Scanning (ms): Min: 0.3, Avg: 0.4, Max: 0.4, Diff: 0.0, Sum: 1.5]
      [SATB Filtering (ms): Min: 0.0, Avg: 0.0, Max: 0.0, Diff: 0.0, Sum: 0.0]
      [Update RS (ms): Min: 22.0, Avg: 22.1, Max: 22.2, Diff: 0.2, Sum: 88.4]
         [Processed Buffers: Min: 31, Avg: 31.0, Max: 31, Diff: 0, Sum: 124]
      [Scan RS (ms): Min: 0.6, Avg: 0.8, Max: 0.9, Diff: 0.3, Sum: 3.1]
      [Code Root Scanning (ms): Min: 0.1, Avg: 0.1, Max: 0.1, Diff: 0.0, Sum: 0.4]
      [Object Copy (ms): Min: 10.8, Avg: 10.8, Max: 10.9, Diff: 0.1, Sum: 43.4]
      [Termination (ms): Min: 0.0, Avg: 0.0, Max: 0.0, Diff: 0.0, Sum: 0.0]
      [GC Worker Other (ms): Min: 0.0, Avg: 0.1, Max: 0.1, Diff: 0.1, Sum: 0.3]
      [GC Worker Total (ms): Min: 34.2, Avg: 34.2, Max: 34.3, Diff: 0.1, Sum: 137.0]
      [GC Worker End (ms): Min: 310457.5, Avg: 310457.5, Max: 310457.5, Diff: 0.1]
   [Code Root Fixup: 0.0 ms]
   [Code Root Migration: 0.3 ms]
   [Clear CT: 0.4 ms]
   [Other: 152.8 ms]
      [Choose CSet: 0.0 ms]
      [Ref Proc: 148.1 ms]
      [Ref Enq: 2.5 ms]
      [Free CSet: 2.1 ms]
   [Eden: 1694.0M(1694.0M)->0.0B(1694.0M) Survivors: 22.0M->22.0M Heap: 3662.8M(4096.0M)->1968.8M(4096.0M)]
 [Times: user=0.69 sys=0.00, real=0.19 secs] 
2016-01-06T01:08:52.229-0800: 310.892: [GC pause (young)
Desired survivor size 112721920 bytes, new threshold 15 (max 15)
- age   1:   20627920 bytes,   20627920 total
- age   2:      36864 bytes,   20664784 total
2016-01-06T01:08:52.398-0800: 311.061: [SoftReference, 0 refs, 0.0000400 secs]2016-01-06T01:08:52.398-0800: 311.061: [WeakReference, 0 refs, 0.0000070 secs]2016-01-06T01:08:52.398-0800: 311.061: [FinalReference, 0 refs, 0.0000050 secs]2016-01-06T01:08:52.398-0800: 311.061: [PhantomReference, 0 refs, 53024 refs, 0.0018280 secs]2016-01-06T01:08:52.400-0800: 311.063: [JNI Weak Reference, 0.0000080 secs], 0.1763330 secs]
   [Parallel Time: 36.3 ms, GC Workers: 4]
      [GC Worker Start (ms): Min: 310891.6, Avg: 310891.7, Max: 310891.7, Diff: 0.1]
      [Ext Root Scanning (ms): Min: 0.3, Avg: 0.4, Max: 0.4, Diff: 0.1, Sum: 1.5]
      [SATB Filtering (ms): Min: 0.0, Avg: 0.0, Max: 0.0, Diff: 0.0, Sum: 0.0]
      [Update RS (ms): Min: 19.8, Avg: 21.9, Max: 28.0, Diff: 8.2, Sum: 87.7]
         [Processed Buffers: Min: 6, Avg: 22.0, Max: 29, Diff: 23, Sum: 88]
      [Scan RS (ms): Min: 0.2, Avg: 1.1, Max: 2.0, Diff: 1.9, Sum: 4.5]
      [Code Root Scanning (ms): Min: 0.0, Avg: 0.1, Max: 0.1, Diff: 0.1, Sum: 0.4]
      [Object Copy (ms): Min: 4.4, Avg: 9.4, Max: 11.3, Diff: 6.8, Sum: 37.5]
      [Termination (ms): Min: 0.0, Avg: 0.0, Max: 0.0, Diff: 0.0, Sum: 0.0]
      [GC Worker Other (ms): Min: 0.0, Avg: 0.9, Max: 3.3, Diff: 3.3, Sum: 3.5]
      [GC Worker Total (ms): Min: 32.9, Avg: 33.8, Max: 36.2, Diff: 3.3, Sum: 135.1]
      [GC Worker End (ms): Min: 310924.6, Avg: 310925.5, Max: 310927.9, Diff: 3.3]
   [Code Root Fixup: 0.0 ms]
   [Code Root Migration: 0.2 ms]
   [Clear CT: 0.4 ms]
   [Other: 139.4 ms]
      [Choose CSet: 0.0 ms]
      [Ref Proc: 134.7 ms]
      [Ref Enq: 2.4 ms]
      [Free CSet: 2.1 ms]
   [Eden: 1694.0M(1694.0M)->0.0B(1694.0M) Survivors: 22.0M->22.0M Heap: 3662.8M(4096.0M)->1968.8M(4096.0M)]
 [Times: user=0.56 sys=0.00, real=0.18 secs] 
2016-01-06T01:08:52.659-0800: 311.322: [GC pause (young)
Desired survivor size 112721920 bytes, new threshold 15 (max 15)
- age   1:   20627920 bytes,   20627920 total
- age   2:      36864 bytes,   20664784 total
2016-01-06T01:08:52.847-0800: 311.509: [SoftReference, 0 refs, 0.0000520 secs]2016-01-06T01:08:52.847-0800: 311.510: [WeakReference, 0 refs, 0.0000120 secs]2016-01-06T01:08:52.847-0800: 311.510: [FinalReference, 0 refs, 0.0000080 secs]2016-01-06T01:08:52.847-0800: 311.510: [PhantomReference, 0 refs, 53024 refs, 0.0017980 secs]2016-01-06T01:08:52.848-0800: 311.511: [JNI Weak Reference, 0.0000090 secs], 0.1945600 secs]
   [Parallel Time: 28.3 ms, GC Workers: 4]
      [GC Worker Start (ms): Min: 311322.1, Avg: 311322.1, Max: 311322.1, Diff: 0.1]
      [Ext Root Scanning (ms): Min: 0.3, Avg: 0.4, Max: 0.4, Diff: 0.1, Sum: 1.5]
      [SATB Filtering (ms): Min: 0.0, Avg: 0.0, Max: 0.0, Diff: 0.0, Sum: 0.0]
      [Update RS (ms): Min: 16.4, Avg: 16.5, Max: 16.6, Diff: 0.2, Sum: 65.9]
         [Processed Buffers: Min: 23, Avg: 24.0, Max: 26, Diff: 3, Sum: 96]
      [Scan RS (ms): Min: 0.7, Avg: 0.7, Max: 0.8, Diff: 0.1, Sum: 2.9]
      [Code Root Scanning (ms): Min: 0.1, Avg: 0.1, Max: 0.2, Diff: 0.1, Sum: 0.4]
      [Object Copy (ms): Min: 10.4, Avg: 10.5, Max: 10.5, Diff: 0.1, Sum: 41.9]
      [Termination (ms): Min: 0.0, Avg: 0.0, Max: 0.0, Diff: 0.0, Sum: 0.0]
      [GC Worker Other (ms): Min: 0.0, Avg: 0.1, Max: 0.1, Diff: 0.0, Sum: 0.2]
      [GC Worker Total (ms): Min: 28.2, Avg: 28.2, Max: 28.3, Diff: 0.1, Sum: 112.9]
      [GC Worker End (ms): Min: 311350.3, Avg: 311350.3, Max: 311350.4, Diff: 0.1]
   [Code Root Fixup: 0.0 ms]
   [Code Root Migration: 0.3 ms]
   [Clear CT: 0.4 ms]
   [Other: 165.5 ms]
      [Choose CSet: 0.0 ms]
      [Ref Proc: 161.0 ms]
      [Ref Enq: 2.4 ms]
      [Free CSet: 2.1 ms]
   [Eden: 1694.0M(1694.0M)->0.0B(1694.0M) Survivors: 22.0M->22.0M Heap: 3662.8M(4096.0M)->1968.8M(4096.0M)]
 [Times: user=0.74 sys=0.01, real=0.19 secs] 
Heap
 garbage-first heap   total 4194304K, used 2752305K [0x00000006f5a00000, 0x00000007f5a00000, 0x00000007f5a00000)
  region size 1024K, 742 young (759808K), 22 survivors (22528K)
 compacting perm gen  total 20480K, used 2812K [0x00000007f5a00000, 0x00000007f6e00000, 0x0000000800000000)
   the space 20480K,  13% used [0x00000007f5a00000, 0x00000007f5cbf3c8, 0x00000007f5cbf400, 0x00000007f6e00000)
No shared spaces configured.
