OpenJDK 64-Bit Server VM (24.91-b01) for linux-amd64 JRE (1.7.0_91-b02), built on Nov 19 2015 06:14:37 by "buildd" with gcc 4.8.2
Memory: 4k page, physical 31416244k(4656952k free), swap 341004284k(336385892k free)
CommandLine flags: -XX:+AggressiveOpts -XX:GCLogFileSize=10485760 -XX:InitialHeapSize=502659904 -XX:MaxDirectMemorySize=6442450944 -XX:MaxHeapSize=4294967296 -XX:NumberOfGCLogFiles=10 -XX:+ParallelRefProcEnabled -XX:+PrintGC -XX:+PrintGCDateStamps -XX:+PrintGCDetails -XX:+PrintGCTimeStamps -XX:+PrintReferenceGC -XX:+PrintTenuringDistribution -XX:+UseCompressedOops -XX:+UseFastAccessorMethods -XX:+UseG1GC -XX:+UseGCLogFileRotation 
2016-01-06T00:56:04.106-0800: 0.227: [GC pause (young)
Desired survivor size 1572864 bytes, new threshold 15 (max 15)
2016-01-06T00:56:04.168-0800: 0.289: [SoftReference, 0 refs, 0.0009950 secs]2016-01-06T00:56:04.169-0800: 0.290: [WeakReference, 3 refs, 0.0003660 secs]2016-01-06T00:56:04.169-0800: 0.290: [FinalReference, 12 refs, 0.0003350 secs]2016-01-06T00:56:04.169-0800: 0.290: [PhantomReference, 0 refs, 131422 refs, 0.0105570 secs]2016-01-06T00:56:04.180-0800: 0.301: [JNI Weak Reference, 0.0000230 secs], 0.0743080 secs]
   [Parallel Time: 60.2 ms, GC Workers: 4]
      [GC Worker Start (ms): Min: 227.1, Avg: 227.2, Max: 227.2, Diff: 0.1]
      [Ext Root Scanning (ms): Min: 0.5, Avg: 1.3, Max: 3.3, Diff: 2.8, Sum: 5.0]
      [Update RS (ms): Min: 3.1, Avg: 6.7, Max: 12.4, Diff: 9.3, Sum: 26.9]
         [Processed Buffers: Min: 1, Avg: 2.2, Max: 3, Diff: 2, Sum: 9]
      [Scan RS (ms): Min: 0.0, Avg: 0.1, Max: 0.3, Diff: 0.3, Sum: 0.4]
      [Code Root Scanning (ms): Min: 0.0, Avg: 0.0, Max: 0.0, Diff: 0.0, Sum: 0.0]
      [Object Copy (ms): Min: 47.2, Avg: 52.0, Max: 53.7, Diff: 6.5, Sum: 208.0]
      [Termination (ms): Min: 0.0, Avg: 0.0, Max: 0.0, Diff: 0.0, Sum: 0.1]
      [GC Worker Other (ms): Min: 0.0, Avg: 0.0, Max: 0.0, Diff: 0.0, Sum: 0.1]
      [GC Worker Total (ms): Min: 60.1, Avg: 60.2, Max: 60.2, Diff: 0.0, Sum: 240.6]
      [GC Worker End (ms): Min: 287.3, Avg: 287.3, Max: 287.3, Diff: 0.0]
   [Code Root Fixup: 0.0 ms]
   [Code Root Migration: 0.0 ms]
   [Clear CT: 0.1 ms]
   [Other: 13.9 ms]
      [Choose CSet: 0.0 ms]
      [Ref Proc: 13.6 ms]
      [Ref Enq: 0.1 ms]
      [Free CSet: 0.0 ms]
   [Eden: 24.0M(24.0M)->0.0B(21.0M) Survivors: 0.0B->3072.0K Heap: 25.5M(480.0M)->25.1M(480.0M)]
 [Times: user=0.23 sys=0.01, real=0.07 secs] 
2016-01-06T00:56:04.223-0800: 0.344: [GC pause (young)
Desired survivor size 1572864 bytes, new threshold 1 (max 15)
- age   1:   24501768 bytes,   24501768 total
2016-01-06T00:56:04.271-0800: 0.392: [SoftReference, 0 refs, 0.0003830 secs]2016-01-06T00:56:04.272-0800: 0.393: [WeakReference, 0 refs, 0.0002250 secs]2016-01-06T00:56:04.272-0800: 0.393: [FinalReference, 0 refs, 0.0002400 secs]2016-01-06T00:56:04.272-0800: 0.393: [PhantomReference, 0 refs, 126806 refs, 0.0061030 secs]2016-01-06T00:56:04.278-0800: 0.399: [JNI Weak Reference, 0.0000150 secs], 0.0585950 secs]
   [Parallel Time: 47.9 ms, GC Workers: 4]
      [GC Worker Start (ms): Min: 344.1, Avg: 344.1, Max: 344.1, Diff: 0.1]
      [Ext Root Scanning (ms): Min: 0.3, Avg: 0.4, Max: 0.4, Diff: 0.0, Sum: 1.4]
      [Update RS (ms): Min: 1.6, Avg: 2.7, Max: 3.1, Diff: 1.5, Sum: 10.6]
         [Processed Buffers: Min: 1, Avg: 2.2, Max: 4, Diff: 3, Sum: 9]
      [Scan RS (ms): Min: 4.7, Avg: 5.1, Max: 6.2, Diff: 1.5, Sum: 20.5]
      [Code Root Scanning (ms): Min: 0.0, Avg: 0.0, Max: 0.0, Diff: 0.0, Sum: 0.0]
      [Object Copy (ms): Min: 39.6, Avg: 39.7, Max: 39.7, Diff: 0.1, Sum: 158.7]
      [Termination (ms): Min: 0.0, Avg: 0.0, Max: 0.0, Diff: 0.0, Sum: 0.0]
      [GC Worker Other (ms): Min: 0.0, Avg: 0.0, Max: 0.0, Diff: 0.0, Sum: 0.1]
      [GC Worker Total (ms): Min: 47.8, Avg: 47.8, Max: 47.9, Diff: 0.1, Sum: 191.4]
      [GC Worker End (ms): Min: 391.9, Avg: 391.9, Max: 391.9, Diff: 0.0]
   [Code Root Fixup: 0.0 ms]
   [Code Root Migration: 0.0 ms]
   [Clear CT: 0.1 ms]
   [Other: 10.5 ms]
      [Choose CSet: 0.0 ms]
      [Ref Proc: 7.3 ms]
      [Ref Enq: 0.1 ms]
      [Free CSet: 0.0 ms]
   [Eden: 21.0M(21.0M)->0.0B(45.0M) Survivors: 3072.0K->3072.0K Heap: 46.1M(480.0M)->47.5M(960.0M)]
 [Times: user=0.21 sys=0.01, real=0.06 secs] 
2016-01-06T00:56:04.366-0800: 0.487: [GC pause (young)
Desired survivor size 3145728 bytes, new threshold 1 (max 15)
- age   1:   21965320 bytes,   21965320 total
2016-01-06T00:56:04.570-0800: 0.691: [SoftReference, 0 refs, 0.0004570 secs]2016-01-06T00:56:04.571-0800: 0.692: [WeakReference, 0 refs, 0.0003310 secs]2016-01-06T00:56:04.571-0800: 0.692: [FinalReference, 0 refs, 0.0002550 secs]2016-01-06T00:56:04.571-0800: 0.692: [PhantomReference, 0 refs, 256320 refs, 0.0092340 secs]2016-01-06T00:56:04.581-0800: 0.702: [JNI Weak Reference, 0.0000150 secs], 0.2189170 secs]
   [Parallel Time: 204.2 ms, GC Workers: 4]
      [GC Worker Start (ms): Min: 487.0, Avg: 487.7, Max: 489.9, Diff: 2.9]
      [Ext Root Scanning (ms): Min: 0.0, Avg: 0.3, Max: 0.5, Diff: 0.4, Sum: 1.2]
      [Update RS (ms): Min: 3.2, Avg: 4.8, Max: 6.2, Diff: 3.0, Sum: 19.4]
         [Processed Buffers: Min: 1, Avg: 2.0, Max: 3, Diff: 2, Sum: 8]
      [Scan RS (ms): Min: 3.4, Avg: 4.1, Max: 5.1, Diff: 1.7, Sum: 16.6]
      [Code Root Scanning (ms): Min: 0.0, Avg: 0.0, Max: 0.0, Diff: 0.0, Sum: 0.0]
      [Object Copy (ms): Min: 194.1, Avg: 194.1, Max: 194.1, Diff: 0.1, Sum: 776.3]
      [Termination (ms): Min: 0.0, Avg: 0.0, Max: 0.0, Diff: 0.0, Sum: 0.1]
      [GC Worker Other (ms): Min: 0.0, Avg: 0.0, Max: 0.0, Diff: 0.0, Sum: 0.1]
      [GC Worker Total (ms): Min: 201.2, Avg: 203.4, Max: 204.2, Diff: 2.9, Sum: 813.7]
      [GC Worker End (ms): Min: 691.1, Avg: 691.1, Max: 691.2, Diff: 0.0]
   [Code Root Fixup: 0.0 ms]
   [Code Root Migration: 0.0 ms]
   [Clear CT: 0.1 ms]
   [Other: 14.6 ms]
      [Choose CSet: 0.0 ms]
      [Ref Proc: 10.5 ms]
      [Ref Enq: 0.1 ms]
      [Free CSet: 0.1 ms]
   [Eden: 45.0M(45.0M)->0.0B(73.0M) Survivors: 3072.0K->6144.0K Heap: 94.5M(960.0M)->96.5M(1588.0M)]
 [Times: user=0.36 sys=0.48, real=0.22 secs] 
2016-01-06T00:56:04.741-0800: 0.862: [GC pause (young)
Desired survivor size 5242880 bytes, new threshold 1 (max 15)
- age   1:   47113200 bytes,   47113200 total
2016-01-06T00:56:04.885-0800: 1.006: [SoftReference, 0 refs, 0.0004670 secs]2016-01-06T00:56:04.886-0800: 1.007: [WeakReference, 0 refs, 0.0002180 secs]2016-01-06T00:56:04.886-0800: 1.007: [FinalReference, 0 refs, 0.0003570 secs]2016-01-06T00:56:04.887-0800: 1.007: [PhantomReference, 0 refs, 423765 refs, 0.0151880 secs]2016-01-06T00:56:04.902-0800: 1.023: [JNI Weak Reference, 0.0000150 secs], 0.1646400 secs]
   [Parallel Time: 144.4 ms, GC Workers: 4]
      [GC Worker Start (ms): Min: 861.8, Avg: 861.8, Max: 861.8, Diff: 0.1]
      [Ext Root Scanning (ms): Min: 0.3, Avg: 0.4, Max: 0.4, Diff: 0.1, Sum: 1.4]
      [Update RS (ms): Min: 6.3, Avg: 7.7, Max: 10.6, Diff: 4.3, Sum: 31.0]
         [Processed Buffers: Min: 2, Avg: 2.2, Max: 3, Diff: 1, Sum: 9]
      [Scan RS (ms): Min: 4.1, Avg: 7.0, Max: 8.4, Diff: 4.3, Sum: 27.8]
      [Code Root Scanning (ms): Min: 0.0, Avg: 0.0, Max: 0.0, Diff: 0.0, Sum: 0.0]
      [Object Copy (ms): Min: 129.0, Avg: 129.1, Max: 129.2, Diff: 0.2, Sum: 516.3]
      [Termination (ms): Min: 0.0, Avg: 0.1, Max: 0.2, Diff: 0.2, Sum: 0.5]
      [GC Worker Other (ms): Min: 0.0, Avg: 0.0, Max: 0.0, Diff: 0.0, Sum: 0.0]
      [GC Worker Total (ms): Min: 144.3, Avg: 144.3, Max: 144.3, Diff: 0.1, Sum: 577.2]
      [GC Worker End (ms): Min: 1006.1, Avg: 1006.1, Max: 1006.1, Diff: 0.0]
   [Code Root Fixup: 0.0 ms]
   [Code Root Migration: 0.0 ms]
   [Clear CT: 0.1 ms]
   [Other: 20.2 ms]
      [Choose CSet: 0.0 ms]
      [Ref Proc: 16.6 ms]
      [Ref Enq: 0.1 ms]
      [Free CSet: 0.1 ms]
   [Eden: 73.0M(73.0M)->0.0B(94.0M) Survivors: 6144.0K->10.0M Heap: 173.5M(1588.0M)->175.0M(2090.0M)]
 [Times: user=0.55 sys=0.07, real=0.17 secs] 
2016-01-06T00:56:05.096-0800: 1.217: [GC pause (young)
Desired survivor size 6815744 bytes, new threshold 1 (max 15)
- age   1:   76428080 bytes,   76428080 total
2016-01-06T00:56:05.702-0800: 1.823: [SoftReference, 0 refs, 0.0003630 secs]2016-01-06T00:56:05.703-0800: 1.824: [WeakReference, 0 refs, 0.0002350 secs]2016-01-06T00:56:05.703-0800: 1.824: [FinalReference, 0 refs, 0.0002330 secs]2016-01-06T00:56:05.703-0800: 1.824: [PhantomReference, 0 refs, 542239 refs, 0.0203170 secs]2016-01-06T00:56:05.724-0800: 1.845: [JNI Weak Reference, 0.0000160 secs], 0.6308890 secs]
   [Parallel Time: 606.0 ms, GC Workers: 4]
      [GC Worker Start (ms): Min: 1217.2, Avg: 1217.4, Max: 1217.9, Diff: 0.7]
      [Ext Root Scanning (ms): Min: 0.0, Avg: 0.3, Max: 0.5, Diff: 0.5, Sum: 1.2]
      [Update RS (ms): Min: 6.1, Avg: 8.2, Max: 9.8, Diff: 3.6, Sum: 32.8]
         [Processed Buffers: Min: 3, Avg: 3.0, Max: 3, Diff: 0, Sum: 12]
      [Scan RS (ms): Min: 9.8, Avg: 11.4, Max: 13.3, Diff: 3.5, Sum: 45.6]
      [Code Root Scanning (ms): Min: 0.0, Avg: 0.0, Max: 0.0, Diff: 0.0, Sum: 0.0]
      [Object Copy (ms): Min: 585.7, Avg: 585.7, Max: 585.8, Diff: 0.1, Sum: 2343.0]
      [Termination (ms): Min: 0.0, Avg: 0.0, Max: 0.0, Diff: 0.0, Sum: 0.1]
      [GC Worker Other (ms): Min: 0.0, Avg: 0.0, Max: 0.1, Diff: 0.0, Sum: 0.1]
      [GC Worker Total (ms): Min: 605.2, Avg: 605.7, Max: 605.9, Diff: 0.7, Sum: 2422.9]
      [GC Worker End (ms): Min: 1823.1, Avg: 1823.1, Max: 1823.2, Diff: 0.0]
   [Code Root Fixup: 0.0 ms]
   [Code Root Migration: 0.0 ms]
   [Clear CT: 0.1 ms]
   [Other: 24.7 ms]
      [Choose CSet: 0.0 ms]
      [Ref Proc: 21.4 ms]
      [Ref Enq: 0.1 ms]
      [Free CSet: 0.2 ms]
   [Eden: 94.0M(94.0M)->0.0B(111.0M) Survivors: 10.0M->13.0M Heap: 277.0M(2090.0M)->278.5M(2492.0M)]
 [Times: user=0.75 sys=1.56, real=0.64 secs] 
2016-01-06T00:56:05.928-0800: 2.049: [GC pause (young)
Desired survivor size 8388608 bytes, new threshold 1 (max 15)
- age   1:   98412952 bytes,   98412952 total
2016-01-06T00:56:06.390-0800: 2.511: [SoftReference, 0 refs, 0.0004430 secs]2016-01-06T00:56:06.390-0800: 2.511: [WeakReference, 0 refs, 0.0003350 secs]2016-01-06T00:56:06.391-0800: 2.511: [FinalReference, 0 refs, 0.0002270 secs]2016-01-06T00:56:06.391-0800: 2.512: [PhantomReference, 0 refs, 672221 refs, 0.0272190 secs]2016-01-06T00:56:06.418-0800: 2.539: [JNI Weak Reference, 0.0000160 secs], 0.4926210 secs]
   [Parallel Time: 461.1 ms, GC Workers: 4]
      [GC Worker Start (ms): Min: 2049.5, Avg: 2049.6, Max: 2049.9, Diff: 0.4]
      [Ext Root Scanning (ms): Min: 0.0, Avg: 0.3, Max: 0.5, Diff: 0.5, Sum: 1.3]
      [Update RS (ms): Min: 7.2, Avg: 9.1, Max: 9.9, Diff: 2.6, Sum: 36.4]
         [Processed Buffers: Min: 3, Avg: 3.2, Max: 4, Diff: 1, Sum: 13]
      [Scan RS (ms): Min: 7.4, Avg: 8.1, Max: 10.0, Diff: 2.6, Sum: 32.6]
      [Code Root Scanning (ms): Min: 0.0, Avg: 0.0, Max: 0.0, Diff: 0.0, Sum: 0.0]
      [Object Copy (ms): Min: 443.2, Avg: 443.2, Max: 443.3, Diff: 0.2, Sum: 1772.9]
      [Termination (ms): Min: 0.0, Avg: 0.0, Max: 0.0, Diff: 0.0, Sum: 0.1]
      [GC Worker Other (ms): Min: 0.0, Avg: 0.0, Max: 0.0, Diff: 0.0, Sum: 0.1]
      [GC Worker Total (ms): Min: 460.6, Avg: 460.8, Max: 461.0, Diff: 0.4, Sum: 1843.4]
      [GC Worker End (ms): Min: 2510.4, Avg: 2510.4, Max: 2510.5, Diff: 0.0]
   [Code Root Fixup: 0.0 ms]
   [Code Root Migration: 0.0 ms]
   [Clear CT: 0.1 ms]
   [Other: 31.4 ms]
      [Choose CSet: 0.0 ms]
      [Ref Proc: 28.4 ms]
      [Ref Enq: 0.1 ms]
      [Free CSet: 0.2 ms]
   [Eden: 111.0M(111.0M)->0.0B(124.0M) Survivors: 13.0M->16.0M Heap: 389.5M(2492.0M)->391.5M(2813.0M)]
 [Times: user=0.87 sys=0.97, real=0.49 secs] 
2016-01-06T00:56:06.698-0800: 2.819: [GC pause (young)
Desired survivor size 9437184 bytes, new threshold 1 (max 15)
- age   1:  116211456 bytes,  116211456 total
2016-01-06T00:56:07.187-0800: 3.307: [SoftReference, 0 refs, 0.0004020 secs]2016-01-06T00:56:07.187-0800: 3.308: [WeakReference, 0 refs, 0.0002390 secs]2016-01-06T00:56:07.187-0800: 3.308: [FinalReference, 0 refs, 0.0002340 secs]2016-01-06T00:56:07.187-0800: 3.308: [PhantomReference, 0 refs, 780957 refs, 0.0313810 secs]2016-01-06T00:56:07.219-0800: 3.340: [JNI Weak Reference, 0.0000160 secs], 0.5239180 secs]
   [Parallel Time: 488.5 ms, GC Workers: 4]
      [GC Worker Start (ms): Min: 2818.8, Avg: 2818.9, Max: 2818.9, Diff: 0.1]
      [Ext Root Scanning (ms): Min: 0.3, Avg: 0.4, Max: 0.4, Diff: 0.1, Sum: 1.5]
      [Update RS (ms): Min: 9.6, Avg: 10.9, Max: 13.0, Diff: 3.4, Sum: 43.6]
         [Processed Buffers: Min: 3, Avg: 3.8, Max: 4, Diff: 1, Sum: 15]
      [Scan RS (ms): Min: 4.0, Avg: 6.1, Max: 7.2, Diff: 3.3, Sum: 24.2]
      [Code Root Scanning (ms): Min: 0.0, Avg: 0.0, Max: 0.0, Diff: 0.0, Sum: 0.1]
      [Object Copy (ms): Min: 471.0, Avg: 471.0, Max: 471.1, Diff: 0.1, Sum: 1884.0]
      [Termination (ms): Min: 0.0, Avg: 0.0, Max: 0.0, Diff: 0.0, Sum: 0.0]
      [GC Worker Other (ms): Min: 0.0, Avg: 0.0, Max: 0.0, Diff: 0.0, Sum: 0.1]
      [GC Worker Total (ms): Min: 488.3, Avg: 488.4, Max: 488.4, Diff: 0.1, Sum: 1953.5]
      [GC Worker End (ms): Min: 3307.2, Avg: 3307.2, Max: 3307.3, Diff: 0.0]
   [Code Root Fixup: 0.0 ms]
   [Code Root Migration: 0.0 ms]
   [Clear CT: 0.1 ms]
   [Other: 35.2 ms]
      [Choose CSet: 0.0 ms]
      [Ref Proc: 32.5 ms]
      [Ref Enq: 0.1 ms]
      [Free CSet: 0.2 ms]
   [Eden: 124.0M(124.0M)->0.0B(135.0M) Survivors: 16.0M->18.0M Heap: 531.5M(2813.0M)->533.0M(3070.0M)]
 [Times: user=0.99 sys=1.05, real=0.52 secs] 
2016-01-06T00:56:07.487-0800: 3.608: [GC pause (young)
Desired survivor size 10485760 bytes, new threshold 1 (max 15)
- age   1:  129823040 bytes,  129823040 total
2016-01-06T00:56:07.858-0800: 3.978: [SoftReference, 0 refs, 0.0005100 secs]2016-01-06T00:56:07.858-0800: 3.979: [WeakReference, 0 refs, 0.0002400 secs]2016-01-06T00:56:07.858-0800: 3.979: [FinalReference, 0 refs, 0.0003620 secs]2016-01-06T00:56:07.859-0800: 3.980: [PhantomReference, 0 refs, 817548 refs, 0.0334520 secs]2016-01-06T00:56:07.892-0800: 4.013: [JNI Weak Reference, 0.0000150 secs], 0.4082400 secs]
   [Parallel Time: 370.7 ms, GC Workers: 4]
      [GC Worker Start (ms): Min: 3607.6, Avg: 3607.6, Max: 3607.7, Diff: 0.1]
      [Ext Root Scanning (ms): Min: 0.3, Avg: 0.3, Max: 0.4, Diff: 0.1, Sum: 1.4]
      [Update RS (ms): Min: 9.3, Avg: 11.4, Max: 12.6, Diff: 3.3, Sum: 45.8]
         [Processed Buffers: Min: 4, Avg: 4.0, Max: 4, Diff: 0, Sum: 16]
      [Scan RS (ms): Min: 12.0, Avg: 13.2, Max: 15.3, Diff: 3.3, Sum: 52.8]
      [Code Root Scanning (ms): Min: 0.0, Avg: 0.0, Max: 0.0, Diff: 0.0, Sum: 0.1]
      [Object Copy (ms): Min: 345.5, Avg: 345.5, Max: 345.5, Diff: 0.0, Sum: 1382.1]
      [Termination (ms): Min: 0.0, Avg: 0.0, Max: 0.0, Diff: 0.0, Sum: 0.0]
      [GC Worker Other (ms): Min: 0.0, Avg: 0.0, Max: 0.1, Diff: 0.0, Sum: 0.1]
      [GC Worker Total (ms): Min: 370.5, Avg: 370.6, Max: 370.6, Diff: 0.1, Sum: 1482.3]
      [GC Worker End (ms): Min: 3978.2, Avg: 3978.2, Max: 3978.2, Diff: 0.0]
   [Code Root Fixup: 0.0 ms]
   [Code Root Migration: 0.0 ms]
   [Clear CT: 0.1 ms]
   [Other: 37.4 ms]
      [Choose CSet: 0.0 ms]
      [Ref Proc: 34.8 ms]
      [Ref Enq: 0.1 ms]
      [Free CSet: 0.2 ms]
   [Eden: 135.0M(135.0M)->0.0B(143.0M) Survivors: 18.0M->20.0M Heap: 668.0M(3070.0M)->669.5M(3276.0M)]
 [Times: user=1.09 sys=0.18, real=0.40 secs] 
2016-01-06T00:56:08.341-0800: 4.462: [GC pause (young)
Desired survivor size 11010048 bytes, new threshold 1 (max 15)
- age   1:  141339784 bytes,  141339784 total
2016-01-06T00:56:09.118-0800: 5.239: [SoftReference, 0 refs, 0.0004850 secs]2016-01-06T00:56:09.119-0800: 5.240: [WeakReference, 0 refs, 0.0003380 secs]2016-01-06T00:56:09.119-0800: 5.240: [FinalReference, 0 refs, 0.0002250 secs]2016-01-06T00:56:09.119-0800: 5.240: [PhantomReference, 0 refs, 862191 refs, 0.0338520 secs]2016-01-06T00:56:09.153-0800: 5.274: [JNI Weak Reference, 0.0000150 secs], 0.8150330 secs]
   [Parallel Time: 777.3 ms, GC Workers: 4]
      [GC Worker Start (ms): Min: 4461.9, Avg: 4461.9, Max: 4462.0, Diff: 0.1]
      [Ext Root Scanning (ms): Min: 0.3, Avg: 0.4, Max: 0.4, Diff: 0.1, Sum: 1.4]
      [Update RS (ms): Min: 12.6, Avg: 14.3, Max: 16.1, Diff: 3.5, Sum: 57.2]
         [Processed Buffers: Min: 4, Avg: 4.8, Max: 5, Diff: 1, Sum: 19]
      [Scan RS (ms): Min: 18.1, Avg: 19.9, Max: 21.6, Diff: 3.4, Sum: 79.6]
      [Code Root Scanning (ms): Min: 0.0, Avg: 0.0, Max: 0.0, Diff: 0.0, Sum: 0.1]
      [Object Copy (ms): Min: 742.6, Avg: 742.6, Max: 742.6, Diff: 0.0, Sum: 2970.4]
      [Termination (ms): Min: 0.0, Avg: 0.0, Max: 0.0, Diff: 0.0, Sum: 0.0]
      [GC Worker Other (ms): Min: 0.0, Avg: 0.0, Max: 0.0, Diff: 0.0, Sum: 0.1]
      [GC Worker Total (ms): Min: 777.2, Avg: 777.2, Max: 777.2, Diff: 0.0, Sum: 3108.8]
      [GC Worker End (ms): Min: 5239.1, Avg: 5239.1, Max: 5239.1, Diff: 0.0]
   [Code Root Fixup: 0.0 ms]
   [Code Root Migration: 0.0 ms]
   [Clear CT: 0.1 ms]
   [Other: 37.5 ms]
      [Choose CSet: 0.0 ms]
      [Ref Proc: 35.1 ms]
      [Ref Enq: 0.1 ms]
      [Free CSet: 0.2 ms]
   [Eden: 143.0M(143.0M)->0.0B(151.0M) Survivors: 20.0M->21.0M Heap: 844.5M(3276.0M)->847.0M(3440.0M)]
 [Times: user=1.26 sys=1.92, real=0.81 secs] 
2016-01-06T00:56:09.442-0800: 5.563: [GC pause (young)
Desired survivor size 11534336 bytes, new threshold 1 (max 15)
- age   1:  149714360 bytes,  149714360 total
2016-01-06T00:56:09.987-0800: 6.107: [SoftReference, 0 refs, 0.0005460 secs]2016-01-06T00:56:09.987-0800: 6.108: [WeakReference, 0 refs, 0.0002450 secs]2016-01-06T00:56:09.987-0800: 6.108: [FinalReference, 0 refs, 0.0003670 secs]2016-01-06T00:56:09.988-0800: 6.109: [PhantomReference, 0 refs, 952792 refs, 0.0370090 secs]2016-01-06T00:56:10.025-0800: 6.146: [JNI Weak Reference, 0.0000190 secs], 0.5850370 secs]
   [Parallel Time: 544.2 ms, GC Workers: 4]
      [GC Worker Start (ms): Min: 5563.2, Avg: 5565.9, Max: 5573.9, Diff: 10.7]
      [Ext Root Scanning (ms): Min: 0.0, Avg: 0.3, Max: 0.5, Diff: 0.5, Sum: 1.4]
      [Update RS (ms): Min: 9.3, Avg: 20.0, Max: 31.5, Diff: 22.2, Sum: 80.0]
         [Processed Buffers: Min: 3, Avg: 5.0, Max: 7, Diff: 4, Sum: 20]
      [Scan RS (ms): Min: 0.3, Avg: 9.2, Max: 12.6, Diff: 12.3, Sum: 37.0]
      [Code Root Scanning (ms): Min: 0.0, Avg: 0.0, Max: 0.0, Diff: 0.0, Sum: 0.1]
      [Object Copy (ms): Min: 511.7, Avg: 511.8, Max: 511.8, Diff: 0.1, Sum: 2047.0]
      [Termination (ms): Min: 0.0, Avg: 0.0, Max: 0.0, Diff: 0.0, Sum: 0.1]
      [GC Worker Other (ms): Min: 0.0, Avg: 0.0, Max: 0.1, Diff: 0.0, Sum: 0.1]
      [GC Worker Total (ms): Min: 533.4, Avg: 541.4, Max: 544.1, Diff: 10.7, Sum: 2165.6]
      [GC Worker End (ms): Min: 6107.3, Avg: 6107.3, Max: 6107.3, Diff: 0.0]
   [Code Root Fixup: 0.0 ms]
   [Code Root Migration: 0.0 ms]
   [Clear CT: 0.2 ms]
   [Other: 40.7 ms]
      [Choose CSet: 0.0 ms]
      [Ref Proc: 38.4 ms]
      [Ref Enq: 0.1 ms]
      [Free CSet: 0.2 ms]
   [Eden: 151.0M(151.0M)->0.0B(156.0M) Survivors: 21.0M->22.0M Heap: 998.0M(3440.0M)->999.5M(3572.0M)]
 [Times: user=1.18 sys=1.05, real=0.59 secs] 
2016-01-06T00:56:10.333-0800: 6.454: [GC pause (young)
Desired survivor size 12058624 bytes, new threshold 1 (max 15)
- age   1:  158091328 bytes,  158091328 total
2016-01-06T00:56:10.912-0800: 7.033: [SoftReference, 0 refs, 0.0004960 secs]2016-01-06T00:56:10.913-0800: 7.034: [WeakReference, 0 refs, 0.0003060 secs]2016-01-06T00:56:10.913-0800: 7.034: [FinalReference, 0 refs, 0.0002290 secs]2016-01-06T00:56:10.913-0800: 7.034: [PhantomReference, 0 refs, 926695 refs, 0.0377490 secs]2016-01-06T00:56:10.951-0800: 7.072: [JNI Weak Reference, 0.0000160 secs], 0.6202630 secs]
   [Parallel Time: 578.8 ms, GC Workers: 4]
      [GC Worker Start (ms): Min: 6454.4, Avg: 6456.3, Max: 6461.9, Diff: 7.4]
      [Ext Root Scanning (ms): Min: 0.0, Avg: 0.3, Max: 0.5, Diff: 0.4, Sum: 1.3]
      [Update RS (ms): Min: 12.3, Avg: 21.6, Max: 30.9, Diff: 18.6, Sum: 86.4]
         [Processed Buffers: Min: 3, Avg: 5.5, Max: 8, Diff: 5, Sum: 22]
      [Scan RS (ms): Min: 21.8, Avg: 29.4, Max: 33.5, Diff: 11.7, Sum: 117.8]
      [Code Root Scanning (ms): Min: 0.0, Avg: 0.0, Max: 0.0, Diff: 0.0, Sum: 0.0]
      [Object Copy (ms): Min: 525.3, Avg: 525.3, Max: 525.4, Diff: 0.1, Sum: 2101.3]
      [Termination (ms): Min: 0.0, Avg: 0.1, Max: 0.1, Diff: 0.1, Sum: 0.3]
      [GC Worker Other (ms): Min: 0.0, Avg: 0.0, Max: 0.1, Diff: 0.0, Sum: 0.1]
      [GC Worker Total (ms): Min: 571.2, Avg: 576.8, Max: 578.7, Diff: 7.5, Sum: 2307.1]
      [GC Worker End (ms): Min: 7033.1, Avg: 7033.1, Max: 7033.1, Diff: 0.0]
   [Code Root Fixup: 0.0 ms]
   [Code Root Migration: 0.0 ms]
   [Clear CT: 0.2 ms]
   [Other: 41.3 ms]
      [Choose CSet: 0.0 ms]
      [Ref Proc: 39.0 ms]
      [Ref Enq: 0.1 ms]
      [Free CSet: 0.3 ms]
   [Eden: 156.0M(156.0M)->0.0B(160.0M) Survivors: 22.0M->23.0M Heap: 1155.5M(3572.0M)->1157.0M(3677.0M)]
 [Times: user=1.38 sys=0.97, real=0.62 secs] 
2016-01-06T00:56:11.270-0800: 7.391: [GC pause (young)
Desired survivor size 12058624 bytes, new threshold 1 (max 15)
- age   1:  163324656 bytes,  163324656 total
2016-01-06T00:56:11.809-0800: 7.930: [SoftReference, 0 refs, 0.0004700 secs]2016-01-06T00:56:11.809-0800: 7.930: [WeakReference, 0 refs, 0.0003340 secs]2016-01-06T00:56:11.810-0800: 7.931: [FinalReference, 0 refs, 0.0002420 secs]2016-01-06T00:56:11.810-0800: 7.931: [PhantomReference, 0 refs, 968693 refs, 0.0395220 secs]2016-01-06T00:56:11.849-0800: 7.970: [JNI Weak Reference, 0.0000150 secs], 0.5820170 secs]
   [Parallel Time: 538.9 ms, GC Workers: 4]
      [GC Worker Start (ms): Min: 7390.8, Avg: 7390.8, Max: 7390.8, Diff: 0.1]
      [Ext Root Scanning (ms): Min: 0.3, Avg: 0.3, Max: 0.4, Diff: 0.1, Sum: 1.4]
      [Update RS (ms): Min: 12.1, Avg: 12.4, Max: 12.6, Diff: 0.4, Sum: 49.7]
         [Processed Buffers: Min: 4, Avg: 4.2, Max: 5, Diff: 1, Sum: 17]
      [Scan RS (ms): Min: 18.0, Avg: 18.1, Max: 18.5, Diff: 0.5, Sum: 72.5]
      [Code Root Scanning (ms): Min: 0.0, Avg: 0.0, Max: 0.0, Diff: 0.0, Sum: 0.1]
      [Object Copy (ms): Min: 507.8, Avg: 507.8, Max: 507.8, Diff: 0.0, Sum: 2031.2]
      [Termination (ms): Min: 0.0, Avg: 0.0, Max: 0.0, Diff: 0.0, Sum: 0.0]
      [GC Worker Other (ms): Min: 0.0, Avg: 0.0, Max: 0.0, Diff: 0.0, Sum: 0.1]
      [GC Worker Total (ms): Min: 538.7, Avg: 538.7, Max: 538.8, Diff: 0.1, Sum: 2154.9]
      [GC Worker End (ms): Min: 7929.5, Avg: 7929.5, Max: 7929.6, Diff: 0.0]
   [Code Root Fixup: 0.0 ms]
   [Code Root Migration: 0.0 ms]
   [Clear CT: 0.1 ms]
   [Other: 43.0 ms]
      [Choose CSet: 0.0 ms]
      [Ref Proc: 40.8 ms]
      [Ref Enq: 0.1 ms]
      [Free CSet: 0.3 ms]
   [Eden: 160.0M(160.0M)->0.0B(165.0M) Survivors: 23.0M->23.0M Heap: 1317.0M(3677.0M)->1318.5M(3761.0M)]
 [Times: user=1.33 sys=0.85, real=0.58 secs] 
2016-01-06T00:56:12.171-0800: 8.292: [GC pause (young)
Desired survivor size 12582912 bytes, new threshold 1 (max 15)
- age   1:  167513784 bytes,  167513784 total
2016-01-06T00:56:12.838-0800: 8.959: [SoftReference, 0 refs, 0.0004710 secs]2016-01-06T00:56:12.838-0800: 8.959: [WeakReference, 0 refs, 0.0003130 secs]2016-01-06T00:56:12.839-0800: 8.960: [FinalReference, 0 refs, 0.0002730 secs]2016-01-06T00:56:12.839-0800: 8.960: [PhantomReference, 0 refs, 1040703 refs, 0.0431100 secs]2016-01-06T00:56:12.882-0800: 9.003: [JNI Weak Reference, 0.0000160 secs], 0.7135030 secs]
   [Parallel Time: 666.9 ms, GC Workers: 4]
      [GC Worker Start (ms): Min: 8291.8, Avg: 8291.8, Max: 8291.8, Diff: 0.1]
      [Ext Root Scanning (ms): Min: 0.3, Avg: 0.3, Max: 0.4, Diff: 0.1, Sum: 1.4]
      [Update RS (ms): Min: 11.5, Avg: 12.3, Max: 12.6, Diff: 1.1, Sum: 49.3]
         [Processed Buffers: Min: 4, Avg: 4.2, Max: 5, Diff: 1, Sum: 17]
      [Scan RS (ms): Min: 10.3, Avg: 10.6, Max: 11.4, Diff: 1.1, Sum: 42.3]
      [Code Root Scanning (ms): Min: 0.0, Avg: 0.0, Max: 0.0, Diff: 0.0, Sum: 0.1]
      [Object Copy (ms): Min: 643.5, Avg: 643.5, Max: 643.5, Diff: 0.0, Sum: 2573.9]
      [Termination (ms): Min: 0.0, Avg: 0.0, Max: 0.0, Diff: 0.0, Sum: 0.1]
      [GC Worker Other (ms): Min: 0.0, Avg: 0.0, Max: 0.0, Diff: 0.0, Sum: 0.1]
      [GC Worker Total (ms): Min: 666.8, Avg: 666.8, Max: 666.8, Diff: 0.1, Sum: 2667.1]
      [GC Worker End (ms): Min: 8958.6, Avg: 8958.6, Max: 8958.6, Diff: 0.0]
   [Code Root Fixup: 0.0 ms]
   [Code Root Migration: 0.0 ms]
   [Clear CT: 0.2 ms]
   [Other: 46.4 ms]
      [Choose CSet: 0.0 ms]
      [Ref Proc: 44.4 ms]
      [Ref Enq: 0.1 ms]
      [Free CSet: 0.3 ms]
   [Eden: 165.0M(165.0M)->0.0B(167.0M) Survivors: 23.0M->24.0M Heap: 1483.5M(3761.0M)->1485.5M(3828.0M)]
 [Times: user=1.34 sys=1.40, real=0.71 secs] 
2016-01-06T00:56:13.444-0800: 9.565: [GC pause (young)
Desired survivor size 12582912 bytes, new threshold 1 (max 15)
- age   1:  172748400 bytes,  172748400 total
2016-01-06T00:56:13.927-0800: 10.048: [SoftReference, 0 refs, 0.0004160 secs]2016-01-06T00:56:13.928-0800: 10.049: [WeakReference, 0 refs, 0.0002230 secs]2016-01-06T00:56:13.928-0800: 10.049: [FinalReference, 0 refs, 0.0002230 secs]2016-01-06T00:56:13.928-0800: 10.049: [PhantomReference, 0 refs, 1050498 refs, 0.0477200 secs]2016-01-06T00:56:13.976-0800: 10.097: [JNI Weak Reference, 0.0000170 secs], 0.5341890 secs]
   [Parallel Time: 483.1 ms, GC Workers: 4]
      [GC Worker Start (ms): Min: 9565.0, Avg: 9565.3, Max: 9565.9, Diff: 0.9]
      [Ext Root Scanning (ms): Min: 0.0, Avg: 0.3, Max: 0.5, Diff: 0.5, Sum: 1.2]
      [Update RS (ms): Min: 12.4, Avg: 12.5, Max: 12.7, Diff: 0.3, Sum: 49.9]
         [Processed Buffers: Min: 4, Avg: 4.5, Max: 6, Diff: 2, Sum: 18]
      [Scan RS (ms): Min: 14.6, Avg: 14.9, Max: 15.0, Diff: 0.4, Sum: 59.4]
      [Code Root Scanning (ms): Min: 0.0, Avg: 0.0, Max: 0.0, Diff: 0.0, Sum: 0.1]
      [Object Copy (ms): Min: 455.1, Avg: 455.2, Max: 455.2, Diff: 0.0, Sum: 1820.6]
      [Termination (ms): Min: 0.0, Avg: 0.0, Max: 0.0, Diff: 0.0, Sum: 0.0]
      [GC Worker Other (ms): Min: 0.0, Avg: 0.0, Max: 0.0, Diff: 0.0, Sum: 0.1]
      [GC Worker Total (ms): Min: 482.2, Avg: 482.8, Max: 483.1, Diff: 0.9, Sum: 1931.4]
      [GC Worker End (ms): Min: 10048.1, Avg: 10048.1, Max: 10048.1, Diff: 0.0]
   [Code Root Fixup: 0.0 ms]
   [Code Root Migration: 0.0 ms]
   [Clear CT: 0.2 ms]
   [Other: 50.8 ms]
      [Choose CSet: 0.0 ms]
      [Ref Proc: 48.8 ms]
      [Ref Enq: 0.1 ms]
      [Free CSet: 0.3 ms]
   [Eden: 167.0M(167.0M)->0.0B(170.0M) Survivors: 24.0M->24.0M Heap: 1716.5M(3828.0M)->1718.0M(3882.0M)]
 [Times: user=1.31 sys=0.65, real=0.54 secs] 
2016-01-06T00:56:14.332-0800: 10.453: [GC pause (young)
Desired survivor size 13107200 bytes, new threshold 1 (max 15)
- age   1:  174841400 bytes,  174841400 total
2016-01-06T00:56:14.728-0800: 10.849: [SoftReference, 0 refs, 0.0004710 secs]2016-01-06T00:56:14.737-0800: 10.858: [WeakReference, 0 refs, 0.0002710 secs]2016-01-06T00:56:14.737-0800: 10.858: [FinalReference, 0 refs, 0.0002400 secs]2016-01-06T00:56:14.737-0800: 10.858: [PhantomReference, 0 refs, 1067179 refs, 0.0416610 secs]2016-01-06T00:56:14.779-0800: 10.900: [JNI Weak Reference, 0.0000210 secs], 0.4491600 secs]
   [Parallel Time: 395.9 ms, GC Workers: 4]
      [GC Worker Start (ms): Min: 10452.7, Avg: 10452.8, Max: 10452.8, Diff: 0.1]
      [Ext Root Scanning (ms): Min: 0.3, Avg: 0.4, Max: 0.4, Diff: 0.1, Sum: 1.4]
      [Update RS (ms): Min: 16.0, Avg: 17.4, Max: 19.7, Diff: 3.7, Sum: 69.4]
         [Processed Buffers: Min: 5, Avg: 5.8, Max: 6, Diff: 1, Sum: 23]
      [Scan RS (ms): Min: 7.2, Avg: 9.4, Max: 10.8, Diff: 3.6, Sum: 37.8]
      [Code Root Scanning (ms): Min: 0.0, Avg: 0.0, Max: 0.0, Diff: 0.0, Sum: 0.1]
      [Object Copy (ms): Min: 368.6, Avg: 368.6, Max: 368.7, Diff: 0.1, Sum: 1474.5]
      [Termination (ms): Min: 0.0, Avg: 0.0, Max: 0.0, Diff: 0.0, Sum: 0.0]
      [GC Worker Other (ms): Min: 0.0, Avg: 0.0, Max: 0.0, Diff: 0.0, Sum: 0.1]
      [GC Worker Total (ms): Min: 395.8, Avg: 395.8, Max: 395.8, Diff: 0.1, Sum: 1583.2]
      [GC Worker End (ms): Min: 10848.6, Avg: 10848.6, Max: 10848.6, Diff: 0.0]
   [Code Root Fixup: 0.0 ms]
   [Code Root Migration: 0.0 ms]
   [Clear CT: 0.1 ms]
   [Other: 53.1 ms]
      [Choose CSet: 0.0 ms]
      [Ref Proc: 51.2 ms]
      [Ref Enq: 0.1 ms]
      [Free CSet: 0.3 ms]
   [Eden: 170.0M(170.0M)->0.0B(171.0M) Survivors: 24.0M->25.0M Heap: 1888.0M(3882.0M)->1890.0M(3925.0M)]
 [Times: user=1.43 sys=0.20, real=0.45 secs] 
2016-01-06T00:56:15.020-0800: 11.141: [GC pause (young) (initial-mark)
Desired survivor size 13107200 bytes, new threshold 1 (max 15)
- age   1:  177983568 bytes,  177983568 total
2016-01-06T00:56:15.280-0800: 11.401: [SoftReference, 0 refs, 0.0005520 secs]2016-01-06T00:56:15.281-0800: 11.402: [WeakReference, 0 refs, 0.0003500 secs]2016-01-06T00:56:15.281-0800: 11.402: [FinalReference, 0 refs, 0.0002400 secs]2016-01-06T00:56:15.281-0800: 11.402: [PhantomReference, 0 refs, 711717 refs, 0.0262470 secs]2016-01-06T00:56:15.308-0800: 11.429: [JNI Weak Reference, 0.0000170 secs], 0.2900880 secs]
   [Parallel Time: 259.8 ms, GC Workers: 4]
      [GC Worker Start (ms): Min: 11141.1, Avg: 11141.2, Max: 11141.2, Diff: 0.1]
      [Ext Root Scanning (ms): Min: 0.3, Avg: 0.4, Max: 0.4, Diff: 0.1, Sum: 1.5]
      [Code Root Marking (ms): Min: 0.3, Avg: 0.3, Max: 0.3, Diff: 0.0, Sum: 1.2]
      [Update RS (ms): Min: 14.1, Avg: 15.4, Max: 16.5, Diff: 2.4, Sum: 61.6]
         [Processed Buffers: Min: 5, Avg: 5.5, Max: 6, Diff: 1, Sum: 22]
      [Scan RS (ms): Min: 6.6, Avg: 7.7, Max: 8.9, Diff: 2.3, Sum: 30.7]
      [Code Root Scanning (ms): Min: 0.0, Avg: 0.0, Max: 0.0, Diff: 0.0, Sum: 0.0]
      [Object Copy (ms): Min: 235.9, Avg: 235.9, Max: 235.9, Diff: 0.0, Sum: 943.7]
      [Termination (ms): Min: 0.0, Avg: 0.0, Max: 0.0, Diff: 0.0, Sum: 0.0]
      [GC Worker Other (ms): Min: 0.0, Avg: 0.0, Max: 0.0, Diff: 0.0, Sum: 0.1]
      [GC Worker Total (ms): Min: 259.6, Avg: 259.7, Max: 259.7, Diff: 0.1, Sum: 1038.7]
      [GC Worker End (ms): Min: 11400.8, Avg: 11400.8, Max: 11400.8, Diff: 0.0]
   [Code Root Fixup: 0.0 ms]
   [Code Root Migration: 0.0 ms]
   [Clear CT: 0.2 ms]
   [Other: 30.1 ms]
      [Choose CSet: 0.0 ms]
      [Ref Proc: 27.7 ms]
      [Ref Enq: 0.1 ms]
      [Free CSet: 0.3 ms]
   [Eden: 171.0M(171.0M)->0.0B(173.0M) Survivors: 25.0M->25.0M Heap: 2061.0M(3925.0M)->2014.0M(3960.0M)]
 [Times: user=0.89 sys=0.22, real=0.29 secs] 
2016-01-06T00:56:15.310-0800: 11.431: [GC concurrent-root-region-scan-start]
2016-01-06T00:56:15.362-0800: 11.483: [GC pause (young)
Desired survivor size 13107200 bytes, new threshold 1 (max 15)
- age   1:  126680616 bytes,  126680616 total
2016-01-06T00:56:15.398-0800: 11.519: [GC concurrent-root-region-scan-end, 0.0878270 secs]
2016-01-06T00:56:15.398-0800: 11.519: [GC concurrent-mark-start]
2016-01-06T00:56:15.509-0800: 11.630: [SoftReference, 0 refs, 0.0004230 secs]2016-01-06T00:56:15.510-0800: 11.631: [WeakReference, 0 refs, 0.0003350 secs]2016-01-06T00:56:15.510-0800: 11.631: [FinalReference, 0 refs, 0.0003660 secs]2016-01-06T00:56:15.511-0800: 11.631: [PhantomReference, 0 refs, 71548 refs, 0.0026280 secs]2016-01-06T00:56:15.513-0800: 11.634: [JNI Weak Reference, 0.0000100 secs], 0.1523860 secs]
   [Root Region Scan Waiting: 35.3 ms]
   [Parallel Time: 111.5 ms, GC Workers: 4]
      [GC Worker Start (ms): Min: 11518.6, Avg: 11518.7, Max: 11518.7, Diff: 0.1]
      [Ext Root Scanning (ms): Min: 0.3, Avg: 0.3, Max: 0.4, Diff: 0.0, Sum: 1.4]
      [SATB Filtering (ms): Min: 0.0, Avg: 0.0, Max: 0.0, Diff: 0.0, Sum: 0.0]
      [Update RS (ms): Min: 58.1, Avg: 58.2, Max: 58.4, Diff: 0.4, Sum: 232.8]
         [Processed Buffers: Min: 170, Avg: 172.2, Max: 173, Diff: 3, Sum: 689]
      [Scan RS (ms): Min: 0.0, Avg: 0.1, Max: 0.1, Diff: 0.1, Sum: 0.3]
      [Code Root Scanning (ms): Min: 0.0, Avg: 0.0, Max: 0.0, Diff: 0.0, Sum: 0.0]
      [Object Copy (ms): Min: 52.6, Avg: 52.7, Max: 52.8, Diff: 0.2, Sum: 210.9]
      [Termination (ms): Min: 0.0, Avg: 0.0, Max: 0.0, Diff: 0.0, Sum: 0.0]
      [GC Worker Other (ms): Min: 0.0, Avg: 0.0, Max: 0.0, Diff: 0.0, Sum: 0.1]
      [GC Worker Total (ms): Min: 111.3, Avg: 111.4, Max: 111.4, Diff: 0.1, Sum: 445.5]
      [GC Worker End (ms): Min: 11630.1, Avg: 11630.1, Max: 11630.1, Diff: 0.0]
   [Code Root Fixup: 0.0 ms]
   [Code Root Migration: 0.0 ms]
   [Clear CT: 0.2 ms]
   [Other: 5.4 ms]
      [Choose CSet: 0.0 ms]
      [Ref Proc: 3.9 ms]
      [Ref Enq: 0.4 ms]
      [Free CSet: 0.2 ms]
   [Eden: 173.0M(173.0M)->0.0B(180.0M) Survivors: 25.0M->19.0M Heap: 2187.0M(3960.0M)->2033.5M(3988.0M)]
 [Times: user=0.49 sys=0.00, real=0.15 secs] 
2016-01-06T00:56:15.582-0800: 11.703: [GC pause (young)
Desired survivor size 13107200 bytes, new threshold 1 (max 15)
- age   1:   17233048 bytes,   17233048 total
2016-01-06T00:56:15.627-0800: 11.748: [SoftReference, 0 refs, 0.0005710 secs]2016-01-06T00:56:15.628-0800: 11.748: [WeakReference, 0 refs, 0.0002520 secs]2016-01-06T00:56:15.628-0800: 11.749: [FinalReference, 0 refs, 0.0002330 secs]2016-01-06T00:56:15.628-0800: 11.749: [PhantomReference, 0 refs, 6090 refs, 0.0005770 secs]2016-01-06T00:56:15.629-0800: 11.750: [JNI Weak Reference, 0.0000120 secs], 0.0479540 secs]
   [Parallel Time: 44.9 ms, GC Workers: 4]
      [GC Worker Start (ms): Min: 11702.8, Avg: 11702.9, Max: 11702.9, Diff: 0.1]
      [Ext Root Scanning (ms): Min: 0.3, Avg: 0.3, Max: 0.4, Diff: 0.1, Sum: 1.4]
      [SATB Filtering (ms): Min: 0.0, Avg: 0.0, Max: 0.0, Diff: 0.0, Sum: 0.0]
      [Update RS (ms): Min: 37.6, Avg: 39.5, Max: 44.4, Diff: 6.9, Sum: 158.0]
         [Processed Buffers: Min: 19, Avg: 88.8, Max: 116, Diff: 97, Sum: 355]
      [Scan RS (ms): Min: 0.0, Avg: 0.1, Max: 0.2, Diff: 0.2, Sum: 0.3]
      [Code Root Scanning (ms): Min: 0.0, Avg: 0.0, Max: 0.0, Diff: 0.0, Sum: 0.0]
      [Object Copy (ms): Min: 0.0, Avg: 1.9, Max: 2.6, Diff: 2.6, Sum: 7.6]
      [Termination (ms): Min: 0.0, Avg: 3.0, Max: 4.0, Diff: 4.0, Sum: 12.0]
      [GC Worker Other (ms): Min: 0.0, Avg: 0.0, Max: 0.0, Diff: 0.0, Sum: 0.1]
      [GC Worker Total (ms): Min: 44.8, Avg: 44.9, Max: 44.9, Diff: 0.0, Sum: 179.4]
      [GC Worker End (ms): Min: 11747.7, Avg: 11747.7, Max: 11747.7, Diff: 0.0]
   [Code Root Fixup: 0.0 ms]
   [Code Root Migration: 0.0 ms]
   [Clear CT: 0.1 ms]
   [Other: 2.8 ms]
      [Choose CSet: 0.0 ms]
      [Ref Proc: 1.8 ms]
      [Ref Enq: 0.5 ms]
      [Free CSet: 0.2 ms]
   [Eden: 180.0M(180.0M)->0.0B(181.0M) Survivors: 19.0M->19.0M Heap: 2213.5M(3988.0M)->2034.0M(4010.0M)]
 [Times: user=0.15 sys=0.00, real=0.05 secs] 
2016-01-06T00:56:16.225-0800: 12.346: [GC pause (young)
Desired survivor size 13107200 bytes, new threshold 1 (max 15)
- age   1:   17248672 bytes,   17248672 total
2016-01-06T00:56:16.228-0800: 12.349: [SoftReference, 0 refs, 0.0008740 secs]2016-01-06T00:56:16.229-0800: 12.350: [WeakReference, 0 refs, 0.0002740 secs]2016-01-06T00:56:16.229-0800: 12.350: [FinalReference, 0 refs, 0.0002280 secs]2016-01-06T00:56:16.230-0800: 12.350: [PhantomReference, 0 refs, 6121 refs, 0.0005300 secs]2016-01-06T00:56:16.230-0800: 12.351: [JNI Weak Reference, 0.0000100 secs], 0.0063700 secs]
   [Parallel Time: 3.2 ms, GC Workers: 4]
      [GC Worker Start (ms): Min: 12345.8, Avg: 12346.6, Max: 12348.8, Diff: 3.0]
      [Ext Root Scanning (ms): Min: 0.0, Avg: 0.3, Max: 0.5, Diff: 0.5, Sum: 1.2]
      [SATB Filtering (ms): Min: 0.0, Avg: 0.0, Max: 0.0, Diff: 0.0, Sum: 0.0]
      [Update RS (ms): Min: 0.0, Avg: 0.1, Max: 0.2, Diff: 0.2, Sum: 0.4]
         [Processed Buffers: Min: 0, Avg: 1.2, Max: 4, Diff: 4, Sum: 5]
      [Scan RS (ms): Min: 0.0, Avg: 0.1, Max: 0.2, Diff: 0.1, Sum: 0.3]
      [Code Root Scanning (ms): Min: 0.0, Avg: 0.0, Max: 0.0, Diff: 0.0, Sum: 0.0]
      [Object Copy (ms): Min: 0.0, Avg: 1.6, Max: 2.2, Diff: 2.2, Sum: 6.5]
      [Termination (ms): Min: 0.0, Avg: 0.2, Max: 0.2, Diff: 0.2, Sum: 0.6]
      [GC Worker Other (ms): Min: 0.0, Avg: 0.0, Max: 0.0, Diff: 0.0, Sum: 0.0]
      [GC Worker Total (ms): Min: 0.0, Avg: 2.3, Max: 3.1, Diff: 3.0, Sum: 9.2]
      [GC Worker End (ms): Min: 12348.9, Avg: 12348.9, Max: 12348.9, Diff: 0.0]
   [Code Root Fixup: 0.0 ms]
   [Code Root Migration: 0.0 ms]
   [Clear CT: 0.1 ms]
   [Other: 3.1 ms]
      [Choose CSet: 0.0 ms]
      [Ref Proc: 2.1 ms]
      [Ref Enq: 0.5 ms]
      [Free CSet: 0.2 ms]
   [Eden: 181.0M(181.0M)->0.0B(182.0M) Survivors: 19.0M->19.0M Heap: 2215.0M(4010.0M)->2034.5M(4028.0M)]
 [Times: user=0.02 sys=0.01, real=0.01 secs] 
2016-01-06T00:56:16.260-0800: 12.381: [GC pause (young)
Desired survivor size 13631488 bytes, new threshold 1 (max 15)
- age   1:   17250904 bytes,   17250904 total
2016-01-06T00:56:16.268-0800: 12.389: [SoftReference, 0 refs, 0.0003900 secs]2016-01-06T00:56:16.269-0800: 12.390: [WeakReference, 0 refs, 0.0003770 secs]2016-01-06T00:56:16.269-0800: 12.390: [FinalReference, 0 refs, 0.0002440 secs]2016-01-06T00:56:16.269-0800: 12.390: [PhantomReference, 0 refs, 6150 refs, 0.0007980 secs]2016-01-06T00:56:16.270-0800: 12.391: [JNI Weak Reference, 0.0000110 secs], 0.0111500 secs]
   [Parallel Time: 6.1 ms, GC Workers: 4]
      [GC Worker Start (ms): Min: 12381.2, Avg: 12381.4, Max: 12381.9, Diff: 0.7]
      [Ext Root Scanning (ms): Min: 0.0, Avg: 0.3, Max: 0.5, Diff: 0.4, Sum: 1.2]
      [SATB Filtering (ms): Min: 0.0, Avg: 0.0, Max: 0.0, Diff: 0.0, Sum: 0.0]
      [Update RS (ms): Min: 2.8, Avg: 2.9, Max: 3.0, Diff: 0.2, Sum: 11.6]
         [Processed Buffers: Min: 5, Avg: 5.5, Max: 6, Diff: 1, Sum: 22]
      [Scan RS (ms): Min: 0.1, Avg: 0.1, Max: 0.2, Diff: 0.1, Sum: 0.6]
      [Code Root Scanning (ms): Min: 0.0, Avg: 0.0, Max: 0.0, Diff: 0.0, Sum: 0.0]
      [Object Copy (ms): Min: 2.3, Avg: 2.4, Max: 2.4, Diff: 0.1, Sum: 9.4]
      [Termination (ms): Min: 0.0, Avg: 0.0, Max: 0.0, Diff: 0.0, Sum: 0.1]
      [GC Worker Other (ms): Min: 0.0, Avg: 0.0, Max: 0.0, Diff: 0.0, Sum: 0.0]
      [GC Worker Total (ms): Min: 5.3, Avg: 5.8, Max: 5.9, Diff: 0.7, Sum: 23.0]
      [GC Worker End (ms): Min: 12387.1, Avg: 12387.1, Max: 12387.2, Diff: 0.0]
   [Code Root Fixup: 0.0 ms]
   [Code Root Migration: 0.0 ms]
   [Clear CT: 0.1 ms]
   [Other: 4.9 ms]
      [Choose CSet: 0.0 ms]
      [Ref Proc: 3.9 ms]
      [Ref Enq: 0.5 ms]
      [Free CSet: 0.2 ms]
   [Eden: 182.0M(182.0M)->0.0B(183.0M) Survivors: 19.0M->19.0M Heap: 2216.5M(4028.0M)->2035.9M(4042.0M)]
 [Times: user=0.04 sys=0.00, real=0.01 secs] 
2016-01-06T00:56:16.300-0800: 12.421: [GC pause (young)
Desired survivor size 13631488 bytes, new threshold 1 (max 15)
- age   1:   17253136 bytes,   17253136 total
2016-01-06T00:56:16.309-0800: 12.430: [SoftReference, 0 refs, 0.0004910 secs]2016-01-06T00:56:16.310-0800: 12.431: [WeakReference, 0 refs, 0.0002990 secs]2016-01-06T00:56:16.310-0800: 12.431: [FinalReference, 0 refs, 0.0002310 secs]2016-01-06T00:56:16.310-0800: 12.431: [PhantomReference, 0 refs, 6182 refs, 0.0005780 secs]2016-01-06T00:56:16.311-0800: 12.432: [JNI Weak Reference, 0.0000110 secs], 0.0118360 secs]
   [Parallel Time: 5.7 ms, GC Workers: 4]
      [GC Worker Start (ms): Min: 12421.1, Avg: 12421.3, Max: 12421.9, Diff: 0.8]
      [Ext Root Scanning (ms): Min: 0.0, Avg: 0.3, Max: 0.5, Diff: 0.5, Sum: 1.2]
      [SATB Filtering (ms): Min: 0.0, Avg: 0.0, Max: 0.0, Diff: 0.0, Sum: 0.0]
      [Update RS (ms): Min: 2.3, Avg: 2.6, Max: 2.8, Diff: 0.5, Sum: 10.3]
         [Processed Buffers: Min: 4, Avg: 4.8, Max: 6, Diff: 2, Sum: 19]
      [Scan RS (ms): Min: 0.1, Avg: 0.1, Max: 0.2, Diff: 0.1, Sum: 0.6]
      [Code Root Scanning (ms): Min: 0.0, Avg: 0.0, Max: 0.0, Diff: 0.0, Sum: 0.0]
      [Object Copy (ms): Min: 2.3, Avg: 2.3, Max: 2.3, Diff: 0.1, Sum: 9.1]
      [Termination (ms): Min: 0.0, Avg: 0.0, Max: 0.1, Diff: 0.1, Sum: 0.1]
      [GC Worker Other (ms): Min: 0.0, Avg: 0.0, Max: 0.0, Diff: 0.0, Sum: 0.0]
      [GC Worker Total (ms): Min: 4.8, Avg: 5.4, Max: 5.6, Diff: 0.8, Sum: 21.5]
      [GC Worker End (ms): Min: 12426.7, Avg: 12426.7, Max: 12426.7, Diff: 0.0]
   [Code Root Fixup: 0.0 ms]
   [Code Root Migration: 0.0 ms]
   [Clear CT: 0.1 ms]
   [Other: 6.0 ms]
      [Choose CSet: 0.0 ms]
      [Ref Proc: 5.0 ms]
      [Ref Enq: 0.6 ms]
      [Free CSet: 0.2 ms]
   [Eden: 183.0M(183.0M)->0.0B(1522.0M) Survivors: 19.0M->19.0M Heap: 2218.9M(4042.0M)->2035.6M(4053.0M)]
 [Times: user=0.04 sys=0.00, real=0.01 secs] 
2016-01-06T00:56:17.207-0800: 13.328: [GC pause (young)
Desired survivor size 101187584 bytes, new threshold 15 (max 15)
- age   1:   17255368 bytes,   17255368 total
2016-01-06T00:56:17.275-0800: 13.396: [SoftReference, 0 refs, 0.0004820 secs]2016-01-06T00:56:17.276-0800: 13.397: [WeakReference, 0 refs, 0.0002200 secs]2016-01-06T00:56:17.276-0800: 13.397: [FinalReference, 0 refs, 0.0002400 secs]2016-01-06T00:56:17.276-0800: 13.397: [PhantomReference, 0 refs, 47689 refs, 0.0013220 secs]2016-01-06T00:56:17.278-0800: 13.398: [JNI Weak Reference, 0.0000100 secs], 0.0773420 secs]
   [Parallel Time: 16.8 ms, GC Workers: 4]
      [GC Worker Start (ms): Min: 13328.5, Avg: 13328.5, Max: 13328.6, Diff: 0.1]
      [Ext Root Scanning (ms): Min: 0.3, Avg: 0.4, Max: 0.4, Diff: 0.1, Sum: 1.4]
      [SATB Filtering (ms): Min: 0.0, Avg: 0.0, Max: 0.0, Diff: 0.0, Sum: 0.0]
      [Update RS (ms): Min: 3.1, Avg: 3.3, Max: 3.4, Diff: 0.3, Sum: 13.1]
         [Processed Buffers: Min: 5, Avg: 5.5, Max: 6, Diff: 1, Sum: 22]
      [Scan RS (ms): Min: 0.7, Avg: 0.8, Max: 0.9, Diff: 0.2, Sum: 3.0]
      [Code Root Scanning (ms): Min: 0.1, Avg: 0.1, Max: 0.1, Diff: 0.0, Sum: 0.3]
      [Object Copy (ms): Min: 12.1, Avg: 12.1, Max: 12.2, Diff: 0.1, Sum: 48.6]
      [Termination (ms): Min: 0.0, Avg: 0.0, Max: 0.0, Diff: 0.0, Sum: 0.0]
      [GC Worker Other (ms): Min: 0.0, Avg: 0.1, Max: 0.1, Diff: 0.0, Sum: 0.2]
      [GC Worker Total (ms): Min: 16.7, Avg: 16.7, Max: 16.7, Diff: 0.0, Sum: 66.6]
      [GC Worker End (ms): Min: 13345.2, Avg: 13345.2, Max: 13345.2, Diff: 0.0]
   [Code Root Fixup: 0.0 ms]
   [Code Root Migration: 0.2 ms]
   [Clear CT: 0.4 ms]
   [Other: 59.9 ms]
      [Choose CSet: 0.0 ms]
      [Ref Proc: 53.2 ms]
      [Ref Enq: 4.8 ms]
      [Free CSet: 1.6 ms]
   [Eden: 1522.0M(1522.0M)->0.0B(1557.0M) Survivors: 19.0M->14.0M Heap: 3557.6M(4053.0M)->2031.1M(4062.0M)]
 [Times: user=0.28 sys=0.01, real=0.07 secs] 
2016-01-06T00:56:17.508-0800: 13.629: [GC pause (young)
Desired survivor size 103284736 bytes, new threshold 15 (max 15)
- age   1:   13382128 bytes,   13382128 total
- age   2:      36864 bytes,   13418992 total
2016-01-06T00:56:17.588-0800: 13.709: [SoftReference, 0 refs, 0.0005020 secs]2016-01-06T00:56:17.589-0800: 13.709: [WeakReference, 0 refs, 0.0002060 secs]2016-01-06T00:56:17.589-0800: 13.710: [FinalReference, 0 refs, 0.0002270 secs]2016-01-06T00:56:17.589-0800: 13.710: [PhantomReference, 0 refs, 48775 refs, 0.0015780 secs]2016-01-06T00:56:17.591-0800: 13.711: [JNI Weak Reference, 0.0000080 secs], 0.0883740 secs]
   [Parallel Time: 15.7 ms, GC Workers: 4]
      [GC Worker Start (ms): Min: 13629.0, Avg: 13629.0, Max: 13629.0, Diff: 0.1]
      [Ext Root Scanning (ms): Min: 0.3, Avg: 0.4, Max: 0.4, Diff: 0.1, Sum: 1.4]
      [SATB Filtering (ms): Min: 0.0, Avg: 0.0, Max: 0.0, Diff: 0.0, Sum: 0.0]
      [Update RS (ms): Min: 3.3, Avg: 3.5, Max: 3.8, Diff: 0.5, Sum: 14.1]
         [Processed Buffers: Min: 5, Avg: 6.2, Max: 8, Diff: 3, Sum: 25]
      [Scan RS (ms): Min: 0.5, Avg: 0.7, Max: 1.0, Diff: 0.4, Sum: 2.9]
      [Code Root Scanning (ms): Min: 0.1, Avg: 0.1, Max: 0.1, Diff: 0.0, Sum: 0.3]
      [Object Copy (ms): Min: 10.8, Avg: 10.8, Max: 10.9, Diff: 0.1, Sum: 43.3]
      [Termination (ms): Min: 0.0, Avg: 0.0, Max: 0.0, Diff: 0.0, Sum: 0.0]
      [GC Worker Other (ms): Min: 0.0, Avg: 0.1, Max: 0.1, Diff: 0.1, Sum: 0.2]
      [GC Worker Total (ms): Min: 15.6, Avg: 15.6, Max: 15.6, Diff: 0.0, Sum: 62.3]
      [GC Worker End (ms): Min: 13644.5, Avg: 13644.6, Max: 13644.6, Diff: 0.1]
   [Code Root Fixup: 0.0 ms]
   [Code Root Migration: 0.2 ms]
   [Clear CT: 0.3 ms]
   [Other: 72.1 ms]
      [Choose CSet: 0.0 ms]
      [Ref Proc: 66.8 ms]
      [Ref Enq: 3.5 ms]
      [Free CSet: 1.6 ms]
   [Eden: 1557.0M(1557.0M)->0.0B(1565.0M) Survivors: 14.0M->22.0M Heap: 3588.1M(4062.0M)->2038.6M(4069.0M)]
 [Times: user=0.32 sys=0.01, real=0.08 secs] 
2016-01-06T00:56:17.834-0800: 13.955: [GC pause (young)
Desired survivor size 104333312 bytes, new threshold 15 (max 15)
- age   1:   20322136 bytes,   20322136 total
- age   2:      36864 bytes,   20359000 total
2016-01-06T00:56:17.927-0800: 14.048: [SoftReference, 0 refs, 0.0006000 secs]2016-01-06T00:56:17.928-0800: 14.049: [WeakReference, 0 refs, 0.0003210 secs]2016-01-06T00:56:17.928-0800: 14.049: [FinalReference, 0 refs, 0.0002370 secs]2016-01-06T00:56:17.928-0800: 14.049: [PhantomReference, 0 refs, 49025 refs, 0.0015460 secs]2016-01-06T00:56:17.930-0800: 14.051: [JNI Weak Reference, 0.0000090 secs], 0.1031200 secs]
   [Parallel Time: 16.2 ms, GC Workers: 4]
      [GC Worker Start (ms): Min: 13955.0, Avg: 13955.8, Max: 13957.9, Diff: 2.9]
      [Ext Root Scanning (ms): Min: 0.0, Avg: 0.3, Max: 0.5, Diff: 0.5, Sum: 1.2]
      [SATB Filtering (ms): Min: 0.0, Avg: 0.0, Max: 0.0, Diff: 0.0, Sum: 0.0]
      [Update RS (ms): Min: 1.9, Avg: 3.6, Max: 4.4, Diff: 2.5, Sum: 14.5]
         [Processed Buffers: Min: 3, Avg: 6.5, Max: 9, Diff: 6, Sum: 26]
      [Scan RS (ms): Min: 0.7, Avg: 0.7, Max: 0.9, Diff: 0.2, Sum: 2.9]
      [Code Root Scanning (ms): Min: 0.1, Avg: 0.1, Max: 0.1, Diff: 0.0, Sum: 0.3]
      [Object Copy (ms): Min: 10.5, Avg: 10.5, Max: 10.6, Diff: 0.1, Sum: 42.2]
      [Termination (ms): Min: 0.0, Avg: 0.0, Max: 0.0, Diff: 0.0, Sum: 0.0]
      [GC Worker Other (ms): Min: 0.0, Avg: 0.1, Max: 0.1, Diff: 0.1, Sum: 0.3]
      [GC Worker Total (ms): Min: 13.2, Avg: 15.4, Max: 16.1, Diff: 2.9, Sum: 61.5]
      [GC Worker End (ms): Min: 13971.1, Avg: 13971.1, Max: 13971.2, Diff: 0.1]
   [Code Root Fixup: 0.0 ms]
   [Code Root Migration: 0.2 ms]
   [Clear CT: 0.4 ms]
   [Other: 86.3 ms]
      [Choose CSet: 0.0 ms]
      [Ref Proc: 79.7 ms]
      [Ref Enq: 4.8 ms]
      [Free CSet: 1.6 ms]
   [Eden: 1565.0M(1565.0M)->0.0B(1576.0M) Survivors: 22.0M->22.0M Heap: 3603.6M(4069.0M)->2038.6M(4075.0M)]
 [Times: user=0.39 sys=0.01, real=0.11 secs] 
2016-01-06T00:56:18.178-0800: 14.299: [GC pause (young)
Desired survivor size 104857600 bytes, new threshold 15 (max 15)
- age   1:   20339992 bytes,   20339992 total
- age   2:      36864 bytes,   20376856 total
2016-01-06T00:56:18.276-0800: 14.396: [SoftReference, 0 refs, 0.0006160 secs]2016-01-06T00:56:18.276-0800: 14.397: [WeakReference, 0 refs, 0.0002500 secs]2016-01-06T00:56:18.276-0800: 14.397: [FinalReference, 0 refs, 0.0002860 secs]2016-01-06T00:56:18.277-0800: 14.398: [PhantomReference, 0 refs, 49366 refs, 0.0013370 secs]2016-01-06T00:56:18.278-0800: 14.399: [JNI Weak Reference, 0.0000090 secs], 0.1077330 secs]
   [Parallel Time: 15.5 ms, GC Workers: 4]
      [GC Worker Start (ms): Min: 14298.7, Avg: 14298.7, Max: 14298.7, Diff: 0.1]
      [Ext Root Scanning (ms): Min: 0.3, Avg: 0.3, Max: 0.4, Diff: 0.1, Sum: 1.4]
      [SATB Filtering (ms): Min: 0.0, Avg: 0.0, Max: 0.0, Diff: 0.0, Sum: 0.0]
      [Update RS (ms): Min: 4.2, Avg: 4.4, Max: 4.6, Diff: 0.4, Sum: 17.6]
         [Processed Buffers: Min: 6, Avg: 7.0, Max: 9, Diff: 3, Sum: 28]
      [Scan RS (ms): Min: 0.5, Avg: 0.7, Max: 0.9, Diff: 0.3, Sum: 2.9]
      [Code Root Scanning (ms): Min: 0.1, Avg: 0.1, Max: 0.1, Diff: 0.0, Sum: 0.3]
      [Object Copy (ms): Min: 9.8, Avg: 9.8, Max: 9.8, Diff: 0.1, Sum: 39.1]
      [Termination (ms): Min: 0.0, Avg: 0.0, Max: 0.0, Diff: 0.0, Sum: 0.0]
      [GC Worker Other (ms): Min: 0.0, Avg: 0.1, Max: 0.1, Diff: 0.1, Sum: 0.3]
      [GC Worker Total (ms): Min: 15.4, Avg: 15.4, Max: 15.4, Diff: 0.0, Sum: 61.6]
      [GC Worker End (ms): Min: 14314.1, Avg: 14314.1, Max: 14314.1, Diff: 0.1]
   [Code Root Fixup: 0.0 ms]
   [Code Root Migration: 0.2 ms]
   [Clear CT: 0.4 ms]
   [Other: 91.6 ms]
      [Choose CSet: 0.0 ms]
      [Ref Proc: 84.9 ms]
      [Ref Enq: 4.9 ms]
      [Free CSet: 1.7 ms]
   [Eden: 1576.0M(1576.0M)->0.0B(1586.0M) Survivors: 22.0M->22.0M Heap: 3614.6M(4075.0M)->2038.6M(4080.0M)]
 [Times: user=0.40 sys=0.01, real=0.11 secs] 
2016-01-06T00:56:18.529-0800: 14.650: [GC pause (young)
Desired survivor size 105381888 bytes, new threshold 15 (max 15)
- age   1:   20364544 bytes,   20364544 total
- age   2:      36864 bytes,   20401408 total
2016-01-06T00:56:18.664-0800: 14.785: [SoftReference, 0 refs, 0.0004740 secs]2016-01-06T00:56:18.664-0800: 14.785: [WeakReference, 0 refs, 0.0002170 secs]2016-01-06T00:56:18.665-0800: 14.785: [FinalReference, 0 refs, 0.0003270 secs]2016-01-06T00:56:18.665-0800: 14.786: [PhantomReference, 0 refs, 49676 refs, 0.0013680 secs]2016-01-06T00:56:18.666-0800: 14.787: [JNI Weak Reference, 0.0000090 secs], 0.1449770 secs]
   [Parallel Time: 19.1 ms, GC Workers: 4]
      [GC Worker Start (ms): Min: 14649.8, Avg: 14649.8, Max: 14649.8, Diff: 0.1]
      [Ext Root Scanning (ms): Min: 0.4, Avg: 0.4, Max: 0.4, Diff: 0.0, Sum: 1.5]
      [SATB Filtering (ms): Min: 0.0, Avg: 0.0, Max: 0.0, Diff: 0.0, Sum: 0.0]
      [Update RS (ms): Min: 5.4, Avg: 7.3, Max: 12.5, Diff: 7.1, Sum: 29.0]
         [Processed Buffers: Min: 4, Avg: 7.2, Max: 10, Diff: 6, Sum: 29]
      [Scan RS (ms): Min: 0.3, Avg: 0.8, Max: 1.0, Diff: 0.7, Sum: 3.1]
      [Code Root Scanning (ms): Min: 0.0, Avg: 0.1, Max: 0.1, Diff: 0.1, Sum: 0.3]
      [Object Copy (ms): Min: 5.7, Avg: 10.4, Max: 12.0, Diff: 6.4, Sum: 41.5]
      [Termination (ms): Min: 0.0, Avg: 0.1, Max: 0.1, Diff: 0.1, Sum: 0.4]
      [GC Worker Other (ms): Min: 0.0, Avg: 0.0, Max: 0.1, Diff: 0.0, Sum: 0.1]
      [GC Worker Total (ms): Min: 18.9, Avg: 19.0, Max: 19.0, Diff: 0.1, Sum: 75.9]
      [GC Worker End (ms): Min: 14668.8, Avg: 14668.8, Max: 14668.8, Diff: 0.0]
   [Code Root Fixup: 0.0 ms]
   [Code Root Migration: 0.2 ms]
   [Clear CT: 0.4 ms]
   [Other: 125.2 ms]
      [Choose CSet: 0.0 ms]
      [Ref Proc: 118.3 ms]
      [Ref Enq: 4.9 ms]
      [Free CSet: 1.8 ms]
   [Eden: 1586.0M(1586.0M)->0.0B(1592.0M) Survivors: 22.0M->22.0M Heap: 3624.6M(4080.0M)->2039.1M(4084.0M)]
 [Times: user=0.49 sys=0.00, real=0.14 secs] 
2016-01-06T00:56:18.909-0800: 15.030: [GC pause (young)
Desired survivor size 105906176 bytes, new threshold 15 (max 15)
- age   1:   20386864 bytes,   20386864 total
- age   2:      36864 bytes,   20423728 total
2016-01-06T00:56:19.024-0800: 15.145: [SoftReference, 0 refs, 0.0004390 secs]2016-01-06T00:56:19.025-0800: 15.145: [WeakReference, 0 refs, 0.0002330 secs]2016-01-06T00:56:19.025-0800: 15.146: [FinalReference, 0 refs, 0.0002910 secs]2016-01-06T00:56:19.025-0800: 15.146: [PhantomReference, 0 refs, 49861 refs, 0.0012590 secs]2016-01-06T00:56:19.026-0800: 15.147: [JNI Weak Reference, 0.0000090 secs], 0.1238120 secs]
   [Parallel Time: 17.5 ms, GC Workers: 4]
      [GC Worker Start (ms): Min: 15029.8, Avg: 15029.8, Max: 15029.8, Diff: 0.1]
      [Ext Root Scanning (ms): Min: 0.4, Avg: 0.4, Max: 0.4, Diff: 0.1, Sum: 1.5]
      [SATB Filtering (ms): Min: 0.0, Avg: 0.0, Max: 0.0, Diff: 0.0, Sum: 0.0]
      [Update RS (ms): Min: 5.7, Avg: 5.9, Max: 6.1, Diff: 0.3, Sum: 23.8]
         [Processed Buffers: Min: 8, Avg: 9.5, Max: 12, Diff: 4, Sum: 38]
      [Scan RS (ms): Min: 0.7, Avg: 0.8, Max: 1.0, Diff: 0.3, Sum: 3.0]
      [Code Root Scanning (ms): Min: 0.1, Avg: 0.1, Max: 0.1, Diff: 0.0, Sum: 0.3]
      [Object Copy (ms): Min: 10.2, Avg: 10.2, Max: 10.2, Diff: 0.1, Sum: 40.8]
      [Termination (ms): Min: 0.0, Avg: 0.0, Max: 0.0, Diff: 0.0, Sum: 0.0]
      [GC Worker Other (ms): Min: 0.0, Avg: 0.0, Max: 0.1, Diff: 0.0, Sum: 0.2]
      [GC Worker Total (ms): Min: 17.4, Avg: 17.4, Max: 17.4, Diff: 0.1, Sum: 69.6]
      [GC Worker End (ms): Min: 15047.2, Avg: 15047.2, Max: 15047.2, Diff: 0.0]
   [Code Root Fixup: 0.0 ms]
   [Code Root Migration: 0.2 ms]
   [Clear CT: 0.4 ms]
   [Other: 105.6 ms]
      [Choose CSet: 0.0 ms]
      [Ref Proc: 100.0 ms]
      [Ref Enq: 3.8 ms]
      [Free CSet: 1.6 ms]
   [Eden: 1592.0M(1592.0M)->0.0B(1598.0M) Survivors: 22.0M->22.0M Heap: 3631.1M(4084.0M)->2038.6M(4087.0M)]
 [Times: user=0.44 sys=0.01, real=0.12 secs] 
2016-01-06T00:56:19.283-0800: 15.404: [GC pause (young)
Desired survivor size 106430464 bytes, new threshold 15 (max 15)
- age   1:   20400256 bytes,   20400256 total
- age   2:      36864 bytes,   20437120 total
2016-01-06T00:56:19.414-0800: 15.535: [SoftReference, 0 refs, 0.0003470 secs]2016-01-06T00:56:19.415-0800: 15.535: [WeakReference, 0 refs, 0.0003280 secs]2016-01-06T00:56:19.415-0800: 15.536: [FinalReference, 0 refs, 0.0002900 secs]2016-01-06T00:56:19.415-0800: 15.536: [PhantomReference, 0 refs, 50048 refs, 0.0015430 secs]2016-01-06T00:56:19.417-0800: 15.538: [JNI Weak Reference, 0.0000090 secs], 0.1417320 secs]
   [Parallel Time: 15.2 ms, GC Workers: 4]
      [GC Worker Start (ms): Min: 15403.8, Avg: 15403.9, Max: 15403.9, Diff: 0.1]
      [Ext Root Scanning (ms): Min: 0.3, Avg: 0.4, Max: 0.4, Diff: 0.1, Sum: 1.4]
      [SATB Filtering (ms): Min: 0.0, Avg: 0.0, Max: 0.0, Diff: 0.0, Sum: 0.0]
      [Update RS (ms): Min: 3.8, Avg: 4.0, Max: 4.2, Diff: 0.4, Sum: 16.1]
         [Processed Buffers: Min: 5, Avg: 6.2, Max: 8, Diff: 3, Sum: 25]
      [Scan RS (ms): Min: 0.6, Avg: 0.7, Max: 1.0, Diff: 0.3, Sum: 3.0]
      [Code Root Scanning (ms): Min: 0.1, Avg: 0.1, Max: 0.1, Diff: 0.0, Sum: 0.3]
      [Object Copy (ms): Min: 9.8, Avg: 9.8, Max: 9.8, Diff: 0.1, Sum: 39.2]
      [Termination (ms): Min: 0.0, Avg: 0.0, Max: 0.0, Diff: 0.0, Sum: 0.0]
      [GC Worker Other (ms): Min: 0.0, Avg: 0.1, Max: 0.1, Diff: 0.1, Sum: 0.2]
      [GC Worker Total (ms): Min: 15.0, Avg: 15.0, Max: 15.1, Diff: 0.1, Sum: 60.2]
      [GC Worker End (ms): Min: 15418.9, Avg: 15418.9, Max: 15418.9, Diff: 0.1]
   [Code Root Fixup: 0.0 ms]
   [Code Root Migration: 0.2 ms]
   [Clear CT: 0.9 ms]
   [Other: 125.4 ms]
      [Choose CSet: 0.0 ms]
      [Ref Proc: 118.7 ms]
      [Ref Enq: 5.0 ms]
      [Free CSet: 1.6 ms]
   [Eden: 1598.0M(1598.0M)->0.0B(1602.0M) Survivors: 22.0M->22.0M Heap: 3636.6M(4087.0M)->2038.6M(4089.0M)]
 [Times: user=0.55 sys=0.01, real=0.14 secs] 
2016-01-06T00:56:19.671-0800: 15.792: [GC pause (young)
Desired survivor size 106430464 bytes, new threshold 15 (max 15)
- age   1:   20413648 bytes,   20413648 total
- age   2:      36864 bytes,   20450512 total
2016-01-06T00:56:19.840-0800: 15.961: [SoftReference, 0 refs, 0.0017540 secs]2016-01-06T00:56:19.841-0800: 15.962: [WeakReference, 0 refs, 0.0003110 secs]2016-01-06T00:56:19.842-0800: 15.963: [FinalReference, 0 refs, 0.0032890 secs]2016-01-06T00:56:19.845-0800: 15.966: [PhantomReference, 0 refs, 50172 refs, 0.0015700 secs]2016-01-06T00:56:19.847-0800: 15.968: [JNI Weak Reference, 0.0000090 secs], 0.1829590 secs]
   [Parallel Time: 18.1 ms, GC Workers: 4]
      [GC Worker Start (ms): Min: 15792.0, Avg: 15792.5, Max: 15793.9, Diff: 1.9]
      [Ext Root Scanning (ms): Min: 0.0, Avg: 0.3, Max: 0.5, Diff: 0.5, Sum: 1.2]
      [SATB Filtering (ms): Min: 0.0, Avg: 0.0, Max: 0.0, Diff: 0.0, Sum: 0.0]
      [Update RS (ms): Min: 2.7, Avg: 4.1, Max: 4.6, Diff: 1.9, Sum: 16.6]
         [Processed Buffers: Min: 7, Avg: 7.2, Max: 8, Diff: 1, Sum: 29]
      [Scan RS (ms): Min: 0.6, Avg: 0.8, Max: 1.0, Diff: 0.4, Sum: 3.1]
      [Code Root Scanning (ms): Min: 0.0, Avg: 0.1, Max: 0.1, Diff: 0.1, Sum: 0.3]
      [Object Copy (ms): Min: 11.3, Avg: 11.5, Max: 12.1, Diff: 0.9, Sum: 46.1]
      [Termination (ms): Min: 0.0, Avg: 0.7, Max: 0.9, Diff: 0.9, Sum: 2.6]
      [GC Worker Other (ms): Min: 0.0, Avg: 0.0, Max: 0.0, Diff: 0.0, Sum: 0.1]
      [GC Worker Total (ms): Min: 16.0, Avg: 17.5, Max: 18.0, Diff: 2.0, Sum: 69.9]
      [GC Worker End (ms): Min: 15809.9, Avg: 15810.0, Max: 15810.0, Diff: 0.0]
   [Code Root Fixup: 0.0 ms]
   [Code Root Migration: 0.2 ms]
   [Clear CT: 0.4 ms]
   [Other: 164.2 ms]
      [Choose CSet: 0.0 ms]
      [Ref Proc: 157.5 ms]
      [Ref Enq: 4.9 ms]
      [Free CSet: 1.7 ms]
   [Eden: 1602.0M(1602.0M)->0.0B(1605.0M) Survivors: 22.0M->22.0M Heap: 3640.6M(4089.0M)->2039.1M(4091.0M)]
 [Times: user=0.61 sys=0.01, real=0.18 secs] 
2016-01-06T00:56:20.101-0800: 16.222: [GC pause (young)
Desired survivor size 106954752 bytes, new threshold 15 (max 15)
- age   1:   20422576 bytes,   20422576 total
- age   2:      36864 bytes,   20459440 total
2016-01-06T00:56:20.258-0800: 16.379: [SoftReference, 0 refs, 0.0004310 secs]2016-01-06T00:56:20.259-0800: 16.380: [WeakReference, 0 refs, 0.0003650 secs]2016-01-06T00:56:20.259-0800: 16.380: [FinalReference, 0 refs, 0.0002720 secs]2016-01-06T00:56:20.259-0800: 16.380: [PhantomReference, 0 refs, 50265 refs, 0.0016820 secs]2016-01-06T00:56:20.261-0800: 16.382: [JNI Weak Reference, 0.0000090 secs], 0.1677340 secs]
   [Parallel Time: 20.0 ms, GC Workers: 4]
      [GC Worker Start (ms): Min: 16221.9, Avg: 16222.9, Max: 16225.9, Diff: 4.0]
      [Ext Root Scanning (ms): Min: 0.0, Avg: 0.3, Max: 0.5, Diff: 0.5, Sum: 1.2]
      [SATB Filtering (ms): Min: 0.0, Avg: 0.0, Max: 0.0, Diff: 0.0, Sum: 0.0]
      [Update RS (ms): Min: 3.9, Avg: 6.2, Max: 7.0, Diff: 3.1, Sum: 24.9]
         [Processed Buffers: Min: 5, Avg: 10.0, Max: 15, Diff: 10, Sum: 40]
      [Scan RS (ms): Min: 0.5, Avg: 0.7, Max: 0.9, Diff: 0.4, Sum: 2.9]
      [Code Root Scanning (ms): Min: 0.0, Avg: 0.1, Max: 0.1, Diff: 0.1, Sum: 0.4]
      [Object Copy (ms): Min: 11.4, Avg: 11.5, Max: 11.5, Diff: 0.1, Sum: 45.8]
      [Termination (ms): Min: 0.0, Avg: 0.0, Max: 0.0, Diff: 0.0, Sum: 0.0]
      [GC Worker Other (ms): Min: 0.0, Avg: 0.0, Max: 0.1, Diff: 0.0, Sum: 0.2]
      [GC Worker Total (ms): Min: 15.9, Avg: 18.9, Max: 19.9, Diff: 4.0, Sum: 75.5]
      [GC Worker End (ms): Min: 16241.8, Avg: 16241.8, Max: 16241.8, Diff: 0.0]
   [Code Root Fixup: 0.0 ms]
   [Code Root Migration: 0.2 ms]
   [Clear CT: 0.4 ms]
   [Other: 147.1 ms]
      [Choose CSet: 0.0 ms]
      [Ref Proc: 140.2 ms]
      [Ref Enq: 5.0 ms]
      [Free CSet: 1.8 ms]
   [Eden: 1605.0M(1605.0M)->0.0B(1609.0M) Survivors: 22.0M->21.0M Heap: 3644.1M(4091.0M)->2038.1M(4092.0M)]
 [Times: user=0.63 sys=0.01, real=0.17 secs] 
2016-01-06T00:56:20.503-0800: 16.624: [GC pause (young)
Desired survivor size 106954752 bytes, new threshold 15 (max 15)
- age   1:   20429272 bytes,   20429272 total
- age   2:      36864 bytes,   20466136 total
2016-01-06T00:56:20.666-0800: 16.787: [SoftReference, 0 refs, 0.0006100 secs]2016-01-06T00:56:20.667-0800: 16.788: [WeakReference, 0 refs, 0.0003420 secs]2016-01-06T00:56:20.667-0800: 16.788: [FinalReference, 0 refs, 0.0004720 secs]2016-01-06T00:56:20.668-0800: 16.789: [PhantomReference, 0 refs, 50388 refs, 0.0020610 secs]2016-01-06T00:56:20.670-0800: 16.791: [JNI Weak Reference, 0.0000080 secs], 0.1723210 secs]
   [Parallel Time: 17.6 ms, GC Workers: 4]
      [GC Worker Start (ms): Min: 16624.3, Avg: 16624.7, Max: 16625.9, Diff: 1.6]
      [Ext Root Scanning (ms): Min: 0.0, Avg: 0.3, Max: 0.5, Diff: 0.5, Sum: 1.2]
      [SATB Filtering (ms): Min: 0.0, Avg: 0.0, Max: 0.0, Diff: 0.0, Sum: 0.0]
      [Update RS (ms): Min: 4.5, Avg: 5.3, Max: 5.8, Diff: 1.3, Sum: 21.3]
         [Processed Buffers: Min: 7, Avg: 9.0, Max: 11, Diff: 4, Sum: 36]
      [Scan RS (ms): Min: 0.5, Avg: 0.7, Max: 0.9, Diff: 0.4, Sum: 2.9]
      [Code Root Scanning (ms): Min: 0.1, Avg: 0.1, Max: 0.1, Diff: 0.0, Sum: 0.3]
      [Object Copy (ms): Min: 10.6, Avg: 10.6, Max: 10.7, Diff: 0.1, Sum: 42.5]
      [Termination (ms): Min: 0.0, Avg: 0.0, Max: 0.0, Diff: 0.0, Sum: 0.0]
      [GC Worker Other (ms): Min: 0.0, Avg: 0.1, Max: 0.1, Diff: 0.1, Sum: 0.2]
      [GC Worker Total (ms): Min: 16.0, Avg: 17.1, Max: 17.5, Diff: 1.6, Sum: 68.5]
      [GC Worker End (ms): Min: 16641.8, Avg: 16641.8, Max: 16641.9, Diff: 0.1]
   [Code Root Fixup: 0.0 ms]
   [Code Root Migration: 0.2 ms]
   [Clear CT: 0.5 ms]
   [Other: 153.9 ms]
      [Choose CSet: 0.0 ms]
      [Ref Proc: 148.9 ms]
      [Ref Enq: 3.3 ms]
      [Free CSet: 1.6 ms]
   [Eden: 1609.0M(1609.0M)->0.0B(1609.0M) Survivors: 21.0M->22.0M Heap: 3647.1M(4092.0M)->2039.1M(4093.0M)]
 [Times: user=0.63 sys=0.00, real=0.17 secs] 
2016-01-06T00:56:20.903-0800: 17.024: [GC pause (young)
Desired survivor size 106954752 bytes, new threshold 15 (max 15)
- age   1:   20438200 bytes,   20438200 total
- age   2:      36864 bytes,   20475064 total
2016-01-06T00:56:21.072-0800: 17.193: [SoftReference, 0 refs, 0.0006650 secs]2016-01-06T00:56:21.073-0800: 17.194: [WeakReference, 0 refs, 0.0002280 secs]2016-01-06T00:56:21.073-0800: 17.194: [FinalReference, 0 refs, 0.0003340 secs]2016-01-06T00:56:21.074-0800: 17.194: [PhantomReference, 0 refs, 50389 refs, 0.0015210 secs]2016-01-06T00:56:21.075-0800: 17.196: [JNI Weak Reference, 0.0000110 secs], 0.1787790 secs]
   [Parallel Time: 16.3 ms, GC Workers: 4]
      [GC Worker Start (ms): Min: 17024.3, Avg: 17026.7, Max: 17033.9, Diff: 9.6]
      [Ext Root Scanning (ms): Min: 0.0, Avg: 0.3, Max: 0.5, Diff: 0.5, Sum: 1.3]
      [SATB Filtering (ms): Min: 0.0, Avg: 0.0, Max: 0.0, Diff: 0.0, Sum: 0.0]
      [Update RS (ms): Min: 0.0, Avg: 4.5, Max: 6.1, Diff: 6.1, Sum: 18.1]
         [Processed Buffers: Min: 0, Avg: 8.2, Max: 13, Diff: 13, Sum: 33]
      [Scan RS (ms): Min: 0.2, Avg: 0.7, Max: 1.0, Diff: 0.8, Sum: 2.7]
      [Code Root Scanning (ms): Min: 0.0, Avg: 0.1, Max: 0.1, Diff: 0.1, Sum: 0.3]
      [Object Copy (ms): Min: 6.2, Avg: 8.0, Max: 8.8, Diff: 2.6, Sum: 32.2]
      [Termination (ms): Min: 0.0, Avg: 0.2, Max: 0.3, Diff: 0.3, Sum: 0.7]
      [GC Worker Other (ms): Min: 0.0, Avg: 0.0, Max: 0.1, Diff: 0.0, Sum: 0.1]
      [GC Worker Total (ms): Min: 6.7, Avg: 13.8, Max: 16.3, Diff: 9.6, Sum: 55.4]
      [GC Worker End (ms): Min: 17040.5, Avg: 17040.6, Max: 17040.6, Diff: 0.0]
   [Code Root Fixup: 0.0 ms]
   [Code Root Migration: 0.2 ms]
   [Clear CT: 0.4 ms]
   [Other: 161.8 ms]
      [Choose CSet: 0.0 ms]
      [Ref Proc: 155.4 ms]
      [Ref Enq: 4.7 ms]
      [Free CSet: 1.7 ms]
   [Eden: 1609.0M(1609.0M)->0.0B(1611.0M) Survivors: 22.0M->22.0M Heap: 3648.1M(4093.0M)->2038.6M(4094.0M)]
 [Times: user=0.66 sys=0.01, real=0.18 secs] 
2016-01-06T00:56:21.306-0800: 17.427: [GC pause (young)
Desired survivor size 107479040 bytes, new threshold 15 (max 15)
- age   1:   20438200 bytes,   20438200 total
- age   2:      36864 bytes,   20475064 total
2016-01-06T00:56:21.466-0800: 17.586: [SoftReference, 0 refs, 0.0003870 secs]2016-01-06T00:56:21.466-0800: 17.587: [WeakReference, 0 refs, 0.0002640 secs]2016-01-06T00:56:21.466-0800: 17.587: [FinalReference, 0 refs, 0.0003460 secs]2016-01-06T00:56:21.467-0800: 17.587: [PhantomReference, 0 refs, 50449 refs, 0.0012600 secs]2016-01-06T00:56:21.468-0800: 17.589: [JNI Weak Reference, 0.0000080 secs], 0.1689690 secs]
   [Parallel Time: 11.5 ms, GC Workers: 4]
      [GC Worker Start (ms): Min: 17427.2, Avg: 17427.2, Max: 17427.3, Diff: 0.1]
      [Ext Root Scanning (ms): Min: 0.3, Avg: 0.3, Max: 0.4, Diff: 0.1, Sum: 1.4]
      [SATB Filtering (ms): Min: 0.0, Avg: 0.0, Max: 0.0, Diff: 0.0, Sum: 0.0]
      [Update RS (ms): Min: 0.0, Avg: 0.1, Max: 0.3, Diff: 0.3, Sum: 0.3]
         [Processed Buffers: Min: 0, Avg: 1.8, Max: 3, Diff: 3, Sum: 7]
      [Scan RS (ms): Min: 0.6, Avg: 0.8, Max: 0.8, Diff: 0.2, Sum: 3.1]
      [Code Root Scanning (ms): Min: 0.1, Avg: 0.1, Max: 0.1, Diff: 0.0, Sum: 0.3]
      [Object Copy (ms): Min: 10.0, Avg: 10.0, Max: 10.1, Diff: 0.0, Sum: 40.2]
      [Termination (ms): Min: 0.0, Avg: 0.0, Max: 0.0, Diff: 0.0, Sum: 0.0]
      [GC Worker Other (ms): Min: 0.0, Avg: 0.0, Max: 0.1, Diff: 0.0, Sum: 0.2]
      [GC Worker Total (ms): Min: 11.3, Avg: 11.4, Max: 11.4, Diff: 0.1, Sum: 45.5]
      [GC Worker End (ms): Min: 17438.6, Avg: 17438.6, Max: 17438.6, Diff: 0.0]
   [Code Root Fixup: 0.0 ms]
   [Code Root Migration: 0.2 ms]
   [Clear CT: 0.4 ms]
   [Other: 156.8 ms]
      [Choose CSet: 0.0 ms]
      [Ref Proc: 150.1 ms]
      [Ref Enq: 5.0 ms]
      [Free CSet: 1.6 ms]
   [Eden: 1611.0M(1611.0M)->0.0B(1617.0M) Survivors: 22.0M->18.0M Heap: 3649.6M(4094.0M)->2035.1M(4095.0M)]
 [Times: user=0.63 sys=0.00, real=0.16 secs] 
2016-01-06T00:56:21.713-0800: 17.834: [GC pause (young)
Desired survivor size 107479040 bytes, new threshold 15 (max 15)
- age   1:   16535656 bytes,   16535656 total
- age   2:      36864 bytes,   16572520 total
2016-01-06T00:56:21.893-0800: 18.014: [SoftReference, 0 refs, 0.0005360 secs]2016-01-06T00:56:21.894-0800: 18.015: [WeakReference, 0 refs, 0.0003380 secs]2016-01-06T00:56:21.894-0800: 18.015: [FinalReference, 0 refs, 0.0003440 secs]2016-01-06T00:56:21.895-0800: 18.015: [PhantomReference, 0 refs, 50637 refs, 0.0019640 secs]2016-01-06T00:56:21.897-0800: 18.017: [JNI Weak Reference, 0.0000090 secs], 0.1901390 secs]
   [Parallel Time: 21.0 ms, GC Workers: 4]
      [GC Worker Start (ms): Min: 17833.6, Avg: 17833.6, Max: 17833.7, Diff: 0.1]
      [Ext Root Scanning (ms): Min: 0.4, Avg: 0.6, Max: 0.8, Diff: 0.3, Sum: 2.2]
      [SATB Filtering (ms): Min: 0.0, Avg: 0.0, Max: 0.0, Diff: 0.0, Sum: 0.0]
      [Update RS (ms): Min: 8.4, Avg: 9.3, Max: 10.7, Diff: 2.3, Sum: 37.2]
         [Processed Buffers: Min: 9, Avg: 11.8, Max: 13, Diff: 4, Sum: 47]
      [Scan RS (ms): Min: 0.1, Avg: 0.6, Max: 1.0, Diff: 0.9, Sum: 2.6]
      [Code Root Scanning (ms): Min: 0.0, Avg: 0.1, Max: 0.1, Diff: 0.1, Sum: 0.3]
      [Object Copy (ms): Min: 9.6, Avg: 10.3, Max: 10.5, Diff: 1.0, Sum: 41.1]
      [Termination (ms): Min: 0.0, Avg: 0.0, Max: 0.0, Diff: 0.0, Sum: 0.0]
      [GC Worker Other (ms): Min: 0.0, Avg: 0.1, Max: 0.1, Diff: 0.1, Sum: 0.2]
      [GC Worker Total (ms): Min: 20.8, Avg: 20.9, Max: 21.0, Diff: 0.1, Sum: 83.6]
      [GC Worker End (ms): Min: 17854.5, Avg: 17854.6, Max: 17854.6, Diff: 0.1]
   [Code Root Fixup: 0.0 ms]
   [Code Root Migration: 0.2 ms]
   [Clear CT: 0.4 ms]
   [Other: 168.4 ms]
      [Choose CSet: 0.0 ms]
      [Ref Proc: 162.9 ms]
      [Ref Enq: 3.7 ms]
      [Free CSet: 1.7 ms]
   [Eden: 1617.0M(1617.0M)->0.0B(1615.0M) Survivors: 18.0M->22.0M Heap: 3652.1M(4095.0M)->2038.6M(4096.0M)]
 [Times: user=0.64 sys=0.00, real=0.19 secs] 
2016-01-06T00:56:22.136-0800: 18.257: [GC pause (young)
Desired survivor size 107479040 bytes, new threshold 15 (max 15)
- age   1:   20456056 bytes,   20456056 total
- age   2:      36864 bytes,   20492920 total
2016-01-06T00:56:22.323-0800: 18.444: [SoftReference, 0 refs, 0.0004920 secs]2016-01-06T00:56:22.323-0800: 18.444: [WeakReference, 0 refs, 0.0002390 secs]2016-01-06T00:56:22.323-0800: 18.444: [FinalReference, 0 refs, 0.0002520 secs]2016-01-06T00:56:22.324-0800: 18.445: [PhantomReference, 0 refs, 50575 refs, 0.0012920 secs]2016-01-06T00:56:22.325-0800: 18.446: [JNI Weak Reference, 0.0000110 secs], 0.1966240 secs]
   [Parallel Time: 23.6 ms, GC Workers: 4]
      [GC Worker Start (ms): Min: 18256.6, Avg: 18256.6, Max: 18256.7, Diff: 0.1]
      [Ext Root Scanning (ms): Min: 0.3, Avg: 0.4, Max: 0.4, Diff: 0.1, Sum: 1.4]
      [SATB Filtering (ms): Min: 0.0, Avg: 0.0, Max: 0.0, Diff: 0.0, Sum: 0.0]
      [Update RS (ms): Min: 11.8, Avg: 12.0, Max: 12.3, Diff: 0.5, Sum: 48.2]
         [Processed Buffers: Min: 11, Avg: 15.2, Max: 18, Diff: 7, Sum: 61]
      [Scan RS (ms): Min: 0.5, Avg: 0.7, Max: 0.9, Diff: 0.4, Sum: 3.0]
      [Code Root Scanning (ms): Min: 0.1, Avg: 0.1, Max: 0.1, Diff: 0.1, Sum: 0.3]
      [Object Copy (ms): Min: 10.1, Avg: 10.1, Max: 10.2, Diff: 0.0, Sum: 40.6]
      [Termination (ms): Min: 0.0, Avg: 0.0, Max: 0.0, Diff: 0.0, Sum: 0.0]
      [GC Worker Other (ms): Min: 0.0, Avg: 0.1, Max: 0.1, Diff: 0.1, Sum: 0.2]
      [GC Worker Total (ms): Min: 23.4, Avg: 23.4, Max: 23.5, Diff: 0.1, Sum: 93.7]
      [GC Worker End (ms): Min: 18280.0, Avg: 18280.1, Max: 18280.1, Diff: 0.1]
   [Code Root Fixup: 0.0 ms]
   [Code Root Migration: 0.2 ms]
   [Clear CT: 0.3 ms]
   [Other: 172.5 ms]
      [Choose CSet: 0.0 ms]
      [Ref Proc: 165.7 ms]
      [Ref Enq: 5.0 ms]
      [Free CSet: 1.7 ms]
   [Eden: 1615.0M(1615.0M)->0.0B(1615.0M) Survivors: 22.0M->22.0M Heap: 3653.6M(4096.0M)->2039.1M(4096.0M)]
 [Times: user=0.76 sys=0.00, real=0.20 secs] 
2016-01-06T00:56:22.579-0800: 18.700: [GC pause (young)
Desired survivor size 107479040 bytes, new threshold 15 (max 15)
- age   1:   20451592 bytes,   20451592 total
- age   2:      36864 bytes,   20488456 total
2016-01-06T00:56:22.763-0800: 18.884: [SoftReference, 0 refs, 0.0003910 secs]2016-01-06T00:56:22.763-0800: 18.884: [WeakReference, 0 refs, 0.0002250 secs]2016-01-06T00:56:22.764-0800: 18.884: [FinalReference, 0 refs, 0.0003300 secs]2016-01-06T00:56:22.764-0800: 18.885: [PhantomReference, 0 refs, 50575 refs, 0.0016430 secs]2016-01-06T00:56:22.766-0800: 18.886: [JNI Weak Reference, 0.0000090 secs], 0.1939510 secs]
   [Parallel Time: 18.9 ms, GC Workers: 4]
      [GC Worker Start (ms): Min: 18700.0, Avg: 18700.0, Max: 18700.1, Diff: 0.1]
      [Ext Root Scanning (ms): Min: 0.3, Avg: 0.3, Max: 0.4, Diff: 0.1, Sum: 1.4]
      [SATB Filtering (ms): Min: 0.0, Avg: 0.0, Max: 0.0, Diff: 0.0, Sum: 0.0]
      [Update RS (ms): Min: 7.6, Avg: 7.7, Max: 7.8, Diff: 0.2, Sum: 31.0]
         [Processed Buffers: Min: 11, Avg: 11.5, Max: 13, Diff: 2, Sum: 46]
      [Scan RS (ms): Min: 0.6, Avg: 0.7, Max: 0.8, Diff: 0.2, Sum: 2.9]
      [Code Root Scanning (ms): Min: 0.1, Avg: 0.1, Max: 0.1, Diff: 0.0, Sum: 0.3]
      [Object Copy (ms): Min: 9.8, Avg: 9.8, Max: 9.8, Diff: 0.1, Sum: 39.2]
      [Termination (ms): Min: 0.0, Avg: 0.0, Max: 0.0, Diff: 0.0, Sum: 0.0]
      [GC Worker Other (ms): Min: 0.0, Avg: 0.1, Max: 0.1, Diff: 0.0, Sum: 0.2]
      [GC Worker Total (ms): Min: 18.7, Avg: 18.8, Max: 18.8, Diff: 0.1, Sum: 75.0]
      [GC Worker End (ms): Min: 18718.8, Avg: 18718.8, Max: 18718.8, Diff: 0.0]
   [Code Root Fixup: 0.0 ms]
   [Code Root Migration: 0.2 ms]
   [Clear CT: 0.4 ms]
   [Other: 174.4 ms]
      [Choose CSet: 0.0 ms]
      [Ref Proc: 167.6 ms]
      [Ref Enq: 5.1 ms]
      [Free CSet: 1.6 ms]
   [Eden: 1615.0M(1615.0M)->0.0B(1615.0M) Survivors: 22.0M->22.0M Heap: 3654.1M(4096.0M)->2039.1M(4096.0M)]
 [Times: user=0.66 sys=0.00, real=0.19 secs] 
2016-01-06T00:56:23.019-0800: 19.139: [GC pause (young)
Desired survivor size 107479040 bytes, new threshold 15 (max 15)
- age   1:   20451592 bytes,   20451592 total
- age   2:      36864 bytes,   20488456 total
2016-01-06T00:56:23.216-0800: 19.337: [SoftReference, 0 refs, 0.0006320 secs]2016-01-06T00:56:23.216-0800: 19.337: [WeakReference, 0 refs, 0.0002630 secs]2016-01-06T00:56:23.217-0800: 19.338: [FinalReference, 0 refs, 0.0002600 secs]2016-01-06T00:56:23.217-0800: 19.338: [PhantomReference, 0 refs, 50575 refs, 0.0016150 secs]2016-01-06T00:56:23.219-0800: 19.340: [JNI Weak Reference, 0.0000090 secs], 0.2073610 secs]
   [Parallel Time: 22.8 ms, GC Workers: 4]
      [GC Worker Start (ms): Min: 19139.6, Avg: 19139.6, Max: 19139.6, Diff: 0.1]
      [Ext Root Scanning (ms): Min: 0.3, Avg: 0.4, Max: 0.4, Diff: 0.1, Sum: 1.4]
      [SATB Filtering (ms): Min: 0.0, Avg: 0.0, Max: 0.0, Diff: 0.0, Sum: 0.0]
      [Update RS (ms): Min: 10.8, Avg: 11.0, Max: 11.3, Diff: 0.5, Sum: 44.1]
         [Processed Buffers: Min: 15, Avg: 16.2, Max: 18, Diff: 3, Sum: 65]
      [Scan RS (ms): Min: 0.5, Avg: 0.7, Max: 0.9, Diff: 0.4, Sum: 2.9]
      [Code Root Scanning (ms): Min: 0.1, Avg: 0.1, Max: 0.1, Diff: 0.1, Sum: 0.3]
      [Object Copy (ms): Min: 10.4, Avg: 10.4, Max: 10.4, Diff: 0.1, Sum: 41.5]
      [Termination (ms): Min: 0.0, Avg: 0.0, Max: 0.0, Diff: 0.0, Sum: 0.0]
      [GC Worker Other (ms): Min: 0.0, Avg: 0.1, Max: 0.1, Diff: 0.1, Sum: 0.3]
      [GC Worker Total (ms): Min: 22.6, Avg: 22.7, Max: 22.7, Diff: 0.1, Sum: 90.7]
      [GC Worker End (ms): Min: 19162.2, Avg: 19162.3, Max: 19162.3, Diff: 0.1]
   [Code Root Fixup: 0.0 ms]
   [Code Root Migration: 0.2 ms]
   [Clear CT: 0.3 ms]
   [Other: 184.0 ms]
      [Choose CSet: 0.0 ms]
      [Ref Proc: 177.2 ms]
      [Ref Enq: 5.0 ms]
      [Free CSet: 1.6 ms]
   [Eden: 1615.0M(1615.0M)->0.0B(797.0M) Survivors: 22.0M->22.0M Heap: 3654.1M(4096.0M)->2039.1M(4096.0M)]
 [Times: user=0.79 sys=0.01, real=0.21 secs] 
2016-01-06T00:56:23.348-0800: 19.469: [GC pause (young)
Desired survivor size 54001664 bytes, new threshold 15 (max 15)
- age   1:   20451592 bytes,   20451592 total
- age   2:      36864 bytes,   20488456 total
2016-01-06T00:56:23.529-0800: 19.650: [SoftReference, 0 refs, 0.0005600 secs]2016-01-06T00:56:23.530-0800: 19.651: [WeakReference, 0 refs, 0.0002820 secs]2016-01-06T00:56:23.530-0800: 19.651: [FinalReference, 0 refs, 0.0002470 secs]2016-01-06T00:56:23.530-0800: 19.651: [PhantomReference, 0 refs, 25216 refs, 0.0010740 secs]2016-01-06T00:56:23.531-0800: 19.652: [JNI Weak Reference, 0.0000090 secs], 0.1868530 secs]
   [Parallel Time: 5.9 ms, GC Workers: 4]
      [GC Worker Start (ms): Min: 19469.2, Avg: 19469.3, Max: 19469.3, Diff: 0.1]
      [Ext Root Scanning (ms): Min: 0.3, Avg: 0.4, Max: 0.4, Diff: 0.0, Sum: 1.4]
      [SATB Filtering (ms): Min: 0.0, Avg: 0.0, Max: 0.0, Diff: 0.0, Sum: 0.0]
      [Update RS (ms): Min: 0.0, Avg: 0.1, Max: 0.3, Diff: 0.3, Sum: 0.4]
         [Processed Buffers: Min: 0, Avg: 1.5, Max: 5, Diff: 5, Sum: 6]
      [Scan RS (ms): Min: 0.2, Avg: 0.4, Max: 0.5, Diff: 0.2, Sum: 1.5]
      [Code Root Scanning (ms): Min: 0.0, Avg: 0.0, Max: 0.1, Diff: 0.0, Sum: 0.2]
      [Object Copy (ms): Min: 4.8, Avg: 4.9, Max: 4.9, Diff: 0.0, Sum: 19.4]
      [Termination (ms): Min: 0.0, Avg: 0.0, Max: 0.0, Diff: 0.0, Sum: 0.0]
      [GC Worker Other (ms): Min: 0.0, Avg: 0.0, Max: 0.0, Diff: 0.0, Sum: 0.1]
      [GC Worker Total (ms): Min: 5.7, Avg: 5.8, Max: 5.8, Diff: 0.1, Sum: 23.1]
      [GC Worker End (ms): Min: 19475.0, Avg: 19475.0, Max: 19475.0, Diff: 0.0]
   [Code Root Fixup: 0.0 ms]
   [Code Root Migration: 0.1 ms]
   [Clear CT: 0.2 ms]
   [Other: 180.6 ms]
      [Choose CSet: 0.0 ms]
      [Ref Proc: 177.1 ms]
      [Ref Enq: 2.5 ms]
      [Free CSet: 0.9 ms]
   [Eden: 797.0M(797.0M)->0.0B(1162.0M) Survivors: 22.0M->8192.0K Heap: 2836.1M(4096.0M)->2025.1M(4096.0M)]
 [Times: user=0.73 sys=0.00, real=0.18 secs] 
2016-01-06T00:56:23.711-0800: 19.832: [GC pause (young)
Desired survivor size 77070336 bytes, new threshold 15 (max 15)
- age   1:    6477976 bytes,    6477976 total
- age   2:      36864 bytes,    6514840 total
2016-01-06T00:56:23.939-0800: 20.060: [SoftReference, 0 refs, 0.0004100 secs]2016-01-06T00:56:23.939-0800: 20.060: [WeakReference, 0 refs, 0.0003540 secs]2016-01-06T00:56:23.940-0800: 20.061: [FinalReference, 0 refs, 0.0002150 secs]2016-01-06T00:56:23.940-0800: 20.061: [PhantomReference, 0 refs, 36530 refs, 0.0015350 secs]2016-01-06T00:56:23.941-0800: 20.062: [JNI Weak Reference, 0.0000110 secs], 0.2357500 secs]
   [Parallel Time: 19.1 ms, GC Workers: 4]
      [GC Worker Start (ms): Min: 19832.1, Avg: 19833.6, Max: 19837.9, Diff: 5.8]
      [Ext Root Scanning (ms): Min: 0.0, Avg: 0.3, Max: 0.5, Diff: 0.5, Sum: 1.2]
      [SATB Filtering (ms): Min: 0.0, Avg: 0.0, Max: 0.0, Diff: 0.0, Sum: 0.0]
      [Update RS (ms): Min: 5.3, Avg: 9.3, Max: 11.0, Diff: 5.7, Sum: 37.3]
         [Processed Buffers: Min: 8, Avg: 15.8, Max: 24, Diff: 16, Sum: 63]
      [Scan RS (ms): Min: 0.3, Avg: 0.5, Max: 0.6, Diff: 0.3, Sum: 2.1]
      [Code Root Scanning (ms): Min: 0.0, Avg: 0.1, Max: 0.1, Diff: 0.0, Sum: 0.2]
      [Object Copy (ms): Min: 7.2, Avg: 7.2, Max: 7.2, Diff: 0.1, Sum: 28.7]
      [Termination (ms): Min: 0.0, Avg: 0.0, Max: 0.0, Diff: 0.0, Sum: 0.0]
      [GC Worker Other (ms): Min: 0.0, Avg: 0.1, Max: 0.1, Diff: 0.1, Sum: 0.3]
      [GC Worker Total (ms): Min: 13.1, Avg: 17.5, Max: 19.0, Diff: 5.8, Sum: 69.9]
      [GC Worker End (ms): Min: 19851.0, Avg: 19851.1, Max: 19851.1, Diff: 0.1]
   [Code Root Fixup: 0.0 ms]
   [Code Root Migration: 0.2 ms]
   [Clear CT: 0.3 ms]
   [Other: 216.2 ms]
      [Choose CSet: 0.0 ms]
      [Ref Proc: 211.2 ms]
      [Ref Enq: 3.6 ms]
      [Free CSet: 1.3 ms]
   [Eden: 1162.0M(1162.0M)->0.0B(189.0M) Survivors: 8192.0K->15.0M Heap: 3187.1M(4096.0M)->2031.6M(4096.0M)]
 [Times: user=0.78 sys=0.00, real=0.24 secs] 
2016-01-06T00:56:23.976-0800: 20.097: [GC pause (young)
Desired survivor size 13631488 bytes, new threshold 15 (max 15)
- age   1:   13268080 bytes,   13268080 total
- age   2:      36864 bytes,   13304944 total
2016-01-06T00:56:24.159-0800: 20.280: [SoftReference, 0 refs, 0.0005820 secs]2016-01-06T00:56:24.160-0800: 20.281: [WeakReference, 0 refs, 0.0002660 secs]2016-01-06T00:56:24.160-0800: 20.281: [FinalReference, 0 refs, 0.0002320 secs]2016-01-06T00:56:24.160-0800: 20.281: [PhantomReference, 0 refs, 6367 refs, 0.0005900 secs]2016-01-06T00:56:24.161-0800: 20.282: [JNI Weak Reference, 0.0000100 secs], 0.1861120 secs]
   [Parallel Time: 3.1 ms, GC Workers: 4]
      [GC Worker Start (ms): Min: 20096.6, Avg: 20096.6, Max: 20096.6, Diff: 0.1]
      [Ext Root Scanning (ms): Min: 0.3, Avg: 0.4, Max: 0.4, Diff: 0.1, Sum: 1.4]
      [SATB Filtering (ms): Min: 0.0, Avg: 0.0, Max: 0.0, Diff: 0.0, Sum: 0.0]
      [Update RS (ms): Min: 0.0, Avg: 0.1, Max: 0.2, Diff: 0.2, Sum: 0.3]
         [Processed Buffers: Min: 0, Avg: 1.5, Max: 3, Diff: 3, Sum: 6]
      [Scan RS (ms): Min: 0.0, Avg: 0.1, Max: 0.1, Diff: 0.1, Sum: 0.3]
      [Code Root Scanning (ms): Min: 0.0, Avg: 0.0, Max: 0.0, Diff: 0.0, Sum: 0.0]
      [Object Copy (ms): Min: 2.3, Avg: 2.3, Max: 2.4, Diff: 0.1, Sum: 9.4]
      [Termination (ms): Min: 0.0, Avg: 0.1, Max: 0.1, Diff: 0.1, Sum: 0.3]
      [GC Worker Other (ms): Min: 0.0, Avg: 0.0, Max: 0.0, Diff: 0.0, Sum: 0.1]
      [GC Worker Total (ms): Min: 3.0, Avg: 3.0, Max: 3.0, Diff: 0.0, Sum: 11.9]
      [GC Worker End (ms): Min: 20099.6, Avg: 20099.6, Max: 20099.6, Diff: 0.0]
   [Code Root Fixup: 0.0 ms]
   [Code Root Migration: 0.0 ms]
   [Clear CT: 0.1 ms]
   [Other: 182.9 ms]
      [Choose CSet: 0.0 ms]
      [Ref Proc: 182.0 ms]
      [Ref Enq: 0.5 ms]
      [Free CSet: 0.3 ms]
   [Eden: 189.0M(189.0M)->0.0B(185.0M) Survivors: 15.0M->19.0M Heap: 2220.6M(4096.0M)->2035.6M(4096.0M)]
 [Times: user=0.73 sys=0.00, real=0.19 secs] 
2016-01-06T00:56:24.189-0800: 20.310: [GC pause (young)
Desired survivor size 13631488 bytes, new threshold 1 (max 15)
- age   1:   17268760 bytes,   17268760 total
- age   2:      36864 bytes,   17305624 total
2016-01-06T00:56:24.372-0800: 20.493: [SoftReference, 0 refs, 0.0005290 secs]2016-01-06T00:56:24.373-0800: 20.494: [WeakReference, 0 refs, 0.0002880 secs]2016-01-06T00:56:24.373-0800: 20.494: [FinalReference, 0 refs, 0.0002230 secs]2016-01-06T00:56:24.373-0800: 20.494: [PhantomReference, 0 refs, 6245 refs, 0.0005960 secs]2016-01-06T00:56:24.374-0800: 20.495: [JNI Weak Reference, 0.0000090 secs], 0.1859760 secs]
   [Parallel Time: 3.3 ms, GC Workers: 4]
      [GC Worker Start (ms): Min: 20310.1, Avg: 20310.8, Max: 20313.2, Diff: 3.1]
      [Ext Root Scanning (ms): Min: 0.0, Avg: 0.3, Max: 0.5, Diff: 0.5, Sum: 1.3]
      [SATB Filtering (ms): Min: 0.0, Avg: 0.0, Max: 0.0, Diff: 0.0, Sum: 0.0]
      [Update RS (ms): Min: 0.0, Avg: 0.1, Max: 0.2, Diff: 0.2, Sum: 0.3]
         [Processed Buffers: Min: 0, Avg: 1.8, Max: 6, Diff: 6, Sum: 7]
      [Scan RS (ms): Min: 0.0, Avg: 0.1, Max: 0.1, Diff: 0.1, Sum: 0.3]
      [Code Root Scanning (ms): Min: 0.0, Avg: 0.0, Max: 0.0, Diff: 0.0, Sum: 0.0]
      [Object Copy (ms): Min: 0.0, Avg: 1.8, Max: 2.4, Diff: 2.4, Sum: 7.1]
      [Termination (ms): Min: 0.0, Avg: 0.1, Max: 0.2, Diff: 0.2, Sum: 0.5]
      [GC Worker Other (ms): Min: 0.0, Avg: 0.0, Max: 0.0, Diff: 0.0, Sum: 0.0]
      [GC Worker Total (ms): Min: 0.1, Avg: 2.4, Max: 3.2, Diff: 3.1, Sum: 9.6]
      [GC Worker End (ms): Min: 20313.2, Avg: 20313.2, Max: 20313.2, Diff: 0.0]
   [Code Root Fixup: 0.0 ms]
   [Code Root Migration: 0.0 ms]
   [Clear CT: 0.1 ms]
   [Other: 182.5 ms]
      [Choose CSet: 0.0 ms]
      [Ref Proc: 181.6 ms]
      [Ref Enq: 0.5 ms]
      [Free CSet: 0.3 ms]
   [Eden: 185.0M(185.0M)->0.0B(186.0M) Survivors: 19.0M->18.0M Heap: 2220.6M(4096.0M)->2035.1M(4096.0M)]
 [Times: user=0.71 sys=0.01, real=0.18 secs] 
2016-01-06T00:56:24.401-0800: 20.522: [GC pause (young)
Desired survivor size 13631488 bytes, new threshold 1 (max 15)
- age   1:   17259832 bytes,   17259832 total
2016-01-06T00:56:24.584-0800: 20.705: [SoftReference, 0 refs, 0.0004060 secs]2016-01-06T00:56:24.584-0800: 20.705: [WeakReference, 0 refs, 0.0002610 secs]2016-01-06T00:56:24.585-0800: 20.706: [FinalReference, 0 refs, 0.0003420 secs]2016-01-06T00:56:24.585-0800: 20.706: [PhantomReference, 0 refs, 6274 refs, 0.0006840 secs]2016-01-06T00:56:24.586-0800: 20.707: [JNI Weak Reference, 0.0000080 secs], 0.1853810 secs]
   [Parallel Time: 3.0 ms, GC Workers: 4]
      [GC Worker Start (ms): Min: 20522.3, Avg: 20522.5, Max: 20522.9, Diff: 0.6]
      [Ext Root Scanning (ms): Min: 0.0, Avg: 0.3, Max: 0.5, Diff: 0.5, Sum: 1.2]
      [SATB Filtering (ms): Min: 0.0, Avg: 0.0, Max: 0.0, Diff: 0.0, Sum: 0.0]
      [Update RS (ms): Min: 0.0, Avg: 0.1, Max: 0.2, Diff: 0.2, Sum: 0.4]
         [Processed Buffers: Min: 0, Avg: 1.5, Max: 3, Diff: 3, Sum: 6]
      [Scan RS (ms): Min: 0.0, Avg: 0.1, Max: 0.1, Diff: 0.1, Sum: 0.3]
      [Code Root Scanning (ms): Min: 0.0, Avg: 0.0, Max: 0.0, Diff: 0.0, Sum: 0.0]
      [Object Copy (ms): Min: 2.3, Avg: 2.3, Max: 2.3, Diff: 0.0, Sum: 9.1]
      [Termination (ms): Min: 0.0, Avg: 0.0, Max: 0.0, Diff: 0.0, Sum: 0.0]
      [GC Worker Other (ms): Min: 0.0, Avg: 0.0, Max: 0.0, Diff: 0.0, Sum: 0.1]
      [GC Worker Total (ms): Min: 2.4, Avg: 2.8, Max: 3.0, Diff: 0.6, Sum: 11.3]
      [GC Worker End (ms): Min: 20525.3, Avg: 20525.3, Max: 20525.3, Diff: 0.0]
   [Code Root Fixup: 0.0 ms]
   [Code Root Migration: 0.0 ms]
   [Clear CT: 0.1 ms]
   [Other: 182.2 ms]
      [Choose CSet: 0.0 ms]
      [Ref Proc: 181.3 ms]
      [Ref Enq: 0.5 ms]
      [Free CSet: 0.3 ms]
   [Eden: 186.0M(186.0M)->0.0B(509.0M) Survivors: 18.0M->18.0M Heap: 2221.1M(4096.0M)->2035.2M(4096.0M)]
 [Times: user=0.71 sys=0.00, real=0.19 secs] 
2016-01-06T00:56:24.659-0800: 20.780: [GC pause (young)
Desired survivor size 34603008 bytes, new threshold 15 (max 15)
- age   1:   17262064 bytes,   17262064 total
2016-01-06T00:56:24.849-0800: 20.970: [SoftReference, 0 refs, 0.0004350 secs]2016-01-06T00:56:24.882-0800: 21.003: [WeakReference, 0 refs, 0.0003910 secs]2016-01-06T00:56:24.883-0800: 21.004: [FinalReference, 0 refs, 0.0002450 secs]2016-01-06T00:56:24.883-0800: 21.004: [PhantomReference, 0 refs, 16288 refs, 0.0008170 secs]2016-01-06T00:56:24.884-0800: 21.005: [JNI Weak Reference, 0.0000110 secs], 0.2274340 secs]
   [Parallel Time: 6.3 ms, GC Workers: 4]
      [GC Worker Start (ms): Min: 20780.0, Avg: 20781.6, Max: 20786.2, Diff: 6.1]
      [Ext Root Scanning (ms): Min: 0.0, Avg: 0.4, Max: 0.5, Diff: 0.5, Sum: 1.4]
      [SATB Filtering (ms): Min: 0.0, Avg: 0.0, Max: 0.0, Diff: 0.0, Sum: 0.0]
      [Update RS (ms): Min: 0.0, Avg: 0.1, Max: 0.3, Diff: 0.3, Sum: 0.4]
         [Processed Buffers: Min: 0, Avg: 2.0, Max: 6, Diff: 6, Sum: 8]
      [Scan RS (ms): Min: 0.1, Avg: 0.3, Max: 0.4, Diff: 0.3, Sum: 1.0]
      [Code Root Scanning (ms): Min: 0.0, Avg: 0.0, Max: 0.0, Diff: 0.0, Sum: 0.1]
      [Object Copy (ms): Min: 0.0, Avg: 2.9, Max: 3.9, Diff: 3.9, Sum: 11.6]
      [Termination (ms): Min: 0.0, Avg: 1.1, Max: 1.4, Diff: 1.4, Sum: 4.3]
      [GC Worker Other (ms): Min: 0.0, Avg: 0.0, Max: 0.0, Diff: 0.0, Sum: 0.1]
      [GC Worker Total (ms): Min: 0.1, Avg: 4.7, Max: 6.3, Diff: 6.2, Sum: 18.9]
      [GC Worker End (ms): Min: 20786.3, Avg: 20786.3, Max: 20786.3, Diff: 0.0]
   [Code Root Fixup: 0.0 ms]
   [Code Root Migration: 0.1 ms]
   [Clear CT: 0.2 ms]
   [Other: 220.8 ms]
      [Choose CSet: 0.0 ms]
      [Ref Proc: 218.5 ms]
      [Ref Enq: 1.6 ms]
      [Free CSet: 0.6 ms]
   [Eden: 509.0M(509.0M)->0.0B(185.0M) Survivors: 18.0M->19.0M Heap: 2544.2M(4096.0M)->2036.2M(4096.0M)]
 [Times: user=0.70 sys=0.01, real=0.23 secs] 
2016-01-06T00:56:24.913-0800: 21.034: [GC pause (young)
Desired survivor size 13631488 bytes, new threshold 1 (max 15)
- age   1:   17983000 bytes,   17983000 total
- age   2:      36864 bytes,   18019864 total
2016-01-06T00:56:25.094-0800: 21.215: [SoftReference, 0 refs, 0.0005330 secs]2016-01-06T00:56:25.095-0800: 21.216: [WeakReference, 0 refs, 0.0003440 secs]2016-01-06T00:56:25.095-0800: 21.216: [FinalReference, 0 refs, 0.0002380 secs]2016-01-06T00:56:25.096-0800: 21.216: [PhantomReference, 0 refs, 6245 refs, 0.0006540 secs]2016-01-06T00:56:25.096-0800: 21.217: [JNI Weak Reference, 0.0000080 secs], 0.1837700 secs]
   [Parallel Time: 3.2 ms, GC Workers: 4]
      [GC Worker Start (ms): Min: 21034.4, Avg: 21035.2, Max: 21037.5, Diff: 3.1]
      [Ext Root Scanning (ms): Min: 0.0, Avg: 0.3, Max: 0.5, Diff: 0.5, Sum: 1.3]
      [SATB Filtering (ms): Min: 0.0, Avg: 0.0, Max: 0.0, Diff: 0.0, Sum: 0.0]
      [Update RS (ms): Min: 0.0, Avg: 0.1, Max: 0.2, Diff: 0.2, Sum: 0.2]
         [Processed Buffers: Min: 0, Avg: 1.5, Max: 4, Diff: 4, Sum: 6]
      [Scan RS (ms): Min: 0.0, Avg: 0.1, Max: 0.2, Diff: 0.1, Sum: 0.4]
      [Code Root Scanning (ms): Min: 0.0, Avg: 0.0, Max: 0.0, Diff: 0.0, Sum: 0.0]
      [Object Copy (ms): Min: 0.0, Avg: 1.8, Max: 2.4, Diff: 2.4, Sum: 7.1]
      [Termination (ms): Min: 0.0, Avg: 0.1, Max: 0.1, Diff: 0.1, Sum: 0.3]
      [GC Worker Other (ms): Min: 0.0, Avg: 0.0, Max: 0.0, Diff: 0.0, Sum: 0.0]
      [GC Worker Total (ms): Min: 0.1, Avg: 2.4, Max: 3.1, Diff: 3.1, Sum: 9.4]
      [GC Worker End (ms): Min: 21037.6, Avg: 21037.6, Max: 21037.6, Diff: 0.0]
   [Code Root Fixup: 0.0 ms]
   [Code Root Migration: 0.0 ms]
   [Clear CT: 0.2 ms]
   [Other: 180.4 ms]
      [Choose CSet: 0.0 ms]
      [Ref Proc: 179.5 ms]
      [Ref Enq: 0.5 ms]
      [Free CSet: 0.3 ms]
   [Eden: 185.0M(185.0M)->0.0B(185.0M) Survivors: 19.0M->19.0M Heap: 2221.2M(4096.0M)->2035.7M(4096.0M)]
 [Times: user=0.71 sys=0.00, real=0.19 secs] 
2016-01-06T00:56:25.123-0800: 21.244: [GC pause (young)
Desired survivor size 13631488 bytes, new threshold 1 (max 15)
- age   1:   17259832 bytes,   17259832 total
2016-01-06T00:56:25.303-0800: 21.424: [SoftReference, 0 refs, 0.0004510 secs]2016-01-06T00:56:25.304-0800: 21.425: [WeakReference, 0 refs, 0.0002410 secs]2016-01-06T00:56:25.304-0800: 21.425: [FinalReference, 0 refs, 0.0002550 secs]2016-01-06T00:56:25.304-0800: 21.425: [PhantomReference, 0 refs, 6244 refs, 0.0007830 secs]2016-01-06T00:56:25.305-0800: 21.426: [JNI Weak Reference, 0.0000100 secs], 0.1830040 secs]
   [Parallel Time: 2.8 ms, GC Workers: 4]
      [GC Worker Start (ms): Min: 21244.1, Avg: 21244.1, Max: 21244.1, Diff: 0.1]
      [Ext Root Scanning (ms): Min: 0.3, Avg: 0.4, Max: 0.4, Diff: 0.1, Sum: 1.4]
      [SATB Filtering (ms): Min: 0.0, Avg: 0.0, Max: 0.0, Diff: 0.0, Sum: 0.0]
      [Update RS (ms): Min: 0.0, Avg: 0.1, Max: 0.3, Diff: 0.3, Sum: 0.4]
         [Processed Buffers: Min: 0, Avg: 1.5, Max: 4, Diff: 4, Sum: 6]
      [Scan RS (ms): Min: 0.0, Avg: 0.1, Max: 0.1, Diff: 0.1, Sum: 0.3]
      [Code Root Scanning (ms): Min: 0.0, Avg: 0.0, Max: 0.0, Diff: 0.0, Sum: 0.0]
      [Object Copy (ms): Min: 2.1, Avg: 2.2, Max: 2.2, Diff: 0.1, Sum: 8.8]
      [Termination (ms): Min: 0.0, Avg: 0.0, Max: 0.0, Diff: 0.0, Sum: 0.0]
      [GC Worker Other (ms): Min: 0.0, Avg: 0.0, Max: 0.0, Diff: 0.0, Sum: 0.1]
      [GC Worker Total (ms): Min: 2.7, Avg: 2.8, Max: 2.8, Diff: 0.1, Sum: 11.1]
      [GC Worker End (ms): Min: 21246.9, Avg: 21246.9, Max: 21246.9, Diff: 0.0]
   [Code Root Fixup: 0.0 ms]
   [Code Root Migration: 0.0 ms]
   [Clear CT: 0.1 ms]
   [Other: 180.0 ms]
      [Choose CSet: 0.0 ms]
      [Ref Proc: 179.1 ms]
      [Ref Enq: 0.6 ms]
      [Free CSet: 0.3 ms]
   [Eden: 185.0M(185.0M)->0.0B(186.0M) Survivors: 19.0M->18.0M Heap: 2220.7M(4096.0M)->2035.3M(4096.0M)]
 [Times: user=0.71 sys=0.00, real=0.19 secs] 
2016-01-06T00:56:25.333-0800: 21.453: [GC pause (young)
Desired survivor size 13631488 bytes, new threshold 1 (max 15)
- age   1:   17259832 bytes,   17259832 total
2016-01-06T00:56:25.516-0800: 21.637: [SoftReference, 0 refs, 0.0005070 secs]2016-01-06T00:56:25.517-0800: 21.638: [WeakReference, 0 refs, 0.0002280 secs]2016-01-06T00:56:25.517-0800: 21.638: [FinalReference, 0 refs, 0.0002180 secs]2016-01-06T00:56:25.517-0800: 21.638: [PhantomReference, 0 refs, 6275 refs, 0.0005820 secs]2016-01-06T00:56:25.518-0800: 21.639: [JNI Weak Reference, 0.0000090 secs], 0.1864200 secs]
   [Parallel Time: 3.2 ms, GC Workers: 4]
      [GC Worker Start (ms): Min: 21453.5, Avg: 21453.6, Max: 21453.9, Diff: 0.4]
      [Ext Root Scanning (ms): Min: 0.1, Avg: 0.3, Max: 0.4, Diff: 0.3, Sum: 1.4]
      [SATB Filtering (ms): Min: 0.0, Avg: 0.0, Max: 0.0, Diff: 0.0, Sum: 0.0]
      [Update RS (ms): Min: 0.0, Avg: 0.1, Max: 0.3, Diff: 0.3, Sum: 0.4]
         [Processed Buffers: Min: 0, Avg: 1.8, Max: 3, Diff: 3, Sum: 7]
      [Scan RS (ms): Min: 0.0, Avg: 0.1, Max: 0.1, Diff: 0.1, Sum: 0.4]
      [Code Root Scanning (ms): Min: 0.0, Avg: 0.0, Max: 0.0, Diff: 0.0, Sum: 0.0]
      [Object Copy (ms): Min: 2.4, Avg: 2.5, Max: 2.5, Diff: 0.1, Sum: 9.8]
      [Termination (ms): Min: 0.0, Avg: 0.0, Max: 0.0, Diff: 0.0, Sum: 0.0]
      [GC Worker Other (ms): Min: 0.0, Avg: 0.0, Max: 0.0, Diff: 0.0, Sum: 0.1]
      [GC Worker Total (ms): Min: 2.7, Avg: 3.0, Max: 3.1, Diff: 0.4, Sum: 12.1]
      [GC Worker End (ms): Min: 21456.6, Avg: 21456.7, Max: 21456.7, Diff: 0.0]
   [Code Root Fixup: 0.0 ms]
   [Code Root Migration: 0.0 ms]
   [Clear CT: 0.1 ms]
   [Other: 183.1 ms]
      [Choose CSet: 0.0 ms]
      [Ref Proc: 182.1 ms]
      [Ref Enq: 0.6 ms]
      [Free CSet: 0.3 ms]
   [Eden: 186.0M(186.0M)->0.0B(1225.0M) Survivors: 18.0M->18.0M Heap: 2221.3M(4096.0M)->2035.3M(4096.0M)]
 [Times: user=0.71 sys=0.01, real=0.19 secs] 
2016-01-06T00:56:25.690-0800: 21.811: [GC pause (young)
Desired survivor size 81788928 bytes, new threshold 15 (max 15)
- age   1:   17262064 bytes,   17262064 total
2016-01-06T00:56:25.887-0800: 22.008: [SoftReference, 0 refs, 0.0005910 secs]2016-01-06T00:56:25.888-0800: 22.008: [WeakReference, 0 refs, 0.0002940 secs]2016-01-06T00:56:25.888-0800: 22.009: [FinalReference, 0 refs, 0.0003030 secs]2016-01-06T00:56:25.888-0800: 22.009: [PhantomReference, 0 refs, 38484 refs, 0.0017960 secs]2016-01-06T00:56:25.890-0800: 22.011: [JNI Weak Reference, 0.0000140 secs], 0.2045400 secs]
   [Parallel Time: 8.5 ms, GC Workers: 4]
      [GC Worker Start (ms): Min: 21810.8, Avg: 21811.6, Max: 21813.9, Diff: 3.1]
      [Ext Root Scanning (ms): Min: 0.0, Avg: 0.3, Max: 0.4, Diff: 0.4, Sum: 1.2]
      [SATB Filtering (ms): Min: 0.0, Avg: 0.0, Max: 0.0, Diff: 0.0, Sum: 0.0]
      [Update RS (ms): Min: 0.0, Avg: 0.1, Max: 0.2, Diff: 0.2, Sum: 0.3]
         [Processed Buffers: Min: 0, Avg: 1.8, Max: 3, Diff: 3, Sum: 7]
      [Scan RS (ms): Min: 0.1, Avg: 0.5, Max: 0.7, Diff: 0.6, Sum: 2.1]
      [Code Root Scanning (ms): Min: 0.0, Avg: 0.1, Max: 0.1, Diff: 0.1, Sum: 0.2]
      [Object Copy (ms): Min: 5.0, Avg: 6.5, Max: 7.0, Diff: 2.0, Sum: 26.0]
      [Termination (ms): Min: 0.0, Avg: 0.0, Max: 0.0, Diff: 0.0, Sum: 0.0]
      [GC Worker Other (ms): Min: 0.0, Avg: 0.1, Max: 0.1, Diff: 0.0, Sum: 0.2]
      [GC Worker Total (ms): Min: 5.2, Avg: 7.6, Max: 8.4, Diff: 3.1, Sum: 30.2]
      [GC Worker End (ms): Min: 21819.1, Avg: 21819.1, Max: 21819.1, Diff: 0.0]
   [Code Root Fixup: 0.0 ms]
   [Code Root Migration: 0.2 ms]
   [Clear CT: 0.4 ms]
   [Other: 195.4 ms]
      [Choose CSet: 0.0 ms]
      [Ref Proc: 191.7 ms]
      [Ref Enq: 2.2 ms]
      [Free CSet: 1.5 ms]
   [Eden: 1225.0M(1225.0M)->0.0B(210.0M) Survivors: 18.0M->21.0M Heap: 3260.3M(4096.0M)->2037.8M(4096.0M)]
 [Times: user=0.72 sys=0.01, real=0.20 secs] 
2016-01-06T00:56:25.925-0800: 22.046: [GC pause (young)
Desired survivor size 15204352 bytes, new threshold 1 (max 15)
- age   1:   19581112 bytes,   19581112 total
- age   2:      36864 bytes,   19617976 total
2016-01-06T00:56:26.107-0800: 22.228: [SoftReference, 0 refs, 0.0004870 secs]2016-01-06T00:56:26.107-0800: 22.228: [WeakReference, 0 refs, 0.0002420 secs]2016-01-06T00:56:26.108-0800: 22.229: [FinalReference, 0 refs, 0.0002640 secs]2016-01-06T00:56:26.108-0800: 22.229: [PhantomReference, 0 refs, 7019 refs, 0.0006440 secs]2016-01-06T00:56:26.109-0800: 22.230: [JNI Weak Reference, 0.0000080 secs], 0.1846110 secs]
   [Parallel Time: 3.4 ms, GC Workers: 4]
      [GC Worker Start (ms): Min: 22046.1, Avg: 22046.9, Max: 22049.4, Diff: 3.3]
      [Ext Root Scanning (ms): Min: 0.0, Avg: 0.3, Max: 0.4, Diff: 0.4, Sum: 1.3]
      [SATB Filtering (ms): Min: 0.0, Avg: 0.0, Max: 0.0, Diff: 0.0, Sum: 0.0]
      [Update RS (ms): Min: 0.0, Avg: 0.1, Max: 0.2, Diff: 0.2, Sum: 0.2]
         [Processed Buffers: Min: 0, Avg: 1.8, Max: 6, Diff: 6, Sum: 7]
      [Scan RS (ms): Min: 0.0, Avg: 0.1, Max: 0.2, Diff: 0.1, Sum: 0.4]
      [Code Root Scanning (ms): Min: 0.0, Avg: 0.0, Max: 0.0, Diff: 0.0, Sum: 0.0]
      [Object Copy (ms): Min: 0.0, Avg: 1.9, Max: 2.5, Diff: 2.5, Sum: 7.5]
      [Termination (ms): Min: 0.0, Avg: 0.1, Max: 0.2, Diff: 0.2, Sum: 0.6]
      [GC Worker Other (ms): Min: 0.0, Avg: 0.0, Max: 0.0, Diff: 0.0, Sum: 0.0]
      [GC Worker Total (ms): Min: 0.1, Avg: 2.5, Max: 3.3, Diff: 3.3, Sum: 10.0]
      [GC Worker End (ms): Min: 22049.4, Avg: 22049.4, Max: 22049.4, Diff: 0.0]
   [Code Root Fixup: 0.0 ms]
   [Code Root Migration: 0.0 ms]
   [Clear CT: 0.1 ms]
   [Other: 181.1 ms]
      [Choose CSet: 0.0 ms]
      [Ref Proc: 180.1 ms]
      [Ref Enq: 0.6 ms]
      [Free CSet: 0.3 ms]
   [Eden: 210.0M(210.0M)->0.0B(1508.0M) Survivors: 21.0M->19.0M Heap: 2247.8M(4096.0M)->2035.8M(4096.0M)]
 [Times: user=0.66 sys=0.00, real=0.18 secs] 
2016-01-06T00:56:26.321-0800: 22.442: [GC pause (young)
Desired survivor size 100139008 bytes, new threshold 15 (max 15)
- age   1:   17315632 bytes,   17315632 total
2016-01-06T00:56:26.504-0800: 22.624: [SoftReference, 0 refs, 0.0004660 secs]2016-01-06T00:56:26.504-0800: 22.625: [WeakReference, 0 refs, 0.0002690 secs]2016-01-06T00:56:26.504-0800: 22.625: [FinalReference, 0 refs, 0.0003500 secs]2016-01-06T00:56:26.505-0800: 22.626: [PhantomReference, 0 refs, 47255 refs, 0.0012850 secs]2016-01-06T00:56:26.506-0800: 22.627: [JNI Weak Reference, 0.0000110 secs], 0.1923120 secs]
   [Parallel Time: 11.2 ms, GC Workers: 4]
      [GC Worker Start (ms): Min: 22441.7, Avg: 22441.7, Max: 22441.7, Diff: 0.1]
      [Ext Root Scanning (ms): Min: 0.4, Avg: 0.4, Max: 0.4, Diff: 0.0, Sum: 1.5]
      [SATB Filtering (ms): Min: 0.0, Avg: 0.0, Max: 0.0, Diff: 0.0, Sum: 0.0]
      [Update RS (ms): Min: 0.0, Avg: 0.1, Max: 0.3, Diff: 0.3, Sum: 0.4]
         [Processed Buffers: Min: 0, Avg: 1.5, Max: 3, Diff: 3, Sum: 6]
      [Scan RS (ms): Min: 0.6, Avg: 0.7, Max: 0.8, Diff: 0.2, Sum: 2.9]
      [Code Root Scanning (ms): Min: 0.1, Avg: 0.1, Max: 0.1, Diff: 0.0, Sum: 0.3]
      [Object Copy (ms): Min: 9.7, Avg: 9.7, Max: 9.7, Diff: 0.1, Sum: 38.8]
      [Termination (ms): Min: 0.0, Avg: 0.0, Max: 0.0, Diff: 0.0, Sum: 0.0]
      [GC Worker Other (ms): Min: 0.0, Avg: 0.1, Max: 0.1, Diff: 0.1, Sum: 0.2]
      [GC Worker Total (ms): Min: 11.0, Avg: 11.0, Max: 11.1, Diff: 0.1, Sum: 44.2]
      [GC Worker End (ms): Min: 22452.7, Avg: 22452.7, Max: 22452.8, Diff: 0.1]
   [Code Root Fixup: 0.0 ms]
   [Code Root Migration: 0.2 ms]
   [Clear CT: 0.4 ms]
   [Other: 180.5 ms]
      [Choose CSet: 0.0 ms]
      [Ref Proc: 174.1 ms]
      [Ref Enq: 4.8 ms]
      [Free CSet: 1.5 ms]
   [Eden: 1508.0M(1508.0M)->0.0B(1601.0M) Survivors: 19.0M->21.0M Heap: 3543.8M(4096.0M)->2038.3M(4096.0M)]
 [Times: user=0.73 sys=0.00, real=0.19 secs] 
2016-01-06T00:56:26.736-0800: 22.857: [GC pause (young)
Desired survivor size 106430464 bytes, new threshold 15 (max 15)
- age   1:   20212768 bytes,   20212768 total
- age   2:      36864 bytes,   20249632 total
2016-01-06T00:56:26.932-0800: 23.053: [SoftReference, 0 refs, 0.0004070 secs]2016-01-06T00:56:26.933-0800: 23.054: [WeakReference, 0 refs, 0.0002280 secs]2016-01-06T00:56:26.933-0800: 23.054: [FinalReference, 0 refs, 0.0003090 secs]2016-01-06T00:56:26.933-0800: 23.054: [PhantomReference, 0 refs, 50140 refs, 0.0016710 secs]2016-01-06T00:56:26.935-0800: 23.056: [JNI Weak Reference, 0.0000080 secs], 0.2044610 secs]
   [Parallel Time: 11.4 ms, GC Workers: 4]
      [GC Worker Start (ms): Min: 22857.4, Avg: 22857.5, Max: 22857.5, Diff: 0.1]
      [Ext Root Scanning (ms): Min: 0.3, Avg: 0.4, Max: 0.4, Diff: 0.1, Sum: 1.4]
      [SATB Filtering (ms): Min: 0.0, Avg: 0.0, Max: 0.0, Diff: 0.0, Sum: 0.0]
      [Update RS (ms): Min: 0.0, Avg: 0.1, Max: 0.3, Diff: 0.3, Sum: 0.3]
         [Processed Buffers: Min: 0, Avg: 1.8, Max: 5, Diff: 5, Sum: 7]
      [Scan RS (ms): Min: 0.7, Avg: 0.8, Max: 0.8, Diff: 0.2, Sum: 3.1]
      [Code Root Scanning (ms): Min: 0.1, Avg: 0.1, Max: 0.1, Diff: 0.0, Sum: 0.3]
      [Object Copy (ms): Min: 9.8, Avg: 9.9, Max: 9.9, Diff: 0.1, Sum: 39.6]
      [Termination (ms): Min: 0.0, Avg: 0.0, Max: 0.0, Diff: 0.0, Sum: 0.0]
      [GC Worker Other (ms): Min: 0.0, Avg: 0.1, Max: 0.1, Diff: 0.0, Sum: 0.2]
      [GC Worker Total (ms): Min: 11.2, Avg: 11.2, Max: 11.3, Diff: 0.0, Sum: 45.0]
      [GC Worker End (ms): Min: 22868.7, Avg: 22868.7, Max: 22868.7, Diff: 0.0]
   [Code Root Fixup: 0.0 ms]
   [Code Root Migration: 0.2 ms]
   [Clear CT: 0.4 ms]
   [Other: 192.5 ms]
      [Choose CSet: 0.0 ms]
      [Ref Proc: 187.0 ms]
      [Ref Enq: 3.8 ms]
      [Free CSet: 1.7 ms]
   [Eden: 1601.0M(1601.0M)->0.0B(824.0M) Survivors: 21.0M->22.0M Heap: 3639.3M(4096.0M)->2039.3M(4096.0M)]
 [Times: user=0.77 sys=0.00, real=0.21 secs] 
2016-01-06T00:56:27.058-0800: 23.179: [GC pause (young)
Desired survivor size 55574528 bytes, new threshold 15 (max 15)
- age   1:   20420344 bytes,   20420344 total
- age   2:      36864 bytes,   20457208 total
2016-01-06T00:56:27.246-0800: 23.367: [SoftReference, 0 refs, 0.0004440 secs]2016-01-06T00:56:27.247-0800: 23.368: [WeakReference, 0 refs, 0.0002520 secs]2016-01-06T00:56:27.247-0800: 23.368: [FinalReference, 0 refs, 0.0003570 secs]2016-01-06T00:56:27.247-0800: 23.368: [PhantomReference, 0 refs, 26053 refs, 0.0010740 secs]2016-01-06T00:56:27.249-0800: 23.369: [JNI Weak Reference, 0.0000080 secs], 0.1940420 secs]
   [Parallel Time: 6.4 ms, GC Workers: 4]
      [GC Worker Start (ms): Min: 23179.3, Avg: 23179.3, Max: 23179.4, Diff: 0.1]
      [Ext Root Scanning (ms): Min: 0.3, Avg: 0.4, Max: 0.4, Diff: 0.1, Sum: 1.4]
      [SATB Filtering (ms): Min: 0.0, Avg: 0.0, Max: 0.0, Diff: 0.0, Sum: 0.0]
      [Update RS (ms): Min: 0.0, Avg: 0.1, Max: 0.3, Diff: 0.3, Sum: 0.3]
         [Processed Buffers: Min: 0, Avg: 1.5, Max: 3, Diff: 3, Sum: 6]
      [Scan RS (ms): Min: 0.3, Avg: 0.4, Max: 0.4, Diff: 0.2, Sum: 1.6]
      [Code Root Scanning (ms): Min: 0.0, Avg: 0.0, Max: 0.1, Diff: 0.0, Sum: 0.2]
      [Object Copy (ms): Min: 5.3, Avg: 5.4, Max: 5.4, Diff: 0.0, Sum: 21.5]
      [Termination (ms): Min: 0.0, Avg: 0.0, Max: 0.0, Diff: 0.0, Sum: 0.0]
      [GC Worker Other (ms): Min: 0.0, Avg: 0.0, Max: 0.1, Diff: 0.1, Sum: 0.2]
      [GC Worker Total (ms): Min: 6.3, Avg: 6.3, Max: 6.3, Diff: 0.0, Sum: 25.1]
      [GC Worker End (ms): Min: 23185.6, Avg: 23185.6, Max: 23185.6, Diff: 0.1]
   [Code Root Fixup: 0.0 ms]
   [Code Root Migration: 0.1 ms]
   [Clear CT: 0.2 ms]
   [Other: 187.3 ms]
      [Choose CSet: 0.0 ms]
      [Ref Proc: 183.8 ms]
      [Ref Enq: 2.5 ms]
      [Free CSet: 0.9 ms]
   [Eden: 824.0M(824.0M)->0.0B(1213.0M) Survivors: 22.0M->20.0M Heap: 2863.3M(4096.0M)->2037.3M(4096.0M)]
 [Times: user=0.74 sys=0.00, real=0.19 secs] 
2016-01-06T00:56:27.421-0800: 23.542: [GC pause (young)
Desired survivor size 81264640 bytes, new threshold 15 (max 15)
- age   1:   18686080 bytes,   18686080 total
- age   2:      36864 bytes,   18722944 total
2016-01-06T00:56:27.614-0800: 23.735: [SoftReference, 0 refs, 0.0005280 secs]2016-01-06T00:56:27.615-0800: 23.736: [WeakReference, 0 refs, 0.0002400 secs]2016-01-06T00:56:27.615-0800: 23.736: [FinalReference, 0 refs, 0.0002290 secs]2016-01-06T00:56:27.615-0800: 23.736: [PhantomReference, 0 refs, 38112 refs, 0.0010430 secs]2016-01-06T00:56:27.616-0800: 23.737: [JNI Weak Reference, 0.0000110 secs], 0.1999600 secs]
   [Parallel Time: 9.2 ms, GC Workers: 4]
      [GC Worker Start (ms): Min: 23542.4, Avg: 23543.3, Max: 23545.9, Diff: 3.5]
      [Ext Root Scanning (ms): Min: 0.0, Avg: 0.3, Max: 0.4, Diff: 0.4, Sum: 1.3]
      [SATB Filtering (ms): Min: 0.0, Avg: 0.0, Max: 0.0, Diff: 0.0, Sum: 0.0]
      [Update RS (ms): Min: 0.0, Avg: 0.1, Max: 0.2, Diff: 0.2, Sum: 0.2]
         [Processed Buffers: Min: 0, Avg: 1.5, Max: 4, Diff: 4, Sum: 6]
      [Scan RS (ms): Min: 0.2, Avg: 0.5, Max: 0.7, Diff: 0.5, Sum: 2.1]
      [Code Root Scanning (ms): Min: 0.0, Avg: 0.1, Max: 0.2, Diff: 0.2, Sum: 0.4]
      [Object Copy (ms): Min: 5.3, Avg: 7.1, Max: 7.8, Diff: 2.5, Sum: 28.5]
      [Termination (ms): Min: 0.0, Avg: 0.0, Max: 0.0, Diff: 0.0, Sum: 0.0]
      [GC Worker Other (ms): Min: 0.0, Avg: 0.1, Max: 0.1, Diff: 0.1, Sum: 0.2]
      [GC Worker Total (ms): Min: 5.6, Avg: 8.2, Max: 9.1, Diff: 3.5, Sum: 32.8]
      [GC Worker End (ms): Min: 23551.5, Avg: 23551.5, Max: 23551.5, Diff: 0.0]
   [Code Root Fixup: 0.0 ms]
   [Code Root Migration: 0.2 ms]
   [Clear CT: 0.3 ms]
   [Other: 190.3 ms]
      [Choose CSet: 0.0 ms]
      [Ref Proc: 185.8 ms]
      [Ref Enq: 3.2 ms]
      [Free CSet: 1.3 ms]
   [Eden: 1213.0M(1213.0M)->0.0B(1040.0M) Survivors: 20.0M->21.0M Heap: 3250.3M(4096.0M)->2037.8M(4096.0M)]
 [Times: user=0.75 sys=0.00, real=0.20 secs] 
2016-01-06T00:56:27.767-0800: 23.888: [GC pause (young)
Desired survivor size 69730304 bytes, new threshold 15 (max 15)
- age   1:   19554328 bytes,   19554328 total
- age   2:      36864 bytes,   19591192 total
2016-01-06T00:56:27.958-0800: 24.079: [SoftReference, 0 refs, 0.0006080 secs]2016-01-06T00:56:27.959-0800: 24.080: [WeakReference, 0 refs, 0.0003440 secs]2016-01-06T00:56:27.959-0800: 24.080: [FinalReference, 0 refs, 0.0003180 secs]2016-01-06T00:56:27.959-0800: 24.080: [PhantomReference, 0 refs, 32750 refs, 0.0016520 secs]2016-01-06T00:56:27.961-0800: 24.082: [JNI Weak Reference, 0.0000130 secs], 0.1979240 secs]
   [Parallel Time: 7.6 ms, GC Workers: 4]
      [GC Worker Start (ms): Min: 23887.9, Avg: 23888.4, Max: 23889.9, Diff: 2.0]
      [Ext Root Scanning (ms): Min: 0.0, Avg: 0.3, Max: 0.5, Diff: 0.5, Sum: 1.3]
      [SATB Filtering (ms): Min: 0.0, Avg: 0.0, Max: 0.0, Diff: 0.0, Sum: 0.0]
      [Update RS (ms): Min: 0.0, Avg: 0.1, Max: 0.2, Diff: 0.2, Sum: 0.2]
         [Processed Buffers: Min: 0, Avg: 1.8, Max: 4, Diff: 4, Sum: 7]
      [Scan RS (ms): Min: 0.1, Avg: 0.5, Max: 0.6, Diff: 0.5, Sum: 1.8]
      [Code Root Scanning (ms): Min: 0.0, Avg: 0.0, Max: 0.1, Diff: 0.1, Sum: 0.2]
      [Object Copy (ms): Min: 5.4, Avg: 6.1, Max: 6.3, Diff: 1.0, Sum: 24.3]
      [Termination (ms): Min: 0.0, Avg: 0.0, Max: 0.0, Diff: 0.0, Sum: 0.0]
      [GC Worker Other (ms): Min: 0.0, Avg: 0.1, Max: 0.1, Diff: 0.1, Sum: 0.2]
      [GC Worker Total (ms): Min: 5.5, Avg: 7.0, Max: 7.6, Diff: 2.0, Sum: 28.0]
      [GC Worker End (ms): Min: 23895.4, Avg: 23895.4, Max: 23895.4, Diff: 0.1]
   [Code Root Fixup: 0.0 ms]
   [Code Root Migration: 0.2 ms]
   [Clear CT: 0.3 ms]
   [Other: 189.8 ms]
      [Choose CSet: 0.0 ms]
      [Ref Proc: 186.5 ms]
      [Ref Enq: 2.1 ms]
      [Free CSet: 1.1 ms]
   [Eden: 1040.0M(1040.0M)->0.0B(667.0M) Survivors: 21.0M->11.0M Heap: 3077.8M(4096.0M)->2028.3M(4096.0M)]
 [Times: user=0.69 sys=0.00, real=0.19 secs] 
2016-01-06T00:56:28.000-0800: 24.121: [GC concurrent-mark-end, 12.6027230 secs]
2016-01-06T00:56:28.001-0800: 24.122: [GC remark 2016-01-06T00:56:28.002-0800: 24.123: [GC ref-proc2016-01-06T00:56:28.002-0800: 24.123: [SoftReference, 0 refs, 0.0006210 secs]2016-01-06T00:56:28.003-0800: 24.124: [WeakReference, 0 refs, 0.0003980 secs]2016-01-06T00:56:28.003-0800: 24.124: [FinalReference, 4 refs, 0.0004060 secs]2016-01-06T00:56:28.004-0800: 24.125: [PhantomReference, 0 refs, 10045399 refs, 0.7715860 secs]2016-01-06T00:56:28.775-0800: 24.896: [JNI Weak Reference, 0.0000190 secs], 0.7732120 secs], 0.7825450 secs]
 [Times: user=2.07 sys=0.84, real=0.78 secs] 
2016-01-06T00:56:28.784-0800: 24.905: [GC cleanup 2234M->2171M(4096M), 0.0057960 secs]
 [Times: user=0.01 sys=0.00, real=0.01 secs] 
2016-01-06T00:56:28.790-0800: 24.910: [GC concurrent-cleanup-start]
2016-01-06T00:56:28.790-0800: 24.911: [GC concurrent-cleanup-end, 0.0001820 secs]
2016-01-06T00:56:28.865-0800: 24.986: [GC pause (young)
Desired survivor size 44564480 bytes, new threshold 15 (max 15)
- age   1:    9909568 bytes,    9909568 total
- age   2:      36864 bytes,    9946432 total
2016-01-06T00:56:28.871-0800: 24.992: [SoftReference, 0 refs, 0.0007340 secs]2016-01-06T00:56:28.871-0800: 24.992: [WeakReference, 0 refs, 0.0002270 secs]2016-01-06T00:56:28.872-0800: 24.993: [FinalReference, 0 refs, 0.0002270 secs]2016-01-06T00:56:28.872-0800: 24.993: [PhantomReference, 0 refs, 21187 refs, 0.0007500 secs]2016-01-06T00:56:28.873-0800: 24.994: [JNI Weak Reference, 0.0000150 secs], 0.0094090 secs]
   [Parallel Time: 5.8 ms, GC Workers: 4]
      [GC Worker Start (ms): Min: 24985.6, Avg: 24985.6, Max: 24985.7, Diff: 0.1]
      [Ext Root Scanning (ms): Min: 0.4, Avg: 1.0, Max: 2.9, Diff: 2.5, Sum: 4.2]
      [Update RS (ms): Min: 0.0, Avg: 0.1, Max: 0.2, Diff: 0.2, Sum: 0.4]
         [Processed Buffers: Min: 0, Avg: 1.5, Max: 3, Diff: 3, Sum: 6]
      [Scan RS (ms): Min: 0.1, Avg: 0.3, Max: 0.4, Diff: 0.4, Sum: 1.2]
      [Code Root Scanning (ms): Min: 0.0, Avg: 0.0, Max: 0.1, Diff: 0.1, Sum: 0.1]
      [Object Copy (ms): Min: 2.7, Avg: 4.2, Max: 4.7, Diff: 1.9, Sum: 16.8]
      [Termination (ms): Min: 0.0, Avg: 0.0, Max: 0.0, Diff: 0.0, Sum: 0.0]
      [GC Worker Other (ms): Min: 0.0, Avg: 0.0, Max: 0.1, Diff: 0.0, Sum: 0.2]
      [GC Worker Total (ms): Min: 5.7, Avg: 5.7, Max: 5.8, Diff: 0.1, Sum: 22.8]
      [GC Worker End (ms): Min: 24991.3, Avg: 24991.3, Max: 24991.4, Diff: 0.0]
   [Code Root Fixup: 0.0 ms]
   [Code Root Migration: 0.1 ms]
   [Clear CT: 0.2 ms]
   [Other: 3.3 ms]
      [Choose CSet: 0.0 ms]
      [Ref Proc: 2.1 ms]
      [Ref Enq: 0.3 ms]
      [Free CSet: 0.8 ms]
   [Eden: 667.0M(667.0M)->0.0B(1690.0M) Survivors: 11.0M->17.0M Heap: 2631.8M(4096.0M)->1970.8M(4096.0M)]
 [Times: user=0.03 sys=0.00, real=0.01 secs] 
2016-01-06T00:56:29.117-0800: 25.238: [GC pause (young)
Desired survivor size 112197632 bytes, new threshold 15 (max 15)
- age   1:   15544936 bytes,   15544936 total
- age   2:      36864 bytes,   15581800 total
2016-01-06T00:56:29.134-0800: 25.255: [SoftReference, 0 refs, 0.0004730 secs]2016-01-06T00:56:29.134-0800: 25.255: [WeakReference, 0 refs, 0.0002350 secs]2016-01-06T00:56:29.134-0800: 25.255: [FinalReference, 0 refs, 0.0002850 secs]2016-01-06T00:56:29.135-0800: 25.256: [PhantomReference, 0 refs, 52900 refs, 0.0013180 secs]2016-01-06T00:56:29.136-0800: 25.257: [JNI Weak Reference, 0.0000140 secs], 0.0221520 secs]
   [Parallel Time: 16.5 ms, GC Workers: 4]
      [GC Worker Start (ms): Min: 25237.9, Avg: 25241.4, Max: 25246.0, Diff: 8.1]
      [Ext Root Scanning (ms): Min: 0.0, Avg: 0.3, Max: 1.3, Diff: 1.3, Sum: 1.3]
      [Update RS (ms): Min: 0.0, Avg: 0.1, Max: 0.3, Diff: 0.3, Sum: 0.3]
         [Processed Buffers: Min: 0, Avg: 1.5, Max: 6, Diff: 6, Sum: 6]
      [Scan RS (ms): Min: 0.4, Avg: 0.8, Max: 1.6, Diff: 1.3, Sum: 3.1]
      [Code Root Scanning (ms): Min: 0.0, Avg: 0.1, Max: 0.2, Diff: 0.2, Sum: 0.3]
      [Object Copy (ms): Min: 7.9, Avg: 11.6, Max: 13.0, Diff: 5.1, Sum: 46.6]
      [Termination (ms): Min: 0.0, Avg: 0.0, Max: 0.0, Diff: 0.0, Sum: 0.0]
      [GC Worker Other (ms): Min: 0.0, Avg: 0.1, Max: 0.1, Diff: 0.1, Sum: 0.2]
      [GC Worker Total (ms): Min: 8.3, Avg: 12.9, Max: 16.4, Diff: 8.1, Sum: 51.8]
      [GC Worker End (ms): Min: 25254.3, Avg: 25254.3, Max: 25254.3, Diff: 0.0]
   [Code Root Fixup: 0.0 ms]
   [Code Root Migration: 0.2 ms]
   [Clear CT: 0.4 ms]
   [Other: 5.0 ms]
      [Choose CSet: 0.0 ms]
      [Ref Proc: 2.6 ms]
      [Ref Enq: 0.6 ms]
      [Free CSet: 1.7 ms]
   [Eden: 1690.0M(1690.0M)->0.0B(1684.0M) Survivors: 17.0M->23.0M Heap: 3660.8M(4096.0M)->1976.3M(4096.0M)]
 [Times: user=0.06 sys=0.01, real=0.03 secs] 
2016-01-06T00:56:29.372-0800: 25.493: [GC pause (young) (initial-mark)
Desired survivor size 112197632 bytes, new threshold 15 (max 15)
- age   1:   20618992 bytes,   20618992 total
- age   2:      36864 bytes,   20655856 total
2016-01-06T00:56:29.385-0800: 25.506: [SoftReference, 0 refs, 0.0005940 secs]2016-01-06T00:56:29.385-0800: 25.506: [WeakReference, 0 refs, 0.0002380 secs]2016-01-06T00:56:29.386-0800: 25.507: [FinalReference, 0 refs, 0.0002710 secs]2016-01-06T00:56:29.386-0800: 25.507: [PhantomReference, 0 refs, 52714 refs, 0.0014790 secs]2016-01-06T00:56:29.387-0800: 25.508: [JNI Weak Reference, 0.0000150 secs], 0.0193360 secs]
   [Parallel Time: 12.5 ms, GC Workers: 4]
      [GC Worker Start (ms): Min: 25493.0, Avg: 25493.1, Max: 25493.1, Diff: 0.1]
      [Ext Root Scanning (ms): Min: 0.3, Avg: 0.4, Max: 0.4, Diff: 0.2, Sum: 1.4]
      [Code Root Marking (ms): Min: 0.2, Avg: 0.2, Max: 0.3, Diff: 0.1, Sum: 1.0]
      [Update RS (ms): Min: 0.0, Avg: 0.1, Max: 0.3, Diff: 0.3, Sum: 0.3]
         [Processed Buffers: Min: 0, Avg: 1.5, Max: 4, Diff: 4, Sum: 6]
      [Scan RS (ms): Min: 0.6, Avg: 0.8, Max: 0.8, Diff: 0.2, Sum: 3.0]
      [Code Root Scanning (ms): Min: 0.1, Avg: 0.1, Max: 0.1, Diff: 0.0, Sum: 0.3]
      [Object Copy (ms): Min: 10.8, Avg: 10.8, Max: 10.8, Diff: 0.1, Sum: 43.3]
      [Termination (ms): Min: 0.0, Avg: 0.0, Max: 0.0, Diff: 0.0, Sum: 0.0]
      [GC Worker Other (ms): Min: 0.0, Avg: 0.1, Max: 0.1, Diff: 0.1, Sum: 0.2]
      [GC Worker Total (ms): Min: 12.3, Avg: 12.4, Max: 12.5, Diff: 0.1, Sum: 49.6]
      [GC Worker End (ms): Min: 25505.4, Avg: 25505.5, Max: 25505.5, Diff: 0.1]
   [Code Root Fixup: 0.0 ms]
   [Code Root Migration: 0.2 ms]
   [Clear CT: 0.4 ms]
   [Other: 6.2 ms]
      [Choose CSet: 0.0 ms]
      [Ref Proc: 2.9 ms]
      [Ref Enq: 0.8 ms]
      [Free CSet: 1.7 ms]
   [Eden: 1684.0M(1684.0M)->0.0B(1685.0M) Survivors: 23.0M->22.0M Heap: 3660.3M(4096.0M)->1975.8M(4096.0M)]
 [Times: user=0.05 sys=0.00, real=0.02 secs] 
2016-01-06T00:56:29.391-0800: 25.512: [GC concurrent-root-region-scan-start]
2016-01-06T00:56:29.399-0800: 25.520: [GC concurrent-root-region-scan-end, 0.0081850 secs]
2016-01-06T00:56:29.399-0800: 25.520: [GC concurrent-mark-start]
2016-01-06T00:56:30.104-0800: 26.225: [GC pause (young)
Desired survivor size 112197632 bytes, new threshold 15 (max 15)
- age   1:   20605600 bytes,   20605600 total
- age   2:      36864 bytes,   20642464 total
2016-01-06T00:56:30.132-0800: 26.252: [SoftReference, 0 refs, 0.0005710 secs]2016-01-06T00:56:30.132-0800: 26.253: [WeakReference, 0 refs, 0.0003310 secs]2016-01-06T00:56:30.132-0800: 26.253: [FinalReference, 0 refs, 0.0002030 secs]2016-01-06T00:56:30.133-0800: 26.254: [PhantomReference, 0 refs, 52745 refs, 0.0013900 secs]2016-01-06T00:56:30.134-0800: 26.255: [JNI Weak Reference, 0.0000090 secs], 0.0382460 secs]
   [Parallel Time: 21.9 ms, GC Workers: 4]
      [GC Worker Start (ms): Min: 26224.6, Avg: 26224.6, Max: 26224.7, Diff: 0.1]
      [Ext Root Scanning (ms): Min: 0.3, Avg: 0.3, Max: 0.4, Diff: 0.1, Sum: 1.4]
      [SATB Filtering (ms): Min: 0.0, Avg: 0.0, Max: 0.0, Diff: 0.0, Sum: 0.0]
      [Update RS (ms): Min: 9.6, Avg: 9.9, Max: 10.3, Diff: 0.7, Sum: 39.7]
         [Processed Buffers: Min: 14, Avg: 14.8, Max: 17, Diff: 3, Sum: 59]
      [Scan RS (ms): Min: 0.4, Avg: 0.7, Max: 1.0, Diff: 0.6, Sum: 2.9]
      [Code Root Scanning (ms): Min: 0.0, Avg: 0.1, Max: 0.1, Diff: 0.1, Sum: 0.3]
      [Object Copy (ms): Min: 10.7, Avg: 10.7, Max: 10.7, Diff: 0.0, Sum: 42.8]
      [Termination (ms): Min: 0.0, Avg: 0.0, Max: 0.0, Diff: 0.0, Sum: 0.0]
      [GC Worker Other (ms): Min: 0.0, Avg: 0.1, Max: 0.1, Diff: 0.1, Sum: 0.2]
      [GC Worker Total (ms): Min: 21.8, Avg: 21.8, Max: 21.9, Diff: 0.1, Sum: 87.3]
      [GC Worker End (ms): Min: 26246.4, Avg: 26246.5, Max: 26246.5, Diff: 0.1]
   [Code Root Fixup: 0.0 ms]
   [Code Root Migration: 0.2 ms]
   [Clear CT: 0.4 ms]
   [Other: 15.6 ms]
      [Choose CSet: 0.0 ms]
      [Ref Proc: 8.5 ms]
      [Ref Enq: 5.2 ms]
      [Free CSet: 1.8 ms]
   [Eden: 1685.0M(1685.0M)->0.0B(1686.0M) Survivors: 22.0M->22.0M Heap: 3660.8M(4096.0M)->1975.8M(4096.0M)]
 [Times: user=0.14 sys=0.00, real=0.04 secs] 
2016-01-06T00:56:30.397-0800: 26.518: [GC pause (young)
Desired survivor size 112197632 bytes, new threshold 15 (max 15)
- age   1:   20607832 bytes,   20607832 total
- age   2:      36864 bytes,   20644696 total
2016-01-06T00:56:30.435-0800: 26.555: [SoftReference, 0 refs, 0.0004950 secs]2016-01-06T00:56:30.435-0800: 26.556: [WeakReference, 0 refs, 0.0002310 secs]2016-01-06T00:56:30.435-0800: 26.556: [FinalReference, 0 refs, 0.0002380 secs]2016-01-06T00:56:30.436-0800: 26.556: [PhantomReference, 0 refs, 52776 refs, 0.0013240 secs]2016-01-06T00:56:30.437-0800: 26.558: [JNI Weak Reference, 0.0000110 secs], 0.0459010 secs]
   [Parallel Time: 22.3 ms, GC Workers: 4]
      [GC Worker Start (ms): Min: 26518.3, Avg: 26518.4, Max: 26518.4, Diff: 0.1]
      [Ext Root Scanning (ms): Min: 0.3, Avg: 0.3, Max: 0.4, Diff: 0.1, Sum: 1.4]
      [SATB Filtering (ms): Min: 0.0, Avg: 0.0, Max: 0.0, Diff: 0.0, Sum: 0.0]
      [Update RS (ms): Min: 10.2, Avg: 10.3, Max: 10.4, Diff: 0.2, Sum: 41.3]
         [Processed Buffers: Min: 15, Avg: 16.2, Max: 19, Diff: 4, Sum: 65]
      [Scan RS (ms): Min: 0.7, Avg: 0.8, Max: 0.9, Diff: 0.2, Sum: 3.1]
      [Code Root Scanning (ms): Min: 0.1, Avg: 0.1, Max: 0.2, Diff: 0.1, Sum: 0.4]
      [Object Copy (ms): Min: 10.5, Avg: 10.6, Max: 10.6, Diff: 0.1, Sum: 42.2]
      [Termination (ms): Min: 0.0, Avg: 0.0, Max: 0.0, Diff: 0.0, Sum: 0.0]
      [GC Worker Other (ms): Min: 0.0, Avg: 0.1, Max: 0.1, Diff: 0.1, Sum: 0.2]
      [GC Worker Total (ms): Min: 22.2, Avg: 22.2, Max: 22.2, Diff: 0.0, Sum: 88.8]
      [GC Worker End (ms): Min: 26540.5, Avg: 26540.5, Max: 26540.6, Diff: 0.1]
   [Code Root Fixup: 0.0 ms]
   [Code Root Migration: 0.2 ms]
   [Clear CT: 0.4 ms]
   [Other: 22.9 ms]
      [Choose CSet: 0.0 ms]
      [Ref Proc: 17.2 ms]
      [Ref Enq: 3.9 ms]
      [Free CSet: 1.7 ms]
   [Eden: 1686.0M(1686.0M)->0.0B(1686.0M) Survivors: 22.0M->22.0M Heap: 3661.8M(4096.0M)->1975.8M(4096.0M)]
 [Times: user=0.16 sys=0.01, real=0.04 secs] 
2016-01-06T00:56:30.679-0800: 26.800: [GC pause (young)
Desired survivor size 112197632 bytes, new threshold 15 (max 15)
- age   1:   20610064 bytes,   20610064 total
- age   2:      36864 bytes,   20646928 total
2016-01-06T00:56:30.730-0800: 26.851: [SoftReference, 0 refs, 0.0004120 secs]2016-01-06T00:56:30.731-0800: 26.852: [WeakReference, 0 refs, 0.0003050 secs]2016-01-06T00:56:30.731-0800: 26.852: [FinalReference, 0 refs, 0.0003610 secs]2016-01-06T00:56:30.732-0800: 26.852: [PhantomReference, 0 refs, 52776 refs, 0.0020400 secs]2016-01-06T00:56:30.734-0800: 26.854: [JNI Weak Reference, 0.0000090 secs], 0.0616300 secs]
   [Parallel Time: 23.5 ms, GC Workers: 4]
      [GC Worker Start (ms): Min: 26800.2, Avg: 26800.6, Max: 26801.9, Diff: 1.7]
      [Ext Root Scanning (ms): Min: 0.0, Avg: 0.3, Max: 0.5, Diff: 0.5, Sum: 1.3]
      [SATB Filtering (ms): Min: 0.0, Avg: 0.0, Max: 0.0, Diff: 0.0, Sum: 0.0]
      [Update RS (ms): Min: 10.4, Avg: 11.2, Max: 11.6, Diff: 1.2, Sum: 44.6]
         [Processed Buffers: Min: 15, Avg: 16.0, Max: 17, Diff: 2, Sum: 64]
      [Scan RS (ms): Min: 0.6, Avg: 0.7, Max: 1.0, Diff: 0.4, Sum: 3.0]
      [Code Root Scanning (ms): Min: 0.1, Avg: 0.1, Max: 0.1, Diff: 0.0, Sum: 0.3]
      [Object Copy (ms): Min: 10.6, Avg: 10.7, Max: 10.7, Diff: 0.1, Sum: 42.6]
      [Termination (ms): Min: 0.0, Avg: 0.0, Max: 0.0, Diff: 0.0, Sum: 0.0]
      [GC Worker Other (ms): Min: 0.0, Avg: 0.1, Max: 0.1, Diff: 0.1, Sum: 0.2]
      [GC Worker Total (ms): Min: 21.7, Avg: 23.0, Max: 23.5, Diff: 1.7, Sum: 92.1]
      [GC Worker End (ms): Min: 26823.6, Avg: 26823.7, Max: 26823.7, Diff: 0.1]
   [Code Root Fixup: 0.0 ms]
   [Code Root Migration: 0.2 ms]
   [Clear CT: 0.7 ms]
   [Other: 37.2 ms]
      [Choose CSet: 0.0 ms]
      [Ref Proc: 30.8 ms]
      [Ref Enq: 4.6 ms]
      [Free CSet: 1.7 ms]
   [Eden: 1686.0M(1686.0M)->0.0B(1686.0M) Survivors: 22.0M->22.0M Heap: 3661.8M(4096.0M)->1975.3M(4096.0M)]
 [Times: user=0.22 sys=0.00, real=0.06 secs] 
2016-01-06T00:56:30.995-0800: 27.116: [GC pause (young)
Desired survivor size 112197632 bytes, new threshold 15 (max 15)
- age   1:   20610064 bytes,   20610064 total
- age   2:      36864 bytes,   20646928 total
2016-01-06T00:56:31.076-0800: 27.197: [SoftReference, 0 refs, 0.0005190 secs]2016-01-06T00:56:31.077-0800: 27.198: [WeakReference, 0 refs, 0.0002480 secs]2016-01-06T00:56:31.077-0800: 27.198: [FinalReference, 0 refs, 0.0003550 secs]2016-01-06T00:56:31.077-0800: 27.198: [PhantomReference, 0 refs, 52776 refs, 0.0027710 secs]2016-01-06T00:56:31.080-0800: 27.201: [JNI Weak Reference, 0.0000110 secs], 0.0927340 secs]
   [Parallel Time: 37.7 ms, GC Workers: 4]
      [GC Worker Start (ms): Min: 27116.1, Avg: 27116.9, Max: 27119.3, Diff: 3.2]
      [Ext Root Scanning (ms): Min: 0.0, Avg: 3.3, Max: 9.1, Diff: 9.1, Sum: 13.1]
      [SATB Filtering (ms): Min: 0.0, Avg: 0.0, Max: 0.0, Diff: 0.0, Sum: 0.0]
      [Update RS (ms): Min: 21.5, Avg: 23.8, Max: 26.3, Diff: 4.8, Sum: 95.1]
         [Processed Buffers: Min: 7, Avg: 25.8, Max: 35, Diff: 28, Sum: 103]
      [Scan RS (ms): Min: 0.4, Avg: 0.9, Max: 1.5, Diff: 1.1, Sum: 3.7]
      [Code Root Scanning (ms): Min: 0.0, Avg: 0.1, Max: 0.2, Diff: 0.2, Sum: 0.3]
      [Object Copy (ms): Min: 4.3, Avg: 8.7, Max: 11.6, Diff: 7.3, Sum: 34.9]
      [Termination (ms): Min: 0.0, Avg: 0.0, Max: 0.0, Diff: 0.0, Sum: 0.0]
      [GC Worker Other (ms): Min: 0.0, Avg: 0.0, Max: 0.1, Diff: 0.0, Sum: 0.2]
      [GC Worker Total (ms): Min: 34.4, Avg: 36.8, Max: 37.6, Diff: 3.2, Sum: 147.3]
      [GC Worker End (ms): Min: 27153.7, Avg: 27153.7, Max: 27153.8, Diff: 0.0]
   [Code Root Fixup: 0.0 ms]
   [Code Root Migration: 0.2 ms]
   [Clear CT: 0.6 ms]
   [Other: 54.1 ms]
      [Choose CSet: 0.0 ms]
      [Ref Proc: 47.1 ms]
      [Ref Enq: 5.2 ms]
      [Free CSet: 1.7 ms]
   [Eden: 1686.0M(1686.0M)->0.0B(1686.0M) Survivors: 22.0M->22.0M Heap: 3661.3M(4096.0M)->1975.8M(4096.0M)]
 [Times: user=0.31 sys=0.00, real=0.10 secs] 
2016-01-06T00:56:31.326-0800: 27.447: [GC pause (young)
Desired survivor size 112197632 bytes, new threshold 15 (max 15)
- age   1:   20610064 bytes,   20610064 total
- age   2:      36864 bytes,   20646928 total
2016-01-06T00:56:31.409-0800: 27.530: [SoftReference, 0 refs, 0.0005680 secs]2016-01-06T00:56:31.409-0800: 27.530: [WeakReference, 0 refs, 0.0002280 secs]2016-01-06T00:56:31.410-0800: 27.531: [FinalReference, 0 refs, 0.0002520 secs]2016-01-06T00:56:31.410-0800: 27.531: [PhantomReference, 0 refs, 52776 refs, 0.0012920 secs]2016-01-06T00:56:31.411-0800: 27.532: [JNI Weak Reference, 0.0000080 secs], 0.0930700 secs]
   [Parallel Time: 24.5 ms, GC Workers: 4]
      [GC Worker Start (ms): Min: 27446.8, Avg: 27446.9, Max: 27446.9, Diff: 0.1]
      [Ext Root Scanning (ms): Min: 0.3, Avg: 0.3, Max: 0.4, Diff: 0.1, Sum: 1.4]
      [SATB Filtering (ms): Min: 0.0, Avg: 0.0, Max: 0.0, Diff: 0.0, Sum: 0.0]
      [Update RS (ms): Min: 11.8, Avg: 12.0, Max: 12.2, Diff: 0.4, Sum: 48.0]
         [Processed Buffers: Min: 18, Avg: 18.8, Max: 21, Diff: 3, Sum: 75]
      [Scan RS (ms): Min: 0.6, Avg: 0.8, Max: 0.9, Diff: 0.3, Sum: 3.1]
      [Code Root Scanning (ms): Min: 0.1, Avg: 0.1, Max: 0.1, Diff: 0.1, Sum: 0.3]
      [Object Copy (ms): Min: 11.1, Avg: 11.1, Max: 11.2, Diff: 0.1, Sum: 44.5]
      [Termination (ms): Min: 0.0, Avg: 0.0, Max: 0.0, Diff: 0.0, Sum: 0.0]
      [GC Worker Other (ms): Min: 0.0, Avg: 0.1, Max: 0.1, Diff: 0.0, Sum: 0.3]
      [GC Worker Total (ms): Min: 24.4, Avg: 24.4, Max: 24.4, Diff: 0.1, Sum: 97.7]
      [GC Worker End (ms): Min: 27471.3, Avg: 27471.3, Max: 27471.3, Diff: 0.1]
   [Code Root Fixup: 0.0 ms]
   [Code Root Migration: 0.2 ms]
   [Clear CT: 0.4 ms]
   [Other: 67.9 ms]
      [Choose CSet: 0.0 ms]
      [Ref Proc: 60.8 ms]
      [Ref Enq: 5.0 ms]
      [Free CSet: 2.0 ms]
   [Eden: 1686.0M(1686.0M)->0.0B(1686.0M) Survivors: 22.0M->22.0M Heap: 3661.8M(4096.0M)->1975.3M(4096.0M)]
 [Times: user=0.35 sys=0.00, real=0.09 secs] 
2016-01-06T00:56:31.674-0800: 27.795: [GC pause (young)
Desired survivor size 112197632 bytes, new threshold 15 (max 15)
- age   1:   20610064 bytes,   20610064 total
- age   2:      36864 bytes,   20646928 total
2016-01-06T00:56:31.774-0800: 27.895: [SoftReference, 0 refs, 0.0005470 secs]2016-01-06T00:56:31.775-0800: 27.896: [WeakReference, 0 refs, 0.0003570 secs]2016-01-06T00:56:31.775-0800: 27.896: [FinalReference, 0 refs, 0.0003390 secs]2016-01-06T00:56:31.776-0800: 27.897: [PhantomReference, 0 refs, 52776 refs, 0.0017920 secs]2016-01-06T00:56:31.778-0800: 27.898: [JNI Weak Reference, 0.0000130 secs], 0.1104350 secs]
   [Parallel Time: 34.7 ms, GC Workers: 4]
      [GC Worker Start (ms): Min: 27795.2, Avg: 27795.2, Max: 27795.2, Diff: 0.1]
      [Ext Root Scanning (ms): Min: 0.3, Avg: 0.4, Max: 0.4, Diff: 0.1, Sum: 1.4]
      [SATB Filtering (ms): Min: 0.0, Avg: 0.0, Max: 0.0, Diff: 0.0, Sum: 0.0]
      [Update RS (ms): Min: 12.3, Avg: 12.4, Max: 12.7, Diff: 0.4, Sum: 49.7]
         [Processed Buffers: Min: 18, Avg: 19.0, Max: 21, Diff: 3, Sum: 76]
      [Scan RS (ms): Min: 0.7, Avg: 1.2, Max: 2.1, Diff: 1.4, Sum: 4.8]
      [Code Root Scanning (ms): Min: 0.0, Avg: 0.1, Max: 0.1, Diff: 0.1, Sum: 0.3]
      [Object Copy (ms): Min: 10.8, Avg: 12.1, Max: 15.7, Diff: 4.8, Sum: 48.3]
      [Termination (ms): Min: 0.0, Avg: 4.3, Max: 5.8, Diff: 5.8, Sum: 17.3]
      [GC Worker Other (ms): Min: 0.0, Avg: 0.0, Max: 0.0, Diff: 0.0, Sum: 0.1]
      [GC Worker Total (ms): Min: 30.5, Avg: 30.5, Max: 30.5, Diff: 0.1, Sum: 121.9]
      [GC Worker End (ms): Min: 27825.7, Avg: 27825.7, Max: 27825.7, Diff: 0.0]
   [Code Root Fixup: 0.0 ms]
   [Code Root Migration: 0.2 ms]
   [Clear CT: 0.4 ms]
   [Other: 75.0 ms]
      [Choose CSet: 0.0 ms]
      [Ref Proc: 68.6 ms]
      [Ref Enq: 4.6 ms]
      [Free CSet: 1.8 ms]
   [Eden: 1686.0M(1686.0M)->0.0B(1687.0M) Survivors: 22.0M->22.0M Heap: 3661.3M(4096.0M)->1975.3M(4096.0M)]
 [Times: user=0.36 sys=0.00, real=0.11 secs] 
2016-01-06T00:56:32.041-0800: 28.162: [GC pause (young)
Desired survivor size 112197632 bytes, new threshold 15 (max 15)
- age   1:   20610064 bytes,   20610064 total
- age   2:      36864 bytes,   20646928 total
2016-01-06T00:56:32.159-0800: 28.280: [SoftReference, 0 refs, 0.0005980 secs]2016-01-06T00:56:32.160-0800: 28.281: [WeakReference, 0 refs, 0.0003310 secs]2016-01-06T00:56:32.160-0800: 28.281: [FinalReference, 0 refs, 0.0002220 secs]2016-01-06T00:56:32.160-0800: 28.281: [PhantomReference, 0 refs, 52807 refs, 0.0016080 secs]2016-01-06T00:56:32.162-0800: 28.283: [JNI Weak Reference, 0.0000140 secs], 0.1294370 secs]
   [Parallel Time: 43.3 ms, GC Workers: 4]
      [GC Worker Start (ms): Min: 28161.8, Avg: 28164.8, Max: 28165.8, Diff: 4.0]
      [Ext Root Scanning (ms): Min: 0.0, Avg: 0.3, Max: 1.3, Diff: 1.3, Sum: 1.4]
      [SATB Filtering (ms): Min: 0.0, Avg: 0.0, Max: 0.0, Diff: 0.0, Sum: 0.0]
      [Update RS (ms): Min: 23.2, Avg: 26.0, Max: 30.5, Diff: 7.3, Sum: 103.9]
         [Processed Buffers: Min: 15, Avg: 22.2, Max: 29, Diff: 14, Sum: 89]
      [Scan RS (ms): Min: 0.4, Avg: 1.9, Max: 4.8, Diff: 4.4, Sum: 7.7]
      [Code Root Scanning (ms): Min: 0.0, Avg: 0.1, Max: 0.2, Diff: 0.2, Sum: 0.4]
      [Object Copy (ms): Min: 8.4, Avg: 11.8, Max: 14.1, Diff: 5.7, Sum: 47.4]
      [Termination (ms): Min: 0.0, Avg: 0.1, Max: 0.2, Diff: 0.2, Sum: 0.4]
      [GC Worker Other (ms): Min: 0.0, Avg: 0.0, Max: 0.0, Diff: 0.0, Sum: 0.1]
      [GC Worker Total (ms): Min: 39.3, Avg: 40.3, Max: 43.3, Diff: 4.0, Sum: 161.1]
      [GC Worker End (ms): Min: 28205.1, Avg: 28205.1, Max: 28205.1, Diff: 0.0]
   [Code Root Fixup: 0.0 ms]
   [Code Root Migration: 0.2 ms]
   [Clear CT: 0.4 ms]
   [Other: 85.4 ms]
      [Choose CSet: 0.0 ms]
      [Ref Proc: 77.9 ms]
      [Ref Enq: 5.7 ms]
      [Free CSet: 1.7 ms]
   [Eden: 1687.0M(1687.0M)->0.0B(1686.0M) Survivors: 22.0M->22.0M Heap: 3662.3M(4096.0M)->1975.3M(4096.0M)]
 [Times: user=0.41 sys=0.00, real=0.13 secs] 
2016-01-06T00:56:32.405-0800: 28.526: [GC pause (young)
Desired survivor size 112197632 bytes, new threshold 15 (max 15)
- age   1:   20612296 bytes,   20612296 total
- age   2:      36864 bytes,   20649160 total
2016-01-06T00:56:32.518-0800: 28.639: [SoftReference, 0 refs, 0.0004310 secs]2016-01-06T00:56:32.519-0800: 28.639: [WeakReference, 0 refs, 0.0003580 secs]2016-01-06T00:56:32.519-0800: 28.640: [FinalReference, 0 refs, 0.0002440 secs]2016-01-06T00:56:32.519-0800: 28.640: [PhantomReference, 0 refs, 52774 refs, 0.0013450 secs]2016-01-06T00:56:32.521-0800: 28.641: [JNI Weak Reference, 0.0000120 secs], 0.1218880 secs]
   [Parallel Time: 23.8 ms, GC Workers: 4]
      [GC Worker Start (ms): Min: 28525.9, Avg: 28525.9, Max: 28526.0, Diff: 0.1]
      [Ext Root Scanning (ms): Min: 0.3, Avg: 0.3, Max: 0.4, Diff: 0.1, Sum: 1.4]
      [SATB Filtering (ms): Min: 0.0, Avg: 0.0, Max: 0.0, Diff: 0.0, Sum: 0.0]
      [Update RS (ms): Min: 11.5, Avg: 11.7, Max: 11.9, Diff: 0.4, Sum: 46.9]
         [Processed Buffers: Min: 17, Avg: 17.8, Max: 20, Diff: 3, Sum: 71]
      [Scan RS (ms): Min: 0.6, Avg: 0.7, Max: 0.9, Diff: 0.3, Sum: 3.0]
      [Code Root Scanning (ms): Min: 0.1, Avg: 0.1, Max: 0.1, Diff: 0.0, Sum: 0.3]
      [Object Copy (ms): Min: 10.7, Avg: 10.7, Max: 10.7, Diff: 0.1, Sum: 42.8]
      [Termination (ms): Min: 0.0, Avg: 0.0, Max: 0.0, Diff: 0.0, Sum: 0.0]
      [GC Worker Other (ms): Min: 0.0, Avg: 0.1, Max: 0.1, Diff: 0.1, Sum: 0.2]
      [GC Worker Total (ms): Min: 23.6, Avg: 23.7, Max: 23.7, Diff: 0.1, Sum: 94.6]
      [GC Worker End (ms): Min: 28549.6, Avg: 28549.6, Max: 28549.6, Diff: 0.1]
   [Code Root Fixup: 0.0 ms]
   [Code Root Migration: 0.3 ms]
   [Clear CT: 0.4 ms]
   [Other: 97.5 ms]
      [Choose CSet: 0.0 ms]
      [Ref Proc: 91.8 ms]
      [Ref Enq: 3.9 ms]
      [Free CSet: 1.7 ms]
   [Eden: 1686.0M(1686.0M)->0.0B(1687.0M) Survivors: 22.0M->22.0M Heap: 3661.3M(4096.0M)->1975.8M(4096.0M)]
 [Times: user=0.46 sys=0.00, real=0.13 secs] 
2016-01-06T00:56:32.784-0800: 28.905: [GC pause (young)
Desired survivor size 112197632 bytes, new threshold 15 (max 15)
- age   1:   20610064 bytes,   20610064 total
- age   2:      36864 bytes,   20646928 total
2016-01-06T00:56:32.934-0800: 29.055: [SoftReference, 0 refs, 0.0004140 secs]2016-01-06T00:56:32.934-0800: 29.055: [WeakReference, 0 refs, 0.0003290 secs]2016-01-06T00:56:32.934-0800: 29.055: [FinalReference, 0 refs, 0.0002050 secs]2016-01-06T00:56:32.935-0800: 29.056: [PhantomReference, 0 refs, 52806 refs, 0.0018600 secs]2016-01-06T00:56:32.937-0800: 29.057: [JNI Weak Reference, 0.0000120 secs], 0.1583190 secs]
   [Parallel Time: 44.6 ms, GC Workers: 4]
      [GC Worker Start (ms): Min: 28905.4, Avg: 28905.4, Max: 28905.5, Diff: 0.1]
      [Ext Root Scanning (ms): Min: 0.3, Avg: 0.4, Max: 0.4, Diff: 0.1, Sum: 1.4]
      [SATB Filtering (ms): Min: 0.0, Avg: 0.0, Max: 0.0, Diff: 0.0, Sum: 0.0]
      [Update RS (ms): Min: 12.5, Avg: 12.8, Max: 13.0, Diff: 0.5, Sum: 51.1]
         [Processed Buffers: Min: 18, Avg: 19.0, Max: 20, Diff: 2, Sum: 76]
      [Scan RS (ms): Min: 0.6, Avg: 0.8, Max: 0.9, Diff: 0.3, Sum: 3.1]
      [Code Root Scanning (ms): Min: 0.1, Avg: 0.1, Max: 0.1, Diff: 0.1, Sum: 0.3]
      [Object Copy (ms): Min: 10.8, Avg: 14.8, Max: 26.5, Diff: 15.7, Sum: 59.1]
      [Termination (ms): Min: 0.0, Avg: 11.7, Max: 15.7, Diff: 15.7, Sum: 46.9]
      [GC Worker Other (ms): Min: 0.0, Avg: 0.0, Max: 0.0, Diff: 0.0, Sum: 0.1]
      [GC Worker Total (ms): Min: 40.4, Avg: 40.5, Max: 40.5, Diff: 0.1, Sum: 162.0]
      [GC Worker End (ms): Min: 28945.9, Avg: 28945.9, Max: 28945.9, Diff: 0.0]
   [Code Root Fixup: 0.0 ms]
   [Code Root Migration: 0.3 ms]
   [Clear CT: 0.4 ms]
   [Other: 113.1 ms]
      [Choose CSet: 0.0 ms]
      [Ref Proc: 107.5 ms]
      [Ref Enq: 3.8 ms]
      [Free CSet: 1.7 ms]
   [Eden: 1687.0M(1687.0M)->0.0B(1687.0M) Survivors: 22.0M->22.0M Heap: 3662.8M(4096.0M)->1975.3M(4096.0M)]
 [Times: user=0.55 sys=0.00, real=0.16 secs] 
2016-01-06T00:56:33.196-0800: 29.317: [GC pause (young)
Desired survivor size 112197632 bytes, new threshold 15 (max 15)
- age   1:   20612296 bytes,   20612296 total
- age   2:      36864 bytes,   20649160 total
2016-01-06T00:56:33.332-0800: 29.453: [SoftReference, 0 refs, 0.0005370 secs]2016-01-06T00:56:33.333-0800: 29.454: [WeakReference, 0 refs, 0.0002630 secs]2016-01-06T00:56:33.333-0800: 29.454: [FinalReference, 0 refs, 0.0003280 secs]2016-01-06T00:56:33.333-0800: 29.454: [PhantomReference, 0 refs, 52806 refs, 0.0013070 secs]2016-01-06T00:56:33.335-0800: 29.456: [JNI Weak Reference, 0.0000100 secs], 0.1459870 secs]
   [Parallel Time: 31.4 ms, GC Workers: 4]
      [GC Worker Start (ms): Min: 29316.9, Avg: 29317.2, Max: 29317.9, Diff: 1.0]
      [Ext Root Scanning (ms): Min: 0.0, Avg: 0.3, Max: 0.4, Diff: 0.4, Sum: 1.2]
      [SATB Filtering (ms): Min: 0.0, Avg: 0.0, Max: 0.0, Diff: 0.0, Sum: 0.0]
      [Update RS (ms): Min: 18.8, Avg: 19.1, Max: 19.4, Diff: 0.6, Sum: 76.2]
         [Processed Buffers: Min: 26, Avg: 27.2, Max: 29, Diff: 3, Sum: 109]
      [Scan RS (ms): Min: 0.6, Avg: 0.7, Max: 0.9, Diff: 0.3, Sum: 3.0]
      [Code Root Scanning (ms): Min: 0.1, Avg: 0.1, Max: 0.1, Diff: 0.0, Sum: 0.3]
      [Object Copy (ms): Min: 10.8, Avg: 10.8, Max: 10.9, Diff: 0.1, Sum: 43.3]
      [Termination (ms): Min: 0.0, Avg: 0.0, Max: 0.0, Diff: 0.0, Sum: 0.0]
      [GC Worker Other (ms): Min: 0.0, Avg: 0.1, Max: 0.1, Diff: 0.0, Sum: 0.2]
      [GC Worker Total (ms): Min: 30.4, Avg: 31.1, Max: 31.3, Diff: 1.0, Sum: 124.3]
      [GC Worker End (ms): Min: 29348.2, Avg: 29348.2, Max: 29348.3, Diff: 0.0]
   [Code Root Fixup: 0.0 ms]
   [Code Root Migration: 0.2 ms]
   [Clear CT: 0.4 ms]
   [Other: 113.9 ms]
      [Choose CSet: 0.0 ms]
      [Ref Proc: 107.2 ms]
      [Ref Enq: 4.8 ms]
      [Free CSet: 1.8 ms]
   [Eden: 1687.0M(1687.0M)->0.0B(1687.0M) Survivors: 22.0M->22.0M Heap: 3662.3M(4096.0M)->1975.8M(4096.0M)]
 [Times: user=0.53 sys=0.00, real=0.15 secs] 
2016-01-06T00:56:33.577-0800: 29.698: [GC pause (young)
Desired survivor size 112197632 bytes, new threshold 15 (max 15)
- age   1:   20612296 bytes,   20612296 total
- age   2:      36864 bytes,   20649160 total
2016-01-06T00:56:33.720-0800: 29.841: [SoftReference, 0 refs, 0.0006300 secs]2016-01-06T00:56:33.721-0800: 29.842: [WeakReference, 0 refs, 0.0002270 secs]2016-01-06T00:56:33.721-0800: 29.842: [FinalReference, 0 refs, 0.0002120 secs]2016-01-06T00:56:33.721-0800: 29.842: [PhantomReference, 0 refs, 52805 refs, 0.0014190 secs]2016-01-06T00:56:33.723-0800: 29.844: [JNI Weak Reference, 0.0000090 secs], 0.1534140 secs]
   [Parallel Time: 27.5 ms, GC Workers: 4]
      [GC Worker Start (ms): Min: 29698.2, Avg: 29698.3, Max: 29698.3, Diff: 0.1]
      [Ext Root Scanning (ms): Min: 0.3, Avg: 0.4, Max: 0.4, Diff: 0.1, Sum: 1.4]
      [SATB Filtering (ms): Min: 0.0, Avg: 0.0, Max: 0.0, Diff: 0.0, Sum: 0.0]
      [Update RS (ms): Min: 14.7, Avg: 14.9, Max: 15.1, Diff: 0.3, Sum: 59.4]
         [Processed Buffers: Min: 21, Avg: 21.8, Max: 24, Diff: 3, Sum: 87]
      [Scan RS (ms): Min: 0.6, Avg: 0.7, Max: 0.8, Diff: 0.2, Sum: 3.0]
      [Code Root Scanning (ms): Min: 0.1, Avg: 0.1, Max: 0.1, Diff: 0.1, Sum: 0.4]
      [Object Copy (ms): Min: 11.2, Avg: 11.3, Max: 11.3, Diff: 0.1, Sum: 45.0]
      [Termination (ms): Min: 0.0, Avg: 0.0, Max: 0.0, Diff: 0.0, Sum: 0.0]
      [GC Worker Other (ms): Min: 0.0, Avg: 0.1, Max: 0.1, Diff: 0.1, Sum: 0.2]
      [GC Worker Total (ms): Min: 27.3, Avg: 27.4, Max: 27.4, Diff: 0.1, Sum: 109.5]
      [GC Worker End (ms): Min: 29725.6, Avg: 29725.6, Max: 29725.7, Diff: 0.1]
   [Code Root Fixup: 0.0 ms]
   [Code Root Migration: 0.2 ms]
   [Clear CT: 0.4 ms]
   [Other: 125.2 ms]
      [Choose CSet: 0.0 ms]
      [Ref Proc: 118.1 ms]
      [Ref Enq: 5.3 ms]
      [Free CSet: 1.8 ms]
   [Eden: 1687.0M(1687.0M)->0.0B(1687.0M) Survivors: 22.0M->22.0M Heap: 3662.8M(4096.0M)->1975.8M(4096.0M)]
 [Times: user=0.56 sys=0.01, real=0.15 secs] 
2016-01-06T00:56:33.986-0800: 30.107: [GC pause (young)
Desired survivor size 112197632 bytes, new threshold 15 (max 15)
- age   1:   20612296 bytes,   20612296 total
- age   2:      36864 bytes,   20649160 total
2016-01-06T00:56:34.143-0800: 30.264: [SoftReference, 0 refs, 0.0005080 secs]2016-01-06T00:56:34.144-0800: 30.264: [WeakReference, 0 refs, 0.0002280 secs]2016-01-06T00:56:34.144-0800: 30.265: [FinalReference, 0 refs, 0.0002530 secs]2016-01-06T00:56:34.144-0800: 30.265: [PhantomReference, 0 refs, 52807 refs, 0.0016540 secs]2016-01-06T00:56:34.146-0800: 30.267: [JNI Weak Reference, 0.0000090 secs], 0.1671890 secs]
   [Parallel Time: 27.9 ms, GC Workers: 4]
      [GC Worker Start (ms): Min: 30107.1, Avg: 30107.2, Max: 30107.2, Diff: 0.1]
      [Ext Root Scanning (ms): Min: 0.3, Avg: 0.4, Max: 0.4, Diff: 0.1, Sum: 1.4]
      [SATB Filtering (ms): Min: 0.0, Avg: 0.0, Max: 0.0, Diff: 0.0, Sum: 0.0]
      [Update RS (ms): Min: 15.8, Avg: 16.0, Max: 16.2, Diff: 0.4, Sum: 64.1]
         [Processed Buffers: Min: 23, Avg: 24.2, Max: 26, Diff: 3, Sum: 97]
      [Scan RS (ms): Min: 0.6, Avg: 0.7, Max: 0.9, Diff: 0.3, Sum: 3.0]
      [Code Root Scanning (ms): Min: 0.1, Avg: 0.1, Max: 0.1, Diff: 0.0, Sum: 0.3]
      [Object Copy (ms): Min: 10.4, Avg: 10.5, Max: 10.5, Diff: 0.1, Sum: 41.9]
      [Termination (ms): Min: 0.0, Avg: 0.1, Max: 0.1, Diff: 0.1, Sum: 0.2]
      [GC Worker Other (ms): Min: 0.0, Avg: 0.0, Max: 0.1, Diff: 0.0, Sum: 0.2]
      [GC Worker Total (ms): Min: 27.7, Avg: 27.8, Max: 27.8, Diff: 0.1, Sum: 111.1]
      [GC Worker End (ms): Min: 30134.9, Avg: 30134.9, Max: 30135.0, Diff: 0.1]
   [Code Root Fixup: 0.0 ms]
   [Code Root Migration: 0.2 ms]
   [Clear CT: 0.4 ms]
   [Other: 138.7 ms]
      [Choose CSet: 0.0 ms]
      [Ref Proc: 131.6 ms]
      [Ref Enq: 5.3 ms]
      [Free CSet: 1.7 ms]
   [Eden: 1687.0M(1687.0M)->0.0B(1699.0M) Survivors: 22.0M->11.0M Heap: 3662.8M(4096.0M)->1964.8M(4096.0M)]
 [Times: user=0.54 sys=0.01, real=0.16 secs] 
2016-01-06T00:56:34.413-0800: 30.534: [GC pause (young)
Desired survivor size 112197632 bytes, new threshold 15 (max 15)
- age   1:    9613576 bytes,    9613576 total
- age   2:      36864 bytes,    9650440 total
2016-01-06T00:56:34.586-0800: 30.707: [SoftReference, 0 refs, 0.0005560 secs]2016-01-06T00:56:34.587-0800: 30.708: [WeakReference, 0 refs, 0.0002580 secs]2016-01-06T00:56:34.587-0800: 30.708: [FinalReference, 0 refs, 0.0002870 secs]2016-01-06T00:56:34.587-0800: 30.708: [PhantomReference, 0 refs, 53175 refs, 0.0014730 secs]2016-01-06T00:56:34.589-0800: 30.710: [JNI Weak Reference, 0.0000110 secs], 0.1830230 secs]
   [Parallel Time: 32.0 ms, GC Workers: 4]
      [GC Worker Start (ms): Min: 30534.4, Avg: 30534.4, Max: 30534.4, Diff: 0.1]
      [Ext Root Scanning (ms): Min: 0.3, Avg: 0.4, Max: 0.4, Diff: 0.1, Sum: 1.4]
      [SATB Filtering (ms): Min: 0.0, Avg: 0.0, Max: 0.0, Diff: 0.0, Sum: 0.0]
      [Update RS (ms): Min: 18.8, Avg: 18.9, Max: 19.1, Diff: 0.3, Sum: 75.7]
         [Processed Buffers: Min: 25, Avg: 26.2, Max: 28, Diff: 3, Sum: 105]
      [Scan RS (ms): Min: 0.7, Avg: 0.8, Max: 1.0, Diff: 0.3, Sum: 3.2]
      [Code Root Scanning (ms): Min: 0.1, Avg: 0.1, Max: 0.2, Diff: 0.1, Sum: 0.5]
      [Object Copy (ms): Min: 11.0, Avg: 11.2, Max: 11.6, Diff: 0.6, Sum: 44.6]
      [Termination (ms): Min: 0.0, Avg: 0.4, Max: 0.6, Diff: 0.6, Sum: 1.7]
      [GC Worker Other (ms): Min: 0.0, Avg: 0.0, Max: 0.1, Diff: 0.0, Sum: 0.1]
      [GC Worker Total (ms): Min: 31.8, Avg: 31.8, Max: 31.9, Diff: 0.1, Sum: 127.3]
      [GC Worker End (ms): Min: 30566.2, Avg: 30566.2, Max: 30566.3, Diff: 0.0]
   [Code Root Fixup: 0.0 ms]
   [Code Root Migration: 0.2 ms]
   [Clear CT: 0.4 ms]
   [Other: 150.4 ms]
      [Choose CSet: 0.0 ms]
      [Ref Proc: 143.3 ms]
      [Ref Enq: 5.3 ms]
      [Free CSet: 1.7 ms]
   [Eden: 1699.0M(1699.0M)->0.0B(1687.0M) Survivors: 11.0M->22.0M Heap: 3663.8M(4096.0M)->1975.8M(4096.0M)]
 [Times: user=0.70 sys=0.00, real=0.18 secs] 
2016-01-06T00:56:34.832-0800: 30.953: [GC pause (young)
Desired survivor size 112197632 bytes, new threshold 15 (max 15)
- age   1:   20639080 bytes,   20639080 total
- age   2:      36864 bytes,   20675944 total
2016-01-06T00:56:35.033-0800: 31.154: [SoftReference, 0 refs, 0.0004250 secs]2016-01-06T00:56:35.034-0800: 31.155: [WeakReference, 0 refs, 0.0002260 secs]2016-01-06T00:56:35.034-0800: 31.155: [FinalReference, 0 refs, 0.0002950 secs]2016-01-06T00:56:35.034-0800: 31.155: [PhantomReference, 0 refs, 52807 refs, 0.0016790 secs]2016-01-06T00:56:35.036-0800: 31.157: [JNI Weak Reference, 0.0000100 secs], 0.2117090 secs]
   [Parallel Time: 46.0 ms, GC Workers: 4]
      [GC Worker Start (ms): Min: 30953.0, Avg: 30953.0, Max: 30953.0, Diff: 0.1]
      [Ext Root Scanning (ms): Min: 0.3, Avg: 0.4, Max: 0.4, Diff: 0.1, Sum: 1.4]
      [SATB Filtering (ms): Min: 0.0, Avg: 0.0, Max: 0.0, Diff: 0.0, Sum: 0.0]
      [Update RS (ms): Min: 21.9, Avg: 27.8, Max: 45.1, Diff: 23.2, Sum: 111.4]
         [Processed Buffers: Min: 16, Avg: 28.5, Max: 36, Diff: 20, Sum: 114]
      [Scan RS (ms): Min: 0.3, Avg: 0.8, Max: 1.1, Diff: 0.8, Sum: 3.2]
      [Code Root Scanning (ms): Min: 0.0, Avg: 0.1, Max: 0.1, Diff: 0.1, Sum: 0.3]
      [Object Copy (ms): Min: 0.0, Avg: 8.7, Max: 11.6, Diff: 11.6, Sum: 34.7]
      [Termination (ms): Min: 0.0, Avg: 8.1, Max: 10.8, Diff: 10.8, Sum: 32.4]
      [GC Worker Other (ms): Min: 0.0, Avg: 0.0, Max: 0.0, Diff: 0.0, Sum: 0.1]
      [GC Worker Total (ms): Min: 45.8, Avg: 45.9, Max: 45.9, Diff: 0.1, Sum: 183.5]
      [GC Worker End (ms): Min: 30998.9, Avg: 30998.9, Max: 30998.9, Diff: 0.0]
   [Code Root Fixup: 0.0 ms]
   [Code Root Migration: 0.2 ms]
   [Clear CT: 0.4 ms]
   [Other: 165.1 ms]
      [Choose CSet: 0.0 ms]
      [Ref Proc: 158.1 ms]
      [Ref Enq: 5.2 ms]
      [Free CSet: 1.7 ms]
   [Eden: 1687.0M(1687.0M)->0.0B(1687.0M) Survivors: 22.0M->22.0M Heap: 3662.8M(4096.0M)->1975.3M(4096.0M)]
 [Times: user=0.78 sys=0.00, real=0.21 secs] 
2016-01-06T00:56:35.278-0800: 31.399: [GC pause (young)
Desired survivor size 112197632 bytes, new threshold 15 (max 15)
- age   1:   20612296 bytes,   20612296 total
- age   2:      36864 bytes,   20649160 total
2016-01-06T00:56:35.451-0800: 31.572: [SoftReference, 0 refs, 0.0005810 secs]2016-01-06T00:56:35.473-0800: 31.594: [WeakReference, 0 refs, 0.0002360 secs]2016-01-06T00:56:35.473-0800: 31.594: [FinalReference, 0 refs, 0.0003730 secs]2016-01-06T00:56:35.473-0800: 31.594: [PhantomReference, 0 refs, 52807 refs, 0.0016970 secs]2016-01-06T00:56:35.475-0800: 31.596: [JNI Weak Reference, 0.0000090 secs], 0.2043000 secs]
   [Parallel Time: 20.6 ms, GC Workers: 4]
      [GC Worker Start (ms): Min: 31399.2, Avg: 31399.9, Max: 31401.9, Diff: 2.7]
      [Ext Root Scanning (ms): Min: 0.0, Avg: 0.3, Max: 0.5, Diff: 0.4, Sum: 1.2]
      [SATB Filtering (ms): Min: 0.0, Avg: 0.0, Max: 0.0, Diff: 0.0, Sum: 0.0]
      [Update RS (ms): Min: 7.0, Avg: 8.7, Max: 9.5, Diff: 2.5, Sum: 34.8]
         [Processed Buffers: Min: 10, Avg: 14.0, Max: 17, Diff: 7, Sum: 56]
      [Scan RS (ms): Min: 0.6, Avg: 0.8, Max: 1.0, Diff: 0.4, Sum: 3.0]
      [Code Root Scanning (ms): Min: 0.1, Avg: 0.1, Max: 0.1, Diff: 0.0, Sum: 0.4]
      [Object Copy (ms): Min: 9.9, Avg: 9.9, Max: 10.0, Diff: 0.1, Sum: 39.8]
      [Termination (ms): Min: 0.0, Avg: 0.0, Max: 0.0, Diff: 0.0, Sum: 0.0]
      [GC Worker Other (ms): Min: 0.0, Avg: 0.0, Max: 0.1, Diff: 0.1, Sum: 0.2]
      [GC Worker Total (ms): Min: 17.8, Avg: 19.8, Max: 20.5, Diff: 2.7, Sum: 79.4]
      [GC Worker End (ms): Min: 31419.7, Avg: 31419.7, Max: 31419.8, Diff: 0.1]
   [Code Root Fixup: 0.0 ms]
   [Code Root Migration: 0.2 ms]
   [Clear CT: 0.4 ms]
   [Other: 183.1 ms]
      [Choose CSet: 0.0 ms]
      [Ref Proc: 176.2 ms]
      [Ref Enq: 5.0 ms]
      [Free CSet: 1.8 ms]
   [Eden: 1687.0M(1687.0M)->0.0B(1687.0M) Survivors: 22.0M->22.0M Heap: 3662.3M(4096.0M)->1975.8M(4096.0M)]
 [Times: user=0.70 sys=0.00, real=0.20 secs] 
2016-01-06T00:56:35.717-0800: 31.838: [GC pause (young)
Desired survivor size 112197632 bytes, new threshold 15 (max 15)
- age   1:   20612296 bytes,   20612296 total
- age   2:      36864 bytes,   20649160 total
2016-01-06T00:56:35.882-0800: 32.003: [SoftReference, 0 refs, 0.0004620 secs]2016-01-06T00:56:35.883-0800: 32.003: [WeakReference, 0 refs, 0.0003300 secs]2016-01-06T00:56:35.883-0800: 32.004: [FinalReference, 0 refs, 0.0002530 secs]2016-01-06T00:56:35.883-0800: 32.004: [PhantomReference, 0 refs, 52807 refs, 0.0017750 secs]2016-01-06T00:56:35.885-0800: 32.006: [JNI Weak Reference, 0.0000100 secs], 0.1755350 secs]
   [Parallel Time: 12.2 ms, GC Workers: 4]
      [GC Worker Start (ms): Min: 31838.2, Avg: 31838.2, Max: 31838.2, Diff: 0.1]
      [Ext Root Scanning (ms): Min: 0.3, Avg: 0.3, Max: 0.4, Diff: 0.1, Sum: 1.4]
      [SATB Filtering (ms): Min: 0.0, Avg: 0.0, Max: 0.0, Diff: 0.0, Sum: 0.0]
      [Update RS (ms): Min: 0.0, Avg: 0.1, Max: 0.3, Diff: 0.3, Sum: 0.3]
         [Processed Buffers: Min: 0, Avg: 1.5, Max: 3, Diff: 3, Sum: 6]
      [Scan RS (ms): Min: 0.6, Avg: 0.8, Max: 0.9, Diff: 0.2, Sum: 3.2]
      [Code Root Scanning (ms): Min: 0.1, Avg: 0.1, Max: 0.1, Diff: 0.0, Sum: 0.4]
      [Object Copy (ms): Min: 10.7, Avg: 10.7, Max: 10.8, Diff: 0.1, Sum: 42.9]
      [Termination (ms): Min: 0.0, Avg: 0.0, Max: 0.0, Diff: 0.0, Sum: 0.0]
      [GC Worker Other (ms): Min: 0.0, Avg: 0.1, Max: 0.1, Diff: 0.1, Sum: 0.2]
      [GC Worker Total (ms): Min: 12.0, Avg: 12.1, Max: 12.2, Diff: 0.1, Sum: 48.4]
      [GC Worker End (ms): Min: 31850.2, Avg: 31850.3, Max: 31850.3, Diff: 0.1]
   [Code Root Fixup: 0.0 ms]
   [Code Root Migration: 0.2 ms]
   [Clear CT: 0.4 ms]
   [Other: 162.6 ms]
      [Choose CSet: 0.0 ms]
      [Ref Proc: 155.5 ms]
      [Ref Enq: 5.3 ms]
      [Free CSet: 1.8 ms]
   [Eden: 1687.0M(1687.0M)->0.0B(1687.0M) Survivors: 22.0M->22.0M Heap: 3662.8M(4096.0M)->1975.8M(4096.0M)]
 [Times: user=0.67 sys=0.01, real=0.17 secs] 
2016-01-06T00:56:36.150-0800: 32.271: [GC pause (young)
Desired survivor size 112197632 bytes, new threshold 15 (max 15)
- age   1:   20612296 bytes,   20612296 total
- age   2:      36864 bytes,   20649160 total
2016-01-06T00:56:36.321-0800: 32.442: [SoftReference, 0 refs, 0.0004200 secs]2016-01-06T00:56:36.322-0800: 32.443: [WeakReference, 0 refs, 0.0002370 secs]2016-01-06T00:56:36.322-0800: 32.443: [FinalReference, 0 refs, 0.0002380 secs]2016-01-06T00:56:36.322-0800: 32.443: [PhantomReference, 0 refs, 52807 refs, 0.0015870 secs]2016-01-06T00:56:36.324-0800: 32.445: [JNI Weak Reference, 0.0000080 secs], 0.1817950 secs]
   [Parallel Time: 23.0 ms, GC Workers: 4]
      [GC Worker Start (ms): Min: 32270.7, Avg: 32271.5, Max: 32273.9, Diff: 3.2]
      [Ext Root Scanning (ms): Min: 0.0, Avg: 0.7, Max: 1.8, Diff: 1.8, Sum: 2.9]
      [SATB Filtering (ms): Min: 0.0, Avg: 0.0, Max: 0.0, Diff: 0.0, Sum: 0.0]
      [Update RS (ms): Min: 6.4, Avg: 10.5, Max: 19.3, Diff: 12.9, Sum: 41.8]
         [Processed Buffers: Min: 9, Avg: 12.0, Max: 18, Diff: 9, Sum: 48]
      [Scan RS (ms): Min: 0.3, Avg: 0.8, Max: 1.3, Diff: 1.0, Sum: 3.0]
      [Code Root Scanning (ms): Min: 0.0, Avg: 0.1, Max: 0.1, Diff: 0.1, Sum: 0.4]
      [Object Copy (ms): Min: 1.6, Avg: 8.9, Max: 11.3, Diff: 9.7, Sum: 35.5]
      [Termination (ms): Min: 0.0, Avg: 0.0, Max: 0.0, Diff: 0.0, Sum: 0.0]
      [GC Worker Other (ms): Min: 0.0, Avg: 0.1, Max: 0.1, Diff: 0.1, Sum: 0.2]
      [GC Worker Total (ms): Min: 18.6, Avg: 21.0, Max: 21.8, Diff: 3.2, Sum: 83.9]
      [GC Worker End (ms): Min: 32292.4, Avg: 32292.4, Max: 32292.5, Diff: 0.1]
   [Code Root Fixup: 0.0 ms]
   [Code Root Migration: 0.2 ms]
   [Clear CT: 0.4 ms]
   [Other: 158.2 ms]
      [Choose CSet: 0.0 ms]
      [Ref Proc: 151.1 ms]
      [Ref Enq: 5.3 ms]
      [Free CSet: 1.7 ms]
   [Eden: 1687.0M(1687.0M)->0.0B(1687.0M) Survivors: 22.0M->22.0M Heap: 3662.8M(4096.0M)->1975.8M(4096.0M)]
 [Times: user=0.64 sys=0.00, real=0.18 secs] 
2016-01-06T00:56:36.568-0800: 32.689: [GC pause (young)
Desired survivor size 112197632 bytes, new threshold 15 (max 15)
- age   1:   20612296 bytes,   20612296 total
- age   2:      36864 bytes,   20649160 total
2016-01-06T00:56:36.767-0800: 32.888: [SoftReference, 0 refs, 0.0004760 secs]2016-01-06T00:56:36.768-0800: 32.889: [WeakReference, 0 refs, 0.0002680 secs]2016-01-06T00:56:36.768-0800: 32.889: [FinalReference, 0 refs, 0.0002410 secs]2016-01-06T00:56:36.768-0800: 32.889: [PhantomReference, 0 refs, 52807 refs, 0.0013210 secs]2016-01-06T00:56:36.770-0800: 32.891: [JNI Weak Reference, 0.0000090 secs], 0.2107200 secs]
   [Parallel Time: 32.2 ms, GC Workers: 4]
      [GC Worker Start (ms): Min: 32688.7, Avg: 32688.7, Max: 32688.8, Diff: 0.1]
      [Ext Root Scanning (ms): Min: 0.3, Avg: 0.4, Max: 0.4, Diff: 0.0, Sum: 1.4]
      [SATB Filtering (ms): Min: 0.0, Avg: 0.0, Max: 0.0, Diff: 0.0, Sum: 0.0]
      [Update RS (ms): Min: 19.7, Avg: 20.0, Max: 20.3, Diff: 0.6, Sum: 79.9]
         [Processed Buffers: Min: 28, Avg: 28.8, Max: 31, Diff: 3, Sum: 115]
      [Scan RS (ms): Min: 0.5, Avg: 0.8, Max: 1.0, Diff: 0.5, Sum: 3.0]
      [Code Root Scanning (ms): Min: 0.1, Avg: 0.1, Max: 0.1, Diff: 0.1, Sum: 0.3]
      [Object Copy (ms): Min: 10.8, Avg: 10.8, Max: 10.8, Diff: 0.1, Sum: 43.2]
      [Termination (ms): Min: 0.0, Avg: 0.0, Max: 0.0, Diff: 0.0, Sum: 0.0]
      [GC Worker Other (ms): Min: 0.0, Avg: 0.1, Max: 0.1, Diff: 0.0, Sum: 0.3]
      [GC Worker Total (ms): Min: 32.0, Avg: 32.1, Max: 32.1, Diff: 0.1, Sum: 128.3]
      [GC Worker End (ms): Min: 32720.8, Avg: 32720.8, Max: 32720.8, Diff: 0.0]
   [Code Root Fixup: 0.0 ms]
   [Code Root Migration: 0.2 ms]
   [Clear CT: 1.4 ms]
   [Other: 176.9 ms]
      [Choose CSet: 0.0 ms]
      [Ref Proc: 169.8 ms]
      [Ref Enq: 5.3 ms]
      [Free CSet: 1.8 ms]
   [Eden: 1687.0M(1687.0M)->0.0B(841.0M) Survivors: 22.0M->22.0M Heap: 3662.8M(4096.0M)->1975.8M(4096.0M)]
 [Times: user=0.82 sys=0.01, real=0.21 secs] 
2016-01-06T00:56:36.905-0800: 33.026: [GC pause (young)
Desired survivor size 56623104 bytes, new threshold 15 (max 15)
- age   1:   20612296 bytes,   20612296 total
- age   2:      36864 bytes,   20649160 total
2016-01-06T00:56:37.084-0800: 33.205: [SoftReference, 0 refs, 0.0004770 secs]2016-01-06T00:56:37.085-0800: 33.206: [WeakReference, 0 refs, 0.0002170 secs]2016-01-06T00:56:37.085-0800: 33.206: [FinalReference, 0 refs, 0.0003550 secs]2016-01-06T00:56:37.085-0800: 33.206: [PhantomReference, 0 refs, 26581 refs, 0.0009220 secs]2016-01-06T00:56:37.086-0800: 33.207: [JNI Weak Reference, 0.0000090 secs], 0.1844730 secs]
   [Parallel Time: 17.7 ms, GC Workers: 4]
      [GC Worker Start (ms): Min: 33026.1, Avg: 33027.1, Max: 33029.9, Diff: 3.8]
      [Ext Root Scanning (ms): Min: 0.0, Avg: 0.4, Max: 0.5, Diff: 0.5, Sum: 1.5]
      [SATB Filtering (ms): Min: 0.0, Avg: 0.0, Max: 0.0, Diff: 0.0, Sum: 0.0]
      [Update RS (ms): Min: 5.8, Avg: 9.0, Max: 11.5, Diff: 5.7, Sum: 35.9]
         [Processed Buffers: Min: 7, Avg: 10.5, Max: 14, Diff: 7, Sum: 42]
      [Scan RS (ms): Min: 0.1, Avg: 0.4, Max: 0.7, Diff: 0.6, Sum: 1.6]
      [Code Root Scanning (ms): Min: 0.0, Avg: 0.0, Max: 0.1, Diff: 0.1, Sum: 0.2]
      [Object Copy (ms): Min: 5.5, Avg: 6.7, Max: 7.2, Diff: 1.7, Sum: 27.0]
      [Termination (ms): Min: 0.0, Avg: 0.1, Max: 0.1, Diff: 0.1, Sum: 0.4]
      [GC Worker Other (ms): Min: 0.0, Avg: 0.0, Max: 0.0, Diff: 0.0, Sum: 0.1]
      [GC Worker Total (ms): Min: 13.8, Avg: 16.6, Max: 17.6, Diff: 3.8, Sum: 66.5]
      [GC Worker End (ms): Min: 33043.7, Avg: 33043.7, Max: 33043.7, Diff: 0.0]
   [Code Root Fixup: 0.0 ms]
   [Code Root Migration: 0.1 ms]
   [Clear CT: 0.3 ms]
   [Other: 166.4 ms]
      [Choose CSet: 0.0 ms]
      [Ref Proc: 163.4 ms]
      [Ref Enq: 2.0 ms]
      [Free CSet: 0.9 ms]
   [Eden: 841.0M(841.0M)->0.0B(1364.0M) Survivors: 22.0M->20.0M Heap: 2816.8M(4096.0M)->1973.3M(4096.0M)]
 [Times: user=0.68 sys=0.00, real=0.18 secs] 
2016-01-06T00:56:37.298-0800: 33.419: [GC pause (young)
Desired survivor size 90701824 bytes, new threshold 15 (max 15)
- age   1:   18724024 bytes,   18724024 total
- age   2:      36864 bytes,   18760888 total
2016-01-06T00:56:37.509-0800: 33.630: [SoftReference, 0 refs, 0.0004500 secs]2016-01-06T00:56:37.510-0800: 33.631: [WeakReference, 0 refs, 0.0002770 secs]2016-01-06T00:56:37.510-0800: 33.631: [FinalReference, 0 refs, 0.0002400 secs]2016-01-06T00:56:37.510-0800: 33.631: [PhantomReference, 0 refs, 42794 refs, 0.0014540 secs]2016-01-06T00:56:37.512-0800: 33.633: [JNI Weak Reference, 0.0000110 secs], 0.2203400 secs]
   [Parallel Time: 33.6 ms, GC Workers: 4]
      [GC Worker Start (ms): Min: 33418.9, Avg: 33419.9, Max: 33421.9, Diff: 3.0]
      [Ext Root Scanning (ms): Min: 0.0, Avg: 0.3, Max: 0.6, Diff: 0.6, Sum: 1.2]
      [SATB Filtering (ms): Min: 0.0, Avg: 0.0, Max: 0.0, Diff: 0.0, Sum: 0.0]
      [Update RS (ms): Min: 19.8, Avg: 21.5, Max: 22.6, Diff: 2.8, Sum: 85.9]
         [Processed Buffers: Min: 28, Avg: 30.8, Max: 35, Diff: 7, Sum: 123]
      [Scan RS (ms): Min: 0.3, Avg: 0.6, Max: 0.8, Diff: 0.5, Sum: 2.6]
      [Code Root Scanning (ms): Min: 0.0, Avg: 0.1, Max: 0.1, Diff: 0.1, Sum: 0.2]
      [Object Copy (ms): Min: 9.8, Avg: 9.9, Max: 10.0, Diff: 0.1, Sum: 39.7]
      [Termination (ms): Min: 0.0, Avg: 0.0, Max: 0.0, Diff: 0.0, Sum: 0.0]
      [GC Worker Other (ms): Min: 0.0, Avg: 0.0, Max: 0.1, Diff: 0.1, Sum: 0.2]
      [GC Worker Total (ms): Min: 30.5, Avg: 32.4, Max: 33.5, Diff: 3.0, Sum: 129.8]
      [GC Worker End (ms): Min: 33452.3, Avg: 33452.4, Max: 33452.4, Diff: 0.1]
   [Code Root Fixup: 0.0 ms]
   [Code Root Migration: 0.2 ms]
   [Clear CT: 0.4 ms]
   [Other: 186.2 ms]
      [Choose CSet: 0.0 ms]
      [Ref Proc: 180.4 ms]
      [Ref Enq: 4.3 ms]
      [Free CSet: 1.4 ms]
   [Eden: 1364.0M(1364.0M)->0.0B(183.0M) Survivors: 20.0M->21.0M Heap: 3337.3M(4096.0M)->1974.8M(4096.0M)]
 [Times: user=0.82 sys=0.01, real=0.22 secs] 
2016-01-06T00:56:37.547-0800: 33.668: [GC pause (young)
Desired survivor size 13631488 bytes, new threshold 1 (max 15)
- age   1:   19891360 bytes,   19891360 total
- age   2:      36864 bytes,   19928224 total
2016-01-06T00:56:37.735-0800: 33.856: [SoftReference, 0 refs, 0.0005670 secs]2016-01-06T00:56:37.735-0800: 33.856: [WeakReference, 0 refs, 0.0002360 secs]2016-01-06T00:56:37.736-0800: 33.857: [FinalReference, 0 refs, 0.0003550 secs]2016-01-06T00:56:37.736-0800: 33.857: [PhantomReference, 0 refs, 6183 refs, 0.0006450 secs]2016-01-06T00:56:37.737-0800: 33.858: [JNI Weak Reference, 0.0000100 secs], 0.1908980 secs]
   [Parallel Time: 5.4 ms, GC Workers: 4]
      [GC Worker Start (ms): Min: 33667.8, Avg: 33668.3, Max: 33669.9, Diff: 2.1]
      [Ext Root Scanning (ms): Min: 0.0, Avg: 0.3, Max: 0.4, Diff: 0.4, Sum: 1.2]
      [SATB Filtering (ms): Min: 0.0, Avg: 0.0, Max: 0.0, Diff: 0.0, Sum: 0.0]
      [Update RS (ms): Min: 0.7, Avg: 2.2, Max: 2.9, Diff: 2.2, Sum: 8.9]
         [Processed Buffers: Min: 1, Avg: 5.0, Max: 8, Diff: 7, Sum: 20]
      [Scan RS (ms): Min: 0.0, Avg: 0.1, Max: 0.2, Diff: 0.2, Sum: 0.3]
      [Code Root Scanning (ms): Min: 0.0, Avg: 0.0, Max: 0.0, Diff: 0.0, Sum: 0.0]
      [Object Copy (ms): Min: 1.9, Avg: 2.1, Max: 2.3, Diff: 0.4, Sum: 8.5]
      [Termination (ms): Min: 0.0, Avg: 0.0, Max: 0.0, Diff: 0.0, Sum: 0.0]
      [GC Worker Other (ms): Min: 0.0, Avg: 0.0, Max: 0.0, Diff: 0.0, Sum: 0.1]
      [GC Worker Total (ms): Min: 3.2, Avg: 4.8, Max: 5.3, Diff: 2.1, Sum: 19.1]
      [GC Worker End (ms): Min: 33673.1, Avg: 33673.1, Max: 33673.1, Diff: 0.0]
   [Code Root Fixup: 0.0 ms]
   [Code Root Migration: 0.0 ms]
   [Clear CT: 0.1 ms]
   [Other: 185.4 ms]
      [Choose CSet: 0.0 ms]
      [Ref Proc: 184.5 ms]
      [Ref Enq: 0.5 ms]
      [Free CSet: 0.3 ms]
   [Eden: 183.0M(183.0M)->0.0B(186.0M) Survivors: 21.0M->18.0M Heap: 2157.8M(4096.0M)->1971.9M(4096.0M)]
 [Times: user=0.72 sys=0.01, real=0.19 secs] 
2016-01-06T00:56:37.766-0800: 33.887: [GC pause (young)
Desired survivor size 13631488 bytes, new threshold 1 (max 15)
- age   1:   17255368 bytes,   17255368 total
2016-01-06T00:56:37.953-0800: 34.074: [SoftReference, 0 refs, 0.0006050 secs]2016-01-06T00:56:37.954-0800: 34.075: [WeakReference, 0 refs, 0.0003340 secs]2016-01-06T00:56:37.954-0800: 34.075: [FinalReference, 0 refs, 0.0003770 secs]2016-01-06T00:56:37.955-0800: 34.076: [PhantomReference, 0 refs, 6276 refs, 0.0010130 secs]2016-01-06T00:56:37.956-0800: 34.077: [JNI Weak Reference, 0.0000090 secs], 0.1909760 secs]
   [Parallel Time: 5.7 ms, GC Workers: 4]
      [GC Worker Start (ms): Min: 33886.9, Avg: 33886.9, Max: 33886.9, Diff: 0.1]
      [Ext Root Scanning (ms): Min: 0.3, Avg: 0.4, Max: 0.4, Diff: 0.1, Sum: 1.4]
      [SATB Filtering (ms): Min: 0.0, Avg: 0.0, Max: 0.0, Diff: 0.0, Sum: 0.0]
      [Update RS (ms): Min: 2.5, Avg: 2.7, Max: 2.9, Diff: 0.5, Sum: 10.9]
         [Processed Buffers: Min: 4, Avg: 5.5, Max: 7, Diff: 3, Sum: 22]
      [Scan RS (ms): Min: 0.0, Avg: 0.1, Max: 0.3, Diff: 0.2, Sum: 0.4]
      [Code Root Scanning (ms): Min: 0.0, Avg: 0.0, Max: 0.0, Diff: 0.0, Sum: 0.0]
      [Object Copy (ms): Min: 2.2, Avg: 2.4, Max: 2.5, Diff: 0.2, Sum: 9.6]
      [Termination (ms): Min: 0.0, Avg: 0.0, Max: 0.0, Diff: 0.0, Sum: 0.0]
      [GC Worker Other (ms): Min: 0.0, Avg: 0.0, Max: 0.0, Diff: 0.0, Sum: 0.1]
      [GC Worker Total (ms): Min: 5.5, Avg: 5.6, Max: 5.6, Diff: 0.1, Sum: 22.3]
      [GC Worker End (ms): Min: 33892.5, Avg: 33892.5, Max: 33892.5, Diff: 0.0]
   [Code Root Fixup: 0.0 ms]
   [Code Root Migration: 0.0 ms]
   [Clear CT: 0.2 ms]
   [Other: 185.1 ms]
      [Choose CSet: 0.0 ms]
      [Ref Proc: 184.2 ms]
      [Ref Enq: 0.5 ms]
      [Free CSet: 0.3 ms]
   [Eden: 186.0M(186.0M)->0.0B(185.0M) Survivors: 18.0M->19.0M Heap: 2157.9M(4096.0M)->1972.9M(4096.0M)]
 [Times: user=0.73 sys=0.00, real=0.18 secs] 
2016-01-06T00:56:37.988-0800: 34.109: [GC pause (young)
Desired survivor size 13631488 bytes, new threshold 1 (max 15)
- age   1:   17262064 bytes,   17262064 total
2016-01-06T00:56:38.198-0800: 34.319: [SoftReference, 0 refs, 0.0006020 secs]2016-01-06T00:56:38.199-0800: 34.320: [WeakReference, 0 refs, 0.0003230 secs]2016-01-06T00:56:38.199-0800: 34.320: [FinalReference, 0 refs, 0.0003000 secs]2016-01-06T00:56:38.200-0800: 34.320: [PhantomReference, 0 refs, 6245 refs, 0.0009070 secs]2016-01-06T00:56:38.200-0800: 34.321: [JNI Weak Reference, 0.0000130 secs], 0.2139170 secs]
   [Parallel Time: 9.8 ms, GC Workers: 4]
      [GC Worker Start (ms): Min: 34108.6, Avg: 34108.9, Max: 34109.9, Diff: 1.3]
      [Ext Root Scanning (ms): Min: 0.0, Avg: 0.3, Max: 0.5, Diff: 0.5, Sum: 1.4]
      [SATB Filtering (ms): Min: 0.0, Avg: 0.0, Max: 0.0, Diff: 0.0, Sum: 0.0]
      [Update RS (ms): Min: 6.4, Avg: 6.7, Max: 7.1, Diff: 0.7, Sum: 27.0]
         [Processed Buffers: Min: 7, Avg: 10.2, Max: 13, Diff: 6, Sum: 41]
      [Scan RS (ms): Min: 0.0, Avg: 0.1, Max: 0.3, Diff: 0.3, Sum: 0.3]
      [Code Root Scanning (ms): Min: 0.0, Avg: 0.0, Max: 0.0, Diff: 0.0, Sum: 0.0]
      [Object Copy (ms): Min: 2.1, Avg: 2.2, Max: 2.5, Diff: 0.4, Sum: 9.0]
      [Termination (ms): Min: 0.0, Avg: 0.0, Max: 0.0, Diff: 0.0, Sum: 0.0]
      [GC Worker Other (ms): Min: 0.0, Avg: 0.0, Max: 0.0, Diff: 0.0, Sum: 0.1]
      [GC Worker Total (ms): Min: 8.5, Avg: 9.4, Max: 9.8, Diff: 1.3, Sum: 37.8]
      [GC Worker End (ms): Min: 34118.4, Avg: 34118.4, Max: 34118.4, Diff: 0.0]
   [Code Root Fixup: 0.0 ms]
   [Code Root Migration: 0.0 ms]
   [Clear CT: 0.2 ms]
   [Other: 203.9 ms]
      [Choose CSet: 0.0 ms]
      [Ref Proc: 203.0 ms]
      [Ref Enq: 0.3 ms]
      [Free CSet: 0.5 ms]
   [Eden: 185.0M(185.0M)->0.0B(186.0M) Survivors: 19.0M->18.0M Heap: 2157.9M(4096.0M)->1972.0M(4096.0M)]
 [Times: user=0.73 sys=0.00, real=0.21 secs] 
2016-01-06T00:56:38.232-0800: 34.353: [GC pause (young)
Desired survivor size 13631488 bytes, new threshold 1 (max 15)
- age   1:   16865848 bytes,   16865848 total
2016-01-06T00:56:38.425-0800: 34.546: [SoftReference, 0 refs, 0.0004510 secs]2016-01-06T00:56:38.425-0800: 34.546: [WeakReference, 0 refs, 0.0002240 secs]2016-01-06T00:56:38.426-0800: 34.546: [FinalReference, 0 refs, 0.0003570 secs]2016-01-06T00:56:38.426-0800: 34.547: [PhantomReference, 0 refs, 6276 refs, 0.0005930 secs]2016-01-06T00:56:38.426-0800: 34.547: [JNI Weak Reference, 0.0000130 secs], 0.1953470 secs]
   [Parallel Time: 6.7 ms, GC Workers: 4]
      [GC Worker Start (ms): Min: 34353.1, Avg: 34353.3, Max: 34353.9, Diff: 0.8]
      [Ext Root Scanning (ms): Min: 0.0, Avg: 0.3, Max: 0.5, Diff: 0.5, Sum: 1.4]
      [SATB Filtering (ms): Min: 0.0, Avg: 0.0, Max: 0.0, Diff: 0.0, Sum: 0.0]
      [Update RS (ms): Min: 3.3, Avg: 3.8, Max: 4.5, Diff: 1.2, Sum: 15.1]
         [Processed Buffers: Min: 1, Avg: 5.5, Max: 11, Diff: 10, Sum: 22]
      [Scan RS (ms): Min: 0.0, Avg: 0.1, Max: 0.3, Diff: 0.3, Sum: 0.3]
      [Code Root Scanning (ms): Min: 0.0, Avg: 0.0, Max: 0.0, Diff: 0.0, Sum: 0.0]
      [Object Copy (ms): Min: 1.4, Avg: 2.0, Max: 2.3, Diff: 0.9, Sum: 8.1]
      [Termination (ms): Min: 0.0, Avg: 0.1, Max: 0.1, Diff: 0.1, Sum: 0.3]
      [GC Worker Other (ms): Min: 0.0, Avg: 0.0, Max: 0.0, Diff: 0.0, Sum: 0.0]
      [GC Worker Total (ms): Min: 5.7, Avg: 6.3, Max: 6.6, Diff: 0.9, Sum: 25.3]
      [GC Worker End (ms): Min: 34359.6, Avg: 34359.6, Max: 34359.6, Diff: 0.1]
   [Code Root Fixup: 0.0 ms]
   [Code Root Migration: 0.0 ms]
   [Clear CT: 0.1 ms]
   [Other: 188.5 ms]
      [Choose CSet: 0.0 ms]
      [Ref Proc: 187.7 ms]
      [Ref Enq: 0.5 ms]
      [Free CSet: 0.3 ms]
   [Eden: 186.0M(186.0M)->0.0B(185.0M) Survivors: 18.0M->19.0M Heap: 2158.0M(4096.0M)->1972.5M(4096.0M)]
 [Times: user=0.75 sys=0.00, real=0.20 secs] 
2016-01-06T00:56:38.453-0800: 34.574: [GC pause (young)
Desired survivor size 13631488 bytes, new threshold 1 (max 15)
- age   1:   17262064 bytes,   17262064 total
2016-01-06T00:56:38.642-0800: 34.763: [SoftReference, 0 refs, 0.0006100 secs]2016-01-06T00:56:38.643-0800: 34.764: [WeakReference, 0 refs, 0.0002390 secs]2016-01-06T00:56:38.643-0800: 34.764: [FinalReference, 0 refs, 0.0002610 secs]2016-01-06T00:56:38.643-0800: 34.764: [PhantomReference, 0 refs, 6245 refs, 0.0006260 secs]2016-01-06T00:56:38.644-0800: 34.765: [JNI Weak Reference, 0.0000120 secs], 0.1914430 secs]
   [Parallel Time: 7.7 ms, GC Workers: 4]
      [GC Worker Start (ms): Min: 34574.4, Avg: 34575.3, Max: 34577.9, Diff: 3.5]
      [Ext Root Scanning (ms): Min: 0.0, Avg: 0.3, Max: 0.5, Diff: 0.5, Sum: 1.2]
      [SATB Filtering (ms): Min: 0.0, Avg: 0.0, Max: 0.0, Diff: 0.0, Sum: 0.0]
      [Update RS (ms): Min: 1.9, Avg: 4.0, Max: 4.9, Diff: 3.0, Sum: 15.9]
         [Processed Buffers: Min: 3, Avg: 7.5, Max: 11, Diff: 8, Sum: 30]
      [Scan RS (ms): Min: 0.0, Avg: 0.1, Max: 0.2, Diff: 0.2, Sum: 0.3]
      [Code Root Scanning (ms): Min: 0.0, Avg: 0.0, Max: 0.0, Diff: 0.0, Sum: 0.0]
      [Object Copy (ms): Min: 2.1, Avg: 2.3, Max: 2.4, Diff: 0.3, Sum: 9.2]
      [Termination (ms): Min: 0.0, Avg: 0.0, Max: 0.0, Diff: 0.0, Sum: 0.0]
      [GC Worker Other (ms): Min: 0.0, Avg: 0.0, Max: 0.0, Diff: 0.0, Sum: 0.1]
      [GC Worker Total (ms): Min: 4.0, Avg: 6.7, Max: 7.6, Diff: 3.5, Sum: 26.7]
      [GC Worker End (ms): Min: 34581.9, Avg: 34581.9, Max: 34581.9, Diff: 0.0]
   [Code Root Fixup: 0.0 ms]
   [Code Root Migration: 0.0 ms]
   [Clear CT: 0.1 ms]
   [Other: 183.6 ms]
      [Choose CSet: 0.0 ms]
      [Ref Proc: 182.8 ms]
      [Ref Enq: 0.5 ms]
      [Free CSet: 0.3 ms]
   [Eden: 185.0M(185.0M)->0.0B(185.0M) Survivors: 19.0M->19.0M Heap: 2157.5M(4096.0M)->1972.6M(4096.0M)]
 [Times: user=0.74 sys=0.00, real=0.19 secs] 
2016-01-06T00:56:38.671-0800: 34.792: [GC pause (young)
Desired survivor size 13631488 bytes, new threshold 1 (max 15)
- age   1:   17259832 bytes,   17259832 total
2016-01-06T00:56:38.858-0800: 34.979: [SoftReference, 0 refs, 0.0004510 secs]2016-01-06T00:56:38.859-0800: 34.979: [WeakReference, 0 refs, 0.0002790 secs]2016-01-06T00:56:38.859-0800: 34.980: [FinalReference, 0 refs, 0.0002450 secs]2016-01-06T00:56:38.859-0800: 34.980: [PhantomReference, 0 refs, 6242 refs, 0.0006570 secs]2016-01-06T00:56:38.860-0800: 34.981: [JNI Weak Reference, 0.0000110 secs], 0.1895760 secs]
   [Parallel Time: 3.0 ms, GC Workers: 4]
      [GC Worker Start (ms): Min: 34792.1, Avg: 34792.1, Max: 34792.2, Diff: 0.1]
      [Ext Root Scanning (ms): Min: 0.3, Avg: 0.4, Max: 0.4, Diff: 0.1, Sum: 1.4]
      [SATB Filtering (ms): Min: 0.0, Avg: 0.0, Max: 0.0, Diff: 0.0, Sum: 0.0]
      [Update RS (ms): Min: 0.0, Avg: 0.1, Max: 0.3, Diff: 0.3, Sum: 0.4]
         [Processed Buffers: Min: 1, Avg: 2.0, Max: 3, Diff: 2, Sum: 8]
      [Scan RS (ms): Min: 0.0, Avg: 0.1, Max: 0.1, Diff: 0.1, Sum: 0.3]
      [Code Root Scanning (ms): Min: 0.0, Avg: 0.0, Max: 0.0, Diff: 0.0, Sum: 0.0]
      [Object Copy (ms): Min: 2.3, Avg: 2.4, Max: 2.4, Diff: 0.1, Sum: 9.5]
      [Termination (ms): Min: 0.0, Avg: 0.0, Max: 0.0, Diff: 0.0, Sum: 0.0]
      [GC Worker Other (ms): Min: 0.0, Avg: 0.0, Max: 0.0, Diff: 0.0, Sum: 0.1]
      [GC Worker Total (ms): Min: 2.9, Avg: 3.0, Max: 3.0, Diff: 0.1, Sum: 11.8]
      [GC Worker End (ms): Min: 34795.1, Avg: 34795.1, Max: 34795.1, Diff: 0.0]
   [Code Root Fixup: 0.0 ms]
   [Code Root Migration: 0.0 ms]
   [Clear CT: 0.1 ms]
   [Other: 186.4 ms]
      [Choose CSet: 0.0 ms]
      [Ref Proc: 185.5 ms]
      [Ref Enq: 0.5 ms]
      [Free CSet: 0.3 ms]
   [Eden: 185.0M(185.0M)->0.0B(186.0M) Survivors: 19.0M->18.0M Heap: 2157.6M(4096.0M)->1972.1M(4096.0M)]
 [Times: user=0.73 sys=0.01, real=0.19 secs] 
2016-01-06T00:56:38.889-0800: 35.010: [GC pause (young)
Desired survivor size 13631488 bytes, new threshold 1 (max 15)
- age   1:   17259832 bytes,   17259832 total
2016-01-06T00:56:39.102-0800: 35.223: [SoftReference, 0 refs, 0.0005420 secs]2016-01-06T00:56:39.102-0800: 35.223: [WeakReference, 0 refs, 0.0002360 secs]2016-01-06T00:56:39.102-0800: 35.223: [FinalReference, 0 refs, 0.0002500 secs]2016-01-06T00:56:39.103-0800: 35.224: [PhantomReference, 0 refs, 6274 refs, 0.0005830 secs]2016-01-06T00:56:39.103-0800: 35.224: [JNI Weak Reference, 0.0000130 secs], 0.2155650 secs]
   [Parallel Time: 3.1 ms, GC Workers: 4]
      [GC Worker Start (ms): Min: 35009.8, Avg: 35009.8, Max: 35009.9, Diff: 0.1]
      [Ext Root Scanning (ms): Min: 0.3, Avg: 0.4, Max: 0.4, Diff: 0.0, Sum: 1.4]
      [SATB Filtering (ms): Min: 0.0, Avg: 0.0, Max: 0.0, Diff: 0.0, Sum: 0.0]
      [Update RS (ms): Min: 0.0, Avg: 0.1, Max: 0.2, Diff: 0.2, Sum: 0.4]
         [Processed Buffers: Min: 1, Avg: 1.8, Max: 2, Diff: 1, Sum: 7]
      [Scan RS (ms): Min: 0.0, Avg: 0.1, Max: 0.1, Diff: 0.1, Sum: 0.4]
      [Code Root Scanning (ms): Min: 0.0, Avg: 0.0, Max: 0.0, Diff: 0.0, Sum: 0.0]
      [Object Copy (ms): Min: 2.3, Avg: 2.4, Max: 2.4, Diff: 0.1, Sum: 9.4]
      [Termination (ms): Min: 0.0, Avg: 0.0, Max: 0.0, Diff: 0.0, Sum: 0.0]
      [GC Worker Other (ms): Min: 0.0, Avg: 0.0, Max: 0.0, Diff: 0.0, Sum: 0.1]
      [GC Worker Total (ms): Min: 2.9, Avg: 2.9, Max: 3.0, Diff: 0.1, Sum: 11.8]
      [GC Worker End (ms): Min: 35012.8, Avg: 35012.8, Max: 35012.8, Diff: 0.0]
   [Code Root Fixup: 0.0 ms]
   [Code Root Migration: 0.0 ms]
   [Clear CT: 0.1 ms]
   [Other: 212.3 ms]
      [Choose CSet: 0.0 ms]
      [Ref Proc: 211.4 ms]
      [Ref Enq: 0.6 ms]
      [Free CSet: 0.3 ms]
   [Eden: 186.0M(186.0M)->0.0B(185.0M) Survivors: 18.0M->19.0M Heap: 2158.1M(4096.0M)->1972.6M(4096.0M)]
 [Times: user=0.79 sys=0.00, real=0.21 secs] 
2016-01-06T00:56:39.132-0800: 35.253: [GC pause (young)
Desired survivor size 13631488 bytes, new threshold 1 (max 15)
- age   1:   17262064 bytes,   17262064 total
2016-01-06T00:56:39.326-0800: 35.447: [SoftReference, 0 refs, 0.0004140 secs]2016-01-06T00:56:39.326-0800: 35.447: [WeakReference, 0 refs, 0.0002370 secs]2016-01-06T00:56:39.326-0800: 35.447: [FinalReference, 0 refs, 0.0002440 secs]2016-01-06T00:56:39.327-0800: 35.447: [PhantomReference, 0 refs, 6245 refs, 0.0005830 secs]2016-01-06T00:56:39.327-0800: 35.448: [JNI Weak Reference, 0.0000270 secs], 0.1956730 secs]
   [Parallel Time: 3.0 ms, GC Workers: 4]
      [GC Worker Start (ms): Min: 35253.4, Avg: 35253.6, Max: 35253.9, Diff: 0.5]
      [Ext Root Scanning (ms): Min: 0.0, Avg: 0.3, Max: 0.5, Diff: 0.5, Sum: 1.3]
      [SATB Filtering (ms): Min: 0.0, Avg: 0.0, Max: 0.0, Diff: 0.0, Sum: 0.0]
      [Update RS (ms): Min: 0.0, Avg: 0.1, Max: 0.3, Diff: 0.3, Sum: 0.4]
         [Processed Buffers: Min: 0, Avg: 2.0, Max: 6, Diff: 6, Sum: 8]
      [Scan RS (ms): Min: 0.0, Avg: 0.1, Max: 0.1, Diff: 0.1, Sum: 0.3]
      [Code Root Scanning (ms): Min: 0.0, Avg: 0.0, Max: 0.0, Diff: 0.0, Sum: 0.0]
      [Object Copy (ms): Min: 2.2, Avg: 2.3, Max: 2.3, Diff: 0.1, Sum: 9.1]
      [Termination (ms): Min: 0.0, Avg: 0.0, Max: 0.0, Diff: 0.0, Sum: 0.0]
      [GC Worker Other (ms): Min: 0.0, Avg: 0.0, Max: 0.0, Diff: 0.0, Sum: 0.1]
      [GC Worker Total (ms): Min: 2.5, Avg: 2.8, Max: 3.0, Diff: 0.5, Sum: 11.3]
      [GC Worker End (ms): Min: 35256.4, Avg: 35256.4, Max: 35256.4, Diff: 0.0]
   [Code Root Fixup: 0.0 ms]
   [Code Root Migration: 0.0 ms]
   [Clear CT: 0.1 ms]
   [Other: 192.5 ms]
      [Choose CSet: 0.0 ms]
      [Ref Proc: 191.7 ms]
      [Ref Enq: 0.5 ms]
      [Free CSet: 0.3 ms]
   [Eden: 185.0M(185.0M)->0.0B(186.0M) Survivors: 19.0M->18.0M Heap: 2157.6M(4096.0M)->1972.2M(4096.0M)]
 [Times: user=0.72 sys=0.01, real=0.20 secs] 
2016-01-06T00:56:39.356-0800: 35.477: [GC pause (young)
Desired survivor size 13631488 bytes, new threshold 1 (max 15)
- age   1:   17259832 bytes,   17259832 total
2016-01-06T00:56:39.539-0800: 35.660: [SoftReference, 0 refs, 0.0004120 secs]2016-01-06T00:56:39.540-0800: 35.661: [WeakReference, 0 refs, 0.0003020 secs]2016-01-06T00:56:39.540-0800: 35.661: [FinalReference, 0 refs, 0.0002390 secs]2016-01-06T00:56:39.540-0800: 35.661: [PhantomReference, 0 refs, 6275 refs, 0.0006610 secs]2016-01-06T00:56:39.541-0800: 35.662: [JNI Weak Reference, 0.0000090 secs], 0.1859200 secs]
   [Parallel Time: 3.0 ms, GC Workers: 4]
      [GC Worker Start (ms): Min: 35477.3, Avg: 35477.5, Max: 35477.9, Diff: 0.6]
      [Ext Root Scanning (ms): Min: 0.0, Avg: 0.3, Max: 0.5, Diff: 0.5, Sum: 1.2]
      [SATB Filtering (ms): Min: 0.0, Avg: 0.0, Max: 0.0, Diff: 0.0, Sum: 0.0]
      [Update RS (ms): Min: 0.0, Avg: 0.1, Max: 0.2, Diff: 0.2, Sum: 0.4]
         [Processed Buffers: Min: 0, Avg: 1.8, Max: 5, Diff: 5, Sum: 7]
      [Scan RS (ms): Min: 0.0, Avg: 0.1, Max: 0.1, Diff: 0.1, Sum: 0.4]
      [Code Root Scanning (ms): Min: 0.0, Avg: 0.0, Max: 0.0, Diff: 0.0, Sum: 0.0]
      [Object Copy (ms): Min: 2.3, Avg: 2.3, Max: 2.3, Diff: 0.0, Sum: 9.1]
      [Termination (ms): Min: 0.0, Avg: 0.0, Max: 0.0, Diff: 0.0, Sum: 0.0]
      [GC Worker Other (ms): Min: 0.0, Avg: 0.0, Max: 0.0, Diff: 0.0, Sum: 0.0]
      [GC Worker Total (ms): Min: 2.4, Avg: 2.8, Max: 3.0, Diff: 0.6, Sum: 11.3]
      [GC Worker End (ms): Min: 35480.3, Avg: 35480.3, Max: 35480.3, Diff: 0.0]
   [Code Root Fixup: 0.0 ms]
   [Code Root Migration: 0.0 ms]
   [Clear CT: 0.1 ms]
   [Other: 182.7 ms]
      [Choose CSet: 0.0 ms]
      [Ref Proc: 181.8 ms]
      [Ref Enq: 0.6 ms]
      [Free CSet: 0.3 ms]
   [Eden: 186.0M(186.0M)->0.0B(185.0M) Survivors: 18.0M->19.0M Heap: 2158.2M(4096.0M)->1972.7M(4096.0M)]
 [Times: user=0.71 sys=0.01, real=0.19 secs] 
2016-01-06T00:56:39.570-0800: 35.691: [GC pause (young)
Desired survivor size 13631488 bytes, new threshold 1 (max 15)
- age   1:   17262064 bytes,   17262064 total
2016-01-06T00:56:39.757-0800: 35.878: [SoftReference, 0 refs, 0.0004460 secs]2016-01-06T00:56:39.757-0800: 35.878: [WeakReference, 0 refs, 0.0002110 secs]2016-01-06T00:56:39.757-0800: 35.878: [FinalReference, 0 refs, 0.0002270 secs]2016-01-06T00:56:39.758-0800: 35.878: [PhantomReference, 0 refs, 6243 refs, 0.0005320 secs]2016-01-06T00:56:39.758-0800: 35.879: [JNI Weak Reference, 0.0000080 secs], 0.1890590 secs]
   [Parallel Time: 2.9 ms, GC Workers: 4]
      [GC Worker Start (ms): Min: 35691.1, Avg: 35691.1, Max: 35691.1, Diff: 0.1]
      [Ext Root Scanning (ms): Min: 0.3, Avg: 0.4, Max: 0.4, Diff: 0.0, Sum: 1.4]
      [SATB Filtering (ms): Min: 0.0, Avg: 0.0, Max: 0.0, Diff: 0.0, Sum: 0.0]
      [Update RS (ms): Min: 0.0, Avg: 0.1, Max: 0.3, Diff: 0.3, Sum: 0.5]
         [Processed Buffers: Min: 0, Avg: 1.8, Max: 5, Diff: 5, Sum: 7]
      [Scan RS (ms): Min: 0.0, Avg: 0.1, Max: 0.1, Diff: 0.1, Sum: 0.3]
      [Code Root Scanning (ms): Min: 0.0, Avg: 0.0, Max: 0.0, Diff: 0.0, Sum: 0.0]
      [Object Copy (ms): Min: 2.2, Avg: 2.2, Max: 2.3, Diff: 0.1, Sum: 9.0]
      [Termination (ms): Min: 0.0, Avg: 0.0, Max: 0.0, Diff: 0.0, Sum: 0.0]
      [GC Worker Other (ms): Min: 0.0, Avg: 0.0, Max: 0.0, Diff: 0.0, Sum: 0.1]
      [GC Worker Total (ms): Min: 2.8, Avg: 2.8, Max: 2.9, Diff: 0.1, Sum: 11.3]
      [GC Worker End (ms): Min: 35693.9, Avg: 35693.9, Max: 35693.9, Diff: 0.0]
   [Code Root Fixup: 0.0 ms]
   [Code Root Migration: 0.0 ms]
   [Clear CT: 0.1 ms]
   [Other: 186.0 ms]
      [Choose CSet: 0.0 ms]
      [Ref Proc: 185.0 ms]
      [Ref Enq: 0.6 ms]
      [Free CSet: 0.3 ms]
   [Eden: 185.0M(185.0M)->0.0B(1162.0M) Survivors: 19.0M->19.0M Heap: 2157.7M(4096.0M)->1972.8M(4096.0M)]
 [Times: user=0.73 sys=0.00, real=0.19 secs] 
2016-01-06T00:56:39.935-0800: 36.056: [GC pause (young)
Desired survivor size 77594624 bytes, new threshold 15 (max 15)
- age   1:   17259832 bytes,   17259832 total
2016-01-06T00:56:40.136-0800: 36.257: [SoftReference, 0 refs, 0.0007440 secs]2016-01-06T00:56:40.137-0800: 36.258: [WeakReference, 0 refs, 0.0003980 secs]2016-01-06T00:56:40.137-0800: 36.258: [FinalReference, 0 refs, 0.0004390 secs]2016-01-06T00:56:40.138-0800: 36.259: [PhantomReference, 0 refs, 36531 refs, 0.0016890 secs]2016-01-06T00:56:40.139-0800: 36.260: [JNI Weak Reference, 0.0000140 secs], 0.2083370 secs]
   [Parallel Time: 15.1 ms, GC Workers: 4]
      [GC Worker Start (ms): Min: 36055.9, Avg: 36056.4, Max: 36057.9, Diff: 2.0]
      [Ext Root Scanning (ms): Min: 0.0, Avg: 0.3, Max: 0.4, Diff: 0.4, Sum: 1.2]
      [SATB Filtering (ms): Min: 0.0, Avg: 0.0, Max: 0.0, Diff: 0.0, Sum: 0.0]
      [Update RS (ms): Min: 5.7, Avg: 6.7, Max: 7.3, Diff: 1.6, Sum: 26.8]
         [Processed Buffers: Min: 8, Avg: 11.2, Max: 14, Diff: 6, Sum: 45]
      [Scan RS (ms): Min: 0.4, Avg: 0.5, Max: 0.7, Diff: 0.3, Sum: 2.1]
      [Code Root Scanning (ms): Min: 0.0, Avg: 0.0, Max: 0.1, Diff: 0.0, Sum: 0.2]
      [Object Copy (ms): Min: 6.9, Avg: 6.9, Max: 6.9, Diff: 0.0, Sum: 27.5]
      [Termination (ms): Min: 0.0, Avg: 0.0, Max: 0.0, Diff: 0.0, Sum: 0.0]
      [GC Worker Other (ms): Min: 0.0, Avg: 0.1, Max: 0.1, Diff: 0.1, Sum: 0.2]
      [GC Worker Total (ms): Min: 13.1, Avg: 14.5, Max: 15.1, Diff: 2.0, Sum: 58.0]
      [GC Worker End (ms): Min: 36070.9, Avg: 36070.9, Max: 36071.0, Diff: 0.1]
   [Code Root Fixup: 0.0 ms]
   [Code Root Migration: 0.2 ms]
   [Clear CT: 0.4 ms]
   [Other: 192.7 ms]
      [Choose CSet: 0.0 ms]
      [Ref Proc: 189.2 ms]
      [Ref Enq: 2.2 ms]
      [Free CSet: 1.2 ms]
   [Eden: 1162.0M(1162.0M)->0.0B(183.0M) Survivors: 19.0M->21.0M Heap: 3134.8M(4096.0M)->1974.8M(4096.0M)]
 [Times: user=0.79 sys=0.00, real=0.21 secs] 
2016-01-06T00:56:40.173-0800: 36.293: [GC pause (young)
Desired survivor size 13631488 bytes, new threshold 1 (max 15)
- age   1:   19440496 bytes,   19440496 total
- age   2:      36864 bytes,   19477360 total
2016-01-06T00:56:40.370-0800: 36.491: [SoftReference, 0 refs, 0.0005110 secs]2016-01-06T00:56:40.370-0800: 36.491: [WeakReference, 0 refs, 0.0002190 secs]2016-01-06T00:56:40.370-0800: 36.491: [FinalReference, 0 refs, 0.0003620 secs]2016-01-06T00:56:40.371-0800: 36.492: [PhantomReference, 0 refs, 6183 refs, 0.0007230 secs]2016-01-06T00:56:40.372-0800: 36.492: [JNI Weak Reference, 0.0000080 secs], 0.2001380 secs]
   [Parallel Time: 8.3 ms, GC Workers: 4]
      [GC Worker Start (ms): Min: 36293.5, Avg: 36293.8, Max: 36294.0, Diff: 0.5]
      [Ext Root Scanning (ms): Min: 0.1, Avg: 0.4, Max: 0.6, Diff: 0.5, Sum: 1.5]
      [SATB Filtering (ms): Min: 0.0, Avg: 0.0, Max: 0.0, Diff: 0.0, Sum: 0.0]
      [Update RS (ms): Min: 4.9, Avg: 5.2, Max: 5.5, Diff: 0.7, Sum: 20.7]
         [Processed Buffers: Min: 8, Avg: 8.8, Max: 10, Diff: 2, Sum: 35]
      [Scan RS (ms): Min: 0.0, Avg: 0.1, Max: 0.3, Diff: 0.3, Sum: 0.3]
      [Code Root Scanning (ms): Min: 0.0, Avg: 0.0, Max: 0.0, Diff: 0.0, Sum: 0.0]
      [Object Copy (ms): Min: 2.0, Avg: 2.3, Max: 2.4, Diff: 0.4, Sum: 9.2]
      [Termination (ms): Min: 0.0, Avg: 0.0, Max: 0.0, Diff: 0.0, Sum: 0.0]
      [GC Worker Other (ms): Min: 0.0, Avg: 0.0, Max: 0.0, Diff: 0.0, Sum: 0.1]
      [GC Worker Total (ms): Min: 7.7, Avg: 8.0, Max: 8.2, Diff: 0.5, Sum: 31.8]
      [GC Worker End (ms): Min: 36301.7, Avg: 36301.7, Max: 36301.7, Diff: 0.0]
   [Code Root Fixup: 0.0 ms]
   [Code Root Migration: 0.0 ms]
   [Clear CT: 0.1 ms]
   [Other: 191.7 ms]
      [Choose CSet: 0.0 ms]
      [Ref Proc: 190.7 ms]
      [Ref Enq: 0.6 ms]
      [Free CSet: 0.3 ms]
   [Eden: 183.0M(183.0M)->0.0B(186.0M) Survivors: 21.0M->18.0M Heap: 2157.8M(4096.0M)->1972.3M(4096.0M)]
 [Times: user=0.71 sys=0.00, real=0.20 secs] 
2016-01-06T00:56:40.401-0800: 36.522: [GC pause (young)
Desired survivor size 13631488 bytes, new threshold 1 (max 15)
- age   1:   17255368 bytes,   17255368 total
2016-01-06T00:56:40.591-0800: 36.712: [SoftReference, 0 refs, 0.0004580 secs]2016-01-06T00:56:40.605-0800: 36.725: [WeakReference, 0 refs, 0.0002880 secs]2016-01-06T00:56:40.605-0800: 36.726: [FinalReference, 0 refs, 0.0003160 secs]2016-01-06T00:56:40.605-0800: 36.726: [PhantomReference, 0 refs, 6276 refs, 0.0006430 secs]2016-01-06T00:56:40.606-0800: 36.727: [JNI Weak Reference, 0.0000120 secs], 0.2052560 secs]
   [Parallel Time: 3.2 ms, GC Workers: 4]
      [GC Worker Start (ms): Min: 36522.4, Avg: 36522.5, Max: 36522.5, Diff: 0.0]
      [Ext Root Scanning (ms): Min: 0.4, Avg: 1.1, Max: 3.1, Diff: 2.7, Sum: 4.3]
      [SATB Filtering (ms): Min: 0.0, Avg: 0.0, Max: 0.0, Diff: 0.0, Sum: 0.0]
      [Update RS (ms): Min: 0.0, Avg: 0.1, Max: 0.3, Diff: 0.3, Sum: 0.4]
         [Processed Buffers: Min: 0, Avg: 1.8, Max: 6, Diff: 6, Sum: 7]
      [Scan RS (ms): Min: 0.0, Avg: 0.1, Max: 0.1, Diff: 0.1, Sum: 0.3]
      [Code Root Scanning (ms): Min: 0.0, Avg: 0.0, Max: 0.0, Diff: 0.0, Sum: 0.0]
      [Object Copy (ms): Min: 0.0, Avg: 1.7, Max: 2.3, Diff: 2.3, Sum: 6.8]
      [Termination (ms): Min: 0.0, Avg: 0.2, Max: 0.2, Diff: 0.2, Sum: 0.7]
      [GC Worker Other (ms): Min: 0.0, Avg: 0.0, Max: 0.0, Diff: 0.0, Sum: 0.1]
      [GC Worker Total (ms): Min: 3.1, Avg: 3.1, Max: 3.2, Diff: 0.1, Sum: 12.6]
      [GC Worker End (ms): Min: 36525.6, Avg: 36525.6, Max: 36525.6, Diff: 0.0]
   [Code Root Fixup: 0.0 ms]
   [Code Root Migration: 0.0 ms]
   [Clear CT: 0.1 ms]
   [Other: 201.9 ms]
      [Choose CSet: 0.0 ms]
      [Ref Proc: 201.1 ms]
      [Ref Enq: 0.4 ms]
      [Free CSet: 0.3 ms]
   [Eden: 186.0M(186.0M)->0.0B(186.0M) Survivors: 18.0M->18.0M Heap: 2158.3M(4096.0M)->1972.3M(4096.0M)]
 [Times: user=0.74 sys=0.00, real=0.21 secs] 
2016-01-06T00:56:40.633-0800: 36.753: [GC pause (young)
Desired survivor size 13631488 bytes, new threshold 1 (max 15)
- age   1:   17262064 bytes,   17262064 total
2016-01-06T00:56:40.822-0800: 36.943: [SoftReference, 0 refs, 0.0004400 secs]2016-01-06T00:56:40.823-0800: 36.944: [WeakReference, 0 refs, 0.0002440 secs]2016-01-06T00:56:40.823-0800: 36.944: [FinalReference, 0 refs, 0.0003060 secs]2016-01-06T00:56:40.823-0800: 36.944: [PhantomReference, 0 refs, 6274 refs, 0.0007740 secs]2016-01-06T00:56:40.824-0800: 36.945: [JNI Weak Reference, 0.0000140 secs], 0.1925760 secs]
   [Parallel Time: 3.0 ms, GC Workers: 4]
      [GC Worker Start (ms): Min: 36753.5, Avg: 36753.6, Max: 36753.6, Diff: 0.1]
      [Ext Root Scanning (ms): Min: 0.3, Avg: 0.4, Max: 0.4, Diff: 0.1, Sum: 1.5]
      [SATB Filtering (ms): Min: 0.0, Avg: 0.0, Max: 0.0, Diff: 0.0, Sum: 0.0]
      [Update RS (ms): Min: 0.0, Avg: 0.1, Max: 0.3, Diff: 0.3, Sum: 0.4]
         [Processed Buffers: Min: 1, Avg: 1.2, Max: 2, Diff: 1, Sum: 5]
      [Scan RS (ms): Min: 0.0, Avg: 0.1, Max: 0.1, Diff: 0.1, Sum: 0.4]
      [Code Root Scanning (ms): Min: 0.0, Avg: 0.0, Max: 0.0, Diff: 0.0, Sum: 0.0]
      [Object Copy (ms): Min: 2.2, Avg: 2.3, Max: 2.3, Diff: 0.1, Sum: 9.1]
      [Termination (ms): Min: 0.0, Avg: 0.0, Max: 0.0, Diff: 0.0, Sum: 0.0]
      [GC Worker Other (ms): Min: 0.0, Avg: 0.0, Max: 0.0, Diff: 0.0, Sum: 0.1]
      [GC Worker Total (ms): Min: 2.8, Avg: 2.9, Max: 2.9, Diff: 0.1, Sum: 11.5]
      [GC Worker End (ms): Min: 36756.4, Avg: 36756.4, Max: 36756.4, Diff: 0.0]
   [Code Root Fixup: 0.0 ms]
   [Code Root Migration: 0.0 ms]
   [Clear CT: 0.1 ms]
   [Other: 189.5 ms]
      [Choose CSet: 0.0 ms]
      [Ref Proc: 188.6 ms]
      [Ref Enq: 0.5 ms]
      [Free CSet: 0.3 ms]
   [Eden: 186.0M(186.0M)->0.0B(185.0M) Survivors: 18.0M->19.0M Heap: 2158.3M(4096.0M)->1972.9M(4096.0M)]
 [Times: user=0.74 sys=0.00, real=0.20 secs] 
2016-01-06T00:56:40.852-0800: 36.972: [GC pause (young)
Desired survivor size 13631488 bytes, new threshold 1 (max 15)
- age   1:   17262064 bytes,   17262064 total
2016-01-06T00:56:41.049-0800: 37.170: [SoftReference, 0 refs, 0.0005800 secs]2016-01-06T00:56:41.049-0800: 37.170: [WeakReference, 0 refs, 0.0002270 secs]2016-01-06T00:56:41.050-0800: 37.170: [FinalReference, 0 refs, 0.0002710 secs]2016-01-06T00:56:41.050-0800: 37.171: [PhantomReference, 0 refs, 6242 refs, 0.0006120 secs]2016-01-06T00:56:41.050-0800: 37.171: [JNI Weak Reference, 0.0000080 secs], 0.2009190 secs]
   [Parallel Time: 5.2 ms, GC Workers: 4]
      [GC Worker Start (ms): Min: 36972.5, Avg: 36972.6, Max: 36972.6, Diff: 0.1]
      [Ext Root Scanning (ms): Min: 0.3, Avg: 0.4, Max: 0.4, Diff: 0.1, Sum: 1.5]
      [SATB Filtering (ms): Min: 0.0, Avg: 0.0, Max: 0.0, Diff: 0.0, Sum: 0.0]
      [Update RS (ms): Min: 2.1, Avg: 2.2, Max: 2.3, Diff: 0.1, Sum: 8.8]
         [Processed Buffers: Min: 3, Avg: 4.5, Max: 6, Diff: 3, Sum: 18]
      [Scan RS (ms): Min: 0.1, Avg: 0.1, Max: 0.1, Diff: 0.1, Sum: 0.4]
      [Code Root Scanning (ms): Min: 0.0, Avg: 0.0, Max: 0.0, Diff: 0.0, Sum: 0.0]
      [Object Copy (ms): Min: 2.4, Avg: 2.4, Max: 2.4, Diff: 0.0, Sum: 9.5]
      [Termination (ms): Min: 0.0, Avg: 0.0, Max: 0.0, Diff: 0.0, Sum: 0.0]
      [GC Worker Other (ms): Min: 0.0, Avg: 0.0, Max: 0.0, Diff: 0.0, Sum: 0.1]
      [GC Worker Total (ms): Min: 5.0, Avg: 5.1, Max: 5.1, Diff: 0.1, Sum: 20.2]
      [GC Worker End (ms): Min: 36977.6, Avg: 36977.6, Max: 36977.6, Diff: 0.0]
   [Code Root Fixup: 0.0 ms]
   [Code Root Migration: 0.0 ms]
   [Clear CT: 0.1 ms]
   [Other: 195.6 ms]
      [Choose CSet: 0.0 ms]
      [Ref Proc: 193.6 ms]
      [Ref Enq: 1.6 ms]
      [Free CSet: 0.3 ms]
   [Eden: 185.0M(185.0M)->0.0B(185.0M) Survivors: 19.0M->19.0M Heap: 2157.9M(4096.0M)->1972.9M(4096.0M)]
 [Times: user=0.71 sys=0.01, real=0.20 secs] 
2016-01-06T00:56:41.078-0800: 37.199: [GC pause (young)
Desired survivor size 13631488 bytes, new threshold 1 (max 15)
- age   1:   17259832 bytes,   17259832 total
2016-01-06T00:56:41.271-0800: 37.392: [SoftReference, 0 refs, 0.0004960 secs]2016-01-06T00:56:41.271-0800: 37.392: [WeakReference, 0 refs, 0.0002440 secs]2016-01-06T00:56:41.271-0800: 37.392: [FinalReference, 0 refs, 0.0002370 secs]2016-01-06T00:56:41.272-0800: 37.393: [PhantomReference, 0 refs, 6245 refs, 0.0005350 secs]2016-01-06T00:56:41.272-0800: 37.393: [JNI Weak Reference, 0.0000130 secs], 0.1948030 secs]
   [Parallel Time: 4.0 ms, GC Workers: 4]
      [GC Worker Start (ms): Min: 37199.4, Avg: 37199.5, Max: 37199.5, Diff: 0.1]
      [Ext Root Scanning (ms): Min: 0.3, Avg: 0.4, Max: 0.4, Diff: 0.1, Sum: 1.4]
      [SATB Filtering (ms): Min: 0.0, Avg: 0.0, Max: 0.0, Diff: 0.0, Sum: 0.0]
      [Update RS (ms): Min: 0.8, Avg: 1.1, Max: 1.5, Diff: 0.6, Sum: 4.5]
         [Processed Buffers: Min: 2, Avg: 3.5, Max: 6, Diff: 4, Sum: 14]
      [Scan RS (ms): Min: 0.0, Avg: 0.1, Max: 0.2, Diff: 0.2, Sum: 0.3]
      [Code Root Scanning (ms): Min: 0.0, Avg: 0.0, Max: 0.0, Diff: 0.0, Sum: 0.0]
      [Object Copy (ms): Min: 2.1, Avg: 2.3, Max: 2.5, Diff: 0.5, Sum: 9.3]
      [Termination (ms): Min: 0.0, Avg: 0.0, Max: 0.0, Diff: 0.0, Sum: 0.0]
      [GC Worker Other (ms): Min: 0.0, Avg: 0.0, Max: 0.0, Diff: 0.0, Sum: 0.1]
      [GC Worker Total (ms): Min: 3.9, Avg: 3.9, Max: 4.0, Diff: 0.1, Sum: 15.7]
      [GC Worker End (ms): Min: 37203.4, Avg: 37203.4, Max: 37203.4, Diff: 0.0]
   [Code Root Fixup: 0.0 ms]
   [Code Root Migration: 0.0 ms]
   [Clear CT: 0.1 ms]
   [Other: 190.6 ms]
      [Choose CSet: 0.0 ms]
      [Ref Proc: 189.7 ms]
      [Ref Enq: 0.5 ms]
      [Free CSet: 0.3 ms]
   [Eden: 185.0M(185.0M)->0.0B(186.0M) Survivors: 19.0M->18.0M Heap: 2157.9M(4096.0M)->1972.5M(4096.0M)]
 [Times: user=0.74 sys=0.00, real=0.19 secs] 
2016-01-06T00:56:41.302-0800: 37.423: [GC pause (young)
Desired survivor size 13631488 bytes, new threshold 1 (max 15)
- age   1:   17259832 bytes,   17259832 total
2016-01-06T00:56:41.530-0800: 37.651: [SoftReference, 0 refs, 0.0005030 secs]2016-01-06T00:56:41.531-0800: 37.651: [WeakReference, 0 refs, 0.0003730 secs]2016-01-06T00:56:41.531-0800: 37.652: [FinalReference, 0 refs, 0.0002740 secs]2016-01-06T00:56:41.531-0800: 37.652: [PhantomReference, 0 refs, 6276 refs, 0.0005790 secs]2016-01-06T00:56:41.532-0800: 37.653: [JNI Weak Reference, 0.0000110 secs], 0.2310040 secs]
   [Parallel Time: 3.9 ms, GC Workers: 4]
      [GC Worker Start (ms): Min: 37422.8, Avg: 37424.0, Max: 37426.5, Diff: 3.7]
      [Ext Root Scanning (ms): Min: 0.0, Avg: 0.3, Max: 0.7, Diff: 0.7, Sum: 1.3]
      [SATB Filtering (ms): Min: 0.0, Avg: 0.0, Max: 0.0, Diff: 0.0, Sum: 0.0]
      [Update RS (ms): Min: 0.0, Avg: 0.1, Max: 0.3, Diff: 0.3, Sum: 0.4]
         [Processed Buffers: Min: 0, Avg: 1.8, Max: 6, Diff: 6, Sum: 7]
      [Scan RS (ms): Min: 0.0, Avg: 0.1, Max: 0.2, Diff: 0.2, Sum: 0.3]
      [Code Root Scanning (ms): Min: 0.0, Avg: 0.0, Max: 0.0, Diff: 0.0, Sum: 0.0]
      [Object Copy (ms): Min: 0.0, Avg: 1.9, Max: 2.6, Diff: 2.6, Sum: 7.6]
      [Termination (ms): Min: 0.0, Avg: 0.1, Max: 0.2, Diff: 0.2, Sum: 0.5]
      [GC Worker Other (ms): Min: 0.0, Avg: 0.0, Max: 0.0, Diff: 0.0, Sum: 0.0]
      [GC Worker Total (ms): Min: 0.1, Avg: 2.6, Max: 3.8, Diff: 3.8, Sum: 10.2]
      [GC Worker End (ms): Min: 37426.6, Avg: 37426.6, Max: 37426.6, Diff: 0.0]
   [Code Root Fixup: 0.0 ms]
   [Code Root Migration: 0.0 ms]
   [Clear CT: 0.1 ms]
   [Other: 227.0 ms]
      [Choose CSet: 0.0 ms]
      [Ref Proc: 226.1 ms]
      [Ref Enq: 0.6 ms]
      [Free CSet: 0.3 ms]
   [Eden: 186.0M(186.0M)->0.0B(185.0M) Survivors: 18.0M->19.0M Heap: 2158.5M(4096.0M)->1973.0M(4096.0M)]
 [Times: user=0.81 sys=0.00, real=0.23 secs] 
2016-01-06T00:56:41.561-0800: 37.682: [GC pause (young)
Desired survivor size 13631488 bytes, new threshold 1 (max 15)
- age   1:   17262064 bytes,   17262064 total
2016-01-06T00:56:41.750-0800: 37.871: [SoftReference, 0 refs, 0.0005290 secs]2016-01-06T00:56:41.751-0800: 37.872: [WeakReference, 0 refs, 0.0002580 secs]2016-01-06T00:56:41.751-0800: 37.872: [FinalReference, 0 refs, 0.0002700 secs]2016-01-06T00:56:41.752-0800: 37.872: [PhantomReference, 0 refs, 6245 refs, 0.0006130 secs]2016-01-06T00:56:41.752-0800: 37.873: [JNI Weak Reference, 0.0000160 secs], 0.1923760 secs]
   [Parallel Time: 3.1 ms, GC Workers: 4]
      [GC Worker Start (ms): Min: 37681.9, Avg: 37682.4, Max: 37684.0, Diff: 2.1]
      [Ext Root Scanning (ms): Min: 0.0, Avg: 0.3, Max: 0.5, Diff: 0.4, Sum: 1.3]
      [SATB Filtering (ms): Min: 0.0, Avg: 0.0, Max: 0.0, Diff: 0.0, Sum: 0.0]
      [Update RS (ms): Min: 0.0, Avg: 0.1, Max: 0.3, Diff: 0.3, Sum: 0.4]
         [Processed Buffers: Min: 0, Avg: 1.5, Max: 5, Diff: 5, Sum: 6]
      [Scan RS (ms): Min: 0.0, Avg: 0.1, Max: 0.1, Diff: 0.1, Sum: 0.3]
      [Code Root Scanning (ms): Min: 0.0, Avg: 0.0, Max: 0.0, Diff: 0.0, Sum: 0.0]
      [Object Copy (ms): Min: 0.8, Avg: 1.9, Max: 2.4, Diff: 1.6, Sum: 7.8]
      [Termination (ms): Min: 0.0, Avg: 0.0, Max: 0.0, Diff: 0.0, Sum: 0.0]
      [GC Worker Other (ms): Min: 0.0, Avg: 0.0, Max: 0.0, Diff: 0.0, Sum: 0.0]
      [GC Worker Total (ms): Min: 0.9, Avg: 2.5, Max: 3.0, Diff: 2.1, Sum: 9.8]
      [GC Worker End (ms): Min: 37684.9, Avg: 37684.9, Max: 37684.9, Diff: 0.0]
   [Code Root Fixup: 0.0 ms]
   [Code Root Migration: 0.0 ms]
   [Clear CT: 0.1 ms]
   [Other: 189.1 ms]
      [Choose CSet: 0.0 ms]
      [Ref Proc: 188.2 ms]
      [Ref Enq: 0.6 ms]
      [Free CSet: 0.3 ms]
   [Eden: 185.0M(185.0M)->0.0B(185.0M) Survivors: 19.0M->19.0M Heap: 2158.0M(4096.0M)->1973.1M(4096.0M)]
 [Times: user=0.74 sys=0.01, real=0.19 secs] 
2016-01-06T00:56:41.779-0800: 37.900: [GC pause (young)
Desired survivor size 13631488 bytes, new threshold 1 (max 15)
- age   1:   17259832 bytes,   17259832 total
2016-01-06T00:56:41.966-0800: 38.087: [SoftReference, 0 refs, 0.0004370 secs]2016-01-06T00:56:41.967-0800: 38.088: [WeakReference, 0 refs, 0.0002600 secs]2016-01-06T00:56:41.967-0800: 38.088: [FinalReference, 0 refs, 0.0003570 secs]2016-01-06T00:56:41.967-0800: 38.088: [PhantomReference, 0 refs, 6244 refs, 0.0007330 secs]2016-01-06T00:56:41.968-0800: 38.089: [JNI Weak Reference, 0.0000100 secs], 0.1899150 secs]
   [Parallel Time: 3.1 ms, GC Workers: 4]
      [GC Worker Start (ms): Min: 37900.2, Avg: 37900.6, Max: 37901.9, Diff: 1.7]
      [Ext Root Scanning (ms): Min: 0.0, Avg: 0.3, Max: 0.4, Diff: 0.4, Sum: 1.3]
      [SATB Filtering (ms): Min: 0.0, Avg: 0.0, Max: 0.0, Diff: 0.0, Sum: 0.0]
      [Update RS (ms): Min: 0.0, Avg: 0.1, Max: 0.2, Diff: 0.2, Sum: 0.3]
         [Processed Buffers: Min: 0, Avg: 1.8, Max: 3, Diff: 3, Sum: 7]
      [Scan RS (ms): Min: 0.0, Avg: 0.1, Max: 0.1, Diff: 0.1, Sum: 0.3]
      [Code Root Scanning (ms): Min: 0.0, Avg: 0.0, Max: 0.0, Diff: 0.0, Sum: 0.0]
      [Object Copy (ms): Min: 1.2, Avg: 2.1, Max: 2.3, Diff: 1.1, Sum: 8.2]
      [Termination (ms): Min: 0.0, Avg: 0.0, Max: 0.0, Diff: 0.0, Sum: 0.0]
      [GC Worker Other (ms): Min: 0.0, Avg: 0.0, Max: 0.0, Diff: 0.0, Sum: 0.1]
      [GC Worker Total (ms): Min: 1.3, Avg: 2.6, Max: 3.0, Diff: 1.7, Sum: 10.2]
      [GC Worker End (ms): Min: 37903.2, Avg: 37903.2, Max: 37903.2, Diff: 0.0]
   [Code Root Fixup: 0.0 ms]
   [Code Root Migration: 0.0 ms]
   [Clear CT: 0.1 ms]
   [Other: 186.7 ms]
      [Choose CSet: 0.0 ms]
      [Ref Proc: 185.8 ms]
      [Ref Enq: 0.5 ms]
      [Free CSet: 0.3 ms]
   [Eden: 185.0M(185.0M)->0.0B(185.0M) Survivors: 19.0M->19.0M Heap: 2158.1M(4096.0M)->1973.1M(4096.0M)]
 [Times: user=0.74 sys=0.00, real=0.19 secs] 
2016-01-06T00:56:41.996-0800: 38.117: [GC pause (young)
Desired survivor size 13631488 bytes, new threshold 1 (max 15)
- age   1:   17259832 bytes,   17259832 total
2016-01-06T00:56:42.187-0800: 38.308: [SoftReference, 0 refs, 0.0006380 secs]2016-01-06T00:56:42.188-0800: 38.309: [WeakReference, 0 refs, 0.0003990 secs]2016-01-06T00:56:42.188-0800: 38.309: [FinalReference, 0 refs, 0.0003360 secs]2016-01-06T00:56:42.189-0800: 38.310: [PhantomReference, 0 refs, 6244 refs, 0.0010240 secs]2016-01-06T00:56:42.190-0800: 38.311: [JNI Weak Reference, 0.0000160 secs], 0.1952240 secs]
   [Parallel Time: 2.7 ms, GC Workers: 4]
      [GC Worker Start (ms): Min: 38116.6, Avg: 38116.7, Max: 38116.7, Diff: 0.1]
      [Ext Root Scanning (ms): Min: 0.3, Avg: 0.4, Max: 0.4, Diff: 0.1, Sum: 1.4]
      [SATB Filtering (ms): Min: 0.0, Avg: 0.0, Max: 0.0, Diff: 0.0, Sum: 0.0]
      [Update RS (ms): Min: 0.0, Avg: 0.1, Max: 0.3, Diff: 0.3, Sum: 0.4]
         [Processed Buffers: Min: 0, Avg: 1.5, Max: 4, Diff: 4, Sum: 6]
      [Scan RS (ms): Min: 0.0, Avg: 0.1, Max: 0.1, Diff: 0.1, Sum: 0.4]
      [Code Root Scanning (ms): Min: 0.0, Avg: 0.0, Max: 0.0, Diff: 0.0, Sum: 0.0]
      [Object Copy (ms): Min: 1.9, Avg: 2.0, Max: 2.1, Diff: 0.1, Sum: 8.1]
      [Termination (ms): Min: 0.0, Avg: 0.0, Max: 0.0, Diff: 0.0, Sum: 0.0]
      [GC Worker Other (ms): Min: 0.0, Avg: 0.0, Max: 0.0, Diff: 0.0, Sum: 0.0]
      [GC Worker Total (ms): Min: 2.6, Avg: 2.6, Max: 2.6, Diff: 0.1, Sum: 10.4]
      [GC Worker End (ms): Min: 38119.3, Avg: 38119.3, Max: 38119.3, Diff: 0.0]
   [Code Root Fixup: 0.0 ms]
   [Code Root Migration: 0.0 ms]
   [Clear CT: 0.2 ms]
   [Other: 192.3 ms]
      [Choose CSet: 0.0 ms]
      [Ref Proc: 191.5 ms]
      [Ref Enq: 0.3 ms]
      [Free CSet: 0.4 ms]
   [Eden: 185.0M(185.0M)->0.0B(189.0M) Survivors: 19.0M->15.0M Heap: 2158.1M(4096.0M)->1969.7M(4096.0M)]
 [Times: user=0.72 sys=0.02, real=0.20 secs] 
2016-01-06T00:56:42.219-0800: 38.340: [GC pause (young)
Desired survivor size 13631488 bytes, new threshold 1 (max 15)
- age   1:   13779640 bytes,   13779640 total
2016-01-06T00:56:42.421-0800: 38.542: [SoftReference, 0 refs, 0.0005380 secs]2016-01-06T00:56:42.421-0800: 38.542: [WeakReference, 0 refs, 0.0003700 secs]2016-01-06T00:56:42.422-0800: 38.542: [FinalReference, 0 refs, 0.0002490 secs]2016-01-06T00:56:42.422-0800: 38.543: [PhantomReference, 0 refs, 6369 refs, 0.0005690 secs]2016-01-06T00:56:42.422-0800: 38.543: [JNI Weak Reference, 0.0000080 secs], 0.2042150 secs]
   [Parallel Time: 3.5 ms, GC Workers: 4]
      [GC Worker Start (ms): Min: 38340.2, Avg: 38340.5, Max: 38341.3, Diff: 1.1]
      [Ext Root Scanning (ms): Min: 0.0, Avg: 0.3, Max: 0.5, Diff: 0.5, Sum: 1.3]
      [SATB Filtering (ms): Min: 0.0, Avg: 0.0, Max: 0.0, Diff: 0.0, Sum: 0.0]
      [Update RS (ms): Min: 0.0, Avg: 0.1, Max: 0.2, Diff: 0.2, Sum: 0.3]
         [Processed Buffers: Min: 0, Avg: 2.0, Max: 7, Diff: 7, Sum: 8]
      [Scan RS (ms): Min: 0.0, Avg: 0.1, Max: 0.1, Diff: 0.1, Sum: 0.3]
      [Code Root Scanning (ms): Min: 0.0, Avg: 0.0, Max: 0.0, Diff: 0.0, Sum: 0.0]
      [Object Copy (ms): Min: 2.3, Avg: 2.6, Max: 2.7, Diff: 0.5, Sum: 10.4]
      [Termination (ms): Min: 0.0, Avg: 0.0, Max: 0.0, Diff: 0.0, Sum: 0.0]
      [GC Worker Other (ms): Min: 0.0, Avg: 0.0, Max: 0.0, Diff: 0.0, Sum: 0.1]
      [GC Worker Total (ms): Min: 2.3, Avg: 3.1, Max: 3.4, Diff: 1.1, Sum: 12.6]
      [GC Worker End (ms): Min: 38343.6, Avg: 38343.6, Max: 38343.7, Diff: 0.0]
   [Code Root Fixup: 0.0 ms]
   [Code Root Migration: 0.0 ms]
   [Clear CT: 0.1 ms]
   [Other: 200.5 ms]
      [Choose CSet: 0.0 ms]
      [Ref Proc: 199.6 ms]
      [Ref Enq: 0.5 ms]
      [Free CSet: 0.3 ms]
   [Eden: 189.0M(189.0M)->0.0B(185.0M) Survivors: 15.0M->19.0M Heap: 2158.7M(4096.0M)->1973.2M(4096.0M)]
 [Times: user=0.72 sys=0.01, real=0.20 secs] 
2016-01-06T00:56:42.450-0800: 38.571: [GC pause (young)
Desired survivor size 13631488 bytes, new threshold 1 (max 15)
- age   1:   17268760 bytes,   17268760 total
2016-01-06T00:56:42.639-0800: 38.760: [SoftReference, 0 refs, 0.0004450 secs]2016-01-06T00:56:42.639-0800: 38.760: [WeakReference, 0 refs, 0.0002660 secs]2016-01-06T00:56:42.640-0800: 38.760: [FinalReference, 0 refs, 0.0002770 secs]2016-01-06T00:56:42.640-0800: 38.761: [PhantomReference, 0 refs, 6243 refs, 0.0006040 secs]2016-01-06T00:56:42.640-0800: 38.761: [JNI Weak Reference, 0.0000120 secs], 0.1917710 secs]
   [Parallel Time: 3.0 ms, GC Workers: 4]
      [GC Worker Start (ms): Min: 38570.6, Avg: 38570.6, Max: 38570.7, Diff: 0.1]
      [Ext Root Scanning (ms): Min: 0.3, Avg: 0.4, Max: 0.4, Diff: 0.1, Sum: 1.4]
      [SATB Filtering (ms): Min: 0.0, Avg: 0.0, Max: 0.0, Diff: 0.0, Sum: 0.0]
      [Update RS (ms): Min: 0.0, Avg: 0.1, Max: 0.3, Diff: 0.3, Sum: 0.4]
         [Processed Buffers: Min: 1, Avg: 1.8, Max: 3, Diff: 2, Sum: 7]
      [Scan RS (ms): Min: 0.0, Avg: 0.1, Max: 0.1, Diff: 0.1, Sum: 0.3]
      [Code Root Scanning (ms): Min: 0.0, Avg: 0.0, Max: 0.0, Diff: 0.0, Sum: 0.0]
      [Object Copy (ms): Min: 2.3, Avg: 2.3, Max: 2.4, Diff: 0.1, Sum: 9.4]
      [Termination (ms): Min: 0.0, Avg: 0.0, Max: 0.0, Diff: 0.0, Sum: 0.0]
      [GC Worker Other (ms): Min: 0.0, Avg: 0.0, Max: 0.0, Diff: 0.0, Sum: 0.1]
      [GC Worker Total (ms): Min: 2.9, Avg: 2.9, Max: 2.9, Diff: 0.1, Sum: 11.7]
      [GC Worker End (ms): Min: 38573.6, Avg: 38573.6, Max: 38573.6, Diff: 0.0]
   [Code Root Fixup: 0.0 ms]
   [Code Root Migration: 0.0 ms]
   [Clear CT: 0.1 ms]
   [Other: 188.6 ms]
      [Choose CSet: 0.0 ms]
      [Ref Proc: 187.8 ms]
      [Ref Enq: 0.5 ms]
      [Free CSet: 0.3 ms]
   [Eden: 185.0M(185.0M)->0.0B(185.0M) Survivors: 19.0M->19.0M Heap: 2158.2M(4096.0M)->1973.2M(4096.0M)]
 [Times: user=0.74 sys=0.00, real=0.19 secs] 
2016-01-06T00:56:42.668-0800: 38.789: [GC pause (young)
Desired survivor size 13631488 bytes, new threshold 1 (max 15)
- age   1:   17259832 bytes,   17259832 total
2016-01-06T00:56:42.859-0800: 38.980: [SoftReference, 0 refs, 0.0004750 secs]2016-01-06T00:56:42.860-0800: 38.981: [WeakReference, 0 refs, 0.0003630 secs]2016-01-06T00:56:42.860-0800: 38.981: [FinalReference, 0 refs, 0.0002840 secs]2016-01-06T00:56:42.861-0800: 38.982: [PhantomReference, 0 refs, 6245 refs, 0.0006930 secs]2016-01-06T00:56:42.861-0800: 38.982: [JNI Weak Reference, 0.0000090 secs], 0.1946240 secs]
   [Parallel Time: 2.9 ms, GC Workers: 4]
      [GC Worker Start (ms): Min: 38788.7, Avg: 38788.7, Max: 38788.8, Diff: 0.1]
      [Ext Root Scanning (ms): Min: 0.3, Avg: 0.4, Max: 0.4, Diff: 0.1, Sum: 1.4]
      [SATB Filtering (ms): Min: 0.0, Avg: 0.0, Max: 0.0, Diff: 0.0, Sum: 0.0]
      [Update RS (ms): Min: 0.0, Avg: 0.1, Max: 0.3, Diff: 0.2, Sum: 0.4]
         [Processed Buffers: Min: 1, Avg: 2.0, Max: 5, Diff: 4, Sum: 8]
      [Scan RS (ms): Min: 0.0, Avg: 0.1, Max: 0.1, Diff: 0.1, Sum: 0.3]
      [Code Root Scanning (ms): Min: 0.0, Avg: 0.0, Max: 0.0, Diff: 0.0, Sum: 0.0]
      [Object Copy (ms): Min: 2.2, Avg: 2.2, Max: 2.3, Diff: 0.1, Sum: 9.0]
      [Termination (ms): Min: 0.0, Avg: 0.0, Max: 0.0, Diff: 0.0, Sum: 0.0]
      [GC Worker Other (ms): Min: 0.0, Avg: 0.0, Max: 0.0, Diff: 0.0, Sum: 0.1]
      [GC Worker Total (ms): Min: 2.8, Avg: 2.8, Max: 2.8, Diff: 0.1, Sum: 11.2]
      [GC Worker End (ms): Min: 38791.5, Avg: 38791.5, Max: 38791.5, Diff: 0.0]
   [Code Root Fixup: 0.0 ms]
   [Code Root Migration: 0.0 ms]
   [Clear CT: 0.2 ms]
   [Other: 191.5 ms]
      [Choose CSet: 0.0 ms]
      [Ref Proc: 190.7 ms]
      [Ref Enq: 0.5 ms]
      [Free CSet: 0.3 ms]
   [Eden: 185.0M(185.0M)->0.0B(276.0M) Survivors: 19.0M->19.0M Heap: 2158.2M(4096.0M)->1973.3M(4096.0M)]
 [Times: user=0.75 sys=0.00, real=0.19 secs] 
2016-01-06T00:56:42.901-0800: 39.022: [GC pause (young)
Desired survivor size 19398656 bytes, new threshold 15 (max 15)
- age   1:   17259832 bytes,   17259832 total
2016-01-06T00:56:43.111-0800: 39.232: [SoftReference, 0 refs, 0.0004030 secs]2016-01-06T00:56:43.111-0800: 39.232: [WeakReference, 0 refs, 0.0002590 secs]2016-01-06T00:56:43.112-0800: 39.233: [FinalReference, 0 refs, 0.0003540 secs]2016-01-06T00:56:43.112-0800: 39.233: [PhantomReference, 0 refs, 9066 refs, 0.0007040 secs]2016-01-06T00:56:43.113-0800: 39.234: [JNI Weak Reference, 0.0000080 secs], 0.2128020 secs]
   [Parallel Time: 3.3 ms, GC Workers: 4]
      [GC Worker Start (ms): Min: 39022.4, Avg: 39022.5, Max: 39022.5, Diff: 0.1]
      [Ext Root Scanning (ms): Min: 0.3, Avg: 0.3, Max: 0.4, Diff: 0.1, Sum: 1.4]
      [SATB Filtering (ms): Min: 0.0, Avg: 0.0, Max: 0.0, Diff: 0.0, Sum: 0.0]
      [Update RS (ms): Min: 0.0, Avg: 0.1, Max: 0.3, Diff: 0.3, Sum: 0.4]
         [Processed Buffers: Min: 1, Avg: 1.8, Max: 4, Diff: 3, Sum: 7]
      [Scan RS (ms): Min: 0.0, Avg: 0.1, Max: 0.2, Diff: 0.2, Sum: 0.5]
      [Code Root Scanning (ms): Min: 0.0, Avg: 0.0, Max: 0.0, Diff: 0.0, Sum: 0.1]
      [Object Copy (ms): Min: 2.5, Avg: 2.5, Max: 2.5, Diff: 0.0, Sum: 10.1]
      [Termination (ms): Min: 0.0, Avg: 0.0, Max: 0.0, Diff: 0.0, Sum: 0.0]
      [GC Worker Other (ms): Min: 0.0, Avg: 0.0, Max: 0.0, Diff: 0.0, Sum: 0.1]
      [GC Worker Total (ms): Min: 3.1, Avg: 3.1, Max: 3.2, Diff: 0.1, Sum: 12.6]
      [GC Worker End (ms): Min: 39025.6, Avg: 39025.6, Max: 39025.6, Diff: 0.0]
   [Code Root Fixup: 0.0 ms]
   [Code Root Migration: 0.0 ms]
   [Clear CT: 0.2 ms]
   [Other: 209.3 ms]
      [Choose CSet: 0.0 ms]
      [Ref Proc: 208.0 ms]
      [Ref Enq: 0.9 ms]
      [Free CSet: 0.4 ms]
   [Eden: 276.0M(276.0M)->0.0B(185.0M) Survivors: 19.0M->19.0M Heap: 2249.3M(4096.0M)->1973.8M(4096.0M)]
 [Times: user=0.78 sys=0.00, real=0.21 secs] 
2016-01-06T00:56:43.143-0800: 39.264: [GC pause (young)
Desired survivor size 13631488 bytes, new threshold 1 (max 15)
- age   1:   17462944 bytes,   17462944 total
- age   2:      36864 bytes,   17499808 total
2016-01-06T00:56:43.338-0800: 39.459: [SoftReference, 0 refs, 0.0003960 secs]2016-01-06T00:56:43.338-0800: 39.459: [WeakReference, 0 refs, 0.0003840 secs]2016-01-06T00:56:43.339-0800: 39.460: [FinalReference, 0 refs, 0.0003360 secs]2016-01-06T00:56:43.339-0800: 39.460: [PhantomReference, 0 refs, 6245 refs, 0.0031700 secs]2016-01-06T00:56:43.342-0800: 39.463: [JNI Weak Reference, 0.0000250 secs], 0.2006210 secs]
   [Parallel Time: 4.0 ms, GC Workers: 4]
      [GC Worker Start (ms): Min: 39263.6, Avg: 39265.1, Max: 39267.4, Diff: 3.8]
      [Ext Root Scanning (ms): Min: 0.0, Avg: 0.3, Max: 0.6, Diff: 0.6, Sum: 1.2]
      [SATB Filtering (ms): Min: 0.0, Avg: 0.0, Max: 0.0, Diff: 0.0, Sum: 0.0]
      [Update RS (ms): Min: 0.0, Avg: 0.1, Max: 0.3, Diff: 0.3, Sum: 0.3]
         [Processed Buffers: Min: 0, Avg: 1.5, Max: 4, Diff: 4, Sum: 6]
      [Scan RS (ms): Min: 0.0, Avg: 0.1, Max: 0.2, Diff: 0.2, Sum: 0.3]
      [Code Root Scanning (ms): Min: 0.0, Avg: 0.0, Max: 0.0, Diff: 0.0, Sum: 0.0]
      [Object Copy (ms): Min: 0.0, Avg: 1.6, Max: 2.6, Diff: 2.6, Sum: 6.5]
      [Termination (ms): Min: 0.0, Avg: 0.3, Max: 0.4, Diff: 0.4, Sum: 1.2]
      [GC Worker Other (ms): Min: 0.0, Avg: 0.0, Max: 0.0, Diff: 0.0, Sum: 0.1]
      [GC Worker Total (ms): Min: 0.1, Avg: 2.4, Max: 3.9, Diff: 3.9, Sum: 9.5]
      [GC Worker End (ms): Min: 39267.5, Avg: 39267.5, Max: 39267.5, Diff: 0.0]
   [Code Root Fixup: 0.0 ms]
   [Code Root Migration: 0.0 ms]
   [Clear CT: 0.1 ms]
   [Other: 196.4 ms]
      [Choose CSet: 0.0 ms]
      [Ref Proc: 195.6 ms]
      [Ref Enq: 0.4 ms]
      [Free CSet: 0.3 ms]
   [Eden: 185.0M(185.0M)->0.0B(186.0M) Survivors: 19.0M->18.0M Heap: 2158.8M(4096.0M)->1972.8M(4096.0M)]
 [Times: user=0.74 sys=0.00, real=0.20 secs] 
2016-01-06T00:56:43.372-0800: 39.493: [GC pause (young)
Desired survivor size 13631488 bytes, new threshold 1 (max 15)
- age   1:   17259832 bytes,   17259832 total
2016-01-06T00:56:43.562-0800: 39.683: [SoftReference, 0 refs, 0.0005360 secs]2016-01-06T00:56:43.562-0800: 39.683: [WeakReference, 0 refs, 0.0003560 secs]2016-01-06T00:56:43.563-0800: 39.684: [FinalReference, 0 refs, 0.0002110 secs]2016-01-06T00:56:43.563-0800: 39.684: [PhantomReference, 0 refs, 6274 refs, 0.0007590 secs]2016-01-06T00:56:43.564-0800: 39.685: [JNI Weak Reference, 0.0000080 secs], 0.1926740 secs]
   [Parallel Time: 5.1 ms, GC Workers: 4]
      [GC Worker Start (ms): Min: 39493.0, Avg: 39494.2, Max: 39497.9, Diff: 4.9]
      [Ext Root Scanning (ms): Min: 0.0, Avg: 0.3, Max: 0.5, Diff: 0.5, Sum: 1.3]
      [SATB Filtering (ms): Min: 0.0, Avg: 0.0, Max: 0.0, Diff: 0.0, Sum: 0.0]
      [Update RS (ms): Min: 0.0, Avg: 0.1, Max: 0.3, Diff: 0.3, Sum: 0.4]
         [Processed Buffers: Min: 0, Avg: 1.2, Max: 4, Diff: 4, Sum: 5]
      [Scan RS (ms): Min: 0.0, Avg: 0.1, Max: 0.2, Diff: 0.2, Sum: 0.4]
      [Code Root Scanning (ms): Min: 0.0, Avg: 0.0, Max: 0.0, Diff: 0.0, Sum: 0.0]
      [Object Copy (ms): Min: 0.0, Avg: 1.7, Max: 2.3, Diff: 2.3, Sum: 6.8]
      [Termination (ms): Min: 0.0, Avg: 1.5, Max: 2.1, Diff: 2.1, Sum: 6.2]
      [GC Worker Other (ms): Min: 0.0, Avg: 0.0, Max: 0.0, Diff: 0.0, Sum: 0.0]
      [GC Worker Total (ms): Min: 0.1, Avg: 3.8, Max: 5.0, Diff: 4.9, Sum: 15.0]
      [GC Worker End (ms): Min: 39498.0, Avg: 39498.0, Max: 39498.0, Diff: 0.0]
   [Code Root Fixup: 0.0 ms]
   [Code Root Migration: 0.0 ms]
   [Clear CT: 0.1 ms]
   [Other: 187.5 ms]
      [Choose CSet: 0.0 ms]
      [Ref Proc: 186.5 ms]
      [Ref Enq: 0.5 ms]
      [Free CSet: 0.3 ms]
   [Eden: 186.0M(186.0M)->0.0B(186.0M) Survivors: 18.0M->18.0M Heap: 2158.8M(4096.0M)->1972.9M(4096.0M)]
 [Times: user=0.75 sys=0.01, real=0.19 secs] 
2016-01-06T00:56:43.593-0800: 39.714: [GC pause (young)
Desired survivor size 13631488 bytes, new threshold 1 (max 15)
- age   1:   17262064 bytes,   17262064 total
2016-01-06T00:56:43.786-0800: 39.907: [SoftReference, 0 refs, 0.0005040 secs]2016-01-06T00:56:43.787-0800: 39.908: [WeakReference, 0 refs, 0.0003630 secs]2016-01-06T00:56:43.787-0800: 39.908: [FinalReference, 0 refs, 0.0002280 secs]2016-01-06T00:56:43.787-0800: 39.908: [PhantomReference, 0 refs, 6274 refs, 0.0006730 secs]2016-01-06T00:56:43.788-0800: 39.909: [JNI Weak Reference, 0.0000090 secs], 0.1958310 secs]
   [Parallel Time: 3.0 ms, GC Workers: 4]
      [GC Worker Start (ms): Min: 39714.2, Avg: 39714.3, Max: 39714.3, Diff: 0.1]
      [Ext Root Scanning (ms): Min: 0.3, Avg: 0.4, Max: 0.4, Diff: 0.1, Sum: 1.4]
      [SATB Filtering (ms): Min: 0.0, Avg: 0.0, Max: 0.0, Diff: 0.0, Sum: 0.0]
      [Update RS (ms): Min: 0.0, Avg: 0.1, Max: 0.3, Diff: 0.3, Sum: 0.4]
         [Processed Buffers: Min: 0, Avg: 1.8, Max: 5, Diff: 5, Sum: 7]
      [Scan RS (ms): Min: 0.0, Avg: 0.1, Max: 0.1, Diff: 0.1, Sum: 0.4]
      [Code Root Scanning (ms): Min: 0.0, Avg: 0.0, Max: 0.0, Diff: 0.0, Sum: 0.0]
      [Object Copy (ms): Min: 2.3, Avg: 2.3, Max: 2.4, Diff: 0.1, Sum: 9.4]
      [Termination (ms): Min: 0.0, Avg: 0.0, Max: 0.0, Diff: 0.0, Sum: 0.0]
      [GC Worker Other (ms): Min: 0.0, Avg: 0.0, Max: 0.0, Diff: 0.0, Sum: 0.1]
      [GC Worker Total (ms): Min: 2.9, Avg: 2.9, Max: 2.9, Diff: 0.1, Sum: 11.6]
      [GC Worker End (ms): Min: 39717.2, Avg: 39717.2, Max: 39717.2, Diff: 0.0]
   [Code Root Fixup: 0.0 ms]
   [Code Root Migration: 0.0 ms]
   [Clear CT: 0.1 ms]
   [Other: 192.7 ms]
      [Choose CSet: 0.0 ms]
      [Ref Proc: 191.7 ms]
      [Ref Enq: 0.6 ms]
      [Free CSet: 0.3 ms]
   [Eden: 186.0M(186.0M)->0.0B(185.0M) Survivors: 18.0M->19.0M Heap: 2158.9M(4096.0M)->1973.4M(4096.0M)]
 [Times: user=0.76 sys=0.00, real=0.20 secs] 
2016-01-06T00:56:43.815-0800: 39.936: [GC pause (young)
Desired survivor size 13631488 bytes, new threshold 1 (max 15)
- age   1:   17262064 bytes,   17262064 total
2016-01-06T00:56:44.007-0800: 40.128: [SoftReference, 0 refs, 0.0004760 secs]2016-01-06T00:56:44.007-0800: 40.128: [WeakReference, 0 refs, 0.0002870 secs]2016-01-06T00:56:44.008-0800: 40.129: [FinalReference, 0 refs, 0.0002480 secs]2016-01-06T00:56:44.008-0800: 40.129: [PhantomReference, 0 refs, 6243 refs, 0.0007220 secs]2016-01-06T00:56:44.009-0800: 40.130: [JNI Weak Reference, 0.0000090 secs], 0.1944220 secs]
   [Parallel Time: 3.2 ms, GC Workers: 4]
      [GC Worker Start (ms): Min: 39936.4, Avg: 39936.8, Max: 39937.9, Diff: 1.5]
      [Ext Root Scanning (ms): Min: 0.0, Avg: 0.3, Max: 0.4, Diff: 0.4, Sum: 1.3]
      [SATB Filtering (ms): Min: 0.0, Avg: 0.0, Max: 0.0, Diff: 0.0, Sum: 0.0]
      [Update RS (ms): Min: 0.0, Avg: 0.1, Max: 0.2, Diff: 0.2, Sum: 0.3]
         [Processed Buffers: Min: 0, Avg: 1.8, Max: 3, Diff: 3, Sum: 7]
      [Scan RS (ms): Min: 0.0, Avg: 0.1, Max: 0.1, Diff: 0.1, Sum: 0.3]
      [Code Root Scanning (ms): Min: 0.0, Avg: 0.0, Max: 0.0, Diff: 0.0, Sum: 0.0]
      [Object Copy (ms): Min: 1.5, Avg: 2.1, Max: 2.4, Diff: 0.9, Sum: 8.6]
      [Termination (ms): Min: 0.0, Avg: 0.0, Max: 0.0, Diff: 0.0, Sum: 0.0]
      [GC Worker Other (ms): Min: 0.0, Avg: 0.1, Max: 0.1, Diff: 0.1, Sum: 0.2]
      [GC Worker Total (ms): Min: 1.6, Avg: 2.7, Max: 3.1, Diff: 1.5, Sum: 10.8]
      [GC Worker End (ms): Min: 39939.4, Avg: 39939.5, Max: 39939.5, Diff: 0.1]
   [Code Root Fixup: 0.0 ms]
   [Code Root Migration: 0.0 ms]
   [Clear CT: 0.1 ms]
   [Other: 191.0 ms]
      [Choose CSet: 0.0 ms]
      [Ref Proc: 190.1 ms]
      [Ref Enq: 0.6 ms]
      [Free CSet: 0.3 ms]
   [Eden: 185.0M(185.0M)->0.0B(674.0M) Survivors: 19.0M->18.0M Heap: 2158.4M(4096.0M)->1972.9M(4096.0M)]
 [Times: user=0.74 sys=0.00, real=0.20 secs] 
2016-01-06T00:56:44.107-0800: 40.228: [GC pause (young)
Desired survivor size 45613056 bytes, new threshold 15 (max 15)
- age   1:   17259832 bytes,   17259832 total
2016-01-06T00:56:44.337-0800: 40.458: [SoftReference, 0 refs, 0.0052480 secs]2016-01-06T00:56:44.342-0800: 40.463: [WeakReference, 0 refs, 0.0027180 secs]2016-01-06T00:56:44.345-0800: 40.466: [FinalReference, 0 refs, 0.0042680 secs]2016-01-06T00:56:44.349-0800: 40.470: [PhantomReference, 0 refs, 21402 refs, 0.0017060 secs]2016-01-06T00:56:44.351-0800: 40.472: [JNI Weak Reference, 0.0000140 secs], 0.2462980 secs]
   [Parallel Time: 5.6 ms, GC Workers: 4]
      [GC Worker Start (ms): Min: 40227.7, Avg: 40227.7, Max: 40227.8, Diff: 0.1]
      [Ext Root Scanning (ms): Min: 0.3, Avg: 0.4, Max: 0.4, Diff: 0.1, Sum: 1.4]
      [SATB Filtering (ms): Min: 0.0, Avg: 0.0, Max: 0.0, Diff: 0.0, Sum: 0.0]
      [Update RS (ms): Min: 0.0, Avg: 0.1, Max: 0.3, Diff: 0.3, Sum: 0.4]
         [Processed Buffers: Min: 1, Avg: 1.8, Max: 4, Diff: 3, Sum: 7]
      [Scan RS (ms): Min: 0.2, Avg: 0.3, Max: 0.4, Diff: 0.2, Sum: 1.3]
      [Code Root Scanning (ms): Min: 0.0, Avg: 0.0, Max: 0.0, Diff: 0.0, Sum: 0.1]
      [Object Copy (ms): Min: 4.6, Avg: 4.6, Max: 4.6, Diff: 0.0, Sum: 18.5]
      [Termination (ms): Min: 0.0, Avg: 0.0, Max: 0.0, Diff: 0.0, Sum: 0.0]
      [GC Worker Other (ms): Min: 0.0, Avg: 0.1, Max: 0.1, Diff: 0.1, Sum: 0.2]
      [GC Worker Total (ms): Min: 5.5, Avg: 5.5, Max: 5.6, Diff: 0.1, Sum: 22.0]
      [GC Worker End (ms): Min: 40233.2, Avg: 40233.2, Max: 40233.3, Diff: 0.1]
   [Code Root Fixup: 0.0 ms]
   [Code Root Migration: 0.1 ms]
   [Clear CT: 0.3 ms]
   [Other: 240.3 ms]
      [Choose CSet: 0.0 ms]
      [Ref Proc: 238.6 ms]
      [Ref Enq: 0.8 ms]
      [Free CSet: 0.7 ms]
   [Eden: 674.0M(674.0M)->0.0B(184.0M) Survivors: 18.0M->20.0M Heap: 2646.9M(4096.0M)->1974.4M(4096.0M)]
 [Times: user=0.78 sys=0.02, real=0.24 secs] 
2016-01-06T00:56:44.380-0800: 40.501: [GC pause (young)
Desired survivor size 13631488 bytes, new threshold 1 (max 15)
- age   1:   18351280 bytes,   18351280 total
- age   2:      36864 bytes,   18388144 total
2016-01-06T00:56:44.582-0800: 40.703: [SoftReference, 0 refs, 0.0004810 secs]2016-01-06T00:56:44.582-0800: 40.703: [WeakReference, 0 refs, 0.0002600 secs]2016-01-06T00:56:44.583-0800: 40.703: [FinalReference, 0 refs, 0.0002360 secs]2016-01-06T00:56:44.583-0800: 40.704: [PhantomReference, 0 refs, 6214 refs, 0.0007530 secs]2016-01-06T00:56:44.584-0800: 40.704: [JNI Weak Reference, 0.0000110 secs], 0.2044810 secs]
   [Parallel Time: 12.2 ms, GC Workers: 4]
      [GC Worker Start (ms): Min: 40501.2, Avg: 40501.4, Max: 40501.9, Diff: 0.7]
      [Ext Root Scanning (ms): Min: 0.0, Avg: 2.0, Max: 6.9, Diff: 6.9, Sum: 8.2]
      [SATB Filtering (ms): Min: 0.0, Avg: 0.0, Max: 0.0, Diff: 0.0, Sum: 0.0]
      [Update RS (ms): Min: 0.0, Avg: 0.1, Max: 0.3, Diff: 0.3, Sum: 0.3]
         [Processed Buffers: Min: 0, Avg: 1.5, Max: 3, Diff: 3, Sum: 6]
      [Scan RS (ms): Min: 0.0, Avg: 0.1, Max: 0.2, Diff: 0.1, Sum: 0.3]
      [Code Root Scanning (ms): Min: 0.0, Avg: 0.0, Max: 0.0, Diff: 0.0, Sum: 0.1]
      [Object Copy (ms): Min: 0.1, Avg: 1.9, Max: 2.6, Diff: 2.5, Sum: 7.7]
      [Termination (ms): Min: 0.0, Avg: 3.1, Max: 5.3, Diff: 5.3, Sum: 12.4]
      [GC Worker Other (ms): Min: 0.0, Avg: 0.0, Max: 0.0, Diff: 0.0, Sum: 0.0]
      [GC Worker Total (ms): Min: 6.3, Avg: 7.3, Max: 8.8, Diff: 2.5, Sum: 29.0]
      [GC Worker End (ms): Min: 40508.2, Avg: 40508.6, Max: 40510.0, Diff: 1.8]
   [Code Root Fixup: 0.0 ms]
   [Code Root Migration: 0.0 ms]
   [Clear CT: 0.1 ms]
   [Other: 192.1 ms]
      [Choose CSet: 0.0 ms]
      [Ref Proc: 191.2 ms]
      [Ref Enq: 0.6 ms]
      [Free CSet: 0.3 ms]
   [Eden: 184.0M(184.0M)->0.0B(185.0M) Survivors: 20.0M->19.0M Heap: 2158.4M(4096.0M)->1973.5M(4096.0M)]
 [Times: user=0.67 sys=0.01, real=0.20 secs] 
2016-01-06T00:56:44.611-0800: 40.732: [GC pause (young)
Desired survivor size 13631488 bytes, new threshold 1 (max 15)
- age   1:   17257600 bytes,   17257600 total
2016-01-06T00:56:44.803-0800: 40.924: [SoftReference, 0 refs, 0.0004590 secs]2016-01-06T00:56:44.803-0800: 40.924: [WeakReference, 0 refs, 0.0002040 secs]2016-01-06T00:56:44.803-0800: 40.924: [FinalReference, 0 refs, 0.0003330 secs]2016-01-06T00:56:44.804-0800: 40.925: [PhantomReference, 0 refs, 6245 refs, 0.0005130 secs]2016-01-06T00:56:44.804-0800: 40.925: [JNI Weak Reference, 0.0000130 secs], 0.1945400 secs]
   [Parallel Time: 3.1 ms, GC Workers: 4]
      [GC Worker Start (ms): Min: 40731.6, Avg: 40732.2, Max: 40733.9, Diff: 2.3]
      [Ext Root Scanning (ms): Min: 0.0, Avg: 0.3, Max: 0.4, Diff: 0.4, Sum: 1.3]
      [SATB Filtering (ms): Min: 0.0, Avg: 0.0, Max: 0.0, Diff: 0.0, Sum: 0.0]
      [Update RS (ms): Min: 0.0, Avg: 0.1, Max: 0.2, Diff: 0.2, Sum: 0.3]
         [Processed Buffers: Min: 0, Avg: 1.5, Max: 3, Diff: 3, Sum: 6]
      [Scan RS (ms): Min: 0.0, Avg: 0.1, Max: 0.1, Diff: 0.1, Sum: 0.3]
      [Code Root Scanning (ms): Min: 0.0, Avg: 0.0, Max: 0.0, Diff: 0.0, Sum: 0.0]
      [Object Copy (ms): Min: 0.6, Avg: 1.9, Max: 2.3, Diff: 1.7, Sum: 7.6]
      [Termination (ms): Min: 0.0, Avg: 0.0, Max: 0.0, Diff: 0.0, Sum: 0.0]
      [GC Worker Other (ms): Min: 0.0, Avg: 0.0, Max: 0.0, Diff: 0.0, Sum: 0.1]
      [GC Worker Total (ms): Min: 0.7, Avg: 2.4, Max: 3.0, Diff: 2.3, Sum: 9.6]
      [GC Worker End (ms): Min: 40734.6, Avg: 40734.6, Max: 40734.6, Diff: 0.0]
   [Code Root Fixup: 0.0 ms]
   [Code Root Migration: 0.0 ms]
   [Clear CT: 0.1 ms]
   [Other: 191.3 ms]
      [Choose CSet: 0.0 ms]
      [Ref Proc: 190.4 ms]
      [Ref Enq: 0.5 ms]
      [Free CSet: 0.3 ms]
   [Eden: 185.0M(185.0M)->0.0B(185.0M) Survivors: 19.0M->19.0M Heap: 2158.5M(4096.0M)->1973.5M(4096.0M)]
 [Times: user=0.75 sys=0.00, real=0.20 secs] 
2016-01-06T00:56:44.831-0800: 40.952: [GC pause (young)
Desired survivor size 13631488 bytes, new threshold 1 (max 15)
- age   1:   17259832 bytes,   17259832 total
2016-01-06T00:56:45.019-0800: 41.140: [SoftReference, 0 refs, 0.0004760 secs]2016-01-06T00:56:45.019-0800: 41.140: [WeakReference, 0 refs, 0.0003150 secs]2016-01-06T00:56:45.020-0800: 41.141: [FinalReference, 0 refs, 0.0002450 secs]2016-01-06T00:56:45.020-0800: 41.141: [PhantomReference, 0 refs, 6244 refs, 0.0005640 secs]2016-01-06T00:56:45.021-0800: 41.141: [JNI Weak Reference, 0.0000130 secs], 0.1902370 secs]
   [Parallel Time: 2.4 ms, GC Workers: 4]
      [GC Worker Start (ms): Min: 40952.4, Avg: 40952.4, Max: 40952.4, Diff: 0.1]
      [Ext Root Scanning (ms): Min: 0.3, Avg: 0.4, Max: 0.4, Diff: 0.1, Sum: 1.4]
      [SATB Filtering (ms): Min: 0.0, Avg: 0.0, Max: 0.0, Diff: 0.0, Sum: 0.0]
      [Update RS (ms): Min: 0.0, Avg: 0.1, Max: 0.3, Diff: 0.3, Sum: 0.4]
         [Processed Buffers: Min: 0, Avg: 1.5, Max: 3, Diff: 3, Sum: 6]
      [Scan RS (ms): Min: 0.0, Avg: 0.1, Max: 0.1, Diff: 0.1, Sum: 0.4]
      [Code Root Scanning (ms): Min: 0.0, Avg: 0.0, Max: 0.0, Diff: 0.0, Sum: 0.0]
      [Object Copy (ms): Min: 1.7, Avg: 1.7, Max: 1.8, Diff: 0.1, Sum: 7.0]
      [Termination (ms): Min: 0.0, Avg: 0.0, Max: 0.0, Diff: 0.0, Sum: 0.0]
      [GC Worker Other (ms): Min: 0.0, Avg: 0.0, Max: 0.0, Diff: 0.0, Sum: 0.1]
      [GC Worker Total (ms): Min: 2.3, Avg: 2.3, Max: 2.4, Diff: 0.1, Sum: 9.3]
      [GC Worker End (ms): Min: 40954.7, Avg: 40954.7, Max: 40954.7, Diff: 0.0]
   [Code Root Fixup: 0.0 ms]
   [Code Root Migration: 0.0 ms]
   [Clear CT: 0.1 ms]
   [Other: 187.7 ms]
      [Choose CSet: 0.0 ms]
      [Ref Proc: 186.7 ms]
      [Ref Enq: 0.6 ms]
      [Free CSet: 0.3 ms]
   [Eden: 185.0M(185.0M)->0.0B(192.0M) Survivors: 19.0M->12.0M Heap: 2158.5M(4096.0M)->1967.1M(4096.0M)]
 [Times: user=0.74 sys=0.00, real=0.19 secs] 
2016-01-06T00:56:45.051-0800: 41.172: [GC pause (young)
Desired survivor size 13631488 bytes, new threshold 15 (max 15)
- age   1:   10988920 bytes,   10988920 total
2016-01-06T00:56:45.248-0800: 41.369: [SoftReference, 0 refs, 0.0004060 secs]2016-01-06T00:56:45.249-0800: 41.369: [WeakReference, 0 refs, 0.0003540 secs]2016-01-06T00:56:45.249-0800: 41.370: [FinalReference, 0 refs, 0.0002340 secs]2016-01-06T00:56:45.249-0800: 41.370: [PhantomReference, 0 refs, 6462 refs, 0.0005760 secs]2016-01-06T00:56:45.250-0800: 41.371: [JNI Weak Reference, 0.0000090 secs], 0.1995670 secs]
   [Parallel Time: 7.9 ms, GC Workers: 4]
      [GC Worker Start (ms): Min: 41172.1, Avg: 41172.2, Max: 41172.2, Diff: 0.1]
      [Ext Root Scanning (ms): Min: 0.4, Avg: 2.3, Max: 7.8, Diff: 7.4, Sum: 9.2]
      [SATB Filtering (ms): Min: 0.0, Avg: 0.0, Max: 0.0, Diff: 0.0, Sum: 0.0]
      [Update RS (ms): Min: 0.0, Avg: 0.1, Max: 0.3, Diff: 0.3, Sum: 0.4]
         [Processed Buffers: Min: 0, Avg: 2.0, Max: 4, Diff: 4, Sum: 8]
      [Scan RS (ms): Min: 0.0, Avg: 0.1, Max: 0.2, Diff: 0.1, Sum: 0.4]
      [Code Root Scanning (ms): Min: 0.0, Avg: 0.0, Max: 0.0, Diff: 0.0, Sum: 0.1]
      [Object Copy (ms): Min: 0.0, Avg: 2.2, Max: 3.3, Diff: 3.2, Sum: 8.6]
      [Termination (ms): Min: 0.0, Avg: 3.2, Max: 4.4, Diff: 4.4, Sum: 12.6]
      [GC Worker Other (ms): Min: 0.0, Avg: 0.0, Max: 0.0, Diff: 0.0, Sum: 0.0]
      [GC Worker Total (ms): Min: 7.8, Avg: 7.8, Max: 7.9, Diff: 0.1, Sum: 31.3]
      [GC Worker End (ms): Min: 41180.0, Avg: 41180.0, Max: 41180.0, Diff: 0.1]
   [Code Root Fixup: 0.0 ms]
   [Code Root Migration: 0.0 ms]
   [Clear CT: 0.1 ms]
   [Other: 191.5 ms]
      [Choose CSet: 0.0 ms]
      [Ref Proc: 190.6 ms]
      [Ref Enq: 0.5 ms]
      [Free CSet: 0.3 ms]
   [Eden: 192.0M(192.0M)->0.0B(185.0M) Survivors: 12.0M->19.0M Heap: 2159.1M(4096.0M)->1974.1M(4096.0M)]
 [Times: user=0.74 sys=0.00, real=0.20 secs] 
2016-01-06T00:56:45.279-0800: 41.400: [GC pause (young)
Desired survivor size 13631488 bytes, new threshold 1 (max 15)
- age   1:   17275456 bytes,   17275456 total
- age   2:      36864 bytes,   17312320 total
2016-01-06T00:56:45.472-0800: 41.593: [SoftReference, 0 refs, 0.0004800 secs]2016-01-06T00:56:45.473-0800: 41.594: [WeakReference, 0 refs, 0.0002300 secs]2016-01-06T00:56:45.473-0800: 41.594: [FinalReference, 0 refs, 0.0002610 secs]2016-01-06T00:56:45.473-0800: 41.594: [PhantomReference, 0 refs, 6243 refs, 0.0005570 secs]2016-01-06T00:56:45.474-0800: 41.595: [JNI Weak Reference, 0.0000090 secs], 0.1960220 secs]
   [Parallel Time: 2.9 ms, GC Workers: 4]
      [GC Worker Start (ms): Min: 41399.9, Avg: 41399.9, Max: 41399.9, Diff: 0.1]
      [Ext Root Scanning (ms): Min: 0.3, Avg: 0.4, Max: 0.4, Diff: 0.1, Sum: 1.4]
      [SATB Filtering (ms): Min: 0.0, Avg: 0.0, Max: 0.0, Diff: 0.0, Sum: 0.0]
      [Update RS (ms): Min: 0.0, Avg: 0.1, Max: 0.1, Diff: 0.1, Sum: 0.3]
         [Processed Buffers: Min: 1, Avg: 1.5, Max: 3, Diff: 2, Sum: 6]
      [Scan RS (ms): Min: 0.0, Avg: 0.1, Max: 0.1, Diff: 0.1, Sum: 0.3]
      [Code Root Scanning (ms): Min: 0.0, Avg: 0.0, Max: 0.0, Diff: 0.0, Sum: 0.0]
      [Object Copy (ms): Min: 2.2, Avg: 2.2, Max: 2.2, Diff: 0.0, Sum: 8.9]
      [Termination (ms): Min: 0.0, Avg: 0.0, Max: 0.0, Diff: 0.0, Sum: 0.0]
      [GC Worker Other (ms): Min: 0.0, Avg: 0.0, Max: 0.0, Diff: 0.0, Sum: 0.1]
      [GC Worker Total (ms): Min: 2.7, Avg: 2.8, Max: 2.8, Diff: 0.1, Sum: 11.1]
      [GC Worker End (ms): Min: 41402.7, Avg: 41402.7, Max: 41402.7, Diff: 0.0]
   [Code Root Fixup: 0.0 ms]
   [Code Root Migration: 0.0 ms]
   [Clear CT: 0.1 ms]
   [Other: 193.0 ms]
      [Choose CSet: 0.0 ms]
      [Ref Proc: 192.0 ms]
      [Ref Enq: 0.6 ms]
      [Free CSet: 0.3 ms]
   [Eden: 185.0M(185.0M)->0.0B(185.0M) Survivors: 19.0M->19.0M Heap: 2159.1M(4096.0M)->1973.6M(4096.0M)]
 [Times: user=0.74 sys=0.00, real=0.19 secs] 
2016-01-06T00:56:45.503-0800: 41.624: [GC pause (young)
Desired survivor size 13631488 bytes, new threshold 1 (max 15)
- age   1:   17259832 bytes,   17259832 total
2016-01-06T00:56:45.694-0800: 41.814: [SoftReference, 0 refs, 0.0004170 secs]2016-01-06T00:56:45.704-0800: 41.825: [WeakReference, 0 refs, 0.0003050 secs]2016-01-06T00:56:45.705-0800: 41.826: [FinalReference, 0 refs, 0.0002980 secs]2016-01-06T00:56:45.705-0800: 41.826: [PhantomReference, 0 refs, 6244 refs, 0.0007640 secs]2016-01-06T00:56:45.706-0800: 41.827: [JNI Weak Reference, 0.0000090 secs], 0.2039580 secs]
   [Parallel Time: 3.0 ms, GC Workers: 4]
      [GC Worker Start (ms): Min: 41624.0, Avg: 41624.0, Max: 41624.0, Diff: 0.1]
      [Ext Root Scanning (ms): Min: 0.3, Avg: 0.4, Max: 0.4, Diff: 0.1, Sum: 1.4]
      [SATB Filtering (ms): Min: 0.0, Avg: 0.0, Max: 0.0, Diff: 0.0, Sum: 0.0]
      [Update RS (ms): Min: 0.0, Avg: 0.1, Max: 0.3, Diff: 0.3, Sum: 0.4]
         [Processed Buffers: Min: 0, Avg: 2.0, Max: 5, Diff: 5, Sum: 8]
      [Scan RS (ms): Min: 0.0, Avg: 0.1, Max: 0.1, Diff: 0.1, Sum: 0.4]
      [Code Root Scanning (ms): Min: 0.0, Avg: 0.0, Max: 0.0, Diff: 0.0, Sum: 0.1]
      [Object Copy (ms): Min: 2.3, Avg: 2.3, Max: 2.4, Diff: 0.1, Sum: 9.3]
      [Termination (ms): Min: 0.0, Avg: 0.0, Max: 0.0, Diff: 0.0, Sum: 0.0]
      [GC Worker Other (ms): Min: 0.0, Avg: 0.0, Max: 0.0, Diff: 0.0, Sum: 0.0]
      [GC Worker Total (ms): Min: 2.9, Avg: 2.9, Max: 2.9, Diff: 0.1, Sum: 11.6]
      [GC Worker End (ms): Min: 41626.9, Avg: 41626.9, Max: 41626.9, Diff: 0.0]
   [Code Root Fixup: 0.0 ms]
   [Code Root Migration: 0.0 ms]
   [Clear CT: 0.2 ms]
   [Other: 200.7 ms]
      [Choose CSet: 0.0 ms]
      [Ref Proc: 199.8 ms]
      [Ref Enq: 0.6 ms]
      [Free CSet: 0.3 ms]
   [Eden: 185.0M(185.0M)->0.0B(186.0M) Survivors: 19.0M->18.0M Heap: 2158.6M(4096.0M)->1973.1M(4096.0M)]
 [Times: user=0.75 sys=0.00, real=0.21 secs] 
2016-01-06T00:56:45.733-0800: 41.854: [GC pause (young)
Desired survivor size 13631488 bytes, new threshold 1 (max 15)
- age   1:   17259832 bytes,   17259832 total
2016-01-06T00:56:45.915-0800: 42.036: [SoftReference, 0 refs, 0.0005120 secs]2016-01-06T00:56:45.916-0800: 42.037: [WeakReference, 0 refs, 0.0002690 secs]2016-01-06T00:56:45.916-0800: 42.037: [FinalReference, 0 refs, 0.0003610 secs]2016-01-06T00:56:45.916-0800: 42.037: [PhantomReference, 0 refs, 6275 refs, 0.0005790 secs]2016-01-06T00:56:45.917-0800: 42.038: [JNI Weak Reference, 0.0000110 secs], 0.1847630 secs]
   [Parallel Time: 3.7 ms, GC Workers: 4]
      [GC Worker Start (ms): Min: 41854.4, Avg: 41855.3, Max: 41857.9, Diff: 3.6]
      [Ext Root Scanning (ms): Min: 0.0, Avg: 0.3, Max: 0.5, Diff: 0.4, Sum: 1.3]
      [SATB Filtering (ms): Min: 0.0, Avg: 0.0, Max: 0.0, Diff: 0.0, Sum: 0.0]
      [Update RS (ms): Min: 0.0, Avg: 0.1, Max: 0.2, Diff: 0.2, Sum: 0.3]
         [Processed Buffers: Min: 0, Avg: 1.8, Max: 4, Diff: 4, Sum: 7]
      [Scan RS (ms): Min: 0.0, Avg: 0.1, Max: 0.1, Diff: 0.1, Sum: 0.3]
      [Code Root Scanning (ms): Min: 0.0, Avg: 0.0, Max: 0.0, Diff: 0.0, Sum: 0.0]
      [Object Copy (ms): Min: 0.0, Avg: 1.8, Max: 2.4, Diff: 2.4, Sum: 7.2]
      [Termination (ms): Min: 0.0, Avg: 0.4, Max: 0.6, Diff: 0.6, Sum: 1.7]
      [GC Worker Other (ms): Min: 0.0, Avg: 0.0, Max: 0.0, Diff: 0.0, Sum: 0.0]
      [GC Worker Total (ms): Min: 0.1, Avg: 2.7, Max: 3.6, Diff: 3.6, Sum: 10.9]
      [GC Worker End (ms): Min: 41858.0, Avg: 41858.0, Max: 41858.0, Diff: 0.0]
   [Code Root Fixup: 0.0 ms]
   [Code Root Migration: 0.0 ms]
   [Clear CT: 0.1 ms]
   [Other: 180.9 ms]
      [Choose CSet: 0.0 ms]
      [Ref Proc: 180.0 ms]
      [Ref Enq: 0.6 ms]
      [Free CSet: 0.3 ms]
   [Eden: 186.0M(186.0M)->0.0B(386.0M) Survivors: 18.0M->18.0M Heap: 2159.1M(4096.0M)->1973.2M(4096.0M)]
 [Times: user=0.70 sys=0.00, real=0.19 secs] 
2016-01-06T00:56:45.972-0800: 42.093: [GC pause (young)
Desired survivor size 26738688 bytes, new threshold 15 (max 15)
- age   1:   17262064 bytes,   17262064 total
2016-01-06T00:56:46.161-0800: 42.282: [SoftReference, 0 refs, 0.0005890 secs]2016-01-06T00:56:46.162-0800: 42.283: [WeakReference, 0 refs, 0.0002140 secs]2016-01-06T00:56:46.162-0800: 42.283: [FinalReference, 0 refs, 0.0002910 secs]2016-01-06T00:56:46.163-0800: 42.284: [PhantomReference, 0 refs, 12476 refs, 0.0008660 secs]2016-01-06T00:56:46.163-0800: 42.284: [JNI Weak Reference, 0.0000150 secs], 0.1935650 secs]
   [Parallel Time: 3.8 ms, GC Workers: 4]
      [GC Worker Start (ms): Min: 42092.9, Avg: 42093.2, Max: 42093.9, Diff: 1.0]
      [Ext Root Scanning (ms): Min: 0.0, Avg: 0.3, Max: 0.4, Diff: 0.4, Sum: 1.3]
      [SATB Filtering (ms): Min: 0.0, Avg: 0.0, Max: 0.0, Diff: 0.0, Sum: 0.0]
      [Update RS (ms): Min: 0.0, Avg: 0.1, Max: 0.2, Diff: 0.2, Sum: 0.3]
         [Processed Buffers: Min: 0, Avg: 1.5, Max: 4, Diff: 4, Sum: 6]
      [Scan RS (ms): Min: 0.0, Avg: 0.2, Max: 0.3, Diff: 0.2, Sum: 0.7]
      [Code Root Scanning (ms): Min: 0.0, Avg: 0.0, Max: 0.0, Diff: 0.0, Sum: 0.1]
      [Object Copy (ms): Min: 2.7, Avg: 2.9, Max: 3.0, Diff: 0.3, Sum: 11.5]
      [Termination (ms): Min: 0.0, Avg: 0.0, Max: 0.0, Diff: 0.0, Sum: 0.0]
      [GC Worker Other (ms): Min: 0.0, Avg: 0.0, Max: 0.0, Diff: 0.0, Sum: 0.1]
      [GC Worker Total (ms): Min: 2.7, Avg: 3.5, Max: 3.8, Diff: 1.0, Sum: 13.9]
      [GC Worker End (ms): Min: 42096.6, Avg: 42096.6, Max: 42096.6, Diff: 0.0]
   [Code Root Fixup: 0.0 ms]
   [Code Root Migration: 0.1 ms]
   [Clear CT: 0.2 ms]
   [Other: 189.5 ms]
      [Choose CSet: 0.0 ms]
      [Ref Proc: 187.7 ms]
      [Ref Enq: 1.2 ms]
      [Free CSet: 0.5 ms]
   [Eden: 386.0M(386.0M)->0.0B(958.0M) Survivors: 18.0M->19.0M Heap: 2359.2M(4096.0M)->1974.2M(4096.0M)]
 [Times: user=0.75 sys=0.00, real=0.20 secs] 
2016-01-06T00:56:46.311-0800: 42.431: [GC pause (young)
Desired survivor size 64487424 bytes, new threshold 15 (max 15)
- age   1:   17708464 bytes,   17708464 total
- age   2:      36864 bytes,   17745328 total
2016-01-06T00:56:46.507-0800: 42.628: [SoftReference, 0 refs, 0.0005340 secs]2016-01-06T00:56:46.508-0800: 42.629: [WeakReference, 0 refs, 0.0003710 secs]2016-01-06T00:56:46.508-0800: 42.629: [FinalReference, 0 refs, 0.0002370 secs]2016-01-06T00:56:46.509-0800: 42.630: [PhantomReference, 0 refs, 30208 refs, 0.0009010 secs]2016-01-06T00:56:46.510-0800: 42.630: [JNI Weak Reference, 0.0000100 secs], 0.2026730 secs]
   [Parallel Time: 7.4 ms, GC Workers: 4]
      [GC Worker Start (ms): Min: 42431.5, Avg: 42431.5, Max: 42431.5, Diff: 0.1]
      [Ext Root Scanning (ms): Min: 0.3, Avg: 0.4, Max: 0.4, Diff: 0.0, Sum: 1.4]
      [SATB Filtering (ms): Min: 0.0, Avg: 0.0, Max: 0.0, Diff: 0.0, Sum: 0.0]
      [Update RS (ms): Min: 0.0, Avg: 0.1, Max: 0.3, Diff: 0.3, Sum: 0.3]
         [Processed Buffers: Min: 0, Avg: 1.8, Max: 5, Diff: 5, Sum: 7]
      [Scan RS (ms): Min: 0.3, Avg: 0.4, Max: 0.5, Diff: 0.2, Sum: 1.8]
      [Code Root Scanning (ms): Min: 0.0, Avg: 0.0, Max: 0.1, Diff: 0.0, Sum: 0.2]
      [Object Copy (ms): Min: 6.3, Avg: 6.3, Max: 6.3, Diff: 0.0, Sum: 25.2]
      [Termination (ms): Min: 0.0, Avg: 0.0, Max: 0.0, Diff: 0.0, Sum: 0.0]
      [GC Worker Other (ms): Min: 0.0, Avg: 0.1, Max: 0.1, Diff: 0.1, Sum: 0.2]
      [GC Worker Total (ms): Min: 7.2, Avg: 7.3, Max: 7.3, Diff: 0.1, Sum: 29.1]
      [GC Worker End (ms): Min: 42438.8, Avg: 42438.8, Max: 42438.8, Diff: 0.1]
   [Code Root Fixup: 0.0 ms]
   [Code Root Migration: 0.1 ms]
   [Clear CT: 0.2 ms]
   [Other: 194.9 ms]
      [Choose CSet: 0.0 ms]
      [Ref Proc: 191.6 ms]
      [Ref Enq: 2.2 ms]
      [Free CSet: 1.0 ms]
   [Eden: 958.0M(958.0M)->0.0B(230.0M) Survivors: 19.0M->21.0M Heap: 2932.2M(4096.0M)->1975.7M(4096.0M)]
 [Times: user=0.70 sys=0.01, real=0.20 secs] 
2016-01-06T00:56:46.547-0800: 42.668: [GC pause (young)
Desired survivor size 16777216 bytes, new threshold 1 (max 15)
- age   1:   18985168 bytes,   18985168 total
- age   2:      36864 bytes,   19022032 total
2016-01-06T00:56:46.738-0800: 42.859: [SoftReference, 0 refs, 0.0004610 secs]2016-01-06T00:56:46.738-0800: 42.859: [WeakReference, 0 refs, 0.0003090 secs]2016-01-06T00:56:46.738-0800: 42.859: [FinalReference, 0 refs, 0.0003170 secs]2016-01-06T00:56:46.739-0800: 42.860: [PhantomReference, 0 refs, 7640 refs, 0.0007080 secs]2016-01-06T00:56:46.739-0800: 42.860: [JNI Weak Reference, 0.0000120 secs], 0.1936580 secs]
   [Parallel Time: 3.2 ms, GC Workers: 4]
      [GC Worker Start (ms): Min: 42667.9, Avg: 42667.9, Max: 42667.9, Diff: 0.1]
      [Ext Root Scanning (ms): Min: 0.3, Avg: 0.4, Max: 0.4, Diff: 0.1, Sum: 1.4]
      [SATB Filtering (ms): Min: 0.0, Avg: 0.0, Max: 0.0, Diff: 0.0, Sum: 0.0]
      [Update RS (ms): Min: 0.0, Avg: 0.1, Max: 0.3, Diff: 0.3, Sum: 0.3]
         [Processed Buffers: Min: 0, Avg: 1.5, Max: 2, Diff: 2, Sum: 6]
      [Scan RS (ms): Min: 0.0, Avg: 0.1, Max: 0.1, Diff: 0.1, Sum: 0.4]
      [Code Root Scanning (ms): Min: 0.0, Avg: 0.0, Max: 0.0, Diff: 0.0, Sum: 0.1]
      [Object Copy (ms): Min: 2.4, Avg: 2.4, Max: 2.5, Diff: 0.1, Sum: 9.7]
      [Termination (ms): Min: 0.0, Avg: 0.0, Max: 0.0, Diff: 0.0, Sum: 0.0]
      [GC Worker Other (ms): Min: 0.0, Avg: 0.0, Max: 0.0, Diff: 0.0, Sum: 0.1]
      [GC Worker Total (ms): Min: 3.0, Avg: 3.0, Max: 3.0, Diff: 0.1, Sum: 12.0]
      [GC Worker End (ms): Min: 42670.9, Avg: 42670.9, Max: 42670.9, Diff: 0.0]
   [Code Root Fixup: 0.0 ms]
   [Code Root Migration: 0.0 ms]
   [Clear CT: 0.1 ms]
   [Other: 190.3 ms]
      [Choose CSet: 0.0 ms]
      [Ref Proc: 189.3 ms]
      [Ref Enq: 0.6 ms]
      [Free CSet: 0.3 ms]
   [Eden: 230.0M(230.0M)->0.0B(782.0M) Survivors: 21.0M->19.0M Heap: 2205.7M(4096.0M)->1973.7M(4096.0M)]
 [Times: user=0.75 sys=0.00, real=0.19 secs] 
2016-01-06T00:56:46.859-0800: 42.980: [GC pause (young)
Desired survivor size 52953088 bytes, new threshold 15 (max 15)
- age   1:   17360272 bytes,   17360272 total
2016-01-06T00:56:47.054-0800: 43.175: [SoftReference, 0 refs, 0.0004850 secs]2016-01-06T00:56:47.055-0800: 43.176: [WeakReference, 0 refs, 0.0002440 secs]2016-01-06T00:56:47.055-0800: 43.176: [FinalReference, 0 refs, 0.0001970 secs]2016-01-06T00:56:47.055-0800: 43.176: [PhantomReference, 0 refs, 24751 refs, 0.0019760 secs]2016-01-06T00:56:47.057-0800: 43.178: [JNI Weak Reference, 0.0000090 secs], 0.2008390 secs]
   [Parallel Time: 6.2 ms, GC Workers: 4]
      [GC Worker Start (ms): Min: 42980.3, Avg: 42980.3, Max: 42980.3, Diff: 0.1]
      [Ext Root Scanning (ms): Min: 0.3, Avg: 0.4, Max: 0.4, Diff: 0.1, Sum: 1.4]
      [SATB Filtering (ms): Min: 0.0, Avg: 0.0, Max: 0.0, Diff: 0.0, Sum: 0.0]
      [Update RS (ms): Min: 0.0, Avg: 0.1, Max: 0.3, Diff: 0.3, Sum: 0.4]
         [Processed Buffers: Min: 1, Avg: 1.8, Max: 3, Diff: 2, Sum: 7]
      [Scan RS (ms): Min: 0.2, Avg: 0.4, Max: 0.4, Diff: 0.2, Sum: 1.5]
      [Code Root Scanning (ms): Min: 0.0, Avg: 0.0, Max: 0.0, Diff: 0.0, Sum: 0.2]
      [Object Copy (ms): Min: 5.1, Avg: 5.1, Max: 5.2, Diff: 0.0, Sum: 20.6]
      [Termination (ms): Min: 0.0, Avg: 0.0, Max: 0.0, Diff: 0.0, Sum: 0.0]
      [GC Worker Other (ms): Min: 0.0, Avg: 0.0, Max: 0.1, Diff: 0.1, Sum: 0.2]
      [GC Worker Total (ms): Min: 6.0, Avg: 6.1, Max: 6.1, Diff: 0.1, Sum: 24.2]
      [GC Worker End (ms): Min: 42986.3, Avg: 42986.4, Max: 42986.4, Diff: 0.1]
   [Code Root Fixup: 0.0 ms]
   [Code Root Migration: 0.1 ms]
   [Clear CT: 0.2 ms]
   [Other: 194.3 ms]
      [Choose CSet: 0.0 ms]
      [Ref Proc: 191.6 ms]
      [Ref Enq: 1.9 ms]
      [Free CSet: 0.8 ms]
   [Eden: 782.0M(782.0M)->0.0B(504.0M) Survivors: 19.0M->20.0M Heap: 2755.7M(4096.0M)->1975.2M(4096.0M)]
 [Times: user=0.77 sys=0.01, real=0.20 secs] 
2016-01-06T00:56:47.135-0800: 43.256: [GC pause (young)
Desired survivor size 34603008 bytes, new threshold 15 (max 15)
- age   1:   18592336 bytes,   18592336 total
- age   2:      36864 bytes,   18629200 total
2016-01-06T00:56:47.326-0800: 43.447: [SoftReference, 0 refs, 0.0004310 secs]2016-01-06T00:56:47.327-0800: 43.448: [WeakReference, 0 refs, 0.0003590 secs]2016-01-06T00:56:47.327-0800: 43.448: [FinalReference, 0 refs, 0.0002450 secs]2016-01-06T00:56:47.327-0800: 43.448: [PhantomReference, 0 refs, 16134 refs, 0.0008420 secs]2016-01-06T00:56:47.328-0800: 43.449: [JNI Weak Reference, 0.0000120 secs], 0.1960430 secs]
   [Parallel Time: 4.2 ms, GC Workers: 4]
      [GC Worker Start (ms): Min: 43255.7, Avg: 43255.8, Max: 43255.8, Diff: 0.1]
      [Ext Root Scanning (ms): Min: 0.3, Avg: 0.4, Max: 0.4, Diff: 0.1, Sum: 1.4]
      [SATB Filtering (ms): Min: 0.0, Avg: 0.0, Max: 0.0, Diff: 0.0, Sum: 0.0]
      [Update RS (ms): Min: 0.0, Avg: 0.1, Max: 0.3, Diff: 0.3, Sum: 0.3]
         [Processed Buffers: Min: 0, Avg: 1.5, Max: 3, Diff: 3, Sum: 6]
      [Scan RS (ms): Min: 0.1, Avg: 0.2, Max: 0.3, Diff: 0.2, Sum: 1.0]
      [Code Root Scanning (ms): Min: 0.0, Avg: 0.0, Max: 0.0, Diff: 0.0, Sum: 0.1]
      [Object Copy (ms): Min: 3.4, Avg: 3.4, Max: 3.4, Diff: 0.0, Sum: 13.6]
      [Termination (ms): Min: 0.0, Avg: 0.0, Max: 0.0, Diff: 0.0, Sum: 0.0]
      [GC Worker Other (ms): Min: 0.0, Avg: 0.0, Max: 0.1, Diff: 0.0, Sum: 0.2]
      [GC Worker Total (ms): Min: 4.1, Avg: 4.1, Max: 4.2, Diff: 0.1, Sum: 16.5]
      [GC Worker End (ms): Min: 43259.9, Avg: 43259.9, Max: 43259.9, Diff: 0.0]
   [Code Root Fixup: 0.0 ms]
   [Code Root Migration: 0.1 ms]
   [Clear CT: 0.1 ms]
   [Other: 191.6 ms]
      [Choose CSet: 0.0 ms]
      [Ref Proc: 189.3 ms]
      [Ref Enq: 1.5 ms]
      [Free CSet: 0.7 ms]
   [Eden: 504.0M(504.0M)->0.0B(843.0M) Survivors: 20.0M->19.0M Heap: 2479.2M(4096.0M)->1973.7M(4096.0M)]
 [Times: user=0.76 sys=0.01, real=0.20 secs] 
2016-01-06T00:56:47.459-0800: 43.580: [GC pause (young)
Desired survivor size 56623104 bytes, new threshold 15 (max 15)
- age   1:   17971840 bytes,   17971840 total
- age   2:      36864 bytes,   18008704 total
2016-01-06T00:56:47.660-0800: 43.781: [SoftReference, 0 refs, 0.0003810 secs]2016-01-06T00:56:47.660-0800: 43.781: [WeakReference, 0 refs, 0.0002300 secs]2016-01-06T00:56:47.660-0800: 43.781: [FinalReference, 0 refs, 0.0002510 secs]2016-01-06T00:56:47.661-0800: 43.781: [PhantomReference, 0 refs, 26643 refs, 0.0011830 secs]2016-01-06T00:56:47.662-0800: 43.783: [JNI Weak Reference, 0.0000090 secs], 0.2063640 secs]
   [Parallel Time: 6.4 ms, GC Workers: 4]
      [GC Worker Start (ms): Min: 43579.7, Avg: 43579.7, Max: 43579.7, Diff: 0.1]
      [Ext Root Scanning (ms): Min: 0.3, Avg: 0.4, Max: 0.4, Diff: 0.1, Sum: 1.4]
      [SATB Filtering (ms): Min: 0.0, Avg: 0.0, Max: 0.0, Diff: 0.0, Sum: 0.0]
      [Update RS (ms): Min: 0.0, Avg: 0.1, Max: 0.3, Diff: 0.3, Sum: 0.3]
         [Processed Buffers: Min: 0, Avg: 1.5, Max: 3, Diff: 3, Sum: 6]
      [Scan RS (ms): Min: 0.3, Avg: 0.4, Max: 0.5, Diff: 0.2, Sum: 1.6]
      [Code Root Scanning (ms): Min: 0.0, Avg: 0.0, Max: 0.1, Diff: 0.0, Sum: 0.2]
      [Object Copy (ms): Min: 5.3, Avg: 5.3, Max: 5.3, Diff: 0.1, Sum: 21.3]
      [Termination (ms): Min: 0.0, Avg: 0.0, Max: 0.0, Diff: 0.0, Sum: 0.0]
      [GC Worker Other (ms): Min: 0.0, Avg: 0.0, Max: 0.1, Diff: 0.0, Sum: 0.2]
      [GC Worker Total (ms): Min: 6.2, Avg: 6.3, Max: 6.3, Diff: 0.0, Sum: 25.0]
      [GC Worker End (ms): Min: 43585.9, Avg: 43586.0, Max: 43586.0, Diff: 0.0]
   [Code Root Fixup: 0.0 ms]
   [Code Root Migration: 0.1 ms]
   [Clear CT: 0.2 ms]
   [Other: 199.6 ms]
      [Choose CSet: 0.0 ms]
      [Ref Proc: 196.6 ms]
      [Ref Enq: 2.0 ms]
      [Free CSet: 0.9 ms]
   [Eden: 843.0M(843.0M)->0.0B(199.0M) Survivors: 19.0M->5120.0K Heap: 2816.7M(4096.0M)->1960.2M(4096.0M)]
 [Times: user=0.75 sys=0.00, real=0.21 secs] 
2016-01-06T00:56:47.695-0800: 43.816: [GC pause (young)
Desired survivor size 13631488 bytes, new threshold 15 (max 15)
- age   1:    3954088 bytes,    3954088 total
- age   2:      36864 bytes,    3990952 total
2016-01-06T00:56:47.891-0800: 44.012: [SoftReference, 0 refs, 0.0004580 secs]2016-01-06T00:56:47.892-0800: 44.012: [WeakReference, 0 refs, 0.0002220 secs]2016-01-06T00:56:47.892-0800: 44.013: [FinalReference, 0 refs, 0.0003900 secs]2016-01-06T00:56:47.892-0800: 44.013: [PhantomReference, 0 refs, 6679 refs, 0.0006270 secs]2016-01-06T00:56:47.893-0800: 44.014: [JNI Weak Reference, 0.0000110 secs], 0.1984260 secs]
   [Parallel Time: 3.2 ms, GC Workers: 4]
      [GC Worker Start (ms): Min: 43816.4, Avg: 43816.5, Max: 43816.5, Diff: 0.1]
      [Ext Root Scanning (ms): Min: 0.3, Avg: 0.4, Max: 0.4, Diff: 0.1, Sum: 1.4]
      [SATB Filtering (ms): Min: 0.0, Avg: 0.0, Max: 0.0, Diff: 0.0, Sum: 0.0]
      [Update RS (ms): Min: 0.0, Avg: 0.1, Max: 0.3, Diff: 0.3, Sum: 0.3]
         [Processed Buffers: Min: 0, Avg: 1.5, Max: 3, Diff: 3, Sum: 6]
      [Scan RS (ms): Min: 0.0, Avg: 0.1, Max: 0.1, Diff: 0.1, Sum: 0.3]
      [Code Root Scanning (ms): Min: 0.0, Avg: 0.0, Max: 0.0, Diff: 0.0, Sum: 0.0]
      [Object Copy (ms): Min: 2.5, Avg: 2.6, Max: 2.6, Diff: 0.1, Sum: 10.3]
      [Termination (ms): Min: 0.0, Avg: 0.0, Max: 0.0, Diff: 0.0, Sum: 0.0]
      [GC Worker Other (ms): Min: 0.0, Avg: 0.0, Max: 0.0, Diff: 0.0, Sum: 0.1]
      [GC Worker Total (ms): Min: 3.1, Avg: 3.1, Max: 3.1, Diff: 0.1, Sum: 12.5]
      [GC Worker End (ms): Min: 43819.6, Avg: 43819.6, Max: 43819.6, Diff: 0.0]
   [Code Root Fixup: 0.0 ms]
   [Code Root Migration: 0.0 ms]
   [Clear CT: 0.1 ms]
   [Other: 195.1 ms]
      [Choose CSet: 0.0 ms]
      [Ref Proc: 194.2 ms]
      [Ref Enq: 0.5 ms]
      [Free CSet: 0.3 ms]
   [Eden: 199.0M(199.0M)->0.0B(185.0M) Survivors: 5120.0K->19.0M Heap: 2159.2M(4096.0M)->1974.2M(4096.0M)]
 [Times: user=0.77 sys=0.00, real=0.20 secs] 
2016-01-06T00:56:47.922-0800: 44.043: [GC pause (young)
Desired survivor size 13631488 bytes, new threshold 1 (max 15)
- age   1:   17291080 bytes,   17291080 total
- age   2:      36864 bytes,   17327944 total
2016-01-06T00:56:48.113-0800: 44.234: [SoftReference, 0 refs, 0.0004810 secs]2016-01-06T00:56:48.114-0800: 44.234: [WeakReference, 0 refs, 0.0003630 secs]2016-01-06T00:56:48.114-0800: 44.235: [FinalReference, 0 refs, 0.0002250 secs]2016-01-06T00:56:48.114-0800: 44.235: [PhantomReference, 0 refs, 6245 refs, 0.0005960 secs]2016-01-06T00:56:48.115-0800: 44.236: [JNI Weak Reference, 0.0000250 secs], 0.1935430 secs]
   [Parallel Time: 3.6 ms, GC Workers: 4]
      [GC Worker Start (ms): Min: 44043.3, Avg: 44043.4, Max: 44043.4, Diff: 0.1]
      [Ext Root Scanning (ms): Min: 0.3, Avg: 0.4, Max: 0.4, Diff: 0.1, Sum: 1.4]
      [SATB Filtering (ms): Min: 0.0, Avg: 0.0, Max: 0.0, Diff: 0.0, Sum: 0.0]
      [Update RS (ms): Min: 0.0, Avg: 0.1, Max: 0.3, Diff: 0.3, Sum: 0.3]
         [Processed Buffers: Min: 0, Avg: 1.5, Max: 3, Diff: 3, Sum: 6]
      [Scan RS (ms): Min: 0.0, Avg: 0.1, Max: 0.1, Diff: 0.1, Sum: 0.3]
      [Code Root Scanning (ms): Min: 0.0, Avg: 0.0, Max: 0.0, Diff: 0.0, Sum: 0.0]
      [Object Copy (ms): Min: 2.2, Avg: 2.5, Max: 2.9, Diff: 0.7, Sum: 9.9]
      [Termination (ms): Min: 0.0, Avg: 0.4, Max: 0.6, Diff: 0.6, Sum: 1.7]
      [GC Worker Other (ms): Min: 0.0, Avg: 0.0, Max: 0.0, Diff: 0.0, Sum: 0.0]
      [GC Worker Total (ms): Min: 3.4, Avg: 3.4, Max: 3.5, Diff: 0.1, Sum: 13.7]
      [GC Worker End (ms): Min: 44046.8, Avg: 44046.8, Max: 44046.8, Diff: 0.0]
   [Code Root Fixup: 0.0 ms]
   [Code Root Migration: 0.0 ms]
   [Clear CT: 0.1 ms]
   [Other: 189.8 ms]
      [Choose CSet: 0.0 ms]
      [Ref Proc: 188.8 ms]
      [Ref Enq: 0.6 ms]
      [Free CSet: 0.3 ms]
   [Eden: 185.0M(185.0M)->0.0B(185.0M) Survivors: 19.0M->19.0M Heap: 2159.2M(4096.0M)->1973.8M(4096.0M)]
 [Times: user=0.70 sys=0.01, real=0.19 secs] 
2016-01-06T00:56:48.143-0800: 44.263: [GC pause (young)
Desired survivor size 13631488 bytes, new threshold 1 (max 15)
- age   1:   17259832 bytes,   17259832 total
2016-01-06T00:56:48.331-0800: 44.452: [SoftReference, 0 refs, 0.0005710 secs]2016-01-06T00:56:48.332-0800: 44.453: [WeakReference, 0 refs, 0.0002280 secs]2016-01-06T00:56:48.332-0800: 44.453: [FinalReference, 0 refs, 0.0002340 secs]2016-01-06T00:56:48.332-0800: 44.453: [PhantomReference, 0 refs, 6244 refs, 0.0005820 secs]2016-01-06T00:56:48.333-0800: 44.454: [JNI Weak Reference, 0.0000090 secs], 0.1913670 secs]
   [Parallel Time: 3.1 ms, GC Workers: 4]
      [GC Worker Start (ms): Min: 44263.5, Avg: 44263.5, Max: 44263.5, Diff: 0.1]
      [Ext Root Scanning (ms): Min: 0.3, Avg: 0.4, Max: 0.4, Diff: 0.1, Sum: 1.4]
      [SATB Filtering (ms): Min: 0.0, Avg: 0.0, Max: 0.0, Diff: 0.0, Sum: 0.0]
      [Update RS (ms): Min: 0.0, Avg: 0.1, Max: 0.3, Diff: 0.3, Sum: 0.4]
         [Processed Buffers: Min: 1, Avg: 1.8, Max: 2, Diff: 1, Sum: 7]
      [Scan RS (ms): Min: 0.0, Avg: 0.1, Max: 0.1, Diff: 0.1, Sum: 0.4]
      [Code Root Scanning (ms): Min: 0.0, Avg: 0.0, Max: 0.0, Diff: 0.0, Sum: 0.0]
      [Object Copy (ms): Min: 2.4, Avg: 2.4, Max: 2.4, Diff: 0.0, Sum: 9.7]
      [Termination (ms): Min: 0.0, Avg: 0.0, Max: 0.0, Diff: 0.0, Sum: 0.0]
      [GC Worker Other (ms): Min: 0.0, Avg: 0.0, Max: 0.0, Diff: 0.0, Sum: 0.1]
      [GC Worker Total (ms): Min: 3.0, Avg: 3.0, Max: 3.1, Diff: 0.1, Sum: 12.2]
      [GC Worker End (ms): Min: 44266.5, Avg: 44266.5, Max: 44266.6, Diff: 0.0]
   [Code Root Fixup: 0.0 ms]
   [Code Root Migration: 0.0 ms]
   [Clear CT: 0.2 ms]
   [Other: 188.0 ms]
      [Choose CSet: 0.0 ms]
      [Ref Proc: 187.1 ms]
      [Ref Enq: 0.5 ms]
      [Free CSet: 0.3 ms]
   [Eden: 185.0M(185.0M)->0.0B(185.0M) Survivors: 19.0M->19.0M Heap: 2158.8M(4096.0M)->1973.8M(4096.0M)]
 [Times: user=0.69 sys=0.01, real=0.19 secs] 
2016-01-06T00:56:48.362-0800: 44.483: [GC pause (young)
Desired survivor size 13631488 bytes, new threshold 1 (max 15)
- age   1:   17259832 bytes,   17259832 total
2016-01-06T00:56:48.588-0800: 44.709: [SoftReference, 0 refs, 0.0004200 secs]2016-01-06T00:56:48.588-0800: 44.709: [WeakReference, 0 refs, 0.0002450 secs]2016-01-06T00:56:48.588-0800: 44.709: [FinalReference, 0 refs, 0.0002510 secs]2016-01-06T00:56:48.589-0800: 44.710: [PhantomReference, 0 refs, 6243 refs, 0.0007060 secs]2016-01-06T00:56:48.589-0800: 44.710: [JNI Weak Reference, 0.0000080 secs], 0.2281110 secs]
   [Parallel Time: 3.1 ms, GC Workers: 4]
      [GC Worker Start (ms): Min: 44483.2, Avg: 44483.2, Max: 44483.3, Diff: 0.1]
      [Ext Root Scanning (ms): Min: 0.3, Avg: 0.3, Max: 0.4, Diff: 0.1, Sum: 1.4]
      [SATB Filtering (ms): Min: 0.0, Avg: 0.0, Max: 0.0, Diff: 0.0, Sum: 0.0]
      [Update RS (ms): Min: 0.0, Avg: 0.1, Max: 0.3, Diff: 0.3, Sum: 0.4]
         [Processed Buffers: Min: 1, Avg: 2.0, Max: 5, Diff: 4, Sum: 8]
      [Scan RS (ms): Min: 0.0, Avg: 0.1, Max: 0.1, Diff: 0.1, Sum: 0.4]
      [Code Root Scanning (ms): Min: 0.0, Avg: 0.0, Max: 0.0, Diff: 0.0, Sum: 0.0]
      [Object Copy (ms): Min: 2.4, Avg: 2.4, Max: 2.5, Diff: 0.1, Sum: 9.7]
      [Termination (ms): Min: 0.0, Avg: 0.0, Max: 0.0, Diff: 0.0, Sum: 0.0]
      [GC Worker Other (ms): Min: 0.0, Avg: 0.0, Max: 0.0, Diff: 0.0, Sum: 0.1]
      [GC Worker Total (ms): Min: 3.0, Avg: 3.0, Max: 3.0, Diff: 0.1, Sum: 12.0]
      [GC Worker End (ms): Min: 44486.2, Avg: 44486.2, Max: 44486.3, Diff: 0.0]
   [Code Root Fixup: 0.0 ms]
   [Code Root Migration: 0.0 ms]
   [Clear CT: 0.1 ms]
   [Other: 224.8 ms]
      [Choose CSet: 0.0 ms]
      [Ref Proc: 223.9 ms]
      [Ref Enq: 0.5 ms]
      [Free CSet: 0.3 ms]
   [Eden: 185.0M(185.0M)->0.0B(185.0M) Survivors: 19.0M->19.0M Heap: 2158.8M(4096.0M)->1973.8M(4096.0M)]
 [Times: user=0.81 sys=0.00, real=0.23 secs] 
2016-01-06T00:56:48.618-0800: 44.739: [GC pause (young)
Desired survivor size 13631488 bytes, new threshold 1 (max 15)
- age   1:   17259832 bytes,   17259832 total
2016-01-06T00:56:48.815-0800: 44.936: [SoftReference, 0 refs, 0.0005190 secs]2016-01-06T00:56:48.816-0800: 44.937: [WeakReference, 0 refs, 0.0002470 secs]2016-01-06T00:56:48.816-0800: 44.937: [FinalReference, 0 refs, 0.0002440 secs]2016-01-06T00:56:48.816-0800: 44.937: [PhantomReference, 0 refs, 6245 refs, 0.0006830 secs]2016-01-06T00:56:48.817-0800: 44.938: [JNI Weak Reference, 0.0000090 secs], 0.1996870 secs]
   [Parallel Time: 3.0 ms, GC Workers: 4]
      [GC Worker Start (ms): Min: 44739.2, Avg: 44739.9, Max: 44741.9, Diff: 2.8]
      [Ext Root Scanning (ms): Min: 0.0, Avg: 0.3, Max: 0.5, Diff: 0.5, Sum: 1.3]
      [SATB Filtering (ms): Min: 0.0, Avg: 0.0, Max: 0.0, Diff: 0.0, Sum: 0.0]
      [Update RS (ms): Min: 0.0, Avg: 0.1, Max: 0.2, Diff: 0.2, Sum: 0.3]
         [Processed Buffers: Min: 0, Avg: 2.0, Max: 5, Diff: 5, Sum: 8]
      [Scan RS (ms): Min: 0.0, Avg: 0.1, Max: 0.1, Diff: 0.1, Sum: 0.4]
      [Code Root Scanning (ms): Min: 0.0, Avg: 0.0, Max: 0.0, Diff: 0.0, Sum: 0.0]
      [Object Copy (ms): Min: 0.1, Avg: 1.7, Max: 2.3, Diff: 2.2, Sum: 6.8]
      [Termination (ms): Min: 0.0, Avg: 0.0, Max: 0.0, Diff: 0.0, Sum: 0.0]
      [GC Worker Other (ms): Min: 0.0, Avg: 0.0, Max: 0.0, Diff: 0.0, Sum: 0.1]
      [GC Worker Total (ms): Min: 0.2, Avg: 2.2, Max: 2.9, Diff: 2.8, Sum: 8.8]
      [GC Worker End (ms): Min: 44742.1, Avg: 44742.1, Max: 44742.1, Diff: 0.0]
   [Code Root Fixup: 0.0 ms]
   [Code Root Migration: 0.0 ms]
   [Clear CT: 0.1 ms]
   [Other: 196.6 ms]
      [Choose CSet: 0.0 ms]
      [Ref Proc: 195.7 ms]
      [Ref Enq: 0.5 ms]
      [Free CSet: 0.3 ms]
   [Eden: 185.0M(185.0M)->0.0B(185.0M) Survivors: 19.0M->19.0M Heap: 2158.8M(4096.0M)->1973.9M(4096.0M)]
 [Times: user=0.77 sys=0.00, real=0.20 secs] 
2016-01-06T00:56:48.843-0800: 44.964: [GC pause (young)
Desired survivor size 13631488 bytes, new threshold 1 (max 15)
- age   1:   17259832 bytes,   17259832 total
2016-01-06T00:56:49.038-0800: 45.159: [SoftReference, 0 refs, 0.0004530 secs]2016-01-06T00:56:49.038-0800: 45.159: [WeakReference, 0 refs, 0.0003160 secs]2016-01-06T00:56:49.038-0800: 45.159: [FinalReference, 0 refs, 0.0002270 secs]2016-01-06T00:56:49.039-0800: 45.160: [PhantomReference, 0 refs, 6245 refs, 0.0006730 secs]2016-01-06T00:56:49.039-0800: 45.160: [JNI Weak Reference, 0.0000090 secs], 0.1967490 secs]
   [Parallel Time: 3.0 ms, GC Workers: 4]
      [GC Worker Start (ms): Min: 44964.5, Avg: 44964.5, Max: 44964.5, Diff: 0.1]
      [Ext Root Scanning (ms): Min: 0.3, Avg: 0.4, Max: 0.4, Diff: 0.1, Sum: 1.4]
      [SATB Filtering (ms): Min: 0.0, Avg: 0.0, Max: 0.0, Diff: 0.0, Sum: 0.0]
      [Update RS (ms): Min: 0.0, Avg: 0.1, Max: 0.3, Diff: 0.3, Sum: 0.4]
         [Processed Buffers: Min: 0, Avg: 1.5, Max: 4, Diff: 4, Sum: 6]
      [Scan RS (ms): Min: 0.0, Avg: 0.1, Max: 0.1, Diff: 0.1, Sum: 0.4]
      [Code Root Scanning (ms): Min: 0.0, Avg: 0.0, Max: 0.0, Diff: 0.0, Sum: 0.0]
      [Object Copy (ms): Min: 2.3, Avg: 2.3, Max: 2.3, Diff: 0.0, Sum: 9.3]
      [Termination (ms): Min: 0.0, Avg: 0.0, Max: 0.0, Diff: 0.0, Sum: 0.0]
      [GC Worker Other (ms): Min: 0.0, Avg: 0.0, Max: 0.0, Diff: 0.0, Sum: 0.1]
      [GC Worker Total (ms): Min: 2.9, Avg: 2.9, Max: 2.9, Diff: 0.1, Sum: 11.6]
      [GC Worker End (ms): Min: 44967.4, Avg: 44967.4, Max: 44967.4, Diff: 0.0]
   [Code Root Fixup: 0.0 ms]
   [Code Root Migration: 0.0 ms]
   [Clear CT: 0.1 ms]
   [Other: 193.6 ms]
      [Choose CSet: 0.0 ms]
      [Ref Proc: 192.8 ms]
      [Ref Enq: 0.5 ms]
      [Free CSet: 0.3 ms]
   [Eden: 185.0M(185.0M)->0.0B(185.0M) Survivors: 19.0M->19.0M Heap: 2158.9M(4096.0M)->1973.9M(4096.0M)]
 [Times: user=0.77 sys=0.00, real=0.20 secs] 
2016-01-06T00:56:49.067-0800: 45.187: [GC pause (young)
Desired survivor size 13631488 bytes, new threshold 1 (max 15)
- age   1:   17259832 bytes,   17259832 total
2016-01-06T00:56:49.265-0800: 45.386: [SoftReference, 0 refs, 0.0004780 secs]2016-01-06T00:56:49.265-0800: 45.386: [WeakReference, 0 refs, 0.0003010 secs]2016-01-06T00:56:49.266-0800: 45.387: [FinalReference, 0 refs, 0.0002480 secs]2016-01-06T00:56:49.266-0800: 45.387: [PhantomReference, 0 refs, 6245 refs, 0.0007130 secs]2016-01-06T00:56:49.267-0800: 45.388: [JNI Weak Reference, 0.0000080 secs], 0.2011600 secs]
   [Parallel Time: 2.9 ms, GC Workers: 4]
      [GC Worker Start (ms): Min: 45187.5, Avg: 45187.5, Max: 45187.6, Diff: 0.1]
      [Ext Root Scanning (ms): Min: 0.3, Avg: 0.3, Max: 0.4, Diff: 0.1, Sum: 1.4]
      [SATB Filtering (ms): Min: 0.0, Avg: 0.0, Max: 0.0, Diff: 0.0, Sum: 0.0]
      [Update RS (ms): Min: 0.0, Avg: 0.1, Max: 0.3, Diff: 0.3, Sum: 0.4]
         [Processed Buffers: Min: 1, Avg: 1.8, Max: 3, Diff: 2, Sum: 7]
      [Scan RS (ms): Min: 0.0, Avg: 0.1, Max: 0.1, Diff: 0.1, Sum: 0.4]
      [Code Root Scanning (ms): Min: 0.0, Avg: 0.0, Max: 0.0, Diff: 0.0, Sum: 0.0]
      [Object Copy (ms): Min: 2.1, Avg: 2.2, Max: 2.3, Diff: 0.1, Sum: 8.8]
      [Termination (ms): Min: 0.0, Avg: 0.0, Max: 0.0, Diff: 0.0, Sum: 0.1]
      [GC Worker Other (ms): Min: 0.0, Avg: 0.0, Max: 0.0, Diff: 0.0, Sum: 0.1]
      [GC Worker Total (ms): Min: 2.8, Avg: 2.8, Max: 2.8, Diff: 0.1, Sum: 11.1]
      [GC Worker End (ms): Min: 45190.3, Avg: 45190.3, Max: 45190.3, Diff: 0.0]
   [Code Root Fixup: 0.0 ms]
   [Code Root Migration: 0.0 ms]
   [Clear CT: 0.1 ms]
   [Other: 198.1 ms]
      [Choose CSet: 0.0 ms]
      [Ref Proc: 197.2 ms]
      [Ref Enq: 0.5 ms]
      [Free CSet: 0.3 ms]
   [Eden: 185.0M(185.0M)->0.0B(186.0M) Survivors: 19.0M->18.0M Heap: 2158.9M(4096.0M)->1973.5M(4096.0M)]
 [Times: user=0.72 sys=0.01, real=0.20 secs] 
2016-01-06T00:56:49.295-0800: 45.416: [GC pause (young)
Desired survivor size 13631488 bytes, new threshold 1 (max 15)
- age   1:   17259832 bytes,   17259832 total
2016-01-06T00:56:49.485-0800: 45.606: [SoftReference, 0 refs, 0.0004290 secs]2016-01-06T00:56:49.486-0800: 45.607: [WeakReference, 0 refs, 0.0002360 secs]2016-01-06T00:56:49.486-0800: 45.607: [FinalReference, 0 refs, 0.0002220 secs]2016-01-06T00:56:49.486-0800: 45.607: [PhantomReference, 0 refs, 6276 refs, 0.0005190 secs]2016-01-06T00:56:49.487-0800: 45.608: [JNI Weak Reference, 0.0000080 secs], 0.1923470 secs]
   [Parallel Time: 2.2 ms, GC Workers: 4]
      [GC Worker Start (ms): Min: 45416.4, Avg: 45416.5, Max: 45416.5, Diff: 0.1]
      [Ext Root Scanning (ms): Min: 0.3, Avg: 0.4, Max: 0.4, Diff: 0.1, Sum: 1.4]
      [SATB Filtering (ms): Min: 0.0, Avg: 0.0, Max: 0.0, Diff: 0.0, Sum: 0.0]
      [Update RS (ms): Min: 0.0, Avg: 0.1, Max: 0.3, Diff: 0.3, Sum: 0.4]
         [Processed Buffers: Min: 1, Avg: 1.8, Max: 3, Diff: 2, Sum: 7]
      [Scan RS (ms): Min: 0.0, Avg: 0.1, Max: 0.1, Diff: 0.1, Sum: 0.3]
      [Code Root Scanning (ms): Min: 0.0, Avg: 0.0, Max: 0.0, Diff: 0.0, Sum: 0.0]
      [Object Copy (ms): Min: 1.5, Avg: 1.6, Max: 1.6, Diff: 0.1, Sum: 6.3]
      [Termination (ms): Min: 0.0, Avg: 0.0, Max: 0.0, Diff: 0.0, Sum: 0.0]
      [GC Worker Other (ms): Min: 0.0, Avg: 0.0, Max: 0.0, Diff: 0.0, Sum: 0.1]
      [GC Worker Total (ms): Min: 2.1, Avg: 2.2, Max: 2.2, Diff: 0.1, Sum: 8.6]
      [GC Worker End (ms): Min: 45418.6, Avg: 45418.6, Max: 45418.6, Diff: 0.0]
   [Code Root Fixup: 0.0 ms]
   [Code Root Migration: 0.0 ms]
   [Clear CT: 0.1 ms]
   [Other: 189.9 ms]
      [Choose CSet: 0.0 ms]
      [Ref Proc: 189.0 ms]
      [Ref Enq: 0.6 ms]
      [Free CSet: 0.3 ms]
   [Eden: 186.0M(186.0M)->0.0B(192.0M) Survivors: 18.0M->12.0M Heap: 2159.5M(4096.0M)->1967.5M(4096.0M)]
 [Times: user=0.74 sys=0.01, real=0.20 secs] 
2016-01-06T00:56:49.517-0800: 45.638: [GC pause (young)
Desired survivor size 13631488 bytes, new threshold 15 (max 15)
- age   1:   11188144 bytes,   11188144 total
2016-01-06T00:56:49.707-0800: 45.828: [SoftReference, 0 refs, 0.0005860 secs]2016-01-06T00:56:49.708-0800: 45.829: [WeakReference, 0 refs, 0.0002420 secs]2016-01-06T00:56:49.708-0800: 45.829: [FinalReference, 0 refs, 0.0002560 secs]2016-01-06T00:56:49.709-0800: 45.829: [PhantomReference, 0 refs, 6459 refs, 0.0005780 secs]2016-01-06T00:56:49.709-0800: 45.830: [JNI Weak Reference, 0.0000110 secs], 0.1931580 secs]
   [Parallel Time: 3.2 ms, GC Workers: 4]
      [GC Worker Start (ms): Min: 45638.0, Avg: 45638.0, Max: 45638.0, Diff: 0.1]
      [Ext Root Scanning (ms): Min: 0.3, Avg: 0.4, Max: 0.4, Diff: 0.0, Sum: 1.4]
      [SATB Filtering (ms): Min: 0.0, Avg: 0.0, Max: 0.0, Diff: 0.0, Sum: 0.0]
      [Update RS (ms): Min: 0.0, Avg: 0.1, Max: 0.3, Diff: 0.2, Sum: 0.4]
         [Processed Buffers: Min: 1, Avg: 2.0, Max: 3, Diff: 2, Sum: 8]
      [Scan RS (ms): Min: 0.0, Avg: 0.1, Max: 0.1, Diff: 0.1, Sum: 0.4]
      [Code Root Scanning (ms): Min: 0.0, Avg: 0.0, Max: 0.0, Diff: 0.0, Sum: 0.0]
      [Object Copy (ms): Min: 2.4, Avg: 2.4, Max: 2.4, Diff: 0.1, Sum: 9.6]
      [Termination (ms): Min: 0.0, Avg: 0.0, Max: 0.0, Diff: 0.0, Sum: 0.0]
      [GC Worker Other (ms): Min: 0.0, Avg: 0.0, Max: 0.1, Diff: 0.1, Sum: 0.2]
      [GC Worker Total (ms): Min: 3.0, Avg: 3.0, Max: 3.0, Diff: 0.0, Sum: 12.1]
      [GC Worker End (ms): Min: 45641.0, Avg: 45641.0, Max: 45641.0, Diff: 0.0]
   [Code Root Fixup: 0.0 ms]
   [Code Root Migration: 0.0 ms]
   [Clear CT: 0.1 ms]
   [Other: 189.8 ms]
      [Choose CSet: 0.0 ms]
      [Ref Proc: 188.9 ms]
      [Ref Enq: 0.5 ms]
      [Free CSet: 0.3 ms]
   [Eden: 192.0M(192.0M)->0.0B(185.0M) Survivors: 12.0M->19.0M Heap: 2159.5M(4096.0M)->1974.5M(4096.0M)]
 [Times: user=0.70 sys=0.00, real=0.19 secs] 
2016-01-06T00:56:49.736-0800: 45.857: [GC pause (young)
Desired survivor size 13631488 bytes, new threshold 1 (max 15)
- age   1:   17275456 bytes,   17275456 total
- age   2:      36864 bytes,   17312320 total
2016-01-06T00:56:49.926-0800: 46.047: [SoftReference, 0 refs, 0.0004690 secs]2016-01-06T00:56:49.927-0800: 46.048: [WeakReference, 0 refs, 0.0002500 secs]2016-01-06T00:56:49.927-0800: 46.048: [FinalReference, 0 refs, 0.0002620 secs]2016-01-06T00:56:49.927-0800: 46.048: [PhantomReference, 0 refs, 6244 refs, 0.0006670 secs]2016-01-06T00:56:49.928-0800: 46.049: [JNI Weak Reference, 0.0000080 secs], 0.1932220 secs]
   [Parallel Time: 3.0 ms, GC Workers: 4]
      [GC Worker Start (ms): Min: 45856.9, Avg: 45857.0, Max: 45857.0, Diff: 0.1]
      [Ext Root Scanning (ms): Min: 0.3, Avg: 0.4, Max: 0.4, Diff: 0.1, Sum: 1.4]
      [SATB Filtering (ms): Min: 0.0, Avg: 0.0, Max: 0.0, Diff: 0.0, Sum: 0.0]
      [Update RS (ms): Min: 0.0, Avg: 0.1, Max: 0.3, Diff: 0.3, Sum: 0.3]
         [Processed Buffers: Min: 0, Avg: 1.8, Max: 3, Diff: 3, Sum: 7]
      [Scan RS (ms): Min: 0.0, Avg: 0.1, Max: 0.1, Diff: 0.1, Sum: 0.4]
      [Code Root Scanning (ms): Min: 0.0, Avg: 0.0, Max: 0.0, Diff: 0.0, Sum: 0.0]
      [Object Copy (ms): Min: 2.2, Avg: 2.3, Max: 2.3, Diff: 0.1, Sum: 9.3]
      [Termination (ms): Min: 0.0, Avg: 0.0, Max: 0.0, Diff: 0.0, Sum: 0.0]
      [GC Worker Other (ms): Min: 0.0, Avg: 0.0, Max: 0.0, Diff: 0.0, Sum: 0.1]
      [GC Worker Total (ms): Min: 2.8, Avg: 2.9, Max: 2.9, Diff: 0.1, Sum: 11.5]
      [GC Worker End (ms): Min: 45859.8, Avg: 45859.8, Max: 45859.8, Diff: 0.0]
   [Code Root Fixup: 0.0 ms]
   [Code Root Migration: 0.0 ms]
   [Clear CT: 0.1 ms]
   [Other: 190.1 ms]
      [Choose CSet: 0.0 ms]
      [Ref Proc: 189.1 ms]
      [Ref Enq: 0.6 ms]
      [Free CSet: 0.3 ms]
   [Eden: 185.0M(185.0M)->0.0B(459.0M) Survivors: 19.0M->19.0M Heap: 2159.5M(4096.0M)->1974.1M(4096.0M)]
 [Times: user=0.75 sys=0.00, real=0.20 secs] 
2016-01-06T00:56:49.994-0800: 46.114: [GC pause (young)
Desired survivor size 31457280 bytes, new threshold 15 (max 15)
- age   1:   17259832 bytes,   17259832 total
2016-01-06T00:56:50.188-0800: 46.309: [SoftReference, 0 refs, 0.0003660 secs]2016-01-06T00:56:50.188-0800: 46.309: [WeakReference, 0 refs, 0.0003390 secs]2016-01-06T00:56:50.189-0800: 46.309: [FinalReference, 0 refs, 0.0002310 secs]2016-01-06T00:56:50.189-0800: 46.310: [PhantomReference, 0 refs, 14738 refs, 0.0007640 secs]2016-01-06T00:56:50.190-0800: 46.310: [JNI Weak Reference, 0.0000090 secs], 0.1982470 secs]
   [Parallel Time: 4.0 ms, GC Workers: 4]
      [GC Worker Start (ms): Min: 46114.5, Avg: 46114.6, Max: 46114.6, Diff: 0.1]
      [Ext Root Scanning (ms): Min: 0.3, Avg: 0.4, Max: 0.4, Diff: 0.1, Sum: 1.4]
      [SATB Filtering (ms): Min: 0.0, Avg: 0.0, Max: 0.0, Diff: 0.0, Sum: 0.0]
      [Update RS (ms): Min: 0.0, Avg: 0.1, Max: 0.3, Diff: 0.3, Sum: 0.4]
         [Processed Buffers: Min: 1, Avg: 2.0, Max: 5, Diff: 4, Sum: 8]
      [Scan RS (ms): Min: 0.1, Avg: 0.2, Max: 0.3, Diff: 0.2, Sum: 0.9]
      [Code Root Scanning (ms): Min: 0.0, Avg: 0.0, Max: 0.0, Diff: 0.0, Sum: 0.1]
      [Object Copy (ms): Min: 3.2, Avg: 3.2, Max: 3.2, Diff: 0.0, Sum: 12.8]
      [Termination (ms): Min: 0.0, Avg: 0.0, Max: 0.0, Diff: 0.0, Sum: 0.0]
      [GC Worker Other (ms): Min: 0.0, Avg: 0.0, Max: 0.0, Diff: 0.0, Sum: 0.1]
      [GC Worker Total (ms): Min: 3.9, Avg: 3.9, Max: 4.0, Diff: 0.0, Sum: 15.7]
      [GC Worker End (ms): Min: 46118.5, Avg: 46118.5, Max: 46118.5, Diff: 0.0]
   [Code Root Fixup: 0.0 ms]
   [Code Root Migration: 0.1 ms]
   [Clear CT: 0.2 ms]
   [Other: 194.0 ms]
      [Choose CSet: 0.0 ms]
      [Ref Proc: 191.9 ms]
      [Ref Enq: 1.4 ms]
      [Free CSet: 0.5 ms]
   [Eden: 459.0M(459.0M)->0.0B(482.0M) Survivors: 19.0M->19.0M Heap: 2433.1M(4096.0M)->1974.1M(4096.0M)]
 [Times: user=0.77 sys=0.00, real=0.20 secs] 
2016-01-06T00:56:50.259-0800: 46.379: [GC pause (young)
Desired survivor size 33030144 bytes, new threshold 15 (max 15)
- age   1:   17871400 bytes,   17871400 total
- age   2:      36864 bytes,   17908264 total
2016-01-06T00:56:50.451-0800: 46.572: [SoftReference, 0 refs, 0.0004490 secs]2016-01-06T00:56:50.452-0800: 46.573: [WeakReference, 0 refs, 0.0003240 secs]2016-01-06T00:56:50.452-0800: 46.573: [FinalReference, 0 refs, 0.0002550 secs]2016-01-06T00:56:50.452-0800: 46.573: [PhantomReference, 0 refs, 15451 refs, 0.0009410 secs]2016-01-06T00:56:50.453-0800: 46.574: [JNI Weak Reference, 0.0000090 secs], 0.1966670 secs]
   [Parallel Time: 3.6 ms, GC Workers: 4]
      [GC Worker Start (ms): Min: 46379.5, Avg: 46380.1, Max: 46381.9, Diff: 2.4]
      [Ext Root Scanning (ms): Min: 0.0, Avg: 0.3, Max: 0.4, Diff: 0.4, Sum: 1.2]
      [SATB Filtering (ms): Min: 0.0, Avg: 0.0, Max: 0.0, Diff: 0.0, Sum: 0.0]
      [Update RS (ms): Min: 0.0, Avg: 0.1, Max: 0.2, Diff: 0.2, Sum: 0.2]
         [Processed Buffers: Min: 0, Avg: 1.5, Max: 5, Diff: 5, Sum: 6]
      [Scan RS (ms): Min: 0.0, Avg: 0.2, Max: 0.3, Diff: 0.3, Sum: 0.8]
      [Code Root Scanning (ms): Min: 0.0, Avg: 0.0, Max: 0.0, Diff: 0.0, Sum: 0.1]
      [Object Copy (ms): Min: 1.1, Avg: 2.3, Max: 2.7, Diff: 1.6, Sum: 9.2]
      [Termination (ms): Min: 0.0, Avg: 0.0, Max: 0.0, Diff: 0.0, Sum: 0.0]
      [GC Worker Other (ms): Min: 0.0, Avg: 0.0, Max: 0.1, Diff: 0.0, Sum: 0.2]
      [GC Worker Total (ms): Min: 1.2, Avg: 2.9, Max: 3.5, Diff: 2.3, Sum: 11.8]
      [GC Worker End (ms): Min: 46383.0, Avg: 46383.1, Max: 46383.1, Diff: 0.0]
   [Code Root Fixup: 0.0 ms]
   [Code Root Migration: 0.1 ms]
   [Clear CT: 0.1 ms]
   [Other: 192.8 ms]
      [Choose CSet: 0.0 ms]
      [Ref Proc: 191.0 ms]
      [Ref Enq: 1.2 ms]
      [Free CSet: 0.6 ms]
   [Eden: 482.0M(482.0M)->0.0B(601.0M) Survivors: 19.0M->10.0M Heap: 2456.1M(4096.0M)->1965.6M(4096.0M)]
 [Times: user=0.71 sys=0.00, real=0.19 secs] 
2016-01-06T00:56:50.464-0800: 46.585: [GC concurrent-mark-end, 21.0647550 secs]
2016-01-06T00:56:50.464-0800: 46.585: [GC remark 2016-01-06T00:56:50.464-0800: 46.585: [GC ref-proc2016-01-06T00:56:50.464-0800: 46.585: [SoftReference, 0 refs, 0.0004540 secs]2016-01-06T00:56:50.465-0800: 46.586: [WeakReference, 0 refs, 0.0003210 secs]2016-01-06T00:56:50.465-0800: 46.586: [FinalReference, 4 refs, 0.0002130 secs]2016-01-06T00:56:50.465-0800: 46.586: [PhantomReference, 0 refs, 10438533 refs, 0.7985780 secs]2016-01-06T00:56:51.264-0800: 47.385: [JNI Weak Reference, 0.0000190 secs], 0.7997750 secs], 0.8082400 secs]
 [Times: user=2.05 sys=0.91, real=0.81 secs] 
2016-01-06T00:56:51.273-0800: 47.394: [GC cleanup 2026M->2014M(4096M), 0.0047980 secs]
 [Times: user=0.02 sys=0.00, real=0.01 secs] 
2016-01-06T00:56:51.278-0800: 47.399: [GC concurrent-cleanup-start]
2016-01-06T00:56:51.278-0800: 47.399: [GC concurrent-cleanup-end, 0.0000340 secs]
2016-01-06T00:56:51.355-0800: 47.476: [GC pause (young)
Desired survivor size 40370176 bytes, new threshold 15 (max 15)
- age   1:    8499952 bytes,    8499952 total
- age   2:      36864 bytes,    8536816 total
2016-01-06T00:56:51.361-0800: 47.482: [SoftReference, 0 refs, 0.0006300 secs]2016-01-06T00:56:51.361-0800: 47.482: [WeakReference, 0 refs, 0.0002240 secs]2016-01-06T00:56:51.362-0800: 47.483: [FinalReference, 0 refs, 0.0002510 secs]2016-01-06T00:56:51.362-0800: 47.483: [PhantomReference, 0 refs, 19141 refs, 0.0010560 secs]2016-01-06T00:56:51.363-0800: 47.484: [JNI Weak Reference, 0.0000130 secs], 0.0095460 secs]
   [Parallel Time: 5.7 ms, GC Workers: 4]
      [GC Worker Start (ms): Min: 47475.8, Avg: 47476.4, Max: 47477.9, Diff: 2.1]
      [Ext Root Scanning (ms): Min: 0.0, Avg: 0.3, Max: 0.5, Diff: 0.5, Sum: 1.3]
      [Update RS (ms): Min: 0.0, Avg: 0.1, Max: 0.2, Diff: 0.2, Sum: 0.3]
         [Processed Buffers: Min: 0, Avg: 1.8, Max: 4, Diff: 4, Sum: 7]
      [Scan RS (ms): Min: 0.1, Avg: 0.3, Max: 0.3, Diff: 0.2, Sum: 1.1]
      [Code Root Scanning (ms): Min: 0.0, Avg: 0.0, Max: 0.0, Diff: 0.0, Sum: 0.1]
      [Object Copy (ms): Min: 3.4, Avg: 4.4, Max: 4.7, Diff: 1.3, Sum: 17.4]
      [Termination (ms): Min: 0.0, Avg: 0.0, Max: 0.0, Diff: 0.0, Sum: 0.0]
      [GC Worker Other (ms): Min: 0.0, Avg: 0.0, Max: 0.1, Diff: 0.0, Sum: 0.1]
      [GC Worker Total (ms): Min: 3.5, Avg: 5.1, Max: 5.7, Diff: 2.1, Sum: 20.3]
      [GC Worker End (ms): Min: 47481.5, Avg: 47481.5, Max: 47481.5, Diff: 0.0]
   [Code Root Fixup: 0.0 ms]
   [Code Root Migration: 0.1 ms]
   [Clear CT: 0.2 ms]
   [Other: 3.5 ms]
      [Choose CSet: 0.0 ms]
      [Ref Proc: 2.3 ms]
      [Ref Enq: 0.4 ms]
      [Free CSet: 0.7 ms]
   [Eden: 601.0M(601.0M)->0.0B(1695.0M) Survivors: 10.0M->20.0M Heap: 2554.6M(4096.0M)->1963.1M(4096.0M)]
 [Times: user=0.03 sys=0.00, real=0.01 secs] 
2016-01-06T00:56:51.598-0800: 47.719: [GC pause (young)
Desired survivor size 112721920 bytes, new threshold 15 (max 15)
- age   1:   18188344 bytes,   18188344 total
- age   2:      36864 bytes,   18225208 total
2016-01-06T00:56:51.612-0800: 47.733: [SoftReference, 0 refs, 0.0006300 secs]2016-01-06T00:56:51.613-0800: 47.734: [WeakReference, 0 refs, 0.0003880 secs]2016-01-06T00:56:51.613-0800: 47.734: [FinalReference, 0 refs, 0.0003880 secs]2016-01-06T00:56:51.613-0800: 47.734: [PhantomReference, 0 refs, 53055 refs, 0.0023950 secs]2016-01-06T00:56:51.616-0800: 47.737: [JNI Weak Reference, 0.0000150 secs], 0.0226590 secs]
   [Parallel Time: 13.6 ms, GC Workers: 4]
      [GC Worker Start (ms): Min: 47719.1, Avg: 47720.0, Max: 47722.8, Diff: 3.7]
      [Ext Root Scanning (ms): Min: 0.0, Avg: 0.3, Max: 0.4, Diff: 0.4, Sum: 1.2]
      [Update RS (ms): Min: 0.0, Avg: 0.1, Max: 0.2, Diff: 0.2, Sum: 0.2]
         [Processed Buffers: Min: 0, Avg: 1.5, Max: 5, Diff: 5, Sum: 6]
      [Scan RS (ms): Min: 0.2, Avg: 0.7, Max: 1.0, Diff: 0.8, Sum: 3.0]
      [Code Root Scanning (ms): Min: 0.0, Avg: 0.1, Max: 0.1, Diff: 0.1, Sum: 0.3]
      [Object Copy (ms): Min: 9.4, Avg: 11.3, Max: 11.9, Diff: 2.5, Sum: 45.0]
      [Termination (ms): Min: 0.0, Avg: 0.1, Max: 0.1, Diff: 0.1, Sum: 0.4]
      [GC Worker Other (ms): Min: 0.0, Avg: 0.0, Max: 0.1, Diff: 0.0, Sum: 0.1]
      [GC Worker Total (ms): Min: 9.8, Avg: 12.6, Max: 13.5, Diff: 3.7, Sum: 50.3]
      [GC Worker End (ms): Min: 47732.6, Avg: 47732.6, Max: 47732.6, Diff: 0.0]
   [Code Root Fixup: 0.0 ms]
   [Code Root Migration: 0.3 ms]
   [Clear CT: 0.6 ms]
   [Other: 8.1 ms]
      [Choose CSet: 0.0 ms]
      [Ref Proc: 4.1 ms]
      [Ref Enq: 1.1 ms]
      [Free CSet: 2.8 ms]
   [Eden: 1695.0M(1695.0M)->0.0B(1693.0M) Survivors: 20.0M->22.0M Heap: 3658.1M(4096.0M)->1965.1M(4096.0M)]
 [Times: user=0.05 sys=0.00, real=0.02 secs] 
2016-01-06T00:56:51.853-0800: 47.974: [GC pause (young) (initial-mark)
Desired survivor size 112721920 bytes, new threshold 15 (max 15)
- age   1:   20630152 bytes,   20630152 total
- age   2:      36864 bytes,   20667016 total
2016-01-06T00:56:51.867-0800: 47.988: [SoftReference, 0 refs, 0.0005080 secs]2016-01-06T00:56:51.867-0800: 47.988: [WeakReference, 0 refs, 0.0002350 secs]2016-01-06T00:56:51.867-0800: 47.988: [FinalReference, 0 refs, 0.0002260 secs]2016-01-06T00:56:51.868-0800: 47.989: [PhantomReference, 0 refs, 52993 refs, 0.0010860 secs]2016-01-06T00:56:51.869-0800: 47.990: [JNI Weak Reference, 0.0000140 secs], 0.0187780 secs]
   [Parallel Time: 12.6 ms, GC Workers: 4]
      [GC Worker Start (ms): Min: 47974.8, Avg: 47975.6, Max: 47977.9, Diff: 3.1]
      [Ext Root Scanning (ms): Min: 0.0, Avg: 0.3, Max: 0.5, Diff: 0.5, Sum: 1.3]
      [Code Root Marking (ms): Min: 0.1, Avg: 0.2, Max: 0.3, Diff: 0.2, Sum: 0.8]
      [Update RS (ms): Min: 0.0, Avg: 0.1, Max: 0.2, Diff: 0.2, Sum: 0.2]
         [Processed Buffers: Min: 0, Avg: 1.5, Max: 4, Diff: 4, Sum: 6]
      [Scan RS (ms): Min: 0.2, Avg: 0.7, Max: 0.9, Diff: 0.8, Sum: 2.7]
      [Code Root Scanning (ms): Min: 0.0, Avg: 0.1, Max: 0.1, Diff: 0.1, Sum: 0.3]
      [Object Copy (ms): Min: 9.1, Avg: 10.4, Max: 10.8, Diff: 1.7, Sum: 41.5]
      [Termination (ms): Min: 0.0, Avg: 0.0, Max: 0.0, Diff: 0.0, Sum: 0.0]
      [GC Worker Other (ms): Min: 0.0, Avg: 0.1, Max: 0.1, Diff: 0.0, Sum: 0.2]
      [GC Worker Total (ms): Min: 9.5, Avg: 11.8, Max: 12.5, Diff: 3.1, Sum: 47.0]
      [GC Worker End (ms): Min: 47987.3, Avg: 47987.4, Max: 47987.4, Diff: 0.0]
   [Code Root Fixup: 0.0 ms]
   [Code Root Migration: 0.2 ms]
   [Clear CT: 0.4 ms]
   [Other: 5.5 ms]
      [Choose CSet: 0.0 ms]
      [Ref Proc: 2.3 ms]
      [Ref Enq: 0.8 ms]
      [Free CSet: 1.7 ms]
   [Eden: 1693.0M(1693.0M)->0.0B(1694.0M) Survivors: 22.0M->22.0M Heap: 3658.1M(4096.0M)->1965.6M(4096.0M)]
 [Times: user=0.06 sys=0.00, real=0.02 secs] 
2016-01-06T00:56:51.872-0800: 47.993: [GC concurrent-root-region-scan-start]
2016-01-06T00:56:51.880-0800: 48.001: [GC concurrent-root-region-scan-end, 0.0074660 secs]
2016-01-06T00:56:51.880-0800: 48.001: [GC concurrent-mark-start]
2016-01-06T00:56:52.462-0800: 48.583: [GC pause (young)
Desired survivor size 112721920 bytes, new threshold 15 (max 15)
- age   1:   20625688 bytes,   20625688 total
- age   2:      36864 bytes,   20662552 total
2016-01-06T00:56:52.495-0800: 48.615: [SoftReference, 0 refs, 0.0004890 secs]2016-01-06T00:56:52.495-0800: 48.616: [WeakReference, 0 refs, 0.0002470 secs]2016-01-06T00:56:52.495-0800: 48.616: [FinalReference, 0 refs, 0.0003400 secs]2016-01-06T00:56:52.496-0800: 48.617: [PhantomReference, 0 refs, 53023 refs, 0.0013630 secs]2016-01-06T00:56:52.497-0800: 48.618: [JNI Weak Reference, 0.0000140 secs], 0.0424680 secs]
   [Parallel Time: 27.1 ms, GC Workers: 4]
      [GC Worker Start (ms): Min: 48583.3, Avg: 48584.0, Max: 48585.9, Diff: 2.6]
      [Ext Root Scanning (ms): Min: 0.0, Avg: 0.3, Max: 0.4, Diff: 0.4, Sum: 1.2]
      [SATB Filtering (ms): Min: 0.0, Avg: 0.0, Max: 0.0, Diff: 0.0, Sum: 0.0]
      [Update RS (ms): Min: 12.7, Avg: 14.6, Max: 15.5, Diff: 2.9, Sum: 58.5]
         [Processed Buffers: Min: 18, Avg: 22.2, Max: 25, Diff: 7, Sum: 89]
      [Scan RS (ms): Min: 0.5, Avg: 0.8, Max: 1.1, Diff: 0.6, Sum: 3.0]
      [Code Root Scanning (ms): Min: 0.0, Avg: 0.1, Max: 0.1, Diff: 0.1, Sum: 0.3]
      [Object Copy (ms): Min: 10.5, Avg: 10.5, Max: 10.6, Diff: 0.1, Sum: 42.1]
      [Termination (ms): Min: 0.0, Avg: 0.0, Max: 0.0, Diff: 0.0, Sum: 0.0]
      [GC Worker Other (ms): Min: 0.0, Avg: 0.1, Max: 0.1, Diff: 0.1, Sum: 0.3]
      [GC Worker Total (ms): Min: 24.5, Avg: 26.4, Max: 27.1, Diff: 2.6, Sum: 105.5]
      [GC Worker End (ms): Min: 48610.3, Avg: 48610.4, Max: 48610.4, Diff: 0.1]
   [Code Root Fixup: 0.0 ms]
   [Code Root Migration: 0.2 ms]
   [Clear CT: 0.4 ms]
   [Other: 14.7 ms]
      [Choose CSet: 0.0 ms]
      [Ref Proc: 7.6 ms]
      [Ref Enq: 5.3 ms]
      [Free CSet: 1.8 ms]
   [Eden: 1694.0M(1694.0M)->0.0B(1694.0M) Survivors: 22.0M->22.0M Heap: 3659.6M(4096.0M)->1965.6M(4096.0M)]
 [Times: user=0.16 sys=0.00, real=0.04 secs] 
2016-01-06T00:56:52.771-0800: 48.891: [GC pause (young)
Desired survivor size 112721920 bytes, new threshold 15 (max 15)
- age   1:   20627920 bytes,   20627920 total
- age   2:      36864 bytes,   20664784 total
2016-01-06T00:56:52.833-0800: 48.954: [SoftReference, 0 refs, 0.0004420 secs]2016-01-06T00:56:52.834-0800: 48.955: [WeakReference, 0 refs, 0.0002580 secs]2016-01-06T00:56:52.834-0800: 48.955: [FinalReference, 0 refs, 0.0002920 secs]2016-01-06T00:56:52.834-0800: 48.955: [PhantomReference, 0 refs, 53024 refs, 0.0017030 secs]2016-01-06T00:56:52.836-0800: 48.957: [JNI Weak Reference, 0.0000090 secs], 0.0728030 secs]
   [Parallel Time: 38.2 ms, GC Workers: 4]
      [GC Worker Start (ms): Min: 48891.6, Avg: 48894.0, Max: 48901.3, Diff: 9.7]
      [Ext Root Scanning (ms): Min: 0.0, Avg: 0.3, Max: 0.5, Diff: 0.4, Sum: 1.2]
      [SATB Filtering (ms): Min: 0.0, Avg: 0.0, Max: 0.0, Diff: 0.0, Sum: 0.0]
      [Update RS (ms): Min: 16.9, Avg: 23.7, Max: 26.1, Diff: 9.2, Sum: 94.8]
         [Processed Buffers: Min: 26, Avg: 35.8, Max: 45, Diff: 19, Sum: 143]
      [Scan RS (ms): Min: 0.7, Avg: 0.7, Max: 0.9, Diff: 0.3, Sum: 3.0]
      [Code Root Scanning (ms): Min: 0.1, Avg: 0.1, Max: 0.1, Diff: 0.0, Sum: 0.3]
      [Object Copy (ms): Min: 10.8, Avg: 10.8, Max: 10.9, Diff: 0.1, Sum: 43.3]
      [Termination (ms): Min: 0.0, Avg: 0.0, Max: 0.0, Diff: 0.0, Sum: 0.0]
      [GC Worker Other (ms): Min: 0.0, Avg: 0.1, Max: 0.1, Diff: 0.1, Sum: 0.2]
      [GC Worker Total (ms): Min: 28.4, Avg: 35.7, Max: 38.2, Diff: 9.7, Sum: 142.8]
      [GC Worker End (ms): Min: 48929.7, Avg: 48929.7, Max: 48929.7, Diff: 0.1]
   [Code Root Fixup: 0.0 ms]
   [Code Root Migration: 0.2 ms]
   [Clear CT: 0.4 ms]
   [Other: 33.9 ms]
      [Choose CSet: 0.0 ms]
      [Ref Proc: 27.0 ms]
      [Ref Enq: 5.0 ms]
      [Free CSet: 1.7 ms]
   [Eden: 1694.0M(1694.0M)->0.0B(1695.0M) Survivors: 22.0M->22.0M Heap: 3659.6M(4096.0M)->1965.6M(4096.0M)]
 [Times: user=0.26 sys=0.00, real=0.07 secs] 
2016-01-06T00:56:53.100-0800: 49.221: [GC pause (young)
Desired survivor size 112721920 bytes, new threshold 15 (max 15)
- age   1:   20627920 bytes,   20627920 total
- age   2:      36864 bytes,   20664784 total
2016-01-06T00:56:53.171-0800: 49.292: [SoftReference, 0 refs, 0.0145120 secs]2016-01-06T00:56:53.185-0800: 49.306: [WeakReference, 0 refs, 0.0003690 secs]2016-01-06T00:56:53.186-0800: 49.307: [FinalReference, 0 refs, 0.0003200 secs]2016-01-06T00:56:53.186-0800: 49.307: [PhantomReference, 0 refs, 53055 refs, 0.0020450 secs]2016-01-06T00:56:53.188-0800: 49.309: [JNI Weak Reference, 0.0000140 secs], 0.0943780 secs]
   [Parallel Time: 31.9 ms, GC Workers: 4]
      [GC Worker Start (ms): Min: 49220.7, Avg: 49220.8, Max: 49220.8, Diff: 0.1]
      [Ext Root Scanning (ms): Min: 0.3, Avg: 0.3, Max: 0.4, Diff: 0.1, Sum: 1.4]
      [SATB Filtering (ms): Min: 0.0, Avg: 0.0, Max: 0.0, Diff: 0.0, Sum: 0.0]
      [Update RS (ms): Min: 19.9, Avg: 20.0, Max: 20.1, Diff: 0.2, Sum: 79.9]
         [Processed Buffers: Min: 28, Avg: 29.0, Max: 30, Diff: 2, Sum: 116]
      [Scan RS (ms): Min: 0.7, Avg: 0.8, Max: 0.8, Diff: 0.2, Sum: 3.0]
      [Code Root Scanning (ms): Min: 0.1, Avg: 0.1, Max: 0.1, Diff: 0.0, Sum: 0.3]
      [Object Copy (ms): Min: 10.5, Avg: 10.6, Max: 10.6, Diff: 0.1, Sum: 42.3]
      [Termination (ms): Min: 0.0, Avg: 0.0, Max: 0.0, Diff: 0.0, Sum: 0.0]
      [GC Worker Other (ms): Min: 0.0, Avg: 0.1, Max: 0.1, Diff: 0.1, Sum: 0.3]
      [GC Worker Total (ms): Min: 31.8, Avg: 31.8, Max: 31.8, Diff: 0.1, Sum: 127.2]
      [GC Worker End (ms): Min: 49252.5, Avg: 49252.6, Max: 49252.6, Diff: 0.1]
   [Code Root Fixup: 0.0 ms]
   [Code Root Migration: 0.2 ms]
   [Clear CT: 0.5 ms]
   [Other: 61.7 ms]
      [Choose CSet: 0.0 ms]
      [Ref Proc: 56.4 ms]
      [Ref Enq: 3.5 ms]
      [Free CSet: 1.7 ms]
   [Eden: 1695.0M(1695.0M)->0.0B(1695.0M) Survivors: 22.0M->22.0M Heap: 3660.6M(4096.0M)->1965.6M(4096.0M)]
 [Times: user=0.35 sys=0.00, real=0.09 secs] 
2016-01-06T00:56:53.456-0800: 49.577: [GC pause (young)
Desired survivor size 112721920 bytes, new threshold 15 (max 15)
- age   1:   20630152 bytes,   20630152 total
- age   2:      36864 bytes,   20667016 total
2016-01-06T00:56:53.555-0800: 49.676: [SoftReference, 0 refs, 0.0004330 secs]2016-01-06T00:56:53.556-0800: 49.676: [WeakReference, 0 refs, 0.0003170 secs]2016-01-06T00:56:53.556-0800: 49.677: [FinalReference, 0 refs, 0.0002230 secs]2016-01-06T00:56:53.556-0800: 49.677: [PhantomReference, 0 refs, 53055 refs, 0.0013490 secs]2016-01-06T00:56:53.557-0800: 49.678: [JNI Weak Reference, 0.0000090 secs], 0.1090210 secs]
   [Parallel Time: 40.8 ms, GC Workers: 4]
      [GC Worker Start (ms): Min: 49577.3, Avg: 49577.3, Max: 49577.3, Diff: 0.1]
      [Ext Root Scanning (ms): Min: 0.3, Avg: 0.3, Max: 0.4, Diff: 0.1, Sum: 1.4]
      [SATB Filtering (ms): Min: 0.0, Avg: 0.0, Max: 0.0, Diff: 0.0, Sum: 0.0]
      [Update RS (ms): Min: 28.7, Avg: 29.0, Max: 29.4, Diff: 0.6, Sum: 116.1]
         [Processed Buffers: Min: 38, Avg: 41.5, Max: 44, Diff: 6, Sum: 166]
      [Scan RS (ms): Min: 0.5, Avg: 0.7, Max: 1.0, Diff: 0.5, Sum: 3.0]
      [Code Root Scanning (ms): Min: 0.0, Avg: 0.1, Max: 0.1, Diff: 0.1, Sum: 0.3]
      [Object Copy (ms): Min: 10.4, Avg: 10.5, Max: 10.5, Diff: 0.1, Sum: 41.8]
      [Termination (ms): Min: 0.0, Avg: 0.0, Max: 0.0, Diff: 0.0, Sum: 0.0]
      [GC Worker Other (ms): Min: 0.0, Avg: 0.0, Max: 0.1, Diff: 0.0, Sum: 0.2]
      [GC Worker Total (ms): Min: 40.7, Avg: 40.7, Max: 40.8, Diff: 0.1, Sum: 162.9]
      [GC Worker End (ms): Min: 49618.0, Avg: 49618.0, Max: 49618.0, Diff: 0.1]
   [Code Root Fixup: 0.0 ms]
   [Code Root Migration: 0.3 ms]
   [Clear CT: 0.5 ms]
   [Other: 67.5 ms]
      [Choose CSet: 0.0 ms]
      [Ref Proc: 60.3 ms]
      [Ref Enq: 5.3 ms]
      [Free CSet: 1.8 ms]
   [Eden: 1695.0M(1695.0M)->0.0B(1696.0M) Survivors: 22.0M->22.0M Heap: 3660.6M(4096.0M)->1965.6M(4096.0M)]
 [Times: user=0.41 sys=0.01, real=0.12 secs] 
2016-01-06T00:56:53.821-0800: 49.942: [GC pause (young)
Desired survivor size 112721920 bytes, new threshold 15 (max 15)
- age   1:   20630152 bytes,   20630152 total
- age   2:      36864 bytes,   20667016 total
2016-01-06T00:56:53.935-0800: 50.055: [SoftReference, 0 refs, 0.0004180 secs]2016-01-06T00:56:53.935-0800: 50.056: [WeakReference, 0 refs, 0.0002970 secs]2016-01-06T00:56:53.935-0800: 50.056: [FinalReference, 0 refs, 0.0003000 secs]2016-01-06T00:56:53.936-0800: 50.056: [PhantomReference, 0 refs, 53086 refs, 0.0013910 secs]2016-01-06T00:56:53.937-0800: 50.058: [JNI Weak Reference, 0.0000090 secs], 0.1238290 secs]
   [Parallel Time: 37.0 ms, GC Workers: 4]
      [GC Worker Start (ms): Min: 49941.9, Avg: 49942.9, Max: 49945.9, Diff: 4.0]
      [Ext Root Scanning (ms): Min: 0.0, Avg: 0.3, Max: 0.5, Diff: 0.5, Sum: 1.2]
      [SATB Filtering (ms): Min: 0.0, Avg: 0.0, Max: 0.0, Diff: 0.0, Sum: 0.0]
      [Update RS (ms): Min: 21.3, Avg: 24.0, Max: 25.1, Diff: 3.8, Sum: 96.2]
         [Processed Buffers: Min: 30, Avg: 34.5, Max: 38, Diff: 8, Sum: 138]
      [Scan RS (ms): Min: 0.7, Avg: 0.8, Max: 0.8, Diff: 0.2, Sum: 3.0]
      [Code Root Scanning (ms): Min: 0.1, Avg: 0.1, Max: 0.1, Diff: 0.0, Sum: 0.4]
      [Object Copy (ms): Min: 10.6, Avg: 10.6, Max: 10.6, Diff: 0.0, Sum: 42.4]
      [Termination (ms): Min: 0.0, Avg: 0.0, Max: 0.0, Diff: 0.0, Sum: 0.0]
      [GC Worker Other (ms): Min: 0.0, Avg: 0.1, Max: 0.1, Diff: 0.1, Sum: 0.2]
      [GC Worker Total (ms): Min: 32.9, Avg: 35.9, Max: 36.9, Diff: 4.0, Sum: 143.5]
      [GC Worker End (ms): Min: 49978.7, Avg: 49978.8, Max: 49978.8, Diff: 0.1]
   [Code Root Fixup: 0.0 ms]
   [Code Root Migration: 0.2 ms]
   [Clear CT: 0.4 ms]
   [Other: 86.1 ms]
      [Choose CSet: 0.0 ms]
      [Ref Proc: 79.0 ms]
      [Ref Enq: 5.2 ms]
      [Free CSet: 1.8 ms]
   [Eden: 1696.0M(1696.0M)->0.0B(1696.0M) Survivors: 22.0M->22.0M Heap: 3661.6M(4096.0M)->1965.6M(4096.0M)]
 [Times: user=0.47 sys=0.00, real=0.12 secs] 
2016-01-06T00:56:54.191-0800: 50.311: [GC pause (young)
Desired survivor size 112721920 bytes, new threshold 15 (max 15)
- age   1:   20632384 bytes,   20632384 total
- age   2:      36864 bytes,   20669248 total
2016-01-06T00:56:54.309-0800: 50.430: [SoftReference, 0 refs, 0.0006260 secs]2016-01-06T00:56:54.310-0800: 50.431: [WeakReference, 0 refs, 0.0002470 secs]2016-01-06T00:56:54.310-0800: 50.431: [FinalReference, 0 refs, 0.0002330 secs]2016-01-06T00:56:54.310-0800: 50.431: [PhantomReference, 0 refs, 53086 refs, 0.0016390 secs]2016-01-06T00:56:54.312-0800: 50.433: [JNI Weak Reference, 0.0000130 secs], 0.1290910 secs]
   [Parallel Time: 29.1 ms, GC Workers: 4]
      [GC Worker Start (ms): Min: 50311.5, Avg: 50312.1, Max: 50313.9, Diff: 2.4]
      [Ext Root Scanning (ms): Min: 0.0, Avg: 0.3, Max: 0.5, Diff: 0.5, Sum: 1.3]
      [SATB Filtering (ms): Min: 0.0, Avg: 0.0, Max: 0.0, Diff: 0.0, Sum: 0.0]
      [Update RS (ms): Min: 15.1, Avg: 16.1, Max: 16.8, Diff: 1.7, Sum: 64.6]
         [Processed Buffers: Min: 18, Avg: 23.5, Max: 28, Diff: 10, Sum: 94]
      [Scan RS (ms): Min: 0.5, Avg: 0.7, Max: 0.9, Diff: 0.5, Sum: 3.0]
      [Code Root Scanning (ms): Min: 0.0, Avg: 0.1, Max: 0.1, Diff: 0.1, Sum: 0.4]
      [Object Copy (ms): Min: 10.9, Avg: 11.0, Max: 11.0, Diff: 0.1, Sum: 44.0]
      [Termination (ms): Min: 0.0, Avg: 0.0, Max: 0.0, Diff: 0.0, Sum: 0.0]
      [GC Worker Other (ms): Min: 0.0, Avg: 0.1, Max: 0.1, Diff: 0.1, Sum: 0.3]
      [GC Worker Total (ms): Min: 26.6, Avg: 28.4, Max: 29.0, Diff: 2.4, Sum: 113.4]
      [GC Worker End (ms): Min: 50340.4, Avg: 50340.5, Max: 50340.5, Diff: 0.1]
   [Code Root Fixup: 0.0 ms]
   [Code Root Migration: 0.2 ms]
   [Clear CT: 0.5 ms]
   [Other: 99.3 ms]
      [Choose CSet: 0.0 ms]
      [Ref Proc: 92.2 ms]
      [Ref Enq: 5.3 ms]
      [Free CSet: 1.8 ms]
   [Eden: 1696.0M(1696.0M)->0.0B(1696.0M) Survivors: 22.0M->22.0M Heap: 3661.6M(4096.0M)->1965.6M(4096.0M)]
 [Times: user=0.48 sys=0.00, real=0.13 secs] 
2016-01-06T00:56:54.577-0800: 50.698: [GC pause (young)
Desired survivor size 112721920 bytes, new threshold 15 (max 15)
- age   1:   20632384 bytes,   20632384 total
- age   2:      36864 bytes,   20669248 total
2016-01-06T00:56:54.719-0800: 50.840: [SoftReference, 0 refs, 0.0005830 secs]2016-01-06T00:56:54.720-0800: 50.840: [WeakReference, 0 refs, 0.0002270 secs]2016-01-06T00:56:54.720-0800: 50.841: [FinalReference, 0 refs, 0.0002390 secs]2016-01-06T00:56:54.720-0800: 50.841: [PhantomReference, 0 refs, 53086 refs, 0.0016180 secs]2016-01-06T00:56:54.722-0800: 50.843: [JNI Weak Reference, 0.0000130 secs], 0.1516130 secs]
   [Parallel Time: 32.3 ms, GC Workers: 4]
      [GC Worker Start (ms): Min: 50698.1, Avg: 50698.2, Max: 50698.2, Diff: 0.1]
      [Ext Root Scanning (ms): Min: 0.3, Avg: 0.4, Max: 0.4, Diff: 0.1, Sum: 1.4]
      [SATB Filtering (ms): Min: 0.0, Avg: 0.0, Max: 0.0, Diff: 0.0, Sum: 0.0]
      [Update RS (ms): Min: 20.6, Avg: 20.9, Max: 21.2, Diff: 0.6, Sum: 83.6]
         [Processed Buffers: Min: 29, Avg: 30.0, Max: 31, Diff: 2, Sum: 120]
      [Scan RS (ms): Min: 0.6, Avg: 0.7, Max: 1.0, Diff: 0.4, Sum: 3.0]
      [Code Root Scanning (ms): Min: 0.1, Avg: 0.1, Max: 0.1, Diff: 0.1, Sum: 0.4]
      [Object Copy (ms): Min: 10.0, Avg: 10.1, Max: 10.1, Diff: 0.1, Sum: 40.3]
      [Termination (ms): Min: 0.0, Avg: 0.0, Max: 0.0, Diff: 0.0, Sum: 0.0]
      [GC Worker Other (ms): Min: 0.0, Avg: 0.1, Max: 0.1, Diff: 0.1, Sum: 0.3]
      [GC Worker Total (ms): Min: 32.2, Avg: 32.2, Max: 32.3, Diff: 0.1, Sum: 128.9]
      [GC Worker End (ms): Min: 50730.4, Avg: 50730.4, Max: 50730.4, Diff: 0.0]
   [Code Root Fixup: 0.0 ms]
   [Code Root Migration: 0.2 ms]
   [Clear CT: 0.5 ms]
   [Other: 118.6 ms]
      [Choose CSet: 0.0 ms]
      [Ref Proc: 112.1 ms]
      [Ref Enq: 4.6 ms]
      [Free CSet: 1.7 ms]
   [Eden: 1696.0M(1696.0M)->0.0B(1708.0M) Survivors: 22.0M->12.0M Heap: 3661.6M(4096.0M)->1955.6M(4096.0M)]
 [Times: user=0.51 sys=0.01, real=0.15 secs] 
2016-01-06T00:56:54.986-0800: 51.107: [GC pause (young)
Desired survivor size 112721920 bytes, new threshold 15 (max 15)
- age   1:   10717120 bytes,   10717120 total
- age   2:      36864 bytes,   10753984 total
2016-01-06T00:56:55.144-0800: 51.265: [SoftReference, 0 refs, 0.0005010 secs]2016-01-06T00:56:55.145-0800: 51.266: [WeakReference, 0 refs, 0.0002360 secs]2016-01-06T00:56:55.145-0800: 51.266: [FinalReference, 0 refs, 0.0002480 secs]2016-01-06T00:56:55.145-0800: 51.266: [PhantomReference, 0 refs, 53458 refs, 0.0016690 secs]2016-01-06T00:56:55.147-0800: 51.268: [JNI Weak Reference, 0.0000110 secs], 0.1686590 secs]
   [Parallel Time: 28.5 ms, GC Workers: 4]
      [GC Worker Start (ms): Min: 51106.8, Avg: 51106.9, Max: 51106.9, Diff: 0.1]
      [Ext Root Scanning (ms): Min: 0.3, Avg: 0.4, Max: 0.4, Diff: 0.1, Sum: 1.4]
      [SATB Filtering (ms): Min: 0.0, Avg: 0.0, Max: 0.0, Diff: 0.0, Sum: 0.0]
      [Update RS (ms): Min: 17.0, Avg: 17.2, Max: 17.4, Diff: 0.4, Sum: 69.0]
         [Processed Buffers: Min: 25, Avg: 25.0, Max: 25, Diff: 0, Sum: 100]
      [Scan RS (ms): Min: 0.6, Avg: 0.8, Max: 1.0, Diff: 0.3, Sum: 3.1]
      [Code Root Scanning (ms): Min: 0.1, Avg: 0.1, Max: 0.1, Diff: 0.0, Sum: 0.3]
      [Object Copy (ms): Min: 9.9, Avg: 9.9, Max: 9.9, Diff: 0.1, Sum: 39.5]
      [Termination (ms): Min: 0.0, Avg: 0.0, Max: 0.0, Diff: 0.0, Sum: 0.0]
      [GC Worker Other (ms): Min: 0.0, Avg: 0.1, Max: 0.1, Diff: 0.0, Sum: 0.2]
      [GC Worker Total (ms): Min: 28.3, Avg: 28.4, Max: 28.4, Diff: 0.1, Sum: 113.6]
      [GC Worker End (ms): Min: 51135.2, Avg: 51135.2, Max: 51135.3, Diff: 0.0]
   [Code Root Fixup: 0.0 ms]
   [Code Root Migration: 0.2 ms]
   [Clear CT: 0.4 ms]
   [Other: 139.5 ms]
      [Choose CSet: 0.0 ms]
      [Ref Proc: 132.4 ms]
      [Ref Enq: 5.3 ms]
      [Free CSet: 1.7 ms]
   [Eden: 1708.0M(1708.0M)->0.0B(1697.0M) Survivors: 12.0M->22.0M Heap: 3663.6M(4096.0M)->1965.1M(4096.0M)]
 [Times: user=0.64 sys=0.00, real=0.16 secs] 
2016-01-06T00:56:55.398-0800: 51.519: [GC pause (young)
Desired survivor size 112721920 bytes, new threshold 15 (max 15)
- age   1:   20659168 bytes,   20659168 total
- age   2:      36864 bytes,   20696032 total
2016-01-06T00:56:55.566-0800: 51.687: [SoftReference, 0 refs, 0.0004440 secs]2016-01-06T00:56:55.566-0800: 51.687: [WeakReference, 0 refs, 0.0002770 secs]2016-01-06T00:56:55.567-0800: 51.687: [FinalReference, 0 refs, 0.0003650 secs]2016-01-06T00:56:55.567-0800: 51.688: [PhantomReference, 0 refs, 53117 refs, 0.0016810 secs]2016-01-06T00:56:55.569-0800: 51.689: [JNI Weak Reference, 0.0000090 secs], 0.1784990 secs]
   [Parallel Time: 26.9 ms, GC Workers: 4]
      [GC Worker Start (ms): Min: 51518.9, Avg: 51519.7, Max: 51521.9, Diff: 3.0]
      [Ext Root Scanning (ms): Min: 0.0, Avg: 0.3, Max: 0.5, Diff: 0.5, Sum: 1.2]
      [SATB Filtering (ms): Min: 0.0, Avg: 0.0, Max: 0.0, Diff: 0.0, Sum: 0.0]
      [Update RS (ms): Min: 12.1, Avg: 14.3, Max: 15.1, Diff: 3.0, Sum: 57.1]
         [Processed Buffers: Min: 17, Avg: 20.5, Max: 23, Diff: 6, Sum: 82]
      [Scan RS (ms): Min: 0.6, Avg: 0.8, Max: 1.0, Diff: 0.4, Sum: 3.0]
      [Code Root Scanning (ms): Min: 0.1, Avg: 0.1, Max: 0.1, Diff: 0.0, Sum: 0.3]
      [Object Copy (ms): Min: 10.6, Avg: 10.6, Max: 10.6, Diff: 0.1, Sum: 42.4]
      [Termination (ms): Min: 0.0, Avg: 0.0, Max: 0.0, Diff: 0.0, Sum: 0.0]
      [GC Worker Other (ms): Min: 0.0, Avg: 0.1, Max: 0.1, Diff: 0.1, Sum: 0.2]
      [GC Worker Total (ms): Min: 23.9, Avg: 26.1, Max: 26.9, Diff: 3.0, Sum: 104.3]
      [GC Worker End (ms): Min: 51545.7, Avg: 51545.8, Max: 51545.8, Diff: 0.0]
   [Code Root Fixup: 0.0 ms]
   [Code Root Migration: 0.2 ms]
   [Clear CT: 0.5 ms]
   [Other: 150.9 ms]
      [Choose CSet: 0.0 ms]
      [Ref Proc: 143.7 ms]
      [Ref Enq: 5.3 ms]
      [Free CSet: 1.8 ms]
   [Eden: 1697.0M(1697.0M)->0.0B(1697.0M) Survivors: 22.0M->22.0M Heap: 3662.1M(4096.0M)->1965.6M(4096.0M)]
 [Times: user=0.69 sys=0.00, real=0.17 secs] 
2016-01-06T00:56:55.832-0800: 51.953: [GC pause (young)
Desired survivor size 112721920 bytes, new threshold 15 (max 15)
- age   1:   20634616 bytes,   20634616 total
- age   2:      36864 bytes,   20671480 total
2016-01-06T00:56:56.015-0800: 52.136: [SoftReference, 0 refs, 0.0004650 secs]2016-01-06T00:56:56.016-0800: 52.137: [WeakReference, 0 refs, 0.0002400 secs]2016-01-06T00:56:56.016-0800: 52.137: [FinalReference, 0 refs, 0.0003700 secs]2016-01-06T00:56:56.016-0800: 52.137: [PhantomReference, 0 refs, 53117 refs, 0.0014310 secs]2016-01-06T00:56:56.018-0800: 52.139: [JNI Weak Reference, 0.0000090 secs], 0.1923630 secs]
   [Parallel Time: 32.9 ms, GC Workers: 4]
      [GC Worker Start (ms): Min: 51953.4, Avg: 51953.6, Max: 51953.9, Diff: 0.5]
      [Ext Root Scanning (ms): Min: 0.0, Avg: 0.3, Max: 0.5, Diff: 0.5, Sum: 1.3]
      [SATB Filtering (ms): Min: 0.0, Avg: 0.0, Max: 0.0, Diff: 0.0, Sum: 0.0]
      [Update RS (ms): Min: 20.0, Avg: 20.1, Max: 20.2, Diff: 0.2, Sum: 80.5]
         [Processed Buffers: Min: 29, Avg: 29.8, Max: 31, Diff: 2, Sum: 119]
      [Scan RS (ms): Min: 0.6, Avg: 0.7, Max: 0.9, Diff: 0.3, Sum: 2.9]
      [Code Root Scanning (ms): Min: 0.1, Avg: 0.1, Max: 0.1, Diff: 0.0, Sum: 0.3]
      [Object Copy (ms): Min: 11.3, Avg: 11.3, Max: 11.4, Diff: 0.1, Sum: 45.3]
      [Termination (ms): Min: 0.0, Avg: 0.0, Max: 0.0, Diff: 0.0, Sum: 0.0]
      [GC Worker Other (ms): Min: 0.0, Avg: 0.1, Max: 0.1, Diff: 0.1, Sum: 0.3]
      [GC Worker Total (ms): Min: 32.3, Avg: 32.7, Max: 32.8, Diff: 0.5, Sum: 130.7]
      [GC Worker End (ms): Min: 51986.2, Avg: 51986.2, Max: 51986.3, Diff: 0.1]
   [Code Root Fixup: 0.0 ms]
   [Code Root Migration: 0.2 ms]
   [Clear CT: 0.4 ms]
   [Other: 158.7 ms]
      [Choose CSet: 0.0 ms]
      [Ref Proc: 152.3 ms]
      [Ref Enq: 4.6 ms]
      [Free CSet: 1.7 ms]
   [Eden: 1697.0M(1697.0M)->0.0B(1697.0M) Survivors: 22.0M->22.0M Heap: 3662.6M(4096.0M)->1965.1M(4096.0M)]
 [Times: user=0.75 sys=0.00, real=0.19 secs] 
2016-01-06T00:56:56.262-0800: 52.383: [GC pause (young)
Desired survivor size 112721920 bytes, new threshold 15 (max 15)
- age   1:   20634616 bytes,   20634616 total
- age   2:      36864 bytes,   20671480 total
2016-01-06T00:56:56.443-0800: 52.564: [SoftReference, 0 refs, 0.0005740 secs]2016-01-06T00:56:56.463-0800: 52.584: [WeakReference, 0 refs, 0.0004160 secs]2016-01-06T00:56:56.463-0800: 52.584: [FinalReference, 0 refs, 0.0003410 secs]2016-01-06T00:56:56.464-0800: 52.585: [PhantomReference, 0 refs, 53113 refs, 0.0023060 secs]2016-01-06T00:56:56.466-0800: 52.587: [JNI Weak Reference, 0.0000090 secs], 0.2103390 secs]
   [Parallel Time: 24.9 ms, GC Workers: 4]
      [GC Worker Start (ms): Min: 52382.6, Avg: 52382.7, Max: 52382.7, Diff: 0.1]
      [Ext Root Scanning (ms): Min: 0.3, Avg: 0.4, Max: 0.4, Diff: 0.1, Sum: 1.4]
      [SATB Filtering (ms): Min: 0.0, Avg: 0.0, Max: 0.0, Diff: 0.0, Sum: 0.0]
      [Update RS (ms): Min: 12.2, Avg: 12.5, Max: 12.7, Diff: 0.5, Sum: 49.9]
         [Processed Buffers: Min: 18, Avg: 19.8, Max: 22, Diff: 4, Sum: 79]
      [Scan RS (ms): Min: 0.6, Avg: 0.7, Max: 0.9, Diff: 0.3, Sum: 3.0]
      [Code Root Scanning (ms): Min: 0.1, Avg: 0.1, Max: 0.1, Diff: 0.0, Sum: 0.3]
      [Object Copy (ms): Min: 11.0, Avg: 11.1, Max: 11.1, Diff: 0.1, Sum: 44.3]
      [Termination (ms): Min: 0.0, Avg: 0.0, Max: 0.0, Diff: 0.0, Sum: 0.0]
      [GC Worker Other (ms): Min: 0.0, Avg: 0.1, Max: 0.1, Diff: 0.1, Sum: 0.2]
      [GC Worker Total (ms): Min: 24.7, Avg: 24.8, Max: 24.8, Diff: 0.1, Sum: 99.1]
      [GC Worker End (ms): Min: 52407.4, Avg: 52407.4, Max: 52407.5, Diff: 0.1]
   [Code Root Fixup: 0.0 ms]
   [Code Root Migration: 0.2 ms]
   [Clear CT: 0.5 ms]
   [Other: 184.7 ms]
      [Choose CSet: 0.0 ms]
      [Ref Proc: 179.3 ms]
      [Ref Enq: 3.5 ms]
      [Free CSet: 1.8 ms]
   [Eden: 1697.0M(1697.0M)->0.0B(1696.0M) Survivors: 22.0M->22.0M Heap: 3662.1M(4096.0M)->1965.6M(4096.0M)]
 [Times: user=0.72 sys=0.00, real=0.21 secs] 
2016-01-06T00:56:56.715-0800: 52.836: [GC pause (young)
Desired survivor size 112721920 bytes, new threshold 15 (max 15)
- age   1:   20634616 bytes,   20634616 total
- age   2:      36864 bytes,   20671480 total
2016-01-06T00:56:56.898-0800: 53.019: [SoftReference, 0 refs, 0.0003910 secs]2016-01-06T00:56:56.899-0800: 53.020: [WeakReference, 0 refs, 0.0002110 secs]2016-01-06T00:56:56.899-0800: 53.020: [FinalReference, 0 refs, 0.0002240 secs]2016-01-06T00:56:56.899-0800: 53.020: [PhantomReference, 0 refs, 53086 refs, 0.0014900 secs]2016-01-06T00:56:56.901-0800: 53.022: [JNI Weak Reference, 0.0000090 secs], 0.1924380 secs]
   [Parallel Time: 13.0 ms, GC Workers: 4]
      [GC Worker Start (ms): Min: 52835.8, Avg: 52836.2, Max: 52837.3, Diff: 1.5]
      [Ext Root Scanning (ms): Min: 0.0, Avg: 0.3, Max: 0.5, Diff: 0.5, Sum: 1.4]
      [SATB Filtering (ms): Min: 0.0, Avg: 0.0, Max: 0.0, Diff: 0.0, Sum: 0.0]
      [Update RS (ms): Min: 0.0, Avg: 0.1, Max: 0.1, Diff: 0.1, Sum: 0.3]
         [Processed Buffers: Min: 0, Avg: 1.5, Max: 4, Diff: 4, Sum: 6]
      [Scan RS (ms): Min: 0.2, Avg: 1.4, Max: 3.5, Diff: 3.3, Sum: 5.7]
      [Code Root Scanning (ms): Min: 0.0, Avg: 0.1, Max: 0.1, Diff: 0.1, Sum: 0.3]
      [Object Copy (ms): Min: 8.7, Avg: 10.5, Max: 11.1, Diff: 2.4, Sum: 41.9]
      [Termination (ms): Min: 0.0, Avg: 0.1, Max: 0.1, Diff: 0.1, Sum: 0.3]
      [GC Worker Other (ms): Min: 0.0, Avg: 0.0, Max: 0.1, Diff: 0.0, Sum: 0.1]
      [GC Worker Total (ms): Min: 11.5, Avg: 12.5, Max: 12.9, Diff: 1.5, Sum: 50.2]
      [GC Worker End (ms): Min: 52848.7, Avg: 52848.7, Max: 52848.7, Diff: 0.0]
   [Code Root Fixup: 0.0 ms]
   [Code Root Migration: 0.2 ms]
   [Clear CT: 0.5 ms]
   [Other: 178.7 ms]
      [Choose CSet: 0.0 ms]
      [Ref Proc: 172.9 ms]
      [Ref Enq: 3.9 ms]
      [Free CSet: 1.8 ms]
   [Eden: 1696.0M(1696.0M)->0.0B(1696.0M) Survivors: 22.0M->22.0M Heap: 3661.6M(4096.0M)->1965.1M(4096.0M)]
 [Times: user=0.62 sys=0.00, real=0.20 secs] 
2016-01-06T00:56:57.147-0800: 53.267: [GC pause (young)
Desired survivor size 112721920 bytes, new threshold 15 (max 15)
- age   1:   20632384 bytes,   20632384 total
- age   2:      36864 bytes,   20669248 total
2016-01-06T00:56:57.361-0800: 53.482: [SoftReference, 0 refs, 0.0004350 secs]2016-01-06T00:56:57.361-0800: 53.482: [WeakReference, 0 refs, 0.0003260 secs]2016-01-06T00:56:57.361-0800: 53.482: [FinalReference, 0 refs, 0.0002580 secs]2016-01-06T00:56:57.362-0800: 53.483: [PhantomReference, 0 refs, 53083 refs, 0.0015730 secs]2016-01-06T00:56:57.363-0800: 53.484: [JNI Weak Reference, 0.0000100 secs], 0.2242890 secs]
   [Parallel Time: 31.3 ms, GC Workers: 4]
      [GC Worker Start (ms): Min: 53267.5, Avg: 53267.6, Max: 53267.6, Diff: 0.1]
      [Ext Root Scanning (ms): Min: 0.3, Avg: 0.3, Max: 0.4, Diff: 0.1, Sum: 1.4]
      [SATB Filtering (ms): Min: 0.0, Avg: 0.0, Max: 0.0, Diff: 0.0, Sum: 0.0]
      [Update RS (ms): Min: 18.9, Avg: 19.1, Max: 19.3, Diff: 0.4, Sum: 76.3]
         [Processed Buffers: Min: 27, Avg: 27.5, Max: 28, Diff: 1, Sum: 110]
      [Scan RS (ms): Min: 0.6, Avg: 0.8, Max: 1.0, Diff: 0.4, Sum: 3.1]
      [Code Root Scanning (ms): Min: 0.1, Avg: 0.1, Max: 0.1, Diff: 0.0, Sum: 0.3]
      [Object Copy (ms): Min: 10.8, Avg: 10.8, Max: 10.9, Diff: 0.1, Sum: 43.2]
      [Termination (ms): Min: 0.0, Avg: 0.0, Max: 0.0, Diff: 0.0, Sum: 0.0]
      [GC Worker Other (ms): Min: 0.0, Avg: 0.1, Max: 0.1, Diff: 0.1, Sum: 0.3]
      [GC Worker Total (ms): Min: 31.1, Avg: 31.2, Max: 31.2, Diff: 0.1, Sum: 124.7]
      [GC Worker End (ms): Min: 53298.7, Avg: 53298.7, Max: 53298.8, Diff: 0.1]
   [Code Root Fixup: 0.0 ms]
   [Code Root Migration: 0.2 ms]
   [Clear CT: 0.4 ms]
   [Other: 192.3 ms]
      [Choose CSet: 0.0 ms]
      [Ref Proc: 185.4 ms]
      [Ref Enq: 5.0 ms]
      [Free CSet: 1.8 ms]
   [Eden: 1696.0M(1696.0M)->0.0B(182.0M) Survivors: 22.0M->22.0M Heap: 3661.1M(4096.0M)->1965.6M(4096.0M)]
 [Times: user=0.82 sys=0.00, real=0.22 secs] 
2016-01-06T00:56:57.400-0800: 53.520: [GC pause (young)
Desired survivor size 13631488 bytes, new threshold 1 (max 15)
- age   1:   20632384 bytes,   20632384 total
- age   2:      36864 bytes,   20669248 total
2016-01-06T00:56:57.566-0800: 53.687: [SoftReference, 0 refs, 0.0003860 secs]2016-01-06T00:56:57.566-0800: 53.687: [WeakReference, 0 refs, 0.0002280 secs]2016-01-06T00:56:57.567-0800: 53.687: [FinalReference, 0 refs, 0.0002360 secs]2016-01-06T00:56:57.567-0800: 53.688: [PhantomReference, 0 refs, 6152 refs, 0.0005720 secs]2016-01-06T00:56:57.567-0800: 53.688: [JNI Weak Reference, 0.0000080 secs], 0.1688210 secs]
   [Parallel Time: 5.3 ms, GC Workers: 4]
      [GC Worker Start (ms): Min: 53520.5, Avg: 53520.5, Max: 53520.6, Diff: 0.1]
      [Ext Root Scanning (ms): Min: 0.3, Avg: 0.4, Max: 0.4, Diff: 0.1, Sum: 1.4]
      [SATB Filtering (ms): Min: 0.0, Avg: 0.0, Max: 0.0, Diff: 0.0, Sum: 0.0]
      [Update RS (ms): Min: 2.2, Avg: 2.5, Max: 2.9, Diff: 0.7, Sum: 10.0]
         [Processed Buffers: Min: 3, Avg: 4.5, Max: 6, Diff: 3, Sum: 18]
      [Scan RS (ms): Min: 0.0, Avg: 0.1, Max: 0.2, Diff: 0.2, Sum: 0.3]
      [Code Root Scanning (ms): Min: 0.0, Avg: 0.0, Max: 0.0, Diff: 0.0, Sum: 0.0]
      [Object Copy (ms): Min: 1.9, Avg: 2.2, Max: 2.4, Diff: 0.4, Sum: 9.0]
      [Termination (ms): Min: 0.0, Avg: 0.0, Max: 0.0, Diff: 0.0, Sum: 0.1]
      [GC Worker Other (ms): Min: 0.0, Avg: 0.0, Max: 0.0, Diff: 0.0, Sum: 0.1]
      [GC Worker Total (ms): Min: 5.2, Avg: 5.2, Max: 5.3, Diff: 0.1, Sum: 20.9]
      [GC Worker End (ms): Min: 53525.8, Avg: 53525.8, Max: 53525.8, Diff: 0.0]
   [Code Root Fixup: 0.0 ms]
   [Code Root Migration: 0.0 ms]
   [Clear CT: 0.1 ms]
   [Other: 163.3 ms]
      [Choose CSet: 0.0 ms]
      [Ref Proc: 162.4 ms]
      [Ref Enq: 0.6 ms]
      [Free CSet: 0.3 ms]
   [Eden: 182.0M(182.0M)->0.0B(293.0M) Survivors: 22.0M->18.0M Heap: 2147.6M(4096.0M)->1961.6M(4096.0M)]
 [Times: user=0.64 sys=0.00, real=0.17 secs] 
2016-01-06T00:56:57.613-0800: 53.734: [GC pause (young)
Desired survivor size 20447232 bytes, new threshold 15 (max 15)
- age   1:   17253136 bytes,   17253136 total
2016-01-06T00:56:57.803-0800: 53.923: [SoftReference, 0 refs, 0.0004300 secs]2016-01-06T00:56:57.803-0800: 53.924: [WeakReference, 0 refs, 0.0002540 secs]2016-01-06T00:56:57.803-0800: 53.924: [FinalReference, 0 refs, 0.0002260 secs]2016-01-06T00:56:57.804-0800: 53.924: [PhantomReference, 0 refs, 9593 refs, 0.0006580 secs]2016-01-06T00:56:57.804-0800: 53.925: [JNI Weak Reference, 0.0000080 secs], 0.1930220 secs]
   [Parallel Time: 9.4 ms, GC Workers: 4]
      [GC Worker Start (ms): Min: 53733.7, Avg: 53735.0, Max: 53738.7, Diff: 5.0]
      [Ext Root Scanning (ms): Min: 0.0, Avg: 0.4, Max: 0.5, Diff: 0.5, Sum: 1.5]
      [SATB Filtering (ms): Min: 0.0, Avg: 0.0, Max: 0.0, Diff: 0.0, Sum: 0.0]
      [Update RS (ms): Min: 1.3, Avg: 4.8, Max: 6.2, Diff: 4.9, Sum: 19.3]
         [Processed Buffers: Min: 2, Avg: 8.0, Max: 11, Diff: 9, Sum: 32]
      [Scan RS (ms): Min: 0.0, Avg: 0.1, Max: 0.2, Diff: 0.2, Sum: 0.5]
      [Code Root Scanning (ms): Min: 0.0, Avg: 0.0, Max: 0.0, Diff: 0.0, Sum: 0.1]
      [Object Copy (ms): Min: 2.6, Avg: 2.7, Max: 2.8, Diff: 0.2, Sum: 11.0]
      [Termination (ms): Min: 0.0, Avg: 0.0, Max: 0.0, Diff: 0.0, Sum: 0.0]
      [GC Worker Other (ms): Min: 0.0, Avg: 0.0, Max: 0.0, Diff: 0.0, Sum: 0.1]
      [GC Worker Total (ms): Min: 4.4, Avg: 8.1, Max: 9.4, Diff: 5.0, Sum: 32.5]
      [GC Worker End (ms): Min: 53743.1, Avg: 53743.1, Max: 53743.1, Diff: 0.0]
   [Code Root Fixup: 0.0 ms]
   [Code Root Migration: 0.0 ms]
   [Clear CT: 0.2 ms]
   [Other: 183.4 ms]
      [Choose CSet: 0.0 ms]
      [Ref Proc: 182.0 ms]
      [Ref Enq: 0.9 ms]
      [Free CSet: 0.4 ms]
   [Eden: 293.0M(293.0M)->0.0B(185.0M) Survivors: 18.0M->19.0M Heap: 2254.6M(4096.0M)->1962.1M(4096.0M)]
 [Times: user=0.73 sys=0.00, real=0.20 secs] 
2016-01-06T00:56:57.834-0800: 53.955: [GC pause (young)
Desired survivor size 13631488 bytes, new threshold 1 (max 15)
- age   1:   17500888 bytes,   17500888 total
- age   2:      36864 bytes,   17537752 total
2016-01-06T00:56:58.002-0800: 54.123: [SoftReference, 0 refs, 0.0004120 secs]2016-01-06T00:56:58.002-0800: 54.123: [WeakReference, 0 refs, 0.0002350 secs]2016-01-06T00:56:58.003-0800: 54.124: [FinalReference, 0 refs, 0.0002520 secs]2016-01-06T00:56:58.003-0800: 54.124: [PhantomReference, 0 refs, 6244 refs, 0.0005190 secs]2016-01-06T00:56:58.003-0800: 54.124: [JNI Weak Reference, 0.0000150 secs], 0.1703550 secs]
   [Parallel Time: 5.7 ms, GC Workers: 4]
      [GC Worker Start (ms): Min: 53955.0, Avg: 53955.2, Max: 53955.8, Diff: 0.8]
      [Ext Root Scanning (ms): Min: 0.0, Avg: 0.3, Max: 0.5, Diff: 0.5, Sum: 1.2]
      [SATB Filtering (ms): Min: 0.0, Avg: 0.0, Max: 0.0, Diff: 0.0, Sum: 0.0]
      [Update RS (ms): Min: 2.2, Avg: 2.7, Max: 3.0, Diff: 0.8, Sum: 10.9]
         [Processed Buffers: Min: 4, Avg: 5.0, Max: 6, Diff: 2, Sum: 20]
      [Scan RS (ms): Min: 0.0, Avg: 0.1, Max: 0.3, Diff: 0.3, Sum: 0.3]
      [Code Root Scanning (ms): Min: 0.0, Avg: 0.0, Max: 0.0, Diff: 0.0, Sum: 0.0]
      [Object Copy (ms): Min: 2.3, Avg: 2.3, Max: 2.4, Diff: 0.1, Sum: 9.3]
      [Termination (ms): Min: 0.0, Avg: 0.0, Max: 0.0, Diff: 0.0, Sum: 0.0]
      [GC Worker Other (ms): Min: 0.0, Avg: 0.0, Max: 0.0, Diff: 0.0, Sum: 0.1]
      [GC Worker Total (ms): Min: 4.9, Avg: 5.5, Max: 5.7, Diff: 0.8, Sum: 21.9]
      [GC Worker End (ms): Min: 53960.7, Avg: 53960.7, Max: 53960.7, Diff: 0.0]
   [Code Root Fixup: 0.0 ms]
   [Code Root Migration: 0.0 ms]
   [Clear CT: 0.1 ms]
   [Other: 164.5 ms]
      [Choose CSet: 0.0 ms]
      [Ref Proc: 163.6 ms]
      [Ref Enq: 0.5 ms]
      [Free CSet: 0.3 ms]
   [Eden: 185.0M(185.0M)->0.0B(1695.0M) Survivors: 19.0M->19.0M Heap: 2147.1M(4096.0M)->1962.1M(4096.0M)]
 [Times: user=0.66 sys=0.00, real=0.17 secs] 
2016-01-06T00:56:58.241-0800: 54.362: [GC pause (young)
Desired survivor size 112721920 bytes, new threshold 15 (max 15)
- age   1:   17259832 bytes,   17259832 total
2016-01-06T00:56:58.446-0800: 54.567: [SoftReference, 0 refs, 0.0004890 secs]2016-01-06T00:56:58.447-0800: 54.567: [WeakReference, 0 refs, 0.0002360 secs]2016-01-06T00:56:58.447-0800: 54.568: [FinalReference, 0 refs, 0.0003790 secs]2016-01-06T00:56:58.447-0800: 54.568: [PhantomReference, 0 refs, 53050 refs, 0.0016630 secs]2016-01-06T00:56:58.449-0800: 54.570: [JNI Weak Reference, 0.0000090 secs], 0.2143520 secs]
   [Parallel Time: 37.3 ms, GC Workers: 4]
      [GC Worker Start (ms): Min: 54361.9, Avg: 54362.0, Max: 54362.0, Diff: 0.1]
      [Ext Root Scanning (ms): Min: 0.3, Avg: 0.4, Max: 0.4, Diff: 0.1, Sum: 1.4]
      [SATB Filtering (ms): Min: 0.0, Avg: 0.0, Max: 0.0, Diff: 0.0, Sum: 0.0]
      [Update RS (ms): Min: 25.7, Avg: 25.8, Max: 25.9, Diff: 0.2, Sum: 103.2]
         [Processed Buffers: Min: 29, Avg: 34.8, Max: 38, Diff: 9, Sum: 139]
      [Scan RS (ms): Min: 0.7, Avg: 0.8, Max: 0.9, Diff: 0.2, Sum: 3.1]
      [Code Root Scanning (ms): Min: 0.1, Avg: 0.1, Max: 0.1, Diff: 0.0, Sum: 0.3]
      [Object Copy (ms): Min: 10.1, Avg: 10.1, Max: 10.2, Diff: 0.0, Sum: 40.6]
      [Termination (ms): Min: 0.0, Avg: 0.0, Max: 0.0, Diff: 0.0, Sum: 0.0]
      [GC Worker Other (ms): Min: 0.0, Avg: 0.1, Max: 0.1, Diff: 0.1, Sum: 0.2]
      [GC Worker Total (ms): Min: 37.2, Avg: 37.2, Max: 37.2, Diff: 0.0, Sum: 148.8]
      [GC Worker End (ms): Min: 54399.2, Avg: 54399.2, Max: 54399.2, Diff: 0.1]
   [Code Root Fixup: 0.0 ms]
   [Code Root Migration: 0.2 ms]
   [Clear CT: 0.4 ms]
   [Other: 176.3 ms]
      [Choose CSet: 0.0 ms]
      [Ref Proc: 170.5 ms]
      [Ref Enq: 4.0 ms]
      [Free CSet: 1.7 ms]
   [Eden: 1695.0M(1695.0M)->0.0B(198.0M) Survivors: 19.0M->6144.0K Heap: 3657.1M(4096.0M)->1949.1M(4096.0M)]
 [Times: user=0.81 sys=0.00, real=0.21 secs] 
2016-01-06T00:56:58.487-0800: 54.608: [GC pause (young)
Desired survivor size 13631488 bytes, new threshold 15 (max 15)
- age   1:    4345480 bytes,    4345480 total
- age   2:      36864 bytes,    4382344 total
2016-01-06T00:56:58.673-0800: 54.794: [SoftReference, 0 refs, 0.0004650 secs]2016-01-06T00:56:58.673-0800: 54.794: [WeakReference, 0 refs, 0.0003510 secs]2016-01-06T00:56:58.674-0800: 54.795: [FinalReference, 0 refs, 0.0002180 secs]2016-01-06T00:56:58.674-0800: 54.795: [PhantomReference, 0 refs, 6648 refs, 0.0006370 secs]2016-01-06T00:56:58.675-0800: 54.796: [JNI Weak Reference, 0.0000100 secs], 0.1887030 secs]
   [Parallel Time: 8.8 ms, GC Workers: 4]
      [GC Worker Start (ms): Min: 54607.9, Avg: 54608.4, Max: 54609.9, Diff: 2.0]
      [Ext Root Scanning (ms): Min: 0.0, Avg: 0.4, Max: 0.5, Diff: 0.5, Sum: 1.4]
      [SATB Filtering (ms): Min: 0.0, Avg: 0.0, Max: 0.0, Diff: 0.0, Sum: 0.0]
      [Update RS (ms): Min: 3.8, Avg: 5.5, Max: 8.1, Diff: 4.3, Sum: 22.0]
         [Processed Buffers: Min: 2, Avg: 6.5, Max: 9, Diff: 7, Sum: 26]
      [Scan RS (ms): Min: 0.0, Avg: 0.1, Max: 0.2, Diff: 0.2, Sum: 0.3]
      [Code Root Scanning (ms): Min: 0.0, Avg: 0.0, Max: 0.0, Diff: 0.0, Sum: 0.0]
      [Object Copy (ms): Min: 0.0, Avg: 1.9, Max: 2.7, Diff: 2.6, Sum: 7.8]
      [Termination (ms): Min: 0.0, Avg: 0.3, Max: 0.5, Diff: 0.5, Sum: 1.3]
      [GC Worker Other (ms): Min: 0.0, Avg: 0.0, Max: 0.0, Diff: 0.0, Sum: 0.1]
      [GC Worker Total (ms): Min: 6.7, Avg: 8.2, Max: 8.7, Diff: 2.0, Sum: 32.9]
      [GC Worker End (ms): Min: 54616.6, Avg: 54616.7, Max: 54616.7, Diff: 0.0]
   [Code Root Fixup: 0.0 ms]
   [Code Root Migration: 0.0 ms]
   [Clear CT: 0.1 ms]
   [Other: 179.7 ms]
      [Choose CSet: 0.0 ms]
      [Ref Proc: 178.9 ms]
      [Ref Enq: 0.5 ms]
      [Free CSet: 0.3 ms]
   [Eden: 198.0M(198.0M)->0.0B(185.0M) Survivors: 6144.0K->19.0M Heap: 2147.1M(4096.0M)->1962.1M(4096.0M)]
 [Times: user=0.71 sys=0.00, real=0.18 secs] 
2016-01-06T00:56:58.704-0800: 54.825: [GC pause (young)
Desired survivor size 13631488 bytes, new threshold 1 (max 15)
- age   1:   17288848 bytes,   17288848 total
- age   2:      36864 bytes,   17325712 total
2016-01-06T00:56:58.896-0800: 55.017: [SoftReference, 0 refs, 0.0014390 secs]2016-01-06T00:56:58.897-0800: 55.018: [WeakReference, 0 refs, 0.0002550 secs]2016-01-06T00:56:58.898-0800: 55.019: [FinalReference, 0 refs, 0.0003150 secs]2016-01-06T00:56:58.898-0800: 55.019: [PhantomReference, 0 refs, 6245 refs, 0.0006700 secs]2016-01-06T00:56:58.899-0800: 55.020: [JNI Weak Reference, 0.0000100 secs], 0.1958920 secs]
   [Parallel Time: 6.9 ms, GC Workers: 4]
      [GC Worker Start (ms): Min: 54824.7, Avg: 54824.8, Max: 54825.0, Diff: 0.3]
      [Ext Root Scanning (ms): Min: 0.1, Avg: 0.4, Max: 0.5, Diff: 0.4, Sum: 1.4]
      [SATB Filtering (ms): Min: 0.0, Avg: 0.0, Max: 0.0, Diff: 0.0, Sum: 0.0]
      [Update RS (ms): Min: 3.7, Avg: 3.9, Max: 4.1, Diff: 0.4, Sum: 15.5]
         [Processed Buffers: Min: 5, Avg: 6.0, Max: 7, Diff: 2, Sum: 24]
      [Scan RS (ms): Min: 0.0, Avg: 0.1, Max: 0.1, Diff: 0.1, Sum: 0.3]
      [Code Root Scanning (ms): Min: 0.0, Avg: 0.0, Max: 0.0, Diff: 0.0, Sum: 0.0]
      [Object Copy (ms): Min: 2.3, Avg: 2.3, Max: 2.3, Diff: 0.1, Sum: 9.3]
      [Termination (ms): Min: 0.0, Avg: 0.1, Max: 0.1, Diff: 0.1, Sum: 0.2]
      [GC Worker Other (ms): Min: 0.0, Avg: 0.0, Max: 0.0, Diff: 0.0, Sum: 0.0]
      [GC Worker Total (ms): Min: 6.5, Avg: 6.7, Max: 6.8, Diff: 0.3, Sum: 26.8]
      [GC Worker End (ms): Min: 54831.5, Avg: 54831.5, Max: 54831.5, Diff: 0.0]
   [Code Root Fixup: 0.0 ms]
   [Code Root Migration: 0.0 ms]
   [Clear CT: 0.1 ms]
   [Other: 188.8 ms]
      [Choose CSet: 0.0 ms]
      [Ref Proc: 187.9 ms]
      [Ref Enq: 0.5 ms]
      [Free CSet: 0.3 ms]
   [Eden: 185.0M(185.0M)->0.0B(185.0M) Survivors: 19.0M->19.0M Heap: 2147.1M(4096.0M)->1962.2M(4096.0M)]
 [Times: user=0.69 sys=0.01, real=0.20 secs] 
2016-01-06T00:56:58.928-0800: 55.049: [GC pause (young)
Desired survivor size 13631488 bytes, new threshold 1 (max 15)
- age   1:   17259832 bytes,   17259832 total
2016-01-06T00:56:59.131-0800: 55.252: [SoftReference, 0 refs, 0.0005700 secs]2016-01-06T00:56:59.131-0800: 55.252: [WeakReference, 0 refs, 0.0003500 secs]2016-01-06T00:56:59.132-0800: 55.253: [FinalReference, 0 refs, 0.0002890 secs]2016-01-06T00:56:59.132-0800: 55.253: [PhantomReference, 0 refs, 6245 refs, 0.0007130 secs]2016-01-06T00:56:59.133-0800: 55.254: [JNI Weak Reference, 0.0000110 secs], 0.2056790 secs]
   [Parallel Time: 6.4 ms, GC Workers: 4]
      [GC Worker Start (ms): Min: 55049.1, Avg: 55049.1, Max: 55049.2, Diff: 0.1]
      [Ext Root Scanning (ms): Min: 0.3, Avg: 0.4, Max: 0.4, Diff: 0.1, Sum: 1.4]
      [SATB Filtering (ms): Min: 0.0, Avg: 0.0, Max: 0.0, Diff: 0.0, Sum: 0.0]
      [Update RS (ms): Min: 3.1, Avg: 3.5, Max: 3.7, Diff: 0.6, Sum: 14.1]
         [Processed Buffers: Min: 5, Avg: 6.0, Max: 7, Diff: 2, Sum: 24]
      [Scan RS (ms): Min: 0.0, Avg: 0.1, Max: 0.3, Diff: 0.3, Sum: 0.3]
      [Code Root Scanning (ms): Min: 0.0, Avg: 0.0, Max: 0.0, Diff: 0.0, Sum: 0.0]
      [Object Copy (ms): Min: 2.2, Avg: 2.3, Max: 2.5, Diff: 0.3, Sum: 9.3]
      [Termination (ms): Min: 0.0, Avg: 0.0, Max: 0.0, Diff: 0.0, Sum: 0.0]
      [GC Worker Other (ms): Min: 0.0, Avg: 0.0, Max: 0.0, Diff: 0.0, Sum: 0.1]
      [GC Worker Total (ms): Min: 6.3, Avg: 6.3, Max: 6.3, Diff: 0.1, Sum: 25.2]
      [GC Worker End (ms): Min: 55055.4, Avg: 55055.4, Max: 55055.4, Diff: 0.0]
   [Code Root Fixup: 0.0 ms]
   [Code Root Migration: 0.0 ms]
   [Clear CT: 0.1 ms]
   [Other: 199.1 ms]
      [Choose CSet: 0.0 ms]
      [Ref Proc: 198.2 ms]
      [Ref Enq: 0.5 ms]
      [Free CSet: 0.3 ms]
   [Eden: 185.0M(185.0M)->0.0B(185.0M) Survivors: 19.0M->19.0M Heap: 2147.2M(4096.0M)->1962.2M(4096.0M)]
 [Times: user=0.72 sys=0.00, real=0.20 secs] 
2016-01-06T00:56:59.160-0800: 55.281: [GC pause (young)
Desired survivor size 13631488 bytes, new threshold 1 (max 15)
- age   1:   17259832 bytes,   17259832 total
2016-01-06T00:56:59.371-0800: 55.492: [SoftReference, 0 refs, 0.0004900 secs]2016-01-06T00:56:59.372-0800: 55.493: [WeakReference, 0 refs, 0.0002340 secs]2016-01-06T00:56:59.372-0800: 55.493: [FinalReference, 0 refs, 0.0003220 secs]2016-01-06T00:56:59.372-0800: 55.493: [PhantomReference, 0 refs, 6245 refs, 0.0005480 secs]2016-01-06T00:56:59.373-0800: 55.494: [JNI Weak Reference, 0.0000080 secs], 0.2140520 secs]
   [Parallel Time: 6.9 ms, GC Workers: 4]
      [GC Worker Start (ms): Min: 55280.8, Avg: 55280.8, Max: 55280.8, Diff: 0.1]
      [Ext Root Scanning (ms): Min: 0.3, Avg: 0.4, Max: 0.4, Diff: 0.1, Sum: 1.5]
      [SATB Filtering (ms): Min: 0.0, Avg: 0.0, Max: 0.0, Diff: 0.0, Sum: 0.0]
      [Update RS (ms): Min: 3.9, Avg: 4.1, Max: 4.4, Diff: 0.5, Sum: 16.3]
         [Processed Buffers: Min: 6, Avg: 7.0, Max: 8, Diff: 2, Sum: 28]
      [Scan RS (ms): Min: 0.0, Avg: 0.1, Max: 0.2, Diff: 0.2, Sum: 0.3]
      [Code Root Scanning (ms): Min: 0.0, Avg: 0.0, Max: 0.0, Diff: 0.0, Sum: 0.0]
      [Object Copy (ms): Min: 1.9, Avg: 2.2, Max: 2.3, Diff: 0.4, Sum: 8.7]
      [Termination (ms): Min: 0.0, Avg: 0.0, Max: 0.0, Diff: 0.0, Sum: 0.0]
      [GC Worker Other (ms): Min: 0.0, Avg: 0.0, Max: 0.0, Diff: 0.0, Sum: 0.1]
      [GC Worker Total (ms): Min: 6.7, Avg: 6.7, Max: 6.8, Diff: 0.1, Sum: 27.0]
      [GC Worker End (ms): Min: 55287.5, Avg: 55287.6, Max: 55287.6, Diff: 0.0]
   [Code Root Fixup: 0.0 ms]
   [Code Root Migration: 0.0 ms]
   [Clear CT: 0.1 ms]
   [Other: 207.0 ms]
      [Choose CSet: 0.0 ms]
      [Ref Proc: 206.0 ms]
      [Ref Enq: 0.6 ms]
      [Free CSet: 0.3 ms]
   [Eden: 185.0M(185.0M)->0.0B(185.0M) Survivors: 19.0M->19.0M Heap: 2147.2M(4096.0M)->1962.3M(4096.0M)]
 [Times: user=0.78 sys=0.00, real=0.21 secs] 
2016-01-06T00:56:59.402-0800: 55.523: [GC pause (young)
Desired survivor size 13631488 bytes, new threshold 1 (max 15)
- age   1:   17259832 bytes,   17259832 total
2016-01-06T00:56:59.586-0800: 55.706: [SoftReference, 0 refs, 0.0006030 secs]2016-01-06T00:56:59.586-0800: 55.707: [WeakReference, 0 refs, 0.0002440 secs]2016-01-06T00:56:59.586-0800: 55.707: [FinalReference, 0 refs, 0.0003710 secs]2016-01-06T00:56:59.587-0800: 55.708: [PhantomReference, 0 refs, 6245 refs, 0.0005900 secs]2016-01-06T00:56:59.587-0800: 55.708: [JNI Weak Reference, 0.0000080 secs], 0.1861990 secs]
   [Parallel Time: 5.4 ms, GC Workers: 4]
      [GC Worker Start (ms): Min: 55523.3, Avg: 55523.3, Max: 55523.3, Diff: 0.1]
      [Ext Root Scanning (ms): Min: 0.3, Avg: 0.4, Max: 0.4, Diff: 0.1, Sum: 1.4]
      [SATB Filtering (ms): Min: 0.0, Avg: 0.0, Max: 0.0, Diff: 0.0, Sum: 0.0]
      [Update RS (ms): Min: 2.2, Avg: 2.4, Max: 2.8, Diff: 0.6, Sum: 9.8]
         [Processed Buffers: Min: 4, Avg: 5.0, Max: 7, Diff: 3, Sum: 20]
      [Scan RS (ms): Min: 0.0, Avg: 0.1, Max: 0.2, Diff: 0.2, Sum: 0.3]
      [Code Root Scanning (ms): Min: 0.0, Avg: 0.0, Max: 0.0, Diff: 0.0, Sum: 0.0]
      [Object Copy (ms): Min: 2.1, Avg: 2.4, Max: 2.5, Diff: 0.4, Sum: 9.5]
      [Termination (ms): Min: 0.0, Avg: 0.0, Max: 0.0, Diff: 0.0, Sum: 0.0]
      [GC Worker Other (ms): Min: 0.0, Avg: 0.0, Max: 0.1, Diff: 0.0, Sum: 0.1]
      [GC Worker Total (ms): Min: 5.3, Avg: 5.3, Max: 5.4, Diff: 0.1, Sum: 21.3]
      [GC Worker End (ms): Min: 55528.6, Avg: 55528.6, Max: 55528.6, Diff: 0.0]
   [Code Root Fixup: 0.0 ms]
   [Code Root Migration: 0.0 ms]
   [Clear CT: 0.1 ms]
   [Other: 180.6 ms]
      [Choose CSet: 0.0 ms]
      [Ref Proc: 179.7 ms]
      [Ref Enq: 0.6 ms]
      [Free CSet: 0.3 ms]
   [Eden: 185.0M(185.0M)->0.0B(185.0M) Survivors: 19.0M->19.0M Heap: 2147.3M(4096.0M)->1962.3M(4096.0M)]
 [Times: user=0.70 sys=0.01, real=0.19 secs] 
2016-01-06T00:56:59.616-0800: 55.737: [GC pause (young)
Desired survivor size 13631488 bytes, new threshold 1 (max 15)
- age   1:   17259832 bytes,   17259832 total
2016-01-06T00:56:59.804-0800: 55.925: [SoftReference, 0 refs, 0.0005870 secs]2016-01-06T00:56:59.805-0800: 55.926: [WeakReference, 0 refs, 0.0003730 secs]2016-01-06T00:56:59.805-0800: 55.926: [FinalReference, 0 refs, 0.0002930 secs]2016-01-06T00:56:59.805-0800: 55.926: [PhantomReference, 0 refs, 6245 refs, 0.0008810 secs]2016-01-06T00:56:59.806-0800: 55.927: [JNI Weak Reference, 0.0000130 secs], 0.1915740 secs]
   [Parallel Time: 7.7 ms, GC Workers: 4]
      [GC Worker Start (ms): Min: 55736.6, Avg: 55736.7, Max: 55736.7, Diff: 0.1]
      [Ext Root Scanning (ms): Min: 0.4, Avg: 0.6, Max: 1.3, Diff: 0.9, Sum: 2.5]
      [SATB Filtering (ms): Min: 0.0, Avg: 0.0, Max: 0.0, Diff: 0.0, Sum: 0.0]
      [Update RS (ms): Min: 3.8, Avg: 4.6, Max: 5.0, Diff: 1.3, Sum: 18.3]
         [Processed Buffers: Min: 7, Avg: 8.0, Max: 10, Diff: 3, Sum: 32]
      [Scan RS (ms): Min: 0.0, Avg: 0.1, Max: 0.2, Diff: 0.2, Sum: 0.3]
      [Code Root Scanning (ms): Min: 0.0, Avg: 0.0, Max: 0.0, Diff: 0.0, Sum: 0.0]
      [Object Copy (ms): Min: 2.1, Avg: 2.3, Max: 2.4, Diff: 0.3, Sum: 9.0]
      [Termination (ms): Min: 0.0, Avg: 0.0, Max: 0.0, Diff: 0.0, Sum: 0.0]
      [GC Worker Other (ms): Min: 0.0, Avg: 0.0, Max: 0.0, Diff: 0.0, Sum: 0.0]
      [GC Worker Total (ms): Min: 7.5, Avg: 7.6, Max: 7.6, Diff: 0.1, Sum: 30.2]
      [GC Worker End (ms): Min: 55744.2, Avg: 55744.2, Max: 55744.2, Diff: 0.0]
   [Code Root Fixup: 0.0 ms]
   [Code Root Migration: 0.0 ms]
   [Clear CT: 0.1 ms]
   [Other: 183.7 ms]
      [Choose CSet: 0.0 ms]
      [Ref Proc: 182.9 ms]
      [Ref Enq: 0.3 ms]
      [Free CSet: 0.4 ms]
   [Eden: 185.0M(185.0M)->0.0B(186.0M) Survivors: 19.0M->18.0M Heap: 2147.3M(4096.0M)->1961.8M(4096.0M)]
 [Times: user=0.73 sys=0.01, real=0.20 secs] 
2016-01-06T00:56:59.838-0800: 55.959: [GC pause (young)
Desired survivor size 13631488 bytes, new threshold 1 (max 15)
- age   1:   17259832 bytes,   17259832 total
2016-01-06T00:57:00.028-0800: 56.149: [SoftReference, 0 refs, 0.0004050 secs]2016-01-06T00:57:00.028-0800: 56.149: [WeakReference, 0 refs, 0.0003610 secs]2016-01-06T00:57:00.029-0800: 56.150: [FinalReference, 0 refs, 0.0002300 secs]2016-01-06T00:57:00.029-0800: 56.150: [PhantomReference, 0 refs, 6276 refs, 0.0005370 secs]2016-01-06T00:57:00.029-0800: 56.150: [JNI Weak Reference, 0.0000100 secs], 0.1925550 secs]
   [Parallel Time: 10.1 ms, GC Workers: 4]
      [GC Worker Start (ms): Min: 55959.0, Avg: 55959.7, Max: 55961.9, Diff: 2.9]
      [Ext Root Scanning (ms): Min: 0.0, Avg: 0.3, Max: 0.5, Diff: 0.5, Sum: 1.2]
      [SATB Filtering (ms): Min: 0.0, Avg: 0.0, Max: 0.0, Diff: 0.0, Sum: 0.0]
      [Update RS (ms): Min: 6.5, Avg: 6.8, Max: 7.0, Diff: 0.5, Sum: 27.2]
         [Processed Buffers: Min: 6, Avg: 9.8, Max: 14, Diff: 8, Sum: 39]
      [Scan RS (ms): Min: 0.0, Avg: 0.1, Max: 0.1, Diff: 0.1, Sum: 0.3]
      [Code Root Scanning (ms): Min: 0.0, Avg: 0.0, Max: 0.0, Diff: 0.0, Sum: 0.0]
      [Object Copy (ms): Min: 0.0, Avg: 1.8, Max: 2.4, Diff: 2.4, Sum: 7.1]
      [Termination (ms): Min: 0.0, Avg: 0.3, Max: 0.4, Diff: 0.4, Sum: 1.2]
      [GC Worker Other (ms): Min: 0.0, Avg: 0.0, Max: 0.0, Diff: 0.0, Sum: 0.0]
      [GC Worker Total (ms): Min: 7.1, Avg: 9.3, Max: 10.0, Diff: 2.9, Sum: 37.1]
      [GC Worker End (ms): Min: 55969.0, Avg: 55969.0, Max: 55969.0, Diff: 0.0]
   [Code Root Fixup: 0.0 ms]
   [Code Root Migration: 0.0 ms]
   [Clear CT: 0.1 ms]
   [Other: 182.3 ms]
      [Choose CSet: 0.0 ms]
      [Ref Proc: 181.4 ms]
      [Ref Enq: 0.6 ms]
      [Free CSet: 0.3 ms]
   [Eden: 186.0M(186.0M)->0.0B(185.0M) Survivors: 18.0M->19.0M Heap: 2147.8M(4096.0M)->1962.4M(4096.0M)]
 [Times: user=0.74 sys=0.00, real=0.19 secs] 
2016-01-06T00:57:00.057-0800: 56.178: [GC pause (young)
Desired survivor size 13631488 bytes, new threshold 1 (max 15)
- age   1:   17262064 bytes,   17262064 total
2016-01-06T00:57:00.244-0800: 56.365: [SoftReference, 0 refs, 0.0006420 secs]2016-01-06T00:57:00.245-0800: 56.366: [WeakReference, 0 refs, 0.0002280 secs]2016-01-06T00:57:00.245-0800: 56.366: [FinalReference, 0 refs, 0.0002790 secs]2016-01-06T00:57:00.246-0800: 56.366: [PhantomReference, 0 refs, 6245 refs, 0.0006530 secs]2016-01-06T00:57:00.246-0800: 56.367: [JNI Weak Reference, 0.0000130 secs], 0.1905260 secs]
   [Parallel Time: 6.9 ms, GC Workers: 4]
      [GC Worker Start (ms): Min: 56177.6, Avg: 56178.7, Max: 56181.9, Diff: 4.3]
      [Ext Root Scanning (ms): Min: 0.0, Avg: 0.3, Max: 0.5, Diff: 0.5, Sum: 1.3]
      [SATB Filtering (ms): Min: 0.0, Avg: 0.0, Max: 0.0, Diff: 0.0, Sum: 0.0]
      [Update RS (ms): Min: 0.8, Avg: 3.8, Max: 5.0, Diff: 4.1, Sum: 15.2]
         [Processed Buffers: Min: 2, Avg: 7.0, Max: 10, Diff: 8, Sum: 28]
      [Scan RS (ms): Min: 0.0, Avg: 0.1, Max: 0.2, Diff: 0.2, Sum: 0.3]
      [Code Root Scanning (ms): Min: 0.0, Avg: 0.0, Max: 0.0, Diff: 0.0, Sum: 0.0]
      [Object Copy (ms): Min: 1.3, Avg: 1.5, Max: 1.6, Diff: 0.3, Sum: 5.9]
      [Termination (ms): Min: 0.0, Avg: 0.0, Max: 0.0, Diff: 0.0, Sum: 0.0]
      [GC Worker Other (ms): Min: 0.0, Avg: 0.0, Max: 0.0, Diff: 0.0, Sum: 0.1]
      [GC Worker Total (ms): Min: 2.5, Avg: 5.7, Max: 6.8, Diff: 4.3, Sum: 22.9]
      [GC Worker End (ms): Min: 56184.4, Avg: 56184.4, Max: 56184.4, Diff: 0.0]
   [Code Root Fixup: 0.0 ms]
   [Code Root Migration: 0.0 ms]
   [Clear CT: 0.1 ms]
   [Other: 183.6 ms]
      [Choose CSet: 0.0 ms]
      [Ref Proc: 182.6 ms]
      [Ref Enq: 0.6 ms]
      [Free CSet: 0.3 ms]
   [Eden: 185.0M(185.0M)->0.0B(194.0M) Survivors: 19.0M->10.0M Heap: 2147.4M(4096.0M)->1953.4M(4096.0M)]
 [Times: user=0.73 sys=0.00, real=0.20 secs] 
2016-01-06T00:57:00.275-0800: 56.396: [GC pause (young)
Desired survivor size 13631488 bytes, new threshold 15 (max 15)
- age   1:    8657848 bytes,    8657848 total
2016-01-06T00:57:00.466-0800: 56.587: [SoftReference, 0 refs, 0.0004540 secs]2016-01-06T00:57:00.466-0800: 56.587: [WeakReference, 0 refs, 0.0002700 secs]2016-01-06T00:57:00.467-0800: 56.587: [FinalReference, 0 refs, 0.0002250 secs]2016-01-06T00:57:00.467-0800: 56.588: [PhantomReference, 0 refs, 6524 refs, 0.0007190 secs]2016-01-06T00:57:00.468-0800: 56.588: [JNI Weak Reference, 0.0000090 secs], 0.1931530 secs]
   [Parallel Time: 5.3 ms, GC Workers: 4]
      [GC Worker Start (ms): Min: 56396.3, Avg: 56396.3, Max: 56396.4, Diff: 0.1]
      [Ext Root Scanning (ms): Min: 0.3, Avg: 0.4, Max: 0.4, Diff: 0.1, Sum: 1.4]
      [SATB Filtering (ms): Min: 0.0, Avg: 0.0, Max: 0.0, Diff: 0.0, Sum: 0.0]
      [Update RS (ms): Min: 2.1, Avg: 2.3, Max: 2.7, Diff: 0.6, Sum: 9.4]
         [Processed Buffers: Min: 3, Avg: 4.5, Max: 7, Diff: 4, Sum: 18]
      [Scan RS (ms): Min: 0.0, Avg: 0.1, Max: 0.2, Diff: 0.2, Sum: 0.3]
      [Code Root Scanning (ms): Min: 0.0, Avg: 0.0, Max: 0.0, Diff: 0.0, Sum: 0.0]
      [Object Copy (ms): Min: 2.1, Avg: 2.4, Max: 2.5, Diff: 0.4, Sum: 9.5]
      [Termination (ms): Min: 0.0, Avg: 0.0, Max: 0.0, Diff: 0.0, Sum: 0.0]
      [GC Worker Other (ms): Min: 0.0, Avg: 0.0, Max: 0.0, Diff: 0.0, Sum: 0.1]
      [GC Worker Total (ms): Min: 5.2, Avg: 5.2, Max: 5.2, Diff: 0.1, Sum: 20.8]
      [GC Worker End (ms): Min: 56401.5, Avg: 56401.5, Max: 56401.5, Diff: 0.0]
   [Code Root Fixup: 0.0 ms]
   [Code Root Migration: 0.0 ms]
   [Clear CT: 0.1 ms]
   [Other: 187.7 ms]
      [Choose CSet: 0.0 ms]
      [Ref Proc: 186.9 ms]
      [Ref Enq: 0.5 ms]
      [Free CSet: 0.3 ms]
   [Eden: 194.0M(194.0M)->0.0B(508.0M) Survivors: 10.0M->19.0M Heap: 2147.4M(4096.0M)->1962.9M(4096.0M)]
 [Times: user=0.74 sys=0.00, real=0.20 secs] 
2016-01-06T00:57:00.545-0800: 56.666: [GC pause (young)
Desired survivor size 34603008 bytes, new threshold 15 (max 15)
- age   1:   17279920 bytes,   17279920 total
- age   2:      36864 bytes,   17316784 total
2016-01-06T00:57:00.730-0800: 56.850: [SoftReference, 0 refs, 0.0004820 secs]2016-01-06T00:57:00.730-0800: 56.851: [WeakReference, 0 refs, 0.0002820 secs]2016-01-06T00:57:00.730-0800: 56.851: [FinalReference, 0 refs, 0.0002760 secs]2016-01-06T00:57:00.731-0800: 56.851: [PhantomReference, 0 refs, 16256 refs, 0.0011190 secs]2016-01-06T00:57:00.732-0800: 56.853: [JNI Weak Reference, 0.0000090 secs], 0.1892600 secs]
   [Parallel Time: 4.4 ms, GC Workers: 4]
      [GC Worker Start (ms): Min: 56666.0, Avg: 56666.0, Max: 56666.0, Diff: 0.1]
      [Ext Root Scanning (ms): Min: 0.3, Avg: 0.3, Max: 0.4, Diff: 0.1, Sum: 1.4]
      [SATB Filtering (ms): Min: 0.0, Avg: 0.0, Max: 0.0, Diff: 0.0, Sum: 0.0]
      [Update RS (ms): Min: 0.0, Avg: 0.1, Max: 0.3, Diff: 0.3, Sum: 0.3]
         [Processed Buffers: Min: 0, Avg: 1.5, Max: 3, Diff: 3, Sum: 6]
      [Scan RS (ms): Min: 0.1, Avg: 0.2, Max: 0.3, Diff: 0.2, Sum: 1.0]
      [Code Root Scanning (ms): Min: 0.0, Avg: 0.0, Max: 0.0, Diff: 0.0, Sum: 0.1]
      [Object Copy (ms): Min: 3.5, Avg: 3.5, Max: 3.5, Diff: 0.0, Sum: 14.1]
      [Termination (ms): Min: 0.0, Avg: 0.0, Max: 0.0, Diff: 0.0, Sum: 0.0]
      [GC Worker Other (ms): Min: 0.0, Avg: 0.0, Max: 0.1, Diff: 0.1, Sum: 0.2]
      [GC Worker Total (ms): Min: 4.3, Avg: 4.3, Max: 4.3, Diff: 0.0, Sum: 17.1]
      [GC Worker End (ms): Min: 56670.3, Avg: 56670.3, Max: 56670.3, Diff: 0.1]
   [Code Root Fixup: 0.0 ms]
   [Code Root Migration: 0.1 ms]
   [Clear CT: 0.2 ms]
   [Other: 184.6 ms]
      [Choose CSet: 0.0 ms]
      [Ref Proc: 182.3 ms]
      [Ref Enq: 1.6 ms]
      [Free CSet: 0.6 ms]
   [Eden: 508.0M(508.0M)->0.0B(1376.0M) Survivors: 19.0M->19.0M Heap: 2470.9M(4096.0M)->1962.9M(4096.0M)]
 [Times: user=0.73 sys=0.00, real=0.18 secs] 
2016-01-06T00:57:00.943-0800: 57.064: [GC pause (young)
Desired survivor size 91750400 bytes, new threshold 15 (max 15)
- age   1:   17980768 bytes,   17980768 total
- age   2:      36864 bytes,   18017632 total
2016-01-06T00:57:01.145-0800: 57.266: [SoftReference, 0 refs, 0.0005170 secs]2016-01-06T00:57:01.146-0800: 57.267: [WeakReference, 0 refs, 0.0003400 secs]2016-01-06T00:57:01.146-0800: 57.267: [FinalReference, 0 refs, 0.0002550 secs]2016-01-06T00:57:01.147-0800: 57.267: [PhantomReference, 0 refs, 43163 refs, 0.0011350 secs]2016-01-06T00:57:01.148-0800: 57.269: [JNI Weak Reference, 0.0000100 secs], 0.2111300 secs]
   [Parallel Time: 14.0 ms, GC Workers: 4]
      [GC Worker Start (ms): Min: 57064.2, Avg: 57064.5, Max: 57065.5, Diff: 1.3]
      [Ext Root Scanning (ms): Min: 0.0, Avg: 0.3, Max: 0.5, Diff: 0.5, Sum: 1.2]
      [SATB Filtering (ms): Min: 0.0, Avg: 0.0, Max: 0.0, Diff: 0.0, Sum: 0.0]
      [Update RS (ms): Min: 3.9, Avg: 4.4, Max: 4.8, Diff: 0.9, Sum: 17.6]
         [Processed Buffers: Min: 6, Avg: 7.5, Max: 9, Diff: 3, Sum: 30]
      [Scan RS (ms): Min: 0.5, Avg: 0.6, Max: 0.8, Diff: 0.3, Sum: 2.6]
      [Code Root Scanning (ms): Min: 0.0, Avg: 0.1, Max: 0.1, Diff: 0.0, Sum: 0.3]
      [Object Copy (ms): Min: 8.1, Avg: 8.1, Max: 8.1, Diff: 0.1, Sum: 32.4]
      [Termination (ms): Min: 0.0, Avg: 0.0, Max: 0.0, Diff: 0.0, Sum: 0.0]
      [GC Worker Other (ms): Min: 0.0, Avg: 0.1, Max: 0.1, Diff: 0.1, Sum: 0.2]
      [GC Worker Total (ms): Min: 12.6, Avg: 13.6, Max: 14.0, Diff: 1.4, Sum: 54.3]
      [GC Worker End (ms): Min: 57078.1, Avg: 57078.1, Max: 57078.1, Diff: 0.1]
   [Code Root Fixup: 0.0 ms]
   [Code Root Migration: 0.2 ms]
   [Clear CT: 0.4 ms]
   [Other: 196.5 ms]
      [Choose CSet: 0.0 ms]
      [Ref Proc: 190.5 ms]
      [Ref Enq: 4.3 ms]
      [Free CSet: 1.6 ms]
   [Eden: 1376.0M(1376.0M)->0.0B(182.0M) Survivors: 19.0M->22.0M Heap: 3338.9M(4096.0M)->1965.4M(4096.0M)]
 [Times: user=0.80 sys=0.00, real=0.21 secs] 
2016-01-06T00:57:01.183-0800: 57.304: [GC pause (young)
Desired survivor size 13631488 bytes, new threshold 1 (max 15)
- age   1:   19918144 bytes,   19918144 total
- age   2:      36864 bytes,   19955008 total
2016-01-06T00:57:01.377-0800: 57.498: [SoftReference, 0 refs, 0.0004510 secs]2016-01-06T00:57:01.378-0800: 57.499: [WeakReference, 0 refs, 0.0002220 secs]2016-01-06T00:57:01.378-0800: 57.499: [FinalReference, 0 refs, 0.0002170 secs]2016-01-06T00:57:01.378-0800: 57.499: [PhantomReference, 0 refs, 6152 refs, 0.0006200 secs]2016-01-06T00:57:01.379-0800: 57.500: [JNI Weak Reference, 0.0000140 secs], 0.1967370 secs]
   [Parallel Time: 5.5 ms, GC Workers: 4]
      [GC Worker Start (ms): Min: 57304.3, Avg: 57304.3, Max: 57304.3, Diff: 0.1]
      [Ext Root Scanning (ms): Min: 0.3, Avg: 0.4, Max: 0.4, Diff: 0.1, Sum: 1.4]
      [SATB Filtering (ms): Min: 0.0, Avg: 0.0, Max: 0.0, Diff: 0.0, Sum: 0.0]
      [Update RS (ms): Min: 2.3, Avg: 2.6, Max: 2.9, Diff: 0.6, Sum: 10.2]
         [Processed Buffers: Min: 4, Avg: 4.8, Max: 6, Diff: 2, Sum: 19]
      [Scan RS (ms): Min: 0.0, Avg: 0.1, Max: 0.2, Diff: 0.2, Sum: 0.3]
      [Code Root Scanning (ms): Min: 0.0, Avg: 0.0, Max: 0.0, Diff: 0.0, Sum: 0.0]
      [Object Copy (ms): Min: 2.1, Avg: 2.3, Max: 2.5, Diff: 0.4, Sum: 9.3]
      [Termination (ms): Min: 0.0, Avg: 0.0, Max: 0.0, Diff: 0.0, Sum: 0.0]
      [GC Worker Other (ms): Min: 0.0, Avg: 0.0, Max: 0.0, Diff: 0.0, Sum: 0.1]
      [GC Worker Total (ms): Min: 5.3, Avg: 5.3, Max: 5.4, Diff: 0.1, Sum: 21.4]
      [GC Worker End (ms): Min: 57309.6, Avg: 57309.6, Max: 57309.7, Diff: 0.0]
   [Code Root Fixup: 0.0 ms]
   [Code Root Migration: 0.0 ms]
   [Clear CT: 0.1 ms]
   [Other: 191.1 ms]
      [Choose CSet: 0.0 ms]
      [Ref Proc: 190.2 ms]
      [Ref Enq: 0.5 ms]
      [Free CSet: 0.3 ms]
   [Eden: 182.0M(182.0M)->0.0B(185.0M) Survivors: 22.0M->19.0M Heap: 2147.4M(4096.0M)->1963.0M(4096.0M)]
 [Times: user=0.72 sys=0.00, real=0.20 secs] 
2016-01-06T00:57:01.409-0800: 57.530: [GC pause (young)
Desired survivor size 13631488 bytes, new threshold 1 (max 15)
- age   1:   17253136 bytes,   17253136 total
2016-01-06T00:57:01.599-0800: 57.720: [SoftReference, 0 refs, 0.0005870 secs]2016-01-06T00:57:01.605-0800: 57.726: [WeakReference, 0 refs, 0.0002790 secs]2016-01-06T00:57:01.605-0800: 57.726: [FinalReference, 0 refs, 0.0002450 secs]2016-01-06T00:57:01.605-0800: 57.726: [PhantomReference, 0 refs, 6244 refs, 0.0006080 secs]2016-01-06T00:57:01.606-0800: 57.727: [JNI Weak Reference, 0.0000090 secs], 0.1982110 secs]
   [Parallel Time: 6.3 ms, GC Workers: 4]
      [GC Worker Start (ms): Min: 57529.7, Avg: 57529.7, Max: 57529.7, Diff: 0.1]
      [Ext Root Scanning (ms): Min: 0.3, Avg: 0.4, Max: 0.4, Diff: 0.1, Sum: 1.5]
      [SATB Filtering (ms): Min: 0.0, Avg: 0.0, Max: 0.0, Diff: 0.0, Sum: 0.0]
      [Update RS (ms): Min: 3.1, Avg: 3.3, Max: 3.4, Diff: 0.3, Sum: 13.1]
         [Processed Buffers: Min: 5, Avg: 6.0, Max: 7, Diff: 2, Sum: 24]
      [Scan RS (ms): Min: 0.0, Avg: 0.1, Max: 0.2, Diff: 0.2, Sum: 0.3]
      [Code Root Scanning (ms): Min: 0.0, Avg: 0.0, Max: 0.0, Diff: 0.0, Sum: 0.0]
      [Object Copy (ms): Min: 2.3, Avg: 2.4, Max: 2.4, Diff: 0.1, Sum: 9.5]
      [Termination (ms): Min: 0.0, Avg: 0.0, Max: 0.0, Diff: 0.0, Sum: 0.0]
      [GC Worker Other (ms): Min: 0.0, Avg: 0.0, Max: 0.0, Diff: 0.0, Sum: 0.1]
      [GC Worker Total (ms): Min: 6.1, Avg: 6.1, Max: 6.2, Diff: 0.1, Sum: 24.6]
      [GC Worker End (ms): Min: 57535.8, Avg: 57535.8, Max: 57535.8, Diff: 0.0]
   [Code Root Fixup: 0.0 ms]
   [Code Root Migration: 0.0 ms]
   [Clear CT: 0.2 ms]
   [Other: 191.7 ms]
      [Choose CSet: 0.0 ms]
      [Ref Proc: 190.8 ms]
      [Ref Enq: 0.5 ms]
      [Free CSet: 0.3 ms]
   [Eden: 185.0M(185.0M)->0.0B(185.0M) Survivors: 19.0M->19.0M Heap: 2148.0M(4096.0M)->1962.5M(4096.0M)]
 [Times: user=0.74 sys=0.00, real=0.20 secs] 
2016-01-06T00:57:01.634-0800: 57.755: [GC pause (young)
Desired survivor size 13631488 bytes, new threshold 1 (max 15)
- age   1:   17259832 bytes,   17259832 total
2016-01-06T00:57:01.824-0800: 57.945: [SoftReference, 0 refs, 0.0004290 secs]2016-01-06T00:57:01.825-0800: 57.945: [WeakReference, 0 refs, 0.0002680 secs]2016-01-06T00:57:01.825-0800: 57.946: [FinalReference, 0 refs, 0.0002300 secs]2016-01-06T00:57:01.825-0800: 57.946: [PhantomReference, 0 refs, 6243 refs, 0.0006920 secs]2016-01-06T00:57:01.826-0800: 57.947: [JNI Weak Reference, 0.0000120 secs], 0.1927780 secs]
   [Parallel Time: 5.0 ms, GC Workers: 4]
      [GC Worker Start (ms): Min: 57755.0, Avg: 57755.1, Max: 57755.1, Diff: 0.1]
      [Ext Root Scanning (ms): Min: 0.3, Avg: 0.4, Max: 0.4, Diff: 0.2, Sum: 1.5]
      [SATB Filtering (ms): Min: 0.0, Avg: 0.0, Max: 0.0, Diff: 0.0, Sum: 0.0]
      [Update RS (ms): Min: 1.7, Avg: 2.0, Max: 2.2, Diff: 0.4, Sum: 8.0]
         [Processed Buffers: Min: 3, Avg: 4.0, Max: 5, Diff: 2, Sum: 16]
      [Scan RS (ms): Min: 0.0, Avg: 0.1, Max: 0.3, Diff: 0.3, Sum: 0.3]
      [Code Root Scanning (ms): Min: 0.0, Avg: 0.0, Max: 0.0, Diff: 0.0, Sum: 0.0]
      [Object Copy (ms): Min: 2.3, Avg: 2.4, Max: 2.5, Diff: 0.2, Sum: 9.6]
      [Termination (ms): Min: 0.0, Avg: 0.0, Max: 0.0, Diff: 0.0, Sum: 0.0]
      [GC Worker Other (ms): Min: 0.0, Avg: 0.0, Max: 0.0, Diff: 0.0, Sum: 0.1]
      [GC Worker Total (ms): Min: 4.8, Avg: 4.9, Max: 4.9, Diff: 0.1, Sum: 19.5]
      [GC Worker End (ms): Min: 57759.9, Avg: 57759.9, Max: 57759.9, Diff: 0.0]
   [Code Root Fixup: 0.0 ms]
   [Code Root Migration: 0.0 ms]
   [Clear CT: 0.1 ms]
   [Other: 187.7 ms]
      [Choose CSet: 0.0 ms]
      [Ref Proc: 186.7 ms]
      [Ref Enq: 0.6 ms]
      [Free CSet: 0.3 ms]
   [Eden: 185.0M(185.0M)->0.0B(562.0M) Survivors: 19.0M->19.0M Heap: 2147.5M(4096.0M)->1962.6M(4096.0M)]
 [Times: user=0.75 sys=0.00, real=0.20 secs] 
2016-01-06T00:57:01.913-0800: 58.034: [GC pause (young)
Desired survivor size 38273024 bytes, new threshold 15 (max 15)
- age   1:   17259832 bytes,   17259832 total
2016-01-06T00:57:02.102-0800: 58.223: [SoftReference, 0 refs, 0.0004780 secs]2016-01-06T00:57:02.103-0800: 58.223: [WeakReference, 0 refs, 0.0003330 secs]2016-01-06T00:57:02.103-0800: 58.224: [FinalReference, 0 refs, 0.0002170 secs]2016-01-06T00:57:02.103-0800: 58.224: [PhantomReference, 0 refs, 17930 refs, 0.0010570 secs]2016-01-06T00:57:02.104-0800: 58.225: [JNI Weak Reference, 0.0000090 secs], 0.1942860 secs]
   [Parallel Time: 5.1 ms, GC Workers: 4]
      [GC Worker Start (ms): Min: 58033.6, Avg: 58033.6, Max: 58033.7, Diff: 0.1]
      [Ext Root Scanning (ms): Min: 0.4, Avg: 0.4, Max: 0.4, Diff: 0.0, Sum: 1.6]
      [SATB Filtering (ms): Min: 0.0, Avg: 0.0, Max: 0.0, Diff: 0.0, Sum: 0.0]
      [Update RS (ms): Min: 0.1, Avg: 0.4, Max: 0.7, Diff: 0.6, Sum: 1.6]
         [Processed Buffers: Min: 1, Avg: 1.8, Max: 3, Diff: 2, Sum: 7]
      [Scan RS (ms): Min: 0.0, Avg: 0.3, Max: 0.5, Diff: 0.5, Sum: 1.0]
      [Code Root Scanning (ms): Min: 0.0, Avg: 0.0, Max: 0.1, Diff: 0.1, Sum: 0.1]
      [Object Copy (ms): Min: 3.8, Avg: 3.8, Max: 3.8, Diff: 0.0, Sum: 15.3]
      [Termination (ms): Min: 0.0, Avg: 0.0, Max: 0.0, Diff: 0.0, Sum: 0.0]
      [GC Worker Other (ms): Min: 0.0, Avg: 0.0, Max: 0.1, Diff: 0.1, Sum: 0.2]
      [GC Worker Total (ms): Min: 4.9, Avg: 5.0, Max: 5.0, Diff: 0.1, Sum: 19.8]
      [GC Worker End (ms): Min: 58038.6, Avg: 58038.6, Max: 58038.6, Diff: 0.1]
   [Code Root Fixup: 0.0 ms]
   [Code Root Migration: 0.1 ms]
   [Clear CT: 0.2 ms]
   [Other: 189.0 ms]
      [Choose CSet: 0.0 ms]
      [Ref Proc: 186.5 ms]
      [Ref Enq: 1.7 ms]
      [Free CSet: 0.7 ms]
   [Eden: 562.0M(562.0M)->0.0B(1063.0M) Survivors: 19.0M->20.0M Heap: 2524.6M(4096.0M)->1963.6M(4096.0M)]
 [Times: user=0.73 sys=0.01, real=0.20 secs] 
2016-01-06T00:57:02.270-0800: 58.391: [GC pause (young)
Desired survivor size 71303168 bytes, new threshold 15 (max 15)
- age   1:   18101296 bytes,   18101296 total
- age   2:      36864 bytes,   18138160 total
2016-01-06T00:57:02.468-0800: 58.588: [SoftReference, 0 refs, 0.0006300 secs]2016-01-06T00:57:02.468-0800: 58.589: [WeakReference, 0 refs, 0.0002430 secs]2016-01-06T00:57:02.468-0800: 58.589: [FinalReference, 0 refs, 0.0004040 secs]2016-01-06T00:57:02.469-0800: 58.590: [PhantomReference, 0 refs, 33463 refs, 0.0012790 secs]2016-01-06T00:57:02.470-0800: 58.591: [JNI Weak Reference, 0.0000080 secs], 0.2045350 secs]
   [Parallel Time: 10.4 ms, GC Workers: 4]
      [GC Worker Start (ms): Min: 58390.8, Avg: 58390.8, Max: 58390.8, Diff: 0.1]
      [Ext Root Scanning (ms): Min: 0.3, Avg: 0.4, Max: 0.4, Diff: 0.1, Sum: 1.4]
      [SATB Filtering (ms): Min: 0.0, Avg: 0.0, Max: 0.0, Diff: 0.0, Sum: 0.0]
      [Update RS (ms): Min: 2.8, Avg: 2.9, Max: 3.1, Diff: 0.3, Sum: 11.7]
         [Processed Buffers: Min: 4, Avg: 5.0, Max: 7, Diff: 3, Sum: 20]
      [Scan RS (ms): Min: 0.4, Avg: 0.5, Max: 0.6, Diff: 0.2, Sum: 2.1]
      [Code Root Scanning (ms): Min: 0.1, Avg: 0.1, Max: 0.1, Diff: 0.1, Sum: 0.3]
      [Object Copy (ms): Min: 6.4, Avg: 6.4, Max: 6.4, Diff: 0.1, Sum: 25.6]
      [Termination (ms): Min: 0.0, Avg: 0.0, Max: 0.0, Diff: 0.0, Sum: 0.0]
      [GC Worker Other (ms): Min: 0.0, Avg: 0.1, Max: 0.1, Diff: 0.1, Sum: 0.3]
      [GC Worker Total (ms): Min: 10.3, Avg: 10.3, Max: 10.4, Diff: 0.1, Sum: 41.3]
      [GC Worker End (ms): Min: 58401.1, Avg: 58401.1, Max: 58401.2, Diff: 0.1]
   [Code Root Fixup: 0.0 ms]
   [Code Root Migration: 0.2 ms]
   [Clear CT: 0.3 ms]
   [Other: 193.6 ms]
      [Choose CSet: 0.0 ms]
      [Ref Proc: 189.9 ms]
      [Ref Enq: 2.5 ms]
      [Free CSet: 1.1 ms]
   [Eden: 1063.0M(1063.0M)->0.0B(271.0M) Survivors: 20.0M->21.0M Heap: 3026.6M(4096.0M)->1964.6M(4096.0M)]
 [Times: user=0.77 sys=0.01, real=0.20 secs] 
2016-01-06T00:57:02.515-0800: 58.636: [GC pause (young)
Desired survivor size 19398656 bytes, new threshold 15 (max 15)
- age   1:   19219528 bytes,   19219528 total
- age   2:      36864 bytes,   19256392 total
2016-01-06T00:57:02.708-0800: 58.829: [SoftReference, 0 refs, 0.0005140 secs]2016-01-06T00:57:02.709-0800: 58.829: [WeakReference, 0 refs, 0.0003540 secs]2016-01-06T00:57:02.709-0800: 58.830: [FinalReference, 0 refs, 0.0003460 secs]2016-01-06T00:57:02.709-0800: 58.830: [PhantomReference, 0 refs, 8911 refs, 0.0007140 secs]2016-01-06T00:57:02.710-0800: 58.831: [JNI Weak Reference, 0.0000090 secs], 0.1960070 secs]
   [Parallel Time: 3.3 ms, GC Workers: 4]
      [GC Worker Start (ms): Min: 58636.2, Avg: 58636.3, Max: 58636.3, Diff: 0.1]
      [Ext Root Scanning (ms): Min: 0.3, Avg: 0.4, Max: 0.4, Diff: 0.1, Sum: 1.4]
      [SATB Filtering (ms): Min: 0.0, Avg: 0.0, Max: 0.0, Diff: 0.0, Sum: 0.0]
      [Update RS (ms): Min: 0.0, Avg: 0.1, Max: 0.3, Diff: 0.3, Sum: 0.3]
         [Processed Buffers: Min: 0, Avg: 1.2, Max: 3, Diff: 3, Sum: 5]
      [Scan RS (ms): Min: 0.0, Avg: 0.1, Max: 0.2, Diff: 0.1, Sum: 0.5]
      [Code Root Scanning (ms): Min: 0.0, Avg: 0.0, Max: 0.0, Diff: 0.0, Sum: 0.1]
      [Object Copy (ms): Min: 2.5, Avg: 2.6, Max: 2.6, Diff: 0.1, Sum: 10.3]
      [Termination (ms): Min: 0.0, Avg: 0.0, Max: 0.0, Diff: 0.0, Sum: 0.0]
      [GC Worker Other (ms): Min: 0.0, Avg: 0.0, Max: 0.0, Diff: 0.0, Sum: 0.1]
      [GC Worker Total (ms): Min: 3.2, Avg: 3.2, Max: 3.2, Diff: 0.1, Sum: 12.8]
      [GC Worker End (ms): Min: 58639.4, Avg: 58639.4, Max: 58639.4, Diff: 0.0]
   [Code Root Fixup: 0.0 ms]
   [Code Root Migration: 0.1 ms]
   [Clear CT: 0.1 ms]
   [Other: 192.5 ms]
      [Choose CSet: 0.0 ms]
      [Ref Proc: 191.4 ms]
      [Ref Enq: 0.7 ms]
      [Free CSet: 0.4 ms]
   [Eden: 271.0M(271.0M)->0.0B(621.0M) Survivors: 21.0M->19.0M Heap: 2235.6M(4096.0M)->1962.6M(4096.0M)]
 [Times: user=0.72 sys=0.00, real=0.20 secs] 
2016-01-06T00:57:02.805-0800: 58.926: [GC pause (young)
Desired survivor size 41943040 bytes, new threshold 15 (max 15)
- age   1:   17451784 bytes,   17451784 total
- age   2:      36864 bytes,   17488648 total
2016-01-06T00:57:03.024-0800: 59.145: [SoftReference, 0 refs, 0.0006100 secs]2016-01-06T00:57:03.024-0800: 59.145: [WeakReference, 0 refs, 0.0003610 secs]2016-01-06T00:57:03.025-0800: 59.146: [FinalReference, 0 refs, 0.0011480 secs]2016-01-06T00:57:03.026-0800: 59.147: [PhantomReference, 0 refs, 19760 refs, 0.0010570 secs]2016-01-06T00:57:03.027-0800: 59.148: [JNI Weak Reference, 0.0000090 secs], 0.2245960 secs]
   [Parallel Time: 6.3 ms, GC Workers: 4]
      [GC Worker Start (ms): Min: 58926.5, Avg: 58928.0, Max: 58932.5, Diff: 6.0]
      [Ext Root Scanning (ms): Min: 0.0, Avg: 0.4, Max: 0.5, Diff: 0.5, Sum: 1.4]
      [SATB Filtering (ms): Min: 0.0, Avg: 0.0, Max: 0.0, Diff: 0.0, Sum: 0.0]
      [Update RS (ms): Min: 0.0, Avg: 0.1, Max: 0.3, Diff: 0.3, Sum: 0.3]
         [Processed Buffers: Min: 0, Avg: 1.2, Max: 4, Diff: 4, Sum: 5]
      [Scan RS (ms): Min: 0.1, Avg: 0.3, Max: 0.5, Diff: 0.3, Sum: 1.3]
      [Code Root Scanning (ms): Min: 0.0, Avg: 0.0, Max: 0.0, Diff: 0.0, Sum: 0.1]
      [Object Copy (ms): Min: 0.0, Avg: 3.7, Max: 4.9, Diff: 4.9, Sum: 14.6]
      [Termination (ms): Min: 0.0, Avg: 0.2, Max: 0.3, Diff: 0.3, Sum: 1.0]
      [GC Worker Other (ms): Min: 0.0, Avg: 0.0, Max: 0.0, Diff: 0.0, Sum: 0.1]
      [GC Worker Total (ms): Min: 0.2, Avg: 4.7, Max: 6.2, Diff: 6.1, Sum: 18.8]
      [GC Worker End (ms): Min: 58932.7, Avg: 58932.7, Max: 58932.7, Diff: 0.1]
   [Code Root Fixup: 0.0 ms]
   [Code Root Migration: 0.1 ms]
   [Clear CT: 0.2 ms]
   [Other: 218.0 ms]
      [Choose CSet: 0.0 ms]
      [Ref Proc: 215.2 ms]
      [Ref Enq: 2.0 ms]
      [Free CSet: 0.7 ms]
   [Eden: 621.0M(621.0M)->0.0B(184.0M) Survivors: 19.0M->20.0M Heap: 2583.6M(4096.0M)->1963.6M(4096.0M)]
 [Times: user=0.80 sys=0.01, real=0.22 secs] 
2016-01-06T00:57:03.059-0800: 59.180: [GC pause (young)
Desired survivor size 13631488 bytes, new threshold 1 (max 15)
- age   1:   18232984 bytes,   18232984 total
- age   2:      36864 bytes,   18269848 total
2016-01-06T00:57:03.253-0800: 59.374: [SoftReference, 0 refs, 0.0004800 secs]2016-01-06T00:57:03.254-0800: 59.374: [WeakReference, 0 refs, 0.0002360 secs]2016-01-06T00:57:03.254-0800: 59.375: [FinalReference, 0 refs, 0.0003360 secs]2016-01-06T00:57:03.254-0800: 59.375: [PhantomReference, 0 refs, 6211 refs, 0.0005370 secs]2016-01-06T00:57:03.255-0800: 59.376: [JNI Weak Reference, 0.0000120 secs], 0.1966260 secs]
   [Parallel Time: 3.0 ms, GC Workers: 4]
      [GC Worker Start (ms): Min: 59180.1, Avg: 59180.1, Max: 59180.2, Diff: 0.1]
      [Ext Root Scanning (ms): Min: 0.3, Avg: 0.4, Max: 0.4, Diff: 0.1, Sum: 1.4]
      [SATB Filtering (ms): Min: 0.0, Avg: 0.0, Max: 0.0, Diff: 0.0, Sum: 0.0]
      [Update RS (ms): Min: 0.0, Avg: 0.1, Max: 0.3, Diff: 0.3, Sum: 0.3]
         [Processed Buffers: Min: 0, Avg: 1.2, Max: 3, Diff: 3, Sum: 5]
      [Scan RS (ms): Min: 0.0, Avg: 0.1, Max: 0.1, Diff: 0.1, Sum: 0.4]
      [Code Root Scanning (ms): Min: 0.0, Avg: 0.0, Max: 0.0, Diff: 0.0, Sum: 0.0]
      [Object Copy (ms): Min: 2.2, Avg: 2.3, Max: 2.4, Diff: 0.1, Sum: 9.3]
      [Termination (ms): Min: 0.0, Avg: 0.0, Max: 0.0, Diff: 0.0, Sum: 0.0]
      [GC Worker Other (ms): Min: 0.0, Avg: 0.0, Max: 0.0, Diff: 0.0, Sum: 0.1]
      [GC Worker Total (ms): Min: 2.8, Avg: 2.9, Max: 2.9, Diff: 0.1, Sum: 11.5]
      [GC Worker End (ms): Min: 59183.0, Avg: 59183.0, Max: 59183.0, Diff: 0.0]
   [Code Root Fixup: 0.0 ms]
   [Code Root Migration: 0.0 ms]
   [Clear CT: 0.1 ms]
   [Other: 193.5 ms]
      [Choose CSet: 0.0 ms]
      [Ref Proc: 192.6 ms]
      [Ref Enq: 0.5 ms]
      [Free CSet: 0.3 ms]
   [Eden: 184.0M(184.0M)->0.0B(185.0M) Survivors: 20.0M->19.0M Heap: 2147.6M(4096.0M)->1962.6M(4096.0M)]
 [Times: user=0.74 sys=0.00, real=0.19 secs] 
2016-01-06T00:57:03.282-0800: 59.403: [GC pause (young)
Desired survivor size 13631488 bytes, new threshold 1 (max 15)
- age   1:   17257600 bytes,   17257600 total
2016-01-06T00:57:03.476-0800: 59.596: [SoftReference, 0 refs, 0.0005680 secs]2016-01-06T00:57:03.476-0800: 59.597: [WeakReference, 0 refs, 0.0003550 secs]2016-01-06T00:57:03.476-0800: 59.597: [FinalReference, 0 refs, 0.0002380 secs]2016-01-06T00:57:03.477-0800: 59.598: [PhantomReference, 0 refs, 6244 refs, 0.0006260 secs]2016-01-06T00:57:03.477-0800: 59.598: [JNI Weak Reference, 0.0000090 secs], 0.1962870 secs]
   [Parallel Time: 3.1 ms, GC Workers: 4]
      [GC Worker Start (ms): Min: 59403.2, Avg: 59403.2, Max: 59403.2, Diff: 0.1]
      [Ext Root Scanning (ms): Min: 0.3, Avg: 0.4, Max: 0.4, Diff: 0.0, Sum: 1.4]
      [SATB Filtering (ms): Min: 0.0, Avg: 0.0, Max: 0.0, Diff: 0.0, Sum: 0.0]
      [Update RS (ms): Min: 0.0, Avg: 0.1, Max: 0.3, Diff: 0.3, Sum: 0.4]
         [Processed Buffers: Min: 1, Avg: 1.5, Max: 2, Diff: 1, Sum: 6]
      [Scan RS (ms): Min: 0.0, Avg: 0.1, Max: 0.1, Diff: 0.1, Sum: 0.4]
      [Code Root Scanning (ms): Min: 0.0, Avg: 0.0, Max: 0.0, Diff: 0.0, Sum: 0.0]
      [Object Copy (ms): Min: 2.3, Avg: 2.4, Max: 2.4, Diff: 0.1, Sum: 9.5]
      [Termination (ms): Min: 0.0, Avg: 0.0, Max: 0.1, Diff: 0.1, Sum: 0.1]
      [GC Worker Other (ms): Min: 0.0, Avg: 0.0, Max: 0.0, Diff: 0.0, Sum: 0.1]
      [GC Worker Total (ms): Min: 3.0, Avg: 3.0, Max: 3.0, Diff: 0.1, Sum: 12.0]
      [GC Worker End (ms): Min: 59406.2, Avg: 59406.2, Max: 59406.2, Diff: 0.0]
   [Code Root Fixup: 0.0 ms]
   [Code Root Migration: 0.0 ms]
   [Clear CT: 0.1 ms]
   [Other: 193.0 ms]
      [Choose CSet: 0.0 ms]
      [Ref Proc: 192.0 ms]
      [Ref Enq: 0.6 ms]
      [Free CSet: 0.3 ms]
   [Eden: 185.0M(185.0M)->0.0B(185.0M) Survivors: 19.0M->19.0M Heap: 2147.6M(4096.0M)->1962.6M(4096.0M)]
 [Times: user=0.71 sys=0.00, real=0.20 secs] 
2016-01-06T00:57:03.507-0800: 59.628: [GC pause (young)
Desired survivor size 13631488 bytes, new threshold 1 (max 15)
- age   1:   17259832 bytes,   17259832 total
2016-01-06T00:57:03.701-0800: 59.822: [SoftReference, 0 refs, 0.0004700 secs]2016-01-06T00:57:03.702-0800: 59.823: [WeakReference, 0 refs, 0.0002480 secs]2016-01-06T00:57:03.702-0800: 59.823: [FinalReference, 0 refs, 0.0002270 secs]2016-01-06T00:57:03.702-0800: 59.823: [PhantomReference, 0 refs, 6244 refs, 0.0005130 secs]2016-01-06T00:57:03.703-0800: 59.824: [JNI Weak Reference, 0.0000120 secs], 0.1965790 secs]
   [Parallel Time: 3.1 ms, GC Workers: 4]
      [GC Worker Start (ms): Min: 59628.1, Avg: 59628.6, Max: 59629.9, Diff: 1.8]
      [Ext Root Scanning (ms): Min: 0.0, Avg: 0.3, Max: 0.5, Diff: 0.4, Sum: 1.3]
      [SATB Filtering (ms): Min: 0.0, Avg: 0.0, Max: 0.0, Diff: 0.0, Sum: 0.0]
      [Update RS (ms): Min: 0.0, Avg: 0.1, Max: 0.2, Diff: 0.2, Sum: 0.3]
         [Processed Buffers: Min: 0, Avg: 1.8, Max: 4, Diff: 4, Sum: 7]
      [Scan RS (ms): Min: 0.0, Avg: 0.1, Max: 0.1, Diff: 0.1, Sum: 0.3]
      [Code Root Scanning (ms): Min: 0.0, Avg: 0.0, Max: 0.0, Diff: 0.0, Sum: 0.0]
      [Object Copy (ms): Min: 1.2, Avg: 2.1, Max: 2.4, Diff: 1.2, Sum: 8.3]
      [Termination (ms): Min: 0.0, Avg: 0.0, Max: 0.0, Diff: 0.0, Sum: 0.0]
      [GC Worker Other (ms): Min: 0.0, Avg: 0.0, Max: 0.0, Diff: 0.0, Sum: 0.1]
      [GC Worker Total (ms): Min: 1.2, Avg: 2.6, Max: 3.0, Diff: 1.8, Sum: 10.3]
      [GC Worker End (ms): Min: 59631.2, Avg: 59631.2, Max: 59631.2, Diff: 0.0]
   [Code Root Fixup: 0.0 ms]
   [Code Root Migration: 0.0 ms]
   [Clear CT: 0.1 ms]
   [Other: 193.3 ms]
      [Choose CSet: 0.0 ms]
      [Ref Proc: 192.4 ms]
      [Ref Enq: 0.6 ms]
      [Free CSet: 0.3 ms]
   [Eden: 185.0M(185.0M)->0.0B(185.0M) Survivors: 19.0M->19.0M Heap: 2147.6M(4096.0M)->1963.2M(4096.0M)]
 [Times: user=0.75 sys=0.01, real=0.19 secs] 
2016-01-06T00:57:03.731-0800: 59.852: [GC pause (young)
Desired survivor size 13631488 bytes, new threshold 1 (max 15)
- age   1:   17259832 bytes,   17259832 total
2016-01-06T00:57:03.928-0800: 60.049: [SoftReference, 0 refs, 0.0005300 secs]2016-01-06T00:57:03.929-0800: 60.050: [WeakReference, 0 refs, 0.0003550 secs]2016-01-06T00:57:03.929-0800: 60.050: [FinalReference, 0 refs, 0.0002300 secs]2016-01-06T00:57:03.929-0800: 60.050: [PhantomReference, 0 refs, 6244 refs, 0.0005830 secs]2016-01-06T00:57:03.930-0800: 60.051: [JNI Weak Reference, 0.0000080 secs], 0.1999430 secs]
   [Parallel Time: 3.0 ms, GC Workers: 4]
      [GC Worker Start (ms): Min: 59852.0, Avg: 59852.5, Max: 59853.9, Diff: 1.9]
      [Ext Root Scanning (ms): Min: 0.0, Avg: 0.3, Max: 0.4, Diff: 0.4, Sum: 1.2]
      [SATB Filtering (ms): Min: 0.0, Avg: 0.0, Max: 0.0, Diff: 0.0, Sum: 0.0]
      [Update RS (ms): Min: 0.0, Avg: 0.1, Max: 0.2, Diff: 0.2, Sum: 0.3]
         [Processed Buffers: Min: 0, Avg: 1.5, Max: 2, Diff: 2, Sum: 6]
      [Scan RS (ms): Min: 0.0, Avg: 0.1, Max: 0.1, Diff: 0.1, Sum: 0.3]
      [Code Root Scanning (ms): Min: 0.0, Avg: 0.0, Max: 0.0, Diff: 0.0, Sum: 0.0]
      [Object Copy (ms): Min: 1.0, Avg: 1.9, Max: 2.3, Diff: 1.3, Sum: 7.7]
      [Termination (ms): Min: 0.0, Avg: 0.0, Max: 0.0, Diff: 0.0, Sum: 0.0]
      [GC Worker Other (ms): Min: 0.0, Avg: 0.0, Max: 0.1, Diff: 0.1, Sum: 0.2]
      [GC Worker Total (ms): Min: 1.0, Avg: 2.5, Max: 3.0, Diff: 1.9, Sum: 9.9]
      [GC Worker End (ms): Min: 59854.9, Avg: 59854.9, Max: 59855.0, Diff: 0.1]
   [Code Root Fixup: 0.0 ms]
   [Code Root Migration: 0.0 ms]
   [Clear CT: 0.1 ms]
   [Other: 196.7 ms]
      [Choose CSet: 0.0 ms]
      [Ref Proc: 195.8 ms]
      [Ref Enq: 0.6 ms]
      [Free CSet: 0.3 ms]
   [Eden: 185.0M(185.0M)->0.0B(186.0M) Survivors: 19.0M->18.0M Heap: 2148.2M(4096.0M)->1962.2M(4096.0M)]
 [Times: user=0.72 sys=0.01, real=0.20 secs] 
2016-01-06T00:57:03.958-0800: 60.079: [GC pause (young)
Desired survivor size 13631488 bytes, new threshold 1 (max 15)
- age   1:   17259832 bytes,   17259832 total
2016-01-06T00:57:04.148-0800: 60.269: [SoftReference, 0 refs, 0.0005670 secs]2016-01-06T00:57:04.149-0800: 60.270: [WeakReference, 0 refs, 0.0002510 secs]2016-01-06T00:57:04.149-0800: 60.270: [FinalReference, 0 refs, 0.0002250 secs]2016-01-06T00:57:04.149-0800: 60.270: [PhantomReference, 0 refs, 6276 refs, 0.0005450 secs]2016-01-06T00:57:04.150-0800: 60.271: [JNI Weak Reference, 0.0000120 secs], 0.1931620 secs]
   [Parallel Time: 3.1 ms, GC Workers: 4]
      [GC Worker Start (ms): Min: 60078.6, Avg: 60078.6, Max: 60078.7, Diff: 0.1]
      [Ext Root Scanning (ms): Min: 0.3, Avg: 0.4, Max: 0.4, Diff: 0.0, Sum: 1.4]
      [SATB Filtering (ms): Min: 0.0, Avg: 0.0, Max: 0.0, Diff: 0.0, Sum: 0.0]
      [Update RS (ms): Min: 0.0, Avg: 0.1, Max: 0.3, Diff: 0.3, Sum: 0.4]
         [Processed Buffers: Min: 0, Avg: 1.5, Max: 3, Diff: 3, Sum: 6]
      [Scan RS (ms): Min: 0.0, Avg: 0.1, Max: 0.1, Diff: 0.1, Sum: 0.3]
      [Code Root Scanning (ms): Min: 0.0, Avg: 0.0, Max: 0.0, Diff: 0.0, Sum: 0.0]
      [Object Copy (ms): Min: 2.3, Avg: 2.4, Max: 2.4, Diff: 0.1, Sum: 9.7]
      [Termination (ms): Min: 0.0, Avg: 0.0, Max: 0.0, Diff: 0.0, Sum: 0.0]
      [GC Worker Other (ms): Min: 0.0, Avg: 0.0, Max: 0.0, Diff: 0.0, Sum: 0.1]
      [GC Worker Total (ms): Min: 3.0, Avg: 3.0, Max: 3.0, Diff: 0.1, Sum: 11.9]
      [GC Worker End (ms): Min: 60081.6, Avg: 60081.6, Max: 60081.6, Diff: 0.0]
   [Code Root Fixup: 0.0 ms]
   [Code Root Migration: 0.0 ms]
   [Clear CT: 0.1 ms]
   [Other: 189.9 ms]
      [Choose CSet: 0.0 ms]
      [Ref Proc: 188.9 ms]
      [Ref Enq: 0.6 ms]
      [Free CSet: 0.3 ms]
   [Eden: 186.0M(186.0M)->0.0B(186.0M) Survivors: 18.0M->18.0M Heap: 2148.2M(4096.0M)->1962.3M(4096.0M)]
 [Times: user=0.75 sys=0.00, real=0.19 secs] 
2016-01-06T00:57:04.177-0800: 60.298: [GC pause (young)
Desired survivor size 13631488 bytes, new threshold 1 (max 15)
- age   1:   17262064 bytes,   17262064 total
2016-01-06T00:57:04.373-0800: 60.494: [SoftReference, 0 refs, 0.0005240 secs]2016-01-06T00:57:04.374-0800: 60.495: [WeakReference, 0 refs, 0.0002770 secs]2016-01-06T00:57:04.374-0800: 60.495: [FinalReference, 0 refs, 0.0002400 secs]2016-01-06T00:57:04.374-0800: 60.495: [PhantomReference, 0 refs, 6275 refs, 0.0007140 secs]2016-01-06T00:57:04.375-0800: 60.496: [JNI Weak Reference, 0.0000080 secs], 0.1987260 secs]
   [Parallel Time: 3.1 ms, GC Workers: 4]
      [GC Worker Start (ms): Min: 60298.1, Avg: 60298.1, Max: 60298.2, Diff: 0.1]
      [Ext Root Scanning (ms): Min: 0.3, Avg: 0.4, Max: 0.4, Diff: 0.1, Sum: 1.4]
      [SATB Filtering (ms): Min: 0.0, Avg: 0.0, Max: 0.0, Diff: 0.0, Sum: 0.0]
      [Update RS (ms): Min: 0.0, Avg: 0.1, Max: 0.3, Diff: 0.3, Sum: 0.4]
         [Processed Buffers: Min: 0, Avg: 1.5, Max: 4, Diff: 4, Sum: 6]
      [Scan RS (ms): Min: 0.0, Avg: 0.1, Max: 0.1, Diff: 0.1, Sum: 0.3]
      [Code Root Scanning (ms): Min: 0.0, Avg: 0.0, Max: 0.0, Diff: 0.0, Sum: 0.0]
      [Object Copy (ms): Min: 2.3, Avg: 2.3, Max: 2.4, Diff: 0.1, Sum: 9.4]
      [Termination (ms): Min: 0.0, Avg: 0.0, Max: 0.0, Diff: 0.0, Sum: 0.0]
      [GC Worker Other (ms): Min: 0.0, Avg: 0.0, Max: 0.0, Diff: 0.0, Sum: 0.1]
      [GC Worker Total (ms): Min: 2.9, Avg: 2.9, Max: 3.0, Diff: 0.1, Sum: 11.7]
      [GC Worker End (ms): Min: 60301.1, Avg: 60301.1, Max: 60301.1, Diff: 0.0]
   [Code Root Fixup: 0.0 ms]
   [Code Root Migration: 0.0 ms]
   [Clear CT: 0.1 ms]
   [Other: 195.5 ms]
      [Choose CSet: 0.0 ms]
      [Ref Proc: 194.6 ms]
      [Ref Enq: 0.5 ms]
      [Free CSet: 0.3 ms]
   [Eden: 186.0M(186.0M)->0.0B(186.0M) Survivors: 18.0M->18.0M Heap: 2148.3M(4096.0M)->1962.3M(4096.0M)]
 [Times: user=0.70 sys=0.01, real=0.19 secs] 
2016-01-06T00:57:04.402-0800: 60.523: [GC pause (young)
Desired survivor size 13631488 bytes, new threshold 1 (max 15)
- age   1:   17262064 bytes,   17262064 total
2016-01-06T00:57:04.597-0800: 60.718: [SoftReference, 0 refs, 0.0006480 secs]2016-01-06T00:57:04.598-0800: 60.719: [WeakReference, 0 refs, 0.0003490 secs]2016-01-06T00:57:04.598-0800: 60.719: [FinalReference, 0 refs, 0.0003850 secs]2016-01-06T00:57:04.599-0800: 60.720: [PhantomReference, 0 refs, 6275 refs, 0.0009980 secs]2016-01-06T00:57:04.600-0800: 60.721: [JNI Weak Reference, 0.0000080 secs], 0.1982630 secs]
   [Parallel Time: 2.3 ms, GC Workers: 4]
      [GC Worker Start (ms): Min: 60523.4, Avg: 60523.4, Max: 60523.4, Diff: 0.1]
      [Ext Root Scanning (ms): Min: 0.3, Avg: 0.3, Max: 0.4, Diff: 0.0, Sum: 1.4]
      [SATB Filtering (ms): Min: 0.0, Avg: 0.0, Max: 0.0, Diff: 0.0, Sum: 0.0]
      [Update RS (ms): Min: 0.0, Avg: 0.1, Max: 0.3, Diff: 0.3, Sum: 0.4]
         [Processed Buffers: Min: 0, Avg: 1.8, Max: 4, Diff: 4, Sum: 7]
      [Scan RS (ms): Min: 0.0, Avg: 0.1, Max: 0.1, Diff: 0.1, Sum: 0.3]
      [Code Root Scanning (ms): Min: 0.0, Avg: 0.0, Max: 0.0, Diff: 0.0, Sum: 0.0]
      [Object Copy (ms): Min: 1.6, Avg: 1.6, Max: 1.6, Diff: 0.1, Sum: 6.5]
      [Termination (ms): Min: 0.0, Avg: 0.0, Max: 0.0, Diff: 0.0, Sum: 0.0]
      [GC Worker Other (ms): Min: 0.0, Avg: 0.0, Max: 0.0, Diff: 0.0, Sum: 0.1]
      [GC Worker Total (ms): Min: 2.2, Avg: 2.2, Max: 2.2, Diff: 0.0, Sum: 8.8]
      [GC Worker End (ms): Min: 60525.6, Avg: 60525.6, Max: 60525.6, Diff: 0.0]
   [Code Root Fixup: 0.0 ms]
   [Code Root Migration: 0.0 ms]
   [Clear CT: 0.2 ms]
   [Other: 195.8 ms]
      [Choose CSet: 0.0 ms]
      [Ref Proc: 195.0 ms]
      [Ref Enq: 0.4 ms]
      [Free CSet: 0.3 ms]
   [Eden: 186.0M(186.0M)->0.0B(191.0M) Survivors: 18.0M->13.0M Heap: 2148.3M(4096.0M)->1956.9M(4096.0M)]
 [Times: user=0.71 sys=0.00, real=0.20 secs] 
2016-01-06T00:57:04.636-0800: 60.757: [GC pause (young)
Desired survivor size 13631488 bytes, new threshold 15 (max 15)
- age   1:   11417968 bytes,   11417968 total
2016-01-06T00:57:04.826-0800: 60.946: [SoftReference, 0 refs, 0.0004440 secs]2016-01-06T00:57:04.826-0800: 60.947: [WeakReference, 0 refs, 0.0003450 secs]2016-01-06T00:57:04.826-0800: 60.947: [FinalReference, 0 refs, 0.0003250 secs]2016-01-06T00:57:04.827-0800: 60.948: [PhantomReference, 0 refs, 6431 refs, 0.0005860 secs]2016-01-06T00:57:04.827-0800: 60.948: [JNI Weak Reference, 0.0000080 secs], 0.1925920 secs]
   [Parallel Time: 3.2 ms, GC Workers: 4]
      [GC Worker Start (ms): Min: 60756.8, Avg: 60757.0, Max: 60757.5, Diff: 0.7]
      [Ext Root Scanning (ms): Min: 0.0, Avg: 0.3, Max: 0.5, Diff: 0.5, Sum: 1.3]
      [SATB Filtering (ms): Min: 0.0, Avg: 0.0, Max: 0.0, Diff: 0.0, Sum: 0.0]
      [Update RS (ms): Min: 0.0, Avg: 0.1, Max: 0.3, Diff: 0.3, Sum: 0.4]
         [Processed Buffers: Min: 0, Avg: 1.8, Max: 6, Diff: 6, Sum: 7]
      [Scan RS (ms): Min: 0.0, Avg: 0.1, Max: 0.2, Diff: 0.1, Sum: 0.4]
      [Code Root Scanning (ms): Min: 0.0, Avg: 0.0, Max: 0.0, Diff: 0.0, Sum: 0.0]
      [Object Copy (ms): Min: 2.3, Avg: 2.4, Max: 2.4, Diff: 0.1, Sum: 9.5]
      [Termination (ms): Min: 0.0, Avg: 0.0, Max: 0.0, Diff: 0.0, Sum: 0.0]
      [GC Worker Other (ms): Min: 0.0, Avg: 0.0, Max: 0.0, Diff: 0.0, Sum: 0.1]
      [GC Worker Total (ms): Min: 2.4, Avg: 2.9, Max: 3.1, Diff: 0.7, Sum: 11.6]
      [GC Worker End (ms): Min: 60759.9, Avg: 60759.9, Max: 60759.9, Diff: 0.0]
   [Code Root Fixup: 0.0 ms]
   [Code Root Migration: 0.0 ms]
   [Clear CT: 0.1 ms]
   [Other: 189.3 ms]
      [Choose CSet: 0.0 ms]
      [Ref Proc: 188.2 ms]
      [Ref Enq: 0.5 ms]
      [Free CSet: 0.5 ms]
   [Eden: 191.0M(191.0M)->0.0B(749.0M) Survivors: 13.0M->19.0M Heap: 2147.9M(4096.0M)->1962.9M(4096.0M)]
 [Times: user=0.73 sys=0.00, real=0.20 secs] 
2016-01-06T00:57:04.944-0800: 61.064: [GC pause (young)
Desired survivor size 50331648 bytes, new threshold 15 (max 15)
- age   1:   17273224 bytes,   17273224 total
- age   2:      36864 bytes,   17310088 total
2016-01-06T00:57:05.141-0800: 61.262: [SoftReference, 0 refs, 0.0005100 secs]2016-01-06T00:57:05.141-0800: 61.262: [WeakReference, 0 refs, 0.0003170 secs]2016-01-06T00:57:05.142-0800: 61.263: [FinalReference, 0 refs, 0.0002500 secs]2016-01-06T00:57:05.142-0800: 61.263: [PhantomReference, 0 refs, 23728 refs, 0.0009670 secs]2016-01-06T00:57:05.143-0800: 61.264: [JNI Weak Reference, 0.0000090 secs], 0.2025310 secs]
   [Parallel Time: 5.7 ms, GC Workers: 4]
      [GC Worker Start (ms): Min: 61064.5, Avg: 61064.6, Max: 61064.6, Diff: 0.1]
      [Ext Root Scanning (ms): Min: 0.3, Avg: 0.4, Max: 0.4, Diff: 0.1, Sum: 1.4]
      [SATB Filtering (ms): Min: 0.0, Avg: 0.0, Max: 0.0, Diff: 0.0, Sum: 0.0]
      [Update RS (ms): Min: 0.0, Avg: 0.1, Max: 0.3, Diff: 0.3, Sum: 0.3]
         [Processed Buffers: Min: 0, Avg: 1.2, Max: 3, Diff: 3, Sum: 5]
      [Scan RS (ms): Min: 0.2, Avg: 0.4, Max: 0.4, Diff: 0.2, Sum: 1.4]
      [Code Root Scanning (ms): Min: 0.0, Avg: 0.0, Max: 0.0, Diff: 0.0, Sum: 0.1]
      [Object Copy (ms): Min: 4.7, Avg: 4.7, Max: 4.7, Diff: 0.0, Sum: 18.8]
      [Termination (ms): Min: 0.0, Avg: 0.0, Max: 0.0, Diff: 0.0, Sum: 0.0]
      [GC Worker Other (ms): Min: 0.0, Avg: 0.1, Max: 0.1, Diff: 0.0, Sum: 0.2]
      [GC Worker Total (ms): Min: 5.5, Avg: 5.6, Max: 5.6, Diff: 0.1, Sum: 22.3]
      [GC Worker End (ms): Min: 61070.1, Avg: 61070.1, Max: 61070.1, Diff: 0.0]
   [Code Root Fixup: 0.0 ms]
   [Code Root Migration: 0.1 ms]
   [Clear CT: 0.2 ms]
   [Other: 196.5 ms]
      [Choose CSet: 0.0 ms]
      [Ref Proc: 193.7 ms]
      [Ref Enq: 1.8 ms]
      [Free CSet: 0.9 ms]
   [Eden: 749.0M(749.0M)->0.0B(274.0M) Survivors: 19.0M->20.0M Heap: 2711.9M(4096.0M)->1964.4M(4096.0M)]
 [Times: user=0.77 sys=0.01, real=0.21 secs] 
2016-01-06T00:57:05.188-0800: 61.309: [GC pause (young)
Desired survivor size 19398656 bytes, new threshold 15 (max 15)
- age   1:   18518680 bytes,   18518680 total
- age   2:      36864 bytes,   18555544 total
2016-01-06T00:57:05.378-0800: 61.499: [SoftReference, 0 refs, 0.0005510 secs]2016-01-06T00:57:05.379-0800: 61.500: [WeakReference, 0 refs, 0.0002730 secs]2016-01-06T00:57:05.379-0800: 61.500: [FinalReference, 0 refs, 0.0002710 secs]2016-01-06T00:57:05.379-0800: 61.500: [PhantomReference, 0 refs, 9003 refs, 0.0007020 secs]2016-01-06T00:57:05.380-0800: 61.501: [JNI Weak Reference, 0.0000090 secs], 0.1935860 secs]
   [Parallel Time: 3.3 ms, GC Workers: 4]
      [GC Worker Start (ms): Min: 61308.9, Avg: 61309.0, Max: 61309.0, Diff: 0.1]
      [Ext Root Scanning (ms): Min: 0.3, Avg: 0.4, Max: 0.4, Diff: 0.1, Sum: 1.4]
      [SATB Filtering (ms): Min: 0.0, Avg: 0.0, Max: 0.0, Diff: 0.0, Sum: 0.0]
      [Update RS (ms): Min: 0.0, Avg: 0.1, Max: 0.3, Diff: 0.3, Sum: 0.3]
         [Processed Buffers: Min: 0, Avg: 1.2, Max: 3, Diff: 3, Sum: 5]
      [Scan RS (ms): Min: 0.0, Avg: 0.1, Max: 0.2, Diff: 0.1, Sum: 0.5]
      [Code Root Scanning (ms): Min: 0.0, Avg: 0.0, Max: 0.0, Diff: 0.0, Sum: 0.1]
      [Object Copy (ms): Min: 2.5, Avg: 2.6, Max: 2.6, Diff: 0.1, Sum: 10.3]
      [Termination (ms): Min: 0.0, Avg: 0.0, Max: 0.0, Diff: 0.0, Sum: 0.0]
      [GC Worker Other (ms): Min: 0.0, Avg: 0.0, Max: 0.0, Diff: 0.0, Sum: 0.1]
      [GC Worker Total (ms): Min: 3.1, Avg: 3.2, Max: 3.2, Diff: 0.1, Sum: 12.7]
      [GC Worker End (ms): Min: 61312.1, Avg: 61312.1, Max: 61312.2, Diff: 0.0]
   [Code Root Fixup: 0.0 ms]
   [Code Root Migration: 0.0 ms]
   [Clear CT: 0.1 ms]
   [Other: 190.2 ms]
      [Choose CSet: 0.0 ms]
      [Ref Proc: 188.8 ms]
      [Ref Enq: 0.9 ms]
      [Free CSet: 0.4 ms]
   [Eden: 274.0M(274.0M)->0.0B(810.0M) Survivors: 20.0M->19.0M Heap: 2238.4M(4096.0M)->1962.9M(4096.0M)]
 [Times: user=0.75 sys=0.00, real=0.19 secs] 
2016-01-06T00:57:05.504-0800: 61.625: [GC pause (young)
Desired survivor size 54525952 bytes, new threshold 15 (max 15)
- age   1:   17458480 bytes,   17458480 total
- age   2:      36864 bytes,   17495344 total
2016-01-06T00:57:05.700-0800: 61.821: [SoftReference, 0 refs, 0.0005420 secs]2016-01-06T00:57:05.701-0800: 61.822: [WeakReference, 0 refs, 0.0002240 secs]2016-01-06T00:57:05.701-0800: 61.822: [FinalReference, 0 refs, 0.0003490 secs]2016-01-06T00:57:05.701-0800: 61.822: [PhantomReference, 0 refs, 25589 refs, 0.0009230 secs]2016-01-06T00:57:05.702-0800: 61.823: [JNI Weak Reference, 0.0000080 secs], 0.2023970 secs]
   [Parallel Time: 6.5 ms, GC Workers: 4]
      [GC Worker Start (ms): Min: 61624.7, Avg: 61625.0, Max: 61625.9, Diff: 1.2]
      [Ext Root Scanning (ms): Min: 0.0, Avg: 0.3, Max: 0.5, Diff: 0.5, Sum: 1.2]
      [SATB Filtering (ms): Min: 0.0, Avg: 0.0, Max: 0.0, Diff: 0.0, Sum: 0.0]
      [Update RS (ms): Min: 0.0, Avg: 0.1, Max: 0.2, Diff: 0.2, Sum: 0.2]
         [Processed Buffers: Min: 0, Avg: 1.2, Max: 3, Diff: 3, Sum: 5]
      [Scan RS (ms): Min: 0.1, Avg: 0.3, Max: 0.5, Diff: 0.4, Sum: 1.4]
      [Code Root Scanning (ms): Min: 0.0, Avg: 0.0, Max: 0.1, Diff: 0.1, Sum: 0.2]
      [Object Copy (ms): Min: 5.1, Avg: 5.3, Max: 5.3, Diff: 0.2, Sum: 21.1]
      [Termination (ms): Min: 0.0, Avg: 0.0, Max: 0.0, Diff: 0.0, Sum: 0.0]
      [GC Worker Other (ms): Min: 0.0, Avg: 0.1, Max: 0.1, Diff: 0.0, Sum: 0.2]
      [GC Worker Total (ms): Min: 5.3, Avg: 6.1, Max: 6.4, Diff: 1.2, Sum: 24.4]
      [GC Worker End (ms): Min: 61631.1, Avg: 61631.1, Max: 61631.1, Diff: 0.0]
   [Code Root Fixup: 0.0 ms]
   [Code Root Migration: 0.1 ms]
   [Clear CT: 0.2 ms]
   [Other: 195.6 ms]
      [Choose CSet: 0.0 ms]
      [Ref Proc: 192.0 ms]
      [Ref Enq: 2.5 ms]
      [Free CSet: 0.9 ms]
   [Eden: 809.0M(809.0M)->0.0B(396.0M) Survivors: 19.0M->21.0M Heap: 2771.9M(4096.0M)->1964.9M(4096.0M)]
 [Times: user=0.77 sys=0.00, real=0.21 secs] 
2016-01-06T00:57:05.762-0800: 61.883: [GC pause (young)
Desired survivor size 27787264 bytes, new threshold 15 (max 15)
- age   1:   18652600 bytes,   18652600 total
- age   2:      36864 bytes,   18689464 total
2016-01-06T00:57:05.954-0800: 62.075: [SoftReference, 0 refs, 0.0006080 secs]2016-01-06T00:57:05.955-0800: 62.076: [WeakReference, 0 refs, 0.0003660 secs]2016-01-06T00:57:05.955-0800: 62.076: [FinalReference, 0 refs, 0.0004200 secs]2016-01-06T00:57:05.956-0800: 62.077: [PhantomReference, 0 refs, 12786 refs, 0.0011200 secs]2016-01-06T00:57:05.957-0800: 62.078: [JNI Weak Reference, 0.0000080 secs], 0.1963100 secs]
   [Parallel Time: 3.6 ms, GC Workers: 4]
      [GC Worker Start (ms): Min: 61883.2, Avg: 61883.9, Max: 61885.9, Diff: 2.7]
      [Ext Root Scanning (ms): Min: 0.0, Avg: 0.3, Max: 0.5, Diff: 0.5, Sum: 1.2]
      [SATB Filtering (ms): Min: 0.0, Avg: 0.0, Max: 0.0, Diff: 0.0, Sum: 0.0]
      [Update RS (ms): Min: 0.0, Avg: 0.1, Max: 0.2, Diff: 0.2, Sum: 0.2]
         [Processed Buffers: Min: 0, Avg: 1.5, Max: 4, Diff: 4, Sum: 6]
      [Scan RS (ms): Min: 0.0, Avg: 0.2, Max: 0.3, Diff: 0.2, Sum: 0.7]
      [Code Root Scanning (ms): Min: 0.0, Avg: 0.0, Max: 0.0, Diff: 0.0, Sum: 0.1]
      [Object Copy (ms): Min: 0.7, Avg: 2.2, Max: 2.7, Diff: 2.0, Sum: 8.8]
      [Termination (ms): Min: 0.0, Avg: 0.0, Max: 0.0, Diff: 0.0, Sum: 0.0]
      [GC Worker Other (ms): Min: 0.0, Avg: 0.0, Max: 0.1, Diff: 0.1, Sum: 0.2]
      [GC Worker Total (ms): Min: 0.8, Avg: 2.8, Max: 3.5, Diff: 2.7, Sum: 11.2]
      [GC Worker End (ms): Min: 61886.7, Avg: 61886.7, Max: 61886.8, Diff: 0.0]
   [Code Root Fixup: 0.0 ms]
   [Code Root Migration: 0.1 ms]
   [Clear CT: 0.2 ms]
   [Other: 192.4 ms]
      [Choose CSet: 0.0 ms]
      [Ref Proc: 190.9 ms]
      [Ref Enq: 0.9 ms]
      [Free CSet: 0.5 ms]
   [Eden: 396.0M(396.0M)->0.0B(723.0M) Survivors: 21.0M->19.0M Heap: 2360.9M(4096.0M)->1963.4M(4096.0M)]
 [Times: user=0.75 sys=0.01, real=0.20 secs] 
2016-01-06T00:57:06.060-0800: 62.181: [GC pause (young)
Desired survivor size 48758784 bytes, new threshold 15 (max 15)
- age   1:   17730784 bytes,   17730784 total
- age   2:      36864 bytes,   17767648 total
2016-01-06T00:57:06.258-0800: 62.379: [SoftReference, 0 refs, 0.0004940 secs]2016-01-06T00:57:06.259-0800: 62.380: [WeakReference, 0 refs, 0.0002490 secs]2016-01-06T00:57:06.259-0800: 62.380: [FinalReference, 0 refs, 0.0002510 secs]2016-01-06T00:57:06.259-0800: 62.380: [PhantomReference, 0 refs, 22919 refs, 0.0010380 secs]2016-01-06T00:57:06.260-0800: 62.381: [JNI Weak Reference, 0.0000110 secs], 0.2036330 secs]
   [Parallel Time: 5.8 ms, GC Workers: 4]
      [GC Worker Start (ms): Min: 62181.3, Avg: 62181.3, Max: 62181.4, Diff: 0.1]
      [Ext Root Scanning (ms): Min: 0.3, Avg: 0.4, Max: 0.4, Diff: 0.1, Sum: 1.4]
      [SATB Filtering (ms): Min: 0.0, Avg: 0.0, Max: 0.0, Diff: 0.0, Sum: 0.0]
      [Update RS (ms): Min: 0.0, Avg: 0.1, Max: 0.3, Diff: 0.3, Sum: 0.3]
         [Processed Buffers: Min: 0, Avg: 1.2, Max: 2, Diff: 2, Sum: 5]
      [Scan RS (ms): Min: 0.2, Avg: 0.4, Max: 0.4, Diff: 0.2, Sum: 1.4]
      [Code Root Scanning (ms): Min: 0.0, Avg: 0.0, Max: 0.0, Diff: 0.0, Sum: 0.1]
      [Object Copy (ms): Min: 4.7, Avg: 4.8, Max: 4.8, Diff: 0.0, Sum: 19.0]
      [Termination (ms): Min: 0.0, Avg: 0.0, Max: 0.0, Diff: 0.0, Sum: 0.0]
      [GC Worker Other (ms): Min: 0.0, Avg: 0.1, Max: 0.1, Diff: 0.1, Sum: 0.2]
      [GC Worker Total (ms): Min: 5.6, Avg: 5.6, Max: 5.7, Diff: 0.1, Sum: 22.6]
      [GC Worker End (ms): Min: 62187.0, Avg: 62187.0, Max: 62187.0, Diff: 0.1]
   [Code Root Fixup: 0.0 ms]
   [Code Root Migration: 0.1 ms]
   [Clear CT: 0.3 ms]
   [Other: 197.5 ms]
      [Choose CSet: 0.0 ms]
      [Ref Proc: 194.3 ms]
      [Ref Enq: 2.2 ms]
      [Free CSet: 0.8 ms]
   [Eden: 723.0M(723.0M)->0.0B(186.0M) Survivors: 19.0M->18.0M Heap: 2686.4M(4096.0M)->1962.4M(4096.0M)]
 [Times: user=0.78 sys=0.00, real=0.20 secs] 
2016-01-06T00:57:06.293-0800: 62.414: [GC pause (young)
Desired survivor size 13631488 bytes, new threshold 1 (max 15)
- age   1:   16622056 bytes,   16622056 total
- age   2:      36864 bytes,   16658920 total
2016-01-06T00:57:06.487-0800: 62.607: [SoftReference, 0 refs, 0.0004700 secs]2016-01-06T00:57:06.487-0800: 62.608: [WeakReference, 0 refs, 0.0003400 secs]2016-01-06T00:57:06.487-0800: 62.608: [FinalReference, 0 refs, 0.0002270 secs]2016-01-06T00:57:06.488-0800: 62.609: [PhantomReference, 0 refs, 6274 refs, 0.0005980 secs]2016-01-06T00:57:06.488-0800: 62.609: [JNI Weak Reference, 0.0000080 secs], 0.1963220 secs]
   [Parallel Time: 3.0 ms, GC Workers: 4]
      [GC Worker Start (ms): Min: 62414.0, Avg: 62414.2, Max: 62414.6, Diff: 0.6]
      [Ext Root Scanning (ms): Min: 0.0, Avg: 0.3, Max: 0.5, Diff: 0.5, Sum: 1.3]
      [SATB Filtering (ms): Min: 0.0, Avg: 0.0, Max: 0.0, Diff: 0.0, Sum: 0.0]
      [Update RS (ms): Min: 0.0, Avg: 0.1, Max: 0.2, Diff: 0.2, Sum: 0.3]
         [Processed Buffers: Min: 0, Avg: 1.5, Max: 5, Diff: 5, Sum: 6]
      [Scan RS (ms): Min: 0.0, Avg: 0.1, Max: 0.2, Diff: 0.1, Sum: 0.4]
      [Code Root Scanning (ms): Min: 0.0, Avg: 0.0, Max: 0.0, Diff: 0.0, Sum: 0.0]
      [Object Copy (ms): Min: 2.3, Avg: 2.3, Max: 2.3, Diff: 0.0, Sum: 9.3]
      [Termination (ms): Min: 0.0, Avg: 0.0, Max: 0.0, Diff: 0.0, Sum: 0.0]
      [GC Worker Other (ms): Min: 0.0, Avg: 0.0, Max: 0.0, Diff: 0.0, Sum: 0.0]
      [GC Worker Total (ms): Min: 2.4, Avg: 2.8, Max: 3.0, Diff: 0.6, Sum: 11.3]
      [GC Worker End (ms): Min: 62417.0, Avg: 62417.0, Max: 62417.0, Diff: 0.0]
   [Code Root Fixup: 0.0 ms]
   [Code Root Migration: 0.0 ms]
   [Clear CT: 0.1 ms]
   [Other: 193.1 ms]
      [Choose CSet: 0.0 ms]
      [Ref Proc: 192.1 ms]
      [Ref Enq: 0.6 ms]
      [Free CSet: 0.3 ms]
   [Eden: 186.0M(186.0M)->0.0B(449.0M) Survivors: 18.0M->19.0M Heap: 2148.4M(4096.0M)->1962.9M(4096.0M)]
 [Times: user=0.74 sys=0.00, real=0.20 secs] 
2016-01-06T00:57:06.552-0800: 62.673: [GC pause (young)
Desired survivor size 30932992 bytes, new threshold 15 (max 15)
- age   1:   17262064 bytes,   17262064 total
2016-01-06T00:57:06.748-0800: 62.869: [SoftReference, 0 refs, 0.0004990 secs]2016-01-06T00:57:06.763-0800: 62.884: [WeakReference, 0 refs, 0.0002760 secs]2016-01-06T00:57:06.763-0800: 62.884: [FinalReference, 0 refs, 0.0003730 secs]2016-01-06T00:57:06.763-0800: 62.884: [PhantomReference, 0 refs, 14427 refs, 0.0007000 secs]2016-01-06T00:57:06.764-0800: 62.885: [JNI Weak Reference, 0.0000100 secs], 0.2143250 secs]
   [Parallel Time: 4.9 ms, GC Workers: 4]
      [GC Worker Start (ms): Min: 62673.1, Avg: 62674.3, Max: 62677.9, Diff: 4.8]
      [Ext Root Scanning (ms): Min: 0.0, Avg: 0.3, Max: 0.4, Diff: 0.4, Sum: 1.2]
      [SATB Filtering (ms): Min: 0.0, Avg: 0.0, Max: 0.0, Diff: 0.0, Sum: 0.0]
      [Update RS (ms): Min: 0.0, Avg: 0.1, Max: 0.2, Diff: 0.2, Sum: 0.3]
         [Processed Buffers: Min: 0, Avg: 1.5, Max: 3, Diff: 3, Sum: 6]
      [Scan RS (ms): Min: 0.1, Avg: 0.2, Max: 0.3, Diff: 0.2, Sum: 0.9]
      [Code Root Scanning (ms): Min: 0.0, Avg: 0.0, Max: 0.0, Diff: 0.0, Sum: 0.1]
      [Object Copy (ms): Min: 0.0, Avg: 2.4, Max: 3.2, Diff: 3.2, Sum: 9.7]
      [Termination (ms): Min: 0.0, Avg: 0.6, Max: 0.8, Diff: 0.8, Sum: 2.3]
      [GC Worker Other (ms): Min: 0.0, Avg: 0.0, Max: 0.0, Diff: 0.0, Sum: 0.1]
      [GC Worker Total (ms): Min: 0.1, Avg: 3.6, Max: 4.9, Diff: 4.8, Sum: 14.6]
      [GC Worker End (ms): Min: 62678.0, Avg: 62678.0, Max: 62678.0, Diff: 0.0]
   [Code Root Fixup: 0.0 ms]
   [Code Root Migration: 0.1 ms]
   [Clear CT: 0.2 ms]
   [Other: 209.1 ms]
      [Choose CSet: 0.0 ms]
      [Ref Proc: 207.1 ms]
      [Ref Enq: 1.4 ms]
      [Free CSet: 0.6 ms]
   [Eden: 449.0M(449.0M)->0.0B(184.0M) Survivors: 19.0M->20.0M Heap: 2411.9M(4096.0M)->1963.9M(4096.0M)]
 [Times: user=0.71 sys=0.01, real=0.22 secs] 
2016-01-06T00:57:06.793-0800: 62.914: [GC pause (young)
Desired survivor size 13631488 bytes, new threshold 1 (max 15)
- age   1:   17849080 bytes,   17849080 total
- age   2:      36864 bytes,   17885944 total
2016-01-06T00:57:07.000-0800: 63.121: [SoftReference, 0 refs, 0.0005590 secs]2016-01-06T00:57:07.001-0800: 63.122: [WeakReference, 0 refs, 0.0003320 secs]2016-01-06T00:57:07.001-0800: 63.122: [FinalReference, 0 refs, 0.0003150 secs]2016-01-06T00:57:07.002-0800: 63.122: [PhantomReference, 0 refs, 6214 refs, 0.0005550 secs]2016-01-06T00:57:07.002-0800: 63.123: [JNI Weak Reference, 0.0000080 secs], 0.2100950 secs]
   [Parallel Time: 2.4 ms, GC Workers: 4]
      [GC Worker Start (ms): Min: 62914.0, Avg: 62914.5, Max: 62915.8, Diff: 1.8]
      [Ext Root Scanning (ms): Min: 0.0, Avg: 0.4, Max: 0.5, Diff: 0.5, Sum: 1.5]
      [SATB Filtering (ms): Min: 0.0, Avg: 0.0, Max: 0.0, Diff: 0.0, Sum: 0.0]
      [Update RS (ms): Min: 0.0, Avg: 0.1, Max: 0.3, Diff: 0.3, Sum: 0.3]
         [Processed Buffers: Min: 0, Avg: 1.2, Max: 3, Diff: 3, Sum: 5]
      [Scan RS (ms): Min: 0.0, Avg: 0.1, Max: 0.2, Diff: 0.2, Sum: 0.4]
      [Code Root Scanning (ms): Min: 0.0, Avg: 0.0, Max: 0.0, Diff: 0.0, Sum: 0.0]
      [Object Copy (ms): Min: 0.4, Avg: 1.2, Max: 1.5, Diff: 1.1, Sum: 5.0]
      [Termination (ms): Min: 0.0, Avg: 0.0, Max: 0.0, Diff: 0.0, Sum: 0.0]
      [GC Worker Other (ms): Min: 0.0, Avg: 0.0, Max: 0.0, Diff: 0.0, Sum: 0.1]
      [GC Worker Total (ms): Min: 0.5, Avg: 1.8, Max: 2.3, Diff: 1.8, Sum: 7.2]
      [GC Worker End (ms): Min: 62916.3, Avg: 62916.3, Max: 62916.3, Diff: 0.0]
   [Code Root Fixup: 0.0 ms]
   [Code Root Migration: 0.0 ms]
   [Clear CT: 0.1 ms]
   [Other: 207.6 ms]
      [Choose CSet: 0.0 ms]
      [Ref Proc: 206.7 ms]
      [Ref Enq: 0.5 ms]
      [Free CSet: 0.3 ms]
   [Eden: 184.0M(184.0M)->0.0B(194.0M) Survivors: 20.0M->10.0M Heap: 2147.9M(4096.0M)->1953.9M(4096.0M)]
 [Times: user=0.76 sys=0.00, real=0.21 secs] 
2016-01-06T00:57:07.031-0800: 63.152: [GC pause (young)
Desired survivor size 13631488 bytes, new threshold 15 (max 15)
- age   1:    8491456 bytes,    8491456 total
2016-01-06T00:57:07.222-0800: 63.343: [SoftReference, 0 refs, 0.0004580 secs]2016-01-06T00:57:07.223-0800: 63.344: [WeakReference, 0 refs, 0.0002390 secs]2016-01-06T00:57:07.223-0800: 63.344: [FinalReference, 0 refs, 0.0002550 secs]2016-01-06T00:57:07.223-0800: 63.344: [PhantomReference, 0 refs, 6522 refs, 0.0005930 secs]2016-01-06T00:57:07.224-0800: 63.345: [JNI Weak Reference, 0.0000130 secs], 0.1944730 secs]
   [Parallel Time: 3.2 ms, GC Workers: 4]
      [GC Worker Start (ms): Min: 63151.6, Avg: 63152.2, Max: 63153.9, Diff: 2.3]
      [Ext Root Scanning (ms): Min: 0.0, Avg: 0.3, Max: 0.4, Diff: 0.4, Sum: 1.2]
      [SATB Filtering (ms): Min: 0.0, Avg: 0.0, Max: 0.0, Diff: 0.0, Sum: 0.0]
      [Update RS (ms): Min: 0.0, Avg: 0.1, Max: 0.1, Diff: 0.1, Sum: 0.4]
         [Processed Buffers: Min: 0, Avg: 1.5, Max: 3, Diff: 3, Sum: 6]
      [Scan RS (ms): Min: 0.0, Avg: 0.1, Max: 0.1, Diff: 0.1, Sum: 0.4]
      [Code Root Scanning (ms): Min: 0.0, Avg: 0.0, Max: 0.0, Diff: 0.0, Sum: 0.0]
      [Object Copy (ms): Min: 0.7, Avg: 2.0, Max: 2.4, Diff: 1.7, Sum: 8.0]
      [Termination (ms): Min: 0.0, Avg: 0.0, Max: 0.0, Diff: 0.0, Sum: 0.0]
      [GC Worker Other (ms): Min: 0.0, Avg: 0.0, Max: 0.0, Diff: 0.0, Sum: 0.1]
      [GC Worker Total (ms): Min: 0.8, Avg: 2.5, Max: 3.1, Diff: 2.3, Sum: 10.1]
      [GC Worker End (ms): Min: 63154.7, Avg: 63154.7, Max: 63154.7, Diff: 0.0]
   [Code Root Fixup: 0.0 ms]
   [Code Root Migration: 0.0 ms]
   [Clear CT: 0.1 ms]
   [Other: 191.1 ms]
      [Choose CSet: 0.0 ms]
      [Ref Proc: 190.0 ms]
      [Ref Enq: 0.6 ms]
      [Free CSet: 0.3 ms]
   [Eden: 194.0M(194.0M)->0.0B(185.0M) Survivors: 10.0M->19.0M Heap: 2147.9M(4096.0M)->1962.9M(4096.0M)]
 [Times: user=0.75 sys=0.00, real=0.20 secs] 
2016-01-06T00:57:07.252-0800: 63.373: [GC pause (young)
Desired survivor size 13631488 bytes, new threshold 1 (max 15)
- age   1:   17279920 bytes,   17279920 total
- age   2:      36864 bytes,   17316784 total
2016-01-06T00:57:07.444-0800: 63.565: [SoftReference, 0 refs, 0.0003820 secs]2016-01-06T00:57:07.444-0800: 63.565: [WeakReference, 0 refs, 0.0003280 secs]2016-01-06T00:57:07.445-0800: 63.565: [FinalReference, 0 refs, 0.0002160 secs]2016-01-06T00:57:07.445-0800: 63.566: [PhantomReference, 0 refs, 6243 refs, 0.0005760 secs]2016-01-06T00:57:07.445-0800: 63.566: [JNI Weak Reference, 0.0000100 secs], 0.1943800 secs]
   [Parallel Time: 3.1 ms, GC Workers: 4]
      [GC Worker Start (ms): Min: 63373.1, Avg: 63373.1, Max: 63373.1, Diff: 0.1]
      [Ext Root Scanning (ms): Min: 0.3, Avg: 0.4, Max: 0.4, Diff: 0.1, Sum: 1.4]
      [SATB Filtering (ms): Min: 0.0, Avg: 0.0, Max: 0.0, Diff: 0.0, Sum: 0.0]
      [Update RS (ms): Min: 0.0, Avg: 0.1, Max: 0.2, Diff: 0.2, Sum: 0.3]
         [Processed Buffers: Min: 1, Avg: 1.5, Max: 3, Diff: 2, Sum: 6]
      [Scan RS (ms): Min: 0.0, Avg: 0.1, Max: 0.1, Diff: 0.1, Sum: 0.4]
      [Code Root Scanning (ms): Min: 0.0, Avg: 0.0, Max: 0.0, Diff: 0.0, Sum: 0.0]
      [Object Copy (ms): Min: 2.4, Avg: 2.4, Max: 2.4, Diff: 0.0, Sum: 9.8]
      [Termination (ms): Min: 0.0, Avg: 0.0, Max: 0.0, Diff: 0.0, Sum: 0.0]
      [GC Worker Other (ms): Min: 0.0, Avg: 0.0, Max: 0.0, Diff: 0.0, Sum: 0.1]
      [GC Worker Total (ms): Min: 3.0, Avg: 3.0, Max: 3.0, Diff: 0.1, Sum: 12.0]
      [GC Worker End (ms): Min: 63376.1, Avg: 63376.1, Max: 63376.1, Diff: 0.0]
   [Code Root Fixup: 0.0 ms]
   [Code Root Migration: 0.0 ms]
   [Clear CT: 0.1 ms]
   [Other: 191.1 ms]
      [Choose CSet: 0.0 ms]
      [Ref Proc: 190.1 ms]
      [Ref Enq: 0.6 ms]
      [Free CSet: 0.3 ms]
   [Eden: 185.0M(185.0M)->0.0B(185.0M) Survivors: 19.0M->19.0M Heap: 2147.9M(4096.0M)->1963.0M(4096.0M)]
 [Times: user=0.75 sys=0.00, real=0.20 secs] 
2016-01-06T00:57:07.475-0800: 63.596: [GC pause (young)
Desired survivor size 13631488 bytes, new threshold 1 (max 15)
- age   1:   17259832 bytes,   17259832 total
2016-01-06T00:57:07.666-0800: 63.787: [SoftReference, 0 refs, 0.0005550 secs]2016-01-06T00:57:07.666-0800: 63.787: [WeakReference, 0 refs, 0.0002740 secs]2016-01-06T00:57:07.667-0800: 63.788: [FinalReference, 0 refs, 0.0002790 secs]2016-01-06T00:57:07.667-0800: 63.788: [PhantomReference, 0 refs, 6243 refs, 0.0006360 secs]2016-01-06T00:57:07.668-0800: 63.788: [JNI Weak Reference, 0.0000080 secs], 0.1938500 secs]
   [Parallel Time: 6.4 ms, GC Workers: 4]
      [GC Worker Start (ms): Min: 63595.8, Avg: 63595.8, Max: 63595.8, Diff: 0.1]
      [Ext Root Scanning (ms): Min: 0.4, Avg: 1.9, Max: 6.2, Diff: 5.8, Sum: 7.6]
      [SATB Filtering (ms): Min: 0.0, Avg: 0.0, Max: 0.0, Diff: 0.0, Sum: 0.0]
      [Update RS (ms): Min: 0.0, Avg: 0.1, Max: 0.2, Diff: 0.2, Sum: 0.4]
         [Processed Buffers: Min: 0, Avg: 1.5, Max: 4, Diff: 4, Sum: 6]
      [Scan RS (ms): Min: 0.0, Avg: 0.1, Max: 0.1, Diff: 0.1, Sum: 0.4]
      [Code Root Scanning (ms): Min: 0.0, Avg: 0.0, Max: 0.0, Diff: 0.0, Sum: 0.1]
      [Object Copy (ms): Min: 0.0, Avg: 1.9, Max: 2.5, Diff: 2.5, Sum: 7.4]
      [Termination (ms): Min: 0.0, Avg: 2.3, Max: 3.1, Diff: 3.1, Sum: 9.2]
      [GC Worker Other (ms): Min: 0.0, Avg: 0.0, Max: 0.0, Diff: 0.0, Sum: 0.1]
      [GC Worker Total (ms): Min: 6.2, Avg: 6.3, Max: 6.3, Diff: 0.0, Sum: 25.1]
      [GC Worker End (ms): Min: 63602.0, Avg: 63602.1, Max: 63602.1, Diff: 0.0]
   [Code Root Fixup: 0.0 ms]
   [Code Root Migration: 0.0 ms]
   [Clear CT: 0.1 ms]
   [Other: 187.3 ms]
      [Choose CSet: 0.0 ms]
      [Ref Proc: 186.4 ms]
      [Ref Enq: 0.6 ms]
      [Free CSet: 0.3 ms]
   [Eden: 185.0M(185.0M)->0.0B(185.0M) Survivors: 19.0M->19.0M Heap: 2148.0M(4096.0M)->1963.0M(4096.0M)]
 [Times: user=0.74 sys=0.00, real=0.20 secs] 
2016-01-06T00:57:07.697-0800: 63.818: [GC pause (young)
Desired survivor size 13631488 bytes, new threshold 1 (max 15)
- age   1:   17259832 bytes,   17259832 total
2016-01-06T00:57:07.891-0800: 64.012: [SoftReference, 0 refs, 0.0005590 secs]2016-01-06T00:57:07.891-0800: 64.012: [WeakReference, 0 refs, 0.0003580 secs]2016-01-06T00:57:07.892-0800: 64.013: [FinalReference, 0 refs, 0.0002430 secs]2016-01-06T00:57:07.892-0800: 64.013: [PhantomReference, 0 refs, 6242 refs, 0.0005420 secs]2016-01-06T00:57:07.892-0800: 64.013: [JNI Weak Reference, 0.0000090 secs], 0.1966680 secs]
   [Parallel Time: 3.0 ms, GC Workers: 4]
      [GC Worker Start (ms): Min: 63817.8, Avg: 63818.5, Max: 63820.7, Diff: 2.9]
      [Ext Root Scanning (ms): Min: 0.0, Avg: 0.3, Max: 0.5, Diff: 0.4, Sum: 1.3]
      [SATB Filtering (ms): Min: 0.0, Avg: 0.0, Max: 0.0, Diff: 0.0, Sum: 0.0]
      [Update RS (ms): Min: 0.0, Avg: 0.1, Max: 0.2, Diff: 0.2, Sum: 0.3]
         [Processed Buffers: Min: 0, Avg: 1.2, Max: 2, Diff: 2, Sum: 5]
      [Scan RS (ms): Min: 0.0, Avg: 0.1, Max: 0.1, Diff: 0.1, Sum: 0.3]
      [Code Root Scanning (ms): Min: 0.0, Avg: 0.0, Max: 0.0, Diff: 0.0, Sum: 0.0]
      [Object Copy (ms): Min: 0.0, Avg: 1.6, Max: 2.1, Diff: 2.1, Sum: 6.4]
      [Termination (ms): Min: 0.0, Avg: 0.1, Max: 0.2, Diff: 0.2, Sum: 0.6]
      [GC Worker Other (ms): Min: 0.0, Avg: 0.0, Max: 0.0, Diff: 0.0, Sum: 0.0]
      [GC Worker Total (ms): Min: 0.1, Avg: 2.2, Max: 3.0, Diff: 2.9, Sum: 9.0]
      [GC Worker End (ms): Min: 63820.7, Avg: 63820.7, Max: 63820.8, Diff: 0.0]
   [Code Root Fixup: 0.0 ms]
   [Code Root Migration: 0.0 ms]
   [Clear CT: 0.1 ms]
   [Other: 193.5 ms]
      [Choose CSet: 0.0 ms]
      [Ref Proc: 192.6 ms]
      [Ref Enq: 0.6 ms]
      [Free CSet: 0.3 ms]
   [Eden: 185.0M(185.0M)->0.0B(392.0M) Survivors: 19.0M->18.0M Heap: 2148.0M(4096.0M)->1962.6M(4096.0M)]
 [Times: user=0.75 sys=0.00, real=0.20 secs] 
2016-01-06T00:57:07.948-0800: 64.069: [GC pause (young)
Desired survivor size 27262976 bytes, new threshold 15 (max 15)
- age   1:   17259832 bytes,   17259832 total
2016-01-06T00:57:08.141-0800: 64.262: [SoftReference, 0 refs, 0.0004810 secs]2016-01-06T00:57:08.142-0800: 64.263: [WeakReference, 0 refs, 0.0002170 secs]2016-01-06T00:57:08.142-0800: 64.263: [FinalReference, 0 refs, 0.0002350 secs]2016-01-06T00:57:08.142-0800: 64.263: [PhantomReference, 0 refs, 12661 refs, 0.0007410 secs]2016-01-06T00:57:08.143-0800: 64.264: [JNI Weak Reference, 0.0000090 secs], 0.1970210 secs]
   [Parallel Time: 3.8 ms, GC Workers: 4]
      [GC Worker Start (ms): Min: 64068.9, Avg: 64068.9, Max: 64068.9, Diff: 0.1]
      [Ext Root Scanning (ms): Min: 0.3, Avg: 0.4, Max: 0.5, Diff: 0.2, Sum: 1.5]
      [SATB Filtering (ms): Min: 0.0, Avg: 0.0, Max: 0.0, Diff: 0.0, Sum: 0.0]
      [Update RS (ms): Min: 0.0, Avg: 0.1, Max: 0.3, Diff: 0.3, Sum: 0.4]
         [Processed Buffers: Min: 0, Avg: 1.0, Max: 2, Diff: 2, Sum: 4]
      [Scan RS (ms): Min: 0.1, Avg: 0.2, Max: 0.2, Diff: 0.2, Sum: 0.7]
      [Code Root Scanning (ms): Min: 0.0, Avg: 0.0, Max: 0.0, Diff: 0.0, Sum: 0.1]
      [Object Copy (ms): Min: 3.0, Avg: 3.0, Max: 3.0, Diff: 0.0, Sum: 12.0]
      [Termination (ms): Min: 0.0, Avg: 0.0, Max: 0.0, Diff: 0.0, Sum: 0.0]
      [GC Worker Other (ms): Min: 0.0, Avg: 0.0, Max: 0.0, Diff: 0.0, Sum: 0.1]
      [GC Worker Total (ms): Min: 3.7, Avg: 3.7, Max: 3.7, Diff: 0.0, Sum: 14.8]
      [GC Worker End (ms): Min: 64072.6, Avg: 64072.6, Max: 64072.6, Diff: 0.0]
   [Code Root Fixup: 0.0 ms]
   [Code Root Migration: 0.1 ms]
   [Clear CT: 0.1 ms]
   [Other: 193.0 ms]
      [Choose CSet: 0.0 ms]
      [Ref Proc: 191.5 ms]
      [Ref Enq: 1.0 ms]
      [Free CSet: 0.5 ms]
   [Eden: 392.0M(392.0M)->0.0B(615.0M) Survivors: 18.0M->19.0M Heap: 2354.6M(4096.0M)->1963.6M(4096.0M)]
 [Times: user=0.72 sys=0.00, real=0.20 secs] 
2016-01-06T00:57:08.238-0800: 64.359: [GC pause (young)
Desired survivor size 41943040 bytes, new threshold 15 (max 15)
- age   1:   17721856 bytes,   17721856 total
- age   2:      36864 bytes,   17758720 total
2016-01-06T00:57:08.429-0800: 64.549: [SoftReference, 0 refs, 0.0004030 secs]2016-01-06T00:57:08.429-0800: 64.550: [WeakReference, 0 refs, 0.0002450 secs]2016-01-06T00:57:08.429-0800: 64.550: [FinalReference, 0 refs, 0.0002750 secs]2016-01-06T00:57:08.429-0800: 64.550: [PhantomReference, 0 refs, 19571 refs, 0.0007520 secs]2016-01-06T00:57:08.430-0800: 64.551: [JNI Weak Reference, 0.0000090 secs], 0.1951250 secs]
   [Parallel Time: 5.1 ms, GC Workers: 4]
      [GC Worker Start (ms): Min: 64359.2, Avg: 64359.2, Max: 64359.2, Diff: 0.1]
      [Ext Root Scanning (ms): Min: 0.3, Avg: 0.4, Max: 0.4, Diff: 0.0, Sum: 1.4]
      [SATB Filtering (ms): Min: 0.0, Avg: 0.0, Max: 0.0, Diff: 0.0, Sum: 0.0]
      [Update RS (ms): Min: 0.0, Avg: 0.1, Max: 0.2, Diff: 0.2, Sum: 0.3]
         [Processed Buffers: Min: 0, Avg: 1.2, Max: 4, Diff: 4, Sum: 5]
      [Scan RS (ms): Min: 0.2, Avg: 0.3, Max: 0.3, Diff: 0.2, Sum: 1.1]
      [Code Root Scanning (ms): Min: 0.0, Avg: 0.0, Max: 0.0, Diff: 0.0, Sum: 0.1]
      [Object Copy (ms): Min: 4.2, Avg: 4.2, Max: 4.2, Diff: 0.0, Sum: 16.9]
      [Termination (ms): Min: 0.0, Avg: 0.0, Max: 0.0, Diff: 0.0, Sum: 0.0]
      [GC Worker Other (ms): Min: 0.0, Avg: 0.0, Max: 0.1, Diff: 0.0, Sum: 0.2]
      [GC Worker Total (ms): Min: 5.0, Avg: 5.0, Max: 5.1, Diff: 0.1, Sum: 20.1]
      [GC Worker End (ms): Min: 64364.2, Avg: 64364.2, Max: 64364.2, Diff: 0.0]
   [Code Root Fixup: 0.0 ms]
   [Code Root Migration: 0.1 ms]
   [Clear CT: 0.2 ms]
   [Other: 189.6 ms]
      [Choose CSet: 0.0 ms]
      [Ref Proc: 186.9 ms]
      [Ref Enq: 1.9 ms]
      [Free CSet: 0.8 ms]
   [Eden: 615.0M(615.0M)->0.0B(962.0M) Survivors: 19.0M->20.0M Heap: 2578.6M(4096.0M)->1964.1M(4096.0M)]
 [Times: user=0.75 sys=0.00, real=0.19 secs] 
2016-01-06T00:57:08.579-0800: 64.700: [GC pause (young)
Desired survivor size 64487424 bytes, new threshold 15 (max 15)
- age   1:   18219592 bytes,   18219592 total
- age   2:      36864 bytes,   18256456 total
2016-01-06T00:57:08.805-0800: 64.926: [SoftReference, 0 refs, 0.0004280 secs]2016-01-06T00:57:08.805-0800: 64.926: [WeakReference, 0 refs, 0.0002910 secs]2016-01-06T00:57:08.806-0800: 64.927: [FinalReference, 0 refs, 0.0002430 secs]2016-01-06T00:57:08.806-0800: 64.927: [PhantomReference, 0 refs, 30331 refs, 0.0010490 secs]2016-01-06T00:57:08.807-0800: 64.928: [JNI Weak Reference, 0.0000140 secs], 0.2319970 secs]
   [Parallel Time: 7.0 ms, GC Workers: 4]
      [GC Worker Start (ms): Min: 64700.0, Avg: 64700.1, Max: 64700.1, Diff: 0.1]
      [Ext Root Scanning (ms): Min: 0.3, Avg: 0.4, Max: 0.4, Diff: 0.1, Sum: 1.4]
      [SATB Filtering (ms): Min: 0.0, Avg: 0.0, Max: 0.0, Diff: 0.0, Sum: 0.0]
      [Update RS (ms): Min: 0.0, Avg: 0.1, Max: 0.3, Diff: 0.3, Sum: 0.3]
         [Processed Buffers: Min: 0, Avg: 1.2, Max: 2, Diff: 2, Sum: 5]
      [Scan RS (ms): Min: 0.3, Avg: 0.5, Max: 0.5, Diff: 0.2, Sum: 1.9]
      [Code Root Scanning (ms): Min: 0.0, Avg: 0.0, Max: 0.1, Diff: 0.0, Sum: 0.2]
      [Object Copy (ms): Min: 5.9, Avg: 5.9, Max: 5.9, Diff: 0.0, Sum: 23.5]
      [Termination (ms): Min: 0.0, Avg: 0.0, Max: 0.0, Diff: 0.0, Sum: 0.0]
      [GC Worker Other (ms): Min: 0.0, Avg: 0.0, Max: 0.1, Diff: 0.0, Sum: 0.1]
      [GC Worker Total (ms): Min: 6.8, Avg: 6.9, Max: 6.9, Diff: 0.1, Sum: 27.4]
      [GC Worker End (ms): Min: 64706.9, Avg: 64706.9, Max: 64706.9, Diff: 0.0]
   [Code Root Fixup: 0.0 ms]
   [Code Root Migration: 0.1 ms]
   [Clear CT: 0.3 ms]
   [Other: 224.6 ms]
      [Choose CSet: 0.0 ms]
      [Ref Proc: 220.9 ms]
      [Ref Enq: 2.6 ms]
      [Free CSet: 1.1 ms]
   [Eden: 962.0M(962.0M)->0.0B(184.0M) Survivors: 20.0M->20.0M Heap: 2926.1M(4096.0M)->1964.6M(4096.0M)]
 [Times: user=0.84 sys=0.01, real=0.23 secs] 
2016-01-06T00:57:08.839-0800: 64.960: [GC pause (young)
Desired survivor size 13631488 bytes, new threshold 1 (max 15)
- age   1:   18994096 bytes,   18994096 total
- age   2:      36864 bytes,   19030960 total
2016-01-06T00:57:09.046-0800: 65.167: [SoftReference, 0 refs, 0.0022160 secs]2016-01-06T00:57:09.048-0800: 65.169: [WeakReference, 0 refs, 0.0002630 secs]2016-01-06T00:57:09.048-0800: 65.169: [FinalReference, 0 refs, 0.0002930 secs]2016-01-06T00:57:09.049-0800: 65.170: [PhantomReference, 0 refs, 6212 refs, 0.0006880 secs]2016-01-06T00:57:09.049-0800: 65.170: [JNI Weak Reference, 0.0000120 secs], 0.2109040 secs]
   [Parallel Time: 3.0 ms, GC Workers: 4]
      [GC Worker Start (ms): Min: 64960.4, Avg: 64960.4, Max: 64960.5, Diff: 0.1]
      [Ext Root Scanning (ms): Min: 0.3, Avg: 0.4, Max: 0.4, Diff: 0.1, Sum: 1.5]
      [SATB Filtering (ms): Min: 0.0, Avg: 0.0, Max: 0.0, Diff: 0.0, Sum: 0.0]
      [Update RS (ms): Min: 0.0, Avg: 0.1, Max: 0.3, Diff: 0.3, Sum: 0.3]
         [Processed Buffers: Min: 0, Avg: 1.2, Max: 3, Diff: 3, Sum: 5]
      [Scan RS (ms): Min: 0.0, Avg: 0.1, Max: 0.1, Diff: 0.1, Sum: 0.3]
      [Code Root Scanning (ms): Min: 0.0, Avg: 0.0, Max: 0.0, Diff: 0.0, Sum: 0.0]
      [Object Copy (ms): Min: 2.2, Avg: 2.3, Max: 2.3, Diff: 0.1, Sum: 9.0]
      [Termination (ms): Min: 0.0, Avg: 0.0, Max: 0.0, Diff: 0.0, Sum: 0.0]
      [GC Worker Other (ms): Min: 0.0, Avg: 0.0, Max: 0.0, Diff: 0.0, Sum: 0.1]
      [GC Worker Total (ms): Min: 2.8, Avg: 2.8, Max: 2.9, Diff: 0.1, Sum: 11.4]
      [GC Worker End (ms): Min: 64963.3, Avg: 64963.3, Max: 64963.3, Diff: 0.0]
   [Code Root Fixup: 0.0 ms]
   [Code Root Migration: 0.0 ms]
   [Clear CT: 0.1 ms]
   [Other: 207.8 ms]
      [Choose CSet: 0.0 ms]
      [Ref Proc: 206.9 ms]
      [Ref Enq: 0.5 ms]
      [Free CSet: 0.3 ms]
   [Eden: 184.0M(184.0M)->0.0B(186.0M) Survivors: 20.0M->18.0M Heap: 2148.6M(4096.0M)->1962.6M(4096.0M)]
 [Times: user=0.73 sys=0.01, real=0.21 secs] 
2016-01-06T00:57:09.079-0800: 65.200: [GC pause (young)
Desired survivor size 13631488 bytes, new threshold 1 (max 15)
- age   1:   17257600 bytes,   17257600 total
2016-01-06T00:57:09.272-0800: 65.393: [SoftReference, 0 refs, 0.0005100 secs]2016-01-06T00:57:09.273-0800: 65.393: [WeakReference, 0 refs, 0.0003070 secs]2016-01-06T00:57:09.273-0800: 65.394: [FinalReference, 0 refs, 0.0002290 secs]2016-01-06T00:57:09.273-0800: 65.394: [PhantomReference, 0 refs, 6275 refs, 0.0007050 secs]2016-01-06T00:57:09.274-0800: 65.395: [JNI Weak Reference, 0.0000080 secs], 0.1959300 secs]
   [Parallel Time: 3.0 ms, GC Workers: 4]
      [GC Worker Start (ms): Min: 65199.9, Avg: 65199.9, Max: 65199.9, Diff: 0.1]
      [Ext Root Scanning (ms): Min: 0.3, Avg: 0.4, Max: 0.4, Diff: 0.0, Sum: 1.4]
      [SATB Filtering (ms): Min: 0.0, Avg: 0.0, Max: 0.0, Diff: 0.0, Sum: 0.0]
      [Update RS (ms): Min: 0.0, Avg: 0.1, Max: 0.3, Diff: 0.3, Sum: 0.4]
         [Processed Buffers: Min: 1, Avg: 1.5, Max: 2, Diff: 1, Sum: 6]
      [Scan RS (ms): Min: 0.0, Avg: 0.1, Max: 0.1, Diff: 0.1, Sum: 0.3]
      [Code Root Scanning (ms): Min: 0.0, Avg: 0.0, Max: 0.0, Diff: 0.0, Sum: 0.0]
      [Object Copy (ms): Min: 2.2, Avg: 2.3, Max: 2.3, Diff: 0.1, Sum: 9.1]
      [Termination (ms): Min: 0.0, Avg: 0.0, Max: 0.0, Diff: 0.0, Sum: 0.0]
      [GC Worker Other (ms): Min: 0.0, Avg: 0.0, Max: 0.0, Diff: 0.0, Sum: 0.1]
      [GC Worker Total (ms): Min: 2.8, Avg: 2.9, Max: 2.9, Diff: 0.1, Sum: 11.4]
      [GC Worker End (ms): Min: 65202.7, Avg: 65202.7, Max: 65202.7, Diff: 0.0]
   [Code Root Fixup: 0.0 ms]
   [Code Root Migration: 0.0 ms]
   [Clear CT: 0.1 ms]
   [Other: 192.8 ms]
      [Choose CSet: 0.0 ms]
      [Ref Proc: 191.9 ms]
      [Ref Enq: 0.6 ms]
      [Free CSet: 0.3 ms]
   [Eden: 186.0M(186.0M)->0.0B(185.0M) Survivors: 18.0M->19.0M Heap: 2148.6M(4096.0M)->1963.1M(4096.0M)]
 [Times: user=0.76 sys=0.00, real=0.19 secs] 
2016-01-06T00:57:09.303-0800: 65.424: [GC pause (young)
Desired survivor size 13631488 bytes, new threshold 1 (max 15)
- age   1:   17262064 bytes,   17262064 total
2016-01-06T00:57:09.495-0800: 65.616: [SoftReference, 0 refs, 0.0005980 secs]2016-01-06T00:57:09.496-0800: 65.617: [WeakReference, 0 refs, 0.0003810 secs]2016-01-06T00:57:09.496-0800: 65.617: [FinalReference, 0 refs, 0.0012800 secs]2016-01-06T00:57:09.498-0800: 65.619: [PhantomReference, 0 refs, 6245 refs, 0.0008970 secs]2016-01-06T00:57:09.499-0800: 65.620: [JNI Weak Reference, 0.0000130 secs], 0.1967830 secs]
   [Parallel Time: 3.0 ms, GC Workers: 4]
      [GC Worker Start (ms): Min: 65424.0, Avg: 65424.5, Max: 65425.9, Diff: 1.9]
      [Ext Root Scanning (ms): Min: 0.0, Avg: 0.3, Max: 0.5, Diff: 0.5, Sum: 1.3]
      [SATB Filtering (ms): Min: 0.0, Avg: 0.0, Max: 0.0, Diff: 0.0, Sum: 0.0]
      [Update RS (ms): Min: 0.0, Avg: 0.1, Max: 0.2, Diff: 0.2, Sum: 0.3]
         [Processed Buffers: Min: 0, Avg: 1.5, Max: 4, Diff: 4, Sum: 6]
      [Scan RS (ms): Min: 0.0, Avg: 0.1, Max: 0.1, Diff: 0.1, Sum: 0.3]
      [Code Root Scanning (ms): Min: 0.0, Avg: 0.0, Max: 0.0, Diff: 0.0, Sum: 0.0]
      [Object Copy (ms): Min: 0.9, Avg: 1.9, Max: 2.2, Diff: 1.3, Sum: 7.6]
      [Termination (ms): Min: 0.0, Avg: 0.0, Max: 0.0, Diff: 0.0, Sum: 0.0]
      [GC Worker Other (ms): Min: 0.0, Avg: 0.0, Max: 0.0, Diff: 0.0, Sum: 0.1]
      [GC Worker Total (ms): Min: 1.0, Avg: 2.4, Max: 2.9, Diff: 1.9, Sum: 9.6]
      [GC Worker End (ms): Min: 65426.9, Avg: 65426.9, Max: 65426.9, Diff: 0.0]
   [Code Root Fixup: 0.0 ms]
   [Code Root Migration: 0.0 ms]
   [Clear CT: 0.2 ms]
   [Other: 193.6 ms]
      [Choose CSet: 0.0 ms]
      [Ref Proc: 192.6 ms]
      [Ref Enq: 0.4 ms]
      [Free CSet: 0.5 ms]
   [Eden: 185.0M(185.0M)->0.0B(186.0M) Survivors: 19.0M->18.0M Heap: 2148.1M(4096.0M)->1962.7M(4096.0M)]
 [Times: user=0.73 sys=0.01, real=0.20 secs] 
2016-01-06T00:57:09.528-0800: 65.649: [GC pause (young)
Desired survivor size 13631488 bytes, new threshold 1 (max 15)
- age   1:   17259832 bytes,   17259832 total
2016-01-06T00:57:09.719-0800: 65.840: [SoftReference, 0 refs, 0.0003980 secs]2016-01-06T00:57:09.719-0800: 65.840: [WeakReference, 0 refs, 0.0004050 secs]2016-01-06T00:57:09.720-0800: 65.840: [FinalReference, 0 refs, 0.0003080 secs]2016-01-06T00:57:09.720-0800: 65.841: [PhantomReference, 0 refs, 6275 refs, 0.0006740 secs]2016-01-06T00:57:09.721-0800: 65.841: [JNI Weak Reference, 0.0000090 secs], 0.1933800 secs]
   [Parallel Time: 3.0 ms, GC Workers: 4]
      [GC Worker Start (ms): Min: 65649.3, Avg: 65649.3, Max: 65649.3, Diff: 0.1]
      [Ext Root Scanning (ms): Min: 0.3, Avg: 0.4, Max: 0.4, Diff: 0.1, Sum: 1.4]
      [SATB Filtering (ms): Min: 0.0, Avg: 0.0, Max: 0.0, Diff: 0.0, Sum: 0.0]
      [Update RS (ms): Min: 0.0, Avg: 0.1, Max: 0.3, Diff: 0.3, Sum: 0.4]
         [Processed Buffers: Min: 0, Avg: 1.0, Max: 2, Diff: 2, Sum: 4]
      [Scan RS (ms): Min: 0.0, Avg: 0.1, Max: 0.1, Diff: 0.1, Sum: 0.4]
      [Code Root Scanning (ms): Min: 0.0, Avg: 0.0, Max: 0.0, Diff: 0.0, Sum: 0.0]
      [Object Copy (ms): Min: 2.2, Avg: 2.3, Max: 2.3, Diff: 0.1, Sum: 9.1]
      [Termination (ms): Min: 0.0, Avg: 0.0, Max: 0.0, Diff: 0.0, Sum: 0.0]
      [GC Worker Other (ms): Min: 0.0, Avg: 0.0, Max: 0.0, Diff: 0.0, Sum: 0.1]
      [GC Worker Total (ms): Min: 2.8, Avg: 2.9, Max: 2.9, Diff: 0.1, Sum: 11.5]
      [GC Worker End (ms): Min: 65652.2, Avg: 65652.2, Max: 65652.2, Diff: 0.0]
   [Code Root Fixup: 0.0 ms]
   [Code Root Migration: 0.0 ms]
   [Clear CT: 0.2 ms]
   [Other: 190.2 ms]
      [Choose CSet: 0.0 ms]
      [Ref Proc: 189.3 ms]
      [Ref Enq: 0.6 ms]
      [Free CSet: 0.3 ms]
   [Eden: 186.0M(186.0M)->0.0B(185.0M) Survivors: 18.0M->19.0M Heap: 2148.7M(4096.0M)->1963.2M(4096.0M)]
 [Times: user=0.73 sys=0.00, real=0.19 secs] 
2016-01-06T00:57:09.747-0800: 65.868: [GC pause (young)
Desired survivor size 13631488 bytes, new threshold 1 (max 15)
- age   1:   17262064 bytes,   17262064 total
2016-01-06T00:57:09.937-0800: 66.058: [SoftReference, 0 refs, 0.0004960 secs]2016-01-06T00:57:09.937-0800: 66.058: [WeakReference, 0 refs, 0.0002140 secs]2016-01-06T00:57:09.938-0800: 66.058: [FinalReference, 0 refs, 0.0002340 secs]2016-01-06T00:57:09.938-0800: 66.059: [PhantomReference, 0 refs, 6243 refs, 0.0007720 secs]2016-01-06T00:57:09.939-0800: 66.060: [JNI Weak Reference, 0.0000080 secs], 0.1923460 secs]
   [Parallel Time: 3.2 ms, GC Workers: 4]
      [GC Worker Start (ms): Min: 65868.4, Avg: 65868.8, Max: 65869.9, Diff: 1.5]
      [Ext Root Scanning (ms): Min: 0.0, Avg: 0.3, Max: 0.4, Diff: 0.4, Sum: 1.2]
      [SATB Filtering (ms): Min: 0.0, Avg: 0.0, Max: 0.0, Diff: 0.0, Sum: 0.0]
      [Update RS (ms): Min: 0.0, Avg: 0.1, Max: 0.2, Diff: 0.2, Sum: 0.3]
         [Processed Buffers: Min: 0, Avg: 1.5, Max: 3, Diff: 3, Sum: 6]
      [Scan RS (ms): Min: 0.0, Avg: 0.1, Max: 0.1, Diff: 0.1, Sum: 0.3]
      [Code Root Scanning (ms): Min: 0.0, Avg: 0.0, Max: 0.0, Diff: 0.0, Sum: 0.0]
      [Object Copy (ms): Min: 1.5, Avg: 2.2, Max: 2.4, Diff: 0.9, Sum: 8.7]
      [Termination (ms): Min: 0.0, Avg: 0.0, Max: 0.0, Diff: 0.0, Sum: 0.0]
      [GC Worker Other (ms): Min: 0.0, Avg: 0.0, Max: 0.1, Diff: 0.1, Sum: 0.2]
      [GC Worker Total (ms): Min: 1.6, Avg: 2.7, Max: 3.1, Diff: 1.5, Sum: 10.8]
      [GC Worker End (ms): Min: 65871.5, Avg: 65871.5, Max: 65871.5, Diff: 0.1]
   [Code Root Fixup: 0.0 ms]
   [Code Root Migration: 0.0 ms]
   [Clear CT: 0.1 ms]
   [Other: 189.0 ms]
      [Choose CSet: 0.0 ms]
      [Ref Proc: 188.0 ms]
      [Ref Enq: 0.6 ms]
      [Free CSet: 0.3 ms]
   [Eden: 185.0M(185.0M)->0.0B(186.0M) Survivors: 19.0M->18.0M Heap: 2148.2M(4096.0M)->1962.8M(4096.0M)]
 [Times: user=0.74 sys=0.00, real=0.19 secs] 
2016-01-06T00:57:09.966-0800: 66.087: [GC pause (young)
Desired survivor size 13631488 bytes, new threshold 1 (max 15)
- age   1:   17259832 bytes,   17259832 total
2016-01-06T00:57:10.158-0800: 66.279: [SoftReference, 0 refs, 0.0005020 secs]2016-01-06T00:57:10.158-0800: 66.279: [WeakReference, 0 refs, 0.0002260 secs]2016-01-06T00:57:10.158-0800: 66.279: [FinalReference, 0 refs, 0.0003600 secs]2016-01-06T00:57:10.159-0800: 66.280: [PhantomReference, 0 refs, 6276 refs, 0.0005950 secs]2016-01-06T00:57:10.159-0800: 66.280: [JNI Weak Reference, 0.0000090 secs], 0.1943910 secs]
   [Parallel Time: 3.1 ms, GC Workers: 4]
      [GC Worker Start (ms): Min: 66087.0, Avg: 66087.7, Max: 66089.9, Diff: 3.0]
      [Ext Root Scanning (ms): Min: 0.0, Avg: 0.3, Max: 0.4, Diff: 0.4, Sum: 1.2]
      [SATB Filtering (ms): Min: 0.0, Avg: 0.0, Max: 0.0, Diff: 0.0, Sum: 0.0]
      [Update RS (ms): Min: 0.0, Avg: 0.1, Max: 0.3, Diff: 0.3, Sum: 0.4]
         [Processed Buffers: Min: 0, Avg: 1.5, Max: 3, Diff: 3, Sum: 6]
      [Scan RS (ms): Min: 0.0, Avg: 0.1, Max: 0.1, Diff: 0.1, Sum: 0.3]
      [Code Root Scanning (ms): Min: 0.0, Avg: 0.0, Max: 0.0, Diff: 0.0, Sum: 0.0]
      [Object Copy (ms): Min: 0.0, Avg: 1.7, Max: 2.3, Diff: 2.3, Sum: 6.8]
      [Termination (ms): Min: 0.0, Avg: 0.1, Max: 0.1, Diff: 0.1, Sum: 0.2]
      [GC Worker Other (ms): Min: 0.0, Avg: 0.0, Max: 0.0, Diff: 0.0, Sum: 0.0]
      [GC Worker Total (ms): Min: 0.1, Avg: 2.3, Max: 3.1, Diff: 3.0, Sum: 9.1]
      [GC Worker End (ms): Min: 66090.0, Avg: 66090.0, Max: 66090.0, Diff: 0.0]
   [Code Root Fixup: 0.0 ms]
   [Code Root Migration: 0.0 ms]
   [Clear CT: 0.1 ms]
   [Other: 191.1 ms]
      [Choose CSet: 0.0 ms]
      [Ref Proc: 190.2 ms]
      [Ref Enq: 0.5 ms]
      [Free CSet: 0.3 ms]
   [Eden: 186.0M(186.0M)->0.0B(397.0M) Survivors: 18.0M->19.0M Heap: 2148.8M(4096.0M)->1963.3M(4096.0M)]
 [Times: user=0.71 sys=0.01, real=0.19 secs] 
2016-01-06T00:57:10.216-0800: 66.337: [GC pause (young)
Desired survivor size 27262976 bytes, new threshold 15 (max 15)
- age   1:   17262064 bytes,   17262064 total
2016-01-06T00:57:10.407-0800: 66.528: [SoftReference, 0 refs, 0.0005080 secs]2016-01-06T00:57:10.408-0800: 66.528: [WeakReference, 0 refs, 0.0002980 secs]2016-01-06T00:57:10.408-0800: 66.529: [FinalReference, 0 refs, 0.0002800 secs]2016-01-06T00:57:10.408-0800: 66.529: [PhantomReference, 0 refs, 12816 refs, 0.0008900 secs]2016-01-06T00:57:10.409-0800: 66.530: [JNI Weak Reference, 0.0000090 secs], 0.1943000 secs]
   [Parallel Time: 3.7 ms, GC Workers: 4]
      [GC Worker Start (ms): Min: 66337.4, Avg: 66337.4, Max: 66337.5, Diff: 0.1]
      [Ext Root Scanning (ms): Min: 0.3, Avg: 0.4, Max: 0.4, Diff: 0.1, Sum: 1.4]
      [SATB Filtering (ms): Min: 0.0, Avg: 0.0, Max: 0.0, Diff: 0.0, Sum: 0.0]
      [Update RS (ms): Min: 0.0, Avg: 0.1, Max: 0.3, Diff: 0.3, Sum: 0.5]
         [Processed Buffers: Min: 0, Avg: 1.5, Max: 4, Diff: 4, Sum: 6]
      [Scan RS (ms): Min: 0.1, Avg: 0.2, Max: 0.2, Diff: 0.2, Sum: 0.8]
      [Code Root Scanning (ms): Min: 0.0, Avg: 0.0, Max: 0.0, Diff: 0.0, Sum: 0.1]
      [Object Copy (ms): Min: 2.9, Avg: 2.9, Max: 2.9, Diff: 0.0, Sum: 11.6]
      [Termination (ms): Min: 0.0, Avg: 0.0, Max: 0.0, Diff: 0.0, Sum: 0.0]
      [GC Worker Other (ms): Min: 0.0, Avg: 0.0, Max: 0.0, Diff: 0.0, Sum: 0.1]
      [GC Worker Total (ms): Min: 3.6, Avg: 3.6, Max: 3.6, Diff: 0.1, Sum: 14.4]
      [GC Worker End (ms): Min: 66341.1, Avg: 66341.1, Max: 66341.1, Diff: 0.0]
   [Code Root Fixup: 0.0 ms]
   [Code Root Migration: 0.1 ms]
   [Clear CT: 0.2 ms]
   [Other: 190.4 ms]
      [Choose CSet: 0.0 ms]
      [Ref Proc: 188.8 ms]
      [Ref Enq: 0.9 ms]
      [Free CSet: 0.5 ms]
   [Eden: 397.0M(397.0M)->0.0B(887.0M) Survivors: 19.0M->19.0M Heap: 2360.3M(4096.0M)->1963.8M(4096.0M)]
 [Times: user=0.75 sys=0.00, real=0.20 secs] 
2016-01-06T00:57:10.422-0800: 66.543: [GC concurrent-mark-end, 18.5422260 secs]
2016-01-06T00:57:10.422-0800: 66.543: [GC remark 2016-01-06T00:57:10.422-0800: 66.543: [GC ref-proc2016-01-06T00:57:10.422-0800: 66.543: [SoftReference, 0 refs, 0.0004050 secs]2016-01-06T00:57:10.423-0800: 66.544: [WeakReference, 0 refs, 0.0002180 secs]2016-01-06T00:57:10.423-0800: 66.544: [FinalReference, 4 refs, 0.0004070 secs]2016-01-06T00:57:10.424-0800: 66.544: [PhantomReference, 0 refs, 10438428 refs, 0.8207070 secs]2016-01-06T00:57:11.244-0800: 67.365: [JNI Weak Reference, 0.0000170 secs], 0.8219500 secs], 0.8307960 secs]
 [Times: user=2.20 sys=0.85, real=0.83 secs] 
2016-01-06T00:57:11.253-0800: 67.374: [GC cleanup 2043M->2041M(4096M), 0.0052280 secs]
 [Times: user=0.01 sys=0.00, real=0.01 secs] 
2016-01-06T00:57:11.259-0800: 67.379: [GC concurrent-cleanup-start]
2016-01-06T00:57:11.259-0800: 67.380: [GC concurrent-cleanup-end, 0.0000170 secs]
2016-01-06T00:57:11.372-0800: 67.492: [GC pause (young)
Desired survivor size 59768832 bytes, new threshold 15 (max 15)
- age   1:   17733016 bytes,   17733016 total
- age   2:      36864 bytes,   17769880 total
2016-01-06T00:57:11.378-0800: 67.499: [SoftReference, 0 refs, 0.0004890 secs]2016-01-06T00:57:11.379-0800: 67.500: [WeakReference, 0 refs, 0.0002480 secs]2016-01-06T00:57:11.379-0800: 67.500: [FinalReference, 0 refs, 0.0002340 secs]2016-01-06T00:57:11.379-0800: 67.500: [PhantomReference, 0 refs, 28006 refs, 0.0007750 secs]2016-01-06T00:57:11.380-0800: 67.501: [JNI Weak Reference, 0.0000100 secs], 0.0101330 secs]
   [Parallel Time: 6.4 ms, GC Workers: 4]
      [GC Worker Start (ms): Min: 67492.5, Avg: 67492.6, Max: 67492.6, Diff: 0.1]
      [Ext Root Scanning (ms): Min: 0.3, Avg: 0.4, Max: 0.4, Diff: 0.1, Sum: 1.4]
      [Update RS (ms): Min: 0.0, Avg: 0.1, Max: 0.3, Diff: 0.3, Sum: 0.3]
         [Processed Buffers: Min: 0, Avg: 1.2, Max: 3, Diff: 3, Sum: 5]
      [Scan RS (ms): Min: 0.3, Avg: 0.4, Max: 0.5, Diff: 0.2, Sum: 1.7]
      [Code Root Scanning (ms): Min: 0.0, Avg: 0.0, Max: 0.1, Diff: 0.0, Sum: 0.2]
      [Object Copy (ms): Min: 5.2, Avg: 5.3, Max: 5.3, Diff: 0.0, Sum: 21.1]
      [Termination (ms): Min: 0.0, Avg: 0.0, Max: 0.0, Diff: 0.0, Sum: 0.0]
      [GC Worker Other (ms): Min: 0.0, Avg: 0.0, Max: 0.0, Diff: 0.0, Sum: 0.1]
      [GC Worker Total (ms): Min: 6.1, Avg: 6.2, Max: 6.3, Diff: 0.1, Sum: 24.8]
      [GC Worker End (ms): Min: 67498.8, Avg: 67498.8, Max: 67498.8, Diff: 0.0]
   [Code Root Fixup: 0.0 ms]
   [Code Root Migration: 0.1 ms]
   [Clear CT: 0.3 ms]
   [Other: 3.4 ms]
      [Choose CSet: 0.0 ms]
      [Ref Proc: 2.0 ms]
      [Ref Enq: 0.3 ms]
      [Free CSet: 1.0 ms]
   [Eden: 887.0M(887.0M)->0.0B(1712.0M) Survivors: 19.0M->5120.0K Heap: 2848.8M(4096.0M)->1947.8M(4096.0M)]
 [Times: user=0.04 sys=0.00, real=0.01 secs] 
2016-01-06T00:57:11.621-0800: 67.742: [GC pause (young)
Desired survivor size 112721920 bytes, new threshold 15 (max 15)
- age   1:    3953800 bytes,    3953800 total
- age   2:      36864 bytes,    3990664 total
2016-01-06T00:57:11.632-0800: 67.753: [SoftReference, 0 refs, 0.0005960 secs]2016-01-06T00:57:11.633-0800: 67.753: [WeakReference, 0 refs, 0.0002590 secs]2016-01-06T00:57:11.633-0800: 67.754: [FinalReference, 0 refs, 0.0002850 secs]2016-01-06T00:57:11.633-0800: 67.754: [PhantomReference, 0 refs, 53582 refs, 0.0015270 secs]2016-01-06T00:57:11.635-0800: 67.756: [JNI Weak Reference, 0.0000080 secs], 0.0171250 secs]
   [Parallel Time: 11.2 ms, GC Workers: 4]
      [GC Worker Start (ms): Min: 67741.6, Avg: 67743.0, Max: 67747.2, Diff: 5.6]
      [Ext Root Scanning (ms): Min: 0.0, Avg: 0.3, Max: 0.5, Diff: 0.5, Sum: 1.3]
      [Update RS (ms): Min: 0.0, Avg: 0.1, Max: 0.2, Diff: 0.2, Sum: 0.3]
         [Processed Buffers: Min: 0, Avg: 1.5, Max: 5, Diff: 5, Sum: 6]
      [Scan RS (ms): Min: 0.3, Avg: 0.7, Max: 1.0, Diff: 0.6, Sum: 3.0]
      [Code Root Scanning (ms): Min: 0.0, Avg: 0.1, Max: 0.1, Diff: 0.1, Sum: 0.3]
      [Object Copy (ms): Min: 5.0, Avg: 8.3, Max: 9.5, Diff: 4.5, Sum: 33.3]
      [Termination (ms): Min: 0.0, Avg: 0.0, Max: 0.0, Diff: 0.0, Sum: 0.0]
      [GC Worker Other (ms): Min: 0.0, Avg: 0.1, Max: 0.1, Diff: 0.1, Sum: 0.3]
      [GC Worker Total (ms): Min: 5.4, Avg: 9.6, Max: 11.1, Diff: 5.6, Sum: 38.5]
      [GC Worker End (ms): Min: 67752.6, Avg: 67752.6, Max: 67752.7, Diff: 0.1]
   [Code Root Fixup: 0.0 ms]
   [Code Root Migration: 0.2 ms]
   [Clear CT: 0.4 ms]
   [Other: 5.3 ms]
      [Choose CSet: 0.0 ms]
      [Ref Proc: 2.9 ms]
      [Ref Enq: 0.5 ms]
      [Free CSet: 1.8 ms]
   [Eden: 1712.0M(1712.0M)->0.0B(1695.0M) Survivors: 5120.0K->22.0M Heap: 3659.8M(4096.0M)->1964.3M(4096.0M)]
 [Times: user=0.05 sys=0.00, real=0.02 secs] 
2016-01-06T00:57:11.874-0800: 67.995: [GC pause (young) (initial-mark)
Desired survivor size 112721920 bytes, new threshold 15 (max 15)
- age   1:   20668096 bytes,   20668096 total
- age   2:      36864 bytes,   20704960 total
2016-01-06T00:57:11.887-0800: 68.008: [SoftReference, 0 refs, 0.0004820 secs]2016-01-06T00:57:11.896-0800: 68.017: [WeakReference, 0 refs, 0.0003660 secs]2016-01-06T00:57:11.896-0800: 68.017: [FinalReference, 0 refs, 0.0002510 secs]2016-01-06T00:57:11.897-0800: 68.018: [PhantomReference, 0 refs, 53054 refs, 0.0018260 secs]2016-01-06T00:57:11.899-0800: 68.020: [JNI Weak Reference, 0.0000160 secs], 0.0281550 secs]
   [Parallel Time: 12.9 ms, GC Workers: 4]
      [GC Worker Start (ms): Min: 67995.3, Avg: 67995.3, Max: 67995.3, Diff: 0.1]
      [Ext Root Scanning (ms): Min: 0.3, Avg: 0.4, Max: 0.4, Diff: 0.1, Sum: 1.4]
      [Code Root Marking (ms): Min: 0.2, Avg: 0.2, Max: 0.3, Diff: 0.0, Sum: 1.0]
      [Update RS (ms): Min: 0.0, Avg: 0.1, Max: 0.2, Diff: 0.2, Sum: 0.3]
         [Processed Buffers: Min: 0, Avg: 1.2, Max: 3, Diff: 3, Sum: 5]
      [Scan RS (ms): Min: 0.6, Avg: 0.7, Max: 0.8, Diff: 0.1, Sum: 2.9]
      [Code Root Scanning (ms): Min: 0.1, Avg: 0.1, Max: 0.1, Diff: 0.0, Sum: 0.3]
      [Object Copy (ms): Min: 11.2, Avg: 11.2, Max: 11.3, Diff: 0.1, Sum: 45.0]
      [Termination (ms): Min: 0.0, Avg: 0.0, Max: 0.0, Diff: 0.0, Sum: 0.0]
      [GC Worker Other (ms): Min: 0.0, Avg: 0.1, Max: 0.1, Diff: 0.1, Sum: 0.2]
      [GC Worker Total (ms): Min: 12.8, Avg: 12.8, Max: 12.8, Diff: 0.1, Sum: 51.2]
      [GC Worker End (ms): Min: 68008.1, Avg: 68008.1, Max: 68008.1, Diff: 0.1]
   [Code Root Fixup: 0.0 ms]
   [Code Root Migration: 0.3 ms]
   [Clear CT: 0.4 ms]
   [Other: 14.6 ms]
      [Choose CSet: 0.0 ms]
      [Ref Proc: 11.4 ms]
      [Ref Enq: 0.5 ms]
      [Free CSet: 1.9 ms]
   [Eden: 1695.0M(1695.0M)->0.0B(1695.0M) Survivors: 22.0M->22.0M Heap: 3659.3M(4096.0M)->1964.8M(4096.0M)]
 [Times: user=0.06 sys=0.00, real=0.03 secs] 
2016-01-06T00:57:11.902-0800: 68.023: [GC concurrent-root-region-scan-start]
2016-01-06T00:57:11.910-0800: 68.031: [GC concurrent-root-region-scan-end, 0.0083080 secs]
2016-01-06T00:57:11.910-0800: 68.031: [GC concurrent-mark-start]
2016-01-06T00:57:12.552-0800: 68.673: [GC pause (young)
Desired survivor size 112721920 bytes, new threshold 15 (max 15)
- age   1:   20630152 bytes,   20630152 total
- age   2:      36864 bytes,   20667016 total
2016-01-06T00:57:12.564-0800: 68.685: [SoftReference, 0 refs, 0.0006180 secs]2016-01-06T00:57:12.565-0800: 68.686: [WeakReference, 0 refs, 0.0002400 secs]2016-01-06T00:57:12.565-0800: 68.686: [FinalReference, 0 refs, 0.0002610 secs]2016-01-06T00:57:12.565-0800: 68.686: [PhantomReference, 0 refs, 53055 refs, 0.0012310 secs]2016-01-06T00:57:12.566-0800: 68.687: [JNI Weak Reference, 0.0000080 secs], 0.0218910 secs]
   [Parallel Time: 12.0 ms, GC Workers: 4]
      [GC Worker Start (ms): Min: 68672.8, Avg: 68673.1, Max: 68673.9, Diff: 1.1]
      [Ext Root Scanning (ms): Min: 0.0, Avg: 0.3, Max: 0.5, Diff: 0.5, Sum: 1.2]
      [SATB Filtering (ms): Min: 0.0, Avg: 0.0, Max: 0.0, Diff: 0.0, Sum: 0.0]
      [Update RS (ms): Min: 0.0, Avg: 0.1, Max: 0.2, Diff: 0.2, Sum: 0.3]
         [Processed Buffers: Min: 0, Avg: 1.2, Max: 3, Diff: 3, Sum: 5]
      [Scan RS (ms): Min: 0.4, Avg: 0.7, Max: 0.9, Diff: 0.5, Sum: 2.8]
      [Code Root Scanning (ms): Min: 0.0, Avg: 0.1, Max: 0.1, Diff: 0.1, Sum: 0.4]
      [Object Copy (ms): Min: 10.4, Avg: 10.4, Max: 10.5, Diff: 0.1, Sum: 41.7]
      [Termination (ms): Min: 0.0, Avg: 0.0, Max: 0.0, Diff: 0.0, Sum: 0.0]
      [GC Worker Other (ms): Min: 0.0, Avg: 0.0, Max: 0.1, Diff: 0.0, Sum: 0.2]
      [GC Worker Total (ms): Min: 10.8, Avg: 11.6, Max: 11.9, Diff: 1.1, Sum: 46.6]
      [GC Worker End (ms): Min: 68684.7, Avg: 68684.7, Max: 68684.7, Diff: 0.0]
   [Code Root Fixup: 0.0 ms]
   [Code Root Migration: 0.2 ms]
   [Clear CT: 0.4 ms]
   [Other: 9.2 ms]
      [Choose CSet: 0.0 ms]
      [Ref Proc: 2.5 ms]
      [Ref Enq: 4.7 ms]
      [Free CSet: 1.9 ms]
   [Eden: 1695.0M(1695.0M)->0.0B(1696.0M) Survivors: 22.0M->22.0M Heap: 3659.8M(4096.0M)->1964.8M(4096.0M)]
 [Times: user=0.08 sys=0.00, real=0.02 secs] 
2016-01-06T00:57:12.826-0800: 68.947: [GC pause (young)
Desired survivor size 112721920 bytes, new threshold 15 (max 15)
- age   1:   20630152 bytes,   20630152 total
- age   2:      36864 bytes,   20667016 total
2016-01-06T00:57:12.875-0800: 68.996: [SoftReference, 0 refs, 0.0004340 secs]2016-01-06T00:57:12.875-0800: 68.996: [WeakReference, 0 refs, 0.0003520 secs]2016-01-06T00:57:12.876-0800: 68.997: [FinalReference, 0 refs, 0.0002640 secs]2016-01-06T00:57:12.876-0800: 68.997: [PhantomReference, 0 refs, 53086 refs, 0.0013360 secs]2016-01-06T00:57:12.877-0800: 68.998: [JNI Weak Reference, 0.0000080 secs], 0.0590630 secs]
   [Parallel Time: 31.5 ms, GC Workers: 4]
      [GC Worker Start (ms): Min: 68947.1, Avg: 68947.1, Max: 68947.1, Diff: 0.1]
      [Ext Root Scanning (ms): Min: 0.3, Avg: 0.3, Max: 0.4, Diff: 0.1, Sum: 1.4]
      [SATB Filtering (ms): Min: 0.0, Avg: 0.0, Max: 0.0, Diff: 0.0, Sum: 0.0]
      [Update RS (ms): Min: 18.9, Avg: 19.0, Max: 19.4, Diff: 0.5, Sum: 76.1]
         [Processed Buffers: Min: 27, Avg: 27.8, Max: 29, Diff: 2, Sum: 111]
      [Scan RS (ms): Min: 0.5, Avg: 0.8, Max: 1.0, Diff: 0.4, Sum: 3.2]
      [Code Root Scanning (ms): Min: 0.1, Avg: 0.1, Max: 0.1, Diff: 0.0, Sum: 0.4]
      [Object Copy (ms): Min: 11.0, Avg: 11.1, Max: 11.1, Diff: 0.1, Sum: 44.2]
      [Termination (ms): Min: 0.0, Avg: 0.0, Max: 0.0, Diff: 0.0, Sum: 0.0]
      [GC Worker Other (ms): Min: 0.0, Avg: 0.1, Max: 0.1, Diff: 0.1, Sum: 0.2]
      [GC Worker Total (ms): Min: 31.3, Avg: 31.4, Max: 31.4, Diff: 0.1, Sum: 125.6]
      [GC Worker End (ms): Min: 68978.5, Avg: 68978.5, Max: 68978.5, Diff: 0.1]
   [Code Root Fixup: 0.0 ms]
   [Code Root Migration: 0.2 ms]
   [Clear CT: 0.4 ms]
   [Other: 26.9 ms]
      [Choose CSet: 0.0 ms]
      [Ref Proc: 19.7 ms]
      [Ref Enq: 5.3 ms]
      [Free CSet: 1.8 ms]
   [Eden: 1696.0M(1696.0M)->0.0B(1696.0M) Survivors: 22.0M->22.0M Heap: 3660.8M(4096.0M)->1964.8M(4096.0M)]
 [Times: user=0.23 sys=0.00, real=0.06 secs] 
2016-01-06T00:57:13.144-0800: 69.265: [GC pause (young)
Desired survivor size 112721920 bytes, new threshold 15 (max 15)
- age   1:   20632384 bytes,   20632384 total
- age   2:      36864 bytes,   20669248 total
2016-01-06T00:57:13.203-0800: 69.324: [SoftReference, 0 refs, 0.0005340 secs]2016-01-06T00:57:13.203-0800: 69.324: [WeakReference, 0 refs, 0.0002750 secs]2016-01-06T00:57:13.204-0800: 69.325: [FinalReference, 0 refs, 0.0002940 secs]2016-01-06T00:57:13.204-0800: 69.325: [PhantomReference, 0 refs, 53086 refs, 0.0016590 secs]2016-01-06T00:57:13.206-0800: 69.327: [JNI Weak Reference, 0.0000130 secs], 0.0690390 secs]
   [Parallel Time: 32.8 ms, GC Workers: 4]
      [GC Worker Start (ms): Min: 69264.8, Avg: 69265.5, Max: 69267.6, Diff: 2.7]
      [Ext Root Scanning (ms): Min: 0.0, Avg: 0.3, Max: 0.5, Diff: 0.5, Sum: 1.4]
      [SATB Filtering (ms): Min: 0.0, Avg: 0.0, Max: 0.0, Diff: 0.0, Sum: 0.0]
      [Update RS (ms): Min: 18.5, Avg: 21.2, Max: 24.4, Diff: 5.9, Sum: 84.6]
         [Processed Buffers: Min: 8, Avg: 23.5, Max: 30, Diff: 22, Sum: 94]
      [Scan RS (ms): Min: 0.2, Avg: 0.8, Max: 1.0, Diff: 0.8, Sum: 3.1]
      [Code Root Scanning (ms): Min: 0.0, Avg: 0.1, Max: 0.1, Diff: 0.1, Sum: 0.4]
      [Object Copy (ms): Min: 7.5, Avg: 9.5, Max: 10.3, Diff: 2.7, Sum: 38.2]
      [Termination (ms): Min: 0.0, Avg: 0.0, Max: 0.0, Diff: 0.0, Sum: 0.0]
      [GC Worker Other (ms): Min: 0.0, Avg: 0.1, Max: 0.1, Diff: 0.1, Sum: 0.3]
      [GC Worker Total (ms): Min: 29.9, Avg: 32.0, Max: 32.7, Diff: 2.8, Sum: 127.9]
      [GC Worker End (ms): Min: 69297.5, Avg: 69297.5, Max: 69297.5, Diff: 0.1]
   [Code Root Fixup: 0.0 ms]
   [Code Root Migration: 0.2 ms]
   [Clear CT: 0.4 ms]
   [Other: 35.6 ms]
      [Choose CSet: 0.0 ms]
      [Ref Proc: 28.9 ms]
      [Ref Enq: 4.8 ms]
      [Free CSet: 1.8 ms]
   [Eden: 1696.0M(1696.0M)->0.0B(1697.0M) Survivors: 22.0M->22.0M Heap: 3660.8M(4096.0M)->1964.3M(4096.0M)]
 [Times: user=0.24 sys=0.00, real=0.07 secs] 
2016-01-06T00:57:13.474-0800: 69.595: [GC pause (young)
Desired survivor size 112721920 bytes, new threshold 15 (max 15)
- age   1:   20632384 bytes,   20632384 total
- age   2:      36864 bytes,   20669248 total
2016-01-06T00:57:13.542-0800: 69.663: [SoftReference, 0 refs, 0.0006810 secs]2016-01-06T00:57:13.542-0800: 69.663: [WeakReference, 0 refs, 0.0002920 secs]2016-01-06T00:57:13.543-0800: 69.664: [FinalReference, 0 refs, 0.0003590 secs]2016-01-06T00:57:13.543-0800: 69.664: [PhantomReference, 0 refs, 53117 refs, 0.0023510 secs]2016-01-06T00:57:13.545-0800: 69.666: [JNI Weak Reference, 0.0000320 secs], 0.0771090 secs]
   [Parallel Time: 32.5 ms, GC Workers: 4]
      [GC Worker Start (ms): Min: 69595.4, Avg: 69595.5, Max: 69595.5, Diff: 0.1]
      [Ext Root Scanning (ms): Min: 0.3, Avg: 0.4, Max: 0.4, Diff: 0.1, Sum: 1.4]
      [SATB Filtering (ms): Min: 0.0, Avg: 0.0, Max: 0.0, Diff: 0.0, Sum: 0.0]
      [Update RS (ms): Min: 19.7, Avg: 20.0, Max: 20.4, Diff: 0.7, Sum: 80.2]
         [Processed Buffers: Min: 22, Avg: 27.0, Max: 30, Diff: 8, Sum: 108]
      [Scan RS (ms): Min: 0.4, Avg: 0.8, Max: 1.0, Diff: 0.5, Sum: 3.2]
      [Code Root Scanning (ms): Min: 0.0, Avg: 0.1, Max: 0.1, Diff: 0.1, Sum: 0.4]
      [Object Copy (ms): Min: 11.0, Avg: 11.1, Max: 11.1, Diff: 0.1, Sum: 44.2]
      [Termination (ms): Min: 0.0, Avg: 0.0, Max: 0.0, Diff: 0.0, Sum: 0.0]
      [GC Worker Other (ms): Min: 0.0, Avg: 0.1, Max: 0.1, Diff: 0.1, Sum: 0.3]
      [GC Worker Total (ms): Min: 32.4, Avg: 32.4, Max: 32.4, Diff: 0.1, Sum: 129.6]
      [GC Worker End (ms): Min: 69627.8, Avg: 69627.9, Max: 69627.9, Diff: 0.1]
   [Code Root Fixup: 0.0 ms]
   [Code Root Migration: 0.3 ms]
   [Clear CT: 0.6 ms]
   [Other: 43.7 ms]
      [Choose CSet: 0.0 ms]
      [Ref Proc: 38.4 ms]
      [Ref Enq: 2.0 ms]
      [Free CSet: 3.2 ms]
   [Eden: 1697.0M(1697.0M)->0.0B(1697.0M) Survivors: 22.0M->22.0M Heap: 3661.3M(4096.0M)->1964.8M(4096.0M)]
 [Times: user=0.28 sys=0.00, real=0.08 secs] 
2016-01-06T00:57:13.801-0800: 69.922: [GC pause (young)
Desired survivor size 112721920 bytes, new threshold 15 (max 15)
- age   1:   20634616 bytes,   20634616 total
- age   2:      36864 bytes,   20671480 total
2016-01-06T00:57:13.876-0800: 69.997: [SoftReference, 0 refs, 0.0006250 secs]2016-01-06T00:57:13.876-0800: 69.997: [WeakReference, 0 refs, 0.0002710 secs]2016-01-06T00:57:13.877-0800: 69.997: [FinalReference, 0 refs, 0.0002640 secs]2016-01-06T00:57:13.877-0800: 69.998: [PhantomReference, 0 refs, 53117 refs, 0.0016470 secs]2016-01-06T00:57:13.879-0800: 69.999: [JNI Weak Reference, 0.0000110 secs], 0.0855650 secs]
   [Parallel Time: 27.5 ms, GC Workers: 4]
      [GC Worker Start (ms): Min: 69921.8, Avg: 69922.9, Max: 69925.9, Diff: 4.1]
      [Ext Root Scanning (ms): Min: 0.0, Avg: 0.3, Max: 0.5, Diff: 0.5, Sum: 1.2]
      [SATB Filtering (ms): Min: 0.0, Avg: 0.0, Max: 0.0, Diff: 0.0, Sum: 0.0]
      [Update RS (ms): Min: 12.2, Avg: 14.6, Max: 15.4, Diff: 3.2, Sum: 58.3]
         [Processed Buffers: Min: 17, Avg: 21.8, Max: 24, Diff: 7, Sum: 87]
      [Scan RS (ms): Min: 0.4, Avg: 0.7, Max: 0.9, Diff: 0.4, Sum: 3.0]
      [Code Root Scanning (ms): Min: 0.0, Avg: 0.1, Max: 0.1, Diff: 0.1, Sum: 0.4]
      [Object Copy (ms): Min: 10.5, Avg: 10.5, Max: 10.6, Diff: 0.1, Sum: 42.1]
      [Termination (ms): Min: 0.0, Avg: 0.0, Max: 0.0, Diff: 0.0, Sum: 0.0]
      [GC Worker Other (ms): Min: 0.0, Avg: 0.1, Max: 0.1, Diff: 0.1, Sum: 0.2]
      [GC Worker Total (ms): Min: 23.3, Avg: 26.3, Max: 27.4, Diff: 4.1, Sum: 105.2]
      [GC Worker End (ms): Min: 69949.1, Avg: 69949.1, Max: 69949.2, Diff: 0.1]
   [Code Root Fixup: 0.0 ms]
   [Code Root Migration: 0.3 ms]
   [Clear CT: 0.4 ms]
   [Other: 57.4 ms]
      [Choose CSet: 0.0 ms]
      [Ref Proc: 50.2 ms]
      [Ref Enq: 5.3 ms]
      [Free CSet: 1.9 ms]
   [Eden: 1697.0M(1697.0M)->0.0B(1697.0M) Survivors: 22.0M->22.0M Heap: 3661.8M(4096.0M)->1964.8M(4096.0M)]
 [Times: user=0.31 sys=0.00, real=0.09 secs] 
2016-01-06T00:57:14.139-0800: 70.260: [GC pause (young)
Desired survivor size 112721920 bytes, new threshold 15 (max 15)
- age   1:   20634616 bytes,   20634616 total
- age   2:      36864 bytes,   20671480 total
2016-01-06T00:57:14.234-0800: 70.355: [SoftReference, 0 refs, 0.0004730 secs]2016-01-06T00:57:14.234-0800: 70.355: [WeakReference, 0 refs, 0.0002260 secs]2016-01-06T00:57:14.235-0800: 70.355: [FinalReference, 0 refs, 0.0002280 secs]2016-01-06T00:57:14.235-0800: 70.356: [PhantomReference, 0 refs, 53117 refs, 0.0016520 secs]2016-01-06T00:57:14.236-0800: 70.357: [JNI Weak Reference, 0.0000150 secs], 0.1052470 secs]
   [Parallel Time: 32.5 ms, GC Workers: 4]
      [GC Worker Start (ms): Min: 70260.0, Avg: 70260.5, Max: 70261.9, Diff: 1.9]
      [Ext Root Scanning (ms): Min: 0.0, Avg: 0.3, Max: 0.5, Diff: 0.5, Sum: 1.3]
      [SATB Filtering (ms): Min: 0.0, Avg: 0.0, Max: 0.0, Diff: 0.0, Sum: 0.0]
      [Update RS (ms): Min: 18.6, Avg: 19.8, Max: 20.2, Diff: 1.6, Sum: 79.1]
         [Processed Buffers: Min: 27, Avg: 28.2, Max: 30, Diff: 3, Sum: 113]
      [Scan RS (ms): Min: 0.7, Avg: 0.8, Max: 0.9, Diff: 0.2, Sum: 3.3]
      [Code Root Scanning (ms): Min: 0.1, Avg: 0.1, Max: 0.1, Diff: 0.0, Sum: 0.3]
      [Object Copy (ms): Min: 10.8, Avg: 10.8, Max: 10.8, Diff: 0.0, Sum: 43.3]
      [Termination (ms): Min: 0.0, Avg: 0.0, Max: 0.0, Diff: 0.0, Sum: 0.0]
      [GC Worker Other (ms): Min: 0.0, Avg: 0.1, Max: 0.1, Diff: 0.1, Sum: 0.2]
      [GC Worker Total (ms): Min: 30.5, Avg: 31.9, Max: 32.4, Diff: 1.9, Sum: 127.6]
      [GC Worker End (ms): Min: 70292.3, Avg: 70292.4, Max: 70292.4, Diff: 0.1]
   [Code Root Fixup: 0.0 ms]
   [Code Root Migration: 0.3 ms]
   [Clear CT: 0.4 ms]
   [Other: 72.1 ms]
      [Choose CSet: 0.0 ms]
      [Ref Proc: 65.0 ms]
      [Ref Enq: 5.3 ms]
      [Free CSet: 1.8 ms]
   [Eden: 1697.0M(1697.0M)->0.0B(1697.0M) Survivors: 22.0M->22.0M Heap: 3661.8M(4096.0M)->1964.8M(4096.0M)]
 [Times: user=0.35 sys=0.01, real=0.10 secs] 
2016-01-06T00:57:14.484-0800: 70.605: [GC pause (young)
Desired survivor size 112721920 bytes, new threshold 15 (max 15)
- age   1:   20634616 bytes,   20634616 total
- age   2:      36864 bytes,   20671480 total
2016-01-06T00:57:14.589-0800: 70.710: [SoftReference, 0 refs, 0.0004630 secs]2016-01-06T00:57:14.590-0800: 70.710: [WeakReference, 0 refs, 0.0002280 secs]2016-01-06T00:57:14.590-0800: 70.711: [FinalReference, 0 refs, 0.0002680 secs]2016-01-06T00:57:14.590-0800: 70.711: [PhantomReference, 0 refs, 53116 refs, 0.0016880 secs]2016-01-06T00:57:14.592-0800: 70.713: [JNI Weak Reference, 0.0000110 secs], 0.1156490 secs]
   [Parallel Time: 28.3 ms, GC Workers: 4]
      [GC Worker Start (ms): Min: 70604.8, Avg: 70605.1, Max: 70605.9, Diff: 1.1]
      [Ext Root Scanning (ms): Min: 0.0, Avg: 0.3, Max: 0.4, Diff: 0.4, Sum: 1.2]
      [SATB Filtering (ms): Min: 0.0, Avg: 0.0, Max: 0.0, Diff: 0.0, Sum: 0.0]
      [Update RS (ms): Min: 15.3, Avg: 15.8, Max: 16.0, Diff: 0.6, Sum: 63.2]
         [Processed Buffers: Min: 22, Avg: 22.2, Max: 23, Diff: 1, Sum: 89]
      [Scan RS (ms): Min: 0.8, Avg: 0.9, Max: 0.9, Diff: 0.1, Sum: 3.5]
      [Code Root Scanning (ms): Min: 0.1, Avg: 0.1, Max: 0.1, Diff: 0.1, Sum: 0.4]
      [Object Copy (ms): Min: 10.7, Avg: 10.8, Max: 10.8, Diff: 0.1, Sum: 43.2]
      [Termination (ms): Min: 0.0, Avg: 0.0, Max: 0.0, Diff: 0.0, Sum: 0.0]
      [GC Worker Other (ms): Min: 0.0, Avg: 0.1, Max: 0.1, Diff: 0.1, Sum: 0.2]
      [GC Worker Total (ms): Min: 27.1, Avg: 27.9, Max: 28.2, Diff: 1.1, Sum: 111.7]
      [GC Worker End (ms): Min: 70633.0, Avg: 70633.0, Max: 70633.1, Diff: 0.1]
   [Code Root Fixup: 0.0 ms]
   [Code Root Migration: 0.2 ms]
   [Clear CT: 0.4 ms]
   [Other: 86.6 ms]
      [Choose CSet: 0.0 ms]
      [Ref Proc: 79.5 ms]
      [Ref Enq: 5.2 ms]
      [Free CSet: 1.8 ms]
   [Eden: 1697.0M(1697.0M)->0.0B(1697.0M) Survivors: 22.0M->22.0M Heap: 3661.8M(4096.0M)->1964.8M(4096.0M)]
 [Times: user=0.44 sys=0.00, real=0.12 secs] 
2016-01-06T00:57:14.842-0800: 70.963: [GC pause (young)
Desired survivor size 112721920 bytes, new threshold 15 (max 15)
- age   1:   20634616 bytes,   20634616 total
- age   2:      36864 bytes,   20671480 total
2016-01-06T00:57:14.975-0800: 71.096: [SoftReference, 0 refs, 0.0005330 secs]2016-01-06T00:57:14.975-0800: 71.096: [WeakReference, 0 refs, 0.0002620 secs]2016-01-06T00:57:14.976-0800: 71.097: [FinalReference, 0 refs, 0.0003750 secs]2016-01-06T00:57:14.976-0800: 71.097: [PhantomReference, 0 refs, 53117 refs, 0.0015940 secs]2016-01-06T00:57:14.978-0800: 71.099: [JNI Weak Reference, 0.0000140 secs], 0.1430270 secs]
   [Parallel Time: 37.7 ms, GC Workers: 4]
      [GC Worker Start (ms): Min: 70963.4, Avg: 70963.5, Max: 70963.7, Diff: 0.3]
      [Ext Root Scanning (ms): Min: 0.1, Avg: 0.3, Max: 0.5, Diff: 0.3, Sum: 1.4]
      [SATB Filtering (ms): Min: 0.0, Avg: 0.0, Max: 0.0, Diff: 0.0, Sum: 0.0]
      [Update RS (ms): Min: 24.6, Avg: 26.4, Max: 31.1, Diff: 6.5, Sum: 105.4]
         [Processed Buffers: Min: 8, Avg: 27.5, Max: 36, Diff: 28, Sum: 110]
      [Scan RS (ms): Min: 0.3, Avg: 0.9, Max: 1.1, Diff: 0.7, Sum: 3.5]
      [Code Root Scanning (ms): Min: 0.0, Avg: 0.1, Max: 0.1, Diff: 0.1, Sum: 0.3]
      [Object Copy (ms): Min: 5.6, Avg: 9.7, Max: 11.2, Diff: 5.6, Sum: 39.0]
      [Termination (ms): Min: 0.0, Avg: 0.0, Max: 0.0, Diff: 0.0, Sum: 0.0]
      [GC Worker Other (ms): Min: 0.0, Avg: 0.1, Max: 0.1, Diff: 0.1, Sum: 0.2]
      [GC Worker Total (ms): Min: 37.2, Avg: 37.5, Max: 37.6, Diff: 0.3, Sum: 149.9]
      [GC Worker End (ms): Min: 71001.0, Avg: 71001.0, Max: 71001.0, Diff: 0.1]
   [Code Root Fixup: 0.0 ms]
   [Code Root Migration: 0.2 ms]
   [Clear CT: 0.4 ms]
   [Other: 104.7 ms]
      [Choose CSet: 0.0 ms]
      [Ref Proc: 97.6 ms]
      [Ref Enq: 5.2 ms]
      [Free CSet: 1.8 ms]
   [Eden: 1697.0M(1697.0M)->0.0B(1698.0M) Survivors: 22.0M->22.0M Heap: 3661.8M(4096.0M)->1964.3M(4096.0M)]
 [Times: user=0.52 sys=0.01, real=0.15 secs] 
2016-01-06T00:57:15.247-0800: 71.368: [GC pause (young)
Desired survivor size 112721920 bytes, new threshold 15 (max 15)
- age   1:   20634616 bytes,   20634616 total
- age   2:      36864 bytes,   20671480 total
2016-01-06T00:57:15.378-0800: 71.499: [SoftReference, 0 refs, 0.0005030 secs]2016-01-06T00:57:15.379-0800: 71.500: [WeakReference, 0 refs, 0.0002400 secs]2016-01-06T00:57:15.379-0800: 71.500: [FinalReference, 0 refs, 0.0002560 secs]2016-01-06T00:57:15.379-0800: 71.500: [PhantomReference, 0 refs, 53146 refs, 0.0019830 secs]2016-01-06T00:57:15.381-0800: 71.502: [JNI Weak Reference, 0.0000080 secs], 0.1424420 secs]
   [Parallel Time: 31.4 ms, GC Workers: 4]
      [GC Worker Start (ms): Min: 71367.7, Avg: 71367.8, Max: 71368.2, Diff: 0.5]
      [Ext Root Scanning (ms): Min: 0.0, Avg: 0.3, Max: 0.5, Diff: 0.5, Sum: 1.2]
      [SATB Filtering (ms): Min: 0.0, Avg: 0.0, Max: 0.0, Diff: 0.0, Sum: 0.0]
      [Update RS (ms): Min: 19.1, Avg: 19.5, Max: 19.7, Diff: 0.6, Sum: 77.9]
         [Processed Buffers: Min: 27, Avg: 27.5, Max: 28, Diff: 1, Sum: 110]
      [Scan RS (ms): Min: 0.6, Avg: 0.8, Max: 1.0, Diff: 0.4, Sum: 3.2]
      [Code Root Scanning (ms): Min: 0.1, Avg: 0.1, Max: 0.1, Diff: 0.1, Sum: 0.3]
      [Object Copy (ms): Min: 10.4, Avg: 10.5, Max: 10.5, Diff: 0.1, Sum: 41.8]
      [Termination (ms): Min: 0.0, Avg: 0.0, Max: 0.0, Diff: 0.0, Sum: 0.0]
      [GC Worker Other (ms): Min: 0.0, Avg: 0.1, Max: 0.1, Diff: 0.1, Sum: 0.3]
      [GC Worker Total (ms): Min: 30.8, Avg: 31.2, Max: 31.4, Diff: 0.6, Sum: 124.8]
      [GC Worker End (ms): Min: 71399.0, Avg: 71399.0, Max: 71399.1, Diff: 0.1]
   [Code Root Fixup: 0.0 ms]
   [Code Root Migration: 0.2 ms]
   [Clear CT: 0.4 ms]
   [Other: 110.4 ms]
      [Choose CSet: 0.0 ms]
      [Ref Proc: 103.2 ms]
      [Ref Enq: 5.3 ms]
      [Free CSet: 1.8 ms]
   [Eden: 1698.0M(1698.0M)->0.0B(1699.0M) Survivors: 22.0M->21.0M Heap: 3662.3M(4096.0M)->1963.8M(4096.0M)]
 [Times: user=0.55 sys=0.00, real=0.14 secs] 
2016-01-06T00:57:15.648-0800: 71.769: [GC pause (young)
Desired survivor size 112721920 bytes, new threshold 15 (max 15)
- age   1:   19783216 bytes,   19783216 total
- age   2:      36864 bytes,   19820080 total
2016-01-06T00:57:15.789-0800: 71.910: [SoftReference, 0 refs, 0.0004740 secs]2016-01-06T00:57:15.790-0800: 71.911: [WeakReference, 0 refs, 0.0002530 secs]2016-01-06T00:57:15.790-0800: 71.911: [FinalReference, 0 refs, 0.0002770 secs]2016-01-06T00:57:15.790-0800: 71.911: [PhantomReference, 0 refs, 53178 refs, 0.0013590 secs]2016-01-06T00:57:15.792-0800: 71.913: [JNI Weak Reference, 0.0000150 secs], 0.1514170 secs]
   [Parallel Time: 29.0 ms, GC Workers: 4]
      [GC Worker Start (ms): Min: 71769.0, Avg: 71769.2, Max: 71769.9, Diff: 0.9]
      [Ext Root Scanning (ms): Min: 0.0, Avg: 0.3, Max: 0.5, Diff: 0.5, Sum: 1.2]
      [SATB Filtering (ms): Min: 0.0, Avg: 0.0, Max: 0.0, Diff: 0.0, Sum: 0.0]
      [Update RS (ms): Min: 17.3, Avg: 17.4, Max: 17.6, Diff: 0.3, Sum: 69.4]
         [Processed Buffers: Min: 23, Avg: 24.8, Max: 26, Diff: 3, Sum: 99]
      [Scan RS (ms): Min: 0.6, Avg: 0.7, Max: 0.9, Diff: 0.3, Sum: 3.0]
      [Code Root Scanning (ms): Min: 0.1, Avg: 0.1, Max: 0.1, Diff: 0.0, Sum: 0.3]
      [Object Copy (ms): Min: 10.0, Avg: 10.1, Max: 10.1, Diff: 0.1, Sum: 40.3]
      [Termination (ms): Min: 0.0, Avg: 0.0, Max: 0.0, Diff: 0.0, Sum: 0.0]
      [GC Worker Other (ms): Min: 0.0, Avg: 0.1, Max: 0.1, Diff: 0.1, Sum: 0.3]
      [GC Worker Total (ms): Min: 28.0, Avg: 28.6, Max: 28.9, Diff: 0.9, Sum: 114.5]
      [GC Worker End (ms): Min: 71797.8, Avg: 71797.9, Max: 71797.9, Diff: 0.1]
   [Code Root Fixup: 0.0 ms]
   [Code Root Migration: 0.2 ms]
   [Clear CT: 0.4 ms]
   [Other: 121.8 ms]
      [Choose CSet: 0.0 ms]
      [Ref Proc: 114.7 ms]
      [Ref Enq: 5.2 ms]
      [Free CSet: 1.8 ms]
   [Eden: 1699.0M(1699.0M)->0.0B(1697.0M) Survivors: 21.0M->22.0M Heap: 3662.8M(4096.0M)->1964.8M(4096.0M)]
 [Times: user=0.58 sys=0.00, real=0.15 secs] 
2016-01-06T00:57:16.057-0800: 72.178: [GC pause (young)
Desired survivor size 112721920 bytes, new threshold 15 (max 15)
- age   1:   20639080 bytes,   20639080 total
- age   2:      36864 bytes,   20675944 total
2016-01-06T00:57:16.207-0800: 72.328: [SoftReference, 0 refs, 0.0004920 secs]2016-01-06T00:57:16.208-0800: 72.329: [WeakReference, 0 refs, 0.0002750 secs]2016-01-06T00:57:16.208-0800: 72.329: [FinalReference, 0 refs, 0.0002160 secs]2016-01-06T00:57:16.208-0800: 72.329: [PhantomReference, 0 refs, 53117 refs, 0.0015660 secs]2016-01-06T00:57:16.210-0800: 72.331: [JNI Weak Reference, 0.0000130 secs], 0.1600600 secs]
   [Parallel Time: 34.3 ms, GC Workers: 4]
      [GC Worker Start (ms): Min: 72177.9, Avg: 72177.9, Max: 72177.9, Diff: 0.1]
      [Ext Root Scanning (ms): Min: 0.3, Avg: 0.4, Max: 0.4, Diff: 0.1, Sum: 1.5]
      [SATB Filtering (ms): Min: 0.0, Avg: 0.0, Max: 0.0, Diff: 0.0, Sum: 0.0]
      [Update RS (ms): Min: 22.8, Avg: 22.9, Max: 22.9, Diff: 0.1, Sum: 91.4]
         [Processed Buffers: Min: 32, Avg: 32.8, Max: 33, Diff: 1, Sum: 131]
      [Scan RS (ms): Min: 0.7, Avg: 0.8, Max: 0.9, Diff: 0.2, Sum: 3.2]
      [Code Root Scanning (ms): Min: 0.1, Avg: 0.1, Max: 0.1, Diff: 0.0, Sum: 0.3]
      [Object Copy (ms): Min: 10.0, Avg: 10.0, Max: 10.1, Diff: 0.1, Sum: 40.1]
      [Termination (ms): Min: 0.0, Avg: 0.0, Max: 0.0, Diff: 0.0, Sum: 0.0]
      [GC Worker Other (ms): Min: 0.0, Avg: 0.1, Max: 0.1, Diff: 0.1, Sum: 0.2]
      [GC Worker Total (ms): Min: 34.2, Avg: 34.2, Max: 34.3, Diff: 0.1, Sum: 136.9]
      [GC Worker End (ms): Min: 72212.1, Avg: 72212.1, Max: 72212.1, Diff: 0.1]
   [Code Root Fixup: 0.0 ms]
   [Code Root Migration: 0.2 ms]
   [Clear CT: 0.4 ms]
   [Other: 125.1 ms]
      [Choose CSet: 0.0 ms]
      [Ref Proc: 118.5 ms]
      [Ref Enq: 4.7 ms]
      [Free CSet: 1.8 ms]
   [Eden: 1697.0M(1697.0M)->0.0B(1697.0M) Survivors: 22.0M->22.0M Heap: 3661.8M(4096.0M)->1964.8M(4096.0M)]
 [Times: user=0.60 sys=0.00, real=0.17 secs] 
2016-01-06T00:57:16.476-0800: 72.597: [GC pause (young)
Desired survivor size 112721920 bytes, new threshold 15 (max 15)
- age   1:   20634616 bytes,   20634616 total
- age   2:      36864 bytes,   20671480 total
2016-01-06T00:57:16.635-0800: 72.756: [SoftReference, 0 refs, 0.0004570 secs]2016-01-06T00:57:16.635-0800: 72.756: [WeakReference, 0 refs, 0.0003550 secs]2016-01-06T00:57:16.636-0800: 72.757: [FinalReference, 0 refs, 0.0002390 secs]2016-01-06T00:57:16.636-0800: 72.757: [PhantomReference, 0 refs, 53116 refs, 0.0017430 secs]2016-01-06T00:57:16.638-0800: 72.759: [JNI Weak Reference, 0.0000090 secs], 0.1694960 secs]
   [Parallel Time: 28.7 ms, GC Workers: 4]
      [GC Worker Start (ms): Min: 72597.1, Avg: 72597.1, Max: 72597.2, Diff: 0.1]
      [Ext Root Scanning (ms): Min: 0.3, Avg: 0.4, Max: 0.4, Diff: 0.1, Sum: 1.4]
      [SATB Filtering (ms): Min: 0.0, Avg: 0.0, Max: 0.0, Diff: 0.0, Sum: 0.0]
      [Update RS (ms): Min: 16.4, Avg: 16.5, Max: 16.6, Diff: 0.2, Sum: 66.0]
         [Processed Buffers: Min: 24, Avg: 24.5, Max: 26, Diff: 2, Sum: 98]
      [Scan RS (ms): Min: 0.7, Avg: 0.8, Max: 0.8, Diff: 0.1, Sum: 3.1]
      [Code Root Scanning (ms): Min: 0.1, Avg: 0.1, Max: 0.1, Diff: 0.0, Sum: 0.4]
      [Object Copy (ms): Min: 10.7, Avg: 10.8, Max: 10.8, Diff: 0.1, Sum: 43.1]
      [Termination (ms): Min: 0.0, Avg: 0.0, Max: 0.0, Diff: 0.0, Sum: 0.0]
      [GC Worker Other (ms): Min: 0.0, Avg: 0.1, Max: 0.1, Diff: 0.1, Sum: 0.3]
      [GC Worker Total (ms): Min: 28.6, Avg: 28.6, Max: 28.6, Diff: 0.0, Sum: 114.3]
      [GC Worker End (ms): Min: 72625.7, Avg: 72625.7, Max: 72625.7, Diff: 0.1]
   [Code Root Fixup: 0.0 ms]
   [Code Root Migration: 0.2 ms]
   [Clear CT: 0.4 ms]
   [Other: 140.2 ms]
      [Choose CSet: 0.0 ms]
      [Ref Proc: 132.8 ms]
      [Ref Enq: 5.3 ms]
      [Free CSet: 2.0 ms]
   [Eden: 1697.0M(1697.0M)->0.0B(1698.0M) Survivors: 22.0M->22.0M Heap: 3661.8M(4096.0M)->1964.8M(4096.0M)]
 [Times: user=0.65 sys=0.01, real=0.18 secs] 
2016-01-06T00:57:16.905-0800: 73.026: [GC pause (young)
Desired survivor size 112721920 bytes, new threshold 15 (max 15)
- age   1:   20634616 bytes,   20634616 total
- age   2:      36864 bytes,   20671480 total
2016-01-06T00:57:17.076-0800: 73.197: [SoftReference, 0 refs, 0.0004140 secs]2016-01-06T00:57:17.077-0800: 73.198: [WeakReference, 0 refs, 0.0002640 secs]2016-01-06T00:57:17.077-0800: 73.198: [FinalReference, 0 refs, 0.0002410 secs]2016-01-06T00:57:17.077-0800: 73.198: [PhantomReference, 0 refs, 53148 refs, 0.0016340 secs]2016-01-06T00:57:17.079-0800: 73.200: [JNI Weak Reference, 0.0000080 secs], 0.1810200 secs]
   [Parallel Time: 35.8 ms, GC Workers: 4]
      [GC Worker Start (ms): Min: 73025.6, Avg: 73025.7, Max: 73025.9, Diff: 0.3]
      [Ext Root Scanning (ms): Min: 0.3, Avg: 1.4, Max: 4.2, Diff: 4.0, Sum: 5.6]
      [SATB Filtering (ms): Min: 0.0, Avg: 0.0, Max: 0.0, Diff: 0.0, Sum: 0.0]
      [Update RS (ms): Min: 20.1, Avg: 22.9, Max: 24.1, Diff: 4.0, Sum: 91.7]
         [Processed Buffers: Min: 29, Avg: 34.0, Max: 37, Diff: 8, Sum: 136]
      [Scan RS (ms): Min: 0.5, Avg: 0.8, Max: 1.0, Diff: 0.5, Sum: 3.0]
      [Code Root Scanning (ms): Min: 0.1, Avg: 0.1, Max: 0.1, Diff: 0.1, Sum: 0.3]
      [Object Copy (ms): Min: 10.4, Avg: 10.4, Max: 10.4, Diff: 0.1, Sum: 41.7]
      [Termination (ms): Min: 0.0, Avg: 0.0, Max: 0.0, Diff: 0.0, Sum: 0.0]
      [GC Worker Other (ms): Min: 0.0, Avg: 0.1, Max: 0.1, Diff: 0.1, Sum: 0.3]
      [GC Worker Total (ms): Min: 35.5, Avg: 35.6, Max: 35.7, Diff: 0.2, Sum: 142.6]
      [GC Worker End (ms): Min: 73061.3, Avg: 73061.4, Max: 73061.4, Diff: 0.1]
   [Code Root Fixup: 0.0 ms]
   [Code Root Migration: 0.2 ms]
   [Clear CT: 0.4 ms]
   [Other: 144.5 ms]
      [Choose CSet: 0.0 ms]
      [Ref Proc: 138.5 ms]
      [Ref Enq: 4.0 ms]
      [Free CSet: 2.0 ms]
   [Eden: 1698.0M(1698.0M)->0.0B(1698.0M) Survivors: 22.0M->22.0M Heap: 3662.8M(4096.0M)->1964.8M(4096.0M)]
 [Times: user=0.65 sys=0.00, real=0.19 secs] 
2016-01-06T00:57:17.346-0800: 73.467: [GC pause (young)
Desired survivor size 112721920 bytes, new threshold 15 (max 15)
- age   1:   20636848 bytes,   20636848 total
- age   2:      36864 bytes,   20673712 total
2016-01-06T00:57:17.521-0800: 73.642: [SoftReference, 0 refs, 0.0004660 secs]2016-01-06T00:57:17.521-0800: 73.642: [WeakReference, 0 refs, 0.0002950 secs]2016-01-06T00:57:17.522-0800: 73.643: [FinalReference, 0 refs, 0.0002360 secs]2016-01-06T00:57:17.522-0800: 73.643: [PhantomReference, 0 refs, 53148 refs, 0.0013530 secs]2016-01-06T00:57:17.523-0800: 73.644: [JNI Weak Reference, 0.0000100 secs], 0.1844290 secs]
   [Parallel Time: 29.0 ms, GC Workers: 4]
      [GC Worker Start (ms): Min: 73467.5, Avg: 73467.5, Max: 73467.5, Diff: 0.1]
      [Ext Root Scanning (ms): Min: 0.4, Avg: 0.5, Max: 0.6, Diff: 0.3, Sum: 2.0]
      [SATB Filtering (ms): Min: 0.0, Avg: 0.0, Max: 0.0, Diff: 0.0, Sum: 0.0]
      [Update RS (ms): Min: 16.5, Avg: 16.8, Max: 16.9, Diff: 0.4, Sum: 67.1]
         [Processed Buffers: Min: 23, Avg: 24.2, Max: 26, Diff: 3, Sum: 97]
      [Scan RS (ms): Min: 0.6, Avg: 0.7, Max: 0.9, Diff: 0.3, Sum: 3.0]
      [Code Root Scanning (ms): Min: 0.1, Avg: 0.1, Max: 0.1, Diff: 0.1, Sum: 0.3]
      [Object Copy (ms): Min: 10.6, Avg: 10.7, Max: 10.7, Diff: 0.1, Sum: 42.7]
      [Termination (ms): Min: 0.0, Avg: 0.0, Max: 0.0, Diff: 0.0, Sum: 0.0]
      [GC Worker Other (ms): Min: 0.0, Avg: 0.1, Max: 0.1, Diff: 0.1, Sum: 0.3]
      [GC Worker Total (ms): Min: 28.8, Avg: 28.9, Max: 28.9, Diff: 0.1, Sum: 115.4]
      [GC Worker End (ms): Min: 73496.3, Avg: 73496.3, Max: 73496.4, Diff: 0.1]
   [Code Root Fixup: 0.0 ms]
   [Code Root Migration: 0.2 ms]
   [Clear CT: 0.5 ms]
   [Other: 154.7 ms]
      [Choose CSet: 0.0 ms]
      [Ref Proc: 147.7 ms]
      [Ref Enq: 5.0 ms]
      [Free CSet: 1.9 ms]
   [Eden: 1698.0M(1698.0M)->0.0B(1698.0M) Survivors: 22.0M->22.0M Heap: 3662.8M(4096.0M)->1964.8M(4096.0M)]
 [Times: user=0.70 sys=0.01, real=0.18 secs] 
2016-01-06T00:57:17.770-0800: 73.890: [GC pause (young)
Desired survivor size 112721920 bytes, new threshold 15 (max 15)
- age   1:   20636848 bytes,   20636848 total
- age   2:      36864 bytes,   20673712 total
2016-01-06T00:57:17.956-0800: 74.077: [SoftReference, 0 refs, 0.0004310 secs]2016-01-06T00:57:17.956-0800: 74.077: [WeakReference, 0 refs, 0.0002460 secs]2016-01-06T00:57:17.956-0800: 74.077: [FinalReference, 0 refs, 0.0002210 secs]2016-01-06T00:57:17.957-0800: 74.077: [PhantomReference, 0 refs, 53148 refs, 0.0013950 secs]2016-01-06T00:57:17.958-0800: 74.079: [JNI Weak Reference, 0.0000090 secs], 0.1958060 secs]
   [Parallel Time: 35.1 ms, GC Workers: 4]
      [GC Worker Start (ms): Min: 73890.5, Avg: 73890.6, Max: 73890.6, Diff: 0.1]
      [Ext Root Scanning (ms): Min: 0.3, Avg: 0.3, Max: 0.4, Diff: 0.1, Sum: 1.4]
      [SATB Filtering (ms): Min: 0.0, Avg: 0.0, Max: 0.0, Diff: 0.0, Sum: 0.0]
      [Update RS (ms): Min: 23.4, Avg: 23.5, Max: 23.7, Diff: 0.3, Sum: 94.2]
         [Processed Buffers: Min: 36, Avg: 36.2, Max: 37, Diff: 1, Sum: 145]
      [Scan RS (ms): Min: 0.7, Avg: 0.7, Max: 0.8, Diff: 0.2, Sum: 3.0]
      [Code Root Scanning (ms): Min: 0.1, Avg: 0.1, Max: 0.1, Diff: 0.0, Sum: 0.3]
      [Object Copy (ms): Min: 10.1, Avg: 10.1, Max: 10.2, Diff: 0.1, Sum: 40.6]
      [Termination (ms): Min: 0.0, Avg: 0.0, Max: 0.0, Diff: 0.0, Sum: 0.0]
      [GC Worker Other (ms): Min: 0.0, Avg: 0.1, Max: 0.1, Diff: 0.1, Sum: 0.2]
      [GC Worker Total (ms): Min: 34.9, Avg: 34.9, Max: 35.0, Diff: 0.1, Sum: 139.7]
      [GC Worker End (ms): Min: 73925.5, Avg: 73925.5, Max: 73925.5, Diff: 0.1]
   [Code Root Fixup: 0.0 ms]
   [Code Root Migration: 0.2 ms]
   [Clear CT: 0.5 ms]
   [Other: 160.0 ms]
      [Choose CSet: 0.0 ms]
      [Ref Proc: 153.3 ms]
      [Ref Enq: 4.7 ms]
      [Free CSet: 1.9 ms]
   [Eden: 1698.0M(1698.0M)->0.0B(1698.0M) Survivors: 22.0M->22.0M Heap: 3662.8M(4096.0M)->1964.8M(4096.0M)]
 [Times: user=0.75 sys=0.00, real=0.20 secs] 
2016-01-06T00:57:18.204-0800: 74.325: [GC pause (young)
Desired survivor size 112721920 bytes, new threshold 15 (max 15)
- age   1:   20636848 bytes,   20636848 total
- age   2:      36864 bytes,   20673712 total
2016-01-06T00:57:18.365-0800: 74.486: [SoftReference, 0 refs, 0.0005450 secs]2016-01-06T00:57:18.365-0800: 74.486: [WeakReference, 0 refs, 0.0002460 secs]2016-01-06T00:57:18.365-0800: 74.486: [FinalReference, 0 refs, 0.0002370 secs]2016-01-06T00:57:18.366-0800: 74.487: [PhantomReference, 0 refs, 53148 refs, 0.0016660 secs]2016-01-06T00:57:18.367-0800: 74.488: [JNI Weak Reference, 0.0000090 secs], 0.1710060 secs]
   [Parallel Time: 11.3 ms, GC Workers: 4]
      [GC Worker Start (ms): Min: 74325.2, Avg: 74325.3, Max: 74325.3, Diff: 0.1]
      [Ext Root Scanning (ms): Min: 0.3, Avg: 0.4, Max: 0.4, Diff: 0.1, Sum: 1.4]
      [SATB Filtering (ms): Min: 0.0, Avg: 0.0, Max: 0.0, Diff: 0.0, Sum: 0.0]
      [Update RS (ms): Min: 0.0, Avg: 0.1, Max: 0.3, Diff: 0.3, Sum: 0.3]
         [Processed Buffers: Min: 0, Avg: 1.2, Max: 3, Diff: 3, Sum: 5]
      [Scan RS (ms): Min: 0.6, Avg: 0.8, Max: 0.9, Diff: 0.2, Sum: 3.2]
      [Code Root Scanning (ms): Min: 0.1, Avg: 0.1, Max: 0.1, Diff: 0.0, Sum: 0.3]
      [Object Copy (ms): Min: 9.7, Avg: 9.8, Max: 9.8, Diff: 0.1, Sum: 39.1]
      [Termination (ms): Min: 0.0, Avg: 0.0, Max: 0.0, Diff: 0.0, Sum: 0.0]
      [GC Worker Other (ms): Min: 0.0, Avg: 0.1, Max: 0.1, Diff: 0.0, Sum: 0.2]
      [GC Worker Total (ms): Min: 11.1, Avg: 11.1, Max: 11.2, Diff: 0.1, Sum: 44.5]
      [GC Worker End (ms): Min: 74336.4, Avg: 74336.4, Max: 74336.4, Diff: 0.0]
   [Code Root Fixup: 0.0 ms]
   [Code Root Migration: 0.2 ms]
   [Clear CT: 0.5 ms]
   [Other: 159.0 ms]
      [Choose CSet: 0.0 ms]
      [Ref Proc: 151.8 ms]
      [Ref Enq: 5.3 ms]
      [Free CSet: 1.9 ms]
   [Eden: 1698.0M(1698.0M)->0.0B(1707.0M) Survivors: 22.0M->14.0M Heap: 3662.8M(4096.0M)->1956.8M(4096.0M)]
 [Times: user=0.59 sys=0.00, real=0.17 secs] 
2016-01-06T00:57:18.616-0800: 74.737: [GC pause (young)
Desired survivor size 113246208 bytes, new threshold 15 (max 15)
- age   1:   13052656 bytes,   13052656 total
- age   2:      36864 bytes,   13089520 total
2016-01-06T00:57:18.785-0800: 74.906: [SoftReference, 0 refs, 0.0004690 secs]2016-01-06T00:57:18.786-0800: 74.906: [WeakReference, 0 refs, 0.0003360 secs]2016-01-06T00:57:18.786-0800: 74.907: [FinalReference, 0 refs, 0.0003210 secs]2016-01-06T00:57:18.786-0800: 74.907: [PhantomReference, 0 refs, 53426 refs, 0.0015590 secs]2016-01-06T00:57:18.788-0800: 74.909: [JNI Weak Reference, 0.0000110 secs], 0.1785320 secs]
   [Parallel Time: 17.0 ms, GC Workers: 4]
      [GC Worker Start (ms): Min: 74736.8, Avg: 74736.8, Max: 74736.9, Diff: 0.1]
      [Ext Root Scanning (ms): Min: 0.3, Avg: 0.3, Max: 0.4, Diff: 0.1, Sum: 1.4]
      [SATB Filtering (ms): Min: 0.0, Avg: 0.0, Max: 0.0, Diff: 0.0, Sum: 0.0]
      [Update RS (ms): Min: 5.5, Avg: 5.7, Max: 6.0, Diff: 0.5, Sum: 22.7]
         [Processed Buffers: Min: 9, Avg: 9.2, Max: 10, Diff: 1, Sum: 37]
      [Scan RS (ms): Min: 0.5, Avg: 0.8, Max: 0.9, Diff: 0.4, Sum: 3.0]
      [Code Root Scanning (ms): Min: 0.1, Avg: 0.1, Max: 0.1, Diff: 0.1, Sum: 0.3]
      [Object Copy (ms): Min: 9.9, Avg: 10.0, Max: 10.0, Diff: 0.1, Sum: 39.9]
      [Termination (ms): Min: 0.0, Avg: 0.0, Max: 0.0, Diff: 0.0, Sum: 0.0]
      [GC Worker Other (ms): Min: 0.0, Avg: 0.1, Max: 0.1, Diff: 0.1, Sum: 0.3]
      [GC Worker Total (ms): Min: 16.9, Avg: 16.9, Max: 16.9, Diff: 0.0, Sum: 67.7]
      [GC Worker End (ms): Min: 74753.7, Avg: 74753.8, Max: 74753.8, Diff: 0.1]
   [Code Root Fixup: 0.0 ms]
   [Code Root Migration: 0.2 ms]
   [Clear CT: 0.4 ms]
   [Other: 160.8 ms]
      [Choose CSet: 0.0 ms]
      [Ref Proc: 154.9 ms]
      [Ref Enq: 4.0 ms]
      [Free CSet: 1.8 ms]
   [Eden: 1707.0M(1707.0M)->0.0B(1698.0M) Survivors: 14.0M->22.0M Heap: 3663.8M(4096.0M)->1964.3M(4096.0M)]
 [Times: user=0.65 sys=0.01, real=0.18 secs] 
2016-01-06T00:57:19.044-0800: 75.165: [GC pause (young)
Desired survivor size 112721920 bytes, new threshold 15 (max 15)
- age   1:   20656936 bytes,   20656936 total
- age   2:      36864 bytes,   20693800 total
2016-01-06T00:57:19.253-0800: 75.374: [SoftReference, 0 refs, 0.0004940 secs]2016-01-06T00:57:19.254-0800: 75.375: [WeakReference, 0 refs, 0.0002050 secs]2016-01-06T00:57:19.254-0800: 75.375: [FinalReference, 0 refs, 0.0002170 secs]2016-01-06T00:57:19.254-0800: 75.375: [PhantomReference, 0 refs, 53147 refs, 0.0011930 secs]2016-01-06T00:57:19.256-0800: 75.376: [JNI Weak Reference, 0.0000090 secs], 0.2194770 secs]
   [Parallel Time: 49.4 ms, GC Workers: 4]
      [GC Worker Start (ms): Min: 75164.6, Avg: 75164.6, Max: 75164.7, Diff: 0.1]
      [Ext Root Scanning (ms): Min: 0.3, Avg: 0.4, Max: 0.4, Diff: 0.1, Sum: 1.4]
      [SATB Filtering (ms): Min: 0.0, Avg: 0.0, Max: 0.0, Diff: 0.0, Sum: 0.0]
      [Update RS (ms): Min: 23.0, Avg: 23.2, Max: 23.4, Diff: 0.3, Sum: 93.0]
         [Processed Buffers: Min: 28, Avg: 31.8, Max: 33, Diff: 5, Sum: 127]
      [Scan RS (ms): Min: 0.6, Avg: 0.7, Max: 0.9, Diff: 0.3, Sum: 2.9]
      [Code Root Scanning (ms): Min: 0.1, Avg: 0.1, Max: 0.1, Diff: 0.1, Sum: 0.4]
      [Object Copy (ms): Min: 10.3, Avg: 14.0, Max: 24.9, Diff: 14.5, Sum: 55.9]
      [Termination (ms): Min: 0.0, Avg: 10.9, Max: 14.5, Diff: 14.5, Sum: 43.4]
      [GC Worker Other (ms): Min: 0.0, Avg: 0.0, Max: 0.1, Diff: 0.1, Sum: 0.1]
      [GC Worker Total (ms): Min: 49.2, Avg: 49.3, Max: 49.3, Diff: 0.1, Sum: 197.1]
      [GC Worker End (ms): Min: 75213.9, Avg: 75213.9, Max: 75213.9, Diff: 0.0]
   [Code Root Fixup: 0.0 ms]
   [Code Root Migration: 0.2 ms]
   [Clear CT: 0.4 ms]
   [Other: 169.4 ms]
      [Choose CSet: 0.0 ms]
      [Ref Proc: 162.4 ms]
      [Ref Enq: 5.2 ms]
      [Free CSet: 1.8 ms]
   [Eden: 1698.0M(1698.0M)->0.0B(1698.0M) Survivors: 22.0M->22.0M Heap: 3662.3M(4096.0M)->1964.8M(4096.0M)]
 [Times: user=0.80 sys=0.00, real=0.22 secs] 
2016-01-06T00:57:19.502-0800: 75.623: [GC pause (young)
Desired survivor size 112721920 bytes, new threshold 15 (max 15)
- age   1:   20636848 bytes,   20636848 total
- age   2:      36864 bytes,   20673712 total
2016-01-06T00:57:19.710-0800: 75.831: [SoftReference, 0 refs, 0.0004250 secs]2016-01-06T00:57:19.711-0800: 75.831: [WeakReference, 0 refs, 0.0003340 secs]2016-01-06T00:57:19.711-0800: 75.832: [FinalReference, 0 refs, 0.0002690 secs]2016-01-06T00:57:19.711-0800: 75.832: [PhantomReference, 0 refs, 53148 refs, 0.0017660 secs]2016-01-06T00:57:19.713-0800: 75.834: [JNI Weak Reference, 0.0000100 secs], 0.2187890 secs]
   [Parallel Time: 28.1 ms, GC Workers: 4]
      [GC Worker Start (ms): Min: 75623.2, Avg: 75623.2, Max: 75623.2, Diff: 0.1]
      [Ext Root Scanning (ms): Min: 0.3, Avg: 0.4, Max: 0.4, Diff: 0.1, Sum: 1.4]
      [SATB Filtering (ms): Min: 0.0, Avg: 0.0, Max: 0.0, Diff: 0.0, Sum: 0.0]
      [Update RS (ms): Min: 15.8, Avg: 16.0, Max: 16.5, Diff: 0.6, Sum: 64.1]
         [Processed Buffers: Min: 21, Avg: 22.2, Max: 24, Diff: 3, Sum: 89]
      [Scan RS (ms): Min: 0.4, Avg: 0.7, Max: 0.9, Diff: 0.6, Sum: 3.0]
      [Code Root Scanning (ms): Min: 0.0, Avg: 0.1, Max: 0.1, Diff: 0.1, Sum: 0.3]
      [Object Copy (ms): Min: 10.7, Avg: 10.8, Max: 10.8, Diff: 0.1, Sum: 43.1]
      [Termination (ms): Min: 0.0, Avg: 0.0, Max: 0.0, Diff: 0.0, Sum: 0.0]
      [GC Worker Other (ms): Min: 0.0, Avg: 0.0, Max: 0.1, Diff: 0.0, Sum: 0.2]
      [GC Worker Total (ms): Min: 28.0, Avg: 28.0, Max: 28.1, Diff: 0.1, Sum: 112.1]
      [GC Worker End (ms): Min: 75651.2, Avg: 75651.2, Max: 75651.3, Diff: 0.0]
   [Code Root Fixup: 0.0 ms]
   [Code Root Migration: 0.2 ms]
   [Clear CT: 0.4 ms]
   [Other: 190.0 ms]
      [Choose CSet: 0.0 ms]
      [Ref Proc: 182.6 ms]
      [Ref Enq: 5.5 ms]
      [Free CSet: 1.9 ms]
   [Eden: 1698.0M(1698.0M)->0.0B(182.0M) Survivors: 22.0M->22.0M Heap: 3662.8M(4096.0M)->1964.8M(4096.0M)]
 [Times: user=0.79 sys=0.02, real=0.22 secs] 
2016-01-06T00:57:19.750-0800: 75.871: [GC pause (young)
Desired survivor size 13631488 bytes, new threshold 1 (max 15)
- age   1:   20636848 bytes,   20636848 total
- age   2:      36864 bytes,   20673712 total
2016-01-06T00:57:19.937-0800: 76.057: [SoftReference, 0 refs, 0.0005670 secs]2016-01-06T00:57:19.937-0800: 76.058: [WeakReference, 0 refs, 0.0002630 secs]2016-01-06T00:57:19.937-0800: 76.058: [FinalReference, 0 refs, 0.0002550 secs]2016-01-06T00:57:19.938-0800: 76.059: [PhantomReference, 0 refs, 6152 refs, 0.0006770 secs]2016-01-06T00:57:19.938-0800: 76.059: [JNI Weak Reference, 0.0000120 secs], 0.1893630 secs]
   [Parallel Time: 7.1 ms, GC Workers: 4]
      [GC Worker Start (ms): Min: 75871.0, Avg: 75871.0, Max: 75871.1, Diff: 0.1]
      [Ext Root Scanning (ms): Min: 0.3, Avg: 0.4, Max: 0.4, Diff: 0.1, Sum: 1.4]
      [SATB Filtering (ms): Min: 0.0, Avg: 0.0, Max: 0.0, Diff: 0.0, Sum: 0.0]
      [Update RS (ms): Min: 5.0, Avg: 5.1, Max: 5.1, Diff: 0.1, Sum: 20.4]
         [Processed Buffers: Min: 7, Avg: 8.0, Max: 10, Diff: 3, Sum: 32]
      [Scan RS (ms): Min: 0.1, Avg: 0.1, Max: 0.1, Diff: 0.0, Sum: 0.4]
      [Code Root Scanning (ms): Min: 0.0, Avg: 0.0, Max: 0.0, Diff: 0.0, Sum: 0.0]
      [Object Copy (ms): Min: 1.4, Avg: 1.4, Max: 1.4, Diff: 0.0, Sum: 5.6]
      [Termination (ms): Min: 0.0, Avg: 0.0, Max: 0.0, Diff: 0.0, Sum: 0.0]
      [GC Worker Other (ms): Min: 0.0, Avg: 0.0, Max: 0.0, Diff: 0.0, Sum: 0.1]
      [GC Worker Total (ms): Min: 6.9, Avg: 7.0, Max: 7.0, Diff: 0.1, Sum: 27.9]
      [GC Worker End (ms): Min: 75878.0, Avg: 75878.0, Max: 75878.0, Diff: 0.0]
   [Code Root Fixup: 0.0 ms]
   [Code Root Migration: 0.0 ms]
   [Clear CT: 0.2 ms]
   [Other: 182.1 ms]
      [Choose CSet: 0.0 ms]
      [Ref Proc: 181.2 ms]
      [Ref Enq: 0.5 ms]
      [Free CSet: 0.3 ms]
   [Eden: 182.0M(182.0M)->0.0B(193.0M) Survivors: 22.0M->11.0M Heap: 2146.8M(4096.0M)->1953.3M(4096.0M)]
 [Times: user=0.73 sys=0.00, real=0.19 secs] 
2016-01-06T00:57:19.967-0800: 76.088: [GC pause (young)
Desired survivor size 13631488 bytes, new threshold 15 (max 15)
- age   1:    9504784 bytes,    9504784 total
2016-01-06T00:57:20.157-0800: 76.278: [SoftReference, 0 refs, 0.0003570 secs]2016-01-06T00:57:20.158-0800: 76.279: [WeakReference, 0 refs, 0.0003220 secs]2016-01-06T00:57:20.158-0800: 76.279: [FinalReference, 0 refs, 0.0003590 secs]2016-01-06T00:57:20.158-0800: 76.279: [PhantomReference, 0 refs, 6493 refs, 0.0005490 secs]2016-01-06T00:57:20.159-0800: 76.280: [JNI Weak Reference, 0.0000080 secs], 0.1929170 secs]
   [Parallel Time: 7.9 ms, GC Workers: 4]
      [GC Worker Start (ms): Min: 76088.0, Avg: 76088.5, Max: 76089.9, Diff: 1.9]
      [Ext Root Scanning (ms): Min: 0.0, Avg: 0.3, Max: 0.5, Diff: 0.4, Sum: 1.2]
      [SATB Filtering (ms): Min: 0.0, Avg: 0.0, Max: 0.0, Diff: 0.0, Sum: 0.0]
      [Update RS (ms): Min: 3.6, Avg: 4.6, Max: 5.0, Diff: 1.4, Sum: 18.6]
         [Processed Buffers: Min: 5, Avg: 8.0, Max: 10, Diff: 5, Sum: 32]
      [Scan RS (ms): Min: 0.0, Avg: 0.1, Max: 0.1, Diff: 0.1, Sum: 0.3]
      [Code Root Scanning (ms): Min: 0.0, Avg: 0.0, Max: 0.0, Diff: 0.0, Sum: 0.0]
      [Object Copy (ms): Min: 2.2, Avg: 2.3, Max: 2.3, Diff: 0.0, Sum: 9.0]
      [Termination (ms): Min: 0.0, Avg: 0.0, Max: 0.0, Diff: 0.0, Sum: 0.0]
      [GC Worker Other (ms): Min: 0.0, Avg: 0.0, Max: 0.0, Diff: 0.0, Sum: 0.1]
      [GC Worker Total (ms): Min: 5.9, Avg: 7.3, Max: 7.8, Diff: 1.9, Sum: 29.3]
      [GC Worker End (ms): Min: 76095.8, Avg: 76095.9, Max: 76095.9, Diff: 0.0]
   [Code Root Fixup: 0.0 ms]
   [Code Root Migration: 0.0 ms]
   [Clear CT: 0.1 ms]
   [Other: 184.9 ms]
      [Choose CSet: 0.0 ms]
      [Ref Proc: 184.0 ms]
      [Ref Enq: 0.6 ms]
      [Free CSet: 0.3 ms]
   [Eden: 193.0M(193.0M)->0.0B(185.0M) Survivors: 11.0M->19.0M Heap: 2146.3M(4096.0M)->1961.8M(4096.0M)]
 [Times: user=0.75 sys=0.00, real=0.19 secs] 
2016-01-06T00:57:20.186-0800: 76.307: [GC pause (young)
Desired survivor size 13631488 bytes, new threshold 1 (max 15)
- age   1:   17277688 bytes,   17277688 total
- age   2:      36864 bytes,   17314552 total
2016-01-06T00:57:20.378-0800: 76.499: [SoftReference, 0 refs, 0.0003660 secs]2016-01-06T00:57:20.379-0800: 76.499: [WeakReference, 0 refs, 0.0002360 secs]2016-01-06T00:57:20.379-0800: 76.500: [FinalReference, 0 refs, 0.0002350 secs]2016-01-06T00:57:20.379-0800: 76.500: [PhantomReference, 0 refs, 6245 refs, 0.0005640 secs]2016-01-06T00:57:20.380-0800: 76.500: [JNI Weak Reference, 0.0000090 secs], 0.1943180 secs]
   [Parallel Time: 8.6 ms, GC Workers: 4]
      [GC Worker Start (ms): Min: 76307.2, Avg: 76307.9, Max: 76309.9, Diff: 2.6]
      [Ext Root Scanning (ms): Min: 0.0, Avg: 0.3, Max: 0.4, Diff: 0.4, Sum: 1.3]
      [SATB Filtering (ms): Min: 0.0, Avg: 0.0, Max: 0.0, Diff: 0.0, Sum: 0.0]
      [Update RS (ms): Min: 3.5, Avg: 5.1, Max: 5.8, Diff: 2.3, Sum: 20.2]
         [Processed Buffers: Min: 6, Avg: 7.8, Max: 10, Diff: 4, Sum: 31]
      [Scan RS (ms): Min: 0.0, Avg: 0.1, Max: 0.2, Diff: 0.2, Sum: 0.3]
      [Code Root Scanning (ms): Min: 0.0, Avg: 0.0, Max: 0.0, Diff: 0.0, Sum: 0.0]
      [Object Copy (ms): Min: 2.2, Avg: 2.3, Max: 2.4, Diff: 0.2, Sum: 9.3]
      [Termination (ms): Min: 0.0, Avg: 0.0, Max: 0.0, Diff: 0.0, Sum: 0.0]
      [GC Worker Other (ms): Min: 0.0, Avg: 0.0, Max: 0.1, Diff: 0.0, Sum: 0.1]
      [GC Worker Total (ms): Min: 5.9, Avg: 7.8, Max: 8.5, Diff: 2.6, Sum: 31.3]
      [GC Worker End (ms): Min: 76315.7, Avg: 76315.8, Max: 76315.8, Diff: 0.0]
   [Code Root Fixup: 0.0 ms]
   [Code Root Migration: 0.0 ms]
   [Clear CT: 0.1 ms]
   [Other: 185.6 ms]
      [Choose CSet: 0.0 ms]
      [Ref Proc: 184.6 ms]
      [Ref Enq: 0.5 ms]
      [Free CSet: 0.3 ms]
   [Eden: 185.0M(185.0M)->0.0B(186.0M) Survivors: 19.0M->18.0M Heap: 2146.8M(4096.0M)->1960.9M(4096.0M)]
 [Times: user=0.73 sys=0.00, real=0.19 secs] 
2016-01-06T00:57:20.407-0800: 76.528: [GC pause (young)
Desired survivor size 13631488 bytes, new threshold 1 (max 15)
- age   1:   17259832 bytes,   17259832 total
2016-01-06T00:57:20.598-0800: 76.719: [SoftReference, 0 refs, 0.0005040 secs]2016-01-06T00:57:20.598-0800: 76.719: [WeakReference, 0 refs, 0.0002460 secs]2016-01-06T00:57:20.599-0800: 76.720: [FinalReference, 0 refs, 0.0003640 secs]2016-01-06T00:57:20.599-0800: 76.720: [PhantomReference, 0 refs, 6276 refs, 0.0005740 secs]2016-01-06T00:57:20.600-0800: 76.721: [JNI Weak Reference, 0.0000080 secs], 0.1937450 secs]
   [Parallel Time: 7.6 ms, GC Workers: 4]
      [GC Worker Start (ms): Min: 76528.0, Avg: 76528.0, Max: 76528.0, Diff: 0.1]
      [Ext Root Scanning (ms): Min: 0.3, Avg: 0.3, Max: 0.4, Diff: 0.1, Sum: 1.4]
      [SATB Filtering (ms): Min: 0.0, Avg: 0.0, Max: 0.0, Diff: 0.0, Sum: 0.0]
      [Update RS (ms): Min: 4.4, Avg: 4.6, Max: 5.0, Diff: 0.5, Sum: 18.5]
         [Processed Buffers: Min: 7, Avg: 8.0, Max: 10, Diff: 3, Sum: 32]
      [Scan RS (ms): Min: 0.0, Avg: 0.1, Max: 0.1, Diff: 0.1, Sum: 0.3]
      [Code Root Scanning (ms): Min: 0.0, Avg: 0.0, Max: 0.0, Diff: 0.0, Sum: 0.0]
      [Object Copy (ms): Min: 2.1, Avg: 2.3, Max: 2.4, Diff: 0.4, Sum: 9.3]
      [Termination (ms): Min: 0.0, Avg: 0.0, Max: 0.0, Diff: 0.0, Sum: 0.0]
      [GC Worker Other (ms): Min: 0.0, Avg: 0.0, Max: 0.0, Diff: 0.0, Sum: 0.1]
      [GC Worker Total (ms): Min: 7.4, Avg: 7.4, Max: 7.5, Diff: 0.1, Sum: 29.7]
      [GC Worker End (ms): Min: 76535.4, Avg: 76535.4, Max: 76535.4, Diff: 0.0]
   [Code Root Fixup: 0.0 ms]
   [Code Root Migration: 0.0 ms]
   [Clear CT: 0.1 ms]
   [Other: 186.1 ms]
      [Choose CSet: 0.0 ms]
      [Ref Proc: 185.1 ms]
      [Ref Enq: 0.6 ms]
      [Free CSet: 0.3 ms]
   [Eden: 186.0M(186.0M)->0.0B(186.0M) Survivors: 18.0M->18.0M Heap: 2146.9M(4096.0M)->1960.9M(4096.0M)]
 [Times: user=0.75 sys=0.00, real=0.19 secs] 
2016-01-06T00:57:20.629-0800: 76.750: [GC pause (young)
Desired survivor size 13631488 bytes, new threshold 1 (max 15)
- age   1:   17262064 bytes,   17262064 total
2016-01-06T00:57:20.813-0800: 76.934: [SoftReference, 0 refs, 0.0004820 secs]2016-01-06T00:57:20.814-0800: 76.935: [WeakReference, 0 refs, 0.0003270 secs]2016-01-06T00:57:20.814-0800: 76.935: [FinalReference, 0 refs, 0.0002290 secs]2016-01-06T00:57:20.815-0800: 76.935: [PhantomReference, 0 refs, 6276 refs, 0.0006410 secs]2016-01-06T00:57:20.815-0800: 76.936: [JNI Weak Reference, 0.0000090 secs], 0.1871680 secs]
   [Parallel Time: 3.0 ms, GC Workers: 4]
      [GC Worker Start (ms): Min: 76750.1, Avg: 76750.8, Max: 76752.6, Diff: 2.5]
      [Ext Root Scanning (ms): Min: 0.0, Avg: 0.3, Max: 0.5, Diff: 0.5, Sum: 1.3]
      [SATB Filtering (ms): Min: 0.0, Avg: 0.0, Max: 0.0, Diff: 0.0, Sum: 0.0]
      [Update RS (ms): Min: 0.0, Avg: 0.2, Max: 0.3, Diff: 0.3, Sum: 0.6]
         [Processed Buffers: Min: 0, Avg: 1.5, Max: 3, Diff: 3, Sum: 6]
      [Scan RS (ms): Min: 0.0, Avg: 0.1, Max: 0.2, Diff: 0.2, Sum: 0.3]
      [Code Root Scanning (ms): Min: 0.0, Avg: 0.0, Max: 0.0, Diff: 0.0, Sum: 0.0]
      [Object Copy (ms): Min: 0.4, Avg: 1.8, Max: 2.3, Diff: 1.8, Sum: 7.0]
      [Termination (ms): Min: 0.0, Avg: 0.0, Max: 0.0, Diff: 0.0, Sum: 0.0]
      [GC Worker Other (ms): Min: 0.0, Avg: 0.0, Max: 0.0, Diff: 0.0, Sum: 0.0]
      [GC Worker Total (ms): Min: 0.5, Avg: 2.3, Max: 3.0, Diff: 2.5, Sum: 9.3]
      [GC Worker End (ms): Min: 76753.1, Avg: 76753.1, Max: 76753.1, Diff: 0.0]
   [Code Root Fixup: 0.0 ms]
   [Code Root Migration: 0.0 ms]
   [Clear CT: 0.1 ms]
   [Other: 184.0 ms]
      [Choose CSet: 0.0 ms]
      [Ref Proc: 183.0 ms]
      [Ref Enq: 0.6 ms]
      [Free CSet: 0.3 ms]
   [Eden: 186.0M(186.0M)->0.0B(681.0M) Survivors: 18.0M->18.0M Heap: 2146.9M(4096.0M)->1961.0M(4096.0M)]
 [Times: user=0.72 sys=0.00, real=0.18 secs] 
2016-01-06T00:57:20.919-0800: 77.040: [GC pause (young)
Desired survivor size 46137344 bytes, new threshold 15 (max 15)
- age   1:   17262064 bytes,   17262064 total
2016-01-06T00:57:21.103-0800: 77.224: [SoftReference, 0 refs, 0.0004800 secs]2016-01-06T00:57:21.103-0800: 77.224: [WeakReference, 0 refs, 0.0002380 secs]2016-01-06T00:57:21.103-0800: 77.224: [FinalReference, 0 refs, 0.0003570 secs]2016-01-06T00:57:21.104-0800: 77.225: [PhantomReference, 0 refs, 21620 refs, 0.0010150 secs]2016-01-06T00:57:21.105-0800: 77.226: [JNI Weak Reference, 0.0000160 secs], 0.1889600 secs]
   [Parallel Time: 5.3 ms, GC Workers: 4]
      [GC Worker Start (ms): Min: 77039.7, Avg: 77039.7, Max: 77039.7, Diff: 0.1]
      [Ext Root Scanning (ms): Min: 0.3, Avg: 0.4, Max: 0.4, Diff: 0.1, Sum: 1.4]
      [SATB Filtering (ms): Min: 0.0, Avg: 0.0, Max: 0.0, Diff: 0.0, Sum: 0.0]
      [Update RS (ms): Min: 0.0, Avg: 0.1, Max: 0.3, Diff: 0.3, Sum: 0.4]
         [Processed Buffers: Min: 0, Avg: 1.0, Max: 2, Diff: 2, Sum: 4]
      [Scan RS (ms): Min: 0.2, Avg: 0.3, Max: 0.4, Diff: 0.2, Sum: 1.3]
      [Code Root Scanning (ms): Min: 0.0, Avg: 0.0, Max: 0.0, Diff: 0.0, Sum: 0.1]
      [Object Copy (ms): Min: 4.3, Avg: 4.3, Max: 4.3, Diff: 0.0, Sum: 17.1]
      [Termination (ms): Min: 0.0, Avg: 0.0, Max: 0.0, Diff: 0.0, Sum: 0.0]
      [GC Worker Other (ms): Min: 0.0, Avg: 0.1, Max: 0.1, Diff: 0.1, Sum: 0.2]
      [GC Worker Total (ms): Min: 5.1, Avg: 5.1, Max: 5.2, Diff: 0.1, Sum: 20.6]
      [GC Worker End (ms): Min: 77044.8, Avg: 77044.8, Max: 77044.9, Diff: 0.0]
   [Code Root Fixup: 0.0 ms]
   [Code Root Migration: 0.1 ms]
   [Clear CT: 0.2 ms]
   [Other: 183.4 ms]
      [Choose CSet: 0.0 ms]
      [Ref Proc: 180.8 ms]
      [Ref Enq: 1.6 ms]
      [Free CSet: 0.9 ms]
   [Eden: 681.0M(681.0M)->0.0B(1585.0M) Survivors: 18.0M->20.0M Heap: 2642.0M(4096.0M)->1963.0M(4096.0M)]
 [Times: user=0.68 sys=0.00, real=0.19 secs] 
2016-01-06T00:57:21.331-0800: 77.452: [GC pause (young)
Desired survivor size 105381888 bytes, new threshold 15 (max 15)
- age   1:   18366904 bytes,   18366904 total
- age   2:      36864 bytes,   18403768 total
2016-01-06T00:57:21.542-0800: 77.663: [SoftReference, 0 refs, 0.0004820 secs]2016-01-06T00:57:21.543-0800: 77.664: [WeakReference, 0 refs, 0.0002410 secs]2016-01-06T00:57:21.543-0800: 77.664: [FinalReference, 0 refs, 0.0002180 secs]2016-01-06T00:57:21.543-0800: 77.664: [PhantomReference, 0 refs, 49643 refs, 0.0013710 secs]2016-01-06T00:57:21.545-0800: 77.666: [JNI Weak Reference, 0.0000140 secs], 0.2209910 secs]
   [Parallel Time: 26.3 ms, GC Workers: 4]
      [GC Worker Start (ms): Min: 77452.0, Avg: 77452.5, Max: 77453.9, Diff: 1.8]
      [Ext Root Scanning (ms): Min: 0.0, Avg: 0.3, Max: 0.5, Diff: 0.5, Sum: 1.3]
      [SATB Filtering (ms): Min: 0.0, Avg: 0.0, Max: 0.0, Diff: 0.0, Sum: 0.0]
      [Update RS (ms): Min: 14.0, Avg: 15.3, Max: 16.1, Diff: 2.1, Sum: 61.3]
         [Processed Buffers: Min: 20, Avg: 22.5, Max: 24, Diff: 4, Sum: 90]
      [Scan RS (ms): Min: 0.4, Avg: 0.7, Max: 1.0, Diff: 0.6, Sum: 2.7]
      [Code Root Scanning (ms): Min: 0.0, Avg: 0.1, Max: 0.1, Diff: 0.1, Sum: 0.3]
      [Object Copy (ms): Min: 9.2, Avg: 9.3, Max: 9.3, Diff: 0.0, Sum: 37.0]
      [Termination (ms): Min: 0.0, Avg: 0.0, Max: 0.0, Diff: 0.0, Sum: 0.0]
      [GC Worker Other (ms): Min: 0.0, Avg: 0.1, Max: 0.1, Diff: 0.1, Sum: 0.2]
      [GC Worker Total (ms): Min: 24.3, Avg: 25.7, Max: 26.2, Diff: 1.9, Sum: 102.9]
      [GC Worker End (ms): Min: 77478.2, Avg: 77478.3, Max: 77478.3, Diff: 0.0]
   [Code Root Fixup: 0.0 ms]
   [Code Root Migration: 0.2 ms]
   [Clear CT: 0.4 ms]
   [Other: 194.1 ms]
      [Choose CSet: 0.0 ms]
      [Ref Proc: 187.3 ms]
      [Ref Enq: 5.0 ms]
      [Free CSet: 1.7 ms]
   [Eden: 1585.0M(1585.0M)->0.0B(182.0M) Survivors: 20.0M->22.0M Heap: 3548.0M(4096.0M)->1964.5M(4096.0M)]
 [Times: user=0.80 sys=0.00, real=0.22 secs] 
2016-01-06T00:57:21.581-0800: 77.702: [GC pause (young)
Desired survivor size 13631488 bytes, new threshold 1 (max 15)
- age   1:   20384632 bytes,   20384632 total
- age   2:      36864 bytes,   20421496 total
2016-01-06T00:57:21.769-0800: 77.890: [SoftReference, 0 refs, 0.0004510 secs]2016-01-06T00:57:21.770-0800: 77.891: [WeakReference, 0 refs, 0.0002570 secs]2016-01-06T00:57:21.770-0800: 77.891: [FinalReference, 0 refs, 0.0002250 secs]2016-01-06T00:57:21.770-0800: 77.891: [PhantomReference, 0 refs, 6152 refs, 0.0005990 secs]2016-01-06T00:57:21.771-0800: 77.892: [JNI Weak Reference, 0.0000080 secs], 0.1909940 secs]
   [Parallel Time: 2.9 ms, GC Workers: 4]
      [GC Worker Start (ms): Min: 77701.8, Avg: 77701.8, Max: 77701.9, Diff: 0.1]
      [Ext Root Scanning (ms): Min: 0.3, Avg: 0.4, Max: 0.4, Diff: 0.1, Sum: 1.4]
      [SATB Filtering (ms): Min: 0.0, Avg: 0.0, Max: 0.0, Diff: 0.0, Sum: 0.0]
      [Update RS (ms): Min: 0.0, Avg: 0.1, Max: 0.3, Diff: 0.3, Sum: 0.3]
         [Processed Buffers: Min: 0, Avg: 1.5, Max: 2, Diff: 2, Sum: 6]
      [Scan RS (ms): Min: 0.0, Avg: 0.1, Max: 0.1, Diff: 0.1, Sum: 0.3]
      [Code Root Scanning (ms): Min: 0.0, Avg: 0.0, Max: 0.0, Diff: 0.0, Sum: 0.0]
      [Object Copy (ms): Min: 2.2, Avg: 2.3, Max: 2.3, Diff: 0.1, Sum: 9.2]
      [Termination (ms): Min: 0.0, Avg: 0.0, Max: 0.0, Diff: 0.0, Sum: 0.1]
      [GC Worker Other (ms): Min: 0.0, Avg: 0.0, Max: 0.0, Diff: 0.0, Sum: 0.1]
      [GC Worker Total (ms): Min: 2.8, Avg: 2.9, Max: 2.9, Diff: 0.1, Sum: 11.4]
      [GC Worker End (ms): Min: 77704.7, Avg: 77704.7, Max: 77704.7, Diff: 0.0]
   [Code Root Fixup: 0.0 ms]
   [Code Root Migration: 0.0 ms]
   [Clear CT: 0.1 ms]
   [Other: 187.9 ms]
      [Choose CSet: 0.0 ms]
      [Ref Proc: 187.0 ms]
      [Ref Enq: 0.5 ms]
      [Free CSet: 0.3 ms]
   [Eden: 182.0M(182.0M)->0.0B(185.0M) Survivors: 22.0M->19.0M Heap: 2146.5M(4096.0M)->1961.5M(4096.0M)]
 [Times: user=0.67 sys=0.01, real=0.19 secs] 
2016-01-06T00:57:21.800-0800: 77.921: [GC pause (young)
Desired survivor size 13631488 bytes, new threshold 1 (max 15)
- age   1:   17253136 bytes,   17253136 total
2016-01-06T00:57:21.991-0800: 78.112: [SoftReference, 0 refs, 0.0006460 secs]2016-01-06T00:57:21.992-0800: 78.113: [WeakReference, 0 refs, 0.0003380 secs]2016-01-06T00:57:21.992-0800: 78.113: [FinalReference, 0 refs, 0.0002530 secs]2016-01-06T00:57:21.992-0800: 78.113: [PhantomReference, 0 refs, 6244 refs, 0.0007470 secs]2016-01-06T00:57:21.993-0800: 78.114: [JNI Weak Reference, 0.0000140 secs], 0.1943690 secs]
   [Parallel Time: 2.9 ms, GC Workers: 4]
      [GC Worker Start (ms): Min: 77920.7, Avg: 77920.7, Max: 77920.8, Diff: 0.1]
      [Ext Root Scanning (ms): Min: 0.3, Avg: 0.4, Max: 0.4, Diff: 0.1, Sum: 1.4]
      [SATB Filtering (ms): Min: 0.0, Avg: 0.0, Max: 0.0, Diff: 0.0, Sum: 0.0]
      [Update RS (ms): Min: 0.0, Avg: 0.1, Max: 0.3, Diff: 0.3, Sum: 0.4]
         [Processed Buffers: Min: 1, Avg: 1.5, Max: 3, Diff: 2, Sum: 6]
      [Scan RS (ms): Min: 0.0, Avg: 0.1, Max: 0.1, Diff: 0.1, Sum: 0.3]
      [Code Root Scanning (ms): Min: 0.0, Avg: 0.0, Max: 0.0, Diff: 0.0, Sum: 0.0]
      [Object Copy (ms): Min: 2.2, Avg: 2.2, Max: 2.2, Diff: 0.1, Sum: 8.9]
      [Termination (ms): Min: 0.0, Avg: 0.0, Max: 0.0, Diff: 0.0, Sum: 0.0]
      [GC Worker Other (ms): Min: 0.0, Avg: 0.0, Max: 0.0, Diff: 0.0, Sum: 0.0]
      [GC Worker Total (ms): Min: 2.8, Avg: 2.8, Max: 2.8, Diff: 0.1, Sum: 11.2]
      [GC Worker End (ms): Min: 77923.5, Avg: 77923.5, Max: 77923.5, Diff: 0.0]
   [Code Root Fixup: 0.0 ms]
   [Code Root Migration: 0.0 ms]
   [Clear CT: 0.1 ms]
   [Other: 191.3 ms]
      [Choose CSet: 0.0 ms]
      [Ref Proc: 190.5 ms]
      [Ref Enq: 0.4 ms]
      [Free CSet: 0.3 ms]
   [Eden: 185.0M(185.0M)->0.0B(423.0M) Survivors: 19.0M->19.0M Heap: 2146.5M(4096.0M)->1962.0M(4096.0M)]
 [Times: user=0.75 sys=0.00, real=0.19 secs] 
2016-01-06T00:57:22.053-0800: 78.174: [GC pause (young)
Desired survivor size 29360128 bytes, new threshold 15 (max 15)
- age   1:   17259832 bytes,   17259832 total
2016-01-06T00:57:22.247-0800: 78.368: [SoftReference, 0 refs, 0.0004040 secs]2016-01-06T00:57:22.249-0800: 78.370: [WeakReference, 0 refs, 0.0002560 secs]2016-01-06T00:57:22.249-0800: 78.370: [FinalReference, 0 refs, 0.0003540 secs]2016-01-06T00:57:22.249-0800: 78.370: [PhantomReference, 0 refs, 13621 refs, 0.0007220 secs]2016-01-06T00:57:22.250-0800: 78.371: [JNI Weak Reference, 0.0000080 secs], 0.1992410 secs]
   [Parallel Time: 4.0 ms, GC Workers: 4]
      [GC Worker Start (ms): Min: 78173.6, Avg: 78173.7, Max: 78173.9, Diff: 0.2]
      [Ext Root Scanning (ms): Min: 0.2, Avg: 0.4, Max: 0.4, Diff: 0.2, Sum: 1.4]
      [SATB Filtering (ms): Min: 0.0, Avg: 0.0, Max: 0.0, Diff: 0.0, Sum: 0.0]
      [Update RS (ms): Min: 0.0, Avg: 0.1, Max: 0.3, Diff: 0.3, Sum: 0.4]
         [Processed Buffers: Min: 0, Avg: 1.5, Max: 3, Diff: 3, Sum: 6]
      [Scan RS (ms): Min: 0.1, Avg: 0.2, Max: 0.2, Diff: 0.1, Sum: 0.8]
      [Code Root Scanning (ms): Min: 0.0, Avg: 0.0, Max: 0.0, Diff: 0.0, Sum: 0.1]
      [Object Copy (ms): Min: 3.2, Avg: 3.2, Max: 3.2, Diff: 0.0, Sum: 12.7]
      [Termination (ms): Min: 0.0, Avg: 0.0, Max: 0.0, Diff: 0.0, Sum: 0.0]
      [GC Worker Other (ms): Min: 0.0, Avg: 0.0, Max: 0.0, Diff: 0.0, Sum: 0.1]
      [GC Worker Total (ms): Min: 3.7, Avg: 3.9, Max: 3.9, Diff: 0.3, Sum: 15.5]
      [GC Worker End (ms): Min: 78177.6, Avg: 78177.6, Max: 78177.6, Diff: 0.0]
   [Code Root Fixup: 0.0 ms]
   [Code Root Migration: 0.1 ms]
   [Clear CT: 0.1 ms]
   [Other: 195.0 ms]
      [Choose CSet: 0.0 ms]
      [Ref Proc: 193.3 ms]
      [Ref Enq: 1.0 ms]
      [Free CSet: 0.6 ms]
   [Eden: 423.0M(423.0M)->0.0B(283.0M) Survivors: 19.0M->19.0M Heap: 2385.0M(4096.0M)->1961.5M(4096.0M)]
 [Times: user=0.76 sys=0.00, real=0.20 secs] 
2016-01-06T00:57:22.292-0800: 78.413: [GC pause (young)
Desired survivor size 19922944 bytes, new threshold 15 (max 15)
- age   1:   17462728 bytes,   17462728 total
- age   2:      36864 bytes,   17499592 total
2016-01-06T00:57:22.486-0800: 78.607: [SoftReference, 0 refs, 0.0005390 secs]2016-01-06T00:57:22.487-0800: 78.608: [WeakReference, 0 refs, 0.0003750 secs]2016-01-06T00:57:22.487-0800: 78.608: [FinalReference, 0 refs, 0.0002500 secs]2016-01-06T00:57:22.487-0800: 78.608: [PhantomReference, 0 refs, 9282 refs, 0.0006710 secs]2016-01-06T00:57:22.488-0800: 78.609: [JNI Weak Reference, 0.0000090 secs], 0.1971530 secs]
   [Parallel Time: 3.5 ms, GC Workers: 4]
      [GC Worker Start (ms): Min: 78413.4, Avg: 78413.4, Max: 78413.5, Diff: 0.1]
      [Ext Root Scanning (ms): Min: 0.3, Avg: 0.4, Max: 0.4, Diff: 0.1, Sum: 1.4]
      [SATB Filtering (ms): Min: 0.0, Avg: 0.0, Max: 0.0, Diff: 0.0, Sum: 0.0]
      [Update RS (ms): Min: 0.0, Avg: 0.1, Max: 0.3, Diff: 0.3, Sum: 0.3]
         [Processed Buffers: Min: 0, Avg: 1.5, Max: 4, Diff: 4, Sum: 6]
      [Scan RS (ms): Min: 0.0, Avg: 0.1, Max: 0.2, Diff: 0.2, Sum: 0.6]
      [Code Root Scanning (ms): Min: 0.0, Avg: 0.0, Max: 0.0, Diff: 0.0, Sum: 0.1]
      [Object Copy (ms): Min: 2.7, Avg: 2.7, Max: 2.7, Diff: 0.1, Sum: 10.9]
      [Termination (ms): Min: 0.0, Avg: 0.0, Max: 0.0, Diff: 0.0, Sum: 0.0]
      [GC Worker Other (ms): Min: 0.0, Avg: 0.1, Max: 0.1, Diff: 0.1, Sum: 0.2]
      [GC Worker Total (ms): Min: 3.3, Avg: 3.4, Max: 3.4, Diff: 0.0, Sum: 13.5]
      [GC Worker End (ms): Min: 78416.8, Avg: 78416.8, Max: 78416.8, Diff: 0.1]
   [Code Root Fixup: 0.0 ms]
   [Code Root Migration: 0.0 ms]
   [Clear CT: 0.2 ms]
   [Other: 193.4 ms]
      [Choose CSet: 0.0 ms]
      [Ref Proc: 192.1 ms]
      [Ref Enq: 0.8 ms]
      [Free CSet: 0.5 ms]
   [Eden: 283.0M(283.0M)->0.0B(441.0M) Survivors: 19.0M->19.0M Heap: 2244.5M(4096.0M)->1961.5M(4096.0M)]
 [Times: user=0.73 sys=0.01, real=0.20 secs] 
2016-01-06T00:57:22.552-0800: 78.673: [GC pause (young)
Desired survivor size 30408704 bytes, new threshold 15 (max 15)
- age   1:   17478568 bytes,   17478568 total
- age   2:      36864 bytes,   17515432 total
2016-01-06T00:57:22.746-0800: 78.867: [SoftReference, 0 refs, 0.0005560 secs]2016-01-06T00:57:22.747-0800: 78.868: [WeakReference, 0 refs, 0.0002360 secs]2016-01-06T00:57:22.747-0800: 78.868: [FinalReference, 0 refs, 0.0002670 secs]2016-01-06T00:57:22.747-0800: 78.868: [PhantomReference, 0 refs, 14181 refs, 0.0008680 secs]2016-01-06T00:57:22.748-0800: 78.869: [JNI Weak Reference, 0.0000140 secs], 0.1985260 secs]
   [Parallel Time: 4.1 ms, GC Workers: 4]
      [GC Worker Start (ms): Min: 78672.9, Avg: 78673.2, Max: 78673.9, Diff: 1.0]
      [Ext Root Scanning (ms): Min: 0.0, Avg: 0.3, Max: 0.4, Diff: 0.4, Sum: 1.3]
      [SATB Filtering (ms): Min: 0.0, Avg: 0.0, Max: 0.0, Diff: 0.0, Sum: 0.0]
      [Update RS (ms): Min: 0.0, Avg: 0.1, Max: 0.3, Diff: 0.3, Sum: 0.3]
         [Processed Buffers: Min: 0, Avg: 1.2, Max: 4, Diff: 4, Sum: 5]
      [Scan RS (ms): Min: 0.0, Avg: 0.2, Max: 0.3, Diff: 0.3, Sum: 0.7]
      [Code Root Scanning (ms): Min: 0.0, Avg: 0.0, Max: 0.0, Diff: 0.0, Sum: 0.1]
      [Object Copy (ms): Min: 3.0, Avg: 3.2, Max: 3.2, Diff: 0.2, Sum: 12.6]
      [Termination (ms): Min: 0.0, Avg: 0.0, Max: 0.0, Diff: 0.0, Sum: 0.0]
      [GC Worker Other (ms): Min: 0.0, Avg: 0.0, Max: 0.0, Diff: 0.0, Sum: 0.1]
      [GC Worker Total (ms): Min: 3.1, Avg: 3.8, Max: 4.0, Diff: 1.0, Sum: 15.0]
      [GC Worker End (ms): Min: 78676.9, Avg: 78676.9, Max: 78676.9, Diff: 0.0]
   [Code Root Fixup: 0.0 ms]
   [Code Root Migration: 0.1 ms]
   [Clear CT: 0.1 ms]
   [Other: 194.2 ms]
      [Choose CSet: 0.0 ms]
      [Ref Proc: 192.2 ms]
      [Ref Enq: 1.3 ms]
      [Free CSet: 0.6 ms]
   [Eden: 441.0M(441.0M)->0.0B(467.0M) Survivors: 19.0M->19.0M Heap: 2402.5M(4096.0M)->1962.0M(4096.0M)]
 [Times: user=0.75 sys=0.00, real=0.20 secs] 
2016-01-06T00:57:22.816-0800: 78.937: [GC pause (young)
Desired survivor size 31981568 bytes, new threshold 15 (max 15)
- age   1:   17831224 bytes,   17831224 total
- age   2:      36864 bytes,   17868088 total
2016-01-06T00:57:23.009-0800: 79.130: [SoftReference, 0 refs, 0.0006250 secs]2016-01-06T00:57:23.010-0800: 79.131: [WeakReference, 0 refs, 0.0003750 secs]2016-01-06T00:57:23.010-0800: 79.131: [FinalReference, 0 refs, 0.0003460 secs]2016-01-06T00:57:23.011-0800: 79.131: [PhantomReference, 0 refs, 14987 refs, 0.0011820 secs]2016-01-06T00:57:23.012-0800: 79.133: [JNI Weak Reference, 0.0000130 secs], 0.1973310 secs]
   [Parallel Time: 4.3 ms, GC Workers: 4]
      [GC Worker Start (ms): Min: 78937.4, Avg: 78937.4, Max: 78937.4, Diff: 0.1]
      [Ext Root Scanning (ms): Min: 0.3, Avg: 0.4, Max: 0.4, Diff: 0.0, Sum: 1.4]
      [SATB Filtering (ms): Min: 0.0, Avg: 0.0, Max: 0.0, Diff: 0.0, Sum: 0.0]
      [Update RS (ms): Min: 0.0, Avg: 0.1, Max: 0.3, Diff: 0.3, Sum: 0.3]
         [Processed Buffers: Min: 0, Avg: 1.2, Max: 3, Diff: 3, Sum: 5]
      [Scan RS (ms): Min: 0.1, Avg: 0.2, Max: 0.3, Diff: 0.2, Sum: 1.0]
      [Code Root Scanning (ms): Min: 0.0, Avg: 0.0, Max: 0.0, Diff: 0.0, Sum: 0.1]
      [Object Copy (ms): Min: 3.3, Avg: 3.4, Max: 3.4, Diff: 0.0, Sum: 13.4]
      [Termination (ms): Min: 0.0, Avg: 0.0, Max: 0.0, Diff: 0.0, Sum: 0.0]
      [GC Worker Other (ms): Min: 0.0, Avg: 0.0, Max: 0.1, Diff: 0.0, Sum: 0.1]
      [GC Worker Total (ms): Min: 4.0, Avg: 4.1, Max: 4.1, Diff: 0.1, Sum: 16.4]
      [GC Worker End (ms): Min: 78941.5, Avg: 78941.5, Max: 78941.5, Diff: 0.0]
   [Code Root Fixup: 0.0 ms]
   [Code Root Migration: 0.1 ms]
   [Clear CT: 0.3 ms]
   [Other: 192.7 ms]
      [Choose CSet: 0.0 ms]
      [Ref Proc: 191.0 ms]
      [Ref Enq: 1.0 ms]
      [Free CSet: 0.6 ms]
   [Eden: 467.0M(467.0M)->0.0B(652.0M) Survivors: 19.0M->19.0M Heap: 2429.0M(4096.0M)->1961.5M(4096.0M)]
 [Times: user=0.72 sys=0.00, real=0.20 secs] 
2016-01-06T00:57:23.106-0800: 79.226: [GC pause (young)
Desired survivor size 44040192 bytes, new threshold 15 (max 15)
- age   1:   17889256 bytes,   17889256 total
- age   2:      36864 bytes,   17926120 total
2016-01-06T00:57:23.301-0800: 79.422: [SoftReference, 0 refs, 0.0003890 secs]2016-01-06T00:57:23.302-0800: 79.423: [WeakReference, 0 refs, 0.0003280 secs]2016-01-06T00:57:23.302-0800: 79.423: [FinalReference, 0 refs, 0.0002560 secs]2016-01-06T00:57:23.302-0800: 79.423: [PhantomReference, 0 refs, 20722 refs, 0.0009220 secs]2016-01-06T00:57:23.303-0800: 79.424: [JNI Weak Reference, 0.0000110 secs], 0.2008840 secs]
   [Parallel Time: 5.2 ms, GC Workers: 4]
      [GC Worker Start (ms): Min: 79226.6, Avg: 79227.8, Max: 79231.5, Diff: 5.0]
      [Ext Root Scanning (ms): Min: 0.0, Avg: 0.3, Max: 0.5, Diff: 0.5, Sum: 1.3]
      [SATB Filtering (ms): Min: 0.0, Avg: 0.0, Max: 0.0, Diff: 0.0, Sum: 0.0]
      [Update RS (ms): Min: 0.0, Avg: 0.0, Max: 0.2, Diff: 0.2, Sum: 0.2]
         [Processed Buffers: Min: 0, Avg: 1.2, Max: 3, Diff: 3, Sum: 5]
      [Scan RS (ms): Min: 0.1, Avg: 0.3, Max: 0.4, Diff: 0.3, Sum: 1.2]
      [Code Root Scanning (ms): Min: 0.0, Avg: 0.0, Max: 0.0, Diff: 0.0, Sum: 0.1]
      [Object Copy (ms): Min: 0.0, Avg: 2.9, Max: 3.9, Diff: 3.9, Sum: 11.8]
      [Termination (ms): Min: 0.0, Avg: 0.2, Max: 0.3, Diff: 0.3, Sum: 0.9]
      [GC Worker Other (ms): Min: 0.0, Avg: 0.0, Max: 0.0, Diff: 0.0, Sum: 0.0]
      [GC Worker Total (ms): Min: 0.1, Avg: 3.9, Max: 5.1, Diff: 5.0, Sum: 15.4]
      [GC Worker End (ms): Min: 79231.7, Avg: 79231.7, Max: 79231.7, Diff: 0.0]
   [Code Root Fixup: 0.0 ms]
   [Code Root Migration: 0.1 ms]
   [Clear CT: 0.2 ms]
   [Other: 195.4 ms]
      [Choose CSet: 0.0 ms]
      [Ref Proc: 192.5 ms]
      [Ref Enq: 2.0 ms]
      [Free CSet: 0.8 ms]
   [Eden: 652.0M(652.0M)->0.0B(424.0M) Survivors: 19.0M->20.0M Heap: 2613.5M(4096.0M)->1962.5M(4096.0M)]
 [Times: user=0.72 sys=0.00, real=0.20 secs] 
2016-01-06T00:57:23.366-0800: 79.487: [GC pause (young)
Desired survivor size 29360128 bytes, new threshold 15 (max 15)
- age   1:   18302176 bytes,   18302176 total
- age   2:      36864 bytes,   18339040 total
2016-01-06T00:57:23.571-0800: 79.692: [SoftReference, 0 refs, 0.0004100 secs]2016-01-06T00:57:23.571-0800: 79.692: [WeakReference, 0 refs, 0.0003710 secs]2016-01-06T00:57:23.572-0800: 79.692: [FinalReference, 0 refs, 0.0002730 secs]2016-01-06T00:57:23.572-0800: 79.693: [PhantomReference, 0 refs, 13653 refs, 0.0008530 secs]2016-01-06T00:57:23.573-0800: 79.694: [JNI Weak Reference, 0.0000080 secs], 0.2081350 secs]
   [Parallel Time: 4.8 ms, GC Workers: 4]
      [GC Worker Start (ms): Min: 79487.4, Avg: 79487.5, Max: 79487.5, Diff: 0.1]
      [Ext Root Scanning (ms): Min: 0.3, Avg: 0.4, Max: 0.4, Diff: 0.1, Sum: 1.4]
      [SATB Filtering (ms): Min: 0.0, Avg: 0.0, Max: 0.0, Diff: 0.0, Sum: 0.0]
      [Update RS (ms): Min: 0.0, Avg: 0.1, Max: 0.2, Diff: 0.2, Sum: 0.3]
         [Processed Buffers: Min: 0, Avg: 1.2, Max: 3, Diff: 3, Sum: 5]
      [Scan RS (ms): Min: 0.1, Avg: 0.2, Max: 0.3, Diff: 0.1, Sum: 0.8]
      [Code Root Scanning (ms): Min: 0.0, Avg: 0.0, Max: 0.0, Diff: 0.0, Sum: 0.1]
      [Object Copy (ms): Min: 3.9, Avg: 4.0, Max: 4.0, Diff: 0.0, Sum: 15.8]
      [Termination (ms): Min: 0.0, Avg: 0.0, Max: 0.0, Diff: 0.0, Sum: 0.0]
      [GC Worker Other (ms): Min: 0.0, Avg: 0.0, Max: 0.1, Diff: 0.0, Sum: 0.2]
      [GC Worker Total (ms): Min: 4.6, Avg: 4.7, Max: 4.7, Diff: 0.1, Sum: 18.6]
      [GC Worker End (ms): Min: 79492.1, Avg: 79492.1, Max: 79492.2, Diff: 0.0]
   [Code Root Fixup: 0.0 ms]
   [Code Root Migration: 0.1 ms]
   [Clear CT: 0.1 ms]
   [Other: 203.1 ms]
      [Choose CSet: 0.0 ms]
      [Ref Proc: 201.5 ms]
      [Ref Enq: 1.0 ms]
      [Free CSet: 0.6 ms]
   [Eden: 424.0M(424.0M)->0.0B(185.0M) Survivors: 20.0M->19.0M Heap: 2386.5M(4096.0M)->1962.0M(4096.0M)]
 [Times: user=0.78 sys=0.00, real=0.20 secs] 
2016-01-06T00:57:23.601-0800: 79.722: [GC pause (young)
Desired survivor size 13631488 bytes, new threshold 1 (max 15)
- age   1:   17793280 bytes,   17793280 total
- age   2:      36864 bytes,   17830144 total
2016-01-06T00:57:23.814-0800: 79.935: [SoftReference, 0 refs, 0.0006120 secs]2016-01-06T00:57:23.814-0800: 79.935: [WeakReference, 0 refs, 0.0002350 secs]2016-01-06T00:57:23.815-0800: 79.935: [FinalReference, 0 refs, 0.0003750 secs]2016-01-06T00:57:23.815-0800: 79.936: [PhantomReference, 0 refs, 6243 refs, 0.0007040 secs]2016-01-06T00:57:23.816-0800: 79.937: [JNI Weak Reference, 0.0000120 secs], 0.2157920 secs]
   [Parallel Time: 2.9 ms, GC Workers: 4]
      [GC Worker Start (ms): Min: 79721.9, Avg: 79721.9, Max: 79721.9, Diff: 0.1]
      [Ext Root Scanning (ms): Min: 0.3, Avg: 0.4, Max: 0.4, Diff: 0.1, Sum: 1.4]
      [SATB Filtering (ms): Min: 0.0, Avg: 0.0, Max: 0.0, Diff: 0.0, Sum: 0.0]
      [Update RS (ms): Min: 0.0, Avg: 0.1, Max: 0.2, Diff: 0.2, Sum: 0.3]
         [Processed Buffers: Min: 0, Avg: 1.5, Max: 3, Diff: 3, Sum: 6]
      [Scan RS (ms): Min: 0.0, Avg: 0.1, Max: 0.1, Diff: 0.1, Sum: 0.4]
      [Code Root Scanning (ms): Min: 0.0, Avg: 0.0, Max: 0.0, Diff: 0.0, Sum: 0.0]
      [Object Copy (ms): Min: 2.3, Avg: 2.3, Max: 2.3, Diff: 0.0, Sum: 9.2]
      [Termination (ms): Min: 0.0, Avg: 0.0, Max: 0.0, Diff: 0.0, Sum: 0.0]
      [GC Worker Other (ms): Min: 0.0, Avg: 0.0, Max: 0.0, Diff: 0.0, Sum: 0.1]
      [GC Worker Total (ms): Min: 2.8, Avg: 2.8, Max: 2.9, Diff: 0.1, Sum: 11.4]
      [GC Worker End (ms): Min: 79724.8, Avg: 79724.8, Max: 79724.8, Diff: 0.0]
   [Code Root Fixup: 0.0 ms]
   [Code Root Migration: 0.0 ms]
   [Clear CT: 0.1 ms]
   [Other: 212.7 ms]
      [Choose CSet: 0.0 ms]
      [Ref Proc: 211.8 ms]
      [Ref Enq: 0.6 ms]
      [Free CSet: 0.3 ms]
   [Eden: 185.0M(185.0M)->0.0B(185.0M) Survivors: 19.0M->19.0M Heap: 2147.0M(4096.0M)->1961.6M(4096.0M)]
 [Times: user=0.78 sys=0.01, real=0.21 secs] 
2016-01-06T00:57:23.843-0800: 79.964: [GC pause (young)
Desired survivor size 13631488 bytes, new threshold 1 (max 15)
- age   1:   17259832 bytes,   17259832 total
2016-01-06T00:57:24.034-0800: 80.155: [SoftReference, 0 refs, 0.0005740 secs]2016-01-06T00:57:24.035-0800: 80.156: [WeakReference, 0 refs, 0.0003090 secs]2016-01-06T00:57:24.035-0800: 80.156: [FinalReference, 0 refs, 0.0002110 secs]2016-01-06T00:57:24.036-0800: 80.156: [PhantomReference, 0 refs, 6243 refs, 0.0006250 secs]2016-01-06T00:57:24.036-0800: 80.157: [JNI Weak Reference, 0.0000120 secs], 0.1945970 secs]
   [Parallel Time: 2.2 ms, GC Workers: 4]
      [GC Worker Start (ms): Min: 79963.6, Avg: 79963.6, Max: 79963.7, Diff: 0.1]
      [Ext Root Scanning (ms): Min: 0.3, Avg: 0.4, Max: 0.4, Diff: 0.1, Sum: 1.4]
      [SATB Filtering (ms): Min: 0.0, Avg: 0.0, Max: 0.0, Diff: 0.0, Sum: 0.0]
      [Update RS (ms): Min: 0.0, Avg: 0.1, Max: 0.3, Diff: 0.3, Sum: 0.4]
         [Processed Buffers: Min: 0, Avg: 1.5, Max: 3, Diff: 3, Sum: 6]
      [Scan RS (ms): Min: 0.0, Avg: 0.1, Max: 0.1, Diff: 0.1, Sum: 0.3]
      [Code Root Scanning (ms): Min: 0.0, Avg: 0.0, Max: 0.0, Diff: 0.0, Sum: 0.1]
      [Object Copy (ms): Min: 1.5, Avg: 1.6, Max: 1.6, Diff: 0.1, Sum: 6.2]
      [Termination (ms): Min: 0.0, Avg: 0.0, Max: 0.0, Diff: 0.0, Sum: 0.0]
      [GC Worker Other (ms): Min: 0.0, Avg: 0.0, Max: 0.0, Diff: 0.0, Sum: 0.1]
      [GC Worker Total (ms): Min: 2.1, Avg: 2.1, Max: 2.2, Diff: 0.1, Sum: 8.5]
      [GC Worker End (ms): Min: 79965.8, Avg: 79965.8, Max: 79965.8, Diff: 0.0]
   [Code Root Fixup: 0.0 ms]
   [Code Root Migration: 0.0 ms]
   [Clear CT: 0.1 ms]
   [Other: 192.2 ms]
      [Choose CSet: 0.0 ms]
      [Ref Proc: 191.3 ms]
      [Ref Enq: 0.5 ms]
      [Free CSet: 0.4 ms]
   [Eden: 185.0M(185.0M)->0.0B(191.0M) Survivors: 19.0M->13.0M Heap: 2146.6M(4096.0M)->1955.6M(4096.0M)]
 [Times: user=0.75 sys=0.00, real=0.20 secs] 
2016-01-06T00:57:24.064-0800: 80.185: [GC pause (young)
Desired survivor size 13631488 bytes, new threshold 15 (max 15)
- age   1:   11251576 bytes,   11251576 total
2016-01-06T00:57:24.258-0800: 80.379: [SoftReference, 0 refs, 0.0004030 secs]2016-01-06T00:57:24.258-0800: 80.379: [WeakReference, 0 refs, 0.0002230 secs]2016-01-06T00:57:24.258-0800: 80.379: [FinalReference, 0 refs, 0.0003570 secs]2016-01-06T00:57:24.259-0800: 80.380: [PhantomReference, 0 refs, 6428 refs, 0.0005960 secs]2016-01-06T00:57:24.259-0800: 80.380: [JNI Weak Reference, 0.0000080 secs], 0.1962320 secs]
   [Parallel Time: 3.1 ms, GC Workers: 4]
      [GC Worker Start (ms): Min: 80185.2, Avg: 80185.4, Max: 80185.9, Diff: 0.7]
      [Ext Root Scanning (ms): Min: 0.0, Avg: 0.3, Max: 0.4, Diff: 0.4, Sum: 1.3]
      [SATB Filtering (ms): Min: 0.0, Avg: 0.0, Max: 0.0, Diff: 0.0, Sum: 0.0]
      [Update RS (ms): Min: 0.0, Avg: 0.1, Max: 0.2, Diff: 0.2, Sum: 0.3]
         [Processed Buffers: Min: 0, Avg: 1.5, Max: 4, Diff: 4, Sum: 6]
      [Scan RS (ms): Min: 0.0, Avg: 0.1, Max: 0.1, Diff: 0.1, Sum: 0.4]
      [Code Root Scanning (ms): Min: 0.0, Avg: 0.0, Max: 0.0, Diff: 0.0, Sum: 0.1]
      [Object Copy (ms): Min: 2.3, Avg: 2.3, Max: 2.3, Diff: 0.0, Sum: 9.2]
      [Termination (ms): Min: 0.0, Avg: 0.0, Max: 0.0, Diff: 0.0, Sum: 0.0]
      [GC Worker Other (ms): Min: 0.0, Avg: 0.0, Max: 0.0, Diff: 0.0, Sum: 0.1]
      [GC Worker Total (ms): Min: 2.3, Avg: 2.8, Max: 3.0, Diff: 0.7, Sum: 11.2]
      [GC Worker End (ms): Min: 80188.2, Avg: 80188.2, Max: 80188.2, Diff: 0.0]
   [Code Root Fixup: 0.0 ms]
   [Code Root Migration: 0.0 ms]
   [Clear CT: 0.1 ms]
   [Other: 193.0 ms]
      [Choose CSet: 0.0 ms]
      [Ref Proc: 192.1 ms]
      [Ref Enq: 0.5 ms]
      [Free CSet: 0.3 ms]
   [Eden: 191.0M(191.0M)->0.0B(185.0M) Survivors: 13.0M->19.0M Heap: 2146.6M(4096.0M)->1961.6M(4096.0M)]
 [Times: user=0.74 sys=0.01, real=0.20 secs] 
2016-01-06T00:57:24.287-0800: 80.407: [GC pause (young)
Desired survivor size 13631488 bytes, new threshold 1 (max 15)
- age   1:   17273224 bytes,   17273224 total
- age   2:      36864 bytes,   17310088 total
2016-01-06T00:57:24.479-0800: 80.600: [SoftReference, 0 refs, 0.0004930 secs]2016-01-06T00:57:24.480-0800: 80.601: [WeakReference, 0 refs, 0.0002050 secs]2016-01-06T00:57:24.480-0800: 80.601: [FinalReference, 0 refs, 0.0002410 secs]2016-01-06T00:57:24.480-0800: 80.601: [PhantomReference, 0 refs, 6246 refs, 0.0007700 secs]2016-01-06T00:57:24.481-0800: 80.602: [JNI Weak Reference, 0.0000110 secs], 0.1955580 secs]
   [Parallel Time: 2.9 ms, GC Workers: 4]
      [GC Worker Start (ms): Min: 80407.5, Avg: 80408.1, Max: 80409.9, Diff: 2.4]
      [Ext Root Scanning (ms): Min: 0.0, Avg: 0.3, Max: 0.4, Diff: 0.4, Sum: 1.2]
      [SATB Filtering (ms): Min: 0.0, Avg: 0.0, Max: 0.0, Diff: 0.0, Sum: 0.0]
      [Update RS (ms): Min: 0.0, Avg: 0.1, Max: 0.3, Diff: 0.3, Sum: 0.3]
         [Processed Buffers: Min: 0, Avg: 1.5, Max: 5, Diff: 5, Sum: 6]
      [Scan RS (ms): Min: 0.0, Avg: 0.1, Max: 0.2, Diff: 0.1, Sum: 0.3]
      [Code Root Scanning (ms): Min: 0.0, Avg: 0.0, Max: 0.0, Diff: 0.0, Sum: 0.0]
      [Object Copy (ms): Min: 0.3, Avg: 1.7, Max: 2.2, Diff: 1.9, Sum: 6.8]
      [Termination (ms): Min: 0.0, Avg: 0.0, Max: 0.0, Diff: 0.0, Sum: 0.0]
      [GC Worker Other (ms): Min: 0.0, Avg: 0.0, Max: 0.0, Diff: 0.0, Sum: 0.1]
      [GC Worker Total (ms): Min: 0.4, Avg: 2.2, Max: 2.8, Diff: 2.4, Sum: 8.8]
      [GC Worker End (ms): Min: 80410.3, Avg: 80410.3, Max: 80410.3, Diff: 0.0]
   [Code Root Fixup: 0.0 ms]
   [Code Root Migration: 0.0 ms]
   [Clear CT: 0.1 ms]
   [Other: 192.5 ms]
      [Choose CSet: 0.0 ms]
      [Ref Proc: 191.6 ms]
      [Ref Enq: 0.5 ms]
      [Free CSet: 0.3 ms]
   [Eden: 185.0M(185.0M)->0.0B(185.0M) Survivors: 19.0M->19.0M Heap: 2146.6M(4096.0M)->1961.7M(4096.0M)]
 [Times: user=0.73 sys=0.01, real=0.19 secs] 
2016-01-06T00:57:24.508-0800: 80.629: [GC pause (young)
Desired survivor size 13631488 bytes, new threshold 1 (max 15)
- age   1:   17259832 bytes,   17259832 total
2016-01-06T00:57:24.697-0800: 80.818: [SoftReference, 0 refs, 0.0004800 secs]2016-01-06T00:57:24.697-0800: 80.818: [WeakReference, 0 refs, 0.0002760 secs]2016-01-06T00:57:24.698-0800: 80.819: [FinalReference, 0 refs, 0.0002220 secs]2016-01-06T00:57:24.698-0800: 80.819: [PhantomReference, 0 refs, 6244 refs, 0.0005910 secs]2016-01-06T00:57:24.699-0800: 80.819: [JNI Weak Reference, 0.0000090 secs], 0.1912330 secs]
   [Parallel Time: 3.2 ms, GC Workers: 4]
      [GC Worker Start (ms): Min: 80629.4, Avg: 80629.4, Max: 80629.4, Diff: 0.1]
      [Ext Root Scanning (ms): Min: 0.3, Avg: 0.4, Max: 0.4, Diff: 0.1, Sum: 1.4]
      [SATB Filtering (ms): Min: 0.0, Avg: 0.0, Max: 0.0, Diff: 0.0, Sum: 0.0]
      [Update RS (ms): Min: 0.0, Avg: 0.1, Max: 0.3, Diff: 0.3, Sum: 0.4]
         [Processed Buffers: Min: 0, Avg: 1.2, Max: 2, Diff: 2, Sum: 5]
      [Scan RS (ms): Min: 0.0, Avg: 0.1, Max: 0.1, Diff: 0.1, Sum: 0.4]
      [Code Root Scanning (ms): Min: 0.0, Avg: 0.0, Max: 0.0, Diff: 0.0, Sum: 0.0]
      [Object Copy (ms): Min: 2.2, Avg: 2.3, Max: 2.5, Diff: 0.3, Sum: 9.2]
      [Termination (ms): Min: 0.0, Avg: 0.2, Max: 0.2, Diff: 0.2, Sum: 0.7]
      [GC Worker Other (ms): Min: 0.0, Avg: 0.0, Max: 0.0, Diff: 0.0, Sum: 0.0]
      [GC Worker Total (ms): Min: 3.0, Avg: 3.0, Max: 3.1, Diff: 0.1, Sum: 12.1]
      [GC Worker End (ms): Min: 80632.4, Avg: 80632.4, Max: 80632.4, Diff: 0.0]
   [Code Root Fixup: 0.0 ms]
   [Code Root Migration: 0.0 ms]
   [Clear CT: 0.1 ms]
   [Other: 188.0 ms]
      [Choose CSet: 0.0 ms]
      [Ref Proc: 187.0 ms]
      [Ref Enq: 0.6 ms]
      [Free CSet: 0.3 ms]
   [Eden: 185.0M(185.0M)->0.0B(458.0M) Survivors: 19.0M->19.0M Heap: 2146.7M(4096.0M)->1961.7M(4096.0M)]
 [Times: user=0.74 sys=0.00, real=0.19 secs] 
2016-01-06T00:57:24.763-0800: 80.884: [GC pause (young)
Desired survivor size 31457280 bytes, new threshold 15 (max 15)
- age   1:   17259832 bytes,   17259832 total
2016-01-06T00:57:24.956-0800: 81.077: [SoftReference, 0 refs, 0.0004410 secs]2016-01-06T00:57:24.956-0800: 81.077: [WeakReference, 0 refs, 0.0002390 secs]2016-01-06T00:57:24.956-0800: 81.077: [FinalReference, 0 refs, 0.0003280 secs]2016-01-06T00:57:24.957-0800: 81.078: [PhantomReference, 0 refs, 14706 refs, 0.0006710 secs]2016-01-06T00:57:24.957-0800: 81.078: [JNI Weak Reference, 0.0000110 secs], 0.1963660 secs]
   [Parallel Time: 4.0 ms, GC Workers: 4]
      [GC Worker Start (ms): Min: 80884.4, Avg: 80884.4, Max: 80884.5, Diff: 0.1]
      [Ext Root Scanning (ms): Min: 0.3, Avg: 0.4, Max: 0.4, Diff: 0.1, Sum: 1.4]
      [SATB Filtering (ms): Min: 0.0, Avg: 0.0, Max: 0.0, Diff: 0.0, Sum: 0.0]
      [Update RS (ms): Min: 0.0, Avg: 0.1, Max: 0.3, Diff: 0.3, Sum: 0.4]
         [Processed Buffers: Min: 1, Avg: 1.8, Max: 3, Diff: 2, Sum: 7]
      [Scan RS (ms): Min: 0.1, Avg: 0.2, Max: 0.3, Diff: 0.2, Sum: 0.8]
      [Code Root Scanning (ms): Min: 0.0, Avg: 0.0, Max: 0.0, Diff: 0.0, Sum: 0.1]
      [Object Copy (ms): Min: 3.2, Avg: 3.2, Max: 3.2, Diff: 0.0, Sum: 12.7]
      [Termination (ms): Min: 0.0, Avg: 0.0, Max: 0.0, Diff: 0.0, Sum: 0.0]
      [GC Worker Other (ms): Min: 0.0, Avg: 0.0, Max: 0.0, Diff: 0.0, Sum: 0.1]
      [GC Worker Total (ms): Min: 3.8, Avg: 3.9, Max: 3.9, Diff: 0.1, Sum: 15.5]
      [GC Worker End (ms): Min: 80888.3, Avg: 80888.3, Max: 80888.3, Diff: 0.0]
   [Code Root Fixup: 0.0 ms]
   [Code Root Migration: 0.1 ms]
   [Clear CT: 0.2 ms]
   [Other: 192.2 ms]
      [Choose CSet: 0.0 ms]
      [Ref Proc: 190.0 ms]
      [Ref Enq: 1.4 ms]
      [Free CSet: 0.6 ms]
   [Eden: 458.0M(458.0M)->0.0B(748.0M) Survivors: 19.0M->20.0M Heap: 2419.7M(4096.0M)->1962.7M(4096.0M)]
 [Times: user=0.75 sys=0.00, real=0.20 secs] 
2016-01-06T00:57:25.074-0800: 81.195: [GC pause (young)
Desired survivor size 50331648 bytes, new threshold 15 (max 15)
- age   1:   17869168 bytes,   17869168 total
- age   2:      36864 bytes,   17906032 total
2016-01-06T00:57:25.251-0800: 81.372: [SoftReference, 0 refs, 0.0004890 secs]2016-01-06T00:57:25.251-0800: 81.372: [WeakReference, 0 refs, 0.0003650 secs]2016-01-06T00:57:25.252-0800: 81.372: [FinalReference, 0 refs, 0.0002490 secs]2016-01-06T00:57:25.252-0800: 81.373: [PhantomReference, 0 refs, 23697 refs, 0.0010670 secs]2016-01-06T00:57:25.253-0800: 81.374: [JNI Weak Reference, 0.0000090 secs], 0.1822620 secs]
   [Parallel Time: 6.0 ms, GC Workers: 4]
      [GC Worker Start (ms): Min: 81194.6, Avg: 81194.6, Max: 81194.6, Diff: 0.1]
      [Ext Root Scanning (ms): Min: 0.3, Avg: 0.4, Max: 0.4, Diff: 0.0, Sum: 1.4]
      [SATB Filtering (ms): Min: 0.0, Avg: 0.0, Max: 0.0, Diff: 0.0, Sum: 0.0]
      [Update RS (ms): Min: 0.0, Avg: 0.1, Max: 0.3, Diff: 0.3, Sum: 0.3]
         [Processed Buffers: Min: 0, Avg: 1.5, Max: 4, Diff: 4, Sum: 6]
      [Scan RS (ms): Min: 0.2, Avg: 0.3, Max: 0.4, Diff: 0.2, Sum: 1.4]
      [Code Root Scanning (ms): Min: 0.0, Avg: 0.0, Max: 0.0, Diff: 0.0, Sum: 0.1]
      [Object Copy (ms): Min: 5.0, Avg: 5.0, Max: 5.0, Diff: 0.0, Sum: 20.0]
      [Termination (ms): Min: 0.0, Avg: 0.0, Max: 0.0, Diff: 0.0, Sum: 0.0]
      [GC Worker Other (ms): Min: 0.0, Avg: 0.0, Max: 0.1, Diff: 0.0, Sum: 0.1]
      [GC Worker Total (ms): Min: 5.8, Avg: 5.9, Max: 5.9, Diff: 0.1, Sum: 23.4]
      [GC Worker End (ms): Min: 81200.4, Avg: 81200.4, Max: 81200.5, Diff: 0.0]
   [Code Root Fixup: 0.0 ms]
   [Code Root Migration: 0.1 ms]
   [Clear CT: 0.2 ms]
   [Other: 176.0 ms]
      [Choose CSet: 0.0 ms]
      [Ref Proc: 173.3 ms]
      [Ref Enq: 1.8 ms]
      [Free CSet: 0.9 ms]
   [Eden: 748.0M(748.0M)->0.0B(1694.0M) Survivors: 20.0M->20.0M Heap: 2710.7M(4096.0M)->1963.2M(4096.0M)]
 [Times: user=0.63 sys=0.00, real=0.18 secs] 
2016-01-06T00:57:25.496-0800: 81.617: [GC pause (young)
Desired survivor size 112721920 bytes, new threshold 15 (max 15)
- age   1:   18516448 bytes,   18516448 total
- age   2:      36864 bytes,   18553312 total
2016-01-06T00:57:25.697-0800: 81.817: [SoftReference, 0 refs, 0.0004390 secs]2016-01-06T00:57:25.697-0800: 81.818: [WeakReference, 0 refs, 0.0002670 secs]2016-01-06T00:57:25.697-0800: 81.818: [FinalReference, 0 refs, 0.0002450 secs]2016-01-06T00:57:25.698-0800: 81.818: [PhantomReference, 0 refs, 53024 refs, 0.0016710 secs]2016-01-06T00:57:25.699-0800: 81.820: [JNI Weak Reference, 0.0000120 secs], 0.2097400 secs]
   [Parallel Time: 12.0 ms, GC Workers: 4]
      [GC Worker Start (ms): Min: 81616.9, Avg: 81617.0, Max: 81617.0, Diff: 0.1]
      [Ext Root Scanning (ms): Min: 0.3, Avg: 0.4, Max: 0.4, Diff: 0.0, Sum: 1.4]
      [SATB Filtering (ms): Min: 0.0, Avg: 0.0, Max: 0.0, Diff: 0.0, Sum: 0.0]
      [Update RS (ms): Min: 0.0, Avg: 0.1, Max: 0.2, Diff: 0.2, Sum: 0.3]
         [Processed Buffers: Min: 0, Avg: 1.2, Max: 2, Diff: 2, Sum: 5]
      [Scan RS (ms): Min: 0.8, Avg: 1.4, Max: 2.8, Diff: 2.0, Sum: 5.5]
      [Code Root Scanning (ms): Min: 0.1, Avg: 0.1, Max: 0.2, Diff: 0.1, Sum: 0.5]
      [Object Copy (ms): Min: 8.4, Avg: 9.9, Max: 10.4, Diff: 2.0, Sum: 39.5]
      [Termination (ms): Min: 0.0, Avg: 0.0, Max: 0.0, Diff: 0.0, Sum: 0.0]
      [GC Worker Other (ms): Min: 0.0, Avg: 0.1, Max: 0.1, Diff: 0.1, Sum: 0.3]
      [GC Worker Total (ms): Min: 11.8, Avg: 11.8, Max: 11.9, Diff: 0.0, Sum: 47.4]
      [GC Worker End (ms): Min: 81628.8, Avg: 81628.8, Max: 81628.9, Diff: 0.1]
   [Code Root Fixup: 0.0 ms]
   [Code Root Migration: 0.2 ms]
   [Clear CT: 0.4 ms]
   [Other: 197.1 ms]
      [Choose CSet: 0.0 ms]
      [Ref Proc: 191.3 ms]
      [Ref Enq: 4.0 ms]
      [Free CSet: 1.8 ms]
   [Eden: 1694.0M(1694.0M)->0.0B(195.0M) Survivors: 20.0M->9216.0K Heap: 3657.2M(4096.0M)->1951.7M(4096.0M)]
 [Times: user=0.79 sys=0.01, real=0.22 secs] 
2016-01-06T00:57:25.736-0800: 81.857: [GC pause (young)
Desired survivor size 13631488 bytes, new threshold 15 (max 15)
- age   1:    7101136 bytes,    7101136 total
- age   2:      36864 bytes,    7138000 total
2016-01-06T00:57:25.928-0800: 82.049: [SoftReference, 0 refs, 0.0005380 secs]2016-01-06T00:57:25.928-0800: 82.049: [WeakReference, 0 refs, 0.0002490 secs]2016-01-06T00:57:25.928-0800: 82.049: [FinalReference, 0 refs, 0.0002730 secs]2016-01-06T00:57:25.929-0800: 82.050: [PhantomReference, 0 refs, 6555 refs, 0.0006160 secs]2016-01-06T00:57:25.929-0800: 82.050: [JNI Weak Reference, 0.0000080 secs], 0.1939410 secs]
   [Parallel Time: 3.0 ms, GC Workers: 4]
      [GC Worker Start (ms): Min: 81857.5, Avg: 81857.5, Max: 81857.5, Diff: 0.1]
      [Ext Root Scanning (ms): Min: 0.3, Avg: 0.4, Max: 0.4, Diff: 0.1, Sum: 1.4]
      [SATB Filtering (ms): Min: 0.0, Avg: 0.0, Max: 0.0, Diff: 0.0, Sum: 0.0]
      [Update RS (ms): Min: 0.0, Avg: 0.1, Max: 0.3, Diff: 0.3, Sum: 0.3]
         [Processed Buffers: Min: 0, Avg: 1.2, Max: 3, Diff: 3, Sum: 5]
      [Scan RS (ms): Min: 0.0, Avg: 0.1, Max: 0.1, Diff: 0.1, Sum: 0.4]
      [Code Root Scanning (ms): Min: 0.0, Avg: 0.0, Max: 0.0, Diff: 0.0, Sum: 0.1]
      [Object Copy (ms): Min: 2.2, Avg: 2.3, Max: 2.4, Diff: 0.2, Sum: 9.3]
      [Termination (ms): Min: 0.0, Avg: 0.0, Max: 0.0, Diff: 0.0, Sum: 0.0]
      [GC Worker Other (ms): Min: 0.0, Avg: 0.0, Max: 0.0, Diff: 0.0, Sum: 0.1]
      [GC Worker Total (ms): Min: 2.9, Avg: 2.9, Max: 2.9, Diff: 0.1, Sum: 11.6]
      [GC Worker End (ms): Min: 81860.4, Avg: 81860.4, Max: 81860.4, Diff: 0.0]
   [Code Root Fixup: 0.0 ms]
   [Code Root Migration: 0.0 ms]
   [Clear CT: 0.1 ms]
   [Other: 190.8 ms]
      [Choose CSet: 0.0 ms]
      [Ref Proc: 189.9 ms]
      [Ref Enq: 0.5 ms]
      [Free CSet: 0.3 ms]
   [Eden: 195.0M(195.0M)->0.0B(185.0M) Survivors: 9216.0K->19.0M Heap: 2146.7M(4096.0M)->1961.7M(4096.0M)]
 [Times: user=0.70 sys=0.00, real=0.20 secs] 
2016-01-06T00:57:25.957-0800: 82.078: [GC pause (young)
Desired survivor size 13631488 bytes, new threshold 1 (max 15)
- age   1:   17282152 bytes,   17282152 total
- age   2:      36864 bytes,   17319016 total
2016-01-06T00:57:26.148-0800: 82.269: [SoftReference, 0 refs, 0.0004750 secs]2016-01-06T00:57:26.149-0800: 82.270: [WeakReference, 0 refs, 0.0002310 secs]2016-01-06T00:57:26.149-0800: 82.270: [FinalReference, 0 refs, 0.0003590 secs]2016-01-06T00:57:26.149-0800: 82.270: [PhantomReference, 0 refs, 6244 refs, 0.0007970 secs]2016-01-06T00:57:26.150-0800: 82.271: [JNI Weak Reference, 0.0000090 secs], 0.1944870 secs]
   [Parallel Time: 4.5 ms, GC Workers: 4]
      [GC Worker Start (ms): Min: 82077.7, Avg: 82077.7, Max: 82077.9, Diff: 0.2]
      [Ext Root Scanning (ms): Min: 0.2, Avg: 1.3, Max: 4.3, Diff: 4.1, Sum: 5.4]
      [SATB Filtering (ms): Min: 0.0, Avg: 0.0, Max: 0.0, Diff: 0.0, Sum: 0.0]
      [Update RS (ms): Min: 0.0, Avg: 0.1, Max: 0.2, Diff: 0.2, Sum: 0.2]
         [Processed Buffers: Min: 0, Avg: 1.5, Max: 3, Diff: 3, Sum: 6]
      [Scan RS (ms): Min: 0.0, Avg: 0.1, Max: 0.1, Diff: 0.1, Sum: 0.3]
      [Code Root Scanning (ms): Min: 0.0, Avg: 0.0, Max: 0.0, Diff: 0.0, Sum: 0.0]
      [Object Copy (ms): Min: 0.0, Avg: 1.8, Max: 2.4, Diff: 2.3, Sum: 7.1]
      [Termination (ms): Min: 0.0, Avg: 1.1, Max: 1.4, Diff: 1.4, Sum: 4.2]
      [GC Worker Other (ms): Min: 0.0, Avg: 0.0, Max: 0.0, Diff: 0.0, Sum: 0.0]
      [GC Worker Total (ms): Min: 4.2, Avg: 4.3, Max: 4.4, Diff: 0.2, Sum: 17.4]
      [GC Worker End (ms): Min: 82082.1, Avg: 82082.1, Max: 82082.1, Diff: 0.0]
   [Code Root Fixup: 0.0 ms]
   [Code Root Migration: 0.0 ms]
   [Clear CT: 0.1 ms]
   [Other: 189.9 ms]
      [Choose CSet: 0.0 ms]
      [Ref Proc: 188.9 ms]
      [Ref Enq: 0.6 ms]
      [Free CSet: 0.3 ms]
   [Eden: 185.0M(185.0M)->0.0B(185.0M) Survivors: 19.0M->19.0M Heap: 2146.7M(4096.0M)->1962.2M(4096.0M)]
 [Times: user=0.75 sys=0.00, real=0.20 secs] 
2016-01-06T00:57:26.177-0800: 82.298: [GC pause (young)
Desired survivor size 13631488 bytes, new threshold 1 (max 15)
- age   1:   17259832 bytes,   17259832 total
2016-01-06T00:57:26.370-0800: 82.491: [SoftReference, 0 refs, 0.0005860 secs]2016-01-06T00:57:26.370-0800: 82.491: [WeakReference, 0 refs, 0.0002390 secs]2016-01-06T00:57:26.371-0800: 82.492: [FinalReference, 0 refs, 0.0002580 secs]2016-01-06T00:57:26.371-0800: 82.492: [PhantomReference, 0 refs, 6245 refs, 0.0007040 secs]2016-01-06T00:57:26.372-0800: 82.493: [JNI Weak Reference, 0.0000080 secs], 0.1957060 secs]
   [Parallel Time: 4.1 ms, GC Workers: 4]
      [GC Worker Start (ms): Min: 82297.9, Avg: 82298.9, Max: 82301.9, Diff: 4.0]
      [Ext Root Scanning (ms): Min: 0.0, Avg: 0.3, Max: 0.4, Diff: 0.4, Sum: 1.2]
      [SATB Filtering (ms): Min: 0.0, Avg: 0.0, Max: 0.0, Diff: 0.0, Sum: 0.0]
      [Update RS (ms): Min: 0.0, Avg: 0.1, Max: 0.3, Diff: 0.3, Sum: 0.4]
         [Processed Buffers: Min: 0, Avg: 1.2, Max: 4, Diff: 4, Sum: 5]
      [Scan RS (ms): Min: 0.0, Avg: 0.1, Max: 0.1, Diff: 0.1, Sum: 0.3]
      [Code Root Scanning (ms): Min: 0.0, Avg: 0.0, Max: 0.0, Diff: 0.0, Sum: 0.0]
      [Object Copy (ms): Min: 0.0, Avg: 1.7, Max: 2.2, Diff: 2.2, Sum: 6.7]
      [Termination (ms): Min: 0.0, Avg: 0.9, Max: 1.1, Diff: 1.1, Sum: 3.4]
      [GC Worker Other (ms): Min: 0.0, Avg: 0.0, Max: 0.0, Diff: 0.0, Sum: 0.0]
      [GC Worker Total (ms): Min: 0.0, Avg: 3.0, Max: 4.0, Diff: 4.0, Sum: 12.1]
      [GC Worker End (ms): Min: 82301.9, Avg: 82302.0, Max: 82302.0, Diff: 0.0]
   [Code Root Fixup: 0.0 ms]
   [Code Root Migration: 0.0 ms]
   [Clear CT: 0.1 ms]
   [Other: 191.5 ms]
      [Choose CSet: 0.0 ms]
      [Ref Proc: 190.5 ms]
      [Ref Enq: 0.5 ms]
      [Free CSet: 0.3 ms]
   [Eden: 185.0M(185.0M)->0.0B(186.0M) Survivors: 19.0M->18.0M Heap: 2147.2M(4096.0M)->1961.3M(4096.0M)]
 [Times: user=0.75 sys=0.00, real=0.20 secs] 
2016-01-06T00:57:26.399-0800: 82.520: [GC pause (young)
Desired survivor size 13631488 bytes, new threshold 1 (max 15)
- age   1:   17259832 bytes,   17259832 total
2016-01-06T00:57:26.589-0800: 82.710: [SoftReference, 0 refs, 0.0004750 secs]2016-01-06T00:57:26.590-0800: 82.711: [WeakReference, 0 refs, 0.0002690 secs]2016-01-06T00:57:26.590-0800: 82.711: [FinalReference, 0 refs, 0.0002350 secs]2016-01-06T00:57:26.590-0800: 82.711: [PhantomReference, 0 refs, 6274 refs, 0.0006080 secs]2016-01-06T00:57:26.591-0800: 82.712: [JNI Weak Reference, 0.0000090 secs], 0.1935340 secs]
   [Parallel Time: 3.0 ms, GC Workers: 4]
      [GC Worker Start (ms): Min: 82519.6, Avg: 82519.7, Max: 82519.7, Diff: 0.1]
      [Ext Root Scanning (ms): Min: 0.3, Avg: 0.4, Max: 0.4, Diff: 0.1, Sum: 1.4]
      [SATB Filtering (ms): Min: 0.0, Avg: 0.0, Max: 0.0, Diff: 0.0, Sum: 0.0]
      [Update RS (ms): Min: 0.0, Avg: 0.1, Max: 0.3, Diff: 0.3, Sum: 0.4]
         [Processed Buffers: Min: 0, Avg: 1.2, Max: 2, Diff: 2, Sum: 5]
      [Scan RS (ms): Min: 0.0, Avg: 0.1, Max: 0.1, Diff: 0.1, Sum: 0.3]
      [Code Root Scanning (ms): Min: 0.0, Avg: 0.0, Max: 0.0, Diff: 0.0, Sum: 0.1]
      [Object Copy (ms): Min: 2.3, Avg: 2.3, Max: 2.3, Diff: 0.1, Sum: 9.2]
      [Termination (ms): Min: 0.0, Avg: 0.0, Max: 0.0, Diff: 0.0, Sum: 0.0]
      [GC Worker Other (ms): Min: 0.0, Avg: 0.0, Max: 0.0, Diff: 0.0, Sum: 0.1]
      [GC Worker Total (ms): Min: 2.8, Avg: 2.9, Max: 2.9, Diff: 0.1, Sum: 11.5]
      [GC Worker End (ms): Min: 82522.5, Avg: 82522.5, Max: 82522.5, Diff: 0.0]
   [Code Root Fixup: 0.0 ms]
   [Code Root Migration: 0.0 ms]
   [Clear CT: 0.1 ms]
   [Other: 190.4 ms]
      [Choose CSet: 0.0 ms]
      [Ref Proc: 189.4 ms]
      [Ref Enq: 0.6 ms]
      [Free CSet: 0.3 ms]
   [Eden: 186.0M(186.0M)->0.0B(536.0M) Survivors: 18.0M->18.0M Heap: 2147.3M(4096.0M)->1961.3M(4096.0M)]
 [Times: user=0.72 sys=0.00, real=0.19 secs] 
2016-01-06T00:57:26.666-0800: 82.787: [GC pause (young)
Desired survivor size 36700160 bytes, new threshold 15 (max 15)
- age   1:   17262064 bytes,   17262064 total
2016-01-06T00:57:26.863-0800: 82.984: [SoftReference, 0 refs, 0.0004650 secs]2016-01-06T00:57:26.863-0800: 82.984: [WeakReference, 0 refs, 0.0001970 secs]2016-01-06T00:57:26.864-0800: 82.984: [FinalReference, 0 refs, 0.0002310 secs]2016-01-06T00:57:26.864-0800: 82.985: [PhantomReference, 0 refs, 17125 refs, 0.0008250 secs]2016-01-06T00:57:26.865-0800: 82.986: [JNI Weak Reference, 0.0000120 secs], 0.2003310 secs]
   [Parallel Time: 4.6 ms, GC Workers: 4]
      [GC Worker Start (ms): Min: 82787.3, Avg: 82787.9, Max: 82789.6, Diff: 2.3]
      [Ext Root Scanning (ms): Min: 0.0, Avg: 0.3, Max: 0.5, Diff: 0.4, Sum: 1.3]
      [SATB Filtering (ms): Min: 0.0, Avg: 0.0, Max: 0.0, Diff: 0.0, Sum: 0.0]
      [Update RS (ms): Min: 0.0, Avg: 0.1, Max: 0.2, Diff: 0.2, Sum: 0.3]
         [Processed Buffers: Min: 0, Avg: 1.5, Max: 3, Diff: 3, Sum: 6]
      [Scan RS (ms): Min: 0.1, Avg: 0.2, Max: 0.3, Diff: 0.2, Sum: 0.9]
      [Code Root Scanning (ms): Min: 0.0, Avg: 0.0, Max: 0.0, Diff: 0.0, Sum: 0.1]
      [Object Copy (ms): Min: 2.0, Avg: 3.2, Max: 3.6, Diff: 1.6, Sum: 12.7]
      [Termination (ms): Min: 0.0, Avg: 0.1, Max: 0.1, Diff: 0.1, Sum: 0.4]
      [GC Worker Other (ms): Min: 0.0, Avg: 0.0, Max: 0.0, Diff: 0.0, Sum: 0.1]
      [GC Worker Total (ms): Min: 2.2, Avg: 3.9, Max: 4.5, Diff: 2.3, Sum: 15.7]
      [GC Worker End (ms): Min: 82791.8, Avg: 82791.8, Max: 82791.9, Diff: 0.0]
   [Code Root Fixup: 0.0 ms]
   [Code Root Migration: 0.1 ms]
   [Clear CT: 0.2 ms]
   [Other: 195.4 ms]
      [Choose CSet: 0.0 ms]
      [Ref Proc: 193.6 ms]
      [Ref Enq: 1.0 ms]
      [Free CSet: 0.7 ms]
   [Eden: 536.0M(536.0M)->0.0B(298.0M) Survivors: 18.0M->20.0M Heap: 2497.3M(4096.0M)->1962.8M(4096.0M)]
 [Times: user=0.76 sys=0.01, real=0.20 secs] 
2016-01-06T00:57:26.908-0800: 83.029: [GC pause (young)
Desired survivor size 20971520 bytes, new threshold 15 (max 15)
- age   1:   18043264 bytes,   18043264 total
- age   2:      36864 bytes,   18080128 total
2016-01-06T00:57:27.103-0800: 83.224: [SoftReference, 0 refs, 0.0006390 secs]2016-01-06T00:57:27.104-0800: 83.224: [WeakReference, 0 refs, 0.0003990 secs]2016-01-06T00:57:27.104-0800: 83.225: [FinalReference, 0 refs, 0.0004110 secs]2016-01-06T00:57:27.104-0800: 83.225: [PhantomReference, 0 refs, 9748 refs, 0.0009600 secs]2016-01-06T00:57:27.105-0800: 83.226: [JNI Weak Reference, 0.0000120 secs], 0.1982870 secs]
   [Parallel Time: 3.4 ms, GC Workers: 4]
      [GC Worker Start (ms): Min: 83029.4, Avg: 83029.4, Max: 83029.5, Diff: 0.1]
      [Ext Root Scanning (ms): Min: 0.3, Avg: 0.4, Max: 0.4, Diff: 0.1, Sum: 1.4]
      [SATB Filtering (ms): Min: 0.0, Avg: 0.0, Max: 0.0, Diff: 0.0, Sum: 0.0]
      [Update RS (ms): Min: 0.0, Avg: 0.1, Max: 0.3, Diff: 0.3, Sum: 0.3]
         [Processed Buffers: Min: 0, Avg: 1.5, Max: 3, Diff: 3, Sum: 6]
      [Scan RS (ms): Min: 0.0, Avg: 0.1, Max: 0.2, Diff: 0.2, Sum: 0.6]
      [Code Root Scanning (ms): Min: 0.0, Avg: 0.0, Max: 0.0, Diff: 0.0, Sum: 0.1]
      [Object Copy (ms): Min: 2.6, Avg: 2.7, Max: 2.7, Diff: 0.1, Sum: 10.6]
      [Termination (ms): Min: 0.0, Avg: 0.0, Max: 0.0, Diff: 0.0, Sum: 0.0]
      [GC Worker Other (ms): Min: 0.0, Avg: 0.0, Max: 0.0, Diff: 0.0, Sum: 0.1]
      [GC Worker Total (ms): Min: 3.3, Avg: 3.3, Max: 3.3, Diff: 0.0, Sum: 13.1]
      [GC Worker End (ms): Min: 83032.7, Avg: 83032.7, Max: 83032.7, Diff: 0.0]
   [Code Root Fixup: 0.0 ms]
   [Code Root Migration: 0.1 ms]
   [Clear CT: 0.2 ms]
   [Other: 194.6 ms]
      [Choose CSet: 0.0 ms]
      [Ref Proc: 193.5 ms]
      [Ref Enq: 0.4 ms]
      [Free CSet: 0.7 ms]
   [Eden: 298.0M(298.0M)->0.0B(317.0M) Survivors: 20.0M->19.0M Heap: 2260.8M(4096.0M)->1961.8M(4096.0M)]
 [Times: user=0.74 sys=0.01, real=0.20 secs] 
2016-01-06T00:57:27.151-0800: 83.272: [GC pause (young)
Desired survivor size 22020096 bytes, new threshold 15 (max 15)
- age   1:   17512048 bytes,   17512048 total
- age   2:      36864 bytes,   17548912 total
2016-01-06T00:57:27.341-0800: 83.462: [SoftReference, 0 refs, 0.0005040 secs]2016-01-06T00:57:27.367-0800: 83.488: [WeakReference, 0 refs, 0.0003690 secs]2016-01-06T00:57:27.368-0800: 83.488: [FinalReference, 0 refs, 0.0002670 secs]2016-01-06T00:57:27.368-0800: 83.489: [PhantomReference, 0 refs, 10335 refs, 0.0006350 secs]2016-01-06T00:57:27.368-0800: 83.489: [JNI Weak Reference, 0.0000110 secs], 0.2190650 secs]
   [Parallel Time: 3.6 ms, GC Workers: 4]
      [GC Worker Start (ms): Min: 83272.1, Avg: 83272.1, Max: 83272.1, Diff: 0.1]
      [Ext Root Scanning (ms): Min: 0.3, Avg: 0.4, Max: 0.4, Diff: 0.1, Sum: 1.4]
      [SATB Filtering (ms): Min: 0.0, Avg: 0.0, Max: 0.0, Diff: 0.0, Sum: 0.0]
      [Update RS (ms): Min: 0.0, Avg: 0.1, Max: 0.3, Diff: 0.3, Sum: 0.3]
         [Processed Buffers: Min: 0, Avg: 1.2, Max: 3, Diff: 3, Sum: 5]
      [Scan RS (ms): Min: 0.0, Avg: 0.1, Max: 0.2, Diff: 0.2, Sum: 0.6]
      [Code Root Scanning (ms): Min: 0.0, Avg: 0.0, Max: 0.0, Diff: 0.0, Sum: 0.1]
      [Object Copy (ms): Min: 2.8, Avg: 2.8, Max: 2.8, Diff: 0.1, Sum: 11.2]
      [Termination (ms): Min: 0.0, Avg: 0.0, Max: 0.0, Diff: 0.0, Sum: 0.0]
      [GC Worker Other (ms): Min: 0.0, Avg: 0.0, Max: 0.0, Diff: 0.0, Sum: 0.1]
      [GC Worker Total (ms): Min: 3.4, Avg: 3.4, Max: 3.4, Diff: 0.1, Sum: 13.6]
      [GC Worker End (ms): Min: 83275.5, Avg: 83275.5, Max: 83275.5, Diff: 0.0]
   [Code Root Fixup: 0.0 ms]
   [Code Root Migration: 0.1 ms]
   [Clear CT: 0.1 ms]
   [Other: 215.3 ms]
      [Choose CSet: 0.0 ms]
      [Ref Proc: 213.8 ms]
      [Ref Enq: 1.0 ms]
      [Free CSet: 0.5 ms]
   [Eden: 317.0M(317.0M)->0.0B(185.0M) Survivors: 19.0M->19.0M Heap: 2278.8M(4096.0M)->1962.3M(4096.0M)]
 [Times: user=0.72 sys=0.00, real=0.22 secs] 
2016-01-06T00:57:27.396-0800: 83.517: [GC pause (young)
Desired survivor size 13631488 bytes, new threshold 1 (max 15)
- age   1:   17554456 bytes,   17554456 total
- age   2:      36864 bytes,   17591320 total
2016-01-06T00:57:27.582-0800: 83.703: [SoftReference, 0 refs, 0.0004820 secs]2016-01-06T00:57:27.582-0800: 83.703: [WeakReference, 0 refs, 0.0002430 secs]2016-01-06T00:57:27.582-0800: 83.703: [FinalReference, 0 refs, 0.0002530 secs]2016-01-06T00:57:27.583-0800: 83.704: [PhantomReference, 0 refs, 6245 refs, 0.0007140 secs]2016-01-06T00:57:27.583-0800: 83.704: [JNI Weak Reference, 0.0000080 secs], 0.1881640 secs]
   [Parallel Time: 3.0 ms, GC Workers: 4]
      [GC Worker Start (ms): Min: 83517.3, Avg: 83517.5, Max: 83517.9, Diff: 0.6]
      [Ext Root Scanning (ms): Min: 0.0, Avg: 0.3, Max: 0.5, Diff: 0.5, Sum: 1.2]
      [SATB Filtering (ms): Min: 0.0, Avg: 0.0, Max: 0.0, Diff: 0.0, Sum: 0.0]
      [Update RS (ms): Min: 0.0, Avg: 0.1, Max: 0.3, Diff: 0.3, Sum: 0.3]
         [Processed Buffers: Min: 0, Avg: 1.2, Max: 4, Diff: 4, Sum: 5]
      [Scan RS (ms): Min: 0.0, Avg: 0.1, Max: 0.2, Diff: 0.2, Sum: 0.3]
      [Code Root Scanning (ms): Min: 0.0, Avg: 0.0, Max: 0.0, Diff: 0.0, Sum: 0.1]
      [Object Copy (ms): Min: 2.2, Avg: 2.3, Max: 2.3, Diff: 0.1, Sum: 9.0]
      [Termination (ms): Min: 0.0, Avg: 0.0, Max: 0.0, Diff: 0.0, Sum: 0.0]
      [GC Worker Other (ms): Min: 0.0, Avg: 0.0, Max: 0.0, Diff: 0.0, Sum: 0.1]
      [GC Worker Total (ms): Min: 2.3, Avg: 2.8, Max: 2.9, Diff: 0.6, Sum: 11.0]
      [GC Worker End (ms): Min: 83520.3, Avg: 83520.3, Max: 83520.3, Diff: 0.0]
   [Code Root Fixup: 0.0 ms]
   [Code Root Migration: 0.0 ms]
   [Clear CT: 0.1 ms]
   [Other: 185.0 ms]
      [Choose CSet: 0.0 ms]
      [Ref Proc: 184.1 ms]
      [Ref Enq: 0.5 ms]
      [Free CSet: 0.3 ms]
   [Eden: 185.0M(185.0M)->0.0B(185.0M) Survivors: 19.0M->19.0M Heap: 2147.3M(4096.0M)->1961.9M(4096.0M)]
 [Times: user=0.67 sys=0.01, real=0.19 secs] 
2016-01-06T00:57:27.610-0800: 83.731: [GC pause (young)
Desired survivor size 13631488 bytes, new threshold 1 (max 15)
- age   1:   17259832 bytes,   17259832 total
2016-01-06T00:57:27.805-0800: 83.926: [SoftReference, 0 refs, 0.0004790 secs]2016-01-06T00:57:27.805-0800: 83.926: [WeakReference, 0 refs, 0.0003380 secs]2016-01-06T00:57:27.806-0800: 83.927: [FinalReference, 0 refs, 0.0002540 secs]2016-01-06T00:57:27.806-0800: 83.927: [PhantomReference, 0 refs, 6243 refs, 0.0005820 secs]2016-01-06T00:57:27.807-0800: 83.928: [JNI Weak Reference, 0.0000080 secs], 0.1972810 secs]
   [Parallel Time: 3.1 ms, GC Workers: 4]
      [GC Worker Start (ms): Min: 83731.3, Avg: 83732.0, Max: 83733.9, Diff: 2.6]
      [Ext Root Scanning (ms): Min: 0.0, Avg: 0.3, Max: 0.5, Diff: 0.5, Sum: 1.2]
      [SATB Filtering (ms): Min: 0.0, Avg: 0.0, Max: 0.0, Diff: 0.0, Sum: 0.0]
      [Update RS (ms): Min: 0.0, Avg: 0.1, Max: 0.2, Diff: 0.2, Sum: 0.3]
         [Processed Buffers: Min: 0, Avg: 1.5, Max: 3, Diff: 3, Sum: 6]
      [Scan RS (ms): Min: 0.0, Avg: 0.1, Max: 0.1, Diff: 0.1, Sum: 0.3]
      [Code Root Scanning (ms): Min: 0.0, Avg: 0.0, Max: 0.0, Diff: 0.0, Sum: 0.0]
      [Object Copy (ms): Min: 0.4, Avg: 1.8, Max: 2.3, Diff: 2.0, Sum: 7.3]
      [Termination (ms): Min: 0.0, Avg: 0.0, Max: 0.0, Diff: 0.0, Sum: 0.0]
      [GC Worker Other (ms): Min: 0.0, Avg: 0.0, Max: 0.0, Diff: 0.0, Sum: 0.1]
      [GC Worker Total (ms): Min: 0.4, Avg: 2.3, Max: 3.0, Diff: 2.6, Sum: 9.3]
      [GC Worker End (ms): Min: 83734.3, Avg: 83734.3, Max: 83734.3, Diff: 0.0]
   [Code Root Fixup: 0.0 ms]
   [Code Root Migration: 0.0 ms]
   [Clear CT: 0.1 ms]
   [Other: 194.1 ms]
      [Choose CSet: 0.0 ms]
      [Ref Proc: 193.2 ms]
      [Ref Enq: 0.5 ms]
      [Free CSet: 0.3 ms]
   [Eden: 185.0M(185.0M)->0.0B(185.0M) Survivors: 19.0M->19.0M Heap: 2146.9M(4096.0M)->1961.9M(4096.0M)]
 [Times: user=0.76 sys=0.00, real=0.20 secs] 
2016-01-06T00:57:27.821-0800: 83.942: [GC concurrent-mark-end, 15.9105190 secs]
2016-01-06T00:57:27.821-0800: 83.942: [GC remark 2016-01-06T00:57:27.821-0800: 83.942: [GC ref-proc2016-01-06T00:57:27.822-0800: 83.942: [SoftReference, 0 refs, 0.0006350 secs]2016-01-06T00:57:27.822-0800: 83.943: [WeakReference, 0 refs, 0.0004180 secs]2016-01-06T00:57:27.823-0800: 83.943: [FinalReference, 4 refs, 0.0004570 secs]2016-01-06T00:57:27.823-0800: 83.944: [PhantomReference, 0 refs, 10438427 refs, 0.7799060 secs]2016-01-06T00:57:28.603-0800: 84.724: [JNI Weak Reference, 0.0000190 secs], 0.7816350 secs], 0.7897370 secs]
 [Times: user=2.13 sys=0.85, real=0.79 secs] 
2016-01-06T00:57:28.611-0800: 84.732: [GC cleanup 2058M->2057M(4096M), 0.0050660 secs]
 [Times: user=0.02 sys=0.00, real=0.00 secs] 
2016-01-06T00:57:28.616-0800: 84.737: [GC concurrent-cleanup-start]
2016-01-06T00:57:28.616-0800: 84.737: [GC concurrent-cleanup-end, 0.0000210 secs]
2016-01-06T00:57:28.635-0800: 84.756: [GC pause (young)
Desired survivor size 13631488 bytes, new threshold 1 (max 15)
- age   1:   17259832 bytes,   17259832 total
2016-01-06T00:57:28.639-0800: 84.760: [SoftReference, 0 refs, 0.0010860 secs]2016-01-06T00:57:28.640-0800: 84.761: [WeakReference, 0 refs, 0.0002460 secs]2016-01-06T00:57:28.640-0800: 84.761: [FinalReference, 0 refs, 0.0010070 secs]2016-01-06T00:57:28.641-0800: 84.762: [PhantomReference, 0 refs, 6243 refs, 0.0006770 secs]2016-01-06T00:57:28.642-0800: 84.763: [JNI Weak Reference, 0.0000080 secs], 0.0069000 secs]
   [Parallel Time: 3.0 ms, GC Workers: 4]
      [GC Worker Start (ms): Min: 84756.4, Avg: 84756.8, Max: 84757.9, Diff: 1.5]
      [Ext Root Scanning (ms): Min: 0.0, Avg: 0.3, Max: 0.5, Diff: 0.5, Sum: 1.4]
      [Update RS (ms): Min: 0.0, Avg: 0.1, Max: 0.2, Diff: 0.2, Sum: 0.4]
         [Processed Buffers: Min: 0, Avg: 1.2, Max: 3, Diff: 3, Sum: 5]
      [Scan RS (ms): Min: 0.0, Avg: 0.1, Max: 0.1, Diff: 0.1, Sum: 0.3]
      [Code Root Scanning (ms): Min: 0.0, Avg: 0.0, Max: 0.0, Diff: 0.0, Sum: 0.0]
      [Object Copy (ms): Min: 1.5, Avg: 2.0, Max: 2.2, Diff: 0.8, Sum: 8.1]
      [Termination (ms): Min: 0.0, Avg: 0.0, Max: 0.0, Diff: 0.0, Sum: 0.0]
      [GC Worker Other (ms): Min: 0.0, Avg: 0.0, Max: 0.0, Diff: 0.0, Sum: 0.0]
      [GC Worker Total (ms): Min: 1.5, Avg: 2.6, Max: 3.0, Diff: 1.5, Sum: 10.3]
      [GC Worker End (ms): Min: 84759.4, Avg: 84759.4, Max: 84759.4, Diff: 0.0]
   [Code Root Fixup: 0.0 ms]
   [Code Root Migration: 0.0 ms]
   [Clear CT: 0.1 ms]
   [Other: 3.8 ms]
      [Choose CSet: 0.0 ms]
      [Ref Proc: 3.2 ms]
      [Ref Enq: 0.1 ms]
      [Free CSet: 0.3 ms]
   [Eden: 185.0M(185.0M)->0.0B(1696.0M) Survivors: 19.0M->18.0M Heap: 2145.9M(4096.0M)->1960.4M(4096.0M)]
 [Times: user=0.02 sys=0.00, real=0.01 secs] 
2016-01-06T00:57:28.877-0800: 84.998: [GC pause (young)
Desired survivor size 112721920 bytes, new threshold 15 (max 15)
- age   1:   17259832 bytes,   17259832 total
2016-01-06T00:57:28.889-0800: 85.010: [SoftReference, 0 refs, 0.0005190 secs]2016-01-06T00:57:28.890-0800: 85.011: [WeakReference, 0 refs, 0.0002540 secs]2016-01-06T00:57:28.890-0800: 85.011: [FinalReference, 0 refs, 0.0002590 secs]2016-01-06T00:57:28.890-0800: 85.011: [PhantomReference, 0 refs, 53084 refs, 0.0012860 secs]2016-01-06T00:57:28.891-0800: 85.012: [JNI Weak Reference, 0.0000090 secs], 0.0175220 secs]
   [Parallel Time: 11.7 ms, GC Workers: 4]
      [GC Worker Start (ms): Min: 84998.3, Avg: 84998.3, Max: 84998.4, Diff: 0.1]
      [Ext Root Scanning (ms): Min: 0.3, Avg: 0.4, Max: 0.4, Diff: 0.1, Sum: 1.4]
      [Update RS (ms): Min: 0.0, Avg: 0.1, Max: 0.2, Diff: 0.1, Sum: 0.4]
         [Processed Buffers: Min: 1, Avg: 1.5, Max: 2, Diff: 1, Sum: 6]
      [Scan RS (ms): Min: 0.7, Avg: 0.8, Max: 0.8, Diff: 0.1, Sum: 3.2]
      [Code Root Scanning (ms): Min: 0.1, Avg: 0.1, Max: 0.1, Diff: 0.0, Sum: 0.4]
      [Object Copy (ms): Min: 10.1, Avg: 10.1, Max: 10.2, Diff: 0.1, Sum: 40.5]
      [Termination (ms): Min: 0.0, Avg: 0.0, Max: 0.0, Diff: 0.0, Sum: 0.0]
      [GC Worker Other (ms): Min: 0.0, Avg: 0.1, Max: 0.1, Diff: 0.1, Sum: 0.3]
      [GC Worker Total (ms): Min: 11.5, Avg: 11.5, Max: 11.6, Diff: 0.1, Sum: 46.1]
      [GC Worker End (ms): Min: 85009.8, Avg: 85009.8, Max: 85009.9, Diff: 0.1]
   [Code Root Fixup: 0.0 ms]
   [Code Root Migration: 0.2 ms]
   [Clear CT: 0.4 ms]
   [Other: 5.2 ms]
      [Choose CSet: 0.0 ms]
      [Ref Proc: 2.5 ms]
      [Ref Enq: 0.8 ms]
      [Free CSet: 1.8 ms]
   [Eden: 1696.0M(1696.0M)->0.0B(1693.0M) Survivors: 18.0M->22.0M Heap: 3656.4M(4096.0M)->1964.4M(4096.0M)]
 [Times: user=0.05 sys=0.00, real=0.01 secs] 
2016-01-06T00:57:29.141-0800: 85.262: [GC pause (young) (initial-mark)
Desired survivor size 112721920 bytes, new threshold 15 (max 15)
- age   1:   20632384 bytes,   20632384 total
- age   2:      36864 bytes,   20669248 total
2016-01-06T00:57:29.153-0800: 85.274: [SoftReference, 0 refs, 0.0006520 secs]2016-01-06T00:57:29.154-0800: 85.274: [WeakReference, 0 refs, 0.0002040 secs]2016-01-06T00:57:29.154-0800: 85.275: [FinalReference, 0 refs, 0.0002250 secs]2016-01-06T00:57:29.154-0800: 85.275: [PhantomReference, 0 refs, 52991 refs, 0.0012660 secs]2016-01-06T00:57:29.155-0800: 85.276: [JNI Weak Reference, 0.0000110 secs], 0.0179320 secs]
   [Parallel Time: 11.5 ms, GC Workers: 4]
      [GC Worker Start (ms): Min: 85262.2, Avg: 85262.2, Max: 85262.2, Diff: 0.1]
      [Ext Root Scanning (ms): Min: 0.3, Avg: 0.4, Max: 0.4, Diff: 0.1, Sum: 1.4]
      [Code Root Marking (ms): Min: 0.2, Avg: 0.2, Max: 0.3, Diff: 0.1, Sum: 0.9]
      [Update RS (ms): Min: 0.0, Avg: 0.1, Max: 0.3, Diff: 0.3, Sum: 0.3]
         [Processed Buffers: Min: 0, Avg: 1.5, Max: 3, Diff: 3, Sum: 6]
      [Scan RS (ms): Min: 0.6, Avg: 0.7, Max: 0.8, Diff: 0.2, Sum: 2.9]
      [Code Root Scanning (ms): Min: 0.1, Avg: 0.1, Max: 0.1, Diff: 0.0, Sum: 0.3]
      [Object Copy (ms): Min: 9.9, Avg: 9.9, Max: 9.9, Diff: 0.0, Sum: 39.7]
      [Termination (ms): Min: 0.0, Avg: 0.0, Max: 0.0, Diff: 0.0, Sum: 0.0]
      [GC Worker Other (ms): Min: 0.0, Avg: 0.0, Max: 0.1, Diff: 0.0, Sum: 0.2]
      [GC Worker Total (ms): Min: 11.4, Avg: 11.4, Max: 11.4, Diff: 0.0, Sum: 45.7]
      [GC Worker End (ms): Min: 85273.6, Avg: 85273.6, Max: 85273.6, Diff: 0.0]
   [Code Root Fixup: 0.0 ms]
   [Code Root Migration: 0.3 ms]
   [Clear CT: 0.4 ms]
   [Other: 5.7 ms]
      [Choose CSet: 0.0 ms]
      [Ref Proc: 2.5 ms]
      [Ref Enq: 0.5 ms]
      [Free CSet: 1.9 ms]
   [Eden: 1693.0M(1693.0M)->0.0B(1695.0M) Survivors: 22.0M->22.0M Heap: 3657.4M(4096.0M)->1964.4M(4096.0M)]
 [Times: user=0.06 sys=0.01, real=0.02 secs] 
2016-01-06T00:57:29.159-0800: 85.280: [GC concurrent-root-region-scan-start]
2016-01-06T00:57:29.166-0800: 85.287: [GC concurrent-root-region-scan-end, 0.0074090 secs]
2016-01-06T00:57:29.166-0800: 85.287: [GC concurrent-mark-start]
2016-01-06T00:57:29.775-0800: 85.896: [GC pause (young)
Desired survivor size 112721920 bytes, new threshold 15 (max 15)
- age   1:   20625688 bytes,   20625688 total
- age   2:      36864 bytes,   20662552 total
2016-01-06T00:57:29.808-0800: 85.929: [SoftReference, 0 refs, 0.0005430 secs]2016-01-06T00:57:29.808-0800: 85.929: [WeakReference, 0 refs, 0.0002890 secs]2016-01-06T00:57:29.809-0800: 85.929: [FinalReference, 0 refs, 0.0002600 secs]2016-01-06T00:57:29.809-0800: 85.930: [PhantomReference, 0 refs, 53055 refs, 0.0014180 secs]2016-01-06T00:57:29.810-0800: 85.931: [JNI Weak Reference, 0.0000090 secs], 0.0430320 secs]
   [Parallel Time: 26.6 ms, GC Workers: 4]
      [GC Worker Start (ms): Min: 85896.1, Avg: 85896.1, Max: 85896.2, Diff: 0.1]
      [Ext Root Scanning (ms): Min: 0.3, Avg: 0.3, Max: 0.4, Diff: 0.1, Sum: 1.4]
      [SATB Filtering (ms): Min: 0.0, Avg: 0.0, Max: 0.0, Diff: 0.0, Sum: 0.0]
      [Update RS (ms): Min: 14.7, Avg: 14.9, Max: 15.3, Diff: 0.6, Sum: 59.5]
         [Processed Buffers: Min: 21, Avg: 22.2, Max: 23, Diff: 2, Sum: 89]
      [Scan RS (ms): Min: 0.4, Avg: 0.7, Max: 0.9, Diff: 0.6, Sum: 3.0]
      [Code Root Scanning (ms): Min: 0.0, Avg: 0.1, Max: 0.1, Diff: 0.1, Sum: 0.3]
      [Object Copy (ms): Min: 10.4, Avg: 10.4, Max: 10.4, Diff: 0.0, Sum: 41.5]
      [Termination (ms): Min: 0.0, Avg: 0.0, Max: 0.0, Diff: 0.0, Sum: 0.0]
      [GC Worker Other (ms): Min: 0.0, Avg: 0.1, Max: 0.1, Diff: 0.1, Sum: 0.3]
      [GC Worker Total (ms): Min: 26.5, Avg: 26.5, Max: 26.6, Diff: 0.1, Sum: 106.0]
      [GC Worker End (ms): Min: 85922.6, Avg: 85922.6, Max: 85922.7, Diff: 0.1]
   [Code Root Fixup: 0.0 ms]
   [Code Root Migration: 0.3 ms]
   [Clear CT: 0.4 ms]
   [Other: 15.8 ms]
      [Choose CSet: 0.0 ms]
      [Ref Proc: 8.5 ms]
      [Ref Enq: 5.4 ms]
      [Free CSet: 1.9 ms]
   [Eden: 1695.0M(1695.0M)->0.0B(1695.0M) Survivors: 22.0M->22.0M Heap: 3659.4M(4096.0M)->1964.4M(4096.0M)]
 [Times: user=0.16 sys=0.00, real=0.05 secs] 
2016-01-06T00:57:30.056-0800: 86.177: [GC pause (young)
Desired survivor size 112721920 bytes, new threshold 15 (max 15)
- age   1:   20630152 bytes,   20630152 total
- age   2:      36864 bytes,   20667016 total
2016-01-06T00:57:30.110-0800: 86.230: [SoftReference, 0 refs, 0.0003790 secs]2016-01-06T00:57:30.110-0800: 86.231: [WeakReference, 0 refs, 0.0002790 secs]2016-01-06T00:57:30.110-0800: 86.231: [FinalReference, 0 refs, 0.0002330 secs]2016-01-06T00:57:30.110-0800: 86.231: [PhantomReference, 0 refs, 53055 refs, 0.0012980 secs]2016-01-06T00:57:30.112-0800: 86.233: [JNI Weak Reference, 0.0000090 secs], 0.0631620 secs]
   [Parallel Time: 34.6 ms, GC Workers: 4]
      [GC Worker Start (ms): Min: 86177.4, Avg: 86177.5, Max: 86177.9, Diff: 0.5]
      [Ext Root Scanning (ms): Min: 0.0, Avg: 0.3, Max: 0.5, Diff: 0.5, Sum: 1.3]
      [SATB Filtering (ms): Min: 0.0, Avg: 0.0, Max: 0.0, Diff: 0.0, Sum: 0.0]
      [Update RS (ms): Min: 22.1, Avg: 22.3, Max: 22.5, Diff: 0.4, Sum: 89.2]
         [Processed Buffers: Min: 32, Avg: 32.2, Max: 33, Diff: 1, Sum: 129]
      [Scan RS (ms): Min: 0.7, Avg: 0.8, Max: 0.9, Diff: 0.2, Sum: 3.2]
      [Code Root Scanning (ms): Min: 0.1, Avg: 0.1, Max: 0.1, Diff: 0.0, Sum: 0.3]
      [Object Copy (ms): Min: 10.7, Avg: 10.8, Max: 10.8, Diff: 0.1, Sum: 43.1]
      [Termination (ms): Min: 0.0, Avg: 0.0, Max: 0.0, Diff: 0.0, Sum: 0.0]
      [GC Worker Other (ms): Min: 0.0, Avg: 0.1, Max: 0.1, Diff: 0.1, Sum: 0.3]
      [GC Worker Total (ms): Min: 34.0, Avg: 34.4, Max: 34.5, Diff: 0.5, Sum: 137.5]
      [GC Worker End (ms): Min: 86211.9, Avg: 86211.9, Max: 86211.9, Diff: 0.1]
   [Code Root Fixup: 0.0 ms]
   [Code Root Migration: 0.2 ms]
   [Clear CT: 0.5 ms]
   [Other: 27.9 ms]
      [Choose CSet: 0.0 ms]
      [Ref Proc: 20.7 ms]
      [Ref Enq: 5.3 ms]
      [Free CSet: 1.8 ms]
   [Eden: 1695.0M(1695.0M)->0.0B(1696.0M) Survivors: 22.0M->22.0M Heap: 3659.4M(4096.0M)->1964.4M(4096.0M)]
 [Times: user=0.24 sys=0.00, real=0.07 secs] 
2016-01-06T00:57:30.381-0800: 86.502: [GC pause (young)
Desired survivor size 112721920 bytes, new threshold 15 (max 15)
- age   1:   20630152 bytes,   20630152 total
- age   2:      36864 bytes,   20667016 total
2016-01-06T00:57:30.442-0800: 86.563: [SoftReference, 0 refs, 0.0005450 secs]2016-01-06T00:57:30.442-0800: 86.563: [WeakReference, 0 refs, 0.0002430 secs]2016-01-06T00:57:30.443-0800: 86.564: [FinalReference, 0 refs, 0.0002730 secs]2016-01-06T00:57:30.443-0800: 86.564: [PhantomReference, 0 refs, 53083 refs, 0.0016850 secs]2016-01-06T00:57:30.445-0800: 86.566: [JNI Weak Reference, 0.0000110 secs], 0.0705220 secs]
   [Parallel Time: 31.8 ms, GC Workers: 4]
      [GC Worker Start (ms): Min: 86501.8, Avg: 86501.8, Max: 86501.9, Diff: 0.1]
      [Ext Root Scanning (ms): Min: 0.3, Avg: 0.4, Max: 0.4, Diff: 0.1, Sum: 1.5]
      [SATB Filtering (ms): Min: 0.0, Avg: 0.0, Max: 0.0, Diff: 0.0, Sum: 0.0]
      [Update RS (ms): Min: 19.7, Avg: 20.1, Max: 20.3, Diff: 0.6, Sum: 80.3]
         [Processed Buffers: Min: 28, Avg: 28.2, Max: 29, Diff: 1, Sum: 113]
      [Scan RS (ms): Min: 0.6, Avg: 0.8, Max: 1.2, Diff: 0.6, Sum: 3.3]
      [Code Root Scanning (ms): Min: 0.1, Avg: 0.1, Max: 0.1, Diff: 0.1, Sum: 0.3]
      [Object Copy (ms): Min: 10.1, Avg: 10.1, Max: 10.2, Diff: 0.1, Sum: 40.6]
      [Termination (ms): Min: 0.0, Avg: 0.1, Max: 0.1, Diff: 0.1, Sum: 0.3]
      [GC Worker Other (ms): Min: 0.0, Avg: 0.0, Max: 0.0, Diff: 0.0, Sum: 0.1]
      [GC Worker Total (ms): Min: 31.6, Avg: 31.6, Max: 31.7, Diff: 0.1, Sum: 126.4]
      [GC Worker End (ms): Min: 86533.4, Avg: 86533.4, Max: 86533.4, Diff: 0.0]
   [Code Root Fixup: 0.0 ms]
   [Code Root Migration: 0.3 ms]
   [Clear CT: 0.5 ms]
   [Other: 38.0 ms]
      [Choose CSet: 0.0 ms]
      [Ref Proc: 32.1 ms]
      [Ref Enq: 4.0 ms]
      [Free CSet: 1.9 ms]
   [Eden: 1696.0M(1696.0M)->0.0B(1696.0M) Survivors: 22.0M->22.0M Heap: 3660.4M(4096.0M)->1964.4M(4096.0M)]
 [Times: user=0.26 sys=0.00, real=0.07 secs] 
2016-01-06T00:57:30.708-0800: 86.829: [GC pause (young)
Desired survivor size 112721920 bytes, new threshold 15 (max 15)
- age   1:   20632384 bytes,   20632384 total
- age   2:      36864 bytes,   20669248 total
2016-01-06T00:57:30.778-0800: 86.899: [SoftReference, 0 refs, 0.0004730 secs]2016-01-06T00:57:30.778-0800: 86.899: [WeakReference, 0 refs, 0.0002300 secs]2016-01-06T00:57:30.779-0800: 86.900: [FinalReference, 0 refs, 0.0003250 secs]2016-01-06T00:57:30.779-0800: 86.900: [PhantomReference, 0 refs, 53086 refs, 0.0015720 secs]2016-01-06T00:57:30.781-0800: 86.902: [JNI Weak Reference, 0.0000100 secs], 0.0807000 secs]
   [Parallel Time: 26.8 ms, GC Workers: 4]
      [GC Worker Start (ms): Min: 86828.7, Avg: 86828.7, Max: 86828.8, Diff: 0.1]
      [Ext Root Scanning (ms): Min: 0.3, Avg: 0.4, Max: 0.4, Diff: 0.1, Sum: 1.4]
      [SATB Filtering (ms): Min: 0.0, Avg: 0.0, Max: 0.0, Diff: 0.0, Sum: 0.0]
      [Update RS (ms): Min: 14.2, Avg: 14.5, Max: 14.8, Diff: 0.5, Sum: 58.1]
         [Processed Buffers: Min: 19, Avg: 20.8, Max: 22, Diff: 3, Sum: 83]
      [Scan RS (ms): Min: 0.5, Avg: 0.8, Max: 1.1, Diff: 0.6, Sum: 3.3]
      [Code Root Scanning (ms): Min: 0.1, Avg: 0.1, Max: 0.1, Diff: 0.1, Sum: 0.3]
      [Object Copy (ms): Min: 10.8, Avg: 10.9, Max: 10.9, Diff: 0.1, Sum: 43.5]
      [Termination (ms): Min: 0.0, Avg: 0.0, Max: 0.0, Diff: 0.0, Sum: 0.0]
      [GC Worker Other (ms): Min: 0.0, Avg: 0.1, Max: 0.1, Diff: 0.0, Sum: 0.2]
      [GC Worker Total (ms): Min: 26.7, Avg: 26.7, Max: 26.8, Diff: 0.1, Sum: 106.9]
      [GC Worker End (ms): Min: 86855.4, Avg: 86855.5, Max: 86855.5, Diff: 0.0]
   [Code Root Fixup: 0.0 ms]
   [Code Root Migration: 0.2 ms]
   [Clear CT: 0.4 ms]
   [Other: 53.2 ms]
      [Choose CSet: 0.0 ms]
      [Ref Proc: 46.0 ms]
      [Ref Enq: 5.2 ms]
      [Free CSet: 1.8 ms]
   [Eden: 1696.0M(1696.0M)->0.0B(1697.0M) Survivors: 22.0M->22.0M Heap: 3660.4M(4096.0M)->1963.9M(4096.0M)]
 [Times: user=0.30 sys=0.00, real=0.08 secs] 
2016-01-06T00:57:31.046-0800: 87.167: [GC pause (young)
Desired survivor size 112721920 bytes, new threshold 15 (max 15)
- age   1:   20632384 bytes,   20632384 total
- age   2:      36864 bytes,   20669248 total
2016-01-06T00:57:31.130-0800: 87.251: [SoftReference, 0 refs, 0.0003780 secs]2016-01-06T00:57:31.130-0800: 87.251: [WeakReference, 0 refs, 0.0002210 secs]2016-01-06T00:57:31.131-0800: 87.251: [FinalReference, 0 refs, 0.0003530 secs]2016-01-06T00:57:31.131-0800: 87.252: [PhantomReference, 0 refs, 53117 refs, 0.0013210 secs]2016-01-06T00:57:31.132-0800: 87.253: [JNI Weak Reference, 0.0000080 secs], 0.0950300 secs]
   [Parallel Time: 32.5 ms, GC Workers: 4]
      [GC Worker Start (ms): Min: 87167.1, Avg: 87167.1, Max: 87167.2, Diff: 0.1]
      [Ext Root Scanning (ms): Min: 0.4, Avg: 1.0, Max: 2.8, Diff: 2.4, Sum: 4.0]
      [SATB Filtering (ms): Min: 0.0, Avg: 0.0, Max: 0.0, Diff: 0.0, Sum: 0.0]
      [Update RS (ms): Min: 19.2, Avg: 20.1, Max: 20.8, Diff: 1.5, Sum: 80.3]
         [Processed Buffers: Min: 19, Avg: 26.5, Max: 30, Diff: 11, Sum: 106]
      [Scan RS (ms): Min: 0.1, Avg: 0.8, Max: 1.2, Diff: 1.1, Sum: 3.2]
      [Code Root Scanning (ms): Min: 0.0, Avg: 0.1, Max: 0.1, Diff: 0.1, Sum: 0.3]
      [Object Copy (ms): Min: 10.1, Avg: 10.3, Max: 10.4, Diff: 0.3, Sum: 41.2]
      [Termination (ms): Min: 0.0, Avg: 0.0, Max: 0.0, Diff: 0.0, Sum: 0.0]
      [GC Worker Other (ms): Min: 0.0, Avg: 0.1, Max: 0.1, Diff: 0.1, Sum: 0.2]
      [GC Worker Total (ms): Min: 32.3, Avg: 32.3, Max: 32.4, Diff: 0.1, Sum: 129.3]
      [GC Worker End (ms): Min: 87199.4, Avg: 87199.5, Max: 87199.5, Diff: 0.1]
   [Code Root Fixup: 0.0 ms]
   [Code Root Migration: 0.3 ms]
   [Clear CT: 0.4 ms]
   [Other: 61.9 ms]
      [Choose CSet: 0.0 ms]
      [Ref Proc: 53.6 ms]
      [Ref Enq: 5.1 ms]
      [Free CSet: 3.0 ms]
   [Eden: 1697.0M(1697.0M)->0.0B(1697.0M) Survivors: 22.0M->22.0M Heap: 3660.9M(4096.0M)->1964.4M(4096.0M)]
 [Times: user=0.35 sys=0.00, real=0.09 secs] 
2016-01-06T00:57:31.401-0800: 87.521: [GC pause (young)
Desired survivor size 112721920 bytes, new threshold 15 (max 15)
- age   1:   20634616 bytes,   20634616 total
- age   2:      36864 bytes,   20671480 total
2016-01-06T00:57:31.494-0800: 87.615: [SoftReference, 0 refs, 0.0004700 secs]2016-01-06T00:57:31.494-0800: 87.615: [WeakReference, 0 refs, 0.0003590 secs]2016-01-06T00:57:31.494-0800: 87.615: [FinalReference, 0 refs, 0.0002720 secs]2016-01-06T00:57:31.495-0800: 87.616: [PhantomReference, 0 refs, 53118 refs, 0.0018970 secs]2016-01-06T00:57:31.497-0800: 87.618: [JNI Weak Reference, 0.0000110 secs], 0.1025860 secs]
   [Parallel Time: 29.9 ms, GC Workers: 4]
      [GC Worker Start (ms): Min: 87521.5, Avg: 87521.5, Max: 87521.6, Diff: 0.1]
      [Ext Root Scanning (ms): Min: 0.3, Avg: 0.4, Max: 0.4, Diff: 0.1, Sum: 1.5]
      [SATB Filtering (ms): Min: 0.0, Avg: 0.0, Max: 0.0, Diff: 0.0, Sum: 0.0]
      [Update RS (ms): Min: 17.3, Avg: 17.6, Max: 17.9, Diff: 0.7, Sum: 70.3]
         [Processed Buffers: Min: 25, Avg: 25.2, Max: 26, Diff: 1, Sum: 101]
      [Scan RS (ms): Min: 0.5, Avg: 0.8, Max: 1.1, Diff: 0.6, Sum: 3.3]
      [Code Root Scanning (ms): Min: 0.1, Avg: 0.1, Max: 0.1, Diff: 0.1, Sum: 0.3]
      [Object Copy (ms): Min: 10.8, Avg: 10.9, Max: 10.9, Diff: 0.0, Sum: 43.4]
      [Termination (ms): Min: 0.0, Avg: 0.0, Max: 0.0, Diff: 0.0, Sum: 0.0]
      [GC Worker Other (ms): Min: 0.0, Avg: 0.1, Max: 0.1, Diff: 0.1, Sum: 0.3]
      [GC Worker Total (ms): Min: 29.8, Avg: 29.8, Max: 29.8, Diff: 0.1, Sum: 119.1]
      [GC Worker End (ms): Min: 87551.3, Avg: 87551.3, Max: 87551.3, Diff: 0.1]
   [Code Root Fixup: 0.0 ms]
   [Code Root Migration: 0.2 ms]
   [Clear CT: 0.4 ms]
   [Other: 72.0 ms]
      [Choose CSet: 0.0 ms]
      [Ref Proc: 66.2 ms]
      [Ref Enq: 3.9 ms]
      [Free CSet: 1.8 ms]
   [Eden: 1697.0M(1697.0M)->0.0B(1711.0M) Survivors: 22.0M->10.0M Heap: 3661.4M(4096.0M)->1951.9M(4096.0M)]
 [Times: user=0.38 sys=0.00, real=0.10 secs] 
2016-01-06T00:57:31.760-0800: 87.881: [GC pause (young)
Desired survivor size 113246208 bytes, new threshold 15 (max 15)
- age   1:    8486776 bytes,    8486776 total
- age   2:      36864 bytes,    8523640 total
2016-01-06T00:57:31.873-0800: 87.994: [SoftReference, 0 refs, 0.0003830 secs]2016-01-06T00:57:31.874-0800: 87.995: [WeakReference, 0 refs, 0.0002460 secs]2016-01-06T00:57:31.874-0800: 87.995: [FinalReference, 0 refs, 0.0003040 secs]2016-01-06T00:57:31.874-0800: 87.995: [PhantomReference, 0 refs, 53547 refs, 0.0017600 secs]2016-01-06T00:57:31.876-0800: 87.997: [JNI Weak Reference, 0.0000090 secs], 0.1230940 secs]
   [Parallel Time: 35.4 ms, GC Workers: 4]
      [GC Worker Start (ms): Min: 87880.9, Avg: 87883.1, Max: 87885.2, Diff: 4.3]
      [Ext Root Scanning (ms): Min: 0.0, Avg: 0.3, Max: 0.6, Diff: 0.6, Sum: 1.1]
      [SATB Filtering (ms): Min: 0.0, Avg: 0.0, Max: 0.0, Diff: 0.0, Sum: 0.0]
      [Update RS (ms): Min: 19.0, Avg: 21.1, Max: 23.0, Diff: 4.0, Sum: 84.4]
         [Processed Buffers: Min: 21, Avg: 27.2, Max: 34, Diff: 13, Sum: 109]
      [Scan RS (ms): Min: 0.7, Avg: 0.8, Max: 1.0, Diff: 0.3, Sum: 3.3]
      [Code Root Scanning (ms): Min: 0.1, Avg: 0.1, Max: 0.1, Diff: 0.0, Sum: 0.4]
      [Object Copy (ms): Min: 10.8, Avg: 10.8, Max: 10.8, Diff: 0.1, Sum: 43.2]
      [Termination (ms): Min: 0.0, Avg: 0.0, Max: 0.0, Diff: 0.0, Sum: 0.0]
      [GC Worker Other (ms): Min: 0.0, Avg: 0.1, Max: 0.1, Diff: 0.1, Sum: 0.2]
      [GC Worker Total (ms): Min: 31.0, Avg: 33.2, Max: 35.3, Diff: 4.3, Sum: 132.6]
      [GC Worker End (ms): Min: 87916.2, Avg: 87916.2, Max: 87916.3, Diff: 0.1]
   [Code Root Fixup: 0.0 ms]
   [Code Root Migration: 0.2 ms]
   [Clear CT: 0.4 ms]
   [Other: 87.0 ms]
      [Choose CSet: 0.0 ms]
      [Ref Proc: 80.6 ms]
      [Ref Enq: 4.4 ms]
      [Free CSet: 1.9 ms]
   [Eden: 1711.0M(1711.0M)->0.0B(1698.0M) Survivors: 10.0M->22.0M Heap: 3662.9M(4096.0M)->1964.4M(4096.0M)]
 [Times: user=0.44 sys=0.00, real=0.12 secs] 
2016-01-06T00:57:32.155-0800: 88.276: [GC pause (young)
Desired survivor size 112721920 bytes, new threshold 15 (max 15)
- age   1:   20665864 bytes,   20665864 total
- age   2:      36864 bytes,   20702728 total
2016-01-06T00:57:32.271-0800: 88.392: [SoftReference, 0 refs, 0.0005590 secs]2016-01-06T00:57:32.272-0800: 88.393: [WeakReference, 0 refs, 0.0003380 secs]2016-01-06T00:57:32.272-0800: 88.393: [FinalReference, 0 refs, 0.0002260 secs]2016-01-06T00:57:32.272-0800: 88.393: [PhantomReference, 0 refs, 53148 refs, 0.0026340 secs]2016-01-06T00:57:32.275-0800: 88.396: [JNI Weak Reference, 0.0000090 secs], 0.1283300 secs]
   [Parallel Time: 26.4 ms, GC Workers: 4]
      [GC Worker Start (ms): Min: 88275.6, Avg: 88275.6, Max: 88275.6, Diff: 0.1]
      [Ext Root Scanning (ms): Min: 0.3, Avg: 0.3, Max: 0.4, Diff: 0.1, Sum: 1.4]
      [SATB Filtering (ms): Min: 0.0, Avg: 0.0, Max: 0.0, Diff: 0.0, Sum: 0.0]
      [Update RS (ms): Min: 14.3, Avg: 14.6, Max: 14.7, Diff: 0.5, Sum: 58.3]
         [Processed Buffers: Min: 20, Avg: 20.5, Max: 21, Diff: 1, Sum: 82]
      [Scan RS (ms): Min: 0.6, Avg: 0.8, Max: 1.0, Diff: 0.4, Sum: 3.2]
      [Code Root Scanning (ms): Min: 0.1, Avg: 0.1, Max: 0.1, Diff: 0.1, Sum: 0.3]
      [Object Copy (ms): Min: 10.4, Avg: 10.5, Max: 10.5, Diff: 0.1, Sum: 41.8]
      [Termination (ms): Min: 0.0, Avg: 0.0, Max: 0.0, Diff: 0.0, Sum: 0.0]
      [GC Worker Other (ms): Min: 0.0, Avg: 0.1, Max: 0.1, Diff: 0.1, Sum: 0.2]
      [GC Worker Total (ms): Min: 26.3, Avg: 26.3, Max: 26.3, Diff: 0.0, Sum: 105.3]
      [GC Worker End (ms): Min: 88301.9, Avg: 88301.9, Max: 88302.0, Diff: 0.1]
   [Code Root Fixup: 0.0 ms]
   [Code Root Migration: 0.2 ms]
   [Clear CT: 0.4 ms]
   [Other: 101.2 ms]
      [Choose CSet: 0.0 ms]
      [Ref Proc: 94.0 ms]
      [Ref Enq: 5.3 ms]
      [Free CSet: 1.8 ms]
   [Eden: 1698.0M(1698.0M)->0.0B(1698.0M) Survivors: 22.0M->22.0M Heap: 3662.4M(4096.0M)->1964.4M(4096.0M)]
 [Times: user=0.47 sys=0.00, real=0.13 secs] 
2016-01-06T00:57:32.535-0800: 88.656: [GC pause (young)
Desired survivor size 112721920 bytes, new threshold 15 (max 15)
- age   1:   20636848 bytes,   20636848 total
- age   2:      36864 bytes,   20673712 total
2016-01-06T00:57:32.672-0800: 88.793: [SoftReference, 0 refs, 0.0004280 secs]2016-01-06T00:57:32.730-0800: 88.850: [WeakReference, 0 refs, 0.0003080 secs]2016-01-06T00:57:32.730-0800: 88.851: [FinalReference, 0 refs, 0.0002490 secs]2016-01-06T00:57:32.730-0800: 88.851: [PhantomReference, 0 refs, 53145 refs, 0.0014000 secs]2016-01-06T00:57:32.732-0800: 88.852: [JNI Weak Reference, 0.0000090 secs], 0.2038560 secs]
   [Parallel Time: 31.5 ms, GC Workers: 4]
      [GC Worker Start (ms): Min: 88656.1, Avg: 88656.6, Max: 88657.9, Diff: 1.8]
      [Ext Root Scanning (ms): Min: 0.0, Avg: 0.3, Max: 0.5, Diff: 0.5, Sum: 1.3]
      [SATB Filtering (ms): Min: 0.0, Avg: 0.0, Max: 0.0, Diff: 0.0, Sum: 0.0]
      [Update RS (ms): Min: 18.3, Avg: 19.3, Max: 19.7, Diff: 1.4, Sum: 77.2]
         [Processed Buffers: Min: 26, Avg: 27.5, Max: 29, Diff: 3, Sum: 110]
      [Scan RS (ms): Min: 0.7, Avg: 0.8, Max: 0.9, Diff: 0.1, Sum: 3.2]
      [Code Root Scanning (ms): Min: 0.0, Avg: 0.1, Max: 0.1, Diff: 0.1, Sum: 0.3]
      [Object Copy (ms): Min: 10.3, Avg: 10.4, Max: 10.4, Diff: 0.1, Sum: 41.6]
      [Termination (ms): Min: 0.0, Avg: 0.0, Max: 0.0, Diff: 0.0, Sum: 0.0]
      [GC Worker Other (ms): Min: 0.0, Avg: 0.1, Max: 0.1, Diff: 0.1, Sum: 0.3]
      [GC Worker Total (ms): Min: 29.7, Avg: 31.0, Max: 31.4, Diff: 1.7, Sum: 123.8]
      [GC Worker End (ms): Min: 88687.5, Avg: 88687.5, Max: 88687.6, Diff: 0.1]
   [Code Root Fixup: 0.0 ms]
   [Code Root Migration: 0.3 ms]
   [Clear CT: 0.4 ms]
   [Other: 171.7 ms]
      [Choose CSet: 0.0 ms]
      [Ref Proc: 164.8 ms]
      [Ref Enq: 5.0 ms]
      [Free CSet: 1.8 ms]
   [Eden: 1698.0M(1698.0M)->0.0B(1698.0M) Survivors: 22.0M->22.0M Heap: 3662.4M(4096.0M)->1964.4M(4096.0M)]
 [Times: user=0.54 sys=0.00, real=0.21 secs] 
2016-01-06T00:57:32.977-0800: 89.098: [GC pause (young)
Desired survivor size 112721920 bytes, new threshold 15 (max 15)
- age   1:   20636848 bytes,   20636848 total
- age   2:      36864 bytes,   20673712 total
2016-01-06T00:57:33.128-0800: 89.249: [SoftReference, 0 refs, 0.0004210 secs]2016-01-06T00:57:33.128-0800: 89.249: [WeakReference, 0 refs, 0.0003320 secs]2016-01-06T00:57:33.128-0800: 89.249: [FinalReference, 0 refs, 0.0002290 secs]2016-01-06T00:57:33.129-0800: 89.250: [PhantomReference, 0 refs, 53147 refs, 0.0016400 secs]2016-01-06T00:57:33.130-0800: 89.251: [JNI Weak Reference, 0.0000080 secs], 0.1603790 secs]
   [Parallel Time: 30.5 ms, GC Workers: 4]
      [GC Worker Start (ms): Min: 89098.3, Avg: 89098.3, Max: 89098.4, Diff: 0.1]
      [Ext Root Scanning (ms): Min: 0.3, Avg: 0.4, Max: 0.4, Diff: 0.0, Sum: 1.4]
      [SATB Filtering (ms): Min: 0.0, Avg: 0.0, Max: 0.0, Diff: 0.0, Sum: 0.0]
      [Update RS (ms): Min: 17.9, Avg: 18.1, Max: 18.4, Diff: 0.5, Sum: 72.6]
         [Processed Buffers: Min: 26, Avg: 26.2, Max: 27, Diff: 1, Sum: 105]
      [Scan RS (ms): Min: 0.6, Avg: 0.8, Max: 1.0, Diff: 0.4, Sum: 3.2]
      [Code Root Scanning (ms): Min: 0.1, Avg: 0.1, Max: 0.1, Diff: 0.1, Sum: 0.3]
      [Object Copy (ms): Min: 10.8, Avg: 10.9, Max: 10.9, Diff: 0.1, Sum: 43.5]
      [Termination (ms): Min: 0.0, Avg: 0.0, Max: 0.0, Diff: 0.0, Sum: 0.0]
      [GC Worker Other (ms): Min: 0.0, Avg: 0.1, Max: 0.1, Diff: 0.1, Sum: 0.3]
      [GC Worker Total (ms): Min: 30.3, Avg: 30.4, Max: 30.4, Diff: 0.1, Sum: 121.4]
      [GC Worker End (ms): Min: 89128.6, Avg: 89128.7, Max: 89128.7, Diff: 0.1]
   [Code Root Fixup: 0.0 ms]
   [Code Root Migration: 0.2 ms]
   [Clear CT: 0.4 ms]
   [Other: 129.3 ms]
      [Choose CSet: 0.0 ms]
      [Ref Proc: 122.5 ms]
      [Ref Enq: 4.8 ms]
      [Free CSet: 1.9 ms]
   [Eden: 1698.0M(1698.0M)->0.0B(1698.0M) Survivors: 22.0M->22.0M Heap: 3662.4M(4096.0M)->1964.4M(4096.0M)]
 [Times: user=0.61 sys=0.00, real=0.16 secs] 
2016-01-06T00:57:33.398-0800: 89.518: [GC pause (young)
Desired survivor size 112721920 bytes, new threshold 15 (max 15)
- age   1:   20636848 bytes,   20636848 total
- age   2:      36864 bytes,   20673712 total
2016-01-06T00:57:33.562-0800: 89.683: [SoftReference, 0 refs, 0.0004550 secs]2016-01-06T00:57:33.562-0800: 89.683: [WeakReference, 0 refs, 0.0003880 secs]2016-01-06T00:57:33.563-0800: 89.684: [FinalReference, 0 refs, 0.0003620 secs]2016-01-06T00:57:33.563-0800: 89.684: [PhantomReference, 0 refs, 53145 refs, 0.0016770 secs]2016-01-06T00:57:33.565-0800: 89.686: [JNI Weak Reference, 0.0000090 secs], 0.1739280 secs]
   [Parallel Time: 29.3 ms, GC Workers: 4]
      [GC Worker Start (ms): Min: 89518.5, Avg: 89518.5, Max: 89518.6, Diff: 0.1]
      [Ext Root Scanning (ms): Min: 0.3, Avg: 0.4, Max: 0.4, Diff: 0.1, Sum: 1.4]
      [SATB Filtering (ms): Min: 0.0, Avg: 0.0, Max: 0.0, Diff: 0.0, Sum: 0.0]
      [Update RS (ms): Min: 17.1, Avg: 17.3, Max: 17.6, Diff: 0.5, Sum: 69.4]
         [Processed Buffers: Min: 24, Avg: 24.8, Max: 26, Diff: 2, Sum: 99]
      [Scan RS (ms): Min: 0.6, Avg: 0.8, Max: 1.0, Diff: 0.4, Sum: 3.3]
      [Code Root Scanning (ms): Min: 0.1, Avg: 0.1, Max: 0.1, Diff: 0.1, Sum: 0.4]
      [Object Copy (ms): Min: 10.4, Avg: 10.5, Max: 10.5, Diff: 0.1, Sum: 41.9]
      [Termination (ms): Min: 0.0, Avg: 0.0, Max: 0.0, Diff: 0.0, Sum: 0.0]
      [GC Worker Other (ms): Min: 0.0, Avg: 0.1, Max: 0.1, Diff: 0.1, Sum: 0.2]
      [GC Worker Total (ms): Min: 29.1, Avg: 29.2, Max: 29.2, Diff: 0.1, Sum: 116.7]
      [GC Worker End (ms): Min: 89547.7, Avg: 89547.7, Max: 89547.7, Diff: 0.1]
   [Code Root Fixup: 0.0 ms]
   [Code Root Migration: 0.2 ms]
   [Clear CT: 0.4 ms]
   [Other: 144.0 ms]
      [Choose CSet: 0.0 ms]
      [Ref Proc: 138.1 ms]
      [Ref Enq: 3.9 ms]
      [Free CSet: 2.0 ms]
   [Eden: 1698.0M(1698.0M)->0.0B(1698.0M) Survivors: 22.0M->22.0M Heap: 3662.4M(4096.0M)->1964.4M(4096.0M)]
 [Times: user=0.66 sys=0.01, real=0.17 secs] 
2016-01-06T00:57:33.819-0800: 89.940: [GC pause (young)
Desired survivor size 112721920 bytes, new threshold 15 (max 15)
- age   1:   20636848 bytes,   20636848 total
- age   2:      36864 bytes,   20673712 total
2016-01-06T00:57:34.022-0800: 90.143: [SoftReference, 0 refs, 0.0004460 secs]2016-01-06T00:57:34.023-0800: 90.144: [WeakReference, 0 refs, 0.0003670 secs]2016-01-06T00:57:34.023-0800: 90.144: [FinalReference, 0 refs, 0.0002810 secs]2016-01-06T00:57:34.024-0800: 90.144: [PhantomReference, 0 refs, 53148 refs, 0.0017070 secs]2016-01-06T00:57:34.025-0800: 90.146: [JNI Weak Reference, 0.0000250 secs], 0.2141940 secs]
   [Parallel Time: 36.8 ms, GC Workers: 4]
      [GC Worker Start (ms): Min: 89939.9, Avg: 89940.4, Max: 89941.9, Diff: 2.0]
      [Ext Root Scanning (ms): Min: 0.0, Avg: 0.3, Max: 0.4, Diff: 0.4, Sum: 1.3]
      [SATB Filtering (ms): Min: 0.0, Avg: 0.0, Max: 0.0, Diff: 0.0, Sum: 0.0]
      [Update RS (ms): Min: 23.3, Avg: 24.6, Max: 25.2, Diff: 1.9, Sum: 98.5]
         [Processed Buffers: Min: 30, Avg: 35.2, Max: 39, Diff: 9, Sum: 141]
      [Scan RS (ms): Min: 0.6, Avg: 0.8, Max: 1.0, Diff: 0.4, Sum: 3.3]
      [Code Root Scanning (ms): Min: 0.1, Avg: 0.1, Max: 0.1, Diff: 0.0, Sum: 0.4]
      [Object Copy (ms): Min: 10.2, Avg: 10.2, Max: 10.2, Diff: 0.0, Sum: 41.0]
      [Termination (ms): Min: 0.0, Avg: 0.0, Max: 0.0, Diff: 0.0, Sum: 0.0]
      [GC Worker Other (ms): Min: 0.0, Avg: 0.1, Max: 0.1, Diff: 0.1, Sum: 0.2]
      [GC Worker Total (ms): Min: 34.7, Avg: 36.2, Max: 36.7, Diff: 1.9, Sum: 144.7]
      [GC Worker End (ms): Min: 89976.6, Avg: 89976.6, Max: 89976.6, Diff: 0.1]
   [Code Root Fixup: 0.0 ms]
   [Code Root Migration: 0.3 ms]
   [Clear CT: 0.4 ms]
   [Other: 176.8 ms]
      [Choose CSet: 0.0 ms]
      [Ref Proc: 169.5 ms]
      [Ref Enq: 5.3 ms]
      [Free CSet: 1.9 ms]
   [Eden: 1698.0M(1698.0M)->0.0B(1698.0M) Survivors: 22.0M->22.0M Heap: 3662.4M(4096.0M)->1964.4M(4096.0M)]
 [Times: user=0.77 sys=0.00, real=0.21 secs] 
2016-01-06T00:57:34.272-0800: 90.393: [GC pause (young)
Desired survivor size 112721920 bytes, new threshold 15 (max 15)
- age   1:   20636848 bytes,   20636848 total
- age   2:      36864 bytes,   20673712 total
2016-01-06T00:57:34.458-0800: 90.579: [SoftReference, 0 refs, 0.0005240 secs]2016-01-06T00:57:34.459-0800: 90.580: [WeakReference, 0 refs, 0.0002670 secs]2016-01-06T00:57:34.459-0800: 90.580: [FinalReference, 0 refs, 0.0002360 secs]2016-01-06T00:57:34.459-0800: 90.580: [PhantomReference, 0 refs, 53147 refs, 0.0017290 secs]2016-01-06T00:57:34.461-0800: 90.582: [JNI Weak Reference, 0.0000090 secs], 0.1970600 secs]
   [Parallel Time: 26.6 ms, GC Workers: 4]
      [GC Worker Start (ms): Min: 90392.8, Avg: 90393.1, Max: 90393.9, Diff: 1.1]
      [Ext Root Scanning (ms): Min: 0.0, Avg: 0.3, Max: 0.5, Diff: 0.5, Sum: 1.2]
      [SATB Filtering (ms): Min: 0.0, Avg: 0.0, Max: 0.0, Diff: 0.0, Sum: 0.0]
      [Update RS (ms): Min: 14.3, Avg: 14.7, Max: 15.0, Diff: 0.7, Sum: 58.9]
         [Processed Buffers: Min: 22, Avg: 23.5, Max: 25, Diff: 3, Sum: 94]
      [Scan RS (ms): Min: 0.7, Avg: 0.7, Max: 0.9, Diff: 0.2, Sum: 2.9]
      [Code Root Scanning (ms): Min: 0.1, Avg: 0.1, Max: 0.1, Diff: 0.0, Sum: 0.4]
      [Object Copy (ms): Min: 10.2, Avg: 10.3, Max: 10.3, Diff: 0.1, Sum: 41.1]
      [Termination (ms): Min: 0.0, Avg: 0.0, Max: 0.0, Diff: 0.0, Sum: 0.0]
      [GC Worker Other (ms): Min: 0.0, Avg: 0.1, Max: 0.1, Diff: 0.1, Sum: 0.3]
      [GC Worker Total (ms): Min: 25.4, Avg: 26.2, Max: 26.5, Diff: 1.1, Sum: 104.9]
      [GC Worker End (ms): Min: 90419.3, Avg: 90419.3, Max: 90419.4, Diff: 0.1]
   [Code Root Fixup: 0.0 ms]
   [Code Root Migration: 0.2 ms]
   [Clear CT: 0.4 ms]
   [Other: 169.8 ms]
      [Choose CSet: 0.0 ms]
      [Ref Proc: 162.7 ms]
      [Ref Enq: 5.3 ms]
      [Free CSet: 1.8 ms]
   [Eden: 1698.0M(1698.0M)->0.0B(1704.0M) Survivors: 22.0M->17.0M Heap: 3662.4M(4096.0M)->1959.4M(4096.0M)]
 [Times: user=0.75 sys=0.01, real=0.20 secs] 
2016-01-06T00:57:34.709-0800: 90.830: [GC pause (young)
Desired survivor size 113246208 bytes, new threshold 15 (max 15)
- age   1:   16007536 bytes,   16007536 total
- age   2:      36864 bytes,   16044400 total
2016-01-06T00:57:34.878-0800: 90.999: [SoftReference, 0 refs, 0.0005350 secs]2016-01-06T00:57:34.879-0800: 91.000: [WeakReference, 0 refs, 0.0002810 secs]2016-01-06T00:57:34.879-0800: 91.000: [FinalReference, 0 refs, 0.0002690 secs]2016-01-06T00:57:34.879-0800: 91.000: [PhantomReference, 0 refs, 53333 refs, 0.0013950 secs]2016-01-06T00:57:34.881-0800: 91.002: [JNI Weak Reference, 0.0000090 secs], 0.1792660 secs]
   [Parallel Time: 12.7 ms, GC Workers: 4]
      [GC Worker Start (ms): Min: 90830.2, Avg: 90831.1, Max: 90833.9, Diff: 3.7]
      [Ext Root Scanning (ms): Min: 0.0, Avg: 0.4, Max: 0.6, Diff: 0.5, Sum: 1.5]
      [SATB Filtering (ms): Min: 0.0, Avg: 0.0, Max: 0.0, Diff: 0.0, Sum: 0.0]
      [Update RS (ms): Min: 0.0, Avg: 0.1, Max: 0.3, Diff: 0.3, Sum: 0.3]
         [Processed Buffers: Min: 0, Avg: 1.2, Max: 2, Diff: 2, Sum: 5]
      [Scan RS (ms): Min: 0.2, Avg: 0.8, Max: 1.1, Diff: 0.8, Sum: 3.2]
      [Code Root Scanning (ms): Min: 0.0, Avg: 0.1, Max: 0.1, Diff: 0.1, Sum: 0.3]
      [Object Copy (ms): Min: 8.5, Avg: 10.2, Max: 10.8, Diff: 2.3, Sum: 40.9]
      [Termination (ms): Min: 0.0, Avg: 0.0, Max: 0.0, Diff: 0.0, Sum: 0.0]
      [GC Worker Other (ms): Min: 0.0, Avg: 0.1, Max: 0.1, Diff: 0.0, Sum: 0.2]
      [GC Worker Total (ms): Min: 8.8, Avg: 11.6, Max: 12.6, Diff: 3.7, Sum: 46.5]
      [GC Worker End (ms): Min: 90842.7, Avg: 90842.7, Max: 90842.8, Diff: 0.0]
   [Code Root Fixup: 0.0 ms]
   [Code Root Migration: 0.3 ms]
   [Clear CT: 0.4 ms]
   [Other: 165.9 ms]
      [Choose CSet: 0.0 ms]
      [Ref Proc: 158.8 ms]
      [Ref Enq: 5.3 ms]
      [Free CSet: 1.8 ms]
   [Eden: 1704.0M(1704.0M)->0.0B(1698.0M) Survivors: 17.0M->22.0M Heap: 3663.4M(4096.0M)->1964.4M(4096.0M)]
 [Times: user=0.68 sys=0.01, real=0.18 secs] 
2016-01-06T00:57:35.139-0800: 91.260: [GC pause (young)
Desired survivor size 112721920 bytes, new threshold 15 (max 15)
- age   1:   20650240 bytes,   20650240 total
- age   2:      36864 bytes,   20687104 total
2016-01-06T00:57:35.315-0800: 91.436: [SoftReference, 0 refs, 0.0004740 secs]2016-01-06T00:57:35.316-0800: 91.437: [WeakReference, 0 refs, 0.0002770 secs]2016-01-06T00:57:35.316-0800: 91.437: [FinalReference, 0 refs, 0.0002760 secs]2016-01-06T00:57:35.316-0800: 91.437: [PhantomReference, 0 refs, 53145 refs, 0.0014900 secs]2016-01-06T00:57:35.318-0800: 91.439: [JNI Weak Reference, 0.0000090 secs], 0.1865320 secs]
   [Parallel Time: 20.5 ms, GC Workers: 4]
      [GC Worker Start (ms): Min: 91260.1, Avg: 91260.1, Max: 91260.2, Diff: 0.1]
      [Ext Root Scanning (ms): Min: 0.3, Avg: 0.4, Max: 0.4, Diff: 0.1, Sum: 1.4]
      [SATB Filtering (ms): Min: 0.0, Avg: 0.0, Max: 0.0, Diff: 0.0, Sum: 0.0]
      [Update RS (ms): Min: 7.8, Avg: 8.2, Max: 8.4, Diff: 0.6, Sum: 32.9]
         [Processed Buffers: Min: 12, Avg: 12.8, Max: 13, Diff: 1, Sum: 51]
      [Scan RS (ms): Min: 0.6, Avg: 0.7, Max: 1.1, Diff: 0.5, Sum: 2.9]
      [Code Root Scanning (ms): Min: 0.1, Avg: 0.1, Max: 0.2, Diff: 0.1, Sum: 0.3]
      [Object Copy (ms): Min: 10.9, Avg: 10.9, Max: 10.9, Diff: 0.1, Sum: 43.6]
      [Termination (ms): Min: 0.0, Avg: 0.0, Max: 0.0, Diff: 0.0, Sum: 0.0]
      [GC Worker Other (ms): Min: 0.0, Avg: 0.1, Max: 0.1, Diff: 0.1, Sum: 0.3]
      [GC Worker Total (ms): Min: 20.3, Avg: 20.4, Max: 20.4, Diff: 0.1, Sum: 81.5]
      [GC Worker End (ms): Min: 91280.5, Avg: 91280.5, Max: 91280.5, Diff: 0.1]
   [Code Root Fixup: 0.0 ms]
   [Code Root Migration: 0.3 ms]
   [Clear CT: 0.4 ms]
   [Other: 165.4 ms]
      [Choose CSet: 0.0 ms]
      [Ref Proc: 158.1 ms]
      [Ref Enq: 5.4 ms]
      [Free CSet: 1.8 ms]
   [Eden: 1698.0M(1698.0M)->0.0B(1698.0M) Survivors: 22.0M->22.0M Heap: 3662.4M(4096.0M)->1964.4M(4096.0M)]
 [Times: user=0.69 sys=0.00, real=0.19 secs] 
2016-01-06T00:57:35.575-0800: 91.696: [GC pause (young)
Desired survivor size 112721920 bytes, new threshold 15 (max 15)
- age   1:   20636848 bytes,   20636848 total
- age   2:      36864 bytes,   20673712 total
2016-01-06T00:57:35.776-0800: 91.897: [SoftReference, 0 refs, 0.0004270 secs]2016-01-06T00:57:35.776-0800: 91.897: [WeakReference, 0 refs, 0.0002350 secs]2016-01-06T00:57:35.776-0800: 91.897: [FinalReference, 0 refs, 0.0003420 secs]2016-01-06T00:57:35.777-0800: 91.898: [PhantomReference, 0 refs, 53148 refs, 0.0013130 secs]2016-01-06T00:57:35.778-0800: 91.899: [JNI Weak Reference, 0.0000090 secs], 0.2104370 secs]
   [Parallel Time: 30.8 ms, GC Workers: 4]
      [GC Worker Start (ms): Min: 91696.3, Avg: 91696.3, Max: 91696.3, Diff: 0.1]
      [Ext Root Scanning (ms): Min: 0.3, Avg: 0.4, Max: 0.4, Diff: 0.1, Sum: 1.4]
      [SATB Filtering (ms): Min: 0.0, Avg: 0.0, Max: 0.0, Diff: 0.0, Sum: 0.0]
      [Update RS (ms): Min: 18.4, Avg: 18.6, Max: 18.7, Diff: 0.3, Sum: 74.2]
         [Processed Buffers: Min: 25, Avg: 25.5, Max: 27, Diff: 2, Sum: 102]
      [Scan RS (ms): Min: 0.7, Avg: 0.8, Max: 0.9, Diff: 0.3, Sum: 3.2]
      [Code Root Scanning (ms): Min: 0.1, Avg: 0.1, Max: 0.1, Diff: 0.0, Sum: 0.3]
      [Object Copy (ms): Min: 10.7, Avg: 10.8, Max: 10.8, Diff: 0.1, Sum: 43.1]
      [Termination (ms): Min: 0.0, Avg: 0.0, Max: 0.0, Diff: 0.0, Sum: 0.0]
      [GC Worker Other (ms): Min: 0.0, Avg: 0.1, Max: 0.1, Diff: 0.1, Sum: 0.3]
      [GC Worker Total (ms): Min: 30.6, Avg: 30.6, Max: 30.7, Diff: 0.0, Sum: 122.6]
      [GC Worker End (ms): Min: 91726.9, Avg: 91726.9, Max: 91726.9, Diff: 0.1]
   [Code Root Fixup: 0.0 ms]
   [Code Root Migration: 0.2 ms]
   [Clear CT: 0.4 ms]
   [Other: 179.0 ms]
      [Choose CSet: 0.0 ms]
      [Ref Proc: 171.9 ms]
      [Ref Enq: 5.2 ms]
      [Free CSet: 1.8 ms]
   [Eden: 1698.0M(1698.0M)->0.0B(182.0M) Survivors: 22.0M->22.0M Heap: 3662.4M(4096.0M)->1964.4M(4096.0M)]
 [Times: user=0.79 sys=0.00, real=0.22 secs] 
2016-01-06T00:57:35.814-0800: 91.935: [GC pause (young)
Desired survivor size 13631488 bytes, new threshold 1 (max 15)
- age   1:   20636848 bytes,   20636848 total
- age   2:      36864 bytes,   20673712 total
2016-01-06T00:57:35.999-0800: 92.120: [SoftReference, 0 refs, 0.0005530 secs]2016-01-06T00:57:36.000-0800: 92.121: [WeakReference, 0 refs, 0.0002630 secs]2016-01-06T00:57:36.000-0800: 92.121: [FinalReference, 0 refs, 0.0002600 secs]2016-01-06T00:57:36.001-0800: 92.121: [PhantomReference, 0 refs, 6152 refs, 0.0005280 secs]2016-01-06T00:57:36.001-0800: 92.122: [JNI Weak Reference, 0.0000110 secs], 0.1879340 secs]
   [Parallel Time: 2.1 ms, GC Workers: 4]
      [GC Worker Start (ms): Min: 91935.2, Avg: 91935.7, Max: 91937.2, Diff: 2.1]
      [Ext Root Scanning (ms): Min: 0.0, Avg: 0.3, Max: 0.5, Diff: 0.5, Sum: 1.3]
      [SATB Filtering (ms): Min: 0.0, Avg: 0.0, Max: 0.0, Diff: 0.0, Sum: 0.0]
      [Update RS (ms): Min: 0.0, Avg: 0.0, Max: 0.2, Diff: 0.2, Sum: 0.2]
         [Processed Buffers: Min: 0, Avg: 1.2, Max: 3, Diff: 3, Sum: 5]
      [Scan RS (ms): Min: 0.0, Avg: 0.1, Max: 0.1, Diff: 0.1, Sum: 0.3]
      [Code Root Scanning (ms): Min: 0.0, Avg: 0.0, Max: 0.0, Diff: 0.0, Sum: 0.0]
      [Object Copy (ms): Min: 0.0, Avg: 1.0, Max: 1.3, Diff: 1.3, Sum: 3.9]
      [Termination (ms): Min: 0.0, Avg: 0.1, Max: 0.2, Diff: 0.2, Sum: 0.5]
      [GC Worker Other (ms): Min: 0.0, Avg: 0.0, Max: 0.0, Diff: 0.0, Sum: 0.0]
      [GC Worker Total (ms): Min: 0.0, Avg: 1.6, Max: 2.1, Diff: 2.1, Sum: 6.3]
      [GC Worker End (ms): Min: 91937.3, Avg: 91937.3, Max: 91937.3, Diff: 0.0]
   [Code Root Fixup: 0.0 ms]
   [Code Root Migration: 0.0 ms]
   [Clear CT: 0.1 ms]
   [Other: 185.7 ms]
      [Choose CSet: 0.0 ms]
      [Ref Proc: 184.8 ms]
      [Ref Enq: 0.5 ms]
      [Free CSet: 0.3 ms]
   [Eden: 182.0M(182.0M)->0.0B(395.0M) Survivors: 22.0M->11.0M Heap: 2146.4M(4096.0M)->1953.0M(4096.0M)]
 [Times: user=0.70 sys=0.00, real=0.19 secs] 
2016-01-06T00:57:36.058-0800: 92.179: [GC pause (young)
Desired survivor size 26738688 bytes, new threshold 15 (max 15)
- age   1:    9406288 bytes,    9406288 total
2016-01-06T00:57:36.239-0800: 92.360: [SoftReference, 0 refs, 0.0004310 secs]2016-01-06T00:57:36.240-0800: 92.361: [WeakReference, 0 refs, 0.0003490 secs]2016-01-06T00:57:36.240-0800: 92.361: [FinalReference, 0 refs, 0.0002880 secs]2016-01-06T00:57:36.240-0800: 92.361: [PhantomReference, 0 refs, 12753 refs, 0.0007380 secs]2016-01-06T00:57:36.241-0800: 92.362: [JNI Weak Reference, 0.0000120 secs], 0.1853450 secs]
   [Parallel Time: 10.1 ms, GC Workers: 4]
      [GC Worker Start (ms): Min: 92178.8, Avg: 92178.9, Max: 92178.9, Diff: 0.1]
      [Ext Root Scanning (ms): Min: 0.3, Avg: 0.4, Max: 0.4, Diff: 0.1, Sum: 1.4]
      [SATB Filtering (ms): Min: 0.0, Avg: 0.0, Max: 0.0, Diff: 0.0, Sum: 0.0]
      [Update RS (ms): Min: 6.2, Avg: 6.4, Max: 6.5, Diff: 0.4, Sum: 25.5]
         [Processed Buffers: Min: 9, Avg: 10.0, Max: 11, Diff: 2, Sum: 40]
      [Scan RS (ms): Min: 0.1, Avg: 0.2, Max: 0.3, Diff: 0.3, Sum: 0.7]
      [Code Root Scanning (ms): Min: 0.0, Avg: 0.0, Max: 0.1, Diff: 0.0, Sum: 0.1]
      [Object Copy (ms): Min: 3.0, Avg: 3.0, Max: 3.0, Diff: 0.0, Sum: 12.0]
      [Termination (ms): Min: 0.0, Avg: 0.0, Max: 0.0, Diff: 0.0, Sum: 0.0]
      [GC Worker Other (ms): Min: 0.0, Avg: 0.0, Max: 0.1, Diff: 0.0, Sum: 0.1]
      [GC Worker Total (ms): Min: 9.9, Avg: 10.0, Max: 10.0, Diff: 0.1, Sum: 39.8]
      [GC Worker End (ms): Min: 92188.8, Avg: 92188.8, Max: 92188.8, Diff: 0.0]
   [Code Root Fixup: 0.0 ms]
   [Code Root Migration: 0.1 ms]
   [Clear CT: 0.1 ms]
   [Other: 175.1 ms]
      [Choose CSet: 0.0 ms]
      [Ref Proc: 173.2 ms]
      [Ref Enq: 1.2 ms]
      [Free CSet: 0.6 ms]
   [Eden: 395.0M(395.0M)->0.0B(789.0M) Survivors: 11.0M->19.0M Heap: 2348.0M(4096.0M)->1961.5M(4096.0M)]
 [Times: user=0.72 sys=0.00, real=0.18 secs] 
2016-01-06T00:57:36.363-0800: 92.484: [GC pause (young)
Desired survivor size 52953088 bytes, new threshold 15 (max 15)
- age   1:   17728552 bytes,   17728552 total
- age   2:      36864 bytes,   17765416 total
2016-01-06T00:57:36.556-0800: 92.677: [SoftReference, 0 refs, 0.0004460 secs]2016-01-06T00:57:36.557-0800: 92.678: [WeakReference, 0 refs, 0.0002080 secs]2016-01-06T00:57:36.557-0800: 92.678: [FinalReference, 0 refs, 0.0002300 secs]2016-01-06T00:57:36.557-0800: 92.678: [PhantomReference, 0 refs, 24968 refs, 0.0009470 secs]2016-01-06T00:57:36.558-0800: 92.679: [JNI Weak Reference, 0.0000120 secs], 0.1987210 secs]
   [Parallel Time: 20.1 ms, GC Workers: 4]
      [GC Worker Start (ms): Min: 92484.1, Avg: 92484.1, Max: 92484.2, Diff: 0.1]
      [Ext Root Scanning (ms): Min: 0.4, Avg: 1.1, Max: 3.0, Diff: 2.6, Sum: 4.3]
      [SATB Filtering (ms): Min: 0.0, Avg: 0.0, Max: 0.0, Diff: 0.0, Sum: 0.0]
      [Update RS (ms): Min: 11.5, Avg: 13.3, Max: 14.3, Diff: 2.8, Sum: 53.1]
         [Processed Buffers: Min: 16, Avg: 19.8, Max: 22, Diff: 6, Sum: 79]
      [Scan RS (ms): Min: 0.1, Avg: 0.3, Max: 0.5, Diff: 0.5, Sum: 1.4]
      [Code Root Scanning (ms): Min: 0.0, Avg: 0.0, Max: 0.1, Diff: 0.1, Sum: 0.2]
      [Object Copy (ms): Min: 5.1, Avg: 5.2, Max: 5.2, Diff: 0.1, Sum: 20.7]
      [Termination (ms): Min: 0.0, Avg: 0.0, Max: 0.0, Diff: 0.0, Sum: 0.0]
      [GC Worker Other (ms): Min: 0.0, Avg: 0.0, Max: 0.1, Diff: 0.0, Sum: 0.2]
      [GC Worker Total (ms): Min: 19.9, Avg: 20.0, Max: 20.0, Diff: 0.1, Sum: 79.8]
      [GC Worker End (ms): Min: 92504.1, Avg: 92504.1, Max: 92504.1, Diff: 0.0]
   [Code Root Fixup: 0.0 ms]
   [Code Root Migration: 0.1 ms]
   [Clear CT: 0.2 ms]
   [Other: 178.3 ms]
      [Choose CSet: 0.0 ms]
      [Ref Proc: 174.8 ms]
      [Ref Enq: 2.4 ms]
      [Free CSet: 0.9 ms]
   [Eden: 789.0M(789.0M)->0.0B(184.0M) Survivors: 19.0M->20.0M Heap: 2750.5M(4096.0M)->1962.5M(4096.0M)]
 [Times: user=0.77 sys=0.00, real=0.20 secs] 
2016-01-06T00:57:36.591-0800: 92.711: [GC pause (young)
Desired survivor size 13631488 bytes, new threshold 1 (max 15)
- age   1:   18607960 bytes,   18607960 total
- age   2:      36864 bytes,   18644824 total
2016-01-06T00:57:36.778-0800: 92.899: [SoftReference, 0 refs, 0.0005800 secs]2016-01-06T00:57:36.778-0800: 92.899: [WeakReference, 0 refs, 0.0002230 secs]2016-01-06T00:57:36.779-0800: 92.899: [FinalReference, 0 refs, 0.0002380 secs]2016-01-06T00:57:36.779-0800: 92.900: [PhantomReference, 0 refs, 6214 refs, 0.0005710 secs]2016-01-06T00:57:36.779-0800: 92.900: [JNI Weak Reference, 0.0000090 secs], 0.1898410 secs]
   [Parallel Time: 6.0 ms, GC Workers: 4]
      [GC Worker Start (ms): Min: 92711.5, Avg: 92712.1, Max: 92713.9, Diff: 2.4]
      [Ext Root Scanning (ms): Min: 0.0, Avg: 0.3, Max: 0.5, Diff: 0.5, Sum: 1.3]
      [SATB Filtering (ms): Min: 0.0, Avg: 0.0, Max: 0.0, Diff: 0.0, Sum: 0.0]
      [Update RS (ms): Min: 1.5, Avg: 2.7, Max: 3.3, Diff: 1.9, Sum: 10.7]
         [Processed Buffers: Min: 2, Avg: 5.2, Max: 9, Diff: 7, Sum: 21]
      [Scan RS (ms): Min: 0.0, Avg: 0.1, Max: 0.2, Diff: 0.2, Sum: 0.3]
      [Code Root Scanning (ms): Min: 0.0, Avg: 0.0, Max: 0.0, Diff: 0.0, Sum: 0.0]
      [Object Copy (ms): Min: 2.0, Avg: 2.2, Max: 2.3, Diff: 0.3, Sum: 8.8]
      [Termination (ms): Min: 0.0, Avg: 0.0, Max: 0.0, Diff: 0.0, Sum: 0.0]
      [GC Worker Other (ms): Min: 0.0, Avg: 0.0, Max: 0.0, Diff: 0.0, Sum: 0.1]
      [GC Worker Total (ms): Min: 3.5, Avg: 5.3, Max: 5.9, Diff: 2.4, Sum: 21.2]
      [GC Worker End (ms): Min: 92717.4, Avg: 92717.4, Max: 92717.4, Diff: 0.0]
   [Code Root Fixup: 0.0 ms]
   [Code Root Migration: 0.0 ms]
   [Clear CT: 0.1 ms]
   [Other: 183.8 ms]
      [Choose CSet: 0.0 ms]
      [Ref Proc: 182.9 ms]
      [Ref Enq: 0.5 ms]
      [Free CSet: 0.3 ms]
   [Eden: 184.0M(184.0M)->0.0B(430.0M) Survivors: 20.0M->19.0M Heap: 2146.5M(4096.0M)->1961.0M(4096.0M)]
 [Times: user=0.70 sys=0.00, real=0.19 secs] 
2016-01-06T00:57:36.846-0800: 92.967: [GC pause (young)
Desired survivor size 29884416 bytes, new threshold 15 (max 15)
- age   1:   17257600 bytes,   17257600 total
2016-01-06T00:57:37.032-0800: 93.153: [SoftReference, 0 refs, 0.0005320 secs]2016-01-06T00:57:37.033-0800: 93.154: [WeakReference, 0 refs, 0.0002430 secs]2016-01-06T00:57:37.033-0800: 93.154: [FinalReference, 0 refs, 0.0002300 secs]2016-01-06T00:57:37.033-0800: 93.154: [PhantomReference, 0 refs, 13840 refs, 0.0008110 secs]2016-01-06T00:57:37.034-0800: 93.155: [JNI Weak Reference, 0.0000090 secs], 0.1903930 secs]
   [Parallel Time: 9.7 ms, GC Workers: 4]
      [GC Worker Start (ms): Min: 92966.7, Avg: 92966.7, Max: 92966.7, Diff: 0.1]
      [Ext Root Scanning (ms): Min: 0.3, Avg: 0.4, Max: 0.4, Diff: 0.0, Sum: 1.4]
      [SATB Filtering (ms): Min: 0.0, Avg: 0.0, Max: 0.0, Diff: 0.0, Sum: 0.0]
      [Update RS (ms): Min: 5.8, Avg: 5.9, Max: 6.0, Diff: 0.3, Sum: 23.7]
         [Processed Buffers: Min: 8, Avg: 9.5, Max: 11, Diff: 3, Sum: 38]
      [Scan RS (ms): Min: 0.1, Avg: 0.2, Max: 0.3, Diff: 0.2, Sum: 0.8]
      [Code Root Scanning (ms): Min: 0.0, Avg: 0.0, Max: 0.0, Diff: 0.0, Sum: 0.1]
      [Object Copy (ms): Min: 3.1, Avg: 3.1, Max: 3.1, Diff: 0.0, Sum: 12.2]
      [Termination (ms): Min: 0.0, Avg: 0.0, Max: 0.0, Diff: 0.0, Sum: 0.0]
      [GC Worker Other (ms): Min: 0.0, Avg: 0.0, Max: 0.0, Diff: 0.0, Sum: 0.1]
      [GC Worker Total (ms): Min: 9.6, Avg: 9.6, Max: 9.7, Diff: 0.1, Sum: 38.4]
      [GC Worker End (ms): Min: 92976.3, Avg: 92976.3, Max: 92976.3, Diff: 0.0]
   [Code Root Fixup: 0.0 ms]
   [Code Root Migration: 0.1 ms]
   [Clear CT: 0.1 ms]
   [Other: 180.5 ms]
      [Choose CSet: 0.0 ms]
      [Ref Proc: 178.8 ms]
      [Ref Enq: 1.1 ms]
      [Free CSet: 0.5 ms]
   [Eden: 430.0M(430.0M)->0.0B(858.0M) Survivors: 19.0M->20.0M Heap: 2391.0M(4096.0M)->1962.0M(4096.0M)]
 [Times: user=0.74 sys=0.01, real=0.18 secs] 
2016-01-06T00:57:37.166-0800: 93.287: [GC pause (young)
Desired survivor size 57671680 bytes, new threshold 15 (max 15)
- age   1:   17806672 bytes,   17806672 total
- age   2:      36864 bytes,   17843536 total
2016-01-06T00:57:37.394-0800: 93.514: [SoftReference, 0 refs, 0.0006000 secs]2016-01-06T00:57:37.394-0800: 93.515: [WeakReference, 0 refs, 0.0002690 secs]2016-01-06T00:57:37.394-0800: 93.515: [FinalReference, 0 refs, 0.0002260 secs]2016-01-06T00:57:37.395-0800: 93.516: [PhantomReference, 0 refs, 27108 refs, 0.0008930 secs]2016-01-06T00:57:37.396-0800: 93.516: [JNI Weak Reference, 0.0000080 secs], 0.2327210 secs]
   [Parallel Time: 19.2 ms, GC Workers: 4]
      [GC Worker Start (ms): Min: 93287.4, Avg: 93287.5, Max: 93287.5, Diff: 0.1]
      [Ext Root Scanning (ms): Min: 0.3, Avg: 0.4, Max: 0.4, Diff: 0.1, Sum: 1.5]
      [SATB Filtering (ms): Min: 0.0, Avg: 0.0, Max: 0.0, Diff: 0.0, Sum: 0.0]
      [Update RS (ms): Min: 12.2, Avg: 12.4, Max: 12.6, Diff: 0.4, Sum: 49.7]
         [Processed Buffers: Min: 16, Avg: 17.5, Max: 19, Diff: 3, Sum: 70]
      [Scan RS (ms): Min: 0.3, Avg: 0.5, Max: 0.6, Diff: 0.3, Sum: 1.9]
      [Code Root Scanning (ms): Min: 0.0, Avg: 0.0, Max: 0.1, Diff: 0.0, Sum: 0.2]
      [Object Copy (ms): Min: 5.5, Avg: 5.7, Max: 5.8, Diff: 0.2, Sum: 22.8]
      [Termination (ms): Min: 0.0, Avg: 0.0, Max: 0.0, Diff: 0.0, Sum: 0.0]
      [GC Worker Other (ms): Min: 0.0, Avg: 0.1, Max: 0.1, Diff: 0.1, Sum: 0.2]
      [GC Worker Total (ms): Min: 19.0, Avg: 19.1, Max: 19.1, Diff: 0.1, Sum: 76.2]
      [GC Worker End (ms): Min: 93306.5, Avg: 93306.5, Max: 93306.6, Diff: 0.1]
   [Code Root Fixup: 0.0 ms]
   [Code Root Migration: 0.1 ms]
   [Clear CT: 0.3 ms]
   [Other: 213.1 ms]
      [Choose CSet: 0.0 ms]
      [Ref Proc: 209.9 ms]
      [Ref Enq: 2.1 ms]
      [Free CSet: 1.1 ms]
   [Eden: 858.0M(858.0M)->0.0B(184.0M) Survivors: 20.0M->20.0M Heap: 2820.0M(4096.0M)->1962.5M(4096.0M)]
 [Times: user=0.85 sys=0.00, real=0.23 secs] 
2016-01-06T00:57:37.428-0800: 93.549: [GC pause (young)
Desired survivor size 13631488 bytes, new threshold 1 (max 15)
- age   1:   18761968 bytes,   18761968 total
- age   2:      36864 bytes,   18798832 total
2016-01-06T00:57:37.619-0800: 93.740: [SoftReference, 0 refs, 0.0004260 secs]2016-01-06T00:57:37.620-0800: 93.740: [WeakReference, 0 refs, 0.0002460 secs]2016-01-06T00:57:37.620-0800: 93.741: [FinalReference, 0 refs, 0.0003540 secs]2016-01-06T00:57:37.620-0800: 93.741: [PhantomReference, 0 refs, 6214 refs, 0.0008460 secs]2016-01-06T00:57:37.621-0800: 93.742: [JNI Weak Reference, 0.0000080 secs], 0.1941680 secs]
   [Parallel Time: 6.6 ms, GC Workers: 4]
      [GC Worker Start (ms): Min: 93548.9, Avg: 93550.5, Max: 93555.3, Diff: 6.4]
      [Ext Root Scanning (ms): Min: 0.0, Avg: 0.3, Max: 0.5, Diff: 0.5, Sum: 1.4]
      [SATB Filtering (ms): Min: 0.0, Avg: 0.0, Max: 0.0, Diff: 0.0, Sum: 0.0]
      [Update RS (ms): Min: 0.0, Avg: 2.5, Max: 3.5, Diff: 3.5, Sum: 9.9]
         [Processed Buffers: Min: 0, Avg: 4.2, Max: 7, Diff: 7, Sum: 17]
      [Scan RS (ms): Min: 0.0, Avg: 0.1, Max: 0.2, Diff: 0.2, Sum: 0.4]
      [Code Root Scanning (ms): Min: 0.0, Avg: 0.0, Max: 0.0, Diff: 0.0, Sum: 0.0]
      [Object Copy (ms): Min: 0.0, Avg: 1.8, Max: 2.5, Diff: 2.5, Sum: 7.2]
      [Termination (ms): Min: 0.0, Avg: 0.1, Max: 0.2, Diff: 0.2, Sum: 0.6]
      [GC Worker Other (ms): Min: 0.0, Avg: 0.0, Max: 0.0, Diff: 0.0, Sum: 0.0]
      [GC Worker Total (ms): Min: 0.1, Avg: 4.9, Max: 6.5, Diff: 6.5, Sum: 19.5]
      [GC Worker End (ms): Min: 93555.4, Avg: 93555.4, Max: 93555.4, Diff: 0.0]
   [Code Root Fixup: 0.0 ms]
   [Code Root Migration: 0.0 ms]
   [Clear CT: 0.1 ms]
   [Other: 187.4 ms]
      [Choose CSet: 0.0 ms]
      [Ref Proc: 186.5 ms]
      [Ref Enq: 0.5 ms]
      [Free CSet: 0.3 ms]
   [Eden: 184.0M(184.0M)->0.0B(185.0M) Survivors: 20.0M->19.0M Heap: 2146.5M(4096.0M)->1961.1M(4096.0M)]
 [Times: user=0.70 sys=0.00, real=0.19 secs] 
2016-01-06T00:57:37.650-0800: 93.771: [GC pause (young)
Desired survivor size 13631488 bytes, new threshold 1 (max 15)
- age   1:   17257600 bytes,   17257600 total
2016-01-06T00:57:37.837-0800: 93.958: [SoftReference, 0 refs, 0.0005260 secs]2016-01-06T00:57:37.846-0800: 93.967: [WeakReference, 0 refs, 0.0003890 secs]2016-01-06T00:57:37.847-0800: 93.968: [FinalReference, 0 refs, 0.0003540 secs]2016-01-06T00:57:37.847-0800: 93.968: [PhantomReference, 0 refs, 6245 refs, 0.0005280 secs]2016-01-06T00:57:37.848-0800: 93.968: [JNI Weak Reference, 0.0000130 secs], 0.1983400 secs]
   [Parallel Time: 5.9 ms, GC Workers: 4]
      [GC Worker Start (ms): Min: 93771.2, Avg: 93771.3, Max: 93771.3, Diff: 0.1]
      [Ext Root Scanning (ms): Min: 0.3, Avg: 0.4, Max: 0.4, Diff: 0.1, Sum: 1.4]
      [SATB Filtering (ms): Min: 0.0, Avg: 0.0, Max: 0.0, Diff: 0.0, Sum: 0.0]
      [Update RS (ms): Min: 2.4, Avg: 2.6, Max: 2.8, Diff: 0.4, Sum: 10.5]
         [Processed Buffers: Min: 4, Avg: 4.8, Max: 7, Diff: 3, Sum: 19]
      [Scan RS (ms): Min: 0.0, Avg: 0.1, Max: 0.2, Diff: 0.2, Sum: 0.3]
      [Code Root Scanning (ms): Min: 0.0, Avg: 0.0, Max: 0.0, Diff: 0.0, Sum: 0.0]
      [Object Copy (ms): Min: 2.6, Avg: 2.7, Max: 2.8, Diff: 0.2, Sum: 10.9]
      [Termination (ms): Min: 0.0, Avg: 0.0, Max: 0.0, Diff: 0.0, Sum: 0.0]
      [GC Worker Other (ms): Min: 0.0, Avg: 0.0, Max: 0.0, Diff: 0.0, Sum: 0.1]
      [GC Worker Total (ms): Min: 5.8, Avg: 5.8, Max: 5.9, Diff: 0.1, Sum: 23.3]
      [GC Worker End (ms): Min: 93777.1, Avg: 93777.1, Max: 93777.1, Diff: 0.0]
   [Code Root Fixup: 0.0 ms]
   [Code Root Migration: 0.0 ms]
   [Clear CT: 0.1 ms]
   [Other: 192.3 ms]
      [Choose CSet: 0.0 ms]
      [Ref Proc: 191.3 ms]
      [Ref Enq: 0.6 ms]
      [Free CSet: 0.3 ms]
   [Eden: 185.0M(185.0M)->0.0B(185.0M) Survivors: 19.0M->19.0M Heap: 2146.1M(4096.0M)->1961.1M(4096.0M)]
 [Times: user=0.70 sys=0.01, real=0.20 secs] 
2016-01-06T00:57:37.877-0800: 93.998: [GC pause (young)
Desired survivor size 13631488 bytes, new threshold 1 (max 15)
- age   1:   17259832 bytes,   17259832 total
2016-01-06T00:57:38.095-0800: 94.215: [SoftReference, 0 refs, 0.0008240 secs]2016-01-06T00:57:38.095-0800: 94.216: [WeakReference, 0 refs, 0.0003290 secs]2016-01-06T00:57:38.096-0800: 94.217: [FinalReference, 0 refs, 0.0003730 secs]2016-01-06T00:57:38.096-0800: 94.217: [PhantomReference, 0 refs, 6244 refs, 0.0008510 secs]2016-01-06T00:57:38.097-0800: 94.218: [JNI Weak Reference, 0.0000130 secs], 0.2213990 secs]
   [Parallel Time: 3.5 ms, GC Workers: 4]
      [GC Worker Start (ms): Min: 93997.6, Avg: 93997.7, Max: 93997.7, Diff: 0.1]
      [Ext Root Scanning (ms): Min: 0.3, Avg: 0.4, Max: 0.4, Diff: 0.1, Sum: 1.6]
      [SATB Filtering (ms): Min: 0.0, Avg: 0.0, Max: 0.0, Diff: 0.0, Sum: 0.0]
      [Update RS (ms): Min: 0.3, Avg: 0.5, Max: 0.6, Diff: 0.3, Sum: 2.0]
         [Processed Buffers: Min: 1, Avg: 2.0, Max: 3, Diff: 2, Sum: 8]
      [Scan RS (ms): Min: 0.0, Avg: 0.1, Max: 0.2, Diff: 0.2, Sum: 0.3]
      [Code Root Scanning (ms): Min: 0.0, Avg: 0.0, Max: 0.0, Diff: 0.0, Sum: 0.0]
      [Object Copy (ms): Min: 2.2, Avg: 2.3, Max: 2.4, Diff: 0.2, Sum: 9.3]
      [Termination (ms): Min: 0.0, Avg: 0.0, Max: 0.0, Diff: 0.0, Sum: 0.0]
      [GC Worker Other (ms): Min: 0.0, Avg: 0.0, Max: 0.0, Diff: 0.0, Sum: 0.1]
      [GC Worker Total (ms): Min: 3.3, Avg: 3.3, Max: 3.4, Diff: 0.1, Sum: 13.4]
      [GC Worker End (ms): Min: 94001.0, Avg: 94001.0, Max: 94001.0, Diff: 0.0]
   [Code Root Fixup: 0.0 ms]
   [Code Root Migration: 0.0 ms]
   [Clear CT: 0.2 ms]
   [Other: 217.7 ms]
      [Choose CSet: 0.0 ms]
      [Ref Proc: 216.9 ms]
      [Ref Enq: 0.4 ms]
      [Free CSet: 0.4 ms]
   [Eden: 185.0M(185.0M)->0.0B(186.0M) Survivors: 19.0M->18.0M Heap: 2146.1M(4096.0M)->1960.6M(4096.0M)]
 [Times: user=0.79 sys=0.00, real=0.23 secs] 
2016-01-06T00:57:38.126-0800: 94.247: [GC pause (young)
Desired survivor size 13631488 bytes, new threshold 1 (max 15)
- age   1:   17259832 bytes,   17259832 total
2016-01-06T00:57:38.310-0800: 94.431: [SoftReference, 0 refs, 0.0005010 secs]2016-01-06T00:57:38.311-0800: 94.432: [WeakReference, 0 refs, 0.0003440 secs]2016-01-06T00:57:38.311-0800: 94.432: [FinalReference, 0 refs, 0.0002550 secs]2016-01-06T00:57:38.311-0800: 94.432: [PhantomReference, 0 refs, 6275 refs, 0.0006530 secs]2016-01-06T00:57:38.312-0800: 94.433: [JNI Weak Reference, 0.0000090 secs], 0.1872490 secs]
   [Parallel Time: 3.5 ms, GC Workers: 4]
      [GC Worker Start (ms): Min: 94246.9, Avg: 94247.0, Max: 94247.0, Diff: 0.1]
      [Ext Root Scanning (ms): Min: 0.3, Avg: 0.3, Max: 0.4, Diff: 0.1, Sum: 1.4]
      [SATB Filtering (ms): Min: 0.0, Avg: 0.0, Max: 0.0, Diff: 0.0, Sum: 0.0]
      [Update RS (ms): Min: 0.0, Avg: 0.1, Max: 0.3, Diff: 0.3, Sum: 0.4]
         [Processed Buffers: Min: 0, Avg: 1.5, Max: 4, Diff: 4, Sum: 6]
      [Scan RS (ms): Min: 0.0, Avg: 0.1, Max: 0.1, Diff: 0.1, Sum: 0.3]
      [Code Root Scanning (ms): Min: 0.0, Avg: 0.0, Max: 0.0, Diff: 0.0, Sum: 0.0]
      [Object Copy (ms): Min: 2.3, Avg: 2.5, Max: 2.8, Diff: 0.5, Sum: 9.9]
      [Termination (ms): Min: 0.0, Avg: 0.3, Max: 0.4, Diff: 0.4, Sum: 1.3]
      [GC Worker Other (ms): Min: 0.0, Avg: 0.0, Max: 0.0, Diff: 0.0, Sum: 0.0]
      [GC Worker Total (ms): Min: 3.3, Avg: 3.3, Max: 3.4, Diff: 0.1, Sum: 13.4]
      [GC Worker End (ms): Min: 94250.3, Avg: 94250.3, Max: 94250.3, Diff: 0.0]
   [Code Root Fixup: 0.0 ms]
   [Code Root Migration: 0.0 ms]
   [Clear CT: 0.1 ms]
   [Other: 183.6 ms]
      [Choose CSet: 0.0 ms]
      [Ref Proc: 182.7 ms]
      [Ref Enq: 0.5 ms]
      [Free CSet: 0.3 ms]
   [Eden: 186.0M(186.0M)->0.0B(185.0M) Survivors: 18.0M->19.0M Heap: 2146.6M(4096.0M)->1961.2M(4096.0M)]
 [Times: user=0.73 sys=0.00, real=0.18 secs] 
2016-01-06T00:57:38.342-0800: 94.463: [GC pause (young)
Desired survivor size 13631488 bytes, new threshold 1 (max 15)
- age   1:   17262064 bytes,   17262064 total
2016-01-06T00:57:38.524-0800: 94.645: [SoftReference, 0 refs, 0.0004540 secs]2016-01-06T00:57:38.524-0800: 94.645: [WeakReference, 0 refs, 0.0002650 secs]2016-01-06T00:57:38.525-0800: 94.646: [FinalReference, 0 refs, 0.0002790 secs]2016-01-06T00:57:38.525-0800: 94.646: [PhantomReference, 0 refs, 6244 refs, 0.0006440 secs]2016-01-06T00:57:38.526-0800: 94.647: [JNI Weak Reference, 0.0000110 secs], 0.1851050 secs]
   [Parallel Time: 3.0 ms, GC Workers: 4]
      [GC Worker Start (ms): Min: 94462.7, Avg: 94462.7, Max: 94462.7, Diff: 0.1]
      [Ext Root Scanning (ms): Min: 0.3, Avg: 0.4, Max: 0.4, Diff: 0.1, Sum: 1.4]
      [SATB Filtering (ms): Min: 0.0, Avg: 0.0, Max: 0.0, Diff: 0.0, Sum: 0.0]
      [Update RS (ms): Min: 0.0, Avg: 0.1, Max: 0.3, Diff: 0.3, Sum: 0.4]
         [Processed Buffers: Min: 0, Avg: 1.5, Max: 4, Diff: 4, Sum: 6]
      [Scan RS (ms): Min: 0.0, Avg: 0.1, Max: 0.1, Diff: 0.1, Sum: 0.4]
      [Code Root Scanning (ms): Min: 0.0, Avg: 0.0, Max: 0.0, Diff: 0.0, Sum: 0.0]
      [Object Copy (ms): Min: 2.3, Avg: 2.3, Max: 2.3, Diff: 0.1, Sum: 9.2]
      [Termination (ms): Min: 0.0, Avg: 0.0, Max: 0.0, Diff: 0.0, Sum: 0.0]
      [GC Worker Other (ms): Min: 0.0, Avg: 0.1, Max: 0.1, Diff: 0.1, Sum: 0.2]
      [GC Worker Total (ms): Min: 2.9, Avg: 2.9, Max: 3.0, Diff: 0.1, Sum: 11.7]
      [GC Worker End (ms): Min: 94465.6, Avg: 94465.6, Max: 94465.7, Diff: 0.1]
   [Code Root Fixup: 0.0 ms]
   [Code Root Migration: 0.0 ms]
   [Clear CT: 0.2 ms]
   [Other: 181.8 ms]
      [Choose CSet: 0.0 ms]
      [Ref Proc: 180.9 ms]
      [Ref Enq: 0.5 ms]
      [Free CSet: 0.3 ms]
   [Eden: 185.0M(185.0M)->0.0B(185.0M) Survivors: 19.0M->19.0M Heap: 2146.2M(4096.0M)->1961.7M(4096.0M)]
 [Times: user=0.71 sys=0.01, real=0.19 secs] 
2016-01-06T00:57:38.555-0800: 94.676: [GC pause (young)
Desired survivor size 13631488 bytes, new threshold 1 (max 15)
- age   1:   17259832 bytes,   17259832 total
2016-01-06T00:57:38.743-0800: 94.864: [SoftReference, 0 refs, 0.0004590 secs]2016-01-06T00:57:38.744-0800: 94.865: [WeakReference, 0 refs, 0.0003610 secs]2016-01-06T00:57:38.744-0800: 94.865: [FinalReference, 0 refs, 0.0002670 secs]2016-01-06T00:57:38.745-0800: 94.865: [PhantomReference, 0 refs, 6243 refs, 0.0006170 secs]2016-01-06T00:57:38.745-0800: 94.866: [JNI Weak Reference, 0.0000090 secs], 0.1910380 secs]
   [Parallel Time: 3.0 ms, GC Workers: 4]
      [GC Worker Start (ms): Min: 94676.3, Avg: 94676.3, Max: 94676.3, Diff: 0.1]
      [Ext Root Scanning (ms): Min: 0.3, Avg: 0.4, Max: 0.4, Diff: 0.0, Sum: 1.4]
      [SATB Filtering (ms): Min: 0.0, Avg: 0.0, Max: 0.0, Diff: 0.0, Sum: 0.0]
      [Update RS (ms): Min: 0.0, Avg: 0.1, Max: 0.3, Diff: 0.2, Sum: 0.4]
         [Processed Buffers: Min: 1, Avg: 1.5, Max: 2, Diff: 1, Sum: 6]
      [Scan RS (ms): Min: 0.0, Avg: 0.1, Max: 0.1, Diff: 0.1, Sum: 0.3]
      [Code Root Scanning (ms): Min: 0.0, Avg: 0.0, Max: 0.0, Diff: 0.0, Sum: 0.0]
      [Object Copy (ms): Min: 2.2, Avg: 2.3, Max: 2.3, Diff: 0.1, Sum: 9.1]
      [Termination (ms): Min: 0.0, Avg: 0.0, Max: 0.0, Diff: 0.0, Sum: 0.0]
      [GC Worker Other (ms): Min: 0.0, Avg: 0.0, Max: 0.1, Diff: 0.1, Sum: 0.2]
      [GC Worker Total (ms): Min: 2.8, Avg: 2.9, Max: 2.9, Diff: 0.1, Sum: 11.5]
      [GC Worker End (ms): Min: 94679.1, Avg: 94679.2, Max: 94679.2, Diff: 0.0]
   [Code Root Fixup: 0.0 ms]
   [Code Root Migration: 0.0 ms]
   [Clear CT: 0.1 ms]
   [Other: 187.9 ms]
      [Choose CSet: 0.0 ms]
      [Ref Proc: 186.9 ms]
      [Ref Enq: 0.6 ms]
      [Free CSet: 0.3 ms]
   [Eden: 185.0M(185.0M)->0.0B(332.0M) Survivors: 19.0M->19.0M Heap: 2146.7M(4096.0M)->1961.3M(4096.0M)]
 [Times: user=0.74 sys=0.00, real=0.20 secs] 
2016-01-06T00:57:38.793-0800: 94.914: [GC pause (young)
Desired survivor size 23068672 bytes, new threshold 15 (max 15)
- age   1:   17259832 bytes,   17259832 total
2016-01-06T00:57:38.989-0800: 95.110: [SoftReference, 0 refs, 0.0005300 secs]2016-01-06T00:57:38.990-0800: 95.111: [WeakReference, 0 refs, 0.0003520 secs]2016-01-06T00:57:38.990-0800: 95.111: [FinalReference, 0 refs, 0.0002480 secs]2016-01-06T00:57:38.990-0800: 95.111: [PhantomReference, 0 refs, 10801 refs, 0.0006490 secs]2016-01-06T00:57:38.991-0800: 95.112: [JNI Weak Reference, 0.0000130 secs], 0.1998470 secs]
   [Parallel Time: 4.3 ms, GC Workers: 4]
      [GC Worker Start (ms): Min: 94913.7, Avg: 94914.8, Max: 94917.9, Diff: 4.2]
      [Ext Root Scanning (ms): Min: 0.0, Avg: 0.3, Max: 0.5, Diff: 0.5, Sum: 1.3]
      [SATB Filtering (ms): Min: 0.0, Avg: 0.0, Max: 0.0, Diff: 0.0, Sum: 0.0]
      [Update RS (ms): Min: 0.0, Avg: 0.1, Max: 0.2, Diff: 0.2, Sum: 0.4]
         [Processed Buffers: Min: 0, Avg: 1.8, Max: 4, Diff: 4, Sum: 7]
      [Scan RS (ms): Min: 0.1, Avg: 0.1, Max: 0.2, Diff: 0.2, Sum: 0.6]
      [Code Root Scanning (ms): Min: 0.0, Avg: 0.0, Max: 0.0, Diff: 0.0, Sum: 0.1]
      [Object Copy (ms): Min: 0.0, Avg: 2.0, Max: 2.7, Diff: 2.7, Sum: 8.0]
      [Termination (ms): Min: 0.0, Avg: 0.6, Max: 0.8, Diff: 0.8, Sum: 2.4]
      [GC Worker Other (ms): Min: 0.0, Avg: 0.0, Max: 0.0, Diff: 0.0, Sum: 0.0]
      [GC Worker Total (ms): Min: 0.1, Avg: 3.2, Max: 4.3, Diff: 4.2, Sum: 12.8]
      [GC Worker End (ms): Min: 94918.0, Avg: 94918.0, Max: 94918.0, Diff: 0.0]
   [Code Root Fixup: 0.0 ms]
   [Code Root Migration: 0.1 ms]
   [Clear CT: 0.1 ms]
   [Other: 195.3 ms]
      [Choose CSet: 0.0 ms]
      [Ref Proc: 194.0 ms]
      [Ref Enq: 0.9 ms]
      [Free CSet: 0.4 ms]
   [Eden: 332.0M(332.0M)->0.0B(185.0M) Survivors: 19.0M->19.0M Heap: 2293.3M(4096.0M)->1961.8M(4096.0M)]
 [Times: user=0.74 sys=0.00, real=0.20 secs] 
2016-01-06T00:57:39.019-0800: 95.140: [GC pause (young)
Desired survivor size 13631488 bytes, new threshold 1 (max 15)
- age   1:   17587936 bytes,   17587936 total
- age   2:      36864 bytes,   17624800 total
2016-01-06T00:57:39.202-0800: 95.323: [SoftReference, 0 refs, 0.0005150 secs]2016-01-06T00:57:39.203-0800: 95.324: [WeakReference, 0 refs, 0.0003500 secs]2016-01-06T00:57:39.203-0800: 95.324: [FinalReference, 0 refs, 0.0002320 secs]2016-01-06T00:57:39.203-0800: 95.324: [PhantomReference, 0 refs, 6245 refs, 0.0008060 secs]2016-01-06T00:57:39.204-0800: 95.325: [JNI Weak Reference, 0.0000100 secs], 0.1860010 secs]
   [Parallel Time: 2.9 ms, GC Workers: 4]
      [GC Worker Start (ms): Min: 95140.2, Avg: 95140.3, Max: 95140.3, Diff: 0.1]
      [Ext Root Scanning (ms): Min: 0.3, Avg: 0.3, Max: 0.4, Diff: 0.0, Sum: 1.4]
      [SATB Filtering (ms): Min: 0.0, Avg: 0.0, Max: 0.0, Diff: 0.0, Sum: 0.0]
      [Update RS (ms): Min: 0.0, Avg: 0.1, Max: 0.3, Diff: 0.3, Sum: 0.4]
         [Processed Buffers: Min: 0, Avg: 1.2, Max: 3, Diff: 3, Sum: 5]
      [Scan RS (ms): Min: 0.0, Avg: 0.1, Max: 0.1, Diff: 0.1, Sum: 0.3]
      [Code Root Scanning (ms): Min: 0.0, Avg: 0.0, Max: 0.0, Diff: 0.0, Sum: 0.0]
      [Object Copy (ms): Min: 2.1, Avg: 2.2, Max: 2.2, Diff: 0.1, Sum: 8.9]
      [Termination (ms): Min: 0.0, Avg: 0.0, Max: 0.0, Diff: 0.0, Sum: 0.0]
      [GC Worker Other (ms): Min: 0.0, Avg: 0.0, Max: 0.0, Diff: 0.0, Sum: 0.1]
      [GC Worker Total (ms): Min: 2.7, Avg: 2.8, Max: 2.8, Diff: 0.1, Sum: 11.1]
      [GC Worker End (ms): Min: 95143.1, Avg: 95143.1, Max: 95143.1, Diff: 0.0]
   [Code Root Fixup: 0.0 ms]
   [Code Root Migration: 0.0 ms]
   [Clear CT: 0.1 ms]
   [Other: 183.0 ms]
      [Choose CSet: 0.0 ms]
      [Ref Proc: 182.1 ms]
      [Ref Enq: 0.5 ms]
      [Free CSet: 0.3 ms]
   [Eden: 185.0M(185.0M)->0.0B(1430.0M) Survivors: 19.0M->19.0M Heap: 2146.8M(4096.0M)->1961.8M(4096.0M)]
 [Times: user=0.70 sys=0.00, real=0.19 secs] 
2016-01-06T00:57:39.416-0800: 95.537: [GC pause (young)
Desired survivor size 95420416 bytes, new threshold 15 (max 15)
- age   1:   17259832 bytes,   17259832 total
2016-01-06T00:57:39.624-0800: 95.745: [SoftReference, 0 refs, 0.0005260 secs]2016-01-06T00:57:39.625-0800: 95.746: [WeakReference, 0 refs, 0.0002640 secs]2016-01-06T00:57:39.625-0800: 95.746: [FinalReference, 0 refs, 0.0002660 secs]2016-01-06T00:57:39.625-0800: 95.746: [PhantomReference, 0 refs, 44840 refs, 0.0015300 secs]2016-01-06T00:57:39.627-0800: 95.748: [JNI Weak Reference, 0.0000090 secs], 0.2170570 secs]
   [Parallel Time: 22.8 ms, GC Workers: 4]
      [GC Worker Start (ms): Min: 95537.4, Avg: 95537.5, Max: 95537.5, Diff: 0.1]
      [Ext Root Scanning (ms): Min: 0.3, Avg: 0.4, Max: 0.4, Diff: 0.1, Sum: 1.4]
      [SATB Filtering (ms): Min: 0.0, Avg: 0.0, Max: 0.0, Diff: 0.0, Sum: 0.0]
      [Update RS (ms): Min: 12.4, Avg: 12.5, Max: 12.6, Diff: 0.3, Sum: 50.0]
         [Processed Buffers: Min: 18, Avg: 19.2, Max: 20, Diff: 2, Sum: 77]
      [Scan RS (ms): Min: 0.5, Avg: 0.6, Max: 0.7, Diff: 0.2, Sum: 2.5]
      [Code Root Scanning (ms): Min: 0.1, Avg: 0.1, Max: 0.1, Diff: 0.0, Sum: 0.3]
      [Object Copy (ms): Min: 9.0, Avg: 9.1, Max: 9.1, Diff: 0.1, Sum: 36.3]
      [Termination (ms): Min: 0.0, Avg: 0.0, Max: 0.0, Diff: 0.0, Sum: 0.0]
      [GC Worker Other (ms): Min: 0.0, Avg: 0.0, Max: 0.1, Diff: 0.0, Sum: 0.2]
      [GC Worker Total (ms): Min: 22.6, Avg: 22.7, Max: 22.7, Diff: 0.1, Sum: 90.7]
      [GC Worker End (ms): Min: 95560.1, Avg: 95560.1, Max: 95560.1, Diff: 0.0]
   [Code Root Fixup: 0.0 ms]
   [Code Root Migration: 0.2 ms]
   [Clear CT: 0.3 ms]
   [Other: 193.7 ms]
      [Choose CSet: 0.0 ms]
      [Ref Proc: 187.6 ms]
      [Ref Enq: 4.4 ms]
      [Free CSet: 1.6 ms]
   [Eden: 1430.0M(1430.0M)->0.0B(183.0M) Survivors: 19.0M->21.0M Heap: 3391.8M(4096.0M)->1963.3M(4096.0M)]
 [Times: user=0.78 sys=0.00, real=0.22 secs] 
2016-01-06T00:57:39.662-0800: 95.783: [GC pause (young)
Desired survivor size 13631488 bytes, new threshold 1 (max 15)
- age   1:   20038672 bytes,   20038672 total
- age   2:      36864 bytes,   20075536 total
2016-01-06T00:57:39.858-0800: 95.979: [SoftReference, 0 refs, 0.0004180 secs]2016-01-06T00:57:39.858-0800: 95.979: [WeakReference, 0 refs, 0.0002480 secs]2016-01-06T00:57:39.858-0800: 95.979: [FinalReference, 0 refs, 0.0002400 secs]2016-01-06T00:57:39.859-0800: 95.979: [PhantomReference, 0 refs, 6181 refs, 0.0006770 secs]2016-01-06T00:57:39.859-0800: 95.980: [JNI Weak Reference, 0.0000110 secs], 0.1982190 secs]
   [Parallel Time: 5.8 ms, GC Workers: 4]
      [GC Worker Start (ms): Min: 95783.0, Avg: 95783.8, Max: 95785.9, Diff: 2.9]
      [Ext Root Scanning (ms): Min: 0.0, Avg: 0.3, Max: 0.5, Diff: 0.5, Sum: 1.2]
      [SATB Filtering (ms): Min: 0.0, Avg: 0.0, Max: 0.0, Diff: 0.0, Sum: 0.0]
      [Update RS (ms): Min: 0.0, Avg: 2.3, Max: 3.1, Diff: 3.1, Sum: 9.1]
         [Processed Buffers: Min: 0, Avg: 4.5, Max: 8, Diff: 8, Sum: 18]
      [Scan RS (ms): Min: 0.0, Avg: 0.1, Max: 0.3, Diff: 0.3, Sum: 0.3]
      [Code Root Scanning (ms): Min: 0.0, Avg: 0.0, Max: 0.0, Diff: 0.0, Sum: 0.0]
      [Object Copy (ms): Min: 2.1, Avg: 2.3, Max: 2.5, Diff: 0.4, Sum: 9.1]
      [Termination (ms): Min: 0.0, Avg: 0.0, Max: 0.0, Diff: 0.0, Sum: 0.0]
      [GC Worker Other (ms): Min: 0.0, Avg: 0.0, Max: 0.0, Diff: 0.0, Sum: 0.1]
      [GC Worker Total (ms): Min: 2.8, Avg: 5.0, Max: 5.7, Diff: 2.9, Sum: 19.9]
      [GC Worker End (ms): Min: 95788.7, Avg: 95788.7, Max: 95788.7, Diff: 0.0]
   [Code Root Fixup: 0.0 ms]
   [Code Root Migration: 0.0 ms]
   [Clear CT: 0.1 ms]
   [Other: 192.3 ms]
      [Choose CSet: 0.0 ms]
      [Ref Proc: 191.4 ms]
      [Ref Enq: 0.5 ms]
      [Free CSet: 0.3 ms]
   [Eden: 183.0M(183.0M)->0.0B(186.0M) Survivors: 21.0M->18.0M Heap: 2146.3M(4096.0M)->1960.8M(4096.0M)]
 [Times: user=0.75 sys=0.00, real=0.20 secs] 
2016-01-06T00:57:39.886-0800: 96.007: [GC pause (young)
Desired survivor size 13631488 bytes, new threshold 1 (max 15)
- age   1:   17255368 bytes,   17255368 total
2016-01-06T00:57:40.081-0800: 96.202: [SoftReference, 0 refs, 0.0004530 secs]2016-01-06T00:57:40.082-0800: 96.202: [WeakReference, 0 refs, 0.0003500 secs]2016-01-06T00:57:40.082-0800: 96.203: [FinalReference, 0 refs, 0.0003140 secs]2016-01-06T00:57:40.082-0800: 96.203: [PhantomReference, 0 refs, 6276 refs, 0.0006560 secs]2016-01-06T00:57:40.083-0800: 96.204: [JNI Weak Reference, 0.0000090 secs], 0.1975250 secs]
   [Parallel Time: 3.0 ms, GC Workers: 4]
      [GC Worker Start (ms): Min: 96007.4, Avg: 96007.5, Max: 96007.5, Diff: 0.1]
      [Ext Root Scanning (ms): Min: 0.3, Avg: 0.4, Max: 0.4, Diff: 0.1, Sum: 1.4]
      [SATB Filtering (ms): Min: 0.0, Avg: 0.0, Max: 0.0, Diff: 0.0, Sum: 0.0]
      [Update RS (ms): Min: 0.0, Avg: 0.1, Max: 0.3, Diff: 0.3, Sum: 0.4]
         [Processed Buffers: Min: 0, Avg: 1.8, Max: 5, Diff: 5, Sum: 7]
      [Scan RS (ms): Min: 0.0, Avg: 0.1, Max: 0.1, Diff: 0.1, Sum: 0.3]
      [Code Root Scanning (ms): Min: 0.0, Avg: 0.0, Max: 0.0, Diff: 0.0, Sum: 0.0]
      [Object Copy (ms): Min: 2.3, Avg: 2.3, Max: 2.4, Diff: 0.1, Sum: 9.3]
      [Termination (ms): Min: 0.0, Avg: 0.0, Max: 0.0, Diff: 0.0, Sum: 0.0]
      [GC Worker Other (ms): Min: 0.0, Avg: 0.0, Max: 0.0, Diff: 0.0, Sum: 0.1]
      [GC Worker Total (ms): Min: 2.9, Avg: 2.9, Max: 2.9, Diff: 0.1, Sum: 11.6]
      [GC Worker End (ms): Min: 96010.4, Avg: 96010.4, Max: 96010.4, Diff: 0.0]
   [Code Root Fixup: 0.0 ms]
   [Code Root Migration: 0.0 ms]
   [Clear CT: 0.1 ms]
   [Other: 194.4 ms]
      [Choose CSet: 0.0 ms]
      [Ref Proc: 193.4 ms]
      [Ref Enq: 0.6 ms]
      [Free CSet: 0.3 ms]
   [Eden: 186.0M(186.0M)->0.0B(185.0M) Survivors: 18.0M->19.0M Heap: 2146.8M(4096.0M)->1961.4M(4096.0M)]
 [Times: user=0.73 sys=0.00, real=0.19 secs] 
2016-01-06T00:57:40.110-0800: 96.231: [GC pause (young)
Desired survivor size 13631488 bytes, new threshold 1 (max 15)
- age   1:   17262064 bytes,   17262064 total
2016-01-06T00:57:40.300-0800: 96.421: [SoftReference, 0 refs, 0.0004880 secs]2016-01-06T00:57:40.301-0800: 96.421: [WeakReference, 0 refs, 0.0003650 secs]2016-01-06T00:57:40.301-0800: 96.422: [FinalReference, 0 refs, 0.0002410 secs]2016-01-06T00:57:40.301-0800: 96.422: [PhantomReference, 0 refs, 6245 refs, 0.0007020 secs]2016-01-06T00:57:40.302-0800: 96.423: [JNI Weak Reference, 0.0000090 secs], 0.1926090 secs]
   [Parallel Time: 3.1 ms, GC Workers: 4]
      [GC Worker Start (ms): Min: 96231.3, Avg: 96231.3, Max: 96231.4, Diff: 0.1]
      [Ext Root Scanning (ms): Min: 0.3, Avg: 0.4, Max: 0.4, Diff: 0.1, Sum: 1.4]
      [SATB Filtering (ms): Min: 0.0, Avg: 0.0, Max: 0.0, Diff: 0.0, Sum: 0.0]
      [Update RS (ms): Min: 0.0, Avg: 0.1, Max: 0.3, Diff: 0.3, Sum: 0.4]
         [Processed Buffers: Min: 1, Avg: 1.5, Max: 3, Diff: 2, Sum: 6]
      [Scan RS (ms): Min: 0.0, Avg: 0.1, Max: 0.1, Diff: 0.1, Sum: 0.3]
      [Code Root Scanning (ms): Min: 0.0, Avg: 0.0, Max: 0.0, Diff: 0.0, Sum: 0.0]
      [Object Copy (ms): Min: 2.3, Avg: 2.4, Max: 2.4, Diff: 0.1, Sum: 9.5]
      [Termination (ms): Min: 0.0, Avg: 0.0, Max: 0.0, Diff: 0.0, Sum: 0.0]
      [GC Worker Other (ms): Min: 0.0, Avg: 0.0, Max: 0.1, Diff: 0.1, Sum: 0.1]
      [GC Worker Total (ms): Min: 2.9, Avg: 3.0, Max: 3.0, Diff: 0.1, Sum: 11.9]
      [GC Worker End (ms): Min: 96234.3, Avg: 96234.3, Max: 96234.3, Diff: 0.1]
   [Code Root Fixup: 0.0 ms]
   [Code Root Migration: 0.0 ms]
   [Clear CT: 0.2 ms]
   [Other: 189.3 ms]
      [Choose CSet: 0.0 ms]
      [Ref Proc: 188.4 ms]
      [Ref Enq: 0.5 ms]
      [Free CSet: 0.3 ms]
   [Eden: 185.0M(185.0M)->0.0B(401.0M) Survivors: 19.0M->18.0M Heap: 2146.4M(4096.0M)->1960.9M(4096.0M)]
 [Times: user=0.75 sys=0.00, real=0.19 secs] 
2016-01-06T00:57:40.364-0800: 96.484: [GC pause (young)
Desired survivor size 27787264 bytes, new threshold 15 (max 15)
- age   1:   17259832 bytes,   17259832 total
2016-01-06T00:57:40.561-0800: 96.681: [SoftReference, 0 refs, 0.0004460 secs]2016-01-06T00:57:40.561-0800: 96.682: [WeakReference, 0 refs, 0.0003420 secs]2016-01-06T00:57:40.561-0800: 96.682: [FinalReference, 0 refs, 0.0002770 secs]2016-01-06T00:57:40.562-0800: 96.683: [PhantomReference, 0 refs, 12941 refs, 0.0008190 secs]2016-01-06T00:57:40.563-0800: 96.683: [JNI Weak Reference, 0.0000080 secs], 0.2009810 secs]
   [Parallel Time: 3.7 ms, GC Workers: 4]
      [GC Worker Start (ms): Min: 96484.5, Avg: 96484.6, Max: 96484.6, Diff: 0.1]
      [Ext Root Scanning (ms): Min: 0.3, Avg: 0.3, Max: 0.4, Diff: 0.1, Sum: 1.4]
      [SATB Filtering (ms): Min: 0.0, Avg: 0.0, Max: 0.0, Diff: 0.0, Sum: 0.0]
      [Update RS (ms): Min: 0.0, Avg: 0.1, Max: 0.3, Diff: 0.3, Sum: 0.4]
         [Processed Buffers: Min: 0, Avg: 1.8, Max: 5, Diff: 5, Sum: 7]
      [Scan RS (ms): Min: 0.1, Avg: 0.2, Max: 0.2, Diff: 0.2, Sum: 0.8]
      [Code Root Scanning (ms): Min: 0.0, Avg: 0.0, Max: 0.0, Diff: 0.0, Sum: 0.1]
      [Object Copy (ms): Min: 2.9, Avg: 2.9, Max: 2.9, Diff: 0.0, Sum: 11.5]
      [Termination (ms): Min: 0.0, Avg: 0.0, Max: 0.0, Diff: 0.0, Sum: 0.0]
      [GC Worker Other (ms): Min: 0.0, Avg: 0.0, Max: 0.0, Diff: 0.0, Sum: 0.1]
      [GC Worker Total (ms): Min: 3.5, Avg: 3.6, Max: 3.6, Diff: 0.1, Sum: 14.3]
      [GC Worker End (ms): Min: 96488.1, Avg: 96488.1, Max: 96488.2, Diff: 0.0]
   [Code Root Fixup: 0.0 ms]
   [Code Root Migration: 0.1 ms]
   [Clear CT: 0.1 ms]
   [Other: 197.1 ms]
      [Choose CSet: 0.0 ms]
      [Ref Proc: 195.2 ms]
      [Ref Enq: 1.3 ms]
      [Free CSet: 0.5 ms]
   [Eden: 401.0M(401.0M)->0.0B(185.0M) Survivors: 18.0M->19.0M Heap: 2361.9M(4096.0M)->1961.9M(4096.0M)]
 [Times: user=0.76 sys=0.01, real=0.20 secs] 
2016-01-06T00:57:40.591-0800: 96.712: [GC pause (young)
Desired survivor size 13631488 bytes, new threshold 1 (max 15)
- age   1:   17741944 bytes,   17741944 total
- age   2:      36864 bytes,   17778808 total
2016-01-06T00:57:40.783-0800: 96.904: [SoftReference, 0 refs, 0.0005120 secs]2016-01-06T00:57:40.784-0800: 96.905: [WeakReference, 0 refs, 0.0003630 secs]2016-01-06T00:57:40.784-0800: 96.905: [FinalReference, 0 refs, 0.0002560 secs]2016-01-06T00:57:40.784-0800: 96.905: [PhantomReference, 0 refs, 6245 refs, 0.0005980 secs]2016-01-06T00:57:40.785-0800: 96.906: [JNI Weak Reference, 0.0000080 secs], 0.1955230 secs]
   [Parallel Time: 2.9 ms, GC Workers: 4]
      [GC Worker Start (ms): Min: 96711.6, Avg: 96711.6, Max: 96711.7, Diff: 0.1]
      [Ext Root Scanning (ms): Min: 0.3, Avg: 0.4, Max: 0.4, Diff: 0.1, Sum: 1.4]
      [SATB Filtering (ms): Min: 0.0, Avg: 0.0, Max: 0.0, Diff: 0.0, Sum: 0.0]
      [Update RS (ms): Min: 0.0, Avg: 0.1, Max: 0.3, Diff: 0.3, Sum: 0.3]
         [Processed Buffers: Min: 0, Avg: 1.2, Max: 3, Diff: 3, Sum: 5]
      [Scan RS (ms): Min: 0.0, Avg: 0.1, Max: 0.1, Diff: 0.1, Sum: 0.4]
      [Code Root Scanning (ms): Min: 0.0, Avg: 0.0, Max: 0.0, Diff: 0.0, Sum: 0.0]
      [Object Copy (ms): Min: 2.2, Avg: 2.3, Max: 2.3, Diff: 0.1, Sum: 9.2]
      [Termination (ms): Min: 0.0, Avg: 0.0, Max: 0.0, Diff: 0.0, Sum: 0.0]
      [GC Worker Other (ms): Min: 0.0, Avg: 0.0, Max: 0.0, Diff: 0.0, Sum: 0.1]
      [GC Worker Total (ms): Min: 2.8, Avg: 2.8, Max: 2.9, Diff: 0.1, Sum: 11.4]
      [GC Worker End (ms): Min: 96714.5, Avg: 96714.5, Max: 96714.5, Diff: 0.0]
   [Code Root Fixup: 0.0 ms]
   [Code Root Migration: 0.0 ms]
   [Clear CT: 0.1 ms]
   [Other: 192.4 ms]
      [Choose CSet: 0.0 ms]
      [Ref Proc: 191.5 ms]
      [Ref Enq: 0.6 ms]
      [Free CSet: 0.3 ms]
   [Eden: 185.0M(185.0M)->0.0B(526.0M) Survivors: 19.0M->18.0M Heap: 2146.9M(4096.0M)->1961.0M(4096.0M)]
 [Times: user=0.75 sys=0.00, real=0.20 secs] 
2016-01-06T00:57:40.860-0800: 96.981: [GC pause (young)
Desired survivor size 35651584 bytes, new threshold 15 (max 15)
- age   1:   17259832 bytes,   17259832 total
2016-01-06T00:57:41.056-0800: 97.177: [SoftReference, 0 refs, 0.0003860 secs]2016-01-06T00:57:41.057-0800: 97.177: [WeakReference, 0 refs, 0.0003460 secs]2016-01-06T00:57:41.057-0800: 97.178: [FinalReference, 0 refs, 0.0002550 secs]2016-01-06T00:57:41.057-0800: 97.178: [PhantomReference, 0 refs, 16815 refs, 0.0007510 secs]2016-01-06T00:57:41.058-0800: 97.179: [JNI Weak Reference, 0.0000090 secs], 0.2006630 secs]
   [Parallel Time: 6.8 ms, GC Workers: 4]
      [GC Worker Start (ms): Min: 96980.9, Avg: 96981.3, Max: 96982.5, Diff: 1.6]
      [Ext Root Scanning (ms): Min: 0.0, Avg: 0.3, Max: 0.5, Diff: 0.5, Sum: 1.4]
      [SATB Filtering (ms): Min: 0.0, Avg: 0.0, Max: 0.0, Diff: 0.0, Sum: 0.0]
      [Update RS (ms): Min: 0.0, Avg: 0.1, Max: 0.3, Diff: 0.3, Sum: 0.4]
         [Processed Buffers: Min: 0, Avg: 1.5, Max: 4, Diff: 4, Sum: 6]
      [Scan RS (ms): Min: 0.0, Avg: 0.3, Max: 0.4, Diff: 0.4, Sum: 1.0]
      [Code Root Scanning (ms): Min: 0.0, Avg: 0.0, Max: 0.0, Diff: 0.0, Sum: 0.1]
      [Object Copy (ms): Min: 3.1, Avg: 3.6, Max: 3.8, Diff: 0.7, Sum: 14.5]
      [Termination (ms): Min: 0.0, Avg: 0.0, Max: 0.0, Diff: 0.0, Sum: 0.0]
      [GC Worker Other (ms): Min: 0.0, Avg: 0.0, Max: 0.1, Diff: 0.0, Sum: 0.2]
      [GC Worker Total (ms): Min: 3.2, Avg: 4.4, Max: 4.8, Diff: 1.7, Sum: 17.6]
      [GC Worker End (ms): Min: 96985.7, Avg: 96985.7, Max: 96985.7, Diff: 0.0]
   [Code Root Fixup: 0.0 ms]
   [Code Root Migration: 0.1 ms]
   [Clear CT: 0.2 ms]
   [Other: 193.6 ms]
      [Choose CSet: 0.0 ms]
      [Ref Proc: 191.2 ms]
      [Ref Enq: 1.7 ms]
      [Free CSet: 0.7 ms]
   [Eden: 526.0M(526.0M)->0.0B(317.0M) Survivors: 18.0M->19.0M Heap: 2487.0M(4096.0M)->1962.0M(4096.0M)]
 [Times: user=0.77 sys=0.00, real=0.20 secs] 
2016-01-06T00:57:41.109-0800: 97.230: [GC pause (young)
Desired survivor size 22020096 bytes, new threshold 15 (max 15)
- age   1:   18020944 bytes,   18020944 total
- age   2:      36864 bytes,   18057808 total
2016-01-06T00:57:41.304-0800: 97.425: [SoftReference, 0 refs, 0.0004170 secs]2016-01-06T00:57:41.304-0800: 97.425: [WeakReference, 0 refs, 0.0002480 secs]2016-01-06T00:57:41.304-0800: 97.425: [FinalReference, 0 refs, 0.0002330 secs]2016-01-06T00:57:41.305-0800: 97.426: [PhantomReference, 0 refs, 10337 refs, 0.0006050 secs]2016-01-06T00:57:41.305-0800: 97.426: [JNI Weak Reference, 0.0000110 secs], 0.1977980 secs]
   [Parallel Time: 3.3 ms, GC Workers: 4]
      [GC Worker Start (ms): Min: 97230.1, Avg: 97230.1, Max: 97230.1, Diff: 0.1]
      [Ext Root Scanning (ms): Min: 0.3, Avg: 0.4, Max: 0.4, Diff: 0.1, Sum: 1.4]
      [SATB Filtering (ms): Min: 0.0, Avg: 0.0, Max: 0.0, Diff: 0.0, Sum: 0.0]
      [Update RS (ms): Min: 0.0, Avg: 0.1, Max: 0.3, Diff: 0.3, Sum: 0.3]
         [Processed Buffers: Min: 0, Avg: 1.2, Max: 3, Diff: 3, Sum: 5]
      [Scan RS (ms): Min: 0.0, Avg: 0.1, Max: 0.2, Diff: 0.2, Sum: 0.6]
      [Code Root Scanning (ms): Min: 0.0, Avg: 0.0, Max: 0.0, Diff: 0.0, Sum: 0.1]
      [Object Copy (ms): Min: 2.6, Avg: 2.6, Max: 2.6, Diff: 0.0, Sum: 10.4]
      [Termination (ms): Min: 0.0, Avg: 0.0, Max: 0.0, Diff: 0.0, Sum: 0.0]
      [GC Worker Other (ms): Min: 0.0, Avg: 0.0, Max: 0.0, Diff: 0.0, Sum: 0.1]
      [GC Worker Total (ms): Min: 3.2, Avg: 3.2, Max: 3.2, Diff: 0.1, Sum: 12.9]
      [GC Worker End (ms): Min: 97233.3, Avg: 97233.3, Max: 97233.3, Diff: 0.0]
   [Code Root Fixup: 0.0 ms]
   [Code Root Migration: 0.1 ms]
   [Clear CT: 0.1 ms]
   [Other: 194.3 ms]
      [Choose CSet: 0.0 ms]
      [Ref Proc: 192.8 ms]
      [Ref Enq: 1.0 ms]
      [Free CSet: 0.4 ms]
   [Eden: 317.0M(317.0M)->0.0B(507.0M) Survivors: 19.0M->19.0M Heap: 2279.0M(4096.0M)->1961.5M(4096.0M)]
 [Times: user=0.76 sys=0.00, real=0.20 secs] 
2016-01-06T00:57:41.384-0800: 97.505: [GC pause (young)
Desired survivor size 34603008 bytes, new threshold 15 (max 15)
- age   1:   17554456 bytes,   17554456 total
- age   2:      36864 bytes,   17591320 total
2016-01-06T00:57:41.584-0800: 97.705: [SoftReference, 0 refs, 0.0004040 secs]2016-01-06T00:57:41.585-0800: 97.706: [WeakReference, 0 refs, 0.0003480 secs]2016-01-06T00:57:41.585-0800: 97.706: [FinalReference, 0 refs, 0.0002330 secs]2016-01-06T00:57:41.585-0800: 97.706: [PhantomReference, 0 refs, 16226 refs, 0.0008280 secs]2016-01-06T00:57:41.586-0800: 97.707: [JNI Weak Reference, 0.0000080 secs], 0.2047560 secs]
   [Parallel Time: 4.4 ms, GC Workers: 4]
      [GC Worker Start (ms): Min: 97505.2, Avg: 97505.4, Max: 97505.9, Diff: 0.7]
      [Ext Root Scanning (ms): Min: 0.0, Avg: 0.3, Max: 0.5, Diff: 0.5, Sum: 1.3]
      [SATB Filtering (ms): Min: 0.0, Avg: 0.0, Max: 0.0, Diff: 0.0, Sum: 0.0]
      [Update RS (ms): Min: 0.0, Avg: 0.0, Max: 0.2, Diff: 0.2, Sum: 0.2]
         [Processed Buffers: Min: 0, Avg: 1.2, Max: 3, Diff: 3, Sum: 5]
      [Scan RS (ms): Min: 0.1, Avg: 0.2, Max: 0.3, Diff: 0.2, Sum: 1.0]
      [Code Root Scanning (ms): Min: 0.0, Avg: 0.0, Max: 0.0, Diff: 0.0, Sum: 0.1]
      [Object Copy (ms): Min: 3.4, Avg: 3.4, Max: 3.5, Diff: 0.0, Sum: 13.7]
      [Termination (ms): Min: 0.0, Avg: 0.0, Max: 0.0, Diff: 0.0, Sum: 0.0]
      [GC Worker Other (ms): Min: 0.0, Avg: 0.0, Max: 0.1, Diff: 0.0, Sum: 0.1]
      [GC Worker Total (ms): Min: 3.5, Avg: 4.1, Max: 4.3, Diff: 0.8, Sum: 16.4]
      [GC Worker End (ms): Min: 97509.4, Avg: 97509.5, Max: 97509.5, Diff: 0.0]
   [Code Root Fixup: 0.0 ms]
   [Code Root Migration: 0.1 ms]
   [Clear CT: 0.2 ms]
   [Other: 200.1 ms]
      [Choose CSet: 0.0 ms]
      [Ref Proc: 197.7 ms]
      [Ref Enq: 1.6 ms]
      [Free CSet: 0.7 ms]
   [Eden: 507.0M(507.0M)->0.0B(185.0M) Survivors: 19.0M->19.0M Heap: 2468.5M(4096.0M)->1962.0M(4096.0M)]
 [Times: user=0.70 sys=0.01, real=0.21 secs] 
2016-01-06T00:57:41.618-0800: 97.739: [GC pause (young)
Desired survivor size 13631488 bytes, new threshold 1 (max 15)
- age   1:   17978536 bytes,   17978536 total
- age   2:      36864 bytes,   18015400 total
2016-01-06T00:57:41.810-0800: 97.931: [SoftReference, 0 refs, 0.0005050 secs]2016-01-06T00:57:41.811-0800: 97.931: [WeakReference, 0 refs, 0.0003570 secs]2016-01-06T00:57:41.811-0800: 97.932: [FinalReference, 0 refs, 0.0002280 secs]2016-01-06T00:57:41.811-0800: 97.932: [PhantomReference, 0 refs, 6245 refs, 0.0005140 secs]2016-01-06T00:57:41.812-0800: 97.933: [JNI Weak Reference, 0.0000130 secs], 0.1950630 secs]
   [Parallel Time: 3.0 ms, GC Workers: 4]
      [GC Worker Start (ms): Min: 97738.7, Avg: 97738.7, Max: 97738.8, Diff: 0.1]
      [Ext Root Scanning (ms): Min: 0.3, Avg: 0.4, Max: 0.4, Diff: 0.1, Sum: 1.4]
      [SATB Filtering (ms): Min: 0.0, Avg: 0.0, Max: 0.0, Diff: 0.0, Sum: 0.0]
      [Update RS (ms): Min: 0.0, Avg: 0.1, Max: 0.3, Diff: 0.3, Sum: 0.3]
         [Processed Buffers: Min: 0, Avg: 1.2, Max: 3, Diff: 3, Sum: 5]
      [Scan RS (ms): Min: 0.0, Avg: 0.1, Max: 0.1, Diff: 0.1, Sum: 0.4]
      [Code Root Scanning (ms): Min: 0.0, Avg: 0.0, Max: 0.0, Diff: 0.0, Sum: 0.0]
      [Object Copy (ms): Min: 2.2, Avg: 2.3, Max: 2.4, Diff: 0.1, Sum: 9.3]
      [Termination (ms): Min: 0.0, Avg: 0.0, Max: 0.0, Diff: 0.0, Sum: 0.0]
      [GC Worker Other (ms): Min: 0.0, Avg: 0.0, Max: 0.0, Diff: 0.0, Sum: 0.1]
      [GC Worker Total (ms): Min: 2.9, Avg: 2.9, Max: 2.9, Diff: 0.1, Sum: 11.6]
      [GC Worker End (ms): Min: 97741.6, Avg: 97741.6, Max: 97741.6, Diff: 0.0]
   [Code Root Fixup: 0.0 ms]
   [Code Root Migration: 0.0 ms]
   [Clear CT: 0.1 ms]
   [Other: 191.9 ms]
      [Choose CSet: 0.0 ms]
      [Ref Proc: 190.9 ms]
      [Ref Enq: 0.5 ms]
      [Free CSet: 0.3 ms]
   [Eden: 185.0M(185.0M)->0.0B(263.0M) Survivors: 19.0M->19.0M Heap: 2147.0M(4096.0M)->1961.5M(4096.0M)]
 [Times: user=0.75 sys=0.00, real=0.19 secs] 
2016-01-06T00:57:41.852-0800: 97.973: [GC pause (young)
Desired survivor size 18874368 bytes, new threshold 15 (max 15)
- age   1:   17259832 bytes,   17259832 total
2016-01-06T00:57:42.045-0800: 98.166: [SoftReference, 0 refs, 0.0006220 secs]2016-01-06T00:57:42.046-0800: 98.166: [WeakReference, 0 refs, 0.0002060 secs]2016-01-06T00:57:42.046-0800: 98.167: [FinalReference, 0 refs, 0.0003300 secs]2016-01-06T00:57:42.046-0800: 98.167: [PhantomReference, 0 refs, 8662 refs, 0.0006620 secs]2016-01-06T00:57:42.047-0800: 98.168: [JNI Weak Reference, 0.0000090 secs], 0.1959410 secs]
   [Parallel Time: 3.3 ms, GC Workers: 4]
      [GC Worker Start (ms): Min: 97973.2, Avg: 97973.3, Max: 97973.3, Diff: 0.1]
      [Ext Root Scanning (ms): Min: 0.3, Avg: 0.4, Max: 0.4, Diff: 0.0, Sum: 1.4]
      [SATB Filtering (ms): Min: 0.0, Avg: 0.0, Max: 0.0, Diff: 0.0, Sum: 0.0]
      [Update RS (ms): Min: 0.0, Avg: 0.1, Max: 0.3, Diff: 0.2, Sum: 0.4]
         [Processed Buffers: Min: 1, Avg: 1.5, Max: 2, Diff: 1, Sum: 6]
      [Scan RS (ms): Min: 0.0, Avg: 0.1, Max: 0.2, Diff: 0.2, Sum: 0.6]
      [Code Root Scanning (ms): Min: 0.0, Avg: 0.0, Max: 0.0, Diff: 0.0, Sum: 0.1]
      [Object Copy (ms): Min: 2.5, Avg: 2.5, Max: 2.5, Diff: 0.1, Sum: 10.0]
      [Termination (ms): Min: 0.0, Avg: 0.0, Max: 0.0, Diff: 0.0, Sum: 0.0]
      [GC Worker Other (ms): Min: 0.0, Avg: 0.0, Max: 0.1, Diff: 0.0, Sum: 0.1]
      [GC Worker Total (ms): Min: 3.2, Avg: 3.2, Max: 3.2, Diff: 0.1, Sum: 12.7]
      [GC Worker End (ms): Min: 97976.5, Avg: 97976.5, Max: 97976.5, Diff: 0.1]
   [Code Root Fixup: 0.0 ms]
   [Code Root Migration: 0.0 ms]
   [Clear CT: 0.1 ms]
   [Other: 192.5 ms]
      [Choose CSet: 0.0 ms]
      [Ref Proc: 191.1 ms]
      [Ref Enq: 0.9 ms]
      [Free CSet: 0.4 ms]
   [Eden: 263.0M(263.0M)->0.0B(667.0M) Survivors: 19.0M->19.0M Heap: 2224.5M(4096.0M)->1962.0M(4096.0M)]
 [Times: user=0.73 sys=0.00, real=0.20 secs] 
2016-01-06T00:57:42.148-0800: 98.269: [GC pause (young)
Desired survivor size 45088768 bytes, new threshold 15 (max 15)
- age   1:   17433928 bytes,   17433928 total
- age   2:      36864 bytes,   17470792 total
2016-01-06T00:57:42.340-0800: 98.461: [SoftReference, 0 refs, 0.0005560 secs]2016-01-06T00:57:42.340-0800: 98.461: [WeakReference, 0 refs, 0.0002720 secs]2016-01-06T00:57:42.341-0800: 98.462: [FinalReference, 0 refs, 0.0002750 secs]2016-01-06T00:57:42.341-0800: 98.462: [PhantomReference, 0 refs, 21185 refs, 0.0009880 secs]2016-01-06T00:57:42.342-0800: 98.463: [JNI Weak Reference, 0.0000080 secs], 0.1969690 secs]
   [Parallel Time: 5.2 ms, GC Workers: 4]
      [GC Worker Start (ms): Min: 98269.1, Avg: 98269.3, Max: 98269.9, Diff: 0.8]
      [Ext Root Scanning (ms): Min: 0.0, Avg: 0.3, Max: 0.5, Diff: 0.5, Sum: 1.3]
      [SATB Filtering (ms): Min: 0.0, Avg: 0.0, Max: 0.0, Diff: 0.0, Sum: 0.0]
      [Update RS (ms): Min: 0.0, Avg: 0.1, Max: 0.3, Diff: 0.3, Sum: 0.3]
         [Processed Buffers: Min: 0, Avg: 1.2, Max: 4, Diff: 4, Sum: 5]
      [Scan RS (ms): Min: 0.1, Avg: 0.3, Max: 0.4, Diff: 0.3, Sum: 1.1]
      [Code Root Scanning (ms): Min: 0.0, Avg: 0.0, Max: 0.1, Diff: 0.1, Sum: 0.1]
      [Object Copy (ms): Min: 4.1, Avg: 4.2, Max: 4.2, Diff: 0.0, Sum: 16.7]
      [Termination (ms): Min: 0.0, Avg: 0.0, Max: 0.0, Diff: 0.0, Sum: 0.0]
      [GC Worker Other (ms): Min: 0.0, Avg: 0.0, Max: 0.1, Diff: 0.0, Sum: 0.1]
      [GC Worker Total (ms): Min: 4.3, Avg: 4.9, Max: 5.2, Diff: 0.8, Sum: 19.7]
      [GC Worker End (ms): Min: 98274.2, Avg: 98274.2, Max: 98274.2, Diff: 0.0]
   [Code Root Fixup: 0.0 ms]
   [Code Root Migration: 0.1 ms]
   [Clear CT: 0.3 ms]
   [Other: 191.4 ms]
      [Choose CSet: 0.0 ms]
      [Ref Proc: 188.7 ms]
      [Ref Enq: 1.6 ms]
      [Free CSet: 1.0 ms]
   [Eden: 667.0M(667.0M)->0.0B(899.0M) Survivors: 19.0M->20.0M Heap: 2629.0M(4096.0M)->1963.0M(4096.0M)]
 [Times: user=0.76 sys=0.01, real=0.20 secs] 
2016-01-06T00:57:42.470-0800: 98.591: [GC pause (young)
Desired survivor size 60293120 bytes, new threshold 15 (max 15)
- age   1:   18335656 bytes,   18335656 total
- age   2:      36864 bytes,   18372520 total
2016-01-06T00:57:42.662-0800: 98.783: [SoftReference, 0 refs, 0.0005660 secs]2016-01-06T00:57:42.662-0800: 98.783: [WeakReference, 0 refs, 0.0002520 secs]2016-01-06T00:57:42.663-0800: 98.784: [FinalReference, 0 refs, 0.0002540 secs]2016-01-06T00:57:42.663-0800: 98.784: [PhantomReference, 0 refs, 28380 refs, 0.0012530 secs]2016-01-06T00:57:42.664-0800: 98.785: [JNI Weak Reference, 0.0000120 secs], 0.1982440 secs]
   [Parallel Time: 6.9 ms, GC Workers: 4]
      [GC Worker Start (ms): Min: 98591.3, Avg: 98591.3, Max: 98591.4, Diff: 0.1]
      [Ext Root Scanning (ms): Min: 0.3, Avg: 0.4, Max: 0.4, Diff: 0.1, Sum: 1.4]
      [SATB Filtering (ms): Min: 0.0, Avg: 0.0, Max: 0.0, Diff: 0.0, Sum: 0.0]
      [Update RS (ms): Min: 0.0, Avg: 0.1, Max: 0.3, Diff: 0.3, Sum: 0.3]
         [Processed Buffers: Min: 0, Avg: 1.5, Max: 4, Diff: 4, Sum: 6]
      [Scan RS (ms): Min: 0.3, Avg: 0.4, Max: 0.5, Diff: 0.2, Sum: 1.7]
      [Code Root Scanning (ms): Min: 0.0, Avg: 0.0, Max: 0.1, Diff: 0.0, Sum: 0.2]
      [Object Copy (ms): Min: 5.8, Avg: 5.8, Max: 5.9, Diff: 0.0, Sum: 23.4]
      [Termination (ms): Min: 0.0, Avg: 0.0, Max: 0.0, Diff: 0.0, Sum: 0.0]
      [GC Worker Other (ms): Min: 0.0, Avg: 0.1, Max: 0.1, Diff: 0.1, Sum: 0.2]
      [GC Worker Total (ms): Min: 6.7, Avg: 6.8, Max: 6.8, Diff: 0.1, Sum: 27.1]
      [GC Worker End (ms): Min: 98598.1, Avg: 98598.1, Max: 98598.1, Diff: 0.1]
   [Code Root Fixup: 0.0 ms]
   [Code Root Migration: 0.1 ms]
   [Clear CT: 0.2 ms]
   [Other: 191.0 ms]
      [Choose CSet: 0.0 ms]
      [Ref Proc: 187.0 ms]
      [Ref Enq: 2.8 ms]
      [Free CSet: 1.1 ms]
   [Eden: 899.0M(899.0M)->0.0B(905.0M) Survivors: 20.0M->20.0M Heap: 2862.0M(4096.0M)->1963.0M(4096.0M)]
 [Times: user=0.76 sys=0.00, real=0.20 secs] 
2016-01-06T00:57:42.805-0800: 98.926: [GC pause (young)
Desired survivor size 60817408 bytes, new threshold 15 (max 15)
- age   1:   18853480 bytes,   18853480 total
- age   2:      36864 bytes,   18890344 total
2016-01-06T00:57:42.999-0800: 99.120: [SoftReference, 0 refs, 0.0004560 secs]2016-01-06T00:57:43.013-0800: 99.134: [WeakReference, 0 refs, 0.0003910 secs]2016-01-06T00:57:43.013-0800: 99.134: [FinalReference, 0 refs, 0.0003430 secs]2016-01-06T00:57:43.014-0800: 99.134: [PhantomReference, 0 refs, 28563 refs, 0.0010080 secs]2016-01-06T00:57:43.015-0800: 99.135: [JNI Weak Reference, 0.0000090 secs], 0.2128480 secs]
   [Parallel Time: 7.0 ms, GC Workers: 4]
      [GC Worker Start (ms): Min: 98926.4, Avg: 98926.4, Max: 98926.5, Diff: 0.1]
      [Ext Root Scanning (ms): Min: 0.3, Avg: 0.4, Max: 0.4, Diff: 0.1, Sum: 1.4]
      [SATB Filtering (ms): Min: 0.0, Avg: 0.0, Max: 0.0, Diff: 0.0, Sum: 0.0]
      [Update RS (ms): Min: 0.0, Avg: 0.1, Max: 0.3, Diff: 0.3, Sum: 0.3]
         [Processed Buffers: Min: 0, Avg: 1.2, Max: 3, Diff: 3, Sum: 5]
      [Scan RS (ms): Min: 0.3, Avg: 0.4, Max: 0.5, Diff: 0.2, Sum: 1.7]
      [Code Root Scanning (ms): Min: 0.0, Avg: 0.0, Max: 0.1, Diff: 0.0, Sum: 0.2]
      [Object Copy (ms): Min: 5.8, Avg: 5.9, Max: 5.9, Diff: 0.0, Sum: 23.5]
      [Termination (ms): Min: 0.0, Avg: 0.0, Max: 0.0, Diff: 0.0, Sum: 0.0]
      [GC Worker Other (ms): Min: 0.0, Avg: 0.1, Max: 0.1, Diff: 0.1, Sum: 0.3]
      [GC Worker Total (ms): Min: 6.8, Avg: 6.8, Max: 6.8, Diff: 0.0, Sum: 27.3]
      [GC Worker End (ms): Min: 98933.2, Avg: 98933.3, Max: 98933.3, Diff: 0.1]
   [Code Root Fixup: 0.0 ms]
   [Code Root Migration: 0.1 ms]
   [Clear CT: 0.3 ms]
   [Other: 205.4 ms]
      [Choose CSet: 0.0 ms]
      [Ref Proc: 202.1 ms]
      [Ref Enq: 2.1 ms]
      [Free CSet: 1.1 ms]
   [Eden: 905.0M(905.0M)->0.0B(184.0M) Survivors: 20.0M->20.0M Heap: 2868.0M(4096.0M)->1963.0M(4096.0M)]
 [Times: user=0.75 sys=0.00, real=0.21 secs] 
2016-01-06T00:57:43.047-0800: 99.168: [GC pause (young)
Desired survivor size 13631488 bytes, new threshold 1 (max 15)
- age   1:   18866872 bytes,   18866872 total
- age   2:      36864 bytes,   18903736 total
2016-01-06T00:57:43.236-0800: 99.357: [SoftReference, 0 refs, 0.0004440 secs]2016-01-06T00:57:43.237-0800: 99.357: [WeakReference, 0 refs, 0.0002470 secs]2016-01-06T00:57:43.237-0800: 99.358: [FinalReference, 0 refs, 0.0002530 secs]2016-01-06T00:57:43.237-0800: 99.358: [PhantomReference, 0 refs, 6214 refs, 0.0008670 secs]2016-01-06T00:57:43.238-0800: 99.359: [JNI Weak Reference, 0.0000080 secs], 0.1923180 secs]
   [Parallel Time: 3.1 ms, GC Workers: 4]
      [GC Worker Start (ms): Min: 99167.6, Avg: 99167.6, Max: 99167.7, Diff: 0.1]
      [Ext Root Scanning (ms): Min: 0.3, Avg: 0.4, Max: 0.4, Diff: 0.1, Sum: 1.4]
      [SATB Filtering (ms): Min: 0.0, Avg: 0.0, Max: 0.0, Diff: 0.0, Sum: 0.0]
      [Update RS (ms): Min: 0.0, Avg: 0.1, Max: 0.3, Diff: 0.3, Sum: 0.3]
         [Processed Buffers: Min: 0, Avg: 1.2, Max: 3, Diff: 3, Sum: 5]
      [Scan RS (ms): Min: 0.0, Avg: 0.1, Max: 0.1, Diff: 0.1, Sum: 0.3]
      [Code Root Scanning (ms): Min: 0.0, Avg: 0.0, Max: 0.0, Diff: 0.0, Sum: 0.0]
      [Object Copy (ms): Min: 2.3, Avg: 2.4, Max: 2.4, Diff: 0.2, Sum: 9.4]
      [Termination (ms): Min: 0.0, Avg: 0.1, Max: 0.1, Diff: 0.1, Sum: 0.3]
      [GC Worker Other (ms): Min: 0.0, Avg: 0.0, Max: 0.0, Diff: 0.0, Sum: 0.1]
      [GC Worker Total (ms): Min: 2.9, Avg: 3.0, Max: 3.0, Diff: 0.1, Sum: 11.9]
      [GC Worker End (ms): Min: 99170.6, Avg: 99170.6, Max: 99170.6, Diff: 0.0]
   [Code Root Fixup: 0.0 ms]
   [Code Root Migration: 0.0 ms]
   [Clear CT: 0.1 ms]
   [Other: 189.1 ms]
      [Choose CSet: 0.0 ms]
      [Ref Proc: 188.1 ms]
      [Ref Enq: 0.6 ms]
      [Free CSet: 0.3 ms]
   [Eden: 184.0M(184.0M)->0.0B(186.0M) Survivors: 20.0M->18.0M Heap: 2147.0M(4096.0M)->1961.0M(4096.0M)]
 [Times: user=0.73 sys=0.00, real=0.19 secs] 
2016-01-06T00:57:43.267-0800: 99.388: [GC pause (young)
Desired survivor size 13631488 bytes, new threshold 1 (max 15)
- age   1:   17257600 bytes,   17257600 total
2016-01-06T00:57:43.454-0800: 99.575: [SoftReference, 0 refs, 0.0004840 secs]2016-01-06T00:57:43.455-0800: 99.576: [WeakReference, 0 refs, 0.0003610 secs]2016-01-06T00:57:43.455-0800: 99.576: [FinalReference, 0 refs, 0.0003130 secs]2016-01-06T00:57:43.455-0800: 99.576: [PhantomReference, 0 refs, 6276 refs, 0.0007000 secs]2016-01-06T00:57:43.456-0800: 99.577: [JNI Weak Reference, 0.0000080 secs], 0.1900870 secs]
   [Parallel Time: 3.1 ms, GC Workers: 4]
      [GC Worker Start (ms): Min: 99388.0, Avg: 99388.4, Max: 99389.6, Diff: 1.6]
      [Ext Root Scanning (ms): Min: 0.0, Avg: 0.3, Max: 0.5, Diff: 0.5, Sum: 1.3]
      [SATB Filtering (ms): Min: 0.0, Avg: 0.0, Max: 0.0, Diff: 0.0, Sum: 0.0]
      [Update RS (ms): Min: 0.0, Avg: 0.1, Max: 0.2, Diff: 0.2, Sum: 0.3]
         [Processed Buffers: Min: 0, Avg: 1.8, Max: 4, Diff: 4, Sum: 7]
      [Scan RS (ms): Min: 0.0, Avg: 0.1, Max: 0.1, Diff: 0.1, Sum: 0.3]
      [Code Root Scanning (ms): Min: 0.0, Avg: 0.0, Max: 0.0, Diff: 0.0, Sum: 0.0]
      [Object Copy (ms): Min: 1.4, Avg: 2.1, Max: 2.3, Diff: 0.9, Sum: 8.4]
      [Termination (ms): Min: 0.0, Avg: 0.0, Max: 0.0, Diff: 0.0, Sum: 0.0]
      [GC Worker Other (ms): Min: 0.0, Avg: 0.0, Max: 0.0, Diff: 0.0, Sum: 0.1]
      [GC Worker Total (ms): Min: 1.5, Avg: 2.6, Max: 3.0, Diff: 1.5, Sum: 10.4]
      [GC Worker End (ms): Min: 99391.0, Avg: 99391.0, Max: 99391.0, Diff: 0.0]
   [Code Root Fixup: 0.0 ms]
   [Code Root Migration: 0.0 ms]
   [Clear CT: 0.1 ms]
   [Other: 186.8 ms]
      [Choose CSet: 0.0 ms]
      [Ref Proc: 185.8 ms]
      [Ref Enq: 0.6 ms]
      [Free CSet: 0.3 ms]
   [Eden: 186.0M(186.0M)->0.0B(668.0M) Survivors: 18.0M->18.0M Heap: 2147.0M(4096.0M)->1961.1M(4096.0M)]
 [Times: user=0.69 sys=0.00, real=0.19 secs] 
2016-01-06T00:57:43.558-0800: 99.678: [GC pause (young)
Desired survivor size 45088768 bytes, new threshold 15 (max 15)
- age   1:   17262064 bytes,   17262064 total
2016-01-06T00:57:43.750-0800: 99.871: [SoftReference, 0 refs, 0.0015060 secs]2016-01-06T00:57:43.752-0800: 99.873: [WeakReference, 0 refs, 0.0003180 secs]2016-01-06T00:57:43.752-0800: 99.873: [FinalReference, 0 refs, 0.0003010 secs]2016-01-06T00:57:43.753-0800: 99.874: [PhantomReference, 0 refs, 21218 refs, 0.0009640 secs]2016-01-06T00:57:43.754-0800: 99.874: [JNI Weak Reference, 0.0000080 secs], 0.1990300 secs]
   [Parallel Time: 5.5 ms, GC Workers: 4]
      [GC Worker Start (ms): Min: 99678.6, Avg: 99679.6, Max: 99682.6, Diff: 4.1]
      [Ext Root Scanning (ms): Min: 0.0, Avg: 0.3, Max: 0.5, Diff: 0.5, Sum: 1.4]
      [SATB Filtering (ms): Min: 0.0, Avg: 0.0, Max: 0.0, Diff: 0.0, Sum: 0.0]
      [Update RS (ms): Min: 0.0, Avg: 0.1, Max: 0.3, Diff: 0.3, Sum: 0.4]
         [Processed Buffers: Min: 0, Avg: 1.5, Max: 3, Diff: 3, Sum: 6]
      [Scan RS (ms): Min: 0.1, Avg: 0.3, Max: 0.4, Diff: 0.3, Sum: 1.2]
      [Code Root Scanning (ms): Min: 0.0, Avg: 0.0, Max: 0.1, Diff: 0.1, Sum: 0.1]
      [Object Copy (ms): Min: 0.9, Avg: 3.3, Max: 4.1, Diff: 3.2, Sum: 13.0]
      [Termination (ms): Min: 0.0, Avg: 0.0, Max: 0.0, Diff: 0.0, Sum: 0.0]
      [GC Worker Other (ms): Min: 0.0, Avg: 0.1, Max: 0.3, Diff: 0.3, Sum: 0.5]
      [GC Worker Total (ms): Min: 1.1, Avg: 4.2, Max: 5.4, Diff: 4.4, Sum: 16.7]
      [GC Worker End (ms): Min: 99683.7, Avg: 99683.8, Max: 99684.0, Diff: 0.3]
   [Code Root Fixup: 0.0 ms]
   [Code Root Migration: 0.1 ms]
   [Clear CT: 0.2 ms]
   [Other: 193.2 ms]
      [Choose CSet: 0.0 ms]
      [Ref Proc: 190.5 ms]
      [Ref Enq: 1.8 ms]
      [Free CSet: 0.9 ms]
   [Eden: 668.0M(668.0M)->0.0B(654.0M) Survivors: 18.0M->20.0M Heap: 2629.1M(4096.0M)->1962.6M(4096.0M)]
 [Times: user=0.75 sys=0.00, real=0.19 secs] 
2016-01-06T00:57:43.849-0800: 99.970: [GC pause (young)
Desired survivor size 44564480 bytes, new threshold 15 (max 15)
- age   1:   18337888 bytes,   18337888 total
- age   2:      36864 bytes,   18374752 total
2016-01-06T00:57:44.043-0800: 100.164: [SoftReference, 0 refs, 0.0004410 secs]2016-01-06T00:57:44.043-0800: 100.164: [WeakReference, 0 refs, 0.0003110 secs]2016-01-06T00:57:44.044-0800: 100.165: [FinalReference, 0 refs, 0.0003590 secs]2016-01-06T00:57:44.044-0800: 100.165: [PhantomReference, 0 refs, 20783 refs, 0.0009810 secs]2016-01-06T00:57:44.045-0800: 100.166: [JNI Weak Reference, 0.0000100 secs], 0.1994170 secs]
   [Parallel Time: 5.3 ms, GC Workers: 4]
      [GC Worker Start (ms): Min: 99969.9, Avg: 99970.0, Max: 99970.0, Diff: 0.1]
      [Ext Root Scanning (ms): Min: 0.3, Avg: 0.3, Max: 0.4, Diff: 0.1, Sum: 1.4]
      [SATB Filtering (ms): Min: 0.0, Avg: 0.0, Max: 0.0, Diff: 0.0, Sum: 0.0]
      [Update RS (ms): Min: 0.0, Avg: 0.1, Max: 0.3, Diff: 0.3, Sum: 0.3]
         [Processed Buffers: Min: 0, Avg: 1.5, Max: 3, Diff: 3, Sum: 6]
      [Scan RS (ms): Min: 0.2, Avg: 0.3, Max: 0.4, Diff: 0.2, Sum: 1.2]
      [Code Root Scanning (ms): Min: 0.0, Avg: 0.0, Max: 0.0, Diff: 0.0, Sum: 0.1]
      [Object Copy (ms): Min: 4.4, Avg: 4.4, Max: 4.4, Diff: 0.0, Sum: 17.7]
      [Termination (ms): Min: 0.0, Avg: 0.0, Max: 0.0, Diff: 0.0, Sum: 0.0]
      [GC Worker Other (ms): Min: 0.0, Avg: 0.0, Max: 0.1, Diff: 0.0, Sum: 0.1]
      [GC Worker Total (ms): Min: 5.2, Avg: 5.2, Max: 5.3, Diff: 0.1, Sum: 20.9]
      [GC Worker End (ms): Min: 99975.2, Avg: 99975.2, Max: 99975.2, Diff: 0.0]
   [Code Root Fixup: 0.0 ms]
   [Code Root Migration: 0.1 ms]
   [Clear CT: 0.2 ms]
   [Other: 193.7 ms]
      [Choose CSet: 0.0 ms]
      [Ref Proc: 190.7 ms]
      [Ref Enq: 2.0 ms]
      [Free CSet: 0.9 ms]
   [Eden: 654.0M(654.0M)->0.0B(618.0M) Survivors: 20.0M->20.0M Heap: 2616.6M(4096.0M)->1962.6M(4096.0M)]
 [Times: user=0.72 sys=0.01, real=0.20 secs] 
2016-01-06T00:57:44.152-0800: 100.273: [GC pause (young)
Desired survivor size 41943040 bytes, new threshold 15 (max 15)
- age   1:   18306640 bytes,   18306640 total
- age   2:      36864 bytes,   18343504 total
2016-01-06T00:57:44.346-0800: 100.467: [SoftReference, 0 refs, 0.0006020 secs]2016-01-06T00:57:44.347-0800: 100.468: [WeakReference, 0 refs, 0.0003460 secs]2016-01-06T00:57:44.347-0800: 100.468: [FinalReference, 0 refs, 0.0002300 secs]2016-01-06T00:57:44.347-0800: 100.468: [PhantomReference, 0 refs, 19668 refs, 0.0010620 secs]2016-01-06T00:57:44.348-0800: 100.469: [JNI Weak Reference, 0.0000090 secs], 0.1993750 secs]
   [Parallel Time: 7.2 ms, GC Workers: 4]
      [GC Worker Start (ms): Min: 100273.0, Avg: 100275.0, Max: 100280.0, Diff: 7.0]
      [Ext Root Scanning (ms): Min: 0.0, Avg: 0.3, Max: 0.6, Diff: 0.6, Sum: 1.2]
      [SATB Filtering (ms): Min: 0.0, Avg: 0.0, Max: 0.0, Diff: 0.0, Sum: 0.0]
      [Update RS (ms): Min: 0.0, Avg: 0.1, Max: 0.3, Diff: 0.3, Sum: 0.3]
         [Processed Buffers: Min: 0, Avg: 1.2, Max: 4, Diff: 4, Sum: 5]
      [Scan RS (ms): Min: 0.1, Avg: 0.3, Max: 0.5, Diff: 0.4, Sum: 1.1]
      [Code Root Scanning (ms): Min: 0.0, Avg: 0.0, Max: 0.1, Diff: 0.1, Sum: 0.1]
      [Object Copy (ms): Min: 0.0, Avg: 3.4, Max: 4.5, Diff: 4.5, Sum: 13.5]
      [Termination (ms): Min: 0.0, Avg: 1.1, Max: 1.4, Diff: 1.4, Sum: 4.2]
      [GC Worker Other (ms): Min: 0.0, Avg: 0.0, Max: 0.0, Diff: 0.0, Sum: 0.1]
      [GC Worker Total (ms): Min: 0.1, Avg: 5.1, Max: 7.1, Diff: 7.0, Sum: 20.6]
      [GC Worker End (ms): Min: 100280.1, Avg: 100280.1, Max: 100280.1, Diff: 0.0]
   [Code Root Fixup: 0.0 ms]
   [Code Root Migration: 0.1 ms]
   [Clear CT: 0.2 ms]
   [Other: 191.9 ms]
      [Choose CSet: 0.0 ms]
      [Ref Proc: 189.1 ms]
      [Ref Enq: 1.9 ms]
      [Free CSet: 0.7 ms]
   [Eden: 618.0M(618.0M)->0.0B(733.0M) Survivors: 20.0M->19.0M Heap: 2580.6M(4096.0M)->1962.1M(4096.0M)]
 [Times: user=0.74 sys=0.01, real=0.20 secs] 
2016-01-06T00:57:44.455-0800: 100.575: [GC pause (young)
Desired survivor size 49283072 bytes, new threshold 15 (max 15)
- age   1:   18226288 bytes,   18226288 total
- age   2:      36864 bytes,   18263152 total
2016-01-06T00:57:44.656-0800: 100.777: [SoftReference, 0 refs, 0.0004920 secs]2016-01-06T00:57:44.656-0800: 100.777: [WeakReference, 0 refs, 0.0002290 secs]2016-01-06T00:57:44.656-0800: 100.777: [FinalReference, 0 refs, 0.0003280 secs]2016-01-06T00:57:44.657-0800: 100.778: [PhantomReference, 0 refs, 23233 refs, 0.0008520 secs]2016-01-06T00:57:44.658-0800: 100.778: [JNI Weak Reference, 0.0000080 secs], 0.2066160 secs]
   [Parallel Time: 6.1 ms, GC Workers: 4]
      [GC Worker Start (ms): Min: 100575.5, Avg: 100576.1, Max: 100577.9, Diff: 2.4]
      [Ext Root Scanning (ms): Min: 0.0, Avg: 0.3, Max: 0.4, Diff: 0.4, Sum: 1.3]
      [SATB Filtering (ms): Min: 0.0, Avg: 0.0, Max: 0.0, Diff: 0.0, Sum: 0.0]
      [Update RS (ms): Min: 0.0, Avg: 0.0, Max: 0.2, Diff: 0.2, Sum: 0.2]
         [Processed Buffers: Min: 0, Avg: 1.2, Max: 3, Diff: 3, Sum: 5]
      [Scan RS (ms): Min: 0.1, Avg: 0.3, Max: 0.4, Diff: 0.4, Sum: 1.2]
      [Code Root Scanning (ms): Min: 0.0, Avg: 0.0, Max: 0.1, Diff: 0.1, Sum: 0.1]
      [Object Copy (ms): Min: 3.4, Avg: 4.6, Max: 5.0, Diff: 1.5, Sum: 18.3]
      [Termination (ms): Min: 0.0, Avg: 0.0, Max: 0.0, Diff: 0.0, Sum: 0.0]
      [GC Worker Other (ms): Min: 0.0, Avg: 0.1, Max: 0.1, Diff: 0.0, Sum: 0.2]
      [GC Worker Total (ms): Min: 3.6, Avg: 5.3, Max: 6.0, Diff: 2.4, Sum: 21.4]
      [GC Worker End (ms): Min: 100581.5, Avg: 100581.5, Max: 100581.5, Diff: 0.0]
   [Code Root Fixup: 0.0 ms]
   [Code Root Migration: 0.1 ms]
   [Clear CT: 0.3 ms]
   [Other: 200.2 ms]
      [Choose CSet: 0.0 ms]
      [Ref Proc: 196.9 ms]
      [Ref Enq: 2.3 ms]
      [Free CSet: 0.9 ms]
   [Eden: 733.0M(733.0M)->0.0B(184.0M) Survivors: 19.0M->20.0M Heap: 2695.1M(4096.0M)->1962.6M(4096.0M)]
 [Times: user=0.79 sys=0.01, real=0.21 secs] 
2016-01-06T00:57:44.688-0800: 100.809: [GC pause (young)
Desired survivor size 13631488 bytes, new threshold 1 (max 15)
- age   1:   18482968 bytes,   18482968 total
- age   2:      36864 bytes,   18519832 total
2016-01-06T00:57:44.880-0800: 101.001: [SoftReference, 0 refs, 0.0004380 secs]2016-01-06T00:57:44.880-0800: 101.001: [WeakReference, 0 refs, 0.0002380 secs]2016-01-06T00:57:44.880-0800: 101.001: [FinalReference, 0 refs, 0.0002600 secs]2016-01-06T00:57:44.881-0800: 101.002: [PhantomReference, 0 refs, 6214 refs, 0.0006380 secs]2016-01-06T00:57:44.881-0800: 101.002: [JNI Weak Reference, 0.0000120 secs], 0.1944330 secs]
   [Parallel Time: 3.0 ms, GC Workers: 4]
      [GC Worker Start (ms): Min: 100808.8, Avg: 100809.1, Max: 100809.9, Diff: 1.1]
      [Ext Root Scanning (ms): Min: 0.0, Avg: 0.3, Max: 0.5, Diff: 0.5, Sum: 1.3]
      [SATB Filtering (ms): Min: 0.0, Avg: 0.0, Max: 0.0, Diff: 0.0, Sum: 0.0]
      [Update RS (ms): Min: 0.0, Avg: 0.0, Max: 0.2, Diff: 0.2, Sum: 0.2]
         [Processed Buffers: Min: 0, Avg: 1.2, Max: 4, Diff: 4, Sum: 5]
      [Scan RS (ms): Min: 0.0, Avg: 0.1, Max: 0.2, Diff: 0.2, Sum: 0.3]
      [Code Root Scanning (ms): Min: 0.0, Avg: 0.0, Max: 0.0, Diff: 0.0, Sum: 0.0]
      [Object Copy (ms): Min: 1.8, Avg: 2.2, Max: 2.3, Diff: 0.5, Sum: 8.7]
      [Termination (ms): Min: 0.0, Avg: 0.0, Max: 0.0, Diff: 0.0, Sum: 0.0]
      [GC Worker Other (ms): Min: 0.0, Avg: 0.0, Max: 0.0, Diff: 0.0, Sum: 0.1]
      [GC Worker Total (ms): Min: 1.9, Avg: 2.6, Max: 2.9, Diff: 1.1, Sum: 10.6]
      [GC Worker End (ms): Min: 100811.8, Avg: 100811.8, Max: 100811.8, Diff: 0.0]
   [Code Root Fixup: 0.0 ms]
   [Code Root Migration: 0.0 ms]
   [Clear CT: 0.1 ms]
   [Other: 191.3 ms]
      [Choose CSet: 0.0 ms]
      [Ref Proc: 190.4 ms]
      [Ref Enq: 0.5 ms]
      [Free CSet: 0.3 ms]
   [Eden: 184.0M(184.0M)->0.0B(243.0M) Survivors: 20.0M->19.0M Heap: 2146.6M(4096.0M)->1961.6M(4096.0M)]
 [Times: user=0.74 sys=0.00, real=0.19 secs] 
2016-01-06T00:57:44.916-0800: 101.037: [GC pause (young)
Desired survivor size 17301504 bytes, new threshold 15 (max 15)
- age   1:   17257600 bytes,   17257600 total
2016-01-06T00:57:45.109-0800: 101.230: [SoftReference, 0 refs, 0.0005790 secs]2016-01-06T00:57:45.110-0800: 101.231: [WeakReference, 0 refs, 0.0002720 secs]2016-01-06T00:57:45.110-0800: 101.231: [FinalReference, 0 refs, 0.0002200 secs]2016-01-06T00:57:45.110-0800: 101.231: [PhantomReference, 0 refs, 8041 refs, 0.0005290 secs]2016-01-06T00:57:45.111-0800: 101.232: [JNI Weak Reference, 0.0000160 secs], 0.1962880 secs]
   [Parallel Time: 3.4 ms, GC Workers: 4]
      [GC Worker Start (ms): Min: 101037.0, Avg: 101037.2, Max: 101037.9, Diff: 0.9]
      [Ext Root Scanning (ms): Min: 0.0, Avg: 0.3, Max: 0.5, Diff: 0.5, Sum: 1.4]
      [SATB Filtering (ms): Min: 0.0, Avg: 0.0, Max: 0.0, Diff: 0.0, Sum: 0.0]
      [Update RS (ms): Min: 0.0, Avg: 0.1, Max: 0.2, Diff: 0.2, Sum: 0.3]
         [Processed Buffers: Min: 0, Avg: 1.5, Max: 3, Diff: 3, Sum: 6]
      [Scan RS (ms): Min: 0.0, Avg: 0.1, Max: 0.2, Diff: 0.2, Sum: 0.5]
      [Code Root Scanning (ms): Min: 0.0, Avg: 0.0, Max: 0.0, Diff: 0.0, Sum: 0.1]
      [Object Copy (ms): Min: 2.4, Avg: 2.5, Max: 2.6, Diff: 0.1, Sum: 10.1]
      [Termination (ms): Min: 0.0, Avg: 0.0, Max: 0.0, Diff: 0.0, Sum: 0.0]
      [GC Worker Other (ms): Min: 0.0, Avg: 0.0, Max: 0.0, Diff: 0.0, Sum: 0.1]
      [GC Worker Total (ms): Min: 2.5, Avg: 3.1, Max: 3.4, Diff: 0.9, Sum: 12.4]
      [GC Worker End (ms): Min: 101040.3, Avg: 101040.3, Max: 101040.3, Diff: 0.0]
   [Code Root Fixup: 0.0 ms]
   [Code Root Migration: 0.0 ms]
   [Clear CT: 0.2 ms]
   [Other: 192.7 ms]
      [Choose CSet: 0.0 ms]
      [Ref Proc: 191.4 ms]
      [Ref Enq: 0.8 ms]
      [Free CSet: 0.4 ms]
   [Eden: 243.0M(243.0M)->0.0B(587.0M) Survivors: 19.0M->19.0M Heap: 2204.6M(4096.0M)->1961.6M(4096.0M)]
 [Times: user=0.71 sys=0.00, real=0.20 secs] 
2016-01-06T00:57:45.197-0800: 101.318: [GC pause (young)
Desired survivor size 39845888 bytes, new threshold 15 (max 15)
- age   1:   17389288 bytes,   17389288 total
- age   2:      36864 bytes,   17426152 total
2016-01-06T00:57:45.390-0800: 101.511: [SoftReference, 0 refs, 0.0006030 secs]2016-01-06T00:57:45.390-0800: 101.511: [WeakReference, 0 refs, 0.0003390 secs]2016-01-06T00:57:45.391-0800: 101.512: [FinalReference, 0 refs, 0.0003420 secs]2016-01-06T00:57:45.391-0800: 101.512: [PhantomReference, 0 refs, 18707 refs, 0.0012700 secs]2016-01-06T00:57:45.392-0800: 101.513: [JNI Weak Reference, 0.0000170 secs], 0.1984300 secs]
   [Parallel Time: 4.5 ms, GC Workers: 4]
      [GC Worker Start (ms): Min: 101317.6, Avg: 101318.7, Max: 101321.9, Diff: 4.3]
      [Ext Root Scanning (ms): Min: 0.0, Avg: 0.3, Max: 0.5, Diff: 0.5, Sum: 1.3]
      [SATB Filtering (ms): Min: 0.0, Avg: 0.0, Max: 0.0, Diff: 0.0, Sum: 0.0]
      [Update RS (ms): Min: 0.0, Avg: 0.0, Max: 0.2, Diff: 0.2, Sum: 0.2]
         [Processed Buffers: Min: 0, Avg: 1.5, Max: 3, Diff: 3, Sum: 6]
      [Scan RS (ms): Min: 0.1, Avg: 0.3, Max: 0.4, Diff: 0.2, Sum: 1.1]
      [Code Root Scanning (ms): Min: 0.0, Avg: 0.0, Max: 0.1, Diff: 0.1, Sum: 0.1]
      [Object Copy (ms): Min: 0.0, Avg: 2.4, Max: 3.3, Diff: 3.3, Sum: 9.7]
      [Termination (ms): Min: 0.0, Avg: 0.2, Max: 0.3, Diff: 0.3, Sum: 1.0]
      [GC Worker Other (ms): Min: 0.0, Avg: 0.0, Max: 0.0, Diff: 0.0, Sum: 0.1]
      [GC Worker Total (ms): Min: 0.1, Avg: 3.4, Max: 4.5, Diff: 4.3, Sum: 13.5]
      [GC Worker End (ms): Min: 101322.0, Avg: 101322.1, Max: 101322.1, Diff: 0.0]
   [Code Root Fixup: 0.0 ms]
   [Code Root Migration: 0.1 ms]
   [Clear CT: 0.3 ms]
   [Other: 193.5 ms]
      [Choose CSet: 0.0 ms]
      [Ref Proc: 191.2 ms]
      [Ref Enq: 1.0 ms]
      [Free CSet: 1.2 ms]
   [Eden: 587.0M(587.0M)->0.0B(710.0M) Survivors: 19.0M->19.0M Heap: 2548.6M(4096.0M)->1962.1M(4096.0M)]
 [Times: user=0.76 sys=0.00, real=0.20 secs] 
2016-01-06T00:57:45.502-0800: 101.623: [GC pause (young)
Desired survivor size 48234496 bytes, new threshold 15 (max 15)
- age   1:   18157096 bytes,   18157096 total
- age   2:      36864 bytes,   18193960 total
2016-01-06T00:57:45.695-0800: 101.815: [SoftReference, 0 refs, 0.0004870 secs]2016-01-06T00:57:45.695-0800: 101.816: [WeakReference, 0 refs, 0.0003360 secs]2016-01-06T00:57:45.695-0800: 101.816: [FinalReference, 0 refs, 0.0003540 secs]2016-01-06T00:57:45.696-0800: 101.817: [PhantomReference, 0 refs, 22520 refs, 0.0009850 secs]2016-01-06T00:57:45.697-0800: 101.818: [JNI Weak Reference, 0.0000090 secs], 0.1979980 secs]
   [Parallel Time: 5.3 ms, GC Workers: 4]
      [GC Worker Start (ms): Min: 101623.1, Avg: 101623.8, Max: 101625.9, Diff: 2.8]
      [Ext Root Scanning (ms): Min: 0.0, Avg: 0.3, Max: 0.5, Diff: 0.5, Sum: 1.3]
      [SATB Filtering (ms): Min: 0.0, Avg: 0.0, Max: 0.0, Diff: 0.0, Sum: 0.0]
      [Update RS (ms): Min: 0.0, Avg: 0.1, Max: 0.2, Diff: 0.2, Sum: 0.3]
         [Processed Buffers: Min: 0, Avg: 1.2, Max: 4, Diff: 4, Sum: 5]
      [Scan RS (ms): Min: 0.1, Avg: 0.3, Max: 0.4, Diff: 0.4, Sum: 1.1]
      [Code Root Scanning (ms): Min: 0.0, Avg: 0.0, Max: 0.1, Diff: 0.1, Sum: 0.1]
      [Object Copy (ms): Min: 2.2, Avg: 3.7, Max: 4.2, Diff: 2.0, Sum: 14.9]
      [Termination (ms): Min: 0.0, Avg: 0.0, Max: 0.0, Diff: 0.0, Sum: 0.0]
      [GC Worker Other (ms): Min: 0.0, Avg: 0.0, Max: 0.1, Diff: 0.1, Sum: 0.2]
      [GC Worker Total (ms): Min: 2.4, Avg: 4.5, Max: 5.2, Diff: 2.8, Sum: 17.9]
      [GC Worker End (ms): Min: 101628.3, Avg: 101628.3, Max: 101628.3, Diff: 0.1]
   [Code Root Fixup: 0.0 ms]
   [Code Root Migration: 0.1 ms]
   [Clear CT: 0.2 ms]
   [Other: 192.4 ms]
      [Choose CSet: 0.0 ms]
      [Ref Proc: 189.2 ms]
      [Ref Enq: 2.2 ms]
      [Free CSet: 0.9 ms]
   [Eden: 710.0M(710.0M)->0.0B(883.0M) Survivors: 19.0M->20.0M Heap: 2672.1M(4096.0M)->1963.1M(4096.0M)]
 [Times: user=0.73 sys=0.00, real=0.20 secs] 
2016-01-06T00:57:45.805-0800: 101.925: [GC concurrent-mark-end, 16.6383380 secs]
2016-01-06T00:57:45.805-0800: 101.926: [GC remark 2016-01-06T00:57:45.805-0800: 101.926: [GC ref-proc2016-01-06T00:57:45.805-0800: 101.926: [SoftReference, 0 refs, 0.0041380 secs]2016-01-06T00:57:45.809-0800: 101.930: [WeakReference, 0 refs, 0.0003710 secs]2016-01-06T00:57:45.810-0800: 101.930: [FinalReference, 4 refs, 0.0002500 secs]2016-01-06T00:57:45.810-0800: 101.931: [PhantomReference, 0 refs, 10438428 refs, 0.7854400 secs]2016-01-06T00:57:46.595-0800: 102.716: [JNI Weak Reference, 0.0000180 secs], 0.7904130 secs], 0.7989520 secs]
 [Times: user=2.17 sys=0.79, real=0.80 secs] 
2016-01-06T00:57:46.604-0800: 102.725: [GC cleanup 2701M->2700M(4096M), 0.0050230 secs]
 [Times: user=0.01 sys=0.02, real=0.01 secs] 
2016-01-06T00:57:46.609-0800: 102.730: [GC concurrent-cleanup-start]
2016-01-06T00:57:46.609-0800: 102.730: [GC concurrent-cleanup-end, 0.0000160 secs]
2016-01-06T00:57:46.630-0800: 102.751: [GC pause (young)
Desired survivor size 59244544 bytes, new threshold 15 (max 15)
- age   1:   18431632 bytes,   18431632 total
- age   2:      36864 bytes,   18468496 total
2016-01-06T00:57:46.637-0800: 102.758: [SoftReference, 0 refs, 0.0006330 secs]2016-01-06T00:57:46.638-0800: 102.759: [WeakReference, 0 refs, 0.0002480 secs]2016-01-06T00:57:46.638-0800: 102.759: [FinalReference, 0 refs, 0.0002310 secs]2016-01-06T00:57:46.638-0800: 102.759: [PhantomReference, 0 refs, 27882 refs, 0.0010940 secs]2016-01-06T00:57:46.640-0800: 102.760: [JNI Weak Reference, 0.0000140 secs], 0.0114630 secs]
   [Parallel Time: 6.7 ms, GC Workers: 4]
      [GC Worker Start (ms): Min: 102751.4, Avg: 102751.6, Max: 102752.3, Diff: 0.9]
      [Ext Root Scanning (ms): Min: 0.0, Avg: 0.3, Max: 0.5, Diff: 0.5, Sum: 1.2]
      [Update RS (ms): Min: 0.0, Avg: 0.1, Max: 0.2, Diff: 0.2, Sum: 0.2]
         [Processed Buffers: Min: 0, Avg: 1.2, Max: 3, Diff: 3, Sum: 5]
      [Scan RS (ms): Min: 0.2, Avg: 0.4, Max: 0.5, Diff: 0.4, Sum: 1.5]
      [Code Root Scanning (ms): Min: 0.0, Avg: 0.5, Max: 1.7, Diff: 1.7, Sum: 1.8]
      [Object Copy (ms): Min: 4.1, Avg: 5.1, Max: 5.5, Diff: 1.4, Sum: 20.5]
      [Termination (ms): Min: 0.0, Avg: 0.0, Max: 0.0, Diff: 0.0, Sum: 0.0]
      [GC Worker Other (ms): Min: 0.0, Avg: 0.0, Max: 0.1, Diff: 0.0, Sum: 0.2]
      [GC Worker Total (ms): Min: 5.7, Avg: 6.4, Max: 6.6, Diff: 1.0, Sum: 25.5]
      [GC Worker End (ms): Min: 102758.0, Avg: 102758.0, Max: 102758.0, Diff: 0.0]
   [Code Root Fixup: 0.0 ms]
   [Code Root Migration: 0.1 ms]
   [Clear CT: 0.2 ms]
   [Other: 4.4 ms]
      [Choose CSet: 0.0 ms]
      [Ref Proc: 2.4 ms]
      [Ref Enq: 0.8 ms]
      [Free CSet: 1.1 ms]
   [Eden: 883.0M(883.0M)->0.0B(1696.0M) Survivors: 20.0M->20.0M Heap: 2845.1M(4096.0M)->1962.1M(4096.0M)]
 [Times: user=0.03 sys=0.00, real=0.01 secs] 
2016-01-06T00:57:46.875-0800: 102.996: [GC pause (young)
Desired survivor size 112721920 bytes, new threshold 15 (max 15)
- age   1:   18817768 bytes,   18817768 total
- age   2:      36864 bytes,   18854632 total
2016-01-06T00:57:46.887-0800: 103.008: [SoftReference, 0 refs, 0.0005980 secs]2016-01-06T00:57:46.887-0800: 103.008: [WeakReference, 0 refs, 0.0003490 secs]2016-01-06T00:57:46.888-0800: 103.009: [FinalReference, 0 refs, 0.0002580 secs]2016-01-06T00:57:46.888-0800: 103.009: [PhantomReference, 0 refs, 53085 refs, 0.0014540 secs]2016-01-06T00:57:46.890-0800: 103.010: [JNI Weak Reference, 0.0000120 secs], 0.0177520 secs]
   [Parallel Time: 11.6 ms, GC Workers: 4]
      [GC Worker Start (ms): Min: 102996.0, Avg: 102996.0, Max: 102996.1, Diff: 0.1]
      [Ext Root Scanning (ms): Min: 0.3, Avg: 0.4, Max: 0.4, Diff: 0.1, Sum: 1.4]
      [Update RS (ms): Min: 0.0, Avg: 0.1, Max: 0.3, Diff: 0.3, Sum: 0.3]
         [Processed Buffers: Min: 0, Avg: 1.2, Max: 3, Diff: 3, Sum: 5]
      [Scan RS (ms): Min: 0.6, Avg: 0.8, Max: 0.9, Diff: 0.2, Sum: 3.1]
      [Code Root Scanning (ms): Min: 0.1, Avg: 0.1, Max: 0.1, Diff: 0.0, Sum: 0.4]
      [Object Copy (ms): Min: 10.1, Avg: 10.1, Max: 10.1, Diff: 0.1, Sum: 40.4]
      [Termination (ms): Min: 0.0, Avg: 0.0, Max: 0.0, Diff: 0.0, Sum: 0.0]
      [GC Worker Other (ms): Min: 0.0, Avg: 0.1, Max: 0.1, Diff: 0.1, Sum: 0.3]
      [GC Worker Total (ms): Min: 11.4, Avg: 11.5, Max: 11.5, Diff: 0.1, Sum: 45.9]
      [GC Worker End (ms): Min: 103007.5, Avg: 103007.5, Max: 103007.5, Diff: 0.1]
   [Code Root Fixup: 0.0 ms]
   [Code Root Migration: 0.3 ms]
   [Clear CT: 0.5 ms]
   [Other: 5.4 ms]
      [Choose CSet: 0.0 ms]
      [Ref Proc: 2.9 ms]
      [Ref Enq: 0.5 ms]
      [Free CSet: 1.9 ms]
   [Eden: 1696.0M(1696.0M)->0.0B(1695.0M) Survivors: 20.0M->22.0M Heap: 3658.1M(4096.0M)->1964.1M(4096.0M)]
 [Times: user=0.06 sys=0.00, real=0.02 secs] 
2016-01-06T00:57:47.130-0800: 103.251: [GC pause (young) (initial-mark)
Desired survivor size 112721920 bytes, new threshold 15 (max 15)
- age   1:   20632384 bytes,   20632384 total
- age   2:      36864 bytes,   20669248 total
2016-01-06T00:57:47.143-0800: 103.264: [SoftReference, 0 refs, 0.0004870 secs]2016-01-06T00:57:47.143-0800: 103.264: [WeakReference, 0 refs, 0.0003300 secs]2016-01-06T00:57:47.143-0800: 103.264: [FinalReference, 0 refs, 0.0001980 secs]2016-01-06T00:57:47.144-0800: 103.265: [PhantomReference, 0 refs, 53055 refs, 0.0013390 secs]2016-01-06T00:57:47.145-0800: 103.266: [JNI Weak Reference, 0.0000130 secs], 0.0184720 secs]
   [Parallel Time: 12.0 ms, GC Workers: 4]
      [GC Worker Start (ms): Min: 103251.3, Avg: 103252.6, Max: 103256.2, Diff: 4.9]
      [Ext Root Scanning (ms): Min: 0.0, Avg: 0.3, Max: 0.5, Diff: 0.5, Sum: 1.3]
      [Code Root Marking (ms): Min: 0.2, Avg: 0.2, Max: 0.3, Diff: 0.1, Sum: 0.9]
      [Update RS (ms): Min: 0.0, Avg: 0.1, Max: 0.2, Diff: 0.2, Sum: 0.3]
         [Processed Buffers: Min: 0, Avg: 1.5, Max: 3, Diff: 3, Sum: 6]
      [Scan RS (ms): Min: 0.4, Avg: 0.7, Max: 0.9, Diff: 0.5, Sum: 2.8]
      [Code Root Scanning (ms): Min: 0.0, Avg: 0.1, Max: 0.1, Diff: 0.1, Sum: 0.3]
      [Object Copy (ms): Min: 6.4, Avg: 9.2, Max: 10.1, Diff: 3.7, Sum: 36.7]
      [Termination (ms): Min: 0.0, Avg: 0.0, Max: 0.0, Diff: 0.0, Sum: 0.0]
      [GC Worker Other (ms): Min: 0.0, Avg: 0.0, Max: 0.1, Diff: 0.0, Sum: 0.2]
      [GC Worker Total (ms): Min: 7.0, Avg: 10.6, Max: 11.8, Diff: 4.8, Sum: 42.5]
      [GC Worker End (ms): Min: 103263.2, Avg: 103263.2, Max: 103263.2, Diff: 0.0]
   [Code Root Fixup: 0.0 ms]
   [Code Root Migration: 0.3 ms]
   [Clear CT: 0.4 ms]
   [Other: 5.8 ms]
      [Choose CSet: 0.0 ms]
      [Ref Proc: 2.6 ms]
      [Ref Enq: 0.5 ms]
      [Free CSet: 1.9 ms]
   [Eden: 1695.0M(1695.0M)->0.0B(1696.0M) Survivors: 22.0M->21.0M Heap: 3659.1M(4096.0M)->1963.1M(4096.0M)]
 [Times: user=0.06 sys=0.00, real=0.02 secs] 
2016-01-06T00:57:47.149-0800: 103.269: [GC concurrent-root-region-scan-start]
2016-01-06T00:57:47.153-0800: 103.274: [GC concurrent-root-region-scan-end, 0.0041720 secs]
2016-01-06T00:57:47.153-0800: 103.274: [GC concurrent-mark-start]
2016-01-06T00:57:47.731-0800: 103.852: [GC pause (young)
Desired survivor size 112721920 bytes, new threshold 15 (max 15)
- age   1:   20630152 bytes,   20630152 total
- age   2:      36864 bytes,   20667016 total
2016-01-06T00:57:47.762-0800: 103.883: [SoftReference, 0 refs, 0.0004310 secs]2016-01-06T00:57:47.763-0800: 103.884: [WeakReference, 0 refs, 0.0003070 secs]2016-01-06T00:57:47.763-0800: 103.884: [FinalReference, 0 refs, 0.0002340 secs]2016-01-06T00:57:47.763-0800: 103.884: [PhantomReference, 0 refs, 53086 refs, 0.0016350 secs]2016-01-06T00:57:47.765-0800: 103.886: [JNI Weak Reference, 0.0000110 secs], 0.0417520 secs]
   [Parallel Time: 27.9 ms, GC Workers: 4]
      [GC Worker Start (ms): Min: 103852.1, Avg: 103852.6, Max: 103853.9, Diff: 1.7]
      [Ext Root Scanning (ms): Min: 0.0, Avg: 0.3, Max: 0.5, Diff: 0.5, Sum: 1.2]
      [SATB Filtering (ms): Min: 0.0, Avg: 0.0, Max: 0.0, Diff: 0.0, Sum: 0.0]
      [Update RS (ms): Min: 14.2, Avg: 15.2, Max: 16.0, Diff: 1.8, Sum: 60.8]
         [Processed Buffers: Min: 18, Avg: 22.2, Max: 25, Diff: 7, Sum: 89]
      [Scan RS (ms): Min: 0.4, Avg: 0.9, Max: 1.3, Diff: 0.8, Sum: 3.6]
      [Code Root Scanning (ms): Min: 0.0, Avg: 0.1, Max: 0.1, Diff: 0.1, Sum: 0.4]
      [Object Copy (ms): Min: 10.5, Avg: 10.7, Max: 10.8, Diff: 0.3, Sum: 42.8]
      [Termination (ms): Min: 0.0, Avg: 0.0, Max: 0.0, Diff: 0.0, Sum: 0.0]
      [GC Worker Other (ms): Min: 0.0, Avg: 0.1, Max: 0.1, Diff: 0.1, Sum: 0.3]
      [GC Worker Total (ms): Min: 26.0, Avg: 27.3, Max: 27.8, Diff: 1.8, Sum: 109.1]
      [GC Worker End (ms): Min: 103879.8, Avg: 103879.9, Max: 103879.9, Diff: 0.1]
   [Code Root Fixup: 0.0 ms]
   [Code Root Migration: 0.3 ms]
   [Clear CT: 0.4 ms]
   [Other: 13.3 ms]
      [Choose CSet: 0.0 ms]
      [Ref Proc: 6.0 ms]
      [Ref Enq: 5.4 ms]
      [Free CSet: 1.8 ms]
   [Eden: 1696.0M(1696.0M)->0.0B(1696.0M) Survivors: 21.0M->22.0M Heap: 3659.1M(4096.0M)->1964.1M(4096.0M)]
 [Times: user=0.14 sys=0.00, real=0.04 secs] 
2016-01-06T00:57:48.036-0800: 104.157: [GC pause (young)
Desired survivor size 112721920 bytes, new threshold 15 (max 15)
- age   1:   20632384 bytes,   20632384 total
- age   2:      36864 bytes,   20669248 total
2016-01-06T00:57:48.109-0800: 104.230: [SoftReference, 0 refs, 0.0007020 secs]2016-01-06T00:57:48.110-0800: 104.231: [WeakReference, 0 refs, 0.0003460 secs]2016-01-06T00:57:48.110-0800: 104.231: [FinalReference, 0 refs, 0.0003100 secs]2016-01-06T00:57:48.110-0800: 104.231: [PhantomReference, 0 refs, 53086 refs, 0.0021070 secs]2016-01-06T00:57:48.113-0800: 104.233: [JNI Weak Reference, 0.0000150 secs], 0.0827930 secs]
   [Parallel Time: 36.6 ms, GC Workers: 4]
      [GC Worker Start (ms): Min: 104157.2, Avg: 104157.4, Max: 104157.9, Diff: 0.7]
      [Ext Root Scanning (ms): Min: 0.0, Avg: 0.3, Max: 0.5, Diff: 0.5, Sum: 1.2]
      [SATB Filtering (ms): Min: 0.0, Avg: 0.0, Max: 0.0, Diff: 0.0, Sum: 0.0]
      [Update RS (ms): Min: 24.0, Avg: 24.1, Max: 24.3, Diff: 0.4, Sum: 96.5]
         [Processed Buffers: Min: 34, Avg: 34.8, Max: 36, Diff: 2, Sum: 139]
      [Scan RS (ms): Min: 0.6, Avg: 0.8, Max: 1.0, Diff: 0.4, Sum: 3.1]
      [Code Root Scanning (ms): Min: 0.1, Avg: 0.1, Max: 0.1, Diff: 0.0, Sum: 0.4]
      [Object Copy (ms): Min: 10.9, Avg: 10.9, Max: 11.0, Diff: 0.1, Sum: 43.7]
      [Termination (ms): Min: 0.0, Avg: 0.0, Max: 0.0, Diff: 0.0, Sum: 0.0]
      [GC Worker Other (ms): Min: 0.0, Avg: 0.1, Max: 0.1, Diff: 0.0, Sum: 0.3]
      [GC Worker Total (ms): Min: 35.8, Avg: 36.3, Max: 36.5, Diff: 0.7, Sum: 145.2]
      [GC Worker End (ms): Min: 104193.7, Avg: 104193.7, Max: 104193.8, Diff: 0.1]
   [Code Root Fixup: 0.0 ms]
   [Code Root Migration: 0.2 ms]
   [Clear CT: 0.6 ms]
   [Other: 45.3 ms]
      [Choose CSet: 0.0 ms]
      [Ref Proc: 39.7 ms]
      [Ref Enq: 3.7 ms]
      [Free CSet: 1.9 ms]
   [Eden: 1696.0M(1696.0M)->0.0B(1697.0M) Survivors: 22.0M->22.0M Heap: 3660.1M(4096.0M)->1964.1M(4096.0M)]
 [Times: user=0.29 sys=0.00, real=0.09 secs] 
2016-01-06T00:57:48.381-0800: 104.502: [GC pause (young)
Desired survivor size 112721920 bytes, new threshold 15 (max 15)
- age   1:   20632384 bytes,   20632384 total
- age   2:      36864 bytes,   20669248 total
2016-01-06T00:57:48.450-0800: 104.571: [SoftReference, 0 refs, 0.0005400 secs]2016-01-06T00:57:48.450-0800: 104.571: [WeakReference, 0 refs, 0.0002690 secs]2016-01-06T00:57:48.451-0800: 104.572: [FinalReference, 0 refs, 0.0003680 secs]2016-01-06T00:57:48.451-0800: 104.572: [PhantomReference, 0 refs, 53117 refs, 0.0016170 secs]2016-01-06T00:57:48.453-0800: 104.574: [JNI Weak Reference, 0.0000140 secs], 0.0796710 secs]
   [Parallel Time: 30.5 ms, GC Workers: 4]
      [GC Worker Start (ms): Min: 104501.9, Avg: 104502.0, Max: 104502.4, Diff: 0.6]
      [Ext Root Scanning (ms): Min: 0.0, Avg: 0.3, Max: 0.4, Diff: 0.4, Sum: 1.2]
      [SATB Filtering (ms): Min: 0.0, Avg: 0.0, Max: 0.0, Diff: 0.0, Sum: 0.0]
      [Update RS (ms): Min: 18.1, Avg: 18.4, Max: 18.7, Diff: 0.6, Sum: 73.7]
         [Processed Buffers: Min: 26, Avg: 26.5, Max: 27, Diff: 1, Sum: 106]
      [Scan RS (ms): Min: 0.6, Avg: 0.8, Max: 1.1, Diff: 0.5, Sum: 3.1]
      [Code Root Scanning (ms): Min: 0.1, Avg: 0.1, Max: 0.1, Diff: 0.0, Sum: 0.3]
      [Object Copy (ms): Min: 10.5, Avg: 10.5, Max: 10.6, Diff: 0.1, Sum: 42.2]
      [Termination (ms): Min: 0.0, Avg: 0.0, Max: 0.0, Diff: 0.0, Sum: 0.0]
      [GC Worker Other (ms): Min: 0.0, Avg: 0.1, Max: 0.1, Diff: 0.1, Sum: 0.2]
      [GC Worker Total (ms): Min: 29.8, Avg: 30.2, Max: 30.4, Diff: 0.6, Sum: 120.8]
      [GC Worker End (ms): Min: 104532.2, Avg: 104532.2, Max: 104532.3, Diff: 0.1]
   [Code Root Fixup: 0.0 ms]
   [Code Root Migration: 0.3 ms]
   [Clear CT: 0.4 ms]
   [Other: 48.6 ms]
      [Choose CSet: 0.0 ms]
      [Ref Proc: 41.4 ms]
      [Ref Enq: 5.3 ms]
      [Free CSet: 1.8 ms]
   [Eden: 1697.0M(1697.0M)->0.0B(1697.0M) Survivors: 22.0M->22.0M Heap: 3661.1M(4096.0M)->1964.1M(4096.0M)]
 [Times: user=0.31 sys=0.00, real=0.08 secs] 
2016-01-06T00:57:48.719-0800: 104.840: [GC pause (young)
Desired survivor size 112721920 bytes, new threshold 15 (max 15)
- age   1:   20634616 bytes,   20634616 total
- age   2:      36864 bytes,   20671480 total
2016-01-06T00:57:48.805-0800: 104.926: [SoftReference, 0 refs, 0.0004350 secs]2016-01-06T00:57:48.806-0800: 104.927: [WeakReference, 0 refs, 0.0002510 secs]2016-01-06T00:57:48.806-0800: 104.927: [FinalReference, 0 refs, 0.0002150 secs]2016-01-06T00:57:48.806-0800: 104.927: [PhantomReference, 0 refs, 53117 refs, 0.0016820 secs]2016-01-06T00:57:48.808-0800: 104.929: [JNI Weak Reference, 0.0000100 secs], 0.0956570 secs]
   [Parallel Time: 39.6 ms, GC Workers: 4]
      [GC Worker Start (ms): Min: 104840.2, Avg: 104840.3, Max: 104840.3, Diff: 0.1]
      [Ext Root Scanning (ms): Min: 0.3, Avg: 0.3, Max: 0.4, Diff: 0.0, Sum: 1.4]
      [SATB Filtering (ms): Min: 0.0, Avg: 0.0, Max: 0.0, Diff: 0.0, Sum: 0.0]
      [Update RS (ms): Min: 27.0, Avg: 27.3, Max: 27.7, Diff: 0.8, Sum: 109.1]
         [Processed Buffers: Min: 37, Avg: 39.8, Max: 41, Diff: 4, Sum: 159]
      [Scan RS (ms): Min: 0.4, Avg: 0.9, Max: 1.7, Diff: 1.3, Sum: 3.6]
      [Code Root Scanning (ms): Min: 0.0, Avg: 0.1, Max: 0.1, Diff: 0.1, Sum: 0.3]
      [Object Copy (ms): Min: 10.3, Avg: 10.8, Max: 11.0, Diff: 0.7, Sum: 43.1]
      [Termination (ms): Min: 0.0, Avg: 0.0, Max: 0.0, Diff: 0.0, Sum: 0.0]
      [GC Worker Other (ms): Min: 0.0, Avg: 0.1, Max: 0.1, Diff: 0.1, Sum: 0.2]
      [GC Worker Total (ms): Min: 39.4, Avg: 39.5, Max: 39.5, Diff: 0.1, Sum: 157.8]
      [GC Worker End (ms): Min: 104879.7, Avg: 104879.7, Max: 104879.7, Diff: 0.0]
   [Code Root Fixup: 0.0 ms]
   [Code Root Migration: 0.3 ms]
   [Clear CT: 0.4 ms]
   [Other: 55.4 ms]
      [Choose CSet: 0.0 ms]
      [Ref Proc: 49.1 ms]
      [Ref Enq: 4.4 ms]
      [Free CSet: 1.8 ms]
   [Eden: 1697.0M(1697.0M)->0.0B(1697.0M) Survivors: 22.0M->22.0M Heap: 3661.1M(4096.0M)->1964.1M(4096.0M)]
 [Times: user=0.36 sys=0.00, real=0.09 secs] 
2016-01-06T00:57:49.077-0800: 105.197: [GC pause (young)
Desired survivor size 112721920 bytes, new threshold 15 (max 15)
- age   1:   20634616 bytes,   20634616 total
- age   2:      36864 bytes,   20671480 total
2016-01-06T00:57:49.185-0800: 105.305: [SoftReference, 0 refs, 0.0005160 secs]2016-01-06T00:57:49.185-0800: 105.306: [WeakReference, 0 refs, 0.0003450 secs]2016-01-06T00:57:49.185-0800: 105.306: [FinalReference, 0 refs, 0.0002140 secs]2016-01-06T00:57:49.186-0800: 105.307: [PhantomReference, 0 refs, 53117 refs, 0.0013240 secs]2016-01-06T00:57:49.187-0800: 105.308: [JNI Weak Reference, 0.0000090 secs], 0.1182980 secs]
   [Parallel Time: 38.7 ms, GC Workers: 4]
      [GC Worker Start (ms): Min: 105197.5, Avg: 105198.6, Max: 105201.9, Diff: 4.5]
      [Ext Root Scanning (ms): Min: 0.0, Avg: 0.3, Max: 0.5, Diff: 0.5, Sum: 1.3]
      [SATB Filtering (ms): Min: 0.0, Avg: 0.0, Max: 0.0, Diff: 0.0, Sum: 0.0]
      [Update RS (ms): Min: 22.6, Avg: 25.5, Max: 26.5, Diff: 3.9, Sum: 101.9]
         [Processed Buffers: Min: 33, Avg: 37.5, Max: 40, Diff: 7, Sum: 150]
      [Scan RS (ms): Min: 0.6, Avg: 0.8, Max: 0.9, Diff: 0.3, Sum: 3.1]
      [Code Root Scanning (ms): Min: 0.1, Avg: 0.1, Max: 0.1, Diff: 0.0, Sum: 0.4]
      [Object Copy (ms): Min: 10.7, Avg: 10.7, Max: 10.7, Diff: 0.1, Sum: 42.8]
      [Termination (ms): Min: 0.0, Avg: 0.0, Max: 0.0, Diff: 0.0, Sum: 0.0]
      [GC Worker Other (ms): Min: 0.0, Avg: 0.1, Max: 0.1, Diff: 0.1, Sum: 0.3]
      [GC Worker Total (ms): Min: 34.1, Avg: 37.5, Max: 38.6, Diff: 4.5, Sum: 149.9]
      [GC Worker End (ms): Min: 105236.0, Avg: 105236.1, Max: 105236.1, Diff: 0.1]
   [Code Root Fixup: 0.0 ms]
   [Code Root Migration: 0.3 ms]
   [Clear CT: 0.5 ms]
   [Other: 78.9 ms]
      [Choose CSet: 0.0 ms]
      [Ref Proc: 71.7 ms]
      [Ref Enq: 5.2 ms]
      [Free CSet: 1.8 ms]
   [Eden: 1697.0M(1697.0M)->0.0B(1697.0M) Survivors: 22.0M->22.0M Heap: 3661.1M(4096.0M)->1964.1M(4096.0M)]
 [Times: user=0.43 sys=0.00, real=0.12 secs] 
2016-01-06T00:57:49.454-0800: 105.575: [GC pause (young)
Desired survivor size 112721920 bytes, new threshold 15 (max 15)
- age   1:   20634616 bytes,   20634616 total
- age   2:      36864 bytes,   20671480 total
2016-01-06T00:57:49.587-0800: 105.708: [SoftReference, 0 refs, 0.0006050 secs]2016-01-06T00:57:49.588-0800: 105.709: [WeakReference, 0 refs, 0.0002800 secs]2016-01-06T00:57:49.588-0800: 105.709: [FinalReference, 0 refs, 0.0003460 secs]2016-01-06T00:57:49.588-0800: 105.709: [PhantomReference, 0 refs, 53116 refs, 0.0013830 secs]2016-01-06T00:57:49.590-0800: 105.711: [JNI Weak Reference, 0.0000140 secs], 0.1431200 secs]
   [Parallel Time: 45.7 ms, GC Workers: 4]
      [GC Worker Start (ms): Min: 105575.4, Avg: 105578.0, Max: 105585.9, Diff: 10.5]
      [Ext Root Scanning (ms): Min: 0.0, Avg: 0.3, Max: 0.5, Diff: 0.5, Sum: 1.4]
      [SATB Filtering (ms): Min: 0.0, Avg: 0.0, Max: 0.0, Diff: 0.0, Sum: 0.0]
      [Update RS (ms): Min: 23.6, Avg: 31.1, Max: 33.7, Diff: 10.1, Sum: 124.6]
         [Processed Buffers: Min: 25, Avg: 35.8, Max: 47, Diff: 22, Sum: 143]
      [Scan RS (ms): Min: 0.8, Avg: 0.8, Max: 0.9, Diff: 0.1, Sum: 3.3]
      [Code Root Scanning (ms): Min: 0.1, Avg: 0.1, Max: 0.1, Diff: 0.0, Sum: 0.4]
      [Object Copy (ms): Min: 10.4, Avg: 10.5, Max: 10.5, Diff: 0.0, Sum: 41.8]
      [Termination (ms): Min: 0.0, Avg: 0.0, Max: 0.0, Diff: 0.0, Sum: 0.0]
      [GC Worker Other (ms): Min: 0.0, Avg: 0.1, Max: 0.1, Diff: 0.1, Sum: 0.3]
      [GC Worker Total (ms): Min: 35.1, Avg: 42.9, Max: 45.6, Diff: 10.5, Sum: 171.8]
      [GC Worker End (ms): Min: 105620.9, Avg: 105621.0, Max: 105621.0, Diff: 0.1]
   [Code Root Fixup: 0.0 ms]
   [Code Root Migration: 0.2 ms]
   [Clear CT: 0.4 ms]
   [Other: 96.8 ms]
      [Choose CSet: 0.0 ms]
      [Ref Proc: 89.6 ms]
      [Ref Enq: 5.3 ms]
      [Free CSet: 1.9 ms]
   [Eden: 1697.0M(1697.0M)->0.0B(1698.0M) Survivors: 22.0M->22.0M Heap: 3661.1M(4096.0M)->1964.1M(4096.0M)]
 [Times: user=0.51 sys=0.01, real=0.15 secs] 
2016-01-06T00:57:49.870-0800: 105.990: [GC pause (young)
Desired survivor size 112721920 bytes, new threshold 15 (max 15)
- age   1:   20634616 bytes,   20634616 total
- age   2:      36864 bytes,   20671480 total
2016-01-06T00:57:49.999-0800: 106.120: [SoftReference, 0 refs, 0.0004180 secs]2016-01-06T00:57:50.000-0800: 106.121: [WeakReference, 0 refs, 0.0003390 secs]2016-01-06T00:57:50.000-0800: 106.121: [FinalReference, 0 refs, 0.0002250 secs]2016-01-06T00:57:50.000-0800: 106.121: [PhantomReference, 0 refs, 53148 refs, 0.0014090 secs]2016-01-06T00:57:50.002-0800: 106.123: [JNI Weak Reference, 0.0000100 secs], 0.1400610 secs]
   [Parallel Time: 28.6 ms, GC Workers: 4]
      [GC Worker Start (ms): Min: 105990.6, Avg: 105990.6, Max: 105990.6, Diff: 0.1]
      [Ext Root Scanning (ms): Min: 0.3, Avg: 0.3, Max: 0.4, Diff: 0.1, Sum: 1.4]
      [SATB Filtering (ms): Min: 0.0, Avg: 0.0, Max: 0.0, Diff: 0.0, Sum: 0.0]
      [Update RS (ms): Min: 16.5, Avg: 16.6, Max: 16.8, Diff: 0.3, Sum: 66.4]
         [Processed Buffers: Min: 23, Avg: 23.5, Max: 25, Diff: 2, Sum: 94]
      [Scan RS (ms): Min: 0.7, Avg: 0.8, Max: 0.9, Diff: 0.2, Sum: 3.2]
      [Code Root Scanning (ms): Min: 0.1, Avg: 0.1, Max: 0.1, Diff: 0.0, Sum: 0.4]
      [Object Copy (ms): Min: 10.5, Avg: 10.6, Max: 10.6, Diff: 0.1, Sum: 42.2]
      [Termination (ms): Min: 0.0, Avg: 0.0, Max: 0.0, Diff: 0.0, Sum: 0.0]
      [GC Worker Other (ms): Min: 0.0, Avg: 0.1, Max: 0.1, Diff: 0.1, Sum: 0.2]
      [GC Worker Total (ms): Min: 28.4, Avg: 28.5, Max: 28.5, Diff: 0.1, Sum: 113.9]
      [GC Worker End (ms): Min: 106019.0, Avg: 106019.1, Max: 106019.1, Diff: 0.1]
   [Code Root Fixup: 0.0 ms]
   [Code Root Migration: 0.2 ms]
   [Clear CT: 0.4 ms]
   [Other: 110.8 ms]
      [Choose CSet: 0.0 ms]
      [Ref Proc: 103.6 ms]
      [Ref Enq: 5.3 ms]
      [Free CSet: 1.9 ms]
   [Eden: 1698.0M(1698.0M)->0.0B(1706.0M) Survivors: 22.0M->14.0M Heap: 3662.1M(4096.0M)->1955.6M(4096.0M)]
 [Times: user=0.54 sys=0.00, real=0.14 secs] 
2016-01-06T00:57:50.282-0800: 106.403: [GC pause (young)
Desired survivor size 112721920 bytes, new threshold 15 (max 15)
- age   1:   12494512 bytes,   12494512 total
- age   2:      36864 bytes,   12531376 total
2016-01-06T00:57:50.438-0800: 106.559: [SoftReference, 0 refs, 0.0004200 secs]2016-01-06T00:57:50.439-0800: 106.560: [WeakReference, 0 refs, 0.0003680 secs]2016-01-06T00:57:50.439-0800: 106.560: [FinalReference, 0 refs, 0.0002410 secs]2016-01-06T00:57:50.439-0800: 106.560: [PhantomReference, 0 refs, 53393 refs, 0.0016380 secs]2016-01-06T00:57:50.441-0800: 106.562: [JNI Weak Reference, 0.0000120 secs], 0.1656050 secs]
   [Parallel Time: 34.9 ms, GC Workers: 4]
      [GC Worker Start (ms): Min: 106402.8, Avg: 106404.6, Max: 106410.1, Diff: 7.3]
      [Ext Root Scanning (ms): Min: 0.0, Avg: 0.4, Max: 0.5, Diff: 0.5, Sum: 1.4]
      [SATB Filtering (ms): Min: 0.0, Avg: 0.0, Max: 0.0, Diff: 0.0, Sum: 0.0]
      [Update RS (ms): Min: 15.9, Avg: 20.7, Max: 22.4, Diff: 6.6, Sum: 82.9]
         [Processed Buffers: Min: 24, Avg: 29.5, Max: 32, Diff: 8, Sum: 118]
      [Scan RS (ms): Min: 0.6, Avg: 0.8, Max: 0.9, Diff: 0.3, Sum: 3.3]
      [Code Root Scanning (ms): Min: 0.1, Avg: 0.1, Max: 0.1, Diff: 0.0, Sum: 0.3]
      [Object Copy (ms): Min: 10.9, Avg: 10.9, Max: 10.9, Diff: 0.1, Sum: 43.7]
      [Termination (ms): Min: 0.0, Avg: 0.0, Max: 0.0, Diff: 0.0, Sum: 0.0]
      [GC Worker Other (ms): Min: 0.0, Avg: 0.1, Max: 0.1, Diff: 0.1, Sum: 0.2]
      [GC Worker Total (ms): Min: 27.6, Avg: 33.0, Max: 34.8, Diff: 7.2, Sum: 131.9]
      [GC Worker End (ms): Min: 106437.6, Avg: 106437.6, Max: 106437.6, Diff: 0.1]
   [Code Root Fixup: 0.0 ms]
   [Code Root Migration: 0.2 ms]
   [Clear CT: 0.4 ms]
   [Other: 130.1 ms]
      [Choose CSet: 0.0 ms]
      [Ref Proc: 124.3 ms]
      [Ref Enq: 3.9 ms]
      [Free CSet: 1.8 ms]
   [Eden: 1706.0M(1706.0M)->0.0B(1698.0M) Survivors: 14.0M->22.0M Heap: 3661.6M(4096.0M)->1964.1M(4096.0M)]
 [Times: user=0.62 sys=0.00, real=0.17 secs] 
2016-01-06T00:57:50.703-0800: 106.824: [GC pause (young)
Desired survivor size 112721920 bytes, new threshold 15 (max 15)
- age   1:   20654704 bytes,   20654704 total
- age   2:      36864 bytes,   20691568 total
2016-01-06T00:57:50.869-0800: 106.990: [SoftReference, 0 refs, 0.0004060 secs]2016-01-06T00:57:50.870-0800: 106.991: [WeakReference, 0 refs, 0.0003650 secs]2016-01-06T00:57:50.870-0800: 106.991: [FinalReference, 0 refs, 0.0003210 secs]2016-01-06T00:57:50.870-0800: 106.991: [PhantomReference, 0 refs, 53147 refs, 0.0013090 secs]2016-01-06T00:57:50.872-0800: 106.993: [JNI Weak Reference, 0.0000160 secs], 0.1768450 secs]
   [Parallel Time: 28.3 ms, GC Workers: 4]
      [GC Worker Start (ms): Min: 106823.9, Avg: 106824.0, Max: 106824.0, Diff: 0.1]
      [Ext Root Scanning (ms): Min: 0.3, Avg: 0.4, Max: 0.4, Diff: 0.1, Sum: 1.4]
      [SATB Filtering (ms): Min: 0.0, Avg: 0.0, Max: 0.0, Diff: 0.0, Sum: 0.0]
      [Update RS (ms): Min: 15.7, Avg: 16.1, Max: 16.4, Diff: 0.7, Sum: 64.3]
         [Processed Buffers: Min: 21, Avg: 22.0, Max: 23, Diff: 2, Sum: 88]
      [Scan RS (ms): Min: 0.5, Avg: 0.8, Max: 1.2, Diff: 0.6, Sum: 3.3]
      [Code Root Scanning (ms): Min: 0.0, Avg: 0.1, Max: 0.1, Diff: 0.1, Sum: 0.3]
      [Object Copy (ms): Min: 10.8, Avg: 10.8, Max: 10.8, Diff: 0.1, Sum: 43.2]
      [Termination (ms): Min: 0.0, Avg: 0.0, Max: 0.0, Diff: 0.0, Sum: 0.0]
      [GC Worker Other (ms): Min: 0.0, Avg: 0.1, Max: 0.1, Diff: 0.1, Sum: 0.2]
      [GC Worker Total (ms): Min: 28.2, Avg: 28.2, Max: 28.2, Diff: 0.1, Sum: 112.8]
      [GC Worker End (ms): Min: 106852.1, Avg: 106852.2, Max: 106852.2, Diff: 0.1]
   [Code Root Fixup: 0.0 ms]
   [Code Root Migration: 0.3 ms]
   [Clear CT: 0.5 ms]
   [Other: 147.8 ms]
      [Choose CSet: 0.0 ms]
      [Ref Proc: 140.5 ms]
      [Ref Enq: 5.3 ms]
      [Free CSet: 1.9 ms]
   [Eden: 1698.0M(1698.0M)->0.0B(1698.0M) Survivors: 22.0M->22.0M Heap: 3662.1M(4096.0M)->1964.1M(4096.0M)]
 [Times: user=0.67 sys=0.00, real=0.18 secs] 
2016-01-06T00:57:51.121-0800: 107.242: [GC pause (young)
Desired survivor size 112721920 bytes, new threshold 15 (max 15)
- age   1:   20636848 bytes,   20636848 total
- age   2:      36864 bytes,   20673712 total
2016-01-06T00:57:51.316-0800: 107.437: [SoftReference, 0 refs, 0.0004420 secs]2016-01-06T00:57:51.317-0800: 107.438: [WeakReference, 0 refs, 0.0002810 secs]2016-01-06T00:57:51.317-0800: 107.438: [FinalReference, 0 refs, 0.0003430 secs]2016-01-06T00:57:51.317-0800: 107.438: [PhantomReference, 0 refs, 53147 refs, 0.0016820 secs]2016-01-06T00:57:51.319-0800: 107.440: [JNI Weak Reference, 0.0000130 secs], 0.2052860 secs]
   [Parallel Time: 37.4 ms, GC Workers: 4]
      [GC Worker Start (ms): Min: 107241.7, Avg: 107242.1, Max: 107243.5, Diff: 1.8]
      [Ext Root Scanning (ms): Min: 0.0, Avg: 0.4, Max: 0.6, Diff: 0.6, Sum: 1.5]
      [SATB Filtering (ms): Min: 0.0, Avg: 0.0, Max: 0.0, Diff: 0.0, Sum: 0.0]
      [Update RS (ms): Min: 23.2, Avg: 24.3, Max: 24.8, Diff: 1.6, Sum: 97.0]
         [Processed Buffers: Min: 24, Avg: 31.0, Max: 35, Diff: 11, Sum: 124]
      [Scan RS (ms): Min: 0.7, Avg: 0.8, Max: 0.9, Diff: 0.2, Sum: 3.4]
      [Code Root Scanning (ms): Min: 0.0, Avg: 0.1, Max: 0.1, Diff: 0.1, Sum: 0.3]
      [Object Copy (ms): Min: 11.1, Avg: 11.2, Max: 11.2, Diff: 0.1, Sum: 44.7]
      [Termination (ms): Min: 0.0, Avg: 0.0, Max: 0.0, Diff: 0.0, Sum: 0.0]
      [GC Worker Other (ms): Min: 0.0, Avg: 0.1, Max: 0.1, Diff: 0.0, Sum: 0.2]
      [GC Worker Total (ms): Min: 35.4, Avg: 36.8, Max: 37.3, Diff: 1.9, Sum: 147.2]
      [GC Worker End (ms): Min: 107278.9, Avg: 107278.9, Max: 107279.0, Diff: 0.0]
   [Code Root Fixup: 0.0 ms]
   [Code Root Migration: 0.2 ms]
   [Clear CT: 0.4 ms]
   [Other: 167.3 ms]
      [Choose CSet: 0.0 ms]
      [Ref Proc: 161.1 ms]
      [Ref Enq: 4.0 ms]
      [Free CSet: 2.2 ms]
   [Eden: 1698.0M(1698.0M)->0.0B(1698.0M) Survivors: 22.0M->22.0M Heap: 3662.1M(4096.0M)->1963.6M(4096.0M)]
 [Times: user=0.75 sys=0.00, real=0.21 secs] 
2016-01-06T00:57:51.580-0800: 107.701: [GC pause (young)
Desired survivor size 112721920 bytes, new threshold 15 (max 15)
- age   1:   20636848 bytes,   20636848 total
- age   2:      36864 bytes,   20673712 total
2016-01-06T00:57:51.769-0800: 107.890: [SoftReference, 0 refs, 0.0004430 secs]2016-01-06T00:57:51.770-0800: 107.891: [WeakReference, 0 refs, 0.0002980 secs]2016-01-06T00:57:51.770-0800: 107.891: [FinalReference, 0 refs, 0.0003000 secs]2016-01-06T00:57:51.770-0800: 107.891: [PhantomReference, 0 refs, 53148 refs, 0.0013160 secs]2016-01-06T00:57:51.772-0800: 107.893: [JNI Weak Reference, 0.0000100 secs], 0.1992370 secs]
   [Parallel Time: 22.0 ms, GC Workers: 4]
      [GC Worker Start (ms): Min: 107701.4, Avg: 107701.6, Max: 107701.9, Diff: 0.5]
      [Ext Root Scanning (ms): Min: 0.0, Avg: 1.3, Max: 4.4, Diff: 4.4, Sum: 5.3]
      [SATB Filtering (ms): Min: 0.0, Avg: 0.0, Max: 0.0, Diff: 0.0, Sum: 0.0]
      [Update RS (ms): Min: 6.3, Avg: 9.0, Max: 10.1, Diff: 3.8, Sum: 36.0]
         [Processed Buffers: Min: 9, Avg: 15.2, Max: 21, Diff: 12, Sum: 61]
      [Scan RS (ms): Min: 0.5, Avg: 0.7, Max: 0.9, Diff: 0.5, Sum: 2.9]
      [Code Root Scanning (ms): Min: 0.0, Avg: 0.1, Max: 0.1, Diff: 0.1, Sum: 0.3]
      [Object Copy (ms): Min: 10.6, Avg: 10.6, Max: 10.6, Diff: 0.0, Sum: 42.4]
      [Termination (ms): Min: 0.0, Avg: 0.0, Max: 0.0, Diff: 0.0, Sum: 0.0]
      [GC Worker Other (ms): Min: 0.0, Avg: 0.1, Max: 0.1, Diff: 0.1, Sum: 0.3]
      [GC Worker Total (ms): Min: 21.5, Avg: 21.8, Max: 21.9, Diff: 0.4, Sum: 87.3]
      [GC Worker End (ms): Min: 107723.3, Avg: 107723.4, Max: 107723.4, Diff: 0.1]
   [Code Root Fixup: 0.0 ms]
   [Code Root Migration: 0.3 ms]
   [Clear CT: 0.5 ms]
   [Other: 176.5 ms]
      [Choose CSet: 0.0 ms]
      [Ref Proc: 169.2 ms]
      [Ref Enq: 5.3 ms]
      [Free CSet: 1.8 ms]
   [Eden: 1698.0M(1698.0M)->0.0B(1698.0M) Survivors: 22.0M->22.0M Heap: 3661.6M(4096.0M)->1964.1M(4096.0M)]
 [Times: user=0.71 sys=0.00, real=0.20 secs] 
2016-01-06T00:57:52.022-0800: 108.143: [GC pause (young)
Desired survivor size 112721920 bytes, new threshold 15 (max 15)
- age   1:   20636848 bytes,   20636848 total
- age   2:      36864 bytes,   20673712 total
2016-01-06T00:57:52.190-0800: 108.311: [SoftReference, 0 refs, 0.0004920 secs]2016-01-06T00:57:52.190-0800: 108.311: [WeakReference, 0 refs, 0.0002450 secs]2016-01-06T00:57:52.191-0800: 108.311: [FinalReference, 0 refs, 0.0002470 secs]2016-01-06T00:57:52.191-0800: 108.312: [PhantomReference, 0 refs, 53148 refs, 0.0016630 secs]2016-01-06T00:57:52.192-0800: 108.313: [JNI Weak Reference, 0.0000100 secs], 0.1786390 secs]
   [Parallel Time: 12.1 ms, GC Workers: 4]
      [GC Worker Start (ms): Min: 108143.2, Avg: 108143.3, Max: 108143.3, Diff: 0.1]
      [Ext Root Scanning (ms): Min: 0.3, Avg: 0.4, Max: 0.4, Diff: 0.1, Sum: 1.4]
      [SATB Filtering (ms): Min: 0.0, Avg: 0.0, Max: 0.0, Diff: 0.0, Sum: 0.0]
      [Update RS (ms): Min: 0.0, Avg: 0.1, Max: 0.3, Diff: 0.3, Sum: 0.3]
         [Processed Buffers: Min: 0, Avg: 1.2, Max: 3, Diff: 3, Sum: 5]
      [Scan RS (ms): Min: 0.7, Avg: 0.8, Max: 0.9, Diff: 0.2, Sum: 3.2]
      [Code Root Scanning (ms): Min: 0.1, Avg: 0.1, Max: 0.1, Diff: 0.0, Sum: 0.3]
      [Object Copy (ms): Min: 10.6, Avg: 10.6, Max: 10.7, Diff: 0.1, Sum: 42.4]
      [Termination (ms): Min: 0.0, Avg: 0.0, Max: 0.0, Diff: 0.0, Sum: 0.0]
      [GC Worker Other (ms): Min: 0.0, Avg: 0.1, Max: 0.1, Diff: 0.1, Sum: 0.2]
      [GC Worker Total (ms): Min: 12.0, Avg: 12.0, Max: 12.0, Diff: 0.1, Sum: 48.0]
      [GC Worker End (ms): Min: 108155.2, Avg: 108155.2, Max: 108155.3, Diff: 0.1]
   [Code Root Fixup: 0.0 ms]
   [Code Root Migration: 0.3 ms]
   [Clear CT: 0.5 ms]
   [Other: 165.8 ms]
      [Choose CSet: 0.0 ms]
      [Ref Proc: 158.1 ms]
      [Ref Enq: 5.3 ms]
      [Free CSet: 2.4 ms]
   [Eden: 1698.0M(1698.0M)->0.0B(1698.0M) Survivors: 22.0M->22.0M Heap: 3662.1M(4096.0M)->1963.6M(4096.0M)]
 [Times: user=0.66 sys=0.00, real=0.18 secs] 
2016-01-06T00:57:52.453-0800: 108.573: [GC pause (young)
Desired survivor size 112721920 bytes, new threshold 15 (max 15)
- age   1:   20636848 bytes,   20636848 total
- age   2:      36864 bytes,   20673712 total
2016-01-06T00:57:52.641-0800: 108.762: [SoftReference, 0 refs, 0.0006160 secs]2016-01-06T00:57:52.642-0800: 108.763: [WeakReference, 0 refs, 0.0003110 secs]2016-01-06T00:57:52.642-0800: 108.763: [FinalReference, 0 refs, 0.0002310 secs]2016-01-06T00:57:52.643-0800: 108.763: [PhantomReference, 0 refs, 53146 refs, 0.0018500 secs]2016-01-06T00:57:52.644-0800: 108.765: [JNI Weak Reference, 0.0000090 secs], 0.1997200 secs]
   [Parallel Time: 31.2 ms, GC Workers: 4]
      [GC Worker Start (ms): Min: 108573.5, Avg: 108573.6, Max: 108573.9, Diff: 0.4]
      [Ext Root Scanning (ms): Min: 0.0, Avg: 0.3, Max: 0.5, Diff: 0.5, Sum: 1.3]
      [SATB Filtering (ms): Min: 0.0, Avg: 0.0, Max: 0.0, Diff: 0.0, Sum: 0.0]
      [Update RS (ms): Min: 19.5, Avg: 19.6, Max: 19.7, Diff: 0.1, Sum: 78.4]
         [Processed Buffers: Min: 28, Avg: 28.5, Max: 30, Diff: 2, Sum: 114]
      [Scan RS (ms): Min: 0.7, Avg: 0.8, Max: 0.9, Diff: 0.2, Sum: 3.2]
      [Code Root Scanning (ms): Min: 0.1, Avg: 0.1, Max: 0.1, Diff: 0.0, Sum: 0.4]
      [Object Copy (ms): Min: 10.1, Avg: 10.1, Max: 10.2, Diff: 0.1, Sum: 40.6]
      [Termination (ms): Min: 0.0, Avg: 0.0, Max: 0.0, Diff: 0.0, Sum: 0.0]
      [GC Worker Other (ms): Min: 0.0, Avg: 0.1, Max: 0.1, Diff: 0.1, Sum: 0.3]
      [GC Worker Total (ms): Min: 30.8, Avg: 31.0, Max: 31.2, Diff: 0.4, Sum: 124.1]
      [GC Worker End (ms): Min: 108604.6, Avg: 108604.6, Max: 108604.7, Diff: 0.1]
   [Code Root Fixup: 0.0 ms]
   [Code Root Migration: 0.3 ms]
   [Clear CT: 0.5 ms]
   [Other: 167.8 ms]
      [Choose CSet: 0.0 ms]
      [Ref Proc: 160.6 ms]
      [Ref Enq: 5.2 ms]
      [Free CSet: 1.8 ms]
   [Eden: 1698.0M(1698.0M)->0.0B(1698.0M) Survivors: 22.0M->22.0M Heap: 3661.6M(4096.0M)->1964.1M(4096.0M)]
 [Times: user=0.76 sys=0.01, real=0.20 secs] 
2016-01-06T00:57:52.897-0800: 109.018: [GC pause (young)
Desired survivor size 112721920 bytes, new threshold 15 (max 15)
- age   1:   20636848 bytes,   20636848 total
- age   2:      36864 bytes,   20673712 total
2016-01-06T00:57:53.093-0800: 109.214: [SoftReference, 0 refs, 0.0005660 secs]2016-01-06T00:57:53.093-0800: 109.214: [WeakReference, 0 refs, 0.0002320 secs]2016-01-06T00:57:53.093-0800: 109.214: [FinalReference, 0 refs, 0.0002360 secs]2016-01-06T00:57:53.094-0800: 109.215: [PhantomReference, 0 refs, 53147 refs, 0.0015730 secs]2016-01-06T00:57:53.095-0800: 109.216: [JNI Weak Reference, 0.0000110 secs], 0.2043850 secs]
   [Parallel Time: 28.9 ms, GC Workers: 4]
      [GC Worker Start (ms): Min: 109018.4, Avg: 109018.4, Max: 109018.5, Diff: 0.1]
      [Ext Root Scanning (ms): Min: 0.4, Avg: 0.6, Max: 1.3, Diff: 0.9, Sum: 2.5]
      [SATB Filtering (ms): Min: 0.0, Avg: 0.0, Max: 0.0, Diff: 0.0, Sum: 0.0]
      [Update RS (ms): Min: 16.0, Avg: 16.6, Max: 17.0, Diff: 1.0, Sum: 66.5]
         [Processed Buffers: Min: 24, Avg: 24.8, Max: 27, Diff: 3, Sum: 99]
      [Scan RS (ms): Min: 0.7, Avg: 0.7, Max: 0.8, Diff: 0.1, Sum: 3.0]
      [Code Root Scanning (ms): Min: 0.1, Avg: 0.1, Max: 0.1, Diff: 0.0, Sum: 0.4]
      [Object Copy (ms): Min: 10.6, Avg: 10.7, Max: 10.7, Diff: 0.1, Sum: 42.7]
      [Termination (ms): Min: 0.0, Avg: 0.0, Max: 0.0, Diff: 0.0, Sum: 0.0]
      [GC Worker Other (ms): Min: 0.0, Avg: 0.1, Max: 0.1, Diff: 0.1, Sum: 0.2]
      [GC Worker Total (ms): Min: 28.8, Avg: 28.8, Max: 28.8, Diff: 0.0, Sum: 115.3]
      [GC Worker End (ms): Min: 109047.2, Avg: 109047.3, Max: 109047.3, Diff: 0.1]
   [Code Root Fixup: 0.0 ms]
   [Code Root Migration: 0.2 ms]
   [Clear CT: 0.4 ms]
   [Other: 174.8 ms]
      [Choose CSet: 0.0 ms]
      [Ref Proc: 168.9 ms]
      [Ref Enq: 3.9 ms]
      [Free CSet: 1.9 ms]
   [Eden: 1698.0M(1698.0M)->0.0B(188.0M) Survivors: 22.0M->16.0M Heap: 3662.1M(4096.0M)->1958.1M(4096.0M)]
 [Times: user=0.79 sys=0.00, real=0.20 secs] 
2016-01-06T00:57:53.130-0800: 109.251: [GC pause (young)
Desired survivor size 13631488 bytes, new threshold 1 (max 15)
- age   1:   14924080 bytes,   14924080 total
- age   2:      36864 bytes,   14960944 total
2016-01-06T00:57:53.299-0800: 109.419: [SoftReference, 0 refs, 0.0004220 secs]2016-01-06T00:57:53.313-0800: 109.434: [WeakReference, 0 refs, 0.0002650 secs]2016-01-06T00:57:53.313-0800: 109.434: [FinalReference, 0 refs, 0.0002500 secs]2016-01-06T00:57:53.313-0800: 109.434: [PhantomReference, 0 refs, 6338 refs, 0.0005710 secs]2016-01-06T00:57:53.314-0800: 109.435: [JNI Weak Reference, 0.0000100 secs], 0.1852220 secs]
   [Parallel Time: 4.9 ms, GC Workers: 4]
      [GC Worker Start (ms): Min: 109250.7, Avg: 109251.8, Max: 109255.2, Diff: 4.6]
      [Ext Root Scanning (ms): Min: 0.0, Avg: 0.4, Max: 0.5, Diff: 0.5, Sum: 1.5]
      [SATB Filtering (ms): Min: 0.0, Avg: 0.0, Max: 0.0, Diff: 0.0, Sum: 0.0]
      [Update RS (ms): Min: 0.0, Avg: 0.9, Max: 1.4, Diff: 1.4, Sum: 3.7]
         [Processed Buffers: Min: 0, Avg: 2.2, Max: 3, Diff: 3, Sum: 9]
      [Scan RS (ms): Min: 0.0, Avg: 0.1, Max: 0.3, Diff: 0.3, Sum: 0.3]
      [Code Root Scanning (ms): Min: 0.0, Avg: 0.0, Max: 0.0, Diff: 0.0, Sum: 0.0]
      [Object Copy (ms): Min: 0.0, Avg: 1.9, Max: 2.7, Diff: 2.7, Sum: 7.7]
      [Termination (ms): Min: 0.0, Avg: 0.2, Max: 0.2, Diff: 0.2, Sum: 0.6]
      [GC Worker Other (ms): Min: 0.0, Avg: 0.0, Max: 0.0, Diff: 0.0, Sum: 0.0]
      [GC Worker Total (ms): Min: 0.1, Avg: 3.5, Max: 4.6, Diff: 4.6, Sum: 13.9]
      [GC Worker End (ms): Min: 109255.3, Avg: 109255.3, Max: 109255.3, Diff: 0.0]
   [Code Root Fixup: 0.0 ms]
   [Code Root Migration: 0.0 ms]
   [Clear CT: 0.1 ms]
   [Other: 180.2 ms]
      [Choose CSet: 0.0 ms]
      [Ref Proc: 179.3 ms]
      [Ref Enq: 0.5 ms]
      [Free CSet: 0.3 ms]
   [Eden: 188.0M(188.0M)->0.0B(186.0M) Survivors: 16.0M->18.0M Heap: 2146.1M(4096.0M)->1960.2M(4096.0M)]
 [Times: user=0.64 sys=0.00, real=0.18 secs] 
2016-01-06T00:57:53.341-0800: 109.462: [GC pause (young)
Desired survivor size 13631488 bytes, new threshold 1 (max 15)
- age   1:   17266528 bytes,   17266528 total
2016-01-06T00:57:53.520-0800: 109.641: [SoftReference, 0 refs, 0.0005270 secs]2016-01-06T00:57:53.520-0800: 109.641: [WeakReference, 0 refs, 0.0002250 secs]2016-01-06T00:57:53.520-0800: 109.641: [FinalReference, 0 refs, 0.0002630 secs]2016-01-06T00:57:53.521-0800: 109.642: [PhantomReference, 0 refs, 6276 refs, 0.0007200 secs]2016-01-06T00:57:53.521-0800: 109.642: [JNI Weak Reference, 0.0000090 secs], 0.1812620 secs]
   [Parallel Time: 8.4 ms, GC Workers: 4]
      [GC Worker Start (ms): Min: 109462.2, Avg: 109462.2, Max: 109462.3, Diff: 0.1]
      [Ext Root Scanning (ms): Min: 0.3, Avg: 0.3, Max: 0.4, Diff: 0.1, Sum: 1.4]
      [SATB Filtering (ms): Min: 0.0, Avg: 0.0, Max: 0.0, Diff: 0.0, Sum: 0.0]
      [Update RS (ms): Min: 5.2, Avg: 5.5, Max: 5.6, Diff: 0.4, Sum: 21.9]
         [Processed Buffers: Min: 8, Avg: 8.8, Max: 11, Diff: 3, Sum: 35]
      [Scan RS (ms): Min: 0.0, Avg: 0.1, Max: 0.3, Diff: 0.3, Sum: 0.3]
      [Code Root Scanning (ms): Min: 0.0, Avg: 0.0, Max: 0.0, Diff: 0.0, Sum: 0.0]
      [Object Copy (ms): Min: 2.2, Avg: 2.3, Max: 2.4, Diff: 0.2, Sum: 9.2]
      [Termination (ms): Min: 0.0, Avg: 0.0, Max: 0.0, Diff: 0.0, Sum: 0.0]
      [GC Worker Other (ms): Min: 0.0, Avg: 0.0, Max: 0.0, Diff: 0.0, Sum: 0.1]
      [GC Worker Total (ms): Min: 8.2, Avg: 8.2, Max: 8.3, Diff: 0.1, Sum: 32.9]
      [GC Worker End (ms): Min: 109470.4, Avg: 109470.5, Max: 109470.5, Diff: 0.0]
   [Code Root Fixup: 0.0 ms]
   [Code Root Migration: 0.0 ms]
   [Clear CT: 0.1 ms]
   [Other: 172.7 ms]
      [Choose CSet: 0.0 ms]
      [Ref Proc: 171.8 ms]
      [Ref Enq: 0.5 ms]
      [Free CSet: 0.3 ms]
   [Eden: 186.0M(186.0M)->0.0B(825.0M) Survivors: 18.0M->18.0M Heap: 2146.2M(4096.0M)->1960.2M(4096.0M)]
 [Times: user=0.71 sys=0.00, real=0.18 secs] 
2016-01-06T00:57:53.648-0800: 109.769: [GC pause (young)
Desired survivor size 55574528 bytes, new threshold 15 (max 15)
- age   1:   17262064 bytes,   17262064 total
2016-01-06T00:57:53.862-0800: 109.983: [SoftReference, 0 refs, 0.0004090 secs]2016-01-06T00:57:53.862-0800: 109.983: [WeakReference, 0 refs, 0.0002370 secs]2016-01-06T00:57:53.862-0800: 109.983: [FinalReference, 0 refs, 0.0003870 secs]2016-01-06T00:57:53.863-0800: 109.984: [PhantomReference, 0 refs, 26083 refs, 0.0011520 secs]2016-01-06T00:57:53.864-0800: 109.985: [JNI Weak Reference, 0.0000110 secs], 0.2199380 secs]
   [Parallel Time: 28.1 ms, GC Workers: 4]
      [GC Worker Start (ms): Min: 109768.8, Avg: 109768.9, Max: 109768.9, Diff: 0.1]
      [Ext Root Scanning (ms): Min: 0.3, Avg: 0.4, Max: 0.4, Diff: 0.1, Sum: 1.5]
      [SATB Filtering (ms): Min: 0.0, Avg: 0.0, Max: 0.0, Diff: 0.0, Sum: 0.0]
      [Update RS (ms): Min: 21.4, Avg: 21.7, Max: 21.8, Diff: 0.4, Sum: 86.8]
         [Processed Buffers: Min: 28, Avg: 29.8, Max: 31, Diff: 3, Sum: 119]
      [Scan RS (ms): Min: 0.3, Avg: 0.4, Max: 0.6, Diff: 0.3, Sum: 1.4]
      [Code Root Scanning (ms): Min: 0.0, Avg: 0.0, Max: 0.1, Diff: 0.1, Sum: 0.2]
      [Object Copy (ms): Min: 5.4, Avg: 5.4, Max: 5.5, Diff: 0.0, Sum: 21.8]
      [Termination (ms): Min: 0.0, Avg: 0.0, Max: 0.0, Diff: 0.0, Sum: 0.0]
      [GC Worker Other (ms): Min: 0.0, Avg: 0.0, Max: 0.1, Diff: 0.0, Sum: 0.2]
      [GC Worker Total (ms): Min: 27.9, Avg: 28.0, Max: 28.0, Diff: 0.0, Sum: 111.8]
      [GC Worker End (ms): Min: 109796.8, Avg: 109796.8, Max: 109796.8, Diff: 0.1]
   [Code Root Fixup: 0.0 ms]
   [Code Root Migration: 0.1 ms]
   [Clear CT: 0.3 ms]
   [Other: 191.5 ms]
      [Choose CSet: 0.0 ms]
      [Ref Proc: 187.9 ms]
      [Ref Enq: 2.4 ms]
      [Free CSet: 1.1 ms]
   [Eden: 825.0M(825.0M)->0.0B(184.0M) Survivors: 18.0M->20.0M Heap: 2785.2M(4096.0M)->1962.2M(4096.0M)]
 [Times: user=0.79 sys=0.00, real=0.22 secs] 
2016-01-06T00:57:53.895-0800: 110.016: [GC pause (young)
Desired survivor size 13631488 bytes, new threshold 1 (max 15)
- age   1:   18688312 bytes,   18688312 total
- age   2:      36864 bytes,   18725176 total
2016-01-06T00:57:54.081-0800: 110.201: [SoftReference, 0 refs, 0.0004400 secs]2016-01-06T00:57:54.081-0800: 110.202: [WeakReference, 0 refs, 0.0003420 secs]2016-01-06T00:57:54.081-0800: 110.202: [FinalReference, 0 refs, 0.0002890 secs]2016-01-06T00:57:54.082-0800: 110.203: [PhantomReference, 0 refs, 6212 refs, 0.0006200 secs]2016-01-06T00:57:54.082-0800: 110.203: [JNI Weak Reference, 0.0000080 secs], 0.1882530 secs]
   [Parallel Time: 7.5 ms, GC Workers: 4]
      [GC Worker Start (ms): Min: 110016.1, Avg: 110016.2, Max: 110016.2, Diff: 0.1]
      [Ext Root Scanning (ms): Min: 0.3, Avg: 0.4, Max: 0.4, Diff: 0.1, Sum: 1.4]
      [SATB Filtering (ms): Min: 0.0, Avg: 0.0, Max: 0.0, Diff: 0.0, Sum: 0.0]
      [Update RS (ms): Min: 4.5, Avg: 4.7, Max: 4.9, Diff: 0.4, Sum: 19.0]
         [Processed Buffers: Min: 6, Avg: 7.5, Max: 9, Diff: 3, Sum: 30]
      [Scan RS (ms): Min: 0.0, Avg: 0.1, Max: 0.2, Diff: 0.2, Sum: 0.3]
      [Code Root Scanning (ms): Min: 0.0, Avg: 0.0, Max: 0.0, Diff: 0.0, Sum: 0.1]
      [Object Copy (ms): Min: 2.1, Avg: 2.2, Max: 2.3, Diff: 0.2, Sum: 8.8]
      [Termination (ms): Min: 0.0, Avg: 0.0, Max: 0.0, Diff: 0.0, Sum: 0.0]
      [GC Worker Other (ms): Min: 0.0, Avg: 0.0, Max: 0.0, Diff: 0.0, Sum: 0.1]
      [GC Worker Total (ms): Min: 7.4, Avg: 7.4, Max: 7.4, Diff: 0.1, Sum: 29.6]
      [GC Worker End (ms): Min: 110023.6, Avg: 110023.6, Max: 110023.6, Diff: 0.0]
   [Code Root Fixup: 0.0 ms]
   [Code Root Migration: 0.0 ms]
   [Clear CT: 0.1 ms]
   [Other: 180.6 ms]
      [Choose CSet: 0.0 ms]
      [Ref Proc: 179.6 ms]
      [Ref Enq: 0.5 ms]
      [Free CSet: 0.3 ms]
   [Eden: 184.0M(184.0M)->0.0B(186.0M) Survivors: 20.0M->18.0M Heap: 2146.2M(4096.0M)->1960.2M(4096.0M)]
 [Times: user=0.73 sys=0.00, real=0.19 secs] 
2016-01-06T00:57:54.110-0800: 110.231: [GC pause (young)
Desired survivor size 13631488 bytes, new threshold 1 (max 15)
- age   1:   17257600 bytes,   17257600 total
2016-01-06T00:57:54.301-0800: 110.422: [SoftReference, 0 refs, 0.0004550 secs]2016-01-06T00:57:54.301-0800: 110.422: [WeakReference, 0 refs, 0.0002600 secs]2016-01-06T00:57:54.301-0800: 110.422: [FinalReference, 0 refs, 0.0002280 secs]2016-01-06T00:57:54.302-0800: 110.423: [PhantomReference, 0 refs, 6275 refs, 0.0005980 secs]2016-01-06T00:57:54.302-0800: 110.423: [JNI Weak Reference, 0.0000080 secs], 0.1936640 secs]
   [Parallel Time: 7.7 ms, GC Workers: 4]
      [GC Worker Start (ms): Min: 110230.7, Avg: 110230.8, Max: 110230.8, Diff: 0.1]
      [Ext Root Scanning (ms): Min: 0.3, Avg: 0.4, Max: 0.4, Diff: 0.1, Sum: 1.4]
      [SATB Filtering (ms): Min: 0.0, Avg: 0.0, Max: 0.0, Diff: 0.0, Sum: 0.0]
      [Update RS (ms): Min: 4.6, Avg: 4.8, Max: 5.1, Diff: 0.5, Sum: 19.2]
         [Processed Buffers: Min: 7, Avg: 8.0, Max: 9, Diff: 2, Sum: 32]
      [Scan RS (ms): Min: 0.0, Avg: 0.1, Max: 0.2, Diff: 0.2, Sum: 0.3]
      [Code Root Scanning (ms): Min: 0.0, Avg: 0.0, Max: 0.0, Diff: 0.0, Sum: 0.0]
      [Object Copy (ms): Min: 2.1, Avg: 2.3, Max: 2.4, Diff: 0.3, Sum: 9.2]
      [Termination (ms): Min: 0.0, Avg: 0.0, Max: 0.0, Diff: 0.0, Sum: 0.0]
      [GC Worker Other (ms): Min: 0.0, Avg: 0.0, Max: 0.1, Diff: 0.0, Sum: 0.1]
      [GC Worker Total (ms): Min: 7.5, Avg: 7.6, Max: 7.6, Diff: 0.1, Sum: 30.3]
      [GC Worker End (ms): Min: 110238.3, Avg: 110238.3, Max: 110238.4, Diff: 0.1]
   [Code Root Fixup: 0.0 ms]
   [Code Root Migration: 0.0 ms]
   [Clear CT: 0.1 ms]
   [Other: 185.8 ms]
      [Choose CSet: 0.0 ms]
      [Ref Proc: 184.8 ms]
      [Ref Enq: 0.6 ms]
      [Free CSet: 0.3 ms]
   [Eden: 186.0M(186.0M)->0.0B(186.0M) Survivors: 18.0M->18.0M Heap: 2146.2M(4096.0M)->1960.3M(4096.0M)]
 [Times: user=0.73 sys=0.00, real=0.19 secs] 
2016-01-06T00:57:54.333-0800: 110.454: [GC pause (young)
Desired survivor size 13631488 bytes, new threshold 1 (max 15)
- age   1:   17262064 bytes,   17262064 total
2016-01-06T00:57:54.525-0800: 110.646: [SoftReference, 0 refs, 0.0005320 secs]2016-01-06T00:57:54.526-0800: 110.647: [WeakReference, 0 refs, 0.0002650 secs]2016-01-06T00:57:54.526-0800: 110.647: [FinalReference, 0 refs, 0.0003410 secs]2016-01-06T00:57:54.526-0800: 110.647: [PhantomReference, 0 refs, 6276 refs, 0.0006560 secs]2016-01-06T00:57:54.527-0800: 110.648: [JNI Weak Reference, 0.0000090 secs], 0.1952370 secs]
   [Parallel Time: 7.1 ms, GC Workers: 4]
      [GC Worker Start (ms): Min: 110453.9, Avg: 110455.6, Max: 110460.8, Diff: 6.9]
      [Ext Root Scanning (ms): Min: 0.0, Avg: 0.3, Max: 0.5, Diff: 0.5, Sum: 1.3]
      [SATB Filtering (ms): Min: 0.0, Avg: 0.0, Max: 0.0, Diff: 0.0, Sum: 0.0]
      [Update RS (ms): Min: 0.0, Avg: 2.7, Max: 3.7, Diff: 3.7, Sum: 11.0]
         [Processed Buffers: Min: 0, Avg: 5.2, Max: 9, Diff: 9, Sum: 21]
      [Scan RS (ms): Min: 0.0, Avg: 0.1, Max: 0.2, Diff: 0.2, Sum: 0.4]
      [Code Root Scanning (ms): Min: 0.0, Avg: 0.0, Max: 0.0, Diff: 0.0, Sum: 0.0]
      [Object Copy (ms): Min: 0.0, Avg: 1.9, Max: 2.6, Diff: 2.6, Sum: 7.7]
      [Termination (ms): Min: 0.0, Avg: 0.1, Max: 0.2, Diff: 0.2, Sum: 0.6]
      [GC Worker Other (ms): Min: 0.0, Avg: 0.0, Max: 0.0, Diff: 0.0, Sum: 0.0]
      [GC Worker Total (ms): Min: 0.1, Avg: 5.2, Max: 7.0, Diff: 7.0, Sum: 21.0]
      [GC Worker End (ms): Min: 110460.9, Avg: 110460.9, Max: 110460.9, Diff: 0.0]
   [Code Root Fixup: 0.0 ms]
   [Code Root Migration: 0.0 ms]
   [Clear CT: 0.1 ms]
   [Other: 187.9 ms]
      [Choose CSet: 0.0 ms]
      [Ref Proc: 187.0 ms]
      [Ref Enq: 0.5 ms]
      [Free CSet: 0.3 ms]
   [Eden: 186.0M(186.0M)->0.0B(186.0M) Survivors: 18.0M->18.0M Heap: 2146.3M(4096.0M)->1960.3M(4096.0M)]
 [Times: user=0.69 sys=0.00, real=0.20 secs] 
2016-01-06T00:57:54.554-0800: 110.675: [GC pause (young)
Desired survivor size 13631488 bytes, new threshold 1 (max 15)
- age   1:   17262064 bytes,   17262064 total
2016-01-06T00:57:54.745-0800: 110.866: [SoftReference, 0 refs, 0.0017190 secs]2016-01-06T00:57:54.746-0800: 110.867: [WeakReference, 0 refs, 0.0002240 secs]2016-01-06T00:57:54.747-0800: 110.868: [FinalReference, 0 refs, 0.0002490 secs]2016-01-06T00:57:54.747-0800: 110.868: [PhantomReference, 0 refs, 6275 refs, 0.0007320 secs]2016-01-06T00:57:54.748-0800: 110.869: [JNI Weak Reference, 0.0000120 secs], 0.1944160 secs]
   [Parallel Time: 5.8 ms, GC Workers: 4]
      [GC Worker Start (ms): Min: 110675.3, Avg: 110676.0, Max: 110676.8, Diff: 1.4]
      [Ext Root Scanning (ms): Min: 0.0, Avg: 0.3, Max: 0.7, Diff: 0.7, Sum: 1.3]
      [SATB Filtering (ms): Min: 0.0, Avg: 0.0, Max: 0.0, Diff: 0.0, Sum: 0.0]
      [Update RS (ms): Min: 1.6, Avg: 2.3, Max: 2.8, Diff: 1.2, Sum: 9.3]
         [Processed Buffers: Min: 3, Avg: 4.2, Max: 6, Diff: 3, Sum: 17]
      [Scan RS (ms): Min: 0.0, Avg: 0.1, Max: 0.3, Diff: 0.3, Sum: 0.3]
      [Code Root Scanning (ms): Min: 0.0, Avg: 0.0, Max: 0.0, Diff: 0.0, Sum: 0.0]
      [Object Copy (ms): Min: 2.2, Avg: 2.3, Max: 2.3, Diff: 0.1, Sum: 9.0]
      [Termination (ms): Min: 0.0, Avg: 0.0, Max: 0.0, Diff: 0.0, Sum: 0.0]
      [GC Worker Other (ms): Min: 0.0, Avg: 0.0, Max: 0.0, Diff: 0.0, Sum: 0.1]
      [GC Worker Total (ms): Min: 4.3, Avg: 5.0, Max: 5.7, Diff: 1.4, Sum: 20.1]
      [GC Worker End (ms): Min: 110681.1, Avg: 110681.1, Max: 110681.1, Diff: 0.0]
   [Code Root Fixup: 0.0 ms]
   [Code Root Migration: 0.0 ms]
   [Clear CT: 0.2 ms]
   [Other: 188.4 ms]
      [Choose CSet: 0.0 ms]
      [Ref Proc: 187.4 ms]
      [Ref Enq: 0.6 ms]
      [Free CSet: 0.3 ms]
   [Eden: 186.0M(186.0M)->0.0B(186.0M) Survivors: 18.0M->18.0M Heap: 2146.3M(4096.0M)->1960.4M(4096.0M)]
 [Times: user=0.75 sys=0.00, real=0.20 secs] 
2016-01-06T00:57:54.775-0800: 110.896: [GC pause (young)
Desired survivor size 13631488 bytes, new threshold 1 (max 15)
- age   1:   17262064 bytes,   17262064 total
2016-01-06T00:57:54.965-0800: 111.086: [SoftReference, 0 refs, 0.0005590 secs]2016-01-06T00:57:54.965-0800: 111.086: [WeakReference, 0 refs, 0.0002710 secs]2016-01-06T00:57:54.965-0800: 111.086: [FinalReference, 0 refs, 0.0002210 secs]2016-01-06T00:57:54.966-0800: 111.087: [PhantomReference, 0 refs, 6275 refs, 0.0005740 secs]2016-01-06T00:57:54.966-0800: 111.087: [JNI Weak Reference, 0.0000080 secs], 0.1925980 secs]
   [Parallel Time: 2.9 ms, GC Workers: 4]
      [GC Worker Start (ms): Min: 110895.8, Avg: 110895.8, Max: 110895.8, Diff: 0.1]
      [Ext Root Scanning (ms): Min: 0.3, Avg: 0.4, Max: 0.4, Diff: 0.1, Sum: 1.4]
      [SATB Filtering (ms): Min: 0.0, Avg: 0.0, Max: 0.0, Diff: 0.0, Sum: 0.0]
      [Update RS (ms): Min: 0.0, Avg: 0.1, Max: 0.3, Diff: 0.3, Sum: 0.4]
         [Processed Buffers: Min: 0, Avg: 1.5, Max: 4, Diff: 4, Sum: 6]
      [Scan RS (ms): Min: 0.0, Avg: 0.1, Max: 0.1, Diff: 0.1, Sum: 0.3]
      [Code Root Scanning (ms): Min: 0.0, Avg: 0.0, Max: 0.0, Diff: 0.0, Sum: 0.0]
      [Object Copy (ms): Min: 2.2, Avg: 2.3, Max: 2.3, Diff: 0.1, Sum: 9.1]
      [Termination (ms): Min: 0.0, Avg: 0.0, Max: 0.0, Diff: 0.0, Sum: 0.0]
      [GC Worker Other (ms): Min: 0.0, Avg: 0.0, Max: 0.0, Diff: 0.0, Sum: 0.1]
      [GC Worker Total (ms): Min: 2.8, Avg: 2.8, Max: 2.9, Diff: 0.1, Sum: 11.3]
      [GC Worker End (ms): Min: 110898.6, Avg: 110898.6, Max: 110898.6, Diff: 0.0]
   [Code Root Fixup: 0.0 ms]
   [Code Root Migration: 0.0 ms]
   [Clear CT: 0.1 ms]
   [Other: 189.5 ms]
      [Choose CSet: 0.0 ms]
      [Ref Proc: 188.6 ms]
      [Ref Enq: 0.6 ms]
      [Free CSet: 0.3 ms]
   [Eden: 186.0M(186.0M)->0.0B(346.0M) Survivors: 18.0M->19.0M Heap: 2146.4M(4096.0M)->1960.9M(4096.0M)]
 [Times: user=0.74 sys=0.00, real=0.20 secs] 
2016-01-06T00:57:55.016-0800: 111.137: [GC pause (young)
Desired survivor size 24117248 bytes, new threshold 15 (max 15)
- age   1:   17262064 bytes,   17262064 total
2016-01-06T00:57:55.223-0800: 111.344: [SoftReference, 0 refs, 0.0004230 secs]2016-01-06T00:57:55.224-0800: 111.345: [WeakReference, 0 refs, 0.0002200 secs]2016-01-06T00:57:55.224-0800: 111.345: [FinalReference, 0 refs, 0.0002720 secs]2016-01-06T00:57:55.224-0800: 111.345: [PhantomReference, 0 refs, 11234 refs, 0.0008030 secs]2016-01-06T00:57:55.225-0800: 111.346: [JNI Weak Reference, 0.0000100 secs], 0.2111280 secs]
   [Parallel Time: 3.0 ms, GC Workers: 4]
      [GC Worker Start (ms): Min: 111136.6, Avg: 111136.6, Max: 111136.7, Diff: 0.1]
      [Ext Root Scanning (ms): Min: 0.3, Avg: 0.4, Max: 0.4, Diff: 0.0, Sum: 1.4]
      [SATB Filtering (ms): Min: 0.0, Avg: 0.0, Max: 0.0, Diff: 0.0, Sum: 0.0]
      [Update RS (ms): Min: 0.0, Avg: 0.1, Max: 0.3, Diff: 0.2, Sum: 0.4]
         [Processed Buffers: Min: 1, Avg: 1.5, Max: 2, Diff: 1, Sum: 6]
      [Scan RS (ms): Min: 0.1, Avg: 0.2, Max: 0.2, Diff: 0.2, Sum: 0.6]
      [Code Root Scanning (ms): Min: 0.0, Avg: 0.0, Max: 0.0, Diff: 0.0, Sum: 0.1]
      [Object Copy (ms): Min: 2.2, Avg: 2.2, Max: 2.2, Diff: 0.0, Sum: 8.8]
      [Termination (ms): Min: 0.0, Avg: 0.0, Max: 0.0, Diff: 0.0, Sum: 0.0]
      [GC Worker Other (ms): Min: 0.0, Avg: 0.0, Max: 0.1, Diff: 0.1, Sum: 0.2]
      [GC Worker Total (ms): Min: 2.9, Avg: 2.9, Max: 2.9, Diff: 0.0, Sum: 11.5]
      [GC Worker End (ms): Min: 111139.5, Avg: 111139.5, Max: 111139.5, Diff: 0.1]
   [Code Root Fixup: 0.0 ms]
   [Code Root Migration: 0.1 ms]
   [Clear CT: 0.1 ms]
   [Other: 207.9 ms]
      [Choose CSet: 0.0 ms]
      [Ref Proc: 206.5 ms]
      [Ref Enq: 0.9 ms]
      [Free CSet: 0.5 ms]
   [Eden: 346.0M(346.0M)->0.0B(195.0M) Survivors: 19.0M->9216.0K Heap: 2306.9M(4096.0M)->1950.9M(4096.0M)]
 [Times: user=0.80 sys=0.00, real=0.22 secs] 
2016-01-06T00:57:55.255-0800: 111.375: [GC pause (young)
Desired survivor size 13631488 bytes, new threshold 15 (max 15)
- age   1:    7408432 bytes,    7408432 total
- age   2:      36864 bytes,    7445296 total
2016-01-06T00:57:55.437-0800: 111.558: [SoftReference, 0 refs, 0.0005240 secs]2016-01-06T00:57:55.437-0800: 111.558: [WeakReference, 0 refs, 0.0003100 secs]2016-01-06T00:57:55.438-0800: 111.558: [FinalReference, 0 refs, 0.0002130 secs]2016-01-06T00:57:55.438-0800: 111.559: [PhantomReference, 0 refs, 6554 refs, 0.0005490 secs]2016-01-06T00:57:55.438-0800: 111.559: [JNI Weak Reference, 0.0000110 secs], 0.1849110 secs]
   [Parallel Time: 3.0 ms, GC Workers: 4]
      [GC Worker Start (ms): Min: 111375.5, Avg: 111375.6, Max: 111375.6, Diff: 0.1]
      [Ext Root Scanning (ms): Min: 0.3, Avg: 0.4, Max: 0.4, Diff: 0.1, Sum: 1.4]
      [SATB Filtering (ms): Min: 0.0, Avg: 0.0, Max: 0.0, Diff: 0.0, Sum: 0.0]
      [Update RS (ms): Min: 0.0, Avg: 0.1, Max: 0.3, Diff: 0.3, Sum: 0.3]
         [Processed Buffers: Min: 0, Avg: 1.2, Max: 3, Diff: 3, Sum: 5]
      [Scan RS (ms): Min: 0.0, Avg: 0.1, Max: 0.1, Diff: 0.1, Sum: 0.3]
      [Code Root Scanning (ms): Min: 0.0, Avg: 0.0, Max: 0.0, Diff: 0.0, Sum: 0.0]
      [Object Copy (ms): Min: 2.3, Avg: 2.3, Max: 2.4, Diff: 0.1, Sum: 9.3]
      [Termination (ms): Min: 0.0, Avg: 0.0, Max: 0.0, Diff: 0.0, Sum: 0.0]
      [GC Worker Other (ms): Min: 0.0, Avg: 0.0, Max: 0.1, Diff: 0.0, Sum: 0.1]
      [GC Worker Total (ms): Min: 2.9, Avg: 2.9, Max: 2.9, Diff: 0.0, Sum: 11.6]
      [GC Worker End (ms): Min: 111378.4, Avg: 111378.5, Max: 111378.5, Diff: 0.0]
   [Code Root Fixup: 0.0 ms]
   [Code Root Migration: 0.0 ms]
   [Clear CT: 0.1 ms]
   [Other: 181.7 ms]
      [Choose CSet: 0.0 ms]
      [Ref Proc: 180.8 ms]
      [Ref Enq: 0.6 ms]
      [Free CSet: 0.3 ms]
   [Eden: 195.0M(195.0M)->0.0B(186.0M) Survivors: 9216.0K->18.0M Heap: 2145.9M(4096.0M)->1960.4M(4096.0M)]
 [Times: user=0.71 sys=0.00, real=0.19 secs] 
2016-01-06T00:57:55.466-0800: 111.587: [GC pause (young)
Desired survivor size 13631488 bytes, new threshold 1 (max 15)
- age   1:   17282152 bytes,   17282152 total
- age   2:      36864 bytes,   17319016 total
2016-01-06T00:57:55.657-0800: 111.778: [SoftReference, 0 refs, 0.0005720 secs]2016-01-06T00:57:55.658-0800: 111.779: [WeakReference, 0 refs, 0.0003560 secs]2016-01-06T00:57:55.658-0800: 111.779: [FinalReference, 0 refs, 0.0003170 secs]2016-01-06T00:57:55.658-0800: 111.779: [PhantomReference, 0 refs, 6276 refs, 0.0008690 secs]2016-01-06T00:57:55.659-0800: 111.780: [JNI Weak Reference, 0.0000100 secs], 0.1942710 secs]
   [Parallel Time: 2.8 ms, GC Workers: 4]
      [GC Worker Start (ms): Min: 111586.8, Avg: 111586.9, Max: 111586.9, Diff: 0.1]
      [Ext Root Scanning (ms): Min: 0.3, Avg: 0.4, Max: 0.4, Diff: 0.1, Sum: 1.4]
      [SATB Filtering (ms): Min: 0.0, Avg: 0.0, Max: 0.0, Diff: 0.0, Sum: 0.0]
      [Update RS (ms): Min: 0.0, Avg: 0.1, Max: 0.3, Diff: 0.3, Sum: 0.3]
         [Processed Buffers: Min: 0, Avg: 1.2, Max: 3, Diff: 3, Sum: 5]
      [Scan RS (ms): Min: 0.0, Avg: 0.1, Max: 0.1, Diff: 0.1, Sum: 0.3]
      [Code Root Scanning (ms): Min: 0.0, Avg: 0.0, Max: 0.0, Diff: 0.0, Sum: 0.0]
      [Object Copy (ms): Min: 2.1, Avg: 2.2, Max: 2.2, Diff: 0.1, Sum: 8.7]
      [Termination (ms): Min: 0.0, Avg: 0.0, Max: 0.0, Diff: 0.0, Sum: 0.0]
      [GC Worker Other (ms): Min: 0.0, Avg: 0.0, Max: 0.0, Diff: 0.0, Sum: 0.1]
      [GC Worker Total (ms): Min: 2.7, Avg: 2.7, Max: 2.7, Diff: 0.1, Sum: 10.8]
      [GC Worker End (ms): Min: 111589.6, Avg: 111589.6, Max: 111589.6, Diff: 0.0]
   [Code Root Fixup: 0.0 ms]
   [Code Root Migration: 0.0 ms]
   [Clear CT: 0.1 ms]
   [Other: 191.3 ms]
      [Choose CSet: 0.0 ms]
      [Ref Proc: 190.5 ms]
      [Ref Enq: 0.4 ms]
      [Free CSet: 0.3 ms]
   [Eden: 186.0M(186.0M)->0.0B(403.0M) Survivors: 18.0M->19.0M Heap: 2146.4M(4096.0M)->1961.0M(4096.0M)]
 [Times: user=0.70 sys=0.01, real=0.19 secs] 
2016-01-06T00:57:55.718-0800: 111.839: [GC pause (young)
Desired survivor size 27787264 bytes, new threshold 15 (max 15)
- age   1:   17262064 bytes,   17262064 total
2016-01-06T00:57:55.915-0800: 112.036: [SoftReference, 0 refs, 0.0004050 secs]2016-01-06T00:57:55.916-0800: 112.036: [WeakReference, 0 refs, 0.0003730 secs]2016-01-06T00:57:55.916-0800: 112.037: [FinalReference, 0 refs, 0.0002690 secs]2016-01-06T00:57:55.916-0800: 112.037: [PhantomReference, 0 refs, 13002 refs, 0.0007000 secs]2016-01-06T00:57:55.917-0800: 112.038: [JNI Weak Reference, 0.0000090 secs], 0.2012170 secs]
   [Parallel Time: 13.5 ms, GC Workers: 4]
      [GC Worker Start (ms): Min: 111838.9, Avg: 111839.6, Max: 111841.9, Diff: 3.0]
      [Ext Root Scanning (ms): Min: 0.0, Avg: 0.3, Max: 0.5, Diff: 0.5, Sum: 1.2]
      [SATB Filtering (ms): Min: 0.0, Avg: 0.0, Max: 0.0, Diff: 0.0, Sum: 0.0]
      [Update RS (ms): Min: 7.0, Avg: 9.0, Max: 9.7, Diff: 2.7, Sum: 36.0]
         [Processed Buffers: Min: 10, Avg: 14.8, Max: 19, Diff: 9, Sum: 59]
      [Scan RS (ms): Min: 0.1, Avg: 0.2, Max: 0.2, Diff: 0.1, Sum: 0.7]
      [Code Root Scanning (ms): Min: 0.0, Avg: 0.0, Max: 0.0, Diff: 0.0, Sum: 0.1]
      [Object Copy (ms): Min: 3.1, Avg: 3.1, Max: 3.1, Diff: 0.0, Sum: 12.3]
      [Termination (ms): Min: 0.0, Avg: 0.0, Max: 0.0, Diff: 0.0, Sum: 0.0]
      [GC Worker Other (ms): Min: 0.0, Avg: 0.0, Max: 0.0, Diff: 0.0, Sum: 0.1]
      [GC Worker Total (ms): Min: 10.4, Avg: 12.6, Max: 13.4, Diff: 3.0, Sum: 50.5]
      [GC Worker End (ms): Min: 111852.2, Avg: 111852.2, Max: 111852.3, Diff: 0.0]
   [Code Root Fixup: 0.0 ms]
   [Code Root Migration: 0.1 ms]
   [Clear CT: 0.2 ms]
   [Other: 187.4 ms]
      [Choose CSet: 0.0 ms]
      [Ref Proc: 185.5 ms]
      [Ref Enq: 1.3 ms]
      [Free CSet: 0.6 ms]
   [Eden: 403.0M(403.0M)->0.0B(185.0M) Survivors: 19.0M->19.0M Heap: 2364.0M(4096.0M)->1961.5M(4096.0M)]
 [Times: user=0.71 sys=0.00, real=0.20 secs] 
2016-01-06T00:57:55.945-0800: 112.066: [GC pause (young)
Desired survivor size 13631488 bytes, new threshold 1 (max 15)
- age   1:   17746408 bytes,   17746408 total
- age   2:      36864 bytes,   17783272 total
2016-01-06T00:57:56.136-0800: 112.257: [SoftReference, 0 refs, 0.0004440 secs]2016-01-06T00:57:56.137-0800: 112.257: [WeakReference, 0 refs, 0.0002620 secs]2016-01-06T00:57:56.137-0800: 112.258: [FinalReference, 0 refs, 0.0003640 secs]2016-01-06T00:57:56.137-0800: 112.258: [PhantomReference, 0 refs, 6245 refs, 0.0006120 secs]2016-01-06T00:57:56.138-0800: 112.259: [JNI Weak Reference, 0.0000080 secs], 0.1934770 secs]
   [Parallel Time: 6.2 ms, GC Workers: 4]
      [GC Worker Start (ms): Min: 112066.4, Avg: 112067.9, Max: 112072.5, Diff: 6.1]
      [Ext Root Scanning (ms): Min: 0.0, Avg: 0.3, Max: 0.5, Diff: 0.5, Sum: 1.3]
      [SATB Filtering (ms): Min: 0.0, Avg: 0.0, Max: 0.0, Diff: 0.0, Sum: 0.0]
      [Update RS (ms): Min: 0.0, Avg: 2.1, Max: 3.0, Diff: 3.0, Sum: 8.6]
         [Processed Buffers: Min: 0, Avg: 5.0, Max: 9, Diff: 9, Sum: 20]
      [Scan RS (ms): Min: 0.0, Avg: 0.1, Max: 0.1, Diff: 0.1, Sum: 0.3]
      [Code Root Scanning (ms): Min: 0.0, Avg: 0.0, Max: 0.0, Diff: 0.0, Sum: 0.0]
      [Object Copy (ms): Min: 0.0, Avg: 1.7, Max: 2.3, Diff: 2.3, Sum: 6.7]
      [Termination (ms): Min: 0.0, Avg: 0.4, Max: 0.5, Diff: 0.5, Sum: 1.5]
      [GC Worker Other (ms): Min: 0.0, Avg: 0.0, Max: 0.0, Diff: 0.0, Sum: 0.0]
      [GC Worker Total (ms): Min: 0.1, Avg: 4.6, Max: 6.2, Diff: 6.1, Sum: 18.5]
      [GC Worker End (ms): Min: 112072.5, Avg: 112072.6, Max: 112072.6, Diff: 0.0]
   [Code Root Fixup: 0.0 ms]
   [Code Root Migration: 0.0 ms]
   [Clear CT: 0.1 ms]
   [Other: 187.1 ms]
      [Choose CSet: 0.0 ms]
      [Ref Proc: 186.1 ms]
      [Ref Enq: 0.6 ms]
      [Free CSet: 0.3 ms]
   [Eden: 185.0M(185.0M)->0.0B(438.0M) Survivors: 19.0M->18.0M Heap: 2146.5M(4096.0M)->1960.5M(4096.0M)]
 [Times: user=0.74 sys=0.01, real=0.19 secs] 
2016-01-06T00:57:56.200-0800: 112.321: [GC pause (young)
Desired survivor size 29884416 bytes, new threshold 15 (max 15)
- age   1:   17259832 bytes,   17259832 total
2016-01-06T00:57:56.395-0800: 112.516: [SoftReference, 0 refs, 0.0243190 secs]2016-01-06T00:57:56.420-0800: 112.541: [WeakReference, 0 refs, 0.0003590 secs]2016-01-06T00:57:56.420-0800: 112.541: [FinalReference, 0 refs, 0.0003360 secs]2016-01-06T00:57:56.420-0800: 112.541: [PhantomReference, 0 refs, 14086 refs, 0.0010440 secs]2016-01-06T00:57:56.421-0800: 112.542: [JNI Weak Reference, 0.0000120 secs], 0.2229030 secs]
   [Parallel Time: 7.6 ms, GC Workers: 4]
      [GC Worker Start (ms): Min: 112321.3, Avg: 112321.6, Max: 112322.4, Diff: 1.1]
      [Ext Root Scanning (ms): Min: 0.0, Avg: 0.6, Max: 1.4, Diff: 1.4, Sum: 2.4]
      [SATB Filtering (ms): Min: 0.0, Avg: 0.0, Max: 0.0, Diff: 0.0, Sum: 0.0]
      [Update RS (ms): Min: 2.8, Avg: 3.2, Max: 3.7, Diff: 0.9, Sum: 13.0]
         [Processed Buffers: Min: 4, Avg: 5.2, Max: 7, Diff: 3, Sum: 21]
      [Scan RS (ms): Min: 0.0, Avg: 0.2, Max: 0.4, Diff: 0.4, Sum: 0.8]
      [Code Root Scanning (ms): Min: 0.0, Avg: 0.0, Max: 0.1, Diff: 0.1, Sum: 0.1]
      [Object Copy (ms): Min: 3.1, Avg: 3.1, Max: 3.1, Diff: 0.0, Sum: 12.4]
      [Termination (ms): Min: 0.0, Avg: 0.0, Max: 0.0, Diff: 0.0, Sum: 0.0]
      [GC Worker Other (ms): Min: 0.0, Avg: 0.0, Max: 0.1, Diff: 0.1, Sum: 0.2]
      [GC Worker Total (ms): Min: 6.4, Avg: 7.2, Max: 7.5, Diff: 1.1, Sum: 28.9]
      [GC Worker End (ms): Min: 112328.8, Avg: 112328.9, Max: 112328.9, Diff: 0.1]
   [Code Root Fixup: 0.0 ms]
   [Code Root Migration: 0.1 ms]
   [Clear CT: 0.2 ms]
   [Other: 215.0 ms]
      [Choose CSet: 0.0 ms]
      [Ref Proc: 213.4 ms]
      [Ref Enq: 1.0 ms]
      [Free CSet: 0.6 ms]
   [Eden: 438.0M(438.0M)->0.0B(185.0M) Survivors: 18.0M->19.0M Heap: 2398.5M(4096.0M)->1961.0M(4096.0M)]
 [Times: user=0.71 sys=0.01, real=0.22 secs] 
2016-01-06T00:57:56.450-0800: 112.571: [GC pause (young)
Desired survivor size 13631488 bytes, new threshold 1 (max 15)
- age   1:   17824528 bytes,   17824528 total
- age   2:      36864 bytes,   17861392 total
2016-01-06T00:57:56.657-0800: 112.778: [SoftReference, 0 refs, 0.0004330 secs]2016-01-06T00:57:56.657-0800: 112.778: [WeakReference, 0 refs, 0.0002250 secs]2016-01-06T00:57:56.657-0800: 112.778: [FinalReference, 0 refs, 0.0002630 secs]2016-01-06T00:57:56.658-0800: 112.778: [PhantomReference, 0 refs, 6245 refs, 0.0007490 secs]2016-01-06T00:57:56.658-0800: 112.779: [JNI Weak Reference, 0.0000090 secs], 0.2090780 secs]
   [Parallel Time: 6.2 ms, GC Workers: 4]
      [GC Worker Start (ms): Min: 112571.3, Avg: 112572.8, Max: 112577.4, Diff: 6.1]
      [Ext Root Scanning (ms): Min: 0.0, Avg: 0.3, Max: 0.5, Diff: 0.5, Sum: 1.4]
      [SATB Filtering (ms): Min: 0.0, Avg: 0.0, Max: 0.0, Diff: 0.0, Sum: 0.0]
      [Update RS (ms): Min: 0.0, Avg: 0.1, Max: 0.3, Diff: 0.3, Sum: 0.3]
         [Processed Buffers: Min: 0, Avg: 1.2, Max: 3, Diff: 3, Sum: 5]
      [Scan RS (ms): Min: 0.0, Avg: 0.1, Max: 0.2, Diff: 0.1, Sum: 0.4]
      [Code Root Scanning (ms): Min: 0.0, Avg: 0.0, Max: 0.0, Diff: 0.0, Sum: 0.1]
      [Object Copy (ms): Min: 0.0, Avg: 1.9, Max: 2.5, Diff: 2.5, Sum: 7.6]
      [Termination (ms): Min: 0.0, Avg: 2.2, Max: 2.9, Diff: 2.9, Sum: 8.7]
      [GC Worker Other (ms): Min: 0.0, Avg: 0.0, Max: 0.0, Diff: 0.0, Sum: 0.0]
      [GC Worker Total (ms): Min: 0.1, Avg: 4.6, Max: 6.2, Diff: 6.1, Sum: 18.5]
      [GC Worker End (ms): Min: 112577.4, Avg: 112577.4, Max: 112577.4, Diff: 0.0]
   [Code Root Fixup: 0.0 ms]
   [Code Root Migration: 0.0 ms]
   [Clear CT: 0.1 ms]
   [Other: 202.7 ms]
      [Choose CSet: 0.0 ms]
      [Ref Proc: 201.8 ms]
      [Ref Enq: 0.5 ms]
      [Free CSet: 0.3 ms]
   [Eden: 185.0M(185.0M)->0.0B(186.0M) Survivors: 19.0M->18.0M Heap: 2146.0M(4096.0M)->1960.5M(4096.0M)]
 [Times: user=0.71 sys=0.01, real=0.21 secs] 
2016-01-06T00:57:56.686-0800: 112.806: [GC pause (young)
Desired survivor size 13631488 bytes, new threshold 1 (max 15)
- age   1:   17259832 bytes,   17259832 total
2016-01-06T00:57:56.879-0800: 113.000: [SoftReference, 0 refs, 0.0004230 secs]2016-01-06T00:57:56.879-0800: 113.000: [WeakReference, 0 refs, 0.0002330 secs]2016-01-06T00:57:56.879-0800: 113.000: [FinalReference, 0 refs, 0.0003380 secs]2016-01-06T00:57:56.880-0800: 113.001: [PhantomReference, 0 refs, 6275 refs, 0.0007160 secs]2016-01-06T00:57:56.881-0800: 113.001: [JNI Weak Reference, 0.0000080 secs], 0.1960380 secs]
   [Parallel Time: 3.0 ms, GC Workers: 4]
      [GC Worker Start (ms): Min: 112806.5, Avg: 112806.6, Max: 112806.6, Diff: 0.1]
      [Ext Root Scanning (ms): Min: 0.3, Avg: 0.4, Max: 0.4, Diff: 0.1, Sum: 1.4]
      [SATB Filtering (ms): Min: 0.0, Avg: 0.0, Max: 0.0, Diff: 0.0, Sum: 0.0]
      [Update RS (ms): Min: 0.0, Avg: 0.1, Max: 0.3, Diff: 0.3, Sum: 0.4]
         [Processed Buffers: Min: 0, Avg: 1.2, Max: 2, Diff: 2, Sum: 5]
      [Scan RS (ms): Min: 0.0, Avg: 0.1, Max: 0.1, Diff: 0.1, Sum: 0.3]
      [Code Root Scanning (ms): Min: 0.0, Avg: 0.0, Max: 0.0, Diff: 0.0, Sum: 0.1]
      [Object Copy (ms): Min: 2.3, Avg: 2.3, Max: 2.3, Diff: 0.1, Sum: 9.3]
      [Termination (ms): Min: 0.0, Avg: 0.0, Max: 0.0, Diff: 0.0, Sum: 0.0]
      [GC Worker Other (ms): Min: 0.0, Avg: 0.0, Max: 0.0, Diff: 0.0, Sum: 0.1]
      [GC Worker Total (ms): Min: 2.8, Avg: 2.9, Max: 2.9, Diff: 0.1, Sum: 11.5]
      [GC Worker End (ms): Min: 112809.5, Avg: 112809.5, Max: 112809.5, Diff: 0.0]
   [Code Root Fixup: 0.0 ms]
   [Code Root Migration: 0.0 ms]
   [Clear CT: 0.1 ms]
   [Other: 192.9 ms]
      [Choose CSet: 0.0 ms]
      [Ref Proc: 192.0 ms]
      [Ref Enq: 0.5 ms]
      [Free CSet: 0.3 ms]
   [Eden: 186.0M(186.0M)->0.0B(186.0M) Survivors: 18.0M->18.0M Heap: 2146.5M(4096.0M)->1960.6M(4096.0M)]
 [Times: user=0.72 sys=0.00, real=0.19 secs] 
2016-01-06T00:57:56.908-0800: 113.029: [GC pause (young)
Desired survivor size 13631488 bytes, new threshold 1 (max 15)
- age   1:   17262064 bytes,   17262064 total
2016-01-06T00:57:57.102-0800: 113.223: [SoftReference, 0 refs, 0.0005100 secs]2016-01-06T00:57:57.103-0800: 113.224: [WeakReference, 0 refs, 0.0002180 secs]2016-01-06T00:57:57.103-0800: 113.224: [FinalReference, 0 refs, 0.0003470 secs]2016-01-06T00:57:57.103-0800: 113.224: [PhantomReference, 0 refs, 6275 refs, 0.0006100 secs]2016-01-06T00:57:57.104-0800: 113.225: [JNI Weak Reference, 0.0000110 secs], 0.1967130 secs]
   [Parallel Time: 4.6 ms, GC Workers: 4]
      [GC Worker Start (ms): Min: 113029.4, Avg: 113030.5, Max: 113033.9, Diff: 4.5]
      [Ext Root Scanning (ms): Min: 0.0, Avg: 0.3, Max: 0.5, Diff: 0.4, Sum: 1.3]
      [SATB Filtering (ms): Min: 0.0, Avg: 0.0, Max: 0.0, Diff: 0.0, Sum: 0.0]
      [Update RS (ms): Min: 0.0, Avg: 0.1, Max: 0.3, Diff: 0.3, Sum: 0.4]
         [Processed Buffers: Min: 0, Avg: 1.8, Max: 6, Diff: 6, Sum: 7]
      [Scan RS (ms): Min: 0.0, Avg: 0.1, Max: 0.1, Diff: 0.1, Sum: 0.3]
      [Code Root Scanning (ms): Min: 0.0, Avg: 0.0, Max: 0.0, Diff: 0.0, Sum: 0.0]
      [Object Copy (ms): Min: 0.0, Avg: 1.7, Max: 2.2, Diff: 2.2, Sum: 6.6]
      [Termination (ms): Min: 0.0, Avg: 1.2, Max: 1.7, Diff: 1.7, Sum: 5.0]
      [GC Worker Other (ms): Min: 0.0, Avg: 0.0, Max: 0.0, Diff: 0.0, Sum: 0.0]
      [GC Worker Total (ms): Min: 0.0, Avg: 3.4, Max: 4.6, Diff: 4.5, Sum: 13.6]
      [GC Worker End (ms): Min: 113033.9, Avg: 113034.0, Max: 113034.0, Diff: 0.0]
   [Code Root Fixup: 0.0 ms]
   [Code Root Migration: 0.0 ms]
   [Clear CT: 0.1 ms]
   [Other: 192.0 ms]
      [Choose CSet: 0.0 ms]
      [Ref Proc: 191.0 ms]
      [Ref Enq: 0.5 ms]
      [Free CSet: 0.4 ms]
   [Eden: 186.0M(186.0M)->0.0B(186.0M) Survivors: 18.0M->18.0M Heap: 2146.6M(4096.0M)->1960.6M(4096.0M)]
 [Times: user=0.75 sys=0.00, real=0.20 secs] 
2016-01-06T00:57:57.131-0800: 113.252: [GC pause (young)
Desired survivor size 13631488 bytes, new threshold 1 (max 15)
- age   1:   17262064 bytes,   17262064 total
2016-01-06T00:57:57.327-0800: 113.448: [SoftReference, 0 refs, 0.0005270 secs]2016-01-06T00:57:57.327-0800: 113.448: [WeakReference, 0 refs, 0.0002520 secs]2016-01-06T00:57:57.328-0800: 113.449: [FinalReference, 0 refs, 0.0002920 secs]2016-01-06T00:57:57.328-0800: 113.449: [PhantomReference, 0 refs, 6275 refs, 0.0005880 secs]2016-01-06T00:57:57.329-0800: 113.449: [JNI Weak Reference, 0.0000090 secs], 0.1981730 secs]
   [Parallel Time: 3.2 ms, GC Workers: 4]
      [GC Worker Start (ms): Min: 113252.4, Avg: 113252.4, Max: 113252.5, Diff: 0.1]
      [Ext Root Scanning (ms): Min: 0.3, Avg: 0.4, Max: 0.4, Diff: 0.1, Sum: 1.4]
      [SATB Filtering (ms): Min: 0.0, Avg: 0.0, Max: 0.0, Diff: 0.0, Sum: 0.0]
      [Update RS (ms): Min: 0.0, Avg: 0.1, Max: 0.3, Diff: 0.3, Sum: 0.4]
         [Processed Buffers: Min: 0, Avg: 1.5, Max: 3, Diff: 3, Sum: 6]
      [Scan RS (ms): Min: 0.0, Avg: 0.1, Max: 0.1, Diff: 0.1, Sum: 0.3]
      [Code Root Scanning (ms): Min: 0.0, Avg: 0.0, Max: 0.0, Diff: 0.0, Sum: 0.0]
      [Object Copy (ms): Min: 1.9, Avg: 2.1, Max: 2.5, Diff: 0.6, Sum: 8.4]
      [Termination (ms): Min: 0.0, Avg: 0.4, Max: 0.6, Diff: 0.6, Sum: 1.7]
      [GC Worker Other (ms): Min: 0.0, Avg: 0.0, Max: 0.0, Diff: 0.0, Sum: 0.0]
      [GC Worker Total (ms): Min: 3.1, Avg: 3.1, Max: 3.1, Diff: 0.1, Sum: 12.4]
      [GC Worker End (ms): Min: 113255.5, Avg: 113255.5, Max: 113255.5, Diff: 0.0]
   [Code Root Fixup: 0.0 ms]
   [Code Root Migration: 0.0 ms]
   [Clear CT: 0.1 ms]
   [Other: 194.8 ms]
      [Choose CSet: 0.0 ms]
      [Ref Proc: 193.9 ms]
      [Ref Enq: 0.5 ms]
      [Free CSet: 0.3 ms]
   [Eden: 186.0M(186.0M)->0.0B(193.0M) Survivors: 18.0M->11.0M Heap: 2146.6M(4096.0M)->1953.7M(4096.0M)]
 [Times: user=0.74 sys=0.00, real=0.20 secs] 
2016-01-06T00:57:57.357-0800: 113.478: [GC pause (young)
Desired survivor size 13631488 bytes, new threshold 15 (max 15)
- age   1:   10006192 bytes,   10006192 total
2016-01-06T00:57:57.549-0800: 113.670: [SoftReference, 0 refs, 0.0006060 secs]2016-01-06T00:57:57.550-0800: 113.671: [WeakReference, 0 refs, 0.0002340 secs]2016-01-06T00:57:57.550-0800: 113.671: [FinalReference, 0 refs, 0.0002790 secs]2016-01-06T00:57:57.550-0800: 113.671: [PhantomReference, 0 refs, 6492 refs, 0.0008450 secs]2016-01-06T00:57:57.551-0800: 113.672: [JNI Weak Reference, 0.0000090 secs], 0.1956100 secs]
   [Parallel Time: 3.0 ms, GC Workers: 4]
      [GC Worker Start (ms): Min: 113477.8, Avg: 113477.8, Max: 113477.8, Diff: 0.1]
      [Ext Root Scanning (ms): Min: 0.3, Avg: 0.4, Max: 0.4, Diff: 0.1, Sum: 1.4]
      [SATB Filtering (ms): Min: 0.0, Avg: 0.0, Max: 0.0, Diff: 0.0, Sum: 0.0]
      [Update RS (ms): Min: 0.0, Avg: 0.1, Max: 0.3, Diff: 0.3, Sum: 0.4]
         [Processed Buffers: Min: 0, Avg: 1.5, Max: 4, Diff: 4, Sum: 6]
      [Scan RS (ms): Min: 0.0, Avg: 0.1, Max: 0.1, Diff: 0.1, Sum: 0.3]
      [Code Root Scanning (ms): Min: 0.0, Avg: 0.0, Max: 0.0, Diff: 0.0, Sum: 0.0]
      [Object Copy (ms): Min: 2.3, Avg: 2.4, Max: 2.4, Diff: 0.1, Sum: 9.5]
      [Termination (ms): Min: 0.0, Avg: 0.0, Max: 0.0, Diff: 0.0, Sum: 0.0]
      [GC Worker Other (ms): Min: 0.0, Avg: 0.0, Max: 0.0, Diff: 0.0, Sum: 0.1]
      [GC Worker Total (ms): Min: 2.9, Avg: 3.0, Max: 3.0, Diff: 0.1, Sum: 11.8]
      [GC Worker End (ms): Min: 113480.7, Avg: 113480.7, Max: 113480.8, Diff: 0.0]
   [Code Root Fixup: 0.0 ms]
   [Code Root Migration: 0.0 ms]
   [Clear CT: 0.1 ms]
   [Other: 192.4 ms]
      [Choose CSet: 0.0 ms]
      [Ref Proc: 191.4 ms]
      [Ref Enq: 0.6 ms]
      [Free CSet: 0.3 ms]
   [Eden: 193.0M(193.0M)->0.0B(185.0M) Survivors: 11.0M->19.0M Heap: 2146.7M(4096.0M)->1961.2M(4096.0M)]
 [Times: user=0.76 sys=0.00, real=0.20 secs] 
2016-01-06T00:57:57.579-0800: 113.700: [GC pause (young)
Desired survivor size 13631488 bytes, new threshold 1 (max 15)
- age   1:   17277688 bytes,   17277688 total
- age   2:      36864 bytes,   17314552 total
2016-01-06T00:57:57.770-0800: 113.891: [SoftReference, 0 refs, 0.0005630 secs]2016-01-06T00:57:57.771-0800: 113.892: [WeakReference, 0 refs, 0.0002590 secs]2016-01-06T00:57:57.771-0800: 113.892: [FinalReference, 0 refs, 0.0003180 secs]2016-01-06T00:57:57.771-0800: 113.892: [PhantomReference, 0 refs, 6244 refs, 0.0005360 secs]2016-01-06T00:57:57.772-0800: 113.893: [JNI Weak Reference, 0.0000090 secs], 0.1941980 secs]
   [Parallel Time: 2.8 ms, GC Workers: 4]
      [GC Worker Start (ms): Min: 113699.6, Avg: 113699.6, Max: 113699.7, Diff: 0.1]
      [Ext Root Scanning (ms): Min: 0.3, Avg: 0.3, Max: 0.4, Diff: 0.1, Sum: 1.4]
      [SATB Filtering (ms): Min: 0.0, Avg: 0.0, Max: 0.0, Diff: 0.0, Sum: 0.0]
      [Update RS (ms): Min: 0.0, Avg: 0.1, Max: 0.3, Diff: 0.3, Sum: 0.3]
         [Processed Buffers: Min: 0, Avg: 1.5, Max: 4, Diff: 4, Sum: 6]
      [Scan RS (ms): Min: 0.0, Avg: 0.1, Max: 0.1, Diff: 0.1, Sum: 0.3]
      [Code Root Scanning (ms): Min: 0.0, Avg: 0.0, Max: 0.0, Diff: 0.0, Sum: 0.0]
      [Object Copy (ms): Min: 2.1, Avg: 2.2, Max: 2.2, Diff: 0.1, Sum: 8.8]
      [Termination (ms): Min: 0.0, Avg: 0.0, Max: 0.0, Diff: 0.0, Sum: 0.0]
      [GC Worker Other (ms): Min: 0.0, Avg: 0.0, Max: 0.0, Diff: 0.0, Sum: 0.1]
      [GC Worker Total (ms): Min: 2.7, Avg: 2.8, Max: 2.8, Diff: 0.1, Sum: 11.0]
      [GC Worker End (ms): Min: 113702.4, Avg: 113702.4, Max: 113702.4, Diff: 0.0]
   [Code Root Fixup: 0.0 ms]
   [Code Root Migration: 0.0 ms]
   [Clear CT: 0.1 ms]
   [Other: 191.2 ms]
      [Choose CSet: 0.0 ms]
      [Ref Proc: 190.3 ms]
      [Ref Enq: 0.5 ms]
      [Free CSet: 0.3 ms]
   [Eden: 185.0M(185.0M)->0.0B(383.0M) Survivors: 19.0M->19.0M Heap: 2146.2M(4096.0M)->1961.2M(4096.0M)]
 [Times: user=0.71 sys=0.00, real=0.19 secs] 
2016-01-06T00:57:57.828-0800: 113.949: [GC pause (young)
Desired survivor size 26738688 bytes, new threshold 15 (max 15)
- age   1:   17259832 bytes,   17259832 total
2016-01-06T00:57:58.027-0800: 114.148: [SoftReference, 0 refs, 0.0004100 secs]2016-01-06T00:57:58.028-0800: 114.149: [WeakReference, 0 refs, 0.0003880 secs]2016-01-06T00:57:58.028-0800: 114.149: [FinalReference, 0 refs, 0.0003440 secs]2016-01-06T00:57:58.028-0800: 114.149: [PhantomReference, 0 refs, 12382 refs, 0.0010180 secs]2016-01-06T00:57:58.030-0800: 114.150: [JNI Weak Reference, 0.0000090 secs], 0.2034950 secs]
   [Parallel Time: 4.2 ms, GC Workers: 4]
      [GC Worker Start (ms): Min: 113948.8, Avg: 113949.4, Max: 113950.1, Diff: 1.3]
      [Ext Root Scanning (ms): Min: 0.0, Avg: 0.3, Max: 0.6, Diff: 0.6, Sum: 1.1]
      [SATB Filtering (ms): Min: 0.0, Avg: 0.0, Max: 0.0, Diff: 0.0, Sum: 0.0]
      [Update RS (ms): Min: 0.0, Avg: 0.1, Max: 0.3, Diff: 0.3, Sum: 0.4]
         [Processed Buffers: Min: 0, Avg: 1.5, Max: 5, Diff: 5, Sum: 6]
      [Scan RS (ms): Min: 0.0, Avg: 0.1, Max: 0.3, Diff: 0.3, Sum: 0.5]
      [Code Root Scanning (ms): Min: 0.0, Avg: 0.0, Max: 0.1, Diff: 0.1, Sum: 0.1]
      [Object Copy (ms): Min: 2.7, Avg: 2.9, Max: 3.0, Diff: 0.3, Sum: 11.7]
      [Termination (ms): Min: 0.0, Avg: 0.0, Max: 0.0, Diff: 0.0, Sum: 0.0]
      [GC Worker Other (ms): Min: 0.0, Avg: 0.0, Max: 0.0, Diff: 0.0, Sum: 0.1]
      [GC Worker Total (ms): Min: 2.8, Avg: 3.5, Max: 4.1, Diff: 1.3, Sum: 14.0]
      [GC Worker End (ms): Min: 113952.9, Avg: 113952.9, Max: 113952.9, Diff: 0.0]
   [Code Root Fixup: 0.0 ms]
   [Code Root Migration: 0.1 ms]
   [Clear CT: 0.2 ms]
   [Other: 199.1 ms]
      [Choose CSet: 0.0 ms]
      [Ref Proc: 197.5 ms]
      [Ref Enq: 0.9 ms]
      [Free CSet: 0.5 ms]
   [Eden: 383.0M(383.0M)->0.0B(185.0M) Survivors: 19.0M->19.0M Heap: 2344.2M(4096.0M)->1961.7M(4096.0M)]
 [Times: user=0.77 sys=0.00, real=0.20 secs] 
2016-01-06T00:57:58.058-0800: 114.178: [GC pause (young)
Desired survivor size 13631488 bytes, new threshold 1 (max 15)
- age   1:   17701768 bytes,   17701768 total
- age   2:      36864 bytes,   17738632 total
2016-01-06T00:57:58.251-0800: 114.372: [SoftReference, 0 refs, 0.0004680 secs]2016-01-06T00:57:58.251-0800: 114.372: [WeakReference, 0 refs, 0.0003340 secs]2016-01-06T00:57:58.252-0800: 114.373: [FinalReference, 0 refs, 0.0003500 secs]2016-01-06T00:57:58.252-0800: 114.373: [PhantomReference, 0 refs, 6244 refs, 0.0005640 secs]2016-01-06T00:57:58.253-0800: 114.374: [JNI Weak Reference, 0.0000120 secs], 0.1961970 secs]
   [Parallel Time: 3.0 ms, GC Workers: 4]
      [GC Worker Start (ms): Min: 114178.5, Avg: 114178.5, Max: 114178.6, Diff: 0.1]
      [Ext Root Scanning (ms): Min: 0.3, Avg: 0.4, Max: 0.4, Diff: 0.1, Sum: 1.5]
      [SATB Filtering (ms): Min: 0.0, Avg: 0.0, Max: 0.0, Diff: 0.0, Sum: 0.0]
      [Update RS (ms): Min: 0.0, Avg: 0.1, Max: 0.3, Diff: 0.3, Sum: 0.3]
         [Processed Buffers: Min: 0, Avg: 1.2, Max: 3, Diff: 3, Sum: 5]
      [Scan RS (ms): Min: 0.0, Avg: 0.1, Max: 0.1, Diff: 0.1, Sum: 0.3]
      [Code Root Scanning (ms): Min: 0.0, Avg: 0.0, Max: 0.0, Diff: 0.0, Sum: 0.0]
      [Object Copy (ms): Min: 2.2, Avg: 2.3, Max: 2.4, Diff: 0.1, Sum: 9.3]
      [Termination (ms): Min: 0.0, Avg: 0.0, Max: 0.0, Diff: 0.0, Sum: 0.0]
      [GC Worker Other (ms): Min: 0.0, Avg: 0.0, Max: 0.0, Diff: 0.0, Sum: 0.1]
      [GC Worker Total (ms): Min: 2.9, Avg: 2.9, Max: 2.9, Diff: 0.1, Sum: 11.5]
      [GC Worker End (ms): Min: 114181.4, Avg: 114181.4, Max: 114181.4, Diff: 0.0]
   [Code Root Fixup: 0.0 ms]
   [Code Root Migration: 0.0 ms]
   [Clear CT: 0.1 ms]
   [Other: 193.0 ms]
      [Choose CSet: 0.0 ms]
      [Ref Proc: 192.1 ms]
      [Ref Enq: 0.5 ms]
      [Free CSet: 0.3 ms]
   [Eden: 185.0M(185.0M)->0.0B(193.0M) Survivors: 19.0M->19.0M Heap: 2146.7M(4096.0M)->1961.2M(4096.0M)]
 [Times: user=0.75 sys=0.00, real=0.19 secs] 
2016-01-06T00:57:58.283-0800: 114.404: [GC pause (young)
Desired survivor size 14155776 bytes, new threshold 1 (max 15)
- age   1:   17259832 bytes,   17259832 total
2016-01-06T00:57:58.471-0800: 114.592: [SoftReference, 0 refs, 0.0005960 secs]2016-01-06T00:57:58.488-0800: 114.609: [WeakReference, 0 refs, 0.0003570 secs]2016-01-06T00:57:58.488-0800: 114.609: [FinalReference, 0 refs, 0.0002200 secs]2016-01-06T00:57:58.488-0800: 114.609: [PhantomReference, 0 refs, 6489 refs, 0.0006200 secs]2016-01-06T00:57:58.489-0800: 114.610: [JNI Weak Reference, 0.0000090 secs], 0.2074330 secs]
   [Parallel Time: 3.8 ms, GC Workers: 4]
      [GC Worker Start (ms): Min: 114403.6, Avg: 114404.7, Max: 114406.7, Diff: 3.1]
      [Ext Root Scanning (ms): Min: 0.0, Avg: 0.3, Max: 0.8, Diff: 0.8, Sum: 1.3]
      [SATB Filtering (ms): Min: 0.0, Avg: 0.0, Max: 0.0, Diff: 0.0, Sum: 0.0]
      [Update RS (ms): Min: 0.0, Avg: 0.1, Max: 0.3, Diff: 0.3, Sum: 0.4]
         [Processed Buffers: Min: 0, Avg: 1.8, Max: 4, Diff: 4, Sum: 7]
      [Scan RS (ms): Min: 0.0, Avg: 0.1, Max: 0.2, Diff: 0.1, Sum: 0.4]
      [Code Root Scanning (ms): Min: 0.0, Avg: 0.0, Max: 0.0, Diff: 0.0, Sum: 0.0]
      [Object Copy (ms): Min: 0.5, Avg: 2.1, Max: 2.7, Diff: 2.2, Sum: 8.3]
      [Termination (ms): Min: 0.0, Avg: 0.1, Max: 0.1, Diff: 0.1, Sum: 0.3]
      [GC Worker Other (ms): Min: 0.0, Avg: 0.0, Max: 0.0, Diff: 0.0, Sum: 0.0]
      [GC Worker Total (ms): Min: 0.7, Avg: 2.7, Max: 3.8, Diff: 3.1, Sum: 10.8]
      [GC Worker End (ms): Min: 114407.4, Avg: 114407.4, Max: 114407.4, Diff: 0.0]
   [Code Root Fixup: 0.0 ms]
   [Code Root Migration: 0.0 ms]
   [Clear CT: 0.1 ms]
   [Other: 203.5 ms]
      [Choose CSet: 0.0 ms]
      [Ref Proc: 202.5 ms]
      [Ref Enq: 0.5 ms]
      [Free CSet: 0.3 ms]
   [Eden: 193.0M(193.0M)->0.0B(185.0M) Survivors: 19.0M->19.0M Heap: 2154.2M(4096.0M)->1961.3M(4096.0M)]
 [Times: user=0.68 sys=0.00, real=0.21 secs] 
2016-01-06T00:57:58.518-0800: 114.639: [GC pause (young)
Desired survivor size 13631488 bytes, new threshold 1 (max 15)
- age   1:   17277688 bytes,   17277688 total
2016-01-06T00:57:58.712-0800: 114.833: [SoftReference, 0 refs, 0.0004300 secs]2016-01-06T00:57:58.713-0800: 114.834: [WeakReference, 0 refs, 0.0003710 secs]2016-01-06T00:57:58.713-0800: 114.834: [FinalReference, 0 refs, 0.0002490 secs]2016-01-06T00:57:58.713-0800: 114.834: [PhantomReference, 0 refs, 6244 refs, 0.0006860 secs]2016-01-06T00:57:58.714-0800: 114.835: [JNI Weak Reference, 0.0000120 secs], 0.1967790 secs]
   [Parallel Time: 2.5 ms, GC Workers: 4]
      [GC Worker Start (ms): Min: 114639.3, Avg: 114639.3, Max: 114639.3, Diff: 0.1]
      [Ext Root Scanning (ms): Min: 0.3, Avg: 0.4, Max: 0.4, Diff: 0.1, Sum: 1.4]
      [SATB Filtering (ms): Min: 0.0, Avg: 0.0, Max: 0.0, Diff: 0.0, Sum: 0.0]
      [Update RS (ms): Min: 0.0, Avg: 0.1, Max: 0.3, Diff: 0.3, Sum: 0.4]
         [Processed Buffers: Min: 0, Avg: 1.2, Max: 3, Diff: 3, Sum: 5]
      [Scan RS (ms): Min: 0.0, Avg: 0.1, Max: 0.1, Diff: 0.1, Sum: 0.3]
      [Code Root Scanning (ms): Min: 0.0, Avg: 0.0, Max: 0.0, Diff: 0.0, Sum: 0.0]
      [Object Copy (ms): Min: 1.7, Avg: 1.8, Max: 1.8, Diff: 0.1, Sum: 7.2]
      [Termination (ms): Min: 0.0, Avg: 0.0, Max: 0.0, Diff: 0.0, Sum: 0.0]
      [GC Worker Other (ms): Min: 0.0, Avg: 0.0, Max: 0.0, Diff: 0.0, Sum: 0.1]
      [GC Worker Total (ms): Min: 2.3, Avg: 2.4, Max: 2.4, Diff: 0.1, Sum: 9.5]
      [GC Worker End (ms): Min: 114641.7, Avg: 114641.7, Max: 114641.7, Diff: 0.0]
   [Code Root Fixup: 0.0 ms]
   [Code Root Migration: 0.0 ms]
   [Clear CT: 0.1 ms]
   [Other: 194.1 ms]
      [Choose CSet: 0.0 ms]
      [Ref Proc: 193.2 ms]
      [Ref Enq: 0.5 ms]
      [Free CSet: 0.3 ms]
   [Eden: 185.0M(185.0M)->0.0B(190.0M) Survivors: 19.0M->14.0M Heap: 2146.3M(4096.0M)->1956.8M(4096.0M)]
 [Times: user=0.75 sys=0.00, real=0.19 secs] 
2016-01-06T00:57:58.744-0800: 114.865: [GC pause (young)
Desired survivor size 13631488 bytes, new threshold 15 (max 15)
- age   1:   12761848 bytes,   12761848 total
2016-01-06T00:57:58.941-0800: 115.061: [SoftReference, 0 refs, 0.0005340 secs]2016-01-06T00:57:58.941-0800: 115.062: [WeakReference, 0 refs, 0.0002350 secs]2016-01-06T00:57:58.941-0800: 115.062: [FinalReference, 0 refs, 0.0002160 secs]2016-01-06T00:57:58.942-0800: 115.062: [PhantomReference, 0 refs, 6399 refs, 0.0005980 secs]2016-01-06T00:57:58.942-0800: 115.063: [JNI Weak Reference, 0.0000080 secs], 0.1989600 secs]
   [Parallel Time: 3.1 ms, GC Workers: 4]
      [GC Worker Start (ms): Min: 114865.3, Avg: 114865.3, Max: 114865.3, Diff: 0.1]
      [Ext Root Scanning (ms): Min: 0.3, Avg: 0.4, Max: 0.4, Diff: 0.1, Sum: 1.5]
      [SATB Filtering (ms): Min: 0.0, Avg: 0.0, Max: 0.0, Diff: 0.0, Sum: 0.0]
      [Update RS (ms): Min: 0.0, Avg: 0.1, Max: 0.3, Diff: 0.3, Sum: 0.4]
         [Processed Buffers: Min: 1, Avg: 1.8, Max: 2, Diff: 1, Sum: 7]
      [Scan RS (ms): Min: 0.0, Avg: 0.1, Max: 0.1, Diff: 0.1, Sum: 0.4]
      [Code Root Scanning (ms): Min: 0.0, Avg: 0.0, Max: 0.0, Diff: 0.0, Sum: 0.0]
      [Object Copy (ms): Min: 2.4, Avg: 2.4, Max: 2.5, Diff: 0.1, Sum: 9.7]
      [Termination (ms): Min: 0.0, Avg: 0.0, Max: 0.0, Diff: 0.0, Sum: 0.0]
      [GC Worker Other (ms): Min: 0.0, Avg: 0.0, Max: 0.0, Diff: 0.0, Sum: 0.1]
      [GC Worker Total (ms): Min: 3.0, Avg: 3.0, Max: 3.1, Diff: 0.1, Sum: 12.2]
      [GC Worker End (ms): Min: 114868.3, Avg: 114868.3, Max: 114868.3, Diff: 0.0]
   [Code Root Fixup: 0.0 ms]
   [Code Root Migration: 0.0 ms]
   [Clear CT: 0.1 ms]
   [Other: 195.6 ms]
      [Choose CSet: 0.0 ms]
      [Ref Proc: 194.7 ms]
      [Ref Enq: 0.6 ms]
      [Free CSet: 0.3 ms]
   [Eden: 190.0M(190.0M)->0.0B(186.0M) Survivors: 14.0M->18.0M Heap: 2146.8M(4096.0M)->1960.8M(4096.0M)]
 [Times: user=0.77 sys=0.00, real=0.20 secs] 
2016-01-06T00:57:58.971-0800: 115.092: [GC pause (young)
Desired survivor size 13631488 bytes, new threshold 1 (max 15)
- age   1:   17270992 bytes,   17270992 total
- age   2:      36864 bytes,   17307856 total
2016-01-06T00:57:59.170-0800: 115.291: [SoftReference, 0 refs, 0.0005130 secs]2016-01-06T00:57:59.171-0800: 115.292: [WeakReference, 0 refs, 0.0002490 secs]2016-01-06T00:57:59.171-0800: 115.292: [FinalReference, 0 refs, 0.0002230 secs]2016-01-06T00:57:59.171-0800: 115.292: [PhantomReference, 0 refs, 6276 refs, 0.0005440 secs]2016-01-06T00:57:59.172-0800: 115.293: [JNI Weak Reference, 0.0000100 secs], 0.2016250 secs]
   [Parallel Time: 2.9 ms, GC Workers: 4]
      [GC Worker Start (ms): Min: 115092.5, Avg: 115092.8, Max: 115093.9, Diff: 1.4]
      [Ext Root Scanning (ms): Min: 0.0, Avg: 0.3, Max: 0.5, Diff: 0.5, Sum: 1.3]
      [SATB Filtering (ms): Min: 0.0, Avg: 0.0, Max: 0.0, Diff: 0.0, Sum: 0.0]
      [Update RS (ms): Min: 0.0, Avg: 0.1, Max: 0.2, Diff: 0.2, Sum: 0.2]
         [Processed Buffers: Min: 0, Avg: 1.5, Max: 5, Diff: 5, Sum: 6]
      [Scan RS (ms): Min: 0.0, Avg: 0.1, Max: 0.1, Diff: 0.1, Sum: 0.3]
      [Code Root Scanning (ms): Min: 0.0, Avg: 0.0, Max: 0.0, Diff: 0.0, Sum: 0.0]
      [Object Copy (ms): Min: 1.3, Avg: 1.9, Max: 2.1, Diff: 0.8, Sum: 7.6]
      [Termination (ms): Min: 0.0, Avg: 0.0, Max: 0.0, Diff: 0.0, Sum: 0.0]
      [GC Worker Other (ms): Min: 0.0, Avg: 0.0, Max: 0.0, Diff: 0.0, Sum: 0.1]
      [GC Worker Total (ms): Min: 1.3, Avg: 2.4, Max: 2.7, Diff: 1.4, Sum: 9.5]
      [GC Worker End (ms): Min: 115095.2, Avg: 115095.2, Max: 115095.2, Diff: 0.0]
   [Code Root Fixup: 0.0 ms]
   [Code Root Migration: 0.0 ms]
   [Clear CT: 0.1 ms]
   [Other: 198.6 ms]
      [Choose CSet: 0.0 ms]
      [Ref Proc: 197.6 ms]
      [Ref Enq: 0.5 ms]
      [Free CSet: 0.3 ms]
   [Eden: 186.0M(186.0M)->0.0B(186.0M) Survivors: 18.0M->18.0M Heap: 2146.8M(4096.0M)->1960.9M(4096.0M)]
 [Times: user=0.69 sys=0.01, real=0.20 secs] 
2016-01-06T00:57:59.201-0800: 115.322: [GC pause (young)
Desired survivor size 13631488 bytes, new threshold 1 (max 15)
- age   1:   17262064 bytes,   17262064 total
2016-01-06T00:57:59.396-0800: 115.517: [SoftReference, 0 refs, 0.0005520 secs]2016-01-06T00:57:59.397-0800: 115.518: [WeakReference, 0 refs, 0.0002330 secs]2016-01-06T00:57:59.397-0800: 115.518: [FinalReference, 0 refs, 0.0002330 secs]2016-01-06T00:57:59.397-0800: 115.518: [PhantomReference, 0 refs, 6275 refs, 0.0005550 secs]2016-01-06T00:57:59.398-0800: 115.519: [JNI Weak Reference, 0.0000090 secs], 0.1979620 secs]
   [Parallel Time: 2.8 ms, GC Workers: 4]
      [GC Worker Start (ms): Min: 115322.0, Avg: 115322.1, Max: 115322.1, Diff: 0.1]
      [Ext Root Scanning (ms): Min: 0.3, Avg: 0.3, Max: 0.4, Diff: 0.1, Sum: 1.4]
      [SATB Filtering (ms): Min: 0.0, Avg: 0.0, Max: 0.0, Diff: 0.0, Sum: 0.0]
      [Update RS (ms): Min: 0.0, Avg: 0.1, Max: 0.3, Diff: 0.3, Sum: 0.4]
         [Processed Buffers: Min: 0, Avg: 1.5, Max: 3, Diff: 3, Sum: 6]
      [Scan RS (ms): Min: 0.0, Avg: 0.1, Max: 0.1, Diff: 0.1, Sum: 0.3]
      [Code Root Scanning (ms): Min: 0.0, Avg: 0.0, Max: 0.0, Diff: 0.0, Sum: 0.0]
      [Object Copy (ms): Min: 2.1, Avg: 2.2, Max: 2.2, Diff: 0.1, Sum: 8.7]
      [Termination (ms): Min: 0.0, Avg: 0.0, Max: 0.0, Diff: 0.0, Sum: 0.0]
      [GC Worker Other (ms): Min: 0.0, Avg: 0.0, Max: 0.0, Diff: 0.0, Sum: 0.1]
      [GC Worker Total (ms): Min: 2.7, Avg: 2.7, Max: 2.8, Diff: 0.1, Sum: 11.0]
      [GC Worker End (ms): Min: 115324.8, Avg: 115324.8, Max: 115324.8, Diff: 0.0]
   [Code Root Fixup: 0.0 ms]
   [Code Root Migration: 0.0 ms]
   [Clear CT: 0.1 ms]
   [Other: 195.0 ms]
      [Choose CSet: 0.0 ms]
      [Ref Proc: 193.9 ms]
      [Ref Enq: 0.6 ms]
      [Free CSet: 0.3 ms]
   [Eden: 186.0M(186.0M)->0.0B(185.0M) Survivors: 18.0M->19.0M Heap: 2146.9M(4096.0M)->1961.4M(4096.0M)]
 [Times: user=0.73 sys=0.00, real=0.20 secs] 
2016-01-06T00:57:59.427-0800: 115.548: [GC pause (young)
Desired survivor size 13631488 bytes, new threshold 1 (max 15)
- age   1:   17262064 bytes,   17262064 total
2016-01-06T00:57:59.616-0800: 115.737: [SoftReference, 0 refs, 0.0004680 secs]2016-01-06T00:57:59.617-0800: 115.737: [WeakReference, 0 refs, 0.0002720 secs]2016-01-06T00:57:59.617-0800: 115.738: [FinalReference, 0 refs, 0.0002640 secs]2016-01-06T00:57:59.617-0800: 115.738: [PhantomReference, 0 refs, 6245 refs, 0.0005920 secs]2016-01-06T00:57:59.618-0800: 115.739: [JNI Weak Reference, 0.0000090 secs], 0.1917690 secs]
   [Parallel Time: 2.9 ms, GC Workers: 4]
      [GC Worker Start (ms): Min: 115547.9, Avg: 115548.0, Max: 115548.0, Diff: 0.1]
      [Ext Root Scanning (ms): Min: 0.3, Avg: 0.4, Max: 0.4, Diff: 0.1, Sum: 1.4]
      [SATB Filtering (ms): Min: 0.0, Avg: 0.0, Max: 0.0, Diff: 0.0, Sum: 0.0]
      [Update RS (ms): Min: 0.0, Avg: 0.1, Max: 0.3, Diff: 0.3, Sum: 0.4]
         [Processed Buffers: Min: 0, Avg: 1.5, Max: 4, Diff: 4, Sum: 6]
      [Scan RS (ms): Min: 0.0, Avg: 0.1, Max: 0.1, Diff: 0.1, Sum: 0.3]
      [Code Root Scanning (ms): Min: 0.0, Avg: 0.0, Max: 0.0, Diff: 0.0, Sum: 0.0]
      [Object Copy (ms): Min: 2.2, Avg: 2.3, Max: 2.3, Diff: 0.1, Sum: 9.2]
      [Termination (ms): Min: 0.0, Avg: 0.0, Max: 0.0, Diff: 0.0, Sum: 0.0]
      [GC Worker Other (ms): Min: 0.0, Avg: 0.0, Max: 0.0, Diff: 0.0, Sum: 0.1]
      [GC Worker Total (ms): Min: 2.8, Avg: 2.9, Max: 2.9, Diff: 0.1, Sum: 11.5]
      [GC Worker End (ms): Min: 115550.8, Avg: 115550.8, Max: 115550.8, Diff: 0.0]
   [Code Root Fixup: 0.0 ms]
   [Code Root Migration: 0.0 ms]
   [Clear CT: 0.1 ms]
   [Other: 188.7 ms]
      [Choose CSet: 0.0 ms]
      [Ref Proc: 187.8 ms]
      [Ref Enq: 0.5 ms]
      [Free CSet: 0.3 ms]
   [Eden: 185.0M(185.0M)->0.0B(607.0M) Survivors: 19.0M->19.0M Heap: 2146.4M(4096.0M)->1961.4M(4096.0M)]
 [Times: user=0.74 sys=0.00, real=0.19 secs] 
2016-01-06T00:57:59.710-0800: 115.831: [GC pause (young)
Desired survivor size 41418752 bytes, new threshold 15 (max 15)
- age   1:   17259832 bytes,   17259832 total
2016-01-06T00:57:59.900-0800: 116.020: [SoftReference, 0 refs, 0.0004770 secs]2016-01-06T00:57:59.900-0800: 116.021: [WeakReference, 0 refs, 0.0002260 secs]2016-01-06T00:57:59.900-0800: 116.021: [FinalReference, 0 refs, 0.0002760 secs]2016-01-06T00:57:59.901-0800: 116.021: [PhantomReference, 0 refs, 19326 refs, 0.0009950 secs]2016-01-06T00:57:59.902-0800: 116.022: [JNI Weak Reference, 0.0000080 secs], 0.1943670 secs]
   [Parallel Time: 6.8 ms, GC Workers: 4]
      [GC Worker Start (ms): Min: 115831.2, Avg: 115831.9, Max: 115833.9, Diff: 2.7]
      [Ext Root Scanning (ms): Min: 0.0, Avg: 0.3, Max: 0.5, Diff: 0.5, Sum: 1.4]
      [SATB Filtering (ms): Min: 0.0, Avg: 0.0, Max: 0.0, Diff: 0.0, Sum: 0.0]
      [Update RS (ms): Min: 0.0, Avg: 0.1, Max: 0.3, Diff: 0.3, Sum: 0.4]
         [Processed Buffers: Min: 0, Avg: 1.5, Max: 3, Diff: 3, Sum: 6]
      [Scan RS (ms): Min: 0.1, Avg: 0.3, Max: 0.4, Diff: 0.4, Sum: 1.1]
      [Code Root Scanning (ms): Min: 0.0, Avg: 0.0, Max: 0.1, Diff: 0.1, Sum: 0.1]
      [Object Copy (ms): Min: 2.4, Avg: 3.8, Max: 4.2, Diff: 1.8, Sum: 15.0]
      [Termination (ms): Min: 0.0, Avg: 0.0, Max: 0.0, Diff: 0.0, Sum: 0.0]
      [GC Worker Other (ms): Min: 0.0, Avg: 0.4, Max: 1.5, Diff: 1.5, Sum: 1.6]
      [GC Worker Total (ms): Min: 4.0, Avg: 4.9, Max: 5.3, Diff: 1.3, Sum: 19.7]
      [GC Worker End (ms): Min: 115836.4, Avg: 115836.8, Max: 115837.9, Diff: 1.5]
   [Code Root Fixup: 0.0 ms]
   [Code Root Migration: 0.1 ms]
   [Clear CT: 0.2 ms]
   [Other: 187.3 ms]
      [Choose CSet: 0.0 ms]
      [Ref Proc: 184.5 ms]
      [Ref Enq: 1.9 ms]
      [Free CSet: 0.8 ms]
   [Eden: 607.0M(607.0M)->0.0B(998.0M) Survivors: 19.0M->20.0M Heap: 2568.4M(4096.0M)->1962.4M(4096.0M)]
 [Times: user=0.68 sys=0.00, real=0.19 secs] 
2016-01-06T00:58:00.044-0800: 116.165: [GC pause (young)
Desired survivor size 67108864 bytes, new threshold 15 (max 15)
- age   1:   18201736 bytes,   18201736 total
- age   2:      36864 bytes,   18238600 total
2016-01-06T00:58:00.240-0800: 116.361: [SoftReference, 0 refs, 0.0005340 secs]2016-01-06T00:58:00.241-0800: 116.362: [WeakReference, 0 refs, 0.0002370 secs]2016-01-06T00:58:00.241-0800: 116.362: [FinalReference, 0 refs, 0.0002530 secs]2016-01-06T00:58:00.241-0800: 116.362: [PhantomReference, 0 refs, 31447 refs, 0.0011950 secs]2016-01-06T00:58:00.242-0800: 116.363: [JNI Weak Reference, 0.0000140 secs], 0.2029890 secs]
   [Parallel Time: 7.8 ms, GC Workers: 4]
      [GC Worker Start (ms): Min: 116165.3, Avg: 116165.4, Max: 116165.4, Diff: 0.1]
      [Ext Root Scanning (ms): Min: 0.3, Avg: 0.3, Max: 0.4, Diff: 0.0, Sum: 1.4]
      [SATB Filtering (ms): Min: 0.0, Avg: 0.0, Max: 0.0, Diff: 0.0, Sum: 0.0]
      [Update RS (ms): Min: 0.0, Avg: 0.1, Max: 0.3, Diff: 0.3, Sum: 0.3]
         [Processed Buffers: Min: 0, Avg: 1.2, Max: 3, Diff: 3, Sum: 5]
      [Scan RS (ms): Min: 0.3, Avg: 0.5, Max: 0.5, Diff: 0.2, Sum: 1.9]
      [Code Root Scanning (ms): Min: 0.0, Avg: 0.1, Max: 0.1, Diff: 0.1, Sum: 0.2]
      [Object Copy (ms): Min: 6.6, Avg: 6.6, Max: 6.6, Diff: 0.0, Sum: 26.5]
      [Termination (ms): Min: 0.0, Avg: 0.0, Max: 0.0, Diff: 0.0, Sum: 0.0]
      [GC Worker Other (ms): Min: 0.0, Avg: 0.1, Max: 0.1, Diff: 0.0, Sum: 0.2]
      [GC Worker Total (ms): Min: 7.6, Avg: 7.7, Max: 7.7, Diff: 0.1, Sum: 30.6]
      [GC Worker End (ms): Min: 116173.0, Avg: 116173.0, Max: 116173.0, Diff: 0.0]
   [Code Root Fixup: 0.0 ms]
   [Code Root Migration: 0.2 ms]
   [Clear CT: 0.3 ms]
   [Other: 194.7 ms]
      [Choose CSet: 0.0 ms]
      [Ref Proc: 190.3 ms]
      [Ref Enq: 3.1 ms]
      [Free CSet: 1.2 ms]
   [Eden: 998.0M(998.0M)->0.0B(408.0M) Survivors: 20.0M->21.0M Heap: 2960.4M(4096.0M)->1963.4M(4096.0M)]
 [Times: user=0.78 sys=0.01, real=0.21 secs] 
2016-01-06T00:58:00.305-0800: 116.426: [GC pause (young)
Desired survivor size 28311552 bytes, new threshold 15 (max 15)
- age   1:   19074448 bytes,   19074448 total
- age   2:      36864 bytes,   19111312 total
2016-01-06T00:58:00.496-0800: 116.617: [SoftReference, 0 refs, 0.0004710 secs]2016-01-06T00:58:00.496-0800: 116.617: [WeakReference, 0 refs, 0.0002740 secs]2016-01-06T00:58:00.496-0800: 116.617: [FinalReference, 0 refs, 0.0003300 secs]2016-01-06T00:58:00.497-0800: 116.618: [PhantomReference, 0 refs, 13157 refs, 0.0007590 secs]2016-01-06T00:58:00.498-0800: 116.618: [JNI Weak Reference, 0.0000080 secs], 0.1944880 secs]
   [Parallel Time: 3.9 ms, GC Workers: 4]
      [GC Worker Start (ms): Min: 116425.8, Avg: 116426.8, Max: 116429.5, Diff: 3.7]
      [Ext Root Scanning (ms): Min: 0.0, Avg: 0.3, Max: 0.4, Diff: 0.4, Sum: 1.3]
      [SATB Filtering (ms): Min: 0.0, Avg: 0.0, Max: 0.0, Diff: 0.0, Sum: 0.0]
      [Update RS (ms): Min: 0.0, Avg: 0.1, Max: 0.3, Diff: 0.3, Sum: 0.3]
         [Processed Buffers: Min: 0, Avg: 1.2, Max: 4, Diff: 4, Sum: 5]
      [Scan RS (ms): Min: 0.1, Avg: 0.2, Max: 0.3, Diff: 0.2, Sum: 0.7]
      [Code Root Scanning (ms): Min: 0.0, Avg: 0.0, Max: 0.0, Diff: 0.0, Sum: 0.1]
      [Object Copy (ms): Min: 0.0, Avg: 2.1, Max: 2.8, Diff: 2.8, Sum: 8.4]
      [Termination (ms): Min: 0.0, Avg: 0.2, Max: 0.2, Diff: 0.2, Sum: 0.7]
      [GC Worker Other (ms): Min: 0.0, Avg: 0.0, Max: 0.0, Diff: 0.0, Sum: 0.0]
      [GC Worker Total (ms): Min: 0.1, Avg: 2.9, Max: 3.8, Diff: 3.7, Sum: 11.5]
      [GC Worker End (ms): Min: 116429.6, Avg: 116429.7, Max: 116429.7, Diff: 0.0]
   [Code Root Fixup: 0.0 ms]
   [Code Root Migration: 0.1 ms]
   [Clear CT: 0.2 ms]
   [Other: 190.4 ms]
      [Choose CSet: 0.0 ms]
      [Ref Proc: 188.7 ms]
      [Ref Enq: 1.0 ms]
      [Free CSet: 0.6 ms]
   [Eden: 408.0M(408.0M)->0.0B(899.0M) Survivors: 21.0M->19.0M Heap: 2371.4M(4096.0M)->1961.4M(4096.0M)]
 [Times: user=0.71 sys=0.00, real=0.20 secs] 
2016-01-06T00:58:00.625-0800: 116.746: [GC pause (young)
Desired survivor size 60293120 bytes, new threshold 15 (max 15)
- age   1:   17757568 bytes,   17757568 total
- age   2:      36864 bytes,   17794432 total
2016-01-06T00:58:00.820-0800: 116.941: [SoftReference, 0 refs, 0.0004390 secs]2016-01-06T00:58:00.820-0800: 116.941: [WeakReference, 0 refs, 0.0002770 secs]2016-01-06T00:58:00.821-0800: 116.942: [FinalReference, 0 refs, 0.0003710 secs]2016-01-06T00:58:00.821-0800: 116.942: [PhantomReference, 0 refs, 28378 refs, 0.0009870 secs]2016-01-06T00:58:00.822-0800: 116.943: [JNI Weak Reference, 0.0000100 secs], 0.2016710 secs]
   [Parallel Time: 7.0 ms, GC Workers: 4]
      [GC Worker Start (ms): Min: 116745.6, Avg: 116745.7, Max: 116745.9, Diff: 0.3]
      [Ext Root Scanning (ms): Min: 0.1, Avg: 0.4, Max: 0.5, Diff: 0.3, Sum: 1.4]
      [SATB Filtering (ms): Min: 0.0, Avg: 0.0, Max: 0.0, Diff: 0.0, Sum: 0.0]
      [Update RS (ms): Min: 0.0, Avg: 0.1, Max: 0.3, Diff: 0.3, Sum: 0.3]
         [Processed Buffers: Min: 0, Avg: 1.2, Max: 3, Diff: 3, Sum: 5]
      [Scan RS (ms): Min: 0.3, Avg: 0.4, Max: 0.5, Diff: 0.1, Sum: 1.6]
      [Code Root Scanning (ms): Min: 0.0, Avg: 0.1, Max: 0.1, Diff: 0.0, Sum: 0.2]
      [Object Copy (ms): Min: 5.8, Avg: 5.8, Max: 5.8, Diff: 0.1, Sum: 23.3]
      [Termination (ms): Min: 0.0, Avg: 0.0, Max: 0.0, Diff: 0.0, Sum: 0.0]
      [GC Worker Other (ms): Min: 0.0, Avg: 0.0, Max: 0.1, Diff: 0.1, Sum: 0.2]
      [GC Worker Total (ms): Min: 6.6, Avg: 6.8, Max: 6.9, Diff: 0.3, Sum: 27.1]
      [GC Worker End (ms): Min: 116752.5, Avg: 116752.5, Max: 116752.5, Diff: 0.1]
   [Code Root Fixup: 0.0 ms]
   [Code Root Migration: 0.1 ms]
   [Clear CT: 0.2 ms]
   [Other: 194.4 ms]
      [Choose CSet: 0.0 ms]
      [Ref Proc: 190.3 ms]
      [Ref Enq: 2.8 ms]
      [Free CSet: 1.1 ms]
   [Eden: 899.0M(899.0M)->0.0B(594.0M) Survivors: 19.0M->20.0M Heap: 2860.4M(4096.0M)->1962.9M(4096.0M)]
 [Times: user=0.78 sys=0.00, real=0.21 secs] 
2016-01-06T00:58:00.910-0800: 117.031: [GC pause (young)
Desired survivor size 40370176 bytes, new threshold 15 (max 15)
- age   1:   18853480 bytes,   18853480 total
- age   2:      36864 bytes,   18890344 total
2016-01-06T00:58:01.103-0800: 117.224: [SoftReference, 0 refs, 0.0006450 secs]2016-01-06T00:58:01.103-0800: 117.224: [WeakReference, 0 refs, 0.0003240 secs]2016-01-06T00:58:01.104-0800: 117.225: [FinalReference, 0 refs, 0.0002490 secs]2016-01-06T00:58:01.104-0800: 117.225: [PhantomReference, 0 refs, 18924 refs, 0.0008480 secs]2016-01-06T00:58:01.105-0800: 117.226: [JNI Weak Reference, 0.0000080 secs], 0.1976860 secs]
   [Parallel Time: 5.0 ms, GC Workers: 4]
      [GC Worker Start (ms): Min: 117030.6, Avg: 117031.2, Max: 117032.9, Diff: 2.3]
      [Ext Root Scanning (ms): Min: 0.0, Avg: 0.3, Max: 0.5, Diff: 0.5, Sum: 1.2]
      [SATB Filtering (ms): Min: 0.0, Avg: 0.0, Max: 0.0, Diff: 0.0, Sum: 0.0]
      [Update RS (ms): Min: 0.0, Avg: 0.1, Max: 0.3, Diff: 0.3, Sum: 0.3]
         [Processed Buffers: Min: 0, Avg: 1.2, Max: 4, Diff: 4, Sum: 5]
      [Scan RS (ms): Min: 0.1, Avg: 0.2, Max: 0.4, Diff: 0.3, Sum: 1.0]
      [Code Root Scanning (ms): Min: 0.0, Avg: 0.0, Max: 0.1, Diff: 0.1, Sum: 0.1]
      [Object Copy (ms): Min: 2.5, Avg: 3.7, Max: 4.0, Diff: 1.5, Sum: 14.6]
      [Termination (ms): Min: 0.0, Avg: 0.0, Max: 0.0, Diff: 0.0, Sum: 0.0]
      [GC Worker Other (ms): Min: 0.0, Avg: 0.0, Max: 0.1, Diff: 0.0, Sum: 0.2]
      [GC Worker Total (ms): Min: 2.6, Avg: 4.4, Max: 5.0, Diff: 2.3, Sum: 17.4]
      [GC Worker End (ms): Min: 117035.5, Avg: 117035.6, Max: 117035.6, Diff: 0.0]
   [Code Root Fixup: 0.0 ms]
   [Code Root Migration: 0.1 ms]
   [Clear CT: 0.2 ms]
   [Other: 192.4 ms]
      [Choose CSet: 0.0 ms]
      [Ref Proc: 190.1 ms]
      [Ref Enq: 1.3 ms]
      [Free CSet: 0.8 ms]
   [Eden: 594.0M(594.0M)->0.0B(792.0M) Survivors: 20.0M->19.0M Heap: 2556.9M(4096.0M)->1961.9M(4096.0M)]
 [Times: user=0.76 sys=0.01, real=0.20 secs] 
2016-01-06T00:58:01.219-0800: 117.340: [GC pause (young)
Desired survivor size 53477376 bytes, new threshold 15 (max 15)
- age   1:   18172720 bytes,   18172720 total
- age   2:      36864 bytes,   18209584 total
2016-01-06T00:58:01.416-0800: 117.537: [SoftReference, 0 refs, 0.0005270 secs]2016-01-06T00:58:01.417-0800: 117.538: [WeakReference, 0 refs, 0.0002480 secs]2016-01-06T00:58:01.417-0800: 117.538: [FinalReference, 0 refs, 0.0003770 secs]2016-01-06T00:58:01.418-0800: 117.538: [PhantomReference, 0 refs, 25062 refs, 0.0008630 secs]2016-01-06T00:58:01.418-0800: 117.539: [JNI Weak Reference, 0.0000100 secs], 0.2033200 secs]
   [Parallel Time: 6.7 ms, GC Workers: 4]
      [GC Worker Start (ms): Min: 117339.8, Avg: 117340.3, Max: 117341.9, Diff: 2.1]
      [Ext Root Scanning (ms): Min: 0.0, Avg: 0.3, Max: 0.4, Diff: 0.4, Sum: 1.2]
      [SATB Filtering (ms): Min: 0.0, Avg: 0.0, Max: 0.0, Diff: 0.0, Sum: 0.0]
      [Update RS (ms): Min: 0.0, Avg: 0.1, Max: 0.3, Diff: 0.3, Sum: 0.3]
         [Processed Buffers: Min: 0, Avg: 1.5, Max: 5, Diff: 5, Sum: 6]
      [Scan RS (ms): Min: 0.1, Avg: 0.3, Max: 0.5, Diff: 0.4, Sum: 1.3]
      [Code Root Scanning (ms): Min: 0.0, Avg: 0.0, Max: 0.1, Diff: 0.1, Sum: 0.1]
      [Object Copy (ms): Min: 4.4, Avg: 5.3, Max: 5.6, Diff: 1.2, Sum: 21.1]
      [Termination (ms): Min: 0.0, Avg: 0.0, Max: 0.0, Diff: 0.0, Sum: 0.0]
      [GC Worker Other (ms): Min: 0.0, Avg: 0.1, Max: 0.1, Diff: 0.0, Sum: 0.2]
      [GC Worker Total (ms): Min: 4.5, Avg: 6.1, Max: 6.6, Diff: 2.1, Sum: 24.2]
      [GC Worker End (ms): Min: 117346.4, Avg: 117346.4, Max: 117346.4, Diff: 0.0]
   [Code Root Fixup: 0.0 ms]
   [Code Root Migration: 0.1 ms]
   [Clear CT: 0.2 ms]
   [Other: 196.3 ms]
      [Choose CSet: 0.0 ms]
      [Ref Proc: 192.9 ms]
      [Ref Enq: 2.4 ms]
      [Free CSet: 1.0 ms]
   [Eden: 792.0M(792.0M)->0.0B(257.0M) Survivors: 19.0M->20.0M Heap: 2753.9M(4096.0M)->1962.9M(4096.0M)]
 [Times: user=0.77 sys=0.00, real=0.20 secs] 
2016-01-06T00:58:01.460-0800: 117.581: [GC pause (young)
Desired survivor size 18350080 bytes, new threshold 1 (max 15)
- age   1:   18614656 bytes,   18614656 total
- age   2:      36864 bytes,   18651520 total
2016-01-06T00:58:01.651-0800: 117.772: [SoftReference, 0 refs, 0.0005320 secs]2016-01-06T00:58:01.652-0800: 117.772: [WeakReference, 0 refs, 0.0002460 secs]2016-01-06T00:58:01.652-0800: 117.773: [FinalReference, 0 refs, 0.0003690 secs]2016-01-06T00:58:01.652-0800: 117.773: [PhantomReference, 0 refs, 8477 refs, 0.0007450 secs]2016-01-06T00:58:01.653-0800: 117.774: [JNI Weak Reference, 0.0000130 secs], 0.1939030 secs]
   [Parallel Time: 3.2 ms, GC Workers: 4]
      [GC Worker Start (ms): Min: 117581.3, Avg: 117581.3, Max: 117581.4, Diff: 0.1]
      [Ext Root Scanning (ms): Min: 0.3, Avg: 0.4, Max: 0.4, Diff: 0.1, Sum: 1.4]
      [SATB Filtering (ms): Min: 0.0, Avg: 0.0, Max: 0.0, Diff: 0.0, Sum: 0.0]
      [Update RS (ms): Min: 0.0, Avg: 0.1, Max: 0.3, Diff: 0.3, Sum: 0.3]
         [Processed Buffers: Min: 0, Avg: 1.0, Max: 3, Diff: 3, Sum: 4]
      [Scan RS (ms): Min: 0.0, Avg: 0.1, Max: 0.2, Diff: 0.2, Sum: 0.5]
      [Code Root Scanning (ms): Min: 0.0, Avg: 0.0, Max: 0.0, Diff: 0.0, Sum: 0.1]
      [Object Copy (ms): Min: 2.4, Avg: 2.4, Max: 2.5, Diff: 0.1, Sum: 9.7]
      [Termination (ms): Min: 0.0, Avg: 0.0, Max: 0.0, Diff: 0.0, Sum: 0.0]
      [GC Worker Other (ms): Min: 0.0, Avg: 0.0, Max: 0.1, Diff: 0.1, Sum: 0.2]
      [GC Worker Total (ms): Min: 3.0, Avg: 3.1, Max: 3.1, Diff: 0.1, Sum: 12.3]
      [GC Worker End (ms): Min: 117584.4, Avg: 117584.4, Max: 117584.4, Diff: 0.1]
   [Code Root Fixup: 0.0 ms]
   [Code Root Migration: 0.0 ms]
   [Clear CT: 0.1 ms]
   [Other: 190.6 ms]
      [Choose CSet: 0.0 ms]
      [Ref Proc: 189.4 ms]
      [Ref Enq: 0.7 ms]
      [Free CSet: 0.4 ms]
   [Eden: 257.0M(257.0M)->0.0B(778.0M) Survivors: 20.0M->18.0M Heap: 2219.9M(4096.0M)->1961.0M(4096.0M)]
 [Times: user=0.74 sys=0.01, real=0.19 secs] 
2016-01-06T00:58:01.773-0800: 117.894: [GC pause (young)
Desired survivor size 52428800 bytes, new threshold 15 (max 15)
- age   1:   17420536 bytes,   17420536 total
2016-01-06T00:58:01.992-0800: 118.113: [SoftReference, 0 refs, 0.0006470 secs]2016-01-06T00:58:01.993-0800: 118.114: [WeakReference, 0 refs, 0.0003420 secs]2016-01-06T00:58:01.993-0800: 118.114: [FinalReference, 0 refs, 0.0002300 secs]2016-01-06T00:58:01.994-0800: 118.114: [PhantomReference, 0 refs, 24628 refs, 0.0009110 secs]2016-01-06T00:58:01.994-0800: 118.115: [JNI Weak Reference, 0.0000100 secs], 0.2245940 secs]
   [Parallel Time: 6.8 ms, GC Workers: 4]
      [GC Worker Start (ms): Min: 117894.1, Avg: 117894.1, Max: 117894.2, Diff: 0.0]
      [Ext Root Scanning (ms): Min: 0.4, Avg: 2.0, Max: 6.5, Diff: 6.1, Sum: 7.9]
      [SATB Filtering (ms): Min: 0.0, Avg: 0.0, Max: 0.0, Diff: 0.0, Sum: 0.0]
      [Update RS (ms): Min: 0.0, Avg: 0.1, Max: 0.3, Diff: 0.3, Sum: 0.4]
         [Processed Buffers: Min: 0, Avg: 1.5, Max: 4, Diff: 4, Sum: 6]
      [Scan RS (ms): Min: 0.2, Avg: 0.4, Max: 0.5, Diff: 0.4, Sum: 1.5]
      [Code Root Scanning (ms): Min: 0.0, Avg: 0.0, Max: 0.1, Diff: 0.1, Sum: 0.2]
      [Object Copy (ms): Min: 0.0, Avg: 3.9, Max: 5.2, Diff: 5.2, Sum: 15.7]
      [Termination (ms): Min: 0.0, Avg: 0.2, Max: 0.3, Diff: 0.3, Sum: 0.9]
      [GC Worker Other (ms): Min: 0.0, Avg: 0.0, Max: 0.1, Diff: 0.0, Sum: 0.1]
      [GC Worker Total (ms): Min: 6.7, Avg: 6.7, Max: 6.7, Diff: 0.0, Sum: 26.7]
      [GC Worker End (ms): Min: 117900.8, Avg: 117900.8, Max: 117900.8, Diff: 0.0]
   [Code Root Fixup: 0.0 ms]
   [Code Root Migration: 0.1 ms]
   [Clear CT: 0.2 ms]
   [Other: 217.5 ms]
      [Choose CSet: 0.0 ms]
      [Ref Proc: 214.5 ms]
      [Ref Enq: 1.8 ms]
      [Free CSet: 1.1 ms]
   [Eden: 778.0M(778.0M)->0.0B(184.0M) Survivors: 18.0M->20.0M Heap: 2739.0M(4096.0M)->1962.5M(4096.0M)]
 [Times: user=0.80 sys=0.00, real=0.23 secs] 
2016-01-06T00:58:02.027-0800: 118.148: [GC pause (young)
Desired survivor size 13631488 bytes, new threshold 1 (max 15)
- age   1:   18583408 bytes,   18583408 total
- age   2:      36864 bytes,   18620272 total
2016-01-06T00:58:02.217-0800: 118.338: [SoftReference, 0 refs, 0.0004030 secs]2016-01-06T00:58:02.218-0800: 118.338: [WeakReference, 0 refs, 0.0002600 secs]2016-01-06T00:58:02.218-0800: 118.339: [FinalReference, 0 refs, 0.0002320 secs]2016-01-06T00:58:02.218-0800: 118.339: [PhantomReference, 0 refs, 6215 refs, 0.0005830 secs]2016-01-06T00:58:02.219-0800: 118.340: [JNI Weak Reference, 0.0000100 secs], 0.1929600 secs]
   [Parallel Time: 3.2 ms, GC Workers: 4]
      [GC Worker Start (ms): Min: 118147.8, Avg: 118147.8, Max: 118147.8, Diff: 0.1]
      [Ext Root Scanning (ms): Min: 0.4, Avg: 0.4, Max: 0.5, Diff: 0.1, Sum: 1.6]
      [SATB Filtering (ms): Min: 0.0, Avg: 0.0, Max: 0.0, Diff: 0.0, Sum: 0.0]
      [Update RS (ms): Min: 0.0, Avg: 0.1, Max: 0.3, Diff: 0.3, Sum: 0.4]
         [Processed Buffers: Min: 0, Avg: 1.2, Max: 3, Diff: 3, Sum: 5]
      [Scan RS (ms): Min: 0.0, Avg: 0.1, Max: 0.1, Diff: 0.1, Sum: 0.4]
      [Code Root Scanning (ms): Min: 0.0, Avg: 0.0, Max: 0.0, Diff: 0.0, Sum: 0.0]
      [Object Copy (ms): Min: 2.4, Avg: 2.5, Max: 2.5, Diff: 0.2, Sum: 9.9]
      [Termination (ms): Min: 0.0, Avg: 0.0, Max: 0.0, Diff: 0.0, Sum: 0.0]
      [GC Worker Other (ms): Min: 0.0, Avg: 0.0, Max: 0.0, Diff: 0.0, Sum: 0.1]
      [GC Worker Total (ms): Min: 3.0, Avg: 3.1, Max: 3.1, Diff: 0.1, Sum: 12.3]
      [GC Worker End (ms): Min: 118150.9, Avg: 118150.9, Max: 118150.9, Diff: 0.0]
   [Code Root Fixup: 0.0 ms]
   [Code Root Migration: 0.0 ms]
   [Clear CT: 0.1 ms]
   [Other: 189.7 ms]
      [Choose CSet: 0.0 ms]
      [Ref Proc: 188.6 ms]
      [Ref Enq: 0.6 ms]
      [Free CSet: 0.3 ms]
   [Eden: 184.0M(184.0M)->0.0B(185.0M) Survivors: 20.0M->19.0M Heap: 2146.5M(4096.0M)->1962.0M(4096.0M)]
 [Times: user=0.75 sys=0.00, real=0.19 secs] 
2016-01-06T00:58:02.246-0800: 118.367: [GC pause (young)
Desired survivor size 13631488 bytes, new threshold 1 (max 15)
- age   1:   17257600 bytes,   17257600 total
2016-01-06T00:58:02.439-0800: 118.560: [SoftReference, 0 refs, 0.0005990 secs]2016-01-06T00:58:02.440-0800: 118.561: [WeakReference, 0 refs, 0.0003580 secs]2016-01-06T00:58:02.440-0800: 118.561: [FinalReference, 0 refs, 0.0002410 secs]2016-01-06T00:58:02.440-0800: 118.561: [PhantomReference, 0 refs, 6245 refs, 0.0006820 secs]2016-01-06T00:58:02.441-0800: 118.562: [JNI Weak Reference, 0.0000090 secs], 0.1957310 secs]
   [Parallel Time: 3.0 ms, GC Workers: 4]
      [GC Worker Start (ms): Min: 118367.4, Avg: 118367.4, Max: 118367.4, Diff: 0.1]
      [Ext Root Scanning (ms): Min: 0.3, Avg: 0.4, Max: 0.4, Diff: 0.1, Sum: 1.4]
      [SATB Filtering (ms): Min: 0.0, Avg: 0.0, Max: 0.0, Diff: 0.0, Sum: 0.0]
      [Update RS (ms): Min: 0.0, Avg: 0.1, Max: 0.3, Diff: 0.3, Sum: 0.4]
         [Processed Buffers: Min: 1, Avg: 1.5, Max: 3, Diff: 2, Sum: 6]
      [Scan RS (ms): Min: 0.0, Avg: 0.1, Max: 0.1, Diff: 0.1, Sum: 0.3]
      [Code Root Scanning (ms): Min: 0.0, Avg: 0.0, Max: 0.0, Diff: 0.0, Sum: 0.0]
      [Object Copy (ms): Min: 2.2, Avg: 2.3, Max: 2.3, Diff: 0.1, Sum: 9.2]
      [Termination (ms): Min: 0.0, Avg: 0.0, Max: 0.0, Diff: 0.0, Sum: 0.0]
      [GC Worker Other (ms): Min: 0.0, Avg: 0.0, Max: 0.0, Diff: 0.0, Sum: 0.1]
      [GC Worker Total (ms): Min: 2.9, Avg: 2.9, Max: 2.9, Diff: 0.1, Sum: 11.5]
      [GC Worker End (ms): Min: 118370.3, Avg: 118370.3, Max: 118370.3, Diff: 0.0]
   [Code Root Fixup: 0.0 ms]
   [Code Root Migration: 0.0 ms]
   [Clear CT: 0.1 ms]
   [Other: 192.6 ms]
      [Choose CSet: 0.0 ms]
      [Ref Proc: 191.5 ms]
      [Ref Enq: 0.5 ms]
      [Free CSet: 0.4 ms]
   [Eden: 185.0M(185.0M)->0.0B(185.0M) Survivors: 19.0M->19.0M Heap: 2147.0M(4096.0M)->1961.6M(4096.0M)]
 [Times: user=0.74 sys=0.00, real=0.19 secs] 
2016-01-06T00:58:02.468-0800: 118.589: [GC pause (young)
Desired survivor size 13631488 bytes, new threshold 1 (max 15)
- age   1:   17259832 bytes,   17259832 total
2016-01-06T00:58:02.679-0800: 118.800: [SoftReference, 0 refs, 0.0005390 secs]2016-01-06T00:58:02.680-0800: 118.801: [WeakReference, 0 refs, 0.0002310 secs]2016-01-06T00:58:02.680-0800: 118.801: [FinalReference, 0 refs, 0.0002360 secs]2016-01-06T00:58:02.680-0800: 118.801: [PhantomReference, 0 refs, 6245 refs, 0.0005290 secs]2016-01-06T00:58:02.681-0800: 118.802: [JNI Weak Reference, 0.0000090 secs], 0.2134310 secs]
   [Parallel Time: 3.0 ms, GC Workers: 4]
      [GC Worker Start (ms): Min: 118589.5, Avg: 118589.5, Max: 118589.5, Diff: 0.1]
      [Ext Root Scanning (ms): Min: 0.3, Avg: 0.4, Max: 0.4, Diff: 0.2, Sum: 1.5]
      [SATB Filtering (ms): Min: 0.0, Avg: 0.0, Max: 0.0, Diff: 0.0, Sum: 0.0]
      [Update RS (ms): Min: 0.0, Avg: 0.1, Max: 0.3, Diff: 0.3, Sum: 0.4]
         [Processed Buffers: Min: 0, Avg: 1.5, Max: 4, Diff: 4, Sum: 6]
      [Scan RS (ms): Min: 0.0, Avg: 0.1, Max: 0.1, Diff: 0.1, Sum: 0.3]
      [Code Root Scanning (ms): Min: 0.0, Avg: 0.0, Max: 0.0, Diff: 0.0, Sum: 0.0]
      [Object Copy (ms): Min: 2.2, Avg: 2.3, Max: 2.3, Diff: 0.1, Sum: 9.1]
      [Termination (ms): Min: 0.0, Avg: 0.0, Max: 0.0, Diff: 0.0, Sum: 0.0]
      [GC Worker Other (ms): Min: 0.0, Avg: 0.0, Max: 0.0, Diff: 0.0, Sum: 0.1]
      [GC Worker Total (ms): Min: 2.9, Avg: 2.9, Max: 2.9, Diff: 0.0, Sum: 11.5]
      [GC Worker End (ms): Min: 118592.4, Avg: 118592.4, Max: 118592.4, Diff: 0.0]
   [Code Root Fixup: 0.0 ms]
   [Code Root Migration: 0.0 ms]
   [Clear CT: 0.1 ms]
   [Other: 210.2 ms]
      [Choose CSet: 0.0 ms]
      [Ref Proc: 209.3 ms]
      [Ref Enq: 0.5 ms]
      [Free CSet: 0.3 ms]
   [Eden: 185.0M(185.0M)->0.0B(185.0M) Survivors: 19.0M->19.0M Heap: 2146.6M(4096.0M)->1961.6M(4096.0M)]
 [Times: user=0.78 sys=0.01, real=0.21 secs] 
2016-01-06T00:58:02.710-0800: 118.831: [GC pause (young)
Desired survivor size 13631488 bytes, new threshold 1 (max 15)
- age   1:   17259832 bytes,   17259832 total
2016-01-06T00:58:02.900-0800: 119.021: [SoftReference, 0 refs, 0.0005850 secs]2016-01-06T00:58:02.900-0800: 119.021: [WeakReference, 0 refs, 0.0002720 secs]2016-01-06T00:58:02.901-0800: 119.022: [FinalReference, 0 refs, 0.0002590 secs]2016-01-06T00:58:02.901-0800: 119.022: [PhantomReference, 0 refs, 6245 refs, 0.0005610 secs]2016-01-06T00:58:02.901-0800: 119.022: [JNI Weak Reference, 0.0000130 secs], 0.1923450 secs]
   [Parallel Time: 2.9 ms, GC Workers: 4]
      [GC Worker Start (ms): Min: 118831.2, Avg: 118831.2, Max: 118831.2, Diff: 0.1]
      [Ext Root Scanning (ms): Min: 0.3, Avg: 0.4, Max: 0.4, Diff: 0.1, Sum: 1.4]
      [SATB Filtering (ms): Min: 0.0, Avg: 0.0, Max: 0.0, Diff: 0.0, Sum: 0.0]
      [Update RS (ms): Min: 0.0, Avg: 0.1, Max: 0.3, Diff: 0.3, Sum: 0.4]
         [Processed Buffers: Min: 0, Avg: 1.5, Max: 3, Diff: 3, Sum: 6]
      [Scan RS (ms): Min: 0.0, Avg: 0.1, Max: 0.1, Diff: 0.1, Sum: 0.3]
      [Code Root Scanning (ms): Min: 0.0, Avg: 0.0, Max: 0.0, Diff: 0.0, Sum: 0.0]
      [Object Copy (ms): Min: 2.2, Avg: 2.2, Max: 2.2, Diff: 0.1, Sum: 8.9]
      [Termination (ms): Min: 0.0, Avg: 0.0, Max: 0.0, Diff: 0.0, Sum: 0.0]
      [GC Worker Other (ms): Min: 0.0, Avg: 0.0, Max: 0.0, Diff: 0.0, Sum: 0.1]
      [GC Worker Total (ms): Min: 2.8, Avg: 2.8, Max: 2.8, Diff: 0.1, Sum: 11.2]
      [GC Worker End (ms): Min: 118834.0, Avg: 118834.0, Max: 118834.0, Diff: 0.0]
   [Code Root Fixup: 0.0 ms]
   [Code Root Migration: 0.0 ms]
   [Clear CT: 0.1 ms]
   [Other: 189.3 ms]
      [Choose CSet: 0.0 ms]
      [Ref Proc: 188.3 ms]
      [Ref Enq: 0.5 ms]
      [Free CSet: 0.3 ms]
   [Eden: 185.0M(185.0M)->0.0B(185.0M) Survivors: 19.0M->19.0M Heap: 2146.6M(4096.0M)->1961.7M(4096.0M)]
 [Times: user=0.75 sys=0.00, real=0.19 secs] 
2016-01-06T00:58:02.931-0800: 119.052: [GC pause (young)
Desired survivor size 13631488 bytes, new threshold 1 (max 15)
- age   1:   17259832 bytes,   17259832 total
2016-01-06T00:58:03.121-0800: 119.242: [SoftReference, 0 refs, 0.0004360 secs]2016-01-06T00:58:03.122-0800: 119.243: [WeakReference, 0 refs, 0.0002230 secs]2016-01-06T00:58:03.122-0800: 119.243: [FinalReference, 0 refs, 0.0002230 secs]2016-01-06T00:58:03.122-0800: 119.243: [PhantomReference, 0 refs, 6244 refs, 0.0005150 secs]2016-01-06T00:58:03.123-0800: 119.244: [JNI Weak Reference, 0.0000120 secs], 0.1933550 secs]
   [Parallel Time: 3.0 ms, GC Workers: 4]
      [GC Worker Start (ms): Min: 119051.7, Avg: 119051.7, Max: 119051.7, Diff: 0.1]
      [Ext Root Scanning (ms): Min: 0.3, Avg: 0.4, Max: 0.4, Diff: 0.1, Sum: 1.4]
      [SATB Filtering (ms): Min: 0.0, Avg: 0.0, Max: 0.0, Diff: 0.0, Sum: 0.0]
      [Update RS (ms): Min: 0.0, Avg: 0.1, Max: 0.3, Diff: 0.3, Sum: 0.4]
         [Processed Buffers: Min: 1, Avg: 1.5, Max: 2, Diff: 1, Sum: 6]
      [Scan RS (ms): Min: 0.0, Avg: 0.1, Max: 0.1, Diff: 0.1, Sum: 0.3]
      [Code Root Scanning (ms): Min: 0.0, Avg: 0.0, Max: 0.0, Diff: 0.0, Sum: 0.0]
      [Object Copy (ms): Min: 2.2, Avg: 2.3, Max: 2.3, Diff: 0.1, Sum: 9.1]
      [Termination (ms): Min: 0.0, Avg: 0.0, Max: 0.0, Diff: 0.0, Sum: 0.0]
      [GC Worker Other (ms): Min: 0.0, Avg: 0.0, Max: 0.0, Diff: 0.0, Sum: 0.1]
      [GC Worker Total (ms): Min: 2.8, Avg: 2.8, Max: 2.9, Diff: 0.0, Sum: 11.4]
      [GC Worker End (ms): Min: 119054.5, Avg: 119054.6, Max: 119054.6, Diff: 0.0]
   [Code Root Fixup: 0.0 ms]
   [Code Root Migration: 0.0 ms]
   [Clear CT: 0.2 ms]
   [Other: 190.2 ms]
      [Choose CSet: 0.0 ms]
      [Ref Proc: 189.2 ms]
      [Ref Enq: 0.6 ms]
      [Free CSet: 0.3 ms]
   [Eden: 185.0M(185.0M)->0.0B(186.0M) Survivors: 19.0M->18.0M Heap: 2146.7M(4096.0M)->1961.2M(4096.0M)]
 [Times: user=0.74 sys=0.01, real=0.19 secs] 
2016-01-06T00:58:03.152-0800: 119.273: [GC pause (young)
Desired survivor size 13631488 bytes, new threshold 1 (max 15)
- age   1:   17259832 bytes,   17259832 total
2016-01-06T00:58:03.342-0800: 119.463: [SoftReference, 0 refs, 0.0005780 secs]2016-01-06T00:58:03.343-0800: 119.464: [WeakReference, 0 refs, 0.0002500 secs]2016-01-06T00:58:03.343-0800: 119.464: [FinalReference, 0 refs, 0.0002480 secs]2016-01-06T00:58:03.343-0800: 119.464: [PhantomReference, 0 refs, 6274 refs, 0.0005600 secs]2016-01-06T00:58:03.344-0800: 119.465: [JNI Weak Reference, 0.0000100 secs], 0.1928560 secs]
   [Parallel Time: 3.0 ms, GC Workers: 4]
      [GC Worker Start (ms): Min: 119273.0, Avg: 119273.0, Max: 119273.1, Diff: 0.1]
      [Ext Root Scanning (ms): Min: 0.3, Avg: 0.4, Max: 0.4, Diff: 0.1, Sum: 1.4]
      [SATB Filtering (ms): Min: 0.0, Avg: 0.0, Max: 0.0, Diff: 0.0, Sum: 0.0]
      [Update RS (ms): Min: 0.0, Avg: 0.1, Max: 0.3, Diff: 0.2, Sum: 0.4]
         [Processed Buffers: Min: 1, Avg: 1.8, Max: 3, Diff: 2, Sum: 7]
      [Scan RS (ms): Min: 0.0, Avg: 0.1, Max: 0.1, Diff: 0.1, Sum: 0.3]
      [Code Root Scanning (ms): Min: 0.0, Avg: 0.0, Max: 0.0, Diff: 0.0, Sum: 0.0]
      [Object Copy (ms): Min: 2.3, Avg: 2.3, Max: 2.3, Diff: 0.1, Sum: 9.2]
      [Termination (ms): Min: 0.0, Avg: 0.0, Max: 0.0, Diff: 0.0, Sum: 0.0]
      [GC Worker Other (ms): Min: 0.0, Avg: 0.0, Max: 0.0, Diff: 0.0, Sum: 0.1]
      [GC Worker Total (ms): Min: 2.8, Avg: 2.9, Max: 2.9, Diff: 0.1, Sum: 11.5]
      [GC Worker End (ms): Min: 119275.9, Avg: 119275.9, Max: 119275.9, Diff: 0.0]
   [Code Root Fixup: 0.0 ms]
   [Code Root Migration: 0.0 ms]
   [Clear CT: 0.1 ms]
   [Other: 189.7 ms]
      [Choose CSet: 0.0 ms]
      [Ref Proc: 188.7 ms]
      [Ref Enq: 0.6 ms]
      [Free CSet: 0.3 ms]
   [Eden: 186.0M(186.0M)->0.0B(249.0M) Survivors: 18.0M->19.0M Heap: 2147.2M(4096.0M)->1961.7M(4096.0M)]
 [Times: user=0.75 sys=0.00, real=0.20 secs] 
2016-01-06T00:58:03.380-0800: 119.501: [GC pause (young)
Desired survivor size 17825792 bytes, new threshold 15 (max 15)
- age   1:   17262064 bytes,   17262064 total
2016-01-06T00:58:03.570-0800: 119.691: [SoftReference, 0 refs, 0.0004650 secs]2016-01-06T00:58:03.588-0800: 119.709: [WeakReference, 0 refs, 0.0003240 secs]2016-01-06T00:58:03.588-0800: 119.709: [FinalReference, 0 refs, 0.0002550 secs]2016-01-06T00:58:03.589-0800: 119.709: [PhantomReference, 0 refs, 8227 refs, 0.0008590 secs]2016-01-06T00:58:03.589-0800: 119.710: [JNI Weak Reference, 0.0000090 secs], 0.2104630 secs]
   [Parallel Time: 3.3 ms, GC Workers: 4]
      [GC Worker Start (ms): Min: 119501.2, Avg: 119501.4, Max: 119501.9, Diff: 0.6]
      [Ext Root Scanning (ms): Min: 0.0, Avg: 0.3, Max: 0.4, Diff: 0.4, Sum: 1.3]
      [SATB Filtering (ms): Min: 0.0, Avg: 0.0, Max: 0.0, Diff: 0.0, Sum: 0.0]
      [Update RS (ms): Min: 0.0, Avg: 0.1, Max: 0.2, Diff: 0.2, Sum: 0.3]
         [Processed Buffers: Min: 0, Avg: 1.8, Max: 4, Diff: 4, Sum: 7]
      [Scan RS (ms): Min: 0.1, Avg: 0.1, Max: 0.2, Diff: 0.1, Sum: 0.5]
      [Code Root Scanning (ms): Min: 0.0, Avg: 0.0, Max: 0.0, Diff: 0.0, Sum: 0.1]
      [Object Copy (ms): Min: 2.5, Avg: 2.5, Max: 2.5, Diff: 0.0, Sum: 10.0]
      [Termination (ms): Min: 0.0, Avg: 0.0, Max: 0.0, Diff: 0.0, Sum: 0.0]
      [GC Worker Other (ms): Min: 0.0, Avg: 0.0, Max: 0.1, Diff: 0.1, Sum: 0.2]
      [GC Worker Total (ms): Min: 2.6, Avg: 3.1, Max: 3.3, Diff: 0.6, Sum: 12.3]
      [GC Worker End (ms): Min: 119504.5, Avg: 119504.5, Max: 119504.5, Diff: 0.1]
   [Code Root Fixup: 0.0 ms]
   [Code Root Migration: 0.0 ms]
   [Clear CT: 0.2 ms]
   [Other: 206.9 ms]
      [Choose CSet: 0.0 ms]
      [Ref Proc: 205.7 ms]
      [Ref Enq: 0.6 ms]
      [Free CSet: 0.5 ms]
   [Eden: 249.0M(249.0M)->0.0B(186.0M) Survivors: 19.0M->18.0M Heap: 2210.7M(4096.0M)->1961.2M(4096.0M)]
 [Times: user=0.71 sys=0.00, real=0.21 secs] 
2016-01-06T00:58:03.620-0800: 119.741: [GC pause (young)
Desired survivor size 13631488 bytes, new threshold 1 (max 15)
- age   1:   17402680 bytes,   17402680 total
- age   2:      36864 bytes,   17439544 total
2016-01-06T00:58:03.812-0800: 119.933: [SoftReference, 0 refs, 0.0006230 secs]2016-01-06T00:58:03.813-0800: 119.934: [WeakReference, 0 refs, 0.0003350 secs]2016-01-06T00:58:03.813-0800: 119.934: [FinalReference, 0 refs, 0.0003490 secs]2016-01-06T00:58:03.814-0800: 119.935: [PhantomReference, 0 refs, 6274 refs, 0.0008850 secs]2016-01-06T00:58:03.815-0800: 119.936: [JNI Weak Reference, 0.0000130 secs], 0.1960910 secs]
   [Parallel Time: 2.9 ms, GC Workers: 4]
      [GC Worker Start (ms): Min: 119740.6, Avg: 119740.6, Max: 119740.6, Diff: 0.1]
      [Ext Root Scanning (ms): Min: 0.3, Avg: 0.3, Max: 0.4, Diff: 0.1, Sum: 1.4]
      [SATB Filtering (ms): Min: 0.0, Avg: 0.0, Max: 0.0, Diff: 0.0, Sum: 0.0]
      [Update RS (ms): Min: 0.0, Avg: 0.1, Max: 0.3, Diff: 0.3, Sum: 0.3]
         [Processed Buffers: Min: 0, Avg: 1.5, Max: 2, Diff: 2, Sum: 6]
      [Scan RS (ms): Min: 0.0, Avg: 0.1, Max: 0.1, Diff: 0.1, Sum: 0.3]
      [Code Root Scanning (ms): Min: 0.0, Avg: 0.0, Max: 0.0, Diff: 0.0, Sum: 0.0]
      [Object Copy (ms): Min: 2.2, Avg: 2.3, Max: 2.3, Diff: 0.1, Sum: 9.2]
      [Termination (ms): Min: 0.0, Avg: 0.0, Max: 0.0, Diff: 0.0, Sum: 0.0]
      [GC Worker Other (ms): Min: 0.0, Avg: 0.0, Max: 0.0, Diff: 0.0, Sum: 0.1]
      [GC Worker Total (ms): Min: 2.8, Avg: 2.9, Max: 2.9, Diff: 0.1, Sum: 11.4]
      [GC Worker End (ms): Min: 119743.5, Avg: 119743.5, Max: 119743.5, Diff: 0.0]
   [Code Root Fixup: 0.0 ms]
   [Code Root Migration: 0.0 ms]
   [Clear CT: 0.2 ms]
   [Other: 192.9 ms]
      [Choose CSet: 0.0 ms]
      [Ref Proc: 192.1 ms]
      [Ref Enq: 0.3 ms]
      [Free CSet: 0.4 ms]
   [Eden: 186.0M(186.0M)->0.0B(185.0M) Survivors: 18.0M->19.0M Heap: 2147.2M(4096.0M)->1961.8M(4096.0M)]
 [Times: user=0.71 sys=0.01, real=0.19 secs] 
2016-01-06T00:58:03.844-0800: 119.965: [GC pause (young)
Desired survivor size 13631488 bytes, new threshold 1 (max 15)
- age   1:   17262064 bytes,   17262064 total
2016-01-06T00:58:04.035-0800: 120.156: [SoftReference, 0 refs, 0.0006010 secs]2016-01-06T00:58:04.035-0800: 120.156: [WeakReference, 0 refs, 0.0002730 secs]2016-01-06T00:58:04.035-0800: 120.156: [FinalReference, 0 refs, 0.0002490 secs]2016-01-06T00:58:04.036-0800: 120.157: [PhantomReference, 0 refs, 6242 refs, 0.0006840 secs]2016-01-06T00:58:04.036-0800: 120.157: [JNI Weak Reference, 0.0000090 secs], 0.1931930 secs]
   [Parallel Time: 3.2 ms, GC Workers: 4]
      [GC Worker Start (ms): Min: 119965.3, Avg: 119965.4, Max: 119965.9, Diff: 0.6]
      [Ext Root Scanning (ms): Min: 0.0, Avg: 0.3, Max: 0.5, Diff: 0.4, Sum: 1.3]
      [SATB Filtering (ms): Min: 0.0, Avg: 0.0, Max: 0.0, Diff: 0.0, Sum: 0.0]
      [Update RS (ms): Min: 0.0, Avg: 0.1, Max: 0.2, Diff: 0.2, Sum: 0.3]
         [Processed Buffers: Min: 0, Avg: 1.5, Max: 3, Diff: 3, Sum: 6]
      [Scan RS (ms): Min: 0.0, Avg: 0.1, Max: 0.1, Diff: 0.1, Sum: 0.4]
      [Code Root Scanning (ms): Min: 0.0, Avg: 0.0, Max: 0.0, Diff: 0.0, Sum: 0.0]
      [Object Copy (ms): Min: 2.4, Avg: 2.4, Max: 2.4, Diff: 0.0, Sum: 9.7]
      [Termination (ms): Min: 0.0, Avg: 0.0, Max: 0.0, Diff: 0.0, Sum: 0.0]
      [GC Worker Other (ms): Min: 0.0, Avg: 0.0, Max: 0.0, Diff: 0.0, Sum: 0.1]
      [GC Worker Total (ms): Min: 2.5, Avg: 2.9, Max: 3.1, Diff: 0.6, Sum: 11.8]
      [GC Worker End (ms): Min: 119968.4, Avg: 119968.4, Max: 119968.4, Diff: 0.0]
   [Code Root Fixup: 0.0 ms]
   [Code Root Migration: 0.0 ms]
   [Clear CT: 0.1 ms]
   [Other: 189.8 ms]
      [Choose CSet: 0.0 ms]
      [Ref Proc: 188.9 ms]
      [Ref Enq: 0.5 ms]
      [Free CSet: 0.3 ms]
   [Eden: 185.0M(185.0M)->0.0B(185.0M) Survivors: 19.0M->19.0M Heap: 2146.8M(4096.0M)->1961.8M(4096.0M)]
 [Times: user=0.71 sys=0.00, real=0.20 secs] 
2016-01-06T00:58:04.065-0800: 120.186: [GC pause (young)
Desired survivor size 13631488 bytes, new threshold 1 (max 15)
- age   1:   17259832 bytes,   17259832 total
2016-01-06T00:58:04.254-0800: 120.375: [SoftReference, 0 refs, 0.0004030 secs]2016-01-06T00:58:04.255-0800: 120.376: [WeakReference, 0 refs, 0.0003670 secs]2016-01-06T00:58:04.255-0800: 120.376: [FinalReference, 0 refs, 0.0002130 secs]2016-01-06T00:58:04.255-0800: 120.376: [PhantomReference, 0 refs, 6243 refs, 0.0006590 secs]2016-01-06T00:58:04.256-0800: 120.377: [JNI Weak Reference, 0.0000090 secs], 0.1916800 secs]
   [Parallel Time: 3.0 ms, GC Workers: 4]
      [GC Worker Start (ms): Min: 120186.4, Avg: 120186.5, Max: 120186.5, Diff: 0.1]
      [Ext Root Scanning (ms): Min: 0.3, Avg: 0.4, Max: 0.4, Diff: 0.1, Sum: 1.4]
      [SATB Filtering (ms): Min: 0.0, Avg: 0.0, Max: 0.0, Diff: 0.0, Sum: 0.0]
      [Update RS (ms): Min: 0.0, Avg: 0.1, Max: 0.3, Diff: 0.3, Sum: 0.4]
         [Processed Buffers: Min: 0, Avg: 1.8, Max: 3, Diff: 3, Sum: 7]
      [Scan RS (ms): Min: 0.0, Avg: 0.1, Max: 0.1, Diff: 0.1, Sum: 0.3]
      [Code Root Scanning (ms): Min: 0.0, Avg: 0.0, Max: 0.0, Diff: 0.0, Sum: 0.0]
      [Object Copy (ms): Min: 2.3, Avg: 2.4, Max: 2.4, Diff: 0.1, Sum: 9.5]
      [Termination (ms): Min: 0.0, Avg: 0.0, Max: 0.0, Diff: 0.0, Sum: 0.0]
      [GC Worker Other (ms): Min: 0.0, Avg: 0.0, Max: 0.0, Diff: 0.0, Sum: 0.1]
      [GC Worker Total (ms): Min: 2.9, Avg: 2.9, Max: 3.0, Diff: 0.1, Sum: 11.8]
      [GC Worker End (ms): Min: 120189.4, Avg: 120189.4, Max: 120189.4, Diff: 0.0]
   [Code Root Fixup: 0.0 ms]
   [Code Root Migration: 0.0 ms]
   [Clear CT: 0.1 ms]
   [Other: 188.5 ms]
      [Choose CSet: 0.0 ms]
      [Ref Proc: 187.4 ms]
      [Ref Enq: 0.6 ms]
      [Free CSet: 0.3 ms]
   [Eden: 185.0M(185.0M)->0.0B(821.0M) Survivors: 19.0M->19.0M Heap: 2146.8M(4096.0M)->1961.9M(4096.0M)]
 [Times: user=0.74 sys=0.00, real=0.19 secs] 
2016-01-06T00:58:04.282-0800: 120.403: [GC concurrent-mark-end, 17.1296820 secs]
2016-01-06T00:58:04.283-0800: 120.404: [GC remark 2016-01-06T00:58:04.283-0800: 120.404: [GC ref-proc2016-01-06T00:58:04.283-0800: 120.404: [SoftReference, 0 refs, 0.0023800 secs]2016-01-06T00:58:04.285-0800: 120.406: [WeakReference, 0 refs, 0.0039420 secs]2016-01-06T00:58:04.289-0800: 120.410: [FinalReference, 4 refs, 0.0003660 secs]2016-01-06T00:58:04.290-0800: 120.410: [PhantomReference, 0 refs, 10438428 refs, 0.7769740 secs]2016-01-06T00:58:05.067-0800: 121.187: [JNI Weak Reference, 0.0000180 secs], 0.7838770 secs], 0.7924990 secs]
 [Times: user=1.99 sys=0.93, real=0.79 secs] 
2016-01-06T00:58:05.081-0800: 121.202: [GC cleanup 2186M->2185M(4096M), 0.0059850 secs]
 [Times: user=0.02 sys=0.00, real=0.01 secs] 
2016-01-06T00:58:05.087-0800: 121.208: [GC concurrent-cleanup-start]
2016-01-06T00:58:05.087-0800: 121.208: [GC concurrent-cleanup-end, 0.0000260 secs]
2016-01-06T00:58:05.172-0800: 121.293: [GC pause (young)
Desired survivor size 55050240 bytes, new threshold 15 (max 15)
- age   1:   17259832 bytes,   17259832 total
2016-01-06T00:58:05.178-0800: 121.299: [SoftReference, 0 refs, 0.0004010 secs]2016-01-06T00:58:05.179-0800: 121.300: [WeakReference, 0 refs, 0.0002480 secs]2016-01-06T00:58:05.179-0800: 121.300: [FinalReference, 0 refs, 0.0002590 secs]2016-01-06T00:58:05.179-0800: 121.300: [PhantomReference, 0 refs, 25927 refs, 0.0008440 secs]2016-01-06T00:58:05.180-0800: 121.301: [JNI Weak Reference, 0.0000100 secs], 0.0104710 secs]
   [Parallel Time: 6.5 ms, GC Workers: 4]
      [GC Worker Start (ms): Min: 121292.6, Avg: 121292.7, Max: 121292.7, Diff: 0.1]
      [Ext Root Scanning (ms): Min: 0.3, Avg: 0.4, Max: 0.4, Diff: 0.1, Sum: 1.4]
      [Update RS (ms): Min: 0.0, Avg: 0.1, Max: 0.3, Diff: 0.3, Sum: 0.4]
         [Processed Buffers: Min: 0, Avg: 1.5, Max: 3, Diff: 3, Sum: 6]
      [Scan RS (ms): Min: 0.3, Avg: 0.4, Max: 0.4, Diff: 0.2, Sum: 1.5]
      [Code Root Scanning (ms): Min: 0.0, Avg: 0.0, Max: 0.0, Diff: 0.0, Sum: 0.1]
      [Object Copy (ms): Min: 5.4, Avg: 5.5, Max: 5.5, Diff: 0.0, Sum: 21.8]
      [Termination (ms): Min: 0.0, Avg: 0.0, Max: 0.0, Diff: 0.0, Sum: 0.0]
      [GC Worker Other (ms): Min: 0.0, Avg: 0.1, Max: 0.1, Diff: 0.0, Sum: 0.2]
      [GC Worker Total (ms): Min: 6.3, Avg: 6.4, Max: 6.4, Diff: 0.1, Sum: 25.6]
      [GC Worker End (ms): Min: 121299.0, Avg: 121299.1, Max: 121299.1, Diff: 0.0]
   [Code Root Fixup: 0.0 ms]
   [Code Root Migration: 0.1 ms]
   [Clear CT: 0.3 ms]
   [Other: 3.5 ms]
      [Choose CSet: 0.0 ms]
      [Ref Proc: 2.0 ms]
      [Ref Enq: 0.5 ms]
      [Free CSet: 1.0 ms]
   [Eden: 820.0M(820.0M)->0.0B(1695.0M) Survivors: 19.0M->20.0M Heap: 2780.9M(4096.0M)->1962.4M(4096.0M)]
 [Times: user=0.03 sys=0.00, real=0.01 secs] 
2016-01-06T00:58:05.416-0800: 121.537: [GC pause (young)
Desired survivor size 112721920 bytes, new threshold 15 (max 15)
- age   1:   18677152 bytes,   18677152 total
- age   2:      36864 bytes,   18714016 total
2016-01-06T00:58:05.429-0800: 121.550: [SoftReference, 0 refs, 0.0004320 secs]2016-01-06T00:58:05.429-0800: 121.550: [WeakReference, 0 refs, 0.0003480 secs]2016-01-06T00:58:05.430-0800: 121.551: [FinalReference, 0 refs, 0.0003530 secs]2016-01-06T00:58:05.430-0800: 121.551: [PhantomReference, 0 refs, 53054 refs, 0.0016080 secs]2016-01-06T00:58:05.432-0800: 121.553: [JNI Weak Reference, 0.0000090 secs], 0.0187500 secs]
   [Parallel Time: 12.4 ms, GC Workers: 4]
      [GC Worker Start (ms): Min: 121537.4, Avg: 121537.5, Max: 121537.5, Diff: 0.1]
      [Ext Root Scanning (ms): Min: 0.3, Avg: 0.4, Max: 0.4, Diff: 0.1, Sum: 1.4]
      [Update RS (ms): Min: 0.0, Avg: 0.1, Max: 0.3, Diff: 0.3, Sum: 0.4]
         [Processed Buffers: Min: 0, Avg: 1.5, Max: 2, Diff: 2, Sum: 6]
      [Scan RS (ms): Min: 0.6, Avg: 0.8, Max: 0.9, Diff: 0.2, Sum: 3.2]
      [Code Root Scanning (ms): Min: 0.1, Avg: 0.1, Max: 0.1, Diff: 0.0, Sum: 0.3]
      [Object Copy (ms): Min: 10.9, Avg: 10.9, Max: 10.9, Diff: 0.1, Sum: 43.6]
      [Termination (ms): Min: 0.0, Avg: 0.0, Max: 0.0, Diff: 0.0, Sum: 0.0]
      [GC Worker Other (ms): Min: 0.0, Avg: 0.1, Max: 0.1, Diff: 0.1, Sum: 0.2]
      [GC Worker Total (ms): Min: 12.2, Avg: 12.3, Max: 12.3, Diff: 0.1, Sum: 49.1]
      [GC Worker End (ms): Min: 121549.7, Avg: 121549.8, Max: 121549.8, Diff: 0.1]
   [Code Root Fixup: 0.0 ms]
   [Code Root Migration: 0.3 ms]
   [Clear CT: 0.4 ms]
   [Other: 5.7 ms]
      [Choose CSet: 0.0 ms]
      [Ref Proc: 2.9 ms]
      [Ref Enq: 0.8 ms]
      [Free CSet: 1.9 ms]
   [Eden: 1695.0M(1695.0M)->0.0B(1694.0M) Survivors: 20.0M->22.0M Heap: 3657.4M(4096.0M)->1964.4M(4096.0M)]
 [Times: user=0.06 sys=0.00, real=0.02 secs] 
2016-01-06T00:58:05.672-0800: 121.793: [GC pause (young) (initial-mark)
Desired survivor size 112721920 bytes, new threshold 15 (max 15)
- age   1:   20630152 bytes,   20630152 total
- age   2:      36864 bytes,   20667016 total
2016-01-06T00:58:05.692-0800: 121.813: [SoftReference, 0 refs, 0.0003930 secs]2016-01-06T00:58:05.692-0800: 121.813: [WeakReference, 0 refs, 0.0002260 secs]2016-01-06T00:58:05.693-0800: 121.813: [FinalReference, 0 refs, 0.0002230 secs]2016-01-06T00:58:05.693-0800: 121.814: [PhantomReference, 0 refs, 53023 refs, 0.0011560 secs]2016-01-06T00:58:05.694-0800: 121.815: [JNI Weak Reference, 0.0000080 secs], 0.0258090 secs]
   [Parallel Time: 19.4 ms, GC Workers: 4]
      [GC Worker Start (ms): Min: 121793.2, Avg: 121793.3, Max: 121793.3, Diff: 0.1]
      [Ext Root Scanning (ms): Min: 0.3, Avg: 0.4, Max: 0.4, Diff: 0.1, Sum: 1.4]
      [Code Root Marking (ms): Min: 0.2, Avg: 0.2, Max: 0.3, Diff: 0.1, Sum: 1.0]
      [Update RS (ms): Min: 0.0, Avg: 0.1, Max: 0.3, Diff: 0.3, Sum: 0.3]
         [Processed Buffers: Min: 0, Avg: 1.5, Max: 4, Diff: 4, Sum: 6]
      [Scan RS (ms): Min: 0.6, Avg: 0.7, Max: 0.8, Diff: 0.2, Sum: 2.9]
      [Code Root Scanning (ms): Min: 0.1, Avg: 0.1, Max: 0.1, Diff: 0.0, Sum: 0.3]
      [Object Copy (ms): Min: 17.3, Avg: 17.4, Max: 17.8, Diff: 0.5, Sum: 69.7]
      [Termination (ms): Min: 0.0, Avg: 0.4, Max: 0.5, Diff: 0.5, Sum: 1.5]
      [GC Worker Other (ms): Min: 0.0, Avg: 0.0, Max: 0.1, Diff: 0.0, Sum: 0.2]
      [GC Worker Total (ms): Min: 19.3, Avg: 19.3, Max: 19.4, Diff: 0.1, Sum: 77.3]
      [GC Worker End (ms): Min: 121812.6, Avg: 121812.6, Max: 121812.6, Diff: 0.0]
   [Code Root Fixup: 0.0 ms]
   [Code Root Migration: 0.3 ms]
   [Clear CT: 0.4 ms]
   [Other: 5.7 ms]
      [Choose CSet: 0.0 ms]
      [Ref Proc: 2.2 ms]
      [Ref Enq: 0.8 ms]
      [Free CSet: 1.9 ms]
   [Eden: 1694.0M(1694.0M)->0.0B(1695.0M) Survivors: 22.0M->22.0M Heap: 3658.4M(4096.0M)->1963.9M(4096.0M)]
 [Times: user=0.07 sys=0.00, real=0.03 secs] 
2016-01-06T00:58:05.698-0800: 121.819: [GC concurrent-root-region-scan-start]
2016-01-06T00:58:05.703-0800: 121.824: [GC concurrent-root-region-scan-end, 0.0050490 secs]
2016-01-06T00:58:05.703-0800: 121.824: [GC concurrent-mark-start]
2016-01-06T00:58:06.411-0800: 122.531: [GC pause (young)
Desired survivor size 112721920 bytes, new threshold 15 (max 15)
- age   1:   20627920 bytes,   20627920 total
- age   2:      36864 bytes,   20664784 total
2016-01-06T00:58:06.443-0800: 122.564: [SoftReference, 0 refs, 0.0004550 secs]2016-01-06T00:58:06.443-0800: 122.564: [WeakReference, 0 refs, 0.0003750 secs]2016-01-06T00:58:06.444-0800: 122.565: [FinalReference, 0 refs, 0.0002630 secs]2016-01-06T00:58:06.444-0800: 122.565: [PhantomReference, 0 refs, 53055 refs, 0.0013590 secs]2016-01-06T00:58:06.445-0800: 122.566: [JNI Weak Reference, 0.0000090 secs], 0.0427450 secs]
   [Parallel Time: 26.9 ms, GC Workers: 4]
      [GC Worker Start (ms): Min: 122531.5, Avg: 122531.6, Max: 122531.6, Diff: 0.1]
      [Ext Root Scanning (ms): Min: 0.3, Avg: 0.3, Max: 0.4, Diff: 0.1, Sum: 1.4]
      [SATB Filtering (ms): Min: 0.0, Avg: 0.0, Max: 0.0, Diff: 0.0, Sum: 0.0]
      [Update RS (ms): Min: 14.8, Avg: 15.1, Max: 15.5, Diff: 0.7, Sum: 60.2]
         [Processed Buffers: Min: 21, Avg: 22.2, Max: 24, Diff: 3, Sum: 89]
      [Scan RS (ms): Min: 0.4, Avg: 0.7, Max: 0.9, Diff: 0.5, Sum: 3.0]
      [Code Root Scanning (ms): Min: 0.0, Avg: 0.1, Max: 0.1, Diff: 0.1, Sum: 0.3]
      [Object Copy (ms): Min: 10.5, Avg: 10.5, Max: 10.6, Diff: 0.1, Sum: 42.2]
      [Termination (ms): Min: 0.0, Avg: 0.0, Max: 0.0, Diff: 0.0, Sum: 0.0]
      [GC Worker Other (ms): Min: 0.0, Avg: 0.1, Max: 0.1, Diff: 0.1, Sum: 0.2]
      [GC Worker Total (ms): Min: 26.8, Avg: 26.8, Max: 26.8, Diff: 0.0, Sum: 107.3]
      [GC Worker End (ms): Min: 122558.4, Avg: 122558.4, Max: 122558.4, Diff: 0.1]
   [Code Root Fixup: 0.0 ms]
   [Code Root Migration: 0.3 ms]
   [Clear CT: 0.4 ms]
   [Other: 15.2 ms]
      [Choose CSet: 0.0 ms]
      [Ref Proc: 8.0 ms]
      [Ref Enq: 5.2 ms]
      [Free CSet: 1.9 ms]
   [Eden: 1695.0M(1695.0M)->0.0B(1696.0M) Survivors: 22.0M->22.0M Heap: 3658.9M(4096.0M)->1964.4M(4096.0M)]
 [Times: user=0.16 sys=0.00, real=0.04 secs] 
2016-01-06T00:58:06.716-0800: 122.837: [GC pause (young)
Desired survivor size 112721920 bytes, new threshold 15 (max 15)
- age   1:   20630152 bytes,   20630152 total
- age   2:      36864 bytes,   20667016 total
2016-01-06T00:58:06.762-0800: 122.882: [SoftReference, 0 refs, 0.0005920 secs]2016-01-06T00:58:06.762-0800: 122.883: [WeakReference, 0 refs, 0.0002430 secs]2016-01-06T00:58:06.762-0800: 122.883: [FinalReference, 0 refs, 0.0002750 secs]2016-01-06T00:58:06.763-0800: 122.884: [PhantomReference, 0 refs, 53083 refs, 0.0017470 secs]2016-01-06T00:58:06.764-0800: 122.885: [JNI Weak Reference, 0.0000080 secs], 0.0555990 secs]
   [Parallel Time: 30.6 ms, GC Workers: 4]
      [GC Worker Start (ms): Min: 122836.7, Avg: 122837.0, Max: 122837.9, Diff: 1.2]
      [Ext Root Scanning (ms): Min: 0.0, Avg: 0.3, Max: 0.5, Diff: 0.5, Sum: 1.3]
      [SATB Filtering (ms): Min: 0.0, Avg: 0.0, Max: 0.0, Diff: 0.0, Sum: 0.0]
      [Update RS (ms): Min: 18.4, Avg: 18.8, Max: 19.1, Diff: 0.7, Sum: 75.2]
         [Processed Buffers: Min: 26, Avg: 26.8, Max: 27, Diff: 1, Sum: 107]
      [Scan RS (ms): Min: 0.6, Avg: 0.8, Max: 1.1, Diff: 0.5, Sum: 3.2]
      [Code Root Scanning (ms): Min: 0.1, Avg: 0.1, Max: 0.1, Diff: 0.1, Sum: 0.3]
      [Object Copy (ms): Min: 10.1, Avg: 10.1, Max: 10.1, Diff: 0.1, Sum: 40.3]
      [Termination (ms): Min: 0.0, Avg: 0.0, Max: 0.0, Diff: 0.0, Sum: 0.0]
      [GC Worker Other (ms): Min: 0.0, Avg: 0.1, Max: 0.1, Diff: 0.1, Sum: 0.3]
      [GC Worker Total (ms): Min: 29.3, Avg: 30.2, Max: 30.5, Diff: 1.3, Sum: 120.6]
      [GC Worker End (ms): Min: 122867.1, Avg: 122867.1, Max: 122867.2, Diff: 0.1]
   [Code Root Fixup: 0.0 ms]
   [Code Root Migration: 0.3 ms]
   [Clear CT: 0.4 ms]
   [Other: 24.3 ms]
      [Choose CSet: 0.0 ms]
      [Ref Proc: 18.1 ms]
      [Ref Enq: 4.0 ms]
      [Free CSet: 2.0 ms]
   [Eden: 1696.0M(1696.0M)->0.0B(1696.0M) Survivors: 22.0M->22.0M Heap: 3660.4M(4096.0M)->1963.9M(4096.0M)]
 [Times: user=0.20 sys=0.00, real=0.06 secs] 
2016-01-06T00:58:07.031-0800: 123.151: [GC pause (young)
Desired survivor size 112721920 bytes, new threshold 15 (max 15)
- age   1:   20632384 bytes,   20632384 total
- age   2:      36864 bytes,   20669248 total
2016-01-06T00:58:07.108-0800: 123.229: [SoftReference, 0 refs, 0.0004380 secs]2016-01-06T00:58:07.108-0800: 123.229: [WeakReference, 0 refs, 0.0002130 secs]2016-01-06T00:58:07.108-0800: 123.229: [FinalReference, 0 refs, 0.0002250 secs]2016-01-06T00:58:07.109-0800: 123.230: [PhantomReference, 0 refs, 53086 refs, 0.0013540 secs]2016-01-06T00:58:07.110-0800: 123.231: [JNI Weak Reference, 0.0000090 secs], 0.0869200 secs]
   [Parallel Time: 39.9 ms, GC Workers: 4]
      [GC Worker Start (ms): Min: 123151.5, Avg: 123151.6, Max: 123151.6, Diff: 0.1]
      [Ext Root Scanning (ms): Min: 0.3, Avg: 0.4, Max: 0.4, Diff: 0.1, Sum: 1.4]
      [SATB Filtering (ms): Min: 0.0, Avg: 0.0, Max: 0.0, Diff: 0.0, Sum: 0.0]
      [Update RS (ms): Min: 27.4, Avg: 27.6, Max: 28.0, Diff: 0.6, Sum: 110.5]
         [Processed Buffers: Min: 40, Avg: 40.0, Max: 40, Diff: 0, Sum: 160]
      [Scan RS (ms): Min: 0.5, Avg: 0.8, Max: 1.0, Diff: 0.5, Sum: 3.2]
      [Code Root Scanning (ms): Min: 0.1, Avg: 0.1, Max: 0.1, Diff: 0.1, Sum: 0.3]
      [Object Copy (ms): Min: 10.8, Avg: 10.8, Max: 10.9, Diff: 0.1, Sum: 43.3]
      [Termination (ms): Min: 0.0, Avg: 0.0, Max: 0.0, Diff: 0.0, Sum: 0.0]
      [GC Worker Other (ms): Min: 0.0, Avg: 0.1, Max: 0.1, Diff: 0.1, Sum: 0.2]
      [GC Worker Total (ms): Min: 39.7, Avg: 39.8, Max: 39.8, Diff: 0.1, Sum: 159.0]
      [GC Worker End (ms): Min: 123191.3, Avg: 123191.3, Max: 123191.4, Diff: 0.1]
   [Code Root Fixup: 0.0 ms]
   [Code Root Migration: 0.3 ms]
   [Clear CT: 0.4 ms]
   [Other: 46.4 ms]
      [Choose CSet: 0.0 ms]
      [Ref Proc: 39.5 ms]
      [Ref Enq: 4.7 ms]
      [Free CSet: 2.1 ms]
   [Eden: 1696.0M(1696.0M)->0.0B(1697.0M) Survivors: 22.0M->22.0M Heap: 3659.9M(4096.0M)->1964.4M(4096.0M)]
 [Times: user=0.31 sys=0.00, real=0.09 secs] 
2016-01-06T00:58:07.380-0800: 123.501: [GC pause (young)
Desired survivor size 112721920 bytes, new threshold 15 (max 15)
- age   1:   20632384 bytes,   20632384 total
- age   2:      36864 bytes,   20669248 total
2016-01-06T00:58:07.453-0800: 123.574: [SoftReference, 0 refs, 0.0004810 secs]2016-01-06T00:58:07.454-0800: 123.575: [WeakReference, 0 refs, 0.0002480 secs]2016-01-06T00:58:07.454-0800: 123.575: [FinalReference, 0 refs, 0.0002460 secs]2016-01-06T00:58:07.454-0800: 123.575: [PhantomReference, 0 refs, 53117 refs, 0.0016370 secs]2016-01-06T00:58:07.456-0800: 123.577: [JNI Weak Reference, 0.0000160 secs], 0.0872810 secs]
   [Parallel Time: 29.3 ms, GC Workers: 4]
      [GC Worker Start (ms): Min: 123501.3, Avg: 123501.5, Max: 123501.9, Diff: 0.6]
      [Ext Root Scanning (ms): Min: 0.0, Avg: 0.3, Max: 0.5, Diff: 0.5, Sum: 1.3]
      [SATB Filtering (ms): Min: 0.0, Avg: 0.0, Max: 0.0, Diff: 0.0, Sum: 0.0]
      [Update RS (ms): Min: 18.0, Avg: 18.1, Max: 18.3, Diff: 0.3, Sum: 72.5]
         [Processed Buffers: Min: 25, Avg: 26.2, Max: 28, Diff: 3, Sum: 105]
      [Scan RS (ms): Min: 0.7, Avg: 0.8, Max: 0.9, Diff: 0.2, Sum: 3.2]
      [Code Root Scanning (ms): Min: 0.1, Avg: 0.1, Max: 0.1, Diff: 0.0, Sum: 0.3]
      [Object Copy (ms): Min: 9.7, Avg: 9.7, Max: 9.7, Diff: 0.0, Sum: 38.9]
      [Termination (ms): Min: 0.0, Avg: 0.0, Max: 0.0, Diff: 0.0, Sum: 0.0]
      [GC Worker Other (ms): Min: 0.0, Avg: 0.1, Max: 0.1, Diff: 0.1, Sum: 0.2]
      [GC Worker Total (ms): Min: 28.7, Avg: 29.1, Max: 29.3, Diff: 0.6, Sum: 116.4]
      [GC Worker End (ms): Min: 123530.6, Avg: 123530.6, Max: 123530.6, Diff: 0.1]
   [Code Root Fixup: 0.0 ms]
   [Code Root Migration: 0.3 ms]
   [Clear CT: 0.4 ms]
   [Other: 57.3 ms]
      [Choose CSet: 0.0 ms]
      [Ref Proc: 46.2 ms]
      [Ref Enq: 8.9 ms]
      [Free CSet: 2.1 ms]
   [Eden: 1697.0M(1697.0M)->0.0B(1708.0M) Survivors: 22.0M->12.0M Heap: 3661.4M(4096.0M)->1953.9M(4096.0M)]
 [Times: user=0.32 sys=0.00, real=0.09 secs] 
2016-01-06T00:58:07.735-0800: 123.856: [GC pause (young)
Desired survivor size 112721920 bytes, new threshold 15 (max 15)
- age   1:   10489528 bytes,   10489528 total
- age   2:      36864 bytes,   10526392 total
2016-01-06T00:58:07.817-0800: 123.938: [SoftReference, 0 refs, 0.0006290 secs]2016-01-06T00:58:07.817-0800: 123.938: [WeakReference, 0 refs, 0.0002670 secs]2016-01-06T00:58:07.818-0800: 123.939: [FinalReference, 0 refs, 0.0002610 secs]2016-01-06T00:58:07.818-0800: 123.939: [PhantomReference, 0 refs, 53458 refs, 0.0014240 secs]2016-01-06T00:58:07.819-0800: 123.940: [JNI Weak Reference, 0.0000160 secs], 0.0921290 secs]
   [Parallel Time: 30.1 ms, GC Workers: 4]
      [GC Worker Start (ms): Min: 123856.2, Avg: 123856.5, Max: 123857.4, Diff: 1.2]
      [Ext Root Scanning (ms): Min: 0.0, Avg: 0.3, Max: 0.5, Diff: 0.5, Sum: 1.3]
      [SATB Filtering (ms): Min: 0.0, Avg: 0.0, Max: 0.0, Diff: 0.0, Sum: 0.0]
      [Update RS (ms): Min: 17.8, Avg: 18.2, Max: 18.5, Diff: 0.7, Sum: 72.9]
         [Processed Buffers: Min: 24, Avg: 24.8, Max: 25, Diff: 1, Sum: 99]
      [Scan RS (ms): Min: 0.2, Avg: 0.8, Max: 1.3, Diff: 1.1, Sum: 3.1]
      [Code Root Scanning (ms): Min: 0.0, Avg: 0.1, Max: 0.1, Diff: 0.1, Sum: 0.3]
      [Object Copy (ms): Min: 10.2, Avg: 10.3, Max: 10.3, Diff: 0.1, Sum: 41.1]
      [Termination (ms): Min: 0.0, Avg: 0.0, Max: 0.0, Diff: 0.0, Sum: 0.0]
      [GC Worker Other (ms): Min: 0.0, Avg: 0.1, Max: 0.1, Diff: 0.1, Sum: 0.2]
      [GC Worker Total (ms): Min: 28.8, Avg: 29.7, Max: 30.1, Diff: 1.2, Sum: 119.0]
      [GC Worker End (ms): Min: 123886.2, Avg: 123886.2, Max: 123886.3, Diff: 0.1]
   [Code Root Fixup: 0.0 ms]
   [Code Root Migration: 0.3 ms]
   [Clear CT: 0.4 ms]
   [Other: 61.3 ms]
      [Choose CSet: 0.0 ms]
      [Ref Proc: 54.0 ms]
      [Ref Enq: 5.2 ms]
      [Free CSet: 2.0 ms]
   [Eden: 1708.0M(1708.0M)->0.0B(1698.0M) Survivors: 12.0M->22.0M Heap: 3661.9M(4096.0M)->1963.9M(4096.0M)]
 [Times: user=0.33 sys=0.00, real=0.10 secs] 
2016-01-06T00:58:08.093-0800: 124.214: [GC pause (young)
Desired survivor size 112721920 bytes, new threshold 15 (max 15)
- age   1:   20659168 bytes,   20659168 total
- age   2:      36864 bytes,   20696032 total
2016-01-06T00:58:08.189-0800: 124.310: [SoftReference, 0 refs, 0.0004720 secs]2016-01-06T00:58:08.189-0800: 124.310: [WeakReference, 0 refs, 0.0003460 secs]2016-01-06T00:58:08.190-0800: 124.310: [FinalReference, 0 refs, 0.0003240 secs]2016-01-06T00:58:08.190-0800: 124.311: [PhantomReference, 0 refs, 53148 refs, 0.0013700 secs]2016-01-06T00:58:08.191-0800: 124.312: [JNI Weak Reference, 0.0000100 secs], 0.1062380 secs]
   [Parallel Time: 34.2 ms, GC Workers: 4]
      [GC Worker Start (ms): Min: 124214.0, Avg: 124214.0, Max: 124214.1, Diff: 0.1]
      [Ext Root Scanning (ms): Min: 0.3, Avg: 0.4, Max: 0.4, Diff: 0.1, Sum: 1.4]
      [SATB Filtering (ms): Min: 0.0, Avg: 0.0, Max: 0.0, Diff: 0.0, Sum: 0.0]
      [Update RS (ms): Min: 21.7, Avg: 21.8, Max: 21.9, Diff: 0.3, Sum: 87.1]
         [Processed Buffers: Min: 31, Avg: 31.0, Max: 31, Diff: 0, Sum: 124]
      [Scan RS (ms): Min: 0.7, Avg: 0.8, Max: 0.9, Diff: 0.2, Sum: 3.2]
      [Code Root Scanning (ms): Min: 0.1, Avg: 0.1, Max: 0.1, Diff: 0.0, Sum: 0.3]
      [Object Copy (ms): Min: 11.0, Avg: 11.0, Max: 11.1, Diff: 0.1, Sum: 44.2]
      [Termination (ms): Min: 0.0, Avg: 0.0, Max: 0.0, Diff: 0.0, Sum: 0.0]
      [GC Worker Other (ms): Min: 0.0, Avg: 0.1, Max: 0.1, Diff: 0.1, Sum: 0.3]
      [GC Worker Total (ms): Min: 34.1, Avg: 34.1, Max: 34.2, Diff: 0.1, Sum: 136.5]
      [GC Worker End (ms): Min: 124248.1, Avg: 124248.1, Max: 124248.2, Diff: 0.1]
   [Code Root Fixup: 0.0 ms]
   [Code Root Migration: 0.2 ms]
   [Clear CT: 0.5 ms]
   [Other: 71.3 ms]
      [Choose CSet: 0.0 ms]
      [Ref Proc: 64.0 ms]
      [Ref Enq: 5.4 ms]
      [Free CSet: 1.9 ms]
   [Eden: 1698.0M(1698.0M)->0.0B(1698.0M) Survivors: 22.0M->22.0M Heap: 3661.9M(4096.0M)->1964.4M(4096.0M)]
 [Times: user=0.41 sys=0.00, real=0.11 secs] 
2016-01-06T00:58:08.462-0800: 124.583: [GC pause (young)
Desired survivor size 112721920 bytes, new threshold 15 (max 15)
- age   1:   20636848 bytes,   20636848 total
- age   2:      36864 bytes,   20673712 total
2016-01-06T00:58:08.565-0800: 124.686: [SoftReference, 0 refs, 0.0004730 secs]2016-01-06T00:58:08.566-0800: 124.687: [WeakReference, 0 refs, 0.0003310 secs]2016-01-06T00:58:08.566-0800: 124.687: [FinalReference, 0 refs, 0.0003510 secs]2016-01-06T00:58:08.567-0800: 124.687: [PhantomReference, 0 refs, 53149 refs, 0.0016530 secs]2016-01-06T00:58:08.568-0800: 124.689: [JNI Weak Reference, 0.0000090 secs], 0.1126320 secs]
   [Parallel Time: 29.6 ms, GC Workers: 4]
      [GC Worker Start (ms): Min: 124583.2, Avg: 124583.9, Max: 124585.9, Diff: 2.7]
      [Ext Root Scanning (ms): Min: 0.0, Avg: 0.3, Max: 0.5, Diff: 0.5, Sum: 1.2]
      [SATB Filtering (ms): Min: 0.0, Avg: 0.0, Max: 0.0, Diff: 0.0, Sum: 0.0]
      [Update RS (ms): Min: 15.2, Avg: 16.9, Max: 17.6, Diff: 2.4, Sum: 67.4]
         [Processed Buffers: Min: 22, Avg: 25.0, Max: 28, Diff: 6, Sum: 100]
      [Scan RS (ms): Min: 0.7, Avg: 0.8, Max: 0.9, Diff: 0.2, Sum: 3.3]
      [Code Root Scanning (ms): Min: 0.1, Avg: 0.1, Max: 0.1, Diff: 0.0, Sum: 0.4]
      [Object Copy (ms): Min: 10.7, Avg: 10.7, Max: 10.7, Diff: 0.1, Sum: 42.8]
      [Termination (ms): Min: 0.0, Avg: 0.0, Max: 0.0, Diff: 0.0, Sum: 0.0]
      [GC Worker Other (ms): Min: 0.0, Avg: 0.1, Max: 0.1, Diff: 0.0, Sum: 0.2]
      [GC Worker Total (ms): Min: 26.8, Avg: 28.8, Max: 29.5, Diff: 2.7, Sum: 115.3]
      [GC Worker End (ms): Min: 124612.7, Avg: 124612.7, Max: 124612.7, Diff: 0.0]
   [Code Root Fixup: 0.0 ms]
   [Code Root Migration: 0.2 ms]
   [Clear CT: 0.5 ms]
   [Other: 82.3 ms]
      [Choose CSet: 0.0 ms]
      [Ref Proc: 76.3 ms]
      [Ref Enq: 4.0 ms]
      [Free CSet: 1.9 ms]
   [Eden: 1698.0M(1698.0M)->0.0B(1698.0M) Survivors: 22.0M->22.0M Heap: 3662.4M(4096.0M)->1964.4M(4096.0M)]
 [Times: user=0.39 sys=0.01, real=0.11 secs] 
2016-01-06T00:58:08.836-0800: 124.957: [GC pause (young)
Desired survivor size 112721920 bytes, new threshold 15 (max 15)
- age   1:   20636848 bytes,   20636848 total
- age   2:      36864 bytes,   20673712 total
2016-01-06T00:58:08.951-0800: 125.071: [SoftReference, 0 refs, 0.0006720 secs]2016-01-06T00:58:08.951-0800: 125.072: [WeakReference, 0 refs, 0.0003510 secs]2016-01-06T00:58:08.952-0800: 125.073: [FinalReference, 0 refs, 0.0003500 secs]2016-01-06T00:58:08.952-0800: 125.073: [PhantomReference, 0 refs, 53149 refs, 0.0022160 secs]2016-01-06T00:58:08.954-0800: 125.075: [JNI Weak Reference, 0.0000130 secs], 0.1242380 secs]
   [Parallel Time: 33.7 ms, GC Workers: 4]
      [GC Worker Start (ms): Min: 124957.2, Avg: 124957.2, Max: 124957.2, Diff: 0.1]
      [Ext Root Scanning (ms): Min: 0.3, Avg: 0.4, Max: 0.4, Diff: 0.1, Sum: 1.4]
      [SATB Filtering (ms): Min: 0.0, Avg: 0.0, Max: 0.0, Diff: 0.0, Sum: 0.0]
      [Update RS (ms): Min: 21.4, Avg: 21.6, Max: 21.8, Diff: 0.4, Sum: 86.3]
         [Processed Buffers: Min: 28, Avg: 30.5, Max: 32, Diff: 4, Sum: 122]
      [Scan RS (ms): Min: 0.7, Avg: 0.8, Max: 0.9, Diff: 0.2, Sum: 3.1]
      [Code Root Scanning (ms): Min: 0.1, Avg: 0.1, Max: 0.1, Diff: 0.0, Sum: 0.3]
      [Object Copy (ms): Min: 10.6, Avg: 10.7, Max: 10.7, Diff: 0.1, Sum: 42.7]
      [Termination (ms): Min: 0.0, Avg: 0.0, Max: 0.0, Diff: 0.0, Sum: 0.0]
      [GC Worker Other (ms): Min: 0.0, Avg: 0.0, Max: 0.1, Diff: 0.1, Sum: 0.2]
      [GC Worker Total (ms): Min: 33.5, Avg: 33.5, Max: 33.5, Diff: 0.0, Sum: 134.1]
      [GC Worker End (ms): Min: 124990.7, Avg: 124990.7, Max: 124990.8, Diff: 0.1]
   [Code Root Fixup: 0.0 ms]
   [Code Root Migration: 0.3 ms]
   [Clear CT: 0.5 ms]
   [Other: 89.8 ms]
      [Choose CSet: 0.0 ms]
      [Ref Proc: 84.3 ms]
      [Ref Enq: 3.3 ms]
      [Free CSet: 2.1 ms]
   [Eden: 1698.0M(1698.0M)->0.0B(1698.0M) Survivors: 22.0M->22.0M Heap: 3662.4M(4096.0M)->1964.4M(4096.0M)]
 [Times: user=0.45 sys=0.00, real=0.13 secs] 
2016-01-06T00:58:09.222-0800: 125.343: [GC pause (young)
Desired survivor size 112721920 bytes, new threshold 15 (max 15)
- age   1:   20636848 bytes,   20636848 total
- age   2:      36864 bytes,   20673712 total
2016-01-06T00:58:09.351-0800: 125.472: [SoftReference, 0 refs, 0.0005300 secs]2016-01-06T00:58:09.352-0800: 125.473: [WeakReference, 0 refs, 0.0002370 secs]2016-01-06T00:58:09.352-0800: 125.473: [FinalReference, 0 refs, 0.0002070 secs]2016-01-06T00:58:09.352-0800: 125.473: [PhantomReference, 0 refs, 53148 refs, 0.0016790 secs]2016-01-06T00:58:09.354-0800: 125.475: [JNI Weak Reference, 0.0000090 secs], 0.1392170 secs]
   [Parallel Time: 32.2 ms, GC Workers: 4]
      [GC Worker Start (ms): Min: 125343.0, Avg: 125343.7, Max: 125345.9, Diff: 2.9]
      [Ext Root Scanning (ms): Min: 0.0, Avg: 0.3, Max: 0.5, Diff: 0.5, Sum: 1.3]
      [SATB Filtering (ms): Min: 0.0, Avg: 0.0, Max: 0.0, Diff: 0.0, Sum: 0.0]
      [Update RS (ms): Min: 17.7, Avg: 19.7, Max: 20.8, Diff: 3.1, Sum: 78.8]
         [Processed Buffers: Min: 27, Avg: 28.2, Max: 30, Diff: 3, Sum: 113]
      [Scan RS (ms): Min: 0.5, Avg: 0.8, Max: 0.9, Diff: 0.4, Sum: 3.2]
      [Code Root Scanning (ms): Min: 0.0, Avg: 0.1, Max: 0.1, Diff: 0.1, Sum: 0.4]
      [Object Copy (ms): Min: 10.3, Avg: 10.3, Max: 10.4, Diff: 0.1, Sum: 41.4]
      [Termination (ms): Min: 0.0, Avg: 0.0, Max: 0.0, Diff: 0.0, Sum: 0.0]
      [GC Worker Other (ms): Min: 0.0, Avg: 0.1, Max: 0.1, Diff: 0.1, Sum: 0.3]
      [GC Worker Total (ms): Min: 29.2, Avg: 31.3, Max: 32.1, Diff: 2.9, Sum: 125.3]
      [GC Worker End (ms): Min: 125375.0, Avg: 125375.0, Max: 125375.1, Diff: 0.1]
   [Code Root Fixup: 0.0 ms]
   [Code Root Migration: 0.3 ms]
   [Clear CT: 0.4 ms]
   [Other: 106.3 ms]
      [Choose CSet: 0.0 ms]
      [Ref Proc: 99.6 ms]
      [Ref Enq: 4.6 ms]
      [Free CSet: 2.0 ms]
   [Eden: 1698.0M(1698.0M)->0.0B(1698.0M) Survivors: 22.0M->22.0M Heap: 3662.4M(4096.0M)->1964.4M(4096.0M)]
 [Times: user=0.52 sys=0.00, real=0.14 secs] 
2016-01-06T00:58:09.603-0800: 125.724: [GC pause (young)
Desired survivor size 112721920 bytes, new threshold 15 (max 15)
- age   1:   20636848 bytes,   20636848 total
- age   2:      36864 bytes,   20673712 total
2016-01-06T00:58:09.760-0800: 125.881: [SoftReference, 0 refs, 0.0006300 secs]2016-01-06T00:58:09.761-0800: 125.882: [WeakReference, 0 refs, 0.0002450 secs]2016-01-06T00:58:09.761-0800: 125.882: [FinalReference, 0 refs, 0.0002750 secs]2016-01-06T00:58:09.761-0800: 125.882: [PhantomReference, 0 refs, 53147 refs, 0.0015800 secs]2016-01-06T00:58:09.763-0800: 125.884: [JNI Weak Reference, 0.0000160 secs], 0.1676090 secs]
   [Parallel Time: 37.6 ms, GC Workers: 4]
      [GC Worker Start (ms): Min: 125723.9, Avg: 125724.0, Max: 125724.0, Diff: 0.1]
      [Ext Root Scanning (ms): Min: 0.3, Avg: 0.4, Max: 0.4, Diff: 0.1, Sum: 1.4]
      [SATB Filtering (ms): Min: 0.0, Avg: 0.0, Max: 0.0, Diff: 0.0, Sum: 0.0]
      [Update RS (ms): Min: 26.2, Avg: 26.3, Max: 26.5, Diff: 0.4, Sum: 105.2]
         [Processed Buffers: Min: 36, Avg: 38.0, Max: 40, Diff: 4, Sum: 152]
      [Scan RS (ms): Min: 0.6, Avg: 0.8, Max: 1.0, Diff: 0.3, Sum: 3.2]
      [Code Root Scanning (ms): Min: 0.1, Avg: 0.1, Max: 0.1, Diff: 0.0, Sum: 0.3]
      [Object Copy (ms): Min: 9.9, Avg: 9.9, Max: 10.0, Diff: 0.1, Sum: 39.7]
      [Termination (ms): Min: 0.0, Avg: 0.0, Max: 0.0, Diff: 0.0, Sum: 0.0]
      [GC Worker Other (ms): Min: 0.0, Avg: 0.1, Max: 0.1, Diff: 0.0, Sum: 0.3]
      [GC Worker Total (ms): Min: 37.5, Avg: 37.5, Max: 37.6, Diff: 0.1, Sum: 150.1]
      [GC Worker End (ms): Min: 125761.5, Avg: 125761.5, Max: 125761.5, Diff: 0.0]
   [Code Root Fixup: 0.0 ms]
   [Code Root Migration: 0.3 ms]
   [Clear CT: 0.5 ms]
   [Other: 129.2 ms]
      [Choose CSet: 0.0 ms]
      [Ref Proc: 122.2 ms]
      [Ref Enq: 4.9 ms]
      [Free CSet: 2.0 ms]
   [Eden: 1698.0M(1698.0M)->0.0B(1698.0M) Survivors: 22.0M->22.0M Heap: 3662.4M(4096.0M)->1964.4M(4096.0M)]
 [Times: user=0.63 sys=0.00, real=0.17 secs] 
2016-01-06T00:58:10.031-0800: 126.152: [GC pause (young)
Desired survivor size 112721920 bytes, new threshold 15 (max 15)
- age   1:   20636848 bytes,   20636848 total
- age   2:      36864 bytes,   20673712 total
2016-01-06T00:58:10.192-0800: 126.313: [SoftReference, 0 refs, 0.0004510 secs]2016-01-06T00:58:10.193-0800: 126.314: [WeakReference, 0 refs, 0.0002680 secs]2016-01-06T00:58:10.193-0800: 126.314: [FinalReference, 0 refs, 0.0003650 secs]2016-01-06T00:58:10.194-0800: 126.314: [PhantomReference, 0 refs, 53141 refs, 0.0019740 secs]2016-01-06T00:58:10.196-0800: 126.316: [JNI Weak Reference, 0.0000080 secs], 0.1719720 secs]
   [Parallel Time: 39.6 ms, GC Workers: 4]
      [GC Worker Start (ms): Min: 126151.9, Avg: 126152.9, Max: 126153.9, Diff: 2.0]
      [Ext Root Scanning (ms): Min: 0.0, Avg: 0.3, Max: 0.7, Diff: 0.7, Sum: 1.3]
      [SATB Filtering (ms): Min: 0.0, Avg: 0.0, Max: 0.0, Diff: 0.0, Sum: 0.0]
      [Update RS (ms): Min: 25.5, Avg: 26.3, Max: 27.0, Diff: 1.5, Sum: 105.4]
         [Processed Buffers: Min: 20, Avg: 27.8, Max: 37, Diff: 17, Sum: 111]
      [Scan RS (ms): Min: 0.6, Avg: 0.8, Max: 1.0, Diff: 0.3, Sum: 3.3]
      [Code Root Scanning (ms): Min: 0.1, Avg: 0.1, Max: 0.1, Diff: 0.0, Sum: 0.3]
      [Object Copy (ms): Min: 10.9, Avg: 10.9, Max: 10.9, Diff: 0.1, Sum: 43.5]
      [Termination (ms): Min: 0.0, Avg: 0.0, Max: 0.0, Diff: 0.0, Sum: 0.0]
      [GC Worker Other (ms): Min: 0.0, Avg: 0.1, Max: 0.1, Diff: 0.1, Sum: 0.3]
      [GC Worker Total (ms): Min: 37.5, Avg: 38.5, Max: 39.6, Diff: 2.1, Sum: 154.0]
      [GC Worker End (ms): Min: 126191.4, Avg: 126191.4, Max: 126191.4, Diff: 0.1]
   [Code Root Fixup: 0.0 ms]
   [Code Root Migration: 0.2 ms]
   [Clear CT: 0.4 ms]
   [Other: 131.6 ms]
      [Choose CSet: 0.0 ms]
      [Ref Proc: 125.0 ms]
      [Ref Enq: 4.7 ms]
      [Free CSet: 1.9 ms]
   [Eden: 1698.0M(1698.0M)->0.0B(1705.0M) Survivors: 22.0M->16.0M Heap: 3662.4M(4096.0M)->1958.4M(4096.0M)]
 [Times: user=0.62 sys=0.01, real=0.17 secs] 
2016-01-06T00:58:10.466-0800: 126.587: [GC pause (young)
Desired survivor size 113246208 bytes, new threshold 15 (max 15)
- age   1:   14956912 bytes,   14956912 total
- age   2:      36864 bytes,   14993776 total
2016-01-06T00:58:10.653-0800: 126.774: [SoftReference, 0 refs, 0.0005620 secs]2016-01-06T00:58:10.653-0800: 126.774: [WeakReference, 0 refs, 0.0003730 secs]2016-01-06T00:58:10.654-0800: 126.775: [FinalReference, 0 refs, 0.0002540 secs]2016-01-06T00:58:10.654-0800: 126.775: [PhantomReference, 0 refs, 53363 refs, 0.0017670 secs]2016-01-06T00:58:10.656-0800: 126.777: [JNI Weak Reference, 0.0000160 secs], 0.1979180 secs]
   [Parallel Time: 33.6 ms, GC Workers: 4]
      [GC Worker Start (ms): Min: 126586.9, Avg: 126586.9, Max: 126586.9, Diff: 0.1]
      [Ext Root Scanning (ms): Min: 0.3, Avg: 0.4, Max: 0.4, Diff: 0.1, Sum: 1.4]
      [SATB Filtering (ms): Min: 0.0, Avg: 0.0, Max: 0.0, Diff: 0.0, Sum: 0.0]
      [Update RS (ms): Min: 21.3, Avg: 21.4, Max: 21.5, Diff: 0.2, Sum: 85.5]
         [Processed Buffers: Min: 18, Avg: 27.0, Max: 32, Diff: 14, Sum: 108]
      [Scan RS (ms): Min: 0.7, Avg: 0.8, Max: 1.0, Diff: 0.3, Sum: 3.2]
      [Code Root Scanning (ms): Min: 0.1, Avg: 0.1, Max: 0.1, Diff: 0.0, Sum: 0.3]
      [Object Copy (ms): Min: 10.8, Avg: 10.8, Max: 10.9, Diff: 0.1, Sum: 43.4]
      [Termination (ms): Min: 0.0, Avg: 0.0, Max: 0.0, Diff: 0.0, Sum: 0.0]
      [GC Worker Other (ms): Min: 0.0, Avg: 0.0, Max: 0.1, Diff: 0.0, Sum: 0.2]
      [GC Worker Total (ms): Min: 33.5, Avg: 33.5, Max: 33.5, Diff: 0.1, Sum: 134.0]
      [GC Worker End (ms): Min: 126620.4, Avg: 126620.4, Max: 126620.4, Diff: 0.0]
   [Code Root Fixup: 0.0 ms]
   [Code Root Migration: 0.3 ms]
   [Clear CT: 0.5 ms]
   [Other: 163.6 ms]
      [Choose CSet: 0.0 ms]
      [Ref Proc: 156.2 ms]
      [Ref Enq: 5.4 ms]
      [Free CSet: 1.9 ms]
   [Eden: 1705.0M(1705.0M)->0.0B(1698.0M) Survivors: 16.0M->22.0M Heap: 3663.4M(4096.0M)->1964.4M(4096.0M)]
 [Times: user=0.74 sys=0.00, real=0.19 secs] 
2016-01-06T00:58:10.928-0800: 127.049: [GC pause (young)
Desired survivor size 112721920 bytes, new threshold 15 (max 15)
- age   1:   20652472 bytes,   20652472 total
- age   2:      36864 bytes,   20689336 total
2016-01-06T00:58:11.095-0800: 127.216: [SoftReference, 0 refs, 0.0005630 secs]2016-01-06T00:58:11.096-0800: 127.217: [WeakReference, 0 refs, 0.0003610 secs]2016-01-06T00:58:11.096-0800: 127.217: [FinalReference, 0 refs, 0.0002210 secs]2016-01-06T00:58:11.096-0800: 127.217: [PhantomReference, 0 refs, 53148 refs, 0.0019550 secs]2016-01-06T00:58:11.098-0800: 127.219: [JNI Weak Reference, 0.0000090 secs], 0.1778740 secs]
   [Parallel Time: 27.3 ms, GC Workers: 4]
      [GC Worker Start (ms): Min: 127049.3, Avg: 127049.4, Max: 127049.4, Diff: 0.1]
      [Ext Root Scanning (ms): Min: 0.3, Avg: 0.4, Max: 0.4, Diff: 0.1, Sum: 1.4]
      [SATB Filtering (ms): Min: 0.0, Avg: 0.0, Max: 0.0, Diff: 0.0, Sum: 0.0]
      [Update RS (ms): Min: 15.0, Avg: 15.0, Max: 15.1, Diff: 0.2, Sum: 60.2]
         [Processed Buffers: Min: 20, Avg: 20.2, Max: 21, Diff: 1, Sum: 81]
      [Scan RS (ms): Min: 0.7, Avg: 0.8, Max: 0.9, Diff: 0.2, Sum: 3.3]
      [Code Root Scanning (ms): Min: 0.1, Avg: 0.1, Max: 0.1, Diff: 0.0, Sum: 0.3]
      [Object Copy (ms): Min: 10.8, Avg: 10.8, Max: 10.9, Diff: 0.1, Sum: 43.4]
      [Termination (ms): Min: 0.0, Avg: 0.0, Max: 0.0, Diff: 0.0, Sum: 0.0]
      [GC Worker Other (ms): Min: 0.0, Avg: 0.1, Max: 0.1, Diff: 0.1, Sum: 0.2]
      [GC Worker Total (ms): Min: 27.2, Avg: 27.2, Max: 27.2, Diff: 0.0, Sum: 108.9]
      [GC Worker End (ms): Min: 127076.6, Avg: 127076.6, Max: 127076.6, Diff: 0.1]
   [Code Root Fixup: 0.0 ms]
   [Code Root Migration: 0.2 ms]
   [Clear CT: 0.4 ms]
   [Other: 149.9 ms]
      [Choose CSet: 0.0 ms]
      [Ref Proc: 142.5 ms]
      [Ref Enq: 5.3 ms]
      [Free CSet: 2.1 ms]
   [Eden: 1698.0M(1698.0M)->0.0B(1698.0M) Survivors: 22.0M->22.0M Heap: 3662.4M(4096.0M)->1964.4M(4096.0M)]
 [Times: user=0.67 sys=0.01, real=0.18 secs] 
2016-01-06T00:58:11.366-0800: 127.487: [GC pause (young)
Desired survivor size 112721920 bytes, new threshold 15 (max 15)
- age   1:   20636848 bytes,   20636848 total
- age   2:      36864 bytes,   20673712 total
2016-01-06T00:58:11.542-0800: 127.663: [SoftReference, 0 refs, 0.0005880 secs]2016-01-06T00:58:11.542-0800: 127.663: [WeakReference, 0 refs, 0.0003390 secs]2016-01-06T00:58:11.543-0800: 127.664: [FinalReference, 0 refs, 0.0002190 secs]2016-01-06T00:58:11.543-0800: 127.664: [PhantomReference, 0 refs, 53146 refs, 0.0014190 secs]2016-01-06T00:58:11.544-0800: 127.665: [JNI Weak Reference, 0.0000120 secs], 0.1854470 secs]
   [Parallel Time: 26.3 ms, GC Workers: 4]
      [GC Worker Start (ms): Min: 127486.6, Avg: 127486.7, Max: 127486.7, Diff: 0.1]
      [Ext Root Scanning (ms): Min: 0.3, Avg: 0.4, Max: 0.4, Diff: 0.1, Sum: 1.4]
      [SATB Filtering (ms): Min: 0.0, Avg: 0.0, Max: 0.0, Diff: 0.0, Sum: 0.0]
      [Update RS (ms): Min: 14.7, Avg: 14.8, Max: 15.0, Diff: 0.3, Sum: 59.3]
         [Processed Buffers: Min: 21, Avg: 21.5, Max: 23, Diff: 2, Sum: 86]
      [Scan RS (ms): Min: 0.6, Avg: 0.8, Max: 0.9, Diff: 0.3, Sum: 3.2]
      [Code Root Scanning (ms): Min: 0.1, Avg: 0.1, Max: 0.1, Diff: 0.0, Sum: 0.4]
      [Object Copy (ms): Min: 10.0, Avg: 10.0, Max: 10.1, Diff: 0.1, Sum: 40.1]
      [Termination (ms): Min: 0.0, Avg: 0.0, Max: 0.0, Diff: 0.0, Sum: 0.0]
      [GC Worker Other (ms): Min: 0.0, Avg: 0.1, Max: 0.1, Diff: 0.1, Sum: 0.3]
      [GC Worker Total (ms): Min: 26.2, Avg: 26.2, Max: 26.2, Diff: 0.1, Sum: 104.7]
      [GC Worker End (ms): Min: 127512.8, Avg: 127512.8, Max: 127512.9, Diff: 0.1]
   [Code Root Fixup: 0.0 ms]
   [Code Root Migration: 0.3 ms]
   [Clear CT: 0.4 ms]
   [Other: 158.5 ms]
      [Choose CSet: 0.0 ms]
      [Ref Proc: 152.3 ms]
      [Ref Enq: 4.2 ms]
      [Free CSet: 1.9 ms]
   [Eden: 1698.0M(1698.0M)->0.0B(1698.0M) Survivors: 22.0M->22.0M Heap: 3662.4M(4096.0M)->1963.9M(4096.0M)]
 [Times: user=0.69 sys=0.00, real=0.18 secs] 
2016-01-06T00:58:11.810-0800: 127.930: [GC pause (young)
Desired survivor size 112721920 bytes, new threshold 15 (max 15)
- age   1:   20636848 bytes,   20636848 total
- age   2:      36864 bytes,   20673712 total
2016-01-06T00:58:11.986-0800: 128.107: [SoftReference, 0 refs, 0.0005220 secs]2016-01-06T00:58:11.986-0800: 128.107: [WeakReference, 0 refs, 0.0002550 secs]2016-01-06T00:58:11.987-0800: 128.108: [FinalReference, 0 refs, 0.0002410 secs]2016-01-06T00:58:11.987-0800: 128.108: [PhantomReference, 0 refs, 53146 refs, 0.0013500 secs]2016-01-06T00:58:11.988-0800: 128.109: [JNI Weak Reference, 0.0000150 secs], 0.1867690 secs]
   [Parallel Time: 25.1 ms, GC Workers: 4]
      [GC Worker Start (ms): Min: 127930.5, Avg: 127930.6, Max: 127931.0, Diff: 0.5]
      [Ext Root Scanning (ms): Min: 0.0, Avg: 0.3, Max: 0.5, Diff: 0.4, Sum: 1.3]
      [SATB Filtering (ms): Min: 0.0, Avg: 0.0, Max: 0.0, Diff: 0.0, Sum: 0.0]
      [Update RS (ms): Min: 13.4, Avg: 13.6, Max: 13.8, Diff: 0.4, Sum: 54.3]
         [Processed Buffers: Min: 20, Avg: 21.5, Max: 23, Diff: 3, Sum: 86]
      [Scan RS (ms): Min: 0.6, Avg: 0.7, Max: 0.8, Diff: 0.2, Sum: 2.9]
      [Code Root Scanning (ms): Min: 0.1, Avg: 0.1, Max: 0.1, Diff: 0.0, Sum: 0.3]
      [Object Copy (ms): Min: 10.0, Avg: 10.0, Max: 10.1, Diff: 0.1, Sum: 40.1]
      [Termination (ms): Min: 0.0, Avg: 0.0, Max: 0.0, Diff: 0.0, Sum: 0.0]
      [GC Worker Other (ms): Min: 0.0, Avg: 0.1, Max: 0.1, Diff: 0.0, Sum: 0.2]
      [GC Worker Total (ms): Min: 24.4, Avg: 24.8, Max: 24.9, Diff: 0.5, Sum: 99.2]
      [GC Worker End (ms): Min: 127955.4, Avg: 127955.4, Max: 127955.4, Diff: 0.0]
   [Code Root Fixup: 0.0 ms]
   [Code Root Migration: 0.3 ms]
   [Clear CT: 0.4 ms]
   [Other: 161.1 ms]
      [Choose CSet: 0.0 ms]
      [Ref Proc: 153.7 ms]
      [Ref Enq: 5.3 ms]
      [Free CSet: 2.0 ms]
   [Eden: 1698.0M(1698.0M)->0.0B(1698.0M) Survivors: 22.0M->22.0M Heap: 3661.9M(4096.0M)->1964.4M(4096.0M)]
 [Times: user=0.67 sys=0.00, real=0.18 secs] 
2016-01-06T00:58:12.238-0800: 128.358: [GC pause (young)
Desired survivor size 112721920 bytes, new threshold 15 (max 15)
- age   1:   20636848 bytes,   20636848 total
- age   2:      36864 bytes,   20673712 total
2016-01-06T00:58:12.405-0800: 128.526: [SoftReference, 0 refs, 0.0005790 secs]2016-01-06T00:58:12.406-0800: 128.527: [WeakReference, 0 refs, 0.0002340 secs]2016-01-06T00:58:12.406-0800: 128.527: [FinalReference, 0 refs, 0.0002360 secs]2016-01-06T00:58:12.406-0800: 128.527: [PhantomReference, 0 refs, 53148 refs, 0.0019400 secs]2016-01-06T00:58:12.408-0800: 128.529: [JNI Weak Reference, 0.0000250 secs], 0.1772730 secs]
   [Parallel Time: 13.7 ms, GC Workers: 4]
      [GC Worker Start (ms): Min: 128358.5, Avg: 128359.4, Max: 128361.9, Diff: 3.4]
      [Ext Root Scanning (ms): Min: 0.0, Avg: 0.3, Max: 0.5, Diff: 0.5, Sum: 1.3]
      [SATB Filtering (ms): Min: 0.0, Avg: 0.0, Max: 0.0, Diff: 0.0, Sum: 0.0]
      [Update RS (ms): Min: 0.0, Avg: 1.5, Max: 2.1, Diff: 2.1, Sum: 6.2]
         [Processed Buffers: Min: 0, Avg: 3.8, Max: 7, Diff: 7, Sum: 15]
      [Scan RS (ms): Min: 0.2, Avg: 0.7, Max: 0.9, Diff: 0.7, Sum: 2.8]
      [Code Root Scanning (ms): Min: 0.0, Avg: 0.1, Max: 0.1, Diff: 0.1, Sum: 0.4]
      [Object Copy (ms): Min: 10.0, Avg: 10.0, Max: 10.1, Diff: 0.1, Sum: 40.1]
      [Termination (ms): Min: 0.0, Avg: 0.0, Max: 0.0, Diff: 0.0, Sum: 0.0]
      [GC Worker Other (ms): Min: 0.0, Avg: 0.1, Max: 0.1, Diff: 0.1, Sum: 0.2]
      [GC Worker Total (ms): Min: 10.2, Avg: 12.7, Max: 13.6, Diff: 3.4, Sum: 51.0]
      [GC Worker End (ms): Min: 128372.1, Avg: 128372.1, Max: 128372.1, Diff: 0.1]
   [Code Root Fixup: 0.0 ms]
   [Code Root Migration: 0.3 ms]
   [Clear CT: 0.5 ms]
   [Other: 162.8 ms]
      [Choose CSet: 0.0 ms]
      [Ref Proc: 157.0 ms]
      [Ref Enq: 3.9 ms]
      [Free CSet: 1.9 ms]
   [Eden: 1698.0M(1698.0M)->0.0B(1698.0M) Survivors: 22.0M->22.0M Heap: 3662.4M(4096.0M)->1964.4M(4096.0M)]
 [Times: user=0.66 sys=0.00, real=0.17 secs] 
2016-01-06T00:58:12.667-0800: 128.788: [GC pause (young)
Desired survivor size 112721920 bytes, new threshold 15 (max 15)
- age   1:   20636848 bytes,   20636848 total
- age   2:      36864 bytes,   20673712 total
2016-01-06T00:58:12.839-0800: 128.960: [SoftReference, 0 refs, 0.0005770 secs]2016-01-06T00:58:12.840-0800: 128.961: [WeakReference, 0 refs, 0.0002360 secs]2016-01-06T00:58:12.840-0800: 128.961: [FinalReference, 0 refs, 0.0002690 secs]2016-01-06T00:58:12.841-0800: 128.961: [PhantomReference, 0 refs, 53148 refs, 0.0016600 secs]2016-01-06T00:58:12.842-0800: 128.963: [JNI Weak Reference, 0.0000090 secs], 0.1823130 secs]
   [Parallel Time: 11.8 ms, GC Workers: 4]
      [GC Worker Start (ms): Min: 128788.4, Avg: 128788.5, Max: 128788.5, Diff: 0.1]
      [Ext Root Scanning (ms): Min: 0.3, Avg: 0.4, Max: 0.4, Diff: 0.1, Sum: 1.4]
      [SATB Filtering (ms): Min: 0.0, Avg: 0.0, Max: 0.0, Diff: 0.0, Sum: 0.0]
      [Update RS (ms): Min: 0.0, Avg: 0.1, Max: 0.3, Diff: 0.3, Sum: 0.3]
         [Processed Buffers: Min: 0, Avg: 1.2, Max: 3, Diff: 3, Sum: 5]
      [Scan RS (ms): Min: 0.7, Avg: 0.8, Max: 0.9, Diff: 0.2, Sum: 3.2]
      [Code Root Scanning (ms): Min: 0.1, Avg: 0.1, Max: 0.1, Diff: 0.0, Sum: 0.3]
      [Object Copy (ms): Min: 10.3, Avg: 10.3, Max: 10.3, Diff: 0.0, Sum: 41.3]
      [Termination (ms): Min: 0.0, Avg: 0.0, Max: 0.0, Diff: 0.0, Sum: 0.0]
      [GC Worker Other (ms): Min: 0.0, Avg: 0.1, Max: 0.1, Diff: 0.1, Sum: 0.2]
      [GC Worker Total (ms): Min: 11.6, Avg: 11.7, Max: 11.7, Diff: 0.1, Sum: 46.8]
      [GC Worker End (ms): Min: 128800.1, Avg: 128800.1, Max: 128800.2, Diff: 0.1]
   [Code Root Fixup: 0.0 ms]
   [Code Root Migration: 0.2 ms]
   [Clear CT: 0.5 ms]
   [Other: 169.8 ms]
      [Choose CSet: 0.0 ms]
      [Ref Proc: 163.0 ms]
      [Ref Enq: 4.8 ms]
      [Free CSet: 1.9 ms]
   [Eden: 1698.0M(1698.0M)->0.0B(1698.0M) Survivors: 22.0M->22.0M Heap: 3662.4M(4096.0M)->1964.4M(4096.0M)]
 [Times: user=0.65 sys=0.00, real=0.18 secs] 
2016-01-06T00:58:13.107-0800: 129.228: [GC pause (young)
Desired survivor size 112721920 bytes, new threshold 15 (max 15)
- age   1:   20636848 bytes,   20636848 total
- age   2:      36864 bytes,   20673712 total
2016-01-06T00:58:13.287-0800: 129.408: [SoftReference, 0 refs, 0.0004300 secs]2016-01-06T00:58:13.288-0800: 129.409: [WeakReference, 0 refs, 0.0002530 secs]2016-01-06T00:58:13.288-0800: 129.409: [FinalReference, 0 refs, 0.0003650 secs]2016-01-06T00:58:13.288-0800: 129.409: [PhantomReference, 0 refs, 53148 refs, 0.0020520 secs]2016-01-06T00:58:13.291-0800: 129.411: [JNI Weak Reference, 0.0000100 secs], 0.1908990 secs]
   [Parallel Time: 16.2 ms, GC Workers: 4]
      [GC Worker Start (ms): Min: 129228.2, Avg: 129228.3, Max: 129228.3, Diff: 0.1]
      [Ext Root Scanning (ms): Min: 0.3, Avg: 0.4, Max: 0.4, Diff: 0.1, Sum: 1.4]
      [SATB Filtering (ms): Min: 0.0, Avg: 0.0, Max: 0.0, Diff: 0.0, Sum: 0.0]
      [Update RS (ms): Min: 4.0, Avg: 4.2, Max: 4.3, Diff: 0.3, Sum: 16.6]
         [Processed Buffers: Min: 6, Avg: 7.0, Max: 10, Diff: 4, Sum: 28]
      [Scan RS (ms): Min: 0.6, Avg: 0.8, Max: 1.0, Diff: 0.3, Sum: 3.1]
      [Code Root Scanning (ms): Min: 0.1, Avg: 0.1, Max: 0.1, Diff: 0.0, Sum: 0.3]
      [Object Copy (ms): Min: 10.5, Avg: 10.6, Max: 10.7, Diff: 0.2, Sum: 42.3]
      [Termination (ms): Min: 0.0, Avg: 0.1, Max: 0.2, Diff: 0.2, Sum: 0.5]
      [GC Worker Other (ms): Min: 0.0, Avg: 0.0, Max: 0.1, Diff: 0.0, Sum: 0.1]
      [GC Worker Total (ms): Min: 16.1, Avg: 16.1, Max: 16.1, Diff: 0.1, Sum: 64.3]
      [GC Worker End (ms): Min: 129244.3, Avg: 129244.3, Max: 129244.4, Diff: 0.0]
   [Code Root Fixup: 0.0 ms]
   [Code Root Migration: 0.3 ms]
   [Clear CT: 0.5 ms]
   [Other: 174.0 ms]
      [Choose CSet: 0.0 ms]
      [Ref Proc: 167.1 ms]
      [Ref Enq: 4.8 ms]
      [Free CSet: 2.0 ms]
   [Eden: 1698.0M(1698.0M)->0.0B(1703.0M) Survivors: 22.0M->18.0M Heap: 3662.4M(4096.0M)->1959.9M(4096.0M)]
 [Times: user=0.70 sys=0.00, real=0.19 secs] 
2016-01-06T00:58:13.538-0800: 129.659: [GC pause (young)
Desired survivor size 113246208 bytes, new threshold 15 (max 15)
- age   1:   16368688 bytes,   16368688 total
- age   2:      36864 bytes,   16405552 total
2016-01-06T00:58:13.739-0800: 129.860: [SoftReference, 0 refs, 0.0006210 secs]2016-01-06T00:58:13.746-0800: 129.867: [WeakReference, 0 refs, 0.0002550 secs]2016-01-06T00:58:13.746-0800: 129.867: [FinalReference, 0 refs, 0.0003700 secs]2016-01-06T00:58:13.747-0800: 129.868: [PhantomReference, 0 refs, 53303 refs, 0.0014620 secs]2016-01-06T00:58:13.748-0800: 129.869: [JNI Weak Reference, 0.0000090 secs], 0.2165020 secs]
   [Parallel Time: 34.0 ms, GC Workers: 4]
      [GC Worker Start (ms): Min: 129659.4, Avg: 129659.5, Max: 129659.5, Diff: 0.1]
      [Ext Root Scanning (ms): Min: 0.3, Avg: 0.4, Max: 0.4, Diff: 0.1, Sum: 1.4]
      [SATB Filtering (ms): Min: 0.0, Avg: 0.0, Max: 0.0, Diff: 0.0, Sum: 0.0]
      [Update RS (ms): Min: 21.4, Avg: 21.6, Max: 21.9, Diff: 0.5, Sum: 86.5]
         [Processed Buffers: Min: 29, Avg: 30.0, Max: 31, Diff: 2, Sum: 120]
      [Scan RS (ms): Min: 0.6, Avg: 0.8, Max: 1.0, Diff: 0.4, Sum: 3.3]
      [Code Root Scanning (ms): Min: 0.1, Avg: 0.1, Max: 0.1, Diff: 0.0, Sum: 0.4]
      [Object Copy (ms): Min: 10.8, Avg: 10.9, Max: 10.9, Diff: 0.0, Sum: 43.4]
      [Termination (ms): Min: 0.0, Avg: 0.0, Max: 0.0, Diff: 0.0, Sum: 0.0]
      [GC Worker Other (ms): Min: 0.0, Avg: 0.1, Max: 0.1, Diff: 0.1, Sum: 0.2]
      [GC Worker Total (ms): Min: 33.8, Avg: 33.8, Max: 33.9, Diff: 0.1, Sum: 135.3]
      [GC Worker End (ms): Min: 129693.3, Avg: 129693.3, Max: 129693.3, Diff: 0.1]
   [Code Root Fixup: 0.0 ms]
   [Code Root Migration: 0.3 ms]
   [Clear CT: 0.5 ms]
   [Other: 181.8 ms]
      [Choose CSet: 0.0 ms]
      [Ref Proc: 175.8 ms]
      [Ref Enq: 3.9 ms]
      [Free CSet: 2.1 ms]
   [Eden: 1703.0M(1703.0M)->0.0B(194.0M) Survivors: 18.0M->22.0M Heap: 3662.9M(4096.0M)->1964.4M(4096.0M)]
 [Times: user=0.78 sys=0.00, real=0.21 secs] 
2016-01-06T00:58:13.785-0800: 129.906: [GC pause (young)
Desired survivor size 14155776 bytes, new threshold 1 (max 15)
- age   1:   20648008 bytes,   20648008 total
- age   2:      36864 bytes,   20684872 total
2016-01-06T00:58:13.955-0800: 130.076: [SoftReference, 0 refs, 0.0005330 secs]2016-01-06T00:58:13.956-0800: 130.077: [WeakReference, 0 refs, 0.0003390 secs]2016-01-06T00:58:13.956-0800: 130.077: [FinalReference, 0 refs, 0.0003460 secs]2016-01-06T00:58:13.956-0800: 130.077: [PhantomReference, 0 refs, 6524 refs, 0.0010980 secs]2016-01-06T00:58:13.957-0800: 130.078: [JNI Weak Reference, 0.0000150 secs], 0.1735110 secs]
   [Parallel Time: 3.6 ms, GC Workers: 4]
      [GC Worker Start (ms): Min: 129906.1, Avg: 129906.9, Max: 129909.5, Diff: 3.4]
      [Ext Root Scanning (ms): Min: 0.0, Avg: 0.3, Max: 0.5, Diff: 0.5, Sum: 1.3]
      [SATB Filtering (ms): Min: 0.0, Avg: 0.0, Max: 0.0, Diff: 0.0, Sum: 0.0]
      [Update RS (ms): Min: 0.0, Avg: 0.4, Max: 0.6, Diff: 0.6, Sum: 1.6]
         [Processed Buffers: Min: 0, Avg: 1.8, Max: 3, Diff: 3, Sum: 7]
      [Scan RS (ms): Min: 0.0, Avg: 0.1, Max: 0.2, Diff: 0.2, Sum: 0.3]
      [Code Root Scanning (ms): Min: 0.0, Avg: 0.0, Max: 0.0, Diff: 0.0, Sum: 0.0]
      [Object Copy (ms): Min: 0.0, Avg: 1.7, Max: 2.2, Diff: 2.2, Sum: 6.7]
      [Termination (ms): Min: 0.0, Avg: 0.2, Max: 0.2, Diff: 0.2, Sum: 0.6]
      [GC Worker Other (ms): Min: 0.0, Avg: 0.0, Max: 0.0, Diff: 0.0, Sum: 0.0]
      [GC Worker Total (ms): Min: 0.1, Avg: 2.6, Max: 3.5, Diff: 3.4, Sum: 10.5]
      [GC Worker End (ms): Min: 129909.6, Avg: 129909.6, Max: 129909.6, Diff: 0.0]
   [Code Root Fixup: 0.0 ms]
   [Code Root Migration: 0.0 ms]
   [Clear CT: 0.2 ms]
   [Other: 169.7 ms]
      [Choose CSet: 0.0 ms]
      [Ref Proc: 168.8 ms]
      [Ref Enq: 0.3 ms]
      [Free CSet: 0.5 ms]
   [Eden: 194.0M(194.0M)->0.0B(1645.0M) Survivors: 22.0M->18.0M Heap: 2158.4M(4096.0M)->1960.4M(4096.0M)]
 [Times: user=0.64 sys=0.00, real=0.17 secs] 
2016-01-06T00:58:14.203-0800: 130.324: [GC pause (young)
Desired survivor size 109051904 bytes, new threshold 15 (max 15)
- age   1:   17279920 bytes,   17279920 total
2016-01-06T00:58:14.402-0800: 130.523: [SoftReference, 0 refs, 0.0004270 secs]2016-01-06T00:58:14.402-0800: 130.523: [WeakReference, 0 refs, 0.0002180 secs]2016-01-06T00:58:14.403-0800: 130.524: [FinalReference, 0 refs, 0.0002500 secs]2016-01-06T00:58:14.403-0800: 130.524: [PhantomReference, 0 refs, 51505 refs, 0.0018050 secs]2016-01-06T00:58:14.405-0800: 130.526: [JNI Weak Reference, 0.0000090 secs], 0.2085110 secs]
   [Parallel Time: 27.5 ms, GC Workers: 4]
      [GC Worker Start (ms): Min: 130323.8, Avg: 130324.4, Max: 130325.9, Diff: 2.1]
      [Ext Root Scanning (ms): Min: 0.0, Avg: 0.3, Max: 0.5, Diff: 0.5, Sum: 1.3]
      [SATB Filtering (ms): Min: 0.0, Avg: 0.0, Max: 0.0, Diff: 0.0, Sum: 0.0]
      [Update RS (ms): Min: 14.7, Avg: 15.5, Max: 15.9, Diff: 1.2, Sum: 62.1]
         [Processed Buffers: Min: 19, Avg: 22.5, Max: 25, Diff: 6, Sum: 90]
      [Scan RS (ms): Min: 0.4, Avg: 0.7, Max: 1.0, Diff: 0.5, Sum: 3.0]
      [Code Root Scanning (ms): Min: 0.0, Avg: 0.1, Max: 0.1, Diff: 0.1, Sum: 0.3]
      [Object Copy (ms): Min: 10.1, Avg: 10.2, Max: 10.2, Diff: 0.1, Sum: 40.7]
      [Termination (ms): Min: 0.0, Avg: 0.0, Max: 0.0, Diff: 0.0, Sum: 0.0]
      [GC Worker Other (ms): Min: 0.0, Avg: 0.1, Max: 0.1, Diff: 0.0, Sum: 0.2]
      [GC Worker Total (ms): Min: 25.4, Avg: 26.9, Max: 27.4, Diff: 2.1, Sum: 107.6]
      [GC Worker End (ms): Min: 130351.2, Avg: 130351.3, Max: 130351.3, Diff: 0.0]
   [Code Root Fixup: 0.0 ms]
   [Code Root Migration: 0.2 ms]
   [Clear CT: 0.5 ms]
   [Other: 180.3 ms]
      [Choose CSet: 0.0 ms]
      [Ref Proc: 174.4 ms]
      [Ref Enq: 3.8 ms]
      [Free CSet: 2.0 ms]
   [Eden: 1645.0M(1645.0M)->0.0B(275.0M) Survivors: 18.0M->22.0M Heap: 3605.4M(4096.0M)->1964.4M(4096.0M)]
 [Times: user=0.77 sys=0.01, real=0.21 secs] 
2016-01-06T00:58:14.456-0800: 130.577: [GC pause (young)
Desired survivor size 19922944 bytes, new threshold 1 (max 15)
- age   1:   20518552 bytes,   20518552 total
- age   2:      36864 bytes,   20555416 total
2016-01-06T00:58:14.639-0800: 130.760: [SoftReference, 0 refs, 0.0005360 secs]2016-01-06T00:58:14.639-0800: 130.760: [WeakReference, 0 refs, 0.0002290 secs]2016-01-06T00:58:14.640-0800: 130.761: [FinalReference, 0 refs, 0.0002370 secs]2016-01-06T00:58:14.640-0800: 130.761: [PhantomReference, 0 refs, 9035 refs, 0.0006050 secs]2016-01-06T00:58:14.641-0800: 130.761: [JNI Weak Reference, 0.0000090 secs], 0.1864100 secs]
   [Parallel Time: 9.2 ms, GC Workers: 4]
      [GC Worker Start (ms): Min: 130576.7, Avg: 130576.8, Max: 130576.8, Diff: 0.1]
      [Ext Root Scanning (ms): Min: 0.3, Avg: 0.4, Max: 0.4, Diff: 0.1, Sum: 1.4]
      [SATB Filtering (ms): Min: 0.0, Avg: 0.0, Max: 0.0, Diff: 0.0, Sum: 0.0]
      [Update RS (ms): Min: 5.8, Avg: 5.9, Max: 6.2, Diff: 0.4, Sum: 23.5]
         [Processed Buffers: Min: 8, Avg: 9.0, Max: 11, Diff: 3, Sum: 36]
      [Scan RS (ms): Min: 0.0, Avg: 0.1, Max: 0.2, Diff: 0.2, Sum: 0.5]
      [Code Root Scanning (ms): Min: 0.0, Avg: 0.0, Max: 0.0, Diff: 0.0, Sum: 0.1]
      [Object Copy (ms): Min: 2.5, Avg: 2.6, Max: 2.7, Diff: 0.2, Sum: 10.5]
      [Termination (ms): Min: 0.0, Avg: 0.0, Max: 0.0, Diff: 0.0, Sum: 0.0]
      [GC Worker Other (ms): Min: 0.0, Avg: 0.0, Max: 0.0, Diff: 0.0, Sum: 0.1]
      [GC Worker Total (ms): Min: 9.0, Avg: 9.0, Max: 9.1, Diff: 0.1, Sum: 36.2]
      [GC Worker End (ms): Min: 130585.8, Avg: 130585.8, Max: 130585.8, Diff: 0.0]
   [Code Root Fixup: 0.0 ms]
   [Code Root Migration: 0.1 ms]
   [Clear CT: 0.1 ms]
   [Other: 177.0 ms]
      [Choose CSet: 0.0 ms]
      [Ref Proc: 175.6 ms]
      [Ref Enq: 0.9 ms]
      [Free CSet: 0.5 ms]
   [Eden: 275.0M(275.0M)->0.0B(746.0M) Survivors: 22.0M->19.0M Heap: 2239.4M(4096.0M)->1960.9M(4096.0M)]
 [Times: user=0.70 sys=0.00, real=0.19 secs] 
2016-01-06T00:58:14.758-0800: 130.878: [GC pause (young)
Desired survivor size 50331648 bytes, new threshold 15 (max 15)
- age   1:   17460712 bytes,   17460712 total
2016-01-06T00:58:14.967-0800: 131.088: [SoftReference, 0 refs, 0.0006430 secs]2016-01-06T00:58:14.968-0800: 131.089: [WeakReference, 0 refs, 0.0003400 secs]2016-01-06T00:58:14.968-0800: 131.089: [FinalReference, 0 refs, 0.0003230 secs]2016-01-06T00:58:14.969-0800: 131.090: [PhantomReference, 0 refs, 23635 refs, 0.0014970 secs]2016-01-06T00:58:14.970-0800: 131.091: [JNI Weak Reference, 0.0000130 secs], 0.2154660 secs]
   [Parallel Time: 24.1 ms, GC Workers: 4]
      [GC Worker Start (ms): Min: 130878.6, Avg: 130880.3, Max: 130883.3, Diff: 4.7]
      [Ext Root Scanning (ms): Min: 0.0, Avg: 0.3, Max: 0.7, Diff: 0.7, Sum: 1.3]
      [SATB Filtering (ms): Min: 0.0, Avg: 0.0, Max: 0.0, Diff: 0.0, Sum: 0.0]
      [Update RS (ms): Min: 13.3, Avg: 16.3, Max: 17.8, Diff: 4.5, Sum: 65.2]
         [Processed Buffers: Min: 7, Avg: 15.2, Max: 24, Diff: 17, Sum: 61]
      [Scan RS (ms): Min: 0.0, Avg: 0.3, Max: 0.7, Diff: 0.6, Sum: 1.3]
      [Code Root Scanning (ms): Min: 0.0, Avg: 0.0, Max: 0.1, Diff: 0.1, Sum: 0.1]
      [Object Copy (ms): Min: 5.2, Avg: 5.2, Max: 5.3, Diff: 0.1, Sum: 21.0]
      [Termination (ms): Min: 0.0, Avg: 0.0, Max: 0.0, Diff: 0.0, Sum: 0.0]
      [GC Worker Other (ms): Min: 0.0, Avg: 0.0, Max: 0.1, Diff: 0.1, Sum: 0.2]
      [GC Worker Total (ms): Min: 19.3, Avg: 22.3, Max: 24.1, Diff: 4.8, Sum: 89.1]
      [GC Worker End (ms): Min: 130902.6, Avg: 130902.6, Max: 130902.6, Diff: 0.1]
   [Code Root Fixup: 0.0 ms]
   [Code Root Migration: 0.1 ms]
   [Clear CT: 0.3 ms]
   [Other: 190.9 ms]
      [Choose CSet: 0.0 ms]
      [Ref Proc: 188.4 ms]
      [Ref Enq: 1.5 ms]
      [Free CSet: 0.9 ms]
   [Eden: 746.0M(746.0M)->0.0B(184.0M) Survivors: 19.0M->20.0M Heap: 2706.9M(4096.0M)->1962.4M(4096.0M)]
 [Times: user=0.66 sys=0.01, real=0.21 secs] 
2016-01-06T00:58:15.005-0800: 131.126: [GC pause (young)
Desired survivor size 13631488 bytes, new threshold 1 (max 15)
- age   1:   18511984 bytes,   18511984 total
- age   2:      36864 bytes,   18548848 total
2016-01-06T00:58:15.206-0800: 131.327: [SoftReference, 0 refs, 0.0038570 secs]2016-01-06T00:58:15.210-0800: 131.330: [WeakReference, 0 refs, 0.0003510 secs]2016-01-06T00:58:15.210-0800: 131.331: [FinalReference, 0 refs, 0.0003850 secs]2016-01-06T00:58:15.210-0800: 131.331: [PhantomReference, 0 refs, 6214 refs, 0.0009420 secs]2016-01-06T00:58:15.211-0800: 131.332: [JNI Weak Reference, 0.0000150 secs], 0.2076910 secs]
   [Parallel Time: 12.6 ms, GC Workers: 4]
      [GC Worker Start (ms): Min: 131125.6, Avg: 131129.3, Max: 131133.0, Diff: 7.4]
      [Ext Root Scanning (ms): Min: 0.0, Avg: 0.3, Max: 0.7, Diff: 0.7, Sum: 1.3]
      [SATB Filtering (ms): Min: 0.0, Avg: 0.0, Max: 0.0, Diff: 0.0, Sum: 0.0]
      [Update RS (ms): Min: 1.5, Avg: 5.8, Max: 11.8, Diff: 10.3, Sum: 23.4]
         [Processed Buffers: Min: 2, Avg: 7.8, Max: 14, Diff: 12, Sum: 31]
      [Scan RS (ms): Min: 0.0, Avg: 0.1, Max: 0.3, Diff: 0.2, Sum: 0.3]
      [Code Root Scanning (ms): Min: 0.0, Avg: 0.0, Max: 0.0, Diff: 0.0, Sum: 0.0]
      [Object Copy (ms): Min: 0.0, Avg: 1.9, Max: 2.6, Diff: 2.5, Sum: 7.7]
      [Termination (ms): Min: 0.0, Avg: 0.6, Max: 0.9, Diff: 0.9, Sum: 2.5]
      [GC Worker Other (ms): Min: 0.0, Avg: 0.0, Max: 0.0, Diff: 0.0, Sum: 0.1]
      [GC Worker Total (ms): Min: 5.2, Avg: 8.8, Max: 12.5, Diff: 7.3, Sum: 35.3]
      [GC Worker End (ms): Min: 131138.1, Avg: 131138.1, Max: 131138.1, Diff: 0.0]
   [Code Root Fixup: 0.0 ms]
   [Code Root Migration: 0.0 ms]
   [Clear CT: 0.2 ms]
   [Other: 194.9 ms]
      [Choose CSet: 0.0 ms]
      [Ref Proc: 194.0 ms]
      [Ref Enq: 0.3 ms]
      [Free CSet: 0.5 ms]
   [Eden: 184.0M(184.0M)->0.0B(185.0M) Survivors: 20.0M->19.0M Heap: 2146.4M(4096.0M)->1961.0M(4096.0M)]
 [Times: user=0.61 sys=0.00, real=0.21 secs] 
2016-01-06T00:58:15.244-0800: 131.365: [GC pause (young)
Desired survivor size 13631488 bytes, new threshold 1 (max 15)
- age   1:   17257600 bytes,   17257600 total
2016-01-06T00:58:15.407-0800: 131.528: [SoftReference, 0 refs, 0.0004330 secs]2016-01-06T00:58:15.407-0800: 131.528: [WeakReference, 0 refs, 0.0002480 secs]2016-01-06T00:58:15.408-0800: 131.529: [FinalReference, 0 refs, 0.0002840 secs]2016-01-06T00:58:15.408-0800: 131.529: [PhantomReference, 0 refs, 6244 refs, 0.0008050 secs]2016-01-06T00:58:15.409-0800: 131.530: [JNI Weak Reference, 0.0000130 secs], 0.1659380 secs]
   [Parallel Time: 9.6 ms, GC Workers: 4]
      [GC Worker Start (ms): Min: 131364.9, Avg: 131365.4, Max: 131365.9, Diff: 1.0]
      [Ext Root Scanning (ms): Min: 0.0, Avg: 0.3, Max: 0.6, Diff: 0.6, Sum: 1.2]
      [SATB Filtering (ms): Min: 0.0, Avg: 0.0, Max: 0.0, Diff: 0.0, Sum: 0.0]
      [Update RS (ms): Min: 5.4, Avg: 6.3, Max: 8.4, Diff: 3.0, Sum: 25.3]
         [Processed Buffers: Min: 5, Avg: 7.2, Max: 10, Diff: 5, Sum: 29]
      [Scan RS (ms): Min: 0.0, Avg: 0.1, Max: 0.2, Diff: 0.2, Sum: 0.3]
      [Code Root Scanning (ms): Min: 0.0, Avg: 0.0, Max: 0.0, Diff: 0.0, Sum: 0.0]
      [Object Copy (ms): Min: 0.0, Avg: 2.2, Max: 3.2, Diff: 3.2, Sum: 8.8]
      [Termination (ms): Min: 0.0, Avg: 0.1, Max: 0.2, Diff: 0.2, Sum: 0.5]
      [GC Worker Other (ms): Min: 0.0, Avg: 0.0, Max: 0.0, Diff: 0.0, Sum: 0.1]
      [GC Worker Total (ms): Min: 8.6, Avg: 9.1, Max: 9.6, Diff: 1.0, Sum: 36.3]
      [GC Worker End (ms): Min: 131374.5, Avg: 131374.5, Max: 131374.5, Diff: 0.0]
   [Code Root Fixup: 0.0 ms]
   [Code Root Migration: 0.0 ms]
   [Clear CT: 0.1 ms]
   [Other: 156.1 ms]
      [Choose CSet: 0.0 ms]
      [Ref Proc: 155.2 ms]
      [Ref Enq: 0.6 ms]
      [Free CSet: 0.3 ms]
   [Eden: 185.0M(185.0M)->0.0B(186.0M) Survivors: 19.0M->18.0M Heap: 2146.0M(4096.0M)->1960.5M(4096.0M)]
 [Times: user=0.58 sys=0.01, real=0.17 secs] 
2016-01-06T00:58:15.436-0800: 131.557: [GC pause (young)
Desired survivor size 13631488 bytes, new threshold 1 (max 15)
- age   1:   17259832 bytes,   17259832 total
2016-01-06T00:58:15.631-0800: 131.752: [SoftReference, 0 refs, 0.0005660 secs]2016-01-06T00:58:15.631-0800: 131.752: [WeakReference, 0 refs, 0.0002470 secs]2016-01-06T00:58:15.632-0800: 131.753: [FinalReference, 0 refs, 0.0003370 secs]2016-01-06T00:58:15.632-0800: 131.753: [PhantomReference, 0 refs, 6277 refs, 0.0005260 secs]2016-01-06T00:58:15.633-0800: 131.753: [JNI Weak Reference, 0.0000090 secs], 0.1972750 secs]
   [Parallel Time: 6.4 ms, GC Workers: 4]
      [GC Worker Start (ms): Min: 131557.3, Avg: 131557.4, Max: 131557.4, Diff: 0.1]
      [Ext Root Scanning (ms): Min: 0.3, Avg: 0.3, Max: 0.4, Diff: 0.0, Sum: 1.4]
      [SATB Filtering (ms): Min: 0.0, Avg: 0.0, Max: 0.0, Diff: 0.0, Sum: 0.0]
      [Update RS (ms): Min: 3.8, Avg: 4.2, Max: 4.5, Diff: 0.7, Sum: 17.0]
         [Processed Buffers: Min: 6, Avg: 6.8, Max: 8, Diff: 2, Sum: 27]
      [Scan RS (ms): Min: 0.0, Avg: 0.1, Max: 0.3, Diff: 0.3, Sum: 0.3]
      [Code Root Scanning (ms): Min: 0.0, Avg: 0.0, Max: 0.0, Diff: 0.0, Sum: 0.0]
      [Object Copy (ms): Min: 1.5, Avg: 1.6, Max: 1.8, Diff: 0.4, Sum: 6.4]
      [Termination (ms): Min: 0.0, Avg: 0.0, Max: 0.0, Diff: 0.0, Sum: 0.0]
      [GC Worker Other (ms): Min: 0.0, Avg: 0.0, Max: 0.0, Diff: 0.0, Sum: 0.1]
      [GC Worker Total (ms): Min: 6.3, Avg: 6.3, Max: 6.3, Diff: 0.1, Sum: 25.2]
      [GC Worker End (ms): Min: 131563.7, Avg: 131563.7, Max: 131563.7, Diff: 0.0]
   [Code Root Fixup: 0.0 ms]
   [Code Root Migration: 0.0 ms]
   [Clear CT: 0.1 ms]
   [Other: 190.7 ms]
      [Choose CSet: 0.0 ms]
      [Ref Proc: 189.8 ms]
      [Ref Enq: 0.6 ms]
      [Free CSet: 0.3 ms]
   [Eden: 186.0M(186.0M)->0.0B(192.0M) Survivors: 18.0M->12.0M Heap: 2146.5M(4096.0M)->1954.6M(4096.0M)]
 [Times: user=0.76 sys=0.00, real=0.20 secs] 
2016-01-06T00:58:15.663-0800: 131.783: [GC pause (young)
Desired survivor size 13631488 bytes, new threshold 15 (max 15)
- age   1:   10958320 bytes,   10958320 total
2016-01-06T00:58:15.849-0800: 131.970: [SoftReference, 0 refs, 0.0004670 secs]2016-01-06T00:58:15.849-0800: 131.970: [WeakReference, 0 refs, 0.0003520 secs]2016-01-06T00:58:15.850-0800: 131.971: [FinalReference, 0 refs, 0.0002680 secs]2016-01-06T00:58:15.850-0800: 131.971: [PhantomReference, 0 refs, 6462 refs, 0.0005880 secs]2016-01-06T00:58:15.851-0800: 131.971: [JNI Weak Reference, 0.0000160 secs], 0.1893000 secs]
   [Parallel Time: 3.9 ms, GC Workers: 4]
      [GC Worker Start (ms): Min: 131783.5, Avg: 131783.5, Max: 131783.6, Diff: 0.1]
      [Ext Root Scanning (ms): Min: 0.3, Avg: 0.4, Max: 0.5, Diff: 0.2, Sum: 1.5]
      [SATB Filtering (ms): Min: 0.0, Avg: 0.0, Max: 0.0, Diff: 0.0, Sum: 0.0]
      [Update RS (ms): Min: 0.8, Avg: 1.1, Max: 1.4, Diff: 0.7, Sum: 4.4]
         [Processed Buffers: Min: 2, Avg: 3.0, Max: 4, Diff: 2, Sum: 12]
      [Scan RS (ms): Min: 0.0, Avg: 0.1, Max: 0.2, Diff: 0.2, Sum: 0.3]
      [Code Root Scanning (ms): Min: 0.0, Avg: 0.0, Max: 0.0, Diff: 0.0, Sum: 0.0]
      [Object Copy (ms): Min: 2.0, Avg: 2.2, Max: 2.4, Diff: 0.4, Sum: 9.0]
      [Termination (ms): Min: 0.0, Avg: 0.0, Max: 0.0, Diff: 0.0, Sum: 0.0]
      [GC Worker Other (ms): Min: 0.0, Avg: 0.0, Max: 0.0, Diff: 0.0, Sum: 0.1]
      [GC Worker Total (ms): Min: 3.8, Avg: 3.8, Max: 3.9, Diff: 0.1, Sum: 15.4]
      [GC Worker End (ms): Min: 131787.4, Avg: 131787.4, Max: 131787.4, Diff: 0.0]
   [Code Root Fixup: 0.0 ms]
   [Code Root Migration: 0.0 ms]
   [Clear CT: 0.2 ms]
   [Other: 185.2 ms]
      [Choose CSet: 0.0 ms]
      [Ref Proc: 184.1 ms]
      [Ref Enq: 0.6 ms]
      [Free CSet: 0.4 ms]
   [Eden: 192.0M(192.0M)->0.0B(401.0M) Survivors: 12.0M->19.0M Heap: 2146.6M(4096.0M)->1961.1M(4096.0M)]
 [Times: user=0.70 sys=0.00, real=0.19 secs] 
2016-01-06T00:58:15.909-0800: 132.030: [GC pause (young)
Desired survivor size 27787264 bytes, new threshold 15 (max 15)
- age   1:   17275456 bytes,   17275456 total
- age   2:      36864 bytes,   17312320 total
2016-01-06T00:58:16.095-0800: 132.216: [SoftReference, 0 refs, 0.0005700 secs]2016-01-06T00:58:16.096-0800: 132.217: [WeakReference, 0 refs, 0.0003290 secs]2016-01-06T00:58:16.096-0800: 132.217: [FinalReference, 0 refs, 0.0002280 secs]2016-01-06T00:58:16.096-0800: 132.217: [PhantomReference, 0 refs, 12937 refs, 0.0007930 secs]2016-01-06T00:58:16.097-0800: 132.218: [JNI Weak Reference, 0.0000110 secs], 0.1905710 secs]
   [Parallel Time: 3.9 ms, GC Workers: 4]
      [GC Worker Start (ms): Min: 132029.6, Avg: 132029.7, Max: 132029.7, Diff: 0.1]
      [Ext Root Scanning (ms): Min: 0.3, Avg: 0.4, Max: 0.4, Diff: 0.1, Sum: 1.5]
      [SATB Filtering (ms): Min: 0.0, Avg: 0.0, Max: 0.0, Diff: 0.0, Sum: 0.0]
      [Update RS (ms): Min: 0.0, Avg: 0.1, Max: 0.3, Diff: 0.3, Sum: 0.3]
         [Processed Buffers: Min: 0, Avg: 1.5, Max: 4, Diff: 4, Sum: 6]
      [Scan RS (ms): Min: 0.1, Avg: 0.2, Max: 0.3, Diff: 0.2, Sum: 0.8]
      [Code Root Scanning (ms): Min: 0.0, Avg: 0.0, Max: 0.0, Diff: 0.0, Sum: 0.1]
      [Object Copy (ms): Min: 3.0, Avg: 3.0, Max: 3.0, Diff: 0.0, Sum: 12.0]
      [Termination (ms): Min: 0.0, Avg: 0.0, Max: 0.0, Diff: 0.0, Sum: 0.0]
      [GC Worker Other (ms): Min: 0.0, Avg: 0.1, Max: 0.1, Diff: 0.1, Sum: 0.2]
      [GC Worker Total (ms): Min: 3.7, Avg: 3.8, Max: 3.8, Diff: 0.1, Sum: 15.0]
      [GC Worker End (ms): Min: 132033.4, Avg: 132033.4, Max: 132033.4, Diff: 0.1]
   [Code Root Fixup: 0.0 ms]
   [Code Root Migration: 0.1 ms]
   [Clear CT: 0.1 ms]
   [Other: 186.5 ms]
      [Choose CSet: 0.0 ms]
      [Ref Proc: 184.6 ms]
      [Ref Enq: 1.2 ms]
      [Free CSet: 0.5 ms]
   [Eden: 401.0M(401.0M)->0.0B(1124.0M) Survivors: 19.0M->19.0M Heap: 2362.1M(4096.0M)->1961.6M(4096.0M)]
 [Times: user=0.69 sys=0.00, real=0.19 secs] 
2016-01-06T00:58:16.270-0800: 132.391: [GC pause (young)
Desired survivor size 74973184 bytes, new threshold 15 (max 15)
- age   1:   17741944 bytes,   17741944 total
- age   2:      36864 bytes,   17778808 total
2016-01-06T00:58:16.471-0800: 132.592: [SoftReference, 0 refs, 0.0005030 secs]2016-01-06T00:58:16.472-0800: 132.592: [WeakReference, 0 refs, 0.0003410 secs]2016-01-06T00:58:16.472-0800: 132.593: [FinalReference, 0 refs, 0.0003720 secs]2016-01-06T00:58:16.472-0800: 132.593: [PhantomReference, 0 refs, 35353 refs, 0.0011280 secs]2016-01-06T00:58:16.473-0800: 132.594: [JNI Weak Reference, 0.0000150 secs], 0.2085840 secs]
   [Parallel Time: 11.8 ms, GC Workers: 4]
      [GC Worker Start (ms): Min: 132391.1, Avg: 132391.1, Max: 132391.1, Diff: 0.1]
      [Ext Root Scanning (ms): Min: 0.3, Avg: 0.4, Max: 0.4, Diff: 0.1, Sum: 1.4]
      [SATB Filtering (ms): Min: 0.0, Avg: 0.0, Max: 0.0, Diff: 0.0, Sum: 0.0]
      [Update RS (ms): Min: 3.2, Avg: 3.4, Max: 3.6, Diff: 0.5, Sum: 13.6]
         [Processed Buffers: Min: 5, Avg: 6.0, Max: 7, Diff: 2, Sum: 24]
      [Scan RS (ms): Min: 0.3, Avg: 0.5, Max: 0.7, Diff: 0.4, Sum: 2.0]
      [Code Root Scanning (ms): Min: 0.0, Avg: 0.1, Max: 0.1, Diff: 0.1, Sum: 0.2]
      [Object Copy (ms): Min: 7.3, Avg: 7.3, Max: 7.4, Diff: 0.0, Sum: 29.3]
      [Termination (ms): Min: 0.0, Avg: 0.0, Max: 0.0, Diff: 0.0, Sum: 0.0]
      [GC Worker Other (ms): Min: 0.0, Avg: 0.1, Max: 0.1, Diff: 0.1, Sum: 0.2]
      [GC Worker Total (ms): Min: 11.7, Avg: 11.7, Max: 11.8, Diff: 0.1, Sum: 46.8]
      [GC Worker End (ms): Min: 132402.8, Avg: 132402.8, Max: 132402.8, Diff: 0.1]
   [Code Root Fixup: 0.0 ms]
   [Code Root Migration: 0.2 ms]
   [Clear CT: 0.3 ms]
   [Other: 196.3 ms]
      [Choose CSet: 0.0 ms]
      [Ref Proc: 191.4 ms]
      [Ref Enq: 3.5 ms]
      [Free CSet: 1.3 ms]
   [Eden: 1124.0M(1124.0M)->0.0B(183.0M) Survivors: 19.0M->21.0M Heap: 3085.6M(4096.0M)->1963.1M(4096.0M)]
 [Times: user=0.79 sys=0.00, real=0.21 secs] 
2016-01-06T00:58:16.509-0800: 132.630: [GC pause (young)
Desired survivor size 13631488 bytes, new threshold 1 (max 15)
- age   1:   19355680 bytes,   19355680 total
- age   2:      36864 bytes,   19392544 total
2016-01-06T00:58:16.702-0800: 132.822: [SoftReference, 0 refs, 0.0008040 secs]2016-01-06T00:58:16.702-0800: 132.823: [WeakReference, 0 refs, 0.0004070 secs]2016-01-06T00:58:16.703-0800: 132.824: [FinalReference, 0 refs, 0.0002830 secs]2016-01-06T00:58:16.703-0800: 132.824: [PhantomReference, 0 refs, 6182 refs, 0.0010410 secs]2016-01-06T00:58:16.704-0800: 132.825: [JNI Weak Reference, 0.0000120 secs], 0.1965200 secs]
   [Parallel Time: 5.2 ms, GC Workers: 4]
      [GC Worker Start (ms): Min: 132629.6, Avg: 132629.7, Max: 132629.9, Diff: 0.3]
      [Ext Root Scanning (ms): Min: 0.1, Avg: 0.3, Max: 0.5, Diff: 0.4, Sum: 1.4]
      [SATB Filtering (ms): Min: 0.0, Avg: 0.0, Max: 0.0, Diff: 0.0, Sum: 0.0]
      [Update RS (ms): Min: 2.1, Avg: 2.3, Max: 2.7, Diff: 0.6, Sum: 9.2]
         [Processed Buffers: Min: 3, Avg: 4.8, Max: 6, Diff: 3, Sum: 19]
      [Scan RS (ms): Min: 0.0, Avg: 0.1, Max: 0.2, Diff: 0.2, Sum: 0.3]
      [Code Root Scanning (ms): Min: 0.0, Avg: 0.0, Max: 0.0, Diff: 0.0, Sum: 0.0]
      [Object Copy (ms): Min: 1.9, Avg: 2.2, Max: 2.3, Diff: 0.4, Sum: 8.8]
      [Termination (ms): Min: 0.0, Avg: 0.0, Max: 0.0, Diff: 0.0, Sum: 0.0]
      [GC Worker Other (ms): Min: 0.0, Avg: 0.0, Max: 0.1, Diff: 0.0, Sum: 0.1]
      [GC Worker Total (ms): Min: 4.8, Avg: 5.0, Max: 5.1, Diff: 0.3, Sum: 19.9]
      [GC Worker End (ms): Min: 132634.7, Avg: 132634.7, Max: 132634.7, Diff: 0.0]
   [Code Root Fixup: 0.0 ms]
   [Code Root Migration: 0.0 ms]
   [Clear CT: 0.2 ms]
   [Other: 191.2 ms]
      [Choose CSet: 0.0 ms]
      [Ref Proc: 190.3 ms]
      [Ref Enq: 0.3 ms]
      [Free CSet: 0.5 ms]
   [Eden: 183.0M(183.0M)->0.0B(185.0M) Survivors: 21.0M->19.0M Heap: 2146.1M(4096.0M)->1961.1M(4096.0M)]
 [Times: user=0.74 sys=0.01, real=0.20 secs] 
2016-01-06T00:58:16.734-0800: 132.855: [GC pause (young)
Desired survivor size 13631488 bytes, new threshold 1 (max 15)
- age   1:   17255368 bytes,   17255368 total
2016-01-06T00:58:16.939-0800: 133.060: [SoftReference, 0 refs, 0.0004450 secs]2016-01-06T00:58:16.940-0800: 133.061: [WeakReference, 0 refs, 0.0003780 secs]2016-01-06T00:58:16.940-0800: 133.061: [FinalReference, 0 refs, 0.0003340 secs]2016-01-06T00:58:16.941-0800: 133.061: [PhantomReference, 0 refs, 6245 refs, 0.0008670 secs]2016-01-06T00:58:16.941-0800: 133.062: [JNI Weak Reference, 0.0000080 secs], 0.2082510 secs]
   [Parallel Time: 9.4 ms, GC Workers: 4]
      [GC Worker Start (ms): Min: 132855.3, Avg: 132856.0, Max: 132857.9, Diff: 2.6]
      [Ext Root Scanning (ms): Min: 0.0, Avg: 0.3, Max: 0.5, Diff: 0.5, Sum: 1.2]
      [SATB Filtering (ms): Min: 0.0, Avg: 0.0, Max: 0.0, Diff: 0.0, Sum: 0.0]
      [Update RS (ms): Min: 4.5, Avg: 6.1, Max: 7.0, Diff: 2.5, Sum: 24.5]
         [Processed Buffers: Min: 8, Avg: 10.2, Max: 12, Diff: 4, Sum: 41]
      [Scan RS (ms): Min: 0.0, Avg: 0.1, Max: 0.3, Diff: 0.2, Sum: 0.3]
      [Code Root Scanning (ms): Min: 0.0, Avg: 0.0, Max: 0.0, Diff: 0.0, Sum: 0.0]
      [Object Copy (ms): Min: 1.9, Avg: 2.2, Max: 2.3, Diff: 0.4, Sum: 8.6]
      [Termination (ms): Min: 0.0, Avg: 0.0, Max: 0.0, Diff: 0.0, Sum: 0.0]
      [GC Worker Other (ms): Min: 0.0, Avg: 0.0, Max: 0.0, Diff: 0.0, Sum: 0.1]
      [GC Worker Total (ms): Min: 6.8, Avg: 8.7, Max: 9.3, Diff: 2.6, Sum: 34.8]
      [GC Worker End (ms): Min: 132864.7, Avg: 132864.7, Max: 132864.7, Diff: 0.0]
   [Code Root Fixup: 0.0 ms]
   [Code Root Migration: 0.0 ms]
   [Clear CT: 0.1 ms]
   [Other: 198.7 ms]
      [Choose CSet: 0.0 ms]
      [Ref Proc: 197.7 ms]
      [Ref Enq: 0.5 ms]
      [Free CSet: 0.3 ms]
   [Eden: 185.0M(185.0M)->0.0B(185.0M) Survivors: 19.0M->19.0M Heap: 2146.1M(4096.0M)->1961.1M(4096.0M)]
 [Times: user=0.76 sys=0.00, real=0.21 secs] 
2016-01-06T00:58:16.969-0800: 133.090: [GC pause (young)
Desired survivor size 13631488 bytes, new threshold 1 (max 15)
- age   1:   17259832 bytes,   17259832 total
2016-01-06T00:58:17.159-0800: 133.280: [SoftReference, 0 refs, 0.0004690 secs]2016-01-06T00:58:17.160-0800: 133.281: [WeakReference, 0 refs, 0.0002460 secs]2016-01-06T00:58:17.160-0800: 133.281: [FinalReference, 0 refs, 0.0002440 secs]2016-01-06T00:58:17.160-0800: 133.281: [PhantomReference, 0 refs, 6244 refs, 0.0005490 secs]2016-01-06T00:58:17.161-0800: 133.282: [JNI Weak Reference, 0.0000110 secs], 0.1929860 secs]
   [Parallel Time: 3.2 ms, GC Workers: 4]
      [GC Worker Start (ms): Min: 133089.9, Avg: 133090.0, Max: 133090.0, Diff: 0.1]
      [Ext Root Scanning (ms): Min: 0.3, Avg: 0.4, Max: 0.4, Diff: 0.1, Sum: 1.4]
      [SATB Filtering (ms): Min: 0.0, Avg: 0.0, Max: 0.0, Diff: 0.0, Sum: 0.0]
      [Update RS (ms): Min: 0.0, Avg: 0.1, Max: 0.3, Diff: 0.3, Sum: 0.4]
         [Processed Buffers: Min: 1, Avg: 1.8, Max: 3, Diff: 2, Sum: 7]
      [Scan RS (ms): Min: 0.0, Avg: 0.1, Max: 0.1, Diff: 0.1, Sum: 0.3]
      [Code Root Scanning (ms): Min: 0.0, Avg: 0.0, Max: 0.0, Diff: 0.0, Sum: 0.0]
      [Object Copy (ms): Min: 2.5, Avg: 2.5, Max: 2.6, Diff: 0.1, Sum: 10.1]
      [Termination (ms): Min: 0.0, Avg: 0.0, Max: 0.1, Diff: 0.1, Sum: 0.1]
      [GC Worker Other (ms): Min: 0.0, Avg: 0.0, Max: 0.0, Diff: 0.0, Sum: 0.1]
      [GC Worker Total (ms): Min: 3.1, Avg: 3.1, Max: 3.2, Diff: 0.1, Sum: 12.5]
      [GC Worker End (ms): Min: 133093.1, Avg: 133093.1, Max: 133093.1, Diff: 0.0]
   [Code Root Fixup: 0.0 ms]
   [Code Root Migration: 0.0 ms]
   [Clear CT: 0.2 ms]
   [Other: 189.6 ms]
      [Choose CSet: 0.0 ms]
      [Ref Proc: 188.6 ms]
      [Ref Enq: 0.6 ms]
      [Free CSet: 0.3 ms]
   [Eden: 185.0M(185.0M)->0.0B(186.0M) Survivors: 19.0M->18.0M Heap: 2146.1M(4096.0M)->1960.7M(4096.0M)]
 [Times: user=0.74 sys=0.00, real=0.19 secs] 
2016-01-06T00:58:17.190-0800: 133.310: [GC pause (young)
Desired survivor size 13631488 bytes, new threshold 1 (max 15)
- age   1:   17259832 bytes,   17259832 total
2016-01-06T00:58:17.378-0800: 133.499: [SoftReference, 0 refs, 0.0005310 secs]2016-01-06T00:58:17.379-0800: 133.500: [WeakReference, 0 refs, 0.0002280 secs]2016-01-06T00:58:17.379-0800: 133.500: [FinalReference, 0 refs, 0.0002610 secs]2016-01-06T00:58:17.379-0800: 133.500: [PhantomReference, 0 refs, 6276 refs, 0.0007360 secs]2016-01-06T00:58:17.380-0800: 133.501: [JNI Weak Reference, 0.0000130 secs], 0.1917440 secs]
   [Parallel Time: 3.1 ms, GC Workers: 4]
      [GC Worker Start (ms): Min: 133310.6, Avg: 133310.6, Max: 133310.6, Diff: 0.1]
      [Ext Root Scanning (ms): Min: 0.3, Avg: 0.4, Max: 0.4, Diff: 0.1, Sum: 1.4]
      [SATB Filtering (ms): Min: 0.0, Avg: 0.0, Max: 0.0, Diff: 0.0, Sum: 0.0]
      [Update RS (ms): Min: 0.0, Avg: 0.1, Max: 0.3, Diff: 0.3, Sum: 0.4]
         [Processed Buffers: Min: 1, Avg: 1.8, Max: 4, Diff: 3, Sum: 7]
      [Scan RS (ms): Min: 0.0, Avg: 0.1, Max: 0.1, Diff: 0.1, Sum: 0.4]
      [Code Root Scanning (ms): Min: 0.0, Avg: 0.0, Max: 0.0, Diff: 0.0, Sum: 0.0]
      [Object Copy (ms): Min: 2.3, Avg: 2.4, Max: 2.4, Diff: 0.1, Sum: 9.5]
      [Termination (ms): Min: 0.0, Avg: 0.0, Max: 0.0, Diff: 0.0, Sum: 0.0]
      [GC Worker Other (ms): Min: 0.0, Avg: 0.0, Max: 0.0, Diff: 0.0, Sum: 0.1]
      [GC Worker Total (ms): Min: 2.9, Avg: 3.0, Max: 3.0, Diff: 0.1, Sum: 11.8]
      [GC Worker End (ms): Min: 133313.5, Avg: 133313.5, Max: 133313.5, Diff: 0.0]
   [Code Root Fixup: 0.0 ms]
   [Code Root Migration: 0.0 ms]
   [Clear CT: 0.1 ms]
   [Other: 188.5 ms]
      [Choose CSet: 0.0 ms]
      [Ref Proc: 187.5 ms]
      [Ref Enq: 0.6 ms]
      [Free CSet: 0.3 ms]
   [Eden: 186.0M(186.0M)->0.0B(477.0M) Survivors: 18.0M->19.0M Heap: 2146.7M(4096.0M)->1961.7M(4096.0M)]
 [Times: user=0.74 sys=0.01, real=0.19 secs] 
2016-01-06T00:58:17.449-0800: 133.570: [GC pause (young)
Desired survivor size 32505856 bytes, new threshold 15 (max 15)
- age   1:   17262064 bytes,   17262064 total
2016-01-06T00:58:17.644-0800: 133.765: [SoftReference, 0 refs, 0.0003860 secs]2016-01-06T00:58:17.645-0800: 133.766: [WeakReference, 0 refs, 0.0003660 secs]2016-01-06T00:58:17.645-0800: 133.766: [FinalReference, 0 refs, 0.0002440 secs]2016-01-06T00:58:17.645-0800: 133.766: [PhantomReference, 0 refs, 15297 refs, 0.0009520 secs]2016-01-06T00:58:17.646-0800: 133.767: [JNI Weak Reference, 0.0000090 secs], 0.1992720 secs]
   [Parallel Time: 8.4 ms, GC Workers: 4]
      [GC Worker Start (ms): Min: 133570.1, Avg: 133571.0, Max: 133573.9, Diff: 3.8]
      [Ext Root Scanning (ms): Min: 0.0, Avg: 0.3, Max: 0.5, Diff: 0.4, Sum: 1.3]
      [SATB Filtering (ms): Min: 0.0, Avg: 0.0, Max: 0.0, Diff: 0.0, Sum: 0.0]
      [Update RS (ms): Min: 1.1, Avg: 3.4, Max: 4.6, Diff: 3.4, Sum: 13.5]
         [Processed Buffers: Min: 2, Avg: 5.8, Max: 8, Diff: 6, Sum: 23]
      [Scan RS (ms): Min: 0.0, Avg: 0.2, Max: 0.7, Diff: 0.6, Sum: 0.9]
      [Code Root Scanning (ms): Min: 0.0, Avg: 0.0, Max: 0.1, Diff: 0.1, Sum: 0.1]
      [Object Copy (ms): Min: 3.3, Avg: 3.4, Max: 3.5, Diff: 0.2, Sum: 13.6]
      [Termination (ms): Min: 0.0, Avg: 0.0, Max: 0.0, Diff: 0.0, Sum: 0.0]
      [GC Worker Other (ms): Min: 0.0, Avg: 0.0, Max: 0.0, Diff: 0.0, Sum: 0.1]
      [GC Worker Total (ms): Min: 4.5, Avg: 7.4, Max: 8.3, Diff: 3.8, Sum: 29.5]
      [GC Worker End (ms): Min: 133578.4, Avg: 133578.4, Max: 133578.4, Diff: 0.0]
   [Code Root Fixup: 0.0 ms]
   [Code Root Migration: 0.1 ms]
   [Clear CT: 0.2 ms]
   [Other: 190.6 ms]
      [Choose CSet: 0.0 ms]
      [Ref Proc: 188.6 ms]
      [Ref Enq: 1.2 ms]
      [Free CSet: 0.6 ms]
   [Eden: 477.0M(477.0M)->0.0B(313.0M) Survivors: 19.0M->20.0M Heap: 2438.7M(4096.0M)->1962.2M(4096.0M)]
 [Times: user=0.76 sys=0.00, real=0.20 secs] 
2016-01-06T00:58:17.693-0800: 133.814: [GC pause (young)
Desired survivor size 22020096 bytes, new threshold 15 (max 15)
- age   1:   17911576 bytes,   17911576 total
- age   2:      36864 bytes,   17948440 total
2016-01-06T00:58:17.901-0800: 134.022: [SoftReference, 0 refs, 0.0004580 secs]2016-01-06T00:58:17.902-0800: 134.023: [WeakReference, 0 refs, 0.0002700 secs]2016-01-06T00:58:17.902-0800: 134.023: [FinalReference, 0 refs, 0.0002260 secs]2016-01-06T00:58:17.902-0800: 134.023: [PhantomReference, 0 refs, 10211 refs, 0.0006470 secs]2016-01-06T00:58:17.903-0800: 134.024: [JNI Weak Reference, 0.0000110 secs], 0.2110470 secs]
   [Parallel Time: 3.5 ms, GC Workers: 4]
      [GC Worker Start (ms): Min: 133814.4, Avg: 133814.4, Max: 133814.5, Diff: 0.1]
      [Ext Root Scanning (ms): Min: 0.3, Avg: 0.4, Max: 0.4, Diff: 0.1, Sum: 1.4]
      [SATB Filtering (ms): Min: 0.0, Avg: 0.0, Max: 0.0, Diff: 0.0, Sum: 0.0]
      [Update RS (ms): Min: 0.0, Avg: 0.1, Max: 0.3, Diff: 0.3, Sum: 0.3]
         [Processed Buffers: Min: 0, Avg: 1.5, Max: 4, Diff: 4, Sum: 6]
      [Scan RS (ms): Min: 0.0, Avg: 0.1, Max: 0.2, Diff: 0.2, Sum: 0.6]
      [Code Root Scanning (ms): Min: 0.0, Avg: 0.0, Max: 0.0, Diff: 0.0, Sum: 0.1]
      [Object Copy (ms): Min: 2.7, Avg: 2.7, Max: 2.7, Diff: 0.0, Sum: 10.9]
      [Termination (ms): Min: 0.0, Avg: 0.0, Max: 0.0, Diff: 0.0, Sum: 0.0]
      [GC Worker Other (ms): Min: 0.0, Avg: 0.0, Max: 0.0, Diff: 0.0, Sum: 0.1]
      [GC Worker Total (ms): Min: 3.3, Avg: 3.3, Max: 3.4, Diff: 0.1, Sum: 13.3]
      [GC Worker End (ms): Min: 133817.7, Avg: 133817.8, Max: 133817.8, Diff: 0.0]
   [Code Root Fixup: 0.0 ms]
   [Code Root Migration: 0.1 ms]
   [Clear CT: 0.1 ms]
   [Other: 207.4 ms]
      [Choose CSet: 0.0 ms]
      [Ref Proc: 205.9 ms]
      [Ref Enq: 1.0 ms]
      [Free CSet: 0.5 ms]
   [Eden: 313.0M(313.0M)->0.0B(185.0M) Survivors: 20.0M->19.0M Heap: 2275.2M(4096.0M)->1961.2M(4096.0M)]
 [Times: user=0.76 sys=0.00, real=0.21 secs] 
2016-01-06T00:58:17.933-0800: 134.054: [GC pause (young)
Desired survivor size 13631488 bytes, new threshold 1 (max 15)
- age   1:   17545528 bytes,   17545528 total
- age   2:      36864 bytes,   17582392 total
2016-01-06T00:58:18.123-0800: 134.244: [SoftReference, 0 refs, 0.0004000 secs]2016-01-06T00:58:18.124-0800: 134.244: [WeakReference, 0 refs, 0.0002400 secs]2016-01-06T00:58:18.124-0800: 134.245: [FinalReference, 0 refs, 0.0003700 secs]2016-01-06T00:58:18.124-0800: 134.245: [PhantomReference, 0 refs, 6244 refs, 0.0005800 secs]2016-01-06T00:58:18.125-0800: 134.246: [JNI Weak Reference, 0.0000090 secs], 0.1928370 secs]
   [Parallel Time: 3.1 ms, GC Workers: 4]
      [GC Worker Start (ms): Min: 134054.0, Avg: 134054.0, Max: 134054.0, Diff: 0.1]
      [Ext Root Scanning (ms): Min: 0.3, Avg: 0.4, Max: 0.4, Diff: 0.1, Sum: 1.4]
      [SATB Filtering (ms): Min: 0.0, Avg: 0.0, Max: 0.0, Diff: 0.0, Sum: 0.0]
      [Update RS (ms): Min: 0.0, Avg: 0.1, Max: 0.3, Diff: 0.3, Sum: 0.3]
         [Processed Buffers: Min: 0, Avg: 1.2, Max: 3, Diff: 3, Sum: 5]
      [Scan RS (ms): Min: 0.0, Avg: 0.1, Max: 0.1, Diff: 0.1, Sum: 0.4]
      [Code Root Scanning (ms): Min: 0.0, Avg: 0.0, Max: 0.0, Diff: 0.0, Sum: 0.0]
      [Object Copy (ms): Min: 2.3, Avg: 2.4, Max: 2.4, Diff: 0.1, Sum: 9.5]
      [Termination (ms): Min: 0.0, Avg: 0.0, Max: 0.0, Diff: 0.0, Sum: 0.0]
      [GC Worker Other (ms): Min: 0.0, Avg: 0.0, Max: 0.0, Diff: 0.0, Sum: 0.1]
      [GC Worker Total (ms): Min: 2.9, Avg: 2.9, Max: 3.0, Diff: 0.1, Sum: 11.7]
      [GC Worker End (ms): Min: 134056.9, Avg: 134056.9, Max: 134057.0, Diff: 0.0]
   [Code Root Fixup: 0.0 ms]
   [Code Root Migration: 0.0 ms]
   [Clear CT: 0.1 ms]
   [Other: 189.7 ms]
      [Choose CSet: 0.0 ms]
      [Ref Proc: 188.7 ms]
      [Ref Enq: 0.6 ms]
      [Free CSet: 0.3 ms]
   [Eden: 185.0M(185.0M)->0.0B(186.0M) Survivors: 19.0M->18.0M Heap: 2146.2M(4096.0M)->1960.8M(4096.0M)]
 [Times: user=0.73 sys=0.00, real=0.20 secs] 
2016-01-06T00:58:18.152-0800: 134.273: [GC pause (young)
Desired survivor size 13631488 bytes, new threshold 1 (max 15)
- age   1:   17259832 bytes,   17259832 total
2016-01-06T00:58:18.372-0800: 134.493: [SoftReference, 0 refs, 0.0003870 secs]2016-01-06T00:58:18.372-0800: 134.493: [WeakReference, 0 refs, 0.0002380 secs]2016-01-06T00:58:18.372-0800: 134.493: [FinalReference, 0 refs, 0.0002840 secs]2016-01-06T00:58:18.373-0800: 134.494: [PhantomReference, 0 refs, 6276 refs, 0.0006220 secs]2016-01-06T00:58:18.373-0800: 134.494: [JNI Weak Reference, 0.0000090 secs], 0.2221860 secs]
   [Parallel Time: 3.0 ms, GC Workers: 4]
      [GC Worker Start (ms): Min: 134273.2, Avg: 134273.4, Max: 134273.9, Diff: 0.7]
      [Ext Root Scanning (ms): Min: 0.0, Avg: 0.3, Max: 0.5, Diff: 0.5, Sum: 1.3]
      [SATB Filtering (ms): Min: 0.0, Avg: 0.0, Max: 0.0, Diff: 0.0, Sum: 0.0]
      [Update RS (ms): Min: 0.0, Avg: 0.1, Max: 0.2, Diff: 0.2, Sum: 0.3]
         [Processed Buffers: Min: 0, Avg: 1.5, Max: 4, Diff: 4, Sum: 6]
      [Scan RS (ms): Min: 0.0, Avg: 0.1, Max: 0.1, Diff: 0.1, Sum: 0.4]
      [Code Root Scanning (ms): Min: 0.0, Avg: 0.0, Max: 0.0, Diff: 0.0, Sum: 0.1]
      [Object Copy (ms): Min: 2.2, Avg: 2.3, Max: 2.3, Diff: 0.0, Sum: 9.1]
      [Termination (ms): Min: 0.0, Avg: 0.0, Max: 0.0, Diff: 0.0, Sum: 0.0]
      [GC Worker Other (ms): Min: 0.0, Avg: 0.0, Max: 0.0, Diff: 0.0, Sum: 0.0]
      [GC Worker Total (ms): Min: 2.3, Avg: 2.8, Max: 3.0, Diff: 0.7, Sum: 11.1]
      [GC Worker End (ms): Min: 134276.2, Avg: 134276.2, Max: 134276.2, Diff: 0.0]
   [Code Root Fixup: 0.0 ms]
   [Code Root Migration: 0.0 ms]
   [Clear CT: 0.1 ms]
   [Other: 219.0 ms]
      [Choose CSet: 0.0 ms]
      [Ref Proc: 218.1 ms]
      [Ref Enq: 0.6 ms]
      [Free CSet: 0.3 ms]
   [Eden: 186.0M(186.0M)->0.0B(185.0M) Survivors: 18.0M->19.0M Heap: 2146.8M(4096.0M)->1961.8M(4096.0M)]
 [Times: user=0.83 sys=0.01, real=0.22 secs] 
2016-01-06T00:58:18.403-0800: 134.524: [GC pause (young)
Desired survivor size 13631488 bytes, new threshold 1 (max 15)
- age   1:   17262064 bytes,   17262064 total
2016-01-06T00:58:18.596-0800: 134.717: [SoftReference, 0 refs, 0.0004090 secs]2016-01-06T00:58:18.596-0800: 134.717: [WeakReference, 0 refs, 0.0002400 secs]2016-01-06T00:58:18.597-0800: 134.717: [FinalReference, 0 refs, 0.0002120 secs]2016-01-06T00:58:18.597-0800: 134.718: [PhantomReference, 0 refs, 6244 refs, 0.0006340 secs]2016-01-06T00:58:18.597-0800: 134.718: [JNI Weak Reference, 0.0000100 secs], 0.1957640 secs]
   [Parallel Time: 2.7 ms, GC Workers: 4]
      [GC Worker Start (ms): Min: 134523.7, Avg: 134523.7, Max: 134523.7, Diff: 0.1]
      [Ext Root Scanning (ms): Min: 0.3, Avg: 0.4, Max: 0.4, Diff: 0.1, Sum: 1.4]
      [SATB Filtering (ms): Min: 0.0, Avg: 0.0, Max: 0.0, Diff: 0.0, Sum: 0.0]
      [Update RS (ms): Min: 0.0, Avg: 0.1, Max: 0.3, Diff: 0.3, Sum: 0.4]
         [Processed Buffers: Min: 1, Avg: 1.5, Max: 3, Diff: 2, Sum: 6]
      [Scan RS (ms): Min: 0.0, Avg: 0.1, Max: 0.1, Diff: 0.1, Sum: 0.3]
      [Code Root Scanning (ms): Min: 0.0, Avg: 0.0, Max: 0.0, Diff: 0.0, Sum: 0.0]
      [Object Copy (ms): Min: 2.0, Avg: 2.0, Max: 2.1, Diff: 0.1, Sum: 8.2]
      [Termination (ms): Min: 0.0, Avg: 0.0, Max: 0.0, Diff: 0.0, Sum: 0.0]
      [GC Worker Other (ms): Min: 0.0, Avg: 0.0, Max: 0.0, Diff: 0.0, Sum: 0.1]
      [GC Worker Total (ms): Min: 2.6, Avg: 2.6, Max: 2.6, Diff: 0.1, Sum: 10.5]
      [GC Worker End (ms): Min: 134526.3, Avg: 134526.3, Max: 134526.3, Diff: 0.0]
   [Code Root Fixup: 0.0 ms]
   [Code Root Migration: 0.0 ms]
   [Clear CT: 0.1 ms]
   [Other: 192.9 ms]
      [Choose CSet: 0.0 ms]
      [Ref Proc: 192.0 ms]
      [Ref Enq: 0.5 ms]
      [Free CSet: 0.3 ms]
   [Eden: 185.0M(185.0M)->0.0B(188.0M) Survivors: 19.0M->16.0M Heap: 2146.8M(4096.0M)->1958.9M(4096.0M)]
 [Times: user=0.75 sys=0.00, real=0.20 secs] 
2016-01-06T00:58:18.625-0800: 134.746: [GC pause (young)
Desired survivor size 13631488 bytes, new threshold 1 (max 15)
- age   1:   14304952 bytes,   14304952 total
2016-01-06T00:58:18.841-0800: 134.962: [SoftReference, 0 refs, 0.0005980 secs]2016-01-06T00:58:18.863-0800: 134.984: [WeakReference, 0 refs, 0.0003280 secs]2016-01-06T00:58:18.863-0800: 134.984: [FinalReference, 0 refs, 0.0002360 secs]2016-01-06T00:58:18.863-0800: 134.984: [PhantomReference, 0 refs, 6337 refs, 0.0005620 secs]2016-01-06T00:58:18.864-0800: 134.985: [JNI Weak Reference, 0.0000100 secs], 0.2400250 secs]
   [Parallel Time: 2.9 ms, GC Workers: 4]
      [GC Worker Start (ms): Min: 134746.0, Avg: 134746.1, Max: 134746.1, Diff: 0.1]
      [Ext Root Scanning (ms): Min: 0.3, Avg: 0.4, Max: 0.4, Diff: 0.1, Sum: 1.4]
      [SATB Filtering (ms): Min: 0.0, Avg: 0.0, Max: 0.0, Diff: 0.0, Sum: 0.0]
      [Update RS (ms): Min: 0.0, Avg: 0.1, Max: 0.3, Diff: 0.3, Sum: 0.4]
         [Processed Buffers: Min: 0, Avg: 1.5, Max: 4, Diff: 4, Sum: 6]
      [Scan RS (ms): Min: 0.0, Avg: 0.1, Max: 0.1, Diff: 0.1, Sum: 0.3]
      [Code Root Scanning (ms): Min: 0.0, Avg: 0.0, Max: 0.0, Diff: 0.0, Sum: 0.0]
      [Object Copy (ms): Min: 2.2, Avg: 2.3, Max: 2.3, Diff: 0.1, Sum: 9.1]
      [Termination (ms): Min: 0.0, Avg: 0.0, Max: 0.0, Diff: 0.0, Sum: 0.0]
      [GC Worker Other (ms): Min: 0.0, Avg: 0.0, Max: 0.0, Diff: 0.0, Sum: 0.1]
      [GC Worker Total (ms): Min: 2.8, Avg: 2.8, Max: 2.9, Diff: 0.1, Sum: 11.4]
      [GC Worker End (ms): Min: 134748.9, Avg: 134748.9, Max: 134748.9, Diff: 0.0]
   [Code Root Fixup: 0.0 ms]
   [Code Root Migration: 0.0 ms]
   [Clear CT: 0.1 ms]
   [Other: 237.0 ms]
      [Choose CSet: 0.0 ms]
      [Ref Proc: 235.9 ms]
      [Ref Enq: 0.6 ms]
      [Free CSet: 0.3 ms]
   [Eden: 188.0M(188.0M)->0.0B(186.0M) Survivors: 16.0M->18.0M Heap: 2146.9M(4096.0M)->1960.9M(4096.0M)]
 [Times: user=0.78 sys=0.00, real=0.24 secs] 
2016-01-06T00:58:18.892-0800: 135.012: [GC pause (young)
Desired survivor size 13631488 bytes, new threshold 1 (max 15)
- age   1:   17266528 bytes,   17266528 total
2016-01-06T00:58:19.084-0800: 135.205: [SoftReference, 0 refs, 0.0005900 secs]2016-01-06T00:58:19.085-0800: 135.206: [WeakReference, 0 refs, 0.0002560 secs]2016-01-06T00:58:19.085-0800: 135.206: [FinalReference, 0 refs, 0.0002590 secs]2016-01-06T00:58:19.085-0800: 135.206: [PhantomReference, 0 refs, 6274 refs, 0.0006310 secs]2016-01-06T00:58:19.086-0800: 135.207: [JNI Weak Reference, 0.0000090 secs], 0.1954760 secs]
   [Parallel Time: 5.5 ms, GC Workers: 4]
      [GC Worker Start (ms): Min: 135012.5, Avg: 135013.9, Max: 135017.9, Diff: 5.4]
      [Ext Root Scanning (ms): Min: 0.0, Avg: 0.3, Max: 0.4, Diff: 0.4, Sum: 1.3]
      [SATB Filtering (ms): Min: 0.0, Avg: 0.0, Max: 0.0, Diff: 0.0, Sum: 0.0]
      [Update RS (ms): Min: 0.0, Avg: 0.1, Max: 0.2, Diff: 0.2, Sum: 0.3]
         [Processed Buffers: Min: 0, Avg: 1.5, Max: 3, Diff: 3, Sum: 6]
      [Scan RS (ms): Min: 0.0, Avg: 0.1, Max: 0.1, Diff: 0.1, Sum: 0.3]
      [Code Root Scanning (ms): Min: 0.0, Avg: 0.0, Max: 0.0, Diff: 0.0, Sum: 0.0]
      [Object Copy (ms): Min: 0.0, Avg: 1.8, Max: 2.4, Diff: 2.4, Sum: 7.1]
      [Termination (ms): Min: 0.0, Avg: 1.8, Max: 2.4, Diff: 2.4, Sum: 7.3]
      [GC Worker Other (ms): Min: 0.0, Avg: 0.0, Max: 0.0, Diff: 0.0, Sum: 0.0]
      [GC Worker Total (ms): Min: 0.1, Avg: 4.1, Max: 5.5, Diff: 5.4, Sum: 16.4]
      [GC Worker End (ms): Min: 135018.0, Avg: 135018.0, Max: 135018.0, Diff: 0.0]
   [Code Root Fixup: 0.0 ms]
   [Code Root Migration: 0.0 ms]
   [Clear CT: 0.1 ms]
   [Other: 189.8 ms]
      [Choose CSet: 0.0 ms]
      [Ref Proc: 188.8 ms]
      [Ref Enq: 0.5 ms]
      [Free CSet: 0.3 ms]
   [Eden: 186.0M(186.0M)->0.0B(185.0M) Survivors: 18.0M->19.0M Heap: 2146.9M(4096.0M)->1961.4M(4096.0M)]
 [Times: user=0.75 sys=0.00, real=0.20 secs] 
2016-01-06T00:58:19.114-0800: 135.234: [GC pause (young)
Desired survivor size 13631488 bytes, new threshold 1 (max 15)
- age   1:   17262064 bytes,   17262064 total
2016-01-06T00:58:19.306-0800: 135.427: [SoftReference, 0 refs, 0.0005860 secs]2016-01-06T00:58:19.306-0800: 135.427: [WeakReference, 0 refs, 0.0002480 secs]2016-01-06T00:58:19.307-0800: 135.428: [FinalReference, 0 refs, 0.0002280 secs]2016-01-06T00:58:19.307-0800: 135.428: [PhantomReference, 0 refs, 6245 refs, 0.0007110 secs]2016-01-06T00:58:19.308-0800: 135.429: [JNI Weak Reference, 0.0000130 secs], 0.1952850 secs]
   [Parallel Time: 2.9 ms, GC Workers: 4]
      [GC Worker Start (ms): Min: 135234.5, Avg: 135234.5, Max: 135234.6, Diff: 0.1]
      [Ext Root Scanning (ms): Min: 0.3, Avg: 0.4, Max: 0.4, Diff: 0.1, Sum: 1.4]
      [SATB Filtering (ms): Min: 0.0, Avg: 0.0, Max: 0.0, Diff: 0.0, Sum: 0.0]
      [Update RS (ms): Min: 0.0, Avg: 0.1, Max: 0.3, Diff: 0.3, Sum: 0.4]
         [Processed Buffers: Min: 0, Avg: 1.2, Max: 3, Diff: 3, Sum: 5]
      [Scan RS (ms): Min: 0.0, Avg: 0.1, Max: 0.1, Diff: 0.1, Sum: 0.4]
      [Code Root Scanning (ms): Min: 0.0, Avg: 0.0, Max: 0.0, Diff: 0.0, Sum: 0.0]
      [Object Copy (ms): Min: 2.2, Avg: 2.2, Max: 2.3, Diff: 0.1, Sum: 8.9]
      [Termination (ms): Min: 0.0, Avg: 0.0, Max: 0.0, Diff: 0.0, Sum: 0.0]
      [GC Worker Other (ms): Min: 0.0, Avg: 0.0, Max: 0.1, Diff: 0.0, Sum: 0.1]
      [GC Worker Total (ms): Min: 2.8, Avg: 2.8, Max: 2.9, Diff: 0.1, Sum: 11.2]
      [GC Worker End (ms): Min: 135237.3, Avg: 135237.4, Max: 135237.4, Diff: 0.0]
   [Code Root Fixup: 0.0 ms]
   [Code Root Migration: 0.0 ms]
   [Clear CT: 0.1 ms]
   [Other: 192.2 ms]
      [Choose CSet: 0.0 ms]
      [Ref Proc: 191.2 ms]
      [Ref Enq: 0.6 ms]
      [Free CSet: 0.4 ms]
   [Eden: 185.0M(185.0M)->0.0B(186.0M) Survivors: 19.0M->18.0M Heap: 2146.4M(4096.0M)->1961.0M(4096.0M)]
 [Times: user=0.75 sys=0.00, real=0.20 secs] 
2016-01-06T00:58:19.338-0800: 135.459: [GC pause (young)
Desired survivor size 13631488 bytes, new threshold 1 (max 15)
- age   1:   17259832 bytes,   17259832 total
2016-01-06T00:58:19.529-0800: 135.650: [SoftReference, 0 refs, 0.0004290 secs]2016-01-06T00:58:19.530-0800: 135.651: [WeakReference, 0 refs, 0.0002090 secs]2016-01-06T00:58:19.530-0800: 135.651: [FinalReference, 0 refs, 0.0003510 secs]2016-01-06T00:58:19.530-0800: 135.651: [PhantomReference, 0 refs, 6275 refs, 0.0006260 secs]2016-01-06T00:58:19.531-0800: 135.652: [JNI Weak Reference, 0.0000080 secs], 0.1939640 secs]
   [Parallel Time: 3.0 ms, GC Workers: 4]
      [GC Worker Start (ms): Min: 135459.0, Avg: 135459.1, Max: 135459.1, Diff: 0.1]
      [Ext Root Scanning (ms): Min: 0.3, Avg: 0.4, Max: 0.4, Diff: 0.1, Sum: 1.4]
      [SATB Filtering (ms): Min: 0.0, Avg: 0.0, Max: 0.0, Diff: 0.0, Sum: 0.0]
      [Update RS (ms): Min: 0.0, Avg: 0.1, Max: 0.3, Diff: 0.3, Sum: 0.4]
         [Processed Buffers: Min: 0, Avg: 1.5, Max: 4, Diff: 4, Sum: 6]
      [Scan RS (ms): Min: 0.0, Avg: 0.1, Max: 0.1, Diff: 0.1, Sum: 0.3]
      [Code Root Scanning (ms): Min: 0.0, Avg: 0.0, Max: 0.0, Diff: 0.0, Sum: 0.0]
      [Object Copy (ms): Min: 2.3, Avg: 2.3, Max: 2.3, Diff: 0.1, Sum: 9.3]
      [Termination (ms): Min: 0.0, Avg: 0.0, Max: 0.0, Diff: 0.0, Sum: 0.0]
      [GC Worker Other (ms): Min: 0.0, Avg: 0.0, Max: 0.0, Diff: 0.0, Sum: 0.1]
      [GC Worker Total (ms): Min: 2.8, Avg: 2.9, Max: 2.9, Diff: 0.1, Sum: 11.5]
      [GC Worker End (ms): Min: 135461.9, Avg: 135461.9, Max: 135461.9, Diff: 0.0]
   [Code Root Fixup: 0.0 ms]
   [Code Root Migration: 0.0 ms]
   [Clear CT: 0.1 ms]
   [Other: 190.8 ms]
      [Choose CSet: 0.0 ms]
      [Ref Proc: 189.8 ms]
      [Ref Enq: 0.6 ms]
      [Free CSet: 0.3 ms]
   [Eden: 186.0M(186.0M)->0.0B(186.0M) Survivors: 18.0M->18.0M Heap: 2147.0M(4096.0M)->1961.0M(4096.0M)]
 [Times: user=0.75 sys=0.00, real=0.19 secs] 
2016-01-06T00:58:19.560-0800: 135.681: [GC pause (young)
Desired survivor size 13631488 bytes, new threshold 1 (max 15)
- age   1:   17262064 bytes,   17262064 total
2016-01-06T00:58:19.753-0800: 135.874: [SoftReference, 0 refs, 0.0005070 secs]2016-01-06T00:58:19.754-0800: 135.875: [WeakReference, 0 refs, 0.0003670 secs]2016-01-06T00:58:19.754-0800: 135.875: [FinalReference, 0 refs, 0.0003650 secs]2016-01-06T00:58:19.754-0800: 135.875: [PhantomReference, 0 refs, 6275 refs, 0.0007450 secs]2016-01-06T00:58:19.755-0800: 135.876: [JNI Weak Reference, 0.0000100 secs], 0.1957500 secs]
   [Parallel Time: 3.1 ms, GC Workers: 4]
      [GC Worker Start (ms): Min: 135681.4, Avg: 135681.6, Max: 135681.9, Diff: 0.5]
      [Ext Root Scanning (ms): Min: 0.0, Avg: 0.3, Max: 0.5, Diff: 0.5, Sum: 1.3]
      [SATB Filtering (ms): Min: 0.0, Avg: 0.0, Max: 0.0, Diff: 0.0, Sum: 0.0]
      [Update RS (ms): Min: 0.0, Avg: 0.1, Max: 0.3, Diff: 0.3, Sum: 0.4]
         [Processed Buffers: Min: 0, Avg: 1.5, Max: 4, Diff: 4, Sum: 6]
      [Scan RS (ms): Min: 0.0, Avg: 0.1, Max: 0.1, Diff: 0.1, Sum: 0.3]
      [Code Root Scanning (ms): Min: 0.0, Avg: 0.0, Max: 0.0, Diff: 0.0, Sum: 0.0]
      [Object Copy (ms): Min: 2.3, Avg: 2.3, Max: 2.4, Diff: 0.1, Sum: 9.4]
      [Termination (ms): Min: 0.0, Avg: 0.0, Max: 0.0, Diff: 0.0, Sum: 0.0]
      [GC Worker Other (ms): Min: 0.0, Avg: 0.0, Max: 0.0, Diff: 0.0, Sum: 0.1]
      [GC Worker Total (ms): Min: 2.6, Avg: 2.9, Max: 3.0, Diff: 0.4, Sum: 11.6]
      [GC Worker End (ms): Min: 135684.4, Avg: 135684.4, Max: 135684.5, Diff: 0.0]
   [Code Root Fixup: 0.0 ms]
   [Code Root Migration: 0.0 ms]
   [Clear CT: 0.1 ms]
   [Other: 192.5 ms]
      [Choose CSet: 0.0 ms]
      [Ref Proc: 191.6 ms]
      [Ref Enq: 0.5 ms]
      [Free CSet: 0.3 ms]
   [Eden: 186.0M(186.0M)->0.0B(185.0M) Survivors: 18.0M->19.0M Heap: 2147.0M(4096.0M)->1961.6M(4096.0M)]
 [Times: user=0.75 sys=0.00, real=0.19 secs] 
2016-01-06T00:58:19.782-0800: 135.903: [GC pause (young)
Desired survivor size 13631488 bytes, new threshold 1 (max 15)
- age   1:   17262064 bytes,   17262064 total
2016-01-06T00:58:19.977-0800: 136.098: [SoftReference, 0 refs, 0.0004450 secs]2016-01-06T00:58:19.978-0800: 136.099: [WeakReference, 0 refs, 0.0003290 secs]2016-01-06T00:58:19.978-0800: 136.099: [FinalReference, 0 refs, 0.0003020 secs]2016-01-06T00:58:19.978-0800: 136.099: [PhantomReference, 0 refs, 6245 refs, 0.0005240 secs]2016-01-06T00:58:19.979-0800: 136.100: [JNI Weak Reference, 0.0000080 secs], 0.1974960 secs]
   [Parallel Time: 3.8 ms, GC Workers: 4]
      [GC Worker Start (ms): Min: 135903.5, Avg: 135905.0, Max: 135907.1, Diff: 3.6]
      [Ext Root Scanning (ms): Min: 0.0, Avg: 0.3, Max: 0.6, Diff: 0.6, Sum: 1.1]
      [SATB Filtering (ms): Min: 0.0, Avg: 0.0, Max: 0.0, Diff: 0.0, Sum: 0.0]
      [Update RS (ms): Min: 0.0, Avg: 0.1, Max: 0.3, Diff: 0.3, Sum: 0.4]
         [Processed Buffers: Min: 0, Avg: 1.8, Max: 6, Diff: 6, Sum: 7]
      [Scan RS (ms): Min: 0.0, Avg: 0.1, Max: 0.2, Diff: 0.2, Sum: 0.3]
      [Code Root Scanning (ms): Min: 0.0, Avg: 0.0, Max: 0.0, Diff: 0.0, Sum: 0.0]
      [Object Copy (ms): Min: 0.0, Avg: 1.6, Max: 2.6, Diff: 2.6, Sum: 6.3]
      [Termination (ms): Min: 0.0, Avg: 0.1, Max: 0.2, Diff: 0.2, Sum: 0.5]
      [GC Worker Other (ms): Min: 0.0, Avg: 0.0, Max: 0.0, Diff: 0.0, Sum: 0.0]
      [GC Worker Total (ms): Min: 0.0, Avg: 2.2, Max: 3.7, Diff: 3.7, Sum: 8.7]
      [GC Worker End (ms): Min: 135907.1, Avg: 135907.2, Max: 135907.2, Diff: 0.0]
   [Code Root Fixup: 0.0 ms]
   [Code Root Migration: 0.0 ms]
   [Clear CT: 0.1 ms]
   [Other: 193.5 ms]
      [Choose CSet: 0.0 ms]
      [Ref Proc: 192.6 ms]
      [Ref Enq: 0.5 ms]
      [Free CSet: 0.3 ms]
   [Eden: 185.0M(185.0M)->0.0B(186.0M) Survivors: 19.0M->18.0M Heap: 2146.6M(4096.0M)->1961.1M(4096.0M)]
 [Times: user=0.74 sys=0.00, real=0.20 secs] 
2016-01-06T00:58:20.009-0800: 136.129: [GC pause (young)
Desired survivor size 13631488 bytes, new threshold 1 (max 15)
- age   1:   17259832 bytes,   17259832 total
2016-01-06T00:58:20.200-0800: 136.321: [SoftReference, 0 refs, 0.0005390 secs]2016-01-06T00:58:20.200-0800: 136.321: [WeakReference, 0 refs, 0.0003470 secs]2016-01-06T00:58:20.200-0800: 136.321: [FinalReference, 0 refs, 0.0003430 secs]2016-01-06T00:58:20.201-0800: 136.322: [PhantomReference, 0 refs, 6275 refs, 0.0006770 secs]2016-01-06T00:58:20.202-0800: 136.322: [JNI Weak Reference, 0.0000090 secs], 0.1941330 secs]
   [Parallel Time: 2.9 ms, GC Workers: 4]
      [GC Worker Start (ms): Min: 136129.5, Avg: 136129.5, Max: 136129.5, Diff: 0.1]
      [Ext Root Scanning (ms): Min: 0.3, Avg: 0.4, Max: 0.4, Diff: 0.2, Sum: 1.5]
      [SATB Filtering (ms): Min: 0.0, Avg: 0.0, Max: 0.0, Diff: 0.0, Sum: 0.0]
      [Update RS (ms): Min: 0.0, Avg: 0.1, Max: 0.3, Diff: 0.3, Sum: 0.4]
         [Processed Buffers: Min: 0, Avg: 1.0, Max: 2, Diff: 2, Sum: 4]
      [Scan RS (ms): Min: 0.0, Avg: 0.1, Max: 0.1, Diff: 0.1, Sum: 0.4]
      [Code Root Scanning (ms): Min: 0.0, Avg: 0.0, Max: 0.0, Diff: 0.0, Sum: 0.0]
      [Object Copy (ms): Min: 2.1, Avg: 2.2, Max: 2.2, Diff: 0.1, Sum: 8.8]
      [Termination (ms): Min: 0.0, Avg: 0.0, Max: 0.0, Diff: 0.0, Sum: 0.0]
      [GC Worker Other (ms): Min: 0.0, Avg: 0.0, Max: 0.0, Diff: 0.0, Sum: 0.1]
      [GC Worker Total (ms): Min: 2.8, Avg: 2.8, Max: 2.9, Diff: 0.1, Sum: 11.2]
      [GC Worker End (ms): Min: 136132.3, Avg: 136132.3, Max: 136132.3, Diff: 0.0]
   [Code Root Fixup: 0.0 ms]
   [Code Root Migration: 0.0 ms]
   [Clear CT: 0.1 ms]
   [Other: 191.0 ms]
      [Choose CSet: 0.0 ms]
      [Ref Proc: 190.1 ms]
      [Ref Enq: 0.6 ms]
      [Free CSet: 0.3 ms]
   [Eden: 186.0M(186.0M)->0.0B(185.0M) Survivors: 18.0M->19.0M Heap: 2147.1M(4096.0M)->1961.7M(4096.0M)]
 [Times: user=0.71 sys=0.00, real=0.19 secs] 
2016-01-06T00:58:20.238-0800: 136.359: [GC pause (young)
Desired survivor size 13631488 bytes, new threshold 1 (max 15)
- age   1:   17262064 bytes,   17262064 total
2016-01-06T00:58:20.431-0800: 136.552: [SoftReference, 0 refs, 0.0004130 secs]2016-01-06T00:58:20.432-0800: 136.553: [WeakReference, 0 refs, 0.0002660 secs]2016-01-06T00:58:20.432-0800: 136.553: [FinalReference, 0 refs, 0.0003660 secs]2016-01-06T00:58:20.432-0800: 136.553: [PhantomReference, 0 refs, 6245 refs, 0.0005770 secs]2016-01-06T00:58:20.433-0800: 136.554: [JNI Weak Reference, 0.0000110 secs], 0.1955100 secs]
   [Parallel Time: 6.3 ms, GC Workers: 4]
      [GC Worker Start (ms): Min: 136359.5, Avg: 136361.0, Max: 136365.5, Diff: 6.1]
      [Ext Root Scanning (ms): Min: 0.0, Avg: 0.4, Max: 0.5, Diff: 0.5, Sum: 1.4]
      [SATB Filtering (ms): Min: 0.0, Avg: 0.0, Max: 0.0, Diff: 0.0, Sum: 0.0]
      [Update RS (ms): Min: 0.0, Avg: 0.1, Max: 0.3, Diff: 0.3, Sum: 0.4]
         [Processed Buffers: Min: 0, Avg: 1.5, Max: 4, Diff: 4, Sum: 6]
      [Scan RS (ms): Min: 0.0, Avg: 0.1, Max: 0.2, Diff: 0.1, Sum: 0.4]
      [Code Root Scanning (ms): Min: 0.0, Avg: 0.0, Max: 0.0, Diff: 0.0, Sum: 0.0]
      [Object Copy (ms): Min: 0.0, Avg: 1.7, Max: 2.2, Diff: 2.2, Sum: 6.7]
      [Termination (ms): Min: 0.0, Avg: 2.4, Max: 3.2, Diff: 3.2, Sum: 9.5]
      [GC Worker Other (ms): Min: 0.0, Avg: 0.0, Max: 0.0, Diff: 0.0, Sum: 0.0]
      [GC Worker Total (ms): Min: 0.1, Avg: 4.6, Max: 6.2, Diff: 6.1, Sum: 18.5]
      [GC Worker End (ms): Min: 136365.6, Avg: 136365.6, Max: 136365.6, Diff: 0.0]
   [Code Root Fixup: 0.0 ms]
   [Code Root Migration: 0.0 ms]
   [Clear CT: 0.2 ms]
   [Other: 189.0 ms]
      [Choose CSet: 0.0 ms]
      [Ref Proc: 188.1 ms]
      [Ref Enq: 0.5 ms]
      [Free CSet: 0.3 ms]
   [Eden: 185.0M(185.0M)->0.0B(471.0M) Survivors: 19.0M->16.0M Heap: 2146.7M(4096.0M)->1959.2M(4096.0M)]
 [Times: user=0.72 sys=0.00, real=0.19 secs] 
2016-01-06T00:58:20.501-0800: 136.621: [GC pause (young)
Desired survivor size 31981568 bytes, new threshold 15 (max 15)
- age   1:   14863096 bytes,   14863096 total
2016-01-06T00:58:20.690-0800: 136.811: [SoftReference, 0 refs, 0.0005300 secs]2016-01-06T00:58:20.691-0800: 136.812: [WeakReference, 0 refs, 0.0002900 secs]2016-01-06T00:58:20.691-0800: 136.812: [FinalReference, 0 refs, 0.0002480 secs]2016-01-06T00:58:20.691-0800: 136.812: [PhantomReference, 0 refs, 15111 refs, 0.0008320 secs]2016-01-06T00:58:20.692-0800: 136.813: [JNI Weak Reference, 0.0000090 secs], 0.1949830 secs]
   [Parallel Time: 4.2 ms, GC Workers: 4]
      [GC Worker Start (ms): Min: 136621.5, Avg: 136621.5, Max: 136621.6, Diff: 0.1]
      [Ext Root Scanning (ms): Min: 0.3, Avg: 0.4, Max: 0.4, Diff: 0.1, Sum: 1.5]
      [SATB Filtering (ms): Min: 0.0, Avg: 0.0, Max: 0.0, Diff: 0.0, Sum: 0.0]
      [Update RS (ms): Min: 0.0, Avg: 0.1, Max: 0.3, Diff: 0.3, Sum: 0.4]
         [Processed Buffers: Min: 0, Avg: 1.2, Max: 2, Diff: 2, Sum: 5]
      [Scan RS (ms): Min: 0.1, Avg: 0.2, Max: 0.3, Diff: 0.2, Sum: 0.9]
      [Code Root Scanning (ms): Min: 0.0, Avg: 0.0, Max: 0.0, Diff: 0.0, Sum: 0.1]
      [Object Copy (ms): Min: 3.3, Avg: 3.3, Max: 3.3, Diff: 0.0, Sum: 13.4]
      [Termination (ms): Min: 0.0, Avg: 0.0, Max: 0.0, Diff: 0.0, Sum: 0.0]
      [GC Worker Other (ms): Min: 0.0, Avg: 0.0, Max: 0.0, Diff: 0.0, Sum: 0.1]
      [GC Worker Total (ms): Min: 4.1, Avg: 4.1, Max: 4.1, Diff: 0.1, Sum: 16.4]
      [GC Worker End (ms): Min: 136625.6, Avg: 136625.6, Max: 136625.7, Diff: 0.0]
   [Code Root Fixup: 0.0 ms]
   [Code Root Migration: 0.1 ms]
   [Clear CT: 0.2 ms]
   [Other: 190.5 ms]
      [Choose CSet: 0.0 ms]
      [Ref Proc: 187.3 ms]
      [Ref Enq: 2.3 ms]
      [Free CSet: 0.7 ms]
   [Eden: 471.0M(471.0M)->0.0B(818.0M) Survivors: 16.0M->19.0M Heap: 2430.2M(4096.0M)->1961.7M(4096.0M)]
 [Times: user=0.74 sys=0.01, real=0.19 secs] 
2016-01-06T00:58:20.812-0800: 136.933: [GC pause (young)
Desired survivor size 55050240 bytes, new threshold 15 (max 15)
- age   1:   17898184 bytes,   17898184 total
- age   2:      36864 bytes,   17935048 total
2016-01-06T00:58:21.000-0800: 137.121: [SoftReference, 0 refs, 0.0005170 secs]2016-01-06T00:58:21.000-0800: 137.121: [WeakReference, 0 refs, 0.0002300 secs]2016-01-06T00:58:21.001-0800: 137.121: [FinalReference, 0 refs, 0.0002520 secs]2016-01-06T00:58:21.001-0800: 137.122: [PhantomReference, 0 refs, 25866 refs, 0.0009200 secs]2016-01-06T00:58:21.002-0800: 137.123: [JNI Weak Reference, 0.0000140 secs], 0.1934310 secs]
   [Parallel Time: 8.6 ms, GC Workers: 4]
      [GC Worker Start (ms): Min: 136932.6, Avg: 136934.7, Max: 136940.9, Diff: 8.3]
      [Ext Root Scanning (ms): Min: 0.0, Avg: 0.4, Max: 0.5, Diff: 0.5, Sum: 1.4]
      [SATB Filtering (ms): Min: 0.0, Avg: 0.0, Max: 0.0, Diff: 0.0, Sum: 0.0]
      [Update RS (ms): Min: 0.0, Avg: 0.1, Max: 0.3, Diff: 0.3, Sum: 0.3]
         [Processed Buffers: Min: 0, Avg: 1.2, Max: 2, Diff: 2, Sum: 5]
      [Scan RS (ms): Min: 0.1, Avg: 0.4, Max: 0.6, Diff: 0.4, Sum: 1.6]
      [Code Root Scanning (ms): Min: 0.0, Avg: 0.0, Max: 0.1, Diff: 0.1, Sum: 0.2]
      [Object Copy (ms): Min: 0.0, Avg: 4.5, Max: 6.0, Diff: 6.0, Sum: 17.9]
      [Termination (ms): Min: 0.0, Avg: 1.1, Max: 1.4, Diff: 1.4, Sum: 4.3]
      [GC Worker Other (ms): Min: 0.0, Avg: 0.0, Max: 0.0, Diff: 0.0, Sum: 0.1]
      [GC Worker Total (ms): Min: 0.2, Avg: 6.4, Max: 8.5, Diff: 8.4, Sum: 25.7]
      [GC Worker End (ms): Min: 136941.1, Avg: 136941.1, Max: 136941.1, Diff: 0.0]
   [Code Root Fixup: 0.0 ms]
   [Code Root Migration: 0.1 ms]
   [Clear CT: 0.2 ms]
   [Other: 184.5 ms]
      [Choose CSet: 0.0 ms]
      [Ref Proc: 181.5 ms]
      [Ref Enq: 1.9 ms]
      [Free CSet: 1.0 ms]
   [Eden: 818.0M(818.0M)->0.0B(1335.0M) Survivors: 19.0M->20.0M Heap: 2779.7M(4096.0M)->1962.7M(4096.0M)]
 [Times: user=0.64 sys=0.00, real=0.20 secs] 
2016-01-06T00:58:21.208-0800: 137.329: [GC pause (young)
Desired survivor size 89128960 bytes, new threshold 15 (max 15)
- age   1:   18672688 bytes,   18672688 total
- age   2:      36864 bytes,   18709552 total
2016-01-06T00:58:21.411-0800: 137.532: [SoftReference, 0 refs, 0.0004180 secs]2016-01-06T00:58:21.412-0800: 137.533: [WeakReference, 0 refs, 0.0003690 secs]2016-01-06T00:58:21.412-0800: 137.533: [FinalReference, 0 refs, 0.0002590 secs]2016-01-06T00:58:21.412-0800: 137.533: [PhantomReference, 0 refs, 41894 refs, 0.0012300 secs]2016-01-06T00:58:21.414-0800: 137.534: [JNI Weak Reference, 0.0000100 secs], 0.2119730 secs]
   [Parallel Time: 9.8 ms, GC Workers: 4]
      [GC Worker Start (ms): Min: 137328.7, Avg: 137328.8, Max: 137328.8, Diff: 0.1]
      [Ext Root Scanning (ms): Min: 0.3, Avg: 0.4, Max: 0.4, Diff: 0.1, Sum: 1.4]
      [SATB Filtering (ms): Min: 0.0, Avg: 0.0, Max: 0.0, Diff: 0.0, Sum: 0.0]
      [Update RS (ms): Min: 0.0, Avg: 0.1, Max: 0.3, Diff: 0.3, Sum: 0.3]
         [Processed Buffers: Min: 0, Avg: 1.2, Max: 4, Diff: 4, Sum: 5]
      [Scan RS (ms): Min: 0.5, Avg: 0.6, Max: 0.7, Diff: 0.2, Sum: 2.5]
      [Code Root Scanning (ms): Min: 0.0, Avg: 0.1, Max: 0.1, Diff: 0.0, Sum: 0.2]
      [Object Copy (ms): Min: 8.4, Avg: 8.5, Max: 8.5, Diff: 0.0, Sum: 33.9]
      [Termination (ms): Min: 0.0, Avg: 0.0, Max: 0.0, Diff: 0.0, Sum: 0.0]
      [GC Worker Other (ms): Min: 0.0, Avg: 0.1, Max: 0.1, Diff: 0.1, Sum: 0.2]
      [GC Worker Total (ms): Min: 9.6, Avg: 9.7, Max: 9.7, Diff: 0.1, Sum: 38.7]
      [GC Worker End (ms): Min: 137338.4, Avg: 137338.4, Max: 137338.5, Diff: 0.1]
   [Code Root Fixup: 0.0 ms]
   [Code Root Migration: 0.2 ms]
   [Clear CT: 0.3 ms]
   [Other: 201.7 ms]
      [Choose CSet: 0.0 ms]
      [Ref Proc: 195.9 ms]
      [Ref Enq: 4.1 ms]
      [Free CSet: 1.5 ms]
   [Eden: 1335.0M(1335.0M)->0.0B(183.0M) Survivors: 20.0M->21.0M Heap: 3297.7M(4096.0M)->1963.7M(4096.0M)]
 [Times: user=0.82 sys=0.00, real=0.21 secs] 
2016-01-06T00:58:21.448-0800: 137.569: [GC pause (young)
Desired survivor size 13631488 bytes, new threshold 1 (max 15)
- age   1:   19826632 bytes,   19826632 total
- age   2:      36864 bytes,   19863496 total
2016-01-06T00:58:21.642-0800: 137.762: [SoftReference, 0 refs, 0.0004680 secs]2016-01-06T00:58:21.642-0800: 137.763: [WeakReference, 0 refs, 0.0002530 secs]2016-01-06T00:58:21.642-0800: 137.763: [FinalReference, 0 refs, 0.0002140 secs]2016-01-06T00:58:21.642-0800: 137.763: [PhantomReference, 0 refs, 6182 refs, 0.0005270 secs]2016-01-06T00:58:21.643-0800: 137.764: [JNI Weak Reference, 0.0000080 secs], 0.1958270 secs]
   [Parallel Time: 2.7 ms, GC Workers: 4]
      [GC Worker Start (ms): Min: 137569.3, Avg: 137569.4, Max: 137569.9, Diff: 0.6]
      [Ext Root Scanning (ms): Min: 0.0, Avg: 0.3, Max: 0.5, Diff: 0.5, Sum: 1.2]
      [SATB Filtering (ms): Min: 0.0, Avg: 0.0, Max: 0.0, Diff: 0.0, Sum: 0.0]
      [Update RS (ms): Min: 0.0, Avg: 0.1, Max: 0.2, Diff: 0.2, Sum: 0.2]
         [Processed Buffers: Min: 0, Avg: 1.2, Max: 4, Diff: 4, Sum: 5]
      [Scan RS (ms): Min: 0.0, Avg: 0.1, Max: 0.2, Diff: 0.1, Sum: 0.4]
      [Code Root Scanning (ms): Min: 0.0, Avg: 0.0, Max: 0.0, Diff: 0.0, Sum: 0.0]
      [Object Copy (ms): Min: 1.9, Avg: 1.9, Max: 1.9, Diff: 0.0, Sum: 7.6]
      [Termination (ms): Min: 0.0, Avg: 0.0, Max: 0.0, Diff: 0.0, Sum: 0.0]
      [GC Worker Other (ms): Min: 0.0, Avg: 0.0, Max: 0.0, Diff: 0.0, Sum: 0.1]
      [GC Worker Total (ms): Min: 1.9, Avg: 2.4, Max: 2.6, Diff: 0.7, Sum: 9.6]
      [GC Worker End (ms): Min: 137571.8, Avg: 137571.8, Max: 137571.8, Diff: 0.0]
   [Code Root Fixup: 0.0 ms]
   [Code Root Migration: 0.0 ms]
   [Clear CT: 0.1 ms]
   [Other: 193.0 ms]
      [Choose CSet: 0.0 ms]
      [Ref Proc: 192.0 ms]
      [Ref Enq: 0.6 ms]
      [Free CSet: 0.3 ms]
   [Eden: 183.0M(183.0M)->0.0B(188.0M) Survivors: 21.0M->16.0M Heap: 2146.7M(4096.0M)->1958.7M(4096.0M)]
 [Times: user=0.74 sys=0.01, real=0.19 secs] 
2016-01-06T00:58:21.673-0800: 137.794: [GC pause (young)
Desired survivor size 13631488 bytes, new threshold 1 (max 15)
- age   1:   14103496 bytes,   14103496 total
2016-01-06T00:58:21.874-0800: 137.995: [SoftReference, 0 refs, 0.0006090 secs]2016-01-06T00:58:21.875-0800: 137.996: [WeakReference, 0 refs, 0.0002280 secs]2016-01-06T00:58:21.875-0800: 137.996: [FinalReference, 0 refs, 0.0002350 secs]2016-01-06T00:58:21.875-0800: 137.996: [PhantomReference, 0 refs, 6336 refs, 0.0007160 secs]2016-01-06T00:58:21.876-0800: 137.997: [JNI Weak Reference, 0.0000090 secs], 0.2043330 secs]
   [Parallel Time: 3.3 ms, GC Workers: 4]
      [GC Worker Start (ms): Min: 137793.9, Avg: 137794.7, Max: 137797.0, Diff: 3.1]
      [Ext Root Scanning (ms): Min: 0.0, Avg: 0.3, Max: 0.5, Diff: 0.4, Sum: 1.3]
      [SATB Filtering (ms): Min: 0.0, Avg: 0.0, Max: 0.0, Diff: 0.0, Sum: 0.0]
      [Update RS (ms): Min: 0.0, Avg: 0.1, Max: 0.2, Diff: 0.2, Sum: 0.3]
         [Processed Buffers: Min: 0, Avg: 1.5, Max: 3, Diff: 3, Sum: 6]
      [Scan RS (ms): Min: 0.0, Avg: 0.1, Max: 0.1, Diff: 0.1, Sum: 0.3]
      [Code Root Scanning (ms): Min: 0.0, Avg: 0.0, Max: 0.0, Diff: 0.0, Sum: 0.0]
      [Object Copy (ms): Min: 0.0, Avg: 1.7, Max: 2.3, Diff: 2.3, Sum: 6.8]
      [Termination (ms): Min: 0.0, Avg: 0.2, Max: 0.2, Diff: 0.2, Sum: 0.6]
      [GC Worker Other (ms): Min: 0.0, Avg: 0.0, Max: 0.0, Diff: 0.0, Sum: 0.0]
      [GC Worker Total (ms): Min: 0.1, Avg: 2.4, Max: 3.2, Diff: 3.1, Sum: 9.5]
      [GC Worker End (ms): Min: 137797.1, Avg: 137797.1, Max: 137797.1, Diff: 0.0]
   [Code Root Fixup: 0.0 ms]
   [Code Root Migration: 0.0 ms]
   [Clear CT: 0.1 ms]
   [Other: 200.9 ms]
      [Choose CSet: 0.0 ms]
      [Ref Proc: 199.9 ms]
      [Ref Enq: 0.6 ms]
      [Free CSet: 0.3 ms]
   [Eden: 188.0M(188.0M)->0.0B(185.0M) Survivors: 16.0M->19.0M Heap: 2146.7M(4096.0M)->1961.8M(4096.0M)]
 [Times: user=0.76 sys=0.00, real=0.21 secs] 
2016-01-06T00:58:21.906-0800: 138.026: [GC pause (young)
Desired survivor size 13631488 bytes, new threshold 1 (max 15)
- age   1:   17266528 bytes,   17266528 total
2016-01-06T00:58:22.095-0800: 138.215: [SoftReference, 0 refs, 0.0007650 secs]2016-01-06T00:58:22.095-0800: 138.216: [WeakReference, 0 refs, 0.0003010 secs]2016-01-06T00:58:22.096-0800: 138.217: [FinalReference, 0 refs, 0.0003060 secs]2016-01-06T00:58:22.096-0800: 138.217: [PhantomReference, 0 refs, 6242 refs, 0.0008620 secs]2016-01-06T00:58:22.097-0800: 138.218: [JNI Weak Reference, 0.0000130 secs], 0.1924030 secs]
   [Parallel Time: 3.2 ms, GC Workers: 4]
      [GC Worker Start (ms): Min: 138026.5, Avg: 138026.5, Max: 138026.6, Diff: 0.1]
      [Ext Root Scanning (ms): Min: 0.3, Avg: 0.4, Max: 0.4, Diff: 0.1, Sum: 1.4]
      [SATB Filtering (ms): Min: 0.0, Avg: 0.0, Max: 0.0, Diff: 0.0, Sum: 0.0]
      [Update RS (ms): Min: 0.0, Avg: 0.1, Max: 0.3, Diff: 0.3, Sum: 0.4]
         [Processed Buffers: Min: 0, Avg: 1.2, Max: 2, Diff: 2, Sum: 5]
      [Scan RS (ms): Min: 0.0, Avg: 0.1, Max: 0.1, Diff: 0.1, Sum: 0.3]
      [Code Root Scanning (ms): Min: 0.0, Avg: 0.0, Max: 0.0, Diff: 0.0, Sum: 0.0]
      [Object Copy (ms): Min: 2.3, Avg: 2.4, Max: 2.5, Diff: 0.1, Sum: 9.7]
      [Termination (ms): Min: 0.0, Avg: 0.0, Max: 0.0, Diff: 0.0, Sum: 0.0]
      [GC Worker Other (ms): Min: 0.0, Avg: 0.0, Max: 0.1, Diff: 0.0, Sum: 0.2]
      [GC Worker Total (ms): Min: 3.0, Avg: 3.0, Max: 3.1, Diff: 0.1, Sum: 12.1]
      [GC Worker End (ms): Min: 138029.6, Avg: 138029.6, Max: 138029.6, Diff: 0.0]
   [Code Root Fixup: 0.0 ms]
   [Code Root Migration: 0.0 ms]
   [Clear CT: 0.2 ms]
   [Other: 189.0 ms]
      [Choose CSet: 0.0 ms]
      [Ref Proc: 188.1 ms]
      [Ref Enq: 0.3 ms]
      [Free CSet: 0.5 ms]
   [Eden: 185.0M(185.0M)->0.0B(186.0M) Survivors: 19.0M->18.0M Heap: 2146.8M(4096.0M)->1961.3M(4096.0M)]
 [Times: user=0.73 sys=0.00, real=0.19 secs] 
2016-01-06T00:58:22.127-0800: 138.248: [GC pause (young)
Desired survivor size 13631488 bytes, new threshold 1 (max 15)
- age   1:   17259832 bytes,   17259832 total
2016-01-06T00:58:22.346-0800: 138.467: [SoftReference, 0 refs, 0.0004540 secs]2016-01-06T00:58:22.347-0800: 138.468: [WeakReference, 0 refs, 0.0002590 secs]2016-01-06T00:58:22.347-0800: 138.468: [FinalReference, 0 refs, 0.0002720 secs]2016-01-06T00:58:22.347-0800: 138.468: [PhantomReference, 0 refs, 6275 refs, 0.0005600 secs]2016-01-06T00:58:22.348-0800: 138.469: [JNI Weak Reference, 0.0000140 secs], 0.2221170 secs]
   [Parallel Time: 3.0 ms, GC Workers: 4]
      [GC Worker Start (ms): Min: 138247.8, Avg: 138248.4, Max: 138250.2, Diff: 2.3]
      [Ext Root Scanning (ms): Min: 0.0, Avg: 0.3, Max: 0.5, Diff: 0.5, Sum: 1.3]
      [SATB Filtering (ms): Min: 0.0, Avg: 0.0, Max: 0.0, Diff: 0.0, Sum: 0.0]
      [Update RS (ms): Min: 0.0, Avg: 0.1, Max: 0.2, Diff: 0.2, Sum: 0.3]
         [Processed Buffers: Min: 0, Avg: 1.8, Max: 3, Diff: 3, Sum: 7]
      [Scan RS (ms): Min: 0.0, Avg: 0.1, Max: 0.1, Diff: 0.1, Sum: 0.4]
      [Code Root Scanning (ms): Min: 0.0, Avg: 0.0, Max: 0.0, Diff: 0.0, Sum: 0.0]
      [Object Copy (ms): Min: 0.5, Avg: 1.8, Max: 2.3, Diff: 1.7, Sum: 7.2]
      [Termination (ms): Min: 0.0, Avg: 0.0, Max: 0.0, Diff: 0.0, Sum: 0.0]
      [GC Worker Other (ms): Min: 0.0, Avg: 0.0, Max: 0.0, Diff: 0.0, Sum: 0.1]
      [GC Worker Total (ms): Min: 0.6, Avg: 2.3, Max: 2.9, Diff: 2.3, Sum: 9.3]
      [GC Worker End (ms): Min: 138250.7, Avg: 138250.7, Max: 138250.7, Diff: 0.0]
   [Code Root Fixup: 0.0 ms]
   [Code Root Migration: 0.0 ms]
   [Clear CT: 0.1 ms]
   [Other: 219.0 ms]
      [Choose CSet: 0.0 ms]
      [Ref Proc: 218.0 ms]
      [Ref Enq: 0.5 ms]
      [Free CSet: 0.3 ms]
   [Eden: 186.0M(186.0M)->0.0B(185.0M) Survivors: 18.0M->19.0M Heap: 2147.3M(4096.0M)->1962.4M(4096.0M)]
 [Times: user=0.81 sys=0.00, real=0.22 secs] 
2016-01-06T00:58:22.375-0800: 138.496: [GC pause (young)
Desired survivor size 13631488 bytes, new threshold 1 (max 15)
- age   1:   17262064 bytes,   17262064 total
2016-01-06T00:58:22.570-0800: 138.690: [SoftReference, 0 refs, 0.0005460 secs]2016-01-06T00:58:22.570-0800: 138.691: [WeakReference, 0 refs, 0.0002530 secs]2016-01-06T00:58:22.570-0800: 138.691: [FinalReference, 0 refs, 0.0002540 secs]2016-01-06T00:58:22.571-0800: 138.691: [PhantomReference, 0 refs, 6244 refs, 0.0006510 secs]2016-01-06T00:58:22.571-0800: 138.692: [JNI Weak Reference, 0.0000090 secs], 0.1970960 secs]
   [Parallel Time: 3.0 ms, GC Workers: 4]
      [GC Worker Start (ms): Min: 138496.3, Avg: 138496.3, Max: 138496.3, Diff: 0.1]
      [Ext Root Scanning (ms): Min: 0.3, Avg: 0.4, Max: 0.4, Diff: 0.0, Sum: 1.4]
      [SATB Filtering (ms): Min: 0.0, Avg: 0.0, Max: 0.0, Diff: 0.0, Sum: 0.0]
      [Update RS (ms): Min: 0.0, Avg: 0.1, Max: 0.3, Diff: 0.3, Sum: 0.4]
         [Processed Buffers: Min: 0, Avg: 1.5, Max: 3, Diff: 3, Sum: 6]
      [Scan RS (ms): Min: 0.0, Avg: 0.1, Max: 0.1, Diff: 0.1, Sum: 0.3]
      [Code Root Scanning (ms): Min: 0.0, Avg: 0.0, Max: 0.0, Diff: 0.0, Sum: 0.0]
      [Object Copy (ms): Min: 2.3, Avg: 2.4, Max: 2.4, Diff: 0.1, Sum: 9.6]
      [Termination (ms): Min: 0.0, Avg: 0.0, Max: 0.0, Diff: 0.0, Sum: 0.0]
      [GC Worker Other (ms): Min: 0.0, Avg: 0.0, Max: 0.0, Diff: 0.0, Sum: 0.1]
      [GC Worker Total (ms): Min: 2.9, Avg: 3.0, Max: 3.0, Diff: 0.1, Sum: 11.9]
      [GC Worker End (ms): Min: 138499.3, Avg: 138499.3, Max: 138499.3, Diff: 0.0]
   [Code Root Fixup: 0.0 ms]
   [Code Root Migration: 0.0 ms]
   [Clear CT: 0.2 ms]
   [Other: 193.9 ms]
      [Choose CSet: 0.0 ms]
      [Ref Proc: 192.9 ms]
      [Ref Enq: 0.6 ms]
      [Free CSet: 0.4 ms]
   [Eden: 185.0M(185.0M)->0.0B(185.0M) Survivors: 19.0M->19.0M Heap: 2147.4M(4096.0M)->1961.9M(4096.0M)]
 [Times: user=0.76 sys=0.00, real=0.20 secs] 
2016-01-06T00:58:22.602-0800: 138.723: [GC pause (young)
Desired survivor size 13631488 bytes, new threshold 1 (max 15)
- age   1:   17259832 bytes,   17259832 total
2016-01-06T00:58:22.795-0800: 138.916: [SoftReference, 0 refs, 0.0005560 secs]2016-01-06T00:58:22.796-0800: 138.917: [WeakReference, 0 refs, 0.0002570 secs]2016-01-06T00:58:22.796-0800: 138.917: [FinalReference, 0 refs, 0.0002650 secs]2016-01-06T00:58:22.796-0800: 138.917: [PhantomReference, 0 refs, 6245 refs, 0.0009090 secs]2016-01-06T00:58:22.797-0800: 138.918: [JNI Weak Reference, 0.0000090 secs], 0.1960190 secs]
   [Parallel Time: 3.2 ms, GC Workers: 4]
      [GC Worker Start (ms): Min: 138723.1, Avg: 138723.1, Max: 138723.1, Diff: 0.1]
      [Ext Root Scanning (ms): Min: 0.4, Avg: 1.0, Max: 3.0, Diff: 2.6, Sum: 4.2]
      [SATB Filtering (ms): Min: 0.0, Avg: 0.0, Max: 0.0, Diff: 0.0, Sum: 0.0]
      [Update RS (ms): Min: 0.0, Avg: 0.1, Max: 0.2, Diff: 0.2, Sum: 0.3]
         [Processed Buffers: Min: 0, Avg: 1.8, Max: 4, Diff: 4, Sum: 7]
      [Scan RS (ms): Min: 0.1, Avg: 0.1, Max: 0.1, Diff: 0.1, Sum: 0.4]
      [Code Root Scanning (ms): Min: 0.0, Avg: 0.0, Max: 0.0, Diff: 0.0, Sum: 0.0]
      [Object Copy (ms): Min: 0.1, Avg: 1.9, Max: 2.5, Diff: 2.3, Sum: 7.6]
      [Termination (ms): Min: 0.0, Avg: 0.0, Max: 0.0, Diff: 0.0, Sum: 0.0]
      [GC Worker Other (ms): Min: 0.0, Avg: 0.0, Max: 0.0, Diff: 0.0, Sum: 0.1]
      [GC Worker Total (ms): Min: 3.1, Avg: 3.1, Max: 3.2, Diff: 0.1, Sum: 12.6]
      [GC Worker End (ms): Min: 138726.2, Avg: 138726.2, Max: 138726.2, Diff: 0.0]
   [Code Root Fixup: 0.0 ms]
   [Code Root Migration: 0.0 ms]
   [Clear CT: 0.1 ms]
   [Other: 192.6 ms]
      [Choose CSet: 0.0 ms]
      [Ref Proc: 191.7 ms]
      [Ref Enq: 0.5 ms]
      [Free CSet: 0.3 ms]
   [Eden: 185.0M(185.0M)->0.0B(186.0M) Survivors: 19.0M->18.0M Heap: 2146.9M(4096.0M)->1961.5M(4096.0M)]
 [Times: user=0.76 sys=0.00, real=0.20 secs] 
2016-01-06T00:58:22.826-0800: 138.947: [GC pause (young)
Desired survivor size 13631488 bytes, new threshold 1 (max 15)
- age   1:   17259832 bytes,   17259832 total
2016-01-06T00:58:23.019-0800: 139.139: [SoftReference, 0 refs, 0.0005390 secs]2016-01-06T00:58:23.019-0800: 139.140: [WeakReference, 0 refs, 0.0003120 secs]2016-01-06T00:58:23.019-0800: 139.140: [FinalReference, 0 refs, 0.0002370 secs]2016-01-06T00:58:23.020-0800: 139.141: [PhantomReference, 0 refs, 6274 refs, 0.0005690 secs]2016-01-06T00:58:23.020-0800: 139.141: [JNI Weak Reference, 0.0000160 secs], 0.1950300 secs]
   [Parallel Time: 3.1 ms, GC Workers: 4]
      [GC Worker Start (ms): Min: 138947.4, Avg: 138947.4, Max: 138947.4, Diff: 0.1]
      [Ext Root Scanning (ms): Min: 0.4, Avg: 0.9, Max: 2.6, Diff: 2.2, Sum: 3.8]
      [SATB Filtering (ms): Min: 0.0, Avg: 0.0, Max: 0.0, Diff: 0.0, Sum: 0.0]
      [Update RS (ms): Min: 0.0, Avg: 0.1, Max: 0.2, Diff: 0.2, Sum: 0.3]
         [Processed Buffers: Min: 0, Avg: 1.2, Max: 2, Diff: 2, Sum: 5]
      [Scan RS (ms): Min: 0.0, Avg: 0.1, Max: 0.1, Diff: 0.1, Sum: 0.4]
      [Code Root Scanning (ms): Min: 0.0, Avg: 0.0, Max: 0.0, Diff: 0.0, Sum: 0.0]
      [Object Copy (ms): Min: 0.4, Avg: 1.8, Max: 2.3, Diff: 1.9, Sum: 7.3]
      [Termination (ms): Min: 0.0, Avg: 0.0, Max: 0.0, Diff: 0.0, Sum: 0.0]
      [GC Worker Other (ms): Min: 0.0, Avg: 0.0, Max: 0.0, Diff: 0.0, Sum: 0.1]
      [GC Worker Total (ms): Min: 2.9, Avg: 3.0, Max: 3.0, Diff: 0.1, Sum: 11.9]
      [GC Worker End (ms): Min: 138950.3, Avg: 138950.4, Max: 138950.4, Diff: 0.0]
   [Code Root Fixup: 0.0 ms]
   [Code Root Migration: 0.0 ms]
   [Clear CT: 0.1 ms]
   [Other: 191.8 ms]
      [Choose CSet: 0.0 ms]
      [Ref Proc: 190.8 ms]
      [Ref Enq: 0.6 ms]
      [Free CSet: 0.3 ms]
   [Eden: 186.0M(186.0M)->0.0B(185.0M) Survivors: 18.0M->19.0M Heap: 2147.5M(4096.0M)->1962.0M(4096.0M)]
 [Times: user=0.68 sys=0.00, real=0.19 secs] 
2016-01-06T00:58:23.048-0800: 139.169: [GC pause (young)
Desired survivor size 13631488 bytes, new threshold 1 (max 15)
- age   1:   17262064 bytes,   17262064 total
2016-01-06T00:58:23.229-0800: 139.350: [SoftReference, 0 refs, 0.0004080 secs]2016-01-06T00:58:23.230-0800: 139.351: [WeakReference, 0 refs, 0.0003670 secs]2016-01-06T00:58:23.230-0800: 139.351: [FinalReference, 0 refs, 0.0003620 secs]2016-01-06T00:58:23.230-0800: 139.351: [PhantomReference, 0 refs, 6244 refs, 0.0005960 secs]2016-01-06T00:58:23.231-0800: 139.352: [JNI Weak Reference, 0.0000080 secs], 0.1842580 secs]
   [Parallel Time: 2.8 ms, GC Workers: 4]
      [GC Worker Start (ms): Min: 139168.8, Avg: 139169.1, Max: 139169.9, Diff: 1.1]
      [Ext Root Scanning (ms): Min: 0.0, Avg: 0.3, Max: 0.5, Diff: 0.5, Sum: 1.3]
      [SATB Filtering (ms): Min: 0.0, Avg: 0.0, Max: 0.0, Diff: 0.0, Sum: 0.0]
      [Update RS (ms): Min: 0.0, Avg: 0.1, Max: 0.2, Diff: 0.2, Sum: 0.3]
         [Processed Buffers: Min: 0, Avg: 1.2, Max: 3, Diff: 3, Sum: 5]
      [Scan RS (ms): Min: 0.0, Avg: 0.1, Max: 0.1, Diff: 0.1, Sum: 0.3]
      [Code Root Scanning (ms): Min: 0.0, Avg: 0.0, Max: 0.0, Diff: 0.0, Sum: 0.0]
      [Object Copy (ms): Min: 1.7, Avg: 2.0, Max: 2.1, Diff: 0.4, Sum: 8.0]
      [Termination (ms): Min: 0.0, Avg: 0.0, Max: 0.0, Diff: 0.0, Sum: 0.0]
      [GC Worker Other (ms): Min: 0.0, Avg: 0.0, Max: 0.0, Diff: 0.0, Sum: 0.1]
      [GC Worker Total (ms): Min: 1.7, Avg: 2.5, Max: 2.8, Diff: 1.1, Sum: 10.1]
      [GC Worker End (ms): Min: 139171.6, Avg: 139171.6, Max: 139171.6, Diff: 0.0]
   [Code Root Fixup: 0.0 ms]
   [Code Root Migration: 0.0 ms]
   [Clear CT: 0.1 ms]
   [Other: 181.2 ms]
      [Choose CSet: 0.0 ms]
      [Ref Proc: 180.3 ms]
      [Ref Enq: 0.6 ms]
      [Free CSet: 0.3 ms]
   [Eden: 185.0M(185.0M)->0.0B(696.0M) Survivors: 19.0M->19.0M Heap: 2147.0M(4096.0M)->1962.0M(4096.0M)]
 [Times: user=0.68 sys=0.00, real=0.18 secs] 
2016-01-06T00:58:23.338-0800: 139.458: [GC pause (young)
Desired survivor size 47185920 bytes, new threshold 15 (max 15)
- age   1:   17259832 bytes,   17259832 total
2016-01-06T00:58:23.529-0800: 139.650: [SoftReference, 0 refs, 0.0005850 secs]2016-01-06T00:58:23.529-0800: 139.650: [WeakReference, 0 refs, 0.0003610 secs]2016-01-06T00:58:23.530-0800: 139.651: [FinalReference, 0 refs, 0.0002450 secs]2016-01-06T00:58:23.530-0800: 139.651: [PhantomReference, 0 refs, 22084 refs, 0.0010490 secs]2016-01-06T00:58:23.531-0800: 139.652: [JNI Weak Reference, 0.0000100 secs], 0.1970440 secs]
   [Parallel Time: 5.3 ms, GC Workers: 4]
      [GC Worker Start (ms): Min: 139458.5, Avg: 139458.9, Max: 139459.8, Diff: 1.3]
      [Ext Root Scanning (ms): Min: 0.0, Avg: 0.3, Max: 0.5, Diff: 0.5, Sum: 1.2]
      [SATB Filtering (ms): Min: 0.0, Avg: 0.0, Max: 0.0, Diff: 0.0, Sum: 0.0]
      [Update RS (ms): Min: 0.0, Avg: 0.1, Max: 0.2, Diff: 0.2, Sum: 0.3]
         [Processed Buffers: Min: 0, Avg: 1.2, Max: 2, Diff: 2, Sum: 5]
      [Scan RS (ms): Min: 0.1, Avg: 0.3, Max: 0.4, Diff: 0.3, Sum: 1.1]
      [Code Root Scanning (ms): Min: 0.0, Avg: 0.0, Max: 0.1, Diff: 0.1, Sum: 0.1]
      [Object Copy (ms): Min: 3.8, Avg: 4.1, Max: 4.2, Diff: 0.4, Sum: 16.4]
      [Termination (ms): Min: 0.0, Avg: 0.0, Max: 0.0, Diff: 0.0, Sum: 0.0]
      [GC Worker Other (ms): Min: 0.0, Avg: 0.0, Max: 0.1, Diff: 0.0, Sum: 0.1]
      [GC Worker Total (ms): Min: 3.9, Avg: 4.9, Max: 5.2, Diff: 1.3, Sum: 19.4]
      [GC Worker End (ms): Min: 139463.7, Avg: 139463.7, Max: 139463.7, Diff: 0.0]
   [Code Root Fixup: 0.0 ms]
   [Code Root Migration: 0.1 ms]
   [Clear CT: 0.2 ms]
   [Other: 191.4 ms]
      [Choose CSet: 0.0 ms]
      [Ref Proc: 188.3 ms]
      [Ref Enq: 2.2 ms]
      [Free CSet: 0.9 ms]
   [Eden: 696.0M(696.0M)->0.0B(777.0M) Survivors: 19.0M->20.0M Heap: 2658.0M(4096.0M)->1963.5M(4096.0M)]
 [Times: user=0.75 sys=0.00, real=0.19 secs] 
2016-01-06T00:58:23.652-0800: 139.773: [GC pause (young)
Desired survivor size 52428800 bytes, new threshold 15 (max 15)
- age   1:   18400384 bytes,   18400384 total
- age   2:      36864 bytes,   18437248 total
2016-01-06T00:58:23.846-0800: 139.967: [SoftReference, 0 refs, 0.0004790 secs]2016-01-06T00:58:23.855-0800: 139.976: [WeakReference, 0 refs, 0.0002740 secs]2016-01-06T00:58:23.855-0800: 139.976: [FinalReference, 0 refs, 0.0002400 secs]2016-01-06T00:58:23.855-0800: 139.976: [PhantomReference, 0 refs, 24597 refs, 0.0009280 secs]2016-01-06T00:58:23.856-0800: 139.977: [JNI Weak Reference, 0.0000090 secs], 0.2081780 secs]
   [Parallel Time: 6.0 ms, GC Workers: 4]
      [GC Worker Start (ms): Min: 139772.7, Avg: 139773.0, Max: 139773.9, Diff: 1.2]
      [Ext Root Scanning (ms): Min: 0.0, Avg: 0.3, Max: 0.5, Diff: 0.5, Sum: 1.3]
      [SATB Filtering (ms): Min: 0.0, Avg: 0.0, Max: 0.0, Diff: 0.0, Sum: 0.0]
      [Update RS (ms): Min: 0.0, Avg: 0.1, Max: 0.1, Diff: 0.1, Sum: 0.3]
         [Processed Buffers: Min: 0, Avg: 1.5, Max: 5, Diff: 5, Sum: 6]
      [Scan RS (ms): Min: 0.1, Avg: 0.3, Max: 0.4, Diff: 0.4, Sum: 1.3]
      [Code Root Scanning (ms): Min: 0.0, Avg: 0.0, Max: 0.1, Diff: 0.1, Sum: 0.1]
      [Object Copy (ms): Min: 4.5, Avg: 4.8, Max: 4.9, Diff: 0.3, Sum: 19.1]
      [Termination (ms): Min: 0.0, Avg: 0.0, Max: 0.0, Diff: 0.0, Sum: 0.0]
      [GC Worker Other (ms): Min: 0.0, Avg: 0.1, Max: 0.1, Diff: 0.1, Sum: 0.3]
      [GC Worker Total (ms): Min: 4.7, Avg: 5.6, Max: 5.9, Diff: 1.1, Sum: 22.3]
      [GC Worker End (ms): Min: 139778.6, Avg: 139778.6, Max: 139778.6, Diff: 0.1]
   [Code Root Fixup: 0.0 ms]
   [Code Root Migration: 0.1 ms]
   [Clear CT: 0.3 ms]
   [Other: 201.8 ms]
      [Choose CSet: 0.0 ms]
      [Ref Proc: 198.3 ms]
      [Ref Enq: 2.4 ms]
      [Free CSet: 1.0 ms]
   [Eden: 777.0M(777.0M)->0.0B(184.0M) Survivors: 20.0M->20.0M Heap: 2740.5M(4096.0M)->1963.5M(4096.0M)]
 [Times: user=0.76 sys=0.01, real=0.21 secs] 
2016-01-06T00:58:23.889-0800: 140.010: [GC pause (young)
Desired survivor size 13631488 bytes, new threshold 1 (max 15)
- age   1:   18581176 bytes,   18581176 total
- age   2:      36864 bytes,   18618040 total
2016-01-06T00:58:24.080-0800: 140.201: [SoftReference, 0 refs, 0.0005360 secs]2016-01-06T00:58:24.081-0800: 140.202: [WeakReference, 0 refs, 0.0002530 secs]2016-01-06T00:58:24.081-0800: 140.202: [FinalReference, 0 refs, 0.0002390 secs]2016-01-06T00:58:24.081-0800: 140.202: [PhantomReference, 0 refs, 6212 refs, 0.0006140 secs]2016-01-06T00:58:24.082-0800: 140.203: [JNI Weak Reference, 0.0000090 secs], 0.1940810 secs]
   [Parallel Time: 6.3 ms, GC Workers: 4]
      [GC Worker Start (ms): Min: 140010.1, Avg: 140011.7, Max: 140016.2, Diff: 6.1]
      [Ext Root Scanning (ms): Min: 0.0, Avg: 0.4, Max: 0.5, Diff: 0.5, Sum: 1.4]
      [SATB Filtering (ms): Min: 0.0, Avg: 0.0, Max: 0.0, Diff: 0.0, Sum: 0.0]
      [Update RS (ms): Min: 0.0, Avg: 0.1, Max: 0.2, Diff: 0.2, Sum: 0.3]
         [Processed Buffers: Min: 0, Avg: 1.2, Max: 2, Diff: 2, Sum: 5]
      [Scan RS (ms): Min: 0.0, Avg: 0.1, Max: 0.2, Diff: 0.1, Sum: 0.4]
      [Code Root Scanning (ms): Min: 0.0, Avg: 0.0, Max: 0.0, Diff: 0.0, Sum: 0.0]
      [Object Copy (ms): Min: 0.0, Avg: 2.0, Max: 2.6, Diff: 2.6, Sum: 7.9]
      [Termination (ms): Min: 0.0, Avg: 2.1, Max: 2.8, Diff: 2.8, Sum: 8.5]
      [GC Worker Other (ms): Min: 0.0, Avg: 0.0, Max: 0.0, Diff: 0.0, Sum: 0.1]
      [GC Worker Total (ms): Min: 0.1, Avg: 4.7, Max: 6.2, Diff: 6.1, Sum: 18.6]
      [GC Worker End (ms): Min: 140016.3, Avg: 140016.3, Max: 140016.3, Diff: 0.0]
   [Code Root Fixup: 0.0 ms]
   [Code Root Migration: 0.0 ms]
   [Clear CT: 0.1 ms]
   [Other: 187.6 ms]
      [Choose CSet: 0.0 ms]
      [Ref Proc: 186.6 ms]
      [Ref Enq: 0.6 ms]
      [Free CSet: 0.3 ms]
   [Eden: 184.0M(184.0M)->0.0B(291.0M) Survivors: 20.0M->19.0M Heap: 2147.5M(4096.0M)->1962.1M(4096.0M)]
 [Times: user=0.73 sys=0.01, real=0.19 secs] 
2016-01-06T00:58:24.128-0800: 140.249: [GC pause (young)
Desired survivor size 20447232 bytes, new threshold 15 (max 15)
- age   1:   17257600 bytes,   17257600 total
2016-01-06T00:58:24.325-0800: 140.446: [SoftReference, 0 refs, 0.0005480 secs]2016-01-06T00:58:24.326-0800: 140.447: [WeakReference, 0 refs, 0.0004110 secs]2016-01-06T00:58:24.326-0800: 140.447: [FinalReference, 0 refs, 0.0003110 secs]2016-01-06T00:58:24.327-0800: 140.447: [PhantomReference, 0 refs, 9529 refs, 0.0009320 secs]2016-01-06T00:58:24.327-0800: 140.448: [JNI Weak Reference, 0.0000140 secs], 0.2011830 secs]
   [Parallel Time: 6.5 ms, GC Workers: 4]
      [GC Worker Start (ms): Min: 140248.7, Avg: 140250.3, Max: 140255.1, Diff: 6.3]
      [Ext Root Scanning (ms): Min: 0.0, Avg: 0.3, Max: 0.5, Diff: 0.5, Sum: 1.4]
      [SATB Filtering (ms): Min: 0.0, Avg: 0.0, Max: 0.0, Diff: 0.0, Sum: 0.0]
      [Update RS (ms): Min: 0.0, Avg: 0.1, Max: 0.2, Diff: 0.2, Sum: 0.4]
         [Processed Buffers: Min: 0, Avg: 1.2, Max: 3, Diff: 3, Sum: 5]
      [Scan RS (ms): Min: 0.1, Avg: 0.1, Max: 0.2, Diff: 0.2, Sum: 0.6]
      [Code Root Scanning (ms): Min: 0.0, Avg: 0.0, Max: 0.0, Diff: 0.0, Sum: 0.1]
      [Object Copy (ms): Min: 0.0, Avg: 2.2, Max: 2.9, Diff: 2.9, Sum: 8.7]
      [Termination (ms): Min: 0.0, Avg: 2.0, Max: 2.7, Diff: 2.7, Sum: 8.1]
      [GC Worker Other (ms): Min: 0.0, Avg: 0.0, Max: 0.0, Diff: 0.0, Sum: 0.1]
      [GC Worker Total (ms): Min: 0.1, Avg: 4.8, Max: 6.4, Diff: 6.4, Sum: 19.3]
      [GC Worker End (ms): Min: 140255.1, Avg: 140255.2, Max: 140255.2, Diff: 0.0]
   [Code Root Fixup: 0.0 ms]
   [Code Root Migration: 0.1 ms]
   [Clear CT: 0.2 ms]
   [Other: 194.4 ms]
      [Choose CSet: 0.0 ms]
      [Ref Proc: 193.2 ms]
      [Ref Enq: 0.5 ms]
      [Free CSet: 0.7 ms]
   [Eden: 291.0M(291.0M)->0.0B(207.0M) Survivors: 19.0M->19.0M Heap: 2253.1M(4096.0M)->1962.1M(4096.0M)]
 [Times: user=0.75 sys=0.00, real=0.20 secs] 
2016-01-06T00:58:24.364-0800: 140.485: [GC pause (young)
Desired survivor size 15204352 bytes, new threshold 1 (max 15)
- age   1:   17496424 bytes,   17496424 total
- age   2:      36864 bytes,   17533288 total
2016-01-06T00:58:24.560-0800: 140.681: [SoftReference, 0 refs, 0.0006320 secs]2016-01-06T00:58:24.561-0800: 140.682: [WeakReference, 0 refs, 0.0002370 secs]2016-01-06T00:58:24.561-0800: 140.682: [FinalReference, 0 refs, 0.0002250 secs]2016-01-06T00:58:24.561-0800: 140.682: [PhantomReference, 0 refs, 6925 refs, 0.0005420 secs]2016-01-06T00:58:24.562-0800: 140.683: [JNI Weak Reference, 0.0000080 secs], 0.1987300 secs]
   [Parallel Time: 2.1 ms, GC Workers: 4]
      [GC Worker Start (ms): Min: 140485.3, Avg: 140485.4, Max: 140485.9, Diff: 0.6]
      [Ext Root Scanning (ms): Min: 0.0, Avg: 0.3, Max: 0.4, Diff: 0.4, Sum: 1.3]
      [SATB Filtering (ms): Min: 0.0, Avg: 0.0, Max: 0.0, Diff: 0.0, Sum: 0.0]
      [Update RS (ms): Min: 0.0, Avg: 0.1, Max: 0.2, Diff: 0.2, Sum: 0.3]
         [Processed Buffers: Min: 0, Avg: 1.2, Max: 3, Diff: 3, Sum: 5]
      [Scan RS (ms): Min: 0.1, Avg: 0.1, Max: 0.2, Diff: 0.1, Sum: 0.4]
      [Code Root Scanning (ms): Min: 0.0, Avg: 0.0, Max: 0.0, Diff: 0.0, Sum: 0.0]
      [Object Copy (ms): Min: 1.4, Avg: 1.4, Max: 1.4, Diff: 0.0, Sum: 5.5]
      [Termination (ms): Min: 0.0, Avg: 0.0, Max: 0.0, Diff: 0.0, Sum: 0.0]
      [GC Worker Other (ms): Min: 0.0, Avg: 0.0, Max: 0.0, Diff: 0.0, Sum: 0.0]
      [GC Worker Total (ms): Min: 1.4, Avg: 1.9, Max: 2.1, Diff: 0.6, Sum: 7.6]
      [GC Worker End (ms): Min: 140487.3, Avg: 140487.3, Max: 140487.3, Diff: 0.0]
   [Code Root Fixup: 0.0 ms]
   [Code Root Migration: 0.0 ms]
   [Clear CT: 0.1 ms]
   [Other: 196.4 ms]
      [Choose CSet: 0.0 ms]
      [Ref Proc: 195.5 ms]
      [Ref Enq: 0.6 ms]
      [Free CSet: 0.3 ms]
   [Eden: 207.0M(207.0M)->0.0B(202.0M) Survivors: 19.0M->2048.0K Heap: 2169.1M(4096.0M)->1945.6M(4096.0M)]
 [Times: user=0.76 sys=0.00, real=0.20 secs] 
2016-01-06T00:58:24.591-0800: 140.712: [GC pause (young)
Desired survivor size 13631488 bytes, new threshold 15 (max 15)
- age   1:     531784 bytes,     531784 total
2016-01-06T00:58:24.784-0800: 140.905: [SoftReference, 0 refs, 0.0004460 secs]2016-01-06T00:58:24.785-0800: 140.905: [WeakReference, 0 refs, 0.0003650 secs]2016-01-06T00:58:24.785-0800: 140.906: [FinalReference, 0 refs, 0.0002290 secs]2016-01-06T00:58:24.785-0800: 140.906: [PhantomReference, 0 refs, 6770 refs, 0.0007140 secs]2016-01-06T00:58:24.786-0800: 140.907: [JNI Weak Reference, 0.0000090 secs], 0.1955960 secs]
   [Parallel Time: 3.1 ms, GC Workers: 4]
      [GC Worker Start (ms): Min: 140712.4, Avg: 140712.4, Max: 140712.4, Diff: 0.1]
      [Ext Root Scanning (ms): Min: 0.3, Avg: 0.4, Max: 0.4, Diff: 0.1, Sum: 1.4]
      [SATB Filtering (ms): Min: 0.0, Avg: 0.0, Max: 0.0, Diff: 0.0, Sum: 0.0]
      [Update RS (ms): Min: 0.0, Avg: 0.1, Max: 0.2, Diff: 0.1, Sum: 0.4]
         [Processed Buffers: Min: 1, Avg: 1.5, Max: 2, Diff: 1, Sum: 6]
      [Scan RS (ms): Min: 0.0, Avg: 0.1, Max: 0.1, Diff: 0.1, Sum: 0.3]
      [Code Root Scanning (ms): Min: 0.0, Avg: 0.0, Max: 0.0, Diff: 0.0, Sum: 0.0]
      [Object Copy (ms): Min: 2.4, Avg: 2.4, Max: 2.4, Diff: 0.0, Sum: 9.5]
      [Termination (ms): Min: 0.0, Avg: 0.0, Max: 0.0, Diff: 0.0, Sum: 0.0]
      [GC Worker Other (ms): Min: 0.0, Avg: 0.0, Max: 0.1, Diff: 0.0, Sum: 0.1]
      [GC Worker Total (ms): Min: 3.0, Avg: 3.0, Max: 3.0, Diff: 0.0, Sum: 11.9]
      [GC Worker End (ms): Min: 140715.4, Avg: 140715.4, Max: 140715.4, Diff: 0.0]
   [Code Root Fixup: 0.0 ms]
   [Code Root Migration: 0.0 ms]
   [Clear CT: 0.1 ms]
   [Other: 192.3 ms]
      [Choose CSet: 0.0 ms]
      [Ref Proc: 191.3 ms]
      [Ref Enq: 0.6 ms]
      [Free CSet: 0.3 ms]
   [Eden: 202.0M(202.0M)->0.0B(185.0M) Survivors: 2048.0K->19.0M Heap: 2147.6M(4096.0M)->1962.1M(4096.0M)]
 [Times: user=0.76 sys=0.00, real=0.20 secs] 
2016-01-06T00:58:24.815-0800: 140.936: [GC pause (young)
Desired survivor size 13631488 bytes, new threshold 1 (max 15)
- age   1:   17297776 bytes,   17297776 total
- age   2:      36864 bytes,   17334640 total
2016-01-06T00:58:25.022-0800: 141.143: [SoftReference, 0 refs, 0.0004150 secs]2016-01-06T00:58:25.022-0800: 141.143: [WeakReference, 0 refs, 0.0003360 secs]2016-01-06T00:58:25.023-0800: 141.144: [FinalReference, 0 refs, 0.0003120 secs]2016-01-06T00:58:25.023-0800: 141.144: [PhantomReference, 0 refs, 6244 refs, 0.0006350 secs]2016-01-06T00:58:25.024-0800: 141.145: [JNI Weak Reference, 0.0000110 secs], 0.2097350 secs]
   [Parallel Time: 2.9 ms, GC Workers: 4]
      [GC Worker Start (ms): Min: 140936.1, Avg: 140936.1, Max: 140936.1, Diff: 0.1]
      [Ext Root Scanning (ms): Min: 0.3, Avg: 0.4, Max: 0.4, Diff: 0.1, Sum: 1.4]
      [SATB Filtering (ms): Min: 0.0, Avg: 0.0, Max: 0.0, Diff: 0.0, Sum: 0.0]
      [Update RS (ms): Min: 0.0, Avg: 0.1, Max: 0.1, Diff: 0.1, Sum: 0.3]
         [Processed Buffers: Min: 0, Avg: 1.5, Max: 2, Diff: 2, Sum: 6]
      [Scan RS (ms): Min: 0.0, Avg: 0.1, Max: 0.1, Diff: 0.1, Sum: 0.3]
      [Code Root Scanning (ms): Min: 0.0, Avg: 0.0, Max: 0.0, Diff: 0.0, Sum: 0.0]
      [Object Copy (ms): Min: 2.2, Avg: 2.2, Max: 2.2, Diff: 0.0, Sum: 8.9]
      [Termination (ms): Min: 0.0, Avg: 0.0, Max: 0.0, Diff: 0.0, Sum: 0.0]
      [GC Worker Other (ms): Min: 0.0, Avg: 0.0, Max: 0.1, Diff: 0.0, Sum: 0.1]
      [GC Worker Total (ms): Min: 2.8, Avg: 2.8, Max: 2.8, Diff: 0.1, Sum: 11.2]
      [GC Worker End (ms): Min: 140938.9, Avg: 140938.9, Max: 140938.9, Diff: 0.0]
   [Code Root Fixup: 0.0 ms]
   [Code Root Migration: 0.0 ms]
   [Clear CT: 0.1 ms]
   [Other: 206.6 ms]
      [Choose CSet: 0.0 ms]
      [Ref Proc: 205.7 ms]
      [Ref Enq: 0.6 ms]
      [Free CSet: 0.3 ms]
   [Eden: 185.0M(185.0M)->0.0B(185.0M) Survivors: 19.0M->19.0M Heap: 2147.1M(4096.0M)->1962.2M(4096.0M)]
 [Times: user=0.74 sys=0.00, real=0.21 secs] 
2016-01-06T00:58:25.051-0800: 141.172: [GC pause (young)
Desired survivor size 13631488 bytes, new threshold 1 (max 15)
- age   1:   17259832 bytes,   17259832 total
2016-01-06T00:58:25.243-0800: 141.364: [SoftReference, 0 refs, 0.0005160 secs]2016-01-06T00:58:25.244-0800: 141.365: [WeakReference, 0 refs, 0.0002690 secs]2016-01-06T00:58:25.244-0800: 141.365: [FinalReference, 0 refs, 0.0002380 secs]2016-01-06T00:58:25.244-0800: 141.365: [PhantomReference, 0 refs, 6245 refs, 0.0005940 secs]2016-01-06T00:58:25.245-0800: 141.366: [JNI Weak Reference, 0.0000090 secs], 0.1951940 secs]
   [Parallel Time: 2.9 ms, GC Workers: 4]
      [GC Worker Start (ms): Min: 141171.7, Avg: 141171.8, Max: 141171.8, Diff: 0.1]
      [Ext Root Scanning (ms): Min: 0.3, Avg: 0.4, Max: 0.4, Diff: 0.0, Sum: 1.4]
      [SATB Filtering (ms): Min: 0.0, Avg: 0.0, Max: 0.0, Diff: 0.0, Sum: 0.0]
      [Update RS (ms): Min: 0.0, Avg: 0.1, Max: 0.3, Diff: 0.3, Sum: 0.4]
         [Processed Buffers: Min: 1, Avg: 1.5, Max: 3, Diff: 2, Sum: 6]
      [Scan RS (ms): Min: 0.0, Avg: 0.1, Max: 0.1, Diff: 0.1, Sum: 0.4]
      [Code Root Scanning (ms): Min: 0.0, Avg: 0.0, Max: 0.0, Diff: 0.0, Sum: 0.0]
      [Object Copy (ms): Min: 2.2, Avg: 2.2, Max: 2.3, Diff: 0.1, Sum: 8.9]
      [Termination (ms): Min: 0.0, Avg: 0.0, Max: 0.0, Diff: 0.0, Sum: 0.0]
      [GC Worker Other (ms): Min: 0.0, Avg: 0.0, Max: 0.0, Diff: 0.0, Sum: 0.1]
      [GC Worker Total (ms): Min: 2.8, Avg: 2.8, Max: 2.9, Diff: 0.1, Sum: 11.3]
      [GC Worker End (ms): Min: 141174.6, Avg: 141174.6, Max: 141174.6, Diff: 0.0]
   [Code Root Fixup: 0.0 ms]
   [Code Root Migration: 0.0 ms]
   [Clear CT: 0.1 ms]
   [Other: 192.1 ms]
      [Choose CSet: 0.0 ms]
      [Ref Proc: 191.2 ms]
      [Ref Enq: 0.5 ms]
      [Free CSet: 0.3 ms]
   [Eden: 185.0M(185.0M)->0.0B(185.0M) Survivors: 19.0M->19.0M Heap: 2147.2M(4096.0M)->1962.2M(4096.0M)]
 [Times: user=0.75 sys=0.00, real=0.20 secs] 
2016-01-06T00:58:25.272-0800: 141.393: [GC pause (young)
Desired survivor size 13631488 bytes, new threshold 1 (max 15)
- age   1:   17259832 bytes,   17259832 total
2016-01-06T00:58:25.462-0800: 141.583: [SoftReference, 0 refs, 0.0003820 secs]2016-01-06T00:58:25.462-0800: 141.583: [WeakReference, 0 refs, 0.0003460 secs]2016-01-06T00:58:25.463-0800: 141.584: [FinalReference, 0 refs, 0.0002280 secs]2016-01-06T00:58:25.463-0800: 141.584: [PhantomReference, 0 refs, 6244 refs, 0.0005660 secs]2016-01-06T00:58:25.464-0800: 141.585: [JNI Weak Reference, 0.0000090 secs], 0.1923570 secs]
   [Parallel Time: 3.1 ms, GC Workers: 4]
      [GC Worker Start (ms): Min: 141393.2, Avg: 141393.3, Max: 141393.3, Diff: 0.1]
      [Ext Root Scanning (ms): Min: 0.4, Avg: 0.5, Max: 0.6, Diff: 0.3, Sum: 1.9]
      [SATB Filtering (ms): Min: 0.0, Avg: 0.0, Max: 0.0, Diff: 0.0, Sum: 0.0]
      [Update RS (ms): Min: 0.0, Avg: 0.1, Max: 0.2, Diff: 0.2, Sum: 0.3]
         [Processed Buffers: Min: 0, Avg: 1.5, Max: 3, Diff: 3, Sum: 6]
      [Scan RS (ms): Min: 0.0, Avg: 0.1, Max: 0.1, Diff: 0.1, Sum: 0.4]
      [Code Root Scanning (ms): Min: 0.0, Avg: 0.0, Max: 0.0, Diff: 0.0, Sum: 0.1]
      [Object Copy (ms): Min: 2.3, Avg: 2.3, Max: 2.4, Diff: 0.0, Sum: 9.4]
      [Termination (ms): Min: 0.0, Avg: 0.0, Max: 0.0, Diff: 0.0, Sum: 0.0]
      [GC Worker Other (ms): Min: 0.0, Avg: 0.0, Max: 0.0, Diff: 0.0, Sum: 0.1]
      [GC Worker Total (ms): Min: 3.0, Avg: 3.0, Max: 3.1, Diff: 0.1, Sum: 12.1]
      [GC Worker End (ms): Min: 141396.3, Avg: 141396.3, Max: 141396.3, Diff: 0.0]
   [Code Root Fixup: 0.0 ms]
   [Code Root Migration: 0.0 ms]
   [Clear CT: 0.1 ms]
   [Other: 189.1 ms]
      [Choose CSet: 0.0 ms]
      [Ref Proc: 188.2 ms]
      [Ref Enq: 0.5 ms]
      [Free CSet: 0.3 ms]
   [Eden: 185.0M(185.0M)->0.0B(185.0M) Survivors: 19.0M->19.0M Heap: 2147.2M(4096.0M)->1962.2M(4096.0M)]
 [Times: user=0.74 sys=0.01, real=0.19 secs] 
2016-01-06T00:58:25.491-0800: 141.612: [GC pause (young)
Desired survivor size 13631488 bytes, new threshold 1 (max 15)
- age   1:   17259832 bytes,   17259832 total
2016-01-06T00:58:25.691-0800: 141.812: [SoftReference, 0 refs, 0.0003930 secs]2016-01-06T00:58:25.692-0800: 141.812: [WeakReference, 0 refs, 0.0002340 secs]2016-01-06T00:58:25.692-0800: 141.813: [FinalReference, 0 refs, 0.0002350 secs]2016-01-06T00:58:25.692-0800: 141.813: [PhantomReference, 0 refs, 6245 refs, 0.0007040 secs]2016-01-06T00:58:25.693-0800: 141.814: [JNI Weak Reference, 0.0000110 secs], 0.2028950 secs]
   [Parallel Time: 3.0 ms, GC Workers: 4]
      [GC Worker Start (ms): Min: 141611.9, Avg: 141611.9, Max: 141612.0, Diff: 0.1]
      [Ext Root Scanning (ms): Min: 0.3, Avg: 0.4, Max: 0.4, Diff: 0.1, Sum: 1.4]
      [SATB Filtering (ms): Min: 0.0, Avg: 0.0, Max: 0.0, Diff: 0.0, Sum: 0.0]
      [Update RS (ms): Min: 0.0, Avg: 0.1, Max: 0.3, Diff: 0.3, Sum: 0.4]
         [Processed Buffers: Min: 1, Avg: 1.5, Max: 2, Diff: 1, Sum: 6]
      [Scan RS (ms): Min: 0.0, Avg: 0.1, Max: 0.1, Diff: 0.1, Sum: 0.3]
      [Code Root Scanning (ms): Min: 0.0, Avg: 0.0, Max: 0.0, Diff: 0.0, Sum: 0.0]
      [Object Copy (ms): Min: 2.3, Avg: 2.4, Max: 2.4, Diff: 0.1, Sum: 9.5]
      [Termination (ms): Min: 0.0, Avg: 0.0, Max: 0.0, Diff: 0.0, Sum: 0.0]
      [GC Worker Other (ms): Min: 0.0, Avg: 0.0, Max: 0.0, Diff: 0.0, Sum: 0.1]
      [GC Worker Total (ms): Min: 2.9, Avg: 3.0, Max: 3.0, Diff: 0.1, Sum: 11.8]
      [GC Worker End (ms): Min: 141614.9, Avg: 141614.9, Max: 141614.9, Diff: 0.0]
   [Code Root Fixup: 0.0 ms]
   [Code Root Migration: 0.0 ms]
   [Clear CT: 0.1 ms]
   [Other: 199.7 ms]
      [Choose CSet: 0.0 ms]
      [Ref Proc: 198.7 ms]
      [Ref Enq: 0.6 ms]
      [Free CSet: 0.3 ms]
   [Eden: 185.0M(185.0M)->0.0B(185.0M) Survivors: 19.0M->19.0M Heap: 2147.2M(4096.0M)->1962.3M(4096.0M)]
 [Times: user=0.78 sys=0.00, real=0.20 secs] 
2016-01-06T00:58:25.721-0800: 141.842: [GC pause (young)
Desired survivor size 13631488 bytes, new threshold 1 (max 15)
- age   1:   17259832 bytes,   17259832 total
2016-01-06T00:58:25.910-0800: 142.031: [SoftReference, 0 refs, 0.0005920 secs]2016-01-06T00:58:25.910-0800: 142.031: [WeakReference, 0 refs, 0.0002710 secs]2016-01-06T00:58:25.911-0800: 142.032: [FinalReference, 0 refs, 0.0002280 secs]2016-01-06T00:58:25.911-0800: 142.032: [PhantomReference, 0 refs, 6245 refs, 0.0005350 secs]2016-01-06T00:58:25.912-0800: 142.032: [JNI Weak Reference, 0.0000100 secs], 0.1915880 secs]
   [Parallel Time: 3.0 ms, GC Workers: 4]
      [GC Worker Start (ms): Min: 141842.0, Avg: 141842.0, Max: 141842.1, Diff: 0.1]
      [Ext Root Scanning (ms): Min: 0.3, Avg: 0.4, Max: 0.4, Diff: 0.1, Sum: 1.4]
      [SATB Filtering (ms): Min: 0.0, Avg: 0.0, Max: 0.0, Diff: 0.0, Sum: 0.0]
      [Update RS (ms): Min: 0.0, Avg: 0.1, Max: 0.3, Diff: 0.3, Sum: 0.4]
         [Processed Buffers: Min: 0, Avg: 1.5, Max: 3, Diff: 3, Sum: 6]
      [Scan RS (ms): Min: 0.0, Avg: 0.1, Max: 0.1, Diff: 0.1, Sum: 0.3]
      [Code Root Scanning (ms): Min: 0.0, Avg: 0.0, Max: 0.0, Diff: 0.0, Sum: 0.1]
      [Object Copy (ms): Min: 2.2, Avg: 2.3, Max: 2.3, Diff: 0.1, Sum: 9.1]
      [Termination (ms): Min: 0.0, Avg: 0.0, Max: 0.0, Diff: 0.0, Sum: 0.0]
      [GC Worker Other (ms): Min: 0.0, Avg: 0.0, Max: 0.1, Diff: 0.0, Sum: 0.1]
      [GC Worker Total (ms): Min: 2.8, Avg: 2.9, Max: 2.9, Diff: 0.0, Sum: 11.4]
      [GC Worker End (ms): Min: 141844.9, Avg: 141844.9, Max: 141844.9, Diff: 0.0]
   [Code Root Fixup: 0.0 ms]
   [Code Root Migration: 0.0 ms]
   [Clear CT: 0.1 ms]
   [Other: 188.4 ms]
      [Choose CSet: 0.0 ms]
      [Ref Proc: 187.5 ms]
      [Ref Enq: 0.5 ms]
      [Free CSet: 0.3 ms]
   [Eden: 185.0M(185.0M)->0.0B(200.0M) Survivors: 19.0M->19.0M Heap: 2147.3M(4096.0M)->1962.3M(4096.0M)]
 [Times: user=0.74 sys=0.01, real=0.19 secs] 
2016-01-06T00:58:25.941-0800: 142.062: [GC pause (young)
Desired survivor size 14680064 bytes, new threshold 1 (max 15)
- age   1:   17259832 bytes,   17259832 total
2016-01-06T00:58:26.121-0800: 142.242: [SoftReference, 0 refs, 0.0004540 secs]2016-01-06T00:58:26.122-0800: 142.243: [WeakReference, 0 refs, 0.0002980 secs]2016-01-06T00:58:26.122-0800: 142.243: [FinalReference, 0 refs, 0.0003690 secs]2016-01-06T00:58:26.122-0800: 142.243: [PhantomReference, 0 refs, 6710 refs, 0.0006050 secs]2016-01-06T00:58:26.123-0800: 142.244: [JNI Weak Reference, 0.0000090 secs], 0.1833920 secs]
   [Parallel Time: 6.2 ms, GC Workers: 4]
      [GC Worker Start (ms): Min: 142061.7, Avg: 142063.2, Max: 142067.8, Diff: 6.1]
      [Ext Root Scanning (ms): Min: 0.0, Avg: 0.4, Max: 0.5, Diff: 0.5, Sum: 1.5]
      [SATB Filtering (ms): Min: 0.0, Avg: 0.0, Max: 0.0, Diff: 0.0, Sum: 0.0]
      [Update RS (ms): Min: 0.0, Avg: 0.1, Max: 0.3, Diff: 0.3, Sum: 0.4]
         [Processed Buffers: Min: 0, Avg: 1.5, Max: 3, Diff: 3, Sum: 6]
      [Scan RS (ms): Min: 0.0, Avg: 0.1, Max: 0.2, Diff: 0.2, Sum: 0.4]
      [Code Root Scanning (ms): Min: 0.0, Avg: 0.0, Max: 0.0, Diff: 0.0, Sum: 0.0]
      [Object Copy (ms): Min: 0.0, Avg: 1.0, Max: 1.4, Diff: 1.4, Sum: 4.1]
      [Termination (ms): Min: 0.0, Avg: 3.0, Max: 4.0, Diff: 4.0, Sum: 12.0]
      [GC Worker Other (ms): Min: 0.0, Avg: 0.0, Max: 0.0, Diff: 0.0, Sum: 0.0]
      [GC Worker Total (ms): Min: 0.0, Avg: 4.6, Max: 6.1, Diff: 6.1, Sum: 18.4]
      [GC Worker End (ms): Min: 142067.8, Avg: 142067.8, Max: 142067.8, Diff: 0.0]
   [Code Root Fixup: 0.0 ms]
   [Code Root Migration: 0.0 ms]
   [Clear CT: 0.1 ms]
   [Other: 177.0 ms]
      [Choose CSet: 0.0 ms]
      [Ref Proc: 176.0 ms]
      [Ref Enq: 0.6 ms]
      [Free CSet: 0.3 ms]
   [Eden: 200.0M(200.0M)->0.0B(1582.0M) Survivors: 19.0M->8192.0K Heap: 2162.3M(4096.0M)->1951.4M(4096.0M)]
 [Times: user=0.67 sys=0.01, real=0.18 secs] 
2016-01-06T00:58:26.276-0800: 142.397: [GC concurrent-mark-end, 20.5732730 secs]
2016-01-06T00:58:26.276-0800: 142.397: [GC remark 2016-01-06T00:58:26.276-0800: 142.397: [GC ref-proc2016-01-06T00:58:26.276-0800: 142.397: [SoftReference, 0 refs, 0.0045970 secs]2016-01-06T00:58:26.281-0800: 142.402: [WeakReference, 0 refs, 0.0002420 secs]2016-01-06T00:58:26.281-0800: 142.402: [FinalReference, 4 refs, 0.0003590 secs]2016-01-06T00:58:26.282-0800: 142.403: [PhantomReference, 0 refs, 10438428 refs, 0.8093440 secs]2016-01-06T00:58:27.091-0800: 143.212: [JNI Weak Reference, 0.0000230 secs], 0.8147610 secs], 0.8235180 secs]
 [Times: user=2.10 sys=0.92, real=0.83 secs] 
2016-01-06T00:58:27.100-0800: 143.221: [GC cleanup 3026M->3025M(4096M), 0.0059530 secs]
 [Times: user=0.01 sys=0.02, real=0.01 secs] 
2016-01-06T00:58:27.106-0800: 143.227: [GC concurrent-cleanup-start]
2016-01-06T00:58:27.106-0800: 143.227: [GC concurrent-cleanup-end, 0.0000230 secs]
2016-01-06T00:58:27.184-0800: 143.305: [GC pause (young)
Desired survivor size 104333312 bytes, new threshold 15 (max 15)
- age   1:    6327424 bytes,    6327424 total
2016-01-06T00:58:27.195-0800: 143.316: [SoftReference, 0 refs, 0.0005630 secs]2016-01-06T00:58:27.196-0800: 143.317: [WeakReference, 0 refs, 0.0002400 secs]2016-01-06T00:58:27.196-0800: 143.317: [FinalReference, 0 refs, 0.0003370 secs]2016-01-06T00:58:27.197-0800: 143.317: [PhantomReference, 0 refs, 49552 refs, 0.0014040 secs]2016-01-06T00:58:27.198-0800: 143.319: [JNI Weak Reference, 0.0000090 secs], 0.0171510 secs]
   [Parallel Time: 11.2 ms, GC Workers: 4]
      [GC Worker Start (ms): Min: 143304.8, Avg: 143304.9, Max: 143304.9, Diff: 0.1]
      [Ext Root Scanning (ms): Min: 0.3, Avg: 0.4, Max: 0.4, Diff: 0.1, Sum: 1.4]
      [Update RS (ms): Min: 0.0, Avg: 0.1, Max: 0.3, Diff: 0.3, Sum: 0.4]
         [Processed Buffers: Min: 0, Avg: 1.2, Max: 3, Diff: 3, Sum: 5]
      [Scan RS (ms): Min: 0.6, Avg: 0.8, Max: 0.8, Diff: 0.2, Sum: 3.0]
      [Code Root Scanning (ms): Min: 0.1, Avg: 0.1, Max: 0.1, Diff: 0.0, Sum: 0.3]
      [Object Copy (ms): Min: 9.7, Avg: 9.8, Max: 9.8, Diff: 0.1, Sum: 39.0]
      [Termination (ms): Min: 0.0, Avg: 0.0, Max: 0.0, Diff: 0.0, Sum: 0.0]
      [GC Worker Other (ms): Min: 0.0, Avg: 0.1, Max: 0.1, Diff: 0.1, Sum: 0.2]
      [GC Worker Total (ms): Min: 11.1, Avg: 11.1, Max: 11.2, Diff: 0.1, Sum: 44.5]
      [GC Worker End (ms): Min: 143315.9, Avg: 143316.0, Max: 143316.0, Diff: 0.1]
   [Code Root Fixup: 0.0 ms]
   [Code Root Migration: 0.2 ms]
   [Clear CT: 0.4 ms]
   [Other: 5.3 ms]
      [Choose CSet: 0.0 ms]
      [Ref Proc: 2.8 ms]
      [Ref Enq: 0.5 ms]
      [Free CSet: 1.8 ms]
   [Eden: 1582.0M(1582.0M)->0.0B(1694.0M) Survivors: 8192.0K->22.0M Heap: 3532.4M(4096.0M)->1964.9M(4096.0M)]
 [Times: user=0.05 sys=0.00, real=0.02 secs] 
2016-01-06T00:58:27.435-0800: 143.556: [GC pause (young)
Desired survivor size 112721920 bytes, new threshold 15 (max 15)
- age   1:   20377936 bytes,   20377936 total
- age   2:      36864 bytes,   20414800 total
2016-01-06T00:58:27.447-0800: 143.568: [SoftReference, 0 refs, 0.0005140 secs]2016-01-06T00:58:27.448-0800: 143.569: [WeakReference, 0 refs, 0.0002510 secs]2016-01-06T00:58:27.448-0800: 143.569: [FinalReference, 0 refs, 0.0002420 secs]2016-01-06T00:58:27.448-0800: 143.569: [PhantomReference, 0 refs, 53024 refs, 0.0015470 secs]2016-01-06T00:58:27.450-0800: 143.571: [JNI Weak Reference, 0.0000090 secs], 0.0180920 secs]
   [Parallel Time: 11.8 ms, GC Workers: 4]
      [GC Worker Start (ms): Min: 143556.2, Avg: 143556.6, Max: 143557.9, Diff: 1.7]
      [Ext Root Scanning (ms): Min: 0.0, Avg: 0.3, Max: 0.4, Diff: 0.4, Sum: 1.2]
      [Update RS (ms): Min: 0.0, Avg: 0.1, Max: 0.2, Diff: 0.2, Sum: 0.2]
         [Processed Buffers: Min: 0, Avg: 1.2, Max: 3, Diff: 3, Sum: 5]
      [Scan RS (ms): Min: 0.2, Avg: 0.7, Max: 1.0, Diff: 0.8, Sum: 2.9]
      [Code Root Scanning (ms): Min: 0.0, Avg: 0.1, Max: 0.1, Diff: 0.1, Sum: 0.3]
      [Object Copy (ms): Min: 9.7, Avg: 10.0, Max: 10.2, Diff: 0.4, Sum: 40.2]
      [Termination (ms): Min: 0.0, Avg: 0.0, Max: 0.0, Diff: 0.0, Sum: 0.0]
      [GC Worker Other (ms): Min: 0.0, Avg: 0.1, Max: 0.1, Diff: 0.1, Sum: 0.2]
      [GC Worker Total (ms): Min: 10.0, Avg: 11.3, Max: 11.7, Diff: 1.7, Sum: 45.1]
      [GC Worker End (ms): Min: 143567.9, Avg: 143567.9, Max: 143567.9, Diff: 0.1]
   [Code Root Fixup: 0.0 ms]
   [Code Root Migration: 0.2 ms]
   [Clear CT: 0.5 ms]
   [Other: 5.6 ms]
      [Choose CSet: 0.0 ms]
      [Ref Proc: 2.7 ms]
      [Ref Enq: 0.8 ms]
      [Free CSet: 1.9 ms]
   [Eden: 1694.0M(1694.0M)->0.0B(1694.0M) Survivors: 22.0M->22.0M Heap: 3658.9M(4096.0M)->1964.4M(4096.0M)]
 [Times: user=0.06 sys=0.00, real=0.02 secs] 
2016-01-06T00:58:27.687-0800: 143.808: [GC pause (young) (initial-mark)
Desired survivor size 112721920 bytes, new threshold 15 (max 15)
- age   1:   20627920 bytes,   20627920 total
- age   2:      36864 bytes,   20664784 total
2016-01-06T00:58:27.701-0800: 143.822: [SoftReference, 0 refs, 0.0005500 secs]2016-01-06T00:58:27.702-0800: 143.823: [WeakReference, 0 refs, 0.0002290 secs]2016-01-06T00:58:27.702-0800: 143.823: [FinalReference, 0 refs, 0.0003300 secs]2016-01-06T00:58:27.703-0800: 143.823: [PhantomReference, 0 refs, 53023 refs, 0.0011460 secs]2016-01-06T00:58:27.704-0800: 143.825: [JNI Weak Reference, 0.0000130 secs], 0.0204410 secs]
   [Parallel Time: 14.0 ms, GC Workers: 4]
      [GC Worker Start (ms): Min: 143808.2, Avg: 143808.2, Max: 143808.2, Diff: 0.1]
      [Ext Root Scanning (ms): Min: 0.3, Avg: 0.3, Max: 0.4, Diff: 0.2, Sum: 1.4]
      [Code Root Marking (ms): Min: 0.2, Avg: 0.2, Max: 0.3, Diff: 0.1, Sum: 1.0]
      [Update RS (ms): Min: 0.0, Avg: 0.1, Max: 0.3, Diff: 0.3, Sum: 0.3]
         [Processed Buffers: Min: 0, Avg: 1.2, Max: 3, Diff: 3, Sum: 5]
      [Scan RS (ms): Min: 0.6, Avg: 0.7, Max: 0.8, Diff: 0.2, Sum: 2.8]
      [Code Root Scanning (ms): Min: 0.1, Avg: 0.1, Max: 0.1, Diff: 0.0, Sum: 0.4]
      [Object Copy (ms): Min: 11.7, Avg: 11.9, Max: 12.4, Diff: 0.7, Sum: 47.5]
      [Termination (ms): Min: 0.0, Avg: 0.5, Max: 0.7, Diff: 0.7, Sum: 2.2]
      [GC Worker Other (ms): Min: 0.0, Avg: 0.0, Max: 0.0, Diff: 0.0, Sum: 0.1]
      [GC Worker Total (ms): Min: 13.8, Avg: 13.9, Max: 13.9, Diff: 0.1, Sum: 55.6]
      [GC Worker End (ms): Min: 143822.1, Avg: 143822.1, Max: 143822.1, Diff: 0.0]
   [Code Root Fixup: 0.0 ms]
   [Code Root Migration: 0.3 ms]
   [Clear CT: 0.4 ms]
   [Other: 5.8 ms]
      [Choose CSet: 0.0 ms]
      [Ref Proc: 2.5 ms]
      [Ref Enq: 0.6 ms]
      [Free CSet: 2.0 ms]
   [Eden: 1694.0M(1694.0M)->0.0B(1695.0M) Survivors: 22.0M->22.0M Heap: 3658.4M(4096.0M)->1964.4M(4096.0M)]
 [Times: user=0.06 sys=0.00, real=0.02 secs] 
2016-01-06T00:58:27.707-0800: 143.828: [GC concurrent-root-region-scan-start]
2016-01-06T00:58:27.715-0800: 143.836: [GC concurrent-root-region-scan-end, 0.0074470 secs]
2016-01-06T00:58:27.715-0800: 143.836: [GC concurrent-mark-start]
2016-01-06T00:58:28.306-0800: 144.427: [GC pause (young)
Desired survivor size 112721920 bytes, new threshold 15 (max 15)
- age   1:   20627920 bytes,   20627920 total
- age   2:      36864 bytes,   20664784 total
2016-01-06T00:58:28.340-0800: 144.461: [SoftReference, 0 refs, 0.0006610 secs]2016-01-06T00:58:28.341-0800: 144.462: [WeakReference, 0 refs, 0.0003550 secs]2016-01-06T00:58:28.341-0800: 144.462: [FinalReference, 0 refs, 0.0002610 secs]2016-01-06T00:58:28.341-0800: 144.462: [PhantomReference, 0 refs, 53055 refs, 0.0012950 secs]2016-01-06T00:58:28.343-0800: 144.464: [JNI Weak Reference, 0.0000090 secs], 0.0443280 secs]
   [Parallel Time: 28.8 ms, GC Workers: 4]
      [GC Worker Start (ms): Min: 144427.2, Avg: 144431.9, Max: 144445.9, Diff: 18.7]
      [Ext Root Scanning (ms): Min: 0.0, Avg: 0.3, Max: 0.4, Diff: 0.4, Sum: 1.3]
      [SATB Filtering (ms): Min: 0.0, Avg: 0.0, Max: 0.0, Diff: 0.0, Sum: 0.0]
      [Update RS (ms): Min: 0.0, Avg: 12.6, Max: 16.8, Diff: 16.8, Sum: 50.3]
         [Processed Buffers: Min: 0, Avg: 22.2, Max: 41, Diff: 41, Sum: 89]
      [Scan RS (ms): Min: 0.1, Avg: 0.7, Max: 0.9, Diff: 0.7, Sum: 2.7]
      [Code Root Scanning (ms): Min: 0.0, Avg: 0.1, Max: 0.1, Diff: 0.1, Sum: 0.3]
      [Object Copy (ms): Min: 9.8, Avg: 10.3, Max: 10.6, Diff: 0.8, Sum: 41.3]
      [Termination (ms): Min: 0.0, Avg: 0.0, Max: 0.0, Diff: 0.0, Sum: 0.0]
      [GC Worker Other (ms): Min: 0.0, Avg: 0.0, Max: 0.1, Diff: 0.0, Sum: 0.2]
      [GC Worker Total (ms): Min: 10.0, Avg: 24.0, Max: 28.7, Diff: 18.7, Sum: 96.0]
      [GC Worker End (ms): Min: 144455.8, Avg: 144455.9, Max: 144455.9, Diff: 0.0]
   [Code Root Fixup: 0.0 ms]
   [Code Root Migration: 0.3 ms]
   [Clear CT: 0.5 ms]
   [Other: 14.8 ms]
      [Choose CSet: 0.0 ms]
      [Ref Proc: 7.6 ms]
      [Ref Enq: 5.2 ms]
      [Free CSet: 1.9 ms]
   [Eden: 1695.0M(1695.0M)->0.0B(1696.0M) Survivors: 22.0M->22.0M Heap: 3659.4M(4096.0M)->1964.9M(4096.0M)]
 [Times: user=0.14 sys=0.00, real=0.04 secs] 
2016-01-06T00:58:28.611-0800: 144.732: [GC pause (young)
Desired survivor size 112721920 bytes, new threshold 15 (max 15)
- age   1:   20630152 bytes,   20630152 total
- age   2:      36864 bytes,   20667016 total
2016-01-06T00:58:28.674-0800: 144.795: [SoftReference, 0 refs, 0.0005050 secs]2016-01-06T00:58:28.674-0800: 144.795: [WeakReference, 0 refs, 0.0002430 secs]2016-01-06T00:58:28.674-0800: 144.795: [FinalReference, 0 refs, 0.0003730 secs]2016-01-06T00:58:28.675-0800: 144.796: [PhantomReference, 0 refs, 53086 refs, 0.0016280 secs]2016-01-06T00:58:28.676-0800: 144.797: [JNI Weak Reference, 0.0000080 secs], 0.0719270 secs]
   [Parallel Time: 38.9 ms, GC Workers: 4]
      [GC Worker Start (ms): Min: 144732.1, Avg: 144732.1, Max: 144732.1, Diff: 0.1]
      [Ext Root Scanning (ms): Min: 0.3, Avg: 0.3, Max: 0.4, Diff: 0.1, Sum: 1.4]
      [SATB Filtering (ms): Min: 0.0, Avg: 0.0, Max: 0.0, Diff: 0.0, Sum: 0.0]
      [Update RS (ms): Min: 27.3, Avg: 27.5, Max: 27.8, Diff: 0.5, Sum: 110.2]
         [Processed Buffers: Min: 39, Avg: 39.8, Max: 42, Diff: 3, Sum: 159]
      [Scan RS (ms): Min: 0.6, Avg: 0.8, Max: 0.9, Diff: 0.3, Sum: 3.2]
      [Code Root Scanning (ms): Min: 0.0, Avg: 0.1, Max: 0.1, Diff: 0.1, Sum: 0.3]
      [Object Copy (ms): Min: 9.9, Avg: 9.9, Max: 9.9, Diff: 0.1, Sum: 39.6]
      [Termination (ms): Min: 0.0, Avg: 0.0, Max: 0.0, Diff: 0.0, Sum: 0.0]
      [GC Worker Other (ms): Min: 0.0, Avg: 0.1, Max: 0.1, Diff: 0.0, Sum: 0.2]
      [GC Worker Total (ms): Min: 38.7, Avg: 38.7, Max: 38.8, Diff: 0.1, Sum: 154.9]
      [GC Worker End (ms): Min: 144770.8, Avg: 144770.9, Max: 144770.9, Diff: 0.0]
   [Code Root Fixup: 0.0 ms]
   [Code Root Migration: 0.3 ms]
   [Clear CT: 0.4 ms]
   [Other: 32.4 ms]
      [Choose CSet: 0.0 ms]
      [Ref Proc: 26.5 ms]
      [Ref Enq: 3.9 ms]
      [Free CSet: 1.9 ms]
   [Eden: 1696.0M(1696.0M)->0.0B(1696.0M) Survivors: 22.0M->22.0M Heap: 3660.9M(4096.0M)->1964.4M(4096.0M)]
 [Times: user=0.27 sys=0.00, real=0.07 secs] 
2016-01-06T00:58:28.941-0800: 145.062: [GC pause (young)
Desired survivor size 112721920 bytes, new threshold 15 (max 15)
- age   1:   20632384 bytes,   20632384 total
- age   2:      36864 bytes,   20669248 total
2016-01-06T00:58:29.017-0800: 145.138: [SoftReference, 0 refs, 0.0005320 secs]2016-01-06T00:58:29.017-0800: 145.138: [WeakReference, 0 refs, 0.0002410 secs]2016-01-06T00:58:29.018-0800: 145.138: [FinalReference, 0 refs, 0.0002510 secs]2016-01-06T00:58:29.018-0800: 145.139: [PhantomReference, 0 refs, 53085 refs, 0.0013580 secs]2016-01-06T00:58:29.019-0800: 145.140: [JNI Weak Reference, 0.0000090 secs], 0.0842690 secs]
   [Parallel Time: 34.0 ms, GC Workers: 4]
      [GC Worker Start (ms): Min: 145062.2, Avg: 145062.2, Max: 145062.2, Diff: 0.1]
      [Ext Root Scanning (ms): Min: 0.3, Avg: 0.4, Max: 0.4, Diff: 0.1, Sum: 1.5]
      [SATB Filtering (ms): Min: 0.0, Avg: 0.0, Max: 0.0, Diff: 0.0, Sum: 0.0]
      [Update RS (ms): Min: 21.8, Avg: 22.2, Max: 22.5, Diff: 0.7, Sum: 88.9]
         [Processed Buffers: Min: 28, Avg: 30.0, Max: 32, Diff: 4, Sum: 120]
      [Scan RS (ms): Min: 0.6, Avg: 0.8, Max: 1.1, Diff: 0.6, Sum: 3.2]
      [Code Root Scanning (ms): Min: 0.0, Avg: 0.1, Max: 0.1, Diff: 0.1, Sum: 0.3]
      [Object Copy (ms): Min: 10.4, Avg: 10.4, Max: 10.4, Diff: 0.0, Sum: 41.6]
      [Termination (ms): Min: 0.0, Avg: 0.0, Max: 0.0, Diff: 0.0, Sum: 0.0]
      [GC Worker Other (ms): Min: 0.0, Avg: 0.1, Max: 0.1, Diff: 0.1, Sum: 0.3]
      [GC Worker Total (ms): Min: 33.9, Avg: 33.9, Max: 34.0, Diff: 0.1, Sum: 135.7]
      [GC Worker End (ms): Min: 145096.1, Avg: 145096.1, Max: 145096.2, Diff: 0.1]
   [Code Root Fixup: 0.0 ms]
   [Code Root Migration: 0.3 ms]
   [Clear CT: 0.4 ms]
   [Other: 49.5 ms]
      [Choose CSet: 0.0 ms]
      [Ref Proc: 43.9 ms]
      [Ref Enq: 3.6 ms]
      [Free CSet: 2.0 ms]
   [Eden: 1696.0M(1696.0M)->0.0B(1697.0M) Survivors: 22.0M->22.0M Heap: 3660.4M(4096.0M)->1964.9M(4096.0M)]
 [Times: user=0.30 sys=0.00, real=0.09 secs] 
2016-01-06T00:58:29.300-0800: 145.420: [GC pause (young)
Desired survivor size 112721920 bytes, new threshold 15 (max 15)
- age   1:   20632384 bytes,   20632384 total
- age   2:      36864 bytes,   20669248 total
2016-01-06T00:58:29.382-0800: 145.503: [SoftReference, 0 refs, 0.0005100 secs]2016-01-06T00:58:29.382-0800: 145.503: [WeakReference, 0 refs, 0.0003400 secs]2016-01-06T00:58:29.383-0800: 145.504: [FinalReference, 0 refs, 0.0002200 secs]2016-01-06T00:58:29.383-0800: 145.504: [PhantomReference, 0 refs, 53118 refs, 0.0013720 secs]2016-01-06T00:58:29.384-0800: 145.505: [JNI Weak Reference, 0.0000090 secs], 0.0929080 secs]
   [Parallel Time: 31.0 ms, GC Workers: 4]
      [GC Worker Start (ms): Min: 145420.5, Avg: 145420.9, Max: 145421.9, Diff: 1.3]
      [Ext Root Scanning (ms): Min: 0.0, Avg: 0.4, Max: 0.5, Diff: 0.5, Sum: 1.4]
      [SATB Filtering (ms): Min: 0.0, Avg: 0.0, Max: 0.0, Diff: 0.0, Sum: 0.0]
      [Update RS (ms): Min: 16.2, Avg: 18.8, Max: 24.4, Diff: 8.2, Sum: 75.3]
         [Processed Buffers: Min: 17, Avg: 21.5, Max: 27, Diff: 10, Sum: 86]
      [Scan RS (ms): Min: 0.4, Avg: 1.2, Max: 2.1, Diff: 1.8, Sum: 4.6]
      [Code Root Scanning (ms): Min: 0.0, Avg: 0.1, Max: 0.1, Diff: 0.1, Sum: 0.4]
      [Object Copy (ms): Min: 5.3, Avg: 9.8, Max: 11.5, Diff: 6.2, Sum: 39.3]
      [Termination (ms): Min: 0.0, Avg: 0.2, Max: 0.3, Diff: 0.3, Sum: 0.7]
      [GC Worker Other (ms): Min: 0.0, Avg: 0.0, Max: 0.0, Diff: 0.0, Sum: 0.1]
      [GC Worker Total (ms): Min: 29.4, Avg: 30.5, Max: 30.9, Diff: 1.5, Sum: 121.8]
      [GC Worker End (ms): Min: 145451.3, Avg: 145451.4, Max: 145451.5, Diff: 0.2]
   [Code Root Fixup: 0.0 ms]
   [Code Root Migration: 0.3 ms]
   [Clear CT: 0.5 ms]
   [Other: 61.2 ms]
      [Choose CSet: 0.0 ms]
      [Ref Proc: 53.9 ms]
      [Ref Enq: 5.2 ms]
      [Free CSet: 2.0 ms]
   [Eden: 1697.0M(1697.0M)->0.0B(1697.0M) Survivors: 22.0M->22.0M Heap: 3661.9M(4096.0M)->1964.4M(4096.0M)]
 [Times: user=0.33 sys=0.00, real=0.09 secs] 
2016-01-06T00:58:29.655-0800: 145.776: [GC pause (young)
Desired survivor size 112721920 bytes, new threshold 15 (max 15)
- age   1:   20634616 bytes,   20634616 total
- age   2:      36864 bytes,   20671480 total
2016-01-06T00:58:29.752-0800: 145.873: [SoftReference, 0 refs, 0.0005220 secs]2016-01-06T00:58:29.753-0800: 145.874: [WeakReference, 0 refs, 0.0002460 secs]2016-01-06T00:58:29.753-0800: 145.874: [FinalReference, 0 refs, 0.0002390 secs]2016-01-06T00:58:29.753-0800: 145.874: [PhantomReference, 0 refs, 53116 refs, 0.0014360 secs]2016-01-06T00:58:29.755-0800: 145.876: [JNI Weak Reference, 0.0000090 secs], 0.1074130 secs]
   [Parallel Time: 33.3 ms, GC Workers: 4]
      [GC Worker Start (ms): Min: 145775.9, Avg: 145776.0, Max: 145776.2, Diff: 0.3]
      [Ext Root Scanning (ms): Min: 0.2, Avg: 2.8, Max: 10.0, Diff: 9.8, Sum: 11.3]
      [SATB Filtering (ms): Min: 0.0, Avg: 0.0, Max: 0.0, Diff: 0.0, Sum: 0.0]
      [Update RS (ms): Min: 12.2, Avg: 19.4, Max: 21.9, Diff: 9.6, Sum: 77.6]
         [Processed Buffers: Min: 19, Avg: 27.8, Max: 36, Diff: 17, Sum: 111]
      [Scan RS (ms): Min: 0.7, Avg: 0.8, Max: 0.9, Diff: 0.2, Sum: 3.2]
      [Code Root Scanning (ms): Min: 0.1, Avg: 0.1, Max: 0.1, Diff: 0.0, Sum: 0.3]
      [Object Copy (ms): Min: 9.9, Avg: 10.0, Max: 10.0, Diff: 0.1, Sum: 39.9]
      [Termination (ms): Min: 0.0, Avg: 0.0, Max: 0.0, Diff: 0.0, Sum: 0.0]
      [GC Worker Other (ms): Min: 0.0, Avg: 0.1, Max: 0.1, Diff: 0.1, Sum: 0.2]
      [GC Worker Total (ms): Min: 32.9, Avg: 33.1, Max: 33.2, Diff: 0.4, Sum: 132.5]
      [GC Worker End (ms): Min: 145809.0, Avg: 145809.1, Max: 145809.1, Diff: 0.1]
   [Code Root Fixup: 0.0 ms]
   [Code Root Migration: 0.3 ms]
   [Clear CT: 0.4 ms]
   [Other: 73.4 ms]
      [Choose CSet: 0.0 ms]
      [Ref Proc: 66.5 ms]
      [Ref Enq: 4.9 ms]
      [Free CSet: 2.0 ms]
   [Eden: 1697.0M(1697.0M)->0.0B(1697.0M) Survivors: 22.0M->22.0M Heap: 3661.4M(4096.0M)->1964.9M(4096.0M)]
 [Times: user=0.38 sys=0.00, real=0.11 secs] 
2016-01-06T00:58:30.026-0800: 146.147: [GC pause (young)
Desired survivor size 112721920 bytes, new threshold 15 (max 15)
- age   1:   20634616 bytes,   20634616 total
- age   2:      36864 bytes,   20671480 total
2016-01-06T00:58:30.124-0800: 146.245: [SoftReference, 0 refs, 0.0004080 secs]2016-01-06T00:58:30.124-0800: 146.245: [WeakReference, 0 refs, 0.0003250 secs]2016-01-06T00:58:30.124-0800: 146.245: [FinalReference, 0 refs, 0.0002290 secs]2016-01-06T00:58:30.125-0800: 146.246: [PhantomReference, 0 refs, 53117 refs, 0.0019980 secs]2016-01-06T00:58:30.127-0800: 146.248: [JNI Weak Reference, 0.0000120 secs], 0.1083360 secs]
   [Parallel Time: 30.4 ms, GC Workers: 4]
      [GC Worker Start (ms): Min: 146146.8, Avg: 146148.6, Max: 146153.9, Diff: 7.0]
      [Ext Root Scanning (ms): Min: 0.0, Avg: 0.3, Max: 0.5, Diff: 0.5, Sum: 1.2]
      [SATB Filtering (ms): Min: 0.0, Avg: 0.0, Max: 0.0, Diff: 0.0, Sum: 0.0]
      [Update RS (ms): Min: 12.1, Avg: 17.2, Max: 19.1, Diff: 7.0, Sum: 68.7]
         [Processed Buffers: Min: 20, Avg: 26.0, Max: 36, Diff: 16, Sum: 104]
      [Scan RS (ms): Min: 0.5, Avg: 0.8, Max: 0.9, Diff: 0.5, Sum: 3.1]
      [Code Root Scanning (ms): Min: 0.1, Avg: 0.1, Max: 0.1, Diff: 0.0, Sum: 0.4]
      [Object Copy (ms): Min: 10.1, Avg: 10.1, Max: 10.1, Diff: 0.0, Sum: 40.3]
      [Termination (ms): Min: 0.0, Avg: 0.0, Max: 0.0, Diff: 0.0, Sum: 0.0]
      [GC Worker Other (ms): Min: 0.0, Avg: 0.1, Max: 0.1, Diff: 0.1, Sum: 0.2]
      [GC Worker Total (ms): Min: 23.3, Avg: 28.5, Max: 30.3, Diff: 7.0, Sum: 114.0]
      [GC Worker End (ms): Min: 146177.1, Avg: 146177.1, Max: 146177.1, Diff: 0.1]
   [Code Root Fixup: 0.0 ms]
   [Code Root Migration: 0.3 ms]
   [Clear CT: 0.4 ms]
   [Other: 77.3 ms]
      [Choose CSet: 0.0 ms]
      [Ref Proc: 70.4 ms]
      [Ref Enq: 4.9 ms]
      [Free CSet: 2.0 ms]
   [Eden: 1697.0M(1697.0M)->0.0B(1697.0M) Survivors: 22.0M->22.0M Heap: 3661.9M(4096.0M)->1964.9M(4096.0M)]
 [Times: user=0.35 sys=0.00, real=0.10 secs] 
2016-01-06T00:58:30.397-0800: 146.518: [GC pause (young)
Desired survivor size 112721920 bytes, new threshold 15 (max 15)
- age   1:   20634616 bytes,   20634616 total
- age   2:      36864 bytes,   20671480 total
2016-01-06T00:58:30.541-0800: 146.662: [SoftReference, 0 refs, 0.0005600 secs]2016-01-06T00:58:30.541-0800: 146.662: [WeakReference, 0 refs, 0.0002350 secs]2016-01-06T00:58:30.541-0800: 146.662: [FinalReference, 0 refs, 0.0002680 secs]2016-01-06T00:58:30.542-0800: 146.663: [PhantomReference, 0 refs, 53115 refs, 0.0017820 secs]2016-01-06T00:58:30.544-0800: 146.664: [JNI Weak Reference, 0.0000090 secs], 0.1539050 secs]
   [Parallel Time: 29.2 ms, GC Workers: 4]
      [GC Worker Start (ms): Min: 146518.4, Avg: 146518.5, Max: 146518.5, Diff: 0.1]
      [Ext Root Scanning (ms): Min: 0.3, Avg: 0.4, Max: 0.4, Diff: 0.1, Sum: 1.4]
      [SATB Filtering (ms): Min: 0.0, Avg: 0.0, Max: 0.0, Diff: 0.0, Sum: 0.0]
      [Update RS (ms): Min: 17.9, Avg: 18.1, Max: 18.4, Diff: 0.6, Sum: 72.5]
         [Processed Buffers: Min: 26, Avg: 26.2, Max: 27, Diff: 1, Sum: 105]
      [Scan RS (ms): Min: 0.6, Avg: 0.8, Max: 1.1, Diff: 0.5, Sum: 3.2]
      [Code Root Scanning (ms): Min: 0.0, Avg: 0.1, Max: 0.1, Diff: 0.1, Sum: 0.4]
      [Object Copy (ms): Min: 9.6, Avg: 9.6, Max: 9.6, Diff: 0.1, Sum: 38.4]
      [Termination (ms): Min: 0.0, Avg: 0.0, Max: 0.0, Diff: 0.0, Sum: 0.0]
      [GC Worker Other (ms): Min: 0.0, Avg: 0.1, Max: 0.1, Diff: 0.1, Sum: 0.3]
      [GC Worker Total (ms): Min: 29.0, Avg: 29.0, Max: 29.1, Diff: 0.1, Sum: 116.1]
      [GC Worker End (ms): Min: 146547.5, Avg: 146547.5, Max: 146547.5, Diff: 0.1]
   [Code Root Fixup: 0.0 ms]
   [Code Root Migration: 0.3 ms]
   [Clear CT: 0.4 ms]
   [Other: 124.1 ms]
      [Choose CSet: 0.0 ms]
      [Ref Proc: 116.8 ms]
      [Ref Enq: 5.3 ms]
      [Free CSet: 1.9 ms]
   [Eden: 1697.0M(1697.0M)->0.0B(1711.0M) Survivors: 22.0M->10.0M Heap: 3661.9M(4096.0M)->1952.4M(4096.0M)]
 [Times: user=0.56 sys=0.00, real=0.15 secs] 
2016-01-06T00:58:30.814-0800: 146.935: [GC pause (young)
Desired survivor size 113246208 bytes, new threshold 15 (max 15)
- age   1:    8191288 bytes,    8191288 total
- age   2:      36864 bytes,    8228152 total
2016-01-06T00:58:30.947-0800: 147.068: [SoftReference, 0 refs, 0.0004870 secs]2016-01-06T00:58:30.948-0800: 147.068: [WeakReference, 0 refs, 0.0002840 secs]2016-01-06T00:58:30.948-0800: 147.069: [FinalReference, 0 refs, 0.0002450 secs]2016-01-06T00:58:30.948-0800: 147.069: [PhantomReference, 0 refs, 53550 refs, 0.0013510 secs]2016-01-06T00:58:30.949-0800: 147.070: [JNI Weak Reference, 0.0000130 secs], 0.1427180 secs]
   [Parallel Time: 38.2 ms, GC Workers: 4]
      [GC Worker Start (ms): Min: 146935.1, Avg: 146935.1, Max: 146935.1, Diff: 0.1]
      [Ext Root Scanning (ms): Min: 0.3, Avg: 0.4, Max: 0.4, Diff: 0.1, Sum: 1.4]
      [SATB Filtering (ms): Min: 0.0, Avg: 0.0, Max: 0.0, Diff: 0.0, Sum: 0.0]
      [Update RS (ms): Min: 25.9, Avg: 26.0, Max: 26.0, Diff: 0.1, Sum: 103.9]
         [Processed Buffers: Min: 37, Avg: 37.2, Max: 38, Diff: 1, Sum: 149]
      [Scan RS (ms): Min: 0.7, Avg: 0.8, Max: 0.9, Diff: 0.2, Sum: 3.2]
      [Code Root Scanning (ms): Min: 0.1, Avg: 0.1, Max: 0.1, Diff: 0.0, Sum: 0.4]
      [Object Copy (ms): Min: 10.8, Avg: 10.8, Max: 10.9, Diff: 0.0, Sum: 43.4]
      [Termination (ms): Min: 0.0, Avg: 0.0, Max: 0.0, Diff: 0.0, Sum: 0.0]
      [GC Worker Other (ms): Min: 0.0, Avg: 0.1, Max: 0.1, Diff: 0.1, Sum: 0.3]
      [GC Worker Total (ms): Min: 38.1, Avg: 38.1, Max: 38.2, Diff: 0.1, Sum: 152.5]
      [GC Worker End (ms): Min: 146973.2, Avg: 146973.2, Max: 146973.2, Diff: 0.1]
   [Code Root Fixup: 0.0 ms]
   [Code Root Migration: 0.3 ms]
   [Clear CT: 0.5 ms]
   [Other: 103.8 ms]
      [Choose CSet: 0.0 ms]
      [Ref Proc: 97.1 ms]
      [Ref Enq: 4.6 ms]
      [Free CSet: 2.0 ms]
   [Eden: 1711.0M(1711.0M)->0.0B(1698.0M) Survivors: 10.0M->22.0M Heap: 3663.4M(4096.0M)->1964.9M(4096.0M)]
 [Times: user=0.54 sys=0.00, real=0.14 secs] 
2016-01-06T00:58:31.219-0800: 147.339: [GC pause (young)
Desired survivor size 112721920 bytes, new threshold 15 (max 15)
- age   1:   20665864 bytes,   20665864 total
- age   2:      36864 bytes,   20702728 total
2016-01-06T00:58:31.350-0800: 147.471: [SoftReference, 0 refs, 0.0004950 secs]2016-01-06T00:58:31.350-0800: 147.471: [WeakReference, 0 refs, 0.0002630 secs]2016-01-06T00:58:31.350-0800: 147.471: [FinalReference, 0 refs, 0.0002910 secs]2016-01-06T00:58:31.351-0800: 147.472: [PhantomReference, 0 refs, 53148 refs, 0.0016140 secs]2016-01-06T00:58:31.352-0800: 147.473: [JNI Weak Reference, 0.0000090 secs], 0.1418350 secs]
   [Parallel Time: 30.8 ms, GC Workers: 4]
      [GC Worker Start (ms): Min: 147339.5, Avg: 147340.1, Max: 147341.9, Diff: 2.4]
      [Ext Root Scanning (ms): Min: 0.0, Avg: 0.3, Max: 0.5, Diff: 0.5, Sum: 1.2]
      [SATB Filtering (ms): Min: 0.0, Avg: 0.0, Max: 0.0, Diff: 0.0, Sum: 0.0]
      [Update RS (ms): Min: 16.9, Avg: 18.1, Max: 18.7, Diff: 1.8, Sum: 72.4]
         [Processed Buffers: Min: 25, Avg: 26.2, Max: 28, Diff: 3, Sum: 105]
      [Scan RS (ms): Min: 0.6, Avg: 0.8, Max: 1.1, Diff: 0.5, Sum: 3.1]
      [Code Root Scanning (ms): Min: 0.1, Avg: 0.1, Max: 0.1, Diff: 0.0, Sum: 0.3]
      [Object Copy (ms): Min: 10.8, Avg: 10.8, Max: 10.9, Diff: 0.1, Sum: 43.3]
      [Termination (ms): Min: 0.0, Avg: 0.0, Max: 0.0, Diff: 0.0, Sum: 0.0]
      [GC Worker Other (ms): Min: 0.0, Avg: 0.1, Max: 0.1, Diff: 0.0, Sum: 0.2]
      [GC Worker Total (ms): Min: 28.4, Avg: 30.1, Max: 30.8, Diff: 2.4, Sum: 120.6]
      [GC Worker End (ms): Min: 147370.2, Avg: 147370.3, Max: 147370.3, Diff: 0.0]
   [Code Root Fixup: 0.0 ms]
   [Code Root Migration: 0.3 ms]
   [Clear CT: 0.4 ms]
   [Other: 110.3 ms]
      [Choose CSet: 0.0 ms]
      [Ref Proc: 103.0 ms]
      [Ref Enq: 5.3 ms]
      [Free CSet: 1.9 ms]
   [Eden: 1698.0M(1698.0M)->0.0B(1698.0M) Survivors: 22.0M->22.0M Heap: 3662.9M(4096.0M)->1964.9M(4096.0M)]
 [Times: user=0.54 sys=0.00, real=0.14 secs] 
2016-01-06T00:58:31.614-0800: 147.735: [GC pause (young)
Desired survivor size 112721920 bytes, new threshold 15 (max 15)
- age   1:   20636848 bytes,   20636848 total
- age   2:      36864 bytes,   20673712 total
2016-01-06T00:58:31.773-0800: 147.894: [SoftReference, 0 refs, 0.0004200 secs]2016-01-06T00:58:31.774-0800: 147.895: [WeakReference, 0 refs, 0.0002160 secs]2016-01-06T00:58:31.774-0800: 147.895: [FinalReference, 0 refs, 0.0002380 secs]2016-01-06T00:58:31.774-0800: 147.895: [PhantomReference, 0 refs, 53148 refs, 0.0018650 secs]2016-01-06T00:58:31.776-0800: 147.897: [JNI Weak Reference, 0.0000080 secs], 0.1709860 secs]
   [Parallel Time: 44.8 ms, GC Workers: 4]
      [GC Worker Start (ms): Min: 147734.7, Avg: 147736.5, Max: 147741.9, Diff: 7.2]
      [Ext Root Scanning (ms): Min: 0.0, Avg: 0.3, Max: 0.5, Diff: 0.5, Sum: 1.2]
      [SATB Filtering (ms): Min: 0.0, Avg: 0.0, Max: 0.0, Diff: 0.0, Sum: 0.0]
      [Update RS (ms): Min: 25.9, Avg: 30.7, Max: 32.6, Diff: 6.7, Sum: 122.9]
         [Processed Buffers: Min: 38, Avg: 45.8, Max: 51, Diff: 13, Sum: 183]
      [Scan RS (ms): Min: 0.5, Avg: 0.8, Max: 1.1, Diff: 0.5, Sum: 3.1]
      [Code Root Scanning (ms): Min: 0.1, Avg: 0.1, Max: 0.1, Diff: 0.1, Sum: 0.4]
      [Object Copy (ms): Min: 10.9, Avg: 11.0, Max: 11.0, Diff: 0.1, Sum: 43.9]
      [Termination (ms): Min: 0.0, Avg: 0.0, Max: 0.0, Diff: 0.0, Sum: 0.0]
      [GC Worker Other (ms): Min: 0.0, Avg: 0.1, Max: 0.1, Diff: 0.1, Sum: 0.2]
      [GC Worker Total (ms): Min: 37.6, Avg: 42.9, Max: 44.7, Diff: 7.2, Sum: 171.7]
      [GC Worker End (ms): Min: 147779.4, Avg: 147779.4, Max: 147779.5, Diff: 0.1]
   [Code Root Fixup: 0.0 ms]
   [Code Root Migration: 0.3 ms]
   [Clear CT: 0.5 ms]
   [Other: 125.4 ms]
      [Choose CSet: 0.0 ms]
      [Ref Proc: 117.6 ms]
      [Ref Enq: 4.9 ms]
      [Free CSet: 2.9 ms]
   [Eden: 1698.0M(1698.0M)->0.0B(1698.0M) Survivors: 22.0M->22.0M Heap: 3662.9M(4096.0M)->1964.9M(4096.0M)]
 [Times: user=0.62 sys=0.01, real=0.17 secs] 
2016-01-06T00:58:32.037-0800: 148.158: [GC pause (young)
Desired survivor size 112721920 bytes, new threshold 15 (max 15)
- age   1:   20636848 bytes,   20636848 total
- age   2:      36864 bytes,   20673712 total
2016-01-06T00:58:32.201-0800: 148.322: [SoftReference, 0 refs, 0.0004930 secs]2016-01-06T00:58:32.202-0800: 148.323: [WeakReference, 0 refs, 0.0003260 secs]2016-01-06T00:58:32.202-0800: 148.323: [FinalReference, 0 refs, 0.0002260 secs]2016-01-06T00:58:32.202-0800: 148.323: [PhantomReference, 0 refs, 53148 refs, 0.0017200 secs]2016-01-06T00:58:32.204-0800: 148.325: [JNI Weak Reference, 0.0000150 secs], 0.1749360 secs]
   [Parallel Time: 29.9 ms, GC Workers: 4]
      [GC Worker Start (ms): Min: 148158.2, Avg: 148159.0, Max: 148161.3, Diff: 3.1]
      [Ext Root Scanning (ms): Min: 0.0, Avg: 0.3, Max: 0.5, Diff: 0.5, Sum: 1.3]
      [SATB Filtering (ms): Min: 0.0, Avg: 0.0, Max: 0.0, Diff: 0.0, Sum: 0.0]
      [Update RS (ms): Min: 15.2, Avg: 17.2, Max: 18.1, Diff: 2.9, Sum: 68.9]
         [Processed Buffers: Min: 22, Avg: 25.0, Max: 27, Diff: 5, Sum: 100]
      [Scan RS (ms): Min: 0.7, Avg: 0.8, Max: 0.8, Diff: 0.1, Sum: 3.2]
      [Code Root Scanning (ms): Min: 0.1, Avg: 0.1, Max: 0.1, Diff: 0.0, Sum: 0.3]
      [Object Copy (ms): Min: 10.5, Avg: 10.5, Max: 10.5, Diff: 0.1, Sum: 41.9]
      [Termination (ms): Min: 0.0, Avg: 0.0, Max: 0.0, Diff: 0.0, Sum: 0.0]
      [GC Worker Other (ms): Min: 0.0, Avg: 0.1, Max: 0.1, Diff: 0.1, Sum: 0.2]
      [GC Worker Total (ms): Min: 26.7, Avg: 29.0, Max: 29.7, Diff: 3.1, Sum: 115.9]
      [GC Worker End (ms): Min: 148187.9, Avg: 148187.9, Max: 148188.0, Diff: 0.1]
   [Code Root Fixup: 0.0 ms]
   [Code Root Migration: 0.3 ms]
   [Clear CT: 0.4 ms]
   [Other: 144.4 ms]
      [Choose CSet: 0.0 ms]
      [Ref Proc: 136.9 ms]
      [Ref Enq: 5.3 ms]
      [Free CSet: 2.0 ms]
   [Eden: 1698.0M(1698.0M)->0.0B(1698.0M) Survivors: 22.0M->22.0M Heap: 3662.9M(4096.0M)->1964.9M(4096.0M)]
 [Times: user=0.65 sys=0.00, real=0.17 secs] 
2016-01-06T00:58:32.461-0800: 148.581: [GC pause (young)
Desired survivor size 112721920 bytes, new threshold 15 (max 15)
- age   1:   20636848 bytes,   20636848 total
- age   2:      36864 bytes,   20673712 total
2016-01-06T00:58:32.664-0800: 148.785: [SoftReference, 0 refs, 0.0004300 secs]2016-01-06T00:58:32.665-0800: 148.786: [WeakReference, 0 refs, 0.0003670 secs]2016-01-06T00:58:32.665-0800: 148.786: [FinalReference, 0 refs, 0.0003350 secs]2016-01-06T00:58:32.666-0800: 148.786: [PhantomReference, 0 refs, 53148 refs, 0.0013480 secs]2016-01-06T00:58:32.667-0800: 148.788: [JNI Weak Reference, 0.0000140 secs], 0.2131080 secs]
   [Parallel Time: 36.5 ms, GC Workers: 4]
      [GC Worker Start (ms): Min: 148581.5, Avg: 148581.6, Max: 148581.6, Diff: 0.1]
      [Ext Root Scanning (ms): Min: 0.3, Avg: 0.4, Max: 0.4, Diff: 0.1, Sum: 1.5]
      [SATB Filtering (ms): Min: 0.0, Avg: 0.0, Max: 0.0, Diff: 0.0, Sum: 0.0]
      [Update RS (ms): Min: 22.6, Avg: 22.8, Max: 23.0, Diff: 0.4, Sum: 91.2]
         [Processed Buffers: Min: 32, Avg: 33.2, Max: 34, Diff: 2, Sum: 133]
      [Scan RS (ms): Min: 1.0, Avg: 3.2, Max: 9.5, Diff: 8.5, Sum: 12.7]
      [Code Root Scanning (ms): Min: 0.0, Avg: 0.1, Max: 0.2, Diff: 0.2, Sum: 0.4]
      [Object Copy (ms): Min: 2.4, Avg: 8.6, Max: 10.7, Diff: 8.3, Sum: 34.3]
      [Termination (ms): Min: 0.0, Avg: 0.0, Max: 0.0, Diff: 0.0, Sum: 0.0]
      [GC Worker Other (ms): Min: 0.0, Avg: 1.0, Max: 1.3, Diff: 1.3, Sum: 3.9]
      [GC Worker Total (ms): Min: 35.0, Avg: 36.0, Max: 36.4, Diff: 1.3, Sum: 144.1]
      [GC Worker End (ms): Min: 148616.6, Avg: 148617.6, Max: 148617.9, Diff: 1.3]
   [Code Root Fixup: 0.0 ms]
   [Code Root Migration: 0.3 ms]
   [Clear CT: 0.4 ms]
   [Other: 176.0 ms]
      [Choose CSet: 0.0 ms]
      [Ref Proc: 169.8 ms]
      [Ref Enq: 3.9 ms]
      [Free CSet: 2.1 ms]
   [Eden: 1698.0M(1698.0M)->0.0B(1698.0M) Survivors: 22.0M->22.0M Heap: 3662.9M(4096.0M)->1964.9M(4096.0M)]
 [Times: user=0.73 sys=0.01, real=0.21 secs] 
2016-01-06T00:58:32.932-0800: 149.053: [GC pause (young)
Desired survivor size 112721920 bytes, new threshold 15 (max 15)
- age   1:   20636848 bytes,   20636848 total
- age   2:      36864 bytes,   20673712 total
2016-01-06T00:58:33.099-0800: 149.220: [SoftReference, 0 refs, 0.0005770 secs]2016-01-06T00:58:33.099-0800: 149.220: [WeakReference, 0 refs, 0.0003850 secs]2016-01-06T00:58:33.100-0800: 149.221: [FinalReference, 0 refs, 0.0003590 secs]2016-01-06T00:58:33.100-0800: 149.221: [PhantomReference, 0 refs, 53147 refs, 0.0020120 secs]2016-01-06T00:58:33.102-0800: 149.223: [JNI Weak Reference, 0.0000120 secs], 0.1760440 secs]
   [Parallel Time: 24.7 ms, GC Workers: 4]
      [GC Worker Start (ms): Min: 149053.3, Avg: 149053.3, Max: 149053.4, Diff: 0.1]
      [Ext Root Scanning (ms): Min: 0.3, Avg: 0.4, Max: 0.4, Diff: 0.1, Sum: 1.4]
      [SATB Filtering (ms): Min: 0.0, Avg: 0.0, Max: 0.0, Diff: 0.0, Sum: 0.0]
      [Update RS (ms): Min: 12.1, Avg: 12.4, Max: 12.6, Diff: 0.5, Sum: 49.5]
         [Processed Buffers: Min: 18, Avg: 19.5, Max: 21, Diff: 3, Sum: 78]
      [Scan RS (ms): Min: 0.5, Avg: 0.7, Max: 0.9, Diff: 0.3, Sum: 2.8]
      [Code Root Scanning (ms): Min: 0.0, Avg: 0.1, Max: 0.1, Diff: 0.1, Sum: 0.3]
      [Object Copy (ms): Min: 11.0, Avg: 11.0, Max: 11.0, Diff: 0.0, Sum: 43.9]
      [Termination (ms): Min: 0.0, Avg: 0.0, Max: 0.0, Diff: 0.0, Sum: 0.1]
      [GC Worker Other (ms): Min: 0.0, Avg: 0.1, Max: 0.1, Diff: 0.1, Sum: 0.2]
      [GC Worker Total (ms): Min: 24.5, Avg: 24.6, Max: 24.6, Diff: 0.1, Sum: 98.3]
      [GC Worker End (ms): Min: 149077.9, Avg: 149077.9, Max: 149078.0, Diff: 0.1]
   [Code Root Fixup: 0.0 ms]
   [Code Root Migration: 0.3 ms]
   [Clear CT: 0.5 ms]
   [Other: 150.6 ms]
      [Choose CSet: 0.0 ms]
      [Ref Proc: 145.1 ms]
      [Ref Enq: 3.3 ms]
      [Free CSet: 2.1 ms]
   [Eden: 1698.0M(1698.0M)->0.0B(1698.0M) Survivors: 22.0M->22.0M Heap: 3662.9M(4096.0M)->1964.9M(4096.0M)]
 [Times: user=0.61 sys=0.00, real=0.18 secs] 
2016-01-06T00:58:33.369-0800: 149.490: [GC pause (young)
Desired survivor size 112721920 bytes, new threshold 15 (max 15)
- age   1:   20636848 bytes,   20636848 total
- age   2:      36864 bytes,   20673712 total
2016-01-06T00:58:33.537-0800: 149.658: [SoftReference, 0 refs, 0.0004670 secs]2016-01-06T00:58:33.537-0800: 149.658: [WeakReference, 0 refs, 0.0003410 secs]2016-01-06T00:58:33.538-0800: 149.659: [FinalReference, 0 refs, 0.0002200 secs]2016-01-06T00:58:33.538-0800: 149.659: [PhantomReference, 0 refs, 53148 refs, 0.0012640 secs]2016-01-06T00:58:33.539-0800: 149.660: [JNI Weak Reference, 0.0000160 secs], 0.1775890 secs]
   [Parallel Time: 12.3 ms, GC Workers: 4]
      [GC Worker Start (ms): Min: 149490.3, Avg: 149491.2, Max: 149493.9, Diff: 3.6]
      [Ext Root Scanning (ms): Min: 0.0, Avg: 0.3, Max: 0.5, Diff: 0.5, Sum: 1.3]
      [SATB Filtering (ms): Min: 0.0, Avg: 0.0, Max: 0.0, Diff: 0.0, Sum: 0.0]
      [Update RS (ms): Min: 0.0, Avg: 0.0, Max: 0.2, Diff: 0.2, Sum: 0.2]
         [Processed Buffers: Min: 0, Avg: 1.2, Max: 3, Diff: 3, Sum: 5]
      [Scan RS (ms): Min: 0.3, Avg: 0.8, Max: 0.9, Diff: 0.6, Sum: 3.0]
      [Code Root Scanning (ms): Min: 0.0, Avg: 0.1, Max: 0.1, Diff: 0.1, Sum: 0.3]
      [Object Copy (ms): Min: 8.2, Avg: 10.0, Max: 10.7, Diff: 2.5, Sum: 40.2]
      [Termination (ms): Min: 0.0, Avg: 0.0, Max: 0.0, Diff: 0.0, Sum: 0.0]
      [GC Worker Other (ms): Min: 0.0, Avg: 0.1, Max: 0.1, Diff: 0.1, Sum: 0.2]
      [GC Worker Total (ms): Min: 8.6, Avg: 11.3, Max: 12.2, Diff: 3.5, Sum: 45.2]
      [GC Worker End (ms): Min: 149502.5, Avg: 149502.5, Max: 149502.6, Diff: 0.1]
   [Code Root Fixup: 0.0 ms]
   [Code Root Migration: 0.2 ms]
   [Clear CT: 0.5 ms]
   [Other: 164.6 ms]
      [Choose CSet: 0.0 ms]
      [Ref Proc: 157.5 ms]
      [Ref Enq: 5.0 ms]
      [Free CSet: 2.0 ms]
   [Eden: 1698.0M(1698.0M)->0.0B(1704.0M) Survivors: 22.0M->17.0M Heap: 3662.9M(4096.0M)->1959.9M(4096.0M)]
 [Times: user=0.65 sys=0.01, real=0.18 secs] 
2016-01-06T00:58:33.790-0800: 149.911: [GC pause (young)
Desired survivor size 113246208 bytes, new threshold 15 (max 15)
- age   1:   15712048 bytes,   15712048 total
- age   2:      36864 bytes,   15748912 total
2016-01-06T00:58:33.949-0800: 150.070: [SoftReference, 0 refs, 0.0004770 secs]2016-01-06T00:58:33.949-0800: 150.070: [WeakReference, 0 refs, 0.0002610 secs]2016-01-06T00:58:33.950-0800: 150.070: [FinalReference, 0 refs, 0.0003350 secs]2016-01-06T00:58:33.950-0800: 150.071: [PhantomReference, 0 refs, 53329 refs, 0.0012790 secs]2016-01-06T00:58:33.951-0800: 150.072: [JNI Weak Reference, 0.0000150 secs], 0.1691670 secs]
   [Parallel Time: 11.6 ms, GC Workers: 4]
      [GC Worker Start (ms): Min: 149911.1, Avg: 149911.2, Max: 149911.2, Diff: 0.1]
      [Ext Root Scanning (ms): Min: 0.3, Avg: 0.4, Max: 0.4, Diff: 0.1, Sum: 1.5]
      [SATB Filtering (ms): Min: 0.0, Avg: 0.0, Max: 0.0, Diff: 0.0, Sum: 0.0]
      [Update RS (ms): Min: 0.0, Avg: 0.1, Max: 0.3, Diff: 0.3, Sum: 0.3]
         [Processed Buffers: Min: 0, Avg: 1.0, Max: 3, Diff: 3, Sum: 4]
      [Scan RS (ms): Min: 0.6, Avg: 0.8, Max: 0.9, Diff: 0.2, Sum: 3.2]
      [Code Root Scanning (ms): Min: 0.1, Avg: 0.1, Max: 0.1, Diff: 0.0, Sum: 0.4]
      [Object Copy (ms): Min: 10.1, Avg: 10.1, Max: 10.1, Diff: 0.0, Sum: 40.3]
      [Termination (ms): Min: 0.0, Avg: 0.0, Max: 0.0, Diff: 0.0, Sum: 0.0]
      [GC Worker Other (ms): Min: 0.0, Avg: 0.1, Max: 0.1, Diff: 0.1, Sum: 0.2]
      [GC Worker Total (ms): Min: 11.4, Avg: 11.5, Max: 11.5, Diff: 0.1, Sum: 45.9]
      [GC Worker End (ms): Min: 149922.6, Avg: 149922.7, Max: 149922.7, Diff: 0.1]
   [Code Root Fixup: 0.0 ms]
   [Code Root Migration: 0.3 ms]
   [Clear CT: 0.4 ms]
   [Other: 156.9 ms]
      [Choose CSet: 0.0 ms]
      [Ref Proc: 149.4 ms]
      [Ref Enq: 5.4 ms]
      [Free CSet: 2.1 ms]
   [Eden: 1704.0M(1704.0M)->0.0B(1698.0M) Survivors: 17.0M->22.0M Heap: 3663.9M(4096.0M)->1964.9M(4096.0M)]
 [Times: user=0.63 sys=0.00, real=0.17 secs] 
2016-01-06T00:58:34.217-0800: 150.338: [GC pause (young)
Desired survivor size 112721920 bytes, new threshold 15 (max 15)
- age   1:   20650240 bytes,   20650240 total
- age   2:      36864 bytes,   20687104 total
2016-01-06T00:58:34.394-0800: 150.515: [SoftReference, 0 refs, 0.0004670 secs]2016-01-06T00:58:34.430-0800: 150.550: [WeakReference, 0 refs, 0.0003540 secs]2016-01-06T00:58:34.430-0800: 150.551: [FinalReference, 0 refs, 0.0002990 secs]2016-01-06T00:58:34.430-0800: 150.551: [PhantomReference, 0 refs, 53147 refs, 0.0015770 secs]2016-01-06T00:58:34.432-0800: 150.553: [JNI Weak Reference, 0.0000130 secs], 0.2227850 secs]
   [Parallel Time: 22.0 ms, GC Workers: 4]
      [GC Worker Start (ms): Min: 150337.8, Avg: 150338.9, Max: 150341.9, Diff: 4.1]
      [Ext Root Scanning (ms): Min: 0.0, Avg: 0.3, Max: 0.4, Diff: 0.4, Sum: 1.3]
      [SATB Filtering (ms): Min: 0.0, Avg: 0.0, Max: 0.0, Diff: 0.0, Sum: 0.0]
      [Update RS (ms): Min: 6.1, Avg: 8.7, Max: 9.8, Diff: 3.7, Sum: 34.9]
         [Processed Buffers: Min: 10, Avg: 14.5, Max: 18, Diff: 8, Sum: 58]
      [Scan RS (ms): Min: 0.6, Avg: 0.7, Max: 0.8, Diff: 0.2, Sum: 2.9]
      [Code Root Scanning (ms): Min: 0.1, Avg: 0.1, Max: 0.1, Diff: 0.0, Sum: 0.3]
      [Object Copy (ms): Min: 10.9, Avg: 11.0, Max: 11.0, Diff: 0.1, Sum: 43.9]
      [Termination (ms): Min: 0.0, Avg: 0.0, Max: 0.0, Diff: 0.0, Sum: 0.0]
      [GC Worker Other (ms): Min: 0.0, Avg: 0.1, Max: 0.1, Diff: 0.1, Sum: 0.2]
      [GC Worker Total (ms): Min: 17.9, Avg: 20.9, Max: 21.9, Diff: 4.0, Sum: 83.5]
      [GC Worker End (ms): Min: 150359.7, Avg: 150359.7, Max: 150359.8, Diff: 0.1]
   [Code Root Fixup: 0.0 ms]
   [Code Root Migration: 0.2 ms]
   [Clear CT: 0.4 ms]
   [Other: 200.1 ms]
      [Choose CSet: 0.0 ms]
      [Ref Proc: 192.9 ms]
      [Ref Enq: 5.2 ms]
      [Free CSet: 1.9 ms]
   [Eden: 1698.0M(1698.0M)->0.0B(222.0M) Survivors: 22.0M->22.0M Heap: 3662.9M(4096.0M)->1964.9M(4096.0M)]
 [Times: user=0.69 sys=0.00, real=0.23 secs] 
2016-01-06T00:58:34.474-0800: 150.595: [GC pause (young)
Desired survivor size 16252928 bytes, new threshold 1 (max 15)
- age   1:   20636848 bytes,   20636848 total
- age   2:      36864 bytes,   20673712 total
2016-01-06T00:58:34.640-0800: 150.761: [SoftReference, 0 refs, 0.0005170 secs]2016-01-06T00:58:34.640-0800: 150.761: [WeakReference, 0 refs, 0.0002230 secs]2016-01-06T00:58:34.641-0800: 150.762: [FinalReference, 0 refs, 0.0002600 secs]2016-01-06T00:58:34.641-0800: 150.762: [PhantomReference, 0 refs, 7391 refs, 0.0006300 secs]2016-01-06T00:58:34.642-0800: 150.762: [JNI Weak Reference, 0.0000100 secs], 0.1685360 secs]
   [Parallel Time: 5.4 ms, GC Workers: 4]
      [GC Worker Start (ms): Min: 150595.3, Avg: 150595.3, Max: 150595.4, Diff: 0.1]
      [Ext Root Scanning (ms): Min: 0.4, Avg: 0.9, Max: 2.6, Diff: 2.2, Sum: 3.8]
      [SATB Filtering (ms): Min: 0.0, Avg: 0.0, Max: 0.0, Diff: 0.0, Sum: 0.0]
      [Update RS (ms): Min: 1.3, Avg: 2.8, Max: 3.6, Diff: 2.3, Sum: 11.1]
         [Processed Buffers: Min: 2, Avg: 5.8, Max: 9, Diff: 7, Sum: 23]
      [Scan RS (ms): Min: 0.0, Avg: 0.1, Max: 0.2, Diff: 0.2, Sum: 0.4]
      [Code Root Scanning (ms): Min: 0.0, Avg: 0.0, Max: 0.0, Diff: 0.0, Sum: 0.1]
      [Object Copy (ms): Min: 1.2, Avg: 1.4, Max: 1.5, Diff: 0.2, Sum: 5.4]
      [Termination (ms): Min: 0.0, Avg: 0.0, Max: 0.0, Diff: 0.0, Sum: 0.0]
      [GC Worker Other (ms): Min: 0.0, Avg: 0.0, Max: 0.1, Diff: 0.0, Sum: 0.1]
      [GC Worker Total (ms): Min: 5.2, Avg: 5.2, Max: 5.3, Diff: 0.1, Sum: 20.9]
      [GC Worker End (ms): Min: 150600.5, Avg: 150600.6, Max: 150600.6, Diff: 0.0]
   [Code Root Fixup: 0.0 ms]
   [Code Root Migration: 0.0 ms]
   [Clear CT: 0.1 ms]
   [Other: 163.0 ms]
      [Choose CSet: 0.0 ms]
      [Ref Proc: 161.9 ms]
      [Ref Enq: 0.7 ms]
      [Free CSet: 0.4 ms]
   [Eden: 222.0M(222.0M)->0.0B(1716.0M) Survivors: 22.0M->4096.0K Heap: 2186.9M(4096.0M)->1946.9M(4096.0M)]
 [Times: user=0.60 sys=0.00, real=0.17 secs] 
2016-01-06T00:58:34.891-0800: 151.012: [GC pause (young)
Desired survivor size 112721920 bytes, new threshold 15 (max 15)
- age   1:    2699344 bytes,    2699344 total
2016-01-06T00:58:35.087-0800: 151.208: [SoftReference, 0 refs, 0.0004930 secs]2016-01-06T00:58:35.087-0800: 151.208: [WeakReference, 0 refs, 0.0002710 secs]2016-01-06T00:58:35.088-0800: 151.208: [FinalReference, 0 refs, 0.0003270 secs]2016-01-06T00:58:35.088-0800: 151.209: [PhantomReference, 0 refs, 53704 refs, 0.0016360 secs]2016-01-06T00:58:35.090-0800: 151.210: [JNI Weak Reference, 0.0000140 secs], 0.2068960 secs]
   [Parallel Time: 28.7 ms, GC Workers: 4]
      [GC Worker Start (ms): Min: 151011.7, Avg: 151012.2, Max: 151013.9, Diff: 2.2]
      [Ext Root Scanning (ms): Min: 0.0, Avg: 0.3, Max: 0.5, Diff: 0.5, Sum: 1.3]
      [SATB Filtering (ms): Min: 0.0, Avg: 0.0, Max: 0.0, Diff: 0.0, Sum: 0.0]
      [Update RS (ms): Min: 15.0, Avg: 16.3, Max: 17.0, Diff: 2.0, Sum: 65.3]
         [Processed Buffers: Min: 21, Avg: 23.0, Max: 25, Diff: 4, Sum: 92]
      [Scan RS (ms): Min: 0.6, Avg: 0.8, Max: 0.9, Diff: 0.3, Sum: 3.2]
      [Code Root Scanning (ms): Min: 0.1, Avg: 0.1, Max: 0.1, Diff: 0.0, Sum: 0.3]
      [Object Copy (ms): Min: 10.4, Avg: 10.4, Max: 10.5, Diff: 0.1, Sum: 41.7]
      [Termination (ms): Min: 0.0, Avg: 0.0, Max: 0.0, Diff: 0.0, Sum: 0.0]
      [GC Worker Other (ms): Min: 0.0, Avg: 0.1, Max: 0.1, Diff: 0.0, Sum: 0.2]
      [GC Worker Total (ms): Min: 26.4, Avg: 28.0, Max: 28.6, Diff: 2.2, Sum: 112.1]
      [GC Worker End (ms): Min: 151040.2, Avg: 151040.3, Max: 151040.3, Diff: 0.1]
   [Code Root Fixup: 0.0 ms]
   [Code Root Migration: 0.3 ms]
   [Clear CT: 0.4 ms]
   [Other: 177.6 ms]
      [Choose CSet: 0.0 ms]
      [Ref Proc: 170.2 ms]
      [Ref Enq: 5.3 ms]
      [Free CSet: 2.0 ms]
   [Eden: 1716.0M(1716.0M)->0.0B(182.0M) Survivors: 4096.0K->22.0M Heap: 3662.9M(4096.0M)->1964.9M(4096.0M)]
 [Times: user=0.80 sys=0.00, real=0.21 secs] 
2016-01-06T00:58:35.128-0800: 151.249: [GC pause (young)
Desired survivor size 13631488 bytes, new threshold 1 (max 15)
- age   1:   20677024 bytes,   20677024 total
- age   2:      36864 bytes,   20713888 total
2016-01-06T00:58:35.305-0800: 151.426: [SoftReference, 0 refs, 0.0005020 secs]2016-01-06T00:58:35.306-0800: 151.427: [WeakReference, 0 refs, 0.0003700 secs]2016-01-06T00:58:35.306-0800: 151.427: [FinalReference, 0 refs, 0.0002400 secs]2016-01-06T00:58:35.307-0800: 151.428: [PhantomReference, 0 refs, 6152 refs, 0.0006100 secs]2016-01-06T00:58:35.307-0800: 151.428: [JNI Weak Reference, 0.0000100 secs], 0.1801820 secs]
   [Parallel Time: 5.6 ms, GC Workers: 4]
      [GC Worker Start (ms): Min: 151249.1, Avg: 151249.3, Max: 151250.0, Diff: 0.8]
      [Ext Root Scanning (ms): Min: 0.0, Avg: 0.4, Max: 0.5, Diff: 0.5, Sum: 1.4]
      [SATB Filtering (ms): Min: 0.0, Avg: 0.0, Max: 0.0, Diff: 0.0, Sum: 0.0]
      [Update RS (ms): Min: 0.8, Avg: 2.0, Max: 4.9, Diff: 4.1, Sum: 8.1]
         [Processed Buffers: Min: 1, Avg: 2.5, Max: 5, Diff: 4, Sum: 10]
      [Scan RS (ms): Min: 0.0, Avg: 0.1, Max: 0.3, Diff: 0.3, Sum: 0.3]
      [Code Root Scanning (ms): Min: 0.0, Avg: 0.0, Max: 0.0, Diff: 0.0, Sum: 0.0]
      [Object Copy (ms): Min: 0.0, Avg: 2.2, Max: 3.1, Diff: 3.1, Sum: 8.9]
      [Termination (ms): Min: 0.0, Avg: 0.6, Max: 0.9, Diff: 0.9, Sum: 2.5]
      [GC Worker Other (ms): Min: 0.0, Avg: 0.0, Max: 0.0, Diff: 0.0, Sum: 0.0]
      [GC Worker Total (ms): Min: 4.7, Avg: 5.3, Max: 5.6, Diff: 0.8, Sum: 21.4]
      [GC Worker End (ms): Min: 151254.7, Avg: 151254.7, Max: 151254.7, Diff: 0.0]
   [Code Root Fixup: 0.0 ms]
   [Code Root Migration: 0.0 ms]
   [Clear CT: 0.1 ms]
   [Other: 174.4 ms]
      [Choose CSet: 0.0 ms]
      [Ref Proc: 173.5 ms]
      [Ref Enq: 0.5 ms]
      [Free CSet: 0.3 ms]
   [Eden: 182.0M(182.0M)->0.0B(253.0M) Survivors: 22.0M->19.0M Heap: 2146.9M(4096.0M)->1961.9M(4096.0M)]
 [Times: user=0.65 sys=0.01, real=0.18 secs] 
2016-01-06T00:58:35.347-0800: 151.468: [GC pause (young)
Desired survivor size 17825792 bytes, new threshold 15 (max 15)
- age   1:   17253136 bytes,   17253136 total
2016-01-06T00:58:35.525-0800: 151.646: [SoftReference, 0 refs, 0.0005390 secs]2016-01-06T00:58:35.525-0800: 151.646: [WeakReference, 0 refs, 0.0003570 secs]2016-01-06T00:58:35.526-0800: 151.646: [FinalReference, 0 refs, 0.0002630 secs]2016-01-06T00:58:35.526-0800: 151.647: [PhantomReference, 0 refs, 8352 refs, 0.0006260 secs]2016-01-06T00:58:35.526-0800: 151.647: [JNI Weak Reference, 0.0000080 secs], 0.1804680 secs]
   [Parallel Time: 6.7 ms, GC Workers: 4]
      [GC Worker Start (ms): Min: 151468.2, Avg: 151468.3, Max: 151468.3, Diff: 0.1]
      [Ext Root Scanning (ms): Min: 0.3, Avg: 0.4, Max: 0.4, Diff: 0.1, Sum: 1.4]
      [SATB Filtering (ms): Min: 0.0, Avg: 0.0, Max: 0.0, Diff: 0.0, Sum: 0.0]
      [Update RS (ms): Min: 4.2, Avg: 4.3, Max: 4.5, Diff: 0.3, Sum: 17.0]
         [Processed Buffers: Min: 6, Avg: 7.2, Max: 8, Diff: 2, Sum: 29]
      [Scan RS (ms): Min: 0.0, Avg: 0.1, Max: 0.2, Diff: 0.2, Sum: 0.5]
      [Code Root Scanning (ms): Min: 0.0, Avg: 0.0, Max: 0.0, Diff: 0.0, Sum: 0.0]
      [Object Copy (ms): Min: 1.7, Avg: 1.8, Max: 1.8, Diff: 0.1, Sum: 7.2]
      [Termination (ms): Min: 0.0, Avg: 0.0, Max: 0.0, Diff: 0.0, Sum: 0.0]
      [GC Worker Other (ms): Min: 0.0, Avg: 0.0, Max: 0.1, Diff: 0.0, Sum: 0.2]
      [GC Worker Total (ms): Min: 6.6, Avg: 6.6, Max: 6.6, Diff: 0.0, Sum: 26.3]
      [GC Worker End (ms): Min: 151474.8, Avg: 151474.8, Max: 151474.9, Diff: 0.0]
   [Code Root Fixup: 0.0 ms]
   [Code Root Migration: 0.0 ms]
   [Clear CT: 0.1 ms]
   [Other: 173.6 ms]
      [Choose CSet: 0.0 ms]
      [Ref Proc: 172.4 ms]
      [Ref Enq: 0.7 ms]
      [Free CSet: 0.4 ms]
   [Eden: 253.0M(253.0M)->0.0B(1363.0M) Survivors: 19.0M->8192.0K Heap: 2214.9M(4096.0M)->1950.9M(4096.0M)]
 [Times: user=0.68 sys=0.00, real=0.18 secs] 
2016-01-06T00:58:35.734-0800: 151.855: [GC pause (young)
Desired survivor size 90177536 bytes, new threshold 15 (max 15)
- age   1:    6741208 bytes,    6741208 total
- age   2:      36864 bytes,    6778072 total
2016-01-06T00:58:35.942-0800: 152.063: [SoftReference, 0 refs, 0.0004430 secs]2016-01-06T00:58:35.942-0800: 152.063: [WeakReference, 0 refs, 0.0002600 secs]2016-01-06T00:58:35.943-0800: 152.063: [FinalReference, 0 refs, 0.0002390 secs]2016-01-06T00:58:35.943-0800: 152.064: [PhantomReference, 0 refs, 42761 refs, 0.0013700 secs]2016-01-06T00:58:35.944-0800: 152.065: [JNI Weak Reference, 0.0000090 secs], 0.2165000 secs]
   [Parallel Time: 30.6 ms, GC Workers: 4]
      [GC Worker Start (ms): Min: 151855.0, Avg: 151855.1, Max: 151855.1, Diff: 0.1]
      [Ext Root Scanning (ms): Min: 0.3, Avg: 0.4, Max: 0.4, Diff: 0.1, Sum: 1.4]
      [SATB Filtering (ms): Min: 0.0, Avg: 0.0, Max: 0.0, Diff: 0.0, Sum: 0.0]
      [Update RS (ms): Min: 21.1, Avg: 21.4, Max: 21.6, Diff: 0.5, Sum: 85.4]
         [Processed Buffers: Min: 30, Avg: 30.8, Max: 32, Diff: 2, Sum: 123]
      [Scan RS (ms): Min: 0.4, Avg: 0.6, Max: 0.8, Diff: 0.4, Sum: 2.3]
      [Code Root Scanning (ms): Min: 0.0, Avg: 0.1, Max: 0.1, Diff: 0.1, Sum: 0.3]
      [Object Copy (ms): Min: 8.0, Avg: 8.0, Max: 8.1, Diff: 0.0, Sum: 32.2]
      [Termination (ms): Min: 0.0, Avg: 0.0, Max: 0.0, Diff: 0.0, Sum: 0.0]
      [GC Worker Other (ms): Min: 0.0, Avg: 0.1, Max: 0.1, Diff: 0.1, Sum: 0.2]
      [GC Worker Total (ms): Min: 30.4, Avg: 30.5, Max: 30.5, Diff: 0.0, Sum: 121.8]
      [GC Worker End (ms): Min: 151885.5, Avg: 151885.5, Max: 151885.6, Diff: 0.1]
   [Code Root Fixup: 0.0 ms]
   [Code Root Migration: 0.2 ms]
   [Clear CT: 0.4 ms]
   [Other: 185.3 ms]
      [Choose CSet: 0.0 ms]
      [Ref Proc: 179.5 ms]
      [Ref Enq: 4.1 ms]
      [Free CSet: 1.6 ms]
   [Eden: 1363.0M(1363.0M)->0.0B(183.0M) Survivors: 8192.0K->21.0M Heap: 3313.9M(4096.0M)->1963.9M(4096.0M)]
 [Times: user=0.84 sys=0.00, real=0.22 secs] 
2016-01-06T00:58:35.979-0800: 152.100: [GC pause (young)
Desired survivor size 13631488 bytes, new threshold 1 (max 15)
- age   1:   19889128 bytes,   19889128 total
- age   2:      36864 bytes,   19925992 total
2016-01-06T00:58:36.162-0800: 152.283: [SoftReference, 0 refs, 0.0004560 secs]2016-01-06T00:58:36.162-0800: 152.283: [WeakReference, 0 refs, 0.0002870 secs]2016-01-06T00:58:36.162-0800: 152.283: [FinalReference, 0 refs, 0.0002520 secs]2016-01-06T00:58:36.163-0800: 152.284: [PhantomReference, 0 refs, 6183 refs, 0.0008720 secs]2016-01-06T00:58:36.164-0800: 152.284: [JNI Weak Reference, 0.0000080 secs], 0.1854020 secs]
   [Parallel Time: 5.9 ms, GC Workers: 4]
      [GC Worker Start (ms): Min: 152100.2, Avg: 152100.2, Max: 152100.2, Diff: 0.1]
      [Ext Root Scanning (ms): Min: 0.4, Avg: 1.7, Max: 5.8, Diff: 5.4, Sum: 7.0]
      [SATB Filtering (ms): Min: 0.0, Avg: 0.0, Max: 0.0, Diff: 0.0, Sum: 0.0]
      [Update RS (ms): Min: 0.0, Avg: 2.1, Max: 3.0, Diff: 3.0, Sum: 8.5]
         [Processed Buffers: Min: 0, Avg: 4.8, Max: 8, Diff: 8, Sum: 19]
      [Scan RS (ms): Min: 0.0, Avg: 0.1, Max: 0.2, Diff: 0.2, Sum: 0.3]
      [Code Root Scanning (ms): Min: 0.0, Avg: 0.0, Max: 0.0, Diff: 0.0, Sum: 0.0]
      [Object Copy (ms): Min: 0.0, Avg: 1.7, Max: 2.3, Diff: 2.3, Sum: 6.7]
      [Termination (ms): Min: 0.0, Avg: 0.2, Max: 0.2, Diff: 0.2, Sum: 0.6]
      [GC Worker Other (ms): Min: 0.0, Avg: 0.0, Max: 0.0, Diff: 0.0, Sum: 0.0]
      [GC Worker Total (ms): Min: 5.8, Avg: 5.8, Max: 5.8, Diff: 0.0, Sum: 23.2]
      [GC Worker End (ms): Min: 152106.0, Avg: 152106.0, Max: 152106.0, Diff: 0.0]
   [Code Root Fixup: 0.0 ms]
   [Code Root Migration: 0.0 ms]
   [Clear CT: 0.1 ms]
   [Other: 179.4 ms]
      [Choose CSet: 0.0 ms]
      [Ref Proc: 178.4 ms]
      [Ref Enq: 0.6 ms]
      [Free CSet: 0.3 ms]
   [Eden: 183.0M(183.0M)->0.0B(185.0M) Survivors: 21.0M->19.0M Heap: 2146.9M(4096.0M)->1961.5M(4096.0M)]
 [Times: user=0.72 sys=0.00, real=0.18 secs] 
2016-01-06T00:58:36.193-0800: 152.314: [GC pause (young)
Desired survivor size 13631488 bytes, new threshold 1 (max 15)
- age   1:   17255368 bytes,   17255368 total
2016-01-06T00:58:36.379-0800: 152.500: [SoftReference, 0 refs, 0.0006310 secs]2016-01-06T00:58:36.380-0800: 152.500: [WeakReference, 0 refs, 0.0003040 secs]2016-01-06T00:58:36.380-0800: 152.501: [FinalReference, 0 refs, 0.0003690 secs]2016-01-06T00:58:36.380-0800: 152.501: [PhantomReference, 0 refs, 6244 refs, 0.0009620 secs]2016-01-06T00:58:36.381-0800: 152.502: [JNI Weak Reference, 0.0000090 secs], 0.1894800 secs]
   [Parallel Time: 5.3 ms, GC Workers: 4]
      [GC Worker Start (ms): Min: 152313.7, Avg: 152313.7, Max: 152313.8, Diff: 0.1]
      [Ext Root Scanning (ms): Min: 0.3, Avg: 0.4, Max: 0.4, Diff: 0.1, Sum: 1.5]
      [SATB Filtering (ms): Min: 0.0, Avg: 0.0, Max: 0.0, Diff: 0.0, Sum: 0.0]
      [Update RS (ms): Min: 2.2, Avg: 2.3, Max: 2.5, Diff: 0.3, Sum: 9.3]
         [Processed Buffers: Min: 3, Avg: 4.0, Max: 5, Diff: 2, Sum: 16]
      [Scan RS (ms): Min: 0.0, Avg: 0.1, Max: 0.2, Diff: 0.1, Sum: 0.3]
      [Code Root Scanning (ms): Min: 0.0, Avg: 0.0, Max: 0.0, Diff: 0.0, Sum: 0.0]
      [Object Copy (ms): Min: 2.3, Avg: 2.4, Max: 2.4, Diff: 0.1, Sum: 9.5]
      [Termination (ms): Min: 0.0, Avg: 0.0, Max: 0.0, Diff: 0.0, Sum: 0.0]
      [GC Worker Other (ms): Min: 0.0, Avg: 0.0, Max: 0.0, Diff: 0.0, Sum: 0.1]
      [GC Worker Total (ms): Min: 5.1, Avg: 5.2, Max: 5.2, Diff: 0.1, Sum: 20.7]
      [GC Worker End (ms): Min: 152318.9, Avg: 152318.9, Max: 152318.9, Diff: 0.0]
   [Code Root Fixup: 0.0 ms]
   [Code Root Migration: 0.0 ms]
   [Clear CT: 0.2 ms]
   [Other: 184.0 ms]
      [Choose CSet: 0.0 ms]
      [Ref Proc: 183.1 ms]
      [Ref Enq: 0.5 ms]
      [Free CSet: 0.3 ms]
   [Eden: 185.0M(185.0M)->0.0B(324.0M) Survivors: 19.0M->18.0M Heap: 2146.5M(4096.0M)->1961.0M(4096.0M)]
 [Times: user=0.67 sys=0.00, real=0.19 secs] 
2016-01-06T00:58:36.428-0800: 152.549: [GC pause (young)
Desired survivor size 22544384 bytes, new threshold 15 (max 15)
- age   1:   17259832 bytes,   17259832 total
2016-01-06T00:58:36.622-0800: 152.743: [SoftReference, 0 refs, 0.0004030 secs]2016-01-06T00:58:36.623-0800: 152.744: [WeakReference, 0 refs, 0.0002690 secs]2016-01-06T00:58:36.623-0800: 152.744: [FinalReference, 0 refs, 0.0002180 secs]2016-01-06T00:58:36.623-0800: 152.744: [PhantomReference, 0 refs, 10553 refs, 0.0008050 secs]2016-01-06T00:58:36.624-0800: 152.745: [JNI Weak Reference, 0.0000080 secs], 0.1980690 secs]
   [Parallel Time: 12.5 ms, GC Workers: 4]
      [GC Worker Start (ms): Min: 152548.7, Avg: 152549.0, Max: 152549.9, Diff: 1.2]
      [Ext Root Scanning (ms): Min: 0.0, Avg: 0.3, Max: 0.5, Diff: 0.5, Sum: 1.3]
      [SATB Filtering (ms): Min: 0.0, Avg: 0.0, Max: 0.0, Diff: 0.0, Sum: 0.0]
      [Update RS (ms): Min: 8.5, Avg: 8.9, Max: 9.3, Diff: 0.7, Sum: 35.7]
         [Processed Buffers: Min: 12, Avg: 13.8, Max: 15, Diff: 3, Sum: 55]
      [Scan RS (ms): Min: 0.0, Avg: 0.1, Max: 0.3, Diff: 0.3, Sum: 0.5]
      [Code Root Scanning (ms): Min: 0.0, Avg: 0.0, Max: 0.0, Diff: 0.0, Sum: 0.1]
      [Object Copy (ms): Min: 2.6, Avg: 2.6, Max: 2.7, Diff: 0.1, Sum: 10.6]
      [Termination (ms): Min: 0.0, Avg: 0.0, Max: 0.0, Diff: 0.0, Sum: 0.0]
      [GC Worker Other (ms): Min: 0.0, Avg: 0.0, Max: 0.1, Diff: 0.0, Sum: 0.1]
      [GC Worker Total (ms): Min: 11.2, Avg: 12.1, Max: 12.4, Diff: 1.1, Sum: 48.4]
      [GC Worker End (ms): Min: 152561.1, Avg: 152561.1, Max: 152561.1, Diff: 0.0]
   [Code Root Fixup: 0.0 ms]
   [Code Root Migration: 0.1 ms]
   [Clear CT: 0.1 ms]
   [Other: 185.4 ms]
      [Choose CSet: 0.0 ms]
      [Ref Proc: 183.8 ms]
      [Ref Enq: 1.0 ms]
      [Free CSet: 0.5 ms]
   [Eden: 324.0M(324.0M)->0.0B(185.0M) Survivors: 18.0M->19.0M Heap: 2285.0M(4096.0M)->1961.5M(4096.0M)]
 [Times: user=0.73 sys=0.00, real=0.20 secs] 
2016-01-06T00:58:36.653-0800: 152.774: [GC pause (young)
Desired survivor size 13631488 bytes, new threshold 1 (max 15)
- age   1:   17570080 bytes,   17570080 total
- age   2:      36864 bytes,   17606944 total
2016-01-06T00:58:36.842-0800: 152.963: [SoftReference, 0 refs, 0.0004120 secs]2016-01-06T00:58:36.842-0800: 152.963: [WeakReference, 0 refs, 0.0003630 secs]2016-01-06T00:58:36.843-0800: 152.964: [FinalReference, 0 refs, 0.0002800 secs]2016-01-06T00:58:36.843-0800: 152.964: [PhantomReference, 0 refs, 6244 refs, 0.0006370 secs]2016-01-06T00:58:36.844-0800: 152.964: [JNI Weak Reference, 0.0000080 secs], 0.1917080 secs]
   [Parallel Time: 7.7 ms, GC Workers: 4]
      [GC Worker Start (ms): Min: 152774.0, Avg: 152775.0, Max: 152777.9, Diff: 3.9]
      [Ext Root Scanning (ms): Min: 0.0, Avg: 0.3, Max: 0.5, Diff: 0.4, Sum: 1.2]
      [SATB Filtering (ms): Min: 0.0, Avg: 0.0, Max: 0.0, Diff: 0.0, Sum: 0.0]
      [Update RS (ms): Min: 1.4, Avg: 3.8, Max: 4.7, Diff: 3.3, Sum: 15.3]
         [Processed Buffers: Min: 2, Avg: 7.0, Max: 11, Diff: 9, Sum: 28]
      [Scan RS (ms): Min: 0.0, Avg: 0.1, Max: 0.2, Diff: 0.2, Sum: 0.3]
      [Code Root Scanning (ms): Min: 0.0, Avg: 0.0, Max: 0.0, Diff: 0.0, Sum: 0.0]
      [Object Copy (ms): Min: 2.3, Avg: 2.4, Max: 2.4, Diff: 0.1, Sum: 9.6]
      [Termination (ms): Min: 0.0, Avg: 0.0, Max: 0.0, Diff: 0.0, Sum: 0.0]
      [GC Worker Other (ms): Min: 0.0, Avg: 0.0, Max: 0.0, Diff: 0.0, Sum: 0.1]
      [GC Worker Total (ms): Min: 3.8, Avg: 6.7, Max: 7.6, Diff: 3.9, Sum: 26.6]
      [GC Worker End (ms): Min: 152781.7, Avg: 152781.7, Max: 152781.7, Diff: 0.0]
   [Code Root Fixup: 0.0 ms]
   [Code Root Migration: 0.0 ms]
   [Clear CT: 0.1 ms]
   [Other: 183.8 ms]
      [Choose CSet: 0.0 ms]
      [Ref Proc: 182.7 ms]
      [Ref Enq: 0.6 ms]
      [Free CSet: 0.4 ms]
   [Eden: 185.0M(185.0M)->0.0B(490.0M) Survivors: 19.0M->18.0M Heap: 2146.5M(4096.0M)->1961.1M(4096.0M)]
 [Times: user=0.74 sys=0.00, real=0.19 secs] 
2016-01-06T00:58:36.914-0800: 153.035: [GC pause (young)
Desired survivor size 33554432 bytes, new threshold 15 (max 15)
- age   1:   17259832 bytes,   17259832 total
2016-01-06T00:58:37.101-0800: 153.222: [SoftReference, 0 refs, 0.0004430 secs]2016-01-06T00:58:37.102-0800: 153.223: [WeakReference, 0 refs, 0.0003000 secs]2016-01-06T00:58:37.102-0800: 153.223: [FinalReference, 0 refs, 0.0002580 secs]2016-01-06T00:58:37.102-0800: 153.223: [PhantomReference, 0 refs, 15700 refs, 0.0010380 secs]2016-01-06T00:58:37.103-0800: 153.224: [JNI Weak Reference, 0.0000080 secs], 0.1916870 secs]
   [Parallel Time: 5.3 ms, GC Workers: 4]
      [GC Worker Start (ms): Min: 153035.0, Avg: 153035.8, Max: 153037.9, Diff: 2.9]
      [Ext Root Scanning (ms): Min: 0.0, Avg: 0.3, Max: 0.4, Diff: 0.4, Sum: 1.3]
      [SATB Filtering (ms): Min: 0.0, Avg: 0.0, Max: 0.0, Diff: 0.0, Sum: 0.0]
      [Update RS (ms): Min: 0.0, Avg: 1.0, Max: 1.4, Diff: 1.4, Sum: 3.9]
         [Processed Buffers: Min: 0, Avg: 3.0, Max: 5, Diff: 5, Sum: 12]
      [Scan RS (ms): Min: 0.0, Avg: 0.2, Max: 0.4, Diff: 0.3, Sum: 0.8]
      [Code Root Scanning (ms): Min: 0.0, Avg: 0.0, Max: 0.0, Diff: 0.0, Sum: 0.1]
      [Object Copy (ms): Min: 2.2, Avg: 2.9, Max: 3.1, Diff: 0.9, Sum: 11.7]
      [Termination (ms): Min: 0.0, Avg: 0.0, Max: 0.0, Diff: 0.0, Sum: 0.0]
      [GC Worker Other (ms): Min: 0.0, Avg: 0.0, Max: 0.1, Diff: 0.1, Sum: 0.2]
      [GC Worker Total (ms): Min: 2.3, Avg: 4.5, Max: 5.2, Diff: 2.9, Sum: 17.9]
      [GC Worker End (ms): Min: 153040.2, Avg: 153040.2, Max: 153040.3, Diff: 0.1]
   [Code Root Fixup: 0.0 ms]
   [Code Root Migration: 0.1 ms]
   [Clear CT: 0.2 ms]
   [Other: 186.1 ms]
      [Choose CSet: 0.0 ms]
      [Ref Proc: 183.8 ms]
      [Ref Enq: 1.5 ms]
      [Free CSet: 0.7 ms]
   [Eden: 490.0M(490.0M)->0.0B(1040.0M) Survivors: 18.0M->19.0M Heap: 2451.1M(4096.0M)->1961.6M(4096.0M)]
 [Times: user=0.74 sys=0.01, real=0.20 secs] 
2016-01-06T00:58:37.267-0800: 153.388: [GC pause (young)
Desired survivor size 69730304 bytes, new threshold 15 (max 15)
- age   1:   17940592 bytes,   17940592 total
- age   2:      36864 bytes,   17977456 total
2016-01-06T00:58:37.466-0800: 153.587: [SoftReference, 0 refs, 0.0004470 secs]2016-01-06T00:58:37.466-0800: 153.587: [WeakReference, 0 refs, 0.0002260 secs]2016-01-06T00:58:37.466-0800: 153.587: [FinalReference, 0 refs, 0.0002300 secs]2016-01-06T00:58:37.467-0800: 153.587: [PhantomReference, 0 refs, 32748 refs, 0.0009690 secs]2016-01-06T00:58:37.468-0800: 153.588: [JNI Weak Reference, 0.0000090 secs], 0.2056220 secs]
   [Parallel Time: 13.0 ms, GC Workers: 4]
      [GC Worker Start (ms): Min: 153387.9, Avg: 153389.4, Max: 153393.9, Diff: 6.0]
      [Ext Root Scanning (ms): Min: 0.0, Avg: 0.3, Max: 0.5, Diff: 0.5, Sum: 1.2]
      [SATB Filtering (ms): Min: 0.0, Avg: 0.0, Max: 0.0, Diff: 0.0, Sum: 0.0]
      [Update RS (ms): Min: 0.0, Avg: 4.2, Max: 5.8, Diff: 5.8, Sum: 16.7]
         [Processed Buffers: Min: 0, Avg: 8.2, Max: 14, Diff: 14, Sum: 33]
      [Scan RS (ms): Min: 0.2, Avg: 0.5, Max: 0.7, Diff: 0.5, Sum: 1.8]
      [Code Root Scanning (ms): Min: 0.0, Avg: 0.1, Max: 0.1, Diff: 0.1, Sum: 0.2]
      [Object Copy (ms): Min: 6.3, Avg: 6.3, Max: 6.3, Diff: 0.0, Sum: 25.2]
      [Termination (ms): Min: 0.0, Avg: 0.0, Max: 0.0, Diff: 0.0, Sum: 0.0]
      [GC Worker Other (ms): Min: 0.0, Avg: 0.1, Max: 0.1, Diff: 0.1, Sum: 0.2]
      [GC Worker Total (ms): Min: 6.9, Avg: 11.4, Max: 12.9, Diff: 6.0, Sum: 45.4]
      [GC Worker End (ms): Min: 153400.7, Avg: 153400.7, Max: 153400.8, Diff: 0.1]
   [Code Root Fixup: 0.0 ms]
   [Code Root Migration: 0.2 ms]
   [Clear CT: 0.3 ms]
   [Other: 192.2 ms]
      [Choose CSet: 0.0 ms]
      [Ref Proc: 187.6 ms]
      [Ref Enq: 3.2 ms]
      [Free CSet: 1.3 ms]
   [Eden: 1040.0M(1040.0M)->0.0B(183.0M) Survivors: 19.0M->21.0M Heap: 3001.6M(4096.0M)->1963.6M(4096.0M)]
 [Times: user=0.77 sys=0.00, real=0.20 secs] 
2016-01-06T00:58:37.501-0800: 153.622: [GC pause (young)
Desired survivor size 13631488 bytes, new threshold 1 (max 15)
- age   1:   19168192 bytes,   19168192 total
- age   2:      36864 bytes,   19205056 total
2016-01-06T00:58:37.694-0800: 153.815: [SoftReference, 0 refs, 0.0005100 secs]2016-01-06T00:58:37.695-0800: 153.816: [WeakReference, 0 refs, 0.0002390 secs]2016-01-06T00:58:37.695-0800: 153.816: [FinalReference, 0 refs, 0.0002400 secs]2016-01-06T00:58:37.696-0800: 153.816: [PhantomReference, 0 refs, 6183 refs, 0.0005540 secs]2016-01-06T00:58:37.696-0800: 153.817: [JNI Weak Reference, 0.0000080 secs], 0.1961840 secs]
   [Parallel Time: 5.7 ms, GC Workers: 4]
      [GC Worker Start (ms): Min: 153621.9, Avg: 153622.0, Max: 153622.0, Diff: 0.1]
      [Ext Root Scanning (ms): Min: 0.3, Avg: 0.4, Max: 0.4, Diff: 0.1, Sum: 1.4]
      [SATB Filtering (ms): Min: 0.0, Avg: 0.0, Max: 0.0, Diff: 0.0, Sum: 0.0]
      [Update RS (ms): Min: 2.6, Avg: 2.8, Max: 3.0, Diff: 0.3, Sum: 11.3]
         [Processed Buffers: Min: 4, Avg: 5.2, Max: 8, Diff: 4, Sum: 21]
      [Scan RS (ms): Min: 0.0, Avg: 0.1, Max: 0.2, Diff: 0.2, Sum: 0.3]
      [Code Root Scanning (ms): Min: 0.0, Avg: 0.0, Max: 0.0, Diff: 0.0, Sum: 0.0]
      [Object Copy (ms): Min: 2.2, Avg: 2.3, Max: 2.3, Diff: 0.1, Sum: 9.1]
      [Termination (ms): Min: 0.0, Avg: 0.0, Max: 0.0, Diff: 0.0, Sum: 0.0]
      [GC Worker Other (ms): Min: 0.0, Avg: 0.0, Max: 0.0, Diff: 0.0, Sum: 0.1]
      [GC Worker Total (ms): Min: 5.5, Avg: 5.6, Max: 5.6, Diff: 0.1, Sum: 22.2]
      [GC Worker End (ms): Min: 153627.5, Avg: 153627.5, Max: 153627.5, Diff: 0.0]
   [Code Root Fixup: 0.0 ms]
   [Code Root Migration: 0.0 ms]
   [Clear CT: 0.1 ms]
   [Other: 190.3 ms]
      [Choose CSet: 0.0 ms]
      [Ref Proc: 189.3 ms]
      [Ref Enq: 0.5 ms]
      [Free CSet: 0.3 ms]
   [Eden: 183.0M(183.0M)->0.0B(186.0M) Survivors: 21.0M->18.0M Heap: 2146.6M(4096.0M)->1961.1M(4096.0M)]
 [Times: user=0.76 sys=0.00, real=0.20 secs] 
2016-01-06T00:58:37.726-0800: 153.846: [GC pause (young)
Desired survivor size 13631488 bytes, new threshold 1 (max 15)
- age   1:   17255368 bytes,   17255368 total
2016-01-06T00:58:37.918-0800: 154.039: [SoftReference, 0 refs, 0.0004930 secs]2016-01-06T00:58:37.919-0800: 154.040: [WeakReference, 0 refs, 0.0002570 secs]2016-01-06T00:58:37.919-0800: 154.040: [FinalReference, 0 refs, 0.0002240 secs]2016-01-06T00:58:37.919-0800: 154.040: [PhantomReference, 0 refs, 6276 refs, 0.0006920 secs]2016-01-06T00:58:37.920-0800: 154.041: [JNI Weak Reference, 0.0000090 secs], 0.1957090 secs]
   [Parallel Time: 6.2 ms, GC Workers: 4]
      [GC Worker Start (ms): Min: 153846.5, Avg: 153846.5, Max: 153846.6, Diff: 0.1]
      [Ext Root Scanning (ms): Min: 0.3, Avg: 0.4, Max: 0.4, Diff: 0.1, Sum: 1.4]
      [SATB Filtering (ms): Min: 0.0, Avg: 0.0, Max: 0.0, Diff: 0.0, Sum: 0.0]
      [Update RS (ms): Min: 3.1, Avg: 3.3, Max: 3.5, Diff: 0.4, Sum: 13.3]
         [Processed Buffers: Min: 5, Avg: 6.0, Max: 8, Diff: 3, Sum: 24]
      [Scan RS (ms): Min: 0.0, Avg: 0.1, Max: 0.3, Diff: 0.3, Sum: 0.3]
      [Code Root Scanning (ms): Min: 0.0, Avg: 0.0, Max: 0.0, Diff: 0.0, Sum: 0.0]
      [Object Copy (ms): Min: 2.2, Avg: 2.3, Max: 2.4, Diff: 0.2, Sum: 9.2]
      [Termination (ms): Min: 0.0, Avg: 0.0, Max: 0.0, Diff: 0.0, Sum: 0.0]
      [GC Worker Other (ms): Min: 0.0, Avg: 0.0, Max: 0.0, Diff: 0.0, Sum: 0.1]
      [GC Worker Total (ms): Min: 6.1, Avg: 6.1, Max: 6.1, Diff: 0.1, Sum: 24.4]
      [GC Worker End (ms): Min: 153852.6, Avg: 153852.6, Max: 153852.6, Diff: 0.0]
   [Code Root Fixup: 0.0 ms]
   [Code Root Migration: 0.0 ms]
   [Clear CT: 0.1 ms]
   [Other: 189.4 ms]
      [Choose CSet: 0.0 ms]
      [Ref Proc: 188.4 ms]
      [Ref Enq: 0.6 ms]
      [Free CSet: 0.3 ms]
   [Eden: 186.0M(186.0M)->0.0B(306.0M) Survivors: 18.0M->18.0M Heap: 2147.1M(4096.0M)->1960.6M(4096.0M)]
 [Times: user=0.75 sys=0.01, real=0.19 secs] 
2016-01-06T00:58:37.967-0800: 154.088: [GC pause (young)
Desired survivor size 21495808 bytes, new threshold 15 (max 15)
- age   1:   16736752 bytes,   16736752 total
2016-01-06T00:58:38.162-0800: 154.283: [SoftReference, 0 refs, 0.0004820 secs]2016-01-06T00:58:38.163-0800: 154.284: [WeakReference, 0 refs, 0.0001910 secs]2016-01-06T00:58:38.163-0800: 154.284: [FinalReference, 0 refs, 0.0002380 secs]2016-01-06T00:58:38.163-0800: 154.284: [PhantomReference, 0 refs, 9996 refs, 0.0006070 secs]2016-01-06T00:58:38.164-0800: 154.285: [JNI Weak Reference, 0.0000130 secs], 0.1980870 secs]
   [Parallel Time: 4.4 ms, GC Workers: 4]
      [GC Worker Start (ms): Min: 154088.3, Avg: 154088.4, Max: 154088.7, Diff: 0.4]
      [Ext Root Scanning (ms): Min: 0.0, Avg: 0.3, Max: 0.5, Diff: 0.5, Sum: 1.3]
      [SATB Filtering (ms): Min: 0.0, Avg: 0.0, Max: 0.0, Diff: 0.0, Sum: 0.0]
      [Update RS (ms): Min: 0.8, Avg: 1.1, Max: 1.4, Diff: 0.6, Sum: 4.6]
         [Processed Buffers: Min: 2, Avg: 3.0, Max: 4, Diff: 2, Sum: 12]
      [Scan RS (ms): Min: 0.0, Avg: 0.1, Max: 0.3, Diff: 0.3, Sum: 0.6]
      [Code Root Scanning (ms): Min: 0.0, Avg: 0.0, Max: 0.0, Diff: 0.0, Sum: 0.1]
      [Object Copy (ms): Min: 2.4, Avg: 2.6, Max: 2.7, Diff: 0.3, Sum: 10.2]
      [Termination (ms): Min: 0.0, Avg: 0.0, Max: 0.0, Diff: 0.0, Sum: 0.0]
      [GC Worker Other (ms): Min: 0.0, Avg: 0.0, Max: 0.0, Diff: 0.0, Sum: 0.1]
      [GC Worker Total (ms): Min: 3.9, Avg: 4.2, Max: 4.3, Diff: 0.4, Sum: 16.8]
      [GC Worker End (ms): Min: 154092.6, Avg: 154092.6, Max: 154092.6, Diff: 0.0]
   [Code Root Fixup: 0.0 ms]
   [Code Root Migration: 0.0 ms]
   [Clear CT: 0.2 ms]
   [Other: 193.5 ms]
      [Choose CSet: 0.0 ms]
      [Ref Proc: 192.2 ms]
      [Ref Enq: 0.8 ms]
      [Free CSet: 0.5 ms]
   [Eden: 306.0M(306.0M)->0.0B(247.0M) Survivors: 18.0M->19.0M Heap: 2266.6M(4096.0M)->1961.6M(4096.0M)]
 [Times: user=0.76 sys=0.01, real=0.20 secs] 
2016-01-06T00:58:38.203-0800: 154.324: [GC pause (young)
Desired survivor size 17825792 bytes, new threshold 15 (max 15)
- age   1:   17529904 bytes,   17529904 total
- age   2:      36864 bytes,   17566768 total
2016-01-06T00:58:38.389-0800: 154.510: [SoftReference, 0 refs, 0.0057540 secs]2016-01-06T00:58:38.394-0800: 154.515: [WeakReference, 0 refs, 0.0003350 secs]2016-01-06T00:58:38.395-0800: 154.516: [FinalReference, 0 refs, 0.0004080 secs]2016-01-06T00:58:38.395-0800: 154.516: [PhantomReference, 0 refs, 8165 refs, 0.0014730 secs]2016-01-06T00:58:38.397-0800: 154.518: [JNI Weak Reference, 0.0000150 secs], 0.1946430 secs]
   [Parallel Time: 4.4 ms, GC Workers: 4]
      [GC Worker Start (ms): Min: 154324.3, Avg: 154325.2, Max: 154327.8, Diff: 3.4]
      [Ext Root Scanning (ms): Min: 0.0, Avg: 0.5, Max: 0.7, Diff: 0.7, Sum: 2.0]
      [SATB Filtering (ms): Min: 0.0, Avg: 0.0, Max: 0.0, Diff: 0.0, Sum: 0.0]
      [Update RS (ms): Min: 0.0, Avg: 0.1, Max: 0.3, Diff: 0.3, Sum: 0.6]
         [Processed Buffers: Min: 0, Avg: 1.5, Max: 3, Diff: 3, Sum: 6]
      [Scan RS (ms): Min: 0.0, Avg: 0.1, Max: 0.3, Diff: 0.2, Sum: 0.6]
      [Code Root Scanning (ms): Min: 0.0, Avg: 0.0, Max: 0.0, Diff: 0.0, Sum: 0.1]
      [Object Copy (ms): Min: 0.9, Avg: 2.6, Max: 3.2, Diff: 2.3, Sum: 10.3]
      [Termination (ms): Min: 0.0, Avg: 0.1, Max: 0.1, Diff: 0.1, Sum: 0.4]
      [GC Worker Other (ms): Min: 0.0, Avg: 0.0, Max: 0.0, Diff: 0.0, Sum: 0.1]
      [GC Worker Total (ms): Min: 0.9, Avg: 3.5, Max: 4.4, Diff: 3.4, Sum: 13.9]
      [GC Worker End (ms): Min: 154328.7, Avg: 154328.7, Max: 154328.7, Diff: 0.0]
   [Code Root Fixup: 0.0 ms]
   [Code Root Migration: 0.1 ms]
   [Clear CT: 0.2 ms]
   [Other: 190.0 ms]
      [Choose CSet: 0.0 ms]
      [Ref Proc: 188.9 ms]
      [Ref Enq: 0.4 ms]
      [Free CSet: 0.6 ms]
   [Eden: 247.0M(247.0M)->0.0B(679.0M) Survivors: 19.0M->19.0M Heap: 2208.6M(4096.0M)->1961.6M(4096.0M)]
 [Times: user=0.64 sys=0.00, real=0.20 secs] 
2016-01-06T00:58:38.495-0800: 154.615: [GC pause (young)
Desired survivor size 46137344 bytes, new threshold 15 (max 15)
- age   1:   17398216 bytes,   17398216 total
- age   2:      36864 bytes,   17435080 total
2016-01-06T00:58:38.689-0800: 154.810: [SoftReference, 0 refs, 0.0004450 secs]2016-01-06T00:58:38.690-0800: 154.810: [WeakReference, 0 refs, 0.0003680 secs]2016-01-06T00:58:38.690-0800: 154.811: [FinalReference, 0 refs, 0.0002380 secs]2016-01-06T00:58:38.690-0800: 154.811: [PhantomReference, 0 refs, 21558 refs, 0.0008850 secs]2016-01-06T00:58:38.691-0800: 154.812: [JNI Weak Reference, 0.0000090 secs], 0.1994460 secs]
   [Parallel Time: 8.6 ms, GC Workers: 4]
      [GC Worker Start (ms): Min: 154615.5, Avg: 154616.1, Max: 154617.9, Diff: 2.4]
      [Ext Root Scanning (ms): Min: 0.0, Avg: 0.3, Max: 0.4, Diff: 0.4, Sum: 1.3]
      [SATB Filtering (ms): Min: 0.0, Avg: 0.0, Max: 0.0, Diff: 0.0, Sum: 0.0]
      [Update RS (ms): Min: 1.4, Avg: 3.0, Max: 3.5, Diff: 2.1, Sum: 11.8]
         [Processed Buffers: Min: 2, Avg: 5.5, Max: 8, Diff: 6, Sum: 22]
      [Scan RS (ms): Min: 0.2, Avg: 0.3, Max: 0.4, Diff: 0.2, Sum: 1.2]
      [Code Root Scanning (ms): Min: 0.0, Avg: 0.0, Max: 0.1, Diff: 0.0, Sum: 0.2]
      [Object Copy (ms): Min: 4.2, Avg: 4.3, Max: 4.3, Diff: 0.0, Sum: 17.1]
      [Termination (ms): Min: 0.0, Avg: 0.0, Max: 0.0, Diff: 0.0, Sum: 0.0]
      [GC Worker Other (ms): Min: 0.0, Avg: 0.0, Max: 0.1, Diff: 0.0, Sum: 0.2]
      [GC Worker Total (ms): Min: 6.1, Avg: 7.9, Max: 8.6, Diff: 2.4, Sum: 31.7]
      [GC Worker End (ms): Min: 154624.0, Avg: 154624.0, Max: 154624.1, Diff: 0.0]
   [Code Root Fixup: 0.0 ms]
   [Code Root Migration: 0.1 ms]
   [Clear CT: 0.2 ms]
   [Other: 190.5 ms]
      [Choose CSet: 0.0 ms]
      [Ref Proc: 187.9 ms]
      [Ref Enq: 1.7 ms]
      [Free CSet: 0.9 ms]
   [Eden: 679.0M(679.0M)->0.0B(563.0M) Survivors: 19.0M->20.0M Heap: 2640.6M(4096.0M)->1963.1M(4096.0M)]
 [Times: user=0.72 sys=0.01, real=0.20 secs] 
2016-01-06T00:58:38.780-0800: 154.901: [GC pause (young)
Desired survivor size 38273024 bytes, new threshold 15 (max 15)
- age   1:   18362440 bytes,   18362440 total
- age   2:      36864 bytes,   18399304 total
2016-01-06T00:58:38.971-0800: 155.092: [SoftReference, 0 refs, 0.0004250 secs]2016-01-06T00:58:38.971-0800: 155.092: [WeakReference, 0 refs, 0.0003380 secs]2016-01-06T00:58:38.971-0800: 155.092: [FinalReference, 0 refs, 0.0003470 secs]2016-01-06T00:58:38.972-0800: 155.093: [PhantomReference, 0 refs, 17962 refs, 0.0007260 secs]2016-01-06T00:58:38.972-0800: 155.093: [JNI Weak Reference, 0.0000090 secs], 0.1952580 secs]
   [Parallel Time: 4.9 ms, GC Workers: 4]
      [GC Worker Start (ms): Min: 154900.7, Avg: 154900.7, Max: 154900.7, Diff: 0.1]
      [Ext Root Scanning (ms): Min: 0.3, Avg: 0.4, Max: 0.4, Diff: 0.1, Sum: 1.4]
      [SATB Filtering (ms): Min: 0.0, Avg: 0.0, Max: 0.0, Diff: 0.0, Sum: 0.0]
      [Update RS (ms): Min: 0.0, Avg: 0.1, Max: 0.3, Diff: 0.3, Sum: 0.3]
         [Processed Buffers: Min: 0, Avg: 1.2, Max: 3, Diff: 3, Sum: 5]
      [Scan RS (ms): Min: 0.1, Avg: 0.3, Max: 0.3, Diff: 0.2, Sum: 1.0]
      [Code Root Scanning (ms): Min: 0.0, Avg: 0.0, Max: 0.0, Diff: 0.0, Sum: 0.1]
      [Object Copy (ms): Min: 4.0, Avg: 4.0, Max: 4.0, Diff: 0.0, Sum: 15.9]
      [Termination (ms): Min: 0.0, Avg: 0.0, Max: 0.0, Diff: 0.0, Sum: 0.0]
      [GC Worker Other (ms): Min: 0.0, Avg: 0.0, Max: 0.1, Diff: 0.0, Sum: 0.1]
      [GC Worker Total (ms): Min: 4.7, Avg: 4.7, Max: 4.8, Diff: 0.0, Sum: 18.9]
      [GC Worker End (ms): Min: 154905.4, Avg: 154905.4, Max: 154905.4, Diff: 0.0]
   [Code Root Fixup: 0.0 ms]
   [Code Root Migration: 0.1 ms]
   [Clear CT: 0.2 ms]
   [Other: 190.0 ms]
      [Choose CSet: 0.0 ms]
      [Ref Proc: 187.9 ms]
      [Ref Enq: 1.3 ms]
      [Free CSet: 0.7 ms]
   [Eden: 563.0M(563.0M)->0.0B(1016.0M) Survivors: 20.0M->20.0M Heap: 2526.1M(4096.0M)->1962.6M(4096.0M)]
 [Times: user=0.74 sys=0.01, real=0.19 secs] 
2016-01-06T00:58:39.129-0800: 155.249: [GC pause (young)
Desired survivor size 68157440 bytes, new threshold 15 (max 15)
- age   1:   18103528 bytes,   18103528 total
- age   2:      36864 bytes,   18140392 total
2016-01-06T00:58:39.352-0800: 155.472: [SoftReference, 0 refs, 0.0004840 secs]2016-01-06T00:58:39.352-0800: 155.473: [WeakReference, 0 refs, 0.0002220 secs]2016-01-06T00:58:39.352-0800: 155.473: [FinalReference, 0 refs, 0.0003680 secs]2016-01-06T00:58:39.353-0800: 155.474: [PhantomReference, 0 refs, 32006 refs, 0.0011570 secs]2016-01-06T00:58:39.354-0800: 155.475: [JNI Weak Reference, 0.0000090 secs], 0.2302010 secs]
   [Parallel Time: 7.6 ms, GC Workers: 4]
      [GC Worker Start (ms): Min: 155249.5, Avg: 155249.5, Max: 155249.6, Diff: 0.1]
      [Ext Root Scanning (ms): Min: 0.3, Avg: 0.4, Max: 0.4, Diff: 0.1, Sum: 1.5]
      [SATB Filtering (ms): Min: 0.0, Avg: 0.0, Max: 0.0, Diff: 0.0, Sum: 0.0]
      [Update RS (ms): Min: 0.0, Avg: 0.1, Max: 0.3, Diff: 0.3, Sum: 0.3]
         [Processed Buffers: Min: 0, Avg: 1.2, Max: 3, Diff: 3, Sum: 5]
      [Scan RS (ms): Min: 0.3, Avg: 0.5, Max: 0.5, Diff: 0.2, Sum: 1.8]
      [Code Root Scanning (ms): Min: 0.0, Avg: 0.1, Max: 0.1, Diff: 0.0, Sum: 0.2]
      [Object Copy (ms): Min: 6.4, Avg: 6.4, Max: 6.4, Diff: 0.0, Sum: 25.6]
      [Termination (ms): Min: 0.0, Avg: 0.0, Max: 0.0, Diff: 0.0, Sum: 0.0]
      [GC Worker Other (ms): Min: 0.0, Avg: 0.1, Max: 0.1, Diff: 0.0, Sum: 0.2]
      [GC Worker Total (ms): Min: 7.4, Avg: 7.4, Max: 7.5, Diff: 0.1, Sum: 29.8]
      [GC Worker End (ms): Min: 155256.9, Avg: 155257.0, Max: 155257.0, Diff: 0.0]
   [Code Root Fixup: 0.0 ms]
   [Code Root Migration: 0.1 ms]
   [Clear CT: 0.3 ms]
   [Other: 222.2 ms]
      [Choose CSet: 0.0 ms]
      [Ref Proc: 217.7 ms]
      [Ref Enq: 3.2 ms]
      [Free CSet: 1.2 ms]
   [Eden: 1016.0M(1016.0M)->0.0B(184.0M) Survivors: 20.0M->20.0M Heap: 2978.6M(4096.0M)->1963.1M(4096.0M)]
 [Times: user=0.80 sys=0.00, real=0.23 secs] 
2016-01-06T00:58:39.385-0800: 155.506: [GC pause (young)
Desired survivor size 13631488 bytes, new threshold 1 (max 15)
- age   1:   19114624 bytes,   19114624 total
- age   2:      36864 bytes,   19151488 total
2016-01-06T00:58:39.576-0800: 155.697: [SoftReference, 0 refs, 0.0004280 secs]2016-01-06T00:58:39.588-0800: 155.709: [WeakReference, 0 refs, 0.0003030 secs]2016-01-06T00:58:39.588-0800: 155.709: [FinalReference, 0 refs, 0.0002540 secs]2016-01-06T00:58:39.588-0800: 155.709: [PhantomReference, 0 refs, 6213 refs, 0.0007420 secs]2016-01-06T00:58:39.589-0800: 155.710: [JNI Weak Reference, 0.0000090 secs], 0.2048340 secs]
   [Parallel Time: 2.9 ms, GC Workers: 4]
      [GC Worker Start (ms): Min: 155506.4, Avg: 155506.4, Max: 155506.4, Diff: 0.1]
      [Ext Root Scanning (ms): Min: 0.3, Avg: 0.4, Max: 0.4, Diff: 0.0, Sum: 1.4]
      [SATB Filtering (ms): Min: 0.0, Avg: 0.0, Max: 0.0, Diff: 0.0, Sum: 0.0]
      [Update RS (ms): Min: 0.0, Avg: 0.1, Max: 0.3, Diff: 0.3, Sum: 0.3]
         [Processed Buffers: Min: 0, Avg: 1.2, Max: 3, Diff: 3, Sum: 5]
      [Scan RS (ms): Min: 0.0, Avg: 0.1, Max: 0.1, Diff: 0.1, Sum: 0.3]
      [Code Root Scanning (ms): Min: 0.0, Avg: 0.0, Max: 0.0, Diff: 0.0, Sum: 0.1]
      [Object Copy (ms): Min: 2.2, Avg: 2.3, Max: 2.3, Diff: 0.1, Sum: 9.2]
      [Termination (ms): Min: 0.0, Avg: 0.0, Max: 0.0, Diff: 0.0, Sum: 0.0]
      [GC Worker Other (ms): Min: 0.0, Avg: 0.0, Max: 0.0, Diff: 0.0, Sum: 0.1]
      [GC Worker Total (ms): Min: 2.8, Avg: 2.9, Max: 2.9, Diff: 0.1, Sum: 11.4]
      [GC Worker End (ms): Min: 155509.3, Avg: 155509.3, Max: 155509.3, Diff: 0.0]
   [Code Root Fixup: 0.0 ms]
   [Code Root Migration: 0.0 ms]
   [Clear CT: 0.1 ms]
   [Other: 201.7 ms]
      [Choose CSet: 0.0 ms]
      [Ref Proc: 200.9 ms]
      [Ref Enq: 0.5 ms]
      [Free CSet: 0.3 ms]
   [Eden: 184.0M(184.0M)->0.0B(185.0M) Survivors: 20.0M->19.0M Heap: 2147.1M(4096.0M)->1961.7M(4096.0M)]
 [Times: user=0.75 sys=0.00, real=0.20 secs] 
2016-01-06T00:58:39.616-0800: 155.737: [GC pause (young)
Desired survivor size 13631488 bytes, new threshold 1 (max 15)
- age   1:   17257600 bytes,   17257600 total
2016-01-06T00:58:39.806-0800: 155.927: [SoftReference, 0 refs, 0.0004230 secs]2016-01-06T00:58:39.806-0800: 155.927: [WeakReference, 0 refs, 0.0003680 secs]2016-01-06T00:58:39.807-0800: 155.927: [FinalReference, 0 refs, 0.0003170 secs]2016-01-06T00:58:39.807-0800: 155.928: [PhantomReference, 0 refs, 6244 refs, 0.0006920 secs]2016-01-06T00:58:39.808-0800: 155.928: [JNI Weak Reference, 0.0000130 secs], 0.1924810 secs]
   [Parallel Time: 2.9 ms, GC Workers: 4]
      [GC Worker Start (ms): Min: 155737.2, Avg: 155737.2, Max: 155737.2, Diff: 0.1]
      [Ext Root Scanning (ms): Min: 0.3, Avg: 0.4, Max: 0.4, Diff: 0.1, Sum: 1.4]
      [SATB Filtering (ms): Min: 0.0, Avg: 0.0, Max: 0.0, Diff: 0.0, Sum: 0.0]
      [Update RS (ms): Min: 0.0, Avg: 0.1, Max: 0.3, Diff: 0.3, Sum: 0.4]
         [Processed Buffers: Min: 1, Avg: 1.5, Max: 2, Diff: 1, Sum: 6]
      [Scan RS (ms): Min: 0.0, Avg: 0.1, Max: 0.1, Diff: 0.1, Sum: 0.4]
      [Code Root Scanning (ms): Min: 0.0, Avg: 0.0, Max: 0.0, Diff: 0.0, Sum: 0.0]
      [Object Copy (ms): Min: 2.3, Avg: 2.3, Max: 2.3, Diff: 0.1, Sum: 9.2]
      [Termination (ms): Min: 0.0, Avg: 0.0, Max: 0.0, Diff: 0.0, Sum: 0.0]
      [GC Worker Other (ms): Min: 0.0, Avg: 0.0, Max: 0.0, Diff: 0.0, Sum: 0.1]
      [GC Worker Total (ms): Min: 2.8, Avg: 2.9, Max: 2.9, Diff: 0.1, Sum: 11.5]
      [GC Worker End (ms): Min: 155740.1, Avg: 155740.1, Max: 155740.1, Diff: 0.0]
   [Code Root Fixup: 0.0 ms]
   [Code Root Migration: 0.0 ms]
   [Clear CT: 0.1 ms]
   [Other: 189.4 ms]
      [Choose CSet: 0.0 ms]
      [Ref Proc: 188.4 ms]
      [Ref Enq: 0.6 ms]
      [Free CSet: 0.3 ms]
   [Eden: 185.0M(185.0M)->0.0B(185.0M) Survivors: 19.0M->19.0M Heap: 2146.7M(4096.0M)->1961.7M(4096.0M)]
 [Times: user=0.74 sys=0.00, real=0.20 secs] 
2016-01-06T00:58:39.835-0800: 155.956: [GC pause (young)
Desired survivor size 13631488 bytes, new threshold 1 (max 15)
- age   1:   17259832 bytes,   17259832 total
2016-01-06T00:58:40.023-0800: 156.144: [SoftReference, 0 refs, 0.0004910 secs]2016-01-06T00:58:40.023-0800: 156.144: [WeakReference, 0 refs, 0.0002300 secs]2016-01-06T00:58:40.024-0800: 156.145: [FinalReference, 0 refs, 0.0002910 secs]2016-01-06T00:58:40.024-0800: 156.145: [PhantomReference, 0 refs, 6245 refs, 0.0006630 secs]2016-01-06T00:58:40.025-0800: 156.146: [JNI Weak Reference, 0.0000120 secs], 0.1908870 secs]
   [Parallel Time: 3.1 ms, GC Workers: 4]
      [GC Worker Start (ms): Min: 155955.8, Avg: 155956.2, Max: 155957.4, Diff: 1.7]
      [Ext Root Scanning (ms): Min: 0.0, Avg: 0.3, Max: 0.5, Diff: 0.5, Sum: 1.3]
      [SATB Filtering (ms): Min: 0.0, Avg: 0.0, Max: 0.0, Diff: 0.0, Sum: 0.0]
      [Update RS (ms): Min: 0.0, Avg: 0.1, Max: 0.2, Diff: 0.2, Sum: 0.3]
         [Processed Buffers: Min: 0, Avg: 1.5, Max: 4, Diff: 4, Sum: 6]
      [Scan RS (ms): Min: 0.0, Avg: 0.1, Max: 0.1, Diff: 0.1, Sum: 0.3]
      [Code Root Scanning (ms): Min: 0.0, Avg: 0.0, Max: 0.0, Diff: 0.0, Sum: 0.0]
      [Object Copy (ms): Min: 1.3, Avg: 2.1, Max: 2.4, Diff: 1.2, Sum: 8.3]
      [Termination (ms): Min: 0.0, Avg: 0.1, Max: 0.1, Diff: 0.1, Sum: 0.4]
      [GC Worker Other (ms): Min: 0.0, Avg: 0.0, Max: 0.0, Diff: 0.0, Sum: 0.0]
      [GC Worker Total (ms): Min: 1.4, Avg: 2.7, Max: 3.1, Diff: 1.6, Sum: 10.6]
      [GC Worker End (ms): Min: 155958.9, Avg: 155958.9, Max: 155958.9, Diff: 0.0]
   [Code Root Fixup: 0.0 ms]
   [Code Root Migration: 0.0 ms]
   [Clear CT: 0.1 ms]
   [Other: 187.6 ms]
      [Choose CSet: 0.0 ms]
      [Ref Proc: 186.7 ms]
      [Ref Enq: 0.5 ms]
      [Free CSet: 0.3 ms]
   [Eden: 185.0M(185.0M)->0.0B(185.0M) Survivors: 19.0M->19.0M Heap: 2146.7M(4096.0M)->1961.8M(4096.0M)]
 [Times: user=0.74 sys=0.00, real=0.20 secs] 
2016-01-06T00:58:40.052-0800: 156.173: [GC pause (young)
Desired survivor size 13631488 bytes, new threshold 1 (max 15)
- age   1:   17259832 bytes,   17259832 total
2016-01-06T00:58:40.243-0800: 156.364: [SoftReference, 0 refs, 0.0005230 secs]2016-01-06T00:58:40.244-0800: 156.365: [WeakReference, 0 refs, 0.0002180 secs]2016-01-06T00:58:40.244-0800: 156.365: [FinalReference, 0 refs, 0.0002380 secs]2016-01-06T00:58:40.244-0800: 156.365: [PhantomReference, 0 refs, 6244 refs, 0.0005930 secs]2016-01-06T00:58:40.245-0800: 156.366: [JNI Weak Reference, 0.0000090 secs], 0.1940210 secs]
   [Parallel Time: 2.9 ms, GC Workers: 4]
      [GC Worker Start (ms): Min: 156172.9, Avg: 156172.9, Max: 156173.0, Diff: 0.1]
      [Ext Root Scanning (ms): Min: 0.3, Avg: 0.4, Max: 0.4, Diff: 0.1, Sum: 1.4]
      [SATB Filtering (ms): Min: 0.0, Avg: 0.0, Max: 0.0, Diff: 0.0, Sum: 0.0]
      [Update RS (ms): Min: 0.0, Avg: 0.1, Max: 0.3, Diff: 0.3, Sum: 0.4]
         [Processed Buffers: Min: 0, Avg: 1.5, Max: 3, Diff: 3, Sum: 6]
      [Scan RS (ms): Min: 0.0, Avg: 0.1, Max: 0.1, Diff: 0.1, Sum: 0.3]
      [Code Root Scanning (ms): Min: 0.0, Avg: 0.0, Max: 0.0, Diff: 0.0, Sum: 0.0]
      [Object Copy (ms): Min: 2.2, Avg: 2.3, Max: 2.3, Diff: 0.1, Sum: 9.0]
      [Termination (ms): Min: 0.0, Avg: 0.0, Max: 0.0, Diff: 0.0, Sum: 0.1]
      [GC Worker Other (ms): Min: 0.0, Avg: 0.0, Max: 0.0, Diff: 0.0, Sum: 0.1]
      [GC Worker Total (ms): Min: 2.8, Avg: 2.8, Max: 2.9, Diff: 0.1, Sum: 11.3]
      [GC Worker End (ms): Min: 156175.8, Avg: 156175.8, Max: 156175.8, Diff: 0.0]
   [Code Root Fixup: 0.0 ms]
   [Code Root Migration: 0.0 ms]
   [Clear CT: 0.1 ms]
   [Other: 190.9 ms]
      [Choose CSet: 0.0 ms]
      [Ref Proc: 190.1 ms]
      [Ref Enq: 0.5 ms]
      [Free CSet: 0.3 ms]
   [Eden: 185.0M(185.0M)->0.0B(185.0M) Survivors: 19.0M->19.0M Heap: 2146.8M(4096.0M)->1962.3M(4096.0M)]
 [Times: user=0.75 sys=0.00, real=0.20 secs] 
2016-01-06T00:58:40.272-0800: 156.393: [GC pause (young)
Desired survivor size 13631488 bytes, new threshold 1 (max 15)
- age   1:   17259832 bytes,   17259832 total
2016-01-06T00:58:40.471-0800: 156.592: [SoftReference, 0 refs, 0.0004890 secs]2016-01-06T00:58:40.471-0800: 156.592: [WeakReference, 0 refs, 0.0002320 secs]2016-01-06T00:58:40.471-0800: 156.592: [FinalReference, 0 refs, 0.0003130 secs]2016-01-06T00:58:40.472-0800: 156.593: [PhantomReference, 0 refs, 6243 refs, 0.0007520 secs]2016-01-06T00:58:40.473-0800: 156.593: [JNI Weak Reference, 0.0000090 secs], 0.2014070 secs]
   [Parallel Time: 3.1 ms, GC Workers: 4]
      [GC Worker Start (ms): Min: 156393.2, Avg: 156393.4, Max: 156393.9, Diff: 0.7]
      [Ext Root Scanning (ms): Min: 0.0, Avg: 0.3, Max: 0.4, Diff: 0.4, Sum: 1.3]
      [SATB Filtering (ms): Min: 0.0, Avg: 0.0, Max: 0.0, Diff: 0.0, Sum: 0.0]
      [Update RS (ms): Min: 0.0, Avg: 0.1, Max: 0.2, Diff: 0.2, Sum: 0.3]
         [Processed Buffers: Min: 0, Avg: 1.2, Max: 2, Diff: 2, Sum: 5]
      [Scan RS (ms): Min: 0.0, Avg: 0.1, Max: 0.1, Diff: 0.1, Sum: 0.4]
      [Code Root Scanning (ms): Min: 0.0, Avg: 0.0, Max: 0.0, Diff: 0.0, Sum: 0.1]
      [Object Copy (ms): Min: 2.4, Avg: 2.4, Max: 2.4, Diff: 0.0, Sum: 9.5]
      [Termination (ms): Min: 0.0, Avg: 0.0, Max: 0.0, Diff: 0.0, Sum: 0.0]
      [GC Worker Other (ms): Min: 0.0, Avg: 0.0, Max: 0.0, Diff: 0.0, Sum: 0.1]
      [GC Worker Total (ms): Min: 2.4, Avg: 2.9, Max: 3.1, Diff: 0.7, Sum: 11.5]
      [GC Worker End (ms): Min: 156396.3, Avg: 156396.3, Max: 156396.3, Diff: 0.0]
   [Code Root Fixup: 0.0 ms]
   [Code Root Migration: 0.0 ms]
   [Clear CT: 0.1 ms]
   [Other: 198.1 ms]
      [Choose CSet: 0.0 ms]
      [Ref Proc: 197.1 ms]
      [Ref Enq: 0.6 ms]
      [Free CSet: 0.3 ms]
   [Eden: 185.0M(185.0M)->0.0B(186.0M) Survivors: 19.0M->18.0M Heap: 2147.3M(4096.0M)->1961.3M(4096.0M)]
 [Times: user=0.69 sys=0.00, real=0.20 secs] 
2016-01-06T00:58:40.501-0800: 156.622: [GC pause (young)
Desired survivor size 13631488 bytes, new threshold 1 (max 15)
- age   1:   17259832 bytes,   17259832 total
2016-01-06T00:58:40.697-0800: 156.818: [SoftReference, 0 refs, 0.0004800 secs]2016-01-06T00:58:40.698-0800: 156.819: [WeakReference, 0 refs, 0.0002280 secs]2016-01-06T00:58:40.698-0800: 156.819: [FinalReference, 0 refs, 0.0002540 secs]2016-01-06T00:58:40.698-0800: 156.819: [PhantomReference, 0 refs, 6274 refs, 0.0006440 secs]2016-01-06T00:58:40.699-0800: 156.820: [JNI Weak Reference, 0.0000080 secs], 0.1992810 secs]
   [Parallel Time: 4.3 ms, GC Workers: 4]
      [GC Worker Start (ms): Min: 156621.8, Avg: 156622.8, Max: 156625.9, Diff: 4.2]
      [Ext Root Scanning (ms): Min: 0.0, Avg: 0.3, Max: 0.5, Diff: 0.5, Sum: 1.4]
      [SATB Filtering (ms): Min: 0.0, Avg: 0.0, Max: 0.0, Diff: 0.0, Sum: 0.0]
      [Update RS (ms): Min: 0.0, Avg: 0.1, Max: 0.2, Diff: 0.2, Sum: 0.3]
         [Processed Buffers: Min: 0, Avg: 1.8, Max: 4, Diff: 4, Sum: 7]
      [Scan RS (ms): Min: 0.0, Avg: 0.1, Max: 0.1, Diff: 0.1, Sum: 0.3]
      [Code Root Scanning (ms): Min: 0.0, Avg: 0.0, Max: 0.0, Diff: 0.0, Sum: 0.0]
      [Object Copy (ms): Min: 0.0, Avg: 1.8, Max: 2.4, Diff: 2.4, Sum: 7.0]
      [Termination (ms): Min: 0.0, Avg: 0.9, Max: 1.2, Diff: 1.2, Sum: 3.6]
      [GC Worker Other (ms): Min: 0.0, Avg: 0.0, Max: 0.0, Diff: 0.0, Sum: 0.0]
      [GC Worker Total (ms): Min: 0.1, Avg: 3.2, Max: 4.2, Diff: 4.2, Sum: 12.7]
      [GC Worker End (ms): Min: 156626.0, Avg: 156626.0, Max: 156626.0, Diff: 0.0]
   [Code Root Fixup: 0.0 ms]
   [Code Root Migration: 0.0 ms]
   [Clear CT: 0.1 ms]
   [Other: 194.8 ms]
      [Choose CSet: 0.0 ms]
      [Ref Proc: 193.9 ms]
      [Ref Enq: 0.5 ms]
      [Free CSet: 0.3 ms]
   [Eden: 186.0M(186.0M)->0.0B(186.0M) Survivors: 18.0M->18.0M Heap: 2147.3M(4096.0M)->1961.4M(4096.0M)]
 [Times: user=0.71 sys=0.00, real=0.20 secs] 
2016-01-06T00:58:40.726-0800: 156.847: [GC pause (young)
Desired survivor size 13631488 bytes, new threshold 1 (max 15)
- age   1:   17262064 bytes,   17262064 total
2016-01-06T00:58:40.913-0800: 157.034: [SoftReference, 0 refs, 0.0020130 secs]2016-01-06T00:58:40.915-0800: 157.036: [WeakReference, 0 refs, 0.0002810 secs]2016-01-06T00:58:40.915-0800: 157.036: [FinalReference, 0 refs, 0.0002390 secs]2016-01-06T00:58:40.915-0800: 157.036: [PhantomReference, 0 refs, 6275 refs, 0.0006060 secs]2016-01-06T00:58:40.916-0800: 157.037: [JNI Weak Reference, 0.0000090 secs], 0.1907970 secs]
   [Parallel Time: 3.1 ms, GC Workers: 4]
      [GC Worker Start (ms): Min: 156847.1, Avg: 156847.1, Max: 156847.2, Diff: 0.1]
      [Ext Root Scanning (ms): Min: 0.3, Avg: 0.4, Max: 0.4, Diff: 0.1, Sum: 1.4]
      [SATB Filtering (ms): Min: 0.0, Avg: 0.0, Max: 0.0, Diff: 0.0, Sum: 0.0]
      [Update RS (ms): Min: 0.0, Avg: 0.1, Max: 0.3, Diff: 0.3, Sum: 0.4]
         [Processed Buffers: Min: 0, Avg: 1.2, Max: 3, Diff: 3, Sum: 5]
      [Scan RS (ms): Min: 0.0, Avg: 0.1, Max: 0.1, Diff: 0.1, Sum: 0.3]
      [Code Root Scanning (ms): Min: 0.0, Avg: 0.0, Max: 0.0, Diff: 0.0, Sum: 0.0]
      [Object Copy (ms): Min: 2.3, Avg: 2.3, Max: 2.3, Diff: 0.1, Sum: 9.2]
      [Termination (ms): Min: 0.0, Avg: 0.0, Max: 0.0, Diff: 0.0, Sum: 0.0]
      [GC Worker Other (ms): Min: 0.0, Avg: 0.1, Max: 0.2, Diff: 0.1, Sum: 0.4]
      [GC Worker Total (ms): Min: 2.9, Avg: 2.9, Max: 3.0, Diff: 0.1, Sum: 11.8]
      [GC Worker End (ms): Min: 156850.0, Avg: 156850.1, Max: 156850.1, Diff: 0.1]
   [Code Root Fixup: 0.0 ms]
   [Code Root Migration: 0.0 ms]
   [Clear CT: 0.1 ms]
   [Other: 187.5 ms]
      [Choose CSet: 0.0 ms]
      [Ref Proc: 186.5 ms]
      [Ref Enq: 0.6 ms]
      [Free CSet: 0.3 ms]
   [Eden: 186.0M(186.0M)->0.0B(660.0M) Survivors: 18.0M->19.0M Heap: 2147.4M(4096.0M)->1961.9M(4096.0M)]
 [Times: user=0.71 sys=0.00, real=0.19 secs] 
2016-01-06T00:58:41.017-0800: 157.138: [GC pause (young)
Desired survivor size 44564480 bytes, new threshold 15 (max 15)
- age   1:   17262064 bytes,   17262064 total
2016-01-06T00:58:41.212-0800: 157.333: [SoftReference, 0 refs, 0.0006000 secs]2016-01-06T00:58:41.213-0800: 157.334: [WeakReference, 0 refs, 0.0003550 secs]2016-01-06T00:58:41.213-0800: 157.334: [FinalReference, 0 refs, 0.0002530 secs]2016-01-06T00:58:41.214-0800: 157.335: [PhantomReference, 0 refs, 20968 refs, 0.0010500 secs]2016-01-06T00:58:41.215-0800: 157.336: [JNI Weak Reference, 0.0000110 secs], 0.2006820 secs]
   [Parallel Time: 5.4 ms, GC Workers: 4]
      [GC Worker Start (ms): Min: 157138.4, Avg: 157138.4, Max: 157138.5, Diff: 0.1]
      [Ext Root Scanning (ms): Min: 0.3, Avg: 0.4, Max: 0.4, Diff: 0.1, Sum: 1.4]
      [SATB Filtering (ms): Min: 0.0, Avg: 0.0, Max: 0.0, Diff: 0.0, Sum: 0.0]
      [Update RS (ms): Min: 0.0, Avg: 0.1, Max: 0.3, Diff: 0.3, Sum: 0.4]
         [Processed Buffers: Min: 0, Avg: 1.8, Max: 4, Diff: 4, Sum: 7]
      [Scan RS (ms): Min: 0.2, Avg: 0.3, Max: 0.3, Diff: 0.1, Sum: 1.2]
      [Code Root Scanning (ms): Min: 0.0, Avg: 0.0, Max: 0.0, Diff: 0.0, Sum: 0.1]
      [Object Copy (ms): Min: 4.4, Avg: 4.4, Max: 4.4, Diff: 0.0, Sum: 17.7]
      [Termination (ms): Min: 0.0, Avg: 0.0, Max: 0.0, Diff: 0.0, Sum: 0.0]
      [GC Worker Other (ms): Min: 0.0, Avg: 0.0, Max: 0.0, Diff: 0.0, Sum: 0.1]
      [GC Worker Total (ms): Min: 5.2, Avg: 5.3, Max: 5.3, Diff: 0.1, Sum: 21.0]
      [GC Worker End (ms): Min: 157143.7, Avg: 157143.7, Max: 157143.7, Diff: 0.0]
   [Code Root Fixup: 0.0 ms]
   [Code Root Migration: 0.1 ms]
   [Clear CT: 0.2 ms]
   [Other: 195.0 ms]
      [Choose CSet: 0.0 ms]
      [Ref Proc: 191.9 ms]
      [Ref Enq: 2.1 ms]
      [Free CSet: 1.0 ms]
   [Eden: 660.0M(660.0M)->0.0B(383.0M) Survivors: 19.0M->20.0M Heap: 2621.9M(4096.0M)->1962.9M(4096.0M)]
 [Times: user=0.76 sys=0.00, real=0.20 secs] 
2016-01-06T00:58:41.272-0800: 157.393: [GC pause (young)
Desired survivor size 26738688 bytes, new threshold 15 (max 15)
- age   1:   18320032 bytes,   18320032 total
- age   2:      36864 bytes,   18356896 total
2016-01-06T00:58:41.467-0800: 157.588: [SoftReference, 0 refs, 0.0003970 secs]2016-01-06T00:58:41.468-0800: 157.589: [WeakReference, 0 refs, 0.0002460 secs]2016-01-06T00:58:41.468-0800: 157.589: [FinalReference, 0 refs, 0.0002260 secs]2016-01-06T00:58:41.468-0800: 157.589: [PhantomReference, 0 refs, 12383 refs, 0.0006700 secs]2016-01-06T00:58:41.469-0800: 157.590: [JNI Weak Reference, 0.0000140 secs], 0.1985410 secs]
   [Parallel Time: 6.4 ms, GC Workers: 4]
      [GC Worker Start (ms): Min: 157393.4, Avg: 157394.9, Max: 157399.5, Diff: 6.2]
      [Ext Root Scanning (ms): Min: 0.0, Avg: 0.3, Max: 0.5, Diff: 0.5, Sum: 1.3]
      [SATB Filtering (ms): Min: 0.0, Avg: 0.0, Max: 0.0, Diff: 0.0, Sum: 0.0]
      [Update RS (ms): Min: 0.0, Avg: 0.1, Max: 0.3, Diff: 0.3, Sum: 0.3]
         [Processed Buffers: Min: 0, Avg: 1.2, Max: 4, Diff: 4, Sum: 5]
      [Scan RS (ms): Min: 0.1, Avg: 0.2, Max: 0.3, Diff: 0.2, Sum: 0.6]
      [Code Root Scanning (ms): Min: 0.0, Avg: 0.0, Max: 0.0, Diff: 0.0, Sum: 0.1]
      [Object Copy (ms): Min: 0.0, Avg: 2.1, Max: 2.8, Diff: 2.8, Sum: 8.3]
      [Termination (ms): Min: 0.0, Avg: 2.0, Max: 2.7, Diff: 2.7, Sum: 8.2]
      [GC Worker Other (ms): Min: 0.0, Avg: 0.0, Max: 0.0, Diff: 0.0, Sum: 0.0]
      [GC Worker Total (ms): Min: 0.1, Avg: 4.7, Max: 6.3, Diff: 6.2, Sum: 18.8]
      [GC Worker End (ms): Min: 157399.6, Avg: 157399.6, Max: 157399.7, Diff: 0.0]
   [Code Root Fixup: 0.0 ms]
   [Code Root Migration: 0.1 ms]
   [Clear CT: 0.2 ms]
   [Other: 191.9 ms]
      [Choose CSet: 0.0 ms]
      [Ref Proc: 190.1 ms]
      [Ref Enq: 1.2 ms]
      [Free CSet: 0.6 ms]
   [Eden: 383.0M(383.0M)->0.0B(672.0M) Survivors: 20.0M->19.0M Heap: 2345.9M(4096.0M)->1962.4M(4096.0M)]
 [Times: user=0.72 sys=0.00, real=0.20 secs] 
2016-01-06T00:58:41.571-0800: 157.692: [GC pause (young)
Desired survivor size 45613056 bytes, new threshold 15 (max 15)
- age   1:   17701768 bytes,   17701768 total
- age   2:      36864 bytes,   17738632 total
2016-01-06T00:58:41.779-0800: 157.900: [SoftReference, 0 refs, 0.0005570 secs]2016-01-06T00:58:41.780-0800: 157.901: [WeakReference, 0 refs, 0.0002440 secs]2016-01-06T00:58:41.780-0800: 157.901: [FinalReference, 0 refs, 0.0003220 secs]2016-01-06T00:58:41.780-0800: 157.901: [PhantomReference, 0 refs, 21342 refs, 0.0012980 secs]2016-01-06T00:58:41.781-0800: 157.902: [JNI Weak Reference, 0.0000090 secs], 0.2136380 secs]
   [Parallel Time: 6.8 ms, GC Workers: 4]
      [GC Worker Start (ms): Min: 157691.6, Avg: 157693.3, Max: 157698.2, Diff: 6.5]
      [Ext Root Scanning (ms): Min: 0.0, Avg: 0.4, Max: 0.6, Diff: 0.6, Sum: 1.7]
      [SATB Filtering (ms): Min: 0.0, Avg: 0.0, Max: 0.0, Diff: 0.0, Sum: 0.0]
      [Update RS (ms): Min: 0.0, Avg: 0.1, Max: 0.3, Diff: 0.3, Sum: 0.3]
         [Processed Buffers: Min: 0, Avg: 1.2, Max: 3, Diff: 3, Sum: 5]
      [Scan RS (ms): Min: 0.1, Avg: 0.4, Max: 0.6, Diff: 0.5, Sum: 1.6]
      [Code Root Scanning (ms): Min: 0.0, Avg: 0.1, Max: 0.2, Diff: 0.2, Sum: 0.2]
      [Object Copy (ms): Min: 0.0, Avg: 3.9, Max: 5.2, Diff: 5.2, Sum: 15.4]
      [Termination (ms): Min: 0.0, Avg: 0.2, Max: 0.3, Diff: 0.3, Sum: 0.8]
      [GC Worker Other (ms): Min: 0.0, Avg: 0.0, Max: 0.0, Diff: 0.0, Sum: 0.1]
      [GC Worker Total (ms): Min: 0.2, Avg: 5.0, Max: 6.7, Diff: 6.5, Sum: 20.1]
      [GC Worker End (ms): Min: 157698.3, Avg: 157698.3, Max: 157698.3, Diff: 0.0]
   [Code Root Fixup: 0.0 ms]
   [Code Root Migration: 0.1 ms]
   [Clear CT: 0.2 ms]
   [Other: 206.6 ms]
      [Choose CSet: 0.0 ms]
      [Ref Proc: 204.0 ms]
      [Ref Enq: 1.5 ms]
      [Free CSet: 0.9 ms]
   [Eden: 672.0M(672.0M)->0.0B(185.0M) Survivors: 19.0M->19.0M Heap: 2634.4M(4096.0M)->1962.4M(4096.0M)]
 [Times: user=0.77 sys=0.01, real=0.21 secs] 
2016-01-06T00:58:41.813-0800: 157.934: [GC pause (young)
Desired survivor size 13631488 bytes, new threshold 1 (max 15)
- age   1:   18346816 bytes,   18346816 total
- age   2:      36864 bytes,   18383680 total
2016-01-06T00:58:42.002-0800: 158.123: [SoftReference, 0 refs, 0.0004800 secs]2016-01-06T00:58:42.003-0800: 158.124: [WeakReference, 0 refs, 0.0002090 secs]2016-01-06T00:58:42.003-0800: 158.124: [FinalReference, 0 refs, 0.0002280 secs]2016-01-06T00:58:42.003-0800: 158.124: [PhantomReference, 0 refs, 6245 refs, 0.0007520 secs]2016-01-06T00:58:42.004-0800: 158.125: [JNI Weak Reference, 0.0000110 secs], 0.1915430 secs]
   [Parallel Time: 3.0 ms, GC Workers: 4]
      [GC Worker Start (ms): Min: 157934.4, Avg: 157934.4, Max: 157934.5, Diff: 0.1]
      [Ext Root Scanning (ms): Min: 0.3, Avg: 0.4, Max: 0.4, Diff: 0.1, Sum: 1.4]
      [SATB Filtering (ms): Min: 0.0, Avg: 0.0, Max: 0.0, Diff: 0.0, Sum: 0.0]
      [Update RS (ms): Min: 0.0, Avg: 0.1, Max: 0.3, Diff: 0.3, Sum: 0.3]
         [Processed Buffers: Min: 0, Avg: 1.0, Max: 2, Diff: 2, Sum: 4]
      [Scan RS (ms): Min: 0.0, Avg: 0.1, Max: 0.1, Diff: 0.1, Sum: 0.3]
      [Code Root Scanning (ms): Min: 0.0, Avg: 0.0, Max: 0.0, Diff: 0.0, Sum: 0.0]
      [Object Copy (ms): Min: 2.2, Avg: 2.2, Max: 2.3, Diff: 0.1, Sum: 8.9]
      [Termination (ms): Min: 0.0, Avg: 0.0, Max: 0.0, Diff: 0.0, Sum: 0.0]
      [GC Worker Other (ms): Min: 0.0, Avg: 0.0, Max: 0.0, Diff: 0.0, Sum: 0.1]
      [GC Worker Total (ms): Min: 2.7, Avg: 2.8, Max: 2.8, Diff: 0.1, Sum: 11.1]
      [GC Worker End (ms): Min: 157937.2, Avg: 157937.2, Max: 157937.2, Diff: 0.0]
   [Code Root Fixup: 0.0 ms]
   [Code Root Migration: 0.0 ms]
   [Clear CT: 0.1 ms]
   [Other: 188.4 ms]
      [Choose CSet: 0.0 ms]
      [Ref Proc: 187.4 ms]
      [Ref Enq: 0.6 ms]
      [Free CSet: 0.3 ms]
   [Eden: 185.0M(185.0M)->0.0B(185.0M) Survivors: 19.0M->19.0M Heap: 2147.4M(4096.0M)->1962.0M(4096.0M)]
 [Times: user=0.75 sys=0.00, real=0.20 secs] 
2016-01-06T00:58:42.034-0800: 158.155: [GC pause (young)
Desired survivor size 13631488 bytes, new threshold 1 (max 15)
- age   1:   17259832 bytes,   17259832 total
2016-01-06T00:58:42.223-0800: 158.344: [SoftReference, 0 refs, 0.0010060 secs]2016-01-06T00:58:42.224-0800: 158.345: [WeakReference, 0 refs, 0.0002400 secs]2016-01-06T00:58:42.224-0800: 158.345: [FinalReference, 0 refs, 0.0002980 secs]2016-01-06T00:58:42.225-0800: 158.346: [PhantomReference, 0 refs, 6243 refs, 0.0005230 secs]2016-01-06T00:58:42.225-0800: 158.346: [JNI Weak Reference, 0.0000140 secs], 0.1926440 secs]
   [Parallel Time: 3.4 ms, GC Workers: 4]
      [GC Worker Start (ms): Min: 158154.7, Avg: 158155.5, Max: 158157.9, Diff: 3.3]
      [Ext Root Scanning (ms): Min: 0.0, Avg: 0.3, Max: 0.5, Diff: 0.5, Sum: 1.3]
      [SATB Filtering (ms): Min: 0.0, Avg: 0.0, Max: 0.0, Diff: 0.0, Sum: 0.0]
      [Update RS (ms): Min: 0.0, Avg: 0.1, Max: 0.2, Diff: 0.2, Sum: 0.3]
         [Processed Buffers: Min: 0, Avg: 1.5, Max: 3, Diff: 3, Sum: 6]
      [Scan RS (ms): Min: 0.0, Avg: 0.1, Max: 0.1, Diff: 0.1, Sum: 0.3]
      [Code Root Scanning (ms): Min: 0.0, Avg: 0.0, Max: 0.0, Diff: 0.0, Sum: 0.0]
      [Object Copy (ms): Min: 0.0, Avg: 1.8, Max: 2.4, Diff: 2.4, Sum: 7.3]
      [Termination (ms): Min: 0.0, Avg: 0.2, Max: 0.2, Diff: 0.2, Sum: 0.7]
      [GC Worker Other (ms): Min: 0.0, Avg: 0.0, Max: 0.0, Diff: 0.0, Sum: 0.0]
      [GC Worker Total (ms): Min: 0.1, Avg: 2.5, Max: 3.3, Diff: 3.3, Sum: 10.0]
      [GC Worker End (ms): Min: 158158.0, Avg: 158158.0, Max: 158158.0, Diff: 0.0]
   [Code Root Fixup: 0.0 ms]
   [Code Root Migration: 0.0 ms]
   [Clear CT: 0.1 ms]
   [Other: 189.0 ms]
      [Choose CSet: 0.0 ms]
      [Ref Proc: 188.1 ms]
      [Ref Enq: 0.5 ms]
      [Free CSet: 0.3 ms]
   [Eden: 185.0M(185.0M)->0.0B(355.0M) Survivors: 19.0M->18.0M Heap: 2147.0M(4096.0M)->1961.5M(4096.0M)]
 [Times: user=0.73 sys=0.01, real=0.20 secs] 
2016-01-06T00:58:42.276-0800: 158.397: [GC pause (young)
Desired survivor size 24641536 bytes, new threshold 15 (max 15)
- age   1:   17259832 bytes,   17259832 total
2016-01-06T00:58:42.479-0800: 158.600: [SoftReference, 0 refs, 0.0026280 secs]2016-01-06T00:58:42.482-0800: 158.603: [WeakReference, 0 refs, 0.0004060 secs]2016-01-06T00:58:42.482-0800: 158.603: [FinalReference, 0 refs, 0.0003980 secs]2016-01-06T00:58:42.482-0800: 158.603: [PhantomReference, 0 refs, 11512 refs, 0.0011230 secs]2016-01-06T00:58:42.484-0800: 158.604: [JNI Weak Reference, 0.0000130 secs], 0.2092070 secs]
   [Parallel Time: 3.6 ms, GC Workers: 4]
      [GC Worker Start (ms): Min: 158397.1, Avg: 158397.1, Max: 158397.2, Diff: 0.1]
      [Ext Root Scanning (ms): Min: 0.3, Avg: 0.4, Max: 0.4, Diff: 0.1, Sum: 1.4]
      [SATB Filtering (ms): Min: 0.0, Avg: 0.0, Max: 0.0, Diff: 0.0, Sum: 0.0]
      [Update RS (ms): Min: 0.0, Avg: 0.1, Max: 0.3, Diff: 0.3, Sum: 0.4]
         [Processed Buffers: Min: 0, Avg: 1.2, Max: 3, Diff: 3, Sum: 5]
      [Scan RS (ms): Min: 0.1, Avg: 0.2, Max: 0.2, Diff: 0.2, Sum: 0.7]
      [Code Root Scanning (ms): Min: 0.0, Avg: 0.0, Max: 0.0, Diff: 0.0, Sum: 0.1]
      [Object Copy (ms): Min: 2.8, Avg: 2.8, Max: 2.8, Diff: 0.0, Sum: 11.3]
      [Termination (ms): Min: 0.0, Avg: 0.0, Max: 0.0, Diff: 0.0, Sum: 0.0]
      [GC Worker Other (ms): Min: 0.0, Avg: 0.1, Max: 0.1, Diff: 0.1, Sum: 0.3]
      [GC Worker Total (ms): Min: 3.5, Avg: 3.5, Max: 3.6, Diff: 0.1, Sum: 14.1]
      [GC Worker End (ms): Min: 158400.6, Avg: 158400.7, Max: 158400.7, Diff: 0.1]
   [Code Root Fixup: 0.0 ms]
   [Code Root Migration: 0.1 ms]
   [Clear CT: 0.2 ms]
   [Other: 205.2 ms]
      [Choose CSet: 0.0 ms]
      [Ref Proc: 203.8 ms]
      [Ref Enq: 0.5 ms]
      [Free CSet: 0.8 ms]
   [Eden: 355.0M(355.0M)->0.0B(185.0M) Survivors: 18.0M->19.0M Heap: 2316.5M(4096.0M)->1962.5M(4096.0M)]
 [Times: user=0.76 sys=0.01, real=0.22 secs] 
2016-01-06T00:58:42.515-0800: 158.636: [GC pause (young)
Desired survivor size 13631488 bytes, new threshold 1 (max 15)
- age   1:   17639272 bytes,   17639272 total
- age   2:      36864 bytes,   17676136 total
2016-01-06T00:58:42.698-0800: 158.819: [SoftReference, 0 refs, 0.0005980 secs]2016-01-06T00:58:42.699-0800: 158.820: [WeakReference, 0 refs, 0.0002340 secs]2016-01-06T00:58:42.699-0800: 158.820: [FinalReference, 0 refs, 0.0003520 secs]2016-01-06T00:58:42.700-0800: 158.820: [PhantomReference, 0 refs, 6244 refs, 0.0006810 secs]2016-01-06T00:58:42.700-0800: 158.821: [JNI Weak Reference, 0.0000130 secs], 0.1861790 secs]
   [Parallel Time: 2.9 ms, GC Workers: 4]
      [GC Worker Start (ms): Min: 158636.1, Avg: 158636.5, Max: 158637.9, Diff: 1.8]
      [Ext Root Scanning (ms): Min: 0.0, Avg: 0.3, Max: 0.5, Diff: 0.4, Sum: 1.3]
      [SATB Filtering (ms): Min: 0.0, Avg: 0.0, Max: 0.0, Diff: 0.0, Sum: 0.0]
      [Update RS (ms): Min: 0.0, Avg: 0.1, Max: 0.2, Diff: 0.2, Sum: 0.2]
         [Processed Buffers: Min: 0, Avg: 1.5, Max: 4, Diff: 4, Sum: 6]
      [Scan RS (ms): Min: 0.0, Avg: 0.1, Max: 0.2, Diff: 0.1, Sum: 0.3]
      [Code Root Scanning (ms): Min: 0.0, Avg: 0.0, Max: 0.0, Diff: 0.0, Sum: 0.0]
      [Object Copy (ms): Min: 1.0, Avg: 1.9, Max: 2.3, Diff: 1.3, Sum: 7.7]
      [Termination (ms): Min: 0.0, Avg: 0.0, Max: 0.0, Diff: 0.0, Sum: 0.0]
      [GC Worker Other (ms): Min: 0.0, Avg: 0.0, Max: 0.0, Diff: 0.0, Sum: 0.1]
      [GC Worker Total (ms): Min: 1.0, Avg: 2.4, Max: 2.9, Diff: 1.8, Sum: 9.6]
      [GC Worker End (ms): Min: 158638.9, Avg: 158638.9, Max: 158639.0, Diff: 0.0]
   [Code Root Fixup: 0.0 ms]
   [Code Root Migration: 0.0 ms]
   [Clear CT: 0.1 ms]
   [Other: 183.1 ms]
      [Choose CSet: 0.0 ms]
      [Ref Proc: 182.2 ms]
      [Ref Enq: 0.5 ms]
      [Free CSet: 0.4 ms]
   [Eden: 185.0M(185.0M)->0.0B(272.0M) Survivors: 19.0M->19.0M Heap: 2147.5M(4096.0M)->1962.1M(4096.0M)]
 [Times: user=0.66 sys=0.00, real=0.19 secs] 
2016-01-06T00:58:42.743-0800: 158.864: [GC pause (young)
Desired survivor size 19398656 bytes, new threshold 15 (max 15)
- age   1:   17259832 bytes,   17259832 total
2016-01-06T00:58:42.935-0800: 159.056: [SoftReference, 0 refs, 0.0005200 secs]2016-01-06T00:58:42.936-0800: 159.057: [WeakReference, 0 refs, 0.0003620 secs]2016-01-06T00:58:42.936-0800: 159.057: [FinalReference, 0 refs, 0.0002790 secs]2016-01-06T00:58:42.936-0800: 159.057: [PhantomReference, 0 refs, 8940 refs, 0.0006360 secs]2016-01-06T00:58:42.937-0800: 159.058: [JNI Weak Reference, 0.0000110 secs], 0.1961100 secs]
   [Parallel Time: 3.5 ms, GC Workers: 4]
      [GC Worker Start (ms): Min: 158863.6, Avg: 158863.6, Max: 158863.7, Diff: 0.1]
      [Ext Root Scanning (ms): Min: 0.3, Avg: 0.4, Max: 0.4, Diff: 0.1, Sum: 1.4]
      [SATB Filtering (ms): Min: 0.0, Avg: 0.0, Max: 0.0, Diff: 0.0, Sum: 0.0]
      [Update RS (ms): Min: 0.0, Avg: 0.1, Max: 0.3, Diff: 0.3, Sum: 0.4]
         [Processed Buffers: Min: 0, Avg: 1.2, Max: 2, Diff: 2, Sum: 5]
      [Scan RS (ms): Min: 0.0, Avg: 0.1, Max: 0.2, Diff: 0.2, Sum: 0.5]
      [Code Root Scanning (ms): Min: 0.0, Avg: 0.0, Max: 0.0, Diff: 0.0, Sum: 0.1]
      [Object Copy (ms): Min: 2.7, Avg: 2.8, Max: 2.8, Diff: 0.1, Sum: 11.0]
      [Termination (ms): Min: 0.0, Avg: 0.0, Max: 0.0, Diff: 0.0, Sum: 0.0]
      [GC Worker Other (ms): Min: 0.0, Avg: 0.0, Max: 0.0, Diff: 0.0, Sum: 0.1]
      [GC Worker Total (ms): Min: 3.3, Avg: 3.4, Max: 3.4, Diff: 0.1, Sum: 13.5]
      [GC Worker End (ms): Min: 158867.0, Avg: 158867.0, Max: 158867.0, Diff: 0.0]
   [Code Root Fixup: 0.0 ms]
   [Code Root Migration: 0.1 ms]
   [Clear CT: 0.1 ms]
   [Other: 192.4 ms]
      [Choose CSet: 0.0 ms]
      [Ref Proc: 190.9 ms]
      [Ref Enq: 0.9 ms]
      [Free CSet: 0.5 ms]
   [Eden: 272.0M(272.0M)->0.0B(516.0M) Survivors: 19.0M->19.0M Heap: 2234.1M(4096.0M)->1962.1M(4096.0M)]
 [Times: user=0.76 sys=0.01, real=0.20 secs] 
2016-01-06T00:58:43.018-0800: 159.139: [GC pause (young)
Desired survivor size 35127296 bytes, new threshold 15 (max 15)
- age   1:   17454016 bytes,   17454016 total
- age   2:      36864 bytes,   17490880 total
2016-01-06T00:58:43.214-0800: 159.335: [SoftReference, 0 refs, 0.0004750 secs]2016-01-06T00:58:43.215-0800: 159.336: [WeakReference, 0 refs, 0.0002480 secs]2016-01-06T00:58:43.215-0800: 159.336: [FinalReference, 0 refs, 0.0002250 secs]2016-01-06T00:58:43.215-0800: 159.336: [PhantomReference, 0 refs, 16503 refs, 0.0008800 secs]2016-01-06T00:58:43.216-0800: 159.337: [JNI Weak Reference, 0.0000100 secs], 0.2009440 secs]
   [Parallel Time: 4.4 ms, GC Workers: 4]
      [GC Worker Start (ms): Min: 159138.8, Avg: 159138.9, Max: 159138.9, Diff: 0.1]
      [Ext Root Scanning (ms): Min: 0.3, Avg: 0.4, Max: 0.4, Diff: 0.1, Sum: 1.4]
      [SATB Filtering (ms): Min: 0.0, Avg: 0.0, Max: 0.0, Diff: 0.0, Sum: 0.0]
      [Update RS (ms): Min: 0.0, Avg: 0.1, Max: 0.3, Diff: 0.3, Sum: 0.3]
         [Processed Buffers: Min: 0, Avg: 1.5, Max: 4, Diff: 4, Sum: 6]
      [Scan RS (ms): Min: 0.1, Avg: 0.2, Max: 0.3, Diff: 0.2, Sum: 1.0]
      [Code Root Scanning (ms): Min: 0.0, Avg: 0.0, Max: 0.0, Diff: 0.0, Sum: 0.1]
      [Object Copy (ms): Min: 3.5, Avg: 3.5, Max: 3.5, Diff: 0.0, Sum: 14.1]
      [Termination (ms): Min: 0.0, Avg: 0.0, Max: 0.0, Diff: 0.0, Sum: 0.0]
      [GC Worker Other (ms): Min: 0.0, Avg: 0.0, Max: 0.1, Diff: 0.1, Sum: 0.2]
      [GC Worker Total (ms): Min: 4.2, Avg: 4.3, Max: 4.3, Diff: 0.1, Sum: 17.1]
      [GC Worker End (ms): Min: 159143.1, Avg: 159143.1, Max: 159143.2, Diff: 0.1]
   [Code Root Fixup: 0.0 ms]
   [Code Root Migration: 0.1 ms]
   [Clear CT: 0.2 ms]
   [Other: 196.3 ms]
      [Choose CSet: 0.0 ms]
      [Ref Proc: 193.8 ms]
      [Ref Enq: 1.7 ms]
      [Free CSet: 0.7 ms]
   [Eden: 516.0M(516.0M)->0.0B(227.0M) Survivors: 19.0M->19.0M Heap: 2478.1M(4096.0M)->1962.6M(4096.0M)]
 [Times: user=0.76 sys=0.00, real=0.20 secs] 
2016-01-06T00:58:43.251-0800: 159.372: [GC pause (young)
Desired survivor size 16252928 bytes, new threshold 1 (max 15)
- age   1:   17998624 bytes,   17998624 total
- age   2:      36864 bytes,   18035488 total
2016-01-06T00:58:43.444-0800: 159.565: [SoftReference, 0 refs, 0.0004220 secs]2016-01-06T00:58:43.445-0800: 159.566: [WeakReference, 0 refs, 0.0002650 secs]2016-01-06T00:58:43.445-0800: 159.566: [FinalReference, 0 refs, 0.0002290 secs]2016-01-06T00:58:43.445-0800: 159.566: [PhantomReference, 0 refs, 7544 refs, 0.0007550 secs]2016-01-06T00:58:43.446-0800: 159.567: [JNI Weak Reference, 0.0000100 secs], 0.1959980 secs]
   [Parallel Time: 2.2 ms, GC Workers: 4]
      [GC Worker Start (ms): Min: 159372.3, Avg: 159372.4, Max: 159372.4, Diff: 0.1]
      [Ext Root Scanning (ms): Min: 0.3, Avg: 0.4, Max: 0.4, Diff: 0.1, Sum: 1.4]
      [SATB Filtering (ms): Min: 0.0, Avg: 0.0, Max: 0.0, Diff: 0.0, Sum: 0.0]
      [Update RS (ms): Min: 0.0, Avg: 0.1, Max: 0.3, Diff: 0.3, Sum: 0.3]
         [Processed Buffers: Min: 0, Avg: 1.2, Max: 3, Diff: 3, Sum: 5]
      [Scan RS (ms): Min: 0.0, Avg: 0.1, Max: 0.1, Diff: 0.1, Sum: 0.4]
      [Code Root Scanning (ms): Min: 0.0, Avg: 0.0, Max: 0.0, Diff: 0.0, Sum: 0.1]
      [Object Copy (ms): Min: 1.4, Avg: 1.4, Max: 1.5, Diff: 0.1, Sum: 5.7]
      [Termination (ms): Min: 0.0, Avg: 0.0, Max: 0.0, Diff: 0.0, Sum: 0.0]
      [GC Worker Other (ms): Min: 0.0, Avg: 0.0, Max: 0.1, Diff: 0.0, Sum: 0.1]
      [GC Worker Total (ms): Min: 2.0, Avg: 2.0, Max: 2.0, Diff: 0.1, Sum: 8.1]
      [GC Worker End (ms): Min: 159374.4, Avg: 159374.4, Max: 159374.4, Diff: 0.0]
   [Code Root Fixup: 0.0 ms]
   [Code Root Migration: 0.0 ms]
   [Clear CT: 0.1 ms]
   [Other: 193.7 ms]
      [Choose CSet: 0.0 ms]
      [Ref Proc: 192.6 ms]
      [Ref Enq: 0.6 ms]
      [Free CSet: 0.4 ms]
   [Eden: 227.0M(227.0M)->0.0B(201.0M) Survivors: 19.0M->3072.0K Heap: 2189.6M(4096.0M)->1946.1M(4096.0M)]
 [Times: user=0.69 sys=0.00, real=0.20 secs] 
2016-01-06T00:58:43.476-0800: 159.597: [GC pause (young)
Desired survivor size 13631488 bytes, new threshold 15 (max 15)
- age   1:     970408 bytes,     970408 total
2016-01-06T00:58:43.666-0800: 159.787: [SoftReference, 0 refs, 0.0004510 secs]2016-01-06T00:58:43.667-0800: 159.787: [WeakReference, 0 refs, 0.0002700 secs]2016-01-06T00:58:43.667-0800: 159.788: [FinalReference, 0 refs, 0.0002510 secs]2016-01-06T00:58:43.667-0800: 159.788: [PhantomReference, 0 refs, 6738 refs, 0.0006870 secs]2016-01-06T00:58:43.668-0800: 159.789: [JNI Weak Reference, 0.0000090 secs], 0.1929100 secs]
   [Parallel Time: 3.1 ms, GC Workers: 4]
      [GC Worker Start (ms): Min: 159597.1, Avg: 159597.1, Max: 159597.1, Diff: 0.1]
      [Ext Root Scanning (ms): Min: 0.3, Avg: 0.3, Max: 0.4, Diff: 0.2, Sum: 1.4]
      [SATB Filtering (ms): Min: 0.0, Avg: 0.0, Max: 0.0, Diff: 0.0, Sum: 0.0]
      [Update RS (ms): Min: 0.0, Avg: 0.1, Max: 0.3, Diff: 0.2, Sum: 0.4]
         [Processed Buffers: Min: 1, Avg: 1.5, Max: 2, Diff: 1, Sum: 6]
      [Scan RS (ms): Min: 0.0, Avg: 0.1, Max: 0.1, Diff: 0.1, Sum: 0.3]
      [Code Root Scanning (ms): Min: 0.0, Avg: 0.0, Max: 0.0, Diff: 0.0, Sum: 0.0]
      [Object Copy (ms): Min: 2.4, Avg: 2.4, Max: 2.4, Diff: 0.0, Sum: 9.7]
      [Termination (ms): Min: 0.0, Avg: 0.0, Max: 0.0, Diff: 0.0, Sum: 0.0]
      [GC Worker Other (ms): Min: 0.0, Avg: 0.0, Max: 0.0, Diff: 0.0, Sum: 0.1]
      [GC Worker Total (ms): Min: 3.0, Avg: 3.0, Max: 3.0, Diff: 0.1, Sum: 12.0]
      [GC Worker End (ms): Min: 159600.1, Avg: 159600.1, Max: 159600.1, Diff: 0.0]
   [Code Root Fixup: 0.0 ms]
   [Code Root Migration: 0.0 ms]
   [Clear CT: 0.2 ms]
   [Other: 189.6 ms]
      [Choose CSet: 0.0 ms]
      [Ref Proc: 188.6 ms]
      [Ref Enq: 0.6 ms]
      [Free CSet: 0.4 ms]
   [Eden: 201.0M(201.0M)->0.0B(185.0M) Survivors: 3072.0K->19.0M Heap: 2147.1M(4096.0M)->1962.6M(4096.0M)]
 [Times: user=0.74 sys=0.00, real=0.20 secs] 
2016-01-06T00:58:43.695-0800: 159.816: [GC pause (young)
Desired survivor size 13631488 bytes, new threshold 1 (max 15)
- age   1:   17295544 bytes,   17295544 total
- age   2:      36864 bytes,   17332408 total
2016-01-06T00:58:43.884-0800: 160.005: [SoftReference, 0 refs, 0.0005100 secs]2016-01-06T00:58:43.885-0800: 160.006: [WeakReference, 0 refs, 0.0003570 secs]2016-01-06T00:58:43.885-0800: 160.006: [FinalReference, 0 refs, 0.0003030 secs]2016-01-06T00:58:43.885-0800: 160.006: [PhantomReference, 0 refs, 6242 refs, 0.0006880 secs]2016-01-06T00:58:43.886-0800: 160.007: [JNI Weak Reference, 0.0000090 secs], 0.1921330 secs]
   [Parallel Time: 2.9 ms, GC Workers: 4]
      [GC Worker Start (ms): Min: 159816.0, Avg: 159816.1, Max: 159816.1, Diff: 0.1]
      [Ext Root Scanning (ms): Min: 0.3, Avg: 0.4, Max: 0.4, Diff: 0.0, Sum: 1.4]
      [SATB Filtering (ms): Min: 0.0, Avg: 0.0, Max: 0.0, Diff: 0.0, Sum: 0.0]
      [Update RS (ms): Min: 0.0, Avg: 0.1, Max: 0.2, Diff: 0.2, Sum: 0.3]
         [Processed Buffers: Min: 0, Avg: 1.5, Max: 4, Diff: 4, Sum: 6]
      [Scan RS (ms): Min: 0.0, Avg: 0.1, Max: 0.1, Diff: 0.1, Sum: 0.3]
      [Code Root Scanning (ms): Min: 0.0, Avg: 0.0, Max: 0.0, Diff: 0.0, Sum: 0.0]
      [Object Copy (ms): Min: 2.2, Avg: 2.3, Max: 2.3, Diff: 0.0, Sum: 9.0]
      [Termination (ms): Min: 0.0, Avg: 0.0, Max: 0.0, Diff: 0.0, Sum: 0.0]
      [GC Worker Other (ms): Min: 0.0, Avg: 0.0, Max: 0.0, Diff: 0.0, Sum: 0.1]
      [GC Worker Total (ms): Min: 2.8, Avg: 2.8, Max: 2.8, Diff: 0.1, Sum: 11.2]
      [GC Worker End (ms): Min: 159818.9, Avg: 159818.9, Max: 159818.9, Diff: 0.0]
   [Code Root Fixup: 0.0 ms]
   [Code Root Migration: 0.0 ms]
   [Clear CT: 0.1 ms]
   [Other: 189.1 ms]
      [Choose CSet: 0.0 ms]
      [Ref Proc: 188.1 ms]
      [Ref Enq: 0.5 ms]
      [Free CSet: 0.4 ms]
   [Eden: 185.0M(185.0M)->0.0B(637.0M) Survivors: 19.0M->19.0M Heap: 2147.6M(4096.0M)->1962.1M(4096.0M)]
 [Times: user=0.73 sys=0.00, real=0.20 secs] 
2016-01-06T00:58:43.977-0800: 160.098: [GC pause (young)
Desired survivor size 42991616 bytes, new threshold 15 (max 15)
- age   1:   17259832 bytes,   17259832 total
2016-01-06T00:58:44.166-0800: 160.286: [SoftReference, 0 refs, 0.0004800 secs]2016-01-06T00:58:44.166-0800: 160.287: [WeakReference, 0 refs, 0.0003610 secs]2016-01-06T00:58:44.166-0800: 160.287: [FinalReference, 0 refs, 0.0002820 secs]2016-01-06T00:58:44.167-0800: 160.288: [PhantomReference, 0 refs, 20255 refs, 0.0008220 secs]2016-01-06T00:58:44.168-0800: 160.288: [JNI Weak Reference, 0.0000140 secs], 0.1932030 secs]
   [Parallel Time: 9.1 ms, GC Workers: 4]
      [GC Worker Start (ms): Min: 160098.4, Avg: 160098.5, Max: 160098.5, Diff: 0.1]
      [Ext Root Scanning (ms): Min: 0.3, Avg: 0.4, Max: 0.4, Diff: 0.1, Sum: 1.4]
      [SATB Filtering (ms): Min: 0.0, Avg: 0.0, Max: 0.0, Diff: 0.0, Sum: 0.0]
      [Update RS (ms): Min: 0.0, Avg: 0.1, Max: 0.3, Diff: 0.3, Sum: 0.4]
         [Processed Buffers: Min: 0, Avg: 1.5, Max: 3, Diff: 3, Sum: 6]
      [Scan RS (ms): Min: 0.2, Avg: 0.3, Max: 0.3, Diff: 0.1, Sum: 1.2]
      [Code Root Scanning (ms): Min: 0.0, Avg: 0.0, Max: 0.0, Diff: 0.0, Sum: 0.1]
      [Object Copy (ms): Min: 4.6, Avg: 5.5, Max: 8.1, Diff: 3.5, Sum: 22.0]
      [Termination (ms): Min: 0.0, Avg: 2.6, Max: 3.5, Diff: 3.5, Sum: 10.5]
      [GC Worker Other (ms): Min: 0.0, Avg: 0.0, Max: 0.0, Diff: 0.0, Sum: 0.1]
      [GC Worker Total (ms): Min: 8.9, Avg: 8.9, Max: 9.0, Diff: 0.1, Sum: 35.8]
      [GC Worker End (ms): Min: 160107.4, Avg: 160107.4, Max: 160107.4, Diff: 0.1]
   [Code Root Fixup: 0.0 ms]
   [Code Root Migration: 0.1 ms]
   [Clear CT: 0.2 ms]
   [Other: 183.8 ms]
      [Choose CSet: 0.0 ms]
      [Ref Proc: 180.9 ms]
      [Ref Enq: 2.0 ms]
      [Free CSet: 0.8 ms]
   [Eden: 637.0M(637.0M)->0.0B(1116.0M) Survivors: 19.0M->19.0M Heap: 2599.1M(4096.0M)->1962.6M(4096.0M)]
 [Times: user=0.68 sys=0.01, real=0.19 secs] 
2016-01-06T00:58:44.329-0800: 160.450: [GC pause (young)
Desired survivor size 74448896 bytes, new threshold 15 (max 15)
- age   1:   18268696 bytes,   18268696 total
- age   2:      36864 bytes,   18305560 total
2016-01-06T00:58:44.525-0800: 160.646: [SoftReference, 0 refs, 0.0007340 secs]2016-01-06T00:58:44.526-0800: 160.647: [WeakReference, 0 refs, 0.0003610 secs]2016-01-06T00:58:44.526-0800: 160.647: [FinalReference, 0 refs, 0.0003340 secs]2016-01-06T00:58:44.527-0800: 160.647: [PhantomReference, 0 refs, 35104 refs, 0.0016030 secs]2016-01-06T00:58:44.528-0800: 160.649: [JNI Weak Reference, 0.0000140 secs], 0.2039280 secs]
   [Parallel Time: 8.8 ms, GC Workers: 4]
      [GC Worker Start (ms): Min: 160449.7, Avg: 160449.8, Max: 160449.9, Diff: 0.2]
      [Ext Root Scanning (ms): Min: 0.2, Avg: 1.3, Max: 4.4, Diff: 4.1, Sum: 5.4]
      [SATB Filtering (ms): Min: 0.0, Avg: 0.0, Max: 0.0, Diff: 0.0, Sum: 0.0]
      [Update RS (ms): Min: 0.0, Avg: 0.1, Max: 0.2, Diff: 0.2, Sum: 0.2]
         [Processed Buffers: Min: 0, Avg: 1.2, Max: 3, Diff: 3, Sum: 5]
      [Scan RS (ms): Min: 0.2, Avg: 0.5, Max: 0.7, Diff: 0.4, Sum: 2.0]
      [Code Root Scanning (ms): Min: 0.0, Avg: 0.1, Max: 0.1, Diff: 0.1, Sum: 0.2]
      [Object Copy (ms): Min: 4.0, Avg: 6.6, Max: 7.5, Diff: 3.5, Sum: 26.3]
      [Termination (ms): Min: 0.0, Avg: 0.0, Max: 0.0, Diff: 0.0, Sum: 0.0]
      [GC Worker Other (ms): Min: 0.0, Avg: 0.1, Max: 0.1, Diff: 0.0, Sum: 0.2]
      [GC Worker Total (ms): Min: 8.5, Avg: 8.6, Max: 8.7, Diff: 0.2, Sum: 34.3]
      [GC Worker End (ms): Min: 160458.3, Avg: 160458.4, Max: 160458.4, Diff: 0.0]
   [Code Root Fixup: 0.0 ms]
   [Code Root Migration: 0.2 ms]
   [Clear CT: 0.5 ms]
   [Other: 194.5 ms]
      [Choose CSet: 0.0 ms]
      [Ref Proc: 190.7 ms]
      [Ref Enq: 2.3 ms]
      [Free CSet: 1.5 ms]
   [Eden: 1116.0M(1116.0M)->0.0B(531.0M) Survivors: 19.0M->21.0M Heap: 3078.6M(4096.0M)->1964.1M(4096.0M)]
 [Times: user=0.72 sys=0.00, real=0.20 secs] 
2016-01-06T00:58:44.611-0800: 160.732: [GC pause (young)
Desired survivor size 36175872 bytes, new threshold 15 (max 15)
- age   1:   19337824 bytes,   19337824 total
- age   2:      36864 bytes,   19374688 total
2016-01-06T00:58:44.792-0800: 160.913: [SoftReference, 0 refs, 0.0005260 secs]2016-01-06T00:58:44.813-0800: 160.934: [WeakReference, 0 refs, 0.0004330 secs]2016-01-06T00:58:44.813-0800: 160.934: [FinalReference, 0 refs, 0.0002630 secs]2016-01-06T00:58:44.814-0800: 160.935: [PhantomReference, 0 refs, 16971 refs, 0.0009890 secs]2016-01-06T00:58:44.815-0800: 160.936: [JNI Weak Reference, 0.0000110 secs], 0.2056260 secs]
   [Parallel Time: 4.2 ms, GC Workers: 4]
      [GC Worker Start (ms): Min: 160732.4, Avg: 160733.4, Max: 160736.4, Diff: 4.0]
      [Ext Root Scanning (ms): Min: 0.0, Avg: 0.3, Max: 0.5, Diff: 0.5, Sum: 1.3]
      [SATB Filtering (ms): Min: 0.0, Avg: 0.0, Max: 0.0, Diff: 0.0, Sum: 0.0]
      [Update RS (ms): Min: 0.0, Avg: 0.0, Max: 0.2, Diff: 0.2, Sum: 0.2]
         [Processed Buffers: Min: 0, Avg: 1.2, Max: 3, Diff: 3, Sum: 5]
      [Scan RS (ms): Min: 0.1, Avg: 0.2, Max: 0.3, Diff: 0.2, Sum: 0.9]
      [Code Root Scanning (ms): Min: 0.0, Avg: 0.0, Max: 0.0, Diff: 0.0, Sum: 0.1]
      [Object Copy (ms): Min: 0.0, Avg: 2.3, Max: 3.1, Diff: 3.1, Sum: 9.2]
      [Termination (ms): Min: 0.0, Avg: 0.2, Max: 0.3, Diff: 0.3, Sum: 0.8]
      [GC Worker Other (ms): Min: 0.0, Avg: 0.0, Max: 0.0, Diff: 0.0, Sum: 0.0]
      [GC Worker Total (ms): Min: 0.1, Avg: 3.1, Max: 4.2, Diff: 4.0, Sum: 12.5]
      [GC Worker End (ms): Min: 160736.5, Avg: 160736.5, Max: 160736.5, Diff: 0.0]
   [Code Root Fixup: 0.0 ms]
   [Code Root Migration: 0.1 ms]
   [Clear CT: 0.2 ms]
   [Other: 201.1 ms]
      [Choose CSet: 0.0 ms]
      [Ref Proc: 199.0 ms]
      [Ref Enq: 1.3 ms]
      [Free CSet: 0.8 ms]
   [Eden: 531.0M(531.0M)->0.0B(185.0M) Survivors: 21.0M->19.0M Heap: 2495.1M(4096.0M)->1962.6M(4096.0M)]
 [Times: user=0.66 sys=0.00, real=0.21 secs] 
2016-01-06T00:58:44.846-0800: 160.967: [GC pause (young)
Desired survivor size 13631488 bytes, new threshold 1 (max 15)
- age   1:   18032104 bytes,   18032104 total
- age   2:      36864 bytes,   18068968 total
2016-01-06T00:58:45.038-0800: 161.159: [SoftReference, 0 refs, 0.0004070 secs]2016-01-06T00:58:45.038-0800: 161.159: [WeakReference, 0 refs, 0.0002340 secs]2016-01-06T00:58:45.039-0800: 161.160: [FinalReference, 0 refs, 0.0002290 secs]2016-01-06T00:58:45.039-0800: 161.160: [PhantomReference, 0 refs, 6245 refs, 0.0016010 secs]2016-01-06T00:58:45.041-0800: 161.161: [JNI Weak Reference, 0.0000100 secs], 0.1958890 secs]
   [Parallel Time: 3.0 ms, GC Workers: 4]
      [GC Worker Start (ms): Min: 160966.7, Avg: 160966.8, Max: 160966.8, Diff: 0.1]
      [Ext Root Scanning (ms): Min: 0.3, Avg: 0.4, Max: 0.4, Diff: 0.1, Sum: 1.4]
      [SATB Filtering (ms): Min: 0.0, Avg: 0.0, Max: 0.0, Diff: 0.0, Sum: 0.0]
      [Update RS (ms): Min: 0.0, Avg: 0.1, Max: 0.3, Diff: 0.3, Sum: 0.3]
         [Processed Buffers: Min: 0, Avg: 1.0, Max: 3, Diff: 3, Sum: 4]
      [Scan RS (ms): Min: 0.0, Avg: 0.1, Max: 0.1, Diff: 0.1, Sum: 0.3]
      [Code Root Scanning (ms): Min: 0.0, Avg: 0.0, Max: 0.0, Diff: 0.0, Sum: 0.0]
      [Object Copy (ms): Min: 2.2, Avg: 2.3, Max: 2.3, Diff: 0.1, Sum: 9.3]
      [Termination (ms): Min: 0.0, Avg: 0.0, Max: 0.0, Diff: 0.0, Sum: 0.0]
      [GC Worker Other (ms): Min: 0.0, Avg: 0.1, Max: 0.1, Diff: 0.1, Sum: 0.2]
      [GC Worker Total (ms): Min: 2.8, Avg: 2.9, Max: 3.0, Diff: 0.1, Sum: 11.6]
      [GC Worker End (ms): Min: 160969.6, Avg: 160969.6, Max: 160969.7, Diff: 0.1]
   [Code Root Fixup: 0.0 ms]
   [Code Root Migration: 0.0 ms]
   [Clear CT: 0.1 ms]
   [Other: 192.7 ms]
      [Choose CSet: 0.0 ms]
      [Ref Proc: 191.7 ms]
      [Ref Enq: 0.6 ms]
      [Free CSet: 0.3 ms]
   [Eden: 185.0M(185.0M)->0.0B(185.0M) Survivors: 19.0M->19.0M Heap: 2147.6M(4096.0M)->1962.2M(4096.0M)]
 [Times: user=0.76 sys=0.00, real=0.19 secs] 
2016-01-06T00:58:45.068-0800: 161.189: [GC pause (young)
Desired survivor size 13631488 bytes, new threshold 1 (max 15)
- age   1:   17259832 bytes,   17259832 total
2016-01-06T00:58:45.256-0800: 161.377: [SoftReference, 0 refs, 0.0005310 secs]2016-01-06T00:58:45.257-0800: 161.378: [WeakReference, 0 refs, 0.0002290 secs]2016-01-06T00:58:45.257-0800: 161.378: [FinalReference, 0 refs, 0.0002410 secs]2016-01-06T00:58:45.257-0800: 161.378: [PhantomReference, 0 refs, 6245 refs, 0.0007230 secs]2016-01-06T00:58:45.258-0800: 161.379: [JNI Weak Reference, 0.0000090 secs], 0.1914000 secs]
   [Parallel Time: 2.9 ms, GC Workers: 4]
      [GC Worker Start (ms): Min: 161188.8, Avg: 161189.1, Max: 161189.9, Diff: 1.1]
      [Ext Root Scanning (ms): Min: 0.0, Avg: 0.3, Max: 0.5, Diff: 0.5, Sum: 1.2]
      [SATB Filtering (ms): Min: 0.0, Avg: 0.0, Max: 0.0, Diff: 0.0, Sum: 0.0]
      [Update RS (ms): Min: 0.0, Avg: 0.1, Max: 0.2, Diff: 0.2, Sum: 0.3]
         [Processed Buffers: Min: 0, Avg: 1.5, Max: 3, Diff: 3, Sum: 6]
      [Scan RS (ms): Min: 0.0, Avg: 0.1, Max: 0.1, Diff: 0.1, Sum: 0.3]
      [Code Root Scanning (ms): Min: 0.0, Avg: 0.0, Max: 0.0, Diff: 0.0, Sum: 0.0]
      [Object Copy (ms): Min: 1.7, Avg: 2.0, Max: 2.2, Diff: 0.5, Sum: 8.1]
      [Termination (ms): Min: 0.0, Avg: 0.0, Max: 0.0, Diff: 0.0, Sum: 0.0]
      [GC Worker Other (ms): Min: 0.0, Avg: 0.0, Max: 0.0, Diff: 0.0, Sum: 0.0]
      [GC Worker Total (ms): Min: 1.7, Avg: 2.5, Max: 2.8, Diff: 1.1, Sum: 10.0]
      [GC Worker End (ms): Min: 161191.6, Avg: 161191.6, Max: 161191.6, Diff: 0.0]
   [Code Root Fixup: 0.0 ms]
   [Code Root Migration: 0.0 ms]
   [Clear CT: 0.1 ms]
   [Other: 188.4 ms]
      [Choose CSet: 0.0 ms]
      [Ref Proc: 187.4 ms]
      [Ref Enq: 0.5 ms]
      [Free CSet: 0.4 ms]
   [Eden: 185.0M(185.0M)->0.0B(653.0M) Survivors: 19.0M->18.0M Heap: 2147.2M(4096.0M)->1961.7M(4096.0M)]
 [Times: user=0.72 sys=0.00, real=0.19 secs] 
2016-01-06T00:58:45.351-0800: 161.472: [GC pause (young)
Desired survivor size 44040192 bytes, new threshold 15 (max 15)
- age   1:   17259832 bytes,   17259832 total
2016-01-06T00:58:45.547-0800: 161.667: [SoftReference, 0 refs, 0.0004620 secs]2016-01-06T00:58:45.547-0800: 161.668: [WeakReference, 0 refs, 0.0002370 secs]2016-01-06T00:58:45.547-0800: 161.668: [FinalReference, 0 refs, 0.0002510 secs]2016-01-06T00:58:45.547-0800: 161.668: [PhantomReference, 0 refs, 20751 refs, 0.0010970 secs]2016-01-06T00:58:45.549-0800: 161.669: [JNI Weak Reference, 0.0000130 secs], 0.2010650 secs]
   [Parallel Time: 5.3 ms, GC Workers: 4]
      [GC Worker Start (ms): Min: 161471.8, Avg: 161471.8, Max: 161471.8, Diff: 0.1]
      [Ext Root Scanning (ms): Min: 0.3, Avg: 0.4, Max: 0.4, Diff: 0.1, Sum: 1.4]
      [SATB Filtering (ms): Min: 0.0, Avg: 0.0, Max: 0.0, Diff: 0.0, Sum: 0.0]
      [Update RS (ms): Min: 0.0, Avg: 0.1, Max: 0.3, Diff: 0.3, Sum: 0.4]
         [Processed Buffers: Min: 0, Avg: 1.5, Max: 3, Diff: 3, Sum: 6]
      [Scan RS (ms): Min: 0.2, Avg: 0.3, Max: 0.3, Diff: 0.2, Sum: 1.2]
      [Code Root Scanning (ms): Min: 0.0, Avg: 0.0, Max: 0.0, Diff: 0.0, Sum: 0.1]
      [Object Copy (ms): Min: 4.3, Avg: 4.3, Max: 4.3, Diff: 0.0, Sum: 17.3]
      [Termination (ms): Min: 0.0, Avg: 0.0, Max: 0.0, Diff: 0.0, Sum: 0.0]
      [GC Worker Other (ms): Min: 0.0, Avg: 0.1, Max: 0.1, Diff: 0.1, Sum: 0.3]
      [GC Worker Total (ms): Min: 5.1, Avg: 5.2, Max: 5.2, Diff: 0.1, Sum: 20.7]
      [GC Worker End (ms): Min: 161477.0, Avg: 161477.0, Max: 161477.0, Diff: 0.1]
   [Code Root Fixup: 0.0 ms]
   [Code Root Migration: 0.1 ms]
   [Clear CT: 0.2 ms]
   [Other: 195.5 ms]
      [Choose CSet: 0.0 ms]
      [Ref Proc: 192.5 ms]
      [Ref Enq: 2.0 ms]
      [Free CSet: 1.0 ms]
   [Eden: 653.0M(653.0M)->0.0B(415.0M) Survivors: 18.0M->20.0M Heap: 2614.7M(4096.0M)->1963.7M(4096.0M)]
 [Times: user=0.75 sys=0.00, real=0.20 secs] 
2016-01-06T00:58:45.575-0800: 161.696: [GC concurrent-mark-end, 17.8604990 secs]
2016-01-06T00:58:45.575-0800: 161.696: [GC remark 2016-01-06T00:58:45.576-0800: 161.697: [GC ref-proc2016-01-06T00:58:45.576-0800: 161.697: [SoftReference, 0 refs, 0.0005350 secs]2016-01-06T00:58:45.576-0800: 161.697: [WeakReference, 0 refs, 0.0002420 secs]2016-01-06T00:58:45.577-0800: 161.697: [FinalReference, 4 refs, 0.0002740 secs]2016-01-06T00:58:45.577-0800: 161.698: [PhantomReference, 0 refs, 10438428 refs, 0.7648750 secs]2016-01-06T00:58:46.342-0800: 162.463: [JNI Weak Reference, 0.0000230 secs], 0.7661610 secs], 0.7743410 secs]
 [Times: user=2.11 sys=0.83, real=0.78 secs] 
2016-01-06T00:58:46.350-0800: 162.471: [GC cleanup 2125M->2124M(4096M), 0.0051630 secs]
 [Times: user=0.02 sys=0.00, real=0.00 secs] 
2016-01-06T00:58:46.355-0800: 162.476: [GC concurrent-cleanup-start]
2016-01-06T00:58:46.355-0800: 162.476: [GC concurrent-cleanup-end, 0.0000210 secs]
2016-01-06T00:58:46.392-0800: 162.513: [GC pause (young)
Desired survivor size 28835840 bytes, new threshold 15 (max 15)
- age   1:   18304408 bytes,   18304408 total
- age   2:      36864 bytes,   18341272 total
2016-01-06T00:58:46.397-0800: 162.518: [SoftReference, 0 refs, 0.0004480 secs]2016-01-06T00:58:46.397-0800: 162.518: [WeakReference, 0 refs, 0.0002220 secs]2016-01-06T00:58:46.397-0800: 162.518: [FinalReference, 0 refs, 0.0003500 secs]2016-01-06T00:58:46.398-0800: 162.519: [PhantomReference, 0 refs, 13375 refs, 0.0008420 secs]2016-01-06T00:58:46.399-0800: 162.519: [JNI Weak Reference, 0.0000080 secs], 0.0077240 secs]
   [Parallel Time: 4.3 ms, GC Workers: 4]
      [GC Worker Start (ms): Min: 162513.1, Avg: 162513.3, Max: 162513.9, Diff: 0.8]
      [Ext Root Scanning (ms): Min: 0.0, Avg: 0.3, Max: 0.5, Diff: 0.5, Sum: 1.2]
      [Update RS (ms): Min: 0.0, Avg: 0.1, Max: 0.2, Diff: 0.2, Sum: 0.2]
         [Processed Buffers: Min: 0, Avg: 1.5, Max: 4, Diff: 4, Sum: 6]
      [Scan RS (ms): Min: 0.0, Avg: 0.2, Max: 0.3, Diff: 0.3, Sum: 0.7]
      [Code Root Scanning (ms): Min: 0.0, Avg: 0.0, Max: 0.0, Diff: 0.0, Sum: 0.1]
      [Object Copy (ms): Min: 3.4, Avg: 3.4, Max: 3.5, Diff: 0.1, Sum: 13.7]
      [Termination (ms): Min: 0.0, Avg: 0.0, Max: 0.0, Diff: 0.0, Sum: 0.0]
      [GC Worker Other (ms): Min: 0.0, Avg: 0.0, Max: 0.1, Diff: 0.0, Sum: 0.1]
      [GC Worker Total (ms): Min: 3.4, Avg: 4.0, Max: 4.3, Diff: 0.9, Sum: 16.1]
      [GC Worker End (ms): Min: 162517.3, Avg: 162517.3, Max: 162517.3, Diff: 0.0]
   [Code Root Fixup: 0.0 ms]
   [Code Root Migration: 0.1 ms]
   [Clear CT: 0.2 ms]
   [Other: 3.1 ms]
      [Choose CSet: 0.0 ms]
      [Ref Proc: 2.1 ms]
      [Ref Enq: 0.3 ms]
      [Free CSet: 0.7 ms]
   [Eden: 415.0M(415.0M)->0.0B(1696.0M) Survivors: 20.0M->19.0M Heap: 2377.7M(4096.0M)->1961.2M(4096.0M)]
 [Times: user=0.02 sys=0.00, real=0.01 secs] 
2016-01-06T00:58:46.635-0800: 162.755: [GC pause (young)
Desired survivor size 112721920 bytes, new threshold 15 (max 15)
- age   1:   17773192 bytes,   17773192 total
- age   2:      36864 bytes,   17810056 total
2016-01-06T00:58:46.648-0800: 162.769: [SoftReference, 0 refs, 0.0003860 secs]2016-01-06T00:58:46.648-0800: 162.769: [WeakReference, 0 refs, 0.0003540 secs]2016-01-06T00:58:46.649-0800: 162.769: [FinalReference, 0 refs, 0.0003520 secs]2016-01-06T00:58:46.649-0800: 162.770: [PhantomReference, 0 refs, 53086 refs, 0.0013320 secs]2016-01-06T00:58:46.650-0800: 162.771: [JNI Weak Reference, 0.0000090 secs], 0.0189330 secs]
   [Parallel Time: 13.1 ms, GC Workers: 4]
      [GC Worker Start (ms): Min: 162755.5, Avg: 162758.1, Max: 162765.9, Diff: 10.3]
      [Ext Root Scanning (ms): Min: 0.0, Avg: 0.3, Max: 0.4, Diff: 0.4, Sum: 1.3]
      [Update RS (ms): Min: 0.0, Avg: 0.1, Max: 0.2, Diff: 0.2, Sum: 0.2]
         [Processed Buffers: Min: 0, Avg: 1.2, Max: 3, Diff: 3, Sum: 5]
      [Scan RS (ms): Min: 0.3, Avg: 0.7, Max: 0.9, Diff: 0.6, Sum: 3.0]
      [Code Root Scanning (ms): Min: 0.0, Avg: 0.1, Max: 0.1, Diff: 0.1, Sum: 0.3]
      [Object Copy (ms): Min: 2.3, Avg: 9.1, Max: 11.4, Diff: 9.1, Sum: 36.4]
      [Termination (ms): Min: 0.0, Avg: 0.1, Max: 0.1, Diff: 0.1, Sum: 0.4]
      [GC Worker Other (ms): Min: 0.0, Avg: 0.0, Max: 0.0, Diff: 0.0, Sum: 0.1]
      [GC Worker Total (ms): Min: 2.7, Avg: 10.4, Max: 13.0, Diff: 10.4, Sum: 41.7]
      [GC Worker End (ms): Min: 162768.6, Avg: 162768.6, Max: 162768.6, Diff: 0.0]
   [Code Root Fixup: 0.0 ms]
   [Code Root Migration: 0.3 ms]
   [Clear CT: 0.3 ms]
   [Other: 5.2 ms]
      [Choose CSet: 0.0 ms]
      [Ref Proc: 2.6 ms]
      [Ref Enq: 0.6 ms]
      [Free CSet: 1.9 ms]
   [Eden: 1696.0M(1696.0M)->0.0B(1694.0M) Survivors: 19.0M->22.0M Heap: 3657.2M(4096.0M)->1964.7M(4096.0M)]
 [Times: user=0.05 sys=0.00, real=0.02 secs] 
2016-01-06T00:58:46.899-0800: 163.020: [GC pause (young) (initial-mark)
Desired survivor size 112721920 bytes, new threshold 15 (max 15)
- age   1:   20632384 bytes,   20632384 total
- age   2:      36864 bytes,   20669248 total
2016-01-06T00:58:46.912-0800: 163.033: [SoftReference, 0 refs, 0.0005170 secs]2016-01-06T00:58:46.912-0800: 163.033: [WeakReference, 0 refs, 0.0002550 secs]2016-01-06T00:58:46.913-0800: 163.034: [FinalReference, 0 refs, 0.0002810 secs]2016-01-06T00:58:46.913-0800: 163.034: [PhantomReference, 0 refs, 53023 refs, 0.0013600 secs]2016-01-06T00:58:46.914-0800: 163.035: [JNI Weak Reference, 0.0000140 secs], 0.0187230 secs]
   [Parallel Time: 12.1 ms, GC Workers: 4]
      [GC Worker Start (ms): Min: 163020.5, Avg: 163020.6, Max: 163020.6, Diff: 0.1]
      [Ext Root Scanning (ms): Min: 0.3, Avg: 0.4, Max: 0.4, Diff: 0.1, Sum: 1.4]
      [Code Root Marking (ms): Min: 0.2, Avg: 0.2, Max: 0.3, Diff: 0.0, Sum: 1.0]
      [Update RS (ms): Min: 0.0, Avg: 0.1, Max: 0.3, Diff: 0.3, Sum: 0.3]
         [Processed Buffers: Min: 0, Avg: 1.2, Max: 3, Diff: 3, Sum: 5]
      [Scan RS (ms): Min: 0.6, Avg: 0.7, Max: 0.8, Diff: 0.1, Sum: 3.0]
      [Code Root Scanning (ms): Min: 0.1, Avg: 0.1, Max: 0.1, Diff: 0.0, Sum: 0.3]
      [Object Copy (ms): Min: 10.4, Avg: 10.4, Max: 10.5, Diff: 0.1, Sum: 41.7]
      [Termination (ms): Min: 0.0, Avg: 0.0, Max: 0.0, Diff: 0.0, Sum: 0.0]
      [GC Worker Other (ms): Min: 0.0, Avg: 0.1, Max: 0.1, Diff: 0.0, Sum: 0.2]
      [GC Worker Total (ms): Min: 12.0, Avg: 12.0, Max: 12.0, Diff: 0.1, Sum: 48.0]
      [GC Worker End (ms): Min: 163032.5, Avg: 163032.6, Max: 163032.6, Diff: 0.0]
   [Code Root Fixup: 0.0 ms]
   [Code Root Migration: 0.3 ms]
   [Clear CT: 0.4 ms]
   [Other: 5.9 ms]
      [Choose CSet: 0.0 ms]
      [Ref Proc: 2.6 ms]
      [Ref Enq: 0.5 ms]
      [Free CSet: 2.0 ms]
   [Eden: 1694.0M(1694.0M)->0.0B(1695.0M) Survivors: 22.0M->22.0M Heap: 3658.7M(4096.0M)->1964.7M(4096.0M)]
 [Times: user=0.06 sys=0.00, real=0.02 secs] 
2016-01-06T00:58:46.918-0800: 163.039: [GC concurrent-root-region-scan-start]
2016-01-06T00:58:46.922-0800: 163.043: [GC concurrent-root-region-scan-end, 0.0041740 secs]
2016-01-06T00:58:46.922-0800: 163.043: [GC concurrent-mark-start]
2016-01-06T00:58:47.516-0800: 163.637: [GC pause (young)
Desired survivor size 112721920 bytes, new threshold 15 (max 15)
- age   1:   20627920 bytes,   20627920 total
- age   2:      36864 bytes,   20664784 total
2016-01-06T00:58:47.558-0800: 163.679: [SoftReference, 0 refs, 0.0003780 secs]2016-01-06T00:58:47.559-0800: 163.680: [WeakReference, 0 refs, 0.0002120 secs]2016-01-06T00:58:47.559-0800: 163.680: [FinalReference, 0 refs, 0.0003270 secs]2016-01-06T00:58:47.559-0800: 163.680: [PhantomReference, 0 refs, 53052 refs, 0.0017700 secs]2016-01-06T00:58:47.561-0800: 163.682: [JNI Weak Reference, 0.0000130 secs], 0.0509990 secs]
   [Parallel Time: 36.5 ms, GC Workers: 4]
      [GC Worker Start (ms): Min: 163637.4, Avg: 163637.5, Max: 163637.9, Diff: 0.5]
      [Ext Root Scanning (ms): Min: 0.0, Avg: 0.3, Max: 0.5, Diff: 0.5, Sum: 1.3]
      [SATB Filtering (ms): Min: 0.0, Avg: 0.0, Max: 0.0, Diff: 0.0, Sum: 0.0]
      [Update RS (ms): Min: 14.6, Avg: 15.0, Max: 15.4, Diff: 0.7, Sum: 59.9]
         [Processed Buffers: Min: 21, Avg: 22.5, Max: 26, Diff: 5, Sum: 90]
      [Scan RS (ms): Min: 0.5, Avg: 0.7, Max: 1.0, Diff: 0.5, Sum: 3.0]
      [Code Root Scanning (ms): Min: 0.0, Avg: 0.1, Max: 0.1, Diff: 0.1, Sum: 0.3]
      [Object Copy (ms): Min: 12.7, Avg: 14.4, Max: 19.7, Diff: 7.0, Sum: 57.8]
      [Termination (ms): Min: 0.0, Avg: 5.2, Max: 7.0, Diff: 7.0, Sum: 20.9]
      [GC Worker Other (ms): Min: 0.0, Avg: 0.1, Max: 0.5, Diff: 0.5, Sum: 0.5]
      [GC Worker Total (ms): Min: 35.9, Avg: 35.9, Max: 36.0, Diff: 0.1, Sum: 143.7]
      [GC Worker End (ms): Min: 163673.4, Avg: 163673.5, Max: 163673.8, Diff: 0.5]
   [Code Root Fixup: 0.0 ms]
   [Code Root Migration: 0.3 ms]
   [Clear CT: 0.5 ms]
   [Other: 13.8 ms]
      [Choose CSet: 0.0 ms]
      [Ref Proc: 8.0 ms]
      [Ref Enq: 3.7 ms]
      [Free CSet: 2.0 ms]
   [Eden: 1695.0M(1695.0M)->0.0B(1694.0M) Survivors: 22.0M->23.0M Heap: 3659.7M(4096.0M)->1965.2M(4096.0M)]
 [Times: user=0.16 sys=0.00, real=0.06 secs] 
2016-01-06T00:58:47.830-0800: 163.951: [GC pause (young)
Desired survivor size 112721920 bytes, new threshold 15 (max 15)
- age   1:   20630152 bytes,   20630152 total
- age   2:      36864 bytes,   20667016 total
2016-01-06T00:58:47.875-0800: 163.996: [SoftReference, 0 refs, 0.0004810 secs]2016-01-06T00:58:47.875-0800: 163.996: [WeakReference, 0 refs, 0.0003310 secs]2016-01-06T00:58:47.876-0800: 163.996: [FinalReference, 0 refs, 0.0003430 secs]2016-01-06T00:58:47.876-0800: 163.997: [PhantomReference, 0 refs, 53021 refs, 0.0015890 secs]2016-01-06T00:58:47.877-0800: 163.998: [JNI Weak Reference, 0.0000230 secs], 0.0554730 secs]
   [Parallel Time: 29.5 ms, GC Workers: 4]
      [GC Worker Start (ms): Min: 163951.0, Avg: 163951.0, Max: 163951.1, Diff: 0.1]
      [Ext Root Scanning (ms): Min: 0.3, Avg: 0.4, Max: 0.4, Diff: 0.1, Sum: 1.4]
      [SATB Filtering (ms): Min: 0.0, Avg: 0.0, Max: 0.0, Diff: 0.0, Sum: 0.0]
      [Update RS (ms): Min: 17.0, Avg: 17.2, Max: 17.5, Diff: 0.5, Sum: 68.8]
         [Processed Buffers: Min: 24, Avg: 25.0, Max: 27, Diff: 3, Sum: 100]
      [Scan RS (ms): Min: 0.6, Avg: 0.8, Max: 1.0, Diff: 0.4, Sum: 3.2]
      [Code Root Scanning (ms): Min: 0.0, Avg: 0.1, Max: 0.1, Diff: 0.1, Sum: 0.3]
      [Object Copy (ms): Min: 10.9, Avg: 10.9, Max: 10.9, Diff: 0.1, Sum: 43.6]
      [Termination (ms): Min: 0.0, Avg: 0.0, Max: 0.0, Diff: 0.0, Sum: 0.0]
      [GC Worker Other (ms): Min: 0.0, Avg: 0.0, Max: 0.1, Diff: 0.0, Sum: 0.2]
      [GC Worker Total (ms): Min: 29.4, Avg: 29.4, Max: 29.4, Diff: 0.0, Sum: 117.6]
      [GC Worker End (ms): Min: 163980.4, Avg: 163980.4, Max: 163980.5, Diff: 0.0]
   [Code Root Fixup: 0.0 ms]
   [Code Root Migration: 0.2 ms]
   [Clear CT: 0.5 ms]
   [Other: 25.2 ms]
      [Choose CSet: 0.0 ms]
      [Ref Proc: 17.9 ms]
      [Ref Enq: 5.3 ms]
      [Free CSet: 2.0 ms]
   [Eden: 1694.0M(1694.0M)->0.0B(1696.0M) Survivors: 23.0M->22.0M Heap: 3659.2M(4096.0M)->1964.7M(4096.0M)]
 [Times: user=0.21 sys=0.00, real=0.06 secs] 
2016-01-06T00:58:48.146-0800: 164.267: [GC pause (young)
Desired survivor size 112721920 bytes, new threshold 15 (max 15)
- age   1:   20627920 bytes,   20627920 total
- age   2:      36864 bytes,   20664784 total
2016-01-06T00:58:48.210-0800: 164.331: [SoftReference, 0 refs, 0.0004140 secs]2016-01-06T00:58:48.210-0800: 164.331: [WeakReference, 0 refs, 0.0003600 secs]2016-01-06T00:58:48.211-0800: 164.332: [FinalReference, 0 refs, 0.0002220 secs]2016-01-06T00:58:48.211-0800: 164.332: [PhantomReference, 0 refs, 53084 refs, 0.0017780 secs]2016-01-06T00:58:48.213-0800: 164.334: [JNI Weak Reference, 0.0000110 secs], 0.0752110 secs]
   [Parallel Time: 40.5 ms, GC Workers: 4]
      [GC Worker Start (ms): Min: 164266.9, Avg: 164266.9, Max: 164266.9, Diff: 0.0]
      [Ext Root Scanning (ms): Min: 0.4, Avg: 1.2, Max: 3.5, Diff: 3.1, Sum: 4.7]
      [SATB Filtering (ms): Min: 0.0, Avg: 0.0, Max: 0.0, Diff: 0.0, Sum: 0.0]
      [Update RS (ms): Min: 26.2, Avg: 28.2, Max: 29.5, Diff: 3.3, Sum: 112.8]
         [Processed Buffers: Min: 34, Avg: 39.8, Max: 45, Diff: 11, Sum: 159]
      [Scan RS (ms): Min: 0.3, Avg: 0.7, Max: 1.1, Diff: 0.8, Sum: 2.9]
      [Code Root Scanning (ms): Min: 0.0, Avg: 0.1, Max: 0.2, Diff: 0.1, Sum: 0.4]
      [Object Copy (ms): Min: 10.1, Avg: 10.1, Max: 10.2, Diff: 0.1, Sum: 40.5]
      [Termination (ms): Min: 0.0, Avg: 0.0, Max: 0.0, Diff: 0.0, Sum: 0.0]
      [GC Worker Other (ms): Min: 0.0, Avg: 0.1, Max: 0.1, Diff: 0.1, Sum: 0.2]
      [GC Worker Total (ms): Min: 40.4, Avg: 40.4, Max: 40.4, Diff: 0.0, Sum: 161.5]
      [GC Worker End (ms): Min: 164307.2, Avg: 164307.3, Max: 164307.3, Diff: 0.1]
   [Code Root Fixup: 0.0 ms]
   [Code Root Migration: 0.3 ms]
   [Clear CT: 0.5 ms]
   [Other: 33.9 ms]
      [Choose CSet: 0.0 ms]
      [Ref Proc: 26.3 ms]
      [Ref Enq: 3.8 ms]
      [Free CSet: 3.6 ms]
   [Eden: 1696.0M(1696.0M)->0.0B(1697.0M) Survivors: 22.0M->22.0M Heap: 3660.7M(4096.0M)->1964.7M(4096.0M)]
 [Times: user=0.26 sys=0.00, real=0.07 secs] 
2016-01-06T00:58:48.484-0800: 164.605: [GC pause (young)
Desired survivor size 112721920 bytes, new threshold 15 (max 15)
- age   1:   20632384 bytes,   20632384 total
- age   2:      36864 bytes,   20669248 total
2016-01-06T00:58:48.560-0800: 164.681: [SoftReference, 0 refs, 0.0004190 secs]2016-01-06T00:58:48.560-0800: 164.681: [WeakReference, 0 refs, 0.0002470 secs]2016-01-06T00:58:48.560-0800: 164.681: [FinalReference, 0 refs, 0.0002460 secs]2016-01-06T00:58:48.561-0800: 164.682: [PhantomReference, 0 refs, 53117 refs, 0.0016280 secs]2016-01-06T00:58:48.562-0800: 164.683: [JNI Weak Reference, 0.0000090 secs], 0.0866250 secs]
   [Parallel Time: 41.2 ms, GC Workers: 4]
      [GC Worker Start (ms): Min: 164604.7, Avg: 164604.8, Max: 164604.8, Diff: 0.1]
      [Ext Root Scanning (ms): Min: 0.3, Avg: 0.3, Max: 0.4, Diff: 0.1, Sum: 1.4]
      [SATB Filtering (ms): Min: 0.0, Avg: 0.0, Max: 0.0, Diff: 0.0, Sum: 0.0]
      [Update RS (ms): Min: 17.8, Avg: 18.1, Max: 18.2, Diff: 0.4, Sum: 72.4]
         [Processed Buffers: Min: 26, Avg: 26.5, Max: 28, Diff: 2, Sum: 106]
      [Scan RS (ms): Min: 0.6, Avg: 0.8, Max: 1.0, Diff: 0.3, Sum: 3.1]
      [Code Root Scanning (ms): Min: 0.1, Avg: 0.1, Max: 0.1, Diff: 0.1, Sum: 0.4]
      [Object Copy (ms): Min: 10.8, Avg: 13.5, Max: 21.7, Diff: 10.9, Sum: 54.0]
      [Termination (ms): Min: 0.0, Avg: 8.2, Max: 10.9, Diff: 10.9, Sum: 32.6]
      [GC Worker Other (ms): Min: 0.0, Avg: 0.0, Max: 0.1, Diff: 0.1, Sum: 0.1]
      [GC Worker Total (ms): Min: 41.0, Avg: 41.0, Max: 41.0, Diff: 0.0, Sum: 164.1]
      [GC Worker End (ms): Min: 164645.8, Avg: 164645.8, Max: 164645.8, Diff: 0.0]
   [Code Root Fixup: 0.0 ms]
   [Code Root Migration: 0.3 ms]
   [Clear CT: 0.5 ms]
   [Other: 44.7 ms]
      [Choose CSet: 0.0 ms]
      [Ref Proc: 37.3 ms]
      [Ref Enq: 5.4 ms]
      [Free CSet: 2.0 ms]
   [Eden: 1697.0M(1697.0M)->0.0B(1697.0M) Survivors: 22.0M->22.0M Heap: 3661.7M(4096.0M)->1964.7M(4096.0M)]
 [Times: user=0.30 sys=0.00, real=0.09 secs] 
2016-01-06T00:58:48.829-0800: 164.950: [GC pause (young)
Desired survivor size 112721920 bytes, new threshold 15 (max 15)
- age   1:   20634616 bytes,   20634616 total
- age   2:      36864 bytes,   20671480 total
2016-01-06T00:58:48.917-0800: 165.038: [SoftReference, 0 refs, 0.0005170 secs]2016-01-06T00:58:48.917-0800: 165.038: [WeakReference, 0 refs, 0.0002500 secs]2016-01-06T00:58:48.918-0800: 165.039: [FinalReference, 0 refs, 0.0003010 secs]2016-01-06T00:58:48.918-0800: 165.039: [PhantomReference, 0 refs, 53116 refs, 0.0016460 secs]2016-01-06T00:58:48.920-0800: 165.041: [JNI Weak Reference, 0.0000090 secs], 0.0991040 secs]
   [Parallel Time: 39.6 ms, GC Workers: 4]
      [GC Worker Start (ms): Min: 164949.6, Avg: 164949.7, Max: 164949.9, Diff: 0.3]
      [Ext Root Scanning (ms): Min: 0.2, Avg: 1.3, Max: 4.3, Diff: 4.1, Sum: 5.4]
      [SATB Filtering (ms): Min: 0.0, Avg: 0.0, Max: 0.0, Diff: 0.0, Sum: 0.0]
      [Update RS (ms): Min: 23.5, Avg: 26.4, Max: 27.7, Diff: 4.2, Sum: 105.8]
         [Processed Buffers: Min: 28, Avg: 34.8, Max: 40, Diff: 12, Sum: 139]
      [Scan RS (ms): Min: 0.5, Avg: 0.8, Max: 0.9, Diff: 0.4, Sum: 3.2]
      [Code Root Scanning (ms): Min: 0.1, Avg: 0.1, Max: 0.1, Diff: 0.0, Sum: 0.4]
      [Object Copy (ms): Min: 10.6, Avg: 10.6, Max: 10.6, Diff: 0.1, Sum: 42.4]
      [Termination (ms): Min: 0.0, Avg: 0.0, Max: 0.0, Diff: 0.0, Sum: 0.0]
      [GC Worker Other (ms): Min: 0.0, Avg: 0.1, Max: 0.1, Diff: 0.1, Sum: 0.2]
      [GC Worker Total (ms): Min: 39.2, Avg: 39.3, Max: 39.5, Diff: 0.3, Sum: 157.4]
      [GC Worker End (ms): Min: 164989.1, Avg: 164989.1, Max: 164989.1, Diff: 0.1]
   [Code Root Fixup: 0.0 ms]
   [Code Root Migration: 0.3 ms]
   [Clear CT: 0.4 ms]
   [Other: 58.9 ms]
      [Choose CSet: 0.0 ms]
      [Ref Proc: 51.4 ms]
      [Ref Enq: 5.3 ms]
      [Free CSet: 2.1 ms]
   [Eden: 1697.0M(1697.0M)->0.0B(1697.0M) Survivors: 22.0M->22.0M Heap: 3661.7M(4096.0M)->1964.7M(4096.0M)]
 [Times: user=0.36 sys=0.01, real=0.10 secs] 
2016-01-06T00:58:49.188-0800: 165.309: [GC pause (young)
Desired survivor size 112721920 bytes, new threshold 15 (max 15)
- age   1:   20634616 bytes,   20634616 total
- age   2:      36864 bytes,   20671480 total
2016-01-06T00:58:49.274-0800: 165.395: [SoftReference, 0 refs, 0.0008660 secs]2016-01-06T00:58:49.275-0800: 165.396: [WeakReference, 0 refs, 0.0003620 secs]2016-01-06T00:58:49.276-0800: 165.397: [FinalReference, 0 refs, 0.0002460 secs]2016-01-06T00:58:49.276-0800: 165.397: [PhantomReference, 0 refs, 53117 refs, 0.0013760 secs]2016-01-06T00:58:49.277-0800: 165.398: [JNI Weak Reference, 0.0000090 secs], 0.0969220 secs]
   [Parallel Time: 28.9 ms, GC Workers: 4]
      [GC Worker Start (ms): Min: 165309.3, Avg: 165309.3, Max: 165309.4, Diff: 0.1]
      [Ext Root Scanning (ms): Min: 0.3, Avg: 0.5, Max: 0.6, Diff: 0.3, Sum: 1.9]
      [SATB Filtering (ms): Min: 0.0, Avg: 0.0, Max: 0.0, Diff: 0.0, Sum: 0.0]
      [Update RS (ms): Min: 17.3, Avg: 17.6, Max: 17.9, Diff: 0.7, Sum: 70.3]
         [Processed Buffers: Min: 21, Avg: 24.2, Max: 27, Diff: 6, Sum: 97]
      [Scan RS (ms): Min: 0.6, Avg: 0.8, Max: 1.0, Diff: 0.4, Sum: 3.2]
      [Code Root Scanning (ms): Min: 0.1, Avg: 0.1, Max: 0.1, Diff: 0.1, Sum: 0.3]
      [Object Copy (ms): Min: 9.7, Avg: 9.8, Max: 9.8, Diff: 0.1, Sum: 39.1]
      [Termination (ms): Min: 0.0, Avg: 0.0, Max: 0.0, Diff: 0.0, Sum: 0.0]
      [GC Worker Other (ms): Min: 0.0, Avg: 0.1, Max: 0.1, Diff: 0.0, Sum: 0.2]
      [GC Worker Total (ms): Min: 28.7, Avg: 28.7, Max: 28.8, Diff: 0.0, Sum: 115.0]
      [GC Worker End (ms): Min: 165338.0, Avg: 165338.1, Max: 165338.1, Diff: 0.1]
   [Code Root Fixup: 0.0 ms]
   [Code Root Migration: 0.3 ms]
   [Clear CT: 0.5 ms]
   [Other: 67.3 ms]
      [Choose CSet: 0.0 ms]
      [Ref Proc: 60.0 ms]
      [Ref Enq: 5.2 ms]
      [Free CSet: 2.0 ms]
   [Eden: 1697.0M(1697.0M)->0.0B(1714.0M) Survivors: 22.0M->7168.0K Heap: 3661.7M(4096.0M)->1949.7M(4096.0M)]
 [Times: user=0.37 sys=0.00, real=0.10 secs] 
2016-01-06T00:58:49.548-0800: 165.669: [GC pause (young)
Desired survivor size 113246208 bytes, new threshold 15 (max 15)
- age   1:    6024376 bytes,    6024376 total
- age   2:      36864 bytes,    6061240 total
2016-01-06T00:58:49.659-0800: 165.780: [SoftReference, 0 refs, 0.0004420 secs]2016-01-06T00:58:49.660-0800: 165.781: [WeakReference, 0 refs, 0.0002670 secs]2016-01-06T00:58:49.660-0800: 165.781: [FinalReference, 0 refs, 0.0002700 secs]2016-01-06T00:58:49.661-0800: 165.781: [PhantomReference, 0 refs, 53644 refs, 0.0013590 secs]2016-01-06T00:58:49.662-0800: 165.783: [JNI Weak Reference, 0.0000140 secs], 0.1218230 secs]
   [Parallel Time: 43.4 ms, GC Workers: 4]
      [GC Worker Start (ms): Min: 165669.0, Avg: 165670.2, Max: 165673.6, Diff: 4.5]
      [Ext Root Scanning (ms): Min: 0.0, Avg: 0.3, Max: 0.5, Diff: 0.5, Sum: 1.4]
      [SATB Filtering (ms): Min: 0.0, Avg: 0.0, Max: 0.0, Diff: 0.0, Sum: 0.0]
      [Update RS (ms): Min: 22.5, Avg: 25.3, Max: 26.3, Diff: 3.8, Sum: 101.1]
         [Processed Buffers: Min: 33, Avg: 37.0, Max: 40, Diff: 7, Sum: 148]
      [Scan RS (ms): Min: 0.6, Avg: 0.7, Max: 0.8, Diff: 0.2, Sum: 3.0]
      [Code Root Scanning (ms): Min: 0.1, Avg: 0.1, Max: 0.1, Diff: 0.0, Sum: 0.4]
      [Object Copy (ms): Min: 11.2, Avg: 12.4, Max: 15.7, Diff: 4.4, Sum: 49.5]
      [Termination (ms): Min: 0.0, Avg: 3.3, Max: 4.4, Diff: 4.4, Sum: 13.2]
      [GC Worker Other (ms): Min: 0.0, Avg: 0.0, Max: 0.1, Diff: 0.0, Sum: 0.1]
      [GC Worker Total (ms): Min: 38.8, Avg: 42.2, Max: 43.3, Diff: 4.5, Sum: 168.7]
      [GC Worker End (ms): Min: 165712.3, Avg: 165712.3, Max: 165712.4, Diff: 0.0]
   [Code Root Fixup: 0.0 ms]
   [Code Root Migration: 0.3 ms]
   [Clear CT: 0.4 ms]
   [Other: 77.8 ms]
      [Choose CSet: 0.0 ms]
      [Ref Proc: 70.4 ms]
      [Ref Enq: 5.4 ms]
      [Free CSet: 1.9 ms]
   [Eden: 1714.0M(1714.0M)->0.0B(1698.0M) Survivors: 7168.0K->22.0M Heap: 3663.7M(4096.0M)->1964.2M(4096.0M)]
 [Times: user=0.46 sys=0.00, real=0.12 secs] 
2016-01-06T00:58:49.926-0800: 166.047: [GC pause (young)
Desired survivor size 112721920 bytes, new threshold 15 (max 15)
- age   1:   20672560 bytes,   20672560 total
- age   2:      36864 bytes,   20709424 total
2016-01-06T00:58:50.050-0800: 166.171: [SoftReference, 0 refs, 0.0004970 secs]2016-01-06T00:58:50.051-0800: 166.172: [WeakReference, 0 refs, 0.0002610 secs]2016-01-06T00:58:50.051-0800: 166.172: [FinalReference, 0 refs, 0.0002570 secs]2016-01-06T00:58:50.051-0800: 166.172: [PhantomReference, 0 refs, 53149 refs, 0.0013250 secs]2016-01-06T00:58:50.053-0800: 166.173: [JNI Weak Reference, 0.0000080 secs], 0.1348750 secs]
   [Parallel Time: 39.7 ms, GC Workers: 4]
      [GC Worker Start (ms): Min: 166046.7, Avg: 166046.7, Max: 166046.7, Diff: 0.1]
      [Ext Root Scanning (ms): Min: 0.3, Avg: 0.4, Max: 0.4, Diff: 0.1, Sum: 1.4]
      [SATB Filtering (ms): Min: 0.0, Avg: 0.0, Max: 0.0, Diff: 0.0, Sum: 0.0]
      [Update RS (ms): Min: 27.5, Avg: 27.6, Max: 27.7, Diff: 0.3, Sum: 110.5]
         [Processed Buffers: Min: 35, Avg: 38.8, Max: 42, Diff: 7, Sum: 155]
      [Scan RS (ms): Min: 0.8, Avg: 0.8, Max: 1.0, Diff: 0.2, Sum: 3.3]
      [Code Root Scanning (ms): Min: 0.1, Avg: 0.1, Max: 0.1, Diff: 0.0, Sum: 0.4]
      [Object Copy (ms): Min: 10.5, Avg: 10.6, Max: 10.6, Diff: 0.1, Sum: 42.4]
      [Termination (ms): Min: 0.0, Avg: 0.0, Max: 0.0, Diff: 0.0, Sum: 0.0]
      [GC Worker Other (ms): Min: 0.0, Avg: 0.1, Max: 0.1, Diff: 0.0, Sum: 0.2]
      [GC Worker Total (ms): Min: 39.5, Avg: 39.6, Max: 39.6, Diff: 0.1, Sum: 158.2]
      [GC Worker End (ms): Min: 166086.2, Avg: 166086.2, Max: 166086.3, Diff: 0.0]
   [Code Root Fixup: 0.0 ms]
   [Code Root Migration: 0.3 ms]
   [Clear CT: 0.4 ms]
   [Other: 94.5 ms]
      [Choose CSet: 0.0 ms]
      [Ref Proc: 87.2 ms]
      [Ref Enq: 5.3 ms]
      [Free CSet: 2.0 ms]
   [Eden: 1698.0M(1698.0M)->0.0B(1698.0M) Survivors: 22.0M->22.0M Heap: 3662.2M(4096.0M)->1964.7M(4096.0M)]
 [Times: user=0.51 sys=0.01, real=0.13 secs] 
2016-01-06T00:58:50.315-0800: 166.436: [GC pause (young)
Desired survivor size 112721920 bytes, new threshold 15 (max 15)
- age   1:   20636848 bytes,   20636848 total
- age   2:      36864 bytes,   20673712 total
2016-01-06T00:58:50.449-0800: 166.570: [SoftReference, 0 refs, 0.0004330 secs]2016-01-06T00:58:50.449-0800: 166.570: [WeakReference, 0 refs, 0.0003250 secs]2016-01-06T00:58:50.449-0800: 166.570: [FinalReference, 0 refs, 0.0002500 secs]2016-01-06T00:58:50.450-0800: 166.571: [PhantomReference, 0 refs, 53148 refs, 0.0013640 secs]2016-01-06T00:58:50.451-0800: 166.572: [JNI Weak Reference, 0.0000080 secs], 0.1438830 secs]
   [Parallel Time: 33.5 ms, GC Workers: 4]
      [GC Worker Start (ms): Min: 166436.3, Avg: 166436.3, Max: 166436.3, Diff: 0.1]
      [Ext Root Scanning (ms): Min: 0.3, Avg: 0.4, Max: 0.4, Diff: 0.1, Sum: 1.4]
      [SATB Filtering (ms): Min: 0.0, Avg: 0.0, Max: 0.0, Diff: 0.0, Sum: 0.0]
      [Update RS (ms): Min: 20.9, Avg: 21.3, Max: 21.6, Diff: 0.6, Sum: 85.3]
         [Processed Buffers: Min: 29, Avg: 30.2, Max: 32, Diff: 3, Sum: 121]
      [Scan RS (ms): Min: 0.6, Avg: 0.8, Max: 1.2, Diff: 0.6, Sum: 3.2]
      [Code Root Scanning (ms): Min: 0.1, Avg: 0.1, Max: 0.1, Diff: 0.1, Sum: 0.3]
      [Object Copy (ms): Min: 10.7, Avg: 10.8, Max: 10.8, Diff: 0.1, Sum: 43.1]
      [Termination (ms): Min: 0.0, Avg: 0.0, Max: 0.0, Diff: 0.0, Sum: 0.0]
      [GC Worker Other (ms): Min: 0.0, Avg: 0.0, Max: 0.1, Diff: 0.0, Sum: 0.2]
      [GC Worker Total (ms): Min: 33.3, Avg: 33.4, Max: 33.4, Diff: 0.1, Sum: 133.4]
      [GC Worker End (ms): Min: 166469.7, Avg: 166469.7, Max: 166469.7, Diff: 0.0]
   [Code Root Fixup: 0.0 ms]
   [Code Root Migration: 0.3 ms]
   [Clear CT: 0.5 ms]
   [Other: 109.7 ms]
      [Choose CSet: 0.0 ms]
      [Ref Proc: 102.2 ms]
      [Ref Enq: 5.3 ms]
      [Free CSet: 2.0 ms]
   [Eden: 1698.0M(1698.0M)->0.0B(1697.0M) Survivors: 22.0M->22.0M Heap: 3662.7M(4096.0M)->1964.7M(4096.0M)]
 [Times: user=0.56 sys=0.00, real=0.15 secs] 
2016-01-06T00:58:50.716-0800: 166.837: [GC pause (young)
Desired survivor size 112721920 bytes, new threshold 15 (max 15)
- age   1:   20636848 bytes,   20636848 total
- age   2:      36864 bytes,   20673712 total
2016-01-06T00:58:50.863-0800: 166.984: [SoftReference, 0 refs, 0.0006740 secs]2016-01-06T00:58:50.863-0800: 166.984: [WeakReference, 0 refs, 0.0005330 secs]2016-01-06T00:58:50.864-0800: 166.985: [FinalReference, 0 refs, 0.0003710 secs]2016-01-06T00:58:50.864-0800: 166.985: [PhantomReference, 0 refs, 53116 refs, 0.0020650 secs]2016-01-06T00:58:50.866-0800: 166.987: [JNI Weak Reference, 0.0000090 secs], 0.1565750 secs]
   [Parallel Time: 30.0 ms, GC Workers: 4]
      [GC Worker Start (ms): Min: 166836.7, Avg: 166837.0, Max: 166837.9, Diff: 1.2]
      [Ext Root Scanning (ms): Min: 0.0, Avg: 0.3, Max: 0.5, Diff: 0.5, Sum: 1.3]
      [SATB Filtering (ms): Min: 0.0, Avg: 0.0, Max: 0.0, Diff: 0.0, Sum: 0.0]
      [Update RS (ms): Min: 18.0, Avg: 18.5, Max: 18.8, Diff: 0.8, Sum: 74.0]
         [Processed Buffers: Min: 26, Avg: 27.2, Max: 28, Diff: 2, Sum: 109]
      [Scan RS (ms): Min: 0.7, Avg: 0.8, Max: 1.0, Diff: 0.3, Sum: 3.2]
      [Code Root Scanning (ms): Min: 0.1, Avg: 0.1, Max: 0.1, Diff: 0.0, Sum: 0.3]
      [Object Copy (ms): Min: 9.8, Avg: 9.9, Max: 9.9, Diff: 0.1, Sum: 39.4]
      [Termination (ms): Min: 0.0, Avg: 0.0, Max: 0.0, Diff: 0.0, Sum: 0.0]
      [GC Worker Other (ms): Min: 0.0, Avg: 0.1, Max: 0.1, Diff: 0.1, Sum: 0.2]
      [GC Worker Total (ms): Min: 28.7, Avg: 29.6, Max: 29.9, Diff: 1.2, Sum: 118.5]
      [GC Worker End (ms): Min: 166866.6, Avg: 166866.6, Max: 166866.7, Diff: 0.1]
   [Code Root Fixup: 0.0 ms]
   [Code Root Migration: 0.3 ms]
   [Clear CT: 0.5 ms]
   [Other: 125.8 ms]
      [Choose CSet: 0.0 ms]
      [Ref Proc: 120.6 ms]
      [Ref Enq: 3.1 ms]
      [Free CSet: 2.0 ms]
   [Eden: 1697.0M(1697.0M)->0.0B(1697.0M) Survivors: 22.0M->22.0M Heap: 3661.7M(4096.0M)->1964.2M(4096.0M)]
 [Times: user=0.56 sys=0.00, real=0.16 secs] 
2016-01-06T00:58:51.113-0800: 167.234: [GC pause (young)
Desired survivor size 112721920 bytes, new threshold 15 (max 15)
- age   1:   20634616 bytes,   20634616 total
- age   2:      36864 bytes,   20671480 total
2016-01-06T00:58:51.282-0800: 167.403: [SoftReference, 0 refs, 0.0004880 secs]2016-01-06T00:58:51.283-0800: 167.404: [WeakReference, 0 refs, 0.0003780 secs]2016-01-06T00:58:51.283-0800: 167.404: [FinalReference, 0 refs, 0.0002420 secs]2016-01-06T00:58:51.283-0800: 167.404: [PhantomReference, 0 refs, 53117 refs, 0.0013240 secs]2016-01-06T00:58:51.285-0800: 167.406: [JNI Weak Reference, 0.0000130 secs], 0.1798960 secs]
   [Parallel Time: 32.2 ms, GC Workers: 4]
      [GC Worker Start (ms): Min: 167233.8, Avg: 167234.6, Max: 167236.9, Diff: 3.1]
      [Ext Root Scanning (ms): Min: 0.0, Avg: 0.3, Max: 0.5, Diff: 0.5, Sum: 1.3]
      [SATB Filtering (ms): Min: 0.0, Avg: 0.0, Max: 0.0, Diff: 0.0, Sum: 0.0]
      [Update RS (ms): Min: 17.3, Avg: 19.1, Max: 19.7, Diff: 2.5, Sum: 76.3]
         [Processed Buffers: Min: 26, Avg: 27.0, Max: 28, Diff: 2, Sum: 108]
      [Scan RS (ms): Min: 0.7, Avg: 0.8, Max: 0.9, Diff: 0.3, Sum: 3.2]
      [Code Root Scanning (ms): Min: 0.1, Avg: 0.1, Max: 0.1, Diff: 0.0, Sum: 0.3]
      [Object Copy (ms): Min: 10.9, Avg: 11.0, Max: 11.0, Diff: 0.1, Sum: 43.9]
      [Termination (ms): Min: 0.0, Avg: 0.0, Max: 0.0, Diff: 0.0, Sum: 0.0]
      [GC Worker Other (ms): Min: 0.0, Avg: 0.1, Max: 0.1, Diff: 0.1, Sum: 0.3]
      [GC Worker Total (ms): Min: 29.0, Avg: 31.3, Max: 32.1, Diff: 3.1, Sum: 125.3]
      [GC Worker End (ms): Min: 167265.9, Avg: 167265.9, Max: 167266.0, Diff: 0.1]
   [Code Root Fixup: 0.0 ms]
   [Code Root Migration: 0.3 ms]
   [Clear CT: 0.4 ms]
   [Other: 147.0 ms]
      [Choose CSet: 0.0 ms]
      [Ref Proc: 139.5 ms]
      [Ref Enq: 5.3 ms]
      [Free CSet: 2.1 ms]
   [Eden: 1697.0M(1697.0M)->0.0B(1697.0M) Survivors: 22.0M->22.0M Heap: 3661.2M(4096.0M)->1964.7M(4096.0M)]
 [Times: user=0.68 sys=0.00, real=0.18 secs] 
2016-01-06T00:58:51.543-0800: 167.664: [GC pause (young)
Desired survivor size 112721920 bytes, new threshold 15 (max 15)
- age   1:   20634616 bytes,   20634616 total
- age   2:      36864 bytes,   20671480 total
2016-01-06T00:58:51.726-0800: 167.847: [SoftReference, 0 refs, 0.0005030 secs]2016-01-06T00:58:51.727-0800: 167.848: [WeakReference, 0 refs, 0.0002210 secs]2016-01-06T00:58:51.727-0800: 167.848: [FinalReference, 0 refs, 0.0002050 secs]2016-01-06T00:58:51.727-0800: 167.848: [PhantomReference, 0 refs, 53117 refs, 0.0016640 secs]2016-01-06T00:58:51.729-0800: 167.850: [JNI Weak Reference, 0.0000160 secs], 0.1923530 secs]
   [Parallel Time: 28.8 ms, GC Workers: 4]
      [GC Worker Start (ms): Min: 167664.2, Avg: 167664.2, Max: 167664.3, Diff: 0.1]
      [Ext Root Scanning (ms): Min: 0.3, Avg: 0.4, Max: 0.4, Diff: 0.2, Sum: 1.4]
      [SATB Filtering (ms): Min: 0.0, Avg: 0.0, Max: 0.0, Diff: 0.0, Sum: 0.0]
      [Update RS (ms): Min: 16.9, Avg: 17.1, Max: 17.3, Diff: 0.4, Sum: 68.2]
         [Processed Buffers: Min: 24, Avg: 24.5, Max: 26, Diff: 2, Sum: 98]
      [Scan RS (ms): Min: 0.6, Avg: 0.8, Max: 0.9, Diff: 0.4, Sum: 3.3]
      [Code Root Scanning (ms): Min: 0.1, Avg: 0.1, Max: 0.1, Diff: 0.0, Sum: 0.3]
      [Object Copy (ms): Min: 10.3, Avg: 10.3, Max: 10.3, Diff: 0.1, Sum: 41.1]
      [Termination (ms): Min: 0.0, Avg: 0.0, Max: 0.0, Diff: 0.0, Sum: 0.0]
      [GC Worker Other (ms): Min: 0.0, Avg: 0.1, Max: 0.1, Diff: 0.1, Sum: 0.2]
      [GC Worker Total (ms): Min: 28.6, Avg: 28.7, Max: 28.7, Diff: 0.1, Sum: 114.6]
      [GC Worker End (ms): Min: 167692.9, Avg: 167692.9, Max: 167692.9, Diff: 0.1]
   [Code Root Fixup: 0.0 ms]
   [Code Root Migration: 0.3 ms]
   [Clear CT: 0.4 ms]
   [Other: 162.9 ms]
      [Choose CSet: 0.0 ms]
      [Ref Proc: 156.7 ms]
      [Ref Enq: 4.1 ms]
      [Free CSet: 2.0 ms]
   [Eden: 1697.0M(1697.0M)->0.0B(1698.0M) Survivors: 22.0M->22.0M Heap: 3661.7M(4096.0M)->1964.7M(4096.0M)]
 [Times: user=0.72 sys=0.00, real=0.19 secs] 
2016-01-06T00:58:51.983-0800: 168.104: [GC pause (young)
Desired survivor size 112721920 bytes, new threshold 15 (max 15)
- age   1:   20634616 bytes,   20634616 total
- age   2:      36864 bytes,   20671480 total
2016-01-06T00:58:52.170-0800: 168.291: [SoftReference, 0 refs, 0.0005030 secs]2016-01-06T00:58:52.170-0800: 168.291: [WeakReference, 0 refs, 0.0002420 secs]2016-01-06T00:58:52.171-0800: 168.291: [FinalReference, 0 refs, 0.0003410 secs]2016-01-06T00:58:52.171-0800: 168.292: [PhantomReference, 0 refs, 53147 refs, 0.0013780 secs]2016-01-06T00:58:52.172-0800: 168.293: [JNI Weak Reference, 0.0000090 secs], 0.1954750 secs]
   [Parallel Time: 34.5 ms, GC Workers: 4]
      [GC Worker Start (ms): Min: 168104.4, Avg: 168104.8, Max: 168105.9, Diff: 1.5]
      [Ext Root Scanning (ms): Min: 0.0, Avg: 0.3, Max: 0.4, Diff: 0.4, Sum: 1.2]
      [SATB Filtering (ms): Min: 0.0, Avg: 0.0, Max: 0.0, Diff: 0.0, Sum: 0.0]
      [Update RS (ms): Min: 21.6, Avg: 22.3, Max: 22.6, Diff: 1.1, Sum: 89.3]
         [Processed Buffers: Min: 32, Avg: 34.2, Max: 36, Diff: 4, Sum: 137]
      [Scan RS (ms): Min: 0.7, Avg: 0.7, Max: 0.8, Diff: 0.1, Sum: 3.0]
      [Code Root Scanning (ms): Min: 0.1, Avg: 0.1, Max: 0.1, Diff: 0.0, Sum: 0.4]
      [Object Copy (ms): Min: 10.5, Avg: 10.5, Max: 10.5, Diff: 0.1, Sum: 42.0]
      [Termination (ms): Min: 0.0, Avg: 0.0, Max: 0.0, Diff: 0.0, Sum: 0.0]
      [GC Worker Other (ms): Min: 0.0, Avg: 0.1, Max: 0.1, Diff: 0.1, Sum: 0.2]
      [GC Worker Total (ms): Min: 33.0, Avg: 34.1, Max: 34.5, Diff: 1.5, Sum: 136.2]
      [GC Worker End (ms): Min: 168138.8, Avg: 168138.9, Max: 168138.9, Diff: 0.1]
   [Code Root Fixup: 0.0 ms]
   [Code Root Migration: 0.3 ms]
   [Clear CT: 0.5 ms]
   [Other: 160.2 ms]
      [Choose CSet: 0.0 ms]
      [Ref Proc: 154.2 ms]
      [Ref Enq: 3.9 ms]
      [Free CSet: 2.0 ms]
   [Eden: 1698.0M(1698.0M)->0.0B(1706.0M) Survivors: 22.0M->15.0M Heap: 3662.7M(4096.0M)->1957.2M(4096.0M)]
 [Times: user=0.75 sys=0.00, real=0.20 secs] 
2016-01-06T00:58:52.421-0800: 168.542: [GC pause (young)
Desired survivor size 113246208 bytes, new threshold 15 (max 15)
- age   1:   13545136 bytes,   13545136 total
- age   2:      36864 bytes,   13582000 total
2016-01-06T00:58:52.588-0800: 168.708: [SoftReference, 0 refs, 0.0004240 secs]2016-01-06T00:58:52.588-0800: 168.709: [WeakReference, 0 refs, 0.0002580 secs]2016-01-06T00:58:52.588-0800: 168.709: [FinalReference, 0 refs, 0.0003400 secs]2016-01-06T00:58:52.589-0800: 168.709: [PhantomReference, 0 refs, 53396 refs, 0.0016490 secs]2016-01-06T00:58:52.590-0800: 168.711: [JNI Weak Reference, 0.0000090 secs], 0.1784080 secs]
   [Parallel Time: 12.4 ms, GC Workers: 4]
      [GC Worker Start (ms): Min: 168542.2, Avg: 168542.3, Max: 168542.3, Diff: 0.1]
      [Ext Root Scanning (ms): Min: 0.3, Avg: 0.4, Max: 0.5, Diff: 0.1, Sum: 1.5]
      [SATB Filtering (ms): Min: 0.0, Avg: 0.0, Max: 0.0, Diff: 0.0, Sum: 0.0]
      [Update RS (ms): Min: 0.0, Avg: 0.1, Max: 0.3, Diff: 0.3, Sum: 0.3]
         [Processed Buffers: Min: 0, Avg: 1.2, Max: 3, Diff: 3, Sum: 5]
      [Scan RS (ms): Min: 0.6, Avg: 0.8, Max: 0.9, Diff: 0.3, Sum: 3.1]
      [Code Root Scanning (ms): Min: 0.1, Avg: 0.1, Max: 0.1, Diff: 0.0, Sum: 0.4]
      [Object Copy (ms): Min: 10.9, Avg: 10.9, Max: 11.0, Diff: 0.1, Sum: 43.7]
      [Termination (ms): Min: 0.0, Avg: 0.0, Max: 0.0, Diff: 0.0, Sum: 0.0]
      [GC Worker Other (ms): Min: 0.0, Avg: 0.1, Max: 0.1, Diff: 0.1, Sum: 0.2]
      [GC Worker Total (ms): Min: 12.2, Avg: 12.3, Max: 12.3, Diff: 0.1, Sum: 49.1]
      [GC Worker End (ms): Min: 168554.5, Avg: 168554.5, Max: 168554.6, Diff: 0.1]
   [Code Root Fixup: 0.0 ms]
   [Code Root Migration: 0.3 ms]
   [Clear CT: 0.5 ms]
   [Other: 165.3 ms]
      [Choose CSet: 0.0 ms]
      [Ref Proc: 156.5 ms]
      [Ref Enq: 6.6 ms]
      [Free CSet: 2.1 ms]
   [Eden: 1706.0M(1706.0M)->0.0B(1698.0M) Survivors: 15.0M->22.0M Heap: 3663.2M(4096.0M)->1964.7M(4096.0M)]
 [Times: user=0.67 sys=0.01, real=0.18 secs] 
2016-01-06T00:58:52.860-0800: 168.981: [GC pause (young)
Desired survivor size 112721920 bytes, new threshold 15 (max 15)
- age   1:   20654704 bytes,   20654704 total
- age   2:      36864 bytes,   20691568 total
2016-01-06T00:58:53.029-0800: 169.150: [SoftReference, 0 refs, 0.0004430 secs]2016-01-06T00:58:53.030-0800: 169.150: [WeakReference, 0 refs, 0.0002390 secs]2016-01-06T00:58:53.030-0800: 169.151: [FinalReference, 0 refs, 0.0002570 secs]2016-01-06T00:58:53.030-0800: 169.151: [PhantomReference, 0 refs, 53148 refs, 0.0013490 secs]2016-01-06T00:58:53.031-0800: 169.152: [JNI Weak Reference, 0.0000110 secs], 0.1781130 secs]
   [Parallel Time: 12.5 ms, GC Workers: 4]
      [GC Worker Start (ms): Min: 168981.3, Avg: 168981.5, Max: 168981.9, Diff: 0.6]
      [Ext Root Scanning (ms): Min: 0.0, Avg: 0.3, Max: 0.5, Diff: 0.5, Sum: 1.3]
      [SATB Filtering (ms): Min: 0.0, Avg: 0.0, Max: 0.0, Diff: 0.0, Sum: 0.0]
      [Update RS (ms): Min: 0.0, Avg: 0.1, Max: 0.2, Diff: 0.2, Sum: 0.2]
         [Processed Buffers: Min: 0, Avg: 1.2, Max: 4, Diff: 4, Sum: 5]
      [Scan RS (ms): Min: 0.3, Avg: 0.8, Max: 1.0, Diff: 0.6, Sum: 3.1]
      [Code Root Scanning (ms): Min: 0.0, Avg: 0.1, Max: 0.1, Diff: 0.1, Sum: 0.3]
      [Object Copy (ms): Min: 10.8, Avg: 11.0, Max: 11.5, Diff: 0.7, Sum: 43.8]
      [Termination (ms): Min: 0.0, Avg: 0.0, Max: 0.0, Diff: 0.0, Sum: 0.0]
      [GC Worker Other (ms): Min: 0.0, Avg: 0.1, Max: 0.1, Diff: 0.1, Sum: 0.3]
      [GC Worker Total (ms): Min: 11.8, Avg: 12.3, Max: 12.4, Diff: 0.6, Sum: 49.0]
      [GC Worker End (ms): Min: 168993.7, Avg: 168993.7, Max: 168993.8, Diff: 0.1]
   [Code Root Fixup: 0.0 ms]
   [Code Root Migration: 0.3 ms]
   [Clear CT: 0.4 ms]
   [Other: 164.9 ms]
      [Choose CSet: 0.0 ms]
      [Ref Proc: 158.6 ms]
      [Ref Enq: 4.3 ms]
      [Free CSet: 2.0 ms]
   [Eden: 1698.0M(1698.0M)->0.0B(1698.0M) Survivors: 22.0M->22.0M Heap: 3662.7M(4096.0M)->1964.7M(4096.0M)]
 [Times: user=0.64 sys=0.00, real=0.18 secs] 
2016-01-06T00:58:53.289-0800: 169.410: [GC pause (young)
Desired survivor size 112721920 bytes, new threshold 15 (max 15)
- age   1:   20636848 bytes,   20636848 total
- age   2:      36864 bytes,   20673712 total
2016-01-06T00:58:53.509-0800: 169.630: [SoftReference, 0 refs, 0.0005460 secs]2016-01-06T00:58:53.510-0800: 169.631: [WeakReference, 0 refs, 0.0003230 secs]2016-01-06T00:58:53.510-0800: 169.631: [FinalReference, 0 refs, 0.0003350 secs]2016-01-06T00:58:53.511-0800: 169.632: [PhantomReference, 0 refs, 53148 refs, 0.0018350 secs]2016-01-06T00:58:53.512-0800: 169.633: [JNI Weak Reference, 0.0000140 secs], 0.2313770 secs]
   [Parallel Time: 33.9 ms, GC Workers: 4]
      [GC Worker Start (ms): Min: 169410.0, Avg: 169410.0, Max: 169410.0, Diff: 0.1]
      [Ext Root Scanning (ms): Min: 0.3, Avg: 0.4, Max: 0.4, Diff: 0.1, Sum: 1.4]
      [SATB Filtering (ms): Min: 0.0, Avg: 0.0, Max: 0.0, Diff: 0.0, Sum: 0.0]
      [Update RS (ms): Min: 21.3, Avg: 21.4, Max: 21.5, Diff: 0.1, Sum: 85.6]
         [Processed Buffers: Min: 30, Avg: 31.2, Max: 33, Diff: 3, Sum: 125]
      [Scan RS (ms): Min: 0.7, Avg: 0.8, Max: 0.8, Diff: 0.2, Sum: 3.0]
      [Code Root Scanning (ms): Min: 0.1, Avg: 0.1, Max: 0.1, Diff: 0.0, Sum: 0.4]
      [Object Copy (ms): Min: 10.7, Avg: 10.8, Max: 10.9, Diff: 0.1, Sum: 43.3]
      [Termination (ms): Min: 0.0, Avg: 0.0, Max: 0.0, Diff: 0.0, Sum: 0.0]
      [GC Worker Other (ms): Min: 0.0, Avg: 0.1, Max: 0.1, Diff: 0.1, Sum: 0.2]
      [GC Worker Total (ms): Min: 33.4, Avg: 33.5, Max: 33.5, Diff: 0.1, Sum: 134.0]
      [GC Worker End (ms): Min: 169443.5, Avg: 169443.5, Max: 169443.5, Diff: 0.1]
   [Code Root Fixup: 0.0 ms]
   [Code Root Migration: 0.3 ms]
   [Clear CT: 0.4 ms]
   [Other: 196.9 ms]
      [Choose CSet: 0.0 ms]
      [Ref Proc: 189.6 ms]
      [Ref Enq: 5.2 ms]
      [Free CSet: 2.0 ms]
   [Eden: 1698.0M(1698.0M)->0.0B(182.0M) Survivors: 22.0M->22.0M Heap: 3662.7M(4096.0M)->1964.7M(4096.0M)]
 [Times: user=0.84 sys=0.01, real=0.23 secs] 
2016-01-06T00:58:53.548-0800: 169.669: [GC pause (young)
Desired survivor size 13631488 bytes, new threshold 1 (max 15)
- age   1:   20636848 bytes,   20636848 total
- age   2:      36864 bytes,   20673712 total
2016-01-06T00:58:53.737-0800: 169.858: [SoftReference, 0 refs, 0.0005260 secs]2016-01-06T00:58:53.738-0800: 169.859: [WeakReference, 0 refs, 0.0002520 secs]2016-01-06T00:58:53.738-0800: 169.859: [FinalReference, 0 refs, 0.0002260 secs]2016-01-06T00:58:53.738-0800: 169.859: [PhantomReference, 0 refs, 6152 refs, 0.0006610 secs]2016-01-06T00:58:53.739-0800: 169.860: [JNI Weak Reference, 0.0000090 secs], 0.1922320 secs]
   [Parallel Time: 5.9 ms, GC Workers: 4]
      [GC Worker Start (ms): Min: 169668.7, Avg: 169669.0, Max: 169669.9, Diff: 1.2]
      [Ext Root Scanning (ms): Min: 0.0, Avg: 0.3, Max: 0.5, Diff: 0.5, Sum: 1.2]
      [SATB Filtering (ms): Min: 0.0, Avg: 0.0, Max: 0.0, Diff: 0.0, Sum: 0.0]
      [Update RS (ms): Min: 3.3, Avg: 3.8, Max: 4.2, Diff: 0.9, Sum: 15.0]
         [Processed Buffers: Min: 5, Avg: 6.5, Max: 8, Diff: 3, Sum: 26]
      [Scan RS (ms): Min: 0.0, Avg: 0.1, Max: 0.3, Diff: 0.3, Sum: 0.3]
      [Code Root Scanning (ms): Min: 0.0, Avg: 0.0, Max: 0.0, Diff: 0.0, Sum: 0.0]
      [Object Copy (ms): Min: 1.2, Avg: 1.4, Max: 1.5, Diff: 0.3, Sum: 5.4]
      [Termination (ms): Min: 0.0, Avg: 0.0, Max: 0.0, Diff: 0.0, Sum: 0.0]
      [GC Worker Other (ms): Min: 0.0, Avg: 0.0, Max: 0.0, Diff: 0.0, Sum: 0.1]
      [GC Worker Total (ms): Min: 4.7, Avg: 5.5, Max: 5.8, Diff: 1.2, Sum: 22.1]
      [GC Worker End (ms): Min: 169674.6, Avg: 169674.6, Max: 169674.6, Diff: 0.0]
   [Code Root Fixup: 0.0 ms]
   [Code Root Migration: 0.0 ms]
   [Clear CT: 0.1 ms]
   [Other: 186.2 ms]
      [Choose CSet: 0.0 ms]
      [Ref Proc: 185.2 ms]
      [Ref Enq: 0.6 ms]
      [Free CSet: 0.3 ms]
   [Eden: 182.0M(182.0M)->0.0B(194.0M) Survivors: 22.0M->10.0M Heap: 2146.7M(4096.0M)->1952.8M(4096.0M)]
 [Times: user=0.70 sys=0.01, real=0.19 secs] 
2016-01-06T00:58:53.768-0800: 169.889: [GC pause (young)
Desired survivor size 13631488 bytes, new threshold 15 (max 15)
- age   1:    8979472 bytes,    8979472 total
2016-01-06T00:58:53.923-0800: 170.044: [SoftReference, 0 refs, 0.0004830 secs]2016-01-06T00:58:53.923-0800: 170.044: [WeakReference, 0 refs, 0.0002420 secs]2016-01-06T00:58:53.923-0800: 170.044: [FinalReference, 0 refs, 0.0002400 secs]2016-01-06T00:58:53.924-0800: 170.045: [PhantomReference, 0 refs, 6523 refs, 0.0005530 secs]2016-01-06T00:58:53.924-0800: 170.045: [JNI Weak Reference, 0.0000080 secs], 0.1575800 secs]
   [Parallel Time: 8.3 ms, GC Workers: 4]
      [GC Worker Start (ms): Min: 169888.7, Avg: 169888.7, Max: 169888.7, Diff: 0.1]
      [Ext Root Scanning (ms): Min: 0.3, Avg: 0.4, Max: 0.4, Diff: 0.1, Sum: 1.4]
      [SATB Filtering (ms): Min: 0.0, Avg: 0.0, Max: 0.0, Diff: 0.0, Sum: 0.0]
      [Update RS (ms): Min: 5.1, Avg: 5.3, Max: 5.7, Diff: 0.6, Sum: 21.4]
         [Processed Buffers: Min: 8, Avg: 8.8, Max: 10, Diff: 2, Sum: 35]
      [Scan RS (ms): Min: 0.0, Avg: 0.1, Max: 0.2, Diff: 0.2, Sum: 0.3]
      [Code Root Scanning (ms): Min: 0.0, Avg: 0.0, Max: 0.0, Diff: 0.0, Sum: 0.0]
      [Object Copy (ms): Min: 2.2, Avg: 2.4, Max: 2.5, Diff: 0.4, Sum: 9.6]
      [Termination (ms): Min: 0.0, Avg: 0.0, Max: 0.0, Diff: 0.0, Sum: 0.0]
      [GC Worker Other (ms): Min: 0.0, Avg: 0.0, Max: 0.0, Diff: 0.0, Sum: 0.1]
      [GC Worker Total (ms): Min: 8.2, Avg: 8.2, Max: 8.2, Diff: 0.1, Sum: 32.8]
      [GC Worker End (ms): Min: 169896.9, Avg: 169896.9, Max: 169896.9, Diff: 0.0]
   [Code Root Fixup: 0.0 ms]
   [Code Root Migration: 0.0 ms]
   [Clear CT: 0.1 ms]
   [Other: 149.2 ms]
      [Choose CSet: 0.0 ms]
      [Ref Proc: 148.2 ms]
      [Ref Enq: 0.5 ms]
      [Free CSet: 0.3 ms]
   [Eden: 194.0M(194.0M)->0.0B(1546.0M) Survivors: 10.0M->19.0M Heap: 2146.8M(4096.0M)->1961.3M(4096.0M)]
 [Times: user=0.55 sys=0.00, real=0.16 secs] 
2016-01-06T00:58:54.141-0800: 170.262: [GC pause (young)
Desired survivor size 102760448 bytes, new threshold 15 (max 15)
- age   1:   17279920 bytes,   17279920 total
- age   2:      36864 bytes,   17316784 total
2016-01-06T00:58:54.340-0800: 170.461: [SoftReference, 0 refs, 0.0004390 secs]2016-01-06T00:58:54.341-0800: 170.462: [WeakReference, 0 refs, 0.0003040 secs]2016-01-06T00:58:54.341-0800: 170.462: [FinalReference, 0 refs, 0.0002520 secs]2016-01-06T00:58:54.341-0800: 170.462: [PhantomReference, 0 refs, 48435 refs, 0.0012290 secs]2016-01-06T00:58:54.342-0800: 170.463: [JNI Weak Reference, 0.0000100 secs], 0.2089740 secs]
   [Parallel Time: 30.8 ms, GC Workers: 4]
      [GC Worker Start (ms): Min: 170261.9, Avg: 170262.0, Max: 170262.0, Diff: 0.1]
      [Ext Root Scanning (ms): Min: 0.3, Avg: 0.4, Max: 0.4, Diff: 0.1, Sum: 1.4]
      [SATB Filtering (ms): Min: 0.0, Avg: 0.0, Max: 0.0, Diff: 0.0, Sum: 0.0]
      [Update RS (ms): Min: 19.3, Avg: 19.4, Max: 19.5, Diff: 0.2, Sum: 77.7]
         [Processed Buffers: Min: 27, Avg: 28.2, Max: 31, Diff: 4, Sum: 113]
      [Scan RS (ms): Min: 0.6, Avg: 0.7, Max: 0.8, Diff: 0.1, Sum: 2.8]
      [Code Root Scanning (ms): Min: 0.1, Avg: 0.1, Max: 0.1, Diff: 0.0, Sum: 0.3]
      [Object Copy (ms): Min: 10.0, Avg: 10.1, Max: 10.1, Diff: 0.1, Sum: 40.3]
      [Termination (ms): Min: 0.0, Avg: 0.0, Max: 0.0, Diff: 0.0, Sum: 0.0]
      [GC Worker Other (ms): Min: 0.0, Avg: 0.1, Max: 0.1, Diff: 0.0, Sum: 0.2]
      [GC Worker Total (ms): Min: 30.6, Avg: 30.7, Max: 30.7, Diff: 0.1, Sum: 122.8]
      [GC Worker End (ms): Min: 170292.6, Avg: 170292.7, Max: 170292.7, Diff: 0.0]
   [Code Root Fixup: 0.0 ms]
   [Code Root Migration: 0.2 ms]
   [Clear CT: 0.4 ms]
   [Other: 177.5 ms]
      [Choose CSet: 0.0 ms]
      [Ref Proc: 170.6 ms]
      [Ref Enq: 4.9 ms]
      [Free CSet: 1.9 ms]
   [Eden: 1546.0M(1546.0M)->0.0B(182.0M) Survivors: 19.0M->22.0M Heap: 3507.3M(4096.0M)->1964.3M(4096.0M)]
 [Times: user=0.80 sys=0.01, real=0.21 secs] 
2016-01-06T00:58:54.379-0800: 170.500: [GC pause (young)
Desired survivor size 13631488 bytes, new threshold 1 (max 15)
- age   1:   20297584 bytes,   20297584 total
- age   2:      36864 bytes,   20334448 total
2016-01-06T00:58:54.563-0800: 170.684: [SoftReference, 0 refs, 0.0005900 secs]2016-01-06T00:58:54.564-0800: 170.685: [WeakReference, 0 refs, 0.0002680 secs]2016-01-06T00:58:54.564-0800: 170.685: [FinalReference, 0 refs, 0.0002300 secs]2016-01-06T00:58:54.565-0800: 170.685: [PhantomReference, 0 refs, 6152 refs, 0.0006140 secs]2016-01-06T00:58:54.565-0800: 170.686: [JNI Weak Reference, 0.0000080 secs], 0.1874910 secs]
   [Parallel Time: 10.2 ms, GC Workers: 4]
      [GC Worker Start (ms): Min: 170499.7, Avg: 170500.3, Max: 170501.9, Diff: 2.2]
      [Ext Root Scanning (ms): Min: 0.0, Avg: 0.3, Max: 0.5, Diff: 0.5, Sum: 1.2]
      [SATB Filtering (ms): Min: 0.0, Avg: 0.0, Max: 0.0, Diff: 0.0, Sum: 0.0]
      [Update RS (ms): Min: 5.7, Avg: 6.8, Max: 7.4, Diff: 1.8, Sum: 27.3]
         [Processed Buffers: Min: 8, Avg: 11.0, Max: 14, Diff: 6, Sum: 44]
      [Scan RS (ms): Min: 0.0, Avg: 0.1, Max: 0.2, Diff: 0.2, Sum: 0.3]
      [Code Root Scanning (ms): Min: 0.0, Avg: 0.0, Max: 0.0, Diff: 0.0, Sum: 0.0]
      [Object Copy (ms): Min: 2.2, Avg: 2.3, Max: 2.4, Diff: 0.2, Sum: 9.1]
      [Termination (ms): Min: 0.0, Avg: 0.0, Max: 0.0, Diff: 0.0, Sum: 0.0]
      [GC Worker Other (ms): Min: 0.0, Avg: 0.0, Max: 0.1, Diff: 0.1, Sum: 0.2]
      [GC Worker Total (ms): Min: 7.9, Avg: 9.5, Max: 10.1, Diff: 2.2, Sum: 38.2]
      [GC Worker End (ms): Min: 170509.8, Avg: 170509.8, Max: 170509.8, Diff: 0.1]
   [Code Root Fixup: 0.0 ms]
   [Code Root Migration: 0.0 ms]
   [Clear CT: 0.1 ms]
   [Other: 177.1 ms]
      [Choose CSet: 0.0 ms]
      [Ref Proc: 176.2 ms]
      [Ref Enq: 0.5 ms]
      [Free CSet: 0.3 ms]
   [Eden: 182.0M(182.0M)->0.0B(244.0M) Survivors: 22.0M->18.0M Heap: 2146.3M(4096.0M)->1960.8M(4096.0M)]
 [Times: user=0.72 sys=0.00, real=0.19 secs] 
2016-01-06T00:58:54.601-0800: 170.722: [GC pause (young)
Desired survivor size 17301504 bytes, new threshold 15 (max 15)
- age   1:   17253136 bytes,   17253136 total
2016-01-06T00:58:54.803-0800: 170.924: [SoftReference, 0 refs, 0.0004380 secs]2016-01-06T00:58:54.803-0800: 170.924: [WeakReference, 0 refs, 0.0002450 secs]2016-01-06T00:58:54.803-0800: 170.924: [FinalReference, 0 refs, 0.0003790 secs]2016-01-06T00:58:54.804-0800: 170.925: [PhantomReference, 0 refs, 8073 refs, 0.0006930 secs]2016-01-06T00:58:54.805-0800: 170.925: [JNI Weak Reference, 0.0000110 secs], 0.2052530 secs]
   [Parallel Time: 10.8 ms, GC Workers: 4]
      [GC Worker Start (ms): Min: 170721.7, Avg: 170721.8, Max: 170721.9, Diff: 0.2]
      [Ext Root Scanning (ms): Min: 0.2, Avg: 0.4, Max: 0.4, Diff: 0.2, Sum: 1.5]
      [SATB Filtering (ms): Min: 0.0, Avg: 0.0, Max: 0.0, Diff: 0.0, Sum: 0.0]
      [Update RS (ms): Min: 7.4, Avg: 7.6, Max: 7.9, Diff: 0.6, Sum: 30.3]
         [Processed Buffers: Min: 11, Avg: 11.8, Max: 14, Diff: 3, Sum: 47]
      [Scan RS (ms): Min: 0.0, Avg: 0.1, Max: 0.2, Diff: 0.2, Sum: 0.4]
      [Code Root Scanning (ms): Min: 0.0, Avg: 0.0, Max: 0.0, Diff: 0.0, Sum: 0.0]
      [Object Copy (ms): Min: 2.3, Avg: 2.5, Max: 2.7, Diff: 0.4, Sum: 10.2]
      [Termination (ms): Min: 0.0, Avg: 0.0, Max: 0.0, Diff: 0.0, Sum: 0.0]
      [GC Worker Other (ms): Min: 0.0, Avg: 0.0, Max: 0.0, Diff: 0.0, Sum: 0.1]
      [GC Worker Total (ms): Min: 10.5, Avg: 10.6, Max: 10.7, Diff: 0.2, Sum: 42.5]
      [GC Worker End (ms): Min: 170732.4, Avg: 170732.4, Max: 170732.4, Diff: 0.0]
   [Code Root Fixup: 0.0 ms]
   [Code Root Migration: 0.0 ms]
   [Clear CT: 0.2 ms]
   [Other: 194.3 ms]
      [Choose CSet: 0.0 ms]
      [Ref Proc: 193.1 ms]
      [Ref Enq: 0.7 ms]
      [Free CSet: 0.4 ms]
   [Eden: 244.0M(244.0M)->0.0B(185.0M) Survivors: 18.0M->19.0M Heap: 2204.8M(4096.0M)->1961.8M(4096.0M)]
 [Times: user=0.74 sys=0.00, real=0.21 secs] 
2016-01-06T00:58:54.832-0800: 170.953: [GC pause (young)
Desired survivor size 13631488 bytes, new threshold 1 (max 15)
- age   1:   17391520 bytes,   17391520 total
- age   2:      36864 bytes,   17428384 total
2016-01-06T00:58:55.022-0800: 171.143: [SoftReference, 0 refs, 0.0006200 secs]2016-01-06T00:58:55.022-0800: 171.143: [WeakReference, 0 refs, 0.0002400 secs]2016-01-06T00:58:55.022-0800: 171.143: [FinalReference, 0 refs, 0.0003780 secs]2016-01-06T00:58:55.023-0800: 171.144: [PhantomReference, 0 refs, 6244 refs, 0.0008180 secs]2016-01-06T00:58:55.024-0800: 171.145: [JNI Weak Reference, 0.0000110 secs], 0.1923260 secs]
   [Parallel Time: 9.0 ms, GC Workers: 4]
      [GC Worker Start (ms): Min: 170953.4, Avg: 170953.4, Max: 170953.5, Diff: 0.1]
      [Ext Root Scanning (ms): Min: 0.4, Avg: 1.4, Max: 4.5, Diff: 4.1, Sum: 5.7]
      [SATB Filtering (ms): Min: 0.0, Avg: 0.0, Max: 0.0, Diff: 0.0, Sum: 0.0]
      [Update RS (ms): Min: 0.7, Avg: 3.9, Max: 5.3, Diff: 4.6, Sum: 15.6]
         [Processed Buffers: Min: 1, Avg: 7.5, Max: 11, Diff: 10, Sum: 30]
      [Scan RS (ms): Min: 0.0, Avg: 0.1, Max: 0.2, Diff: 0.2, Sum: 0.3]
      [Code Root Scanning (ms): Min: 0.0, Avg: 0.0, Max: 0.0, Diff: 0.0, Sum: 0.0]
      [Object Copy (ms): Min: 2.1, Avg: 2.6, Max: 3.6, Diff: 1.6, Sum: 10.4]
      [Termination (ms): Min: 0.0, Avg: 0.8, Max: 1.1, Diff: 1.1, Sum: 3.4]
      [GC Worker Other (ms): Min: 0.0, Avg: 0.0, Max: 0.0, Diff: 0.0, Sum: 0.0]
      [GC Worker Total (ms): Min: 8.8, Avg: 8.9, Max: 8.9, Diff: 0.1, Sum: 35.5]
      [GC Worker End (ms): Min: 170962.3, Avg: 170962.3, Max: 170962.3, Diff: 0.0]
   [Code Root Fixup: 0.0 ms]
   [Code Root Migration: 0.0 ms]
   [Clear CT: 0.1 ms]
   [Other: 183.2 ms]
      [Choose CSet: 0.0 ms]
      [Ref Proc: 182.3 ms]
      [Ref Enq: 0.5 ms]
      [Free CSet: 0.3 ms]
   [Eden: 185.0M(185.0M)->0.0B(185.0M) Survivors: 19.0M->19.0M Heap: 2146.8M(4096.0M)->1961.3M(4096.0M)]
 [Times: user=0.68 sys=0.00, real=0.19 secs] 
2016-01-06T00:58:55.052-0800: 171.172: [GC pause (young)
Desired survivor size 13631488 bytes, new threshold 1 (max 15)
- age   1:   17259832 bytes,   17259832 total
2016-01-06T00:58:55.243-0800: 171.364: [SoftReference, 0 refs, 0.0004650 secs]2016-01-06T00:58:55.263-0800: 171.384: [WeakReference, 0 refs, 0.0002490 secs]2016-01-06T00:58:55.263-0800: 171.384: [FinalReference, 0 refs, 0.0002780 secs]2016-01-06T00:58:55.263-0800: 171.384: [PhantomReference, 0 refs, 6245 refs, 0.0006510 secs]2016-01-06T00:58:55.264-0800: 171.385: [JNI Weak Reference, 0.0000100 secs], 0.2136140 secs]
   [Parallel Time: 7.7 ms, GC Workers: 4]
      [GC Worker Start (ms): Min: 171172.5, Avg: 171172.6, Max: 171172.6, Diff: 0.1]
      [Ext Root Scanning (ms): Min: 0.3, Avg: 0.4, Max: 0.4, Diff: 0.1, Sum: 1.4]
      [SATB Filtering (ms): Min: 0.0, Avg: 0.0, Max: 0.0, Diff: 0.0, Sum: 0.0]
      [Update RS (ms): Min: 4.4, Avg: 4.9, Max: 5.3, Diff: 0.8, Sum: 19.6]
         [Processed Buffers: Min: 7, Avg: 7.8, Max: 9, Diff: 2, Sum: 31]
      [Scan RS (ms): Min: 0.0, Avg: 0.1, Max: 0.2, Diff: 0.2, Sum: 0.3]
      [Code Root Scanning (ms): Min: 0.0, Avg: 0.0, Max: 0.0, Diff: 0.0, Sum: 0.0]
      [Object Copy (ms): Min: 1.9, Avg: 2.2, Max: 2.5, Diff: 0.6, Sum: 8.9]
      [Termination (ms): Min: 0.0, Avg: 0.0, Max: 0.0, Diff: 0.0, Sum: 0.0]
      [GC Worker Other (ms): Min: 0.0, Avg: 0.0, Max: 0.0, Diff: 0.0, Sum: 0.1]
      [GC Worker Total (ms): Min: 7.6, Avg: 7.6, Max: 7.6, Diff: 0.1, Sum: 30.3]
      [GC Worker End (ms): Min: 171180.2, Avg: 171180.2, Max: 171180.2, Diff: 0.0]
   [Code Root Fixup: 0.0 ms]
   [Code Root Migration: 0.0 ms]
   [Clear CT: 0.1 ms]
   [Other: 205.7 ms]
      [Choose CSet: 0.0 ms]
      [Ref Proc: 204.7 ms]
      [Ref Enq: 0.6 ms]
      [Free CSet: 0.4 ms]
   [Eden: 185.0M(185.0M)->0.0B(185.0M) Survivors: 19.0M->19.0M Heap: 2146.3M(4096.0M)->1961.4M(4096.0M)]
 [Times: user=0.74 sys=0.01, real=0.22 secs] 
2016-01-06T00:58:55.291-0800: 171.412: [GC pause (young)
Desired survivor size 13631488 bytes, new threshold 1 (max 15)
- age   1:   17259832 bytes,   17259832 total
2016-01-06T00:58:55.479-0800: 171.600: [SoftReference, 0 refs, 0.0004130 secs]2016-01-06T00:58:55.479-0800: 171.600: [WeakReference, 0 refs, 0.0002150 secs]2016-01-06T00:58:55.479-0800: 171.600: [FinalReference, 0 refs, 0.0002340 secs]2016-01-06T00:58:55.480-0800: 171.600: [PhantomReference, 0 refs, 6245 refs, 0.0005750 secs]2016-01-06T00:58:55.480-0800: 171.601: [JNI Weak Reference, 0.0000080 secs], 0.1898690 secs]
   [Parallel Time: 8.2 ms, GC Workers: 4]
      [GC Worker Start (ms): Min: 171412.4, Avg: 171412.8, Max: 171413.9, Diff: 1.5]
      [Ext Root Scanning (ms): Min: 0.0, Avg: 0.3, Max: 0.5, Diff: 0.5, Sum: 1.2]
      [SATB Filtering (ms): Min: 0.0, Avg: 0.0, Max: 0.0, Diff: 0.0, Sum: 0.0]
      [Update RS (ms): Min: 4.2, Avg: 5.1, Max: 5.6, Diff: 1.4, Sum: 20.5]
         [Processed Buffers: Min: 6, Avg: 8.5, Max: 12, Diff: 6, Sum: 34]
      [Scan RS (ms): Min: 0.0, Avg: 0.1, Max: 0.1, Diff: 0.1, Sum: 0.3]
      [Code Root Scanning (ms): Min: 0.0, Avg: 0.0, Max: 0.0, Diff: 0.0, Sum: 0.0]
      [Object Copy (ms): Min: 2.0, Avg: 2.2, Max: 2.3, Diff: 0.2, Sum: 8.8]
      [Termination (ms): Min: 0.0, Avg: 0.0, Max: 0.0, Diff: 0.0, Sum: 0.0]
      [GC Worker Other (ms): Min: 0.0, Avg: 0.0, Max: 0.0, Diff: 0.0, Sum: 0.1]
      [GC Worker Total (ms): Min: 6.7, Avg: 7.8, Max: 8.1, Diff: 1.5, Sum: 31.0]
      [GC Worker End (ms): Min: 171420.6, Avg: 171420.6, Max: 171420.6, Diff: 0.0]
   [Code Root Fixup: 0.0 ms]
   [Code Root Migration: 0.0 ms]
   [Clear CT: 0.2 ms]
   [Other: 181.5 ms]
      [Choose CSet: 0.0 ms]
      [Ref Proc: 180.5 ms]
      [Ref Enq: 0.5 ms]
      [Free CSet: 0.3 ms]
   [Eden: 185.0M(185.0M)->0.0B(185.0M) Survivors: 19.0M->19.0M Heap: 2146.4M(4096.0M)->1961.4M(4096.0M)]
 [Times: user=0.74 sys=0.00, real=0.19 secs] 
2016-01-06T00:58:55.510-0800: 171.630: [GC pause (young)
Desired survivor size 13631488 bytes, new threshold 1 (max 15)
- age   1:   17259832 bytes,   17259832 total
2016-01-06T00:58:55.706-0800: 171.827: [SoftReference, 0 refs, 0.0004930 secs]2016-01-06T00:58:55.706-0800: 171.827: [WeakReference, 0 refs, 0.0003600 secs]2016-01-06T00:58:55.707-0800: 171.828: [FinalReference, 0 refs, 0.0003320 secs]2016-01-06T00:58:55.707-0800: 171.828: [PhantomReference, 0 refs, 6244 refs, 0.0006450 secs]2016-01-06T00:58:55.708-0800: 171.829: [JNI Weak Reference, 0.0000090 secs], 0.1992980 secs]
   [Parallel Time: 15.5 ms, GC Workers: 4]
      [GC Worker Start (ms): Min: 171630.6, Avg: 171633.4, Max: 171641.9, Diff: 11.3]
      [Ext Root Scanning (ms): Min: 0.0, Avg: 0.4, Max: 0.5, Diff: 0.5, Sum: 1.4]
      [SATB Filtering (ms): Min: 0.0, Avg: 0.0, Max: 0.0, Diff: 0.0, Sum: 0.0]
      [Update RS (ms): Min: 0.0, Avg: 2.4, Max: 3.3, Diff: 3.3, Sum: 9.5]
         [Processed Buffers: Min: 0, Avg: 4.2, Max: 6, Diff: 6, Sum: 17]
      [Scan RS (ms): Min: 0.0, Avg: 0.1, Max: 0.2, Diff: 0.2, Sum: 0.3]
      [Code Root Scanning (ms): Min: 0.0, Avg: 0.0, Max: 0.0, Diff: 0.0, Sum: 0.0]
      [Object Copy (ms): Min: 0.0, Avg: 1.8, Max: 2.5, Diff: 2.5, Sum: 7.4]
      [Termination (ms): Min: 0.0, Avg: 3.9, Max: 5.2, Diff: 5.2, Sum: 15.6]
      [GC Worker Other (ms): Min: 0.0, Avg: 0.0, Max: 0.0, Diff: 0.0, Sum: 0.0]
      [GC Worker Total (ms): Min: 0.1, Avg: 8.6, Max: 11.4, Diff: 11.4, Sum: 34.3]
      [GC Worker End (ms): Min: 171642.0, Avg: 171642.0, Max: 171642.0, Diff: 0.0]
   [Code Root Fixup: 0.0 ms]
   [Code Root Migration: 0.0 ms]
   [Clear CT: 0.1 ms]
   [Other: 183.6 ms]
      [Choose CSet: 0.0 ms]
      [Ref Proc: 182.6 ms]
      [Ref Enq: 0.6 ms]
      [Free CSet: 0.3 ms]
   [Eden: 185.0M(185.0M)->0.0B(186.0M) Survivors: 19.0M->18.0M Heap: 2146.4M(4096.0M)->1960.5M(4096.0M)]
 [Times: user=0.70 sys=0.00, real=0.20 secs] 
2016-01-06T00:58:55.736-0800: 171.856: [GC pause (young)
Desired survivor size 13631488 bytes, new threshold 1 (max 15)
- age   1:   17259832 bytes,   17259832 total
2016-01-06T00:58:55.929-0800: 172.049: [SoftReference, 0 refs, 0.0006000 secs]2016-01-06T00:58:55.929-0800: 172.050: [WeakReference, 0 refs, 0.0002400 secs]2016-01-06T00:58:55.929-0800: 172.050: [FinalReference, 0 refs, 0.0002160 secs]2016-01-06T00:58:55.930-0800: 172.051: [PhantomReference, 0 refs, 6276 refs, 0.0005920 secs]2016-01-06T00:58:55.930-0800: 172.051: [JNI Weak Reference, 0.0000120 secs], 0.1957410 secs]
   [Parallel Time: 8.1 ms, GC Workers: 4]
      [GC Worker Start (ms): Min: 171856.5, Avg: 171856.9, Max: 171857.9, Diff: 1.3]
      [Ext Root Scanning (ms): Min: 0.0, Avg: 0.3, Max: 0.4, Diff: 0.4, Sum: 1.3]
      [SATB Filtering (ms): Min: 0.0, Avg: 0.0, Max: 0.0, Diff: 0.0, Sum: 0.0]
      [Update RS (ms): Min: 4.3, Avg: 4.8, Max: 5.1, Diff: 0.8, Sum: 19.2]
         [Processed Buffers: Min: 6, Avg: 7.8, Max: 9, Diff: 3, Sum: 31]
      [Scan RS (ms): Min: 0.0, Avg: 0.1, Max: 0.3, Diff: 0.3, Sum: 0.3]
      [Code Root Scanning (ms): Min: 0.0, Avg: 0.0, Max: 0.0, Diff: 0.0, Sum: 0.0]
      [Object Copy (ms): Min: 2.3, Avg: 2.4, Max: 2.6, Diff: 0.3, Sum: 9.6]
      [Termination (ms): Min: 0.0, Avg: 0.0, Max: 0.0, Diff: 0.0, Sum: 0.0]
      [GC Worker Other (ms): Min: 0.0, Avg: 0.0, Max: 0.0, Diff: 0.0, Sum: 0.1]
      [GC Worker Total (ms): Min: 6.7, Avg: 7.6, Max: 8.0, Diff: 1.3, Sum: 30.6]
      [GC Worker End (ms): Min: 171864.5, Avg: 171864.5, Max: 171864.5, Diff: 0.0]
   [Code Root Fixup: 0.0 ms]
   [Code Root Migration: 0.0 ms]
   [Clear CT: 0.1 ms]
   [Other: 187.5 ms]
      [Choose CSet: 0.0 ms]
      [Ref Proc: 186.6 ms]
      [Ref Enq: 0.5 ms]
      [Free CSet: 0.3 ms]
   [Eden: 186.0M(186.0M)->0.0B(185.0M) Survivors: 18.0M->19.0M Heap: 2146.5M(4096.0M)->1961.5M(4096.0M)]
 [Times: user=0.76 sys=0.00, real=0.20 secs] 
2016-01-06T00:58:55.957-0800: 172.078: [GC pause (young)
Desired survivor size 13631488 bytes, new threshold 1 (max 15)
- age   1:   17262064 bytes,   17262064 total
2016-01-06T00:58:56.144-0800: 172.265: [SoftReference, 0 refs, 0.0004590 secs]2016-01-06T00:58:56.144-0800: 172.265: [WeakReference, 0 refs, 0.0002370 secs]2016-01-06T00:58:56.144-0800: 172.265: [FinalReference, 0 refs, 0.0002510 secs]2016-01-06T00:58:56.145-0800: 172.266: [PhantomReference, 0 refs, 6244 refs, 0.0005690 secs]2016-01-06T00:58:56.145-0800: 172.266: [JNI Weak Reference, 0.0000160 secs], 0.1892290 secs]
   [Parallel Time: 3.3 ms, GC Workers: 4]
      [GC Worker Start (ms): Min: 172078.2, Avg: 172078.2, Max: 172078.3, Diff: 0.1]
      [Ext Root Scanning (ms): Min: 0.3, Avg: 0.4, Max: 0.4, Diff: 0.1, Sum: 1.4]
      [SATB Filtering (ms): Min: 0.0, Avg: 0.0, Max: 0.0, Diff: 0.0, Sum: 0.0]
      [Update RS (ms): Min: 0.3, Avg: 0.5, Max: 0.6, Diff: 0.4, Sum: 1.9]
         [Processed Buffers: Min: 1, Avg: 2.0, Max: 3, Diff: 2, Sum: 8]
      [Scan RS (ms): Min: 0.0, Avg: 0.1, Max: 0.2, Diff: 0.2, Sum: 0.3]
      [Code Root Scanning (ms): Min: 0.0, Avg: 0.0, Max: 0.0, Diff: 0.0, Sum: 0.0]
      [Object Copy (ms): Min: 2.1, Avg: 2.2, Max: 2.3, Diff: 0.2, Sum: 9.0]
      [Termination (ms): Min: 0.0, Avg: 0.0, Max: 0.0, Diff: 0.0, Sum: 0.0]
      [GC Worker Other (ms): Min: 0.0, Avg: 0.0, Max: 0.0, Diff: 0.0, Sum: 0.1]
      [GC Worker Total (ms): Min: 3.1, Avg: 3.2, Max: 3.2, Diff: 0.1, Sum: 12.7]
      [GC Worker End (ms): Min: 172081.4, Avg: 172081.4, Max: 172081.4, Diff: 0.0]
   [Code Root Fixup: 0.0 ms]
   [Code Root Migration: 0.0 ms]
   [Clear CT: 0.2 ms]
   [Other: 185.8 ms]
      [Choose CSet: 0.0 ms]
      [Ref Proc: 184.8 ms]
      [Ref Enq: 0.6 ms]
      [Free CSet: 0.3 ms]
   [Eden: 185.0M(185.0M)->0.0B(493.0M) Survivors: 19.0M->19.0M Heap: 2146.5M(4096.0M)->1961.6M(4096.0M)]
 [Times: user=0.74 sys=0.00, real=0.19 secs] 
2016-01-06T00:58:56.221-0800: 172.342: [GC pause (young)
Desired survivor size 33554432 bytes, new threshold 15 (max 15)
- age   1:   17259832 bytes,   17259832 total
2016-01-06T00:58:56.407-0800: 172.528: [SoftReference, 0 refs, 0.0005920 secs]2016-01-06T00:58:56.407-0800: 172.528: [WeakReference, 0 refs, 0.0002430 secs]2016-01-06T00:58:56.408-0800: 172.528: [FinalReference, 0 refs, 0.0002770 secs]2016-01-06T00:58:56.408-0800: 172.529: [PhantomReference, 0 refs, 15791 refs, 0.0007600 secs]2016-01-06T00:58:56.409-0800: 172.529: [JNI Weak Reference, 0.0000090 secs], 0.1902700 secs]
   [Parallel Time: 4.0 ms, GC Workers: 4]
      [GC Worker Start (ms): Min: 172341.8, Avg: 172342.7, Max: 172345.3, Diff: 3.5]
      [Ext Root Scanning (ms): Min: 0.0, Avg: 0.3, Max: 0.5, Diff: 0.4, Sum: 1.3]
      [SATB Filtering (ms): Min: 0.0, Avg: 0.0, Max: 0.0, Diff: 0.0, Sum: 0.0]
      [Update RS (ms): Min: 0.0, Avg: 0.1, Max: 0.2, Diff: 0.2, Sum: 0.3]
         [Processed Buffers: Min: 0, Avg: 1.5, Max: 4, Diff: 4, Sum: 6]
      [Scan RS (ms): Min: 0.1, Avg: 0.2, Max: 0.3, Diff: 0.2, Sum: 0.9]
      [Code Root Scanning (ms): Min: 0.0, Avg: 0.0, Max: 0.0, Diff: 0.0, Sum: 0.1]
      [Object Copy (ms): Min: 0.3, Avg: 2.4, Max: 3.1, Diff: 2.8, Sum: 9.6]
      [Termination (ms): Min: 0.0, Avg: 0.0, Max: 0.0, Diff: 0.0, Sum: 0.0]
      [GC Worker Other (ms): Min: 0.0, Avg: 0.0, Max: 0.0, Diff: 0.0, Sum: 0.1]
      [GC Worker Total (ms): Min: 0.5, Avg: 3.1, Max: 3.9, Diff: 3.5, Sum: 12.2]
      [GC Worker End (ms): Min: 172345.8, Avg: 172345.8, Max: 172345.8, Diff: 0.0]
   [Code Root Fixup: 0.0 ms]
   [Code Root Migration: 0.1 ms]
   [Clear CT: 0.2 ms]
   [Other: 186.0 ms]
      [Choose CSet: 0.0 ms]
      [Ref Proc: 183.7 ms]
      [Ref Enq: 1.5 ms]
      [Free CSet: 0.7 ms]
   [Eden: 493.0M(493.0M)->0.0B(1473.0M) Survivors: 19.0M->20.0M Heap: 2454.6M(4096.0M)->1962.6M(4096.0M)]
 [Times: user=0.72 sys=0.01, real=0.19 secs] 
2016-01-06T00:58:56.618-0800: 172.739: [GC pause (young)
Desired survivor size 98041856 bytes, new threshold 15 (max 15)
- age   1:   17947288 bytes,   17947288 total
- age   2:      36864 bytes,   17984152 total
2016-01-06T00:58:56.844-0800: 172.965: [SoftReference, 0 refs, 0.0019150 secs]2016-01-06T00:58:56.846-0800: 172.967: [WeakReference, 0 refs, 0.0003400 secs]2016-01-06T00:58:56.846-0800: 172.967: [FinalReference, 0 refs, 0.0004650 secs]2016-01-06T00:58:56.847-0800: 172.968: [PhantomReference, 0 refs, 46172 refs, 0.0021260 secs]2016-01-06T00:58:56.849-0800: 172.970: [JNI Weak Reference, 0.0000150 secs], 0.2367760 secs]
   [Parallel Time: 24.8 ms, GC Workers: 4]
      [GC Worker Start (ms): Min: 172739.2, Avg: 172739.9, Max: 172741.9, Diff: 2.7]
      [Ext Root Scanning (ms): Min: 0.0, Avg: 0.3, Max: 0.4, Diff: 0.4, Sum: 1.3]
      [SATB Filtering (ms): Min: 0.0, Avg: 0.0, Max: 0.0, Diff: 0.0, Sum: 0.0]
      [Update RS (ms): Min: 12.2, Avg: 13.9, Max: 14.6, Diff: 2.4, Sum: 55.5]
         [Processed Buffers: Min: 18, Avg: 21.2, Max: 25, Diff: 7, Sum: 85]
      [Scan RS (ms): Min: 0.4, Avg: 0.6, Max: 0.7, Diff: 0.3, Sum: 2.5]
      [Code Root Scanning (ms): Min: 0.1, Avg: 0.1, Max: 0.1, Diff: 0.0, Sum: 0.3]
      [Object Copy (ms): Min: 9.1, Avg: 9.1, Max: 9.1, Diff: 0.1, Sum: 36.5]
      [Termination (ms): Min: 0.0, Avg: 0.0, Max: 0.0, Diff: 0.0, Sum: 0.0]
      [GC Worker Other (ms): Min: 0.0, Avg: 0.1, Max: 0.1, Diff: 0.1, Sum: 0.2]
      [GC Worker Total (ms): Min: 22.1, Avg: 24.1, Max: 24.8, Diff: 2.7, Sum: 96.3]
      [GC Worker End (ms): Min: 172763.9, Avg: 172764.0, Max: 172764.0, Diff: 0.1]
   [Code Root Fixup: 0.0 ms]
   [Code Root Migration: 0.3 ms]
   [Clear CT: 0.5 ms]
   [Other: 211.1 ms]
      [Choose CSet: 0.0 ms]
      [Ref Proc: 206.0 ms]
      [Ref Enq: 3.0 ms]
      [Free CSet: 2.1 ms]
   [Eden: 1473.0M(1473.0M)->0.0B(182.0M) Survivors: 20.0M->22.0M Heap: 3435.6M(4096.0M)->1964.6M(4096.0M)]
 [Times: user=0.81 sys=0.01, real=0.23 secs] 
2016-01-06T00:58:56.882-0800: 173.003: [GC pause (young)
Desired survivor size 13631488 bytes, new threshold 1 (max 15)
- age   1:   20134648 bytes,   20134648 total
- age   2:      36864 bytes,   20171512 total
2016-01-06T00:58:57.073-0800: 173.194: [SoftReference, 0 refs, 0.0005670 secs]2016-01-06T00:58:57.074-0800: 173.195: [WeakReference, 0 refs, 0.0003500 secs]2016-01-06T00:58:57.074-0800: 173.195: [FinalReference, 0 refs, 0.0002430 secs]2016-01-06T00:58:57.075-0800: 173.195: [PhantomReference, 0 refs, 6152 refs, 0.0005410 secs]2016-01-06T00:58:57.075-0800: 173.196: [JNI Weak Reference, 0.0000090 secs], 0.1941830 secs]
   [Parallel Time: 4.3 ms, GC Workers: 4]
      [GC Worker Start (ms): Min: 173003.0, Avg: 173003.2, Max: 173003.7, Diff: 0.6]
      [Ext Root Scanning (ms): Min: 0.0, Avg: 0.3, Max: 0.5, Diff: 0.4, Sum: 1.2]
      [SATB Filtering (ms): Min: 0.0, Avg: 0.0, Max: 0.0, Diff: 0.0, Sum: 0.0]
      [Update RS (ms): Min: 0.7, Avg: 1.0, Max: 1.5, Diff: 0.8, Sum: 3.8]
         [Processed Buffers: Min: 1, Avg: 2.5, Max: 4, Diff: 3, Sum: 10]
      [Scan RS (ms): Min: 0.0, Avg: 0.1, Max: 0.2, Diff: 0.2, Sum: 0.3]
      [Code Root Scanning (ms): Min: 0.0, Avg: 0.0, Max: 0.0, Diff: 0.0, Sum: 0.0]
      [Object Copy (ms): Min: 2.1, Avg: 2.5, Max: 2.8, Diff: 0.7, Sum: 10.0]
      [Termination (ms): Min: 0.0, Avg: 0.2, Max: 0.3, Diff: 0.3, Sum: 0.8]
      [GC Worker Other (ms): Min: 0.0, Avg: 0.0, Max: 0.0, Diff: 0.0, Sum: 0.0]
      [GC Worker Total (ms): Min: 3.6, Avg: 4.1, Max: 4.2, Diff: 0.6, Sum: 16.3]
      [GC Worker End (ms): Min: 173007.3, Avg: 173007.3, Max: 173007.3, Diff: 0.0]
   [Code Root Fixup: 0.0 ms]
   [Code Root Migration: 0.0 ms]
   [Clear CT: 0.1 ms]
   [Other: 189.7 ms]
      [Choose CSet: 0.0 ms]
      [Ref Proc: 188.7 ms]
      [Ref Enq: 0.6 ms]
      [Free CSet: 0.3 ms]
   [Eden: 182.0M(182.0M)->0.0B(185.0M) Survivors: 22.0M->19.0M Heap: 2146.6M(4096.0M)->1961.6M(4096.0M)]
 [Times: user=0.71 sys=0.01, real=0.19 secs] 
2016-01-06T00:58:57.104-0800: 173.225: [GC pause (young)
Desired survivor size 13631488 bytes, new threshold 1 (max 15)
- age   1:   17253136 bytes,   17253136 total
2016-01-06T00:58:57.295-0800: 173.415: [SoftReference, 0 refs, 0.0003860 secs]2016-01-06T00:58:57.295-0800: 173.416: [WeakReference, 0 refs, 0.0002390 secs]2016-01-06T00:58:57.295-0800: 173.416: [FinalReference, 0 refs, 0.0002770 secs]2016-01-06T00:58:57.295-0800: 173.416: [PhantomReference, 0 refs, 6243 refs, 0.0005440 secs]2016-01-06T00:58:57.296-0800: 173.417: [JNI Weak Reference, 0.0000300 secs], 0.1930100 secs]
   [Parallel Time: 1.9 ms, GC Workers: 4]
      [GC Worker Start (ms): Min: 173225.2, Avg: 173225.2, Max: 173225.2, Diff: 0.1]
      [Ext Root Scanning (ms): Min: 0.3, Avg: 0.3, Max: 0.4, Diff: 0.1, Sum: 1.4]
      [SATB Filtering (ms): Min: 0.0, Avg: 0.0, Max: 0.0, Diff: 0.0, Sum: 0.0]
      [Update RS (ms): Min: 0.0, Avg: 0.1, Max: 0.3, Diff: 0.3, Sum: 0.4]
         [Processed Buffers: Min: 1, Avg: 1.5, Max: 2, Diff: 1, Sum: 6]
      [Scan RS (ms): Min: 0.0, Avg: 0.1, Max: 0.1, Diff: 0.1, Sum: 0.3]
      [Code Root Scanning (ms): Min: 0.0, Avg: 0.0, Max: 0.0, Diff: 0.0, Sum: 0.0]
      [Object Copy (ms): Min: 1.1, Avg: 1.2, Max: 1.2, Diff: 0.1, Sum: 4.7]
      [Termination (ms): Min: 0.0, Avg: 0.0, Max: 0.0, Diff: 0.0, Sum: 0.0]
      [GC Worker Other (ms): Min: 0.0, Avg: 0.0, Max: 0.0, Diff: 0.0, Sum: 0.1]
      [GC Worker Total (ms): Min: 1.7, Avg: 1.7, Max: 1.8, Diff: 0.1, Sum: 6.9]
      [GC Worker End (ms): Min: 173226.9, Avg: 173226.9, Max: 173226.9, Diff: 0.0]
   [Code Root Fixup: 0.0 ms]
   [Code Root Migration: 0.0 ms]
   [Clear CT: 0.1 ms]
   [Other: 191.0 ms]
      [Choose CSet: 0.0 ms]
      [Ref Proc: 189.9 ms]
      [Ref Enq: 0.6 ms]
      [Free CSet: 0.3 ms]
   [Eden: 185.0M(185.0M)->0.0B(199.0M) Survivors: 19.0M->5120.0K Heap: 2146.6M(4096.0M)->1948.1M(4096.0M)]
 [Times: user=0.74 sys=0.00, real=0.20 secs] 
2016-01-06T00:58:57.325-0800: 173.446: [GC pause (young)
Desired survivor size 13631488 bytes, new threshold 15 (max 15)
- age   1:    3404728 bytes,    3404728 total
2016-01-06T00:58:57.510-0800: 173.631: [SoftReference, 0 refs, 0.0006160 secs]2016-01-06T00:58:57.510-0800: 173.631: [WeakReference, 0 refs, 0.0002440 secs]2016-01-06T00:58:57.511-0800: 173.632: [FinalReference, 0 refs, 0.0003360 secs]2016-01-06T00:58:57.511-0800: 173.632: [PhantomReference, 0 refs, 6678 refs, 0.0005450 secs]2016-01-06T00:58:57.512-0800: 173.633: [JNI Weak Reference, 0.0000140 secs], 0.1875620 secs]
   [Parallel Time: 3.2 ms, GC Workers: 4]
      [GC Worker Start (ms): Min: 173446.3, Avg: 173446.3, Max: 173446.3, Diff: 0.1]
      [Ext Root Scanning (ms): Min: 0.3, Avg: 0.4, Max: 0.4, Diff: 0.1, Sum: 1.4]
      [SATB Filtering (ms): Min: 0.0, Avg: 0.0, Max: 0.0, Diff: 0.0, Sum: 0.0]
      [Update RS (ms): Min: 0.0, Avg: 0.1, Max: 0.3, Diff: 0.3, Sum: 0.4]
         [Processed Buffers: Min: 0, Avg: 1.8, Max: 5, Diff: 5, Sum: 7]
      [Scan RS (ms): Min: 0.0, Avg: 0.1, Max: 0.1, Diff: 0.1, Sum: 0.3]
      [Code Root Scanning (ms): Min: 0.0, Avg: 0.0, Max: 0.0, Diff: 0.0, Sum: 0.0]
      [Object Copy (ms): Min: 2.5, Avg: 2.5, Max: 2.5, Diff: 0.1, Sum: 10.1]
      [Termination (ms): Min: 0.0, Avg: 0.0, Max: 0.0, Diff: 0.0, Sum: 0.0]
      [GC Worker Other (ms): Min: 0.0, Avg: 0.0, Max: 0.0, Diff: 0.0, Sum: 0.0]
      [GC Worker Total (ms): Min: 3.1, Avg: 3.1, Max: 3.1, Diff: 0.1, Sum: 12.4]
      [GC Worker End (ms): Min: 173449.4, Avg: 173449.4, Max: 173449.4, Diff: 0.0]
   [Code Root Fixup: 0.0 ms]
   [Code Root Migration: 0.0 ms]
   [Clear CT: 0.1 ms]
   [Other: 184.2 ms]
      [Choose CSet: 0.0 ms]
      [Ref Proc: 183.1 ms]
      [Ref Enq: 0.6 ms]
      [Free CSet: 0.3 ms]
   [Eden: 199.0M(199.0M)->0.0B(185.0M) Survivors: 5120.0K->19.0M Heap: 2147.1M(4096.0M)->1961.6M(4096.0M)]
 [Times: user=0.69 sys=0.01, real=0.18 secs] 
2016-01-06T00:58:57.539-0800: 173.660: [GC pause (young)
Desired survivor size 13631488 bytes, new threshold 1 (max 15)
- age   1:   17291080 bytes,   17291080 total
- age   2:      36864 bytes,   17327944 total
2016-01-06T00:58:57.748-0800: 173.869: [SoftReference, 0 refs, 0.0006150 secs]2016-01-06T00:58:57.748-0800: 173.869: [WeakReference, 0 refs, 0.0002680 secs]2016-01-06T00:58:57.749-0800: 173.870: [FinalReference, 0 refs, 0.0002650 secs]2016-01-06T00:58:57.749-0800: 173.870: [PhantomReference, 0 refs, 6245 refs, 0.0005630 secs]2016-01-06T00:58:57.750-0800: 173.870: [JNI Weak Reference, 0.0000090 secs], 0.2117620 secs]
   [Parallel Time: 3.9 ms, GC Workers: 4]
      [GC Worker Start (ms): Min: 173659.8, Avg: 173661.3, Max: 173663.6, Diff: 3.8]
      [Ext Root Scanning (ms): Min: 0.0, Avg: 0.3, Max: 0.6, Diff: 0.6, Sum: 1.2]
      [SATB Filtering (ms): Min: 0.0, Avg: 0.0, Max: 0.0, Diff: 0.0, Sum: 0.0]
      [Update RS (ms): Min: 0.0, Avg: 0.1, Max: 0.2, Diff: 0.2, Sum: 0.2]
         [Processed Buffers: Min: 0, Avg: 1.2, Max: 4, Diff: 4, Sum: 5]
      [Scan RS (ms): Min: 0.0, Avg: 0.1, Max: 0.2, Diff: 0.2, Sum: 0.3]
      [Code Root Scanning (ms): Min: 0.0, Avg: 0.0, Max: 0.0, Diff: 0.0, Sum: 0.0]
      [Object Copy (ms): Min: 0.0, Avg: 1.8, Max: 2.8, Diff: 2.8, Sum: 7.1]
      [Termination (ms): Min: 0.0, Avg: 0.1, Max: 0.2, Diff: 0.2, Sum: 0.6]
      [GC Worker Other (ms): Min: 0.0, Avg: 0.0, Max: 0.0, Diff: 0.0, Sum: 0.0]
      [GC Worker Total (ms): Min: 0.0, Avg: 2.4, Max: 3.8, Diff: 3.8, Sum: 9.4]
      [GC Worker End (ms): Min: 173663.6, Avg: 173663.7, Max: 173663.7, Diff: 0.0]
   [Code Root Fixup: 0.0 ms]
   [Code Root Migration: 0.0 ms]
   [Clear CT: 0.1 ms]
   [Other: 207.7 ms]
      [Choose CSet: 0.0 ms]
      [Ref Proc: 206.8 ms]
      [Ref Enq: 0.5 ms]
      [Free CSet: 0.3 ms]
   [Eden: 185.0M(185.0M)->0.0B(185.0M) Survivors: 19.0M->19.0M Heap: 2146.6M(4096.0M)->1961.7M(4096.0M)]
 [Times: user=0.74 sys=0.00, real=0.21 secs] 
2016-01-06T00:58:57.779-0800: 173.900: [GC pause (young)
Desired survivor size 13631488 bytes, new threshold 1 (max 15)
- age   1:   17259832 bytes,   17259832 total
2016-01-06T00:58:57.968-0800: 174.089: [SoftReference, 0 refs, 0.0004250 secs]2016-01-06T00:58:57.968-0800: 174.089: [WeakReference, 0 refs, 0.0003400 secs]2016-01-06T00:58:57.969-0800: 174.090: [FinalReference, 0 refs, 0.0002450 secs]2016-01-06T00:58:57.969-0800: 174.090: [PhantomReference, 0 refs, 6243 refs, 0.0007190 secs]2016-01-06T00:58:57.970-0800: 174.091: [JNI Weak Reference, 0.0000100 secs], 0.1919020 secs]
   [Parallel Time: 3.0 ms, GC Workers: 4]
      [GC Worker Start (ms): Min: 173899.9, Avg: 173900.0, Max: 173900.0, Diff: 0.1]
      [Ext Root Scanning (ms): Min: 0.3, Avg: 0.4, Max: 0.4, Diff: 0.1, Sum: 1.4]
      [SATB Filtering (ms): Min: 0.0, Avg: 0.0, Max: 0.0, Diff: 0.0, Sum: 0.0]
      [Update RS (ms): Min: 0.0, Avg: 0.1, Max: 0.3, Diff: 0.3, Sum: 0.4]
         [Processed Buffers: Min: 0, Avg: 1.0, Max: 2, Diff: 2, Sum: 4]
      [Scan RS (ms): Min: 0.0, Avg: 0.1, Max: 0.1, Diff: 0.1, Sum: 0.4]
      [Code Root Scanning (ms): Min: 0.0, Avg: 0.0, Max: 0.0, Diff: 0.0, Sum: 0.0]
      [Object Copy (ms): Min: 2.3, Avg: 2.3, Max: 2.3, Diff: 0.1, Sum: 9.2]
      [Termination (ms): Min: 0.0, Avg: 0.0, Max: 0.0, Diff: 0.0, Sum: 0.0]
      [GC Worker Other (ms): Min: 0.0, Avg: 0.0, Max: 0.0, Diff: 0.0, Sum: 0.1]
      [GC Worker Total (ms): Min: 2.8, Avg: 2.9, Max: 2.9, Diff: 0.1, Sum: 11.5]
      [GC Worker End (ms): Min: 173902.8, Avg: 173902.9, Max: 173902.9, Diff: 0.0]
   [Code Root Fixup: 0.0 ms]
   [Code Root Migration: 0.0 ms]
   [Clear CT: 0.1 ms]
   [Other: 188.8 ms]
      [Choose CSet: 0.0 ms]
      [Ref Proc: 187.8 ms]
      [Ref Enq: 0.6 ms]
      [Free CSet: 0.3 ms]
   [Eden: 185.0M(185.0M)->0.0B(185.0M) Survivors: 19.0M->19.0M Heap: 2146.7M(4096.0M)->1961.7M(4096.0M)]
 [Times: user=0.73 sys=0.00, real=0.19 secs] 
2016-01-06T00:58:57.997-0800: 174.118: [GC pause (young)
Desired survivor size 13631488 bytes, new threshold 1 (max 15)
- age   1:   17259832 bytes,   17259832 total
2016-01-06T00:58:58.192-0800: 174.313: [SoftReference, 0 refs, 0.0005140 secs]2016-01-06T00:58:58.192-0800: 174.313: [WeakReference, 0 refs, 0.0002650 secs]2016-01-06T00:58:58.193-0800: 174.314: [FinalReference, 0 refs, 0.0002420 secs]2016-01-06T00:58:58.193-0800: 174.314: [PhantomReference, 0 refs, 6244 refs, 0.0007260 secs]2016-01-06T00:58:58.194-0800: 174.315: [JNI Weak Reference, 0.0000080 secs], 0.1981190 secs]
   [Parallel Time: 2.9 ms, GC Workers: 4]
      [GC Worker Start (ms): Min: 174117.6, Avg: 174117.6, Max: 174117.7, Diff: 0.1]
      [Ext Root Scanning (ms): Min: 0.3, Avg: 0.4, Max: 0.4, Diff: 0.1, Sum: 1.5]
      [SATB Filtering (ms): Min: 0.0, Avg: 0.0, Max: 0.0, Diff: 0.0, Sum: 0.0]
      [Update RS (ms): Min: 0.0, Avg: 0.1, Max: 0.3, Diff: 0.3, Sum: 0.4]
         [Processed Buffers: Min: 0, Avg: 1.8, Max: 4, Diff: 4, Sum: 7]
      [Scan RS (ms): Min: 0.0, Avg: 0.1, Max: 0.1, Diff: 0.1, Sum: 0.4]
      [Code Root Scanning (ms): Min: 0.0, Avg: 0.0, Max: 0.0, Diff: 0.0, Sum: 0.0]
      [Object Copy (ms): Min: 2.2, Avg: 2.2, Max: 2.3, Diff: 0.1, Sum: 8.9]
      [Termination (ms): Min: 0.0, Avg: 0.0, Max: 0.0, Diff: 0.0, Sum: 0.0]
      [GC Worker Other (ms): Min: 0.0, Avg: 0.0, Max: 0.0, Diff: 0.0, Sum: 0.1]
      [GC Worker Total (ms): Min: 2.8, Avg: 2.8, Max: 2.9, Diff: 0.1, Sum: 11.3]
      [GC Worker End (ms): Min: 174120.5, Avg: 174120.5, Max: 174120.5, Diff: 0.0]
   [Code Root Fixup: 0.0 ms]
   [Code Root Migration: 0.0 ms]
   [Clear CT: 0.1 ms]
   [Other: 195.0 ms]
      [Choose CSet: 0.0 ms]
      [Ref Proc: 194.1 ms]
      [Ref Enq: 0.5 ms]
      [Free CSet: 0.3 ms]
   [Eden: 185.0M(185.0M)->0.0B(185.0M) Survivors: 19.0M->19.0M Heap: 2146.7M(4096.0M)->1961.8M(4096.0M)]
 [Times: user=0.70 sys=0.01, real=0.20 secs] 
2016-01-06T00:58:58.221-0800: 174.342: [GC pause (young)
Desired survivor size 13631488 bytes, new threshold 1 (max 15)
- age   1:   17259832 bytes,   17259832 total
2016-01-06T00:58:58.412-0800: 174.533: [SoftReference, 0 refs, 0.0005010 secs]2016-01-06T00:58:58.413-0800: 174.534: [WeakReference, 0 refs, 0.0002410 secs]2016-01-06T00:58:58.413-0800: 174.534: [FinalReference, 0 refs, 0.0002750 secs]2016-01-06T00:58:58.413-0800: 174.534: [PhantomReference, 0 refs, 6245 refs, 0.0007640 secs]2016-01-06T00:58:58.414-0800: 174.535: [JNI Weak Reference, 0.0000090 secs], 0.1944590 secs]
   [Parallel Time: 3.1 ms, GC Workers: 4]
      [GC Worker Start (ms): Min: 174341.7, Avg: 174341.7, Max: 174341.7, Diff: 0.1]
      [Ext Root Scanning (ms): Min: 0.3, Avg: 0.4, Max: 0.4, Diff: 0.1, Sum: 1.5]
      [SATB Filtering (ms): Min: 0.0, Avg: 0.0, Max: 0.0, Diff: 0.0, Sum: 0.0]
      [Update RS (ms): Min: 0.0, Avg: 0.1, Max: 0.3, Diff: 0.3, Sum: 0.4]
         [Processed Buffers: Min: 0, Avg: 1.5, Max: 3, Diff: 3, Sum: 6]
      [Scan RS (ms): Min: 0.0, Avg: 0.1, Max: 0.1, Diff: 0.1, Sum: 0.4]
      [Code Root Scanning (ms): Min: 0.0, Avg: 0.0, Max: 0.0, Diff: 0.0, Sum: 0.0]
      [Object Copy (ms): Min: 2.3, Avg: 2.4, Max: 2.4, Diff: 0.1, Sum: 9.5]
      [Termination (ms): Min: 0.0, Avg: 0.0, Max: 0.0, Diff: 0.0, Sum: 0.0]
      [GC Worker Other (ms): Min: 0.0, Avg: 0.0, Max: 0.0, Diff: 0.0, Sum: 0.1]
      [GC Worker Total (ms): Min: 2.9, Avg: 3.0, Max: 3.0, Diff: 0.1, Sum: 11.9]
      [GC Worker End (ms): Min: 174344.7, Avg: 174344.7, Max: 174344.7, Diff: 0.0]
   [Code Root Fixup: 0.0 ms]
   [Code Root Migration: 0.0 ms]
   [Clear CT: 0.1 ms]
   [Other: 191.3 ms]
      [Choose CSet: 0.0 ms]
      [Ref Proc: 190.2 ms]
      [Ref Enq: 0.6 ms]
      [Free CSet: 0.3 ms]
   [Eden: 185.0M(185.0M)->0.0B(186.0M) Survivors: 19.0M->18.0M Heap: 2146.8M(4096.0M)->1961.3M(4096.0M)]
 [Times: user=0.75 sys=0.00, real=0.19 secs] 
2016-01-06T00:58:58.442-0800: 174.563: [GC pause (young)
Desired survivor size 13631488 bytes, new threshold 1 (max 15)
- age   1:   17259832 bytes,   17259832 total
2016-01-06T00:58:58.639-0800: 174.759: [SoftReference, 0 refs, 0.0006150 secs]2016-01-06T00:58:58.639-0800: 174.760: [WeakReference, 0 refs, 0.0002310 secs]2016-01-06T00:58:58.639-0800: 174.760: [FinalReference, 0 refs, 0.0003640 secs]2016-01-06T00:58:58.640-0800: 174.761: [PhantomReference, 0 refs, 6275 refs, 0.0005730 secs]2016-01-06T00:58:58.640-0800: 174.761: [JNI Weak Reference, 0.0000090 secs], 0.1998400 secs]
   [Parallel Time: 3.0 ms, GC Workers: 4]
      [GC Worker Start (ms): Min: 174562.6, Avg: 174562.6, Max: 174562.7, Diff: 0.1]
      [Ext Root Scanning (ms): Min: 0.3, Avg: 0.4, Max: 0.4, Diff: 0.1, Sum: 1.4]
      [SATB Filtering (ms): Min: 0.0, Avg: 0.0, Max: 0.0, Diff: 0.0, Sum: 0.0]
      [Update RS (ms): Min: 0.0, Avg: 0.1, Max: 0.3, Diff: 0.3, Sum: 0.4]
         [Processed Buffers: Min: 1, Avg: 1.8, Max: 3, Diff: 2, Sum: 7]
      [Scan RS (ms): Min: 0.0, Avg: 0.1, Max: 0.1, Diff: 0.1, Sum: 0.3]
      [Code Root Scanning (ms): Min: 0.0, Avg: 0.0, Max: 0.0, Diff: 0.0, Sum: 0.0]
      [Object Copy (ms): Min: 2.2, Avg: 2.3, Max: 2.3, Diff: 0.1, Sum: 9.1]
      [Termination (ms): Min: 0.0, Avg: 0.0, Max: 0.0, Diff: 0.0, Sum: 0.0]
      [GC Worker Other (ms): Min: 0.0, Avg: 0.0, Max: 0.0, Diff: 0.0, Sum: 0.1]
      [GC Worker Total (ms): Min: 2.8, Avg: 2.9, Max: 2.9, Diff: 0.1, Sum: 11.4]
      [GC Worker End (ms): Min: 174565.5, Avg: 174565.5, Max: 174565.5, Diff: 0.0]
   [Code Root Fixup: 0.0 ms]
   [Code Root Migration: 0.0 ms]
   [Clear CT: 0.1 ms]
   [Other: 196.7 ms]
      [Choose CSet: 0.0 ms]
      [Ref Proc: 195.7 ms]
      [Ref Enq: 0.5 ms]
      [Free CSet: 0.3 ms]
   [Eden: 186.0M(186.0M)->0.0B(185.0M) Survivors: 18.0M->19.0M Heap: 2147.3M(4096.0M)->1961.8M(4096.0M)]
 [Times: user=0.77 sys=0.00, real=0.20 secs] 
2016-01-06T00:58:58.670-0800: 174.791: [GC pause (young)
Desired survivor size 13631488 bytes, new threshold 1 (max 15)
- age   1:   17262064 bytes,   17262064 total
2016-01-06T00:58:58.879-0800: 175.000: [SoftReference, 0 refs, 0.0004990 secs]2016-01-06T00:58:58.879-0800: 175.000: [WeakReference, 0 refs, 0.0002730 secs]2016-01-06T00:58:58.880-0800: 175.001: [FinalReference, 0 refs, 0.0003220 secs]2016-01-06T00:58:58.880-0800: 175.001: [PhantomReference, 0 refs, 6244 refs, 0.0006310 secs]2016-01-06T00:58:58.881-0800: 175.002: [JNI Weak Reference, 0.0000080 secs], 0.2118630 secs]
   [Parallel Time: 3.2 ms, GC Workers: 4]
      [GC Worker Start (ms): Min: 174790.9, Avg: 174790.9, Max: 174790.9, Diff: 0.1]
      [Ext Root Scanning (ms): Min: 0.3, Avg: 0.4, Max: 0.4, Diff: 0.2, Sum: 1.4]
      [SATB Filtering (ms): Min: 0.0, Avg: 0.0, Max: 0.0, Diff: 0.0, Sum: 0.0]
      [Update RS (ms): Min: 0.0, Avg: 0.1, Max: 0.3, Diff: 0.3, Sum: 0.4]
         [Processed Buffers: Min: 1, Avg: 1.8, Max: 4, Diff: 3, Sum: 7]
      [Scan RS (ms): Min: 0.0, Avg: 0.1, Max: 0.1, Diff: 0.1, Sum: 0.4]
      [Code Root Scanning (ms): Min: 0.0, Avg: 0.0, Max: 0.0, Diff: 0.0, Sum: 0.0]
      [Object Copy (ms): Min: 2.4, Avg: 2.4, Max: 2.4, Diff: 0.1, Sum: 9.7]
      [Termination (ms): Min: 0.0, Avg: 0.0, Max: 0.0, Diff: 0.0, Sum: 0.0]
      [GC Worker Other (ms): Min: 0.0, Avg: 0.0, Max: 0.1, Diff: 0.0, Sum: 0.1]
      [GC Worker Total (ms): Min: 3.0, Avg: 3.0, Max: 3.1, Diff: 0.1, Sum: 12.1]
      [GC Worker End (ms): Min: 174793.9, Avg: 174793.9, Max: 174793.9, Diff: 0.0]
   [Code Root Fixup: 0.0 ms]
   [Code Root Migration: 0.0 ms]
   [Clear CT: 0.1 ms]
   [Other: 208.5 ms]
      [Choose CSet: 0.0 ms]
      [Ref Proc: 207.5 ms]
      [Ref Enq: 0.6 ms]
      [Free CSet: 0.3 ms]
   [Eden: 185.0M(185.0M)->0.0B(185.0M) Survivors: 19.0M->19.0M Heap: 2146.8M(4096.0M)->1961.9M(4096.0M)]
 [Times: user=0.75 sys=0.00, real=0.21 secs] 
2016-01-06T00:58:58.910-0800: 175.031: [GC pause (young)
Desired survivor size 13631488 bytes, new threshold 1 (max 15)
- age   1:   17259832 bytes,   17259832 total
2016-01-06T00:58:59.109-0800: 175.230: [SoftReference, 0 refs, 0.0005640 secs]2016-01-06T00:58:59.110-0800: 175.231: [WeakReference, 0 refs, 0.0002920 secs]2016-01-06T00:58:59.110-0800: 175.231: [FinalReference, 0 refs, 0.0003360 secs]2016-01-06T00:58:59.111-0800: 175.231: [PhantomReference, 0 refs, 6245 refs, 0.0008280 secs]2016-01-06T00:58:59.111-0800: 175.232: [JNI Weak Reference, 0.0000090 secs], 0.2024800 secs]
   [Parallel Time: 2.5 ms, GC Workers: 4]
      [GC Worker Start (ms): Min: 175031.0, Avg: 175031.0, Max: 175031.0, Diff: 0.1]
      [Ext Root Scanning (ms): Min: 0.3, Avg: 0.4, Max: 0.4, Diff: 0.1, Sum: 1.4]
      [SATB Filtering (ms): Min: 0.0, Avg: 0.0, Max: 0.0, Diff: 0.0, Sum: 0.0]
      [Update RS (ms): Min: 0.0, Avg: 0.1, Max: 0.3, Diff: 0.3, Sum: 0.4]
         [Processed Buffers: Min: 0, Avg: 1.5, Max: 4, Diff: 4, Sum: 6]
      [Scan RS (ms): Min: 0.0, Avg: 0.1, Max: 0.1, Diff: 0.1, Sum: 0.3]
      [Code Root Scanning (ms): Min: 0.0, Avg: 0.0, Max: 0.0, Diff: 0.0, Sum: 0.0]
      [Object Copy (ms): Min: 1.7, Avg: 1.8, Max: 1.8, Diff: 0.1, Sum: 7.1]
      [Termination (ms): Min: 0.0, Avg: 0.0, Max: 0.0, Diff: 0.0, Sum: 0.0]
      [GC Worker Other (ms): Min: 0.0, Avg: 0.0, Max: 0.1, Diff: 0.0, Sum: 0.1]
      [GC Worker Total (ms): Min: 2.3, Avg: 2.4, Max: 2.4, Diff: 0.1, Sum: 9.5]
      [GC Worker End (ms): Min: 175033.4, Avg: 175033.4, Max: 175033.4, Diff: 0.0]
   [Code Root Fixup: 0.0 ms]
   [Code Root Migration: 0.0 ms]
   [Clear CT: 0.1 ms]
   [Other: 199.8 ms]
      [Choose CSet: 0.0 ms]
      [Ref Proc: 198.8 ms]
      [Ref Enq: 0.5 ms]
      [Free CSet: 0.3 ms]
   [Eden: 185.0M(185.0M)->0.0B(190.0M) Survivors: 19.0M->14.0M Heap: 2146.9M(4096.0M)->1956.9M(4096.0M)]
 [Times: user=0.68 sys=0.01, real=0.20 secs] 
2016-01-06T00:58:59.141-0800: 175.262: [GC pause (young)
Desired survivor size 13631488 bytes, new threshold 15 (max 15)
- age   1:   12105208 bytes,   12105208 total
2016-01-06T00:58:59.333-0800: 175.454: [SoftReference, 0 refs, 0.0005330 secs]2016-01-06T00:58:59.334-0800: 175.455: [WeakReference, 0 refs, 0.0002720 secs]2016-01-06T00:58:59.334-0800: 175.455: [FinalReference, 0 refs, 0.0002630 secs]2016-01-06T00:58:59.335-0800: 175.455: [PhantomReference, 0 refs, 6400 refs, 0.0005390 secs]2016-01-06T00:58:59.335-0800: 175.456: [JNI Weak Reference, 0.0000140 secs], 0.1953720 secs]
   [Parallel Time: 3.1 ms, GC Workers: 4]
      [GC Worker Start (ms): Min: 175261.8, Avg: 175261.8, Max: 175261.8, Diff: 0.1]
      [Ext Root Scanning (ms): Min: 0.3, Avg: 0.4, Max: 0.4, Diff: 0.1, Sum: 1.5]
      [SATB Filtering (ms): Min: 0.0, Avg: 0.0, Max: 0.0, Diff: 0.0, Sum: 0.0]
      [Update RS (ms): Min: 0.0, Avg: 0.1, Max: 0.3, Diff: 0.3, Sum: 0.4]
         [Processed Buffers: Min: 0, Avg: 1.5, Max: 3, Diff: 3, Sum: 6]
      [Scan RS (ms): Min: 0.0, Avg: 0.1, Max: 0.1, Diff: 0.1, Sum: 0.4]
      [Code Root Scanning (ms): Min: 0.0, Avg: 0.0, Max: 0.0, Diff: 0.0, Sum: 0.0]
      [Object Copy (ms): Min: 2.4, Avg: 2.4, Max: 2.5, Diff: 0.1, Sum: 9.7]
      [Termination (ms): Min: 0.0, Avg: 0.0, Max: 0.0, Diff: 0.0, Sum: 0.0]
      [GC Worker Other (ms): Min: 0.0, Avg: 0.0, Max: 0.0, Diff: 0.0, Sum: 0.1]
      [GC Worker Total (ms): Min: 3.0, Avg: 3.0, Max: 3.0, Diff: 0.1, Sum: 12.1]
      [GC Worker End (ms): Min: 175264.8, Avg: 175264.8, Max: 175264.8, Diff: 0.0]
   [Code Root Fixup: 0.0 ms]
   [Code Root Migration: 0.0 ms]
   [Clear CT: 0.1 ms]
   [Other: 192.1 ms]
      [Choose CSet: 0.0 ms]
      [Ref Proc: 191.2 ms]
      [Ref Enq: 0.6 ms]
      [Free CSet: 0.3 ms]
   [Eden: 190.0M(190.0M)->0.0B(185.0M) Survivors: 14.0M->19.0M Heap: 2146.9M(4096.0M)->1961.9M(4096.0M)]
 [Times: user=0.75 sys=0.01, real=0.19 secs] 
2016-01-06T00:58:59.364-0800: 175.485: [GC pause (young)
Desired survivor size 13631488 bytes, new threshold 1 (max 15)
- age   1:   17270992 bytes,   17270992 total
- age   2:      36864 bytes,   17307856 total
2016-01-06T00:58:59.556-0800: 175.677: [SoftReference, 0 refs, 0.0004880 secs]2016-01-06T00:58:59.556-0800: 175.677: [WeakReference, 0 refs, 0.0002170 secs]2016-01-06T00:58:59.557-0800: 175.678: [FinalReference, 0 refs, 0.0003630 secs]2016-01-06T00:58:59.557-0800: 175.678: [PhantomReference, 0 refs, 6245 refs, 0.0005870 secs]2016-01-06T00:58:59.558-0800: 175.679: [JNI Weak Reference, 0.0000110 secs], 0.1943170 secs]
   [Parallel Time: 4.7 ms, GC Workers: 4]
      [GC Worker Start (ms): Min: 175485.4, Avg: 175485.4, Max: 175485.4, Diff: 0.1]
      [Ext Root Scanning (ms): Min: 0.4, Avg: 1.4, Max: 4.5, Diff: 4.2, Sum: 5.8]
      [SATB Filtering (ms): Min: 0.0, Avg: 0.0, Max: 0.0, Diff: 0.0, Sum: 0.0]
      [Update RS (ms): Min: 0.0, Avg: 0.1, Max: 0.2, Diff: 0.2, Sum: 0.2]
         [Processed Buffers: Min: 0, Avg: 1.2, Max: 3, Diff: 3, Sum: 5]
      [Scan RS (ms): Min: 0.0, Avg: 0.1, Max: 0.2, Diff: 0.1, Sum: 0.3]
      [Code Root Scanning (ms): Min: 0.0, Avg: 0.0, Max: 0.0, Diff: 0.0, Sum: 0.0]
      [Object Copy (ms): Min: 0.0, Avg: 1.6, Max: 2.1, Diff: 2.1, Sum: 6.3]
      [Termination (ms): Min: 0.0, Avg: 1.4, Max: 1.8, Diff: 1.8, Sum: 5.5]
      [GC Worker Other (ms): Min: 0.0, Avg: 0.0, Max: 0.0, Diff: 0.0, Sum: 0.0]
      [GC Worker Total (ms): Min: 4.5, Avg: 4.6, Max: 4.6, Diff: 0.0, Sum: 18.3]
      [GC Worker End (ms): Min: 175490.0, Avg: 175490.0, Max: 175490.0, Diff: 0.0]
   [Code Root Fixup: 0.0 ms]
   [Code Root Migration: 0.0 ms]
   [Clear CT: 0.1 ms]
   [Other: 189.4 ms]
      [Choose CSet: 0.0 ms]
      [Ref Proc: 188.5 ms]
      [Ref Enq: 0.5 ms]
      [Free CSet: 0.3 ms]
   [Eden: 185.0M(185.0M)->0.0B(185.0M) Survivors: 19.0M->19.0M Heap: 2146.9M(4096.0M)->1962.0M(4096.0M)]
 [Times: user=0.74 sys=0.00, real=0.20 secs] 
2016-01-06T00:58:59.587-0800: 175.708: [GC pause (young)
Desired survivor size 13631488 bytes, new threshold 1 (max 15)
- age   1:   17259832 bytes,   17259832 total
2016-01-06T00:58:59.792-0800: 175.912: [SoftReference, 0 refs, 0.0007790 secs]2016-01-06T00:58:59.792-0800: 175.913: [WeakReference, 0 refs, 0.0003960 secs]2016-01-06T00:58:59.793-0800: 175.914: [FinalReference, 0 refs, 0.0003510 secs]2016-01-06T00:58:59.793-0800: 175.914: [PhantomReference, 0 refs, 6245 refs, 0.0013070 secs]2016-01-06T00:58:59.794-0800: 175.915: [JNI Weak Reference, 0.0000100 secs], 0.2084040 secs]
   [Parallel Time: 7.9 ms, GC Workers: 4]
      [GC Worker Start (ms): Min: 175708.2, Avg: 175710.5, Max: 175715.9, Diff: 7.8]
      [Ext Root Scanning (ms): Min: 0.0, Avg: 0.3, Max: 0.7, Diff: 0.7, Sum: 1.3]
      [SATB Filtering (ms): Min: 0.0, Avg: 0.0, Max: 0.0, Diff: 0.0, Sum: 0.0]
      [Update RS (ms): Min: 0.0, Avg: 0.1, Max: 0.3, Diff: 0.3, Sum: 0.4]
         [Processed Buffers: Min: 0, Avg: 1.2, Max: 4, Diff: 4, Sum: 5]
      [Scan RS (ms): Min: 0.0, Avg: 0.1, Max: 0.2, Diff: 0.2, Sum: 0.3]
      [Code Root Scanning (ms): Min: 0.0, Avg: 0.0, Max: 0.0, Diff: 0.0, Sum: 0.0]
      [Object Copy (ms): Min: 0.0, Avg: 1.8, Max: 2.6, Diff: 2.6, Sum: 7.1]
      [Termination (ms): Min: 0.0, Avg: 3.2, Max: 4.2, Diff: 4.2, Sum: 12.7]
      [GC Worker Other (ms): Min: 0.0, Avg: 0.0, Max: 0.0, Diff: 0.0, Sum: 0.0]
      [GC Worker Total (ms): Min: 0.1, Avg: 5.5, Max: 7.8, Diff: 7.8, Sum: 21.9]
      [GC Worker End (ms): Min: 175716.0, Avg: 175716.0, Max: 175716.0, Diff: 0.0]
   [Code Root Fixup: 0.0 ms]
   [Code Root Migration: 0.0 ms]
   [Clear CT: 0.1 ms]
   [Other: 200.3 ms]
      [Choose CSet: 0.0 ms]
      [Ref Proc: 199.3 ms]
      [Ref Enq: 0.6 ms]
      [Free CSet: 0.4 ms]
   [Eden: 185.0M(185.0M)->0.0B(185.0M) Survivors: 19.0M->19.0M Heap: 2147.0M(4096.0M)->1962.0M(4096.0M)]
 [Times: user=0.76 sys=0.01, real=0.20 secs] 
2016-01-06T00:58:59.822-0800: 175.943: [GC pause (young)
Desired survivor size 13631488 bytes, new threshold 1 (max 15)
- age   1:   17259832 bytes,   17259832 total
2016-01-06T00:59:00.014-0800: 176.135: [SoftReference, 0 refs, 0.0004540 secs]2016-01-06T00:59:00.015-0800: 176.136: [WeakReference, 0 refs, 0.0002860 secs]2016-01-06T00:59:00.015-0800: 176.136: [FinalReference, 0 refs, 0.0002540 secs]2016-01-06T00:59:00.015-0800: 176.136: [PhantomReference, 0 refs, 6244 refs, 0.0006880 secs]2016-01-06T00:59:00.016-0800: 176.137: [JNI Weak Reference, 0.0000090 secs], 0.1953810 secs]
   [Parallel Time: 3.1 ms, GC Workers: 4]
      [GC Worker Start (ms): Min: 175942.8, Avg: 175942.8, Max: 175942.8, Diff: 0.1]
      [Ext Root Scanning (ms): Min: 0.3, Avg: 0.4, Max: 0.4, Diff: 0.1, Sum: 1.4]
      [SATB Filtering (ms): Min: 0.0, Avg: 0.0, Max: 0.0, Diff: 0.0, Sum: 0.0]
      [Update RS (ms): Min: 0.0, Avg: 0.1, Max: 0.3, Diff: 0.2, Sum: 0.4]
         [Processed Buffers: Min: 0, Avg: 1.2, Max: 3, Diff: 3, Sum: 5]
      [Scan RS (ms): Min: 0.0, Avg: 0.1, Max: 0.1, Diff: 0.1, Sum: 0.3]
      [Code Root Scanning (ms): Min: 0.0, Avg: 0.0, Max: 0.0, Diff: 0.0, Sum: 0.0]
      [Object Copy (ms): Min: 2.3, Avg: 2.4, Max: 2.4, Diff: 0.1, Sum: 9.4]
      [Termination (ms): Min: 0.0, Avg: 0.0, Max: 0.0, Diff: 0.0, Sum: 0.0]
      [GC Worker Other (ms): Min: 0.0, Avg: 0.0, Max: 0.1, Diff: 0.1, Sum: 0.2]
      [GC Worker Total (ms): Min: 2.9, Avg: 3.0, Max: 3.0, Diff: 0.1, Sum: 11.8]
      [GC Worker End (ms): Min: 175945.7, Avg: 175945.8, Max: 175945.8, Diff: 0.1]
   [Code Root Fixup: 0.0 ms]
   [Code Root Migration: 0.0 ms]
   [Clear CT: 0.1 ms]
   [Other: 192.1 ms]
      [Choose CSet: 0.0 ms]
      [Ref Proc: 191.0 ms]
      [Ref Enq: 0.6 ms]
      [Free CSet: 0.4 ms]
   [Eden: 185.0M(185.0M)->0.0B(186.0M) Survivors: 19.0M->18.0M Heap: 2147.0M(4096.0M)->1961.6M(4096.0M)]
 [Times: user=0.76 sys=0.00, real=0.20 secs] 
2016-01-06T00:59:00.046-0800: 176.167: [GC pause (young)
Desired survivor size 13631488 bytes, new threshold 1 (max 15)
- age   1:   17259832 bytes,   17259832 total
2016-01-06T00:59:00.237-0800: 176.357: [SoftReference, 0 refs, 0.0005210 secs]2016-01-06T00:59:00.237-0800: 176.358: [WeakReference, 0 refs, 0.0002330 secs]2016-01-06T00:59:00.237-0800: 176.358: [FinalReference, 0 refs, 0.0002230 secs]2016-01-06T00:59:00.238-0800: 176.358: [PhantomReference, 0 refs, 6275 refs, 0.0005110 secs]2016-01-06T00:59:00.238-0800: 176.359: [JNI Weak Reference, 0.0000130 secs], 0.1933820 secs]
   [Parallel Time: 3.2 ms, GC Workers: 4]
      [GC Worker Start (ms): Min: 176166.8, Avg: 176167.6, Max: 176169.9, Diff: 3.1]
      [Ext Root Scanning (ms): Min: 0.0, Avg: 0.3, Max: 0.4, Diff: 0.4, Sum: 1.2]
      [SATB Filtering (ms): Min: 0.0, Avg: 0.0, Max: 0.0, Diff: 0.0, Sum: 0.0]
      [Update RS (ms): Min: 0.0, Avg: 0.1, Max: 0.2, Diff: 0.2, Sum: 0.3]
         [Processed Buffers: Min: 0, Avg: 1.8, Max: 3, Diff: 3, Sum: 7]
      [Scan RS (ms): Min: 0.0, Avg: 0.1, Max: 0.1, Diff: 0.1, Sum: 0.3]
      [Code Root Scanning (ms): Min: 0.0, Avg: 0.0, Max: 0.0, Diff: 0.0, Sum: 0.0]
      [Object Copy (ms): Min: 0.0, Avg: 1.6, Max: 2.1, Diff: 2.1, Sum: 6.4]
      [Termination (ms): Min: 0.0, Avg: 0.3, Max: 0.4, Diff: 0.4, Sum: 1.1]
      [GC Worker Other (ms): Min: 0.0, Avg: 0.0, Max: 0.0, Diff: 0.0, Sum: 0.0]
      [GC Worker Total (ms): Min: 0.0, Avg: 2.4, Max: 3.2, Diff: 3.1, Sum: 9.4]
      [GC Worker End (ms): Min: 176169.9, Avg: 176170.0, Max: 176170.0, Diff: 0.0]
   [Code Root Fixup: 0.0 ms]
   [Code Root Migration: 0.0 ms]
   [Clear CT: 0.1 ms]
   [Other: 190.0 ms]
      [Choose CSet: 0.0 ms]
      [Ref Proc: 189.0 ms]
      [Ref Enq: 0.5 ms]
      [Free CSet: 0.3 ms]
   [Eden: 186.0M(186.0M)->0.0B(478.0M) Survivors: 18.0M->19.0M Heap: 2147.6M(4096.0M)->1962.1M(4096.0M)]
 [Times: user=0.75 sys=0.00, real=0.19 secs] 
2016-01-06T00:59:00.313-0800: 176.434: [GC pause (young)
Desired survivor size 33030144 bytes, new threshold 15 (max 15)
- age   1:   17262064 bytes,   17262064 total
2016-01-06T00:59:00.502-0800: 176.623: [SoftReference, 0 refs, 0.0006140 secs]2016-01-06T00:59:00.513-0800: 176.634: [WeakReference, 0 refs, 0.0002700 secs]2016-01-06T00:59:00.513-0800: 176.634: [FinalReference, 0 refs, 0.0002300 secs]2016-01-06T00:59:00.513-0800: 176.634: [PhantomReference, 0 refs, 15327 refs, 0.0007980 secs]2016-01-06T00:59:00.514-0800: 176.635: [JNI Weak Reference, 0.0000100 secs], 0.2039230 secs]
   [Parallel Time: 4.1 ms, GC Workers: 4]
      [GC Worker Start (ms): Min: 176433.8, Avg: 176433.8, Max: 176433.9, Diff: 0.1]
      [Ext Root Scanning (ms): Min: 0.3, Avg: 0.4, Max: 0.4, Diff: 0.0, Sum: 1.4]
      [SATB Filtering (ms): Min: 0.0, Avg: 0.0, Max: 0.0, Diff: 0.0, Sum: 0.0]
      [Update RS (ms): Min: 0.0, Avg: 0.1, Max: 0.3, Diff: 0.3, Sum: 0.4]
         [Processed Buffers: Min: 0, Avg: 1.5, Max: 3, Diff: 3, Sum: 6]
      [Scan RS (ms): Min: 0.1, Avg: 0.2, Max: 0.3, Diff: 0.2, Sum: 0.9]
      [Code Root Scanning (ms): Min: 0.0, Avg: 0.0, Max: 0.0, Diff: 0.0, Sum: 0.1]
      [Object Copy (ms): Min: 3.2, Avg: 3.2, Max: 3.2, Diff: 0.0, Sum: 13.0]
      [Termination (ms): Min: 0.0, Avg: 0.0, Max: 0.0, Diff: 0.0, Sum: 0.0]
      [GC Worker Other (ms): Min: 0.0, Avg: 0.0, Max: 0.1, Diff: 0.0, Sum: 0.2]
      [GC Worker Total (ms): Min: 4.0, Avg: 4.0, Max: 4.0, Diff: 0.1, Sum: 16.0]
      [GC Worker End (ms): Min: 176437.8, Avg: 176437.8, Max: 176437.8, Diff: 0.0]
   [Code Root Fixup: 0.0 ms]
   [Code Root Migration: 0.1 ms]
   [Clear CT: 0.2 ms]
   [Other: 199.5 ms]
      [Choose CSet: 0.0 ms]
      [Ref Proc: 197.2 ms]
      [Ref Enq: 1.5 ms]
      [Free CSet: 0.7 ms]
   [Eden: 478.0M(478.0M)->0.0B(185.0M) Survivors: 19.0M->19.0M Heap: 2440.1M(4096.0M)->1962.6M(4096.0M)]
 [Times: user=0.76 sys=0.00, real=0.20 secs] 
2016-01-06T00:59:00.546-0800: 176.666: [GC pause (young)
Desired survivor size 13631488 bytes, new threshold 1 (max 15)
- age   1:   17913808 bytes,   17913808 total
- age   2:      36864 bytes,   17950672 total
2016-01-06T00:59:00.737-0800: 176.858: [SoftReference, 0 refs, 0.0005070 secs]2016-01-06T00:59:00.738-0800: 176.859: [WeakReference, 0 refs, 0.0003630 secs]2016-01-06T00:59:00.738-0800: 176.859: [FinalReference, 0 refs, 0.0002560 secs]2016-01-06T00:59:00.739-0800: 176.860: [PhantomReference, 0 refs, 6245 refs, 0.0006910 secs]2016-01-06T00:59:00.739-0800: 176.860: [JNI Weak Reference, 0.0000080 secs], 0.1947900 secs]
   [Parallel Time: 3.5 ms, GC Workers: 4]
      [GC Worker Start (ms): Min: 176666.5, Avg: 176666.6, Max: 176666.6, Diff: 0.1]
      [Ext Root Scanning (ms): Min: 0.4, Avg: 1.1, Max: 3.3, Diff: 3.0, Sum: 4.6]
      [SATB Filtering (ms): Min: 0.0, Avg: 0.0, Max: 0.0, Diff: 0.0, Sum: 0.0]
      [Update RS (ms): Min: 0.0, Avg: 0.1, Max: 0.3, Diff: 0.3, Sum: 0.3]
         [Processed Buffers: Min: 0, Avg: 1.2, Max: 4, Diff: 4, Sum: 5]
      [Scan RS (ms): Min: 0.0, Avg: 0.1, Max: 0.2, Diff: 0.1, Sum: 0.3]
      [Code Root Scanning (ms): Min: 0.0, Avg: 0.0, Max: 0.0, Diff: 0.0, Sum: 0.0]
      [Object Copy (ms): Min: 0.0, Avg: 1.7, Max: 2.3, Diff: 2.3, Sum: 7.0]
      [Termination (ms): Min: 0.0, Avg: 0.3, Max: 0.5, Diff: 0.5, Sum: 1.3]
      [GC Worker Other (ms): Min: 0.0, Avg: 0.0, Max: 0.0, Diff: 0.0, Sum: 0.0]
      [GC Worker Total (ms): Min: 3.4, Avg: 3.4, Max: 3.4, Diff: 0.0, Sum: 13.5]
      [GC Worker End (ms): Min: 176670.0, Avg: 176670.0, Max: 176670.0, Diff: 0.0]
   [Code Root Fixup: 0.0 ms]
   [Code Root Migration: 0.0 ms]
   [Clear CT: 0.1 ms]
   [Other: 191.1 ms]
      [Choose CSet: 0.0 ms]
      [Ref Proc: 190.2 ms]
      [Ref Enq: 0.5 ms]
      [Free CSet: 0.3 ms]
   [Eden: 185.0M(185.0M)->0.0B(381.0M) Survivors: 19.0M->18.0M Heap: 2147.6M(4096.0M)->1961.1M(4096.0M)]
 [Times: user=0.76 sys=0.00, real=0.19 secs] 
2016-01-06T00:59:00.799-0800: 176.920: [GC pause (young)
Desired survivor size 26214400 bytes, new threshold 15 (max 15)
- age   1:   17259832 bytes,   17259832 total
2016-01-06T00:59:00.991-0800: 177.112: [SoftReference, 0 refs, 0.0005410 secs]2016-01-06T00:59:00.992-0800: 177.112: [WeakReference, 0 refs, 0.0003570 secs]2016-01-06T00:59:00.992-0800: 177.113: [FinalReference, 0 refs, 0.0002480 secs]2016-01-06T00:59:00.992-0800: 177.113: [PhantomReference, 0 refs, 12320 refs, 0.0006840 secs]2016-01-06T00:59:00.993-0800: 177.114: [JNI Weak Reference, 0.0000090 secs], 0.1954500 secs]
   [Parallel Time: 6.1 ms, GC Workers: 4]
      [GC Worker Start (ms): Min: 176920.2, Avg: 176921.6, Max: 176925.9, Diff: 5.7]
      [Ext Root Scanning (ms): Min: 0.0, Avg: 0.4, Max: 0.5, Diff: 0.5, Sum: 1.4]
      [SATB Filtering (ms): Min: 0.0, Avg: 0.0, Max: 0.0, Diff: 0.0, Sum: 0.0]
      [Update RS (ms): Min: 0.0, Avg: 0.1, Max: 0.3, Diff: 0.2, Sum: 0.4]
         [Processed Buffers: Min: 0, Avg: 1.2, Max: 3, Diff: 3, Sum: 5]
      [Scan RS (ms): Min: 0.0, Avg: 0.2, Max: 0.3, Diff: 0.2, Sum: 0.7]
      [Code Root Scanning (ms): Min: 0.0, Avg: 0.0, Max: 0.0, Diff: 0.0, Sum: 0.1]
      [Object Copy (ms): Min: 0.0, Avg: 1.9, Max: 2.5, Diff: 2.5, Sum: 7.5]
      [Termination (ms): Min: 0.0, Avg: 1.8, Max: 2.4, Diff: 2.4, Sum: 7.2]
      [GC Worker Other (ms): Min: 0.0, Avg: 0.0, Max: 0.0, Diff: 0.0, Sum: 0.1]
      [GC Worker Total (ms): Min: 0.1, Avg: 4.3, Max: 5.8, Diff: 5.7, Sum: 17.4]
      [GC Worker End (ms): Min: 176925.9, Avg: 176925.9, Max: 176926.0, Diff: 0.0]
   [Code Root Fixup: 0.0 ms]
   [Code Root Migration: 0.1 ms]
   [Clear CT: 0.2 ms]
   [Other: 189.1 ms]
      [Choose CSet: 0.0 ms]
      [Ref Proc: 187.6 ms]
      [Ref Enq: 0.9 ms]
      [Free CSet: 0.5 ms]
   [Eden: 381.0M(381.0M)->0.0B(450.0M) Survivors: 18.0M->6144.0K Heap: 2342.1M(4096.0M)->1949.6M(4096.0M)]
 [Times: user=0.69 sys=0.00, real=0.19 secs] 
2016-01-06T00:59:01.064-0800: 177.185: [GC pause (young)
Desired survivor size 29884416 bytes, new threshold 15 (max 15)
- age   1:    5483800 bytes,    5483800 total
- age   2:      36864 bytes,    5520664 total
2016-01-06T00:59:01.256-0800: 177.376: [SoftReference, 0 refs, 0.0004220 secs]2016-01-06T00:59:01.256-0800: 177.377: [WeakReference, 0 refs, 0.0002200 secs]2016-01-06T00:59:01.256-0800: 177.377: [FinalReference, 0 refs, 0.0002300 secs]2016-01-06T00:59:01.256-0800: 177.377: [PhantomReference, 0 refs, 14460 refs, 0.0008240 secs]2016-01-06T00:59:01.257-0800: 177.378: [JNI Weak Reference, 0.0000090 secs], 0.1953210 secs]
   [Parallel Time: 4.1 ms, GC Workers: 4]
      [GC Worker Start (ms): Min: 177185.0, Avg: 177185.1, Max: 177185.1, Diff: 0.1]
      [Ext Root Scanning (ms): Min: 0.3, Avg: 0.4, Max: 0.4, Diff: 0.1, Sum: 1.4]
      [SATB Filtering (ms): Min: 0.0, Avg: 0.0, Max: 0.0, Diff: 0.0, Sum: 0.0]
      [Update RS (ms): Min: 0.0, Avg: 0.1, Max: 0.3, Diff: 0.3, Sum: 0.3]
         [Processed Buffers: Min: 0, Avg: 1.2, Max: 2, Diff: 2, Sum: 5]
      [Scan RS (ms): Min: 0.1, Avg: 0.2, Max: 0.3, Diff: 0.2, Sum: 0.8]
      [Code Root Scanning (ms): Min: 0.0, Avg: 0.0, Max: 0.0, Diff: 0.0, Sum: 0.1]
      [Object Copy (ms): Min: 3.2, Avg: 3.2, Max: 3.2, Diff: 0.0, Sum: 12.9]
      [Termination (ms): Min: 0.0, Avg: 0.0, Max: 0.0, Diff: 0.0, Sum: 0.0]
      [GC Worker Other (ms): Min: 0.0, Avg: 0.0, Max: 0.1, Diff: 0.1, Sum: 0.2]
      [GC Worker Total (ms): Min: 3.9, Avg: 3.9, Max: 4.0, Diff: 0.1, Sum: 15.7]
      [GC Worker End (ms): Min: 177189.0, Avg: 177189.0, Max: 177189.0, Diff: 0.1]
   [Code Root Fixup: 0.0 ms]
   [Code Root Migration: 0.1 ms]
   [Clear CT: 0.2 ms]
   [Other: 191.0 ms]
      [Choose CSet: 0.0 ms]
      [Ref Proc: 189.1 ms]
      [Ref Enq: 1.1 ms]
      [Free CSet: 0.7 ms]
   [Eden: 450.0M(450.0M)->0.0B(786.0M) Survivors: 6144.0K->19.0M Heap: 2399.6M(4096.0M)->1962.6M(4096.0M)]
 [Times: user=0.74 sys=0.00, real=0.20 secs] 
2016-01-06T00:59:01.373-0800: 177.494: [GC pause (young)
Desired survivor size 52953088 bytes, new threshold 15 (max 15)
- age   1:   17851312 bytes,   17851312 total
- age   2:      36864 bytes,   17888176 total
2016-01-06T00:59:01.566-0800: 177.687: [SoftReference, 0 refs, 0.0004800 secs]2016-01-06T00:59:01.566-0800: 177.687: [WeakReference, 0 refs, 0.0002180 secs]2016-01-06T00:59:01.566-0800: 177.687: [FinalReference, 0 refs, 0.0002370 secs]2016-01-06T00:59:01.567-0800: 177.688: [PhantomReference, 0 refs, 24874 refs, 0.0010530 secs]2016-01-06T00:59:01.568-0800: 177.689: [JNI Weak Reference, 0.0000090 secs], 0.1983280 secs]
   [Parallel Time: 6.3 ms, GC Workers: 4]
      [GC Worker Start (ms): Min: 177494.3, Avg: 177494.4, Max: 177494.4, Diff: 0.1]
      [Ext Root Scanning (ms): Min: 0.3, Avg: 0.4, Max: 0.4, Diff: 0.2, Sum: 1.4]
      [SATB Filtering (ms): Min: 0.0, Avg: 0.0, Max: 0.0, Diff: 0.0, Sum: 0.0]
      [Update RS (ms): Min: 0.0, Avg: 0.1, Max: 0.3, Diff: 0.3, Sum: 0.3]
         [Processed Buffers: Min: 0, Avg: 1.2, Max: 2, Diff: 2, Sum: 5]
      [Scan RS (ms): Min: 0.2, Avg: 0.4, Max: 0.4, Diff: 0.2, Sum: 1.4]
      [Code Root Scanning (ms): Min: 0.0, Avg: 0.0, Max: 0.0, Diff: 0.0, Sum: 0.2]
      [Object Copy (ms): Min: 5.2, Avg: 5.2, Max: 5.2, Diff: 0.1, Sum: 20.8]
      [Termination (ms): Min: 0.0, Avg: 0.0, Max: 0.0, Diff: 0.0, Sum: 0.0]
      [GC Worker Other (ms): Min: 0.0, Avg: 0.1, Max: 0.1, Diff: 0.1, Sum: 0.2]
      [GC Worker Total (ms): Min: 6.0, Avg: 6.1, Max: 6.2, Diff: 0.1, Sum: 24.4]
      [GC Worker End (ms): Min: 177500.4, Avg: 177500.5, Max: 177500.5, Diff: 0.1]
   [Code Root Fixup: 0.0 ms]
   [Code Root Migration: 0.1 ms]
   [Clear CT: 0.3 ms]
   [Other: 191.7 ms]
      [Choose CSet: 0.0 ms]
      [Ref Proc: 188.1 ms]
      [Ref Enq: 2.5 ms]
      [Free CSet: 1.0 ms]
   [Eden: 786.0M(786.0M)->0.0B(836.0M) Survivors: 19.0M->20.0M Heap: 2748.6M(4096.0M)->1963.6M(4096.0M)]
 [Times: user=0.77 sys=0.00, real=0.20 secs] 
2016-01-06T00:59:01.698-0800: 177.818: [GC pause (young)
Desired survivor size 56098816 bytes, new threshold 15 (max 15)
- age   1:   18601264 bytes,   18601264 total
- age   2:      36864 bytes,   18638128 total
2016-01-06T00:59:01.915-0800: 178.036: [SoftReference, 0 refs, 0.0005420 secs]2016-01-06T00:59:01.915-0800: 178.036: [WeakReference, 0 refs, 0.0002390 secs]2016-01-06T00:59:01.915-0800: 178.036: [FinalReference, 0 refs, 0.0003330 secs]2016-01-06T00:59:01.916-0800: 178.037: [PhantomReference, 0 refs, 26426 refs, 0.0011780 secs]2016-01-06T00:59:01.917-0800: 178.038: [JNI Weak Reference, 0.0000130 secs], 0.2229130 secs]
   [Parallel Time: 9.7 ms, GC Workers: 4]
      [GC Worker Start (ms): Min: 177818.5, Avg: 177821.7, Max: 177827.9, Diff: 9.4]
      [Ext Root Scanning (ms): Min: 0.0, Avg: 0.3, Max: 0.6, Diff: 0.6, Sum: 1.2]
      [SATB Filtering (ms): Min: 0.0, Avg: 0.0, Max: 0.0, Diff: 0.0, Sum: 0.0]
      [Update RS (ms): Min: 0.0, Avg: 0.1, Max: 0.1, Diff: 0.1, Sum: 0.2]
         [Processed Buffers: Min: 0, Avg: 1.5, Max: 5, Diff: 5, Sum: 6]
      [Scan RS (ms): Min: 0.1, Avg: 0.3, Max: 0.6, Diff: 0.5, Sum: 1.4]
      [Code Root Scanning (ms): Min: 0.0, Avg: 0.0, Max: 0.1, Diff: 0.1, Sum: 0.1]
      [Object Copy (ms): Min: 0.0, Avg: 3.6, Max: 5.6, Diff: 5.6, Sum: 14.6]
      [Termination (ms): Min: 0.0, Avg: 2.0, Max: 2.7, Diff: 2.7, Sum: 8.1]
      [GC Worker Other (ms): Min: 0.0, Avg: 0.0, Max: 0.0, Diff: 0.0, Sum: 0.0]
      [GC Worker Total (ms): Min: 0.2, Avg: 6.4, Max: 9.6, Diff: 9.4, Sum: 25.7]
      [GC Worker End (ms): Min: 177828.1, Avg: 177828.1, Max: 177828.1, Diff: 0.0]
   [Code Root Fixup: 0.0 ms]
   [Code Root Migration: 0.1 ms]
   [Clear CT: 0.2 ms]
   [Other: 212.8 ms]
      [Choose CSet: 0.0 ms]
      [Ref Proc: 209.7 ms]
      [Ref Enq: 2.0 ms]
      [Free CSet: 1.1 ms]
   [Eden: 836.0M(836.0M)->0.0B(184.0M) Survivors: 20.0M->20.0M Heap: 2799.6M(4096.0M)->1963.6M(4096.0M)]
 [Times: user=0.72 sys=0.00, real=0.22 secs] 
2016-01-06T00:59:01.948-0800: 178.069: [GC pause (young)
Desired survivor size 13631488 bytes, new threshold 1 (max 15)
- age   1:   18712864 bytes,   18712864 total
- age   2:      36864 bytes,   18749728 total
2016-01-06T00:59:02.137-0800: 178.258: [SoftReference, 0 refs, 0.0004780 secs]2016-01-06T00:59:02.138-0800: 178.259: [WeakReference, 0 refs, 0.0002050 secs]2016-01-06T00:59:02.138-0800: 178.259: [FinalReference, 0 refs, 0.0003360 secs]2016-01-06T00:59:02.139-0800: 178.259: [PhantomReference, 0 refs, 6213 refs, 0.0005510 secs]2016-01-06T00:59:02.139-0800: 178.260: [JNI Weak Reference, 0.0000090 secs], 0.1925260 secs]
   [Parallel Time: 3.2 ms, GC Workers: 4]
      [GC Worker Start (ms): Min: 178068.6, Avg: 178068.9, Max: 178069.9, Diff: 1.3]
      [Ext Root Scanning (ms): Min: 0.0, Avg: 0.3, Max: 0.4, Diff: 0.4, Sum: 1.2]
      [SATB Filtering (ms): Min: 0.0, Avg: 0.0, Max: 0.0, Diff: 0.0, Sum: 0.0]
      [Update RS (ms): Min: 0.0, Avg: 0.1, Max: 0.1, Diff: 0.1, Sum: 0.3]
         [Processed Buffers: Min: 0, Avg: 1.2, Max: 2, Diff: 2, Sum: 5]
      [Scan RS (ms): Min: 0.0, Avg: 0.1, Max: 0.1, Diff: 0.1, Sum: 0.3]
      [Code Root Scanning (ms): Min: 0.0, Avg: 0.0, Max: 0.0, Diff: 0.0, Sum: 0.0]
      [Object Copy (ms): Min: 1.8, Avg: 2.3, Max: 2.4, Diff: 0.7, Sum: 9.0]
      [Termination (ms): Min: 0.0, Avg: 0.0, Max: 0.0, Diff: 0.0, Sum: 0.0]
      [GC Worker Other (ms): Min: 0.0, Avg: 0.0, Max: 0.0, Diff: 0.0, Sum: 0.0]
      [GC Worker Total (ms): Min: 1.8, Avg: 2.7, Max: 3.1, Diff: 1.3, Sum: 11.0]
      [GC Worker End (ms): Min: 178071.7, Avg: 178071.7, Max: 178071.7, Diff: 0.0]
   [Code Root Fixup: 0.0 ms]
   [Code Root Migration: 0.0 ms]
   [Clear CT: 0.1 ms]
   [Other: 189.2 ms]
      [Choose CSet: 0.0 ms]
      [Ref Proc: 188.2 ms]
      [Ref Enq: 0.5 ms]
      [Free CSet: 0.3 ms]
   [Eden: 184.0M(184.0M)->0.0B(185.0M) Survivors: 20.0M->19.0M Heap: 2147.6M(4096.0M)->1962.2M(4096.0M)]
 [Times: user=0.74 sys=0.01, real=0.19 secs] 
2016-01-06T00:59:02.169-0800: 178.290: [GC pause (young)
Desired survivor size 13631488 bytes, new threshold 1 (max 15)
- age   1:   17257600 bytes,   17257600 total
2016-01-06T00:59:02.358-0800: 178.479: [SoftReference, 0 refs, 0.0004260 secs]2016-01-06T00:59:02.359-0800: 178.480: [WeakReference, 0 refs, 0.0002770 secs]2016-01-06T00:59:02.359-0800: 178.480: [FinalReference, 0 refs, 0.0003610 secs]2016-01-06T00:59:02.359-0800: 178.480: [PhantomReference, 0 refs, 6243 refs, 0.0006970 secs]2016-01-06T00:59:02.360-0800: 178.481: [JNI Weak Reference, 0.0000230 secs], 0.1919780 secs]
   [Parallel Time: 3.2 ms, GC Workers: 4]
      [GC Worker Start (ms): Min: 178290.3, Avg: 178290.3, Max: 178290.4, Diff: 0.1]
      [Ext Root Scanning (ms): Min: 0.3, Avg: 0.4, Max: 0.4, Diff: 0.1, Sum: 1.5]
      [SATB Filtering (ms): Min: 0.0, Avg: 0.0, Max: 0.0, Diff: 0.0, Sum: 0.0]
      [Update RS (ms): Min: 0.0, Avg: 0.1, Max: 0.1, Diff: 0.1, Sum: 0.4]
         [Processed Buffers: Min: 1, Avg: 1.2, Max: 2, Diff: 1, Sum: 5]
      [Scan RS (ms): Min: 0.1, Avg: 0.1, Max: 0.1, Diff: 0.1, Sum: 0.4]
      [Code Root Scanning (ms): Min: 0.0, Avg: 0.0, Max: 0.0, Diff: 0.0, Sum: 0.0]
      [Object Copy (ms): Min: 2.4, Avg: 2.4, Max: 2.4, Diff: 0.0, Sum: 9.6]
      [Termination (ms): Min: 0.0, Avg: 0.0, Max: 0.0, Diff: 0.0, Sum: 0.0]
      [GC Worker Other (ms): Min: 0.0, Avg: 0.0, Max: 0.1, Diff: 0.1, Sum: 0.2]
      [GC Worker Total (ms): Min: 3.0, Avg: 3.0, Max: 3.1, Diff: 0.1, Sum: 12.1]
      [GC Worker End (ms): Min: 178293.3, Avg: 178293.4, Max: 178293.4, Diff: 0.1]
   [Code Root Fixup: 0.0 ms]
   [Code Root Migration: 0.0 ms]
   [Clear CT: 0.1 ms]
   [Other: 188.6 ms]
      [Choose CSet: 0.0 ms]
      [Ref Proc: 187.6 ms]
      [Ref Enq: 0.6 ms]
      [Free CSet: 0.3 ms]
   [Eden: 185.0M(185.0M)->0.0B(186.0M) Survivors: 19.0M->18.0M Heap: 2147.2M(4096.0M)->1961.7M(4096.0M)]
 [Times: user=0.74 sys=0.00, real=0.19 secs] 
2016-01-06T00:59:02.390-0800: 178.511: [GC pause (young)
Desired survivor size 13631488 bytes, new threshold 1 (max 15)
- age   1:   17259832 bytes,   17259832 total
2016-01-06T00:59:02.578-0800: 178.699: [SoftReference, 0 refs, 0.0004300 secs]2016-01-06T00:59:02.578-0800: 178.699: [WeakReference, 0 refs, 0.0002570 secs]2016-01-06T00:59:02.578-0800: 178.699: [FinalReference, 0 refs, 0.0002540 secs]2016-01-06T00:59:02.579-0800: 178.700: [PhantomReference, 0 refs, 6275 refs, 0.0005820 secs]2016-01-06T00:59:02.579-0800: 178.700: [JNI Weak Reference, 0.0000100 secs], 0.1905090 secs]
   [Parallel Time: 3.1 ms, GC Workers: 4]
      [GC Worker Start (ms): Min: 178510.9, Avg: 178511.1, Max: 178511.9, Diff: 1.0]
      [Ext Root Scanning (ms): Min: 0.0, Avg: 0.3, Max: 0.5, Diff: 0.4, Sum: 1.2]
      [SATB Filtering (ms): Min: 0.0, Avg: 0.0, Max: 0.0, Diff: 0.0, Sum: 0.0]
      [Update RS (ms): Min: 0.0, Avg: 0.1, Max: 0.2, Diff: 0.2, Sum: 0.3]
         [Processed Buffers: Min: 0, Avg: 1.5, Max: 3, Diff: 3, Sum: 6]
      [Scan RS (ms): Min: 0.0, Avg: 0.1, Max: 0.1, Diff: 0.1, Sum: 0.3]
      [Code Root Scanning (ms): Min: 0.0, Avg: 0.0, Max: 0.0, Diff: 0.0, Sum: 0.0]
      [Object Copy (ms): Min: 2.0, Avg: 2.3, Max: 2.4, Diff: 0.4, Sum: 9.2]
      [Termination (ms): Min: 0.0, Avg: 0.0, Max: 0.0, Diff: 0.0, Sum: 0.0]
      [GC Worker Other (ms): Min: 0.0, Avg: 0.0, Max: 0.0, Diff: 0.0, Sum: 0.1]
      [GC Worker Total (ms): Min: 2.0, Avg: 2.8, Max: 3.1, Diff: 1.0, Sum: 11.2]
      [GC Worker End (ms): Min: 178513.9, Avg: 178513.9, Max: 178513.9, Diff: 0.0]
   [Code Root Fixup: 0.0 ms]
   [Code Root Migration: 0.0 ms]
   [Clear CT: 0.1 ms]
   [Other: 187.2 ms]
      [Choose CSet: 0.0 ms]
      [Ref Proc: 186.2 ms]
      [Ref Enq: 0.6 ms]
      [Free CSet: 0.3 ms]
   [Eden: 186.0M(186.0M)->0.0B(505.0M) Survivors: 18.0M->19.0M Heap: 2147.7M(4096.0M)->1962.8M(4096.0M)]
 [Times: user=0.74 sys=0.00, real=0.19 secs] 
2016-01-06T00:59:02.657-0800: 178.778: [GC pause (young)
Desired survivor size 34603008 bytes, new threshold 15 (max 15)
- age   1:   17262064 bytes,   17262064 total
2016-01-06T00:59:02.848-0800: 178.969: [SoftReference, 0 refs, 0.0006980 secs]2016-01-06T00:59:02.849-0800: 178.970: [WeakReference, 0 refs, 0.0002890 secs]2016-01-06T00:59:02.849-0800: 178.970: [FinalReference, 0 refs, 0.0003940 secs]2016-01-06T00:59:02.850-0800: 178.970: [PhantomReference, 0 refs, 16162 refs, 0.0012590 secs]2016-01-06T00:59:02.851-0800: 178.972: [JNI Weak Reference, 0.0000140 secs], 0.1962400 secs]
   [Parallel Time: 4.3 ms, GC Workers: 4]
      [GC Worker Start (ms): Min: 178777.8, Avg: 178777.8, Max: 178777.9, Diff: 0.1]
      [Ext Root Scanning (ms): Min: 0.4, Avg: 0.4, Max: 0.5, Diff: 0.1, Sum: 1.7]
      [SATB Filtering (ms): Min: 0.0, Avg: 0.0, Max: 0.0, Diff: 0.0, Sum: 0.0]
      [Update RS (ms): Min: 0.0, Avg: 0.1, Max: 0.2, Diff: 0.2, Sum: 0.4]
         [Processed Buffers: Min: 1, Avg: 1.5, Max: 2, Diff: 1, Sum: 6]
      [Scan RS (ms): Min: 0.1, Avg: 0.2, Max: 0.3, Diff: 0.2, Sum: 0.9]
      [Code Root Scanning (ms): Min: 0.0, Avg: 0.0, Max: 0.0, Diff: 0.0, Sum: 0.1]
      [Object Copy (ms): Min: 3.4, Avg: 3.4, Max: 3.4, Diff: 0.0, Sum: 13.6]
      [Termination (ms): Min: 0.0, Avg: 0.0, Max: 0.0, Diff: 0.0, Sum: 0.0]
      [GC Worker Other (ms): Min: 0.0, Avg: 0.0, Max: 0.1, Diff: 0.0, Sum: 0.1]
      [GC Worker Total (ms): Min: 4.2, Avg: 4.2, Max: 4.3, Diff: 0.1, Sum: 16.9]
      [GC Worker End (ms): Min: 178782.0, Avg: 178782.0, Max: 178782.1, Diff: 0.0]
   [Code Root Fixup: 0.0 ms]
   [Code Root Migration: 0.1 ms]
   [Clear CT: 0.3 ms]
   [Other: 191.5 ms]
      [Choose CSet: 0.0 ms]
      [Ref Proc: 189.6 ms]
      [Ref Enq: 0.7 ms]
      [Free CSet: 1.1 ms]
   [Eden: 505.0M(505.0M)->0.0B(706.0M) Survivors: 19.0M->19.0M Heap: 2467.8M(4096.0M)->1962.3M(4096.0M)]
 [Times: user=0.75 sys=0.00, real=0.20 secs] 
2016-01-06T00:59:02.957-0800: 179.078: [GC pause (young)
Desired survivor size 47710208 bytes, new threshold 15 (max 15)
- age   1:   17974072 bytes,   17974072 total
- age   2:      36864 bytes,   18010936 total
2016-01-06T00:59:03.158-0800: 179.279: [SoftReference, 0 refs, 0.0004940 secs]2016-01-06T00:59:03.158-0800: 179.279: [WeakReference, 0 refs, 0.0002420 secs]2016-01-06T00:59:03.158-0800: 179.279: [FinalReference, 0 refs, 0.0002380 secs]2016-01-06T00:59:03.159-0800: 179.280: [PhantomReference, 0 refs, 22395 refs, 0.0009760 secs]2016-01-06T00:59:03.160-0800: 179.281: [JNI Weak Reference, 0.0000090 secs], 0.2057250 secs]
   [Parallel Time: 11.8 ms, GC Workers: 4]
      [GC Worker Start (ms): Min: 179078.1, Avg: 179078.2, Max: 179078.2, Diff: 0.1]
      [Ext Root Scanning (ms): Min: 0.3, Avg: 0.4, Max: 0.4, Diff: 0.1, Sum: 1.4]
      [SATB Filtering (ms): Min: 0.0, Avg: 0.0, Max: 0.0, Diff: 0.0, Sum: 0.0]
      [Update RS (ms): Min: 0.0, Avg: 0.1, Max: 0.2, Diff: 0.2, Sum: 0.3]
         [Processed Buffers: Min: 0, Avg: 1.5, Max: 2, Diff: 2, Sum: 6]
      [Scan RS (ms): Min: 0.2, Avg: 0.3, Max: 0.4, Diff: 0.1, Sum: 1.3]
      [Code Root Scanning (ms): Min: 0.0, Avg: 0.0, Max: 0.0, Diff: 0.0, Sum: 0.2]
      [Object Copy (ms): Min: 5.5, Avg: 6.8, Max: 10.9, Diff: 5.5, Sum: 27.3]
      [Termination (ms): Min: 0.0, Avg: 4.1, Max: 5.5, Diff: 5.5, Sum: 16.4]
      [GC Worker Other (ms): Min: 0.0, Avg: 0.0, Max: 0.0, Diff: 0.0, Sum: 0.1]
      [GC Worker Total (ms): Min: 11.7, Avg: 11.7, Max: 11.8, Diff: 0.1, Sum: 47.0]
      [GC Worker End (ms): Min: 179089.9, Avg: 179089.9, Max: 179089.9, Diff: 0.0]
   [Code Root Fixup: 0.0 ms]
   [Code Root Migration: 0.1 ms]
   [Clear CT: 0.2 ms]
   [Other: 193.6 ms]
      [Choose CSet: 0.0 ms]
      [Ref Proc: 190.7 ms]
      [Ref Enq: 1.8 ms]
      [Free CSet: 1.0 ms]
   [Eden: 706.0M(706.0M)->0.0B(287.0M) Survivors: 19.0M->20.0M Heap: 2668.3M(4096.0M)->1963.3M(4096.0M)]
 [Times: user=0.75 sys=0.00, real=0.20 secs] 
2016-01-06T00:59:03.204-0800: 179.325: [GC pause (young)
Desired survivor size 20447232 bytes, new threshold 15 (max 15)
- age   1:   18422704 bytes,   18422704 total
- age   2:      36864 bytes,   18459568 total
2016-01-06T00:59:03.393-0800: 179.514: [SoftReference, 0 refs, 0.0004450 secs]2016-01-06T00:59:03.394-0800: 179.514: [WeakReference, 0 refs, 0.0002510 secs]2016-01-06T00:59:03.394-0800: 179.515: [FinalReference, 0 refs, 0.0002390 secs]2016-01-06T00:59:03.394-0800: 179.515: [PhantomReference, 0 refs, 9407 refs, 0.0006890 secs]2016-01-06T00:59:03.395-0800: 179.516: [JNI Weak Reference, 0.0000080 secs], 0.1920330 secs]
   [Parallel Time: 3.1 ms, GC Workers: 4]
      [GC Worker Start (ms): Min: 179325.1, Avg: 179325.2, Max: 179325.2, Diff: 0.1]
      [Ext Root Scanning (ms): Min: 0.3, Avg: 0.4, Max: 0.4, Diff: 0.1, Sum: 1.4]
      [SATB Filtering (ms): Min: 0.0, Avg: 0.0, Max: 0.0, Diff: 0.0, Sum: 0.0]
      [Update RS (ms): Min: 0.0, Avg: 0.1, Max: 0.3, Diff: 0.3, Sum: 0.3]
         [Processed Buffers: Min: 0, Avg: 1.2, Max: 3, Diff: 3, Sum: 5]
      [Scan RS (ms): Min: 0.0, Avg: 0.1, Max: 0.2, Diff: 0.2, Sum: 0.5]
      [Code Root Scanning (ms): Min: 0.0, Avg: 0.0, Max: 0.0, Diff: 0.0, Sum: 0.1]
      [Object Copy (ms): Min: 2.2, Avg: 2.3, Max: 2.3, Diff: 0.1, Sum: 9.1]
      [Termination (ms): Min: 0.0, Avg: 0.1, Max: 0.1, Diff: 0.1, Sum: 0.3]
      [GC Worker Other (ms): Min: 0.0, Avg: 0.0, Max: 0.0, Diff: 0.0, Sum: 0.0]
      [GC Worker Total (ms): Min: 2.9, Avg: 2.9, Max: 2.9, Diff: 0.0, Sum: 11.7]
      [GC Worker End (ms): Min: 179328.1, Avg: 179328.1, Max: 179328.1, Diff: 0.0]
   [Code Root Fixup: 0.0 ms]
   [Code Root Migration: 0.0 ms]
   [Clear CT: 0.1 ms]
   [Other: 188.8 ms]
      [Choose CSet: 0.0 ms]
      [Ref Proc: 187.5 ms]
      [Ref Enq: 0.7 ms]
      [Free CSet: 0.5 ms]
   [Eden: 287.0M(287.0M)->0.0B(201.0M) Survivors: 20.0M->3072.0K Heap: 2250.3M(4096.0M)->1946.3M(4096.0M)]
 [Times: user=0.75 sys=0.00, real=0.19 secs] 
2016-01-06T00:59:03.427-0800: 179.548: [GC pause (young)
Desired survivor size 13631488 bytes, new threshold 15 (max 15)
- age   1:    1169992 bytes,    1169992 total
- age   2:      36864 bytes,    1206856 total
2016-01-06T00:59:03.618-0800: 179.739: [SoftReference, 0 refs, 0.0005220 secs]2016-01-06T00:59:03.619-0800: 179.740: [WeakReference, 0 refs, 0.0002410 secs]2016-01-06T00:59:03.619-0800: 179.740: [FinalReference, 0 refs, 0.0002360 secs]2016-01-06T00:59:03.619-0800: 179.740: [PhantomReference, 0 refs, 6741 refs, 0.0007200 secs]2016-01-06T00:59:03.620-0800: 179.741: [JNI Weak Reference, 0.0000090 secs], 0.1936140 secs]
   [Parallel Time: 4.4 ms, GC Workers: 4]
      [GC Worker Start (ms): Min: 179548.4, Avg: 179548.4, Max: 179548.5, Diff: 0.1]
      [Ext Root Scanning (ms): Min: 0.3, Avg: 0.4, Max: 0.4, Diff: 0.1, Sum: 1.4]
      [SATB Filtering (ms): Min: 0.0, Avg: 0.0, Max: 0.0, Diff: 0.0, Sum: 0.0]
      [Update RS (ms): Min: 0.0, Avg: 0.1, Max: 0.3, Diff: 0.3, Sum: 0.3]
         [Processed Buffers: Min: 0, Avg: 1.5, Max: 3, Diff: 3, Sum: 6]
      [Scan RS (ms): Min: 0.0, Avg: 0.1, Max: 0.1, Diff: 0.1, Sum: 0.3]
      [Code Root Scanning (ms): Min: 0.0, Avg: 0.0, Max: 0.0, Diff: 0.0, Sum: 0.0]
      [Object Copy (ms): Min: 2.4, Avg: 2.8, Max: 3.8, Diff: 1.3, Sum: 11.2]
      [Termination (ms): Min: 0.0, Avg: 0.9, Max: 1.3, Diff: 1.3, Sum: 3.8]
      [GC Worker Other (ms): Min: 0.0, Avg: 0.0, Max: 0.0, Diff: 0.0, Sum: 0.0]
      [GC Worker Total (ms): Min: 4.3, Avg: 4.3, Max: 4.3, Diff: 0.1, Sum: 17.2]
      [GC Worker End (ms): Min: 179552.7, Avg: 179552.7, Max: 179552.7, Diff: 0.0]
   [Code Root Fixup: 0.0 ms]
   [Code Root Migration: 0.0 ms]
   [Clear CT: 0.1 ms]
   [Other: 189.0 ms]
      [Choose CSet: 0.0 ms]
      [Ref Proc: 188.0 ms]
      [Ref Enq: 0.6 ms]
      [Free CSet: 0.4 ms]
   [Eden: 201.0M(201.0M)->0.0B(185.0M) Survivors: 3072.0K->19.0M Heap: 2147.3M(4096.0M)->1962.3M(4096.0M)]
 [Times: user=0.71 sys=0.00, real=0.19 secs] 
2016-01-06T00:59:03.647-0800: 179.768: [GC pause (young)
Desired survivor size 13631488 bytes, new threshold 1 (max 15)
- age   1:   17295544 bytes,   17295544 total
- age   2:      36864 bytes,   17332408 total
2016-01-06T00:59:03.838-0800: 179.959: [SoftReference, 0 refs, 0.0004490 secs]2016-01-06T00:59:03.839-0800: 179.960: [WeakReference, 0 refs, 0.0003580 secs]2016-01-06T00:59:03.839-0800: 179.960: [FinalReference, 0 refs, 0.0002360 secs]2016-01-06T00:59:03.840-0800: 179.960: [PhantomReference, 0 refs, 6245 refs, 0.0006960 secs]2016-01-06T00:59:03.840-0800: 179.961: [JNI Weak Reference, 0.0000100 secs], 0.1941950 secs]
   [Parallel Time: 3.0 ms, GC Workers: 4]
      [GC Worker Start (ms): Min: 179768.1, Avg: 179768.6, Max: 179769.9, Diff: 1.8]
      [Ext Root Scanning (ms): Min: 0.0, Avg: 0.3, Max: 0.5, Diff: 0.5, Sum: 1.3]
      [SATB Filtering (ms): Min: 0.0, Avg: 0.0, Max: 0.0, Diff: 0.0, Sum: 0.0]
      [Update RS (ms): Min: 0.0, Avg: 0.1, Max: 0.3, Diff: 0.3, Sum: 0.3]
         [Processed Buffers: Min: 0, Avg: 1.2, Max: 4, Diff: 4, Sum: 5]
      [Scan RS (ms): Min: 0.0, Avg: 0.1, Max: 0.2, Diff: 0.2, Sum: 0.3]
      [Code Root Scanning (ms): Min: 0.0, Avg: 0.0, Max: 0.0, Diff: 0.0, Sum: 0.0]
      [Object Copy (ms): Min: 1.0, Avg: 1.9, Max: 2.3, Diff: 1.2, Sum: 7.8]
      [Termination (ms): Min: 0.0, Avg: 0.0, Max: 0.0, Diff: 0.0, Sum: 0.0]
      [GC Worker Other (ms): Min: 0.0, Avg: 0.0, Max: 0.1, Diff: 0.0, Sum: 0.1]
      [GC Worker Total (ms): Min: 1.1, Avg: 2.4, Max: 2.9, Diff: 1.8, Sum: 9.8]
      [GC Worker End (ms): Min: 179771.0, Avg: 179771.0, Max: 179771.0, Diff: 0.0]
   [Code Root Fixup: 0.0 ms]
   [Code Root Migration: 0.0 ms]
   [Clear CT: 0.1 ms]
   [Other: 191.1 ms]
      [Choose CSet: 0.0 ms]
      [Ref Proc: 190.1 ms]
      [Ref Enq: 0.5 ms]
      [Free CSet: 0.4 ms]
   [Eden: 185.0M(185.0M)->0.0B(314.0M) Survivors: 19.0M->19.0M Heap: 2147.3M(4096.0M)->1962.3M(4096.0M)]
 [Times: user=0.71 sys=0.00, real=0.19 secs] 
2016-01-06T00:59:03.891-0800: 180.012: [GC pause (young)
Desired survivor size 22020096 bytes, new threshold 15 (max 15)
- age   1:   17259832 bytes,   17259832 total
2016-01-06T00:59:04.084-0800: 180.204: [SoftReference, 0 refs, 0.0004000 secs]2016-01-06T00:59:04.084-0800: 180.205: [WeakReference, 0 refs, 0.0003650 secs]2016-01-06T00:59:04.084-0800: 180.205: [FinalReference, 0 refs, 0.0002880 secs]2016-01-06T00:59:04.085-0800: 180.205: [PhantomReference, 0 refs, 10244 refs, 0.0006170 secs]2016-01-06T00:59:04.085-0800: 180.206: [JNI Weak Reference, 0.0000090 secs], 0.1958150 secs]
   [Parallel Time: 4.0 ms, GC Workers: 4]
      [GC Worker Start (ms): Min: 180012.1, Avg: 180012.9, Max: 180013.7, Diff: 1.6]
      [Ext Root Scanning (ms): Min: 0.0, Avg: 0.3, Max: 0.6, Diff: 0.6, Sum: 1.2]
      [SATB Filtering (ms): Min: 0.0, Avg: 0.0, Max: 0.0, Diff: 0.0, Sum: 0.0]
      [Update RS (ms): Min: 0.0, Avg: 0.1, Max: 0.3, Diff: 0.3, Sum: 0.4]
         [Processed Buffers: Min: 0, Avg: 1.5, Max: 5, Diff: 5, Sum: 6]
      [Scan RS (ms): Min: 0.0, Avg: 0.1, Max: 0.3, Diff: 0.3, Sum: 0.4]
      [Code Root Scanning (ms): Min: 0.0, Avg: 0.0, Max: 0.0, Diff: 0.0, Sum: 0.1]
      [Object Copy (ms): Min: 2.3, Avg: 2.6, Max: 2.9, Diff: 0.6, Sum: 10.3]
      [Termination (ms): Min: 0.0, Avg: 0.0, Max: 0.0, Diff: 0.0, Sum: 0.0]
      [GC Worker Other (ms): Min: 0.0, Avg: 0.0, Max: 0.0, Diff: 0.0, Sum: 0.1]
      [GC Worker Total (ms): Min: 2.3, Avg: 3.1, Max: 3.9, Diff: 1.6, Sum: 12.4]
      [GC Worker End (ms): Min: 180016.0, Avg: 180016.0, Max: 180016.0, Diff: 0.0]
   [Code Root Fixup: 0.0 ms]
   [Code Root Migration: 0.1 ms]
   [Clear CT: 0.2 ms]
   [Other: 191.6 ms]
      [Choose CSet: 0.0 ms]
      [Ref Proc: 190.1 ms]
      [Ref Enq: 1.0 ms]
      [Free CSet: 0.5 ms]
   [Eden: 314.0M(314.0M)->0.0B(483.0M) Survivors: 19.0M->19.0M Heap: 2276.3M(4096.0M)->1962.3M(4096.0M)]
 [Times: user=0.74 sys=0.00, real=0.20 secs] 
2016-01-06T00:59:04.162-0800: 180.283: [GC pause (young)
Desired survivor size 33030144 bytes, new threshold 15 (max 15)
- age   1:   17547760 bytes,   17547760 total
- age   2:      36864 bytes,   17584624 total
2016-01-06T00:59:04.356-0800: 180.477: [SoftReference, 0 refs, 0.0004450 secs]2016-01-06T00:59:04.356-0800: 180.477: [WeakReference, 0 refs, 0.0002660 secs]2016-01-06T00:59:04.357-0800: 180.478: [FinalReference, 0 refs, 0.0002420 secs]2016-01-06T00:59:04.357-0800: 180.478: [PhantomReference, 0 refs, 15483 refs, 0.0008190 secs]2016-01-06T00:59:04.358-0800: 180.479: [JNI Weak Reference, 0.0000090 secs], 0.1985430 secs]
   [Parallel Time: 4.7 ms, GC Workers: 4]
      [GC Worker Start (ms): Min: 180282.7, Avg: 180282.8, Max: 180283.0, Diff: 0.3]
      [Ext Root Scanning (ms): Min: 0.2, Avg: 1.1, Max: 3.3, Diff: 3.0, Sum: 4.5]
      [SATB Filtering (ms): Min: 0.0, Avg: 0.0, Max: 0.0, Diff: 0.0, Sum: 0.0]
      [Update RS (ms): Min: 0.0, Avg: 0.1, Max: 0.3, Diff: 0.3, Sum: 0.3]
         [Processed Buffers: Min: 0, Avg: 1.5, Max: 4, Diff: 4, Sum: 6]
      [Scan RS (ms): Min: 0.1, Avg: 0.2, Max: 0.4, Diff: 0.2, Sum: 1.0]
      [Code Root Scanning (ms): Min: 0.0, Avg: 0.0, Max: 0.0, Diff: 0.0, Sum: 0.1]
      [Object Copy (ms): Min: 1.1, Avg: 3.0, Max: 3.6, Diff: 2.5, Sum: 11.9]
      [Termination (ms): Min: 0.0, Avg: 0.0, Max: 0.0, Diff: 0.0, Sum: 0.0]
      [GC Worker Other (ms): Min: 0.0, Avg: 0.0, Max: 0.1, Diff: 0.0, Sum: 0.2]
      [GC Worker Total (ms): Min: 4.2, Avg: 4.5, Max: 4.6, Diff: 0.3, Sum: 17.9]
      [GC Worker End (ms): Min: 180287.2, Avg: 180287.3, Max: 180287.3, Diff: 0.0]
   [Code Root Fixup: 0.0 ms]
   [Code Root Migration: 0.1 ms]
   [Clear CT: 0.1 ms]
   [Other: 193.7 ms]
      [Choose CSet: 0.0 ms]
      [Ref Proc: 191.4 ms]
      [Ref Enq: 1.5 ms]
      [Free CSet: 0.7 ms]
   [Eden: 483.0M(483.0M)->0.0B(466.0M) Survivors: 19.0M->20.0M Heap: 2445.3M(4096.0M)->1963.3M(4096.0M)]
 [Times: user=0.77 sys=0.00, real=0.20 secs] 
2016-01-06T00:59:04.431-0800: 180.552: [GC pause (young)
Desired survivor size 31981568 bytes, new threshold 15 (max 15)
- age   1:   17924968 bytes,   17924968 total
- age   2:      36864 bytes,   17961832 total
2016-01-06T00:59:04.621-0800: 180.742: [SoftReference, 0 refs, 0.0005380 secs]2016-01-06T00:59:04.622-0800: 180.743: [WeakReference, 0 refs, 0.0002150 secs]2016-01-06T00:59:04.622-0800: 180.743: [FinalReference, 0 refs, 0.0002510 secs]2016-01-06T00:59:04.622-0800: 180.743: [PhantomReference, 0 refs, 14955 refs, 0.0008590 secs]2016-01-06T00:59:04.623-0800: 180.744: [JNI Weak Reference, 0.0000150 secs], 0.1944500 secs]
   [Parallel Time: 4.6 ms, GC Workers: 4]
      [GC Worker Start (ms): Min: 180551.9, Avg: 180552.0, Max: 180552.2, Diff: 0.3]
      [Ext Root Scanning (ms): Min: 0.2, Avg: 0.5, Max: 0.9, Diff: 0.8, Sum: 2.1]
      [SATB Filtering (ms): Min: 0.0, Avg: 0.0, Max: 0.0, Diff: 0.0, Sum: 0.0]
      [Update RS (ms): Min: 0.0, Avg: 0.1, Max: 0.3, Diff: 0.3, Sum: 0.3]
         [Processed Buffers: Min: 0, Avg: 1.2, Max: 3, Diff: 3, Sum: 5]
      [Scan RS (ms): Min: 0.0, Avg: 0.3, Max: 0.4, Diff: 0.4, Sum: 1.2]
      [Code Root Scanning (ms): Min: 0.0, Avg: 0.0, Max: 0.0, Diff: 0.0, Sum: 0.1]
      [Object Copy (ms): Min: 3.3, Avg: 3.5, Max: 3.6, Diff: 0.4, Sum: 13.9]
      [Termination (ms): Min: 0.0, Avg: 0.0, Max: 0.0, Diff: 0.0, Sum: 0.0]
      [GC Worker Other (ms): Min: 0.0, Avg: 0.0, Max: 0.0, Diff: 0.0, Sum: 0.1]
      [GC Worker Total (ms): Min: 4.2, Avg: 4.4, Max: 4.5, Diff: 0.3, Sum: 17.6]
      [GC Worker End (ms): Min: 180556.4, Avg: 180556.4, Max: 180556.4, Diff: 0.0]
   [Code Root Fixup: 0.0 ms]
   [Code Root Migration: 0.1 ms]
   [Clear CT: 0.1 ms]
   [Other: 189.6 ms]
      [Choose CSet: 0.0 ms]
      [Ref Proc: 187.6 ms]
      [Ref Enq: 1.2 ms]
      [Free CSet: 0.7 ms]
   [Eden: 466.0M(466.0M)->0.0B(847.0M) Survivors: 20.0M->19.0M Heap: 2429.3M(4096.0M)->1962.8M(4096.0M)]
 [Times: user=0.75 sys=0.00, real=0.20 secs] 
2016-01-06T00:59:04.746-0800: 180.866: [GC pause (young)
Desired survivor size 57147392 bytes, new threshold 15 (max 15)
- age   1:   17887024 bytes,   17887024 total
- age   2:      36864 bytes,   17923888 total
2016-01-06T00:59:04.952-0800: 181.073: [SoftReference, 0 refs, 0.0005460 secs]2016-01-06T00:59:04.953-0800: 181.074: [WeakReference, 0 refs, 0.0006410 secs]2016-01-06T00:59:04.953-0800: 181.074: [FinalReference, 0 refs, 0.0003060 secs]2016-01-06T00:59:04.954-0800: 181.075: [PhantomReference, 0 refs, 26766 refs, 0.0009900 secs]2016-01-06T00:59:04.955-0800: 181.076: [JNI Weak Reference, 0.0000090 secs], 0.2135100 secs]
   [Parallel Time: 6.7 ms, GC Workers: 4]
      [GC Worker Start (ms): Min: 180866.5, Avg: 180866.5, Max: 180866.6, Diff: 0.1]
      [Ext Root Scanning (ms): Min: 0.3, Avg: 0.4, Max: 0.4, Diff: 0.1, Sum: 1.4]
      [SATB Filtering (ms): Min: 0.0, Avg: 0.0, Max: 0.0, Diff: 0.0, Sum: 0.0]
      [Update RS (ms): Min: 0.0, Avg: 0.1, Max: 0.3, Diff: 0.3, Sum: 0.3]
         [Processed Buffers: Min: 0, Avg: 1.2, Max: 3, Diff: 3, Sum: 5]
      [Scan RS (ms): Min: 0.3, Avg: 0.4, Max: 0.5, Diff: 0.2, Sum: 1.6]
      [Code Root Scanning (ms): Min: 0.0, Avg: 0.0, Max: 0.1, Diff: 0.0, Sum: 0.2]
      [Object Copy (ms): Min: 5.6, Avg: 5.6, Max: 5.7, Diff: 0.0, Sum: 22.6]
      [Termination (ms): Min: 0.0, Avg: 0.0, Max: 0.0, Diff: 0.0, Sum: 0.0]
      [GC Worker Other (ms): Min: 0.0, Avg: 0.1, Max: 0.1, Diff: 0.0, Sum: 0.2]
      [GC Worker Total (ms): Min: 6.6, Avg: 6.6, Max: 6.6, Diff: 0.0, Sum: 26.3]
      [GC Worker End (ms): Min: 180873.1, Avg: 180873.1, Max: 180873.1, Diff: 0.0]
   [Code Root Fixup: 0.0 ms]
   [Code Root Migration: 0.1 ms]
   [Clear CT: 0.3 ms]
   [Other: 206.4 ms]
      [Choose CSet: 0.0 ms]
      [Ref Proc: 202.5 ms]
      [Ref Enq: 2.7 ms]
      [Free CSet: 1.1 ms]
   [Eden: 847.0M(847.0M)->0.0B(184.0M) Survivors: 19.0M->20.0M Heap: 2809.8M(4096.0M)->1963.8M(4096.0M)]
 [Times: user=0.74 sys=0.02, real=0.21 secs] 
2016-01-06T00:59:04.987-0800: 181.108: [GC pause (young)
Desired survivor size 13631488 bytes, new threshold 1 (max 15)
- age   1:   18737416 bytes,   18737416 total
- age   2:      36864 bytes,   18774280 total
2016-01-06T00:59:05.208-0800: 181.329: [SoftReference, 0 refs, 0.0006790 secs]2016-01-06T00:59:05.208-0800: 181.329: [WeakReference, 0 refs, 0.0002190 secs]2016-01-06T00:59:05.209-0800: 181.330: [FinalReference, 0 refs, 0.0002380 secs]2016-01-06T00:59:05.209-0800: 181.330: [PhantomReference, 0 refs, 6213 refs, 0.0005490 secs]2016-01-06T00:59:05.209-0800: 181.330: [JNI Weak Reference, 0.0000090 secs], 0.2239290 secs]
   [Parallel Time: 3.0 ms, GC Workers: 4]
      [GC Worker Start (ms): Min: 181107.6, Avg: 181107.6, Max: 181107.6, Diff: 0.1]
      [Ext Root Scanning (ms): Min: 0.3, Avg: 0.4, Max: 0.4, Diff: 0.1, Sum: 1.4]
      [SATB Filtering (ms): Min: 0.0, Avg: 0.0, Max: 0.0, Diff: 0.0, Sum: 0.0]
      [Update RS (ms): Min: 0.0, Avg: 0.1, Max: 0.3, Diff: 0.3, Sum: 0.3]
         [Processed Buffers: Min: 0, Avg: 1.2, Max: 3, Diff: 3, Sum: 5]
      [Scan RS (ms): Min: 0.0, Avg: 0.1, Max: 0.1, Diff: 0.1, Sum: 0.4]
      [Code Root Scanning (ms): Min: 0.0, Avg: 0.0, Max: 0.0, Diff: 0.0, Sum: 0.0]
      [Object Copy (ms): Min: 2.3, Avg: 2.4, Max: 2.4, Diff: 0.1, Sum: 9.6]
      [Termination (ms): Min: 0.0, Avg: 0.0, Max: 0.0, Diff: 0.0, Sum: 0.0]
      [GC Worker Other (ms): Min: 0.0, Avg: 0.0, Max: 0.0, Diff: 0.0, Sum: 0.1]
      [GC Worker Total (ms): Min: 2.9, Avg: 3.0, Max: 3.0, Diff: 0.1, Sum: 11.8]
      [GC Worker End (ms): Min: 181110.6, Avg: 181110.6, Max: 181110.6, Diff: 0.0]
   [Code Root Fixup: 0.0 ms]
   [Code Root Migration: 0.0 ms]
   [Clear CT: 0.1 ms]
   [Other: 220.8 ms]
      [Choose CSet: 0.0 ms]
      [Ref Proc: 219.8 ms]
      [Ref Enq: 0.6 ms]
      [Free CSet: 0.3 ms]
   [Eden: 184.0M(184.0M)->0.0B(186.0M) Survivors: 20.0M->18.0M Heap: 2147.8M(4096.0M)->1961.8M(4096.0M)]
 [Times: user=0.83 sys=0.00, real=0.22 secs] 
2016-01-06T00:59:05.237-0800: 181.358: [GC pause (young)
Desired survivor size 13631488 bytes, new threshold 1 (max 15)
- age   1:   17257600 bytes,   17257600 total
2016-01-06T00:59:05.428-0800: 181.549: [SoftReference, 0 refs, 0.0004430 secs]2016-01-06T00:59:05.428-0800: 181.549: [WeakReference, 0 refs, 0.0003430 secs]2016-01-06T00:59:05.428-0800: 181.549: [FinalReference, 0 refs, 0.0002430 secs]2016-01-06T00:59:05.429-0800: 181.550: [PhantomReference, 0 refs, 6275 refs, 0.0006320 secs]2016-01-06T00:59:05.429-0800: 181.550: [JNI Weak Reference, 0.0000080 secs], 0.1933670 secs]
   [Parallel Time: 4.1 ms, GC Workers: 4]
      [GC Worker Start (ms): Min: 181358.0, Avg: 181359.0, Max: 181361.9, Diff: 3.9]
      [Ext Root Scanning (ms): Min: 0.0, Avg: 0.3, Max: 0.4, Diff: 0.4, Sum: 1.3]
      [SATB Filtering (ms): Min: 0.0, Avg: 0.0, Max: 0.0, Diff: 0.0, Sum: 0.0]
      [Update RS (ms): Min: 0.0, Avg: 0.1, Max: 0.2, Diff: 0.2, Sum: 0.3]
         [Processed Buffers: Min: 0, Avg: 1.5, Max: 3, Diff: 3, Sum: 6]
      [Scan RS (ms): Min: 0.0, Avg: 0.1, Max: 0.1, Diff: 0.1, Sum: 0.4]
      [Code Root Scanning (ms): Min: 0.0, Avg: 0.0, Max: 0.0, Diff: 0.0, Sum: 0.0]
      [Object Copy (ms): Min: 0.0, Avg: 1.7, Max: 2.2, Diff: 2.2, Sum: 6.7]
      [Termination (ms): Min: 0.0, Avg: 0.8, Max: 1.1, Diff: 1.1, Sum: 3.2]
      [GC Worker Other (ms): Min: 0.0, Avg: 0.0, Max: 0.0, Diff: 0.0, Sum: 0.0]
      [GC Worker Total (ms): Min: 0.1, Avg: 3.0, Max: 4.0, Diff: 3.9, Sum: 12.0]
      [GC Worker End (ms): Min: 181362.0, Avg: 181362.0, Max: 181362.0, Diff: 0.0]
   [Code Root Fixup: 0.0 ms]
   [Code Root Migration: 0.0 ms]
   [Clear CT: 0.1 ms]
   [Other: 189.2 ms]
      [Choose CSet: 0.0 ms]
      [Ref Proc: 188.2 ms]
      [Ref Enq: 0.6 ms]
      [Free CSet: 0.3 ms]
   [Eden: 186.0M(186.0M)->0.0B(186.0M) Survivors: 18.0M->18.0M Heap: 2147.8M(4096.0M)->1961.9M(4096.0M)]
 [Times: user=0.75 sys=0.00, real=0.19 secs] 
2016-01-06T00:59:05.456-0800: 181.577: [GC pause (young)
Desired survivor size 13631488 bytes, new threshold 1 (max 15)
- age   1:   17262064 bytes,   17262064 total
2016-01-06T00:59:05.647-0800: 181.768: [SoftReference, 0 refs, 0.0005470 secs]2016-01-06T00:59:05.648-0800: 181.769: [WeakReference, 0 refs, 0.0002440 secs]2016-01-06T00:59:05.649-0800: 181.769: [FinalReference, 0 refs, 0.0003640 secs]2016-01-06T00:59:05.649-0800: 181.770: [PhantomReference, 0 refs, 6273 refs, 0.0005760 secs]2016-01-06T00:59:05.650-0800: 181.770: [JNI Weak Reference, 0.0000080 secs], 0.1942190 secs]
   [Parallel Time: 3.0 ms, GC Workers: 4]
      [GC Worker Start (ms): Min: 181577.4, Avg: 181577.5, Max: 181577.5, Diff: 0.1]
      [Ext Root Scanning (ms): Min: 0.3, Avg: 0.4, Max: 0.4, Diff: 0.1, Sum: 1.4]
      [SATB Filtering (ms): Min: 0.0, Avg: 0.0, Max: 0.0, Diff: 0.0, Sum: 0.0]
      [Update RS (ms): Min: 0.0, Avg: 0.1, Max: 0.3, Diff: 0.3, Sum: 0.4]
         [Processed Buffers: Min: 0, Avg: 1.2, Max: 3, Diff: 3, Sum: 5]
      [Scan RS (ms): Min: 0.0, Avg: 0.1, Max: 0.1, Diff: 0.1, Sum: 0.3]
      [Code Root Scanning (ms): Min: 0.0, Avg: 0.0, Max: 0.0, Diff: 0.0, Sum: 0.0]
      [Object Copy (ms): Min: 2.2, Avg: 2.3, Max: 2.3, Diff: 0.1, Sum: 9.2]
      [Termination (ms): Min: 0.0, Avg: 0.0, Max: 0.0, Diff: 0.0, Sum: 0.0]
      [GC Worker Other (ms): Min: 0.0, Avg: 0.0, Max: 0.1, Diff: 0.0, Sum: 0.1]
      [GC Worker Total (ms): Min: 2.9, Avg: 2.9, Max: 2.9, Diff: 0.1, Sum: 11.6]
      [GC Worker End (ms): Min: 181580.3, Avg: 181580.4, Max: 181580.4, Diff: 0.0]
   [Code Root Fixup: 0.0 ms]
   [Code Root Migration: 0.0 ms]
   [Clear CT: 0.1 ms]
   [Other: 191.0 ms]
      [Choose CSet: 0.0 ms]
      [Ref Proc: 190.0 ms]
      [Ref Enq: 0.6 ms]
      [Free CSet: 0.3 ms]
   [Eden: 186.0M(186.0M)->0.0B(186.0M) Survivors: 18.0M->18.0M Heap: 2147.9M(4096.0M)->1961.9M(4096.0M)]
 [Times: user=0.74 sys=0.01, real=0.20 secs] 
2016-01-06T00:59:05.679-0800: 181.800: [GC pause (young)
Desired survivor size 13631488 bytes, new threshold 1 (max 15)
- age   1:   17262064 bytes,   17262064 total
2016-01-06T00:59:05.889-0800: 182.010: [SoftReference, 0 refs, 0.0005160 secs]2016-01-06T00:59:05.889-0800: 182.010: [WeakReference, 0 refs, 0.0002320 secs]2016-01-06T00:59:05.890-0800: 182.011: [FinalReference, 0 refs, 0.0002340 secs]2016-01-06T00:59:05.890-0800: 182.011: [PhantomReference, 0 refs, 6274 refs, 0.0005590 secs]2016-01-06T00:59:05.890-0800: 182.011: [JNI Weak Reference, 0.0000090 secs], 0.2123180 secs]
   [Parallel Time: 3.0 ms, GC Workers: 4]
      [GC Worker Start (ms): Min: 181800.1, Avg: 181800.2, Max: 181800.2, Diff: 0.1]
      [Ext Root Scanning (ms): Min: 0.3, Avg: 0.4, Max: 0.4, Diff: 0.1, Sum: 1.4]
      [SATB Filtering (ms): Min: 0.0, Avg: 0.0, Max: 0.0, Diff: 0.0, Sum: 0.0]
      [Update RS (ms): Min: 0.0, Avg: 0.1, Max: 0.3, Diff: 0.2, Sum: 0.4]
         [Processed Buffers: Min: 1, Avg: 1.8, Max: 3, Diff: 2, Sum: 7]
      [Scan RS (ms): Min: 0.0, Avg: 0.1, Max: 0.1, Diff: 0.1, Sum: 0.3]
      [Code Root Scanning (ms): Min: 0.0, Avg: 0.0, Max: 0.0, Diff: 0.0, Sum: 0.0]
      [Object Copy (ms): Min: 2.3, Avg: 2.3, Max: 2.3, Diff: 0.1, Sum: 9.3]
      [Termination (ms): Min: 0.0, Avg: 0.0, Max: 0.0, Diff: 0.0, Sum: 0.0]
      [GC Worker Other (ms): Min: 0.0, Avg: 0.0, Max: 0.0, Diff: 0.0, Sum: 0.1]
      [GC Worker Total (ms): Min: 2.9, Avg: 2.9, Max: 2.9, Diff: 0.1, Sum: 11.6]
      [GC Worker End (ms): Min: 181803.1, Avg: 181803.1, Max: 181803.1, Diff: 0.0]
   [Code Root Fixup: 0.0 ms]
   [Code Root Migration: 0.0 ms]
   [Clear CT: 0.1 ms]
   [Other: 209.2 ms]
      [Choose CSet: 0.0 ms]
      [Ref Proc: 208.2 ms]
      [Ref Enq: 0.5 ms]
      [Free CSet: 0.3 ms]
   [Eden: 186.0M(186.0M)->0.0B(186.0M) Survivors: 18.0M->18.0M Heap: 2147.9M(4096.0M)->1962.0M(4096.0M)]
 [Times: user=0.75 sys=0.01, real=0.21 secs] 
2016-01-06T00:59:05.918-0800: 182.039: [GC pause (young)
Desired survivor size 13631488 bytes, new threshold 1 (max 15)
- age   1:   17262064 bytes,   17262064 total
2016-01-06T00:59:06.112-0800: 182.233: [SoftReference, 0 refs, 0.0005960 secs]2016-01-06T00:59:06.113-0800: 182.234: [WeakReference, 0 refs, 0.0002420 secs]2016-01-06T00:59:06.113-0800: 182.234: [FinalReference, 0 refs, 0.0003540 secs]2016-01-06T00:59:06.113-0800: 182.234: [PhantomReference, 0 refs, 6275 refs, 0.0006780 secs]2016-01-06T00:59:06.114-0800: 182.235: [JNI Weak Reference, 0.0000120 secs], 0.1975590 secs]
   [Parallel Time: 3.6 ms, GC Workers: 4]
      [GC Worker Start (ms): Min: 182038.6, Avg: 182039.5, Max: 182042.0, Diff: 3.4]
      [Ext Root Scanning (ms): Min: 0.0, Avg: 0.3, Max: 0.5, Diff: 0.5, Sum: 1.4]
      [SATB Filtering (ms): Min: 0.0, Avg: 0.0, Max: 0.0, Diff: 0.0, Sum: 0.0]
      [Update RS (ms): Min: 0.0, Avg: 0.1, Max: 0.3, Diff: 0.3, Sum: 0.4]
         [Processed Buffers: Min: 0, Avg: 1.8, Max: 4, Diff: 4, Sum: 7]
      [Scan RS (ms): Min: 0.0, Avg: 0.1, Max: 0.2, Diff: 0.1, Sum: 0.4]
      [Code Root Scanning (ms): Min: 0.0, Avg: 0.0, Max: 0.0, Diff: 0.0, Sum: 0.0]
      [Object Copy (ms): Min: 0.0, Avg: 1.9, Max: 2.6, Diff: 2.6, Sum: 7.7]
      [Termination (ms): Min: 0.0, Avg: 0.1, Max: 0.2, Diff: 0.2, Sum: 0.6]
      [GC Worker Other (ms): Min: 0.0, Avg: 0.0, Max: 0.0, Diff: 0.0, Sum: 0.0]
      [GC Worker Total (ms): Min: 0.1, Avg: 2.6, Max: 3.5, Diff: 3.5, Sum: 10.5]
      [GC Worker End (ms): Min: 182042.1, Avg: 182042.1, Max: 182042.1, Diff: 0.0]
   [Code Root Fixup: 0.0 ms]
   [Code Root Migration: 0.0 ms]
   [Clear CT: 0.1 ms]
   [Other: 193.8 ms]
      [Choose CSet: 0.0 ms]
      [Ref Proc: 192.9 ms]
      [Ref Enq: 0.5 ms]
      [Free CSet: 0.4 ms]
   [Eden: 186.0M(186.0M)->0.0B(185.0M) Survivors: 18.0M->19.0M Heap: 2148.0M(4096.0M)->1962.5M(4096.0M)]
 [Times: user=0.76 sys=0.00, real=0.19 secs] 
2016-01-06T00:59:06.142-0800: 182.263: [GC pause (young)
Desired survivor size 13631488 bytes, new threshold 1 (max 15)
- age   1:   17262064 bytes,   17262064 total
2016-01-06T00:59:06.331-0800: 182.452: [SoftReference, 0 refs, 0.0004620 secs]2016-01-06T00:59:06.332-0800: 182.453: [WeakReference, 0 refs, 0.0003750 secs]2016-01-06T00:59:06.332-0800: 182.453: [FinalReference, 0 refs, 0.0003460 secs]2016-01-06T00:59:06.333-0800: 182.453: [PhantomReference, 0 refs, 6242 refs, 0.0006980 secs]2016-01-06T00:59:06.333-0800: 182.454: [JNI Weak Reference, 0.0000080 secs], 0.1928140 secs]
   [Parallel Time: 3.0 ms, GC Workers: 4]
      [GC Worker Start (ms): Min: 182262.6, Avg: 182262.6, Max: 182262.6, Diff: 0.1]
      [Ext Root Scanning (ms): Min: 0.3, Avg: 0.4, Max: 0.4, Diff: 0.1, Sum: 1.4]
      [SATB Filtering (ms): Min: 0.0, Avg: 0.0, Max: 0.0, Diff: 0.0, Sum: 0.0]
      [Update RS (ms): Min: 0.0, Avg: 0.1, Max: 0.3, Diff: 0.3, Sum: 0.4]
         [Processed Buffers: Min: 0, Avg: 1.2, Max: 2, Diff: 2, Sum: 5]
      [Scan RS (ms): Min: 0.0, Avg: 0.1, Max: 0.1, Diff: 0.1, Sum: 0.3]
      [Code Root Scanning (ms): Min: 0.0, Avg: 0.0, Max: 0.0, Diff: 0.0, Sum: 0.0]
      [Object Copy (ms): Min: 2.3, Avg: 2.4, Max: 2.4, Diff: 0.1, Sum: 9.4]
      [Termination (ms): Min: 0.0, Avg: 0.0, Max: 0.0, Diff: 0.0, Sum: 0.0]
      [GC Worker Other (ms): Min: 0.0, Avg: 0.0, Max: 0.0, Diff: 0.0, Sum: 0.1]
      [GC Worker Total (ms): Min: 2.9, Avg: 2.9, Max: 2.9, Diff: 0.1, Sum: 11.7]
      [GC Worker End (ms): Min: 182265.5, Avg: 182265.5, Max: 182265.5, Diff: 0.0]
   [Code Root Fixup: 0.0 ms]
   [Code Root Migration: 0.0 ms]
   [Clear CT: 0.1 ms]
   [Other: 189.6 ms]
      [Choose CSet: 0.0 ms]
      [Ref Proc: 188.6 ms]
      [Ref Enq: 0.6 ms]
      [Free CSet: 0.3 ms]
   [Eden: 185.0M(185.0M)->0.0B(185.0M) Survivors: 19.0M->19.0M Heap: 2147.5M(4096.0M)->1962.5M(4096.0M)]
 [Times: user=0.74 sys=0.00, real=0.19 secs] 
2016-01-06T00:59:06.363-0800: 182.484: [GC pause (young)
Desired survivor size 13631488 bytes, new threshold 1 (max 15)
- age   1:   17259832 bytes,   17259832 total
2016-01-06T00:59:06.552-0800: 182.673: [SoftReference, 0 refs, 0.0004640 secs]2016-01-06T00:59:06.552-0800: 182.673: [WeakReference, 0 refs, 0.0002340 secs]2016-01-06T00:59:06.552-0800: 182.673: [FinalReference, 0 refs, 0.0002530 secs]2016-01-06T00:59:06.553-0800: 182.674: [PhantomReference, 0 refs, 6242 refs, 0.0006880 secs]2016-01-06T00:59:06.553-0800: 182.674: [JNI Weak Reference, 0.0000110 secs], 0.1917740 secs]
   [Parallel Time: 3.5 ms, GC Workers: 4]
      [GC Worker Start (ms): Min: 182483.7, Avg: 182484.5, Max: 182487.0, Diff: 3.3]
      [Ext Root Scanning (ms): Min: 0.0, Avg: 0.3, Max: 0.5, Diff: 0.5, Sum: 1.4]
      [SATB Filtering (ms): Min: 0.0, Avg: 0.0, Max: 0.0, Diff: 0.0, Sum: 0.0]
      [Update RS (ms): Min: 0.0, Avg: 0.1, Max: 0.3, Diff: 0.3, Sum: 0.4]
         [Processed Buffers: Min: 0, Avg: 1.8, Max: 5, Diff: 5, Sum: 7]
      [Scan RS (ms): Min: 0.0, Avg: 0.1, Max: 0.2, Diff: 0.1, Sum: 0.4]
      [Code Root Scanning (ms): Min: 0.0, Avg: 0.0, Max: 0.0, Diff: 0.0, Sum: 0.0]
      [Object Copy (ms): Min: 0.0, Avg: 1.8, Max: 2.4, Diff: 2.4, Sum: 7.3]
      [Termination (ms): Min: 0.0, Avg: 0.2, Max: 0.3, Diff: 0.3, Sum: 0.7]
      [GC Worker Other (ms): Min: 0.0, Avg: 0.0, Max: 0.0, Diff: 0.0, Sum: 0.0]
      [GC Worker Total (ms): Min: 0.1, Avg: 2.6, Max: 3.4, Diff: 3.4, Sum: 10.2]
      [GC Worker End (ms): Min: 182487.0, Avg: 182487.1, Max: 182487.1, Diff: 0.1]
   [Code Root Fixup: 0.0 ms]
   [Code Root Migration: 0.0 ms]
   [Clear CT: 0.1 ms]
   [Other: 188.1 ms]
      [Choose CSet: 0.0 ms]
      [Ref Proc: 187.1 ms]
      [Ref Enq: 0.5 ms]
      [Free CSet: 0.3 ms]
   [Eden: 185.0M(185.0M)->0.0B(186.0M) Survivors: 19.0M->18.0M Heap: 2147.5M(4096.0M)->1962.1M(4096.0M)]
 [Times: user=0.74 sys=0.00, real=0.19 secs] 
2016-01-06T00:59:06.580-0800: 182.701: [GC concurrent-mark-end, 19.6580280 secs]
2016-01-06T00:59:06.580-0800: 182.701: [GC remark 2016-01-06T00:59:06.581-0800: 182.701: [GC ref-proc2016-01-06T00:59:06.581-0800: 182.701: [SoftReference, 0 refs, 0.0003580 secs]2016-01-06T00:59:06.581-0800: 182.702: [WeakReference, 0 refs, 0.0002340 secs]2016-01-06T00:59:06.581-0800: 182.702: [FinalReference, 4 refs, 0.0002260 secs]2016-01-06T00:59:06.581-0800: 182.702: [PhantomReference, 0 refs, 10438428 refs, 0.8076640 secs]2016-01-06T00:59:07.389-0800: 183.510: [JNI Weak Reference, 0.0000200 secs], 0.8086900 secs], 0.8166270 secs]
 [Times: user=2.10 sys=0.91, real=0.82 secs] 
2016-01-06T00:59:07.397-0800: 183.518: [GC cleanup 2134M->2133M(4096M), 0.0050330 secs]
 [Times: user=0.02 sys=0.00, real=0.00 secs] 
2016-01-06T00:59:07.402-0800: 183.523: [GC concurrent-cleanup-start]
2016-01-06T00:59:07.403-0800: 183.523: [GC concurrent-cleanup-end, 0.0000180 secs]
2016-01-06T00:59:07.405-0800: 183.525: [GC pause (young)
Desired survivor size 13631488 bytes, new threshold 1 (max 15)
- age   1:   17259832 bytes,   17259832 total
2016-01-06T00:59:07.408-0800: 183.529: [SoftReference, 0 refs, 0.0005030 secs]2016-01-06T00:59:07.408-0800: 183.529: [WeakReference, 0 refs, 0.0003590 secs]2016-01-06T00:59:07.409-0800: 183.530: [FinalReference, 0 refs, 0.0002320 secs]2016-01-06T00:59:07.409-0800: 183.530: [PhantomReference, 0 refs, 6275 refs, 0.0006180 secs]2016-01-06T00:59:07.410-0800: 183.531: [JNI Weak Reference, 0.0000130 secs], 0.0057610 secs]
   [Parallel Time: 3.1 ms, GC Workers: 4]
      [GC Worker Start (ms): Min: 183525.5, Avg: 183525.6, Max: 183525.6, Diff: 0.1]
      [Ext Root Scanning (ms): Min: 0.3, Avg: 0.4, Max: 0.4, Diff: 0.1, Sum: 1.5]
      [Update RS (ms): Min: 0.0, Avg: 0.1, Max: 0.2, Diff: 0.2, Sum: 0.4]
         [Processed Buffers: Min: 1, Avg: 1.2, Max: 2, Diff: 1, Sum: 5]
      [Scan RS (ms): Min: 0.0, Avg: 0.1, Max: 0.1, Diff: 0.1, Sum: 0.3]
      [Code Root Scanning (ms): Min: 0.0, Avg: 0.0, Max: 0.0, Diff: 0.0, Sum: 0.0]
      [Object Copy (ms): Min: 2.3, Avg: 2.4, Max: 2.4, Diff: 0.1, Sum: 9.4]
      [Termination (ms): Min: 0.0, Avg: 0.0, Max: 0.0, Diff: 0.0, Sum: 0.0]
      [GC Worker Other (ms): Min: 0.0, Avg: 0.0, Max: 0.1, Diff: 0.0, Sum: 0.2]
      [GC Worker Total (ms): Min: 2.9, Avg: 3.0, Max: 3.0, Diff: 0.1, Sum: 11.9]
      [GC Worker End (ms): Min: 183528.5, Avg: 183528.6, Max: 183528.6, Diff: 0.1]
   [Code Root Fixup: 0.0 ms]
   [Code Root Migration: 0.0 ms]
   [Clear CT: 0.1 ms]
   [Other: 2.5 ms]
      [Choose CSet: 0.0 ms]
      [Ref Proc: 1.9 ms]
      [Ref Enq: 0.1 ms]
      [Free CSet: 0.3 ms]
   [Eden: 186.0M(186.0M)->0.0B(1694.0M) Survivors: 18.0M->19.0M Heap: 2147.1M(4096.0M)->1961.6M(4096.0M)]
 [Times: user=0.02 sys=0.00, real=0.01 secs] 
2016-01-06T00:59:07.646-0800: 183.766: [GC pause (young)
Desired survivor size 112721920 bytes, new threshold 15 (max 15)
- age   1:   17262064 bytes,   17262064 total
2016-01-06T00:59:07.659-0800: 183.780: [SoftReference, 0 refs, 0.0004150 secs]2016-01-06T00:59:07.659-0800: 183.780: [WeakReference, 0 refs, 0.0002240 secs]2016-01-06T00:59:07.659-0800: 183.780: [FinalReference, 0 refs, 0.0003290 secs]2016-01-06T00:59:07.660-0800: 183.781: [PhantomReference, 0 refs, 53022 refs, 0.0012730 secs]2016-01-06T00:59:07.661-0800: 183.782: [JNI Weak Reference, 0.0000150 secs], 0.0190530 secs]
   [Parallel Time: 12.9 ms, GC Workers: 4]
      [GC Worker Start (ms): Min: 183766.5, Avg: 183767.3, Max: 183769.7, Diff: 3.1]
      [Ext Root Scanning (ms): Min: 0.0, Avg: 0.4, Max: 0.5, Diff: 0.5, Sum: 1.4]
      [Update RS (ms): Min: 0.0, Avg: 0.1, Max: 0.3, Diff: 0.3, Sum: 0.4]
         [Processed Buffers: Min: 0, Avg: 1.5, Max: 2, Diff: 2, Sum: 6]
      [Scan RS (ms): Min: 0.2, Avg: 0.8, Max: 1.1, Diff: 0.8, Sum: 3.1]
      [Code Root Scanning (ms): Min: 0.0, Avg: 0.1, Max: 0.1, Diff: 0.1, Sum: 0.4]
      [Object Copy (ms): Min: 9.4, Avg: 10.7, Max: 11.1, Diff: 1.7, Sum: 42.7]
      [Termination (ms): Min: 0.0, Avg: 0.0, Max: 0.0, Diff: 0.0, Sum: 0.0]
      [GC Worker Other (ms): Min: 0.0, Avg: 0.1, Max: 0.1, Diff: 0.1, Sum: 0.2]
      [GC Worker Total (ms): Min: 9.7, Avg: 12.0, Max: 12.9, Diff: 3.1, Sum: 48.2]
      [GC Worker End (ms): Min: 183779.4, Avg: 183779.4, Max: 183779.4, Diff: 0.1]
   [Code Root Fixup: 0.0 ms]
   [Code Root Migration: 0.3 ms]
   [Clear CT: 0.4 ms]
   [Other: 5.5 ms]
      [Choose CSet: 0.0 ms]
      [Ref Proc: 2.5 ms]
      [Ref Enq: 0.8 ms]
      [Free CSet: 2.0 ms]
   [Eden: 1694.0M(1694.0M)->0.0B(1692.0M) Survivors: 19.0M->22.0M Heap: 3655.6M(4096.0M)->1965.1M(4096.0M)]
 [Times: user=0.06 sys=0.01, real=0.01 secs] 
2016-01-06T00:59:07.900-0800: 184.021: [GC pause (young) (initial-mark)
Desired survivor size 112721920 bytes, new threshold 15 (max 15)
- age   1:   20627920 bytes,   20627920 total
- age   2:      36864 bytes,   20664784 total
2016-01-06T00:59:07.913-0800: 184.033: [SoftReference, 0 refs, 0.0004760 secs]2016-01-06T00:59:07.913-0800: 184.034: [WeakReference, 0 refs, 0.0002410 secs]2016-01-06T00:59:07.913-0800: 184.034: [FinalReference, 0 refs, 0.0002300 secs]2016-01-06T00:59:07.914-0800: 184.034: [PhantomReference, 0 refs, 52959 refs, 0.0011570 secs]2016-01-06T00:59:07.915-0800: 184.036: [JNI Weak Reference, 0.0000090 secs], 0.0186810 secs]
   [Parallel Time: 12.3 ms, GC Workers: 4]
      [GC Worker Start (ms): Min: 184021.0, Avg: 184021.1, Max: 184021.1, Diff: 0.1]
      [Ext Root Scanning (ms): Min: 0.3, Avg: 0.4, Max: 0.4, Diff: 0.1, Sum: 1.4]
      [Code Root Marking (ms): Min: 0.2, Avg: 0.2, Max: 0.3, Diff: 0.1, Sum: 0.9]
      [Update RS (ms): Min: 0.0, Avg: 0.1, Max: 0.2, Diff: 0.2, Sum: 0.3]
         [Processed Buffers: Min: 0, Avg: 1.5, Max: 3, Diff: 3, Sum: 6]
      [Scan RS (ms): Min: 0.6, Avg: 0.7, Max: 0.8, Diff: 0.2, Sum: 2.9]
      [Code Root Scanning (ms): Min: 0.1, Avg: 0.1, Max: 0.1, Diff: 0.0, Sum: 0.4]
      [Object Copy (ms): Min: 10.6, Avg: 10.6, Max: 10.6, Diff: 0.1, Sum: 42.3]
      [Termination (ms): Min: 0.0, Avg: 0.0, Max: 0.0, Diff: 0.0, Sum: 0.0]
      [GC Worker Other (ms): Min: 0.0, Avg: 0.1, Max: 0.1, Diff: 0.0, Sum: 0.3]
      [GC Worker Total (ms): Min: 12.1, Avg: 12.1, Max: 12.1, Diff: 0.0, Sum: 48.5]
      [GC Worker End (ms): Min: 184033.2, Avg: 184033.2, Max: 184033.2, Diff: 0.0]
   [Code Root Fixup: 0.0 ms]
   [Code Root Migration: 0.3 ms]
   [Clear CT: 0.5 ms]
   [Other: 5.7 ms]
      [Choose CSet: 0.0 ms]
      [Ref Proc: 2.4 ms]
      [Ref Enq: 0.5 ms]
      [Free CSet: 2.0 ms]
   [Eden: 1692.0M(1692.0M)->0.0B(1693.0M) Survivors: 22.0M->22.0M Heap: 3657.1M(4096.0M)->1965.1M(4096.0M)]
 [Times: user=0.05 sys=0.00, real=0.02 secs] 
2016-01-06T00:59:07.918-0800: 184.039: [GC concurrent-root-region-scan-start]
2016-01-06T00:59:07.927-0800: 184.048: [GC concurrent-root-region-scan-end, 0.0081640 secs]
2016-01-06T00:59:07.927-0800: 184.048: [GC concurrent-mark-start]
2016-01-06T00:59:08.631-0800: 184.752: [GC pause (young)
Desired survivor size 112721920 bytes, new threshold 15 (max 15)
- age   1:   20623456 bytes,   20623456 total
- age   2:      36864 bytes,   20660320 total
2016-01-06T00:59:08.664-0800: 184.785: [SoftReference, 0 refs, 0.0005260 secs]2016-01-06T00:59:08.665-0800: 184.786: [WeakReference, 0 refs, 0.0003460 secs]2016-01-06T00:59:08.665-0800: 184.786: [FinalReference, 0 refs, 0.0002390 secs]2016-01-06T00:59:08.666-0800: 184.787: [PhantomReference, 0 refs, 52991 refs, 0.0015870 secs]2016-01-06T00:59:08.667-0800: 184.788: [JNI Weak Reference, 0.0000090 secs], 0.0441440 secs]
   [Parallel Time: 30.0 ms, GC Workers: 4]
      [GC Worker Start (ms): Min: 184752.0, Avg: 184752.1, Max: 184752.1, Diff: 0.1]
      [Ext Root Scanning (ms): Min: 0.3, Avg: 0.3, Max: 0.4, Diff: 0.1, Sum: 1.4]
      [SATB Filtering (ms): Min: 0.0, Avg: 0.0, Max: 0.0, Diff: 0.0, Sum: 0.0]
      [Update RS (ms): Min: 17.3, Avg: 17.6, Max: 18.0, Diff: 0.8, Sum: 70.5]
         [Processed Buffers: Min: 15, Avg: 22.5, Max: 28, Diff: 13, Sum: 90]
      [Scan RS (ms): Min: 0.4, Avg: 0.7, Max: 1.0, Diff: 0.6, Sum: 2.9]
      [Code Root Scanning (ms): Min: 0.0, Avg: 0.1, Max: 0.1, Diff: 0.1, Sum: 0.4]
      [Object Copy (ms): Min: 10.9, Avg: 10.9, Max: 11.1, Diff: 0.2, Sum: 43.8]
      [Termination (ms): Min: 0.0, Avg: 0.1, Max: 0.2, Diff: 0.2, Sum: 0.6]
      [GC Worker Other (ms): Min: 0.0, Avg: 0.1, Max: 0.1, Diff: 0.0, Sum: 0.2]
      [GC Worker Total (ms): Min: 29.9, Avg: 29.9, Max: 29.9, Diff: 0.1, Sum: 119.7]
      [GC Worker End (ms): Min: 184782.0, Avg: 184782.0, Max: 184782.0, Diff: 0.1]
   [Code Root Fixup: 0.0 ms]
   [Code Root Migration: 0.2 ms]
   [Clear CT: 0.5 ms]
   [Other: 13.4 ms]
      [Choose CSet: 0.0 ms]
      [Ref Proc: 6.1 ms]
      [Ref Enq: 5.3 ms]
      [Free CSet: 2.0 ms]
   [Eden: 1693.0M(1693.0M)->0.0B(1694.0M) Survivors: 22.0M->22.0M Heap: 3658.1M(4096.0M)->1965.1M(4096.0M)]
 [Times: user=0.15 sys=0.00, real=0.04 secs] 
2016-01-06T00:59:08.934-0800: 185.055: [GC pause (young)
Desired survivor size 112721920 bytes, new threshold 15 (max 15)
- age   1:   20625688 bytes,   20625688 total
- age   2:      36864 bytes,   20662552 total
2016-01-06T00:59:08.994-0800: 185.115: [SoftReference, 0 refs, 0.0068320 secs]2016-01-06T00:59:09.001-0800: 185.122: [WeakReference, 0 refs, 0.0008650 secs]2016-01-06T00:59:09.002-0800: 185.123: [FinalReference, 0 refs, 0.0007350 secs]2016-01-06T00:59:09.003-0800: 185.124: [PhantomReference, 0 refs, 53024 refs, 0.0057650 secs]2016-01-06T00:59:09.008-0800: 185.129: [JNI Weak Reference, 0.0000170 secs], 0.0815920 secs]
   [Parallel Time: 35.2 ms, GC Workers: 4]
      [GC Worker Start (ms): Min: 185055.0, Avg: 185055.6, Max: 185057.2, Diff: 2.2]
      [Ext Root Scanning (ms): Min: 0.0, Avg: 0.3, Max: 0.5, Diff: 0.5, Sum: 1.2]
      [SATB Filtering (ms): Min: 0.0, Avg: 0.0, Max: 0.0, Diff: 0.0, Sum: 0.0]
      [Update RS (ms): Min: 21.2, Avg: 22.6, Max: 23.2, Diff: 2.0, Sum: 90.3]
         [Processed Buffers: Min: 31, Avg: 32.5, Max: 34, Diff: 3, Sum: 130]
      [Scan RS (ms): Min: 0.6, Avg: 0.8, Max: 1.0, Diff: 0.4, Sum: 3.2]
      [Code Root Scanning (ms): Min: 0.1, Avg: 0.1, Max: 0.1, Diff: 0.0, Sum: 0.4]
      [Object Copy (ms): Min: 10.0, Avg: 10.0, Max: 10.0, Diff: 0.0, Sum: 39.9]
      [Termination (ms): Min: 0.0, Avg: 0.0, Max: 0.0, Diff: 0.0, Sum: 0.0]
      [GC Worker Other (ms): Min: 0.0, Avg: 0.1, Max: 0.1, Diff: 0.1, Sum: 0.3]
      [GC Worker Total (ms): Min: 32.3, Avg: 33.8, Max: 34.4, Diff: 2.1, Sum: 135.4]
      [GC Worker End (ms): Min: 185089.4, Avg: 185089.4, Max: 185089.5, Diff: 0.1]
   [Code Root Fixup: 0.0 ms]
   [Code Root Migration: 0.3 ms]
   [Clear CT: 1.1 ms]
   [Other: 44.9 ms]
      [Choose CSet: 0.0 ms]
      [Ref Proc: 39.1 ms]
      [Ref Enq: 3.5 ms]
      [Free CSet: 2.1 ms]
   [Eden: 1694.0M(1694.0M)->0.0B(1695.0M) Survivors: 22.0M->22.0M Heap: 3659.1M(4096.0M)->1965.1M(4096.0M)]
 [Times: user=0.23 sys=0.00, real=0.08 secs] 
2016-01-06T00:59:09.282-0800: 185.403: [GC pause (young)
Desired survivor size 112721920 bytes, new threshold 15 (max 15)
- age   1:   20627920 bytes,   20627920 total
- age   2:      36864 bytes,   20664784 total
2016-01-06T00:59:09.345-0800: 185.466: [SoftReference, 0 refs, 0.0004350 secs]2016-01-06T00:59:09.346-0800: 185.466: [WeakReference, 0 refs, 0.0003320 secs]2016-01-06T00:59:09.346-0800: 185.467: [FinalReference, 0 refs, 0.0002940 secs]2016-01-06T00:59:09.346-0800: 185.467: [PhantomReference, 0 refs, 53053 refs, 0.0017980 secs]2016-01-06T00:59:09.348-0800: 185.469: [JNI Weak Reference, 0.0000090 secs], 0.0741120 secs]
   [Parallel Time: 29.1 ms, GC Workers: 4]
      [GC Worker Start (ms): Min: 185402.9, Avg: 185403.8, Max: 185406.5, Diff: 3.6]
      [Ext Root Scanning (ms): Min: 0.0, Avg: 0.3, Max: 0.5, Diff: 0.5, Sum: 1.2]
      [SATB Filtering (ms): Min: 0.0, Avg: 0.0, Max: 0.0, Diff: 0.0, Sum: 0.0]
      [Update RS (ms): Min: 14.0, Avg: 16.2, Max: 17.3, Diff: 3.3, Sum: 64.8]
         [Processed Buffers: Min: 20, Avg: 24.0, Max: 26, Diff: 6, Sum: 96]
      [Scan RS (ms): Min: 0.6, Avg: 0.8, Max: 1.0, Diff: 0.4, Sum: 3.2]
      [Code Root Scanning (ms): Min: 0.1, Avg: 0.1, Max: 0.1, Diff: 0.0, Sum: 0.3]
      [Object Copy (ms): Min: 10.5, Avg: 10.6, Max: 10.6, Diff: 0.1, Sum: 42.3]
      [Termination (ms): Min: 0.0, Avg: 0.0, Max: 0.0, Diff: 0.0, Sum: 0.0]
      [GC Worker Other (ms): Min: 0.0, Avg: 0.1, Max: 0.1, Diff: 0.1, Sum: 0.3]
      [GC Worker Total (ms): Min: 25.4, Avg: 28.0, Max: 28.9, Diff: 3.6, Sum: 112.2]
      [GC Worker End (ms): Min: 185431.8, Avg: 185431.8, Max: 185431.8, Diff: 0.1]
   [Code Root Fixup: 0.0 ms]
   [Code Root Migration: 0.2 ms]
   [Clear CT: 0.4 ms]
   [Other: 44.3 ms]
      [Choose CSet: 0.0 ms]
      [Ref Proc: 37.0 ms]
      [Ref Enq: 5.3 ms]
      [Free CSet: 2.0 ms]
   [Eden: 1695.0M(1695.0M)->0.0B(1695.0M) Survivors: 22.0M->22.0M Heap: 3660.1M(4096.0M)->1965.1M(4096.0M)]
 [Times: user=0.28 sys=0.00, real=0.07 secs] 
2016-01-06T00:59:09.612-0800: 185.732: [GC pause (young)
Desired survivor size 112721920 bytes, new threshold 15 (max 15)
- age   1:   20630152 bytes,   20630152 total
- age   2:      36864 bytes,   20667016 total
2016-01-06T00:59:09.686-0800: 185.807: [SoftReference, 0 refs, 0.0005600 secs]2016-01-06T00:59:09.687-0800: 185.808: [WeakReference, 0 refs, 0.0003550 secs]2016-01-06T00:59:09.687-0800: 185.808: [FinalReference, 0 refs, 0.0002390 secs]2016-01-06T00:59:09.687-0800: 185.808: [PhantomReference, 0 refs, 53055 refs, 0.0017370 secs]2016-01-06T00:59:09.689-0800: 185.810: [JNI Weak Reference, 0.0000090 secs], 0.0841100 secs]
   [Parallel Time: 29.2 ms, GC Workers: 4]
      [GC Worker Start (ms): Min: 185732.5, Avg: 185732.5, Max: 185732.6, Diff: 0.1]
      [Ext Root Scanning (ms): Min: 0.3, Avg: 0.4, Max: 0.4, Diff: 0.1, Sum: 1.4]
      [SATB Filtering (ms): Min: 0.0, Avg: 0.0, Max: 0.0, Diff: 0.0, Sum: 0.0]
      [Update RS (ms): Min: 17.1, Avg: 17.4, Max: 17.6, Diff: 0.5, Sum: 69.7]
         [Processed Buffers: Min: 24, Avg: 25.0, Max: 26, Diff: 2, Sum: 100]
      [Scan RS (ms): Min: 0.6, Avg: 0.8, Max: 1.1, Diff: 0.5, Sum: 3.1]
      [Code Root Scanning (ms): Min: 0.1, Avg: 0.1, Max: 0.1, Diff: 0.1, Sum: 0.3]
      [Object Copy (ms): Min: 10.4, Avg: 10.4, Max: 10.4, Diff: 0.1, Sum: 41.7]
      [Termination (ms): Min: 0.0, Avg: 0.0, Max: 0.0, Diff: 0.0, Sum: 0.0]
      [GC Worker Other (ms): Min: 0.0, Avg: 0.1, Max: 0.1, Diff: 0.1, Sum: 0.3]
      [GC Worker Total (ms): Min: 29.1, Avg: 29.1, Max: 29.1, Diff: 0.1, Sum: 116.5]
      [GC Worker End (ms): Min: 185761.6, Avg: 185761.6, Max: 185761.7, Diff: 0.1]
   [Code Root Fixup: 0.0 ms]
   [Code Root Migration: 0.2 ms]
   [Clear CT: 0.4 ms]
   [Other: 54.2 ms]
      [Choose CSet: 0.0 ms]
      [Ref Proc: 48.2 ms]
      [Ref Enq: 3.9 ms]
      [Free CSet: 2.0 ms]
   [Eden: 1695.0M(1695.0M)->0.0B(1696.0M) Survivors: 22.0M->22.0M Heap: 3660.1M(4096.0M)->1965.1M(4096.0M)]
 [Times: user=0.31 sys=0.00, real=0.08 secs] 
2016-01-06T00:59:09.948-0800: 186.069: [GC pause (young)
Desired survivor size 112721920 bytes, new threshold 15 (max 15)
- age   1:   20630152 bytes,   20630152 total
- age   2:      36864 bytes,   20667016 total
2016-01-06T00:59:10.034-0800: 186.155: [SoftReference, 0 refs, 0.0006410 secs]2016-01-06T00:59:10.035-0800: 186.155: [WeakReference, 0 refs, 0.0004040 secs]2016-01-06T00:59:10.035-0800: 186.156: [FinalReference, 0 refs, 0.0004100 secs]2016-01-06T00:59:10.035-0800: 186.156: [PhantomReference, 0 refs, 53086 refs, 0.0022940 secs]2016-01-06T00:59:10.038-0800: 186.159: [JNI Weak Reference, 0.0000160 secs], 0.0964100 secs]
   [Parallel Time: 31.9 ms, GC Workers: 4]
      [GC Worker Start (ms): Min: 186068.7, Avg: 186068.9, Max: 186069.6, Diff: 0.9]
      [Ext Root Scanning (ms): Min: 0.0, Avg: 0.3, Max: 0.5, Diff: 0.5, Sum: 1.3]
      [SATB Filtering (ms): Min: 0.0, Avg: 0.0, Max: 0.0, Diff: 0.0, Sum: 0.0]
      [Update RS (ms): Min: 18.9, Avg: 19.3, Max: 19.7, Diff: 0.9, Sum: 77.3]
         [Processed Buffers: Min: 27, Avg: 28.0, Max: 29, Diff: 2, Sum: 112]
      [Scan RS (ms): Min: 0.6, Avg: 0.8, Max: 1.0, Diff: 0.4, Sum: 3.1]
      [Code Root Scanning (ms): Min: 0.1, Avg: 0.1, Max: 0.1, Diff: 0.0, Sum: 0.3]
      [Object Copy (ms): Min: 10.9, Avg: 11.0, Max: 11.0, Diff: 0.0, Sum: 43.8]
      [Termination (ms): Min: 0.0, Avg: 0.0, Max: 0.0, Diff: 0.0, Sum: 0.0]
      [GC Worker Other (ms): Min: 0.0, Avg: 0.1, Max: 0.1, Diff: 0.0, Sum: 0.3]
      [GC Worker Total (ms): Min: 30.9, Avg: 31.5, Max: 31.8, Diff: 0.9, Sum: 126.2]
      [GC Worker End (ms): Min: 186100.4, Avg: 186100.5, Max: 186100.5, Diff: 0.1]
   [Code Root Fixup: 0.0 ms]
   [Code Root Migration: 0.3 ms]
   [Clear CT: 0.6 ms]
   [Other: 63.7 ms]
      [Choose CSet: 0.0 ms]
      [Ref Proc: 58.1 ms]
      [Ref Enq: 3.4 ms]
      [Free CSet: 2.1 ms]
   [Eden: 1696.0M(1696.0M)->0.0B(1696.0M) Survivors: 22.0M->22.0M Heap: 3661.1M(4096.0M)->1965.1M(4096.0M)]
 [Times: user=0.34 sys=0.01, real=0.09 secs] 
2016-01-06T00:59:10.306-0800: 186.427: [GC pause (young)
Desired survivor size 112721920 bytes, new threshold 15 (max 15)
- age   1:   20632384 bytes,   20632384 total
- age   2:      36864 bytes,   20669248 total
2016-01-06T00:59:10.408-0800: 186.529: [SoftReference, 0 refs, 0.0005640 secs]2016-01-06T00:59:10.409-0800: 186.530: [WeakReference, 0 refs, 0.0002470 secs]2016-01-06T00:59:10.409-0800: 186.530: [FinalReference, 0 refs, 0.0002420 secs]2016-01-06T00:59:10.409-0800: 186.530: [PhantomReference, 0 refs, 53086 refs, 0.0025280 secs]2016-01-06T00:59:10.412-0800: 186.533: [JNI Weak Reference, 0.0000110 secs], 0.1127260 secs]
   [Parallel Time: 39.0 ms, GC Workers: 4]
      [GC Worker Start (ms): Min: 186426.9, Avg: 186427.0, Max: 186427.0, Diff: 0.1]
      [Ext Root Scanning (ms): Min: 0.3, Avg: 0.4, Max: 0.4, Diff: 0.1, Sum: 1.4]
      [SATB Filtering (ms): Min: 0.0, Avg: 0.0, Max: 0.0, Diff: 0.0, Sum: 0.0]
      [Update RS (ms): Min: 26.7, Avg: 26.9, Max: 27.0, Diff: 0.3, Sum: 107.5]
         [Processed Buffers: Min: 39, Avg: 40.0, Max: 41, Diff: 2, Sum: 160]
      [Scan RS (ms): Min: 0.6, Avg: 0.8, Max: 0.9, Diff: 0.3, Sum: 3.0]
      [Code Root Scanning (ms): Min: 0.1, Avg: 0.1, Max: 0.1, Diff: 0.0, Sum: 0.3]
      [Object Copy (ms): Min: 10.7, Avg: 10.7, Max: 10.7, Diff: 0.1, Sum: 42.8]
      [Termination (ms): Min: 0.0, Avg: 0.0, Max: 0.0, Diff: 0.0, Sum: 0.0]
      [GC Worker Other (ms): Min: 0.0, Avg: 0.1, Max: 0.1, Diff: 0.1, Sum: 0.3]
      [GC Worker Total (ms): Min: 38.8, Avg: 38.9, Max: 38.9, Diff: 0.1, Sum: 155.4]
      [GC Worker End (ms): Min: 186465.8, Avg: 186465.8, Max: 186465.8, Diff: 0.1]
   [Code Root Fixup: 0.0 ms]
   [Code Root Migration: 0.3 ms]
   [Clear CT: 0.5 ms]
   [Other: 73.0 ms]
      [Choose CSet: 0.0 ms]
      [Ref Proc: 66.9 ms]
      [Ref Enq: 3.9 ms]
      [Free CSet: 2.1 ms]
   [Eden: 1696.0M(1696.0M)->0.0B(1696.0M) Survivors: 22.0M->22.0M Heap: 3661.1M(4096.0M)->1965.1M(4096.0M)]
 [Times: user=0.41 sys=0.00, real=0.11 secs] 
2016-01-06T00:59:10.680-0800: 186.801: [GC pause (young)
Desired survivor size 112721920 bytes, new threshold 15 (max 15)
- age   1:   20632384 bytes,   20632384 total
- age   2:      36864 bytes,   20669248 total
2016-01-06T00:59:10.783-0800: 186.904: [SoftReference, 0 refs, 0.0006050 secs]2016-01-06T00:59:10.788-0800: 186.909: [WeakReference, 0 refs, 0.0003470 secs]2016-01-06T00:59:10.788-0800: 186.909: [FinalReference, 0 refs, 0.0003610 secs]2016-01-06T00:59:10.788-0800: 186.909: [PhantomReference, 0 refs, 53086 refs, 0.0016740 secs]2016-01-06T00:59:10.790-0800: 186.911: [JNI Weak Reference, 0.0000120 secs], 0.1177590 secs]
   [Parallel Time: 29.7 ms, GC Workers: 4]
      [GC Worker Start (ms): Min: 186800.8, Avg: 186800.8, Max: 186800.9, Diff: 0.1]
      [Ext Root Scanning (ms): Min: 0.3, Avg: 0.4, Max: 0.4, Diff: 0.1, Sum: 1.4]
      [SATB Filtering (ms): Min: 0.0, Avg: 0.0, Max: 0.0, Diff: 0.0, Sum: 0.0]
      [Update RS (ms): Min: 17.2, Avg: 17.3, Max: 17.4, Diff: 0.2, Sum: 69.4]
         [Processed Buffers: Min: 24, Avg: 24.5, Max: 25, Diff: 1, Sum: 98]
      [Scan RS (ms): Min: 0.7, Avg: 0.8, Max: 0.9, Diff: 0.2, Sum: 3.3]
      [Code Root Scanning (ms): Min: 0.1, Avg: 0.1, Max: 0.1, Diff: 0.1, Sum: 0.4]
      [Object Copy (ms): Min: 10.8, Avg: 10.9, Max: 10.9, Diff: 0.1, Sum: 43.6]
      [Termination (ms): Min: 0.0, Avg: 0.0, Max: 0.0, Diff: 0.0, Sum: 0.0]
      [GC Worker Other (ms): Min: 0.0, Avg: 0.1, Max: 0.1, Diff: 0.1, Sum: 0.2]
      [GC Worker Total (ms): Min: 29.5, Avg: 29.6, Max: 29.6, Diff: 0.1, Sum: 118.3]
      [GC Worker End (ms): Min: 186830.4, Avg: 186830.4, Max: 186830.5, Diff: 0.1]
   [Code Root Fixup: 0.0 ms]
   [Code Root Migration: 0.3 ms]
   [Clear CT: 0.4 ms]
   [Other: 87.4 ms]
      [Choose CSet: 0.0 ms]
      [Ref Proc: 80.5 ms]
      [Ref Enq: 4.7 ms]
      [Free CSet: 2.2 ms]
   [Eden: 1696.0M(1696.0M)->0.0B(1697.0M) Survivors: 22.0M->22.0M Heap: 3661.1M(4096.0M)->1965.1M(4096.0M)]
 [Times: user=0.44 sys=0.00, real=0.12 secs] 
2016-01-06T00:59:11.057-0800: 187.178: [GC pause (young)
Desired survivor size 112721920 bytes, new threshold 15 (max 15)
- age   1:   20632384 bytes,   20632384 total
- age   2:      36864 bytes,   20669248 total
2016-01-06T00:59:11.164-0800: 187.285: [SoftReference, 0 refs, 0.0004470 secs]2016-01-06T00:59:11.165-0800: 187.286: [WeakReference, 0 refs, 0.0002650 secs]2016-01-06T00:59:11.165-0800: 187.286: [FinalReference, 0 refs, 0.0002350 secs]2016-01-06T00:59:11.165-0800: 187.286: [PhantomReference, 0 refs, 53118 refs, 0.0013200 secs]2016-01-06T00:59:11.167-0800: 187.287: [JNI Weak Reference, 0.0000080 secs], 0.1165920 secs]
   [Parallel Time: 48.7 ms, GC Workers: 4]
      [GC Worker Start (ms): Min: 187178.1, Avg: 187182.9, Max: 187185.9, Diff: 7.8]
      [Ext Root Scanning (ms): Min: 0.0, Avg: 0.2, Max: 0.9, Diff: 0.9, Sum: 0.9]
      [SATB Filtering (ms): Min: 0.0, Avg: 0.0, Max: 0.0, Diff: 0.0, Sum: 0.0]
      [Update RS (ms): Min: 28.7, Avg: 32.5, Max: 35.5, Diff: 6.8, Sum: 130.2]
         [Processed Buffers: Min: 28, Avg: 39.2, Max: 49, Diff: 21, Sum: 157]
      [Scan RS (ms): Min: 0.3, Avg: 0.8, Max: 1.0, Diff: 0.7, Sum: 3.1]
      [Code Root Scanning (ms): Min: 0.0, Avg: 0.1, Max: 0.1, Diff: 0.1, Sum: 0.3]
      [Object Copy (ms): Min: 7.4, Avg: 10.1, Max: 11.1, Diff: 3.7, Sum: 40.4]
      [Termination (ms): Min: 0.0, Avg: 0.0, Max: 0.0, Diff: 0.0, Sum: 0.0]
      [GC Worker Other (ms): Min: 0.0, Avg: 0.1, Max: 0.1, Diff: 0.1, Sum: 0.3]
      [GC Worker Total (ms): Min: 40.9, Avg: 43.8, Max: 48.6, Diff: 7.7, Sum: 175.2]
      [GC Worker End (ms): Min: 187226.7, Avg: 187226.7, Max: 187226.8, Diff: 0.1]
   [Code Root Fixup: 0.0 ms]
   [Code Root Migration: 0.3 ms]
   [Clear CT: 0.4 ms]
   [Other: 67.2 ms]
      [Choose CSet: 0.0 ms]
      [Ref Proc: 60.7 ms]
      [Ref Enq: 4.4 ms]
      [Free CSet: 2.1 ms]
   [Eden: 1697.0M(1697.0M)->0.0B(1698.0M) Survivors: 22.0M->21.0M Heap: 3662.1M(4096.0M)->1964.1M(4096.0M)]
 [Times: user=0.35 sys=0.00, real=0.11 secs] 
2016-01-06T00:59:11.441-0800: 187.562: [GC pause (young)
Desired survivor size 112721920 bytes, new threshold 15 (max 15)
- age   1:   20634616 bytes,   20634616 total
- age   2:      36864 bytes,   20671480 total
2016-01-06T00:59:11.585-0800: 187.706: [SoftReference, 0 refs, 0.0005560 secs]2016-01-06T00:59:11.585-0800: 187.706: [WeakReference, 0 refs, 0.0002370 secs]2016-01-06T00:59:11.586-0800: 187.706: [FinalReference, 0 refs, 0.0002290 secs]2016-01-06T00:59:11.586-0800: 187.707: [PhantomReference, 0 refs, 53148 refs, 0.0017530 secs]2016-01-06T00:59:11.588-0800: 187.708: [JNI Weak Reference, 0.0000150 secs], 0.1550030 secs]
   [Parallel Time: 42.8 ms, GC Workers: 4]
      [GC Worker Start (ms): Min: 187561.6, Avg: 187562.7, Max: 187565.9, Diff: 4.3]
      [Ext Root Scanning (ms): Min: 0.0, Avg: 0.3, Max: 0.5, Diff: 0.5, Sum: 1.3]
      [SATB Filtering (ms): Min: 0.0, Avg: 0.0, Max: 0.0, Diff: 0.0, Sum: 0.0]
      [Update RS (ms): Min: 26.8, Avg: 29.7, Max: 30.8, Diff: 4.0, Sum: 118.8]
         [Processed Buffers: Min: 39, Avg: 42.5, Max: 47, Diff: 8, Sum: 170]
      [Scan RS (ms): Min: 0.6, Avg: 0.8, Max: 0.9, Diff: 0.3, Sum: 3.1]
      [Code Root Scanning (ms): Min: 0.1, Avg: 0.1, Max: 0.1, Diff: 0.0, Sum: 0.3]
      [Object Copy (ms): Min: 10.6, Avg: 10.7, Max: 10.7, Diff: 0.0, Sum: 42.6]
      [Termination (ms): Min: 0.0, Avg: 0.0, Max: 0.0, Diff: 0.0, Sum: 0.0]
      [GC Worker Other (ms): Min: 0.0, Avg: 0.1, Max: 0.1, Diff: 0.1, Sum: 0.3]
      [GC Worker Total (ms): Min: 38.4, Avg: 41.6, Max: 42.7, Diff: 4.3, Sum: 166.5]
      [GC Worker End (ms): Min: 187604.3, Avg: 187604.3, Max: 187604.4, Diff: 0.1]
   [Code Root Fixup: 0.0 ms]
   [Code Root Migration: 0.2 ms]
   [Clear CT: 0.5 ms]
   [Other: 111.5 ms]
      [Choose CSet: 0.0 ms]
      [Ref Proc: 104.0 ms]
      [Ref Enq: 5.2 ms]
      [Free CSet: 2.1 ms]
   [Eden: 1698.0M(1698.0M)->0.0B(1697.0M) Survivors: 21.0M->22.0M Heap: 3662.1M(4096.0M)->1965.1M(4096.0M)]
 [Times: user=0.59 sys=0.00, real=0.15 secs] 
2016-01-06T00:59:11.853-0800: 187.974: [GC pause (young)
Desired survivor size 112721920 bytes, new threshold 15 (max 15)
- age   1:   20636848 bytes,   20636848 total
- age   2:      36864 bytes,   20673712 total
2016-01-06T00:59:12.000-0800: 188.121: [SoftReference, 0 refs, 0.0004440 secs]2016-01-06T00:59:12.001-0800: 188.122: [WeakReference, 0 refs, 0.0002710 secs]2016-01-06T00:59:12.001-0800: 188.122: [FinalReference, 0 refs, 0.0003150 secs]2016-01-06T00:59:12.001-0800: 188.122: [PhantomReference, 0 refs, 53117 refs, 0.0016410 secs]2016-01-06T00:59:12.003-0800: 188.124: [JNI Weak Reference, 0.0000090 secs], 0.1565550 secs]
   [Parallel Time: 28.1 ms, GC Workers: 4]
      [GC Worker Start (ms): Min: 187974.1, Avg: 187974.1, Max: 187974.1, Diff: 0.1]
      [Ext Root Scanning (ms): Min: 0.3, Avg: 0.4, Max: 0.4, Diff: 0.1, Sum: 1.4]
      [SATB Filtering (ms): Min: 0.0, Avg: 0.0, Max: 0.0, Diff: 0.0, Sum: 0.0]
      [Update RS (ms): Min: 15.2, Avg: 15.7, Max: 16.1, Diff: 0.8, Sum: 62.8]
         [Processed Buffers: Min: 21, Avg: 22.2, Max: 24, Diff: 3, Sum: 89]
      [Scan RS (ms): Min: 0.6, Avg: 0.8, Max: 1.2, Diff: 0.6, Sum: 3.3]
      [Code Root Scanning (ms): Min: 0.1, Avg: 0.2, Max: 0.2, Diff: 0.2, Sum: 0.7]
      [Object Copy (ms): Min: 10.8, Avg: 10.9, Max: 10.9, Diff: 0.1, Sum: 43.5]
      [Termination (ms): Min: 0.0, Avg: 0.0, Max: 0.0, Diff: 0.0, Sum: 0.0]
      [GC Worker Other (ms): Min: 0.0, Avg: 0.1, Max: 0.1, Diff: 0.1, Sum: 0.2]
      [GC Worker Total (ms): Min: 28.0, Avg: 28.0, Max: 28.0, Diff: 0.1, Sum: 111.9]
      [GC Worker End (ms): Min: 188002.0, Avg: 188002.1, Max: 188002.1, Diff: 0.1]
   [Code Root Fixup: 0.0 ms]
   [Code Root Migration: 0.3 ms]
   [Clear CT: 0.4 ms]
   [Other: 127.8 ms]
      [Choose CSet: 0.0 ms]
      [Ref Proc: 121.9 ms]
      [Ref Enq: 3.9 ms]
      [Free CSet: 1.9 ms]
   [Eden: 1697.0M(1697.0M)->0.0B(1697.0M) Survivors: 22.0M->22.0M Heap: 3662.1M(4096.0M)->1965.1M(4096.0M)]
 [Times: user=0.56 sys=0.00, real=0.16 secs] 
2016-01-06T00:59:12.258-0800: 188.379: [GC pause (young)
Desired survivor size 112721920 bytes, new threshold 15 (max 15)
- age   1:   20634616 bytes,   20634616 total
- age   2:      36864 bytes,   20671480 total
2016-01-06T00:59:12.418-0800: 188.539: [SoftReference, 0 refs, 0.0003960 secs]2016-01-06T00:59:12.419-0800: 188.540: [WeakReference, 0 refs, 0.0003710 secs]2016-01-06T00:59:12.419-0800: 188.540: [FinalReference, 0 refs, 0.0002270 secs]2016-01-06T00:59:12.419-0800: 188.540: [PhantomReference, 0 refs, 53115 refs, 0.0017960 secs]2016-01-06T00:59:12.421-0800: 188.542: [JNI Weak Reference, 0.0000130 secs], 0.1710230 secs]
   [Parallel Time: 28.6 ms, GC Workers: 4]
      [GC Worker Start (ms): Min: 188378.6, Avg: 188378.6, Max: 188378.7, Diff: 0.1]
      [Ext Root Scanning (ms): Min: 0.3, Avg: 0.4, Max: 0.4, Diff: 0.1, Sum: 1.4]
      [SATB Filtering (ms): Min: 0.0, Avg: 0.0, Max: 0.0, Diff: 0.0, Sum: 0.0]
      [Update RS (ms): Min: 16.5, Avg: 16.6, Max: 16.8, Diff: 0.3, Sum: 66.4]
         [Processed Buffers: Min: 23, Avg: 24.0, Max: 25, Diff: 2, Sum: 96]
      [Scan RS (ms): Min: 0.7, Avg: 0.8, Max: 0.8, Diff: 0.2, Sum: 3.1]
      [Code Root Scanning (ms): Min: 0.1, Avg: 0.1, Max: 0.1, Diff: 0.0, Sum: 0.4]
      [Object Copy (ms): Min: 10.6, Avg: 10.6, Max: 10.7, Diff: 0.1, Sum: 42.5]
      [Termination (ms): Min: 0.0, Avg: 0.0, Max: 0.0, Diff: 0.0, Sum: 0.0]
      [GC Worker Other (ms): Min: 0.0, Avg: 0.1, Max: 0.1, Diff: 0.0, Sum: 0.2]
      [GC Worker Total (ms): Min: 28.5, Avg: 28.5, Max: 28.5, Diff: 0.1, Sum: 114.0]
      [GC Worker End (ms): Min: 188407.1, Avg: 188407.1, Max: 188407.2, Diff: 0.0]
   [Code Root Fixup: 0.0 ms]
   [Code Root Migration: 0.3 ms]
   [Clear CT: 0.4 ms]
   [Other: 141.7 ms]
      [Choose CSet: 0.0 ms]
      [Ref Proc: 134.9 ms]
      [Ref Enq: 4.8 ms]
      [Free CSet: 2.0 ms]
   [Eden: 1697.0M(1697.0M)->0.0B(1697.0M) Survivors: 22.0M->22.0M Heap: 3662.1M(4096.0M)->1965.1M(4096.0M)]
 [Times: user=0.65 sys=0.00, real=0.17 secs] 
2016-01-06T00:59:12.688-0800: 188.809: [GC pause (young)
Desired survivor size 112721920 bytes, new threshold 15 (max 15)
- age   1:   20634616 bytes,   20634616 total
- age   2:      36864 bytes,   20671480 total
2016-01-06T00:59:12.865-0800: 188.986: [SoftReference, 0 refs, 0.0004320 secs]2016-01-06T00:59:12.865-0800: 188.986: [WeakReference, 0 refs, 0.0003490 secs]2016-01-06T00:59:12.866-0800: 188.987: [FinalReference, 0 refs, 0.0002530 secs]2016-01-06T00:59:12.866-0800: 188.987: [PhantomReference, 0 refs, 53116 refs, 0.0017540 secs]2016-01-06T00:59:12.868-0800: 188.989: [JNI Weak Reference, 0.0000090 secs], 0.1874620 secs]
   [Parallel Time: 34.2 ms, GC Workers: 4]
      [GC Worker Start (ms): Min: 188809.4, Avg: 188809.5, Max: 188809.9, Diff: 0.5]
      [Ext Root Scanning (ms): Min: 0.0, Avg: 0.3, Max: 0.5, Diff: 0.5, Sum: 1.3]
      [SATB Filtering (ms): Min: 0.0, Avg: 0.0, Max: 0.0, Diff: 0.0, Sum: 0.0]
      [Update RS (ms): Min: 21.8, Avg: 22.0, Max: 22.2, Diff: 0.4, Sum: 88.0]
         [Processed Buffers: Min: 30, Avg: 30.2, Max: 31, Diff: 1, Sum: 121]
      [Scan RS (ms): Min: 0.7, Avg: 0.8, Max: 0.9, Diff: 0.2, Sum: 3.1]
      [Code Root Scanning (ms): Min: 0.1, Avg: 0.1, Max: 0.1, Diff: 0.0, Sum: 0.4]
      [Object Copy (ms): Min: 10.7, Avg: 10.7, Max: 10.7, Diff: 0.0, Sum: 42.8]
      [Termination (ms): Min: 0.0, Avg: 0.0, Max: 0.0, Diff: 0.0, Sum: 0.0]
      [GC Worker Other (ms): Min: 0.0, Avg: 0.1, Max: 0.1, Diff: 0.1, Sum: 0.3]
      [GC Worker Total (ms): Min: 33.6, Avg: 34.0, Max: 34.1, Diff: 0.5, Sum: 135.8]
      [GC Worker End (ms): Min: 188843.4, Avg: 188843.5, Max: 188843.5, Diff: 0.1]
   [Code Root Fixup: 0.0 ms]
   [Code Root Migration: 0.3 ms]
   [Clear CT: 0.4 ms]
   [Other: 152.6 ms]
      [Choose CSet: 0.0 ms]
      [Ref Proc: 145.2 ms]
      [Ref Enq: 5.3 ms]
      [Free CSet: 2.0 ms]
   [Eden: 1697.0M(1697.0M)->0.0B(1697.0M) Survivors: 22.0M->22.0M Heap: 3662.1M(4096.0M)->1965.1M(4096.0M)]
 [Times: user=0.71 sys=0.01, real=0.18 secs] 
2016-01-06T00:59:13.136-0800: 189.257: [GC pause (young)
Desired survivor size 112721920 bytes, new threshold 15 (max 15)
- age   1:   20634616 bytes,   20634616 total
- age   2:      36864 bytes,   20671480 total
2016-01-06T00:59:13.331-0800: 189.452: [SoftReference, 0 refs, 0.0005180 secs]2016-01-06T00:59:13.332-0800: 189.453: [WeakReference, 0 refs, 0.0002360 secs]2016-01-06T00:59:13.332-0800: 189.453: [FinalReference, 0 refs, 0.0003470 secs]2016-01-06T00:59:13.333-0800: 189.454: [PhantomReference, 0 refs, 53117 refs, 0.0019590 secs]2016-01-06T00:59:13.335-0800: 189.455: [JNI Weak Reference, 0.0000090 secs], 0.2064800 secs]
   [Parallel Time: 44.6 ms, GC Workers: 4]
      [GC Worker Start (ms): Min: 189257.2, Avg: 189258.4, Max: 189261.6, Diff: 4.4]
      [Ext Root Scanning (ms): Min: 0.0, Avg: 0.3, Max: 0.7, Diff: 0.7, Sum: 1.3]
      [SATB Filtering (ms): Min: 0.0, Avg: 0.0, Max: 0.0, Diff: 0.0, Sum: 0.0]
      [Update RS (ms): Min: 24.8, Avg: 28.8, Max: 33.5, Diff: 8.7, Sum: 115.4]
         [Processed Buffers: Min: 21, Avg: 32.2, Max: 42, Diff: 21, Sum: 129]
      [Scan RS (ms): Min: 0.3, Avg: 0.8, Max: 0.9, Diff: 0.6, Sum: 3.1]
      [Code Root Scanning (ms): Min: 0.0, Avg: 0.1, Max: 0.1, Diff: 0.1, Sum: 0.3]
      [Object Copy (ms): Min: 9.9, Avg: 13.1, Max: 14.2, Diff: 4.3, Sum: 52.5]
      [Termination (ms): Min: 0.0, Avg: 0.0, Max: 0.0, Diff: 0.0, Sum: 0.0]
      [GC Worker Other (ms): Min: 0.0, Avg: 0.1, Max: 0.1, Diff: 0.0, Sum: 0.2]
      [GC Worker Total (ms): Min: 40.1, Avg: 43.2, Max: 44.5, Diff: 4.4, Sum: 172.9]
      [GC Worker End (ms): Min: 189301.6, Avg: 189301.7, Max: 189301.7, Diff: 0.0]
   [Code Root Fixup: 0.0 ms]
   [Code Root Migration: 0.3 ms]
   [Clear CT: 0.4 ms]
   [Other: 161.2 ms]
      [Choose CSet: 0.0 ms]
      [Ref Proc: 153.7 ms]
      [Ref Enq: 5.3 ms]
      [Free CSet: 2.0 ms]
   [Eden: 1697.0M(1697.0M)->0.0B(1698.0M) Survivors: 22.0M->21.0M Heap: 3662.1M(4096.0M)->1964.1M(4096.0M)]
 [Times: user=0.69 sys=0.00, real=0.21 secs] 
2016-01-06T00:59:13.587-0800: 189.708: [GC pause (young)
Desired survivor size 112721920 bytes, new threshold 15 (max 15)
- age   1:   19879480 bytes,   19879480 total
- age   2:      36864 bytes,   19916344 total
2016-01-06T00:59:13.763-0800: 189.884: [SoftReference, 0 refs, 0.0005000 secs]2016-01-06T00:59:13.763-0800: 189.884: [WeakReference, 0 refs, 0.0003940 secs]2016-01-06T00:59:13.764-0800: 189.885: [FinalReference, 0 refs, 0.0002640 secs]2016-01-06T00:59:13.764-0800: 189.885: [PhantomReference, 0 refs, 53148 refs, 0.0016910 secs]2016-01-06T00:59:13.766-0800: 189.887: [JNI Weak Reference, 0.0000090 secs], 0.1868430 secs]
   [Parallel Time: 21.9 ms, GC Workers: 4]
      [GC Worker Start (ms): Min: 189708.1, Avg: 189708.1, Max: 189708.2, Diff: 0.1]
      [Ext Root Scanning (ms): Min: 0.3, Avg: 0.4, Max: 0.4, Diff: 0.1, Sum: 1.4]
      [SATB Filtering (ms): Min: 0.0, Avg: 0.0, Max: 0.0, Diff: 0.0, Sum: 0.0]
      [Update RS (ms): Min: 10.2, Avg: 10.6, Max: 10.9, Diff: 0.7, Sum: 42.3]
         [Processed Buffers: Min: 16, Avg: 17.0, Max: 18, Diff: 2, Sum: 68]
      [Scan RS (ms): Min: 0.5, Avg: 0.7, Max: 1.0, Diff: 0.5, Sum: 2.9]
      [Code Root Scanning (ms): Min: 0.0, Avg: 0.1, Max: 0.1, Diff: 0.1, Sum: 0.3]
      [Object Copy (ms): Min: 9.9, Avg: 10.0, Max: 10.0, Diff: 0.1, Sum: 39.8]
      [Termination (ms): Min: 0.0, Avg: 0.0, Max: 0.0, Diff: 0.0, Sum: 0.1]
      [GC Worker Other (ms): Min: 0.0, Avg: 0.1, Max: 0.1, Diff: 0.0, Sum: 0.2]
      [GC Worker Total (ms): Min: 21.7, Avg: 21.8, Max: 21.8, Diff: 0.1, Sum: 87.1]
      [GC Worker End (ms): Min: 189729.9, Avg: 189729.9, Max: 189729.9, Diff: 0.0]
   [Code Root Fixup: 0.0 ms]
   [Code Root Migration: 0.3 ms]
   [Clear CT: 0.5 ms]
   [Other: 164.2 ms]
      [Choose CSet: 0.0 ms]
      [Ref Proc: 156.7 ms]
      [Ref Enq: 5.3 ms]
      [Free CSet: 2.1 ms]
   [Eden: 1698.0M(1698.0M)->0.0B(1697.0M) Survivors: 21.0M->22.0M Heap: 3662.1M(4096.0M)->1964.6M(4096.0M)]
 [Times: user=0.70 sys=0.01, real=0.18 secs] 
2016-01-06T00:59:14.033-0800: 190.154: [GC pause (young)
Desired survivor size 112721920 bytes, new threshold 15 (max 15)
- age   1:   20636848 bytes,   20636848 total
- age   2:      36864 bytes,   20673712 total
2016-01-06T00:59:14.200-0800: 190.321: [SoftReference, 0 refs, 0.0005960 secs]2016-01-06T00:59:14.201-0800: 190.322: [WeakReference, 0 refs, 0.0002720 secs]2016-01-06T00:59:14.201-0800: 190.322: [FinalReference, 0 refs, 0.0002140 secs]2016-01-06T00:59:14.201-0800: 190.322: [PhantomReference, 0 refs, 53117 refs, 0.0013040 secs]2016-01-06T00:59:14.203-0800: 190.323: [JNI Weak Reference, 0.0000090 secs], 0.1779300 secs]
   [Parallel Time: 12.4 ms, GC Workers: 4]
      [GC Worker Start (ms): Min: 190153.7, Avg: 190154.8, Max: 190157.9, Diff: 4.2]
      [Ext Root Scanning (ms): Min: 0.0, Avg: 0.3, Max: 0.5, Diff: 0.5, Sum: 1.3]
      [SATB Filtering (ms): Min: 0.0, Avg: 0.0, Max: 0.0, Diff: 0.0, Sum: 0.0]
      [Update RS (ms): Min: 0.0, Avg: 0.0, Max: 0.2, Diff: 0.2, Sum: 0.2]
         [Processed Buffers: Min: 0, Avg: 1.5, Max: 4, Diff: 4, Sum: 6]
      [Scan RS (ms): Min: 0.4, Avg: 0.7, Max: 0.9, Diff: 0.6, Sum: 3.0]
      [Code Root Scanning (ms): Min: 0.0, Avg: 0.1, Max: 0.1, Diff: 0.1, Sum: 0.3]
      [Object Copy (ms): Min: 7.7, Avg: 10.0, Max: 10.8, Diff: 3.1, Sum: 40.0]
      [Termination (ms): Min: 0.0, Avg: 0.0, Max: 0.0, Diff: 0.0, Sum: 0.0]
      [GC Worker Other (ms): Min: 0.0, Avg: 0.1, Max: 0.1, Diff: 0.1, Sum: 0.3]
      [GC Worker Total (ms): Min: 8.2, Avg: 11.3, Max: 12.4, Diff: 4.2, Sum: 45.1]
      [GC Worker End (ms): Min: 190166.0, Avg: 190166.1, Max: 190166.1, Diff: 0.1]
   [Code Root Fixup: 0.0 ms]
   [Code Root Migration: 0.3 ms]
   [Clear CT: 0.5 ms]
   [Other: 164.8 ms]
      [Choose CSet: 0.0 ms]
      [Ref Proc: 157.4 ms]
      [Ref Enq: 5.2 ms]
      [Free CSet: 2.1 ms]
   [Eden: 1697.0M(1697.0M)->0.0B(1697.0M) Survivors: 22.0M->22.0M Heap: 3661.6M(4096.0M)->1965.1M(4096.0M)]
 [Times: user=0.61 sys=0.00, real=0.18 secs] 
2016-01-06T00:59:14.469-0800: 190.590: [GC pause (young)
Desired survivor size 112721920 bytes, new threshold 15 (max 15)
- age   1:   20634616 bytes,   20634616 total
- age   2:      36864 bytes,   20671480 total
2016-01-06T00:59:14.632-0800: 190.753: [SoftReference, 0 refs, 0.0004690 secs]2016-01-06T00:59:14.633-0800: 190.754: [WeakReference, 0 refs, 0.0002460 secs]2016-01-06T00:59:14.633-0800: 190.754: [FinalReference, 0 refs, 0.0003590 secs]2016-01-06T00:59:14.633-0800: 190.754: [PhantomReference, 0 refs, 53117 refs, 0.0016150 secs]2016-01-06T00:59:14.635-0800: 190.756: [JNI Weak Reference, 0.0000090 secs], 0.1738050 secs]
   [Parallel Time: 11.6 ms, GC Workers: 4]
      [GC Worker Start (ms): Min: 190590.3, Avg: 190591.2, Max: 190593.9, Diff: 3.6]
      [Ext Root Scanning (ms): Min: 0.0, Avg: 0.3, Max: 0.5, Diff: 0.5, Sum: 1.3]
      [SATB Filtering (ms): Min: 0.0, Avg: 0.0, Max: 0.0, Diff: 0.0, Sum: 0.0]
      [Update RS (ms): Min: 0.0, Avg: 0.0, Max: 0.2, Diff: 0.2, Sum: 0.2]
         [Processed Buffers: Min: 0, Avg: 1.2, Max: 3, Diff: 3, Sum: 5]
      [Scan RS (ms): Min: 0.3, Avg: 0.7, Max: 1.0, Diff: 0.7, Sum: 2.9]
      [Code Root Scanning (ms): Min: 0.0, Avg: 0.1, Max: 0.1, Diff: 0.1, Sum: 0.3]
      [Object Copy (ms): Min: 7.5, Avg: 9.3, Max: 10.0, Diff: 2.4, Sum: 37.3]
      [Termination (ms): Min: 0.0, Avg: 0.0, Max: 0.0, Diff: 0.0, Sum: 0.0]
      [GC Worker Other (ms): Min: 0.0, Avg: 0.1, Max: 0.1, Diff: 0.1, Sum: 0.3]
      [GC Worker Total (ms): Min: 7.8, Avg: 10.5, Max: 11.5, Diff: 3.7, Sum: 42.2]
      [GC Worker End (ms): Min: 190601.7, Avg: 190601.8, Max: 190601.8, Diff: 0.1]
   [Code Root Fixup: 0.0 ms]
   [Code Root Migration: 0.3 ms]
   [Clear CT: 0.4 ms]
   [Other: 161.6 ms]
      [Choose CSet: 0.0 ms]
      [Ref Proc: 154.1 ms]
      [Ref Enq: 5.3 ms]
      [Free CSet: 2.0 ms]
   [Eden: 1697.0M(1697.0M)->0.0B(1697.0M) Survivors: 22.0M->22.0M Heap: 3662.1M(4096.0M)->1965.1M(4096.0M)]
 [Times: user=0.66 sys=0.02, real=0.17 secs] 
2016-01-06T00:59:14.884-0800: 191.005: [GC pause (young)
Desired survivor size 112721920 bytes, new threshold 15 (max 15)
- age   1:   20634616 bytes,   20634616 total
- age   2:      36864 bytes,   20671480 total
2016-01-06T00:59:15.075-0800: 191.196: [SoftReference, 0 refs, 0.0004900 secs]2016-01-06T00:59:15.075-0800: 191.196: [WeakReference, 0 refs, 0.0002350 secs]2016-01-06T00:59:15.076-0800: 191.196: [FinalReference, 0 refs, 0.0003700 secs]2016-01-06T00:59:15.076-0800: 191.197: [PhantomReference, 0 refs, 53117 refs, 0.0013560 secs]2016-01-06T00:59:15.077-0800: 191.198: [JNI Weak Reference, 0.0000090 secs], 0.2013300 secs]
   [Parallel Time: 29.6 ms, GC Workers: 4]
      [GC Worker Start (ms): Min: 191005.1, Avg: 191005.1, Max: 191005.1, Diff: 0.1]
      [Ext Root Scanning (ms): Min: 0.3, Avg: 0.4, Max: 0.4, Diff: 0.1, Sum: 1.4]
      [SATB Filtering (ms): Min: 0.0, Avg: 0.0, Max: 0.0, Diff: 0.0, Sum: 0.0]
      [Update RS (ms): Min: 16.8, Avg: 17.0, Max: 17.3, Diff: 0.5, Sum: 68.0]
         [Processed Buffers: Min: 23, Avg: 23.8, Max: 25, Diff: 2, Sum: 95]
      [Scan RS (ms): Min: 0.6, Avg: 0.8, Max: 1.0, Diff: 0.4, Sum: 3.1]
      [Code Root Scanning (ms): Min: 0.1, Avg: 0.1, Max: 0.1, Diff: 0.0, Sum: 0.3]
      [Object Copy (ms): Min: 10.7, Avg: 10.9, Max: 11.2, Diff: 0.5, Sum: 43.4]
      [Termination (ms): Min: 0.0, Avg: 0.4, Max: 0.5, Diff: 0.5, Sum: 1.4]
      [GC Worker Other (ms): Min: 0.0, Avg: 0.0, Max: 0.1, Diff: 0.0, Sum: 0.1]
      [GC Worker Total (ms): Min: 29.4, Avg: 29.5, Max: 29.5, Diff: 0.1, Sum: 117.9]
      [GC Worker End (ms): Min: 191034.5, Avg: 191034.6, Max: 191034.6, Diff: 0.0]
   [Code Root Fixup: 0.0 ms]
   [Code Root Migration: 0.3 ms]
   [Clear CT: 0.5 ms]
   [Other: 171.0 ms]
      [Choose CSet: 0.0 ms]
      [Ref Proc: 163.6 ms]
      [Ref Enq: 5.4 ms]
      [Free CSet: 2.0 ms]
   [Eden: 1697.0M(1697.0M)->0.0B(1697.0M) Survivors: 22.0M->22.0M Heap: 3662.1M(4096.0M)->1965.1M(4096.0M)]
 [Times: user=0.77 sys=0.00, real=0.21 secs] 
2016-01-06T00:59:15.336-0800: 191.457: [GC pause (young)
Desired survivor size 112721920 bytes, new threshold 15 (max 15)
- age   1:   20634616 bytes,   20634616 total
- age   2:      36864 bytes,   20671480 total
2016-01-06T00:59:15.534-0800: 191.655: [SoftReference, 0 refs, 0.0006530 secs]2016-01-06T00:59:15.535-0800: 191.656: [WeakReference, 0 refs, 0.0002710 secs]2016-01-06T00:59:15.535-0800: 191.656: [FinalReference, 0 refs, 0.0002830 secs]2016-01-06T00:59:15.535-0800: 191.656: [PhantomReference, 0 refs, 53117 refs, 0.0018440 secs]2016-01-06T00:59:15.537-0800: 191.658: [JNI Weak Reference, 0.0000100 secs], 0.2087030 secs]
   [Parallel Time: 28.8 ms, GC Workers: 4]
      [GC Worker Start (ms): Min: 191456.8, Avg: 191457.7, Max: 191460.6, Diff: 3.8]
      [Ext Root Scanning (ms): Min: 0.0, Avg: 0.3, Max: 0.5, Diff: 0.5, Sum: 1.3]
      [SATB Filtering (ms): Min: 0.0, Avg: 0.0, Max: 0.0, Diff: 0.0, Sum: 0.0]
      [Update RS (ms): Min: 12.9, Avg: 15.6, Max: 16.7, Diff: 3.8, Sum: 62.4]
         [Processed Buffers: Min: 18, Avg: 22.8, Max: 28, Diff: 10, Sum: 91]
      [Scan RS (ms): Min: 0.6, Avg: 0.7, Max: 0.9, Diff: 0.3, Sum: 2.9]
      [Code Root Scanning (ms): Min: 0.1, Avg: 0.1, Max: 0.1, Diff: 0.0, Sum: 0.3]
      [Object Copy (ms): Min: 10.9, Avg: 10.9, Max: 10.9, Diff: 0.0, Sum: 43.7]
      [Termination (ms): Min: 0.0, Avg: 0.0, Max: 0.0, Diff: 0.0, Sum: 0.0]
      [GC Worker Other (ms): Min: 0.0, Avg: 0.1, Max: 0.1, Diff: 0.0, Sum: 0.2]
      [GC Worker Total (ms): Min: 24.9, Avg: 27.7, Max: 28.7, Diff: 3.8, Sum: 110.9]
      [GC Worker End (ms): Min: 191485.4, Avg: 191485.5, Max: 191485.5, Diff: 0.0]
   [Code Root Fixup: 0.0 ms]
   [Code Root Migration: 0.3 ms]
   [Clear CT: 0.4 ms]
   [Other: 179.2 ms]
      [Choose CSet: 0.0 ms]
      [Ref Proc: 172.7 ms]
      [Ref Enq: 4.3 ms]
      [Free CSet: 2.2 ms]
   [Eden: 1697.0M(1697.0M)->0.0B(925.0M) Survivors: 22.0M->22.0M Heap: 3662.1M(4096.0M)->1965.1M(4096.0M)]
 [Times: user=0.80 sys=0.00, real=0.21 secs] 
2016-01-06T00:59:15.677-0800: 191.798: [GC pause (young)
Desired survivor size 62390272 bytes, new threshold 15 (max 15)
- age   1:   20634616 bytes,   20634616 total
- age   2:      36864 bytes,   20671480 total
2016-01-06T00:59:15.871-0800: 191.992: [SoftReference, 0 refs, 0.0004490 secs]2016-01-06T00:59:15.879-0800: 192.000: [WeakReference, 0 refs, 0.0003240 secs]2016-01-06T00:59:15.880-0800: 192.001: [FinalReference, 0 refs, 0.0002620 secs]2016-01-06T00:59:15.880-0800: 192.001: [PhantomReference, 0 refs, 29184 refs, 0.0010220 secs]2016-01-06T00:59:15.881-0800: 192.002: [JNI Weak Reference, 0.0000130 secs], 0.2088700 secs]
   [Parallel Time: 23.1 ms, GC Workers: 4]
      [GC Worker Start (ms): Min: 191797.7, Avg: 191797.7, Max: 191797.8, Diff: 0.1]
      [Ext Root Scanning (ms): Min: 0.4, Avg: 0.4, Max: 0.4, Diff: 0.0, Sum: 1.5]
      [SATB Filtering (ms): Min: 0.0, Avg: 0.0, Max: 0.0, Diff: 0.0, Sum: 0.0]
      [Update RS (ms): Min: 15.9, Avg: 16.1, Max: 16.4, Diff: 0.5, Sum: 64.5]
         [Processed Buffers: Min: 23, Avg: 24.0, Max: 25, Diff: 2, Sum: 96]
      [Scan RS (ms): Min: 0.2, Avg: 0.4, Max: 0.7, Diff: 0.5, Sum: 1.6]
      [Code Root Scanning (ms): Min: 0.0, Avg: 0.0, Max: 0.1, Diff: 0.1, Sum: 0.2]
      [Object Copy (ms): Min: 5.9, Avg: 6.0, Max: 6.0, Diff: 0.0, Sum: 23.8]
      [Termination (ms): Min: 0.0, Avg: 0.0, Max: 0.0, Diff: 0.0, Sum: 0.0]
      [GC Worker Other (ms): Min: 0.0, Avg: 0.1, Max: 0.1, Diff: 0.1, Sum: 0.2]
      [GC Worker Total (ms): Min: 22.9, Avg: 23.0, Max: 23.0, Diff: 0.1, Sum: 91.9]
      [GC Worker End (ms): Min: 191820.7, Avg: 191820.7, Max: 191820.7, Diff: 0.1]
   [Code Root Fixup: 0.0 ms]
   [Code Root Migration: 0.1 ms]
   [Clear CT: 0.2 ms]
   [Other: 185.4 ms]
      [Choose CSet: 0.0 ms]
      [Ref Proc: 181.3 ms]
      [Ref Enq: 2.9 ms]
      [Free CSet: 1.2 ms]
   [Eden: 925.0M(925.0M)->0.0B(187.0M) Survivors: 22.0M->17.0M Heap: 2890.1M(4096.0M)->1959.6M(4096.0M)]
 [Times: user=0.77 sys=0.00, real=0.22 secs] 
2016-01-06T00:59:15.913-0800: 192.034: [GC pause (young)
Desired survivor size 13631488 bytes, new threshold 1 (max 15)
- age   1:   14906008 bytes,   14906008 total
- age   2:      36864 bytes,   14942872 total
2016-01-06T00:59:16.119-0800: 192.240: [SoftReference, 0 refs, 0.0005590 secs]2016-01-06T00:59:16.120-0800: 192.240: [WeakReference, 0 refs, 0.0002570 secs]2016-01-06T00:59:16.120-0800: 192.241: [FinalReference, 0 refs, 0.0002460 secs]2016-01-06T00:59:16.120-0800: 192.241: [PhantomReference, 0 refs, 6306 refs, 0.0005460 secs]2016-01-06T00:59:16.121-0800: 192.242: [JNI Weak Reference, 0.0000110 secs], 0.2085180 secs]
   [Parallel Time: 8.5 ms, GC Workers: 4]
      [GC Worker Start (ms): Min: 192034.1, Avg: 192034.1, Max: 192034.2, Diff: 0.1]
      [Ext Root Scanning (ms): Min: 0.3, Avg: 0.4, Max: 0.4, Diff: 0.1, Sum: 1.4]
      [SATB Filtering (ms): Min: 0.0, Avg: 0.0, Max: 0.0, Diff: 0.0, Sum: 0.0]
      [Update RS (ms): Min: 5.3, Avg: 5.7, Max: 5.8, Diff: 0.5, Sum: 22.7]
         [Processed Buffers: Min: 8, Avg: 9.0, Max: 11, Diff: 3, Sum: 36]
      [Scan RS (ms): Min: 0.0, Avg: 0.1, Max: 0.3, Diff: 0.3, Sum: 0.3]
      [Code Root Scanning (ms): Min: 0.0, Avg: 0.0, Max: 0.0, Diff: 0.0, Sum: 0.0]
      [Object Copy (ms): Min: 2.2, Avg: 2.3, Max: 2.4, Diff: 0.3, Sum: 9.1]
      [Termination (ms): Min: 0.0, Avg: 0.0, Max: 0.0, Diff: 0.0, Sum: 0.0]
      [GC Worker Other (ms): Min: 0.0, Avg: 0.0, Max: 0.0, Diff: 0.0, Sum: 0.1]
      [GC Worker Total (ms): Min: 8.4, Avg: 8.4, Max: 8.4, Diff: 0.1, Sum: 33.6]
      [GC Worker End (ms): Min: 192042.5, Avg: 192042.5, Max: 192042.5, Diff: 0.0]
   [Code Root Fixup: 0.0 ms]
   [Code Root Migration: 0.0 ms]
   [Clear CT: 0.1 ms]
   [Other: 199.8 ms]
      [Choose CSet: 0.0 ms]
      [Ref Proc: 198.9 ms]
      [Ref Enq: 0.5 ms]
      [Free CSet: 0.3 ms]
   [Eden: 187.0M(187.0M)->0.0B(186.0M) Survivors: 17.0M->18.0M Heap: 2146.6M(4096.0M)->1961.2M(4096.0M)]
 [Times: user=0.77 sys=0.01, real=0.21 secs] 
2016-01-06T00:59:16.148-0800: 192.269: [GC pause (young)
Desired survivor size 13631488 bytes, new threshold 1 (max 15)
- age   1:   17264296 bytes,   17264296 total
2016-01-06T00:59:16.351-0800: 192.472: [SoftReference, 0 refs, 0.0004350 secs]2016-01-06T00:59:16.351-0800: 192.472: [WeakReference, 0 refs, 0.0002270 secs]2016-01-06T00:59:16.352-0800: 192.473: [FinalReference, 0 refs, 0.0002500 secs]2016-01-06T00:59:16.352-0800: 192.473: [PhantomReference, 0 refs, 6276 refs, 0.0007230 secs]2016-01-06T00:59:16.353-0800: 192.474: [JNI Weak Reference, 0.0000100 secs], 0.2056630 secs]
   [Parallel Time: 7.0 ms, GC Workers: 4]
      [GC Worker Start (ms): Min: 192268.9, Avg: 192268.9, Max: 192269.0, Diff: 0.1]
      [Ext Root Scanning (ms): Min: 0.3, Avg: 0.4, Max: 0.4, Diff: 0.1, Sum: 1.4]
      [SATB Filtering (ms): Min: 0.0, Avg: 0.0, Max: 0.0, Diff: 0.0, Sum: 0.0]
      [Update RS (ms): Min: 3.8, Avg: 4.2, Max: 4.4, Diff: 0.6, Sum: 16.7]
         [Processed Buffers: Min: 6, Avg: 7.2, Max: 8, Diff: 2, Sum: 29]
      [Scan RS (ms): Min: 0.0, Avg: 0.1, Max: 0.3, Diff: 0.3, Sum: 0.3]
      [Code Root Scanning (ms): Min: 0.0, Avg: 0.0, Max: 0.0, Diff: 0.0, Sum: 0.0]
      [Object Copy (ms): Min: 2.2, Avg: 2.3, Max: 2.5, Diff: 0.3, Sum: 9.3]
      [Termination (ms): Min: 0.0, Avg: 0.0, Max: 0.0, Diff: 0.0, Sum: 0.0]
      [GC Worker Other (ms): Min: 0.0, Avg: 0.0, Max: 0.0, Diff: 0.0, Sum: 0.1]
      [GC Worker Total (ms): Min: 6.9, Avg: 7.0, Max: 7.0, Diff: 0.1, Sum: 27.8]
      [GC Worker End (ms): Min: 192275.9, Avg: 192275.9, Max: 192275.9, Diff: 0.0]
   [Code Root Fixup: 0.0 ms]
   [Code Root Migration: 0.0 ms]
   [Clear CT: 0.1 ms]
   [Other: 198.5 ms]
      [Choose CSet: 0.0 ms]
      [Ref Proc: 197.6 ms]
      [Ref Enq: 0.5 ms]
      [Free CSet: 0.3 ms]
   [Eden: 186.0M(186.0M)->0.0B(185.0M) Survivors: 18.0M->19.0M Heap: 2147.2M(4096.0M)->1961.7M(4096.0M)]
 [Times: user=0.78 sys=0.00, real=0.20 secs] 
2016-01-06T00:59:16.380-0800: 192.501: [GC pause (young)
Desired survivor size 13631488 bytes, new threshold 1 (max 15)
- age   1:   17262064 bytes,   17262064 total
2016-01-06T00:59:16.564-0800: 192.685: [SoftReference, 0 refs, 0.0004490 secs]2016-01-06T00:59:16.565-0800: 192.686: [WeakReference, 0 refs, 0.0002600 secs]2016-01-06T00:59:16.565-0800: 192.686: [FinalReference, 0 refs, 0.0002590 secs]2016-01-06T00:59:16.565-0800: 192.686: [PhantomReference, 0 refs, 6244 refs, 0.0005640 secs]2016-01-06T00:59:16.566-0800: 192.687: [JNI Weak Reference, 0.0000130 secs], 0.1867300 secs]
   [Parallel Time: 7.8 ms, GC Workers: 4]
      [GC Worker Start (ms): Min: 192501.3, Avg: 192501.3, Max: 192501.3, Diff: 0.1]
      [Ext Root Scanning (ms): Min: 0.3, Avg: 0.4, Max: 0.4, Diff: 0.1, Sum: 1.4]
      [SATB Filtering (ms): Min: 0.0, Avg: 0.0, Max: 0.0, Diff: 0.0, Sum: 0.0]
      [Update RS (ms): Min: 4.5, Avg: 4.7, Max: 5.1, Diff: 0.6, Sum: 18.9]
         [Processed Buffers: Min: 7, Avg: 8.0, Max: 9, Diff: 2, Sum: 32]
      [Scan RS (ms): Min: 0.0, Avg: 0.1, Max: 0.1, Diff: 0.1, Sum: 0.3]
      [Code Root Scanning (ms): Min: 0.0, Avg: 0.0, Max: 0.0, Diff: 0.0, Sum: 0.0]
      [Object Copy (ms): Min: 2.1, Avg: 2.4, Max: 2.6, Diff: 0.5, Sum: 9.7]
      [Termination (ms): Min: 0.0, Avg: 0.0, Max: 0.0, Diff: 0.0, Sum: 0.0]
      [GC Worker Other (ms): Min: 0.0, Avg: 0.0, Max: 0.1, Diff: 0.0, Sum: 0.2]
      [GC Worker Total (ms): Min: 7.6, Avg: 7.7, Max: 7.7, Diff: 0.1, Sum: 30.6]
      [GC Worker End (ms): Min: 192508.9, Avg: 192508.9, Max: 192509.0, Diff: 0.0]
   [Code Root Fixup: 0.0 ms]
   [Code Root Migration: 0.0 ms]
   [Clear CT: 0.1 ms]
   [Other: 178.8 ms]
      [Choose CSet: 0.0 ms]
      [Ref Proc: 177.9 ms]
      [Ref Enq: 0.5 ms]
      [Free CSet: 0.3 ms]
   [Eden: 185.0M(185.0M)->0.0B(185.0M) Survivors: 19.0M->19.0M Heap: 2146.7M(4096.0M)->1962.3M(4096.0M)]
 [Times: user=0.71 sys=0.01, real=0.19 secs] 
2016-01-06T00:59:16.595-0800: 192.716: [GC pause (young)
Desired survivor size 13631488 bytes, new threshold 1 (max 15)
- age   1:   17259832 bytes,   17259832 total
2016-01-06T00:59:16.783-0800: 192.904: [SoftReference, 0 refs, 0.0005390 secs]2016-01-06T00:59:16.784-0800: 192.905: [WeakReference, 0 refs, 0.0002320 secs]2016-01-06T00:59:16.784-0800: 192.905: [FinalReference, 0 refs, 0.0002550 secs]2016-01-06T00:59:16.784-0800: 192.905: [PhantomReference, 0 refs, 6245 refs, 0.0006610 secs]2016-01-06T00:59:16.785-0800: 192.906: [JNI Weak Reference, 0.0000150 secs], 0.1908560 secs]
   [Parallel Time: 5.4 ms, GC Workers: 4]
      [GC Worker Start (ms): Min: 192716.2, Avg: 192716.2, Max: 192716.3, Diff: 0.1]
      [Ext Root Scanning (ms): Min: 0.3, Avg: 0.4, Max: 0.4, Diff: 0.1, Sum: 1.4]
      [SATB Filtering (ms): Min: 0.0, Avg: 0.0, Max: 0.0, Diff: 0.0, Sum: 0.0]
      [Update RS (ms): Min: 2.3, Avg: 2.6, Max: 2.9, Diff: 0.6, Sum: 10.2]
         [Processed Buffers: Min: 4, Avg: 4.8, Max: 5, Diff: 1, Sum: 19]
      [Scan RS (ms): Min: 0.0, Avg: 0.1, Max: 0.2, Diff: 0.2, Sum: 0.3]
      [Code Root Scanning (ms): Min: 0.0, Avg: 0.0, Max: 0.0, Diff: 0.0, Sum: 0.0]
      [Object Copy (ms): Min: 2.0, Avg: 2.3, Max: 2.4, Diff: 0.4, Sum: 9.0]
      [Termination (ms): Min: 0.0, Avg: 0.0, Max: 0.0, Diff: 0.0, Sum: 0.0]
      [GC Worker Other (ms): Min: 0.0, Avg: 0.0, Max: 0.0, Diff: 0.0, Sum: 0.1]
      [GC Worker Total (ms): Min: 5.2, Avg: 5.3, Max: 5.3, Diff: 0.1, Sum: 21.1]
      [GC Worker End (ms): Min: 192721.5, Avg: 192721.5, Max: 192721.5, Diff: 0.0]
   [Code Root Fixup: 0.0 ms]
   [Code Root Migration: 0.0 ms]
   [Clear CT: 0.1 ms]
   [Other: 185.3 ms]
      [Choose CSet: 0.0 ms]
      [Ref Proc: 184.3 ms]
      [Ref Enq: 0.6 ms]
      [Free CSet: 0.3 ms]
   [Eden: 185.0M(185.0M)->0.0B(186.0M) Survivors: 19.0M->18.0M Heap: 2147.3M(4096.0M)->1961.3M(4096.0M)]
 [Times: user=0.74 sys=0.00, real=0.20 secs] 
2016-01-06T00:59:16.813-0800: 192.934: [GC pause (young)
Desired survivor size 13631488 bytes, new threshold 1 (max 15)
- age   1:   17259832 bytes,   17259832 total
2016-01-06T00:59:17.003-0800: 193.124: [SoftReference, 0 refs, 0.0004930 secs]2016-01-06T00:59:17.003-0800: 193.124: [WeakReference, 0 refs, 0.0002480 secs]2016-01-06T00:59:17.003-0800: 193.124: [FinalReference, 0 refs, 0.0002170 secs]2016-01-06T00:59:17.004-0800: 193.125: [PhantomReference, 0 refs, 6276 refs, 0.0007110 secs]2016-01-06T00:59:17.004-0800: 193.125: [JNI Weak Reference, 0.0000110 secs], 0.1923560 secs]
   [Parallel Time: 8.3 ms, GC Workers: 4]
      [GC Worker Start (ms): Min: 192934.0, Avg: 192935.0, Max: 192937.9, Diff: 3.9]
      [Ext Root Scanning (ms): Min: 0.0, Avg: 0.3, Max: 0.4, Diff: 0.4, Sum: 1.2]
      [SATB Filtering (ms): Min: 0.0, Avg: 0.0, Max: 0.0, Diff: 0.0, Sum: 0.0]
      [Update RS (ms): Min: 2.1, Avg: 4.5, Max: 5.6, Diff: 3.4, Sum: 18.1]
         [Processed Buffers: Min: 3, Avg: 8.5, Max: 11, Diff: 8, Sum: 34]
      [Scan RS (ms): Min: 0.0, Avg: 0.1, Max: 0.3, Diff: 0.2, Sum: 0.3]
      [Code Root Scanning (ms): Min: 0.0, Avg: 0.0, Max: 0.0, Diff: 0.0, Sum: 0.0]
      [Object Copy (ms): Min: 2.2, Avg: 2.3, Max: 2.4, Diff: 0.2, Sum: 9.3]
      [Termination (ms): Min: 0.0, Avg: 0.0, Max: 0.0, Diff: 0.0, Sum: 0.0]
      [GC Worker Other (ms): Min: 0.0, Avg: 0.0, Max: 0.0, Diff: 0.0, Sum: 0.1]
      [GC Worker Total (ms): Min: 4.4, Avg: 7.3, Max: 8.2, Diff: 3.9, Sum: 29.1]
      [GC Worker End (ms): Min: 192942.3, Avg: 192942.3, Max: 192942.3, Diff: 0.0]
   [Code Root Fixup: 0.0 ms]
   [Code Root Migration: 0.0 ms]
   [Clear CT: 0.1 ms]
   [Other: 183.9 ms]
      [Choose CSet: 0.0 ms]
      [Ref Proc: 183.0 ms]
      [Ref Enq: 0.5 ms]
      [Free CSet: 0.3 ms]
   [Eden: 186.0M(186.0M)->0.0B(185.0M) Survivors: 18.0M->19.0M Heap: 2147.3M(4096.0M)->1961.8M(4096.0M)]
 [Times: user=0.73 sys=0.01, real=0.20 secs] 
2016-01-06T00:59:17.032-0800: 193.153: [GC pause (young)
Desired survivor size 13631488 bytes, new threshold 1 (max 15)
- age   1:   17262064 bytes,   17262064 total
2016-01-06T00:59:17.217-0800: 193.337: [SoftReference, 0 refs, 0.0007300 secs]2016-01-06T00:59:17.217-0800: 193.338: [WeakReference, 0 refs, 0.0003920 secs]2016-01-06T00:59:17.218-0800: 193.339: [FinalReference, 0 refs, 0.0003330 secs]2016-01-06T00:59:17.218-0800: 193.339: [PhantomReference, 0 refs, 6243 refs, 0.0026250 secs]2016-01-06T00:59:17.221-0800: 193.342: [JNI Weak Reference, 0.0000110 secs], 0.1903040 secs]
   [Parallel Time: 7.4 ms, GC Workers: 4]
      [GC Worker Start (ms): Min: 193152.7, Avg: 193153.0, Max: 193153.9, Diff: 1.2]
      [Ext Root Scanning (ms): Min: 0.0, Avg: 0.3, Max: 0.4, Diff: 0.4, Sum: 1.3]
      [SATB Filtering (ms): Min: 0.0, Avg: 0.0, Max: 0.0, Diff: 0.0, Sum: 0.0]
      [Update RS (ms): Min: 3.7, Avg: 4.2, Max: 4.4, Diff: 0.7, Sum: 16.9]
         [Processed Buffers: Min: 5, Avg: 7.5, Max: 9, Diff: 4, Sum: 30]
      [Scan RS (ms): Min: 0.0, Avg: 0.1, Max: 0.2, Diff: 0.1, Sum: 0.3]
      [Code Root Scanning (ms): Min: 0.0, Avg: 0.0, Max: 0.0, Diff: 0.0, Sum: 0.0]
      [Object Copy (ms): Min: 2.3, Avg: 2.3, Max: 2.3, Diff: 0.0, Sum: 9.2]
      [Termination (ms): Min: 0.0, Avg: 0.0, Max: 0.0, Diff: 0.0, Sum: 0.0]
      [GC Worker Other (ms): Min: 0.0, Avg: 0.0, Max: 0.0, Diff: 0.0, Sum: 0.1]
      [GC Worker Total (ms): Min: 6.1, Avg: 7.0, Max: 7.3, Diff: 1.2, Sum: 27.8]
      [GC Worker End (ms): Min: 193159.9, Avg: 193160.0, Max: 193160.0, Diff: 0.0]
   [Code Root Fixup: 0.0 ms]
   [Code Root Migration: 0.0 ms]
   [Clear CT: 0.2 ms]
   [Other: 182.7 ms]
      [Choose CSet: 0.0 ms]
      [Ref Proc: 181.5 ms]
      [Ref Enq: 0.8 ms]
      [Free CSet: 0.3 ms]
   [Eden: 185.0M(185.0M)->0.0B(529.0M) Survivors: 19.0M->19.0M Heap: 2146.8M(4096.0M)->1962.4M(4096.0M)]
 [Times: user=0.66 sys=0.01, real=0.19 secs] 
2016-01-06T00:59:17.302-0800: 193.423: [GC pause (young)
Desired survivor size 36175872 bytes, new threshold 15 (max 15)
- age   1:   17259832 bytes,   17259832 total
2016-01-06T00:59:17.496-0800: 193.617: [SoftReference, 0 refs, 0.0005840 secs]2016-01-06T00:59:17.496-0800: 193.617: [WeakReference, 0 refs, 0.0002720 secs]2016-01-06T00:59:17.497-0800: 193.618: [FinalReference, 0 refs, 0.0002320 secs]2016-01-06T00:59:17.497-0800: 193.618: [PhantomReference, 0 refs, 16907 refs, 0.0007380 secs]2016-01-06T00:59:17.498-0800: 193.619: [JNI Weak Reference, 0.0000080 secs], 0.1986100 secs]
   [Parallel Time: 11.2 ms, GC Workers: 4]
      [GC Worker Start (ms): Min: 193422.8, Avg: 193423.6, Max: 193425.9, Diff: 3.1]
      [Ext Root Scanning (ms): Min: 0.0, Avg: 0.3, Max: 0.4, Diff: 0.4, Sum: 1.2]
      [SATB Filtering (ms): Min: 0.0, Avg: 0.0, Max: 0.0, Diff: 0.0, Sum: 0.0]
      [Update RS (ms): Min: 1.3, Avg: 3.2, Max: 4.0, Diff: 2.7, Sum: 12.7]
         [Processed Buffers: Min: 2, Avg: 6.2, Max: 8, Diff: 6, Sum: 25]
      [Scan RS (ms): Min: 0.1, Avg: 0.2, Max: 0.4, Diff: 0.3, Sum: 1.0]
      [Code Root Scanning (ms): Min: 0.0, Avg: 0.0, Max: 0.0, Diff: 0.0, Sum: 0.1]
      [Object Copy (ms): Min: 3.5, Avg: 4.2, Max: 6.5, Diff: 3.0, Sum: 17.0]
      [Termination (ms): Min: 0.0, Avg: 2.3, Max: 3.1, Diff: 3.1, Sum: 9.2]
      [GC Worker Other (ms): Min: 0.0, Avg: 0.0, Max: 0.0, Diff: 0.0, Sum: 0.1]
      [GC Worker Total (ms): Min: 8.0, Avg: 10.3, Max: 11.1, Diff: 3.1, Sum: 41.2]
      [GC Worker End (ms): Min: 193433.9, Avg: 193433.9, Max: 193433.9, Diff: 0.0]
   [Code Root Fixup: 0.0 ms]
   [Code Root Migration: 0.1 ms]
   [Clear CT: 0.2 ms]
   [Other: 187.2 ms]
      [Choose CSet: 0.0 ms]
      [Ref Proc: 184.7 ms]
      [Ref Enq: 1.7 ms]
      [Free CSet: 0.7 ms]
   [Eden: 529.0M(529.0M)->0.0B(198.0M) Survivors: 19.0M->6144.0K Heap: 2491.4M(4096.0M)->1949.4M(4096.0M)]
 [Times: user=0.72 sys=0.00, real=0.20 secs] 
2016-01-06T00:59:17.531-0800: 193.652: [GC pause (young)
Desired survivor size 13631488 bytes, new threshold 15 (max 15)
- age   1:    5255992 bytes,    5255992 total
- age   2:      36864 bytes,    5292856 total
2016-01-06T00:59:17.715-0800: 193.836: [SoftReference, 0 refs, 0.0004770 secs]2016-01-06T00:59:17.716-0800: 193.836: [WeakReference, 0 refs, 0.0002340 secs]2016-01-06T00:59:17.716-0800: 193.837: [FinalReference, 0 refs, 0.0002520 secs]2016-01-06T00:59:17.716-0800: 193.837: [PhantomReference, 0 refs, 6648 refs, 0.0005880 secs]2016-01-06T00:59:17.717-0800: 193.838: [JNI Weak Reference, 0.0000120 secs], 0.1868740 secs]
   [Parallel Time: 3.1 ms, GC Workers: 4]
      [GC Worker Start (ms): Min: 193651.9, Avg: 193651.9, Max: 193652.0, Diff: 0.1]
      [Ext Root Scanning (ms): Min: 0.3, Avg: 0.4, Max: 0.4, Diff: 0.1, Sum: 1.4]
      [SATB Filtering (ms): Min: 0.0, Avg: 0.0, Max: 0.0, Diff: 0.0, Sum: 0.0]
      [Update RS (ms): Min: 0.0, Avg: 0.1, Max: 0.3, Diff: 0.3, Sum: 0.3]
         [Processed Buffers: Min: 0, Avg: 1.2, Max: 4, Diff: 4, Sum: 5]
      [Scan RS (ms): Min: 0.0, Avg: 0.1, Max: 0.1, Diff: 0.1, Sum: 0.3]
      [Code Root Scanning (ms): Min: 0.0, Avg: 0.0, Max: 0.0, Diff: 0.0, Sum: 0.0]
      [Object Copy (ms): Min: 2.3, Avg: 2.4, Max: 2.4, Diff: 0.1, Sum: 9.5]
      [Termination (ms): Min: 0.0, Avg: 0.0, Max: 0.0, Diff: 0.0, Sum: 0.0]
      [GC Worker Other (ms): Min: 0.0, Avg: 0.0, Max: 0.0, Diff: 0.0, Sum: 0.1]
      [GC Worker Total (ms): Min: 2.9, Avg: 3.0, Max: 3.0, Diff: 0.1, Sum: 11.8]
      [GC Worker End (ms): Min: 193654.9, Avg: 193654.9, Max: 193654.9, Diff: 0.0]
   [Code Root Fixup: 0.0 ms]
   [Code Root Migration: 0.0 ms]
   [Clear CT: 0.1 ms]
   [Other: 183.7 ms]
      [Choose CSet: 0.0 ms]
      [Ref Proc: 182.7 ms]
      [Ref Enq: 0.6 ms]
      [Free CSet: 0.3 ms]
   [Eden: 198.0M(198.0M)->0.0B(623.0M) Survivors: 6144.0K->19.0M Heap: 2147.4M(4096.0M)->1961.9M(4096.0M)]
 [Times: user=0.72 sys=0.00, real=0.19 secs] 
2016-01-06T00:59:17.813-0800: 193.934: [GC pause (young)
Desired survivor size 42467328 bytes, new threshold 15 (max 15)
- age   1:   17288848 bytes,   17288848 total
- age   2:      36864 bytes,   17325712 total
2016-01-06T00:59:18.000-0800: 194.121: [SoftReference, 0 refs, 0.0004020 secs]2016-01-06T00:59:18.000-0800: 194.121: [WeakReference, 0 refs, 0.0003760 secs]2016-01-06T00:59:18.001-0800: 194.122: [FinalReference, 0 refs, 0.0002390 secs]2016-01-06T00:59:18.001-0800: 194.122: [PhantomReference, 0 refs, 19823 refs, 0.0010700 secs]2016-01-06T00:59:18.002-0800: 194.123: [JNI Weak Reference, 0.0000090 secs], 0.1925330 secs]
   [Parallel Time: 5.1 ms, GC Workers: 4]
      [GC Worker Start (ms): Min: 193933.7, Avg: 193933.7, Max: 193933.8, Diff: 0.1]
      [Ext Root Scanning (ms): Min: 0.4, Avg: 0.4, Max: 0.4, Diff: 0.0, Sum: 1.5]
      [SATB Filtering (ms): Min: 0.0, Avg: 0.0, Max: 0.0, Diff: 0.0, Sum: 0.0]
      [Update RS (ms): Min: 0.0, Avg: 0.1, Max: 0.3, Diff: 0.3, Sum: 0.3]
         [Processed Buffers: Min: 0, Avg: 1.2, Max: 3, Diff: 3, Sum: 5]
      [Scan RS (ms): Min: 0.2, Avg: 0.3, Max: 0.4, Diff: 0.2, Sum: 1.2]
      [Code Root Scanning (ms): Min: 0.0, Avg: 0.0, Max: 0.0, Diff: 0.0, Sum: 0.1]
      [Object Copy (ms): Min: 4.2, Avg: 4.2, Max: 4.2, Diff: 0.0, Sum: 16.8]
      [Termination (ms): Min: 0.0, Avg: 0.0, Max: 0.0, Diff: 0.0, Sum: 0.0]
      [GC Worker Other (ms): Min: 0.0, Avg: 0.0, Max: 0.1, Diff: 0.0, Sum: 0.1]
      [GC Worker Total (ms): Min: 5.0, Avg: 5.0, Max: 5.0, Diff: 0.1, Sum: 20.0]
      [GC Worker End (ms): Min: 193938.7, Avg: 193938.7, Max: 193938.7, Diff: 0.0]
   [Code Root Fixup: 0.0 ms]
   [Code Root Migration: 0.1 ms]
   [Clear CT: 0.2 ms]
   [Other: 187.1 ms]
      [Choose CSet: 0.0 ms]
      [Ref Proc: 184.1 ms]
      [Ref Enq: 2.0 ms]
      [Free CSet: 0.8 ms]
   [Eden: 623.0M(623.0M)->0.0B(1093.0M) Survivors: 19.0M->20.0M Heap: 2584.9M(4096.0M)->1962.9M(4096.0M)]
 [Times: user=0.75 sys=0.00, real=0.20 secs] 
2016-01-06T00:59:18.168-0800: 194.289: [GC pause (young)
Desired survivor size 73400320 bytes, new threshold 15 (max 15)
- age   1:   18237448 bytes,   18237448 total
- age   2:      36864 bytes,   18274312 total
2016-01-06T00:59:18.397-0800: 194.518: [SoftReference, 0 refs, 0.0004780 secs]2016-01-06T00:59:18.398-0800: 194.519: [WeakReference, 0 refs, 0.0002760 secs]2016-01-06T00:59:18.398-0800: 194.519: [FinalReference, 0 refs, 0.0003530 secs]2016-01-06T00:59:18.399-0800: 194.519: [PhantomReference, 0 refs, 34392 refs, 0.0012080 secs]2016-01-06T00:59:18.400-0800: 194.521: [JNI Weak Reference, 0.0000110 secs], 0.2365080 secs]
   [Parallel Time: 24.7 ms, GC Workers: 4]
      [GC Worker Start (ms): Min: 194289.3, Avg: 194289.3, Max: 194289.3, Diff: 0.1]
      [Ext Root Scanning (ms): Min: 0.3, Avg: 0.4, Max: 0.4, Diff: 0.2, Sum: 1.4]
      [SATB Filtering (ms): Min: 0.0, Avg: 0.0, Max: 0.0, Diff: 0.0, Sum: 0.0]
      [Update RS (ms): Min: 15.2, Avg: 15.3, Max: 15.5, Diff: 0.4, Sum: 61.3]
         [Processed Buffers: Min: 22, Avg: 22.5, Max: 23, Diff: 1, Sum: 90]
      [Scan RS (ms): Min: 0.3, Avg: 0.5, Max: 0.7, Diff: 0.4, Sum: 2.0]
      [Code Root Scanning (ms): Min: 0.0, Avg: 0.1, Max: 0.1, Diff: 0.0, Sum: 0.2]
      [Object Copy (ms): Min: 6.8, Avg: 7.2, Max: 8.3, Diff: 1.5, Sum: 28.9]
      [Termination (ms): Min: 0.0, Avg: 1.1, Max: 1.5, Diff: 1.5, Sum: 4.5]
      [GC Worker Other (ms): Min: 0.0, Avg: 0.0, Max: 0.0, Diff: 0.0, Sum: 0.1]
      [GC Worker Total (ms): Min: 24.5, Avg: 24.6, Max: 24.6, Diff: 0.1, Sum: 98.4]
      [GC Worker End (ms): Min: 194313.9, Avg: 194313.9, Max: 194313.9, Diff: 0.0]
   [Code Root Fixup: 0.0 ms]
   [Code Root Migration: 0.2 ms]
   [Clear CT: 0.3 ms]
   [Other: 211.3 ms]
      [Choose CSet: 0.0 ms]
      [Ref Proc: 206.7 ms]
      [Ref Enq: 3.2 ms]
      [Free CSet: 1.3 ms]
   [Eden: 1093.0M(1093.0M)->0.0B(183.0M) Survivors: 20.0M->21.0M Heap: 3055.9M(4096.0M)->1963.9M(4096.0M)]
 [Times: user=0.86 sys=0.00, real=0.23 secs] 
2016-01-06T00:59:18.432-0800: 194.553: [GC pause (young)
Desired survivor size 13631488 bytes, new threshold 1 (max 15)
- age   1:   19286488 bytes,   19286488 total
- age   2:      36864 bytes,   19323352 total
2016-01-06T00:59:18.623-0800: 194.743: [SoftReference, 0 refs, 0.0005050 secs]2016-01-06T00:59:18.623-0800: 194.744: [WeakReference, 0 refs, 0.0002280 secs]2016-01-06T00:59:18.623-0800: 194.744: [FinalReference, 0 refs, 0.0002320 secs]2016-01-06T00:59:18.624-0800: 194.744: [PhantomReference, 0 refs, 6181 refs, 0.0005800 secs]2016-01-06T00:59:18.624-0800: 194.745: [JNI Weak Reference, 0.0000110 secs], 0.1935360 secs]
   [Parallel Time: 3.1 ms, GC Workers: 4]
      [GC Worker Start (ms): Min: 194552.8, Avg: 194553.1, Max: 194553.9, Diff: 1.1]
      [Ext Root Scanning (ms): Min: 0.0, Avg: 0.3, Max: 0.4, Diff: 0.4, Sum: 1.3]
      [SATB Filtering (ms): Min: 0.0, Avg: 0.0, Max: 0.0, Diff: 0.0, Sum: 0.0]
      [Update RS (ms): Min: 0.0, Avg: 0.1, Max: 0.1, Diff: 0.1, Sum: 0.2]
         [Processed Buffers: Min: 0, Avg: 1.5, Max: 3, Diff: 3, Sum: 6]
      [Scan RS (ms): Min: 0.0, Avg: 0.1, Max: 0.1, Diff: 0.1, Sum: 0.3]
      [Code Root Scanning (ms): Min: 0.0, Avg: 0.0, Max: 0.0, Diff: 0.0, Sum: 0.0]
      [Object Copy (ms): Min: 1.9, Avg: 2.2, Max: 2.4, Diff: 0.5, Sum: 9.0]
      [Termination (ms): Min: 0.0, Avg: 0.0, Max: 0.0, Diff: 0.0, Sum: 0.0]
      [GC Worker Other (ms): Min: 0.0, Avg: 0.0, Max: 0.0, Diff: 0.0, Sum: 0.0]
      [GC Worker Total (ms): Min: 1.9, Avg: 2.7, Max: 3.0, Diff: 1.1, Sum: 10.9]
      [GC Worker End (ms): Min: 194555.8, Avg: 194555.8, Max: 194555.8, Diff: 0.0]
   [Code Root Fixup: 0.0 ms]
   [Code Root Migration: 0.0 ms]
   [Clear CT: 0.1 ms]
   [Other: 190.3 ms]
      [Choose CSet: 0.0 ms]
      [Ref Proc: 189.2 ms]
      [Ref Enq: 0.6 ms]
      [Free CSet: 0.4 ms]
   [Eden: 183.0M(183.0M)->0.0B(186.0M) Survivors: 21.0M->18.0M Heap: 2146.9M(4096.0M)->1961.4M(4096.0M)]
 [Times: user=0.74 sys=0.01, real=0.20 secs] 
2016-01-06T00:59:18.652-0800: 194.773: [GC pause (young)
Desired survivor size 13631488 bytes, new threshold 1 (max 15)
- age   1:   17255368 bytes,   17255368 total
2016-01-06T00:59:18.841-0800: 194.962: [SoftReference, 0 refs, 0.0004290 secs]2016-01-06T00:59:18.841-0800: 194.962: [WeakReference, 0 refs, 0.0002830 secs]2016-01-06T00:59:18.842-0800: 194.963: [FinalReference, 0 refs, 0.0002290 secs]2016-01-06T00:59:18.842-0800: 194.963: [PhantomReference, 0 refs, 6275 refs, 0.0005780 secs]2016-01-06T00:59:18.843-0800: 194.963: [JNI Weak Reference, 0.0000090 secs], 0.1917120 secs]
   [Parallel Time: 3.1 ms, GC Workers: 4]
      [GC Worker Start (ms): Min: 194772.8, Avg: 194772.9, Max: 194772.9, Diff: 0.1]
      [Ext Root Scanning (ms): Min: 0.3, Avg: 0.4, Max: 0.4, Diff: 0.1, Sum: 1.4]
      [SATB Filtering (ms): Min: 0.0, Avg: 0.0, Max: 0.0, Diff: 0.0, Sum: 0.0]
      [Update RS (ms): Min: 0.0, Avg: 0.1, Max: 0.3, Diff: 0.3, Sum: 0.4]
         [Processed Buffers: Min: 0, Avg: 1.5, Max: 4, Diff: 4, Sum: 6]
      [Scan RS (ms): Min: 0.0, Avg: 0.1, Max: 0.1, Diff: 0.1, Sum: 0.4]
      [Code Root Scanning (ms): Min: 0.0, Avg: 0.0, Max: 0.0, Diff: 0.0, Sum: 0.0]
      [Object Copy (ms): Min: 2.3, Avg: 2.4, Max: 2.4, Diff: 0.1, Sum: 9.6]
      [Termination (ms): Min: 0.0, Avg: 0.0, Max: 0.0, Diff: 0.0, Sum: 0.0]
      [GC Worker Other (ms): Min: 0.0, Avg: 0.0, Max: 0.0, Diff: 0.0, Sum: 0.1]
      [GC Worker Total (ms): Min: 2.9, Avg: 3.0, Max: 3.0, Diff: 0.1, Sum: 11.9]
      [GC Worker End (ms): Min: 194775.9, Avg: 194775.9, Max: 194775.9, Diff: 0.0]
   [Code Root Fixup: 0.0 ms]
   [Code Root Migration: 0.0 ms]
   [Clear CT: 0.1 ms]
   [Other: 188.5 ms]
      [Choose CSet: 0.0 ms]
      [Ref Proc: 187.5 ms]
      [Ref Enq: 0.5 ms]
      [Free CSet: 0.3 ms]
   [Eden: 186.0M(186.0M)->0.0B(185.0M) Survivors: 18.0M->19.0M Heap: 2147.4M(4096.0M)->1962.0M(4096.0M)]
 [Times: user=0.73 sys=0.00, real=0.19 secs] 
2016-01-06T00:59:18.872-0800: 194.993: [GC pause (young)
Desired survivor size 13631488 bytes, new threshold 1 (max 15)
- age   1:   17262064 bytes,   17262064 total
2016-01-06T00:59:19.064-0800: 195.185: [SoftReference, 0 refs, 0.0005150 secs]2016-01-06T00:59:19.065-0800: 195.186: [WeakReference, 0 refs, 0.0002830 secs]2016-01-06T00:59:19.065-0800: 195.186: [FinalReference, 0 refs, 0.0003610 secs]2016-01-06T00:59:19.066-0800: 195.187: [PhantomReference, 0 refs, 6245 refs, 0.0005960 secs]2016-01-06T00:59:19.066-0800: 195.187: [JNI Weak Reference, 0.0000090 secs], 0.1955090 secs]
   [Parallel Time: 3.0 ms, GC Workers: 4]
      [GC Worker Start (ms): Min: 194992.9, Avg: 194993.1, Max: 194993.9, Diff: 1.0]
      [Ext Root Scanning (ms): Min: 0.0, Avg: 0.3, Max: 0.5, Diff: 0.5, Sum: 1.2]
      [SATB Filtering (ms): Min: 0.0, Avg: 0.0, Max: 0.0, Diff: 0.0, Sum: 0.0]
      [Update RS (ms): Min: 0.0, Avg: 0.1, Max: 0.2, Diff: 0.2, Sum: 0.3]
         [Processed Buffers: Min: 0, Avg: 1.5, Max: 4, Diff: 4, Sum: 6]
      [Scan RS (ms): Min: 0.0, Avg: 0.1, Max: 0.1, Diff: 0.1, Sum: 0.3]
      [Code Root Scanning (ms): Min: 0.0, Avg: 0.0, Max: 0.0, Diff: 0.0, Sum: 0.0]
      [Object Copy (ms): Min: 1.8, Avg: 2.1, Max: 2.2, Diff: 0.4, Sum: 8.5]
      [Termination (ms): Min: 0.0, Avg: 0.0, Max: 0.0, Diff: 0.0, Sum: 0.0]
      [GC Worker Other (ms): Min: 0.0, Avg: 0.0, Max: 0.1, Diff: 0.1, Sum: 0.2]
      [GC Worker Total (ms): Min: 1.9, Avg: 2.6, Max: 2.9, Diff: 1.0, Sum: 10.5]
      [GC Worker End (ms): Min: 194995.8, Avg: 194995.8, Max: 194995.8, Diff: 0.1]
   [Code Root Fixup: 0.0 ms]
   [Code Root Migration: 0.0 ms]
   [Clear CT: 0.1 ms]
   [Other: 192.3 ms]
      [Choose CSet: 0.0 ms]
      [Ref Proc: 191.3 ms]
      [Ref Enq: 0.6 ms]
      [Free CSet: 0.3 ms]
   [Eden: 185.0M(185.0M)->0.0B(186.0M) Survivors: 19.0M->18.0M Heap: 2147.0M(4096.0M)->1961.5M(4096.0M)]
 [Times: user=0.75 sys=0.00, real=0.20 secs] 
2016-01-06T00:59:19.096-0800: 195.217: [GC pause (young)
Desired survivor size 13631488 bytes, new threshold 1 (max 15)
- age   1:   17259832 bytes,   17259832 total
2016-01-06T00:59:19.290-0800: 195.411: [SoftReference, 0 refs, 0.0004500 secs]2016-01-06T00:59:19.290-0800: 195.411: [WeakReference, 0 refs, 0.0003010 secs]2016-01-06T00:59:19.291-0800: 195.411: [FinalReference, 0 refs, 0.0002480 secs]2016-01-06T00:59:19.291-0800: 195.412: [PhantomReference, 0 refs, 6276 refs, 0.0006850 secs]2016-01-06T00:59:19.291-0800: 195.412: [JNI Weak Reference, 0.0000140 secs], 0.1967230 secs]
   [Parallel Time: 2.9 ms, GC Workers: 4]
      [GC Worker Start (ms): Min: 195216.8, Avg: 195217.1, Max: 195217.9, Diff: 1.1]
      [Ext Root Scanning (ms): Min: 0.0, Avg: 0.3, Max: 0.5, Diff: 0.4, Sum: 1.2]
      [SATB Filtering (ms): Min: 0.0, Avg: 0.0, Max: 0.0, Diff: 0.0, Sum: 0.0]
      [Update RS (ms): Min: 0.0, Avg: 0.1, Max: 0.2, Diff: 0.2, Sum: 0.3]
         [Processed Buffers: Min: 0, Avg: 1.5, Max: 3, Diff: 3, Sum: 6]
      [Scan RS (ms): Min: 0.0, Avg: 0.1, Max: 0.1, Diff: 0.1, Sum: 0.3]
      [Code Root Scanning (ms): Min: 0.0, Avg: 0.0, Max: 0.0, Diff: 0.0, Sum: 0.0]
      [Object Copy (ms): Min: 1.7, Avg: 2.0, Max: 2.1, Diff: 0.5, Sum: 8.1]
      [Termination (ms): Min: 0.0, Avg: 0.0, Max: 0.0, Diff: 0.0, Sum: 0.0]
      [GC Worker Other (ms): Min: 0.0, Avg: 0.0, Max: 0.0, Diff: 0.0, Sum: 0.1]
      [GC Worker Total (ms): Min: 1.7, Avg: 2.5, Max: 2.8, Diff: 1.1, Sum: 10.1]
      [GC Worker End (ms): Min: 195219.6, Avg: 195219.6, Max: 195219.6, Diff: 0.0]
   [Code Root Fixup: 0.0 ms]
   [Code Root Migration: 0.0 ms]
   [Clear CT: 0.1 ms]
   [Other: 193.7 ms]
      [Choose CSet: 0.0 ms]
      [Ref Proc: 192.8 ms]
      [Ref Enq: 0.5 ms]
      [Free CSet: 0.3 ms]
   [Eden: 186.0M(186.0M)->0.0B(186.0M) Survivors: 18.0M->18.0M Heap: 2147.5M(4096.0M)->1961.0M(4096.0M)]
 [Times: user=0.71 sys=0.01, real=0.20 secs] 
2016-01-06T00:59:19.321-0800: 195.442: [GC pause (young)
Desired survivor size 13631488 bytes, new threshold 1 (max 15)
- age   1:   16112944 bytes,   16112944 total
2016-01-06T00:59:19.529-0800: 195.650: [SoftReference, 0 refs, 0.0004750 secs]2016-01-06T00:59:19.530-0800: 195.651: [WeakReference, 0 refs, 0.0002150 secs]2016-01-06T00:59:19.530-0800: 195.651: [FinalReference, 0 refs, 0.0002660 secs]2016-01-06T00:59:19.530-0800: 195.651: [PhantomReference, 0 refs, 6275 refs, 0.0006830 secs]2016-01-06T00:59:19.531-0800: 195.652: [JNI Weak Reference, 0.0000090 secs], 0.2108600 secs]
   [Parallel Time: 3.0 ms, GC Workers: 4]
      [GC Worker Start (ms): Min: 195442.2, Avg: 195442.3, Max: 195442.3, Diff: 0.1]
      [Ext Root Scanning (ms): Min: 0.3, Avg: 0.4, Max: 0.4, Diff: 0.1, Sum: 1.4]
      [SATB Filtering (ms): Min: 0.0, Avg: 0.0, Max: 0.0, Diff: 0.0, Sum: 0.0]
      [Update RS (ms): Min: 0.0, Avg: 0.1, Max: 0.3, Diff: 0.3, Sum: 0.4]
         [Processed Buffers: Min: 0, Avg: 1.5, Max: 3, Diff: 3, Sum: 6]
      [Scan RS (ms): Min: 0.0, Avg: 0.1, Max: 0.1, Diff: 0.1, Sum: 0.3]
      [Code Root Scanning (ms): Min: 0.0, Avg: 0.0, Max: 0.0, Diff: 0.0, Sum: 0.0]
      [Object Copy (ms): Min: 2.2, Avg: 2.3, Max: 2.3, Diff: 0.1, Sum: 9.2]
      [Termination (ms): Min: 0.0, Avg: 0.0, Max: 0.0, Diff: 0.0, Sum: 0.0]
      [GC Worker Other (ms): Min: 0.0, Avg: 0.0, Max: 0.0, Diff: 0.0, Sum: 0.0]
      [GC Worker Total (ms): Min: 2.8, Avg: 2.9, Max: 2.9, Diff: 0.1, Sum: 11.4]
      [GC Worker End (ms): Min: 195445.1, Avg: 195445.1, Max: 195445.1, Diff: 0.0]
   [Code Root Fixup: 0.0 ms]
   [Code Root Migration: 0.0 ms]
   [Clear CT: 0.1 ms]
   [Other: 207.8 ms]
      [Choose CSet: 0.0 ms]
      [Ref Proc: 206.9 ms]
      [Ref Enq: 0.5 ms]
      [Free CSet: 0.3 ms]
   [Eden: 186.0M(186.0M)->0.0B(185.0M) Survivors: 18.0M->19.0M Heap: 2147.0M(4096.0M)->1962.1M(4096.0M)]
 [Times: user=0.78 sys=0.00, real=0.21 secs] 
2016-01-06T00:59:19.560-0800: 195.681: [GC pause (young)
Desired survivor size 13631488 bytes, new threshold 1 (max 15)
- age   1:   17262064 bytes,   17262064 total
2016-01-06T00:59:19.757-0800: 195.878: [SoftReference, 0 refs, 0.0004470 secs]2016-01-06T00:59:19.757-0800: 195.878: [WeakReference, 0 refs, 0.0002400 secs]2016-01-06T00:59:19.758-0800: 195.879: [FinalReference, 0 refs, 0.0002310 secs]2016-01-06T00:59:19.758-0800: 195.879: [PhantomReference, 0 refs, 6245 refs, 0.0005350 secs]2016-01-06T00:59:19.758-0800: 195.879: [JNI Weak Reference, 0.0000090 secs], 0.1992660 secs]
   [Parallel Time: 3.0 ms, GC Workers: 4]
      [GC Worker Start (ms): Min: 195681.3, Avg: 195681.3, Max: 195681.3, Diff: 0.1]
      [Ext Root Scanning (ms): Min: 0.3, Avg: 0.4, Max: 0.4, Diff: 0.1, Sum: 1.4]
      [SATB Filtering (ms): Min: 0.0, Avg: 0.0, Max: 0.0, Diff: 0.0, Sum: 0.0]
      [Update RS (ms): Min: 0.0, Avg: 0.1, Max: 0.3, Diff: 0.3, Sum: 0.4]
         [Processed Buffers: Min: 0, Avg: 1.5, Max: 3, Diff: 3, Sum: 6]
      [Scan RS (ms): Min: 0.0, Avg: 0.1, Max: 0.1, Diff: 0.1, Sum: 0.4]
      [Code Root Scanning (ms): Min: 0.0, Avg: 0.0, Max: 0.0, Diff: 0.0, Sum: 0.0]
      [Object Copy (ms): Min: 2.3, Avg: 2.3, Max: 2.4, Diff: 0.1, Sum: 9.4]
      [Termination (ms): Min: 0.0, Avg: 0.0, Max: 0.0, Diff: 0.0, Sum: 0.0]
      [GC Worker Other (ms): Min: 0.0, Avg: 0.0, Max: 0.0, Diff: 0.0, Sum: 0.1]
      [GC Worker Total (ms): Min: 2.9, Avg: 2.9, Max: 3.0, Diff: 0.1, Sum: 11.7]
      [GC Worker End (ms): Min: 195684.2, Avg: 195684.2, Max: 195684.2, Diff: 0.0]
   [Code Root Fixup: 0.0 ms]
   [Code Root Migration: 0.0 ms]
   [Clear CT: 0.2 ms]
   [Other: 196.0 ms]
      [Choose CSet: 0.0 ms]
      [Ref Proc: 195.0 ms]
      [Ref Enq: 0.6 ms]
      [Free CSet: 0.3 ms]
   [Eden: 185.0M(185.0M)->0.0B(186.0M) Survivors: 19.0M->18.0M Heap: 2147.1M(4096.0M)->1961.6M(4096.0M)]
 [Times: user=0.77 sys=0.00, real=0.20 secs] 
2016-01-06T00:59:19.788-0800: 195.909: [GC pause (young)
Desired survivor size 13631488 bytes, new threshold 1 (max 15)
- age   1:   17259832 bytes,   17259832 total
2016-01-06T00:59:19.980-0800: 196.101: [SoftReference, 0 refs, 0.0004050 secs]2016-01-06T00:59:19.981-0800: 196.102: [WeakReference, 0 refs, 0.0003630 secs]2016-01-06T00:59:19.981-0800: 196.102: [FinalReference, 0 refs, 0.0002660 secs]2016-01-06T00:59:19.981-0800: 196.102: [PhantomReference, 0 refs, 6275 refs, 0.0007150 secs]2016-01-06T00:59:19.982-0800: 196.103: [JNI Weak Reference, 0.0000110 secs], 0.1953680 secs]
   [Parallel Time: 3.2 ms, GC Workers: 4]
      [GC Worker Start (ms): Min: 195908.8, Avg: 195908.8, Max: 195908.8, Diff: 0.1]
      [Ext Root Scanning (ms): Min: 0.4, Avg: 0.7, Max: 1.5, Diff: 1.1, Sum: 2.8]
      [SATB Filtering (ms): Min: 0.0, Avg: 0.0, Max: 0.0, Diff: 0.0, Sum: 0.0]
      [Update RS (ms): Min: 0.0, Avg: 0.1, Max: 0.3, Diff: 0.3, Sum: 0.4]
         [Processed Buffers: Min: 0, Avg: 1.8, Max: 3, Diff: 3, Sum: 7]
      [Scan RS (ms): Min: 0.0, Avg: 0.1, Max: 0.2, Diff: 0.2, Sum: 0.4]
      [Code Root Scanning (ms): Min: 0.0, Avg: 0.0, Max: 0.0, Diff: 0.0, Sum: 0.0]
      [Object Copy (ms): Min: 1.5, Avg: 2.1, Max: 2.3, Diff: 0.8, Sum: 8.4]
      [Termination (ms): Min: 0.0, Avg: 0.0, Max: 0.0, Diff: 0.0, Sum: 0.0]
      [GC Worker Other (ms): Min: 0.0, Avg: 0.0, Max: 0.1, Diff: 0.1, Sum: 0.2]
      [GC Worker Total (ms): Min: 3.0, Avg: 3.1, Max: 3.1, Diff: 0.1, Sum: 12.3]
      [GC Worker End (ms): Min: 195911.8, Avg: 195911.9, Max: 195911.9, Diff: 0.1]
   [Code Root Fixup: 0.0 ms]
   [Code Root Migration: 0.0 ms]
   [Clear CT: 0.1 ms]
   [Other: 192.0 ms]
      [Choose CSet: 0.0 ms]
      [Ref Proc: 191.1 ms]
      [Ref Enq: 0.5 ms]
      [Free CSet: 0.3 ms]
   [Eden: 186.0M(186.0M)->0.0B(185.0M) Survivors: 18.0M->19.0M Heap: 2147.6M(4096.0M)->1962.2M(4096.0M)]
 [Times: user=0.75 sys=0.00, real=0.19 secs] 
2016-01-06T00:59:20.011-0800: 196.132: [GC pause (young)
Desired survivor size 13631488 bytes, new threshold 1 (max 15)
- age   1:   17262064 bytes,   17262064 total
2016-01-06T00:59:20.228-0800: 196.349: [SoftReference, 0 refs, 0.0005570 secs]2016-01-06T00:59:20.229-0800: 196.350: [WeakReference, 0 refs, 0.0003440 secs]2016-01-06T00:59:20.229-0800: 196.350: [FinalReference, 0 refs, 0.0002670 secs]2016-01-06T00:59:20.229-0800: 196.350: [PhantomReference, 0 refs, 6244 refs, 0.0007190 secs]2016-01-06T00:59:20.230-0800: 196.351: [JNI Weak Reference, 0.0000090 secs], 0.2200360 secs]
   [Parallel Time: 3.0 ms, GC Workers: 4]
      [GC Worker Start (ms): Min: 196132.0, Avg: 196132.1, Max: 196132.1, Diff: 0.1]
      [Ext Root Scanning (ms): Min: 0.3, Avg: 0.4, Max: 0.4, Diff: 0.1, Sum: 1.4]
      [SATB Filtering (ms): Min: 0.0, Avg: 0.0, Max: 0.0, Diff: 0.0, Sum: 0.0]
      [Update RS (ms): Min: 0.0, Avg: 0.1, Max: 0.3, Diff: 0.3, Sum: 0.4]
         [Processed Buffers: Min: 0, Avg: 1.5, Max: 3, Diff: 3, Sum: 6]
      [Scan RS (ms): Min: 0.0, Avg: 0.1, Max: 0.1, Diff: 0.1, Sum: 0.4]
      [Code Root Scanning (ms): Min: 0.0, Avg: 0.0, Max: 0.0, Diff: 0.0, Sum: 0.0]
      [Object Copy (ms): Min: 2.3, Avg: 2.3, Max: 2.3, Diff: 0.1, Sum: 9.3]
      [Termination (ms): Min: 0.0, Avg: 0.0, Max: 0.0, Diff: 0.0, Sum: 0.0]
      [GC Worker Other (ms): Min: 0.0, Avg: 0.0, Max: 0.0, Diff: 0.0, Sum: 0.1]
      [GC Worker Total (ms): Min: 2.9, Avg: 2.9, Max: 2.9, Diff: 0.1, Sum: 11.6]
      [GC Worker End (ms): Min: 196135.0, Avg: 196135.0, Max: 196135.0, Diff: 0.0]
   [Code Root Fixup: 0.0 ms]
   [Code Root Migration: 0.0 ms]
   [Clear CT: 0.1 ms]
   [Other: 216.8 ms]
      [Choose CSet: 0.0 ms]
      [Ref Proc: 215.9 ms]
      [Ref Enq: 0.5 ms]
      [Free CSet: 0.3 ms]
   [Eden: 185.0M(185.0M)->0.0B(185.0M) Survivors: 19.0M->19.0M Heap: 2147.2M(4096.0M)->1962.2M(4096.0M)]
 [Times: user=0.82 sys=0.00, real=0.22 secs] 
2016-01-06T00:59:20.258-0800: 196.379: [GC pause (young)
Desired survivor size 13631488 bytes, new threshold 1 (max 15)
- age   1:   17259832 bytes,   17259832 total
2016-01-06T00:59:20.469-0800: 196.590: [SoftReference, 0 refs, 0.0005650 secs]2016-01-06T00:59:20.469-0800: 196.590: [WeakReference, 0 refs, 0.0002840 secs]2016-01-06T00:59:20.469-0800: 196.590: [FinalReference, 0 refs, 0.0002550 secs]2016-01-06T00:59:20.470-0800: 196.591: [PhantomReference, 0 refs, 6243 refs, 0.0005720 secs]2016-01-06T00:59:20.470-0800: 196.591: [JNI Weak Reference, 0.0000080 secs], 0.2131990 secs]
   [Parallel Time: 3.0 ms, GC Workers: 4]
      [GC Worker Start (ms): Min: 196379.2, Avg: 196379.2, Max: 196379.2, Diff: 0.1]
      [Ext Root Scanning (ms): Min: 0.3, Avg: 0.4, Max: 0.4, Diff: 0.1, Sum: 1.4]
      [SATB Filtering (ms): Min: 0.0, Avg: 0.0, Max: 0.0, Diff: 0.0, Sum: 0.0]
      [Update RS (ms): Min: 0.0, Avg: 0.1, Max: 0.3, Diff: 0.3, Sum: 0.4]
         [Processed Buffers: Min: 0, Avg: 1.5, Max: 4, Diff: 4, Sum: 6]
      [Scan RS (ms): Min: 0.0, Avg: 0.1, Max: 0.1, Diff: 0.1, Sum: 0.3]
      [Code Root Scanning (ms): Min: 0.0, Avg: 0.0, Max: 0.0, Diff: 0.0, Sum: 0.0]
      [Object Copy (ms): Min: 2.3, Avg: 2.3, Max: 2.4, Diff: 0.1, Sum: 9.3]
      [Termination (ms): Min: 0.0, Avg: 0.0, Max: 0.0, Diff: 0.0, Sum: 0.0]
      [GC Worker Other (ms): Min: 0.0, Avg: 0.0, Max: 0.0, Diff: 0.0, Sum: 0.1]
      [GC Worker Total (ms): Min: 2.9, Avg: 2.9, Max: 2.9, Diff: 0.1, Sum: 11.6]
      [GC Worker End (ms): Min: 196382.1, Avg: 196382.1, Max: 196382.1, Diff: 0.0]
   [Code Root Fixup: 0.0 ms]
   [Code Root Migration: 0.0 ms]
   [Clear CT: 0.1 ms]
   [Other: 210.0 ms]
      [Choose CSet: 0.0 ms]
      [Ref Proc: 209.1 ms]
      [Ref Enq: 0.5 ms]
      [Free CSet: 0.3 ms]
   [Eden: 185.0M(185.0M)->0.0B(185.0M) Survivors: 19.0M->19.0M Heap: 2147.2M(4096.0M)->1962.3M(4096.0M)]
 [Times: user=0.81 sys=0.00, real=0.21 secs] 
2016-01-06T00:59:20.498-0800: 196.618: [GC pause (young)
Desired survivor size 13631488 bytes, new threshold 1 (max 15)
- age   1:   17259832 bytes,   17259832 total
2016-01-06T00:59:20.687-0800: 196.808: [SoftReference, 0 refs, 0.0005410 secs]2016-01-06T00:59:20.687-0800: 196.808: [WeakReference, 0 refs, 0.0002300 secs]2016-01-06T00:59:20.687-0800: 196.808: [FinalReference, 0 refs, 0.0002330 secs]2016-01-06T00:59:20.688-0800: 196.809: [PhantomReference, 0 refs, 6245 refs, 0.0005740 secs]2016-01-06T00:59:20.688-0800: 196.809: [JNI Weak Reference, 0.0000080 secs], 0.1917470 secs]
   [Parallel Time: 3.2 ms, GC Workers: 4]
      [GC Worker Start (ms): Min: 196618.5, Avg: 196619.3, Max: 196621.5, Diff: 3.0]
      [Ext Root Scanning (ms): Min: 0.0, Avg: 0.3, Max: 0.5, Diff: 0.5, Sum: 1.3]
      [SATB Filtering (ms): Min: 0.0, Avg: 0.0, Max: 0.0, Diff: 0.0, Sum: 0.0]
      [Update RS (ms): Min: 0.0, Avg: 0.1, Max: 0.2, Diff: 0.2, Sum: 0.3]
         [Processed Buffers: Min: 0, Avg: 1.8, Max: 5, Diff: 5, Sum: 7]
      [Scan RS (ms): Min: 0.0, Avg: 0.1, Max: 0.1, Diff: 0.1, Sum: 0.3]
      [Code Root Scanning (ms): Min: 0.0, Avg: 0.0, Max: 0.0, Diff: 0.0, Sum: 0.0]
      [Object Copy (ms): Min: 0.0, Avg: 1.6, Max: 2.2, Diff: 2.2, Sum: 6.5]
      [Termination (ms): Min: 0.0, Avg: 0.2, Max: 0.2, Diff: 0.2, Sum: 0.6]
      [GC Worker Other (ms): Min: 0.0, Avg: 0.0, Max: 0.0, Diff: 0.0, Sum: 0.0]
      [GC Worker Total (ms): Min: 0.1, Avg: 2.3, Max: 3.0, Diff: 3.0, Sum: 9.1]
      [GC Worker End (ms): Min: 196621.6, Avg: 196621.6, Max: 196621.6, Diff: 0.0]
   [Code Root Fixup: 0.0 ms]
   [Code Root Migration: 0.0 ms]
   [Clear CT: 0.1 ms]
   [Other: 188.4 ms]
      [Choose CSet: 0.0 ms]
      [Ref Proc: 187.5 ms]
      [Ref Enq: 0.5 ms]
      [Free CSet: 0.3 ms]
   [Eden: 185.0M(185.0M)->0.0B(185.0M) Survivors: 19.0M->19.0M Heap: 2147.3M(4096.0M)->1962.3M(4096.0M)]
 [Times: user=0.75 sys=0.00, real=0.19 secs] 
2016-01-06T00:59:20.716-0800: 196.837: [GC pause (young)
Desired survivor size 13631488 bytes, new threshold 1 (max 15)
- age   1:   17259832 bytes,   17259832 total
2016-01-06T00:59:20.906-0800: 197.027: [SoftReference, 0 refs, 0.0006450 secs]2016-01-06T00:59:20.907-0800: 197.028: [WeakReference, 0 refs, 0.0003730 secs]2016-01-06T00:59:20.908-0800: 197.029: [FinalReference, 0 refs, 0.0002450 secs]2016-01-06T00:59:20.908-0800: 197.029: [PhantomReference, 0 refs, 6244 refs, 0.0007480 secs]2016-01-06T00:59:20.909-0800: 197.030: [JNI Weak Reference, 0.0000130 secs], 0.1940870 secs]
   [Parallel Time: 3.0 ms, GC Workers: 4]
      [GC Worker Start (ms): Min: 196836.6, Avg: 196836.7, Max: 196836.7, Diff: 0.1]
      [Ext Root Scanning (ms): Min: 0.3, Avg: 0.4, Max: 0.4, Diff: 0.1, Sum: 1.4]
      [SATB Filtering (ms): Min: 0.0, Avg: 0.0, Max: 0.0, Diff: 0.0, Sum: 0.0]
      [Update RS (ms): Min: 0.0, Avg: 0.1, Max: 0.2, Diff: 0.2, Sum: 0.4]
         [Processed Buffers: Min: 0, Avg: 1.2, Max: 2, Diff: 2, Sum: 5]
      [Scan RS (ms): Min: 0.0, Avg: 0.1, Max: 0.1, Diff: 0.1, Sum: 0.3]
      [Code Root Scanning (ms): Min: 0.0, Avg: 0.0, Max: 0.0, Diff: 0.0, Sum: 0.0]
      [Object Copy (ms): Min: 2.3, Avg: 2.4, Max: 2.4, Diff: 0.1, Sum: 9.6]
      [Termination (ms): Min: 0.0, Avg: 0.0, Max: 0.0, Diff: 0.0, Sum: 0.0]
      [GC Worker Other (ms): Min: 0.0, Avg: 0.0, Max: 0.0, Diff: 0.0, Sum: 0.1]
      [GC Worker Total (ms): Min: 2.9, Avg: 3.0, Max: 3.0, Diff: 0.1, Sum: 11.8]
      [GC Worker End (ms): Min: 196839.6, Avg: 196839.6, Max: 196839.6, Diff: 0.0]
   [Code Root Fixup: 0.0 ms]
   [Code Root Migration: 0.0 ms]
   [Clear CT: 0.1 ms]
   [Other: 190.9 ms]
      [Choose CSet: 0.0 ms]
      [Ref Proc: 189.9 ms]
      [Ref Enq: 0.6 ms]
      [Free CSet: 0.3 ms]
   [Eden: 185.0M(185.0M)->0.0B(185.0M) Survivors: 19.0M->19.0M Heap: 2147.3M(4096.0M)->1962.4M(4096.0M)]
 [Times: user=0.74 sys=0.01, real=0.20 secs] 
2016-01-06T00:59:20.936-0800: 197.057: [GC pause (young)
Desired survivor size 13631488 bytes, new threshold 1 (max 15)
- age   1:   17259832 bytes,   17259832 total
2016-01-06T00:59:21.126-0800: 197.247: [SoftReference, 0 refs, 0.0004150 secs]2016-01-06T00:59:21.127-0800: 197.248: [WeakReference, 0 refs, 0.0002880 secs]2016-01-06T00:59:21.127-0800: 197.248: [FinalReference, 0 refs, 0.0002770 secs]2016-01-06T00:59:21.127-0800: 197.248: [PhantomReference, 0 refs, 6245 refs, 0.0006190 secs]2016-01-06T00:59:21.128-0800: 197.249: [JNI Weak Reference, 0.0000090 secs], 0.1931230 secs]
   [Parallel Time: 2.5 ms, GC Workers: 4]
      [GC Worker Start (ms): Min: 197056.8, Avg: 197057.1, Max: 197057.9, Diff: 1.1]
      [Ext Root Scanning (ms): Min: 0.0, Avg: 0.3, Max: 0.5, Diff: 0.4, Sum: 1.2]
      [SATB Filtering (ms): Min: 0.0, Avg: 0.0, Max: 0.0, Diff: 0.0, Sum: 0.0]
      [Update RS (ms): Min: 0.0, Avg: 0.1, Max: 0.2, Diff: 0.2, Sum: 0.3]
         [Processed Buffers: Min: 0, Avg: 1.5, Max: 3, Diff: 3, Sum: 6]
      [Scan RS (ms): Min: 0.0, Avg: 0.1, Max: 0.1, Diff: 0.1, Sum: 0.3]
      [Code Root Scanning (ms): Min: 0.0, Avg: 0.0, Max: 0.0, Diff: 0.0, Sum: 0.0]
      [Object Copy (ms): Min: 1.3, Avg: 1.6, Max: 1.7, Diff: 0.4, Sum: 6.4]
      [Termination (ms): Min: 0.0, Avg: 0.0, Max: 0.0, Diff: 0.0, Sum: 0.0]
      [GC Worker Other (ms): Min: 0.0, Avg: 0.0, Max: 0.1, Diff: 0.1, Sum: 0.1]
      [GC Worker Total (ms): Min: 1.3, Avg: 2.1, Max: 2.4, Diff: 1.1, Sum: 8.5]
      [GC Worker End (ms): Min: 197059.2, Avg: 197059.2, Max: 197059.3, Diff: 0.1]
   [Code Root Fixup: 0.0 ms]
   [Code Root Migration: 0.0 ms]
   [Clear CT: 0.1 ms]
   [Other: 190.4 ms]
      [Choose CSet: 0.0 ms]
      [Ref Proc: 189.5 ms]
      [Ref Enq: 0.5 ms]
      [Free CSet: 0.3 ms]
   [Eden: 185.0M(185.0M)->0.0B(191.0M) Survivors: 19.0M->13.0M Heap: 2147.4M(4096.0M)->1956.9M(4096.0M)]
 [Times: user=0.75 sys=0.00, real=0.20 secs] 
2016-01-06T00:59:21.156-0800: 197.277: [GC pause (young)
Desired survivor size 13631488 bytes, new threshold 15 (max 15)
- age   1:   11579896 bytes,   11579896 total
2016-01-06T00:59:21.372-0800: 197.493: [SoftReference, 0 refs, 0.0005000 secs]2016-01-06T00:59:21.373-0800: 197.494: [WeakReference, 0 refs, 0.0003440 secs]2016-01-06T00:59:21.373-0800: 197.494: [FinalReference, 0 refs, 0.0002260 secs]2016-01-06T00:59:21.373-0800: 197.494: [PhantomReference, 0 refs, 6430 refs, 0.0005890 secs]2016-01-06T00:59:21.374-0800: 197.495: [JNI Weak Reference, 0.0000120 secs], 0.2189230 secs]
   [Parallel Time: 2.9 ms, GC Workers: 4]
      [GC Worker Start (ms): Min: 197277.0, Avg: 197277.0, Max: 197277.0, Diff: 0.1]
      [Ext Root Scanning (ms): Min: 0.3, Avg: 0.4, Max: 0.4, Diff: 0.1, Sum: 1.4]
      [SATB Filtering (ms): Min: 0.0, Avg: 0.0, Max: 0.0, Diff: 0.0, Sum: 0.0]
      [Update RS (ms): Min: 0.0, Avg: 0.1, Max: 0.3, Diff: 0.3, Sum: 0.4]
         [Processed Buffers: Min: 1, Avg: 1.5, Max: 2, Diff: 1, Sum: 6]
      [Scan RS (ms): Min: 0.0, Avg: 0.1, Max: 0.1, Diff: 0.1, Sum: 0.3]
      [Code Root Scanning (ms): Min: 0.0, Avg: 0.0, Max: 0.0, Diff: 0.0, Sum: 0.0]
      [Object Copy (ms): Min: 2.2, Avg: 2.3, Max: 2.3, Diff: 0.1, Sum: 9.1]
      [Termination (ms): Min: 0.0, Avg: 0.0, Max: 0.0, Diff: 0.0, Sum: 0.0]
      [GC Worker Other (ms): Min: 0.0, Avg: 0.0, Max: 0.0, Diff: 0.0, Sum: 0.1]
      [GC Worker Total (ms): Min: 2.8, Avg: 2.9, Max: 2.9, Diff: 0.1, Sum: 11.4]
      [GC Worker End (ms): Min: 197279.8, Avg: 197279.8, Max: 197279.8, Diff: 0.0]
   [Code Root Fixup: 0.0 ms]
   [Code Root Migration: 0.0 ms]
   [Clear CT: 0.1 ms]
   [Other: 215.8 ms]
      [Choose CSet: 0.0 ms]
      [Ref Proc: 214.8 ms]
      [Ref Enq: 0.6 ms]
      [Free CSet: 0.3 ms]
   [Eden: 191.0M(191.0M)->0.0B(186.0M) Survivors: 13.0M->18.0M Heap: 2147.9M(4096.0M)->1961.9M(4096.0M)]
 [Times: user=0.78 sys=0.01, real=0.22 secs] 
2016-01-06T00:59:21.401-0800: 197.522: [GC pause (young)
Desired survivor size 13631488 bytes, new threshold 1 (max 15)
- age   1:   17273224 bytes,   17273224 total
- age   2:      36864 bytes,   17310088 total
2016-01-06T00:59:21.597-0800: 197.718: [SoftReference, 0 refs, 0.0004980 secs]2016-01-06T00:59:21.598-0800: 197.719: [WeakReference, 0 refs, 0.0003040 secs]2016-01-06T00:59:21.598-0800: 197.719: [FinalReference, 0 refs, 0.0002280 secs]2016-01-06T00:59:21.598-0800: 197.719: [PhantomReference, 0 refs, 6275 refs, 0.0005840 secs]2016-01-06T00:59:21.599-0800: 197.720: [JNI Weak Reference, 0.0000090 secs], 0.1984740 secs]
   [Parallel Time: 3.7 ms, GC Workers: 4]
      [GC Worker Start (ms): Min: 197522.4, Avg: 197523.3, Max: 197525.9, Diff: 3.5]
      [Ext Root Scanning (ms): Min: 0.0, Avg: 0.4, Max: 0.5, Diff: 0.5, Sum: 1.4]
      [SATB Filtering (ms): Min: 0.0, Avg: 0.0, Max: 0.0, Diff: 0.0, Sum: 0.0]
      [Update RS (ms): Min: 0.0, Avg: 0.1, Max: 0.3, Diff: 0.3, Sum: 0.3]
         [Processed Buffers: Min: 0, Avg: 1.2, Max: 3, Diff: 3, Sum: 5]
      [Scan RS (ms): Min: 0.0, Avg: 0.1, Max: 0.2, Diff: 0.2, Sum: 0.4]
      [Code Root Scanning (ms): Min: 0.0, Avg: 0.0, Max: 0.0, Diff: 0.0, Sum: 0.0]
      [Object Copy (ms): Min: 0.0, Avg: 1.8, Max: 2.5, Diff: 2.5, Sum: 7.3]
      [Termination (ms): Min: 0.0, Avg: 0.3, Max: 0.5, Diff: 0.5, Sum: 1.2]
      [GC Worker Other (ms): Min: 0.0, Avg: 0.0, Max: 0.0, Diff: 0.0, Sum: 0.0]
      [GC Worker Total (ms): Min: 0.1, Avg: 2.7, Max: 3.6, Diff: 3.6, Sum: 10.7]
      [GC Worker End (ms): Min: 197525.9, Avg: 197526.0, Max: 197526.1, Diff: 0.1]
   [Code Root Fixup: 0.0 ms]
   [Code Root Migration: 0.0 ms]
   [Clear CT: 0.1 ms]
   [Other: 194.6 ms]
      [Choose CSet: 0.0 ms]
      [Ref Proc: 193.7 ms]
      [Ref Enq: 0.5 ms]
      [Free CSet: 0.3 ms]
   [Eden: 186.0M(186.0M)->0.0B(186.0M) Survivors: 18.0M->18.0M Heap: 2147.9M(4096.0M)->1961.9M(4096.0M)]
 [Times: user=0.76 sys=0.00, real=0.20 secs] 
2016-01-06T00:59:21.626-0800: 197.747: [GC pause (young)
Desired survivor size 13631488 bytes, new threshold 1 (max 15)
- age   1:   17262064 bytes,   17262064 total
2016-01-06T00:59:21.818-0800: 197.939: [SoftReference, 0 refs, 0.0004210 secs]2016-01-06T00:59:21.818-0800: 197.939: [WeakReference, 0 refs, 0.0002470 secs]2016-01-06T00:59:21.819-0800: 197.939: [FinalReference, 0 refs, 0.0003500 secs]2016-01-06T00:59:21.819-0800: 197.940: [PhantomReference, 0 refs, 6275 refs, 0.0005450 secs]2016-01-06T00:59:21.819-0800: 197.940: [JNI Weak Reference, 0.0000140 secs], 0.1940260 secs]
   [Parallel Time: 2.9 ms, GC Workers: 4]
      [GC Worker Start (ms): Min: 197747.4, Avg: 197747.4, Max: 197747.5, Diff: 0.1]
      [Ext Root Scanning (ms): Min: 0.3, Avg: 0.4, Max: 0.4, Diff: 0.1, Sum: 1.4]
      [SATB Filtering (ms): Min: 0.0, Avg: 0.0, Max: 0.0, Diff: 0.0, Sum: 0.0]
      [Update RS (ms): Min: 0.0, Avg: 0.1, Max: 0.3, Diff: 0.3, Sum: 0.4]
         [Processed Buffers: Min: 0, Avg: 1.2, Max: 2, Diff: 2, Sum: 5]
      [Scan RS (ms): Min: 0.0, Avg: 0.1, Max: 0.1, Diff: 0.1, Sum: 0.4]
      [Code Root Scanning (ms): Min: 0.0, Avg: 0.0, Max: 0.0, Diff: 0.0, Sum: 0.0]
      [Object Copy (ms): Min: 2.2, Avg: 2.3, Max: 2.3, Diff: 0.1, Sum: 9.2]
      [Termination (ms): Min: 0.0, Avg: 0.0, Max: 0.0, Diff: 0.0, Sum: 0.0]
      [GC Worker Other (ms): Min: 0.0, Avg: 0.0, Max: 0.0, Diff: 0.0, Sum: 0.1]
      [GC Worker Total (ms): Min: 2.8, Avg: 2.9, Max: 2.9, Diff: 0.1, Sum: 11.5]
      [GC Worker End (ms): Min: 197750.3, Avg: 197750.3, Max: 197750.3, Diff: 0.0]
   [Code Root Fixup: 0.0 ms]
   [Code Root Migration: 0.0 ms]
   [Clear CT: 0.1 ms]
   [Other: 190.9 ms]
      [Choose CSet: 0.0 ms]
      [Ref Proc: 190.0 ms]
      [Ref Enq: 0.5 ms]
      [Free CSet: 0.3 ms]
   [Eden: 186.0M(186.0M)->0.0B(185.0M) Survivors: 18.0M->19.0M Heap: 2147.9M(4096.0M)->1962.5M(4096.0M)]
 [Times: user=0.73 sys=0.01, real=0.19 secs] 
2016-01-06T00:59:21.847-0800: 197.968: [GC pause (young)
Desired survivor size 13631488 bytes, new threshold 1 (max 15)
- age   1:   17262064 bytes,   17262064 total
2016-01-06T00:59:22.036-0800: 198.157: [SoftReference, 0 refs, 0.0005120 secs]2016-01-06T00:59:22.037-0800: 198.158: [WeakReference, 0 refs, 0.0002340 secs]2016-01-06T00:59:22.037-0800: 198.158: [FinalReference, 0 refs, 0.0002430 secs]2016-01-06T00:59:22.037-0800: 198.158: [PhantomReference, 0 refs, 6244 refs, 0.0005680 secs]2016-01-06T00:59:22.038-0800: 198.159: [JNI Weak Reference, 0.0000110 secs], 0.1919350 secs]
   [Parallel Time: 3.1 ms, GC Workers: 4]
      [GC Worker Start (ms): Min: 197967.9, Avg: 197967.9, Max: 197968.0, Diff: 0.1]
      [Ext Root Scanning (ms): Min: 0.3, Avg: 0.4, Max: 0.4, Diff: 0.1, Sum: 1.4]
      [SATB Filtering (ms): Min: 0.0, Avg: 0.0, Max: 0.0, Diff: 0.0, Sum: 0.0]
      [Update RS (ms): Min: 0.0, Avg: 0.1, Max: 0.3, Diff: 0.3, Sum: 0.4]
         [Processed Buffers: Min: 1, Avg: 1.5, Max: 3, Diff: 2, Sum: 6]
      [Scan RS (ms): Min: 0.0, Avg: 0.1, Max: 0.1, Diff: 0.1, Sum: 0.4]
      [Code Root Scanning (ms): Min: 0.0, Avg: 0.0, Max: 0.0, Diff: 0.0, Sum: 0.0]
      [Object Copy (ms): Min: 2.3, Avg: 2.4, Max: 2.4, Diff: 0.1, Sum: 9.6]
      [Termination (ms): Min: 0.0, Avg: 0.0, Max: 0.0, Diff: 0.0, Sum: 0.0]
      [GC Worker Other (ms): Min: 0.0, Avg: 0.0, Max: 0.0, Diff: 0.0, Sum: 0.1]
      [GC Worker Total (ms): Min: 2.9, Avg: 3.0, Max: 3.0, Diff: 0.1, Sum: 11.9]
      [GC Worker End (ms): Min: 197970.9, Avg: 197970.9, Max: 197970.9, Diff: 0.0]
   [Code Root Fixup: 0.0 ms]
   [Code Root Migration: 0.0 ms]
   [Clear CT: 0.1 ms]
   [Other: 188.7 ms]
      [Choose CSet: 0.0 ms]
      [Ref Proc: 187.8 ms]
      [Ref Enq: 0.5 ms]
      [Free CSet: 0.3 ms]
   [Eden: 185.0M(185.0M)->0.0B(186.0M) Survivors: 19.0M->18.0M Heap: 2147.5M(4096.0M)->1962.0M(4096.0M)]
 [Times: user=0.74 sys=0.00, real=0.19 secs] 
2016-01-06T00:59:22.065-0800: 198.186: [GC pause (young)
Desired survivor size 13631488 bytes, new threshold 1 (max 15)
- age   1:   17259832 bytes,   17259832 total
2016-01-06T00:59:22.286-0800: 198.407: [SoftReference, 0 refs, 0.0005080 secs]2016-01-06T00:59:22.287-0800: 198.408: [WeakReference, 0 refs, 0.0002210 secs]2016-01-06T00:59:22.287-0800: 198.408: [FinalReference, 0 refs, 0.0002460 secs]2016-01-06T00:59:22.287-0800: 198.408: [PhantomReference, 0 refs, 6275 refs, 0.0005930 secs]2016-01-06T00:59:22.288-0800: 198.409: [JNI Weak Reference, 0.0000090 secs], 0.2238170 secs]
   [Parallel Time: 3.1 ms, GC Workers: 4]
      [GC Worker Start (ms): Min: 198186.4, Avg: 198186.4, Max: 198186.4, Diff: 0.1]
      [Ext Root Scanning (ms): Min: 0.3, Avg: 0.4, Max: 0.4, Diff: 0.1, Sum: 1.4]
      [SATB Filtering (ms): Min: 0.0, Avg: 0.0, Max: 0.0, Diff: 0.0, Sum: 0.0]
      [Update RS (ms): Min: 0.0, Avg: 0.1, Max: 0.3, Diff: 0.3, Sum: 0.4]
         [Processed Buffers: Min: 0, Avg: 1.5, Max: 4, Diff: 4, Sum: 6]
      [Scan RS (ms): Min: 0.0, Avg: 0.1, Max: 0.1, Diff: 0.1, Sum: 0.3]
      [Code Root Scanning (ms): Min: 0.0, Avg: 0.0, Max: 0.0, Diff: 0.0, Sum: 0.0]
      [Object Copy (ms): Min: 2.4, Avg: 2.4, Max: 2.4, Diff: 0.1, Sum: 9.7]
      [Termination (ms): Min: 0.0, Avg: 0.0, Max: 0.0, Diff: 0.0, Sum: 0.0]
      [GC Worker Other (ms): Min: 0.0, Avg: 0.0, Max: 0.0, Diff: 0.0, Sum: 0.1]
      [GC Worker Total (ms): Min: 3.0, Avg: 3.0, Max: 3.0, Diff: 0.1, Sum: 12.0]
      [GC Worker End (ms): Min: 198189.4, Avg: 198189.4, Max: 198189.4, Diff: 0.0]
   [Code Root Fixup: 0.0 ms]
   [Code Root Migration: 0.0 ms]
   [Clear CT: 0.1 ms]
   [Other: 220.5 ms]
      [Choose CSet: 0.0 ms]
      [Ref Proc: 219.5 ms]
      [Ref Enq: 0.6 ms]
      [Free CSet: 0.3 ms]
   [Eden: 186.0M(186.0M)->0.0B(186.0M) Survivors: 18.0M->18.0M Heap: 2148.0M(4096.0M)->1962.1M(4096.0M)]
 [Times: user=0.83 sys=0.01, real=0.22 secs] 
2016-01-06T00:59:22.316-0800: 198.437: [GC pause (young)
Desired survivor size 13631488 bytes, new threshold 1 (max 15)
- age   1:   17262064 bytes,   17262064 total
2016-01-06T00:59:22.509-0800: 198.630: [SoftReference, 0 refs, 0.0005440 secs]2016-01-06T00:59:22.510-0800: 198.631: [WeakReference, 0 refs, 0.0002260 secs]2016-01-06T00:59:22.510-0800: 198.631: [FinalReference, 0 refs, 0.0002530 secs]2016-01-06T00:59:22.510-0800: 198.631: [PhantomReference, 0 refs, 6276 refs, 0.0005730 secs]2016-01-06T00:59:22.511-0800: 198.632: [JNI Weak Reference, 0.0000120 secs], 0.1962690 secs]
   [Parallel Time: 3.1 ms, GC Workers: 4]
      [GC Worker Start (ms): Min: 198436.7, Avg: 198437.0, Max: 198437.8, Diff: 1.1]
      [Ext Root Scanning (ms): Min: 0.0, Avg: 0.3, Max: 0.5, Diff: 0.5, Sum: 1.3]
      [SATB Filtering (ms): Min: 0.0, Avg: 0.0, Max: 0.0, Diff: 0.0, Sum: 0.0]
      [Update RS (ms): Min: 0.0, Avg: 0.1, Max: 0.2, Diff: 0.2, Sum: 0.3]
         [Processed Buffers: Min: 0, Avg: 1.8, Max: 5, Diff: 5, Sum: 7]
      [Scan RS (ms): Min: 0.0, Avg: 0.1, Max: 0.1, Diff: 0.1, Sum: 0.3]
      [Code Root Scanning (ms): Min: 0.0, Avg: 0.0, Max: 0.0, Diff: 0.0, Sum: 0.0]
      [Object Copy (ms): Min: 1.8, Avg: 2.1, Max: 2.3, Diff: 0.5, Sum: 8.5]
      [Termination (ms): Min: 0.0, Avg: 0.0, Max: 0.0, Diff: 0.0, Sum: 0.0]
      [GC Worker Other (ms): Min: 0.0, Avg: 0.0, Max: 0.1, Diff: 0.0, Sum: 0.1]
      [GC Worker Total (ms): Min: 1.9, Avg: 2.6, Max: 2.9, Diff: 1.1, Sum: 10.6]
      [GC Worker End (ms): Min: 198439.6, Avg: 198439.6, Max: 198439.6, Diff: 0.0]
   [Code Root Fixup: 0.0 ms]
   [Code Root Migration: 0.0 ms]
   [Clear CT: 0.1 ms]
   [Other: 193.1 ms]
      [Choose CSet: 0.0 ms]
      [Ref Proc: 192.0 ms]
      [Ref Enq: 0.6 ms]
      [Free CSet: 0.3 ms]
   [Eden: 186.0M(186.0M)->0.0B(185.0M) Survivors: 18.0M->19.0M Heap: 2148.1M(4096.0M)->1962.6M(4096.0M)]
 [Times: user=0.74 sys=0.00, real=0.20 secs] 
2016-01-06T00:59:22.539-0800: 198.660: [GC pause (young)
Desired survivor size 13631488 bytes, new threshold 1 (max 15)
- age   1:   17262064 bytes,   17262064 total
2016-01-06T00:59:22.723-0800: 198.844: [SoftReference, 0 refs, 0.0004610 secs]2016-01-06T00:59:22.723-0800: 198.844: [WeakReference, 0 refs, 0.0003020 secs]2016-01-06T00:59:22.723-0800: 198.844: [FinalReference, 0 refs, 0.0002430 secs]2016-01-06T00:59:22.724-0800: 198.845: [PhantomReference, 0 refs, 6242 refs, 0.0005780 secs]2016-01-06T00:59:22.724-0800: 198.845: [JNI Weak Reference, 0.0000080 secs], 0.1868020 secs]
   [Parallel Time: 3.2 ms, GC Workers: 4]
      [GC Worker Start (ms): Min: 198659.6, Avg: 198659.6, Max: 198659.7, Diff: 0.1]
      [Ext Root Scanning (ms): Min: 0.3, Avg: 0.4, Max: 0.4, Diff: 0.1, Sum: 1.4]
      [SATB Filtering (ms): Min: 0.0, Avg: 0.0, Max: 0.0, Diff: 0.0, Sum: 0.0]
      [Update RS (ms): Min: 0.0, Avg: 0.1, Max: 0.3, Diff: 0.2, Sum: 0.4]
         [Processed Buffers: Min: 1, Avg: 1.5, Max: 2, Diff: 1, Sum: 6]
      [Scan RS (ms): Min: 0.0, Avg: 0.1, Max: 0.1, Diff: 0.1, Sum: 0.4]
      [Code Root Scanning (ms): Min: 0.0, Avg: 0.0, Max: 0.0, Diff: 0.0, Sum: 0.0]
      [Object Copy (ms): Min: 2.5, Avg: 2.5, Max: 2.5, Diff: 0.0, Sum: 10.0]
      [Termination (ms): Min: 0.0, Avg: 0.0, Max: 0.0, Diff: 0.0, Sum: 0.0]
      [GC Worker Other (ms): Min: 0.0, Avg: 0.0, Max: 0.0, Diff: 0.0, Sum: 0.1]
      [GC Worker Total (ms): Min: 3.1, Avg: 3.1, Max: 3.1, Diff: 0.1, Sum: 12.3]
      [GC Worker End (ms): Min: 198662.7, Avg: 198662.7, Max: 198662.7, Diff: 0.0]
   [Code Root Fixup: 0.0 ms]
   [Code Root Migration: 0.0 ms]
   [Clear CT: 0.1 ms]
   [Other: 183.5 ms]
      [Choose CSet: 0.0 ms]
      [Ref Proc: 182.5 ms]
      [Ref Enq: 0.6 ms]
      [Free CSet: 0.4 ms]
   [Eden: 185.0M(185.0M)->0.0B(185.0M) Survivors: 19.0M->19.0M Heap: 2147.6M(4096.0M)->1962.7M(4096.0M)]
 [Times: user=0.71 sys=0.00, real=0.19 secs] 
2016-01-06T00:59:22.752-0800: 198.872: [GC pause (young)
Desired survivor size 13631488 bytes, new threshold 1 (max 15)
- age   1:   17259832 bytes,   17259832 total
2016-01-06T00:59:22.942-0800: 199.062: [SoftReference, 0 refs, 0.0005270 secs]2016-01-06T00:59:22.942-0800: 199.063: [WeakReference, 0 refs, 0.0002360 secs]2016-01-06T00:59:22.942-0800: 199.063: [FinalReference, 0 refs, 0.0002210 secs]2016-01-06T00:59:22.943-0800: 199.063: [PhantomReference, 0 refs, 6245 refs, 0.0006210 secs]2016-01-06T00:59:22.943-0800: 199.064: [JNI Weak Reference, 0.0000110 secs], 0.1927590 secs]
   [Parallel Time: 2.7 ms, GC Workers: 4]
      [GC Worker Start (ms): Min: 198872.5, Avg: 198872.9, Max: 198873.9, Diff: 1.4]
      [Ext Root Scanning (ms): Min: 0.0, Avg: 0.3, Max: 0.5, Diff: 0.5, Sum: 1.3]
      [SATB Filtering (ms): Min: 0.0, Avg: 0.0, Max: 0.0, Diff: 0.0, Sum: 0.0]
      [Update RS (ms): Min: 0.0, Avg: 0.1, Max: 0.2, Diff: 0.2, Sum: 0.3]
         [Processed Buffers: Min: 0, Avg: 1.5, Max: 4, Diff: 4, Sum: 6]
      [Scan RS (ms): Min: 0.0, Avg: 0.1, Max: 0.1, Diff: 0.1, Sum: 0.3]
      [Code Root Scanning (ms): Min: 0.0, Avg: 0.0, Max: 0.0, Diff: 0.0, Sum: 0.0]
      [Object Copy (ms): Min: 1.2, Avg: 1.8, Max: 2.0, Diff: 0.7, Sum: 7.1]
      [Termination (ms): Min: 0.0, Avg: 0.0, Max: 0.0, Diff: 0.0, Sum: 0.0]
      [GC Worker Other (ms): Min: 0.0, Avg: 0.0, Max: 0.0, Diff: 0.0, Sum: 0.0]
      [GC Worker Total (ms): Min: 1.3, Avg: 2.3, Max: 2.6, Diff: 1.4, Sum: 9.1]
      [GC Worker End (ms): Min: 198875.2, Avg: 198875.2, Max: 198875.2, Diff: 0.0]
   [Code Root Fixup: 0.0 ms]
   [Code Root Migration: 0.0 ms]
   [Clear CT: 0.1 ms]
   [Other: 189.9 ms]
      [Choose CSet: 0.0 ms]
      [Ref Proc: 189.0 ms]
      [Ref Enq: 0.6 ms]
      [Free CSet: 0.3 ms]
   [Eden: 185.0M(185.0M)->0.0B(188.0M) Survivors: 19.0M->16.0M Heap: 2147.7M(4096.0M)->1960.2M(4096.0M)]
 [Times: user=0.74 sys=0.01, real=0.19 secs] 
2016-01-06T00:59:22.971-0800: 199.092: [GC pause (young)
Desired survivor size 13631488 bytes, new threshold 1 (max 15)
- age   1:   15191416 bytes,   15191416 total
2016-01-06T00:59:23.163-0800: 199.284: [SoftReference, 0 refs, 0.0005500 secs]2016-01-06T00:59:23.164-0800: 199.285: [WeakReference, 0 refs, 0.0002290 secs]2016-01-06T00:59:23.164-0800: 199.285: [FinalReference, 0 refs, 0.0002420 secs]2016-01-06T00:59:23.164-0800: 199.285: [PhantomReference, 0 refs, 6338 refs, 0.0006520 secs]2016-01-06T00:59:23.165-0800: 199.286: [JNI Weak Reference, 0.0000110 secs], 0.1950080 secs]
   [Parallel Time: 2.9 ms, GC Workers: 4]
      [GC Worker Start (ms): Min: 199091.8, Avg: 199092.3, Max: 199093.9, Diff: 2.1]
      [Ext Root Scanning (ms): Min: 0.0, Avg: 0.3, Max: 0.4, Diff: 0.4, Sum: 1.2]
      [SATB Filtering (ms): Min: 0.0, Avg: 0.0, Max: 0.0, Diff: 0.0, Sum: 0.0]
      [Update RS (ms): Min: 0.0, Avg: 0.1, Max: 0.2, Diff: 0.2, Sum: 0.3]
         [Processed Buffers: Min: 0, Avg: 1.5, Max: 5, Diff: 5, Sum: 6]
      [Scan RS (ms): Min: 0.0, Avg: 0.1, Max: 0.1, Diff: 0.1, Sum: 0.3]
      [Code Root Scanning (ms): Min: 0.0, Avg: 0.0, Max: 0.0, Diff: 0.0, Sum: 0.0]
      [Object Copy (ms): Min: 0.6, Avg: 1.8, Max: 2.2, Diff: 1.5, Sum: 7.1]
      [Termination (ms): Min: 0.0, Avg: 0.0, Max: 0.0, Diff: 0.0, Sum: 0.0]
      [GC Worker Other (ms): Min: 0.0, Avg: 0.0, Max: 0.0, Diff: 0.0, Sum: 0.1]
      [GC Worker Total (ms): Min: 0.7, Avg: 2.3, Max: 2.8, Diff: 2.1, Sum: 9.2]
      [GC Worker End (ms): Min: 199094.6, Avg: 199094.6, Max: 199094.6, Diff: 0.0]
   [Code Root Fixup: 0.0 ms]
   [Code Root Migration: 0.0 ms]
   [Clear CT: 0.1 ms]
   [Other: 191.9 ms]
      [Choose CSet: 0.0 ms]
      [Ref Proc: 191.0 ms]
      [Ref Enq: 0.5 ms]
      [Free CSet: 0.3 ms]
   [Eden: 188.0M(188.0M)->0.0B(316.0M) Survivors: 16.0M->19.0M Heap: 2148.2M(4096.0M)->1962.7M(4096.0M)]
 [Times: user=0.75 sys=0.01, real=0.20 secs] 
2016-01-06T00:59:23.211-0800: 199.332: [GC pause (young)
Desired survivor size 22020096 bytes, new threshold 15 (max 15)
- age   1:   17266528 bytes,   17266528 total
2016-01-06T00:59:23.412-0800: 199.533: [SoftReference, 0 refs, 0.0004590 secs]2016-01-06T00:59:23.413-0800: 199.534: [WeakReference, 0 refs, 0.0003150 secs]2016-01-06T00:59:23.413-0800: 199.534: [FinalReference, 0 refs, 0.0002730 secs]2016-01-06T00:59:23.413-0800: 199.534: [PhantomReference, 0 refs, 10305 refs, 0.0007700 secs]2016-01-06T00:59:23.414-0800: 199.535: [JNI Weak Reference, 0.0000110 secs], 0.2044860 secs]
   [Parallel Time: 4.8 ms, GC Workers: 4]
      [GC Worker Start (ms): Min: 199332.4, Avg: 199332.5, Max: 199332.5, Diff: 0.1]
      [Ext Root Scanning (ms): Min: 0.3, Avg: 0.4, Max: 0.4, Diff: 0.1, Sum: 1.4]
      [SATB Filtering (ms): Min: 0.0, Avg: 0.0, Max: 0.0, Diff: 0.0, Sum: 0.0]
      [Update RS (ms): Min: 0.0, Avg: 0.1, Max: 0.2, Diff: 0.2, Sum: 0.4]
         [Processed Buffers: Min: 0, Avg: 1.0, Max: 2, Diff: 2, Sum: 4]
      [Scan RS (ms): Min: 0.1, Avg: 0.1, Max: 0.2, Diff: 0.1, Sum: 0.6]
      [Code Root Scanning (ms): Min: 0.0, Avg: 0.0, Max: 0.0, Diff: 0.0, Sum: 0.1]
      [Object Copy (ms): Min: 2.8, Avg: 3.1, Max: 4.0, Diff: 1.2, Sum: 12.4]
      [Termination (ms): Min: 0.0, Avg: 0.9, Max: 1.3, Diff: 1.3, Sum: 3.7]
      [GC Worker Other (ms): Min: 0.0, Avg: 0.0, Max: 0.0, Diff: 0.0, Sum: 0.1]
      [GC Worker Total (ms): Min: 4.6, Avg: 4.7, Max: 4.7, Diff: 0.0, Sum: 18.7]
      [GC Worker End (ms): Min: 199337.1, Avg: 199337.1, Max: 199337.2, Diff: 0.0]
   [Code Root Fixup: 0.0 ms]
   [Code Root Migration: 0.1 ms]
   [Clear CT: 0.2 ms]
   [Other: 199.5 ms]
      [Choose CSet: 0.0 ms]
      [Ref Proc: 198.0 ms]
      [Ref Enq: 1.0 ms]
      [Free CSet: 0.5 ms]
   [Eden: 316.0M(316.0M)->0.0B(185.0M) Survivors: 19.0M->19.0M Heap: 2278.7M(4096.0M)->1962.7M(4096.0M)]
 [Times: user=0.70 sys=0.01, real=0.20 secs] 
2016-01-06T00:59:23.442-0800: 199.563: [GC pause (young)
Desired survivor size 13631488 bytes, new threshold 1 (max 15)
- age   1:   17552224 bytes,   17552224 total
- age   2:      36864 bytes,   17589088 total
2016-01-06T00:59:23.643-0800: 199.764: [SoftReference, 0 refs, 0.0005630 secs]2016-01-06T00:59:23.644-0800: 199.765: [WeakReference, 0 refs, 0.0002350 secs]2016-01-06T00:59:23.644-0800: 199.765: [FinalReference, 0 refs, 0.0003770 secs]2016-01-06T00:59:23.645-0800: 199.766: [PhantomReference, 0 refs, 6244 refs, 0.0005350 secs]2016-01-06T00:59:23.645-0800: 199.766: [JNI Weak Reference, 0.0000110 secs], 0.2037830 secs]
   [Parallel Time: 3.4 ms, GC Workers: 4]
      [GC Worker Start (ms): Min: 199563.5, Avg: 199564.1, Max: 199565.9, Diff: 2.4]
      [Ext Root Scanning (ms): Min: 0.0, Avg: 0.4, Max: 0.5, Diff: 0.5, Sum: 1.4]
      [SATB Filtering (ms): Min: 0.0, Avg: 0.0, Max: 0.0, Diff: 0.0, Sum: 0.0]
      [Update RS (ms): Min: 0.0, Avg: 0.1, Max: 0.3, Diff: 0.3, Sum: 0.3]
         [Processed Buffers: Min: 0, Avg: 1.2, Max: 3, Diff: 3, Sum: 5]
      [Scan RS (ms): Min: 0.0, Avg: 0.1, Max: 0.2, Diff: 0.1, Sum: 0.3]
      [Code Root Scanning (ms): Min: 0.0, Avg: 0.0, Max: 0.0, Diff: 0.0, Sum: 0.0]
      [Object Copy (ms): Min: 0.8, Avg: 2.1, Max: 2.7, Diff: 1.9, Sum: 8.5]
      [Termination (ms): Min: 0.0, Avg: 0.1, Max: 0.1, Diff: 0.1, Sum: 0.4]
      [GC Worker Other (ms): Min: 0.0, Avg: 0.0, Max: 0.0, Diff: 0.0, Sum: 0.0]
      [GC Worker Total (ms): Min: 0.9, Avg: 2.7, Max: 3.4, Diff: 2.4, Sum: 11.0]
      [GC Worker End (ms): Min: 199566.8, Avg: 199566.8, Max: 199566.8, Diff: 0.0]
   [Code Root Fixup: 0.0 ms]
   [Code Root Migration: 0.0 ms]
   [Clear CT: 0.1 ms]
   [Other: 200.2 ms]
      [Choose CSet: 0.0 ms]
      [Ref Proc: 199.2 ms]
      [Ref Enq: 0.6 ms]
      [Free CSet: 0.4 ms]
   [Eden: 185.0M(185.0M)->0.0B(186.0M) Survivors: 19.0M->18.0M Heap: 2147.7M(4096.0M)->1962.3M(4096.0M)]
 [Times: user=0.77 sys=0.00, real=0.21 secs] 
2016-01-06T00:59:23.673-0800: 199.794: [GC pause (young)
Desired survivor size 13631488 bytes, new threshold 1 (max 15)
- age   1:   17259832 bytes,   17259832 total
2016-01-06T00:59:23.873-0800: 199.994: [SoftReference, 0 refs, 0.0004690 secs]2016-01-06T00:59:23.873-0800: 199.994: [WeakReference, 0 refs, 0.0002500 secs]2016-01-06T00:59:23.874-0800: 199.994: [FinalReference, 0 refs, 0.0002450 secs]2016-01-06T00:59:23.874-0800: 199.995: [PhantomReference, 0 refs, 6276 refs, 0.0005970 secs]2016-01-06T00:59:23.874-0800: 199.995: [JNI Weak Reference, 0.0000100 secs], 0.2026480 secs]
   [Parallel Time: 6.3 ms, GC Workers: 4]
      [GC Worker Start (ms): Min: 199793.8, Avg: 199795.3, Max: 199799.9, Diff: 6.1]
      [Ext Root Scanning (ms): Min: 0.0, Avg: 0.3, Max: 0.5, Diff: 0.4, Sum: 1.2]
      [SATB Filtering (ms): Min: 0.0, Avg: 0.0, Max: 0.0, Diff: 0.0, Sum: 0.0]
      [Update RS (ms): Min: 0.0, Avg: 0.1, Max: 0.2, Diff: 0.2, Sum: 0.3]
         [Processed Buffers: Min: 0, Avg: 1.2, Max: 2, Diff: 2, Sum: 5]
      [Scan RS (ms): Min: 0.0, Avg: 0.1, Max: 0.1, Diff: 0.1, Sum: 0.3]
      [Code Root Scanning (ms): Min: 0.0, Avg: 0.0, Max: 0.0, Diff: 0.0, Sum: 0.0]
      [Object Copy (ms): Min: 0.0, Avg: 1.7, Max: 2.3, Diff: 2.3, Sum: 6.8]
      [Termination (ms): Min: 0.0, Avg: 2.4, Max: 3.2, Diff: 3.2, Sum: 9.7]
      [GC Worker Other (ms): Min: 0.0, Avg: 0.0, Max: 0.0, Diff: 0.0, Sum: 0.0]
      [GC Worker Total (ms): Min: 0.0, Avg: 4.6, Max: 6.2, Diff: 6.1, Sum: 18.5]
      [GC Worker End (ms): Min: 199799.9, Avg: 199800.0, Max: 199800.0, Diff: 0.0]
   [Code Root Fixup: 0.0 ms]
   [Code Root Migration: 0.0 ms]
   [Clear CT: 0.1 ms]
   [Other: 196.2 ms]
      [Choose CSet: 0.0 ms]
      [Ref Proc: 195.3 ms]
      [Ref Enq: 0.5 ms]
      [Free CSet: 0.4 ms]
   [Eden: 186.0M(186.0M)->0.0B(186.0M) Survivors: 18.0M->18.0M Heap: 2148.3M(4096.0M)->1962.3M(4096.0M)]
 [Times: user=0.77 sys=0.00, real=0.20 secs] 
2016-01-06T00:59:23.904-0800: 200.025: [GC pause (young)
Desired survivor size 13631488 bytes, new threshold 1 (max 15)
- age   1:   17262064 bytes,   17262064 total
2016-01-06T00:59:24.094-0800: 200.215: [SoftReference, 0 refs, 0.0005100 secs]2016-01-06T00:59:24.095-0800: 200.216: [WeakReference, 0 refs, 0.0002630 secs]2016-01-06T00:59:24.095-0800: 200.216: [FinalReference, 0 refs, 0.0002190 secs]2016-01-06T00:59:24.095-0800: 200.216: [PhantomReference, 0 refs, 6275 refs, 0.0006030 secs]2016-01-06T00:59:24.096-0800: 200.217: [JNI Weak Reference, 0.0000080 secs], 0.1929140 secs]
   [Parallel Time: 3.0 ms, GC Workers: 4]
      [GC Worker Start (ms): Min: 200025.1, Avg: 200025.1, Max: 200025.1, Diff: 0.1]
      [Ext Root Scanning (ms): Min: 0.3, Avg: 0.4, Max: 0.4, Diff: 0.1, Sum: 1.4]
      [SATB Filtering (ms): Min: 0.0, Avg: 0.0, Max: 0.0, Diff: 0.0, Sum: 0.0]
      [Update RS (ms): Min: 0.0, Avg: 0.1, Max: 0.3, Diff: 0.3, Sum: 0.4]
         [Processed Buffers: Min: 0, Avg: 1.2, Max: 3, Diff: 3, Sum: 5]
      [Scan RS (ms): Min: 0.0, Avg: 0.1, Max: 0.1, Diff: 0.1, Sum: 0.3]
      [Code Root Scanning (ms): Min: 0.0, Avg: 0.0, Max: 0.0, Diff: 0.0, Sum: 0.0]
      [Object Copy (ms): Min: 2.3, Avg: 2.4, Max: 2.4, Diff: 0.1, Sum: 9.4]
      [Termination (ms): Min: 0.0, Avg: 0.0, Max: 0.0, Diff: 0.0, Sum: 0.0]
      [GC Worker Other (ms): Min: 0.0, Avg: 0.0, Max: 0.1, Diff: 0.0, Sum: 0.1]
      [GC Worker Total (ms): Min: 2.9, Avg: 2.9, Max: 3.0, Diff: 0.1, Sum: 11.7]
      [GC Worker End (ms): Min: 200028.0, Avg: 200028.0, Max: 200028.0, Diff: 0.0]
   [Code Root Fixup: 0.0 ms]
   [Code Root Migration: 0.0 ms]
   [Clear CT: 0.1 ms]
   [Other: 189.7 ms]
      [Choose CSet: 0.0 ms]
      [Ref Proc: 188.7 ms]
      [Ref Enq: 0.5 ms]
      [Free CSet: 0.3 ms]
   [Eden: 186.0M(186.0M)->0.0B(185.0M) Survivors: 18.0M->19.0M Heap: 2148.3M(4096.0M)->1962.9M(4096.0M)]
 [Times: user=0.75 sys=0.00, real=0.20 secs] 
2016-01-06T00:59:24.125-0800: 200.246: [GC pause (young)
Desired survivor size 13631488 bytes, new threshold 1 (max 15)
- age   1:   17262064 bytes,   17262064 total
2016-01-06T00:59:24.318-0800: 200.439: [SoftReference, 0 refs, 0.0005120 secs]2016-01-06T00:59:24.319-0800: 200.440: [WeakReference, 0 refs, 0.0002470 secs]2016-01-06T00:59:24.319-0800: 200.440: [FinalReference, 0 refs, 0.0002520 secs]2016-01-06T00:59:24.319-0800: 200.440: [PhantomReference, 0 refs, 6244 refs, 0.0006810 secs]2016-01-06T00:59:24.320-0800: 200.441: [JNI Weak Reference, 0.0000090 secs], 0.1959230 secs]
   [Parallel Time: 3.2 ms, GC Workers: 4]
      [GC Worker Start (ms): Min: 200246.3, Avg: 200247.1, Max: 200249.4, Diff: 3.1]
      [Ext Root Scanning (ms): Min: 0.0, Avg: 0.3, Max: 0.5, Diff: 0.5, Sum: 1.3]
      [SATB Filtering (ms): Min: 0.0, Avg: 0.0, Max: 0.0, Diff: 0.0, Sum: 0.0]
      [Update RS (ms): Min: 0.0, Avg: 0.1, Max: 0.2, Diff: 0.2, Sum: 0.3]
         [Processed Buffers: Min: 0, Avg: 1.8, Max: 4, Diff: 4, Sum: 7]
      [Scan RS (ms): Min: 0.0, Avg: 0.1, Max: 0.1, Diff: 0.1, Sum: 0.3]
      [Code Root Scanning (ms): Min: 0.0, Avg: 0.0, Max: 0.0, Diff: 0.0, Sum: 0.0]
      [Object Copy (ms): Min: 0.0, Avg: 1.7, Max: 2.3, Diff: 2.3, Sum: 6.9]
      [Termination (ms): Min: 0.0, Avg: 0.1, Max: 0.2, Diff: 0.2, Sum: 0.6]
      [GC Worker Other (ms): Min: 0.0, Avg: 0.0, Max: 0.0, Diff: 0.0, Sum: 0.0]
      [GC Worker Total (ms): Min: 0.1, Avg: 2.4, Max: 3.2, Diff: 3.1, Sum: 9.5]
      [GC Worker End (ms): Min: 200249.4, Avg: 200249.4, Max: 200249.4, Diff: 0.0]
   [Code Root Fixup: 0.0 ms]
   [Code Root Migration: 0.0 ms]
   [Clear CT: 0.2 ms]
   [Other: 192.5 ms]
      [Choose CSet: 0.0 ms]
      [Ref Proc: 191.5 ms]
      [Ref Enq: 0.6 ms]
      [Free CSet: 0.4 ms]
   [Eden: 185.0M(185.0M)->0.0B(460.0M) Survivors: 19.0M->19.0M Heap: 2147.9M(4096.0M)->1962.9M(4096.0M)]
 [Times: user=0.72 sys=0.00, real=0.19 secs] 
2016-01-06T00:59:24.390-0800: 200.511: [GC pause (young)
Desired survivor size 31457280 bytes, new threshold 15 (max 15)
- age   1:   17259832 bytes,   17259832 total
2016-01-06T00:59:24.582-0800: 200.703: [SoftReference, 0 refs, 0.0004750 secs]2016-01-06T00:59:24.582-0800: 200.703: [WeakReference, 0 refs, 0.0002470 secs]2016-01-06T00:59:24.582-0800: 200.703: [FinalReference, 0 refs, 0.0003500 secs]2016-01-06T00:59:24.583-0800: 200.704: [PhantomReference, 0 refs, 14767 refs, 0.0008210 secs]2016-01-06T00:59:24.584-0800: 200.705: [JNI Weak Reference, 0.0000080 secs], 0.1955180 secs]
   [Parallel Time: 4.0 ms, GC Workers: 4]
      [GC Worker Start (ms): Min: 200511.4, Avg: 200511.5, Max: 200511.5, Diff: 0.1]
      [Ext Root Scanning (ms): Min: 0.3, Avg: 0.4, Max: 0.4, Diff: 0.1, Sum: 1.4]
      [SATB Filtering (ms): Min: 0.0, Avg: 0.0, Max: 0.0, Diff: 0.0, Sum: 0.0]
      [Update RS (ms): Min: 0.0, Avg: 0.1, Max: 0.3, Diff: 0.3, Sum: 0.4]
         [Processed Buffers: Min: 0, Avg: 1.2, Max: 3, Diff: 3, Sum: 5]
      [Scan RS (ms): Min: 0.1, Avg: 0.2, Max: 0.3, Diff: 0.2, Sum: 0.8]
      [Code Root Scanning (ms): Min: 0.0, Avg: 0.0, Max: 0.0, Diff: 0.0, Sum: 0.1]
      [Object Copy (ms): Min: 3.1, Avg: 3.1, Max: 3.1, Diff: 0.0, Sum: 12.5]
      [Termination (ms): Min: 0.0, Avg: 0.0, Max: 0.0, Diff: 0.0, Sum: 0.0]
      [GC Worker Other (ms): Min: 0.0, Avg: 0.0, Max: 0.0, Diff: 0.0, Sum: 0.1]
      [GC Worker Total (ms): Min: 3.8, Avg: 3.9, Max: 3.9, Diff: 0.1, Sum: 15.4]
      [GC Worker End (ms): Min: 200515.3, Avg: 200515.3, Max: 200515.3, Diff: 0.0]
   [Code Root Fixup: 0.0 ms]
   [Code Root Migration: 0.1 ms]
   [Clear CT: 0.1 ms]
   [Other: 191.3 ms]
      [Choose CSet: 0.0 ms]
      [Ref Proc: 189.2 ms]
      [Ref Enq: 1.4 ms]
      [Free CSet: 0.6 ms]
   [Eden: 460.0M(460.0M)->0.0B(809.0M) Survivors: 19.0M->19.0M Heap: 2422.9M(4096.0M)->1963.4M(4096.0M)]
 [Times: user=0.69 sys=0.00, real=0.20 secs] 
2016-01-06T00:59:24.708-0800: 200.829: [GC pause (young)
Desired survivor size 54525952 bytes, new threshold 15 (max 15)
- age   1:   17873632 bytes,   17873632 total
- age   2:      36864 bytes,   17910496 total
2016-01-06T00:59:24.903-0800: 201.024: [SoftReference, 0 refs, 0.0004150 secs]2016-01-06T00:59:24.903-0800: 201.024: [WeakReference, 0 refs, 0.0003590 secs]2016-01-06T00:59:24.904-0800: 201.025: [FinalReference, 0 refs, 0.0002660 secs]2016-01-06T00:59:24.904-0800: 201.025: [PhantomReference, 0 refs, 25589 refs, 0.0008570 secs]2016-01-06T00:59:24.905-0800: 201.026: [JNI Weak Reference, 0.0000090 secs], 0.2009150 secs]
   [Parallel Time: 6.1 ms, GC Workers: 4]
      [GC Worker Start (ms): Min: 200829.0, Avg: 200829.3, Max: 200829.9, Diff: 0.9]
      [Ext Root Scanning (ms): Min: 0.0, Avg: 0.3, Max: 0.5, Diff: 0.4, Sum: 1.3]
      [SATB Filtering (ms): Min: 0.0, Avg: 0.0, Max: 0.0, Diff: 0.0, Sum: 0.0]
      [Update RS (ms): Min: 0.0, Avg: 0.0, Max: 0.2, Diff: 0.2, Sum: 0.2]
         [Processed Buffers: Min: 0, Avg: 1.5, Max: 3, Diff: 3, Sum: 6]
      [Scan RS (ms): Min: 0.1, Avg: 0.4, Max: 0.5, Diff: 0.3, Sum: 1.4]
      [Code Root Scanning (ms): Min: 0.0, Avg: 0.0, Max: 0.1, Diff: 0.0, Sum: 0.1]
      [Object Copy (ms): Min: 5.0, Avg: 5.0, Max: 5.0, Diff: 0.0, Sum: 19.9]
      [Termination (ms): Min: 0.0, Avg: 0.0, Max: 0.0, Diff: 0.0, Sum: 0.0]
      [GC Worker Other (ms): Min: 0.0, Avg: 0.1, Max: 0.1, Diff: 0.1, Sum: 0.2]
      [GC Worker Total (ms): Min: 5.1, Avg: 5.8, Max: 6.0, Diff: 0.9, Sum: 23.2]
      [GC Worker End (ms): Min: 200835.0, Avg: 200835.0, Max: 200835.1, Diff: 0.1]
   [Code Root Fixup: 0.0 ms]
   [Code Root Migration: 0.1 ms]
   [Clear CT: 0.3 ms]
   [Other: 194.4 ms]
      [Choose CSet: 0.0 ms]
      [Ref Proc: 190.7 ms]
      [Ref Enq: 2.5 ms]
      [Free CSet: 1.1 ms]
   [Eden: 809.0M(809.0M)->0.0B(522.0M) Survivors: 19.0M->20.0M Heap: 2772.4M(4096.0M)->1964.4M(4096.0M)]
 [Times: user=0.77 sys=0.00, real=0.20 secs] 
2016-01-06T00:59:24.989-0800: 201.110: [GC pause (young)
Desired survivor size 35651584 bytes, new threshold 15 (max 15)
- age   1:   18652600 bytes,   18652600 total
- age   2:      36864 bytes,   18689464 total
2016-01-06T00:59:25.174-0800: 201.295: [SoftReference, 0 refs, 0.0004760 secs]2016-01-06T00:59:25.175-0800: 201.296: [WeakReference, 0 refs, 0.0003430 secs]2016-01-06T00:59:25.175-0800: 201.296: [FinalReference, 0 refs, 0.0003370 secs]2016-01-06T00:59:25.176-0800: 201.297: [PhantomReference, 0 refs, 16692 refs, 0.0009320 secs]2016-01-06T00:59:25.177-0800: 201.298: [JNI Weak Reference, 0.0000090 secs], 0.1900040 secs]
   [Parallel Time: 4.6 ms, GC Workers: 4]
      [GC Worker Start (ms): Min: 201109.9, Avg: 201110.0, Max: 201110.0, Diff: 0.1]
      [Ext Root Scanning (ms): Min: 0.3, Avg: 0.4, Max: 0.4, Diff: 0.1, Sum: 1.4]
      [SATB Filtering (ms): Min: 0.0, Avg: 0.0, Max: 0.0, Diff: 0.0, Sum: 0.0]
      [Update RS (ms): Min: 0.0, Avg: 0.1, Max: 0.3, Diff: 0.3, Sum: 0.3]
         [Processed Buffers: Min: 0, Avg: 1.2, Max: 4, Diff: 4, Sum: 5]
      [Scan RS (ms): Min: 0.1, Avg: 0.2, Max: 0.3, Diff: 0.2, Sum: 1.0]
      [Code Root Scanning (ms): Min: 0.0, Avg: 0.0, Max: 0.0, Diff: 0.0, Sum: 0.1]
      [Object Copy (ms): Min: 3.7, Avg: 3.7, Max: 3.7, Diff: 0.0, Sum: 14.7]
      [Termination (ms): Min: 0.0, Avg: 0.0, Max: 0.0, Diff: 0.0, Sum: 0.0]
      [GC Worker Other (ms): Min: 0.0, Avg: 0.1, Max: 0.1, Diff: 0.1, Sum: 0.3]
      [GC Worker Total (ms): Min: 4.4, Avg: 4.4, Max: 4.5, Diff: 0.1, Sum: 17.8]
      [GC Worker End (ms): Min: 201114.4, Avg: 201114.4, Max: 201114.4, Diff: 0.1]
   [Code Root Fixup: 0.0 ms]
   [Code Root Migration: 0.1 ms]
   [Clear CT: 0.2 ms]
   [Other: 185.1 ms]
      [Choose CSet: 0.0 ms]
      [Ref Proc: 183.0 ms]
      [Ref Enq: 1.3 ms]
      [Free CSet: 0.7 ms]
   [Eden: 522.0M(522.0M)->0.0B(1252.0M) Survivors: 20.0M->19.0M Heap: 2486.4M(4096.0M)->1963.4M(4096.0M)]
 [Times: user=0.72 sys=0.01, real=0.19 secs] 
2016-01-06T00:59:25.358-0800: 201.479: [GC pause (young)
Desired survivor size 83361792 bytes, new threshold 15 (max 15)
- age   1:   18012016 bytes,   18012016 total
- age   2:      36864 bytes,   18048880 total
2016-01-06T00:59:25.560-0800: 201.681: [SoftReference, 0 refs, 0.0005020 secs]2016-01-06T00:59:25.560-0800: 201.681: [WeakReference, 0 refs, 0.0002600 secs]2016-01-06T00:59:25.560-0800: 201.681: [FinalReference, 0 refs, 0.0002780 secs]2016-01-06T00:59:25.561-0800: 201.682: [PhantomReference, 0 refs, 39321 refs, 0.0013210 secs]2016-01-06T00:59:25.562-0800: 201.683: [JNI Weak Reference, 0.0000090 secs], 0.2101490 secs]
   [Parallel Time: 10.4 ms, GC Workers: 4]
      [GC Worker Start (ms): Min: 201478.9, Avg: 201481.4, Max: 201488.8, Diff: 9.9]
      [Ext Root Scanning (ms): Min: 0.0, Avg: 0.4, Max: 0.5, Diff: 0.5, Sum: 1.4]
      [SATB Filtering (ms): Min: 0.0, Avg: 0.0, Max: 0.0, Diff: 0.0, Sum: 0.0]
      [Update RS (ms): Min: 0.0, Avg: 0.1, Max: 0.3, Diff: 0.3, Sum: 0.3]
         [Processed Buffers: Min: 0, Avg: 1.2, Max: 2, Diff: 2, Sum: 5]
      [Scan RS (ms): Min: 0.3, Avg: 0.6, Max: 0.8, Diff: 0.5, Sum: 2.5]
      [Code Root Scanning (ms): Min: 0.0, Avg: 0.1, Max: 0.1, Diff: 0.1, Sum: 0.2]
      [Object Copy (ms): Min: 0.0, Avg: 6.3, Max: 8.4, Diff: 8.4, Sum: 25.1]
      [Termination (ms): Min: 0.0, Avg: 0.3, Max: 0.4, Diff: 0.4, Sum: 1.3]
      [GC Worker Other (ms): Min: 0.0, Avg: 0.0, Max: 0.1, Diff: 0.0, Sum: 0.1]
      [GC Worker Total (ms): Min: 0.3, Avg: 7.7, Max: 10.2, Diff: 9.9, Sum: 31.0]
      [GC Worker End (ms): Min: 201489.1, Avg: 201489.1, Max: 201489.1, Diff: 0.1]
   [Code Root Fixup: 0.0 ms]
   [Code Root Migration: 0.2 ms]
   [Clear CT: 0.4 ms]
   [Other: 199.2 ms]
      [Choose CSet: 0.0 ms]
      [Ref Proc: 193.7 ms]
      [Ref Enq: 3.9 ms]
      [Free CSet: 1.5 ms]
   [Eden: 1252.0M(1252.0M)->0.0B(190.0M) Survivors: 19.0M->14.0M Heap: 3215.4M(4096.0M)->1957.9M(4096.0M)]
 [Times: user=0.73 sys=0.01, real=0.21 secs] 
2016-01-06T00:59:25.597-0800: 201.718: [GC pause (young)
Desired survivor size 13631488 bytes, new threshold 15 (max 15)
- age   1:   12287008 bytes,   12287008 total
- age   2:      36864 bytes,   12323872 total
2016-01-06T00:59:25.790-0800: 201.911: [SoftReference, 0 refs, 0.0005920 secs]2016-01-06T00:59:25.790-0800: 201.911: [WeakReference, 0 refs, 0.0003170 secs]2016-01-06T00:59:25.791-0800: 201.912: [FinalReference, 0 refs, 0.0003140 secs]2016-01-06T00:59:25.791-0800: 201.912: [PhantomReference, 0 refs, 6399 refs, 0.0006240 secs]2016-01-06T00:59:25.792-0800: 201.913: [JNI Weak Reference, 0.0000120 secs], 0.1967310 secs]
   [Parallel Time: 3.0 ms, GC Workers: 4]
      [GC Worker Start (ms): Min: 201717.9, Avg: 201717.9, Max: 201717.9, Diff: 0.1]
      [Ext Root Scanning (ms): Min: 0.3, Avg: 0.3, Max: 0.4, Diff: 0.1, Sum: 1.4]
      [SATB Filtering (ms): Min: 0.0, Avg: 0.0, Max: 0.0, Diff: 0.0, Sum: 0.0]
      [Update RS (ms): Min: 0.0, Avg: 0.1, Max: 0.3, Diff: 0.3, Sum: 0.3]
         [Processed Buffers: Min: 0, Avg: 1.2, Max: 3, Diff: 3, Sum: 5]
      [Scan RS (ms): Min: 0.0, Avg: 0.1, Max: 0.1, Diff: 0.1, Sum: 0.3]
      [Code Root Scanning (ms): Min: 0.0, Avg: 0.0, Max: 0.0, Diff: 0.0, Sum: 0.0]
      [Object Copy (ms): Min: 2.3, Avg: 2.4, Max: 2.4, Diff: 0.1, Sum: 9.6]
      [Termination (ms): Min: 0.0, Avg: 0.0, Max: 0.0, Diff: 0.0, Sum: 0.0]
      [GC Worker Other (ms): Min: 0.0, Avg: 0.0, Max: 0.0, Diff: 0.0, Sum: 0.1]
      [GC Worker Total (ms): Min: 2.9, Avg: 2.9, Max: 3.0, Diff: 0.1, Sum: 11.7]
      [GC Worker End (ms): Min: 201720.8, Avg: 201720.8, Max: 201720.8, Diff: 0.0]
   [Code Root Fixup: 0.0 ms]
   [Code Root Migration: 0.0 ms]
   [Clear CT: 0.9 ms]
   [Other: 192.8 ms]
      [Choose CSet: 0.0 ms]
      [Ref Proc: 191.8 ms]
      [Ref Enq: 0.5 ms]
      [Free CSet: 0.3 ms]
   [Eden: 190.0M(190.0M)->0.0B(185.0M) Survivors: 14.0M->19.0M Heap: 2147.9M(4096.0M)->1962.9M(4096.0M)]
 [Times: user=0.75 sys=0.00, real=0.20 secs] 
2016-01-06T00:59:25.821-0800: 201.942: [GC pause (young)
Desired survivor size 13631488 bytes, new threshold 1 (max 15)
- age   1:   17270992 bytes,   17270992 total
- age   2:      36864 bytes,   17307856 total
2016-01-06T00:59:26.011-0800: 202.132: [SoftReference, 0 refs, 0.0006110 secs]2016-01-06T00:59:26.011-0800: 202.132: [WeakReference, 0 refs, 0.0002320 secs]2016-01-06T00:59:26.012-0800: 202.133: [FinalReference, 0 refs, 0.0002320 secs]2016-01-06T00:59:26.012-0800: 202.133: [PhantomReference, 0 refs, 6245 refs, 0.0006160 secs]2016-01-06T00:59:26.013-0800: 202.133: [JNI Weak Reference, 0.0000080 secs], 0.1929620 secs]
   [Parallel Time: 4.4 ms, GC Workers: 4]
      [GC Worker Start (ms): Min: 201941.7, Avg: 201942.7, Max: 201945.9, Diff: 4.2]
      [Ext Root Scanning (ms): Min: 0.0, Avg: 0.3, Max: 0.5, Diff: 0.5, Sum: 1.3]
      [SATB Filtering (ms): Min: 0.0, Avg: 0.0, Max: 0.0, Diff: 0.0, Sum: 0.0]
      [Update RS (ms): Min: 0.0, Avg: 0.0, Max: 0.2, Diff: 0.2, Sum: 0.2]
         [Processed Buffers: Min: 0, Avg: 1.5, Max: 4, Diff: 4, Sum: 6]
      [Scan RS (ms): Min: 0.0, Avg: 0.1, Max: 0.1, Diff: 0.1, Sum: 0.3]
      [Code Root Scanning (ms): Min: 0.0, Avg: 0.0, Max: 0.0, Diff: 0.0, Sum: 0.0]
      [Object Copy (ms): Min: 0.0, Avg: 1.7, Max: 2.3, Diff: 2.3, Sum: 6.7]
      [Termination (ms): Min: 0.0, Avg: 1.1, Max: 1.4, Diff: 1.4, Sum: 4.2]
      [GC Worker Other (ms): Min: 0.0, Avg: 0.0, Max: 0.0, Diff: 0.0, Sum: 0.0]
      [GC Worker Total (ms): Min: 0.1, Avg: 3.2, Max: 4.3, Diff: 4.2, Sum: 12.9]
      [GC Worker End (ms): Min: 201946.0, Avg: 201946.0, Max: 201946.0, Diff: 0.0]
   [Code Root Fixup: 0.0 ms]
   [Code Root Migration: 0.0 ms]
   [Clear CT: 0.1 ms]
   [Other: 188.5 ms]
      [Choose CSet: 0.0 ms]
      [Ref Proc: 187.5 ms]
      [Ref Enq: 0.6 ms]
      [Free CSet: 0.3 ms]
   [Eden: 185.0M(185.0M)->0.0B(446.0M) Survivors: 19.0M->18.0M Heap: 2147.9M(4096.0M)->1962.4M(4096.0M)]
 [Times: user=0.75 sys=0.00, real=0.19 secs] 
2016-01-06T00:59:26.076-0800: 202.197: [GC pause (young)
Desired survivor size 30408704 bytes, new threshold 15 (max 15)
- age   1:   17259832 bytes,   17259832 total
2016-01-06T00:59:26.266-0800: 202.387: [SoftReference, 0 refs, 0.0004350 secs]2016-01-06T00:59:26.266-0800: 202.387: [WeakReference, 0 refs, 0.0002540 secs]2016-01-06T00:59:26.267-0800: 202.388: [FinalReference, 0 refs, 0.0002300 secs]2016-01-06T00:59:26.267-0800: 202.388: [PhantomReference, 0 refs, 14335 refs, 0.0008050 secs]2016-01-06T00:59:26.268-0800: 202.389: [JNI Weak Reference, 0.0000080 secs], 0.1943040 secs]
   [Parallel Time: 3.7 ms, GC Workers: 4]
      [GC Worker Start (ms): Min: 202196.7, Avg: 202196.7, Max: 202196.8, Diff: 0.1]
      [Ext Root Scanning (ms): Min: 0.3, Avg: 0.4, Max: 0.4, Diff: 0.0, Sum: 1.4]
      [SATB Filtering (ms): Min: 0.0, Avg: 0.0, Max: 0.0, Diff: 0.0, Sum: 0.0]
      [Update RS (ms): Min: 0.0, Avg: 0.1, Max: 0.3, Diff: 0.3, Sum: 0.4]
         [Processed Buffers: Min: 0, Avg: 1.2, Max: 2, Diff: 2, Sum: 5]
      [Scan RS (ms): Min: 0.1, Avg: 0.2, Max: 0.3, Diff: 0.2, Sum: 0.8]
      [Code Root Scanning (ms): Min: 0.0, Avg: 0.0, Max: 0.0, Diff: 0.0, Sum: 0.1]
      [Object Copy (ms): Min: 2.9, Avg: 2.9, Max: 2.9, Diff: 0.0, Sum: 11.6]
      [Termination (ms): Min: 0.0, Avg: 0.0, Max: 0.0, Diff: 0.0, Sum: 0.0]
      [GC Worker Other (ms): Min: 0.0, Avg: 0.0, Max: 0.0, Diff: 0.0, Sum: 0.1]
      [GC Worker Total (ms): Min: 3.6, Avg: 3.6, Max: 3.6, Diff: 0.0, Sum: 14.5]
      [GC Worker End (ms): Min: 202200.3, Avg: 202200.3, Max: 202200.4, Diff: 0.0]
   [Code Root Fixup: 0.0 ms]
   [Code Root Migration: 0.1 ms]
   [Clear CT: 0.2 ms]
   [Other: 190.3 ms]
      [Choose CSet: 0.0 ms]
      [Ref Proc: 188.2 ms]
      [Ref Enq: 1.4 ms]
      [Free CSet: 0.6 ms]
   [Eden: 446.0M(446.0M)->0.0B(448.0M) Survivors: 18.0M->7168.0K Heap: 2408.4M(4096.0M)->1950.9M(4096.0M)]
 [Times: user=0.70 sys=0.01, real=0.20 secs] 
2016-01-06T00:59:26.338-0800: 202.459: [GC pause (young)
Desired survivor size 29884416 bytes, new threshold 15 (max 15)
- age   1:    5596048 bytes,    5596048 total
- age   2:      36864 bytes,    5632912 total
2016-01-06T00:59:26.523-0800: 202.644: [SoftReference, 0 refs, 0.0005120 secs]2016-01-06T00:59:26.524-0800: 202.645: [WeakReference, 0 refs, 0.0003360 secs]2016-01-06T00:59:26.524-0800: 202.645: [FinalReference, 0 refs, 0.0002400 secs]2016-01-06T00:59:26.524-0800: 202.645: [PhantomReference, 0 refs, 14398 refs, 0.0007180 secs]2016-01-06T00:59:26.525-0800: 202.646: [JNI Weak Reference, 0.0000080 secs], 0.1894240 secs]
   [Parallel Time: 3.9 ms, GC Workers: 4]
      [GC Worker Start (ms): Min: 202458.7, Avg: 202459.3, Max: 202460.9, Diff: 2.1]
      [Ext Root Scanning (ms): Min: 0.0, Avg: 0.3, Max: 0.5, Diff: 0.5, Sum: 1.3]
      [SATB Filtering (ms): Min: 0.0, Avg: 0.0, Max: 0.0, Diff: 0.0, Sum: 0.0]
      [Update RS (ms): Min: 0.0, Avg: 0.0, Max: 0.2, Diff: 0.2, Sum: 0.2]
         [Processed Buffers: Min: 0, Avg: 1.5, Max: 3, Diff: 3, Sum: 6]
      [Scan RS (ms): Min: 0.0, Avg: 0.2, Max: 0.3, Diff: 0.3, Sum: 0.7]
      [Code Root Scanning (ms): Min: 0.0, Avg: 0.0, Max: 0.0, Diff: 0.0, Sum: 0.1]
      [Object Copy (ms): Min: 1.7, Avg: 2.7, Max: 3.1, Diff: 1.4, Sum: 10.9]
      [Termination (ms): Min: 0.0, Avg: 0.0, Max: 0.0, Diff: 0.0, Sum: 0.0]
      [GC Worker Other (ms): Min: 0.0, Avg: 0.0, Max: 0.1, Diff: 0.0, Sum: 0.1]
      [GC Worker Total (ms): Min: 1.7, Avg: 3.3, Max: 3.9, Diff: 2.2, Sum: 13.3]
      [GC Worker End (ms): Min: 202462.6, Avg: 202462.6, Max: 202462.6, Diff: 0.0]
   [Code Root Fixup: 0.0 ms]
   [Code Root Migration: 0.1 ms]
   [Clear CT: 0.2 ms]
   [Other: 185.2 ms]
      [Choose CSet: 0.0 ms]
      [Ref Proc: 183.4 ms]
      [Ref Enq: 1.1 ms]
      [Free CSet: 0.6 ms]
   [Eden: 448.0M(448.0M)->0.0B(1076.0M) Survivors: 7168.0K->20.0M Heap: 2398.9M(4096.0M)->1963.9M(4096.0M)]
 [Times: user=0.67 sys=0.01, real=0.19 secs] 
2016-01-06T00:59:26.677-0800: 202.798: [GC pause (young)
Desired survivor size 71827456 bytes, new threshold 15 (max 15)
- age   1:   17846848 bytes,   17846848 total
- age   2:      36864 bytes,   17883712 total
2016-01-06T00:59:26.870-0800: 202.991: [SoftReference, 0 refs, 0.0004960 secs]2016-01-06T00:59:26.871-0800: 202.992: [WeakReference, 0 refs, 0.0002380 secs]2016-01-06T00:59:26.871-0800: 202.992: [FinalReference, 0 refs, 0.0002460 secs]2016-01-06T00:59:26.871-0800: 202.992: [PhantomReference, 0 refs, 33864 refs, 0.0010410 secs]2016-01-06T00:59:26.872-0800: 202.993: [JNI Weak Reference, 0.0000120 secs], 0.2004480 secs]
   [Parallel Time: 6.8 ms, GC Workers: 4]
      [GC Worker Start (ms): Min: 202798.2, Avg: 202799.2, Max: 202801.9, Diff: 3.7]
      [Ext Root Scanning (ms): Min: 0.0, Avg: 0.3, Max: 0.4, Diff: 0.4, Sum: 1.3]
      [SATB Filtering (ms): Min: 0.0, Avg: 0.0, Max: 0.0, Diff: 0.0, Sum: 0.0]
      [Update RS (ms): Min: 0.0, Avg: 0.1, Max: 0.2, Diff: 0.2, Sum: 0.2]
         [Processed Buffers: Min: 0, Avg: 1.2, Max: 4, Diff: 4, Sum: 5]
      [Scan RS (ms): Min: 0.2, Avg: 0.5, Max: 0.6, Diff: 0.4, Sum: 1.9]
      [Code Root Scanning (ms): Min: 0.0, Avg: 0.0, Max: 0.1, Diff: 0.1, Sum: 0.2]
      [Object Copy (ms): Min: 2.8, Avg: 4.9, Max: 5.6, Diff: 2.8, Sum: 19.5]
      [Termination (ms): Min: 0.0, Avg: 0.0, Max: 0.0, Diff: 0.0, Sum: 0.0]
      [GC Worker Other (ms): Min: 0.0, Avg: 0.0, Max: 0.1, Diff: 0.0, Sum: 0.1]
      [GC Worker Total (ms): Min: 3.1, Avg: 5.8, Max: 6.7, Diff: 3.7, Sum: 23.2]
      [GC Worker End (ms): Min: 202804.9, Avg: 202805.0, Max: 202805.0, Diff: 0.0]
   [Code Root Fixup: 0.0 ms]
   [Code Root Migration: 0.2 ms]
   [Clear CT: 0.3 ms]
   [Other: 193.2 ms]
      [Choose CSet: 0.0 ms]
      [Ref Proc: 188.4 ms]
      [Ref Enq: 3.3 ms]
      [Free CSet: 1.4 ms]
   [Eden: 1076.0M(1076.0M)->0.0B(873.0M) Survivors: 20.0M->21.0M Heap: 3039.9M(4096.0M)->1964.9M(4096.0M)]
 [Times: user=0.77 sys=0.00, real=0.20 secs] 
2016-01-06T00:59:26.907-0800: 203.028: [GC concurrent-mark-end, 18.9807290 secs]
2016-01-06T00:59:26.908-0800: 203.028: [GC remark 2016-01-06T00:59:26.909-0800: 203.030: [GC ref-proc2016-01-06T00:59:26.909-0800: 203.030: [SoftReference, 0 refs, 0.0004440 secs]2016-01-06T00:59:26.910-0800: 203.030: [WeakReference, 0 refs, 0.0002220 secs]2016-01-06T00:59:26.910-0800: 203.031: [FinalReference, 4 refs, 0.0002250 secs]2016-01-06T00:59:26.910-0800: 203.031: [PhantomReference, 0 refs, 10438428 refs, 0.8095440 secs]2016-01-06T00:59:27.720-0800: 203.840: [JNI Weak Reference, 0.0000200 secs], 0.8106620 secs], 0.8200010 secs]
 [Times: user=2.12 sys=0.91, real=0.82 secs] 
2016-01-06T00:59:27.728-0800: 203.849: [GC cleanup 2164M->2162M(4096M), 0.0054410 secs]
 [Times: user=0.01 sys=0.00, real=0.00 secs] 
2016-01-06T00:59:27.733-0800: 203.854: [GC concurrent-cleanup-start]
2016-01-06T00:59:27.733-0800: 203.854: [GC concurrent-cleanup-end, 0.0000210 secs]
2016-01-06T00:59:27.828-0800: 203.949: [GC pause (young)
Desired survivor size 58720256 bytes, new threshold 15 (max 15)
- age   1:   19248544 bytes,   19248544 total
- age   2:      36864 bytes,   19285408 total
2016-01-06T00:59:27.835-0800: 203.956: [SoftReference, 0 refs, 0.0004570 secs]2016-01-06T00:59:27.835-0800: 203.956: [WeakReference, 0 refs, 0.0002610 secs]2016-01-06T00:59:27.836-0800: 203.956: [FinalReference, 0 refs, 0.0002430 secs]2016-01-06T00:59:27.836-0800: 203.957: [PhantomReference, 0 refs, 27572 refs, 0.0010290 secs]2016-01-06T00:59:27.837-0800: 203.958: [JNI Weak Reference, 0.0000090 secs], 0.0111560 secs]
   [Parallel Time: 6.9 ms, GC Workers: 4]
      [GC Worker Start (ms): Min: 203948.6, Avg: 203949.0, Max: 203949.9, Diff: 1.3]
      [Ext Root Scanning (ms): Min: 0.0, Avg: 0.3, Max: 0.5, Diff: 0.5, Sum: 1.3]
      [Update RS (ms): Min: 0.0, Avg: 0.1, Max: 0.2, Diff: 0.2, Sum: 0.2]
         [Processed Buffers: Min: 0, Avg: 1.2, Max: 3, Diff: 3, Sum: 5]
      [Scan RS (ms): Min: 0.1, Avg: 0.4, Max: 0.5, Diff: 0.4, Sum: 1.5]
      [Code Root Scanning (ms): Min: 0.0, Avg: 0.0, Max: 0.1, Diff: 0.1, Sum: 0.2]
      [Object Copy (ms): Min: 5.4, Avg: 5.6, Max: 5.7, Diff: 0.3, Sum: 22.6]
      [Termination (ms): Min: 0.0, Avg: 0.0, Max: 0.0, Diff: 0.0, Sum: 0.0]
      [GC Worker Other (ms): Min: 0.0, Avg: 0.1, Max: 0.1, Diff: 0.0, Sum: 0.2]
      [GC Worker Total (ms): Min: 5.6, Avg: 6.5, Max: 6.8, Diff: 1.3, Sum: 26.0]
      [GC Worker End (ms): Min: 203955.4, Avg: 203955.5, Max: 203955.5, Diff: 0.0]
   [Code Root Fixup: 0.0 ms]
   [Code Root Migration: 0.1 ms]
   [Clear CT: 0.3 ms]
   [Other: 3.8 ms]
      [Choose CSet: 0.0 ms]
      [Ref Proc: 2.2 ms]
      [Ref Enq: 0.3 ms]
      [Free CSet: 1.1 ms]
   [Eden: 873.0M(873.0M)->0.0B(1696.0M) Survivors: 21.0M->20.0M Heap: 2835.9M(4096.0M)->1962.4M(4096.0M)]
 [Times: user=0.04 sys=0.00, real=0.01 secs] 
2016-01-06T00:59:28.074-0800: 204.195: [GC pause (young)
Desired survivor size 112721920 bytes, new threshold 15 (max 15)
- age   1:   18795448 bytes,   18795448 total
- age   2:      36864 bytes,   18832312 total
2016-01-06T00:59:28.083-0800: 204.204: [SoftReference, 0 refs, 0.0006160 secs]2016-01-06T00:59:28.084-0800: 204.205: [WeakReference, 0 refs, 0.0003650 secs]2016-01-06T00:59:28.084-0800: 204.205: [FinalReference, 0 refs, 0.0003440 secs]2016-01-06T00:59:28.085-0800: 204.206: [PhantomReference, 0 refs, 53086 refs, 0.0011520 secs]2016-01-06T00:59:28.086-0800: 204.207: [JNI Weak Reference, 0.0000120 secs], 0.0155480 secs]
   [Parallel Time: 9.6 ms, GC Workers: 4]
      [GC Worker Start (ms): Min: 204194.6, Avg: 204196.9, Max: 204203.8, Diff: 9.2]
      [Ext Root Scanning (ms): Min: 0.0, Avg: 0.3, Max: 0.4, Diff: 0.4, Sum: 1.3]
      [Update RS (ms): Min: 0.0, Avg: 0.1, Max: 0.2, Diff: 0.2, Sum: 0.3]
         [Processed Buffers: Min: 0, Avg: 1.5, Max: 3, Diff: 3, Sum: 6]
      [Scan RS (ms): Min: 0.3, Avg: 0.7, Max: 0.9, Diff: 0.6, Sum: 2.9]
      [Code Root Scanning (ms): Min: 0.0, Avg: 0.1, Max: 0.1, Diff: 0.1, Sum: 0.3]
      [Object Copy (ms): Min: 0.0, Avg: 5.7, Max: 7.6, Diff: 7.6, Sum: 22.7]
      [Termination (ms): Min: 0.0, Avg: 0.4, Max: 0.5, Diff: 0.5, Sum: 1.5]
      [GC Worker Other (ms): Min: 0.0, Avg: 0.0, Max: 0.0, Diff: 0.0, Sum: 0.1]
      [GC Worker Total (ms): Min: 0.4, Avg: 7.3, Max: 9.6, Diff: 9.2, Sum: 29.1]
      [GC Worker End (ms): Min: 204204.2, Avg: 204204.2, Max: 204204.2, Diff: 0.0]
   [Code Root Fixup: 0.0 ms]
   [Code Root Migration: 0.2 ms]
   [Clear CT: 0.4 ms]
   [Other: 5.3 ms]
      [Choose CSet: 0.0 ms]
      [Ref Proc: 2.7 ms]
      [Ref Enq: 0.5 ms]
      [Free CSet: 2.0 ms]
   [Eden: 1696.0M(1696.0M)->0.0B(1695.0M) Survivors: 20.0M->22.0M Heap: 3658.4M(4096.0M)->1963.9M(4096.0M)]
 [Times: user=0.04 sys=0.00, real=0.02 secs] 
2016-01-06T00:59:28.324-0800: 204.445: [GC pause (young) (initial-mark)
Desired survivor size 112721920 bytes, new threshold 15 (max 15)
- age   1:   20632384 bytes,   20632384 total
- age   2:      36864 bytes,   20669248 total
2016-01-06T00:59:28.337-0800: 204.458: [SoftReference, 0 refs, 0.0005760 secs]2016-01-06T00:59:28.337-0800: 204.458: [WeakReference, 0 refs, 0.0002410 secs]2016-01-06T00:59:28.338-0800: 204.459: [FinalReference, 0 refs, 0.0003820 secs]2016-01-06T00:59:28.338-0800: 204.459: [PhantomReference, 0 refs, 53052 refs, 0.0012990 secs]2016-01-06T00:59:28.339-0800: 204.460: [JNI Weak Reference, 0.0000090 secs], 0.0185960 secs]
   [Parallel Time: 11.7 ms, GC Workers: 4]
      [GC Worker Start (ms): Min: 204445.9, Avg: 204446.9, Max: 204449.9, Diff: 4.0]
      [Ext Root Scanning (ms): Min: 0.0, Avg: 0.3, Max: 0.4, Diff: 0.4, Sum: 1.2]
      [Code Root Marking (ms): Min: 0.1, Avg: 0.2, Max: 0.3, Diff: 0.1, Sum: 0.8]
      [Update RS (ms): Min: 0.0, Avg: 0.1, Max: 0.2, Diff: 0.2, Sum: 0.3]
         [Processed Buffers: Min: 0, Avg: 1.2, Max: 2, Diff: 2, Sum: 5]
      [Scan RS (ms): Min: 0.2, Avg: 0.7, Max: 0.9, Diff: 0.6, Sum: 2.7]
      [Code Root Scanning (ms): Min: 0.0, Avg: 0.1, Max: 0.1, Diff: 0.1, Sum: 0.3]
      [Object Copy (ms): Min: 7.2, Avg: 9.2, Max: 9.9, Diff: 2.7, Sum: 36.7]
      [Termination (ms): Min: 0.0, Avg: 0.0, Max: 0.0, Diff: 0.0, Sum: 0.0]
      [GC Worker Other (ms): Min: 0.0, Avg: 0.1, Max: 0.1, Diff: 0.1, Sum: 0.2]
      [GC Worker Total (ms): Min: 7.6, Avg: 10.6, Max: 11.6, Diff: 4.0, Sum: 42.2]
      [GC Worker End (ms): Min: 204457.4, Avg: 204457.5, Max: 204457.5, Diff: 0.1]
   [Code Root Fixup: 0.0 ms]
   [Code Root Migration: 0.2 ms]
   [Clear CT: 0.4 ms]
   [Other: 6.2 ms]
      [Choose CSet: 0.0 ms]
      [Ref Proc: 2.7 ms]
      [Ref Enq: 0.8 ms]
      [Free CSet: 2.0 ms]
   [Eden: 1695.0M(1695.0M)->0.0B(1701.0M) Survivors: 22.0M->17.0M Heap: 3658.9M(4096.0M)->1958.9M(4096.0M)]
 [Times: user=0.05 sys=0.01, real=0.02 secs] 
2016-01-06T00:59:28.343-0800: 204.464: [GC concurrent-root-region-scan-start]
2016-01-06T00:59:28.351-0800: 204.472: [GC concurrent-root-region-scan-end, 0.0082310 secs]
2016-01-06T00:59:28.351-0800: 204.472: [GC concurrent-mark-start]
2016-01-06T00:59:29.017-0800: 205.138: [GC pause (young)
Desired survivor size 112721920 bytes, new threshold 15 (max 15)
- age   1:   15869512 bytes,   15869512 total
- age   2:      36864 bytes,   15906376 total
2016-01-06T00:59:29.050-0800: 205.171: [SoftReference, 0 refs, 0.0005150 secs]2016-01-06T00:59:29.050-0800: 205.171: [WeakReference, 0 refs, 0.0002300 secs]2016-01-06T00:59:29.050-0800: 205.171: [FinalReference, 0 refs, 0.0002830 secs]2016-01-06T00:59:29.051-0800: 205.172: [PhantomReference, 0 refs, 53240 refs, 0.0015180 secs]2016-01-06T00:59:29.052-0800: 205.173: [JNI Weak Reference, 0.0000090 secs], 0.0435410 secs]
   [Parallel Time: 27.1 ms, GC Workers: 4]
      [GC Worker Start (ms): Min: 205137.8, Avg: 205137.8, Max: 205137.8, Diff: 0.1]
      [Ext Root Scanning (ms): Min: 0.3, Avg: 0.4, Max: 0.4, Diff: 0.1, Sum: 1.5]
      [SATB Filtering (ms): Min: 0.0, Avg: 0.0, Max: 0.0, Diff: 0.0, Sum: 0.0]
      [Update RS (ms): Min: 14.6, Avg: 14.9, Max: 15.3, Diff: 0.7, Sum: 59.7]
         [Processed Buffers: Min: 21, Avg: 22.5, Max: 24, Diff: 3, Sum: 90]
      [Scan RS (ms): Min: 0.4, Avg: 0.7, Max: 0.9, Diff: 0.5, Sum: 2.9]
      [Code Root Scanning (ms): Min: 0.0, Avg: 0.1, Max: 0.1, Diff: 0.1, Sum: 0.3]
      [Object Copy (ms): Min: 10.8, Avg: 10.8, Max: 10.8, Diff: 0.1, Sum: 43.2]
      [Termination (ms): Min: 0.0, Avg: 0.0, Max: 0.0, Diff: 0.0, Sum: 0.0]
      [GC Worker Other (ms): Min: 0.0, Avg: 0.1, Max: 0.1, Diff: 0.0, Sum: 0.2]
      [GC Worker Total (ms): Min: 26.9, Avg: 27.0, Max: 27.0, Diff: 0.0, Sum: 107.8]
      [GC Worker End (ms): Min: 205164.7, Avg: 205164.7, Max: 205164.8, Diff: 0.0]
   [Code Root Fixup: 0.0 ms]
   [Code Root Migration: 0.3 ms]
   [Clear CT: 0.5 ms]
   [Other: 15.7 ms]
      [Choose CSet: 0.0 ms]
      [Ref Proc: 8.4 ms]
      [Ref Enq: 5.3 ms]
      [Free CSet: 2.0 ms]
   [Eden: 1701.0M(1701.0M)->0.0B(1696.0M) Survivors: 17.0M->22.0M Heap: 3659.9M(4096.0M)->1963.9M(4096.0M)]
 [Times: user=0.16 sys=0.00, real=0.05 secs] 
2016-01-06T00:59:29.324-0800: 205.445: [GC pause (young)
Desired survivor size 112721920 bytes, new threshold 15 (max 15)
- age   1:   20643544 bytes,   20643544 total
- age   2:      36864 bytes,   20680408 total
2016-01-06T00:59:29.382-0800: 205.503: [SoftReference, 0 refs, 0.0004850 secs]2016-01-06T00:59:29.382-0800: 205.503: [WeakReference, 0 refs, 0.0002520 secs]2016-01-06T00:59:29.382-0800: 205.503: [FinalReference, 0 refs, 0.0002400 secs]2016-01-06T00:59:29.383-0800: 205.504: [PhantomReference, 0 refs, 53087 refs, 0.0016140 secs]2016-01-06T00:59:29.384-0800: 205.505: [JNI Weak Reference, 0.0000090 secs], 0.0680730 secs]
   [Parallel Time: 38.3 ms, GC Workers: 4]
      [GC Worker Start (ms): Min: 205445.2, Avg: 205445.4, Max: 205445.9, Diff: 0.6]
      [Ext Root Scanning (ms): Min: 0.0, Avg: 0.3, Max: 0.5, Diff: 0.5, Sum: 1.3]
      [SATB Filtering (ms): Min: 0.0, Avg: 0.0, Max: 0.0, Diff: 0.0, Sum: 0.0]
      [Update RS (ms): Min: 26.6, Avg: 26.8, Max: 27.0, Diff: 0.4, Sum: 107.1]
         [Processed Buffers: Min: 38, Avg: 39.0, Max: 40, Diff: 2, Sum: 156]
      [Scan RS (ms): Min: 0.6, Avg: 0.8, Max: 1.0, Diff: 0.5, Sum: 3.1]
      [Code Root Scanning (ms): Min: 0.1, Avg: 0.1, Max: 0.1, Diff: 0.0, Sum: 0.3]
      [Object Copy (ms): Min: 10.0, Avg: 10.0, Max: 10.0, Diff: 0.1, Sum: 40.0]
      [Termination (ms): Min: 0.0, Avg: 0.0, Max: 0.0, Diff: 0.0, Sum: 0.0]
      [GC Worker Other (ms): Min: 0.0, Avg: 0.1, Max: 0.1, Diff: 0.1, Sum: 0.2]
      [GC Worker Total (ms): Min: 37.6, Avg: 38.0, Max: 38.2, Diff: 0.6, Sum: 152.0]
      [GC Worker End (ms): Min: 205483.4, Avg: 205483.4, Max: 205483.5, Diff: 0.1]
   [Code Root Fixup: 0.0 ms]
   [Code Root Migration: 0.3 ms]
   [Clear CT: 0.5 ms]
   [Other: 29.1 ms]
      [Choose CSet: 0.0 ms]
      [Ref Proc: 21.7 ms]
      [Ref Enq: 5.3 ms]
      [Free CSet: 2.0 ms]
   [Eden: 1696.0M(1696.0M)->0.0B(1697.0M) Survivors: 22.0M->22.0M Heap: 3659.9M(4096.0M)->1964.4M(4096.0M)]
 [Times: user=0.25 sys=0.00, real=0.07 secs] 
2016-01-06T00:59:29.654-0800: 205.775: [GC pause (young)
Desired survivor size 112721920 bytes, new threshold 15 (max 15)
- age   1:   20632384 bytes,   20632384 total
- age   2:      36864 bytes,   20669248 total
2016-01-06T00:59:29.721-0800: 205.842: [SoftReference, 0 refs, 0.0005360 secs]2016-01-06T00:59:29.722-0800: 205.843: [WeakReference, 0 refs, 0.0002350 secs]2016-01-06T00:59:29.722-0800: 205.843: [FinalReference, 0 refs, 0.0002490 secs]2016-01-06T00:59:29.722-0800: 205.843: [PhantomReference, 0 refs, 53116 refs, 0.0017410 secs]2016-01-06T00:59:29.724-0800: 205.845: [JNI Weak Reference, 0.0000110 secs], 0.0780890 secs]
   [Parallel Time: 36.9 ms, GC Workers: 4]
      [GC Worker Start (ms): Min: 205774.7, Avg: 205776.5, Max: 205781.9, Diff: 7.1]
      [Ext Root Scanning (ms): Min: 0.0, Avg: 0.3, Max: 0.4, Diff: 0.4, Sum: 1.2]
      [SATB Filtering (ms): Min: 0.0, Avg: 0.0, Max: 0.0, Diff: 0.0, Sum: 0.0]
      [Update RS (ms): Min: 18.1, Avg: 23.3, Max: 25.2, Diff: 7.0, Sum: 93.3]
         [Processed Buffers: Min: 27, Avg: 35.2, Max: 41, Diff: 14, Sum: 141]
      [Scan RS (ms): Min: 0.6, Avg: 0.8, Max: 0.9, Diff: 0.3, Sum: 3.1]
      [Code Root Scanning (ms): Min: 0.1, Avg: 0.1, Max: 0.1, Diff: 0.0, Sum: 0.3]
      [Object Copy (ms): Min: 10.5, Avg: 10.5, Max: 10.5, Diff: 0.0, Sum: 41.9]
      [Termination (ms): Min: 0.0, Avg: 0.0, Max: 0.0, Diff: 0.0, Sum: 0.0]
      [GC Worker Other (ms): Min: 0.0, Avg: 0.1, Max: 0.1, Diff: 0.1, Sum: 0.2]
      [GC Worker Total (ms): Min: 29.7, Avg: 35.0, Max: 36.9, Diff: 7.2, Sum: 140.2]
      [GC Worker End (ms): Min: 205811.6, Avg: 205811.6, Max: 205811.6, Diff: 0.1]
   [Code Root Fixup: 0.0 ms]
   [Code Root Migration: 0.3 ms]
   [Clear CT: 0.4 ms]
   [Other: 40.5 ms]
      [Choose CSet: 0.0 ms]
      [Ref Proc: 33.2 ms]
      [Ref Enq: 5.3 ms]
      [Free CSet: 2.0 ms]
   [Eden: 1697.0M(1697.0M)->0.0B(1697.0M) Survivors: 22.0M->22.0M Heap: 3661.4M(4096.0M)->1964.4M(4096.0M)]
 [Times: user=0.28 sys=0.00, real=0.08 secs] 
2016-01-06T00:59:29.990-0800: 206.111: [GC pause (young)
Desired survivor size 112721920 bytes, new threshold 15 (max 15)
- age   1:   20634616 bytes,   20634616 total
- age   2:      36864 bytes,   20671480 total
2016-01-06T00:59:30.074-0800: 206.195: [SoftReference, 0 refs, 0.0004720 secs]2016-01-06T00:59:30.075-0800: 206.196: [WeakReference, 0 refs, 0.0002810 secs]2016-01-06T00:59:30.075-0800: 206.196: [FinalReference, 0 refs, 0.0003520 secs]2016-01-06T00:59:30.075-0800: 206.196: [PhantomReference, 0 refs, 53115 refs, 0.0016780 secs]2016-01-06T00:59:30.077-0800: 206.198: [JNI Weak Reference, 0.0000080 secs], 0.0953500 secs]
   [Parallel Time: 34.5 ms, GC Workers: 4]
      [GC Worker Start (ms): Min: 206110.6, Avg: 206111.5, Max: 206113.9, Diff: 3.3]
      [Ext Root Scanning (ms): Min: 0.0, Avg: 0.3, Max: 0.5, Diff: 0.5, Sum: 1.3]
      [SATB Filtering (ms): Min: 0.0, Avg: 0.0, Max: 0.0, Diff: 0.0, Sum: 0.0]
      [Update RS (ms): Min: 19.0, Avg: 21.4, Max: 22.3, Diff: 3.3, Sum: 85.5]
         [Processed Buffers: Min: 27, Avg: 30.5, Max: 32, Diff: 5, Sum: 122]
      [Scan RS (ms): Min: 0.7, Avg: 0.8, Max: 1.1, Diff: 0.4, Sum: 3.4]
      [Code Root Scanning (ms): Min: 0.1, Avg: 0.1, Max: 0.1, Diff: 0.0, Sum: 0.3]
      [Object Copy (ms): Min: 10.9, Avg: 10.9, Max: 10.9, Diff: 0.0, Sum: 43.5]
      [Termination (ms): Min: 0.0, Avg: 0.0, Max: 0.0, Diff: 0.0, Sum: 0.0]
      [GC Worker Other (ms): Min: 0.0, Avg: 0.1, Max: 0.1, Diff: 0.0, Sum: 0.3]
      [GC Worker Total (ms): Min: 31.1, Avg: 33.6, Max: 34.4, Diff: 3.2, Sum: 134.3]
      [GC Worker End (ms): Min: 206145.0, Avg: 206145.0, Max: 206145.0, Diff: 0.1]
   [Code Root Fixup: 0.0 ms]
   [Code Root Migration: 0.3 ms]
   [Clear CT: 0.4 ms]
   [Other: 60.2 ms]
      [Choose CSet: 0.0 ms]
      [Ref Proc: 52.8 ms]
      [Ref Enq: 5.3 ms]
      [Free CSet: 2.0 ms]
   [Eden: 1697.0M(1697.0M)->0.0B(1697.0M) Survivors: 22.0M->22.0M Heap: 3661.4M(4096.0M)->1964.4M(4096.0M)]
 [Times: user=0.36 sys=0.00, real=0.10 secs] 
2016-01-06T00:59:30.347-0800: 206.468: [GC pause (young)
Desired survivor size 112721920 bytes, new threshold 15 (max 15)
- age   1:   20634616 bytes,   20634616 total
- age   2:      36864 bytes,   20671480 total
2016-01-06T00:59:30.448-0800: 206.569: [SoftReference, 0 refs, 0.0004830 secs]2016-01-06T00:59:30.449-0800: 206.570: [WeakReference, 0 refs, 0.0002630 secs]2016-01-06T00:59:30.449-0800: 206.570: [FinalReference, 0 refs, 0.0002450 secs]2016-01-06T00:59:30.449-0800: 206.570: [PhantomReference, 0 refs, 53117 refs, 0.0017710 secs]2016-01-06T00:59:30.451-0800: 206.572: [JNI Weak Reference, 0.0000100 secs], 0.1117920 secs]
   [Parallel Time: 33.6 ms, GC Workers: 4]
      [GC Worker Start (ms): Min: 206468.2, Avg: 206468.6, Max: 206469.9, Diff: 1.8]
      [Ext Root Scanning (ms): Min: 0.0, Avg: 0.3, Max: 0.5, Diff: 0.5, Sum: 1.3]
      [SATB Filtering (ms): Min: 0.0, Avg: 0.0, Max: 0.0, Diff: 0.0, Sum: 0.0]
      [Update RS (ms): Min: 19.8, Avg: 20.9, Max: 21.6, Diff: 1.8, Sum: 83.6]
         [Processed Buffers: Min: 29, Avg: 30.8, Max: 33, Diff: 4, Sum: 123]
      [Scan RS (ms): Min: 0.5, Avg: 0.8, Max: 0.9, Diff: 0.4, Sum: 3.3]
      [Code Root Scanning (ms): Min: 0.1, Avg: 0.1, Max: 0.1, Diff: 0.1, Sum: 0.4]
      [Object Copy (ms): Min: 10.8, Avg: 10.8, Max: 10.9, Diff: 0.0, Sum: 43.3]
      [Termination (ms): Min: 0.0, Avg: 0.0, Max: 0.0, Diff: 0.0, Sum: 0.0]
      [GC Worker Other (ms): Min: 0.0, Avg: 0.1, Max: 0.1, Diff: 0.1, Sum: 0.3]
      [GC Worker Total (ms): Min: 31.8, Avg: 33.1, Max: 33.5, Diff: 1.7, Sum: 132.2]
      [GC Worker End (ms): Min: 206501.6, Avg: 206501.7, Max: 206501.7, Diff: 0.1]
   [Code Root Fixup: 0.0 ms]
   [Code Root Migration: 0.3 ms]
   [Clear CT: 0.4 ms]
   [Other: 77.5 ms]
      [Choose CSet: 0.0 ms]
      [Ref Proc: 70.2 ms]
      [Ref Enq: 5.1 ms]
      [Free CSet: 2.2 ms]
   [Eden: 1697.0M(1697.0M)->0.0B(1697.0M) Survivors: 22.0M->22.0M Heap: 3661.4M(4096.0M)->1964.4M(4096.0M)]
 [Times: user=0.42 sys=0.00, real=0.11 secs] 
2016-01-06T00:59:30.710-0800: 206.831: [GC pause (young)
Desired survivor size 112721920 bytes, new threshold 15 (max 15)
- age   1:   20634616 bytes,   20634616 total
- age   2:      36864 bytes,   20671480 total
2016-01-06T00:59:30.819-0800: 206.940: [SoftReference, 0 refs, 0.0009430 secs]2016-01-06T00:59:30.820-0800: 206.941: [WeakReference, 0 refs, 0.0002820 secs]2016-01-06T00:59:30.820-0800: 206.941: [FinalReference, 0 refs, 0.0002680 secs]2016-01-06T00:59:30.821-0800: 206.941: [PhantomReference, 0 refs, 53117 refs, 0.0016510 secs]2016-01-06T00:59:30.822-0800: 206.943: [JNI Weak Reference, 0.0000090 secs], 0.1195690 secs]
   [Parallel Time: 24.6 ms, GC Workers: 4]
      [GC Worker Start (ms): Min: 206831.1, Avg: 206831.2, Max: 206831.2, Diff: 0.1]
      [Ext Root Scanning (ms): Min: 0.3, Avg: 0.4, Max: 0.4, Diff: 0.1, Sum: 1.4]
      [SATB Filtering (ms): Min: 0.0, Avg: 0.0, Max: 0.0, Diff: 0.0, Sum: 0.0]
      [Update RS (ms): Min: 12.2, Avg: 12.3, Max: 12.4, Diff: 0.1, Sum: 49.1]
         [Processed Buffers: Min: 17, Avg: 17.5, Max: 19, Diff: 2, Sum: 70]
      [Scan RS (ms): Min: 0.7, Avg: 0.8, Max: 0.8, Diff: 0.1, Sum: 3.1]
      [Code Root Scanning (ms): Min: 0.1, Avg: 0.1, Max: 0.1, Diff: 0.0, Sum: 0.4]
      [Object Copy (ms): Min: 10.8, Avg: 10.9, Max: 10.9, Diff: 0.1, Sum: 43.5]
      [Termination (ms): Min: 0.0, Avg: 0.0, Max: 0.0, Diff: 0.0, Sum: 0.0]
      [GC Worker Other (ms): Min: 0.0, Avg: 0.1, Max: 0.1, Diff: 0.1, Sum: 0.3]
      [GC Worker Total (ms): Min: 24.4, Avg: 24.5, Max: 24.5, Diff: 0.1, Sum: 97.8]
      [GC Worker End (ms): Min: 206855.6, Avg: 206855.6, Max: 206855.7, Diff: 0.1]
   [Code Root Fixup: 0.0 ms]
   [Code Root Migration: 0.3 ms]
   [Clear CT: 0.4 ms]
   [Other: 94.3 ms]
      [Choose CSet: 0.0 ms]
      [Ref Proc: 87.4 ms]
      [Ref Enq: 4.8 ms]
      [Free CSet: 2.0 ms]
   [Eden: 1697.0M(1697.0M)->0.0B(1697.0M) Survivors: 22.0M->22.0M Heap: 3661.4M(4096.0M)->1964.4M(4096.0M)]
 [Times: user=0.44 sys=0.01, real=0.12 secs] 
2016-01-06T00:59:31.076-0800: 207.197: [GC pause (young)
Desired survivor size 112721920 bytes, new threshold 15 (max 15)
- age   1:   20634616 bytes,   20634616 total
- age   2:      36864 bytes,   20671480 total
2016-01-06T00:59:31.205-0800: 207.326: [SoftReference, 0 refs, 0.0005170 secs]2016-01-06T00:59:31.221-0800: 207.342: [WeakReference, 0 refs, 0.0002320 secs]2016-01-06T00:59:31.221-0800: 207.342: [FinalReference, 0 refs, 0.0003490 secs]2016-01-06T00:59:31.222-0800: 207.343: [PhantomReference, 0 refs, 53117 refs, 0.0017920 secs]2016-01-06T00:59:31.224-0800: 207.345: [JNI Weak Reference, 0.0000130 secs], 0.1556350 secs]
   [Parallel Time: 28.2 ms, GC Workers: 4]
      [GC Worker Start (ms): Min: 207197.2, Avg: 207197.2, Max: 207197.3, Diff: 0.1]
      [Ext Root Scanning (ms): Min: 0.3, Avg: 0.4, Max: 0.4, Diff: 0.1, Sum: 1.4]
      [SATB Filtering (ms): Min: 0.0, Avg: 0.0, Max: 0.0, Diff: 0.0, Sum: 0.0]
      [Update RS (ms): Min: 16.3, Avg: 16.6, Max: 16.8, Diff: 0.5, Sum: 66.4]
         [Processed Buffers: Min: 23, Avg: 23.8, Max: 25, Diff: 2, Sum: 95]
      [Scan RS (ms): Min: 0.6, Avg: 0.8, Max: 1.1, Diff: 0.4, Sum: 3.1]
      [Code Root Scanning (ms): Min: 0.1, Avg: 0.1, Max: 0.1, Diff: 0.0, Sum: 0.3]
      [Object Copy (ms): Min: 10.2, Avg: 10.2, Max: 10.2, Diff: 0.1, Sum: 40.8]
      [Termination (ms): Min: 0.0, Avg: 0.0, Max: 0.0, Diff: 0.0, Sum: 0.0]
      [GC Worker Other (ms): Min: 0.0, Avg: 0.1, Max: 0.1, Diff: 0.1, Sum: 0.2]
      [GC Worker Total (ms): Min: 28.1, Avg: 28.1, Max: 28.2, Diff: 0.1, Sum: 112.4]
      [GC Worker End (ms): Min: 207225.3, Avg: 207225.3, Max: 207225.4, Diff: 0.1]
   [Code Root Fixup: 0.0 ms]
   [Code Root Migration: 0.2 ms]
   [Clear CT: 0.6 ms]
   [Other: 126.6 ms]
      [Choose CSet: 0.0 ms]
      [Ref Proc: 119.2 ms]
      [Ref Enq: 5.4 ms]
      [Free CSet: 2.0 ms]
   [Eden: 1697.0M(1697.0M)->0.0B(1713.0M) Survivors: 22.0M->8192.0K Heap: 3661.4M(4096.0M)->1949.9M(4096.0M)]
 [Times: user=0.54 sys=0.00, real=0.16 secs] 
2016-01-06T00:59:31.496-0800: 207.617: [GC pause (young)
Desired survivor size 113246208 bytes, new threshold 15 (max 15)
- age   1:    6090040 bytes,    6090040 total
- age   2:      36864 bytes,    6126904 total
2016-01-06T00:59:31.668-0800: 207.789: [SoftReference, 0 refs, 0.0004530 secs]2016-01-06T00:59:31.668-0800: 207.789: [WeakReference, 0 refs, 0.0002400 secs]2016-01-06T00:59:31.669-0800: 207.790: [FinalReference, 0 refs, 0.0002570 secs]2016-01-06T00:59:31.669-0800: 207.790: [PhantomReference, 0 refs, 53611 refs, 0.0020200 secs]2016-01-06T00:59:31.671-0800: 207.792: [JNI Weak Reference, 0.0000100 secs], 0.1826420 secs]
   [Parallel Time: 27.3 ms, GC Workers: 4]
      [GC Worker Start (ms): Min: 207617.1, Avg: 207617.1, Max: 207617.1, Diff: 0.1]
      [Ext Root Scanning (ms): Min: 0.3, Avg: 0.4, Max: 0.4, Diff: 0.1, Sum: 1.4]
      [SATB Filtering (ms): Min: 0.0, Avg: 0.0, Max: 0.0, Diff: 0.0, Sum: 0.0]
      [Update RS (ms): Min: 14.8, Avg: 15.0, Max: 15.2, Diff: 0.4, Sum: 59.9]
         [Processed Buffers: Min: 21, Avg: 21.5, Max: 22, Diff: 1, Sum: 86]
      [Scan RS (ms): Min: 0.7, Avg: 0.8, Max: 1.0, Diff: 0.3, Sum: 3.2]
      [Code Root Scanning (ms): Min: 0.0, Avg: 0.1, Max: 0.1, Diff: 0.1, Sum: 0.4]
      [Object Copy (ms): Min: 10.9, Avg: 10.9, Max: 10.9, Diff: 0.0, Sum: 43.6]
      [Termination (ms): Min: 0.0, Avg: 0.0, Max: 0.0, Diff: 0.0, Sum: 0.0]
      [GC Worker Other (ms): Min: 0.0, Avg: 0.1, Max: 0.1, Diff: 0.1, Sum: 0.3]
      [GC Worker Total (ms): Min: 27.2, Avg: 27.2, Max: 27.3, Diff: 0.1, Sum: 108.8]
      [GC Worker End (ms): Min: 207644.3, Avg: 207644.3, Max: 207644.3, Diff: 0.1]
   [Code Root Fixup: 0.0 ms]
   [Code Root Migration: 0.3 ms]
   [Clear CT: 0.5 ms]
   [Other: 154.6 ms]
      [Choose CSet: 0.0 ms]
      [Ref Proc: 147.5 ms]
      [Ref Enq: 5.0 ms]
      [Free CSet: 2.1 ms]
   [Eden: 1713.0M(1713.0M)->0.0B(1698.0M) Survivors: 8192.0K->22.0M Heap: 3662.9M(4096.0M)->1964.4M(4096.0M)]
 [Times: user=0.62 sys=0.00, real=0.19 secs] 
2016-01-06T00:59:31.937-0800: 208.058: [GC pause (young)
Desired survivor size 112721920 bytes, new threshold 15 (max 15)
- age   1:   20670328 bytes,   20670328 total
- age   2:      36864 bytes,   20707192 total
2016-01-06T00:59:32.102-0800: 208.223: [SoftReference, 0 refs, 0.0005490 secs]2016-01-06T00:59:32.103-0800: 208.224: [WeakReference, 0 refs, 0.0002360 secs]2016-01-06T00:59:32.103-0800: 208.224: [FinalReference, 0 refs, 0.0003680 secs]2016-01-06T00:59:32.103-0800: 208.224: [PhantomReference, 0 refs, 53145 refs, 0.0017030 secs]2016-01-06T00:59:32.105-0800: 208.226: [JNI Weak Reference, 0.0000110 secs], 0.1755940 secs]
   [Parallel Time: 34.8 ms, GC Workers: 4]
      [GC Worker Start (ms): Min: 208058.4, Avg: 208058.5, Max: 208058.5, Diff: 0.1]
      [Ext Root Scanning (ms): Min: 0.3, Avg: 0.4, Max: 0.4, Diff: 0.1, Sum: 1.4]
      [SATB Filtering (ms): Min: 0.0, Avg: 0.0, Max: 0.0, Diff: 0.0, Sum: 0.0]
      [Update RS (ms): Min: 22.5, Avg: 22.7, Max: 22.9, Diff: 0.4, Sum: 90.9]
         [Processed Buffers: Min: 32, Avg: 33.2, Max: 35, Diff: 3, Sum: 133]
      [Scan RS (ms): Min: 0.7, Avg: 0.8, Max: 1.0, Diff: 0.3, Sum: 3.2]
      [Code Root Scanning (ms): Min: 0.1, Avg: 0.1, Max: 0.1, Diff: 0.0, Sum: 0.3]
      [Object Copy (ms): Min: 10.7, Avg: 10.7, Max: 10.7, Diff: 0.0, Sum: 42.7]
      [Termination (ms): Min: 0.0, Avg: 0.0, Max: 0.0, Diff: 0.0, Sum: 0.0]
      [GC Worker Other (ms): Min: 0.0, Avg: 0.1, Max: 0.1, Diff: 0.1, Sum: 0.3]
      [GC Worker Total (ms): Min: 34.7, Avg: 34.7, Max: 34.8, Diff: 0.1, Sum: 138.9]
      [GC Worker End (ms): Min: 208093.2, Avg: 208093.2, Max: 208093.2, Diff: 0.1]
   [Code Root Fixup: 0.0 ms]
   [Code Root Migration: 0.3 ms]
   [Clear CT: 0.4 ms]
   [Other: 140.1 ms]
      [Choose CSet: 0.0 ms]
      [Ref Proc: 132.7 ms]
      [Ref Enq: 5.3 ms]
      [Free CSet: 2.0 ms]
   [Eden: 1698.0M(1698.0M)->0.0B(1698.0M) Survivors: 22.0M->22.0M Heap: 3662.4M(4096.0M)->1964.4M(4096.0M)]
 [Times: user=0.68 sys=0.01, real=0.17 secs] 
2016-01-06T00:59:32.372-0800: 208.493: [GC pause (young)
Desired survivor size 112721920 bytes, new threshold 15 (max 15)
- age   1:   20636848 bytes,   20636848 total
- age   2:      36864 bytes,   20673712 total
2016-01-06T00:59:32.550-0800: 208.671: [SoftReference, 0 refs, 0.0005360 secs]2016-01-06T00:59:32.551-0800: 208.672: [WeakReference, 0 refs, 0.0002540 secs]2016-01-06T00:59:32.551-0800: 208.672: [FinalReference, 0 refs, 0.0003580 secs]2016-01-06T00:59:32.552-0800: 208.673: [PhantomReference, 0 refs, 53148 refs, 0.0016110 secs]2016-01-06T00:59:32.553-0800: 208.674: [JNI Weak Reference, 0.0000110 secs], 0.1897070 secs]
   [Parallel Time: 31.9 ms, GC Workers: 4]
      [GC Worker Start (ms): Min: 208492.6, Avg: 208492.9, Max: 208493.9, Diff: 1.3]
      [Ext Root Scanning (ms): Min: 0.0, Avg: 0.3, Max: 0.5, Diff: 0.5, Sum: 1.3]
      [SATB Filtering (ms): Min: 0.0, Avg: 0.0, Max: 0.0, Diff: 0.0, Sum: 0.0]
      [Update RS (ms): Min: 18.8, Avg: 19.5, Max: 20.0, Diff: 1.2, Sum: 78.0]
         [Processed Buffers: Min: 28, Avg: 28.8, Max: 30, Diff: 2, Sum: 115]
      [Scan RS (ms): Min: 0.6, Avg: 0.8, Max: 0.9, Diff: 0.3, Sum: 3.1]
      [Code Root Scanning (ms): Min: 0.1, Avg: 0.1, Max: 0.1, Diff: 0.1, Sum: 0.3]
      [Object Copy (ms): Min: 10.7, Avg: 10.8, Max: 10.8, Diff: 0.0, Sum: 43.0]
      [Termination (ms): Min: 0.0, Avg: 0.0, Max: 0.0, Diff: 0.0, Sum: 0.0]
      [GC Worker Other (ms): Min: 0.0, Avg: 0.1, Max: 0.1, Diff: 0.1, Sum: 0.2]
      [GC Worker Total (ms): Min: 30.5, Avg: 31.5, Max: 31.9, Diff: 1.4, Sum: 125.9]
      [GC Worker End (ms): Min: 208524.4, Avg: 208524.4, Max: 208524.4, Diff: 0.1]
   [Code Root Fixup: 0.0 ms]
   [Code Root Migration: 0.3 ms]
   [Clear CT: 0.4 ms]
   [Other: 157.1 ms]
      [Choose CSet: 0.0 ms]
      [Ref Proc: 149.7 ms]
      [Ref Enq: 5.3 ms]
      [Free CSet: 2.1 ms]
   [Eden: 1698.0M(1698.0M)->0.0B(1698.0M) Survivors: 22.0M->22.0M Heap: 3662.4M(4096.0M)->1964.4M(4096.0M)]
 [Times: user=0.74 sys=0.00, real=0.19 secs] 
2016-01-06T00:59:32.808-0800: 208.929: [GC pause (young)
Desired survivor size 112721920 bytes, new threshold 15 (max 15)
- age   1:   20636848 bytes,   20636848 total
- age   2:      36864 bytes,   20673712 total
2016-01-06T00:59:32.989-0800: 209.110: [SoftReference, 0 refs, 0.0004140 secs]2016-01-06T00:59:32.989-0800: 209.110: [WeakReference, 0 refs, 0.0002200 secs]2016-01-06T00:59:32.990-0800: 209.110: [FinalReference, 0 refs, 0.0002360 secs]2016-01-06T00:59:32.990-0800: 209.111: [PhantomReference, 0 refs, 53148 refs, 0.0014000 secs]2016-01-06T00:59:32.991-0800: 209.112: [JNI Weak Reference, 0.0000090 secs], 0.1916780 secs]
   [Parallel Time: 27.6 ms, GC Workers: 4]
      [GC Worker Start (ms): Min: 208928.7, Avg: 208928.8, Max: 208928.8, Diff: 0.1]
      [Ext Root Scanning (ms): Min: 0.3, Avg: 0.3, Max: 0.4, Diff: 0.1, Sum: 1.4]
      [SATB Filtering (ms): Min: 0.0, Avg: 0.0, Max: 0.0, Diff: 0.0, Sum: 0.0]
      [Update RS (ms): Min: 15.7, Avg: 15.9, Max: 16.1, Diff: 0.4, Sum: 63.8]
         [Processed Buffers: Min: 23, Avg: 23.8, Max: 25, Diff: 2, Sum: 95]
      [Scan RS (ms): Min: 0.6, Avg: 0.7, Max: 0.9, Diff: 0.2, Sum: 3.0]
      [Code Root Scanning (ms): Min: 0.1, Avg: 0.1, Max: 0.1, Diff: 0.0, Sum: 0.3]
      [Object Copy (ms): Min: 10.3, Avg: 10.3, Max: 10.3, Diff: 0.0, Sum: 41.2]
      [Termination (ms): Min: 0.0, Avg: 0.0, Max: 0.0, Diff: 0.0, Sum: 0.0]
      [GC Worker Other (ms): Min: 0.0, Avg: 0.1, Max: 0.1, Diff: 0.0, Sum: 0.2]
      [GC Worker Total (ms): Min: 27.4, Avg: 27.5, Max: 27.5, Diff: 0.1, Sum: 110.0]
      [GC Worker End (ms): Min: 208956.2, Avg: 208956.2, Max: 208956.3, Diff: 0.0]
   [Code Root Fixup: 0.0 ms]
   [Code Root Migration: 0.3 ms]
   [Clear CT: 0.5 ms]
   [Other: 163.3 ms]
      [Choose CSet: 0.0 ms]
      [Ref Proc: 155.8 ms]
      [Ref Enq: 5.4 ms]
      [Free CSet: 2.0 ms]
   [Eden: 1698.0M(1698.0M)->0.0B(1698.0M) Survivors: 22.0M->22.0M Heap: 3662.4M(4096.0M)->1964.4M(4096.0M)]
 [Times: user=0.74 sys=0.00, real=0.19 secs] 
2016-01-06T00:59:33.241-0800: 209.362: [GC pause (young)
Desired survivor size 112721920 bytes, new threshold 15 (max 15)
- age   1:   20636848 bytes,   20636848 total
- age   2:      36864 bytes,   20673712 total
2016-01-06T00:59:33.410-0800: 209.531: [SoftReference, 0 refs, 0.0004870 secs]2016-01-06T00:59:33.410-0800: 209.531: [WeakReference, 0 refs, 0.0002430 secs]2016-01-06T00:59:33.410-0800: 209.531: [FinalReference, 0 refs, 0.0002590 secs]2016-01-06T00:59:33.411-0800: 209.532: [PhantomReference, 0 refs, 53147 refs, 0.0019420 secs]2016-01-06T00:59:33.413-0800: 209.533: [JNI Weak Reference, 0.0000120 secs], 0.1793700 secs]
   [Parallel Time: 12.6 ms, GC Workers: 4]
      [GC Worker Start (ms): Min: 209362.2, Avg: 209362.2, Max: 209362.3, Diff: 0.1]
      [Ext Root Scanning (ms): Min: 0.3, Avg: 0.3, Max: 0.4, Diff: 0.1, Sum: 1.4]
      [SATB Filtering (ms): Min: 0.0, Avg: 0.0, Max: 0.0, Diff: 0.0, Sum: 0.0]
      [Update RS (ms): Min: 0.0, Avg: 0.1, Max: 0.3, Diff: 0.3, Sum: 0.3]
         [Processed Buffers: Min: 0, Avg: 1.2, Max: 2, Diff: 2, Sum: 5]
      [Scan RS (ms): Min: 0.6, Avg: 0.8, Max: 0.9, Diff: 0.3, Sum: 3.0]
      [Code Root Scanning (ms): Min: 0.1, Avg: 0.1, Max: 0.1, Diff: 0.0, Sum: 0.3]
      [Object Copy (ms): Min: 11.1, Avg: 11.1, Max: 11.1, Diff: 0.1, Sum: 44.4]
      [Termination (ms): Min: 0.0, Avg: 0.0, Max: 0.0, Diff: 0.0, Sum: 0.0]
      [GC Worker Other (ms): Min: 0.0, Avg: 0.1, Max: 0.1, Diff: 0.1, Sum: 0.2]
      [GC Worker Total (ms): Min: 12.4, Avg: 12.5, Max: 12.5, Diff: 0.1, Sum: 49.8]
      [GC Worker End (ms): Min: 209374.6, Avg: 209374.7, Max: 209374.7, Diff: 0.1]
   [Code Root Fixup: 0.0 ms]
   [Code Root Migration: 0.3 ms]
   [Clear CT: 0.4 ms]
   [Other: 166.1 ms]
      [Choose CSet: 0.0 ms]
      [Ref Proc: 158.7 ms]
      [Ref Enq: 5.3 ms]
      [Free CSet: 2.0 ms]
   [Eden: 1698.0M(1698.0M)->0.0B(1698.0M) Survivors: 22.0M->22.0M Heap: 3662.4M(4096.0M)->1964.4M(4096.0M)]
 [Times: user=0.68 sys=0.00, real=0.18 secs] 
2016-01-06T00:59:33.674-0800: 209.795: [GC pause (young)
Desired survivor size 112721920 bytes, new threshold 15 (max 15)
- age   1:   20636848 bytes,   20636848 total
- age   2:      36864 bytes,   20673712 total
2016-01-06T00:59:33.870-0800: 209.991: [SoftReference, 0 refs, 0.0005500 secs]2016-01-06T00:59:33.871-0800: 209.991: [WeakReference, 0 refs, 0.0002540 secs]2016-01-06T00:59:33.871-0800: 209.992: [FinalReference, 0 refs, 0.0003590 secs]2016-01-06T00:59:33.871-0800: 209.992: [PhantomReference, 0 refs, 53148 refs, 0.0021000 secs]2016-01-06T00:59:33.873-0800: 209.994: [JNI Weak Reference, 0.0000100 secs], 0.2070170 secs]
   [Parallel Time: 29.9 ms, GC Workers: 4]
      [GC Worker Start (ms): Min: 209795.4, Avg: 209795.4, Max: 209795.5, Diff: 0.0]
      [Ext Root Scanning (ms): Min: 0.4, Avg: 0.9, Max: 2.5, Diff: 2.2, Sum: 3.8]
      [SATB Filtering (ms): Min: 0.0, Avg: 0.0, Max: 0.0, Diff: 0.0, Sum: 0.0]
      [Update RS (ms): Min: 13.8, Avg: 15.5, Max: 16.3, Diff: 2.4, Sum: 62.0]
         [Processed Buffers: Min: 20, Avg: 23.5, Max: 27, Diff: 7, Sum: 94]
      [Scan RS (ms): Min: 0.8, Avg: 2.1, Max: 6.0, Diff: 5.2, Sum: 8.6]
      [Code Root Scanning (ms): Min: 0.0, Avg: 0.1, Max: 0.1, Diff: 0.1, Sum: 0.4]
      [Object Copy (ms): Min: 6.9, Avg: 11.0, Max: 12.3, Diff: 5.4, Sum: 43.8]
      [Termination (ms): Min: 0.0, Avg: 0.1, Max: 0.1, Diff: 0.1, Sum: 0.4]
      [GC Worker Other (ms): Min: 0.0, Avg: 0.0, Max: 0.1, Diff: 0.0, Sum: 0.2]
      [GC Worker Total (ms): Min: 29.7, Avg: 29.8, Max: 29.8, Diff: 0.1, Sum: 119.0]
      [GC Worker End (ms): Min: 209825.2, Avg: 209825.2, Max: 209825.2, Diff: 0.0]
   [Code Root Fixup: 0.0 ms]
   [Code Root Migration: 0.3 ms]
   [Clear CT: 0.5 ms]
   [Other: 176.4 ms]
      [Choose CSet: 0.0 ms]
      [Ref Proc: 168.9 ms]
      [Ref Enq: 5.3 ms]
      [Free CSet: 2.1 ms]
   [Eden: 1698.0M(1698.0M)->0.0B(1660.0M) Survivors: 22.0M->22.0M Heap: 3662.4M(4096.0M)->1964.4M(4096.0M)]
 [Times: user=0.75 sys=0.01, real=0.21 secs] 
2016-01-06T00:59:34.116-0800: 210.237: [GC pause (young)
Desired survivor size 110624768 bytes, new threshold 15 (max 15)
- age   1:   20636848 bytes,   20636848 total
- age   2:      36864 bytes,   20673712 total
2016-01-06T00:59:34.319-0800: 210.440: [SoftReference, 0 refs, 0.0006490 secs]2016-01-06T00:59:34.320-0800: 210.441: [WeakReference, 0 refs, 0.0002310 secs]2016-01-06T00:59:34.320-0800: 210.441: [FinalReference, 0 refs, 0.0002770 secs]2016-01-06T00:59:34.321-0800: 210.441: [PhantomReference, 0 refs, 51970 refs, 0.0013280 secs]2016-01-06T00:59:34.322-0800: 210.443: [JNI Weak Reference, 0.0000110 secs], 0.2154630 secs]
   [Parallel Time: 36.1 ms, GC Workers: 4]
      [GC Worker Start (ms): Min: 210236.6, Avg: 210236.6, Max: 210236.7, Diff: 0.1]
      [Ext Root Scanning (ms): Min: 0.3, Avg: 0.4, Max: 0.4, Diff: 0.1, Sum: 1.4]
      [SATB Filtering (ms): Min: 0.0, Avg: 0.0, Max: 0.0, Diff: 0.0, Sum: 0.0]
      [Update RS (ms): Min: 24.7, Avg: 25.0, Max: 25.2, Diff: 0.4, Sum: 99.9]
         [Processed Buffers: Min: 35, Avg: 36.2, Max: 39, Diff: 4, Sum: 145]
      [Scan RS (ms): Min: 0.5, Avg: 0.7, Max: 0.9, Diff: 0.4, Sum: 2.9]
      [Code Root Scanning (ms): Min: 0.1, Avg: 0.1, Max: 0.1, Diff: 0.0, Sum: 0.3]
      [Object Copy (ms): Min: 9.8, Avg: 9.8, Max: 9.8, Diff: 0.1, Sum: 39.2]
      [Termination (ms): Min: 0.0, Avg: 0.0, Max: 0.0, Diff: 0.0, Sum: 0.0]
      [GC Worker Other (ms): Min: 0.0, Avg: 0.1, Max: 0.1, Diff: 0.1, Sum: 0.2]
      [GC Worker Total (ms): Min: 36.0, Avg: 36.0, Max: 36.0, Diff: 0.1, Sum: 144.0]
      [GC Worker End (ms): Min: 210272.6, Avg: 210272.6, Max: 210272.7, Diff: 0.1]
   [Code Root Fixup: 0.0 ms]
   [Code Root Migration: 0.3 ms]
   [Clear CT: 0.5 ms]
   [Other: 178.6 ms]
      [Choose CSet: 0.0 ms]
      [Ref Proc: 170.1 ms]
      [Ref Enq: 6.4 ms]
      [Free CSet: 2.0 ms]
   [Eden: 1660.0M(1660.0M)->0.0B(182.0M) Survivors: 22.0M->22.0M Heap: 3624.4M(4096.0M)->1963.9M(4096.0M)]
 [Times: user=0.83 sys=0.00, real=0.22 secs] 
2016-01-06T00:59:34.360-0800: 210.481: [GC pause (young)
Desired survivor size 13631488 bytes, new threshold 1 (max 15)
- age   1:   20552032 bytes,   20552032 total
- age   2:      36864 bytes,   20588896 total
2016-01-06T00:59:34.540-0800: 210.660: [SoftReference, 0 refs, 0.0005200 secs]2016-01-06T00:59:34.540-0800: 210.661: [WeakReference, 0 refs, 0.0002360 secs]2016-01-06T00:59:34.540-0800: 210.661: [FinalReference, 0 refs, 0.0003680 secs]2016-01-06T00:59:34.541-0800: 210.662: [PhantomReference, 0 refs, 6153 refs, 0.0005980 secs]2016-01-06T00:59:34.541-0800: 210.662: [JNI Weak Reference, 0.0000130 secs], 0.1825640 secs]
   [Parallel Time: 9.5 ms, GC Workers: 4]
      [GC Worker Start (ms): Min: 210480.8, Avg: 210482.6, Max: 210484.5, Diff: 3.7]
      [Ext Root Scanning (ms): Min: 0.0, Avg: 2.6, Max: 9.4, Diff: 9.4, Sum: 10.4]
      [SATB Filtering (ms): Min: 0.0, Avg: 0.0, Max: 0.0, Diff: 0.0, Sum: 0.0]
      [Update RS (ms): Min: 0.0, Avg: 0.3, Max: 1.1, Diff: 1.1, Sum: 1.1]
         [Processed Buffers: Min: 0, Avg: 1.2, Max: 5, Diff: 5, Sum: 5]
      [Scan RS (ms): Min: 0.0, Avg: 0.1, Max: 0.3, Diff: 0.2, Sum: 0.3]
      [Code Root Scanning (ms): Min: 0.0, Avg: 0.0, Max: 0.0, Diff: 0.0, Sum: 0.0]
      [Object Copy (ms): Min: 0.0, Avg: 1.7, Max: 3.1, Diff: 3.0, Sum: 6.7]
      [Termination (ms): Min: 0.0, Avg: 3.0, Max: 4.0, Diff: 4.0, Sum: 12.0]
      [GC Worker Other (ms): Min: 0.0, Avg: 0.0, Max: 0.0, Diff: 0.0, Sum: 0.0]
      [GC Worker Total (ms): Min: 5.8, Avg: 7.7, Max: 9.5, Diff: 3.7, Sum: 30.6]
      [GC Worker End (ms): Min: 210490.3, Avg: 210490.3, Max: 210490.3, Diff: 0.0]
   [Code Root Fixup: 0.0 ms]
   [Code Root Migration: 0.0 ms]
   [Clear CT: 0.1 ms]
   [Other: 172.9 ms]
      [Choose CSet: 0.0 ms]
      [Ref Proc: 171.9 ms]
      [Ref Enq: 0.6 ms]
      [Free CSet: 0.3 ms]
   [Eden: 182.0M(182.0M)->0.0B(186.0M) Survivors: 22.0M->18.0M Heap: 2145.9M(4096.0M)->1960.5M(4096.0M)]
 [Times: user=0.67 sys=0.01, real=0.18 secs] 
2016-01-06T00:59:34.569-0800: 210.690: [GC pause (young)
Desired survivor size 13631488 bytes, new threshold 1 (max 15)
- age   1:   17253136 bytes,   17253136 total
2016-01-06T00:59:34.764-0800: 210.885: [SoftReference, 0 refs, 0.0004690 secs]2016-01-06T00:59:34.765-0800: 210.886: [WeakReference, 0 refs, 0.0002290 secs]2016-01-06T00:59:34.765-0800: 210.886: [FinalReference, 0 refs, 0.0002900 secs]2016-01-06T00:59:34.765-0800: 210.886: [PhantomReference, 0 refs, 6274 refs, 0.0006860 secs]2016-01-06T00:59:34.766-0800: 210.887: [JNI Weak Reference, 0.0000080 secs], 0.1978620 secs]
   [Parallel Time: 8.1 ms, GC Workers: 4]
      [GC Worker Start (ms): Min: 210690.0, Avg: 210691.0, Max: 210693.9, Diff: 3.9]
      [Ext Root Scanning (ms): Min: 0.0, Avg: 0.3, Max: 0.4, Diff: 0.4, Sum: 1.3]
      [SATB Filtering (ms): Min: 0.0, Avg: 0.0, Max: 0.0, Diff: 0.0, Sum: 0.0]
      [Update RS (ms): Min: 2.2, Avg: 4.8, Max: 5.7, Diff: 3.5, Sum: 19.0]
         [Processed Buffers: Min: 3, Avg: 8.5, Max: 11, Diff: 8, Sum: 34]
      [Scan RS (ms): Min: 0.0, Avg: 0.1, Max: 0.1, Diff: 0.1, Sum: 0.3]
      [Code Root Scanning (ms): Min: 0.0, Avg: 0.0, Max: 0.0, Diff: 0.0, Sum: 0.0]
      [Object Copy (ms): Min: 1.9, Avg: 1.9, Max: 1.9, Diff: 0.0, Sum: 7.5]
      [Termination (ms): Min: 0.0, Avg: 0.0, Max: 0.0, Diff: 0.0, Sum: 0.0]
      [GC Worker Other (ms): Min: 0.0, Avg: 0.0, Max: 0.0, Diff: 0.0, Sum: 0.0]
      [GC Worker Total (ms): Min: 4.2, Avg: 7.1, Max: 8.1, Diff: 3.9, Sum: 28.3]
      [GC Worker End (ms): Min: 210698.1, Avg: 210698.1, Max: 210698.1, Diff: 0.0]
   [Code Root Fixup: 0.0 ms]
   [Code Root Migration: 0.0 ms]
   [Clear CT: 0.1 ms]
   [Other: 189.6 ms]
      [Choose CSet: 0.0 ms]
      [Ref Proc: 188.6 ms]
      [Ref Enq: 0.5 ms]
      [Free CSet: 0.3 ms]
   [Eden: 186.0M(186.0M)->0.0B(191.0M) Survivors: 18.0M->13.0M Heap: 2146.5M(4096.0M)->1955.5M(4096.0M)]
 [Times: user=0.73 sys=0.00, real=0.20 secs] 
2016-01-06T00:59:34.794-0800: 210.915: [GC pause (young)
Desired survivor size 13631488 bytes, new threshold 15 (max 15)
- age   1:   11943280 bytes,   11943280 total
2016-01-06T00:59:34.975-0800: 211.096: [SoftReference, 0 refs, 0.0006090 secs]2016-01-06T00:59:34.976-0800: 211.097: [WeakReference, 0 refs, 0.0002260 secs]2016-01-06T00:59:34.976-0800: 211.097: [FinalReference, 0 refs, 0.0003120 secs]2016-01-06T00:59:34.977-0800: 211.097: [PhantomReference, 0 refs, 6431 refs, 0.0005950 secs]2016-01-06T00:59:34.977-0800: 211.098: [JNI Weak Reference, 0.0000090 secs], 0.1842770 secs]
   [Parallel Time: 8.1 ms, GC Workers: 4]
      [GC Worker Start (ms): Min: 210915.1, Avg: 210915.2, Max: 210915.2, Diff: 0.1]
      [Ext Root Scanning (ms): Min: 0.3, Avg: 0.4, Max: 0.4, Diff: 0.1, Sum: 1.4]
      [SATB Filtering (ms): Min: 0.0, Avg: 0.0, Max: 0.0, Diff: 0.0, Sum: 0.0]
      [Update RS (ms): Min: 4.9, Avg: 5.1, Max: 5.3, Diff: 0.4, Sum: 20.4]
         [Processed Buffers: Min: 7, Avg: 8.8, Max: 10, Diff: 3, Sum: 35]
      [Scan RS (ms): Min: 0.0, Avg: 0.1, Max: 0.1, Diff: 0.1, Sum: 0.3]
      [Code Root Scanning (ms): Min: 0.0, Avg: 0.0, Max: 0.0, Diff: 0.0, Sum: 0.0]
      [Object Copy (ms): Min: 2.2, Avg: 2.3, Max: 2.4, Diff: 0.2, Sum: 9.3]
      [Termination (ms): Min: 0.0, Avg: 0.1, Max: 0.1, Diff: 0.1, Sum: 0.2]
      [GC Worker Other (ms): Min: 0.0, Avg: 0.0, Max: 0.0, Diff: 0.0, Sum: 0.0]
      [GC Worker Total (ms): Min: 7.9, Avg: 7.9, Max: 8.0, Diff: 0.1, Sum: 31.8]
      [GC Worker End (ms): Min: 210923.1, Avg: 210923.1, Max: 210923.1, Diff: 0.0]
   [Code Root Fixup: 0.0 ms]
   [Code Root Migration: 0.0 ms]
   [Clear CT: 0.1 ms]
   [Other: 176.0 ms]
      [Choose CSet: 0.0 ms]
      [Ref Proc: 174.9 ms]
      [Ref Enq: 0.6 ms]
      [Free CSet: 0.4 ms]
   [Eden: 191.0M(191.0M)->0.0B(185.0M) Survivors: 13.0M->19.0M Heap: 2146.5M(4096.0M)->1961.0M(4096.0M)]
 [Times: user=0.72 sys=0.00, real=0.19 secs] 
2016-01-06T00:59:35.005-0800: 211.126: [GC pause (young)
Desired survivor size 13631488 bytes, new threshold 1 (max 15)
- age   1:   17273224 bytes,   17273224 total
- age   2:      36864 bytes,   17310088 total
2016-01-06T00:59:35.176-0800: 211.296: [SoftReference, 0 refs, 0.0005600 secs]2016-01-06T00:59:35.176-0800: 211.297: [WeakReference, 0 refs, 0.0002370 secs]2016-01-06T00:59:35.176-0800: 211.297: [FinalReference, 0 refs, 0.0002600 secs]2016-01-06T00:59:35.177-0800: 211.298: [PhantomReference, 0 refs, 6245 refs, 0.0005760 secs]2016-01-06T00:59:35.177-0800: 211.298: [JNI Weak Reference, 0.0000090 secs], 0.1733850 secs]
   [Parallel Time: 11.1 ms, GC Workers: 4]
      [GC Worker Start (ms): Min: 211126.0, Avg: 211127.0, Max: 211129.9, Diff: 3.9]
      [Ext Root Scanning (ms): Min: 0.0, Avg: 0.3, Max: 0.5, Diff: 0.5, Sum: 1.2]
      [SATB Filtering (ms): Min: 0.0, Avg: 0.0, Max: 0.0, Diff: 0.0, Sum: 0.0]
      [Update RS (ms): Min: 4.5, Avg: 7.2, Max: 8.3, Diff: 3.8, Sum: 28.9]
         [Processed Buffers: Min: 8, Avg: 11.5, Max: 16, Diff: 8, Sum: 46]
      [Scan RS (ms): Min: 0.0, Avg: 0.1, Max: 0.2, Diff: 0.1, Sum: 0.3]
      [Code Root Scanning (ms): Min: 0.0, Avg: 0.0, Max: 0.0, Diff: 0.0, Sum: 0.0]
      [Object Copy (ms): Min: 2.2, Avg: 2.3, Max: 2.4, Diff: 0.2, Sum: 9.4]
      [Termination (ms): Min: 0.0, Avg: 0.0, Max: 0.0, Diff: 0.0, Sum: 0.0]
      [GC Worker Other (ms): Min: 0.0, Avg: 0.0, Max: 0.1, Diff: 0.0, Sum: 0.1]
      [GC Worker Total (ms): Min: 7.1, Avg: 10.0, Max: 11.0, Diff: 3.9, Sum: 40.0]
      [GC Worker End (ms): Min: 211137.0, Avg: 211137.0, Max: 211137.0, Diff: 0.0]
   [Code Root Fixup: 0.0 ms]
   [Code Root Migration: 0.0 ms]
   [Clear CT: 0.1 ms]
   [Other: 162.1 ms]
      [Choose CSet: 0.0 ms]
      [Ref Proc: 161.0 ms]
      [Ref Enq: 0.6 ms]
      [Free CSet: 0.4 ms]
   [Eden: 185.0M(185.0M)->0.0B(1696.0M) Survivors: 19.0M->19.0M Heap: 2146.0M(4096.0M)->1961.1M(4096.0M)]
 [Times: user=0.65 sys=0.00, real=0.17 secs] 
2016-01-06T00:59:35.424-0800: 211.545: [GC pause (young)
Desired survivor size 112721920 bytes, new threshold 15 (max 15)
- age   1:   17259832 bytes,   17259832 total
2016-01-06T00:59:35.635-0800: 211.755: [SoftReference, 0 refs, 0.0004030 secs]2016-01-06T00:59:35.635-0800: 211.756: [WeakReference, 0 refs, 0.0002400 secs]2016-01-06T00:59:35.635-0800: 211.756: [FinalReference, 0 refs, 0.0002330 secs]2016-01-06T00:59:35.635-0800: 211.756: [PhantomReference, 0 refs, 53085 refs, 0.0012970 secs]2016-01-06T00:59:35.637-0800: 211.758: [JNI Weak Reference, 0.0000130 secs], 0.2206290 secs]
   [Parallel Time: 28.3 ms, GC Workers: 4]
      [GC Worker Start (ms): Min: 211545.0, Avg: 211545.0, Max: 211545.1, Diff: 0.1]
      [Ext Root Scanning (ms): Min: 0.3, Avg: 0.4, Max: 0.4, Diff: 0.1, Sum: 1.4]
      [SATB Filtering (ms): Min: 0.0, Avg: 0.0, Max: 0.0, Diff: 0.0, Sum: 0.0]
      [Update RS (ms): Min: 15.5, Avg: 15.6, Max: 15.7, Diff: 0.2, Sum: 62.6]
         [Processed Buffers: Min: 21, Avg: 22.0, Max: 23, Diff: 2, Sum: 88]
      [Scan RS (ms): Min: 0.6, Avg: 0.7, Max: 0.8, Diff: 0.2, Sum: 2.9]
      [Code Root Scanning (ms): Min: 0.1, Avg: 0.1, Max: 0.1, Diff: 0.0, Sum: 0.3]
      [Object Copy (ms): Min: 11.3, Avg: 11.3, Max: 11.4, Diff: 0.1, Sum: 45.3]
      [Termination (ms): Min: 0.0, Avg: 0.0, Max: 0.0, Diff: 0.0, Sum: 0.0]
      [GC Worker Other (ms): Min: 0.0, Avg: 0.1, Max: 0.1, Diff: 0.1, Sum: 0.2]
      [GC Worker Total (ms): Min: 28.1, Avg: 28.2, Max: 28.3, Diff: 0.1, Sum: 112.8]
      [GC Worker End (ms): Min: 211573.2, Avg: 211573.2, Max: 211573.3, Diff: 0.1]
   [Code Root Fixup: 0.0 ms]
   [Code Root Migration: 0.3 ms]
   [Clear CT: 0.5 ms]
   [Other: 191.6 ms]
      [Choose CSet: 0.0 ms]
      [Ref Proc: 184.3 ms]
      [Ref Enq: 5.2 ms]
      [Free CSet: 2.0 ms]
   [Eden: 1696.0M(1696.0M)->0.0B(183.0M) Survivors: 19.0M->21.0M Heap: 3657.1M(4096.0M)->1963.6M(4096.0M)]
 [Times: user=0.83 sys=0.00, real=0.22 secs] 
2016-01-06T00:59:35.674-0800: 211.795: [GC pause (young)
Desired survivor size 13631488 bytes, new threshold 1 (max 15)
- age   1:   20632384 bytes,   20632384 total
- age   2:      36864 bytes,   20669248 total
2016-01-06T00:59:35.898-0800: 212.019: [SoftReference, 0 refs, 0.0006410 secs]2016-01-06T00:59:35.899-0800: 212.020: [WeakReference, 0 refs, 0.0003050 secs]2016-01-06T00:59:35.899-0800: 212.020: [FinalReference, 0 refs, 0.0002450 secs]2016-01-06T00:59:35.899-0800: 212.020: [PhantomReference, 0 refs, 6182 refs, 0.0005990 secs]2016-01-06T00:59:35.900-0800: 212.021: [JNI Weak Reference, 0.0000080 secs], 0.2268420 secs]
   [Parallel Time: 10.7 ms, GC Workers: 4]
      [GC Worker Start (ms): Min: 211795.2, Avg: 211796.9, Max: 211801.9, Diff: 6.7]
      [Ext Root Scanning (ms): Min: 0.0, Avg: 0.3, Max: 0.5, Diff: 0.5, Sum: 1.4]
      [SATB Filtering (ms): Min: 0.0, Avg: 0.0, Max: 0.0, Diff: 0.0, Sum: 0.0]
      [Update RS (ms): Min: 0.0, Avg: 0.1, Max: 0.1, Diff: 0.1, Sum: 0.3]
         [Processed Buffers: Min: 0, Avg: 1.5, Max: 3, Diff: 3, Sum: 6]
      [Scan RS (ms): Min: 0.0, Avg: 0.1, Max: 0.1, Diff: 0.1, Sum: 0.4]
      [Code Root Scanning (ms): Min: 0.0, Avg: 0.0, Max: 0.0, Diff: 0.0, Sum: 0.0]
      [Object Copy (ms): Min: 0.0, Avg: 1.9, Max: 2.5, Diff: 2.5, Sum: 7.4]
      [Termination (ms): Min: 0.0, Avg: 2.7, Max: 3.6, Diff: 3.6, Sum: 10.8]
      [GC Worker Other (ms): Min: 0.0, Avg: 0.0, Max: 0.0, Diff: 0.0, Sum: 0.0]
      [GC Worker Total (ms): Min: 0.1, Avg: 5.1, Max: 6.8, Diff: 6.8, Sum: 20.4]
      [GC Worker End (ms): Min: 211802.0, Avg: 211802.0, Max: 211802.0, Diff: 0.0]
   [Code Root Fixup: 0.0 ms]
   [Code Root Migration: 0.0 ms]
   [Clear CT: 0.1 ms]
   [Other: 216.0 ms]
      [Choose CSet: 0.0 ms]
      [Ref Proc: 215.0 ms]
      [Ref Enq: 0.6 ms]
      [Free CSet: 0.3 ms]
   [Eden: 183.0M(183.0M)->0.0B(185.0M) Survivors: 21.0M->19.0M Heap: 2146.6M(4096.0M)->1961.1M(4096.0M)]
 [Times: user=0.79 sys=0.01, real=0.23 secs] 
2016-01-06T00:59:35.927-0800: 212.048: [GC pause (young)
Desired survivor size 13631488 bytes, new threshold 1 (max 15)
- age   1:   17255368 bytes,   17255368 total
2016-01-06T00:59:36.112-0800: 212.232: [SoftReference, 0 refs, 0.0005650 secs]2016-01-06T00:59:36.112-0800: 212.233: [WeakReference, 0 refs, 0.0003380 secs]2016-01-06T00:59:36.112-0800: 212.233: [FinalReference, 0 refs, 0.0002820 secs]2016-01-06T00:59:36.113-0800: 212.234: [PhantomReference, 0 refs, 6241 refs, 0.0006290 secs]2016-01-06T00:59:36.113-0800: 212.234: [JNI Weak Reference, 0.0000080 secs], 0.1872360 secs]
   [Parallel Time: 3.9 ms, GC Workers: 4]
      [GC Worker Start (ms): Min: 212048.2, Avg: 212048.6, Max: 212049.9, Diff: 1.7]
      [Ext Root Scanning (ms): Min: 0.0, Avg: 0.3, Max: 0.5, Diff: 0.5, Sum: 1.3]
      [SATB Filtering (ms): Min: 0.0, Avg: 0.0, Max: 0.0, Diff: 0.0, Sum: 0.0]
      [Update RS (ms): Min: 0.0, Avg: 0.7, Max: 1.0, Diff: 1.0, Sum: 2.8]
         [Processed Buffers: Min: 0, Avg: 2.2, Max: 4, Diff: 4, Sum: 9]
      [Scan RS (ms): Min: 0.0, Avg: 0.1, Max: 0.2, Diff: 0.1, Sum: 0.3]
      [Code Root Scanning (ms): Min: 0.0, Avg: 0.0, Max: 0.0, Diff: 0.0, Sum: 0.0]
      [Object Copy (ms): Min: 2.1, Avg: 2.2, Max: 2.3, Diff: 0.2, Sum: 8.9]
      [Termination (ms): Min: 0.0, Avg: 0.0, Max: 0.0, Diff: 0.0, Sum: 0.0]
      [GC Worker Other (ms): Min: 0.0, Avg: 0.0, Max: 0.1, Diff: 0.0, Sum: 0.1]
      [GC Worker Total (ms): Min: 2.2, Avg: 3.4, Max: 3.8, Diff: 1.7, Sum: 13.5]
      [GC Worker End (ms): Min: 212052.0, Avg: 212052.0, Max: 212052.1, Diff: 0.0]
   [Code Root Fixup: 0.0 ms]
   [Code Root Migration: 0.0 ms]
   [Clear CT: 0.1 ms]
   [Other: 183.2 ms]
      [Choose CSet: 0.0 ms]
      [Ref Proc: 182.2 ms]
      [Ref Enq: 0.6 ms]
      [Free CSet: 0.3 ms]
   [Eden: 185.0M(185.0M)->0.0B(186.0M) Survivors: 19.0M->18.0M Heap: 2146.1M(4096.0M)->1960.6M(4096.0M)]
 [Times: user=0.72 sys=0.00, real=0.18 secs] 
2016-01-06T00:59:36.145-0800: 212.266: [GC pause (young)
Desired survivor size 13631488 bytes, new threshold 1 (max 15)
- age   1:   17259832 bytes,   17259832 total
2016-01-06T00:59:36.335-0800: 212.456: [SoftReference, 0 refs, 0.0004400 secs]2016-01-06T00:59:36.363-0800: 212.484: [WeakReference, 0 refs, 0.0003910 secs]2016-01-06T00:59:36.363-0800: 212.484: [FinalReference, 0 refs, 0.0003890 secs]2016-01-06T00:59:36.364-0800: 212.485: [PhantomReference, 0 refs, 6266 refs, 0.0007710 secs]2016-01-06T00:59:36.364-0800: 212.485: [JNI Weak Reference, 0.0000140 secs], 0.2208130 secs]
   [Parallel Time: 5.2 ms, GC Workers: 4]
      [GC Worker Start (ms): Min: 212265.7, Avg: 212265.8, Max: 212265.9, Diff: 0.2]
      [Ext Root Scanning (ms): Min: 0.2, Avg: 0.3, Max: 0.4, Diff: 0.2, Sum: 1.4]
      [SATB Filtering (ms): Min: 0.0, Avg: 0.0, Max: 0.0, Diff: 0.0, Sum: 0.0]
      [Update RS (ms): Min: 2.2, Avg: 2.3, Max: 2.4, Diff: 0.2, Sum: 9.2]
         [Processed Buffers: Min: 4, Avg: 4.5, Max: 6, Diff: 2, Sum: 18]
      [Scan RS (ms): Min: 0.0, Avg: 0.1, Max: 0.2, Diff: 0.2, Sum: 0.3]
      [Code Root Scanning (ms): Min: 0.0, Avg: 0.0, Max: 0.0, Diff: 0.0, Sum: 0.0]
      [Object Copy (ms): Min: 2.3, Avg: 2.3, Max: 2.3, Diff: 0.0, Sum: 9.3]
      [Termination (ms): Min: 0.0, Avg: 0.0, Max: 0.0, Diff: 0.0, Sum: 0.0]
      [GC Worker Other (ms): Min: 0.0, Avg: 0.0, Max: 0.0, Diff: 0.0, Sum: 0.1]
      [GC Worker Total (ms): Min: 5.0, Avg: 5.1, Max: 5.2, Diff: 0.2, Sum: 20.4]
      [GC Worker End (ms): Min: 212270.9, Avg: 212270.9, Max: 212270.9, Diff: 0.0]
   [Code Root Fixup: 0.0 ms]
   [Code Root Migration: 0.0 ms]
   [Clear CT: 0.2 ms]
   [Other: 215.4 ms]
      [Choose CSet: 0.0 ms]
      [Ref Proc: 214.4 ms]
      [Ref Enq: 0.5 ms]
      [Free CSet: 0.3 ms]
   [Eden: 186.0M(186.0M)->0.0B(185.0M) Survivors: 18.0M->19.0M Heap: 2146.6M(4096.0M)->1961.2M(4096.0M)]
 [Times: user=0.75 sys=0.00, real=0.23 secs] 
2016-01-06T00:59:36.394-0800: 212.515: [GC pause (young)
Desired survivor size 13631488 bytes, new threshold 1 (max 15)
- age   1:   17262064 bytes,   17262064 total
2016-01-06T00:59:36.585-0800: 212.706: [SoftReference, 0 refs, 0.0005080 secs]2016-01-06T00:59:36.585-0800: 212.706: [WeakReference, 0 refs, 0.0002320 secs]2016-01-06T00:59:36.586-0800: 212.706: [FinalReference, 0 refs, 0.0003060 secs]2016-01-06T00:59:36.586-0800: 212.707: [PhantomReference, 0 refs, 6245 refs, 0.0005260 secs]2016-01-06T00:59:36.586-0800: 212.707: [JNI Weak Reference, 0.0000130 secs], 0.1934190 secs]
   [Parallel Time: 5.5 ms, GC Workers: 4]
      [GC Worker Start (ms): Min: 212515.0, Avg: 212515.2, Max: 212515.4, Diff: 0.4]
      [Ext Root Scanning (ms): Min: 0.1, Avg: 1.0, Max: 2.9, Diff: 2.7, Sum: 3.8]
      [SATB Filtering (ms): Min: 0.0, Avg: 0.0, Max: 0.0, Diff: 0.0, Sum: 0.0]
      [Update RS (ms): Min: 0.0, Avg: 2.0, Max: 2.7, Diff: 2.7, Sum: 8.0]
         [Processed Buffers: Min: 0, Avg: 4.2, Max: 7, Diff: 7, Sum: 17]
      [Scan RS (ms): Min: 0.0, Avg: 0.1, Max: 0.2, Diff: 0.2, Sum: 0.3]
      [Code Root Scanning (ms): Min: 0.0, Avg: 0.0, Max: 0.0, Diff: 0.0, Sum: 0.0]
      [Object Copy (ms): Min: 2.1, Avg: 2.2, Max: 2.2, Diff: 0.2, Sum: 8.6]
      [Termination (ms): Min: 0.0, Avg: 0.0, Max: 0.0, Diff: 0.0, Sum: 0.0]
      [GC Worker Other (ms): Min: 0.0, Avg: 0.0, Max: 0.1, Diff: 0.1, Sum: 0.2]
      [GC Worker Total (ms): Min: 5.1, Avg: 5.2, Max: 5.4, Diff: 0.4, Sum: 21.0]
      [GC Worker End (ms): Min: 212520.4, Avg: 212520.4, Max: 212520.5, Diff: 0.1]
   [Code Root Fixup: 0.0 ms]
   [Code Root Migration: 0.0 ms]
   [Clear CT: 0.1 ms]
   [Other: 187.7 ms]
      [Choose CSet: 0.0 ms]
      [Ref Proc: 186.9 ms]
      [Ref Enq: 0.5 ms]
      [Free CSet: 0.3 ms]
   [Eden: 185.0M(185.0M)->0.0B(188.0M) Survivors: 19.0M->16.0M Heap: 2146.2M(4096.0M)->1958.7M(4096.0M)]
 [Times: user=0.75 sys=0.00, real=0.20 secs] 
2016-01-06T00:59:36.614-0800: 212.735: [GC pause (young)
Desired survivor size 13631488 bytes, new threshold 1 (max 15)
- age   1:   15257080 bytes,   15257080 total
2016-01-06T00:59:36.809-0800: 212.930: [SoftReference, 0 refs, 0.0005420 secs]2016-01-06T00:59:36.810-0800: 212.931: [WeakReference, 0 refs, 0.0003520 secs]2016-01-06T00:59:36.810-0800: 212.931: [FinalReference, 0 refs, 0.0002370 secs]2016-01-06T00:59:36.810-0800: 212.931: [PhantomReference, 0 refs, 6338 refs, 0.0005580 secs]2016-01-06T00:59:36.811-0800: 212.932: [JNI Weak Reference, 0.0000090 secs], 0.1983210 secs]
   [Parallel Time: 9.5 ms, GC Workers: 4]
      [GC Worker Start (ms): Min: 212734.7, Avg: 212734.8, Max: 212734.8, Diff: 0.1]
      [Ext Root Scanning (ms): Min: 0.3, Avg: 0.4, Max: 0.4, Diff: 0.1, Sum: 1.4]
      [SATB Filtering (ms): Min: 0.0, Avg: 0.0, Max: 0.0, Diff: 0.0, Sum: 0.0]
      [Update RS (ms): Min: 6.3, Avg: 6.6, Max: 7.0, Diff: 0.7, Sum: 26.5]
         [Processed Buffers: Min: 10, Avg: 10.8, Max: 12, Diff: 2, Sum: 43]
      [Scan RS (ms): Min: 0.0, Avg: 0.1, Max: 0.2, Diff: 0.1, Sum: 0.3]
      [Code Root Scanning (ms): Min: 0.0, Avg: 0.0, Max: 0.0, Diff: 0.0, Sum: 0.0]
      [Object Copy (ms): Min: 1.9, Avg: 2.3, Max: 2.5, Diff: 0.5, Sum: 9.1]
      [Termination (ms): Min: 0.0, Avg: 0.0, Max: 0.0, Diff: 0.0, Sum: 0.0]
      [GC Worker Other (ms): Min: 0.0, Avg: 0.0, Max: 0.0, Diff: 0.0, Sum: 0.1]
      [GC Worker Total (ms): Min: 9.3, Avg: 9.4, Max: 9.4, Diff: 0.1, Sum: 37.5]
      [GC Worker End (ms): Min: 212744.1, Avg: 212744.2, Max: 212744.2, Diff: 0.0]
   [Code Root Fixup: 0.0 ms]
   [Code Root Migration: 0.0 ms]
   [Clear CT: 0.1 ms]
   [Other: 188.6 ms]
      [Choose CSet: 0.0 ms]
      [Ref Proc: 187.6 ms]
      [Ref Enq: 0.6 ms]
      [Free CSet: 0.3 ms]
   [Eden: 188.0M(188.0M)->0.0B(186.0M) Survivors: 16.0M->18.0M Heap: 2146.7M(4096.0M)->1960.8M(4096.0M)]
 [Times: user=0.74 sys=0.00, real=0.20 secs] 
2016-01-06T00:59:36.839-0800: 212.960: [GC pause (young)
Desired survivor size 13631488 bytes, new threshold 1 (max 15)
- age   1:   17266528 bytes,   17266528 total
2016-01-06T00:59:37.032-0800: 213.153: [SoftReference, 0 refs, 0.0004280 secs]2016-01-06T00:59:37.032-0800: 213.153: [WeakReference, 0 refs, 0.0003570 secs]2016-01-06T00:59:37.033-0800: 213.153: [FinalReference, 0 refs, 0.0002410 secs]2016-01-06T00:59:37.033-0800: 213.154: [PhantomReference, 0 refs, 6276 refs, 0.0005530 secs]2016-01-06T00:59:37.033-0800: 213.154: [JNI Weak Reference, 0.0000100 secs], 0.1949800 secs]
   [Parallel Time: 4.0 ms, GC Workers: 4]
      [GC Worker Start (ms): Min: 212960.3, Avg: 212960.9, Max: 212962.6, Diff: 2.3]
      [Ext Root Scanning (ms): Min: 0.0, Avg: 0.3, Max: 0.5, Diff: 0.5, Sum: 1.3]
      [SATB Filtering (ms): Min: 0.0, Avg: 0.0, Max: 0.0, Diff: 0.0, Sum: 0.0]
      [Update RS (ms): Min: 0.0, Avg: 0.4, Max: 0.7, Diff: 0.7, Sum: 1.5]
         [Processed Buffers: Min: 0, Avg: 1.5, Max: 3, Diff: 3, Sum: 6]
      [Scan RS (ms): Min: 0.0, Avg: 0.1, Max: 0.3, Diff: 0.3, Sum: 0.3]
      [Code Root Scanning (ms): Min: 0.0, Avg: 0.0, Max: 0.0, Diff: 0.0, Sum: 0.0]
      [Object Copy (ms): Min: 1.5, Avg: 2.3, Max: 2.6, Diff: 1.1, Sum: 9.1]
      [Termination (ms): Min: 0.0, Avg: 0.2, Max: 0.3, Diff: 0.3, Sum: 0.9]
      [GC Worker Other (ms): Min: 0.0, Avg: 0.0, Max: 0.0, Diff: 0.0, Sum: 0.0]
      [GC Worker Total (ms): Min: 1.6, Avg: 3.3, Max: 3.9, Diff: 2.3, Sum: 13.2]
      [GC Worker End (ms): Min: 212964.2, Avg: 212964.2, Max: 212964.2, Diff: 0.0]
   [Code Root Fixup: 0.0 ms]
   [Code Root Migration: 0.0 ms]
   [Clear CT: 0.1 ms]
   [Other: 190.9 ms]
      [Choose CSet: 0.0 ms]
      [Ref Proc: 189.9 ms]
      [Ref Enq: 0.5 ms]
      [Free CSet: 0.3 ms]
   [Eden: 186.0M(186.0M)->0.0B(185.0M) Survivors: 18.0M->19.0M Heap: 2146.8M(4096.0M)->1961.3M(4096.0M)]
 [Times: user=0.75 sys=0.00, real=0.19 secs] 
2016-01-06T00:59:37.061-0800: 213.182: [GC pause (young)
Desired survivor size 13631488 bytes, new threshold 1 (max 15)
- age   1:   17262064 bytes,   17262064 total
2016-01-06T00:59:37.256-0800: 213.377: [SoftReference, 0 refs, 0.0011250 secs]2016-01-06T00:59:37.257-0800: 213.378: [WeakReference, 0 refs, 0.0002060 secs]2016-01-06T00:59:37.257-0800: 213.378: [FinalReference, 0 refs, 0.0002330 secs]2016-01-06T00:59:37.258-0800: 213.379: [PhantomReference, 0 refs, 6241 refs, 0.0007650 secs]2016-01-06T00:59:37.258-0800: 213.379: [JNI Weak Reference, 0.0000090 secs], 0.1989390 secs]
   [Parallel Time: 3.1 ms, GC Workers: 4]
      [GC Worker Start (ms): Min: 213181.7, Avg: 213181.7, Max: 213181.7, Diff: 0.1]
      [Ext Root Scanning (ms): Min: 0.3, Avg: 0.4, Max: 0.4, Diff: 0.1, Sum: 1.5]
      [SATB Filtering (ms): Min: 0.0, Avg: 0.0, Max: 0.0, Diff: 0.0, Sum: 0.0]
      [Update RS (ms): Min: 0.0, Avg: 0.1, Max: 0.2, Diff: 0.2, Sum: 0.4]
         [Processed Buffers: Min: 1, Avg: 1.5, Max: 2, Diff: 1, Sum: 6]
      [Scan RS (ms): Min: 0.1, Avg: 0.1, Max: 0.1, Diff: 0.1, Sum: 0.3]
      [Code Root Scanning (ms): Min: 0.0, Avg: 0.0, Max: 0.0, Diff: 0.0, Sum: 0.0]
      [Object Copy (ms): Min: 2.3, Avg: 2.4, Max: 2.4, Diff: 0.0, Sum: 9.4]
      [Termination (ms): Min: 0.0, Avg: 0.0, Max: 0.0, Diff: 0.0, Sum: 0.0]
      [GC Worker Other (ms): Min: 0.0, Avg: 0.0, Max: 0.0, Diff: 0.0, Sum: 0.1]
      [GC Worker Total (ms): Min: 2.9, Avg: 2.9, Max: 3.0, Diff: 0.1, Sum: 11.8]
      [GC Worker End (ms): Min: 213184.6, Avg: 213184.6, Max: 213184.6, Diff: 0.0]
   [Code Root Fixup: 0.0 ms]
   [Code Root Migration: 0.0 ms]
   [Clear CT: 0.1 ms]
   [Other: 195.6 ms]
      [Choose CSet: 0.0 ms]
      [Ref Proc: 194.7 ms]
      [Ref Enq: 0.6 ms]
      [Free CSet: 0.3 ms]
   [Eden: 185.0M(185.0M)->0.0B(185.0M) Survivors: 19.0M->19.0M Heap: 2146.3M(4096.0M)->1961.4M(4096.0M)]
 [Times: user=0.75 sys=0.00, real=0.20 secs] 
2016-01-06T00:59:37.288-0800: 213.409: [GC pause (young)
Desired survivor size 13631488 bytes, new threshold 1 (max 15)
- age   1:   17259832 bytes,   17259832 total
2016-01-06T00:59:37.482-0800: 213.603: [SoftReference, 0 refs, 0.0004660 secs]2016-01-06T00:59:37.483-0800: 213.604: [WeakReference, 0 refs, 0.0002280 secs]2016-01-06T00:59:37.483-0800: 213.604: [FinalReference, 0 refs, 0.0003510 secs]2016-01-06T00:59:37.483-0800: 213.604: [PhantomReference, 0 refs, 6244 refs, 0.0005980 secs]2016-01-06T00:59:37.484-0800: 213.605: [JNI Weak Reference, 0.0000090 secs], 0.1972270 secs]
   [Parallel Time: 4.6 ms, GC Workers: 4]
      [GC Worker Start (ms): Min: 213408.9, Avg: 213408.9, Max: 213408.9, Diff: 0.1]
      [Ext Root Scanning (ms): Min: 0.3, Avg: 0.4, Max: 0.4, Diff: 0.1, Sum: 1.4]
      [SATB Filtering (ms): Min: 0.0, Avg: 0.0, Max: 0.0, Diff: 0.0, Sum: 0.0]
      [Update RS (ms): Min: 1.5, Avg: 1.6, Max: 1.7, Diff: 0.2, Sum: 6.2]
         [Processed Buffers: Min: 3, Avg: 3.5, Max: 4, Diff: 1, Sum: 14]
      [Scan RS (ms): Min: 0.0, Avg: 0.1, Max: 0.1, Diff: 0.1, Sum: 0.3]
      [Code Root Scanning (ms): Min: 0.0, Avg: 0.0, Max: 0.0, Diff: 0.0, Sum: 0.0]
      [Object Copy (ms): Min: 2.4, Avg: 2.4, Max: 2.5, Diff: 0.1, Sum: 9.8]
      [Termination (ms): Min: 0.0, Avg: 0.0, Max: 0.0, Diff: 0.0, Sum: 0.0]
      [GC Worker Other (ms): Min: 0.0, Avg: 0.0, Max: 0.1, Diff: 0.0, Sum: 0.1]
      [GC Worker Total (ms): Min: 4.5, Avg: 4.5, Max: 4.5, Diff: 0.1, Sum: 18.0]
      [GC Worker End (ms): Min: 213413.4, Avg: 213413.4, Max: 213413.4, Diff: 0.0]
   [Code Root Fixup: 0.0 ms]
   [Code Root Migration: 0.0 ms]
   [Clear CT: 0.1 ms]
   [Other: 192.4 ms]
      [Choose CSet: 0.0 ms]
      [Ref Proc: 191.4 ms]
      [Ref Enq: 0.6 ms]
      [Free CSet: 0.4 ms]
   [Eden: 185.0M(185.0M)->0.0B(185.0M) Survivors: 19.0M->19.0M Heap: 2146.4M(4096.0M)->1961.4M(4096.0M)]
 [Times: user=0.77 sys=0.00, real=0.20 secs] 
2016-01-06T00:59:37.513-0800: 213.634: [GC pause (young)
Desired survivor size 13631488 bytes, new threshold 1 (max 15)
- age   1:   17259832 bytes,   17259832 total
2016-01-06T00:59:37.705-0800: 213.826: [SoftReference, 0 refs, 0.0006990 secs]2016-01-06T00:59:37.706-0800: 213.827: [WeakReference, 0 refs, 0.0003250 secs]2016-01-06T00:59:37.706-0800: 213.827: [FinalReference, 0 refs, 0.0003120 secs]2016-01-06T00:59:37.707-0800: 213.828: [PhantomReference, 0 refs, 6244 refs, 0.0008960 secs]2016-01-06T00:59:37.708-0800: 213.828: [JNI Weak Reference, 0.0000090 secs], 0.1953260 secs]
   [Parallel Time: 4.7 ms, GC Workers: 4]
      [GC Worker Start (ms): Min: 213634.2, Avg: 213634.3, Max: 213634.3, Diff: 0.1]
      [Ext Root Scanning (ms): Min: 0.3, Avg: 0.4, Max: 0.4, Diff: 0.1, Sum: 1.5]
      [SATB Filtering (ms): Min: 0.0, Avg: 0.0, Max: 0.0, Diff: 0.0, Sum: 0.0]
      [Update RS (ms): Min: 1.6, Avg: 1.8, Max: 2.1, Diff: 0.5, Sum: 7.0]
         [Processed Buffers: Min: 3, Avg: 3.8, Max: 6, Diff: 3, Sum: 15]
      [Scan RS (ms): Min: 0.0, Avg: 0.1, Max: 0.2, Diff: 0.2, Sum: 0.3]
      [Code Root Scanning (ms): Min: 0.0, Avg: 0.0, Max: 0.0, Diff: 0.0, Sum: 0.0]
      [Object Copy (ms): Min: 2.1, Avg: 2.4, Max: 2.5, Diff: 0.4, Sum: 9.4]
      [Termination (ms): Min: 0.0, Avg: 0.0, Max: 0.0, Diff: 0.0, Sum: 0.0]
      [GC Worker Other (ms): Min: 0.0, Avg: 0.0, Max: 0.0, Diff: 0.0, Sum: 0.1]
      [GC Worker Total (ms): Min: 4.6, Avg: 4.6, Max: 4.6, Diff: 0.1, Sum: 18.4]
      [GC Worker End (ms): Min: 213638.9, Avg: 213638.9, Max: 213638.9, Diff: 0.0]
   [Code Root Fixup: 0.0 ms]
   [Code Root Migration: 0.0 ms]
   [Clear CT: 0.2 ms]
   [Other: 190.4 ms]
      [Choose CSet: 0.0 ms]
      [Ref Proc: 189.6 ms]
      [Ref Enq: 0.4 ms]
      [Free CSet: 0.3 ms]
   [Eden: 185.0M(185.0M)->0.0B(185.0M) Survivors: 19.0M->19.0M Heap: 2146.4M(4096.0M)->1961.4M(4096.0M)]
 [Times: user=0.73 sys=0.00, real=0.20 secs] 
2016-01-06T00:59:37.737-0800: 213.858: [GC pause (young)
Desired survivor size 13631488 bytes, new threshold 1 (max 15)
- age   1:   17259832 bytes,   17259832 total
2016-01-06T00:59:37.934-0800: 214.055: [SoftReference, 0 refs, 0.0004710 secs]2016-01-06T00:59:37.935-0800: 214.055: [WeakReference, 0 refs, 0.0002100 secs]2016-01-06T00:59:37.935-0800: 214.056: [FinalReference, 0 refs, 0.0002110 secs]2016-01-06T00:59:37.935-0800: 214.056: [PhantomReference, 0 refs, 6245 refs, 0.0005290 secs]2016-01-06T00:59:37.935-0800: 214.056: [JNI Weak Reference, 0.0000130 secs], 0.1997420 secs]
   [Parallel Time: 4.2 ms, GC Workers: 4]
      [GC Worker Start (ms): Min: 213857.8, Avg: 213858.9, Max: 213861.9, Diff: 4.1]
      [Ext Root Scanning (ms): Min: 0.0, Avg: 0.3, Max: 0.5, Diff: 0.5, Sum: 1.4]
      [SATB Filtering (ms): Min: 0.0, Avg: 0.0, Max: 0.0, Diff: 0.0, Sum: 0.0]
      [Update RS (ms): Min: 0.0, Avg: 0.1, Max: 0.3, Diff: 0.3, Sum: 0.4]
         [Processed Buffers: Min: 0, Avg: 1.5, Max: 3, Diff: 3, Sum: 6]
      [Scan RS (ms): Min: 0.0, Avg: 0.1, Max: 0.1, Diff: 0.1, Sum: 0.3]
      [Code Root Scanning (ms): Min: 0.0, Avg: 0.0, Max: 0.0, Diff: 0.0, Sum: 0.1]
      [Object Copy (ms): Min: 0.0, Avg: 1.9, Max: 2.5, Diff: 2.5, Sum: 7.5]
      [Termination (ms): Min: 0.0, Avg: 0.7, Max: 0.9, Diff: 0.9, Sum: 2.7]
      [GC Worker Other (ms): Min: 0.0, Avg: 0.0, Max: 0.0, Diff: 0.0, Sum: 0.0]
      [GC Worker Total (ms): Min: 0.1, Avg: 3.1, Max: 4.1, Diff: 4.1, Sum: 12.4]
      [GC Worker End (ms): Min: 213862.0, Avg: 213862.0, Max: 213862.0, Diff: 0.0]
   [Code Root Fixup: 0.0 ms]
   [Code Root Migration: 0.0 ms]
   [Clear CT: 0.1 ms]
   [Other: 195.4 ms]
      [Choose CSet: 0.0 ms]
      [Ref Proc: 194.4 ms]
      [Ref Enq: 0.6 ms]
      [Free CSet: 0.3 ms]
   [Eden: 185.0M(185.0M)->0.0B(186.0M) Survivors: 19.0M->18.0M Heap: 2146.4M(4096.0M)->1961.0M(4096.0M)]
 [Times: user=0.71 sys=0.01, real=0.20 secs] 
2016-01-06T00:59:37.963-0800: 214.084: [GC pause (young)
Desired survivor size 13631488 bytes, new threshold 1 (max 15)
- age   1:   17259832 bytes,   17259832 total
2016-01-06T00:59:38.151-0800: 214.272: [SoftReference, 0 refs, 0.0004530 secs]2016-01-06T00:59:38.152-0800: 214.272: [WeakReference, 0 refs, 0.0003200 secs]2016-01-06T00:59:38.152-0800: 214.273: [FinalReference, 0 refs, 0.0002580 secs]2016-01-06T00:59:38.152-0800: 214.273: [PhantomReference, 0 refs, 6275 refs, 0.0005770 secs]2016-01-06T00:59:38.153-0800: 214.274: [JNI Weak Reference, 0.0000090 secs], 0.1909580 secs]
   [Parallel Time: 2.9 ms, GC Workers: 4]
      [GC Worker Start (ms): Min: 214083.8, Avg: 214083.9, Max: 214083.9, Diff: 0.1]
      [Ext Root Scanning (ms): Min: 0.3, Avg: 0.3, Max: 0.4, Diff: 0.1, Sum: 1.4]
      [SATB Filtering (ms): Min: 0.0, Avg: 0.0, Max: 0.0, Diff: 0.0, Sum: 0.0]
      [Update RS (ms): Min: 0.0, Avg: 0.1, Max: 0.3, Diff: 0.3, Sum: 0.4]
         [Processed Buffers: Min: 0, Avg: 1.2, Max: 3, Diff: 3, Sum: 5]
      [Scan RS (ms): Min: 0.0, Avg: 0.1, Max: 0.1, Diff: 0.1, Sum: 0.3]
      [Code Root Scanning (ms): Min: 0.0, Avg: 0.0, Max: 0.0, Diff: 0.0, Sum: 0.0]
      [Object Copy (ms): Min: 2.2, Avg: 2.2, Max: 2.3, Diff: 0.1, Sum: 8.9]
      [Termination (ms): Min: 0.0, Avg: 0.0, Max: 0.0, Diff: 0.0, Sum: 0.0]
      [GC Worker Other (ms): Min: 0.0, Avg: 0.0, Max: 0.0, Diff: 0.0, Sum: 0.1]
      [GC Worker Total (ms): Min: 2.8, Avg: 2.8, Max: 2.8, Diff: 0.1, Sum: 11.2]
      [GC Worker End (ms): Min: 214086.7, Avg: 214086.7, Max: 214086.7, Diff: 0.0]
   [Code Root Fixup: 0.0 ms]
   [Code Root Migration: 0.0 ms]
   [Clear CT: 0.1 ms]
   [Other: 187.9 ms]
      [Choose CSet: 0.0 ms]
      [Ref Proc: 186.9 ms]
      [Ref Enq: 0.6 ms]
      [Free CSet: 0.3 ms]
   [Eden: 186.0M(186.0M)->0.0B(681.0M) Survivors: 18.0M->19.0M Heap: 2147.0M(4096.0M)->1961.5M(4096.0M)]
 [Times: user=0.74 sys=0.00, real=0.19 secs] 
2016-01-06T00:59:38.257-0800: 214.378: [GC pause (young)
Desired survivor size 46137344 bytes, new threshold 15 (max 15)
- age   1:   17262064 bytes,   17262064 total
2016-01-06T00:59:38.468-0800: 214.589: [SoftReference, 0 refs, 0.0005430 secs]2016-01-06T00:59:38.468-0800: 214.589: [WeakReference, 0 refs, 0.0003580 secs]2016-01-06T00:59:38.469-0800: 214.589: [FinalReference, 0 refs, 0.0002520 secs]2016-01-06T00:59:38.469-0800: 214.590: [PhantomReference, 0 refs, 21619 refs, 0.0009530 secs]2016-01-06T00:59:38.470-0800: 214.591: [JNI Weak Reference, 0.0000090 secs], 0.2156520 secs]
   [Parallel Time: 5.0 ms, GC Workers: 4]
      [GC Worker Start (ms): Min: 214378.0, Avg: 214379.0, Max: 214381.9, Diff: 3.9]
      [Ext Root Scanning (ms): Min: 0.0, Avg: 0.3, Max: 0.5, Diff: 0.5, Sum: 1.3]
      [SATB Filtering (ms): Min: 0.0, Avg: 0.0, Max: 0.0, Diff: 0.0, Sum: 0.0]
      [Update RS (ms): Min: 0.0, Avg: 0.1, Max: 0.2, Diff: 0.2, Sum: 0.3]
         [Processed Buffers: Min: 0, Avg: 1.8, Max: 4, Diff: 4, Sum: 7]
      [Scan RS (ms): Min: 0.1, Avg: 0.3, Max: 0.4, Diff: 0.3, Sum: 1.2]
      [Code Root Scanning (ms): Min: 0.0, Avg: 0.0, Max: 0.1, Diff: 0.1, Sum: 0.1]
      [Object Copy (ms): Min: 0.8, Avg: 3.1, Max: 3.9, Diff: 3.1, Sum: 12.5]
      [Termination (ms): Min: 0.0, Avg: 0.0, Max: 0.0, Diff: 0.0, Sum: 0.0]
      [GC Worker Other (ms): Min: 0.0, Avg: 0.1, Max: 0.1, Diff: 0.1, Sum: 0.2]
      [GC Worker Total (ms): Min: 1.0, Avg: 3.9, Max: 4.9, Diff: 3.9, Sum: 15.7]
      [GC Worker End (ms): Min: 214382.9, Avg: 214382.9, Max: 214382.9, Diff: 0.1]
   [Code Root Fixup: 0.0 ms]
   [Code Root Migration: 0.1 ms]
   [Clear CT: 0.2 ms]
   [Other: 210.4 ms]
      [Choose CSet: 0.0 ms]
      [Ref Proc: 207.8 ms]
      [Ref Enq: 1.7 ms]
      [Free CSet: 0.9 ms]
   [Eden: 681.0M(681.0M)->0.0B(187.0M) Survivors: 19.0M->17.0M Heap: 2642.5M(4096.0M)->1960.0M(4096.0M)]
 [Times: user=0.75 sys=0.01, real=0.21 secs] 
2016-01-06T00:59:38.500-0800: 214.621: [GC pause (young)
Desired survivor size 13631488 bytes, new threshold 1 (max 15)
- age   1:   15412024 bytes,   15412024 total
- age   2:      36864 bytes,   15448888 total
2016-01-06T00:59:38.692-0800: 214.813: [SoftReference, 0 refs, 0.0004510 secs]2016-01-06T00:59:38.693-0800: 214.814: [WeakReference, 0 refs, 0.0003600 secs]2016-01-06T00:59:38.693-0800: 214.814: [FinalReference, 0 refs, 0.0002620 secs]2016-01-06T00:59:38.693-0800: 214.814: [PhantomReference, 0 refs, 6307 refs, 0.0005550 secs]2016-01-06T00:59:38.694-0800: 214.815: [JNI Weak Reference, 0.0000090 secs], 0.1949760 secs]
   [Parallel Time: 3.0 ms, GC Workers: 4]
      [GC Worker Start (ms): Min: 214621.1, Avg: 214621.3, Max: 214621.9, Diff: 0.8]
      [Ext Root Scanning (ms): Min: 0.0, Avg: 0.3, Max: 0.4, Diff: 0.4, Sum: 1.2]
      [SATB Filtering (ms): Min: 0.0, Avg: 0.0, Max: 0.0, Diff: 0.0, Sum: 0.0]
      [Update RS (ms): Min: 0.0, Avg: 0.1, Max: 0.2, Diff: 0.2, Sum: 0.2]
         [Processed Buffers: Min: 0, Avg: 1.2, Max: 4, Diff: 4, Sum: 5]
      [Scan RS (ms): Min: 0.0, Avg: 0.1, Max: 0.2, Diff: 0.1, Sum: 0.3]
      [Code Root Scanning (ms): Min: 0.0, Avg: 0.0, Max: 0.0, Diff: 0.0, Sum: 0.0]
      [Object Copy (ms): Min: 2.1, Avg: 2.3, Max: 2.3, Diff: 0.2, Sum: 9.1]
      [Termination (ms): Min: 0.0, Avg: 0.0, Max: 0.0, Diff: 0.0, Sum: 0.0]
      [GC Worker Other (ms): Min: 0.0, Avg: 0.0, Max: 0.0, Diff: 0.0, Sum: 0.0]
      [GC Worker Total (ms): Min: 2.1, Avg: 2.8, Max: 3.0, Diff: 0.8, Sum: 11.0]
      [GC Worker End (ms): Min: 214624.0, Avg: 214624.0, Max: 214624.0, Diff: 0.0]
   [Code Root Fixup: 0.0 ms]
   [Code Root Migration: 0.0 ms]
   [Clear CT: 0.1 ms]
   [Other: 191.8 ms]
      [Choose CSet: 0.0 ms]
      [Ref Proc: 190.8 ms]
      [Ref Enq: 0.5 ms]
      [Free CSet: 0.3 ms]
   [Eden: 187.0M(187.0M)->0.0B(185.0M) Survivors: 17.0M->19.0M Heap: 2147.0M(4096.0M)->1961.6M(4096.0M)]
 [Times: user=0.76 sys=0.00, real=0.19 secs] 
2016-01-06T00:59:38.721-0800: 214.842: [GC pause (young)
Desired survivor size 13631488 bytes, new threshold 1 (max 15)
- age   1:   17264296 bytes,   17264296 total
2016-01-06T00:59:38.912-0800: 215.033: [SoftReference, 0 refs, 0.0005020 secs]2016-01-06T00:59:38.913-0800: 215.034: [WeakReference, 0 refs, 0.0002550 secs]2016-01-06T00:59:38.913-0800: 215.034: [FinalReference, 0 refs, 0.0003740 secs]2016-01-06T00:59:38.913-0800: 215.034: [PhantomReference, 0 refs, 6245 refs, 0.0006180 secs]2016-01-06T00:59:38.914-0800: 215.035: [JNI Weak Reference, 0.0000110 secs], 0.1939040 secs]
   [Parallel Time: 3.0 ms, GC Workers: 4]
      [GC Worker Start (ms): Min: 214842.2, Avg: 214842.2, Max: 214842.3, Diff: 0.1]
      [Ext Root Scanning (ms): Min: 0.3, Avg: 0.4, Max: 0.4, Diff: 0.1, Sum: 1.5]
      [SATB Filtering (ms): Min: 0.0, Avg: 0.0, Max: 0.0, Diff: 0.0, Sum: 0.0]
      [Update RS (ms): Min: 0.0, Avg: 0.1, Max: 0.3, Diff: 0.3, Sum: 0.4]
         [Processed Buffers: Min: 1, Avg: 1.5, Max: 3, Diff: 2, Sum: 6]
      [Scan RS (ms): Min: 0.0, Avg: 0.1, Max: 0.1, Diff: 0.1, Sum: 0.3]
      [Code Root Scanning (ms): Min: 0.0, Avg: 0.0, Max: 0.0, Diff: 0.0, Sum: 0.1]
      [Object Copy (ms): Min: 2.2, Avg: 2.3, Max: 2.3, Diff: 0.1, Sum: 9.1]
      [Termination (ms): Min: 0.0, Avg: 0.0, Max: 0.0, Diff: 0.0, Sum: 0.0]
      [GC Worker Other (ms): Min: 0.0, Avg: 0.0, Max: 0.0, Diff: 0.0, Sum: 0.1]
      [GC Worker Total (ms): Min: 2.8, Avg: 2.9, Max: 2.9, Diff: 0.1, Sum: 11.4]
      [GC Worker End (ms): Min: 214845.1, Avg: 214845.1, Max: 214845.1, Diff: 0.0]
   [Code Root Fixup: 0.0 ms]
   [Code Root Migration: 0.0 ms]
   [Clear CT: 0.2 ms]
   [Other: 190.7 ms]
      [Choose CSet: 0.0 ms]
      [Ref Proc: 189.7 ms]
      [Ref Enq: 0.6 ms]
      [Free CSet: 0.3 ms]
   [Eden: 185.0M(185.0M)->0.0B(186.0M) Survivors: 19.0M->18.0M Heap: 2146.6M(4096.0M)->1961.1M(4096.0M)]
 [Times: user=0.71 sys=0.01, real=0.19 secs] 
2016-01-06T00:59:38.943-0800: 215.064: [GC pause (young)
Desired survivor size 13631488 bytes, new threshold 1 (max 15)
- age   1:   17259832 bytes,   17259832 total
2016-01-06T00:59:39.136-0800: 215.257: [SoftReference, 0 refs, 0.0003990 secs]2016-01-06T00:59:39.136-0800: 215.257: [WeakReference, 0 refs, 0.0002570 secs]2016-01-06T00:59:39.136-0800: 215.257: [FinalReference, 0 refs, 0.0003550 secs]2016-01-06T00:59:39.137-0800: 215.258: [PhantomReference, 0 refs, 6276 refs, 0.0007280 secs]2016-01-06T00:59:39.137-0800: 215.258: [JNI Weak Reference, 0.0000090 secs], 0.1956170 secs]
   [Parallel Time: 3.0 ms, GC Workers: 4]
      [GC Worker Start (ms): Min: 215063.9, Avg: 215064.4, Max: 215065.9, Diff: 2.0]
      [Ext Root Scanning (ms): Min: 0.0, Avg: 0.3, Max: 0.5, Diff: 0.4, Sum: 1.3]
      [SATB Filtering (ms): Min: 0.0, Avg: 0.0, Max: 0.0, Diff: 0.0, Sum: 0.0]
      [Update RS (ms): Min: 0.0, Avg: 0.1, Max: 0.2, Diff: 0.2, Sum: 0.3]
         [Processed Buffers: Min: 0, Avg: 1.5, Max: 3, Diff: 3, Sum: 6]
      [Scan RS (ms): Min: 0.0, Avg: 0.1, Max: 0.1, Diff: 0.1, Sum: 0.3]
      [Code Root Scanning (ms): Min: 0.0, Avg: 0.0, Max: 0.0, Diff: 0.0, Sum: 0.0]
      [Object Copy (ms): Min: 0.9, Avg: 1.9, Max: 2.3, Diff: 1.4, Sum: 7.7]
      [Termination (ms): Min: 0.0, Avg: 0.0, Max: 0.0, Diff: 0.0, Sum: 0.0]
      [GC Worker Other (ms): Min: 0.0, Avg: 0.0, Max: 0.0, Diff: 0.0, Sum: 0.1]
      [GC Worker Total (ms): Min: 1.0, Avg: 2.4, Max: 2.9, Diff: 2.0, Sum: 9.7]
      [GC Worker End (ms): Min: 215066.8, Avg: 215066.9, Max: 215066.9, Diff: 0.0]
   [Code Root Fixup: 0.0 ms]
   [Code Root Migration: 0.0 ms]
   [Clear CT: 0.2 ms]
   [Other: 192.4 ms]
      [Choose CSet: 0.0 ms]
      [Ref Proc: 191.4 ms]
      [Ref Enq: 0.5 ms]
      [Free CSet: 0.3 ms]
   [Eden: 186.0M(186.0M)->0.0B(210.0M) Survivors: 18.0M->19.0M Heap: 2147.1M(4096.0M)->1961.7M(4096.0M)]
 [Times: user=0.75 sys=0.00, real=0.20 secs] 
2016-01-06T00:59:39.168-0800: 215.289: [GC pause (young)
Desired survivor size 15204352 bytes, new threshold 1 (max 15)
- age   1:   17262064 bytes,   17262064 total
2016-01-06T00:59:39.357-0800: 215.478: [SoftReference, 0 refs, 0.0005120 secs]2016-01-06T00:59:39.358-0800: 215.479: [WeakReference, 0 refs, 0.0002380 secs]2016-01-06T00:59:39.358-0800: 215.479: [FinalReference, 0 refs, 0.0002380 secs]2016-01-06T00:59:39.358-0800: 215.479: [PhantomReference, 0 refs, 7020 refs, 0.0006530 secs]2016-01-06T00:59:39.359-0800: 215.480: [JNI Weak Reference, 0.0000080 secs], 0.1922400 secs]
   [Parallel Time: 3.1 ms, GC Workers: 4]
      [GC Worker Start (ms): Min: 215289.0, Avg: 215289.3, Max: 215289.9, Diff: 0.8]
      [Ext Root Scanning (ms): Min: 0.0, Avg: 0.3, Max: 0.4, Diff: 0.4, Sum: 1.3]
      [SATB Filtering (ms): Min: 0.0, Avg: 0.0, Max: 0.0, Diff: 0.0, Sum: 0.0]
      [Update RS (ms): Min: 0.0, Avg: 0.1, Max: 0.3, Diff: 0.3, Sum: 0.4]
         [Processed Buffers: Min: 0, Avg: 1.2, Max: 3, Diff: 3, Sum: 5]
      [Scan RS (ms): Min: 0.0, Avg: 0.1, Max: 0.2, Diff: 0.2, Sum: 0.3]
      [Code Root Scanning (ms): Min: 0.0, Avg: 0.0, Max: 0.0, Diff: 0.0, Sum: 0.0]
      [Object Copy (ms): Min: 2.1, Avg: 2.3, Max: 2.3, Diff: 0.2, Sum: 9.0]
      [Termination (ms): Min: 0.0, Avg: 0.0, Max: 0.0, Diff: 0.0, Sum: 0.0]
      [GC Worker Other (ms): Min: 0.0, Avg: 0.0, Max: 0.0, Diff: 0.0, Sum: 0.0]
      [GC Worker Total (ms): Min: 2.2, Avg: 2.8, Max: 3.0, Diff: 0.8, Sum: 11.1]
      [GC Worker End (ms): Min: 215292.0, Avg: 215292.1, Max: 215292.1, Diff: 0.0]
   [Code Root Fixup: 0.0 ms]
   [Code Root Migration: 0.0 ms]
   [Clear CT: 0.1 ms]
   [Other: 189.0 ms]
      [Choose CSet: 0.0 ms]
      [Ref Proc: 187.9 ms]
      [Ref Enq: 0.7 ms]
      [Free CSet: 0.4 ms]
   [Eden: 210.0M(210.0M)->0.0B(928.0M) Survivors: 19.0M->19.0M Heap: 2171.7M(4096.0M)->1961.7M(4096.0M)]
 [Times: user=0.73 sys=0.00, real=0.19 secs] 
2016-01-06T00:59:39.493-0800: 215.614: [GC pause (young)
Desired survivor size 62390272 bytes, new threshold 15 (max 15)
- age   1:   17315632 bytes,   17315632 total
2016-01-06T00:59:39.685-0800: 215.805: [SoftReference, 0 refs, 0.0005320 secs]2016-01-06T00:59:39.685-0800: 215.806: [WeakReference, 0 refs, 0.0003420 secs]2016-01-06T00:59:39.685-0800: 215.806: [FinalReference, 0 refs, 0.0002460 secs]2016-01-06T00:59:39.686-0800: 215.807: [PhantomReference, 0 refs, 29275 refs, 0.0010990 secs]2016-01-06T00:59:39.687-0800: 215.808: [JNI Weak Reference, 0.0000090 secs], 0.1980670 secs]
   [Parallel Time: 7.3 ms, GC Workers: 4]
      [GC Worker Start (ms): Min: 215613.8, Avg: 215613.8, Max: 215613.8, Diff: 0.1]
      [Ext Root Scanning (ms): Min: 0.3, Avg: 0.4, Max: 0.4, Diff: 0.1, Sum: 1.5]
      [SATB Filtering (ms): Min: 0.0, Avg: 0.0, Max: 0.0, Diff: 0.0, Sum: 0.0]
      [Update RS (ms): Min: 0.0, Avg: 0.1, Max: 0.3, Diff: 0.3, Sum: 0.4]
         [Processed Buffers: Min: 1, Avg: 1.5, Max: 3, Diff: 2, Sum: 6]
      [Scan RS (ms): Min: 0.3, Avg: 0.4, Max: 0.5, Diff: 0.2, Sum: 1.7]
      [Code Root Scanning (ms): Min: 0.0, Avg: 0.0, Max: 0.1, Diff: 0.0, Sum: 0.2]
      [Object Copy (ms): Min: 6.2, Avg: 6.2, Max: 6.2, Diff: 0.0, Sum: 24.8]
      [Termination (ms): Min: 0.0, Avg: 0.0, Max: 0.0, Diff: 0.0, Sum: 0.0]
      [GC Worker Other (ms): Min: 0.0, Avg: 0.1, Max: 0.1, Diff: 0.1, Sum: 0.2]
      [GC Worker Total (ms): Min: 7.2, Avg: 7.2, Max: 7.2, Diff: 0.1, Sum: 28.8]
      [GC Worker End (ms): Min: 215620.9, Avg: 215621.0, Max: 215621.0, Diff: 0.1]
   [Code Root Fixup: 0.0 ms]
   [Code Root Migration: 0.1 ms]
   [Clear CT: 0.3 ms]
   [Other: 190.3 ms]
      [Choose CSet: 0.0 ms]
      [Ref Proc: 186.7 ms]
      [Ref Enq: 2.3 ms]
      [Free CSet: 1.2 ms]
   [Eden: 928.0M(928.0M)->0.0B(777.0M) Survivors: 19.0M->20.0M Heap: 2889.7M(4096.0M)->1963.2M(4096.0M)]
 [Times: user=0.70 sys=0.00, real=0.20 secs] 
2016-01-06T00:59:39.810-0800: 215.931: [GC pause (young)
Desired survivor size 52428800 bytes, new threshold 15 (max 15)
- age   1:   18918208 bytes,   18918208 total
- age   2:      36864 bytes,   18955072 total
2016-01-06T00:59:40.002-0800: 216.123: [SoftReference, 0 refs, 0.0005160 secs]2016-01-06T00:59:40.002-0800: 216.123: [WeakReference, 0 refs, 0.0002400 secs]2016-01-06T00:59:40.002-0800: 216.123: [FinalReference, 0 refs, 0.0003680 secs]2016-01-06T00:59:40.003-0800: 216.124: [PhantomReference, 0 refs, 24594 refs, 0.0011210 secs]2016-01-06T00:59:40.004-0800: 216.125: [JNI Weak Reference, 0.0000110 secs], 0.1979710 secs]
   [Parallel Time: 5.7 ms, GC Workers: 4]
      [GC Worker Start (ms): Min: 215930.7, Avg: 215930.8, Max: 215930.8, Diff: 0.1]
      [Ext Root Scanning (ms): Min: 0.3, Avg: 0.4, Max: 0.4, Diff: 0.1, Sum: 1.4]
      [SATB Filtering (ms): Min: 0.0, Avg: 0.0, Max: 0.0, Diff: 0.0, Sum: 0.0]
      [Update RS (ms): Min: 0.0, Avg: 0.1, Max: 0.3, Diff: 0.3, Sum: 0.3]
         [Processed Buffers: Min: 0, Avg: 1.5, Max: 5, Diff: 5, Sum: 6]
      [Scan RS (ms): Min: 0.2, Avg: 0.3, Max: 0.4, Diff: 0.2, Sum: 1.4]
      [Code Root Scanning (ms): Min: 0.0, Avg: 0.0, Max: 0.1, Diff: 0.0, Sum: 0.2]
      [Object Copy (ms): Min: 4.7, Avg: 4.8, Max: 4.8, Diff: 0.0, Sum: 19.0]
      [Termination (ms): Min: 0.0, Avg: 0.0, Max: 0.0, Diff: 0.0, Sum: 0.0]
      [GC Worker Other (ms): Min: 0.0, Avg: 0.0, Max: 0.1, Diff: 0.0, Sum: 0.1]
      [GC Worker Total (ms): Min: 5.6, Avg: 5.6, Max: 5.6, Diff: 0.0, Sum: 22.4]
      [GC Worker End (ms): Min: 215936.4, Avg: 215936.4, Max: 215936.4, Diff: 0.0]
   [Code Root Fixup: 0.0 ms]
   [Code Root Migration: 0.1 ms]
   [Clear CT: 0.2 ms]
   [Other: 191.9 ms]
      [Choose CSet: 0.0 ms]
      [Ref Proc: 188.4 ms]
      [Ref Enq: 2.4 ms]
      [Free CSet: 1.0 ms]
   [Eden: 777.0M(777.0M)->0.0B(598.0M) Survivors: 20.0M->13.0M Heap: 2740.2M(4096.0M)->1955.7M(4096.0M)]
 [Times: user=0.74 sys=0.00, real=0.20 secs] 
2016-01-06T00:59:40.098-0800: 216.219: [GC pause (young)
Desired survivor size 40370176 bytes, new threshold 15 (max 15)
- age   1:   11128312 bytes,   11128312 total
- age   2:      36864 bytes,   11165176 total
2016-01-06T00:59:40.290-0800: 216.411: [SoftReference, 0 refs, 0.0004250 secs]2016-01-06T00:59:40.290-0800: 216.411: [WeakReference, 0 refs, 0.0002260 secs]2016-01-06T00:59:40.291-0800: 216.412: [FinalReference, 0 refs, 0.0003530 secs]2016-01-06T00:59:40.291-0800: 216.412: [PhantomReference, 0 refs, 19045 refs, 0.0008450 secs]2016-01-06T00:59:40.292-0800: 216.413: [JNI Weak Reference, 0.0000090 secs], 0.1963210 secs]
   [Parallel Time: 4.7 ms, GC Workers: 4]
      [GC Worker Start (ms): Min: 216219.4, Avg: 216219.5, Max: 216219.5, Diff: 0.1]
      [Ext Root Scanning (ms): Min: 0.3, Avg: 0.4, Max: 0.4, Diff: 0.1, Sum: 1.4]
      [SATB Filtering (ms): Min: 0.0, Avg: 0.0, Max: 0.0, Diff: 0.0, Sum: 0.0]
      [Update RS (ms): Min: 0.0, Avg: 0.1, Max: 0.3, Diff: 0.3, Sum: 0.3]
         [Processed Buffers: Min: 0, Avg: 1.2, Max: 3, Diff: 3, Sum: 5]
      [Scan RS (ms): Min: 0.1, Avg: 0.3, Max: 0.3, Diff: 0.2, Sum: 1.1]
      [Code Root Scanning (ms): Min: 0.0, Avg: 0.0, Max: 0.0, Diff: 0.0, Sum: 0.1]
      [Object Copy (ms): Min: 3.8, Avg: 3.8, Max: 3.8, Diff: 0.0, Sum: 15.3]
      [Termination (ms): Min: 0.0, Avg: 0.0, Max: 0.0, Diff: 0.0, Sum: 0.0]
      [GC Worker Other (ms): Min: 0.0, Avg: 0.0, Max: 0.1, Diff: 0.1, Sum: 0.2]
      [GC Worker Total (ms): Min: 4.6, Avg: 4.6, Max: 4.6, Diff: 0.0, Sum: 18.4]
      [GC Worker End (ms): Min: 216224.1, Avg: 216224.1, Max: 216224.1, Diff: 0.1]
   [Code Root Fixup: 0.0 ms]
   [Code Root Migration: 0.1 ms]
   [Clear CT: 0.2 ms]
   [Other: 191.3 ms]
      [Choose CSet: 0.0 ms]
      [Ref Proc: 188.7 ms]
      [Ref Enq: 1.7 ms]
      [Free CSet: 0.8 ms]
   [Eden: 598.0M(598.0M)->0.0B(847.0M) Survivors: 13.0M->19.0M Heap: 2553.7M(4096.0M)->1962.2M(4096.0M)]
 [Times: user=0.75 sys=0.00, real=0.19 secs] 
2016-01-06T00:59:40.414-0800: 216.535: [GC pause (young)
Desired survivor size 57147392 bytes, new threshold 15 (max 15)
- age   1:   18181648 bytes,   18181648 total
- age   2:      36864 bytes,   18218512 total
2016-01-06T00:59:40.614-0800: 216.735: [SoftReference, 0 refs, 0.0005190 secs]2016-01-06T00:59:40.615-0800: 216.736: [WeakReference, 0 refs, 0.0002340 secs]2016-01-06T00:59:40.615-0800: 216.736: [FinalReference, 0 refs, 0.0002510 secs]2016-01-06T00:59:40.615-0800: 216.736: [PhantomReference, 0 refs, 26767 refs, 0.0009530 secs]2016-01-06T00:59:40.616-0800: 216.737: [JNI Weak Reference, 0.0000080 secs], 0.2057350 secs]
   [Parallel Time: 6.6 ms, GC Workers: 4]
      [GC Worker Start (ms): Min: 216535.5, Avg: 216536.1, Max: 216537.9, Diff: 2.4]
      [Ext Root Scanning (ms): Min: 0.0, Avg: 0.3, Max: 0.5, Diff: 0.4, Sum: 1.2]
      [SATB Filtering (ms): Min: 0.0, Avg: 0.0, Max: 0.0, Diff: 0.0, Sum: 0.0]
      [Update RS (ms): Min: 0.0, Avg: 0.1, Max: 0.2, Diff: 0.2, Sum: 0.2]
         [Processed Buffers: Min: 0, Avg: 1.2, Max: 4, Diff: 4, Sum: 5]
      [Scan RS (ms): Min: 0.1, Avg: 0.3, Max: 0.5, Diff: 0.4, Sum: 1.4]
      [Code Root Scanning (ms): Min: 0.0, Avg: 0.0, Max: 0.1, Diff: 0.1, Sum: 0.1]
      [Object Copy (ms): Min: 4.0, Avg: 5.1, Max: 5.5, Diff: 1.5, Sum: 20.4]
      [Termination (ms): Min: 0.0, Avg: 0.0, Max: 0.0, Diff: 0.0, Sum: 0.0]
      [GC Worker Other (ms): Min: 0.0, Avg: 0.0, Max: 0.1, Diff: 0.1, Sum: 0.2]
      [GC Worker Total (ms): Min: 4.1, Avg: 5.9, Max: 6.5, Diff: 2.4, Sum: 23.6]
      [GC Worker End (ms): Min: 216542.0, Avg: 216542.0, Max: 216542.0, Diff: 0.1]
   [Code Root Fixup: 0.0 ms]
   [Code Root Migration: 0.1 ms]
   [Clear CT: 0.3 ms]
   [Other: 198.7 ms]
      [Choose CSet: 0.0 ms]
      [Ref Proc: 194.9 ms]
      [Ref Enq: 2.6 ms]
      [Free CSet: 1.1 ms]
   [Eden: 847.0M(847.0M)->0.0B(184.0M) Survivors: 19.0M->20.0M Heap: 2809.2M(4096.0M)->1963.2M(4096.0M)]
 [Times: user=0.74 sys=0.01, real=0.21 secs] 
2016-01-06T00:59:40.647-0800: 216.768: [GC pause (young)
Desired survivor size 13631488 bytes, new threshold 1 (max 15)
- age   1:   18737416 bytes,   18737416 total
- age   2:      36864 bytes,   18774280 total
2016-01-06T00:59:40.841-0800: 216.962: [SoftReference, 0 refs, 0.0004200 secs]2016-01-06T00:59:40.842-0800: 216.963: [WeakReference, 0 refs, 0.0003270 secs]2016-01-06T00:59:40.842-0800: 216.963: [FinalReference, 0 refs, 0.0002360 secs]2016-01-06T00:59:40.842-0800: 216.963: [PhantomReference, 0 refs, 6214 refs, 0.0007750 secs]2016-01-06T00:59:40.843-0800: 216.964: [JNI Weak Reference, 0.0000080 secs], 0.1968130 secs]
   [Parallel Time: 3.1 ms, GC Workers: 4]
      [GC Worker Start (ms): Min: 216768.4, Avg: 216768.6, Max: 216769.2, Diff: 0.8]
      [Ext Root Scanning (ms): Min: 0.0, Avg: 0.3, Max: 0.5, Diff: 0.4, Sum: 1.2]
      [SATB Filtering (ms): Min: 0.0, Avg: 0.0, Max: 0.0, Diff: 0.0, Sum: 0.0]
      [Update RS (ms): Min: 0.0, Avg: 0.1, Max: 0.2, Diff: 0.2, Sum: 0.2]
         [Processed Buffers: Min: 0, Avg: 1.2, Max: 3, Diff: 3, Sum: 5]
      [Scan RS (ms): Min: 0.0, Avg: 0.1, Max: 0.2, Diff: 0.1, Sum: 0.3]
      [Code Root Scanning (ms): Min: 0.0, Avg: 0.0, Max: 0.0, Diff: 0.0, Sum: 0.0]
      [Object Copy (ms): Min: 2.2, Avg: 2.3, Max: 2.4, Diff: 0.2, Sum: 9.4]
      [Termination (ms): Min: 0.0, Avg: 0.0, Max: 0.0, Diff: 0.0, Sum: 0.0]
      [GC Worker Other (ms): Min: 0.0, Avg: 0.0, Max: 0.0, Diff: 0.0, Sum: 0.0]
      [GC Worker Total (ms): Min: 2.2, Avg: 2.8, Max: 3.0, Diff: 0.8, Sum: 11.3]
      [GC Worker End (ms): Min: 216771.4, Avg: 216771.4, Max: 216771.5, Diff: 0.0]
   [Code Root Fixup: 0.0 ms]
   [Code Root Migration: 0.0 ms]
   [Clear CT: 0.1 ms]
   [Other: 193.5 ms]
      [Choose CSet: 0.0 ms]
      [Ref Proc: 192.5 ms]
      [Ref Enq: 0.6 ms]
      [Free CSet: 0.3 ms]
   [Eden: 184.0M(184.0M)->0.0B(186.0M) Survivors: 20.0M->18.0M Heap: 2147.2M(4096.0M)->1961.2M(4096.0M)]
 [Times: user=0.75 sys=0.00, real=0.19 secs] 
2016-01-06T00:59:40.873-0800: 216.994: [GC pause (young)
Desired survivor size 13631488 bytes, new threshold 1 (max 15)
- age   1:   17257600 bytes,   17257600 total
2016-01-06T00:59:41.066-0800: 217.187: [SoftReference, 0 refs, 0.0004350 secs]2016-01-06T00:59:41.067-0800: 217.187: [WeakReference, 0 refs, 0.0002610 secs]2016-01-06T00:59:41.067-0800: 217.188: [FinalReference, 0 refs, 0.0003610 secs]2016-01-06T00:59:41.067-0800: 217.188: [PhantomReference, 0 refs, 6276 refs, 0.0005360 secs]2016-01-06T00:59:41.068-0800: 217.189: [JNI Weak Reference, 0.0000090 secs], 0.1957120 secs]
   [Parallel Time: 3.7 ms, GC Workers: 4]
      [GC Worker Start (ms): Min: 216994.2, Avg: 216995.1, Max: 216997.8, Diff: 3.6]
      [Ext Root Scanning (ms): Min: 0.0, Avg: 0.3, Max: 0.5, Diff: 0.5, Sum: 1.4]
      [SATB Filtering (ms): Min: 0.0, Avg: 0.0, Max: 0.0, Diff: 0.0, Sum: 0.0]
      [Update RS (ms): Min: 0.0, Avg: 0.1, Max: 0.3, Diff: 0.3, Sum: 0.5]
         [Processed Buffers: Min: 0, Avg: 1.5, Max: 3, Diff: 3, Sum: 6]
      [Scan RS (ms): Min: 0.0, Avg: 0.1, Max: 0.2, Diff: 0.2, Sum: 0.3]
      [Code Root Scanning (ms): Min: 0.0, Avg: 0.0, Max: 0.0, Diff: 0.0, Sum: 0.0]
      [Object Copy (ms): Min: 0.0, Avg: 1.2, Max: 1.6, Diff: 1.6, Sum: 4.6]
      [Termination (ms): Min: 0.0, Avg: 1.0, Max: 1.4, Diff: 1.4, Sum: 4.0]
      [GC Worker Other (ms): Min: 0.0, Avg: 0.0, Max: 0.0, Diff: 0.0, Sum: 0.0]
      [GC Worker Total (ms): Min: 0.0, Avg: 2.7, Max: 3.7, Diff: 3.6, Sum: 11.0]
      [GC Worker End (ms): Min: 216997.8, Avg: 216997.8, Max: 216997.8, Diff: 0.0]
   [Code Root Fixup: 0.0 ms]
   [Code Root Migration: 0.0 ms]
   [Clear CT: 0.2 ms]
   [Other: 191.8 ms]
      [Choose CSet: 0.0 ms]
      [Ref Proc: 190.7 ms]
      [Ref Enq: 0.6 ms]
      [Free CSet: 0.4 ms]
   [Eden: 186.0M(186.0M)->0.0B(614.0M) Survivors: 18.0M->9216.0K Heap: 2147.2M(4096.0M)->1951.8M(4096.0M)]
 [Times: user=0.75 sys=0.01, real=0.20 secs] 
2016-01-06T00:59:41.162-0800: 217.283: [GC pause (young)
Desired survivor size 40894464 bytes, new threshold 15 (max 15)
- age   1:    8003440 bytes,    8003440 total
2016-01-06T00:59:41.355-0800: 217.475: [SoftReference, 0 refs, 0.0004780 secs]2016-01-06T00:59:41.363-0800: 217.484: [WeakReference, 0 refs, 0.0002380 secs]2016-01-06T00:59:41.363-0800: 217.484: [FinalReference, 0 refs, 0.0002270 secs]2016-01-06T00:59:41.363-0800: 217.484: [PhantomReference, 0 refs, 19543 refs, 0.0010430 secs]2016-01-06T00:59:41.364-0800: 217.485: [JNI Weak Reference, 0.0000110 secs], 0.2057180 secs]
   [Parallel Time: 5.1 ms, GC Workers: 4]
      [GC Worker Start (ms): Min: 217282.7, Avg: 217282.8, Max: 217282.8, Diff: 0.1]
      [Ext Root Scanning (ms): Min: 0.3, Avg: 0.4, Max: 0.4, Diff: 0.1, Sum: 1.4]
      [SATB Filtering (ms): Min: 0.0, Avg: 0.0, Max: 0.0, Diff: 0.0, Sum: 0.0]
      [Update RS (ms): Min: 0.0, Avg: 0.1, Max: 0.2, Diff: 0.2, Sum: 0.4]
         [Processed Buffers: Min: 0, Avg: 1.2, Max: 3, Diff: 3, Sum: 5]
      [Scan RS (ms): Min: 0.2, Avg: 0.3, Max: 0.3, Diff: 0.1, Sum: 1.1]
      [Code Root Scanning (ms): Min: 0.0, Avg: 0.0, Max: 0.0, Diff: 0.0, Sum: 0.1]
      [Object Copy (ms): Min: 4.1, Avg: 4.1, Max: 4.2, Diff: 0.0, Sum: 16.6]
      [Termination (ms): Min: 0.0, Avg: 0.0, Max: 0.0, Diff: 0.0, Sum: 0.0]
      [GC Worker Other (ms): Min: 0.0, Avg: 0.0, Max: 0.0, Diff: 0.0, Sum: 0.1]
      [GC Worker Total (ms): Min: 4.9, Avg: 4.9, Max: 5.0, Diff: 0.1, Sum: 19.8]
      [GC Worker End (ms): Min: 217287.7, Avg: 217287.7, Max: 217287.7, Diff: 0.0]
   [Code Root Fixup: 0.0 ms]
   [Code Root Migration: 0.1 ms]
   [Clear CT: 0.2 ms]
   [Other: 200.4 ms]
      [Choose CSet: 0.0 ms]
      [Ref Proc: 197.5 ms]
      [Ref Enq: 1.9 ms]
      [Free CSet: 0.8 ms]
   [Eden: 614.0M(614.0M)->0.0B(184.0M) Survivors: 9216.0K->20.0M Heap: 2565.8M(4096.0M)->1962.8M(4096.0M)]
 [Times: user=0.74 sys=0.00, real=0.21 secs] 
2016-01-06T00:59:41.396-0800: 217.517: [GC pause (young)
Desired survivor size 13631488 bytes, new threshold 1 (max 15)
- age   1:   18217360 bytes,   18217360 total
- age   2:      36864 bytes,   18254224 total
2016-01-06T00:59:41.586-0800: 217.707: [SoftReference, 0 refs, 0.0004200 secs]2016-01-06T00:59:41.586-0800: 217.707: [WeakReference, 0 refs, 0.0002370 secs]2016-01-06T00:59:41.587-0800: 217.708: [FinalReference, 0 refs, 0.0002300 secs]2016-01-06T00:59:41.587-0800: 217.708: [PhantomReference, 0 refs, 6213 refs, 0.0005440 secs]2016-01-06T00:59:41.587-0800: 217.708: [JNI Weak Reference, 0.0000080 secs], 0.1927650 secs]
   [Parallel Time: 3.0 ms, GC Workers: 4]
      [GC Worker Start (ms): Min: 217516.7, Avg: 217516.7, Max: 217516.8, Diff: 0.1]
      [Ext Root Scanning (ms): Min: 0.3, Avg: 0.4, Max: 0.4, Diff: 0.1, Sum: 1.4]
      [SATB Filtering (ms): Min: 0.0, Avg: 0.0, Max: 0.0, Diff: 0.0, Sum: 0.0]
      [Update RS (ms): Min: 0.0, Avg: 0.1, Max: 0.3, Diff: 0.3, Sum: 0.3]
         [Processed Buffers: Min: 0, Avg: 1.5, Max: 3, Diff: 3, Sum: 6]
      [Scan RS (ms): Min: 0.0, Avg: 0.1, Max: 0.1, Diff: 0.1, Sum: 0.3]
      [Code Root Scanning (ms): Min: 0.0, Avg: 0.0, Max: 0.0, Diff: 0.0, Sum: 0.0]
      [Object Copy (ms): Min: 2.2, Avg: 2.3, Max: 2.4, Diff: 0.1, Sum: 9.3]
      [Termination (ms): Min: 0.0, Avg: 0.0, Max: 0.0, Diff: 0.0, Sum: 0.0]
      [GC Worker Other (ms): Min: 0.0, Avg: 0.0, Max: 0.0, Diff: 0.0, Sum: 0.1]
      [GC Worker Total (ms): Min: 2.8, Avg: 2.9, Max: 2.9, Diff: 0.1, Sum: 11.5]
      [GC Worker End (ms): Min: 217519.6, Avg: 217519.6, Max: 217519.6, Diff: 0.0]
   [Code Root Fixup: 0.0 ms]
   [Code Root Migration: 0.0 ms]
   [Clear CT: 0.1 ms]
   [Other: 189.6 ms]
      [Choose CSet: 0.0 ms]
      [Ref Proc: 188.6 ms]
      [Ref Enq: 0.5 ms]
      [Free CSet: 0.3 ms]
   [Eden: 184.0M(184.0M)->0.0B(379.0M) Survivors: 20.0M->19.0M Heap: 2146.8M(4096.0M)->1962.3M(4096.0M)]
 [Times: user=0.75 sys=0.00, real=0.20 secs] 
2016-01-06T00:59:41.645-0800: 217.766: [GC pause (young)
Desired survivor size 26214400 bytes, new threshold 15 (max 15)
- age   1:   17257600 bytes,   17257600 total
2016-01-06T00:59:41.851-0800: 217.972: [SoftReference, 0 refs, 0.0004380 secs]2016-01-06T00:59:41.851-0800: 217.972: [WeakReference, 0 refs, 0.0003050 secs]2016-01-06T00:59:41.852-0800: 217.973: [FinalReference, 0 refs, 0.0003310 secs]2016-01-06T00:59:41.852-0800: 217.973: [PhantomReference, 0 refs, 12257 refs, 0.0012230 secs]2016-01-06T00:59:41.853-0800: 217.974: [JNI Weak Reference, 0.0000080 secs], 0.2102020 secs]
   [Parallel Time: 4.0 ms, GC Workers: 4]
      [GC Worker Start (ms): Min: 217766.1, Avg: 217766.1, Max: 217766.2, Diff: 0.1]
      [Ext Root Scanning (ms): Min: 0.5, Avg: 1.3, Max: 3.8, Diff: 3.3, Sum: 5.2]
      [SATB Filtering (ms): Min: 0.0, Avg: 0.0, Max: 0.0, Diff: 0.0, Sum: 0.0]
      [Update RS (ms): Min: 0.0, Avg: 0.1, Max: 0.3, Diff: 0.3, Sum: 0.4]
         [Processed Buffers: Min: 0, Avg: 1.5, Max: 4, Diff: 4, Sum: 6]
      [Scan RS (ms): Min: 0.1, Avg: 0.2, Max: 0.3, Diff: 0.2, Sum: 0.7]
      [Code Root Scanning (ms): Min: 0.0, Avg: 0.0, Max: 0.0, Diff: 0.0, Sum: 0.1]
      [Object Copy (ms): Min: 0.0, Avg: 2.0, Max: 2.7, Diff: 2.7, Sum: 8.1]
      [Termination (ms): Min: 0.0, Avg: 0.2, Max: 0.3, Diff: 0.3, Sum: 0.8]
      [GC Worker Other (ms): Min: 0.0, Avg: 0.0, Max: 0.0, Diff: 0.0, Sum: 0.1]
      [GC Worker Total (ms): Min: 3.8, Avg: 3.8, Max: 3.9, Diff: 0.1, Sum: 15.4]
      [GC Worker End (ms): Min: 217770.0, Avg: 217770.0, Max: 217770.0, Diff: 0.0]
   [Code Root Fixup: 0.0 ms]
   [Code Root Migration: 0.1 ms]
   [Clear CT: 0.2 ms]
   [Other: 206.0 ms]
      [Choose CSet: 0.0 ms]
      [Ref Proc: 204.0 ms]
      [Ref Enq: 1.2 ms]
      [Free CSet: 0.7 ms]
   [Eden: 379.0M(379.0M)->0.0B(185.0M) Survivors: 19.0M->19.0M Heap: 2341.3M(4096.0M)->1961.8M(4096.0M)]
 [Times: user=0.72 sys=0.00, real=0.20 secs] 
2016-01-06T00:59:41.884-0800: 218.005: [GC pause (young)
Desired survivor size 13631488 bytes, new threshold 1 (max 15)
- age   1:   17692840 bytes,   17692840 total
- age   2:      36864 bytes,   17729704 total
2016-01-06T00:59:42.081-0800: 218.202: [SoftReference, 0 refs, 0.0004080 secs]2016-01-06T00:59:42.082-0800: 218.203: [WeakReference, 0 refs, 0.0002190 secs]2016-01-06T00:59:42.082-0800: 218.203: [FinalReference, 0 refs, 0.0003240 secs]2016-01-06T00:59:42.082-0800: 218.203: [PhantomReference, 0 refs, 6245 refs, 0.0006140 secs]2016-01-06T00:59:42.083-0800: 218.204: [JNI Weak Reference, 0.0000090 secs], 0.1998890 secs]
   [Parallel Time: 5.1 ms, GC Workers: 4]
      [GC Worker Start (ms): Min: 218005.0, Avg: 218005.3, Max: 218005.9, Diff: 0.9]
      [Ext Root Scanning (ms): Min: 0.0, Avg: 0.4, Max: 0.5, Diff: 0.5, Sum: 1.4]
      [SATB Filtering (ms): Min: 0.0, Avg: 0.0, Max: 0.0, Diff: 0.0, Sum: 0.0]
      [Update RS (ms): Min: 0.0, Avg: 0.7, Max: 2.9, Diff: 2.9, Sum: 2.9]
         [Processed Buffers: Min: 0, Avg: 1.2, Max: 4, Diff: 4, Sum: 5]
      [Scan RS (ms): Min: 0.0, Avg: 0.1, Max: 0.2, Diff: 0.1, Sum: 0.3]
      [Code Root Scanning (ms): Min: 0.0, Avg: 0.0, Max: 0.0, Diff: 0.0, Sum: 0.0]
      [Object Copy (ms): Min: 0.0, Avg: 1.9, Max: 2.7, Diff: 2.6, Sum: 7.8]
      [Termination (ms): Min: 0.0, Avg: 0.1, Max: 0.2, Diff: 0.2, Sum: 0.5]
      [GC Worker Other (ms): Min: 0.0, Avg: 0.0, Max: 0.0, Diff: 0.0, Sum: 0.1]
      [GC Worker Total (ms): Min: 2.7, Avg: 3.3, Max: 3.5, Diff: 0.8, Sum: 13.1]
      [GC Worker End (ms): Min: 218008.6, Avg: 218008.6, Max: 218008.6, Diff: 0.0]
   [Code Root Fixup: 0.0 ms]
   [Code Root Migration: 0.0 ms]
   [Clear CT: 0.1 ms]
   [Other: 194.7 ms]
      [Choose CSet: 0.0 ms]
      [Ref Proc: 193.7 ms]
      [Ref Enq: 0.6 ms]
      [Free CSet: 0.3 ms]
   [Eden: 185.0M(185.0M)->0.0B(186.0M) Survivors: 19.0M->18.0M Heap: 2146.8M(4096.0M)->1961.4M(4096.0M)]
 [Times: user=0.75 sys=0.00, real=0.20 secs] 
2016-01-06T00:59:42.112-0800: 218.233: [GC pause (young)
Desired survivor size 13631488 bytes, new threshold 1 (max 15)
- age   1:   17259832 bytes,   17259832 total
2016-01-06T00:59:42.304-0800: 218.425: [SoftReference, 0 refs, 0.0006050 secs]2016-01-06T00:59:42.305-0800: 218.426: [WeakReference, 0 refs, 0.0002270 secs]2016-01-06T00:59:42.305-0800: 218.426: [FinalReference, 0 refs, 0.0002420 secs]2016-01-06T00:59:42.306-0800: 218.426: [PhantomReference, 0 refs, 6275 refs, 0.0008280 secs]2016-01-06T00:59:42.306-0800: 218.427: [JNI Weak Reference, 0.0000080 secs], 0.1951670 secs]
   [Parallel Time: 3.2 ms, GC Workers: 4]
      [GC Worker Start (ms): Min: 218233.3, Avg: 218233.5, Max: 218233.9, Diff: 0.6]
      [Ext Root Scanning (ms): Min: 0.0, Avg: 0.3, Max: 0.5, Diff: 0.5, Sum: 1.2]
      [SATB Filtering (ms): Min: 0.0, Avg: 0.0, Max: 0.0, Diff: 0.0, Sum: 0.0]
      [Update RS (ms): Min: 0.0, Avg: 0.1, Max: 0.2, Diff: 0.2, Sum: 0.4]
         [Processed Buffers: Min: 0, Avg: 1.2, Max: 3, Diff: 3, Sum: 5]
      [Scan RS (ms): Min: 0.0, Avg: 0.1, Max: 0.1, Diff: 0.1, Sum: 0.4]
      [Code Root Scanning (ms): Min: 0.0, Avg: 0.0, Max: 0.0, Diff: 0.0, Sum: 0.0]
      [Object Copy (ms): Min: 2.3, Avg: 2.4, Max: 2.4, Diff: 0.0, Sum: 9.5]
      [Termination (ms): Min: 0.0, Avg: 0.0, Max: 0.0, Diff: 0.0, Sum: 0.0]
      [GC Worker Other (ms): Min: 0.0, Avg: 0.0, Max: 0.0, Diff: 0.0, Sum: 0.1]
      [GC Worker Total (ms): Min: 2.5, Avg: 2.9, Max: 3.1, Diff: 0.6, Sum: 11.6]
      [GC Worker End (ms): Min: 218236.4, Avg: 218236.4, Max: 218236.4, Diff: 0.0]
   [Code Root Fixup: 0.0 ms]
   [Code Root Migration: 0.0 ms]
   [Clear CT: 0.1 ms]
   [Other: 191.8 ms]
      [Choose CSet: 0.0 ms]
      [Ref Proc: 190.8 ms]
      [Ref Enq: 0.5 ms]
      [Free CSet: 0.4 ms]
   [Eden: 186.0M(186.0M)->0.0B(185.0M) Survivors: 18.0M->19.0M Heap: 2147.4M(4096.0M)->1961.9M(4096.0M)]
 [Times: user=0.73 sys=0.01, real=0.20 secs] 
2016-01-06T00:59:42.336-0800: 218.457: [GC pause (young)
Desired survivor size 13631488 bytes, new threshold 1 (max 15)
- age   1:   17262064 bytes,   17262064 total
2016-01-06T00:59:42.548-0800: 218.669: [SoftReference, 0 refs, 0.0004910 secs]2016-01-06T00:59:42.548-0800: 218.669: [WeakReference, 0 refs, 0.0002750 secs]2016-01-06T00:59:42.549-0800: 218.670: [FinalReference, 0 refs, 0.0003050 secs]2016-01-06T00:59:42.549-0800: 218.670: [PhantomReference, 0 refs, 6242 refs, 0.0005630 secs]2016-01-06T00:59:42.550-0800: 218.671: [JNI Weak Reference, 0.0000080 secs], 0.2150120 secs]
   [Parallel Time: 3.0 ms, GC Workers: 4]
      [GC Worker Start (ms): Min: 218456.7, Avg: 218456.8, Max: 218456.8, Diff: 0.1]
      [Ext Root Scanning (ms): Min: 0.3, Avg: 0.4, Max: 0.4, Diff: 0.1, Sum: 1.4]
      [SATB Filtering (ms): Min: 0.0, Avg: 0.0, Max: 0.0, Diff: 0.0, Sum: 0.0]
      [Update RS (ms): Min: 0.0, Avg: 0.1, Max: 0.3, Diff: 0.3, Sum: 0.4]
         [Processed Buffers: Min: 1, Avg: 1.5, Max: 3, Diff: 2, Sum: 6]
      [Scan RS (ms): Min: 0.0, Avg: 0.1, Max: 0.1, Diff: 0.1, Sum: 0.3]
      [Code Root Scanning (ms): Min: 0.0, Avg: 0.0, Max: 0.0, Diff: 0.0, Sum: 0.0]
      [Object Copy (ms): Min: 2.3, Avg: 2.3, Max: 2.4, Diff: 0.1, Sum: 9.3]
      [Termination (ms): Min: 0.0, Avg: 0.0, Max: 0.0, Diff: 0.0, Sum: 0.0]
      [GC Worker Other (ms): Min: 0.0, Avg: 0.0, Max: 0.0, Diff: 0.0, Sum: 0.1]
      [GC Worker Total (ms): Min: 2.9, Avg: 2.9, Max: 2.9, Diff: 0.1, Sum: 11.6]
      [GC Worker End (ms): Min: 218459.7, Avg: 218459.7, Max: 218459.7, Diff: 0.0]
   [Code Root Fixup: 0.0 ms]
   [Code Root Migration: 0.0 ms]
   [Clear CT: 0.1 ms]
   [Other: 211.8 ms]
      [Choose CSet: 0.0 ms]
      [Ref Proc: 210.8 ms]
      [Ref Enq: 0.6 ms]
      [Free CSet: 0.3 ms]
   [Eden: 185.0M(185.0M)->0.0B(185.0M) Survivors: 19.0M->19.0M Heap: 2146.9M(4096.0M)->1961.9M(4096.0M)]
 [Times: user=0.77 sys=0.01, real=0.22 secs] 
2016-01-06T00:59:42.579-0800: 218.700: [GC pause (young)
Desired survivor size 13631488 bytes, new threshold 1 (max 15)
- age   1:   17259832 bytes,   17259832 total
2016-01-06T00:59:42.771-0800: 218.892: [SoftReference, 0 refs, 0.0004540 secs]2016-01-06T00:59:42.772-0800: 218.893: [WeakReference, 0 refs, 0.0002530 secs]2016-01-06T00:59:42.772-0800: 218.893: [FinalReference, 0 refs, 0.0002610 secs]2016-01-06T00:59:42.772-0800: 218.893: [PhantomReference, 0 refs, 6244 refs, 0.0005700 secs]2016-01-06T00:59:42.773-0800: 218.894: [JNI Weak Reference, 0.0000090 secs], 0.1949210 secs]
   [Parallel Time: 2.9 ms, GC Workers: 4]
      [GC Worker Start (ms): Min: 218700.0, Avg: 218700.1, Max: 218700.1, Diff: 0.1]
      [Ext Root Scanning (ms): Min: 0.3, Avg: 0.3, Max: 0.4, Diff: 0.1, Sum: 1.4]
      [SATB Filtering (ms): Min: 0.0, Avg: 0.0, Max: 0.0, Diff: 0.0, Sum: 0.0]
      [Update RS (ms): Min: 0.0, Avg: 0.1, Max: 0.3, Diff: 0.3, Sum: 0.4]
         [Processed Buffers: Min: 0, Avg: 1.8, Max: 4, Diff: 4, Sum: 7]
      [Scan RS (ms): Min: 0.0, Avg: 0.1, Max: 0.1, Diff: 0.1, Sum: 0.3]
      [Code Root Scanning (ms): Min: 0.0, Avg: 0.0, Max: 0.0, Diff: 0.0, Sum: 0.1]
      [Object Copy (ms): Min: 2.2, Avg: 2.2, Max: 2.3, Diff: 0.1, Sum: 8.9]
      [Termination (ms): Min: 0.0, Avg: 0.0, Max: 0.0, Diff: 0.0, Sum: 0.0]
      [GC Worker Other (ms): Min: 0.0, Avg: 0.0, Max: 0.0, Diff: 0.0, Sum: 0.1]
      [GC Worker Total (ms): Min: 2.8, Avg: 2.8, Max: 2.8, Diff: 0.1, Sum: 11.3]
      [GC Worker End (ms): Min: 218702.9, Avg: 218702.9, Max: 218702.9, Diff: 0.0]
   [Code Root Fixup: 0.0 ms]
   [Code Root Migration: 0.0 ms]
   [Clear CT: 0.1 ms]
   [Other: 191.8 ms]
      [Choose CSet: 0.0 ms]
      [Ref Proc: 190.9 ms]
      [Ref Enq: 0.5 ms]
      [Free CSet: 0.3 ms]
   [Eden: 185.0M(185.0M)->0.0B(186.0M) Survivors: 19.0M->18.0M Heap: 2146.9M(4096.0M)->1961.5M(4096.0M)]
 [Times: user=0.75 sys=0.00, real=0.19 secs] 
2016-01-06T00:59:42.803-0800: 218.924: [GC pause (young)
Desired survivor size 13631488 bytes, new threshold 1 (max 15)
- age   1:   17259832 bytes,   17259832 total
2016-01-06T00:59:42.995-0800: 219.116: [SoftReference, 0 refs, 0.0004540 secs]2016-01-06T00:59:42.995-0800: 219.116: [WeakReference, 0 refs, 0.0002650 secs]2016-01-06T00:59:42.995-0800: 219.116: [FinalReference, 0 refs, 0.0002470 secs]2016-01-06T00:59:42.996-0800: 219.117: [PhantomReference, 0 refs, 6275 refs, 0.0006230 secs]2016-01-06T00:59:42.996-0800: 219.117: [JNI Weak Reference, 0.0000080 secs], 0.1948090 secs]
   [Parallel Time: 3.1 ms, GC Workers: 4]
      [GC Worker Start (ms): Min: 218923.6, Avg: 218923.7, Max: 218923.7, Diff: 0.1]
      [Ext Root Scanning (ms): Min: 0.3, Avg: 0.4, Max: 0.4, Diff: 0.1, Sum: 1.4]
      [SATB Filtering (ms): Min: 0.0, Avg: 0.0, Max: 0.0, Diff: 0.0, Sum: 0.0]
      [Update RS (ms): Min: 0.0, Avg: 0.1, Max: 0.3, Diff: 0.3, Sum: 0.4]
         [Processed Buffers: Min: 1, Avg: 1.5, Max: 2, Diff: 1, Sum: 6]
      [Scan RS (ms): Min: 0.0, Avg: 0.1, Max: 0.1, Diff: 0.1, Sum: 0.4]
      [Code Root Scanning (ms): Min: 0.0, Avg: 0.0, Max: 0.0, Diff: 0.0, Sum: 0.0]
      [Object Copy (ms): Min: 2.4, Avg: 2.4, Max: 2.5, Diff: 0.1, Sum: 9.7]
      [Termination (ms): Min: 0.0, Avg: 0.0, Max: 0.0, Diff: 0.0, Sum: 0.0]
      [GC Worker Other (ms): Min: 0.0, Avg: 0.0, Max: 0.0, Diff: 0.0, Sum: 0.1]
      [GC Worker Total (ms): Min: 3.0, Avg: 3.0, Max: 3.0, Diff: 0.1, Sum: 12.1]
      [GC Worker End (ms): Min: 218926.7, Avg: 218926.7, Max: 218926.7, Diff: 0.0]
   [Code Root Fixup: 0.0 ms]
   [Code Root Migration: 0.0 ms]
   [Clear CT: 0.1 ms]
   [Other: 191.5 ms]
      [Choose CSet: 0.0 ms]
      [Ref Proc: 190.6 ms]
      [Ref Enq: 0.6 ms]
      [Free CSet: 0.3 ms]
   [Eden: 186.0M(186.0M)->0.0B(185.0M) Survivors: 18.0M->19.0M Heap: 2147.5M(4096.0M)->1962.0M(4096.0M)]
 [Times: user=0.74 sys=0.00, real=0.20 secs] 
2016-01-06T00:59:43.026-0800: 219.147: [GC pause (young)
Desired survivor size 13631488 bytes, new threshold 1 (max 15)
- age   1:   17262064 bytes,   17262064 total
2016-01-06T00:59:43.215-0800: 219.336: [SoftReference, 0 refs, 0.0004620 secs]2016-01-06T00:59:43.215-0800: 219.336: [WeakReference, 0 refs, 0.0003280 secs]2016-01-06T00:59:43.216-0800: 219.337: [FinalReference, 0 refs, 0.0002130 secs]2016-01-06T00:59:43.216-0800: 219.337: [PhantomReference, 0 refs, 6245 refs, 0.0016870 secs]2016-01-06T00:59:43.218-0800: 219.339: [JNI Weak Reference, 0.0000090 secs], 0.1928610 secs]
   [Parallel Time: 3.1 ms, GC Workers: 4]
      [GC Worker Start (ms): Min: 219147.0, Avg: 219147.8, Max: 219149.9, Diff: 2.9]
      [Ext Root Scanning (ms): Min: 0.0, Avg: 0.3, Max: 0.5, Diff: 0.5, Sum: 1.3]
      [SATB Filtering (ms): Min: 0.0, Avg: 0.0, Max: 0.0, Diff: 0.0, Sum: 0.0]
      [Update RS (ms): Min: 0.0, Avg: 0.1, Max: 0.2, Diff: 0.2, Sum: 0.3]
         [Processed Buffers: Min: 0, Avg: 1.5, Max: 4, Diff: 4, Sum: 6]
      [Scan RS (ms): Min: 0.0, Avg: 0.1, Max: 0.1, Diff: 0.1, Sum: 0.3]
      [Code Root Scanning (ms): Min: 0.0, Avg: 0.0, Max: 0.0, Diff: 0.0, Sum: 0.0]
      [Object Copy (ms): Min: 0.0, Avg: 1.7, Max: 2.3, Diff: 2.3, Sum: 6.8]
      [Termination (ms): Min: 0.0, Avg: 0.1, Max: 0.1, Diff: 0.1, Sum: 0.2]
      [GC Worker Other (ms): Min: 0.0, Avg: 0.0, Max: 0.0, Diff: 0.0, Sum: 0.0]
      [GC Worker Total (ms): Min: 0.1, Avg: 2.2, Max: 3.0, Diff: 2.9, Sum: 9.0]
      [GC Worker End (ms): Min: 219150.0, Avg: 219150.0, Max: 219150.0, Diff: 0.0]
   [Code Root Fixup: 0.0 ms]
   [Code Root Migration: 0.0 ms]
   [Clear CT: 0.1 ms]
   [Other: 189.6 ms]
      [Choose CSet: 0.0 ms]
      [Ref Proc: 188.6 ms]
      [Ref Enq: 0.5 ms]
      [Free CSet: 0.4 ms]
   [Eden: 185.0M(185.0M)->0.0B(185.0M) Survivors: 19.0M->19.0M Heap: 2147.0M(4096.0M)->1962.1M(4096.0M)]
 [Times: user=0.72 sys=0.02, real=0.19 secs] 
2016-01-06T00:59:43.247-0800: 219.368: [GC pause (young)
Desired survivor size 13631488 bytes, new threshold 1 (max 15)
- age   1:   17259832 bytes,   17259832 total
2016-01-06T00:59:43.440-0800: 219.560: [SoftReference, 0 refs, 0.0006240 secs]2016-01-06T00:59:43.440-0800: 219.561: [WeakReference, 0 refs, 0.0002400 secs]2016-01-06T00:59:43.440-0800: 219.561: [FinalReference, 0 refs, 0.0002310 secs]2016-01-06T00:59:43.441-0800: 219.562: [PhantomReference, 0 refs, 6245 refs, 0.0005760 secs]2016-01-06T00:59:43.441-0800: 219.562: [JNI Weak Reference, 0.0000080 secs], 0.1952190 secs]
   [Parallel Time: 2.1 ms, GC Workers: 4]
      [GC Worker Start (ms): Min: 219368.2, Avg: 219368.6, Max: 219369.9, Diff: 1.7]
      [Ext Root Scanning (ms): Min: 0.0, Avg: 0.3, Max: 0.5, Diff: 0.5, Sum: 1.3]
      [SATB Filtering (ms): Min: 0.0, Avg: 0.0, Max: 0.0, Diff: 0.0, Sum: 0.0]
      [Update RS (ms): Min: 0.0, Avg: 0.1, Max: 0.3, Diff: 0.3, Sum: 0.4]
         [Processed Buffers: Min: 0, Avg: 1.2, Max: 3, Diff: 3, Sum: 5]
      [Scan RS (ms): Min: 0.0, Avg: 0.1, Max: 0.1, Diff: 0.1, Sum: 0.3]
      [Code Root Scanning (ms): Min: 0.0, Avg: 0.0, Max: 0.0, Diff: 0.0, Sum: 0.0]
      [Object Copy (ms): Min: 0.3, Avg: 1.1, Max: 1.4, Diff: 1.1, Sum: 4.4]
      [Termination (ms): Min: 0.0, Avg: 0.0, Max: 0.0, Diff: 0.0, Sum: 0.0]
      [GC Worker Other (ms): Min: 0.0, Avg: 0.0, Max: 0.0, Diff: 0.0, Sum: 0.1]
      [GC Worker Total (ms): Min: 0.4, Avg: 1.6, Max: 2.0, Diff: 1.7, Sum: 6.4]
      [GC Worker End (ms): Min: 219370.2, Avg: 219370.2, Max: 219370.2, Diff: 0.0]
   [Code Root Fixup: 0.0 ms]
   [Code Root Migration: 0.0 ms]
   [Clear CT: 0.1 ms]
   [Other: 192.9 ms]
      [Choose CSet: 0.0 ms]
      [Ref Proc: 191.9 ms]
      [Ref Enq: 0.6 ms]
      [Free CSet: 0.4 ms]
   [Eden: 185.0M(185.0M)->0.0B(303.0M) Survivors: 19.0M->6144.0K Heap: 2147.1M(4096.0M)->1949.1M(4096.0M)]
 [Times: user=0.75 sys=0.00, real=0.19 secs] 
2016-01-06T00:59:43.489-0800: 219.610: [GC pause (young)
Desired survivor size 20447232 bytes, new threshold 15 (max 15)
- age   1:    4521016 bytes,    4521016 total
2016-01-06T00:59:43.697-0800: 219.818: [SoftReference, 0 refs, 0.0005140 secs]2016-01-06T00:59:43.697-0800: 219.818: [WeakReference, 0 refs, 0.0002370 secs]2016-01-06T00:59:43.698-0800: 219.819: [FinalReference, 0 refs, 0.0002540 secs]2016-01-06T00:59:43.698-0800: 219.819: [PhantomReference, 0 refs, 9903 refs, 0.0006490 secs]2016-01-06T00:59:43.699-0800: 219.820: [JNI Weak Reference, 0.0000150 secs], 0.2113900 secs]
   [Parallel Time: 3.5 ms, GC Workers: 4]
      [GC Worker Start (ms): Min: 219609.7, Avg: 219609.8, Max: 219609.8, Diff: 0.1]
      [Ext Root Scanning (ms): Min: 0.4, Avg: 0.4, Max: 0.5, Diff: 0.1, Sum: 1.6]
      [SATB Filtering (ms): Min: 0.0, Avg: 0.0, Max: 0.0, Diff: 0.0, Sum: 0.0]
      [Update RS (ms): Min: 0.0, Avg: 0.1, Max: 0.3, Diff: 0.3, Sum: 0.4]
         [Processed Buffers: Min: 0, Avg: 1.5, Max: 4, Diff: 4, Sum: 6]
      [Scan RS (ms): Min: 0.0, Avg: 0.1, Max: 0.2, Diff: 0.2, Sum: 0.5]
      [Code Root Scanning (ms): Min: 0.0, Avg: 0.0, Max: 0.0, Diff: 0.0, Sum: 0.1]
      [Object Copy (ms): Min: 2.7, Avg: 2.7, Max: 2.7, Diff: 0.0, Sum: 10.8]
      [Termination (ms): Min: 0.0, Avg: 0.0, Max: 0.0, Diff: 0.0, Sum: 0.0]
      [GC Worker Other (ms): Min: 0.0, Avg: 0.0, Max: 0.1, Diff: 0.0, Sum: 0.1]
      [GC Worker Total (ms): Min: 3.3, Avg: 3.4, Max: 3.4, Diff: 0.1, Sum: 13.5]
      [GC Worker End (ms): Min: 219613.1, Avg: 219613.1, Max: 219613.2, Diff: 0.0]
   [Code Root Fixup: 0.0 ms]
   [Code Root Migration: 0.0 ms]
   [Clear CT: 0.1 ms]
   [Other: 207.7 ms]
      [Choose CSet: 0.0 ms]
      [Ref Proc: 206.3 ms]
      [Ref Enq: 0.8 ms]
      [Free CSet: 0.5 ms]
   [Eden: 303.0M(303.0M)->0.0B(185.0M) Survivors: 6144.0K->19.0M Heap: 2252.1M(4096.0M)->1962.6M(4096.0M)]
 [Times: user=0.77 sys=0.00, real=0.21 secs] 
2016-01-06T00:59:43.728-0800: 219.849: [GC pause (young)
Desired survivor size 13631488 bytes, new threshold 1 (max 15)
- age   1:   17523208 bytes,   17523208 total
- age   2:      36864 bytes,   17560072 total
2016-01-06T00:59:43.936-0800: 220.057: [SoftReference, 0 refs, 0.0005630 secs]2016-01-06T00:59:43.936-0800: 220.057: [WeakReference, 0 refs, 0.0003500 secs]2016-01-06T00:59:43.937-0800: 220.058: [FinalReference, 0 refs, 0.0003610 secs]2016-01-06T00:59:43.937-0800: 220.058: [PhantomReference, 0 refs, 6244 refs, 0.0008950 secs]2016-01-06T00:59:43.938-0800: 220.059: [JNI Weak Reference, 0.0000120 secs], 0.2106490 secs]
   [Parallel Time: 2.9 ms, GC Workers: 4]
      [GC Worker Start (ms): Min: 219849.3, Avg: 219849.4, Max: 219849.4, Diff: 0.1]
      [Ext Root Scanning (ms): Min: 0.3, Avg: 0.4, Max: 0.4, Diff: 0.0, Sum: 1.4]
      [SATB Filtering (ms): Min: 0.0, Avg: 0.0, Max: 0.0, Diff: 0.0, Sum: 0.0]
      [Update RS (ms): Min: 0.0, Avg: 0.1, Max: 0.3, Diff: 0.3, Sum: 0.3]
         [Processed Buffers: Min: 0, Avg: 1.2, Max: 3, Diff: 3, Sum: 5]
      [Scan RS (ms): Min: 0.0, Avg: 0.1, Max: 0.1, Diff: 0.1, Sum: 0.4]
      [Code Root Scanning (ms): Min: 0.0, Avg: 0.0, Max: 0.0, Diff: 0.0, Sum: 0.1]
      [Object Copy (ms): Min: 2.2, Avg: 2.3, Max: 2.3, Diff: 0.1, Sum: 9.0]
      [Termination (ms): Min: 0.0, Avg: 0.0, Max: 0.0, Diff: 0.0, Sum: 0.0]
      [GC Worker Other (ms): Min: 0.0, Avg: 0.0, Max: 0.0, Diff: 0.0, Sum: 0.1]
      [GC Worker Total (ms): Min: 2.8, Avg: 2.8, Max: 2.9, Diff: 0.1, Sum: 11.3]
      [GC Worker End (ms): Min: 219852.2, Avg: 219852.2, Max: 219852.2, Diff: 0.0]
   [Code Root Fixup: 0.0 ms]
   [Code Root Migration: 0.0 ms]
   [Clear CT: 0.2 ms]
   [Other: 207.5 ms]
      [Choose CSet: 0.0 ms]
      [Ref Proc: 206.7 ms]
      [Ref Enq: 0.4 ms]
      [Free CSet: 0.4 ms]
   [Eden: 185.0M(185.0M)->0.0B(186.0M) Survivors: 19.0M->18.0M Heap: 2147.6M(4096.0M)->1961.7M(4096.0M)]
 [Times: user=0.74 sys=0.02, real=0.21 secs] 
2016-01-06T00:59:43.968-0800: 220.089: [GC pause (young)
Desired survivor size 13631488 bytes, new threshold 1 (max 15)
- age   1:   17259832 bytes,   17259832 total
2016-01-06T00:59:44.166-0800: 220.287: [SoftReference, 0 refs, 0.0004290 secs]2016-01-06T00:59:44.167-0800: 220.288: [WeakReference, 0 refs, 0.0003270 secs]2016-01-06T00:59:44.167-0800: 220.288: [FinalReference, 0 refs, 0.0002170 secs]2016-01-06T00:59:44.167-0800: 220.288: [PhantomReference, 0 refs, 6275 refs, 0.0005430 secs]2016-01-06T00:59:44.168-0800: 220.289: [JNI Weak Reference, 0.0000120 secs], 0.2003700 secs]
   [Parallel Time: 3.1 ms, GC Workers: 4]
      [GC Worker Start (ms): Min: 220089.5, Avg: 220089.6, Max: 220089.9, Diff: 0.4]
      [Ext Root Scanning (ms): Min: 0.0, Avg: 0.3, Max: 0.5, Diff: 0.5, Sum: 1.3]
      [SATB Filtering (ms): Min: 0.0, Avg: 0.0, Max: 0.0, Diff: 0.0, Sum: 0.0]
      [Update RS (ms): Min: 0.0, Avg: 0.1, Max: 0.3, Diff: 0.3, Sum: 0.4]
         [Processed Buffers: Min: 0, Avg: 1.5, Max: 3, Diff: 3, Sum: 6]
      [Scan RS (ms): Min: 0.0, Avg: 0.1, Max: 0.1, Diff: 0.1, Sum: 0.4]
      [Code Root Scanning (ms): Min: 0.0, Avg: 0.0, Max: 0.0, Diff: 0.0, Sum: 0.0]
      [Object Copy (ms): Min: 2.3, Avg: 2.4, Max: 2.4, Diff: 0.1, Sum: 9.4]
      [Termination (ms): Min: 0.0, Avg: 0.0, Max: 0.0, Diff: 0.0, Sum: 0.0]
      [GC Worker Other (ms): Min: 0.0, Avg: 0.0, Max: 0.0, Diff: 0.0, Sum: 0.1]
      [GC Worker Total (ms): Min: 2.6, Avg: 2.9, Max: 3.1, Diff: 0.4, Sum: 11.7]
      [GC Worker End (ms): Min: 220092.5, Avg: 220092.5, Max: 220092.5, Diff: 0.0]
   [Code Root Fixup: 0.0 ms]
   [Code Root Migration: 0.0 ms]
   [Clear CT: 0.1 ms]
   [Other: 197.1 ms]
      [Choose CSet: 0.0 ms]
      [Ref Proc: 196.1 ms]
      [Ref Enq: 0.6 ms]
      [Free CSet: 0.3 ms]
   [Eden: 186.0M(186.0M)->0.0B(185.0M) Survivors: 18.0M->19.0M Heap: 2147.7M(4096.0M)->1962.2M(4096.0M)]
 [Times: user=0.68 sys=0.01, real=0.20 secs] 
2016-01-06T00:59:44.197-0800: 220.318: [GC pause (young)
Desired survivor size 13631488 bytes, new threshold 1 (max 15)
- age   1:   17262064 bytes,   17262064 total
2016-01-06T00:59:44.388-0800: 220.509: [SoftReference, 0 refs, 0.0004160 secs]2016-01-06T00:59:44.389-0800: 220.510: [WeakReference, 0 refs, 0.0002560 secs]2016-01-06T00:59:44.389-0800: 220.510: [FinalReference, 0 refs, 0.0002390 secs]2016-01-06T00:59:44.389-0800: 220.510: [PhantomReference, 0 refs, 6243 refs, 0.0007570 secs]2016-01-06T00:59:44.390-0800: 220.511: [JNI Weak Reference, 0.0000090 secs], 0.1939110 secs]
   [Parallel Time: 2.9 ms, GC Workers: 4]
      [GC Worker Start (ms): Min: 220318.1, Avg: 220318.1, Max: 220318.2, Diff: 0.1]
      [Ext Root Scanning (ms): Min: 0.3, Avg: 0.4, Max: 0.4, Diff: 0.1, Sum: 1.4]
      [SATB Filtering (ms): Min: 0.0, Avg: 0.0, Max: 0.0, Diff: 0.0, Sum: 0.0]
      [Update RS (ms): Min: 0.0, Avg: 0.1, Max: 0.3, Diff: 0.3, Sum: 0.4]
         [Processed Buffers: Min: 0, Avg: 1.8, Max: 4, Diff: 4, Sum: 7]
      [Scan RS (ms): Min: 0.0, Avg: 0.1, Max: 0.1, Diff: 0.1, Sum: 0.3]
      [Code Root Scanning (ms): Min: 0.0, Avg: 0.0, Max: 0.0, Diff: 0.0, Sum: 0.1]
      [Object Copy (ms): Min: 2.2, Avg: 2.2, Max: 2.2, Diff: 0.1, Sum: 8.8]
      [Termination (ms): Min: 0.0, Avg: 0.0, Max: 0.0, Diff: 0.0, Sum: 0.0]
      [GC Worker Other (ms): Min: 0.0, Avg: 0.0, Max: 0.0, Diff: 0.0, Sum: 0.1]
      [GC Worker Total (ms): Min: 2.8, Avg: 2.8, Max: 2.8, Diff: 0.1, Sum: 11.1]
      [GC Worker End (ms): Min: 220320.9, Avg: 220320.9, Max: 220320.9, Diff: 0.0]
   [Code Root Fixup: 0.0 ms]
   [Code Root Migration: 0.0 ms]
   [Clear CT: 0.1 ms]
   [Other: 190.8 ms]
      [Choose CSet: 0.0 ms]
      [Ref Proc: 189.9 ms]
      [Ref Enq: 0.5 ms]
      [Free CSet: 0.4 ms]
   [Eden: 185.0M(185.0M)->0.0B(185.0M) Survivors: 19.0M->19.0M Heap: 2147.2M(4096.0M)->1962.2M(4096.0M)]
 [Times: user=0.75 sys=0.00, real=0.19 secs] 
2016-01-06T00:59:44.419-0800: 220.540: [GC pause (young)
Desired survivor size 13631488 bytes, new threshold 1 (max 15)
- age   1:   17259832 bytes,   17259832 total
2016-01-06T00:59:44.617-0800: 220.738: [SoftReference, 0 refs, 0.0004580 secs]2016-01-06T00:59:44.618-0800: 220.738: [WeakReference, 0 refs, 0.0003420 secs]2016-01-06T00:59:44.618-0800: 220.739: [FinalReference, 0 refs, 0.0002330 secs]2016-01-06T00:59:44.618-0800: 220.739: [PhantomReference, 0 refs, 6244 refs, 0.0005920 secs]2016-01-06T00:59:44.619-0800: 220.740: [JNI Weak Reference, 0.0000110 secs], 0.2007740 secs]
   [Parallel Time: 3.0 ms, GC Workers: 4]
      [GC Worker Start (ms): Min: 220540.2, Avg: 220540.2, Max: 220540.2, Diff: 0.1]
      [Ext Root Scanning (ms): Min: 0.3, Avg: 0.3, Max: 0.4, Diff: 0.1, Sum: 1.4]
      [SATB Filtering (ms): Min: 0.0, Avg: 0.0, Max: 0.0, Diff: 0.0, Sum: 0.0]
      [Update RS (ms): Min: 0.0, Avg: 0.1, Max: 0.2, Diff: 0.2, Sum: 0.4]
         [Processed Buffers: Min: 0, Avg: 1.5, Max: 4, Diff: 4, Sum: 6]
      [Scan RS (ms): Min: 0.0, Avg: 0.1, Max: 0.1, Diff: 0.1, Sum: 0.3]
      [Code Root Scanning (ms): Min: 0.0, Avg: 0.0, Max: 0.0, Diff: 0.0, Sum: 0.0]
      [Object Copy (ms): Min: 2.2, Avg: 2.3, Max: 2.3, Diff: 0.1, Sum: 9.0]
      [Termination (ms): Min: 0.0, Avg: 0.0, Max: 0.0, Diff: 0.0, Sum: 0.0]
      [GC Worker Other (ms): Min: 0.0, Avg: 0.0, Max: 0.0, Diff: 0.0, Sum: 0.1]
      [GC Worker Total (ms): Min: 2.8, Avg: 2.8, Max: 2.9, Diff: 0.1, Sum: 11.3]
      [GC Worker End (ms): Min: 220543.0, Avg: 220543.0, Max: 220543.1, Diff: 0.0]
   [Code Root Fixup: 0.0 ms]
   [Code Root Migration: 0.0 ms]
   [Clear CT: 0.2 ms]
   [Other: 197.6 ms]
      [Choose CSet: 0.0 ms]
      [Ref Proc: 196.5 ms]
      [Ref Enq: 0.6 ms]
      [Free CSet: 0.4 ms]
   [Eden: 185.0M(185.0M)->0.0B(185.0M) Survivors: 19.0M->19.0M Heap: 2147.2M(4096.0M)->1962.8M(4096.0M)]
 [Times: user=0.72 sys=0.01, real=0.20 secs] 
2016-01-06T00:59:44.646-0800: 220.767: [GC pause (young)
Desired survivor size 13631488 bytes, new threshold 1 (max 15)
- age   1:   17259832 bytes,   17259832 total
2016-01-06T00:59:44.844-0800: 220.965: [SoftReference, 0 refs, 0.0004370 secs]2016-01-06T00:59:44.844-0800: 220.965: [WeakReference, 0 refs, 0.0002420 secs]2016-01-06T00:59:44.844-0800: 220.965: [FinalReference, 0 refs, 0.0003610 secs]2016-01-06T00:59:44.845-0800: 220.966: [PhantomReference, 0 refs, 6244 refs, 0.0005530 secs]2016-01-06T00:59:44.845-0800: 220.966: [JNI Weak Reference, 0.0000110 secs], 0.2002290 secs]
   [Parallel Time: 6.6 ms, GC Workers: 4]
      [GC Worker Start (ms): Min: 220767.3, Avg: 220768.0, Max: 220769.9, Diff: 2.6]
      [Ext Root Scanning (ms): Min: 0.0, Avg: 0.3, Max: 0.5, Diff: 0.4, Sum: 1.3]
      [SATB Filtering (ms): Min: 0.0, Avg: 0.0, Max: 0.0, Diff: 0.0, Sum: 0.0]
      [Update RS (ms): Min: 0.0, Avg: 0.1, Max: 0.2, Diff: 0.2, Sum: 0.3]
         [Processed Buffers: Min: 0, Avg: 1.2, Max: 4, Diff: 4, Sum: 5]
      [Scan RS (ms): Min: 0.0, Avg: 0.1, Max: 0.1, Diff: 0.1, Sum: 0.3]
      [Code Root Scanning (ms): Min: 0.0, Avg: 0.0, Max: 0.0, Diff: 0.0, Sum: 0.0]
      [Object Copy (ms): Min: 0.3, Avg: 2.7, Max: 5.9, Diff: 5.6, Sum: 10.7]
      [Termination (ms): Min: 0.0, Avg: 2.7, Max: 3.6, Diff: 3.6, Sum: 10.8]
      [GC Worker Other (ms): Min: 0.0, Avg: 0.0, Max: 0.0, Diff: 0.0, Sum: 0.0]
      [GC Worker Total (ms): Min: 4.0, Avg: 5.9, Max: 6.6, Diff: 2.6, Sum: 23.6]
      [GC Worker End (ms): Min: 220773.9, Avg: 220773.9, Max: 220773.9, Diff: 0.0]
   [Code Root Fixup: 0.0 ms]
   [Code Root Migration: 0.0 ms]
   [Clear CT: 0.1 ms]
   [Other: 193.4 ms]
      [Choose CSet: 0.0 ms]
      [Ref Proc: 192.4 ms]
      [Ref Enq: 0.6 ms]
      [Free CSet: 0.3 ms]
   [Eden: 185.0M(185.0M)->0.0B(185.0M) Survivors: 19.0M->19.0M Heap: 2147.8M(4096.0M)->1962.3M(4096.0M)]
 [Times: user=0.76 sys=0.00, real=0.20 secs] 
2016-01-06T00:59:44.875-0800: 220.996: [GC pause (young)
Desired survivor size 13631488 bytes, new threshold 1 (max 15)
- age   1:   17259832 bytes,   17259832 total
2016-01-06T00:59:45.071-0800: 221.192: [SoftReference, 0 refs, 0.0006620 secs]2016-01-06T00:59:45.072-0800: 221.192: [WeakReference, 0 refs, 0.0003370 secs]2016-01-06T00:59:45.072-0800: 221.193: [FinalReference, 0 refs, 0.0002360 secs]2016-01-06T00:59:45.072-0800: 221.193: [PhantomReference, 0 refs, 6244 refs, 0.0007420 secs]2016-01-06T00:59:45.073-0800: 221.194: [JNI Weak Reference, 0.0000080 secs], 0.1990320 secs]
   [Parallel Time: 3.0 ms, GC Workers: 4]
      [GC Worker Start (ms): Min: 220995.8, Avg: 220995.9, Max: 220995.9, Diff: 0.1]
      [Ext Root Scanning (ms): Min: 0.3, Avg: 0.4, Max: 0.4, Diff: 0.1, Sum: 1.4]
      [SATB Filtering (ms): Min: 0.0, Avg: 0.0, Max: 0.0, Diff: 0.0, Sum: 0.0]
      [Update RS (ms): Min: 0.0, Avg: 0.1, Max: 0.3, Diff: 0.3, Sum: 0.4]
         [Processed Buffers: Min: 0, Avg: 1.5, Max: 3, Diff: 3, Sum: 6]
      [Scan RS (ms): Min: 0.0, Avg: 0.1, Max: 0.1, Diff: 0.1, Sum: 0.3]
      [Code Root Scanning (ms): Min: 0.0, Avg: 0.0, Max: 0.0, Diff: 0.0, Sum: 0.0]
      [Object Copy (ms): Min: 2.2, Avg: 2.3, Max: 2.3, Diff: 0.1, Sum: 9.2]
      [Termination (ms): Min: 0.0, Avg: 0.0, Max: 0.0, Diff: 0.0, Sum: 0.0]
      [GC Worker Other (ms): Min: 0.0, Avg: 0.1, Max: 0.1, Diff: 0.1, Sum: 0.2]
      [GC Worker Total (ms): Min: 2.9, Avg: 2.9, Max: 2.9, Diff: 0.1, Sum: 11.6]
      [GC Worker End (ms): Min: 220998.7, Avg: 220998.8, Max: 220998.8, Diff: 0.1]
   [Code Root Fixup: 0.0 ms]
   [Code Root Migration: 0.0 ms]
   [Clear CT: 0.1 ms]
   [Other: 195.9 ms]
      [Choose CSet: 0.0 ms]
      [Ref Proc: 195.0 ms]
      [Ref Enq: 0.5 ms]
      [Free CSet: 0.3 ms]
   [Eden: 185.0M(185.0M)->0.0B(185.0M) Survivors: 19.0M->19.0M Heap: 2147.3M(4096.0M)->1962.4M(4096.0M)]
 [Times: user=0.75 sys=0.00, real=0.20 secs] 
2016-01-06T00:59:45.102-0800: 221.223: [GC pause (young)
Desired survivor size 13631488 bytes, new threshold 1 (max 15)
- age   1:   17259832 bytes,   17259832 total
2016-01-06T00:59:45.296-0800: 221.417: [SoftReference, 0 refs, 0.0003850 secs]2016-01-06T00:59:45.297-0800: 221.418: [WeakReference, 0 refs, 0.0002750 secs]2016-01-06T00:59:45.297-0800: 221.418: [FinalReference, 0 refs, 0.0003350 secs]2016-01-06T00:59:45.297-0800: 221.418: [PhantomReference, 0 refs, 6243 refs, 0.0005830 secs]2016-01-06T00:59:45.298-0800: 221.419: [JNI Weak Reference, 0.0000080 secs], 0.1968730 secs]
   [Parallel Time: 2.9 ms, GC Workers: 4]
      [GC Worker Start (ms): Min: 221223.2, Avg: 221223.3, Max: 221223.3, Diff: 0.1]
      [Ext Root Scanning (ms): Min: 0.3, Avg: 0.4, Max: 0.4, Diff: 0.1, Sum: 1.4]
      [SATB Filtering (ms): Min: 0.0, Avg: 0.0, Max: 0.0, Diff: 0.0, Sum: 0.0]
      [Update RS (ms): Min: 0.0, Avg: 0.1, Max: 0.3, Diff: 0.3, Sum: 0.4]
         [Processed Buffers: Min: 0, Avg: 1.5, Max: 3, Diff: 3, Sum: 6]
      [Scan RS (ms): Min: 0.0, Avg: 0.1, Max: 0.1, Diff: 0.1, Sum: 0.3]
      [Code Root Scanning (ms): Min: 0.0, Avg: 0.0, Max: 0.0, Diff: 0.0, Sum: 0.0]
      [Object Copy (ms): Min: 2.2, Avg: 2.3, Max: 2.3, Diff: 0.1, Sum: 9.1]
      [Termination (ms): Min: 0.0, Avg: 0.0, Max: 0.0, Diff: 0.0, Sum: 0.0]
      [GC Worker Other (ms): Min: 0.0, Avg: 0.0, Max: 0.0, Diff: 0.0, Sum: 0.1]
      [GC Worker Total (ms): Min: 2.8, Avg: 2.8, Max: 2.9, Diff: 0.1, Sum: 11.4]
      [GC Worker End (ms): Min: 221226.1, Avg: 221226.1, Max: 221226.1, Diff: 0.0]
   [Code Root Fixup: 0.0 ms]
   [Code Root Migration: 0.0 ms]
   [Clear CT: 0.1 ms]
   [Other: 193.8 ms]
      [Choose CSet: 0.0 ms]
      [Ref Proc: 192.7 ms]
      [Ref Enq: 0.6 ms]
      [Free CSet: 0.4 ms]
   [Eden: 185.0M(185.0M)->0.0B(185.0M) Survivors: 19.0M->19.0M Heap: 2147.4M(4096.0M)->1962.4M(4096.0M)]
 [Times: user=0.75 sys=0.00, real=0.20 secs] 
2016-01-06T00:59:45.328-0800: 221.449: [GC pause (young)
Desired survivor size 13631488 bytes, new threshold 1 (max 15)
- age   1:   17259832 bytes,   17259832 total
2016-01-06T00:59:45.522-0800: 221.643: [SoftReference, 0 refs, 0.0004090 secs]2016-01-06T00:59:45.522-0800: 221.643: [WeakReference, 0 refs, 0.0002390 secs]2016-01-06T00:59:45.523-0800: 221.643: [FinalReference, 0 refs, 0.0002360 secs]2016-01-06T00:59:45.523-0800: 221.644: [PhantomReference, 0 refs, 6243 refs, 0.0005840 secs]2016-01-06T00:59:45.523-0800: 221.644: [JNI Weak Reference, 0.0000090 secs], 0.1967530 secs]
   [Parallel Time: 3.3 ms, GC Workers: 4]
      [GC Worker Start (ms): Min: 221448.6, Avg: 221449.0, Max: 221449.9, Diff: 1.3]
      [Ext Root Scanning (ms): Min: 0.0, Avg: 0.3, Max: 0.5, Diff: 0.5, Sum: 1.3]
      [SATB Filtering (ms): Min: 0.0, Avg: 0.0, Max: 0.0, Diff: 0.0, Sum: 0.0]
      [Update RS (ms): Min: 0.0, Avg: 0.1, Max: 0.2, Diff: 0.2, Sum: 0.3]
         [Processed Buffers: Min: 0, Avg: 1.5, Max: 3, Diff: 3, Sum: 6]
      [Scan RS (ms): Min: 0.0, Avg: 0.1, Max: 0.1, Diff: 0.1, Sum: 0.3]
      [Code Root Scanning (ms): Min: 0.0, Avg: 0.0, Max: 0.0, Diff: 0.0, Sum: 0.0]
      [Object Copy (ms): Min: 1.9, Avg: 2.3, Max: 2.5, Diff: 0.6, Sum: 9.4]
      [Termination (ms): Min: 0.0, Avg: 0.0, Max: 0.0, Diff: 0.0, Sum: 0.0]
      [GC Worker Other (ms): Min: 0.0, Avg: 0.0, Max: 0.0, Diff: 0.0, Sum: 0.1]
      [GC Worker Total (ms): Min: 1.9, Avg: 2.9, Max: 3.2, Diff: 1.3, Sum: 11.5]
      [GC Worker End (ms): Min: 221451.8, Avg: 221451.8, Max: 221451.9, Diff: 0.0]
   [Code Root Fixup: 0.0 ms]
   [Code Root Migration: 0.0 ms]
   [Clear CT: 0.1 ms]
   [Other: 193.3 ms]
      [Choose CSet: 0.0 ms]
      [Ref Proc: 192.4 ms]
      [Ref Enq: 0.5 ms]
      [Free CSet: 0.3 ms]
   [Eden: 185.0M(185.0M)->0.0B(463.0M) Survivors: 19.0M->19.0M Heap: 2147.4M(4096.0M)->1962.5M(4096.0M)]
 [Times: user=0.75 sys=0.00, real=0.19 secs] 
2016-01-06T00:59:45.595-0800: 221.716: [GC pause (young)
Desired survivor size 31981568 bytes, new threshold 15 (max 15)
- age   1:   17259832 bytes,   17259832 total
2016-01-06T00:59:45.807-0800: 221.928: [SoftReference, 0 refs, 0.0004420 secs]2016-01-06T00:59:45.807-0800: 221.928: [WeakReference, 0 refs, 0.0002190 secs]2016-01-06T00:59:45.808-0800: 221.928: [FinalReference, 0 refs, 0.0002130 secs]2016-01-06T00:59:45.808-0800: 221.929: [PhantomReference, 0 refs, 14861 refs, 0.0008260 secs]2016-01-06T00:59:45.809-0800: 221.929: [JNI Weak Reference, 0.0000080 secs], 0.2162410 secs]
   [Parallel Time: 4.2 ms, GC Workers: 4]
      [GC Worker Start (ms): Min: 221715.9, Avg: 221715.9, Max: 221715.9, Diff: 0.1]
      [Ext Root Scanning (ms): Min: 0.3, Avg: 0.4, Max: 0.4, Diff: 0.1, Sum: 1.4]
      [SATB Filtering (ms): Min: 0.0, Avg: 0.0, Max: 0.0, Diff: 0.0, Sum: 0.0]
      [Update RS (ms): Min: 0.0, Avg: 0.1, Max: 0.3, Diff: 0.3, Sum: 0.4]
         [Processed Buffers: Min: 0, Avg: 1.5, Max: 3, Diff: 3, Sum: 6]
      [Scan RS (ms): Min: 0.1, Avg: 0.2, Max: 0.3, Diff: 0.2, Sum: 0.8]
      [Code Root Scanning (ms): Min: 0.0, Avg: 0.0, Max: 0.0, Diff: 0.0, Sum: 0.1]
      [Object Copy (ms): Min: 3.3, Avg: 3.3, Max: 3.3, Diff: 0.0, Sum: 13.2]
      [Termination (ms): Min: 0.0, Avg: 0.0, Max: 0.0, Diff: 0.0, Sum: 0.0]
      [GC Worker Other (ms): Min: 0.0, Avg: 0.0, Max: 0.1, Diff: 0.1, Sum: 0.2]
      [GC Worker Total (ms): Min: 4.0, Avg: 4.0, Max: 4.1, Diff: 0.1, Sum: 16.2]
      [GC Worker End (ms): Min: 221719.9, Avg: 221720.0, Max: 221720.0, Diff: 0.1]
   [Code Root Fixup: 0.0 ms]
   [Code Root Migration: 0.1 ms]
   [Clear CT: 0.2 ms]
   [Other: 211.8 ms]
      [Choose CSet: 0.0 ms]
      [Ref Proc: 209.5 ms]
      [Ref Enq: 1.4 ms]
      [Free CSet: 0.8 ms]
   [Eden: 463.0M(463.0M)->0.0B(185.0M) Survivors: 19.0M->19.0M Heap: 2425.5M(4096.0M)->1963.0M(4096.0M)]
 [Times: user=0.80 sys=0.00, real=0.22 secs] 
2016-01-06T00:59:45.840-0800: 221.961: [GC pause (young)
Desired survivor size 13631488 bytes, new threshold 1 (max 15)
- age   1:   17880328 bytes,   17880328 total
- age   2:      36864 bytes,   17917192 total
2016-01-06T00:59:46.032-0800: 222.153: [SoftReference, 0 refs, 0.0004670 secs]2016-01-06T00:59:46.032-0800: 222.153: [WeakReference, 0 refs, 0.0002330 secs]2016-01-06T00:59:46.033-0800: 222.154: [FinalReference, 0 refs, 0.0002630 secs]2016-01-06T00:59:46.033-0800: 222.154: [PhantomReference, 0 refs, 6245 refs, 0.0007340 secs]2016-01-06T00:59:46.034-0800: 222.155: [JNI Weak Reference, 0.0000100 secs], 0.1950870 secs]
   [Parallel Time: 3.0 ms, GC Workers: 4]
      [GC Worker Start (ms): Min: 221960.7, Avg: 221960.7, Max: 221960.7, Diff: 0.1]
      [Ext Root Scanning (ms): Min: 0.3, Avg: 0.4, Max: 0.4, Diff: 0.0, Sum: 1.4]
      [SATB Filtering (ms): Min: 0.0, Avg: 0.0, Max: 0.0, Diff: 0.0, Sum: 0.0]
      [Update RS (ms): Min: 0.0, Avg: 0.1, Max: 0.3, Diff: 0.3, Sum: 0.3]
         [Processed Buffers: Min: 0, Avg: 1.2, Max: 2, Diff: 2, Sum: 5]
      [Scan RS (ms): Min: 0.0, Avg: 0.1, Max: 0.1, Diff: 0.1, Sum: 0.3]
      [Code Root Scanning (ms): Min: 0.0, Avg: 0.0, Max: 0.0, Diff: 0.0, Sum: 0.0]
      [Object Copy (ms): Min: 2.2, Avg: 2.3, Max: 2.3, Diff: 0.1, Sum: 9.2]
      [Termination (ms): Min: 0.0, Avg: 0.0, Max: 0.0, Diff: 0.0, Sum: 0.0]
      [GC Worker Other (ms): Min: 0.0, Avg: 0.0, Max: 0.0, Diff: 0.0, Sum: 0.1]
      [GC Worker Total (ms): Min: 2.8, Avg: 2.9, Max: 2.9, Diff: 0.1, Sum: 11.5]
      [GC Worker End (ms): Min: 221963.6, Avg: 221963.6, Max: 221963.6, Diff: 0.0]
   [Code Root Fixup: 0.0 ms]
   [Code Root Migration: 0.0 ms]
   [Clear CT: 0.1 ms]
   [Other: 192.0 ms]
      [Choose CSet: 0.0 ms]
      [Ref Proc: 191.0 ms]
      [Ref Enq: 0.6 ms]
      [Free CSet: 0.3 ms]
   [Eden: 185.0M(185.0M)->0.0B(185.0M) Survivors: 19.0M->19.0M Heap: 2148.0M(4096.0M)->1962.5M(4096.0M)]
 [Times: user=0.68 sys=0.00, real=0.19 secs] 
2016-01-06T00:59:46.061-0800: 222.182: [GC pause (young)
Desired survivor size 13631488 bytes, new threshold 1 (max 15)
- age   1:   17259832 bytes,   17259832 total
2016-01-06T00:59:46.252-0800: 222.373: [SoftReference, 0 refs, 0.0004410 secs]2016-01-06T00:59:46.252-0800: 222.373: [WeakReference, 0 refs, 0.0002330 secs]2016-01-06T00:59:46.253-0800: 222.374: [FinalReference, 0 refs, 0.0002380 secs]2016-01-06T00:59:46.253-0800: 222.374: [PhantomReference, 0 refs, 6244 refs, 0.0005960 secs]2016-01-06T00:59:46.254-0800: 222.374: [JNI Weak Reference, 0.0000090 secs], 0.1937660 secs]
   [Parallel Time: 3.0 ms, GC Workers: 4]
      [GC Worker Start (ms): Min: 222181.9, Avg: 222181.9, Max: 222182.0, Diff: 0.1]
      [Ext Root Scanning (ms): Min: 0.3, Avg: 0.3, Max: 0.4, Diff: 0.1, Sum: 1.4]
      [SATB Filtering (ms): Min: 0.0, Avg: 0.0, Max: 0.0, Diff: 0.0, Sum: 0.0]
      [Update RS (ms): Min: 0.0, Avg: 0.1, Max: 0.3, Diff: 0.3, Sum: 0.4]
         [Processed Buffers: Min: 1, Avg: 1.5, Max: 2, Diff: 1, Sum: 6]
      [Scan RS (ms): Min: 0.0, Avg: 0.1, Max: 0.1, Diff: 0.1, Sum: 0.3]
      [Code Root Scanning (ms): Min: 0.0, Avg: 0.0, Max: 0.0, Diff: 0.0, Sum: 0.0]
      [Object Copy (ms): Min: 2.3, Avg: 2.4, Max: 2.4, Diff: 0.1, Sum: 9.5]
      [Termination (ms): Min: 0.0, Avg: 0.0, Max: 0.0, Diff: 0.0, Sum: 0.0]
      [GC Worker Other (ms): Min: 0.0, Avg: 0.0, Max: 0.0, Diff: 0.0, Sum: 0.1]
      [GC Worker Total (ms): Min: 2.9, Avg: 2.9, Max: 3.0, Diff: 0.1, Sum: 11.7]
      [GC Worker End (ms): Min: 222184.9, Avg: 222184.9, Max: 222184.9, Diff: 0.0]
   [Code Root Fixup: 0.0 ms]
   [Code Root Migration: 0.0 ms]
   [Clear CT: 0.1 ms]
   [Other: 190.6 ms]
      [Choose CSet: 0.0 ms]
      [Ref Proc: 189.6 ms]
      [Ref Enq: 0.6 ms]
      [Free CSet: 0.4 ms]
   [Eden: 185.0M(185.0M)->0.0B(186.0M) Survivors: 19.0M->18.0M Heap: 2147.5M(4096.0M)->1962.0M(4096.0M)]
 [Times: user=0.75 sys=0.01, real=0.19 secs] 
2016-01-06T00:59:46.281-0800: 222.402: [GC pause (young)
Desired survivor size 13631488 bytes, new threshold 1 (max 15)
- age   1:   17259832 bytes,   17259832 total
2016-01-06T00:59:46.474-0800: 222.595: [SoftReference, 0 refs, 0.0005110 secs]2016-01-06T00:59:46.496-0800: 222.617: [WeakReference, 0 refs, 0.0003680 secs]2016-01-06T00:59:46.497-0800: 222.617: [FinalReference, 0 refs, 0.0003600 secs]2016-01-06T00:59:46.497-0800: 222.618: [PhantomReference, 0 refs, 6276 refs, 0.0006900 secs]2016-01-06T00:59:46.498-0800: 222.619: [JNI Weak Reference, 0.0000080 secs], 0.2180280 secs]
   [Parallel Time: 3.0 ms, GC Workers: 4]
      [GC Worker Start (ms): Min: 222401.7, Avg: 222401.7, Max: 222401.8, Diff: 0.1]
      [Ext Root Scanning (ms): Min: 0.3, Avg: 0.4, Max: 0.4, Diff: 0.1, Sum: 1.5]
      [SATB Filtering (ms): Min: 0.0, Avg: 0.0, Max: 0.0, Diff: 0.0, Sum: 0.0]
      [Update RS (ms): Min: 0.0, Avg: 0.1, Max: 0.3, Diff: 0.3, Sum: 0.4]
         [Processed Buffers: Min: 0, Avg: 1.8, Max: 5, Diff: 5, Sum: 7]
      [Scan RS (ms): Min: 0.0, Avg: 0.1, Max: 0.1, Diff: 0.1, Sum: 0.3]
      [Code Root Scanning (ms): Min: 0.0, Avg: 0.0, Max: 0.0, Diff: 0.0, Sum: 0.0]
      [Object Copy (ms): Min: 2.3, Avg: 2.3, Max: 2.3, Diff: 0.1, Sum: 9.3]
      [Termination (ms): Min: 0.0, Avg: 0.0, Max: 0.0, Diff: 0.0, Sum: 0.0]
      [GC Worker Other (ms): Min: 0.0, Avg: 0.0, Max: 0.0, Diff: 0.0, Sum: 0.1]
      [GC Worker Total (ms): Min: 2.9, Avg: 2.9, Max: 2.9, Diff: 0.1, Sum: 11.6]
      [GC Worker End (ms): Min: 222404.6, Avg: 222404.6, Max: 222404.6, Diff: 0.0]
   [Code Root Fixup: 0.0 ms]
   [Code Root Migration: 0.0 ms]
   [Clear CT: 0.1 ms]
   [Other: 214.9 ms]
      [Choose CSet: 0.0 ms]
      [Ref Proc: 213.9 ms]
      [Ref Enq: 0.6 ms]
      [Free CSet: 0.3 ms]
   [Eden: 186.0M(186.0M)->0.0B(185.0M) Survivors: 18.0M->19.0M Heap: 2148.0M(4096.0M)->1962.6M(4096.0M)]
 [Times: user=0.76 sys=0.00, real=0.22 secs] 
2016-01-06T00:59:46.525-0800: 222.646: [GC pause (young)
Desired survivor size 13631488 bytes, new threshold 1 (max 15)
- age   1:   17262064 bytes,   17262064 total
2016-01-06T00:59:46.714-0800: 222.834: [SoftReference, 0 refs, 0.0005690 secs]2016-01-06T00:59:46.714-0800: 222.835: [WeakReference, 0 refs, 0.0002330 secs]2016-01-06T00:59:46.714-0800: 222.835: [FinalReference, 0 refs, 0.0003880 secs]2016-01-06T00:59:46.715-0800: 222.836: [PhantomReference, 0 refs, 6245 refs, 0.0006090 secs]2016-01-06T00:59:46.715-0800: 222.836: [JNI Weak Reference, 0.0000100 secs], 0.1918010 secs]
   [Parallel Time: 3.1 ms, GC Workers: 4]
      [GC Worker Start (ms): Min: 222645.6, Avg: 222645.7, Max: 222645.7, Diff: 0.1]
      [Ext Root Scanning (ms): Min: 0.3, Avg: 0.4, Max: 0.4, Diff: 0.1, Sum: 1.5]
      [SATB Filtering (ms): Min: 0.0, Avg: 0.0, Max: 0.0, Diff: 0.0, Sum: 0.0]
      [Update RS (ms): Min: 0.0, Avg: 0.1, Max: 0.3, Diff: 0.3, Sum: 0.4]
         [Processed Buffers: Min: 0, Avg: 1.5, Max: 4, Diff: 4, Sum: 6]
      [Scan RS (ms): Min: 0.0, Avg: 0.1, Max: 0.1, Diff: 0.1, Sum: 0.3]
      [Code Root Scanning (ms): Min: 0.0, Avg: 0.0, Max: 0.0, Diff: 0.0, Sum: 0.0]
      [Object Copy (ms): Min: 2.3, Avg: 2.3, Max: 2.4, Diff: 0.1, Sum: 9.4]
      [Termination (ms): Min: 0.0, Avg: 0.0, Max: 0.0, Diff: 0.0, Sum: 0.0]
      [GC Worker Other (ms): Min: 0.0, Avg: 0.0, Max: 0.0, Diff: 0.0, Sum: 0.1]
      [GC Worker Total (ms): Min: 2.9, Avg: 2.9, Max: 3.0, Diff: 0.1, Sum: 11.7]
      [GC Worker End (ms): Min: 222648.6, Avg: 222648.6, Max: 222648.6, Diff: 0.0]
   [Code Root Fixup: 0.0 ms]
   [Code Root Migration: 0.0 ms]
   [Clear CT: 0.1 ms]
   [Other: 188.6 ms]
      [Choose CSet: 0.0 ms]
      [Ref Proc: 187.6 ms]
      [Ref Enq: 0.5 ms]
      [Free CSet: 0.3 ms]
   [Eden: 185.0M(185.0M)->0.0B(185.0M) Survivors: 19.0M->19.0M Heap: 2147.6M(4096.0M)->1962.6M(4096.0M)]
 [Times: user=0.69 sys=0.01, real=0.19 secs] 
2016-01-06T00:59:46.742-0800: 222.863: [GC pause (young)
Desired survivor size 13631488 bytes, new threshold 1 (max 15)
- age   1:   17259832 bytes,   17259832 total
2016-01-06T00:59:46.935-0800: 223.056: [SoftReference, 0 refs, 0.0006050 secs]2016-01-06T00:59:46.935-0800: 223.056: [WeakReference, 0 refs, 0.0003130 secs]2016-01-06T00:59:46.936-0800: 223.057: [FinalReference, 0 refs, 0.0003380 secs]2016-01-06T00:59:46.936-0800: 223.057: [PhantomReference, 0 refs, 6244 refs, 0.0009160 secs]2016-01-06T00:59:46.937-0800: 223.058: [JNI Weak Reference, 0.0000090 secs], 0.1956340 secs]
   [Parallel Time: 3.1 ms, GC Workers: 4]
      [GC Worker Start (ms): Min: 222863.4, Avg: 222864.0, Max: 222865.9, Diff: 2.5]
      [Ext Root Scanning (ms): Min: 0.0, Avg: 0.3, Max: 0.4, Diff: 0.4, Sum: 1.3]
      [SATB Filtering (ms): Min: 0.0, Avg: 0.0, Max: 0.0, Diff: 0.0, Sum: 0.0]
      [Update RS (ms): Min: 0.0, Avg: 0.1, Max: 0.2, Diff: 0.2, Sum: 0.3]
         [Processed Buffers: Min: 0, Avg: 1.5, Max: 3, Diff: 3, Sum: 6]
      [Scan RS (ms): Min: 0.0, Avg: 0.1, Max: 0.1, Diff: 0.1, Sum: 0.4]
      [Code Root Scanning (ms): Min: 0.0, Avg: 0.0, Max: 0.0, Diff: 0.0, Sum: 0.0]
      [Object Copy (ms): Min: 0.4, Avg: 1.9, Max: 2.4, Diff: 1.9, Sum: 7.5]
      [Termination (ms): Min: 0.0, Avg: 0.0, Max: 0.0, Diff: 0.0, Sum: 0.0]
      [GC Worker Other (ms): Min: 0.0, Avg: 0.0, Max: 0.1, Diff: 0.0, Sum: 0.1]
      [GC Worker Total (ms): Min: 0.5, Avg: 2.4, Max: 3.1, Diff: 2.5, Sum: 9.7]
      [GC Worker End (ms): Min: 222866.4, Avg: 222866.4, Max: 222866.5, Diff: 0.0]
   [Code Root Fixup: 0.0 ms]
   [Code Root Migration: 0.0 ms]
   [Clear CT: 0.1 ms]
   [Other: 192.3 ms]
      [Choose CSet: 0.0 ms]
      [Ref Proc: 191.3 ms]
      [Ref Enq: 0.6 ms]
      [Free CSet: 0.3 ms]
   [Eden: 185.0M(185.0M)->0.0B(185.0M) Survivors: 19.0M->19.0M Heap: 2147.6M(4096.0M)->1962.7M(4096.0M)]
 [Times: user=0.75 sys=0.00, real=0.20 secs] 
2016-01-06T00:59:46.964-0800: 223.085: [GC pause (young)
Desired survivor size 13631488 bytes, new threshold 1 (max 15)
- age   1:   17259832 bytes,   17259832 total
2016-01-06T00:59:47.162-0800: 223.283: [SoftReference, 0 refs, 0.0004410 secs]2016-01-06T00:59:47.162-0800: 223.283: [WeakReference, 0 refs, 0.0003760 secs]2016-01-06T00:59:47.163-0800: 223.284: [FinalReference, 0 refs, 0.0003380 secs]2016-01-06T00:59:47.163-0800: 223.284: [PhantomReference, 0 refs, 6244 refs, 0.0007250 secs]2016-01-06T00:59:47.164-0800: 223.285: [JNI Weak Reference, 0.0000090 secs], 0.2008460 secs]
   [Parallel Time: 3.2 ms, GC Workers: 4]
      [GC Worker Start (ms): Min: 223085.1, Avg: 223085.3, Max: 223085.9, Diff: 0.8]
      [Ext Root Scanning (ms): Min: 0.0, Avg: 0.3, Max: 0.5, Diff: 0.4, Sum: 1.3]
      [SATB Filtering (ms): Min: 0.0, Avg: 0.0, Max: 0.0, Diff: 0.0, Sum: 0.0]
      [Update RS (ms): Min: 0.0, Avg: 0.1, Max: 0.2, Diff: 0.2, Sum: 0.3]
         [Processed Buffers: Min: 0, Avg: 1.0, Max: 2, Diff: 2, Sum: 4]
      [Scan RS (ms): Min: 0.0, Avg: 0.1, Max: 0.1, Diff: 0.1, Sum: 0.3]
      [Code Root Scanning (ms): Min: 0.0, Avg: 0.0, Max: 0.0, Diff: 0.0, Sum: 0.0]
      [Object Copy (ms): Min: 2.2, Avg: 2.3, Max: 2.3, Diff: 0.1, Sum: 9.1]
      [Termination (ms): Min: 0.0, Avg: 0.0, Max: 0.0, Diff: 0.0, Sum: 0.0]
      [GC Worker Other (ms): Min: 0.0, Avg: 0.1, Max: 0.1, Diff: 0.1, Sum: 0.2]
      [GC Worker Total (ms): Min: 2.3, Avg: 2.8, Max: 3.1, Diff: 0.8, Sum: 11.3]
      [GC Worker End (ms): Min: 223088.1, Avg: 223088.2, Max: 223088.2, Diff: 0.1]
   [Code Root Fixup: 0.0 ms]
   [Code Root Migration: 0.0 ms]
   [Clear CT: 0.1 ms]
   [Other: 197.5 ms]
      [Choose CSet: 0.0 ms]
      [Ref Proc: 196.5 ms]
      [Ref Enq: 0.5 ms]
      [Free CSet: 0.3 ms]
   [Eden: 185.0M(185.0M)->0.0B(185.0M) Survivors: 19.0M->19.0M Heap: 2147.7M(4096.0M)->1962.7M(4096.0M)]
 [Times: user=0.75 sys=0.00, real=0.21 secs] 
2016-01-06T00:59:47.192-0800: 223.313: [GC pause (young)
Desired survivor size 13631488 bytes, new threshold 1 (max 15)
- age   1:   17259832 bytes,   17259832 total
2016-01-06T00:59:47.382-0800: 223.503: [SoftReference, 0 refs, 0.0006200 secs]2016-01-06T00:59:47.383-0800: 223.504: [WeakReference, 0 refs, 0.0002420 secs]2016-01-06T00:59:47.383-0800: 223.504: [FinalReference, 0 refs, 0.0003180 secs]2016-01-06T00:59:47.384-0800: 223.505: [PhantomReference, 0 refs, 6244 refs, 0.0006010 secs]2016-01-06T00:59:47.384-0800: 223.505: [JNI Weak Reference, 0.0000080 secs], 0.1933750 secs]
   [Parallel Time: 3.0 ms, GC Workers: 4]
      [GC Worker Start (ms): Min: 223313.0, Avg: 223313.0, Max: 223313.1, Diff: 0.1]
      [Ext Root Scanning (ms): Min: 0.3, Avg: 0.4, Max: 0.4, Diff: 0.1, Sum: 1.4]
      [SATB Filtering (ms): Min: 0.0, Avg: 0.0, Max: 0.0, Diff: 0.0, Sum: 0.0]
      [Update RS (ms): Min: 0.0, Avg: 0.1, Max: 0.3, Diff: 0.3, Sum: 0.4]
         [Processed Buffers: Min: 1, Avg: 1.8, Max: 4, Diff: 3, Sum: 7]
      [Scan RS (ms): Min: 0.0, Avg: 0.1, Max: 0.1, Diff: 0.1, Sum: 0.3]
      [Code Root Scanning (ms): Min: 0.0, Avg: 0.0, Max: 0.0, Diff: 0.0, Sum: 0.0]
      [Object Copy (ms): Min: 2.3, Avg: 2.3, Max: 2.3, Diff: 0.1, Sum: 9.2]
      [Termination (ms): Min: 0.0, Avg: 0.0, Max: 0.0, Diff: 0.0, Sum: 0.0]
      [GC Worker Other (ms): Min: 0.0, Avg: 0.0, Max: 0.1, Diff: 0.1, Sum: 0.2]
      [GC Worker Total (ms): Min: 2.9, Avg: 2.9, Max: 2.9, Diff: 0.0, Sum: 11.6]
      [GC Worker End (ms): Min: 223315.9, Avg: 223316.0, Max: 223316.0, Diff: 0.1]
   [Code Root Fixup: 0.0 ms]
   [Code Root Migration: 0.0 ms]
   [Clear CT: 0.1 ms]
   [Other: 190.2 ms]
      [Choose CSet: 0.0 ms]
      [Ref Proc: 189.1 ms]
      [Ref Enq: 0.6 ms]
      [Free CSet: 0.4 ms]
   [Eden: 185.0M(185.0M)->0.0B(185.0M) Survivors: 19.0M->19.0M Heap: 2147.7M(4096.0M)->1962.8M(4096.0M)]
 [Times: user=0.74 sys=0.00, real=0.20 secs] 
2016-01-06T00:59:47.412-0800: 223.533: [GC pause (young)
Desired survivor size 13631488 bytes, new threshold 1 (max 15)
- age   1:   17259832 bytes,   17259832 total
2016-01-06T00:59:47.605-0800: 223.726: [SoftReference, 0 refs, 0.0005690 secs]2016-01-06T00:59:47.606-0800: 223.727: [WeakReference, 0 refs, 0.0003350 secs]2016-01-06T00:59:47.606-0800: 223.727: [FinalReference, 0 refs, 0.0002480 secs]2016-01-06T00:59:47.607-0800: 223.728: [PhantomReference, 0 refs, 6245 refs, 0.0005960 secs]2016-01-06T00:59:47.607-0800: 223.728: [JNI Weak Reference, 0.0000090 secs], 0.1966820 secs]
   [Parallel Time: 3.1 ms, GC Workers: 4]
      [GC Worker Start (ms): Min: 223532.6, Avg: 223533.0, Max: 223533.9, Diff: 1.3]
      [Ext Root Scanning (ms): Min: 0.0, Avg: 0.3, Max: 0.5, Diff: 0.5, Sum: 1.3]
      [SATB Filtering (ms): Min: 0.0, Avg: 0.0, Max: 0.0, Diff: 0.0, Sum: 0.0]
      [Update RS (ms): Min: 0.0, Avg: 0.1, Max: 0.2, Diff: 0.2, Sum: 0.3]
         [Processed Buffers: Min: 0, Avg: 1.5, Max: 5, Diff: 5, Sum: 6]
      [Scan RS (ms): Min: 0.0, Avg: 0.1, Max: 0.1, Diff: 0.1, Sum: 0.3]
      [Code Root Scanning (ms): Min: 0.0, Avg: 0.0, Max: 0.0, Diff: 0.0, Sum: 0.0]
      [Object Copy (ms): Min: 1.7, Avg: 2.2, Max: 2.4, Diff: 0.7, Sum: 8.8]
      [Termination (ms): Min: 0.0, Avg: 0.0, Max: 0.0, Diff: 0.0, Sum: 0.0]
      [GC Worker Other (ms): Min: 0.0, Avg: 0.0, Max: 0.0, Diff: 0.0, Sum: 0.1]
      [GC Worker Total (ms): Min: 1.8, Avg: 2.7, Max: 3.0, Diff: 1.3, Sum: 10.8]
      [GC Worker End (ms): Min: 223535.7, Avg: 223535.7, Max: 223535.7, Diff: 0.0]
   [Code Root Fixup: 0.0 ms]
   [Code Root Migration: 0.0 ms]
   [Clear CT: 0.1 ms]
   [Other: 193.4 ms]
      [Choose CSet: 0.0 ms]
      [Ref Proc: 192.5 ms]
      [Ref Enq: 0.5 ms]
      [Free CSet: 0.3 ms]
   [Eden: 185.0M(185.0M)->0.0B(291.0M) Survivors: 19.0M->19.0M Heap: 2147.8M(4096.0M)->1962.8M(4096.0M)]
 [Times: user=0.76 sys=0.00, real=0.20 secs] 
2016-01-06T00:59:47.632-0800: 223.752: [GC concurrent-mark-end, 19.2801470 secs]
2016-01-06T00:59:47.632-0800: 223.753: [GC remark 2016-01-06T00:59:47.633-0800: 223.754: [GC ref-proc2016-01-06T00:59:47.633-0800: 223.754: [SoftReference, 0 refs, 0.0004600 secs]2016-01-06T00:59:47.634-0800: 223.754: [WeakReference, 0 refs, 0.0002630 secs]2016-01-06T00:59:47.634-0800: 223.755: [FinalReference, 4 refs, 0.0033250 secs]2016-01-06T00:59:47.637-0800: 223.758: [PhantomReference, 0 refs, 10438428 refs, 0.8330770 secs]2016-01-06T00:59:48.470-0800: 224.591: [JNI Weak Reference, 0.0000180 secs], 0.8373410 secs], 0.8465010 secs]
 [Times: user=2.16 sys=0.89, real=0.85 secs] 
2016-01-06T00:59:48.479-0800: 224.599: [GC cleanup 2128M->2127M(4096M), 0.0052610 secs]
 [Times: user=0.01 sys=0.00, real=0.00 secs] 
2016-01-06T00:59:48.484-0800: 224.605: [GC concurrent-cleanup-start]
2016-01-06T00:59:48.484-0800: 224.605: [GC concurrent-cleanup-end, 0.0000170 secs]
2016-01-06T00:59:48.502-0800: 224.623: [GC pause (young)
Desired survivor size 20447232 bytes, new threshold 15 (max 15)
- age   1:   17259832 bytes,   17259832 total
2016-01-06T00:59:48.506-0800: 224.627: [SoftReference, 0 refs, 0.0031120 secs]2016-01-06T00:59:48.509-0800: 224.630: [WeakReference, 0 refs, 0.0002550 secs]2016-01-06T00:59:48.509-0800: 224.630: [FinalReference, 0 refs, 0.0002480 secs]2016-01-06T00:59:48.509-0800: 224.630: [PhantomReference, 0 refs, 9528 refs, 0.0006330 secs]2016-01-06T00:59:48.510-0800: 224.631: [JNI Weak Reference, 0.0000090 secs], 0.0087480 secs]
   [Parallel Time: 3.4 ms, GC Workers: 4]
      [GC Worker Start (ms): Min: 224623.2, Avg: 224623.2, Max: 224623.2, Diff: 0.1]
      [Ext Root Scanning (ms): Min: 0.3, Avg: 0.4, Max: 0.4, Diff: 0.1, Sum: 1.4]
      [Update RS (ms): Min: 0.0, Avg: 0.1, Max: 0.3, Diff: 0.3, Sum: 0.4]
         [Processed Buffers: Min: 1, Avg: 1.5, Max: 3, Diff: 2, Sum: 6]
      [Scan RS (ms): Min: 0.0, Avg: 0.1, Max: 0.2, Diff: 0.2, Sum: 0.5]
      [Code Root Scanning (ms): Min: 0.0, Avg: 0.0, Max: 0.0, Diff: 0.0, Sum: 0.1]
      [Object Copy (ms): Min: 2.7, Avg: 2.7, Max: 2.7, Diff: 0.0, Sum: 10.7]
      [Termination (ms): Min: 0.0, Avg: 0.0, Max: 0.0, Diff: 0.0, Sum: 0.0]
      [GC Worker Other (ms): Min: 0.0, Avg: 0.0, Max: 0.0, Diff: 0.0, Sum: 0.1]
      [GC Worker Total (ms): Min: 3.3, Avg: 3.3, Max: 3.3, Diff: 0.1, Sum: 13.3]
      [GC Worker End (ms): Min: 224626.5, Avg: 224626.5, Max: 224626.5, Diff: 0.0]
   [Code Root Fixup: 0.0 ms]
   [Code Root Migration: 0.0 ms]
   [Clear CT: 0.1 ms]
   [Other: 5.1 ms]
      [Choose CSet: 0.0 ms]
      [Ref Proc: 4.4 ms]
      [Ref Enq: 0.2 ms]
      [Free CSet: 0.5 ms]
   [Eden: 291.0M(291.0M)->0.0B(1695.0M) Survivors: 19.0M->19.0M Heap: 2252.8M(4096.0M)->1962.3M(4096.0M)]
 [Times: user=0.03 sys=0.00, real=0.01 secs] 
2016-01-06T00:59:48.749-0800: 224.870: [GC pause (young)
Desired survivor size 112721920 bytes, new threshold 15 (max 15)
- age   1:   17496424 bytes,   17496424 total
- age   2:      36864 bytes,   17533288 total
2016-01-06T00:59:48.762-0800: 224.883: [SoftReference, 0 refs, 0.0004830 secs]2016-01-06T00:59:48.762-0800: 224.883: [WeakReference, 0 refs, 0.0002490 secs]2016-01-06T00:59:48.763-0800: 224.884: [FinalReference, 0 refs, 0.0002330 secs]2016-01-06T00:59:48.763-0800: 224.884: [PhantomReference, 0 refs, 53054 refs, 0.0016680 secs]2016-01-06T00:59:48.765-0800: 224.886: [JNI Weak Reference, 0.0000100 secs], 0.0190790 secs]
   [Parallel Time: 12.5 ms, GC Workers: 4]
      [GC Worker Start (ms): Min: 224870.3, Avg: 224870.4, Max: 224870.4, Diff: 0.1]
      [Ext Root Scanning (ms): Min: 0.3, Avg: 0.3, Max: 0.4, Diff: 0.1, Sum: 1.4]
      [Update RS (ms): Min: 0.0, Avg: 0.1, Max: 0.3, Diff: 0.3, Sum: 0.3]
         [Processed Buffers: Min: 0, Avg: 1.5, Max: 3, Diff: 3, Sum: 6]
      [Scan RS (ms): Min: 0.6, Avg: 0.7, Max: 0.8, Diff: 0.2, Sum: 3.0]
      [Code Root Scanning (ms): Min: 0.1, Avg: 0.1, Max: 0.1, Diff: 0.0, Sum: 0.4]
      [Object Copy (ms): Min: 10.9, Avg: 11.0, Max: 11.0, Diff: 0.1, Sum: 43.9]
      [Termination (ms): Min: 0.0, Avg: 0.0, Max: 0.0, Diff: 0.0, Sum: 0.0]
      [GC Worker Other (ms): Min: 0.0, Avg: 0.1, Max: 0.1, Diff: 0.1, Sum: 0.3]
      [GC Worker Total (ms): Min: 12.3, Avg: 12.3, Max: 12.4, Diff: 0.1, Sum: 49.3]
      [GC Worker End (ms): Min: 224882.6, Avg: 224882.7, Max: 224882.7, Diff: 0.1]
   [Code Root Fixup: 0.0 ms]
   [Code Root Migration: 0.3 ms]
   [Clear CT: 0.5 ms]
   [Other: 5.8 ms]
      [Choose CSet: 0.0 ms]
      [Ref Proc: 2.8 ms]
      [Ref Enq: 0.8 ms]
      [Free CSet: 2.1 ms]
   [Eden: 1695.0M(1695.0M)->0.0B(1693.0M) Survivors: 19.0M->22.0M Heap: 3657.3M(4096.0M)->1965.3M(4096.0M)]
 [Times: user=0.06 sys=0.00, real=0.02 secs] 
2016-01-06T00:59:49.008-0800: 225.129: [GC pause (young) (initial-mark)
Desired survivor size 112721920 bytes, new threshold 15 (max 15)
- age   1:   20630152 bytes,   20630152 total
- age   2:      36864 bytes,   20667016 total
2016-01-06T00:59:49.021-0800: 225.142: [SoftReference, 0 refs, 0.0004750 secs]2016-01-06T00:59:49.021-0800: 225.142: [WeakReference, 0 refs, 0.0002150 secs]2016-01-06T00:59:49.021-0800: 225.142: [FinalReference, 0 refs, 0.0002500 secs]2016-01-06T00:59:49.022-0800: 225.143: [PhantomReference, 0 refs, 52993 refs, 0.0013830 secs]2016-01-06T00:59:49.023-0800: 225.144: [JNI Weak Reference, 0.0000100 secs], 0.0192770 secs]
   [Parallel Time: 12.5 ms, GC Workers: 4]
      [GC Worker Start (ms): Min: 225129.0, Avg: 225129.1, Max: 225129.1, Diff: 0.1]
      [Ext Root Scanning (ms): Min: 0.3, Avg: 0.3, Max: 0.4, Diff: 0.0, Sum: 1.4]
      [Code Root Marking (ms): Min: 0.2, Avg: 0.2, Max: 0.3, Diff: 0.1, Sum: 0.9]
      [Update RS (ms): Min: 0.0, Avg: 0.1, Max: 0.3, Diff: 0.3, Sum: 0.3]
         [Processed Buffers: Min: 0, Avg: 1.2, Max: 3, Diff: 3, Sum: 5]
      [Scan RS (ms): Min: 0.6, Avg: 0.7, Max: 0.8, Diff: 0.2, Sum: 2.9]
      [Code Root Scanning (ms): Min: 0.1, Avg: 0.1, Max: 0.1, Diff: 0.0, Sum: 0.3]
      [Object Copy (ms): Min: 10.8, Avg: 10.8, Max: 10.8, Diff: 0.0, Sum: 43.1]
      [Termination (ms): Min: 0.0, Avg: 0.0, Max: 0.0, Diff: 0.0, Sum: 0.0]
      [GC Worker Other (ms): Min: 0.0, Avg: 0.1, Max: 0.1, Diff: 0.1, Sum: 0.3]
      [GC Worker Total (ms): Min: 12.3, Avg: 12.3, Max: 12.3, Diff: 0.1, Sum: 49.3]
      [GC Worker End (ms): Min: 225141.4, Avg: 225141.4, Max: 225141.4, Diff: 0.1]
   [Code Root Fixup: 0.0 ms]
   [Code Root Migration: 0.3 ms]
   [Clear CT: 0.5 ms]
   [Other: 6.0 ms]
      [Choose CSet: 0.0 ms]
      [Ref Proc: 2.6 ms]
      [Ref Enq: 0.5 ms]
      [Free CSet: 2.1 ms]
   [Eden: 1693.0M(1693.0M)->0.0B(1693.0M) Survivors: 22.0M->22.0M Heap: 3658.3M(4096.0M)->1964.8M(4096.0M)]
 [Times: user=0.05 sys=0.01, real=0.02 secs] 
2016-01-06T00:59:49.027-0800: 225.148: [GC concurrent-root-region-scan-start]
2016-01-06T00:59:49.033-0800: 225.154: [GC concurrent-root-region-scan-end, 0.0059510 secs]
2016-01-06T00:59:49.033-0800: 225.154: [GC concurrent-mark-start]
2016-01-06T00:59:49.626-0800: 225.747: [GC pause (young)
Desired survivor size 112721920 bytes, new threshold 15 (max 15)
- age   1:   20625688 bytes,   20625688 total
- age   2:      36864 bytes,   20662552 total
2016-01-06T00:59:49.658-0800: 225.779: [SoftReference, 0 refs, 0.0005580 secs]2016-01-06T00:59:49.658-0800: 225.779: [WeakReference, 0 refs, 0.0002510 secs]2016-01-06T00:59:49.659-0800: 225.780: [FinalReference, 0 refs, 0.0003720 secs]2016-01-06T00:59:49.659-0800: 225.780: [PhantomReference, 0 refs, 52991 refs, 0.0019150 secs]2016-01-06T00:59:49.661-0800: 225.782: [JNI Weak Reference, 0.0000080 secs], 0.0416560 secs]
   [Parallel Time: 26.7 ms, GC Workers: 4]
      [GC Worker Start (ms): Min: 225747.0, Avg: 225747.0, Max: 225747.0, Diff: 0.1]
      [Ext Root Scanning (ms): Min: 0.3, Avg: 0.3, Max: 0.4, Diff: 0.1, Sum: 1.4]
      [SATB Filtering (ms): Min: 0.0, Avg: 0.0, Max: 0.0, Diff: 0.0, Sum: 0.0]
      [Update RS (ms): Min: 14.8, Avg: 15.0, Max: 15.4, Diff: 0.6, Sum: 60.0]
         [Processed Buffers: Min: 21, Avg: 22.2, Max: 23, Diff: 2, Sum: 89]
      [Scan RS (ms): Min: 0.4, Avg: 0.7, Max: 0.8, Diff: 0.4, Sum: 2.9]
      [Code Root Scanning (ms): Min: 0.0, Avg: 0.1, Max: 0.1, Diff: 0.1, Sum: 0.3]
      [Object Copy (ms): Min: 10.3, Avg: 10.4, Max: 10.4, Diff: 0.1, Sum: 41.4]
      [Termination (ms): Min: 0.0, Avg: 0.0, Max: 0.0, Diff: 0.0, Sum: 0.0]
      [GC Worker Other (ms): Min: 0.0, Avg: 0.1, Max: 0.1, Diff: 0.1, Sum: 0.3]
      [GC Worker Total (ms): Min: 26.5, Avg: 26.6, Max: 26.6, Diff: 0.1, Sum: 106.3]
      [GC Worker End (ms): Min: 225773.5, Avg: 225773.6, Max: 225773.6, Diff: 0.0]
   [Code Root Fixup: 0.0 ms]
   [Code Root Migration: 0.3 ms]
   [Clear CT: 0.5 ms]
   [Other: 14.2 ms]
      [Choose CSet: 0.0 ms]
      [Ref Proc: 8.2 ms]
      [Ref Enq: 3.9 ms]
      [Free CSet: 2.0 ms]
   [Eden: 1693.0M(1693.0M)->0.0B(1694.0M) Survivors: 22.0M->22.0M Heap: 3657.8M(4096.0M)->1965.3M(4096.0M)]
 [Times: user=0.15 sys=0.00, real=0.04 secs] 
2016-01-06T00:59:49.927-0800: 226.048: [GC pause (young)
Desired survivor size 112721920 bytes, new threshold 15 (max 15)
- age   1:   20625688 bytes,   20625688 total
- age   2:      36864 bytes,   20662552 total
2016-01-06T00:59:49.999-0800: 226.120: [SoftReference, 0 refs, 0.0005370 secs]2016-01-06T00:59:50.000-0800: 226.120: [WeakReference, 0 refs, 0.0003160 secs]2016-01-06T00:59:50.000-0800: 226.121: [FinalReference, 0 refs, 0.0003420 secs]2016-01-06T00:59:50.000-0800: 226.121: [PhantomReference, 0 refs, 53024 refs, 0.0016440 secs]2016-01-06T00:59:50.002-0800: 226.123: [JNI Weak Reference, 0.0000090 secs], 0.0828100 secs]
   [Parallel Time: 47.0 ms, GC Workers: 4]
      [GC Worker Start (ms): Min: 226047.8, Avg: 226047.8, Max: 226047.9, Diff: 0.1]
      [Ext Root Scanning (ms): Min: 0.3, Avg: 0.4, Max: 0.4, Diff: 0.1, Sum: 1.4]
      [SATB Filtering (ms): Min: 0.0, Avg: 0.0, Max: 0.0, Diff: 0.0, Sum: 0.0]
      [Update RS (ms): Min: 30.9, Avg: 34.3, Max: 43.8, Diff: 12.9, Sum: 137.2]
         [Processed Buffers: Min: 15, Avg: 35.8, Max: 45, Diff: 30, Sum: 143]
      [Scan RS (ms): Min: 0.4, Avg: 0.8, Max: 1.2, Diff: 0.8, Sum: 3.3]
      [Code Root Scanning (ms): Min: 0.0, Avg: 0.1, Max: 0.1, Diff: 0.1, Sum: 0.3]
      [Object Copy (ms): Min: 0.0, Avg: 8.4, Max: 11.2, Diff: 11.2, Sum: 33.6]
      [Termination (ms): Min: 0.0, Avg: 0.6, Max: 0.9, Diff: 0.9, Sum: 2.5]
      [GC Worker Other (ms): Min: 0.0, Avg: 0.0, Max: 0.0, Diff: 0.0, Sum: 0.1]
      [GC Worker Total (ms): Min: 44.6, Avg: 44.6, Max: 44.7, Diff: 0.1, Sum: 178.6]
      [GC Worker End (ms): Min: 226092.4, Avg: 226092.5, Max: 226092.6, Diff: 0.1]
   [Code Root Fixup: 0.0 ms]
   [Code Root Migration: 0.3 ms]
   [Clear CT: 0.4 ms]
   [Other: 35.2 ms]
      [Choose CSet: 0.0 ms]
      [Ref Proc: 28.0 ms]
      [Ref Enq: 4.9 ms]
      [Free CSet: 2.1 ms]
   [Eden: 1694.0M(1694.0M)->0.0B(1695.0M) Survivors: 22.0M->22.0M Heap: 3659.3M(4096.0M)->1964.8M(4096.0M)]
 [Times: user=0.26 sys=0.00, real=0.08 secs] 
2016-01-06T00:59:50.276-0800: 226.397: [GC pause (young)
Desired survivor size 112721920 bytes, new threshold 15 (max 15)
- age   1:   20627920 bytes,   20627920 total
- age   2:      36864 bytes,   20664784 total
2016-01-06T00:59:50.354-0800: 226.475: [SoftReference, 0 refs, 0.0004380 secs]2016-01-06T00:59:50.354-0800: 226.475: [WeakReference, 0 refs, 0.0002330 secs]2016-01-06T00:59:50.355-0800: 226.475: [FinalReference, 0 refs, 0.0003360 secs]2016-01-06T00:59:50.355-0800: 226.476: [PhantomReference, 0 refs, 53053 refs, 0.0016740 secs]2016-01-06T00:59:50.357-0800: 226.477: [JNI Weak Reference, 0.0000100 secs], 0.0882860 secs]
   [Parallel Time: 33.9 ms, GC Workers: 4]
      [GC Worker Start (ms): Min: 226397.0, Avg: 226398.6, Max: 226403.3, Diff: 6.3]
      [Ext Root Scanning (ms): Min: 0.0, Avg: 0.3, Max: 0.5, Diff: 0.5, Sum: 1.2]
      [SATB Filtering (ms): Min: 0.0, Avg: 0.0, Max: 0.0, Diff: 0.0, Sum: 0.0]
      [Update RS (ms): Min: 15.7, Avg: 20.1, Max: 21.7, Diff: 6.1, Sum: 80.5]
         [Processed Buffers: Min: 21, Avg: 28.8, Max: 40, Diff: 19, Sum: 115]
      [Scan RS (ms): Min: 0.7, Avg: 0.8, Max: 0.8, Diff: 0.2, Sum: 3.2]
      [Code Root Scanning (ms): Min: 0.1, Avg: 0.1, Max: 0.1, Diff: 0.0, Sum: 0.4]
      [Object Copy (ms): Min: 10.8, Avg: 10.9, Max: 10.9, Diff: 0.1, Sum: 43.4]
      [Termination (ms): Min: 0.0, Avg: 0.0, Max: 0.0, Diff: 0.0, Sum: 0.0]
      [GC Worker Other (ms): Min: 0.0, Avg: 0.1, Max: 0.1, Diff: 0.1, Sum: 0.2]
      [GC Worker Total (ms): Min: 27.5, Avg: 32.2, Max: 33.9, Diff: 6.3, Sum: 129.0]
      [GC Worker End (ms): Min: 226430.8, Avg: 226430.8, Max: 226430.8, Diff: 0.1]
   [Code Root Fixup: 0.0 ms]
   [Code Root Migration: 0.3 ms]
   [Clear CT: 0.5 ms]
   [Other: 53.6 ms]
      [Choose CSet: 0.0 ms]
      [Ref Proc: 46.6 ms]
      [Ref Enq: 4.8 ms]
      [Free CSet: 2.1 ms]
   [Eden: 1695.0M(1695.0M)->0.0B(1696.0M) Survivors: 22.0M->22.0M Heap: 3659.8M(4096.0M)->1965.3M(4096.0M)]
 [Times: user=0.30 sys=0.00, real=0.09 secs] 
2016-01-06T00:59:50.626-0800: 226.747: [GC pause (young)
Desired survivor size 112721920 bytes, new threshold 15 (max 15)
- age   1:   20630152 bytes,   20630152 total
- age   2:      36864 bytes,   20667016 total
2016-01-06T00:59:50.713-0800: 226.834: [SoftReference, 0 refs, 0.0005470 secs]2016-01-06T00:59:50.714-0800: 226.834: [WeakReference, 0 refs, 0.0003560 secs]2016-01-06T00:59:50.714-0800: 226.835: [FinalReference, 0 refs, 0.0002670 secs]2016-01-06T00:59:50.714-0800: 226.835: [PhantomReference, 0 refs, 53086 refs, 0.0015270 secs]2016-01-06T00:59:50.716-0800: 226.837: [JNI Weak Reference, 0.0000150 secs], 0.0978660 secs]
   [Parallel Time: 33.0 ms, GC Workers: 4]
      [GC Worker Start (ms): Min: 226746.9, Avg: 226749.0, Max: 226752.3, Diff: 5.4]
      [Ext Root Scanning (ms): Min: 0.0, Avg: 0.3, Max: 0.6, Diff: 0.6, Sum: 1.2]
      [SATB Filtering (ms): Min: 0.0, Avg: 0.0, Max: 0.0, Diff: 0.0, Sum: 0.0]
      [Update RS (ms): Min: 17.7, Avg: 19.1, Max: 20.2, Diff: 2.5, Sum: 76.4]
         [Processed Buffers: Min: 14, Avg: 20.2, Max: 29, Diff: 15, Sum: 81]
      [Scan RS (ms): Min: 0.2, Avg: 0.8, Max: 1.1, Diff: 0.9, Sum: 3.3]
      [Code Root Scanning (ms): Min: 0.0, Avg: 0.1, Max: 0.1, Diff: 0.1, Sum: 0.3]
      [Object Copy (ms): Min: 9.0, Avg: 10.4, Max: 11.0, Diff: 2.0, Sum: 41.8]
      [Termination (ms): Min: 0.0, Avg: 0.0, Max: 0.0, Diff: 0.0, Sum: 0.0]
      [GC Worker Other (ms): Min: 0.0, Avg: 0.1, Max: 0.1, Diff: 0.0, Sum: 0.2]
      [GC Worker Total (ms): Min: 27.6, Avg: 30.8, Max: 32.9, Diff: 5.4, Sum: 123.2]
      [GC Worker End (ms): Min: 226779.8, Avg: 226779.8, Max: 226779.8, Diff: 0.1]
   [Code Root Fixup: 0.0 ms]
   [Code Root Migration: 0.3 ms]
   [Clear CT: 0.4 ms]
   [Other: 64.2 ms]
      [Choose CSet: 0.0 ms]
      [Ref Proc: 56.7 ms]
      [Ref Enq: 5.3 ms]
      [Free CSet: 2.1 ms]
   [Eden: 1696.0M(1696.0M)->0.0B(1696.0M) Survivors: 22.0M->22.0M Heap: 3661.3M(4096.0M)->1964.8M(4096.0M)]
 [Times: user=0.33 sys=0.00, real=0.09 secs] 
2016-01-06T00:59:50.965-0800: 227.086: [GC pause (young)
Desired survivor size 112721920 bytes, new threshold 15 (max 15)
- age   1:   20632384 bytes,   20632384 total
- age   2:      36864 bytes,   20669248 total
2016-01-06T00:59:51.061-0800: 227.182: [SoftReference, 0 refs, 0.0004360 secs]2016-01-06T00:59:51.061-0800: 227.182: [WeakReference, 0 refs, 0.0002490 secs]2016-01-06T00:59:51.061-0800: 227.182: [FinalReference, 0 refs, 0.0002700 secs]2016-01-06T00:59:51.062-0800: 227.183: [PhantomReference, 0 refs, 53085 refs, 0.0016720 secs]2016-01-06T00:59:51.063-0800: 227.184: [JNI Weak Reference, 0.0000090 secs], 0.1067870 secs]
   [Parallel Time: 27.6 ms, GC Workers: 4]
      [GC Worker Start (ms): Min: 227085.7, Avg: 227085.7, Max: 227085.9, Diff: 0.2]
      [Ext Root Scanning (ms): Min: 0.2, Avg: 0.4, Max: 0.4, Diff: 0.2, Sum: 1.4]
      [SATB Filtering (ms): Min: 0.0, Avg: 0.0, Max: 0.0, Diff: 0.0, Sum: 0.0]
      [Update RS (ms): Min: 15.2, Avg: 15.5, Max: 15.7, Diff: 0.5, Sum: 61.9]
         [Processed Buffers: Min: 21, Avg: 22.0, Max: 23, Diff: 2, Sum: 88]
      [Scan RS (ms): Min: 0.7, Avg: 0.8, Max: 1.0, Diff: 0.4, Sum: 3.3]
      [Code Root Scanning (ms): Min: 0.1, Avg: 0.1, Max: 0.1, Diff: 0.0, Sum: 0.3]
      [Object Copy (ms): Min: 10.5, Avg: 10.6, Max: 10.6, Diff: 0.1, Sum: 42.3]
      [Termination (ms): Min: 0.0, Avg: 0.0, Max: 0.0, Diff: 0.0, Sum: 0.0]
      [GC Worker Other (ms): Min: 0.0, Avg: 0.1, Max: 0.1, Diff: 0.1, Sum: 0.2]
      [GC Worker Total (ms): Min: 27.3, Avg: 27.4, Max: 27.5, Diff: 0.2, Sum: 109.6]
      [GC Worker End (ms): Min: 227113.1, Avg: 227113.1, Max: 227113.2, Diff: 0.1]
   [Code Root Fixup: 0.0 ms]
   [Code Root Migration: 0.3 ms]
   [Clear CT: 0.5 ms]
   [Other: 78.5 ms]
      [Choose CSet: 0.0 ms]
      [Ref Proc: 71.0 ms]
      [Ref Enq: 5.3 ms]
      [Free CSet: 2.1 ms]
   [Eden: 1696.0M(1696.0M)->0.0B(1696.0M) Survivors: 22.0M->22.0M Heap: 3660.8M(4096.0M)->1965.3M(4096.0M)]
 [Times: user=0.40 sys=0.00, real=0.11 secs] 
2016-01-06T00:59:51.330-0800: 227.451: [GC pause (young)
Desired survivor size 112721920 bytes, new threshold 15 (max 15)
- age   1:   20632384 bytes,   20632384 total
- age   2:      36864 bytes,   20669248 total
2016-01-06T00:59:51.440-0800: 227.560: [SoftReference, 0 refs, 0.0004130 secs]2016-01-06T00:59:51.440-0800: 227.561: [WeakReference, 0 refs, 0.0002420 secs]2016-01-06T00:59:51.440-0800: 227.561: [FinalReference, 0 refs, 0.0002540 secs]2016-01-06T00:59:51.440-0800: 227.561: [PhantomReference, 0 refs, 53086 refs, 0.0016040 secs]2016-01-06T00:59:51.442-0800: 227.563: [JNI Weak Reference, 0.0000090 secs], 0.1201640 secs]
   [Parallel Time: 31.6 ms, GC Workers: 4]
      [GC Worker Start (ms): Min: 227450.6, Avg: 227450.6, Max: 227450.7, Diff: 0.1]
      [Ext Root Scanning (ms): Min: 0.3, Avg: 0.4, Max: 0.4, Diff: 0.1, Sum: 1.4]
      [SATB Filtering (ms): Min: 0.0, Avg: 0.0, Max: 0.0, Diff: 0.0, Sum: 0.0]
      [Update RS (ms): Min: 19.1, Avg: 19.4, Max: 19.8, Diff: 0.7, Sum: 77.8]
         [Processed Buffers: Min: 26, Avg: 26.8, Max: 27, Diff: 1, Sum: 107]
      [Scan RS (ms): Min: 0.5, Avg: 0.8, Max: 1.1, Diff: 0.5, Sum: 3.1]
      [Code Root Scanning (ms): Min: 0.1, Avg: 0.1, Max: 0.1, Diff: 0.0, Sum: 0.3]
      [Object Copy (ms): Min: 10.8, Avg: 10.8, Max: 10.8, Diff: 0.1, Sum: 43.2]
      [Termination (ms): Min: 0.0, Avg: 0.0, Max: 0.0, Diff: 0.0, Sum: 0.0]
      [GC Worker Other (ms): Min: 0.0, Avg: 0.1, Max: 0.1, Diff: 0.1, Sum: 0.3]
      [GC Worker Total (ms): Min: 31.5, Avg: 31.5, Max: 31.6, Diff: 0.1, Sum: 126.1]
      [GC Worker End (ms): Min: 227482.1, Avg: 227482.1, Max: 227482.2, Diff: 0.1]
   [Code Root Fixup: 0.0 ms]
   [Code Root Migration: 0.3 ms]
   [Clear CT: 0.4 ms]
   [Other: 87.8 ms]
      [Choose CSet: 0.0 ms]
      [Ref Proc: 80.8 ms]
      [Ref Enq: 4.9 ms]
      [Free CSet: 2.0 ms]
   [Eden: 1696.0M(1696.0M)->0.0B(1697.0M) Survivors: 22.0M->22.0M Heap: 3661.3M(4096.0M)->1965.3M(4096.0M)]
 [Times: user=0.45 sys=0.00, real=0.12 secs] 
2016-01-06T00:59:51.704-0800: 227.825: [GC pause (young)
Desired survivor size 112721920 bytes, new threshold 15 (max 15)
- age   1:   20632384 bytes,   20632384 total
- age   2:      36864 bytes,   20669248 total
2016-01-06T00:59:51.867-0800: 227.988: [SoftReference, 0 refs, 0.0004210 secs]2016-01-06T00:59:51.869-0800: 227.990: [WeakReference, 0 refs, 0.0003340 secs]2016-01-06T00:59:51.869-0800: 227.990: [FinalReference, 0 refs, 0.0003020 secs]2016-01-06T00:59:51.869-0800: 227.990: [PhantomReference, 0 refs, 53115 refs, 0.0013890 secs]2016-01-06T00:59:51.871-0800: 227.992: [JNI Weak Reference, 0.0000090 secs], 0.1749840 secs]
   [Parallel Time: 43.2 ms, GC Workers: 4]
      [GC Worker Start (ms): Min: 227825.0, Avg: 227825.0, Max: 227825.0, Diff: 0.1]
      [Ext Root Scanning (ms): Min: 0.3, Avg: 0.3, Max: 0.4, Diff: 0.1, Sum: 1.4]
      [SATB Filtering (ms): Min: 0.0, Avg: 0.0, Max: 0.0, Diff: 0.0, Sum: 0.0]
      [Update RS (ms): Min: 30.4, Avg: 30.8, Max: 31.2, Diff: 0.8, Sum: 123.2]
         [Processed Buffers: Min: 43, Avg: 44.0, Max: 45, Diff: 2, Sum: 176]
      [Scan RS (ms): Min: 0.5, Avg: 0.8, Max: 1.1, Diff: 0.6, Sum: 3.1]
      [Code Root Scanning (ms): Min: 0.0, Avg: 0.1, Max: 0.1, Diff: 0.1, Sum: 0.4]
      [Object Copy (ms): Min: 10.9, Avg: 11.0, Max: 11.0, Diff: 0.1, Sum: 43.8]
      [Termination (ms): Min: 0.0, Avg: 0.0, Max: 0.0, Diff: 0.0, Sum: 0.0]
      [GC Worker Other (ms): Min: 0.0, Avg: 0.1, Max: 0.1, Diff: 0.1, Sum: 0.3]
      [GC Worker Total (ms): Min: 43.0, Avg: 43.1, Max: 43.1, Diff: 0.1, Sum: 172.2]
      [GC Worker End (ms): Min: 227868.0, Avg: 227868.1, Max: 227868.1, Diff: 0.1]
   [Code Root Fixup: 0.0 ms]
   [Code Root Migration: 0.3 ms]
   [Clear CT: 0.5 ms]
   [Other: 131.1 ms]
      [Choose CSet: 0.0 ms]
      [Ref Proc: 123.5 ms]
      [Ref Enq: 5.3 ms]
      [Free CSet: 2.2 ms]
   [Eden: 1697.0M(1697.0M)->0.0B(1697.0M) Survivors: 22.0M->22.0M Heap: 3662.3M(4096.0M)->1965.3M(4096.0M)]
 [Times: user=0.60 sys=0.00, real=0.18 secs] 
2016-01-06T00:59:52.143-0800: 228.264: [GC pause (young)
Desired survivor size 112721920 bytes, new threshold 15 (max 15)
- age   1:   20634616 bytes,   20634616 total
- age   2:      36864 bytes,   20671480 total
2016-01-06T00:59:52.286-0800: 228.406: [SoftReference, 0 refs, 0.0004680 secs]2016-01-06T00:59:52.286-0800: 228.407: [WeakReference, 0 refs, 0.0002110 secs]2016-01-06T00:59:52.286-0800: 228.407: [FinalReference, 0 refs, 0.0002500 secs]2016-01-06T00:59:52.287-0800: 228.407: [PhantomReference, 0 refs, 53117 refs, 0.0016530 secs]2016-01-06T00:59:52.288-0800: 228.409: [JNI Weak Reference, 0.0000200 secs], 0.1544360 secs]
   [Parallel Time: 28.8 ms, GC Workers: 4]
      [GC Worker Start (ms): Min: 228263.6, Avg: 228263.7, Max: 228263.7, Diff: 0.1]
      [Ext Root Scanning (ms): Min: 0.3, Avg: 0.3, Max: 0.4, Diff: 0.2, Sum: 1.4]
      [SATB Filtering (ms): Min: 0.0, Avg: 0.0, Max: 0.0, Diff: 0.0, Sum: 0.0]
      [Update RS (ms): Min: 16.7, Avg: 16.7, Max: 16.8, Diff: 0.2, Sum: 66.9]
         [Processed Buffers: Min: 23, Avg: 23.2, Max: 24, Diff: 1, Sum: 93]
      [Scan RS (ms): Min: 0.7, Avg: 0.8, Max: 0.8, Diff: 0.1, Sum: 3.2]
      [Code Root Scanning (ms): Min: 0.1, Avg: 0.1, Max: 0.1, Diff: 0.0, Sum: 0.3]
      [Object Copy (ms): Min: 10.6, Avg: 10.6, Max: 10.6, Diff: 0.1, Sum: 42.4]
      [Termination (ms): Min: 0.0, Avg: 0.0, Max: 0.0, Diff: 0.0, Sum: 0.0]
      [GC Worker Other (ms): Min: 0.0, Avg: 0.1, Max: 0.1, Diff: 0.1, Sum: 0.3]
      [GC Worker Total (ms): Min: 28.6, Avg: 28.6, Max: 28.7, Diff: 0.1, Sum: 114.5]
      [GC Worker End (ms): Min: 228292.3, Avg: 228292.3, Max: 228292.3, Diff: 0.1]
   [Code Root Fixup: 0.0 ms]
   [Code Root Migration: 0.2 ms]
   [Clear CT: 0.4 ms]
   [Other: 125.0 ms]
      [Choose CSet: 0.0 ms]
      [Ref Proc: 116.8 ms]
      [Ref Enq: 6.1 ms]
      [Free CSet: 2.1 ms]
   [Eden: 1697.0M(1697.0M)->0.0B(1697.0M) Survivors: 22.0M->22.0M Heap: 3662.3M(4096.0M)->1965.3M(4096.0M)]
 [Times: user=0.57 sys=0.00, real=0.16 secs] 
2016-01-06T00:59:52.559-0800: 228.680: [GC pause (young)
Desired survivor size 112721920 bytes, new threshold 15 (max 15)
- age   1:   20634616 bytes,   20634616 total
- age   2:      36864 bytes,   20671480 total
2016-01-06T00:59:52.707-0800: 228.828: [SoftReference, 0 refs, 0.0006140 secs]2016-01-06T00:59:52.708-0800: 228.829: [WeakReference, 0 refs, 0.0002620 secs]2016-01-06T00:59:52.708-0800: 228.829: [FinalReference, 0 refs, 0.0002630 secs]2016-01-06T00:59:52.708-0800: 228.829: [PhantomReference, 0 refs, 53116 refs, 0.0013720 secs]2016-01-06T00:59:52.710-0800: 228.831: [JNI Weak Reference, 0.0000160 secs], 0.1589660 secs]
   [Parallel Time: 29.2 ms, GC Workers: 4]
      [GC Worker Start (ms): Min: 228679.8, Avg: 228679.8, Max: 228679.8, Diff: 0.1]
      [Ext Root Scanning (ms): Min: 0.3, Avg: 0.4, Max: 0.4, Diff: 0.1, Sum: 1.4]
      [SATB Filtering (ms): Min: 0.0, Avg: 0.0, Max: 0.0, Diff: 0.0, Sum: 0.0]
      [Update RS (ms): Min: 17.6, Avg: 17.9, Max: 18.2, Diff: 0.6, Sum: 71.6]
         [Processed Buffers: Min: 25, Avg: 25.5, Max: 27, Diff: 2, Sum: 102]
      [Scan RS (ms): Min: 0.5, Avg: 0.8, Max: 1.0, Diff: 0.6, Sum: 3.1]
      [Code Root Scanning (ms): Min: 0.1, Avg: 0.1, Max: 0.1, Diff: 0.1, Sum: 0.3]
      [Object Copy (ms): Min: 9.9, Avg: 9.9, Max: 9.9, Diff: 0.0, Sum: 39.6]
      [Termination (ms): Min: 0.0, Avg: 0.0, Max: 0.0, Diff: 0.0, Sum: 0.0]
      [GC Worker Other (ms): Min: 0.0, Avg: 0.1, Max: 0.1, Diff: 0.1, Sum: 0.3]
      [GC Worker Total (ms): Min: 29.1, Avg: 29.1, Max: 29.1, Diff: 0.0, Sum: 116.3]
      [GC Worker End (ms): Min: 228708.9, Avg: 228708.9, Max: 228708.9, Diff: 0.1]
   [Code Root Fixup: 0.0 ms]
   [Code Root Migration: 0.3 ms]
   [Clear CT: 0.4 ms]
   [Other: 129.1 ms]
      [Choose CSet: 0.0 ms]
      [Ref Proc: 121.6 ms]
      [Ref Enq: 5.3 ms]
      [Free CSet: 2.1 ms]
   [Eden: 1697.0M(1697.0M)->0.0B(1697.0M) Survivors: 22.0M->22.0M Heap: 3662.3M(4096.0M)->1965.3M(4096.0M)]
 [Times: user=0.58 sys=0.00, real=0.16 secs] 
2016-01-06T00:59:52.960-0800: 229.081: [GC pause (young)
Desired survivor size 112721920 bytes, new threshold 15 (max 15)
- age   1:   20634616 bytes,   20634616 total
- age   2:      36864 bytes,   20671480 total
2016-01-06T00:59:53.138-0800: 229.258: [SoftReference, 0 refs, 0.0005720 secs]2016-01-06T00:59:53.138-0800: 229.259: [WeakReference, 0 refs, 0.0002360 secs]2016-01-06T00:59:53.138-0800: 229.259: [FinalReference, 0 refs, 0.0003760 secs]2016-01-06T00:59:53.139-0800: 229.260: [PhantomReference, 0 refs, 53114 refs, 0.0016210 secs]2016-01-06T00:59:53.140-0800: 229.261: [JNI Weak Reference, 0.0000090 secs], 0.1882670 secs]
   [Parallel Time: 39.1 ms, GC Workers: 4]
      [GC Worker Start (ms): Min: 229081.2, Avg: 229081.3, Max: 229081.5, Diff: 0.3]
      [Ext Root Scanning (ms): Min: 0.2, Avg: 0.4, Max: 0.4, Diff: 0.3, Sum: 1.4]
      [SATB Filtering (ms): Min: 0.0, Avg: 0.0, Max: 0.0, Diff: 0.0, Sum: 0.0]
      [Update RS (ms): Min: 26.6, Avg: 26.8, Max: 27.1, Diff: 0.5, Sum: 107.2]
         [Processed Buffers: Min: 38, Avg: 38.8, Max: 41, Diff: 3, Sum: 155]
      [Scan RS (ms): Min: 0.5, Avg: 0.8, Max: 1.0, Diff: 0.5, Sum: 3.2]
      [Code Root Scanning (ms): Min: 0.0, Avg: 0.1, Max: 0.1, Diff: 0.1, Sum: 0.3]
      [Object Copy (ms): Min: 10.8, Avg: 10.8, Max: 10.8, Diff: 0.1, Sum: 43.3]
      [Termination (ms): Min: 0.0, Avg: 0.0, Max: 0.0, Diff: 0.0, Sum: 0.0]
      [GC Worker Other (ms): Min: 0.0, Avg: 0.1, Max: 0.1, Diff: 0.1, Sum: 0.2]
      [GC Worker Total (ms): Min: 38.7, Avg: 38.9, Max: 39.0, Diff: 0.3, Sum: 155.6]
      [GC Worker End (ms): Min: 229120.2, Avg: 229120.2, Max: 229120.2, Diff: 0.1]
   [Code Root Fixup: 0.0 ms]
   [Code Root Migration: 0.3 ms]
   [Clear CT: 0.4 ms]
   [Other: 148.5 ms]
      [Choose CSet: 0.0 ms]
      [Ref Proc: 141.1 ms]
      [Ref Enq: 5.3 ms]
      [Free CSet: 2.1 ms]
   [Eden: 1697.0M(1697.0M)->0.0B(1697.0M) Survivors: 22.0M->22.0M Heap: 3662.3M(4096.0M)->1965.3M(4096.0M)]
 [Times: user=0.73 sys=0.00, real=0.19 secs] 
2016-01-06T00:59:53.414-0800: 229.535: [GC pause (young)
Desired survivor size 112721920 bytes, new threshold 15 (max 15)
- age   1:   20634616 bytes,   20634616 total
- age   2:      36864 bytes,   20671480 total
2016-01-06T00:59:53.591-0800: 229.712: [SoftReference, 0 refs, 0.0004040 secs]2016-01-06T00:59:53.591-0800: 229.712: [WeakReference, 0 refs, 0.0003450 secs]2016-01-06T00:59:53.592-0800: 229.713: [FinalReference, 0 refs, 0.0002480 secs]2016-01-06T00:59:53.592-0800: 229.713: [PhantomReference, 0 refs, 53116 refs, 0.0016350 secs]2016-01-06T00:59:53.594-0800: 229.715: [JNI Weak Reference, 0.0000090 secs], 0.1878860 secs]
   [Parallel Time: 31.8 ms, GC Workers: 4]
      [GC Worker Start (ms): Min: 229534.8, Avg: 229534.8, Max: 229534.8, Diff: 0.1]
      [Ext Root Scanning (ms): Min: 0.3, Avg: 0.4, Max: 0.4, Diff: 0.1, Sum: 1.4]
      [SATB Filtering (ms): Min: 0.0, Avg: 0.0, Max: 0.0, Diff: 0.0, Sum: 0.0]
      [Update RS (ms): Min: 19.2, Avg: 19.6, Max: 19.9, Diff: 0.7, Sum: 78.5]
         [Processed Buffers: Min: 28, Avg: 28.0, Max: 28, Diff: 0, Sum: 112]
      [Scan RS (ms): Min: 0.6, Avg: 0.8, Max: 1.2, Diff: 0.6, Sum: 3.1]
      [Code Root Scanning (ms): Min: 0.1, Avg: 0.1, Max: 0.1, Diff: 0.1, Sum: 0.3]
      [Object Copy (ms): Min: 10.7, Avg: 10.7, Max: 10.8, Diff: 0.0, Sum: 42.9]
      [Termination (ms): Min: 0.0, Avg: 0.0, Max: 0.0, Diff: 0.0, Sum: 0.0]
      [GC Worker Other (ms): Min: 0.0, Avg: 0.1, Max: 0.1, Diff: 0.1, Sum: 0.3]
      [GC Worker Total (ms): Min: 31.6, Avg: 31.6, Max: 31.7, Diff: 0.1, Sum: 126.6]
      [GC Worker End (ms): Min: 229566.4, Avg: 229566.5, Max: 229566.5, Diff: 0.1]
   [Code Root Fixup: 0.0 ms]
   [Code Root Migration: 0.3 ms]
   [Clear CT: 0.4 ms]
   [Other: 155.5 ms]
      [Choose CSet: 0.0 ms]
      [Ref Proc: 148.1 ms]
      [Ref Enq: 5.3 ms]
      [Free CSet: 2.1 ms]
   [Eden: 1697.0M(1697.0M)->0.0B(1697.0M) Survivors: 22.0M->22.0M Heap: 3662.3M(4096.0M)->1965.3M(4096.0M)]
 [Times: user=0.72 sys=0.00, real=0.19 secs] 
2016-01-06T00:59:53.861-0800: 229.981: [GC pause (young)
Desired survivor size 112721920 bytes, new threshold 15 (max 15)
- age   1:   20634616 bytes,   20634616 total
- age   2:      36864 bytes,   20671480 total
2016-01-06T00:59:54.051-0800: 230.172: [SoftReference, 0 refs, 0.0004000 secs]2016-01-06T00:59:54.051-0800: 230.172: [WeakReference, 0 refs, 0.0003280 secs]2016-01-06T00:59:54.052-0800: 230.172: [FinalReference, 0 refs, 0.0002090 secs]2016-01-06T00:59:54.052-0800: 230.173: [PhantomReference, 0 refs, 53116 refs, 0.0018830 secs]2016-01-06T00:59:54.054-0800: 230.175: [JNI Weak Reference, 0.0000090 secs], 0.2014220 secs]
   [Parallel Time: 38.8 ms, GC Workers: 4]
      [GC Worker Start (ms): Min: 229981.6, Avg: 229982.6, Max: 229985.5, Diff: 3.9]
      [Ext Root Scanning (ms): Min: 0.0, Avg: 0.3, Max: 0.5, Diff: 0.5, Sum: 1.4]
      [SATB Filtering (ms): Min: 0.0, Avg: 0.0, Max: 0.0, Diff: 0.0, Sum: 0.0]
      [Update RS (ms): Min: 20.3, Avg: 24.0, Max: 34.4, Diff: 14.1, Sum: 95.8]
         [Processed Buffers: Min: 13, Avg: 27.0, Max: 34, Diff: 21, Sum: 108]
      [Scan RS (ms): Min: 0.4, Avg: 0.8, Max: 1.0, Diff: 0.6, Sum: 3.1]
      [Code Root Scanning (ms): Min: 0.0, Avg: 0.1, Max: 0.1, Diff: 0.1, Sum: 0.3]
      [Object Copy (ms): Min: 0.0, Avg: 8.6, Max: 11.6, Diff: 11.6, Sum: 34.6]
      [Termination (ms): Min: 0.0, Avg: 3.9, Max: 5.2, Diff: 5.2, Sum: 15.5]
      [GC Worker Other (ms): Min: 0.0, Avg: 0.0, Max: 0.0, Diff: 0.0, Sum: 0.1]
      [GC Worker Total (ms): Min: 34.8, Avg: 37.7, Max: 38.7, Diff: 3.9, Sum: 150.7]
      [GC Worker End (ms): Min: 230020.3, Avg: 230020.3, Max: 230020.3, Diff: 0.0]
   [Code Root Fixup: 0.0 ms]
   [Code Root Migration: 0.3 ms]
   [Clear CT: 0.5 ms]
   [Other: 161.8 ms]
      [Choose CSet: 0.0 ms]
      [Ref Proc: 154.2 ms]
      [Ref Enq: 5.3 ms]
      [Free CSet: 2.3 ms]
   [Eden: 1697.0M(1697.0M)->0.0B(1698.0M) Survivors: 22.0M->21.0M Heap: 3662.3M(4096.0M)->1964.3M(4096.0M)]
 [Times: user=0.71 sys=0.01, real=0.20 secs] 
2016-01-06T00:59:54.301-0800: 230.422: [GC pause (young)
Desired survivor size 112721920 bytes, new threshold 15 (max 15)
- age   1:   20010808 bytes,   20010808 total
- age   2:      36864 bytes,   20047672 total
2016-01-06T00:59:54.473-0800: 230.594: [SoftReference, 0 refs, 0.0004930 secs]2016-01-06T00:59:54.473-0800: 230.594: [WeakReference, 0 refs, 0.0002350 secs]2016-01-06T00:59:54.474-0800: 230.595: [FinalReference, 0 refs, 0.0003610 secs]2016-01-06T00:59:54.474-0800: 230.595: [PhantomReference, 0 refs, 53147 refs, 0.0013410 secs]2016-01-06T00:59:54.475-0800: 230.596: [JNI Weak Reference, 0.0000120 secs], 0.1823220 secs]
   [Parallel Time: 17.5 ms, GC Workers: 4]
      [GC Worker Start (ms): Min: 230422.0, Avg: 230423.0, Max: 230425.9, Diff: 3.9]
      [Ext Root Scanning (ms): Min: 0.0, Avg: 0.3, Max: 0.4, Diff: 0.4, Sum: 1.2]
      [SATB Filtering (ms): Min: 0.0, Avg: 0.0, Max: 0.0, Diff: 0.0, Sum: 0.0]
      [Update RS (ms): Min: 2.6, Avg: 5.0, Max: 5.9, Diff: 3.3, Sum: 20.0]
         [Processed Buffers: Min: 5, Avg: 8.8, Max: 12, Diff: 7, Sum: 35]
      [Scan RS (ms): Min: 0.6, Avg: 0.7, Max: 0.8, Diff: 0.2, Sum: 3.0]
      [Code Root Scanning (ms): Min: 0.1, Avg: 0.1, Max: 0.1, Diff: 0.0, Sum: 0.4]
      [Object Copy (ms): Min: 10.2, Avg: 10.2, Max: 10.2, Diff: 0.1, Sum: 40.9]
      [Termination (ms): Min: 0.0, Avg: 0.0, Max: 0.0, Diff: 0.0, Sum: 0.0]
      [GC Worker Other (ms): Min: 0.0, Avg: 0.1, Max: 0.1, Diff: 0.0, Sum: 0.2]
      [GC Worker Total (ms): Min: 13.5, Avg: 16.4, Max: 17.4, Diff: 3.9, Sum: 65.6]
      [GC Worker End (ms): Min: 230439.4, Avg: 230439.4, Max: 230439.4, Diff: 0.0]
   [Code Root Fixup: 0.0 ms]
   [Code Root Migration: 0.3 ms]
   [Clear CT: 0.4 ms]
   [Other: 164.2 ms]
      [Choose CSet: 0.0 ms]
      [Ref Proc: 156.8 ms]
      [Ref Enq: 5.1 ms]
      [Free CSet: 2.1 ms]
   [Eden: 1698.0M(1698.0M)->0.0B(1697.0M) Survivors: 21.0M->22.0M Heap: 3662.3M(4096.0M)->1965.3M(4096.0M)]
 [Times: user=0.69 sys=0.01, real=0.18 secs] 
2016-01-06T00:59:54.729-0800: 230.850: [GC pause (young)
Desired survivor size 112721920 bytes, new threshold 15 (max 15)
- age   1:   20636848 bytes,   20636848 total
- age   2:      36864 bytes,   20673712 total
2016-01-06T00:59:54.902-0800: 231.023: [SoftReference, 0 refs, 0.0005940 secs]2016-01-06T00:59:54.903-0800: 231.024: [WeakReference, 0 refs, 0.0002580 secs]2016-01-06T00:59:54.903-0800: 231.024: [FinalReference, 0 refs, 0.0002840 secs]2016-01-06T00:59:54.904-0800: 231.024: [PhantomReference, 0 refs, 53117 refs, 0.0016300 secs]2016-01-06T00:59:54.905-0800: 231.026: [JNI Weak Reference, 0.0000080 secs], 0.1844850 secs]
   [Parallel Time: 20.4 ms, GC Workers: 4]
      [GC Worker Start (ms): Min: 230849.6, Avg: 230850.6, Max: 230851.8, Diff: 2.2]
      [Ext Root Scanning (ms): Min: 0.0, Avg: 0.4, Max: 0.7, Diff: 0.7, Sum: 1.4]
      [SATB Filtering (ms): Min: 0.0, Avg: 0.0, Max: 0.0, Diff: 0.0, Sum: 0.0]
      [Update RS (ms): Min: 0.0, Avg: 0.1, Max: 0.3, Diff: 0.3, Sum: 0.3]
         [Processed Buffers: Min: 0, Avg: 1.2, Max: 3, Diff: 3, Sum: 5]
      [Scan RS (ms): Min: 0.2, Avg: 0.7, Max: 1.3, Diff: 1.1, Sum: 3.0]
      [Code Root Scanning (ms): Min: 0.0, Avg: 0.1, Max: 0.2, Diff: 0.2, Sum: 0.3]
      [Object Copy (ms): Min: 12.1, Avg: 13.6, Max: 17.9, Diff: 5.8, Sum: 54.4]
      [Termination (ms): Min: 0.0, Avg: 4.4, Max: 5.9, Diff: 5.9, Sum: 17.7]
      [GC Worker Other (ms): Min: 0.0, Avg: 0.0, Max: 0.0, Diff: 0.0, Sum: 0.1]
      [GC Worker Total (ms): Min: 18.1, Avg: 19.3, Max: 20.3, Diff: 2.2, Sum: 77.3]
      [GC Worker End (ms): Min: 230869.9, Avg: 230870.0, Max: 230870.0, Diff: 0.0]
   [Code Root Fixup: 0.0 ms]
   [Code Root Migration: 0.2 ms]
   [Clear CT: 0.4 ms]
   [Other: 163.4 ms]
      [Choose CSet: 0.0 ms]
      [Ref Proc: 156.1 ms]
      [Ref Enq: 5.3 ms]
      [Free CSet: 2.0 ms]
   [Eden: 1697.0M(1697.0M)->0.0B(1697.0M) Survivors: 22.0M->22.0M Heap: 3662.3M(4096.0M)->1964.8M(4096.0M)]
 [Times: user=0.66 sys=0.00, real=0.18 secs] 
2016-01-06T00:59:55.151-0800: 231.272: [GC pause (young)
Desired survivor size 112721920 bytes, new threshold 15 (max 15)
- age   1:   20634616 bytes,   20634616 total
- age   2:      36864 bytes,   20671480 total
2016-01-06T00:59:55.371-0800: 231.491: [SoftReference, 0 refs, 0.0004080 secs]2016-01-06T00:59:55.371-0800: 231.492: [WeakReference, 0 refs, 0.0002390 secs]2016-01-06T00:59:55.371-0800: 231.492: [FinalReference, 0 refs, 0.0002450 secs]2016-01-06T00:59:55.372-0800: 231.492: [PhantomReference, 0 refs, 53117 refs, 0.0012720 secs]2016-01-06T00:59:55.373-0800: 231.494: [JNI Weak Reference, 0.0000090 secs], 0.2301540 secs]
   [Parallel Time: 32.6 ms, GC Workers: 4]
      [GC Worker Start (ms): Min: 231271.9, Avg: 231272.3, Max: 231273.4, Diff: 1.4]
      [Ext Root Scanning (ms): Min: 0.0, Avg: 0.3, Max: 0.5, Diff: 0.5, Sum: 1.3]
      [SATB Filtering (ms): Min: 0.0, Avg: 0.0, Max: 0.0, Diff: 0.0, Sum: 0.0]
      [Update RS (ms): Min: 20.2, Avg: 20.7, Max: 21.3, Diff: 1.1, Sum: 82.9]
         [Processed Buffers: Min: 28, Avg: 29.2, Max: 30, Diff: 2, Sum: 117]
      [Scan RS (ms): Min: 0.5, Avg: 0.8, Max: 1.0, Diff: 0.5, Sum: 3.2]
      [Code Root Scanning (ms): Min: 0.0, Avg: 0.1, Max: 0.1, Diff: 0.1, Sum: 0.3]
      [Object Copy (ms): Min: 10.1, Avg: 10.1, Max: 10.2, Diff: 0.1, Sum: 40.5]
      [Termination (ms): Min: 0.0, Avg: 0.0, Max: 0.0, Diff: 0.0, Sum: 0.0]
      [GC Worker Other (ms): Min: 0.0, Avg: 0.1, Max: 0.1, Diff: 0.0, Sum: 0.2]
      [GC Worker Total (ms): Min: 31.1, Avg: 32.1, Max: 32.5, Diff: 1.4, Sum: 128.4]
      [GC Worker End (ms): Min: 231304.4, Avg: 231304.4, Max: 231304.4, Diff: 0.0]
   [Code Root Fixup: 0.0 ms]
   [Code Root Migration: 0.3 ms]
   [Clear CT: 0.5 ms]
   [Other: 196.9 ms]
      [Choose CSet: 0.0 ms]
      [Ref Proc: 189.2 ms]
      [Ref Enq: 5.4 ms]
      [Free CSet: 2.2 ms]
   [Eden: 1697.0M(1697.0M)->0.0B(182.0M) Survivors: 22.0M->22.0M Heap: 3661.8M(4096.0M)->1965.3M(4096.0M)]
 [Times: user=0.85 sys=0.01, real=0.23 secs] 
2016-01-06T00:59:55.410-0800: 231.531: [GC pause (young)
Desired survivor size 13631488 bytes, new threshold 1 (max 15)
- age   1:   20634616 bytes,   20634616 total
- age   2:      36864 bytes,   20671480 total
2016-01-06T00:59:55.585-0800: 231.706: [SoftReference, 0 refs, 0.0005200 secs]2016-01-06T00:59:55.586-0800: 231.706: [WeakReference, 0 refs, 0.0002290 secs]2016-01-06T00:59:55.586-0800: 231.707: [FinalReference, 0 refs, 0.0002420 secs]2016-01-06T00:59:55.586-0800: 231.707: [PhantomReference, 0 refs, 6152 refs, 0.0007120 secs]2016-01-06T00:59:55.587-0800: 231.708: [JNI Weak Reference, 0.0000080 secs], 0.1776480 secs]
   [Parallel Time: 7.2 ms, GC Workers: 4]
      [GC Worker Start (ms): Min: 231531.1, Avg: 231531.1, Max: 231531.2, Diff: 0.1]
      [Ext Root Scanning (ms): Min: 0.3, Avg: 0.4, Max: 0.4, Diff: 0.1, Sum: 1.4]
      [SATB Filtering (ms): Min: 0.0, Avg: 0.0, Max: 0.0, Diff: 0.0, Sum: 0.0]
      [Update RS (ms): Min: 5.3, Avg: 5.3, Max: 5.5, Diff: 0.2, Sum: 21.3]
         [Processed Buffers: Min: 7, Avg: 8.2, Max: 10, Diff: 3, Sum: 33]
      [Scan RS (ms): Min: 0.0, Avg: 0.1, Max: 0.1, Diff: 0.1, Sum: 0.3]
      [Code Root Scanning (ms): Min: 0.0, Avg: 0.0, Max: 0.0, Diff: 0.0, Sum: 0.0]
      [Object Copy (ms): Min: 1.2, Avg: 1.3, Max: 1.3, Diff: 0.0, Sum: 5.1]
      [Termination (ms): Min: 0.0, Avg: 0.0, Max: 0.0, Diff: 0.0, Sum: 0.0]
      [GC Worker Other (ms): Min: 0.0, Avg: 0.0, Max: 0.0, Diff: 0.0, Sum: 0.1]
      [GC Worker Total (ms): Min: 7.0, Avg: 7.1, Max: 7.1, Diff: 0.1, Sum: 28.3]
      [GC Worker End (ms): Min: 231538.2, Avg: 231538.2, Max: 231538.2, Diff: 0.0]
   [Code Root Fixup: 0.0 ms]
   [Code Root Migration: 0.0 ms]
   [Clear CT: 0.1 ms]
   [Other: 170.3 ms]
      [Choose CSet: 0.0 ms]
      [Ref Proc: 169.4 ms]
      [Ref Enq: 0.5 ms]
      [Free CSet: 0.4 ms]
   [Eden: 182.0M(182.0M)->0.0B(197.0M) Survivors: 22.0M->7168.0K Heap: 2147.3M(4096.0M)->1949.8M(4096.0M)]
 [Times: user=0.70 sys=0.00, real=0.18 secs] 
2016-01-06T00:59:55.616-0800: 231.737: [GC pause (young)
Desired survivor size 13631488 bytes, new threshold 15 (max 15)
- age   1:    5269456 bytes,    5269456 total
2016-01-06T00:59:55.788-0800: 231.909: [SoftReference, 0 refs, 0.0005540 secs]2016-01-06T00:59:55.789-0800: 231.909: [WeakReference, 0 refs, 0.0003810 secs]2016-01-06T00:59:55.789-0800: 231.910: [FinalReference, 0 refs, 0.0001950 secs]2016-01-06T00:59:55.789-0800: 231.910: [PhantomReference, 0 refs, 6616 refs, 0.0006940 secs]2016-01-06T00:59:55.790-0800: 231.911: [JNI Weak Reference, 0.0000110 secs], 0.1751230 secs]
   [Parallel Time: 5.8 ms, GC Workers: 4]
      [GC Worker Start (ms): Min: 231736.9, Avg: 231737.2, Max: 231737.9, Diff: 1.0]
      [Ext Root Scanning (ms): Min: 0.0, Avg: 0.3, Max: 0.5, Diff: 0.5, Sum: 1.2]
      [SATB Filtering (ms): Min: 0.0, Avg: 0.0, Max: 0.0, Diff: 0.0, Sum: 0.0]
      [Update RS (ms): Min: 2.5, Avg: 3.3, Max: 4.7, Diff: 2.2, Sum: 13.2]
         [Processed Buffers: Min: 1, Avg: 5.0, Max: 7, Diff: 6, Sum: 20]
      [Scan RS (ms): Min: 0.0, Avg: 0.1, Max: 0.2, Diff: 0.1, Sum: 0.3]
      [Code Root Scanning (ms): Min: 0.0, Avg: 0.0, Max: 0.0, Diff: 0.0, Sum: 0.0]
      [Object Copy (ms): Min: 0.4, Avg: 1.8, Max: 2.2, Diff: 1.8, Sum: 7.1]
      [Termination (ms): Min: 0.0, Avg: 0.0, Max: 0.0, Diff: 0.0, Sum: 0.0]
      [GC Worker Other (ms): Min: 0.0, Avg: 0.0, Max: 0.0, Diff: 0.0, Sum: 0.1]
      [GC Worker Total (ms): Min: 4.7, Avg: 5.5, Max: 5.7, Diff: 1.0, Sum: 21.9]
      [GC Worker End (ms): Min: 231742.6, Avg: 231742.6, Max: 231742.6, Diff: 0.0]
   [Code Root Fixup: 0.0 ms]
   [Code Root Migration: 0.0 ms]
   [Clear CT: 0.1 ms]
   [Other: 169.2 ms]
      [Choose CSet: 0.0 ms]
      [Ref Proc: 168.1 ms]
      [Ref Enq: 0.6 ms]
      [Free CSet: 0.3 ms]
   [Eden: 197.0M(197.0M)->0.0B(1105.0M) Survivors: 7168.0K->18.0M Heap: 2146.8M(4096.0M)->1961.3M(4096.0M)]
 [Times: user=0.67 sys=0.00, real=0.18 secs] 
2016-01-06T00:59:55.947-0800: 232.068: [GC pause (young)
Desired survivor size 73924608 bytes, new threshold 15 (max 15)
- age   1:   17286616 bytes,   17286616 total
- age   2:      36864 bytes,   17323480 total
2016-01-06T00:59:56.131-0800: 232.252: [SoftReference, 0 refs, 0.0005980 secs]2016-01-06T00:59:56.132-0800: 232.253: [WeakReference, 0 refs, 0.0002580 secs]2016-01-06T00:59:56.132-0800: 232.253: [FinalReference, 0 refs, 0.0002400 secs]2016-01-06T00:59:56.132-0800: 232.253: [PhantomReference, 0 refs, 34764 refs, 0.0013000 secs]2016-01-06T00:59:56.134-0800: 232.255: [JNI Weak Reference, 0.0000090 secs], 0.1925170 secs]
   [Parallel Time: 15.9 ms, GC Workers: 4]
      [GC Worker Start (ms): Min: 232067.7, Avg: 232068.3, Max: 232070.0, Diff: 2.4]
      [Ext Root Scanning (ms): Min: 0.0, Avg: 0.3, Max: 0.5, Diff: 0.5, Sum: 1.2]
      [SATB Filtering (ms): Min: 0.0, Avg: 0.0, Max: 0.0, Diff: 0.0, Sum: 0.0]
      [Update RS (ms): Min: 5.8, Avg: 7.3, Max: 7.8, Diff: 1.9, Sum: 29.2]
         [Processed Buffers: Min: 8, Avg: 11.5, Max: 14, Diff: 6, Sum: 46]
      [Scan RS (ms): Min: 0.4, Avg: 0.5, Max: 0.5, Diff: 0.1, Sum: 2.0]
      [Code Root Scanning (ms): Min: 0.1, Avg: 0.1, Max: 0.1, Diff: 0.0, Sum: 0.2]
      [Object Copy (ms): Min: 7.0, Avg: 7.0, Max: 7.0, Diff: 0.0, Sum: 27.9]
      [Termination (ms): Min: 0.0, Avg: 0.0, Max: 0.0, Diff: 0.0, Sum: 0.0]
      [GC Worker Other (ms): Min: 0.0, Avg: 0.1, Max: 0.1, Diff: 0.1, Sum: 0.3]
      [GC Worker Total (ms): Min: 13.4, Avg: 15.2, Max: 15.8, Diff: 2.4, Sum: 60.8]
      [GC Worker End (ms): Min: 232083.4, Avg: 232083.5, Max: 232083.5, Diff: 0.1]
   [Code Root Fixup: 0.0 ms]
   [Code Root Migration: 0.2 ms]
   [Clear CT: 0.3 ms]
   [Other: 176.1 ms]
      [Choose CSet: 0.0 ms]
      [Ref Proc: 171.1 ms]
      [Ref Enq: 3.4 ms]
      [Free CSet: 1.4 ms]
   [Eden: 1105.0M(1105.0M)->0.0B(1143.0M) Survivors: 18.0M->21.0M Heap: 3066.3M(4096.0M)->1963.8M(4096.0M)]
 [Times: user=0.70 sys=0.00, real=0.19 secs] 
2016-01-06T00:59:56.303-0800: 232.424: [GC pause (young)
Desired survivor size 76546048 bytes, new threshold 15 (max 15)
- age   1:   19313272 bytes,   19313272 total
- age   2:      36864 bytes,   19350136 total
2016-01-06T00:59:56.507-0800: 232.628: [SoftReference, 0 refs, 0.0005130 secs]2016-01-06T00:59:56.507-0800: 232.628: [WeakReference, 0 refs, 0.0002770 secs]2016-01-06T00:59:56.508-0800: 232.628: [FinalReference, 0 refs, 0.0002410 secs]2016-01-06T00:59:56.508-0800: 232.629: [PhantomReference, 0 refs, 35941 refs, 0.0012780 secs]2016-01-06T00:59:56.509-0800: 232.630: [JNI Weak Reference, 0.0000090 secs], 0.2112650 secs]
   [Parallel Time: 25.5 ms, GC Workers: 4]
      [GC Worker Start (ms): Min: 232424.3, Avg: 232425.7, Max: 232429.9, Diff: 5.6]
      [Ext Root Scanning (ms): Min: 0.0, Avg: 0.3, Max: 0.5, Diff: 0.5, Sum: 1.3]
      [SATB Filtering (ms): Min: 0.0, Avg: 0.0, Max: 0.0, Diff: 0.0, Sum: 0.0]
      [Update RS (ms): Min: 11.6, Avg: 15.6, Max: 17.3, Diff: 5.7, Sum: 62.6]
         [Processed Buffers: Min: 17, Avg: 22.0, Max: 27, Diff: 10, Sum: 88]
      [Scan RS (ms): Min: 0.2, Avg: 0.6, Max: 0.7, Diff: 0.5, Sum: 2.3]
      [Code Root Scanning (ms): Min: 0.0, Avg: 0.1, Max: 0.1, Diff: 0.1, Sum: 0.2]
      [Object Copy (ms): Min: 7.3, Avg: 7.3, Max: 7.4, Diff: 0.0, Sum: 29.3]
      [Termination (ms): Min: 0.0, Avg: 0.0, Max: 0.0, Diff: 0.0, Sum: 0.0]
      [GC Worker Other (ms): Min: 0.0, Avg: 0.1, Max: 0.1, Diff: 0.0, Sum: 0.3]
      [GC Worker Total (ms): Min: 19.9, Avg: 24.0, Max: 25.4, Diff: 5.5, Sum: 96.0]
      [GC Worker End (ms): Min: 232449.7, Avg: 232449.7, Max: 232449.8, Diff: 0.0]
   [Code Root Fixup: 0.0 ms]
   [Code Root Migration: 0.2 ms]
   [Clear CT: 0.3 ms]
   [Other: 185.2 ms]
      [Choose CSet: 0.0 ms]
      [Ref Proc: 180.2 ms]
      [Ref Enq: 3.5 ms]
      [Free CSet: 1.4 ms]
   [Eden: 1143.0M(1143.0M)->0.0B(183.0M) Survivors: 21.0M->21.0M Heap: 3106.8M(4096.0M)->1963.8M(4096.0M)]
 [Times: user=0.80 sys=0.00, real=0.21 secs] 
2016-01-06T00:59:56.543-0800: 232.664: [GC pause (young)
Desired survivor size 13631488 bytes, new threshold 1 (max 15)
- age   1:   19398088 bytes,   19398088 total
- age   2:      36864 bytes,   19434952 total
2016-01-06T00:59:56.727-0800: 232.848: [SoftReference, 0 refs, 0.0004110 secs]2016-01-06T00:59:56.727-0800: 232.848: [WeakReference, 0 refs, 0.0002460 secs]2016-01-06T00:59:56.728-0800: 232.849: [FinalReference, 0 refs, 0.0002410 secs]2016-01-06T00:59:56.728-0800: 232.849: [PhantomReference, 0 refs, 6181 refs, 0.0006560 secs]2016-01-06T00:59:56.729-0800: 232.850: [JNI Weak Reference, 0.0000080 secs], 0.1863850 secs]
   [Parallel Time: 5.4 ms, GC Workers: 4]
      [GC Worker Start (ms): Min: 232664.2, Avg: 232664.3, Max: 232664.3, Diff: 0.1]
      [Ext Root Scanning (ms): Min: 0.3, Avg: 0.4, Max: 0.4, Diff: 0.1, Sum: 1.4]
      [SATB Filtering (ms): Min: 0.0, Avg: 0.0, Max: 0.0, Diff: 0.0, Sum: 0.0]
      [Update RS (ms): Min: 2.3, Avg: 2.6, Max: 2.9, Diff: 0.6, Sum: 10.5]
         [Processed Buffers: Min: 4, Avg: 5.0, Max: 7, Diff: 3, Sum: 20]
      [Scan RS (ms): Min: 0.0, Avg: 0.1, Max: 0.2, Diff: 0.1, Sum: 0.3]
      [Code Root Scanning (ms): Min: 0.0, Avg: 0.0, Max: 0.0, Diff: 0.0, Sum: 0.0]
      [Object Copy (ms): Min: 2.0, Avg: 2.2, Max: 2.4, Diff: 0.4, Sum: 8.8]
      [Termination (ms): Min: 0.0, Avg: 0.0, Max: 0.0, Diff: 0.0, Sum: 0.0]
      [GC Worker Other (ms): Min: 0.0, Avg: 0.0, Max: 0.0, Diff: 0.0, Sum: 0.1]
      [GC Worker Total (ms): Min: 5.2, Avg: 5.3, Max: 5.3, Diff: 0.1, Sum: 21.1]
      [GC Worker End (ms): Min: 232669.6, Avg: 232669.6, Max: 232669.6, Diff: 0.0]
   [Code Root Fixup: 0.0 ms]
   [Code Root Migration: 0.0 ms]
   [Clear CT: 0.1 ms]
   [Other: 180.8 ms]
      [Choose CSet: 0.0 ms]
      [Ref Proc: 179.9 ms]
      [Ref Enq: 0.5 ms]
      [Free CSet: 0.3 ms]
   [Eden: 183.0M(183.0M)->0.0B(185.0M) Survivors: 21.0M->19.0M Heap: 2146.8M(4096.0M)->1961.9M(4096.0M)]
 [Times: user=0.72 sys=0.01, real=0.19 secs] 
2016-01-06T00:59:56.758-0800: 232.879: [GC pause (young)
Desired survivor size 13631488 bytes, new threshold 1 (max 15)
- age   1:   17255368 bytes,   17255368 total
2016-01-06T00:59:56.959-0800: 233.080: [SoftReference, 0 refs, 0.0004920 secs]2016-01-06T00:59:56.971-0800: 233.092: [WeakReference, 0 refs, 0.0002740 secs]2016-01-06T00:59:56.971-0800: 233.092: [FinalReference, 0 refs, 0.0003900 secs]2016-01-06T00:59:56.972-0800: 233.093: [PhantomReference, 0 refs, 6245 refs, 0.0007780 secs]2016-01-06T00:59:56.973-0800: 233.094: [JNI Weak Reference, 0.0000090 secs], 0.2157250 secs]
   [Parallel Time: 7.9 ms, GC Workers: 4]
      [GC Worker Start (ms): Min: 232879.0, Avg: 232880.5, Max: 232882.0, Diff: 3.0]
      [Ext Root Scanning (ms): Min: 0.0, Avg: 0.3, Max: 0.6, Diff: 0.6, Sum: 1.2]
      [SATB Filtering (ms): Min: 0.0, Avg: 0.0, Max: 0.0, Diff: 0.0, Sum: 0.0]
      [Update RS (ms): Min: 2.1, Avg: 3.9, Max: 7.2, Diff: 5.1, Sum: 15.8]
         [Processed Buffers: Min: 3, Avg: 5.5, Max: 11, Diff: 8, Sum: 22]
      [Scan RS (ms): Min: 0.0, Avg: 0.1, Max: 0.1, Diff: 0.1, Sum: 0.4]
      [Code Root Scanning (ms): Min: 0.0, Avg: 0.0, Max: 0.0, Diff: 0.0, Sum: 0.0]
      [Object Copy (ms): Min: 0.0, Avg: 1.4, Max: 1.9, Diff: 1.9, Sum: 5.7]
      [Termination (ms): Min: 0.0, Avg: 0.5, Max: 0.7, Diff: 0.7, Sum: 2.2]
      [GC Worker Other (ms): Min: 0.0, Avg: 0.0, Max: 0.0, Diff: 0.0, Sum: 0.0]
      [GC Worker Total (ms): Min: 4.8, Avg: 6.3, Max: 7.8, Diff: 3.0, Sum: 25.2]
      [GC Worker End (ms): Min: 232886.8, Avg: 232886.8, Max: 232886.8, Diff: 0.0]
   [Code Root Fixup: 0.0 ms]
   [Code Root Migration: 0.0 ms]
   [Clear CT: 0.1 ms]
   [Other: 207.6 ms]
      [Choose CSet: 0.0 ms]
      [Ref Proc: 206.7 ms]
      [Ref Enq: 0.5 ms]
      [Free CSet: 0.3 ms]
   [Eden: 185.0M(185.0M)->0.0B(192.0M) Survivors: 19.0M->12.0M Heap: 2146.9M(4096.0M)->1955.4M(4096.0M)]
 [Times: user=0.73 sys=0.00, real=0.21 secs] 
2016-01-06T00:59:57.003-0800: 233.124: [GC pause (young)
Desired survivor size 13631488 bytes, new threshold 15 (max 15)
- age   1:   10627768 bytes,   10627768 total
2016-01-06T00:59:57.189-0800: 233.310: [SoftReference, 0 refs, 0.0004770 secs]2016-01-06T00:59:57.190-0800: 233.311: [WeakReference, 0 refs, 0.0002170 secs]2016-01-06T00:59:57.190-0800: 233.311: [FinalReference, 0 refs, 0.0002330 secs]2016-01-06T00:59:57.190-0800: 233.311: [PhantomReference, 0 refs, 6462 refs, 0.0005470 secs]2016-01-06T00:59:57.191-0800: 233.312: [JNI Weak Reference, 0.0000110 secs], 0.1887870 secs]
   [Parallel Time: 5.2 ms, GC Workers: 4]
      [GC Worker Start (ms): Min: 233124.1, Avg: 233124.2, Max: 233124.2, Diff: 0.1]
      [Ext Root Scanning (ms): Min: 0.3, Avg: 0.4, Max: 0.4, Diff: 0.1, Sum: 1.4]
      [SATB Filtering (ms): Min: 0.0, Avg: 0.0, Max: 0.0, Diff: 0.0, Sum: 0.0]
      [Update RS (ms): Min: 1.8, Avg: 2.1, Max: 2.4, Diff: 0.5, Sum: 8.6]
         [Processed Buffers: Min: 3, Avg: 4.0, Max: 5, Diff: 2, Sum: 16]
      [Scan RS (ms): Min: 0.0, Avg: 0.1, Max: 0.3, Diff: 0.3, Sum: 0.3]
      [Code Root Scanning (ms): Min: 0.0, Avg: 0.0, Max: 0.0, Diff: 0.0, Sum: 0.0]
      [Object Copy (ms): Min: 2.3, Avg: 2.4, Max: 2.5, Diff: 0.3, Sum: 9.7]
      [Termination (ms): Min: 0.0, Avg: 0.0, Max: 0.0, Diff: 0.0, Sum: 0.0]
      [GC Worker Other (ms): Min: 0.0, Avg: 0.0, Max: 0.0, Diff: 0.0, Sum: 0.1]
      [GC Worker Total (ms): Min: 5.0, Avg: 5.0, Max: 5.1, Diff: 0.1, Sum: 20.2]
      [GC Worker End (ms): Min: 233129.2, Avg: 233129.2, Max: 233129.2, Diff: 0.0]
   [Code Root Fixup: 0.0 ms]
   [Code Root Migration: 0.0 ms]
   [Clear CT: 0.1 ms]
   [Other: 183.4 ms]
      [Choose CSet: 0.0 ms]
      [Ref Proc: 182.3 ms]
      [Ref Enq: 0.6 ms]
      [Free CSet: 0.4 ms]
   [Eden: 192.0M(192.0M)->0.0B(186.0M) Survivors: 12.0M->18.0M Heap: 2147.4M(4096.0M)->1961.4M(4096.0M)]
 [Times: user=0.73 sys=0.00, real=0.19 secs] 
2016-01-06T00:59:57.219-0800: 233.340: [GC pause (young)
Desired survivor size 13631488 bytes, new threshold 1 (max 15)
- age   1:   17275456 bytes,   17275456 total
- age   2:      36864 bytes,   17312320 total
2016-01-06T00:59:57.420-0800: 233.541: [SoftReference, 0 refs, 0.0004040 secs]2016-01-06T00:59:57.421-0800: 233.542: [WeakReference, 0 refs, 0.0002820 secs]2016-01-06T00:59:57.421-0800: 233.542: [FinalReference, 0 refs, 0.0002260 secs]2016-01-06T00:59:57.421-0800: 233.542: [PhantomReference, 0 refs, 6274 refs, 0.0005870 secs]2016-01-06T00:59:57.422-0800: 233.543: [JNI Weak Reference, 0.0000090 secs], 0.2044030 secs]
   [Parallel Time: 7.5 ms, GC Workers: 4]
      [GC Worker Start (ms): Min: 233339.7, Avg: 233339.7, Max: 233339.7, Diff: 0.1]
      [Ext Root Scanning (ms): Min: 0.3, Avg: 0.4, Max: 0.4, Diff: 0.1, Sum: 1.4]
      [SATB Filtering (ms): Min: 0.0, Avg: 0.0, Max: 0.0, Diff: 0.0, Sum: 0.0]
      [Update RS (ms): Min: 4.3, Avg: 4.4, Max: 4.5, Diff: 0.2, Sum: 17.6]
         [Processed Buffers: Min: 6, Avg: 7.2, Max: 8, Diff: 2, Sum: 29]
      [Scan RS (ms): Min: 0.0, Avg: 0.1, Max: 0.2, Diff: 0.2, Sum: 0.3]
      [Code Root Scanning (ms): Min: 0.0, Avg: 0.0, Max: 0.0, Diff: 0.0, Sum: 0.0]
      [Object Copy (ms): Min: 2.4, Avg: 2.4, Max: 2.4, Diff: 0.0, Sum: 9.7]
      [Termination (ms): Min: 0.0, Avg: 0.0, Max: 0.0, Diff: 0.0, Sum: 0.0]
      [GC Worker Other (ms): Min: 0.0, Avg: 0.0, Max: 0.0, Diff: 0.0, Sum: 0.1]
      [GC Worker Total (ms): Min: 7.3, Avg: 7.3, Max: 7.4, Diff: 0.1, Sum: 29.3]
      [GC Worker End (ms): Min: 233347.0, Avg: 233347.0, Max: 233347.0, Diff: 0.0]
   [Code Root Fixup: 0.0 ms]
   [Code Root Migration: 0.0 ms]
   [Clear CT: 0.1 ms]
   [Other: 196.8 ms]
      [Choose CSet: 0.0 ms]
      [Ref Proc: 195.8 ms]
      [Ref Enq: 0.6 ms]
      [Free CSet: 0.3 ms]
   [Eden: 186.0M(186.0M)->0.0B(186.0M) Survivors: 18.0M->18.0M Heap: 2147.4M(4096.0M)->1961.5M(4096.0M)]
 [Times: user=0.76 sys=0.00, real=0.20 secs] 
2016-01-06T00:59:57.449-0800: 233.570: [GC pause (young)
Desired survivor size 13631488 bytes, new threshold 1 (max 15)
- age   1:   17262064 bytes,   17262064 total
2016-01-06T00:59:57.633-0800: 233.754: [SoftReference, 0 refs, 0.0006120 secs]2016-01-06T00:59:57.633-0800: 233.754: [WeakReference, 0 refs, 0.0002310 secs]2016-01-06T00:59:57.634-0800: 233.755: [FinalReference, 0 refs, 0.0003630 secs]2016-01-06T00:59:57.634-0800: 233.755: [PhantomReference, 0 refs, 6275 refs, 0.0005920 secs]2016-01-06T00:59:57.635-0800: 233.756: [JNI Weak Reference, 0.0000090 secs], 0.1865860 secs]
   [Parallel Time: 3.0 ms, GC Workers: 4]
      [GC Worker Start (ms): Min: 233570.1, Avg: 233570.2, Max: 233570.2, Diff: 0.1]
      [Ext Root Scanning (ms): Min: 0.3, Avg: 0.4, Max: 0.4, Diff: 0.1, Sum: 1.4]
      [SATB Filtering (ms): Min: 0.0, Avg: 0.0, Max: 0.0, Diff: 0.0, Sum: 0.0]
      [Update RS (ms): Min: 0.1, Avg: 0.1, Max: 0.2, Diff: 0.1, Sum: 0.5]
         [Processed Buffers: Min: 1, Avg: 1.5, Max: 2, Diff: 1, Sum: 6]
      [Scan RS (ms): Min: 0.0, Avg: 0.1, Max: 0.2, Diff: 0.1, Sum: 0.3]
      [Code Root Scanning (ms): Min: 0.0, Avg: 0.0, Max: 0.0, Diff: 0.0, Sum: 0.0]
      [Object Copy (ms): Min: 2.2, Avg: 2.2, Max: 2.2, Diff: 0.0, Sum: 8.9]
      [Termination (ms): Min: 0.0, Avg: 0.0, Max: 0.0, Diff: 0.0, Sum: 0.0]
      [GC Worker Other (ms): Min: 0.0, Avg: 0.0, Max: 0.0, Diff: 0.0, Sum: 0.1]
      [GC Worker Total (ms): Min: 2.8, Avg: 2.8, Max: 2.9, Diff: 0.0, Sum: 11.4]
      [GC Worker End (ms): Min: 233573.0, Avg: 233573.0, Max: 233573.0, Diff: 0.0]
   [Code Root Fixup: 0.0 ms]
   [Code Root Migration: 0.0 ms]
   [Clear CT: 0.1 ms]
   [Other: 183.4 ms]
      [Choose CSet: 0.0 ms]
      [Ref Proc: 182.4 ms]
      [Ref Enq: 0.6 ms]
      [Free CSet: 0.4 ms]
   [Eden: 186.0M(186.0M)->0.0B(185.0M) Survivors: 18.0M->19.0M Heap: 2147.5M(4096.0M)->1962.0M(4096.0M)]
 [Times: user=0.72 sys=0.00, real=0.18 secs] 
2016-01-06T00:59:57.662-0800: 233.783: [GC pause (young)
Desired survivor size 13631488 bytes, new threshold 1 (max 15)
- age   1:   17262064 bytes,   17262064 total
2016-01-06T00:59:57.850-0800: 233.971: [SoftReference, 0 refs, 0.0004860 secs]2016-01-06T00:59:57.851-0800: 233.972: [WeakReference, 0 refs, 0.0002600 secs]2016-01-06T00:59:57.851-0800: 233.972: [FinalReference, 0 refs, 0.0002520 secs]2016-01-06T00:59:57.851-0800: 233.972: [PhantomReference, 0 refs, 6243 refs, 0.0006330 secs]2016-01-06T00:59:57.852-0800: 233.973: [JNI Weak Reference, 0.0000090 secs], 0.1913560 secs]
   [Parallel Time: 3.0 ms, GC Workers: 4]
      [GC Worker Start (ms): Min: 233782.6, Avg: 233783.2, Max: 233785.0, Diff: 2.4]
      [Ext Root Scanning (ms): Min: 0.0, Avg: 0.3, Max: 0.5, Diff: 0.4, Sum: 1.3]
      [SATB Filtering (ms): Min: 0.0, Avg: 0.0, Max: 0.0, Diff: 0.0, Sum: 0.0]
      [Update RS (ms): Min: 0.0, Avg: 0.1, Max: 0.2, Diff: 0.2, Sum: 0.3]
         [Processed Buffers: Min: 0, Avg: 1.2, Max: 2, Diff: 2, Sum: 5]
      [Scan RS (ms): Min: 0.0, Avg: 0.1, Max: 0.1, Diff: 0.1, Sum: 0.4]
      [Code Root Scanning (ms): Min: 0.0, Avg: 0.0, Max: 0.0, Diff: 0.0, Sum: 0.0]
      [Object Copy (ms): Min: 0.4, Avg: 1.8, Max: 2.2, Diff: 1.8, Sum: 7.1]
      [Termination (ms): Min: 0.0, Avg: 0.0, Max: 0.0, Diff: 0.0, Sum: 0.0]
      [GC Worker Other (ms): Min: 0.0, Avg: 0.0, Max: 0.0, Diff: 0.0, Sum: 0.1]
      [GC Worker Total (ms): Min: 0.5, Avg: 2.3, Max: 2.9, Diff: 2.4, Sum: 9.2]
      [GC Worker End (ms): Min: 233785.5, Avg: 233785.5, Max: 233785.5, Diff: 0.0]
   [Code Root Fixup: 0.0 ms]
   [Code Root Migration: 0.0 ms]
   [Clear CT: 0.1 ms]
   [Other: 188.2 ms]
      [Choose CSet: 0.0 ms]
      [Ref Proc: 187.2 ms]
      [Ref Enq: 0.6 ms]
      [Free CSet: 0.3 ms]
   [Eden: 185.0M(185.0M)->0.0B(487.0M) Survivors: 19.0M->18.0M Heap: 2147.0M(4096.0M)->1961.5M(4096.0M)]
 [Times: user=0.74 sys=0.00, real=0.19 secs] 
2016-01-06T00:59:57.926-0800: 234.047: [GC pause (young)
Desired survivor size 33554432 bytes, new threshold 15 (max 15)
- age   1:   17259832 bytes,   17259832 total
2016-01-06T00:59:58.160-0800: 234.280: [SoftReference, 0 refs, 0.0005090 secs]2016-01-06T00:59:58.160-0800: 234.281: [WeakReference, 0 refs, 0.0002130 secs]2016-01-06T00:59:58.160-0800: 234.281: [FinalReference, 0 refs, 0.0002010 secs]2016-01-06T00:59:58.160-0800: 234.281: [PhantomReference, 0 refs, 15605 refs, 0.0007500 secs]2016-01-06T00:59:58.161-0800: 234.282: [JNI Weak Reference, 0.0000090 secs], 0.2376700 secs]
   [Parallel Time: 4.3 ms, GC Workers: 4]
      [GC Worker Start (ms): Min: 234047.1, Avg: 234047.5, Max: 234048.8, Diff: 1.7]
      [Ext Root Scanning (ms): Min: 0.0, Avg: 0.3, Max: 0.5, Diff: 0.5, Sum: 1.2]
      [SATB Filtering (ms): Min: 0.0, Avg: 0.0, Max: 0.0, Diff: 0.0, Sum: 0.0]
      [Update RS (ms): Min: 0.0, Avg: 0.1, Max: 0.2, Diff: 0.2, Sum: 0.4]
         [Processed Buffers: Min: 0, Avg: 1.2, Max: 3, Diff: 3, Sum: 5]
      [Scan RS (ms): Min: 0.0, Avg: 0.2, Max: 0.3, Diff: 0.2, Sum: 0.8]
      [Code Root Scanning (ms): Min: 0.0, Avg: 0.0, Max: 0.0, Diff: 0.0, Sum: 0.1]
      [Object Copy (ms): Min: 2.3, Avg: 3.0, Max: 3.3, Diff: 0.9, Sum: 12.2]
      [Termination (ms): Min: 0.0, Avg: 0.0, Max: 0.0, Diff: 0.0, Sum: 0.0]
      [GC Worker Other (ms): Min: 0.0, Avg: 0.0, Max: 0.1, Diff: 0.1, Sum: 0.2]
      [GC Worker Total (ms): Min: 2.4, Avg: 3.7, Max: 4.2, Diff: 1.8, Sum: 14.9]
      [GC Worker End (ms): Min: 234051.2, Avg: 234051.2, Max: 234051.2, Diff: 0.1]
   [Code Root Fixup: 0.0 ms]
   [Code Root Migration: 0.1 ms]
   [Clear CT: 0.1 ms]
   [Other: 233.2 ms]
      [Choose CSet: 0.0 ms]
      [Ref Proc: 230.8 ms]
      [Ref Enq: 1.5 ms]
      [Free CSet: 0.7 ms]
   [Eden: 487.0M(487.0M)->0.0B(185.0M) Survivors: 18.0M->19.0M Heap: 2448.5M(4096.0M)->1962.5M(4096.0M)]
 [Times: user=0.84 sys=0.00, real=0.23 secs] 
2016-01-06T00:59:58.192-0800: 234.313: [GC pause (young)
Desired survivor size 13631488 bytes, new threshold 1 (max 15)
- age   1:   17933896 bytes,   17933896 total
- age   2:      36864 bytes,   17970760 total
2016-01-06T00:59:58.378-0800: 234.499: [SoftReference, 0 refs, 0.0004330 secs]2016-01-06T00:59:58.379-0800: 234.500: [WeakReference, 0 refs, 0.0003620 secs]2016-01-06T00:59:58.379-0800: 234.500: [FinalReference, 0 refs, 0.0003420 secs]2016-01-06T00:59:58.379-0800: 234.500: [PhantomReference, 0 refs, 6242 refs, 0.0006460 secs]2016-01-06T00:59:58.380-0800: 234.501: [JNI Weak Reference, 0.0000090 secs], 0.1892490 secs]
   [Parallel Time: 3.0 ms, GC Workers: 4]
      [GC Worker Start (ms): Min: 234312.9, Avg: 234312.9, Max: 234312.9, Diff: 0.1]
      [Ext Root Scanning (ms): Min: 0.3, Avg: 0.4, Max: 0.4, Diff: 0.1, Sum: 1.4]
      [SATB Filtering (ms): Min: 0.0, Avg: 0.0, Max: 0.0, Diff: 0.0, Sum: 0.0]
      [Update RS (ms): Min: 0.0, Avg: 0.1, Max: 0.2, Diff: 0.2, Sum: 0.3]
         [Processed Buffers: Min: 1, Avg: 1.5, Max: 2, Diff: 1, Sum: 6]
      [Scan RS (ms): Min: 0.0, Avg: 0.1, Max: 0.1, Diff: 0.1, Sum: 0.3]
      [Code Root Scanning (ms): Min: 0.0, Avg: 0.0, Max: 0.0, Diff: 0.0, Sum: 0.0]
      [Object Copy (ms): Min: 2.3, Avg: 2.3, Max: 2.3, Diff: 0.0, Sum: 9.1]
      [Termination (ms): Min: 0.0, Avg: 0.0, Max: 0.0, Diff: 0.0, Sum: 0.0]
      [GC Worker Other (ms): Min: 0.0, Avg: 0.0, Max: 0.0, Diff: 0.0, Sum: 0.1]
      [GC Worker Total (ms): Min: 2.8, Avg: 2.8, Max: 2.9, Diff: 0.1, Sum: 11.3]
      [GC Worker End (ms): Min: 234315.7, Avg: 234315.7, Max: 234315.7, Diff: 0.0]
   [Code Root Fixup: 0.0 ms]
   [Code Root Migration: 0.0 ms]
   [Clear CT: 0.1 ms]
   [Other: 186.1 ms]
      [Choose CSet: 0.0 ms]
      [Ref Proc: 185.1 ms]
      [Ref Enq: 0.6 ms]
      [Free CSet: 0.4 ms]
   [Eden: 185.0M(185.0M)->0.0B(186.0M) Survivors: 19.0M->18.0M Heap: 2147.5M(4096.0M)->1961.6M(4096.0M)]
 [Times: user=0.71 sys=0.00, real=0.19 secs] 
2016-01-06T00:59:58.407-0800: 234.528: [GC pause (young)
Desired survivor size 13631488 bytes, new threshold 1 (max 15)
- age   1:   17259832 bytes,   17259832 total
2016-01-06T00:59:58.591-0800: 234.712: [SoftReference, 0 refs, 0.0004250 secs]2016-01-06T00:59:58.592-0800: 234.713: [WeakReference, 0 refs, 0.0002400 secs]2016-01-06T00:59:58.592-0800: 234.713: [FinalReference, 0 refs, 0.0002380 secs]2016-01-06T00:59:58.592-0800: 234.713: [PhantomReference, 0 refs, 6275 refs, 0.0005810 secs]2016-01-06T00:59:58.593-0800: 234.714: [JNI Weak Reference, 0.0000080 secs], 0.1865920 secs]
   [Parallel Time: 3.1 ms, GC Workers: 4]
      [GC Worker Start (ms): Min: 234528.3, Avg: 234528.7, Max: 234529.9, Diff: 1.6]
      [Ext Root Scanning (ms): Min: 0.0, Avg: 0.3, Max: 0.4, Diff: 0.4, Sum: 1.2]
      [SATB Filtering (ms): Min: 0.0, Avg: 0.0, Max: 0.0, Diff: 0.0, Sum: 0.0]
      [Update RS (ms): Min: 0.0, Avg: 0.1, Max: 0.2, Diff: 0.2, Sum: 0.3]
         [Processed Buffers: Min: 0, Avg: 1.8, Max: 3, Diff: 3, Sum: 7]
      [Scan RS (ms): Min: 0.0, Avg: 0.1, Max: 0.1, Diff: 0.1, Sum: 0.3]
      [Code Root Scanning (ms): Min: 0.0, Avg: 0.0, Max: 0.0, Diff: 0.0, Sum: 0.0]
      [Object Copy (ms): Min: 1.4, Avg: 2.1, Max: 2.4, Diff: 1.0, Sum: 8.5]
      [Termination (ms): Min: 0.0, Avg: 0.0, Max: 0.0, Diff: 0.0, Sum: 0.0]
      [GC Worker Other (ms): Min: 0.0, Avg: 0.0, Max: 0.0, Diff: 0.0, Sum: 0.1]
      [GC Worker Total (ms): Min: 1.5, Avg: 2.6, Max: 3.0, Diff: 1.6, Sum: 10.5]
      [GC Worker End (ms): Min: 234531.3, Avg: 234531.3, Max: 234531.4, Diff: 0.0]
   [Code Root Fixup: 0.0 ms]
   [Code Root Migration: 0.0 ms]
   [Clear CT: 0.1 ms]
   [Other: 183.3 ms]
      [Choose CSet: 0.0 ms]
      [Ref Proc: 182.3 ms]
      [Ref Enq: 0.6 ms]
      [Free CSet: 0.3 ms]
   [Eden: 186.0M(186.0M)->0.0B(186.0M) Survivors: 18.0M->18.0M Heap: 2147.6M(4096.0M)->1961.6M(4096.0M)]
 [Times: user=0.72 sys=0.00, real=0.18 secs] 
2016-01-06T00:59:58.620-0800: 234.741: [GC pause (young)
Desired survivor size 13631488 bytes, new threshold 1 (max 15)
- age   1:   17262064 bytes,   17262064 total
2016-01-06T00:59:58.827-0800: 234.948: [SoftReference, 0 refs, 0.0004850 secs]2016-01-06T00:59:58.827-0800: 234.948: [WeakReference, 0 refs, 0.0002490 secs]2016-01-06T00:59:58.828-0800: 234.948: [FinalReference, 0 refs, 0.0002480 secs]2016-01-06T00:59:58.828-0800: 234.949: [PhantomReference, 0 refs, 6274 refs, 0.0007090 secs]2016-01-06T00:59:58.828-0800: 234.949: [JNI Weak Reference, 0.0000110 secs], 0.2094600 secs]
   [Parallel Time: 5.5 ms, GC Workers: 4]
      [GC Worker Start (ms): Min: 234741.0, Avg: 234741.3, Max: 234741.9, Diff: 0.8]
      [Ext Root Scanning (ms): Min: 0.0, Avg: 0.3, Max: 0.5, Diff: 0.5, Sum: 1.2]
      [SATB Filtering (ms): Min: 0.0, Avg: 0.0, Max: 0.0, Diff: 0.0, Sum: 0.0]
      [Update RS (ms): Min: 2.2, Avg: 2.3, Max: 2.4, Diff: 0.1, Sum: 9.3]
         [Processed Buffers: Min: 3, Avg: 4.2, Max: 5, Diff: 2, Sum: 17]
      [Scan RS (ms): Min: 0.0, Avg: 0.1, Max: 0.2, Diff: 0.1, Sum: 0.4]
      [Code Root Scanning (ms): Min: 0.0, Avg: 0.0, Max: 0.0, Diff: 0.0, Sum: 0.0]
      [Object Copy (ms): Min: 2.3, Avg: 2.5, Max: 2.5, Diff: 0.2, Sum: 9.8]
      [Termination (ms): Min: 0.0, Avg: 0.0, Max: 0.0, Diff: 0.0, Sum: 0.0]
      [GC Worker Other (ms): Min: 0.0, Avg: 0.0, Max: 0.0, Diff: 0.0, Sum: 0.1]
      [GC Worker Total (ms): Min: 4.6, Avg: 5.2, Max: 5.4, Diff: 0.8, Sum: 20.8]
      [GC Worker End (ms): Min: 234746.5, Avg: 234746.5, Max: 234746.5, Diff: 0.0]
   [Code Root Fixup: 0.0 ms]
   [Code Root Migration: 0.0 ms]
   [Clear CT: 0.1 ms]
   [Other: 203.8 ms]
      [Choose CSet: 0.0 ms]
      [Ref Proc: 202.9 ms]
      [Ref Enq: 0.5 ms]
      [Free CSet: 0.4 ms]
   [Eden: 186.0M(186.0M)->0.0B(186.0M) Survivors: 18.0M->18.0M Heap: 2147.6M(4096.0M)->1961.7M(4096.0M)]
 [Times: user=0.76 sys=0.02, real=0.21 secs] 
2016-01-06T00:59:58.857-0800: 234.978: [GC pause (young)
Desired survivor size 13631488 bytes, new threshold 1 (max 15)
- age   1:   17262064 bytes,   17262064 total
2016-01-06T00:59:59.052-0800: 235.173: [SoftReference, 0 refs, 0.0004550 secs]2016-01-06T00:59:59.052-0800: 235.173: [WeakReference, 0 refs, 0.0002650 secs]2016-01-06T00:59:59.053-0800: 235.174: [FinalReference, 0 refs, 0.0002560 secs]2016-01-06T00:59:59.053-0800: 235.174: [PhantomReference, 0 refs, 6272 refs, 0.0006410 secs]2016-01-06T00:59:59.054-0800: 235.175: [JNI Weak Reference, 0.0000080 secs], 0.1980150 secs]
   [Parallel Time: 6.3 ms, GC Workers: 4]
      [GC Worker Start (ms): Min: 234977.7, Avg: 234977.8, Max: 234977.8, Diff: 0.1]
      [Ext Root Scanning (ms): Min: 0.3, Avg: 0.4, Max: 0.4, Diff: 0.1, Sum: 1.5]
      [SATB Filtering (ms): Min: 0.0, Avg: 0.0, Max: 0.0, Diff: 0.0, Sum: 0.0]
      [Update RS (ms): Min: 4.0, Avg: 4.3, Max: 4.5, Diff: 0.4, Sum: 17.2]
         [Processed Buffers: Min: 6, Avg: 7.8, Max: 9, Diff: 3, Sum: 31]
      [Scan RS (ms): Min: 0.0, Avg: 0.1, Max: 0.2, Diff: 0.2, Sum: 0.3]
      [Code Root Scanning (ms): Min: 0.0, Avg: 0.0, Max: 0.0, Diff: 0.0, Sum: 0.0]
      [Object Copy (ms): Min: 1.3, Avg: 1.4, Max: 1.5, Diff: 0.1, Sum: 5.7]
      [Termination (ms): Min: 0.0, Avg: 0.0, Max: 0.0, Diff: 0.0, Sum: 0.0]
      [GC Worker Other (ms): Min: 0.0, Avg: 0.0, Max: 0.0, Diff: 0.0, Sum: 0.1]
      [GC Worker Total (ms): Min: 6.2, Avg: 6.2, Max: 6.2, Diff: 0.1, Sum: 24.7]
      [GC Worker End (ms): Min: 234983.9, Avg: 234983.9, Max: 234983.9, Diff: 0.0]
   [Code Root Fixup: 0.0 ms]
   [Code Root Migration: 0.0 ms]
   [Clear CT: 0.1 ms]
   [Other: 191.6 ms]
      [Choose CSet: 0.0 ms]
      [Ref Proc: 190.6 ms]
      [Ref Enq: 0.6 ms]
      [Free CSet: 0.3 ms]
   [Eden: 186.0M(186.0M)->0.0B(195.0M) Survivors: 18.0M->9216.0K Heap: 2147.7M(4096.0M)->1952.2M(4096.0M)]
 [Times: user=0.75 sys=0.00, real=0.20 secs] 
2016-01-06T00:59:59.087-0800: 235.207: [GC pause (young)
Desired survivor size 13631488 bytes, new threshold 15 (max 15)
- age   1:    7642288 bytes,    7642288 total
2016-01-06T00:59:59.275-0800: 235.396: [SoftReference, 0 refs, 0.0004020 secs]2016-01-06T00:59:59.275-0800: 235.396: [WeakReference, 0 refs, 0.0003520 secs]2016-01-06T00:59:59.275-0800: 235.396: [FinalReference, 0 refs, 0.0002290 secs]2016-01-06T00:59:59.276-0800: 235.397: [PhantomReference, 0 refs, 6555 refs, 0.0006470 secs]2016-01-06T00:59:59.276-0800: 235.397: [JNI Weak Reference, 0.0000090 secs], 0.1908850 secs]
   [Parallel Time: 11.6 ms, GC Workers: 4]
      [GC Worker Start (ms): Min: 235207.6, Avg: 235210.1, Max: 235217.5, Diff: 9.9]
      [Ext Root Scanning (ms): Min: 0.0, Avg: 0.3, Max: 0.5, Diff: 0.5, Sum: 1.4]
      [SATB Filtering (ms): Min: 0.0, Avg: 0.0, Max: 0.0, Diff: 0.0, Sum: 0.0]
      [Update RS (ms): Min: 0.0, Avg: 6.0, Max: 8.4, Diff: 8.4, Sum: 24.1]
         [Processed Buffers: Min: 0, Avg: 9.5, Max: 14, Diff: 14, Sum: 38]
      [Scan RS (ms): Min: 0.0, Avg: 0.1, Max: 0.3, Diff: 0.3, Sum: 0.3]
      [Code Root Scanning (ms): Min: 0.0, Avg: 0.0, Max: 0.0, Diff: 0.0, Sum: 0.0]
      [Object Copy (ms): Min: 1.4, Avg: 2.4, Max: 2.9, Diff: 1.5, Sum: 9.7]
      [Termination (ms): Min: 0.0, Avg: 0.1, Max: 0.1, Diff: 0.1, Sum: 0.4]
      [GC Worker Other (ms): Min: 0.0, Avg: 0.0, Max: 0.0, Diff: 0.0, Sum: 0.1]
      [GC Worker Total (ms): Min: 1.6, Avg: 9.0, Max: 11.5, Diff: 9.9, Sum: 36.0]
      [GC Worker End (ms): Min: 235219.0, Avg: 235219.1, Max: 235219.1, Diff: 0.0]
   [Code Root Fixup: 0.0 ms]
   [Code Root Migration: 0.0 ms]
   [Clear CT: 0.1 ms]
   [Other: 179.2 ms]
      [Choose CSet: 0.0 ms]
      [Ref Proc: 178.1 ms]
      [Ref Enq: 0.6 ms]
      [Free CSet: 0.3 ms]
   [Eden: 195.0M(195.0M)->0.0B(186.0M) Survivors: 9216.0K->18.0M Heap: 2147.2M(4096.0M)->1961.7M(4096.0M)]
 [Times: user=0.68 sys=0.00, real=0.19 secs] 
2016-01-06T00:59:59.305-0800: 235.426: [GC pause (young)
Desired survivor size 13631488 bytes, new threshold 1 (max 15)
- age   1:   17282152 bytes,   17282152 total
- age   2:      36864 bytes,   17319016 total
2016-01-06T00:59:59.509-0800: 235.630: [SoftReference, 0 refs, 0.0006110 secs]2016-01-06T00:59:59.509-0800: 235.630: [WeakReference, 0 refs, 0.0002550 secs]2016-01-06T00:59:59.510-0800: 235.631: [FinalReference, 0 refs, 0.0002260 secs]2016-01-06T00:59:59.510-0800: 235.631: [PhantomReference, 0 refs, 6276 refs, 0.0006000 secs]2016-01-06T00:59:59.510-0800: 235.631: [JNI Weak Reference, 0.0000110 secs], 0.2069180 secs]
   [Parallel Time: 6.3 ms, GC Workers: 4]
      [GC Worker Start (ms): Min: 235425.6, Avg: 235427.2, Max: 235431.8, Diff: 6.2]
      [Ext Root Scanning (ms): Min: 0.0, Avg: 0.4, Max: 0.5, Diff: 0.5, Sum: 1.4]
      [SATB Filtering (ms): Min: 0.0, Avg: 0.0, Max: 0.0, Diff: 0.0, Sum: 0.0]
      [Update RS (ms): Min: 0.0, Avg: 0.1, Max: 0.2, Diff: 0.2, Sum: 0.3]
         [Processed Buffers: Min: 0, Avg: 1.5, Max: 5, Diff: 5, Sum: 6]
      [Scan RS (ms): Min: 0.0, Avg: 0.1, Max: 0.2, Diff: 0.1, Sum: 0.4]
      [Code Root Scanning (ms): Min: 0.0, Avg: 0.0, Max: 0.0, Diff: 0.0, Sum: 0.0]
      [Object Copy (ms): Min: 0.0, Avg: 1.8, Max: 2.4, Diff: 2.4, Sum: 7.0]
      [Termination (ms): Min: 0.0, Avg: 2.4, Max: 3.2, Diff: 3.2, Sum: 9.5]
      [GC Worker Other (ms): Min: 0.0, Avg: 0.0, Max: 0.0, Diff: 0.0, Sum: 0.0]
      [GC Worker Total (ms): Min: 0.1, Avg: 4.7, Max: 6.2, Diff: 6.2, Sum: 18.7]
      [GC Worker End (ms): Min: 235431.9, Avg: 235431.9, Max: 235431.9, Diff: 0.0]
   [Code Root Fixup: 0.0 ms]
   [Code Root Migration: 0.0 ms]
   [Clear CT: 0.2 ms]
   [Other: 200.5 ms]
      [Choose CSet: 0.0 ms]
      [Ref Proc: 199.5 ms]
      [Ref Enq: 0.5 ms]
      [Free CSet: 0.3 ms]
   [Eden: 186.0M(186.0M)->0.0B(185.0M) Survivors: 18.0M->19.0M Heap: 2147.7M(4096.0M)->1962.3M(4096.0M)]
 [Times: user=0.76 sys=0.01, real=0.21 secs] 
2016-01-06T00:59:59.540-0800: 235.660: [GC pause (young)
Desired survivor size 13631488 bytes, new threshold 1 (max 15)
- age   1:   17262064 bytes,   17262064 total
2016-01-06T00:59:59.729-0800: 235.850: [SoftReference, 0 refs, 0.0004160 secs]2016-01-06T00:59:59.730-0800: 235.851: [WeakReference, 0 refs, 0.0002390 secs]2016-01-06T00:59:59.730-0800: 235.851: [FinalReference, 0 refs, 0.0003180 secs]2016-01-06T00:59:59.730-0800: 235.851: [PhantomReference, 0 refs, 6243 refs, 0.0005930 secs]2016-01-06T00:59:59.731-0800: 235.852: [JNI Weak Reference, 0.0000080 secs], 0.1926070 secs]
   [Parallel Time: 2.9 ms, GC Workers: 4]
      [GC Worker Start (ms): Min: 235660.6, Avg: 235660.6, Max: 235660.6, Diff: 0.1]
      [Ext Root Scanning (ms): Min: 0.3, Avg: 0.4, Max: 0.4, Diff: 0.1, Sum: 1.4]
      [SATB Filtering (ms): Min: 0.0, Avg: 0.0, Max: 0.0, Diff: 0.0, Sum: 0.0]
      [Update RS (ms): Min: 0.0, Avg: 0.1, Max: 0.2, Diff: 0.2, Sum: 0.4]
         [Processed Buffers: Min: 0, Avg: 1.2, Max: 2, Diff: 2, Sum: 5]
      [Scan RS (ms): Min: 0.0, Avg: 0.1, Max: 0.1, Diff: 0.1, Sum: 0.3]
      [Code Root Scanning (ms): Min: 0.0, Avg: 0.0, Max: 0.0, Diff: 0.0, Sum: 0.0]
      [Object Copy (ms): Min: 2.2, Avg: 2.2, Max: 2.3, Diff: 0.0, Sum: 9.0]
      [Termination (ms): Min: 0.0, Avg: 0.0, Max: 0.0, Diff: 0.0, Sum: 0.0]
      [GC Worker Other (ms): Min: 0.0, Avg: 0.0, Max: 0.0, Diff: 0.0, Sum: 0.1]
      [GC Worker Total (ms): Min: 2.8, Avg: 2.8, Max: 2.8, Diff: 0.1, Sum: 11.2]
      [GC Worker End (ms): Min: 235663.4, Avg: 235663.4, Max: 235663.4, Diff: 0.0]
   [Code Root Fixup: 0.0 ms]
   [Code Root Migration: 0.0 ms]
   [Clear CT: 0.1 ms]
   [Other: 189.5 ms]
      [Choose CSet: 0.0 ms]
      [Ref Proc: 188.5 ms]
      [Ref Enq: 0.6 ms]
      [Free CSet: 0.4 ms]
   [Eden: 185.0M(185.0M)->0.0B(185.0M) Survivors: 19.0M->19.0M Heap: 2147.3M(4096.0M)->1962.3M(4096.0M)]
 [Times: user=0.74 sys=0.00, real=0.19 secs] 
2016-01-06T00:59:59.758-0800: 235.879: [GC pause (young)
Desired survivor size 13631488 bytes, new threshold 1 (max 15)
- age   1:   17259832 bytes,   17259832 total
2016-01-06T00:59:59.944-0800: 236.065: [SoftReference, 0 refs, 0.0005000 secs]2016-01-06T00:59:59.945-0800: 236.065: [WeakReference, 0 refs, 0.0002210 secs]2016-01-06T00:59:59.945-0800: 236.066: [FinalReference, 0 refs, 0.0002460 secs]2016-01-06T00:59:59.945-0800: 236.066: [PhantomReference, 0 refs, 6242 refs, 0.0006020 secs]2016-01-06T00:59:59.946-0800: 236.067: [JNI Weak Reference, 0.0000080 secs], 0.1885950 secs]
   [Parallel Time: 6.6 ms, GC Workers: 4]
      [GC Worker Start (ms): Min: 235879.2, Avg: 235879.9, Max: 235881.9, Diff: 2.7]
      [Ext Root Scanning (ms): Min: 0.0, Avg: 0.3, Max: 0.4, Diff: 0.4, Sum: 1.3]
      [SATB Filtering (ms): Min: 0.0, Avg: 0.0, Max: 0.0, Diff: 0.0, Sum: 0.0]
      [Update RS (ms): Min: 1.3, Avg: 2.9, Max: 3.6, Diff: 2.3, Sum: 11.7]
         [Processed Buffers: Min: 3, Avg: 5.8, Max: 7, Diff: 4, Sum: 23]
      [Scan RS (ms): Min: 0.0, Avg: 0.1, Max: 0.2, Diff: 0.2, Sum: 0.3]
      [Code Root Scanning (ms): Min: 0.0, Avg: 0.0, Max: 0.0, Diff: 0.0, Sum: 0.0]
      [Object Copy (ms): Min: 2.3, Avg: 2.4, Max: 2.5, Diff: 0.1, Sum: 9.7]
      [Termination (ms): Min: 0.0, Avg: 0.0, Max: 0.0, Diff: 0.0, Sum: 0.0]
      [GC Worker Other (ms): Min: 0.0, Avg: 0.1, Max: 0.1, Diff: 0.1, Sum: 0.2]
      [GC Worker Total (ms): Min: 3.8, Avg: 5.8, Max: 6.5, Diff: 2.7, Sum: 23.2]
      [GC Worker End (ms): Min: 235885.7, Avg: 235885.7, Max: 235885.7, Diff: 0.1]
   [Code Root Fixup: 0.0 ms]
   [Code Root Migration: 0.0 ms]
   [Clear CT: 0.2 ms]
   [Other: 181.8 ms]
      [Choose CSet: 0.0 ms]
      [Ref Proc: 180.8 ms]
      [Ref Enq: 0.6 ms]
      [Free CSet: 0.3 ms]
   [Eden: 185.0M(185.0M)->0.0B(507.0M) Survivors: 19.0M->18.0M Heap: 2147.3M(4096.0M)->1961.8M(4096.0M)]
 [Times: user=0.69 sys=0.00, real=0.19 secs] 
2016-01-06T01:00:00.018-0800: 236.139: [GC pause (young)
Desired survivor size 34603008 bytes, new threshold 15 (max 15)
- age   1:   17259832 bytes,   17259832 total
2016-01-06T01:00:00.205-0800: 236.326: [SoftReference, 0 refs, 0.0010630 secs]2016-01-06T01:00:00.206-0800: 236.327: [WeakReference, 0 refs, 0.0003320 secs]2016-01-06T01:00:00.207-0800: 236.327: [FinalReference, 0 refs, 0.0002990 secs]2016-01-06T01:00:00.207-0800: 236.328: [PhantomReference, 0 refs, 16225 refs, 0.0008910 secs]2016-01-06T01:00:00.208-0800: 236.329: [JNI Weak Reference, 0.0000090 secs], 0.1920470 secs]
   [Parallel Time: 4.3 ms, GC Workers: 4]
      [GC Worker Start (ms): Min: 236139.1, Avg: 236139.8, Max: 236141.9, Diff: 2.8]
      [Ext Root Scanning (ms): Min: 0.0, Avg: 0.3, Max: 0.4, Diff: 0.4, Sum: 1.3]
      [SATB Filtering (ms): Min: 0.0, Avg: 0.0, Max: 0.0, Diff: 0.0, Sum: 0.0]
      [Update RS (ms): Min: 0.0, Avg: 0.1, Max: 0.2, Diff: 0.2, Sum: 0.3]
         [Processed Buffers: Min: 0, Avg: 1.5, Max: 3, Diff: 3, Sum: 6]
      [Scan RS (ms): Min: 0.1, Avg: 0.2, Max: 0.3, Diff: 0.2, Sum: 0.9]
      [Code Root Scanning (ms): Min: 0.0, Avg: 0.0, Max: 0.0, Diff: 0.0, Sum: 0.1]
      [Object Copy (ms): Min: 1.3, Avg: 2.8, Max: 3.3, Diff: 2.0, Sum: 11.2]
      [Termination (ms): Min: 0.0, Avg: 0.0, Max: 0.0, Diff: 0.0, Sum: 0.0]
      [GC Worker Other (ms): Min: 0.0, Avg: 0.1, Max: 0.1, Diff: 0.0, Sum: 0.2]
      [GC Worker Total (ms): Min: 1.4, Avg: 3.5, Max: 4.2, Diff: 2.8, Sum: 14.0]
      [GC Worker End (ms): Min: 236143.3, Avg: 236143.3, Max: 236143.4, Diff: 0.0]
   [Code Root Fixup: 0.0 ms]
   [Code Root Migration: 0.1 ms]
   [Clear CT: 0.2 ms]
   [Other: 187.5 ms]
      [Choose CSet: 0.0 ms]
      [Ref Proc: 185.3 ms]
      [Ref Enq: 1.4 ms]
      [Free CSet: 0.7 ms]
   [Eden: 507.0M(507.0M)->0.0B(1252.0M) Survivors: 18.0M->20.0M Heap: 2468.8M(4096.0M)->1963.3M(4096.0M)]
 [Times: user=0.68 sys=0.01, real=0.19 secs] 
2016-01-06T01:00:00.386-0800: 236.507: [GC pause (young)
Desired survivor size 83361792 bytes, new threshold 15 (max 15)
- age   1:   17978536 bytes,   17978536 total
- age   2:      36864 bytes,   18015400 total
2016-01-06T01:00:00.584-0800: 236.705: [SoftReference, 0 refs, 0.0005510 secs]2016-01-06T01:00:00.585-0800: 236.706: [WeakReference, 0 refs, 0.0003040 secs]2016-01-06T01:00:00.585-0800: 236.706: [FinalReference, 0 refs, 0.0002240 secs]2016-01-06T01:00:00.585-0800: 236.706: [PhantomReference, 0 refs, 39321 refs, 0.0011160 secs]2016-01-06T01:00:00.586-0800: 236.707: [JNI Weak Reference, 0.0000110 secs], 0.2065000 secs]
   [Parallel Time: 9.4 ms, GC Workers: 4]
      [GC Worker Start (ms): Min: 236507.0, Avg: 236507.0, Max: 236507.0, Diff: 0.1]
      [Ext Root Scanning (ms): Min: 0.3, Avg: 0.4, Max: 0.4, Diff: 0.1, Sum: 1.4]
      [SATB Filtering (ms): Min: 0.0, Avg: 0.0, Max: 0.0, Diff: 0.0, Sum: 0.0]
      [Update RS (ms): Min: 0.0, Avg: 0.1, Max: 0.2, Diff: 0.2, Sum: 0.3]
         [Processed Buffers: Min: 0, Avg: 1.5, Max: 3, Diff: 3, Sum: 6]
      [Scan RS (ms): Min: 0.5, Avg: 0.6, Max: 0.6, Diff: 0.1, Sum: 2.3]
      [Code Root Scanning (ms): Min: 0.0, Avg: 0.1, Max: 0.1, Diff: 0.0, Sum: 0.3]
      [Object Copy (ms): Min: 8.1, Avg: 8.1, Max: 8.2, Diff: 0.1, Sum: 32.6]
      [Termination (ms): Min: 0.0, Avg: 0.0, Max: 0.0, Diff: 0.0, Sum: 0.0]
      [GC Worker Other (ms): Min: 0.0, Avg: 0.0, Max: 0.1, Diff: 0.1, Sum: 0.2]
      [GC Worker Total (ms): Min: 9.3, Avg: 9.3, Max: 9.3, Diff: 0.0, Sum: 37.0]
      [GC Worker End (ms): Min: 236516.2, Avg: 236516.3, Max: 236516.3, Diff: 0.1]
   [Code Root Fixup: 0.0 ms]
   [Code Root Migration: 0.2 ms]
   [Clear CT: 0.4 ms]
   [Other: 196.6 ms]
      [Choose CSet: 0.0 ms]
      [Ref Proc: 191.0 ms]
      [Ref Enq: 3.9 ms]
      [Free CSet: 1.6 ms]
   [Eden: 1252.0M(1252.0M)->0.0B(183.0M) Survivors: 20.0M->21.0M Heap: 3215.3M(4096.0M)->1964.3M(4096.0M)]
 [Times: user=0.80 sys=0.00, real=0.20 secs] 
2016-01-06T01:00:00.620-0800: 236.741: [GC pause (young)
Desired survivor size 13631488 bytes, new threshold 1 (max 15)
- age   1:   19641376 bytes,   19641376 total
- age   2:      36864 bytes,   19678240 total
2016-01-06T01:00:00.814-0800: 236.935: [SoftReference, 0 refs, 0.0004640 secs]2016-01-06T01:00:00.814-0800: 236.935: [WeakReference, 0 refs, 0.0002920 secs]2016-01-06T01:00:00.815-0800: 236.936: [FinalReference, 0 refs, 0.0003210 secs]2016-01-06T01:00:00.815-0800: 236.936: [PhantomReference, 0 refs, 6182 refs, 0.0006880 secs]2016-01-06T01:00:00.816-0800: 236.937: [JNI Weak Reference, 0.0000130 secs], 0.1966280 secs]
   [Parallel Time: 2.9 ms, GC Workers: 4]
      [GC Worker Start (ms): Min: 236741.3, Avg: 236741.3, Max: 236741.3, Diff: 0.1]
      [Ext Root Scanning (ms): Min: 0.3, Avg: 0.4, Max: 0.4, Diff: 0.1, Sum: 1.4]
      [SATB Filtering (ms): Min: 0.0, Avg: 0.0, Max: 0.0, Diff: 0.0, Sum: 0.0]
      [Update RS (ms): Min: 0.0, Avg: 0.1, Max: 0.3, Diff: 0.3, Sum: 0.3]
         [Processed Buffers: Min: 0, Avg: 1.2, Max: 2, Diff: 2, Sum: 5]
      [Scan RS (ms): Min: 0.0, Avg: 0.1, Max: 0.1, Diff: 0.1, Sum: 0.3]
      [Code Root Scanning (ms): Min: 0.0, Avg: 0.0, Max: 0.0, Diff: 0.0, Sum: 0.0]
      [Object Copy (ms): Min: 2.2, Avg: 2.3, Max: 2.3, Diff: 0.1, Sum: 9.1]
      [Termination (ms): Min: 0.0, Avg: 0.0, Max: 0.0, Diff: 0.0, Sum: 0.0]
      [GC Worker Other (ms): Min: 0.0, Avg: 0.0, Max: 0.0, Diff: 0.0, Sum: 0.1]
      [GC Worker Total (ms): Min: 2.8, Avg: 2.8, Max: 2.8, Diff: 0.1, Sum: 11.3]
      [GC Worker End (ms): Min: 236744.1, Avg: 236744.1, Max: 236744.1, Diff: 0.0]
   [Code Root Fixup: 0.0 ms]
   [Code Root Migration: 0.0 ms]
   [Clear CT: 0.1 ms]
   [Other: 193.6 ms]
      [Choose CSet: 0.0 ms]
      [Ref Proc: 192.6 ms]
      [Ref Enq: 0.6 ms]
      [Free CSet: 0.3 ms]
   [Eden: 183.0M(183.0M)->0.0B(243.0M) Survivors: 21.0M->19.0M Heap: 2147.3M(4096.0M)->1962.9M(4096.0M)]
 [Times: user=0.75 sys=0.00, real=0.20 secs] 
2016-01-06T01:00:00.854-0800: 236.975: [GC pause (young)
Desired survivor size 17301504 bytes, new threshold 15 (max 15)
- age   1:   17255368 bytes,   17255368 total
2016-01-06T01:00:01.048-0800: 237.169: [SoftReference, 0 refs, 0.0004780 secs]2016-01-06T01:00:01.049-0800: 237.170: [WeakReference, 0 refs, 0.0002620 secs]2016-01-06T01:00:01.049-0800: 237.170: [FinalReference, 0 refs, 0.0002620 secs]2016-01-06T01:00:01.049-0800: 237.170: [PhantomReference, 0 refs, 8041 refs, 0.0006400 secs]2016-01-06T01:00:01.050-0800: 237.171: [JNI Weak Reference, 0.0000090 secs], 0.1975150 secs]
   [Parallel Time: 3.3 ms, GC Workers: 4]
      [GC Worker Start (ms): Min: 236974.8, Avg: 236975.6, Max: 236977.9, Diff: 3.1]
      [Ext Root Scanning (ms): Min: 0.0, Avg: 0.3, Max: 0.5, Diff: 0.4, Sum: 1.3]
      [SATB Filtering (ms): Min: 0.0, Avg: 0.0, Max: 0.0, Diff: 0.0, Sum: 0.0]
      [Update RS (ms): Min: 0.0, Avg: 0.1, Max: 0.2, Diff: 0.2, Sum: 0.3]
         [Processed Buffers: Min: 0, Avg: 1.5, Max: 3, Diff: 3, Sum: 6]
      [Scan RS (ms): Min: 0.0, Avg: 0.1, Max: 0.2, Diff: 0.1, Sum: 0.4]
      [Code Root Scanning (ms): Min: 0.0, Avg: 0.0, Max: 0.0, Diff: 0.0, Sum: 0.0]
      [Object Copy (ms): Min: 0.0, Avg: 1.8, Max: 2.6, Diff: 2.6, Sum: 7.4]
      [Termination (ms): Min: 0.0, Avg: 0.1, Max: 0.2, Diff: 0.2, Sum: 0.5]
      [GC Worker Other (ms): Min: 0.0, Avg: 0.0, Max: 0.0, Diff: 0.0, Sum: 0.0]
      [GC Worker Total (ms): Min: 0.2, Avg: 2.5, Max: 3.3, Diff: 3.1, Sum: 10.0]
      [GC Worker End (ms): Min: 236978.1, Avg: 236978.1, Max: 236978.1, Diff: 0.0]
   [Code Root Fixup: 0.0 ms]
   [Code Root Migration: 0.0 ms]
   [Clear CT: 0.1 ms]
   [Other: 194.0 ms]
      [Choose CSet: 0.0 ms]
      [Ref Proc: 192.8 ms]
      [Ref Enq: 0.7 ms]
      [Free CSet: 0.4 ms]
   [Eden: 243.0M(243.0M)->0.0B(339.0M) Survivors: 19.0M->19.0M Heap: 2205.9M(4096.0M)->1962.4M(4096.0M)]
 [Times: user=0.75 sys=0.01, real=0.20 secs] 
2016-01-06T01:00:01.105-0800: 237.226: [GC pause (young)
Desired survivor size 23592960 bytes, new threshold 15 (max 15)
- age   1:   17389288 bytes,   17389288 total
- age   2:      36864 bytes,   17426152 total
2016-01-06T01:00:01.304-0800: 237.424: [SoftReference, 0 refs, 0.0006420 secs]2016-01-06T01:00:01.304-0800: 237.425: [WeakReference, 0 refs, 0.0002990 secs]2016-01-06T01:00:01.305-0800: 237.425: [FinalReference, 0 refs, 0.0003110 secs]2016-01-06T01:00:01.305-0800: 237.426: [PhantomReference, 0 refs, 11018 refs, 0.0009700 secs]2016-01-06T01:00:01.306-0800: 237.427: [JNI Weak Reference, 0.0000130 secs], 0.2022750 secs]
   [Parallel Time: 6.2 ms, GC Workers: 4]
      [GC Worker Start (ms): Min: 237226.1, Avg: 237227.7, Max: 237232.2, Diff: 6.1]
      [Ext Root Scanning (ms): Min: 0.0, Avg: 0.4, Max: 0.5, Diff: 0.5, Sum: 1.4]
      [SATB Filtering (ms): Min: 0.0, Avg: 0.0, Max: 0.0, Diff: 0.0, Sum: 0.0]
      [Update RS (ms): Min: 0.0, Avg: 0.1, Max: 0.2, Diff: 0.2, Sum: 0.3]
         [Processed Buffers: Min: 0, Avg: 1.2, Max: 4, Diff: 4, Sum: 5]
      [Scan RS (ms): Min: 0.0, Avg: 0.1, Max: 0.3, Diff: 0.2, Sum: 0.6]
      [Code Root Scanning (ms): Min: 0.0, Avg: 0.0, Max: 0.0, Diff: 0.0, Sum: 0.1]
      [Object Copy (ms): Min: 0.0, Avg: 1.9, Max: 2.5, Diff: 2.5, Sum: 7.6]
      [Termination (ms): Min: 0.0, Avg: 2.1, Max: 2.9, Diff: 2.9, Sum: 8.6]
      [GC Worker Other (ms): Min: 0.0, Avg: 0.0, Max: 0.0, Diff: 0.0, Sum: 0.1]
      [GC Worker Total (ms): Min: 0.1, Avg: 4.6, Max: 6.2, Diff: 6.1, Sum: 18.6]
      [GC Worker End (ms): Min: 237232.3, Avg: 237232.3, Max: 237232.3, Diff: 0.0]
   [Code Root Fixup: 0.0 ms]
   [Code Root Migration: 0.1 ms]
   [Clear CT: 0.2 ms]
   [Other: 195.8 ms]
      [Choose CSet: 0.0 ms]
      [Ref Proc: 194.4 ms]
      [Ref Enq: 0.7 ms]
      [Free CSet: 0.6 ms]
   [Eden: 339.0M(339.0M)->0.0B(185.0M) Survivors: 19.0M->19.0M Heap: 2301.4M(4096.0M)->1962.4M(4096.0M)]
 [Times: user=0.55 sys=0.00, real=0.20 secs] 
2016-01-06T01:00:01.345-0800: 237.466: [GC pause (young)
Desired survivor size 13631488 bytes, new threshold 1 (max 15)
- age   1:   17603560 bytes,   17603560 total
- age   2:      36864 bytes,   17640424 total
2016-01-06T01:00:01.568-0800: 237.689: [SoftReference, 0 refs, 0.0006180 secs]2016-01-06T01:00:01.568-0800: 237.689: [WeakReference, 0 refs, 0.0003450 secs]2016-01-06T01:00:01.569-0800: 237.690: [FinalReference, 0 refs, 0.0003340 secs]2016-01-06T01:00:01.569-0800: 237.690: [PhantomReference, 0 refs, 6245 refs, 0.0007660 secs]2016-01-06T01:00:01.570-0800: 237.691: [JNI Weak Reference, 0.0000140 secs], 0.2260030 secs]
   [Parallel Time: 3.8 ms, GC Workers: 4]
      [GC Worker Start (ms): Min: 237466.1, Avg: 237467.6, Max: 237469.2, Diff: 3.1]
      [Ext Root Scanning (ms): Min: 0.0, Avg: 0.3, Max: 0.6, Diff: 0.6, Sum: 1.2]
      [SATB Filtering (ms): Min: 0.0, Avg: 0.0, Max: 0.0, Diff: 0.0, Sum: 0.0]
      [Update RS (ms): Min: 0.0, Avg: 0.1, Max: 0.2, Diff: 0.2, Sum: 0.2]
         [Processed Buffers: Min: 0, Avg: 1.2, Max: 4, Diff: 4, Sum: 5]
      [Scan RS (ms): Min: 0.0, Avg: 0.1, Max: 0.2, Diff: 0.2, Sum: 0.3]
      [Code Root Scanning (ms): Min: 0.0, Avg: 0.0, Max: 0.0, Diff: 0.0, Sum: 0.0]
      [Object Copy (ms): Min: 0.4, Avg: 1.6, Max: 2.8, Diff: 2.4, Sum: 6.3]
      [Termination (ms): Min: 0.0, Avg: 0.1, Max: 0.1, Diff: 0.1, Sum: 0.4]
      [GC Worker Other (ms): Min: 0.0, Avg: 0.0, Max: 0.1, Diff: 0.0, Sum: 0.1]
      [GC Worker Total (ms): Min: 0.6, Avg: 2.2, Max: 3.7, Diff: 3.1, Sum: 8.6]
      [GC Worker End (ms): Min: 237469.8, Avg: 237469.8, Max: 237469.8, Diff: 0.0]
   [Code Root Fixup: 0.0 ms]
   [Code Root Migration: 0.0 ms]
   [Clear CT: 0.2 ms]
   [Other: 222.0 ms]
      [Choose CSet: 0.0 ms]
      [Ref Proc: 221.1 ms]
      [Ref Enq: 0.4 ms]
      [Free CSet: 0.4 ms]
   [Eden: 185.0M(185.0M)->0.0B(185.0M) Survivors: 19.0M->19.0M Heap: 2147.4M(4096.0M)->1962.4M(4096.0M)]
 [Times: user=0.59 sys=0.00, real=0.22 secs] 
2016-01-06T01:00:01.601-0800: 237.722: [GC pause (young)
Desired survivor size 13631488 bytes, new threshold 1 (max 15)
- age   1:   17259832 bytes,   17259832 total
2016-01-06T01:00:01.826-0800: 237.947: [SoftReference, 0 refs, 0.0010690 secs]2016-01-06T01:00:01.827-0800: 237.948: [WeakReference, 0 refs, 0.0005170 secs]2016-01-06T01:00:01.827-0800: 237.948: [FinalReference, 0 refs, 0.0003820 secs]2016-01-06T01:00:01.828-0800: 237.949: [PhantomReference, 0 refs, 6244 refs, 0.0010230 secs]2016-01-06T01:00:01.829-0800: 237.950: [JNI Weak Reference, 0.0000140 secs], 0.2304760 secs]
   [Parallel Time: 3.6 ms, GC Workers: 4]
      [GC Worker Start (ms): Min: 237722.1, Avg: 237723.0, Max: 237725.5, Diff: 3.4]
      [Ext Root Scanning (ms): Min: 0.0, Avg: 0.4, Max: 0.5, Diff: 0.5, Sum: 1.4]
      [SATB Filtering (ms): Min: 0.0, Avg: 0.0, Max: 0.0, Diff: 0.0, Sum: 0.0]
      [Update RS (ms): Min: 0.0, Avg: 0.1, Max: 0.2, Diff: 0.2, Sum: 0.4]
         [Processed Buffers: Min: 0, Avg: 1.0, Max: 2, Diff: 2, Sum: 4]
      [Scan RS (ms): Min: 0.0, Avg: 0.1, Max: 0.1, Diff: 0.1, Sum: 0.4]
      [Code Root Scanning (ms): Min: 0.0, Avg: 0.0, Max: 0.0, Diff: 0.0, Sum: 0.0]
      [Object Copy (ms): Min: 0.0, Avg: 1.9, Max: 2.6, Diff: 2.5, Sum: 7.6]
      [Termination (ms): Min: 0.0, Avg: 0.2, Max: 0.2, Diff: 0.2, Sum: 0.6]
      [GC Worker Other (ms): Min: 0.0, Avg: 0.0, Max: 0.0, Diff: 0.0, Sum: 0.0]
      [GC Worker Total (ms): Min: 0.1, Avg: 2.6, Max: 3.5, Diff: 3.5, Sum: 10.5]
      [GC Worker End (ms): Min: 237725.6, Avg: 237725.6, Max: 237725.6, Diff: 0.0]
   [Code Root Fixup: 0.0 ms]
   [Code Root Migration: 0.0 ms]
   [Clear CT: 0.2 ms]
   [Other: 226.7 ms]
      [Choose CSet: 0.0 ms]
      [Ref Proc: 223.9 ms]
      [Ref Enq: 2.3 ms]
      [Free CSet: 0.4 ms]
   [Eden: 185.0M(185.0M)->0.0B(186.0M) Survivors: 19.0M->18.0M Heap: 2147.4M(4096.0M)->1962.0M(4096.0M)]
 [Times: user=0.62 sys=0.00, real=0.23 secs] 
2016-01-06T01:00:01.862-0800: 237.983: [GC pause (young)
Desired survivor size 13631488 bytes, new threshold 1 (max 15)
- age   1:   17259832 bytes,   17259832 total
2016-01-06T01:00:02.105-0800: 238.226: [SoftReference, 0 refs, 0.0007290 secs]2016-01-06T01:00:02.106-0800: 238.227: [WeakReference, 0 refs, 0.0003850 secs]2016-01-06T01:00:02.106-0800: 238.227: [FinalReference, 0 refs, 0.0003680 secs]2016-01-06T01:00:02.107-0800: 238.227: [PhantomReference, 0 refs, 6274 refs, 0.0009100 secs]2016-01-06T01:00:02.108-0800: 238.228: [JNI Weak Reference, 0.0000100 secs], 0.2463190 secs]
   [Parallel Time: 5.7 ms, GC Workers: 4]
      [GC Worker Start (ms): Min: 237983.3, Avg: 237983.8, Max: 237984.2, Diff: 0.9]
      [Ext Root Scanning (ms): Min: 0.0, Avg: 0.3, Max: 0.7, Diff: 0.7, Sum: 1.3]
      [SATB Filtering (ms): Min: 0.0, Avg: 0.0, Max: 0.0, Diff: 0.0, Sum: 0.0]
      [Update RS (ms): Min: 0.0, Avg: 0.1, Max: 0.2, Diff: 0.2, Sum: 0.4]
         [Processed Buffers: Min: 0, Avg: 1.2, Max: 4, Diff: 4, Sum: 5]
      [Scan RS (ms): Min: 0.0, Avg: 0.1, Max: 0.2, Diff: 0.1, Sum: 0.4]
      [Code Root Scanning (ms): Min: 0.0, Avg: 0.0, Max: 0.0, Diff: 0.0, Sum: 0.0]
      [Object Copy (ms): Min: 2.5, Avg: 3.0, Max: 4.4, Diff: 1.8, Sum: 12.1]
      [Termination (ms): Min: 0.0, Avg: 1.4, Max: 2.0, Diff: 2.0, Sum: 5.6]
      [GC Worker Other (ms): Min: 0.0, Avg: 0.0, Max: 0.0, Diff: 0.0, Sum: 0.0]
      [GC Worker Total (ms): Min: 4.5, Avg: 5.0, Max: 5.5, Diff: 1.1, Sum: 19.8]
      [GC Worker End (ms): Min: 237988.7, Avg: 237988.7, Max: 237988.8, Diff: 0.2]
   [Code Root Fixup: 0.0 ms]
   [Code Root Migration: 0.0 ms]
   [Clear CT: 0.2 ms]
   [Other: 240.4 ms]
      [Choose CSet: 0.0 ms]
      [Ref Proc: 239.5 ms]
      [Ref Enq: 0.4 ms]
      [Free CSet: 0.5 ms]
   [Eden: 186.0M(186.0M)->0.0B(185.0M) Survivors: 18.0M->19.0M Heap: 2148.0M(4096.0M)->1962.5M(4096.0M)]
 [Times: user=0.69 sys=0.02, real=0.25 secs] 
2016-01-06T01:00:02.135-0800: 238.256: [GC pause (young)
Desired survivor size 13631488 bytes, new threshold 1 (max 15)
- age   1:   17262064 bytes,   17262064 total
2016-01-06T01:00:02.384-0800: 238.505: [SoftReference, 0 refs, 0.0009880 secs]2016-01-06T01:00:02.385-0800: 238.506: [WeakReference, 0 refs, 0.0004820 secs]2016-01-06T01:00:02.386-0800: 238.507: [FinalReference, 0 refs, 0.0005600 secs]2016-01-06T01:00:02.386-0800: 238.507: [PhantomReference, 0 refs, 6245 refs, 0.0014730 secs]2016-01-06T01:00:02.388-0800: 238.509: [JNI Weak Reference, 0.0000140 secs], 0.2534540 secs]
   [Parallel Time: 3.7 ms, GC Workers: 4]
      [GC Worker Start (ms): Min: 238256.4, Avg: 238257.7, Max: 238260.0, Diff: 3.6]
      [Ext Root Scanning (ms): Min: 0.0, Avg: 0.3, Max: 0.6, Diff: 0.6, Sum: 1.1]
      [SATB Filtering (ms): Min: 0.0, Avg: 0.0, Max: 0.0, Diff: 0.0, Sum: 0.0]
      [Update RS (ms): Min: 0.0, Avg: 0.1, Max: 0.2, Diff: 0.2, Sum: 0.3]
         [Processed Buffers: Min: 0, Avg: 1.2, Max: 4, Diff: 4, Sum: 5]
      [Scan RS (ms): Min: 0.0, Avg: 0.1, Max: 0.2, Diff: 0.2, Sum: 0.3]
      [Code Root Scanning (ms): Min: 0.0, Avg: 0.0, Max: 0.0, Diff: 0.0, Sum: 0.0]
      [Object Copy (ms): Min: 0.0, Avg: 1.7, Max: 2.5, Diff: 2.5, Sum: 6.9]
      [Termination (ms): Min: 0.0, Avg: 0.2, Max: 0.3, Diff: 0.3, Sum: 0.7]
      [GC Worker Other (ms): Min: 0.0, Avg: 0.0, Max: 0.0, Diff: 0.0, Sum: 0.0]
      [GC Worker Total (ms): Min: 0.1, Avg: 2.4, Max: 3.7, Diff: 3.6, Sum: 9.5]
      [GC Worker End (ms): Min: 238260.1, Avg: 238260.1, Max: 238260.1, Diff: 0.0]
   [Code Root Fixup: 0.0 ms]
   [Code Root Migration: 0.0 ms]
   [Clear CT: 0.2 ms]
   [Other: 249.5 ms]
      [Choose CSet: 0.0 ms]
      [Ref Proc: 248.6 ms]
      [Ref Enq: 0.3 ms]
      [Free CSet: 0.5 ms]
   [Eden: 185.0M(185.0M)->0.0B(186.0M) Survivors: 19.0M->18.0M Heap: 2147.5M(4096.0M)->1962.1M(4096.0M)]
 [Times: user=0.75 sys=0.00, real=0.26 secs] 
2016-01-06T01:00:02.427-0800: 238.548: [GC pause (young)
Desired survivor size 13631488 bytes, new threshold 1 (max 15)
- age   1:   17259832 bytes,   17259832 total
2016-01-06T01:00:02.653-0800: 238.774: [SoftReference, 0 refs, 0.0006480 secs]2016-01-06T01:00:02.654-0800: 238.775: [WeakReference, 0 refs, 0.0003680 secs]2016-01-06T01:00:02.654-0800: 238.775: [FinalReference, 0 refs, 0.0003570 secs]2016-01-06T01:00:02.654-0800: 238.775: [PhantomReference, 0 refs, 6277 refs, 0.0116320 secs]2016-01-06T01:00:02.666-0800: 238.787: [JNI Weak Reference, 0.0000150 secs], 0.2406070 secs]
   [Parallel Time: 5.6 ms, GC Workers: 4]
      [GC Worker Start (ms): Min: 238547.7, Avg: 238551.0, Max: 238553.1, Diff: 5.4]
      [Ext Root Scanning (ms): Min: 0.0, Avg: 0.3, Max: 1.3, Diff: 1.3, Sum: 1.4]
      [SATB Filtering (ms): Min: 0.0, Avg: 0.0, Max: 0.0, Diff: 0.0, Sum: 0.0]
      [Update RS (ms): Min: 0.0, Avg: 0.1, Max: 0.4, Diff: 0.4, Sum: 0.4]
         [Processed Buffers: Min: 0, Avg: 1.2, Max: 5, Diff: 5, Sum: 5]
      [Scan RS (ms): Min: 0.0, Avg: 0.1, Max: 0.3, Diff: 0.3, Sum: 0.4]
      [Code Root Scanning (ms): Min: 0.0, Avg: 0.0, Max: 0.0, Diff: 0.0, Sum: 0.0]
      [Object Copy (ms): Min: 0.0, Avg: 1.5, Max: 3.2, Diff: 3.2, Sum: 6.2]
      [Termination (ms): Min: 0.0, Avg: 0.1, Max: 0.2, Diff: 0.2, Sum: 0.3]
      [GC Worker Other (ms): Min: 0.0, Avg: 0.0, Max: 0.0, Diff: 0.0, Sum: 0.1]
      [GC Worker Total (ms): Min: 0.0, Avg: 2.2, Max: 5.5, Diff: 5.4, Sum: 8.8]
      [GC Worker End (ms): Min: 238553.1, Avg: 238553.2, Max: 238553.2, Diff: 0.0]
   [Code Root Fixup: 0.0 ms]
   [Code Root Migration: 0.0 ms]
   [Clear CT: 0.1 ms]
   [Other: 234.9 ms]
      [Choose CSet: 0.0 ms]
      [Ref Proc: 233.8 ms]
      [Ref Enq: 0.5 ms]
      [Free CSet: 0.5 ms]
   [Eden: 186.0M(186.0M)->0.0B(186.0M) Survivors: 18.0M->18.0M Heap: 2148.1M(4096.0M)->1962.1M(4096.0M)]
 [Times: user=0.62 sys=0.00, real=0.24 secs] 
2016-01-06T01:00:02.698-0800: 238.819: [GC pause (young)
Desired survivor size 13631488 bytes, new threshold 1 (max 15)
- age   1:   17262064 bytes,   17262064 total
2016-01-06T01:00:02.929-0800: 239.050: [SoftReference, 0 refs, 0.0066210 secs]2016-01-06T01:00:02.936-0800: 239.057: [WeakReference, 0 refs, 0.0004060 secs]2016-01-06T01:00:02.936-0800: 239.057: [FinalReference, 0 refs, 0.0004210 secs]2016-01-06T01:00:02.937-0800: 239.058: [PhantomReference, 0 refs, 6275 refs, 0.0013120 secs]2016-01-06T01:00:02.938-0800: 239.059: [JNI Weak Reference, 0.0000130 secs], 0.2407660 secs]
   [Parallel Time: 7.3 ms, GC Workers: 4]
      [GC Worker Start (ms): Min: 238820.0, Avg: 238822.8, Max: 238826.3, Diff: 6.4]
      [Ext Root Scanning (ms): Min: 0.0, Avg: 0.3, Max: 0.7, Diff: 0.7, Sum: 1.3]
      [SATB Filtering (ms): Min: 0.0, Avg: 0.0, Max: 0.0, Diff: 0.0, Sum: 0.0]
      [Update RS (ms): Min: 0.0, Avg: 0.1, Max: 0.2, Diff: 0.2, Sum: 0.4]
         [Processed Buffers: Min: 0, Avg: 1.0, Max: 3, Diff: 3, Sum: 4]
      [Scan RS (ms): Min: 0.0, Avg: 0.1, Max: 0.2, Diff: 0.1, Sum: 0.3]
      [Code Root Scanning (ms): Min: 0.0, Avg: 0.0, Max: 0.0, Diff: 0.0, Sum: 0.0]
      [Object Copy (ms): Min: 0.0, Avg: 1.8, Max: 3.6, Diff: 3.6, Sum: 7.1]
      [Termination (ms): Min: 0.0, Avg: 1.3, Max: 1.9, Diff: 1.9, Sum: 5.3]
      [GC Worker Other (ms): Min: 0.0, Avg: 0.0, Max: 0.0, Diff: 0.0, Sum: 0.0]
      [GC Worker Total (ms): Min: 0.0, Avg: 3.6, Max: 6.4, Diff: 6.4, Sum: 14.6]
      [GC Worker End (ms): Min: 238826.4, Avg: 238826.4, Max: 238826.4, Diff: 0.1]
   [Code Root Fixup: 0.0 ms]
   [Code Root Migration: 0.1 ms]
   [Clear CT: 0.1 ms]
   [Other: 233.3 ms]
      [Choose CSet: 0.0 ms]
      [Ref Proc: 232.4 ms]
      [Ref Enq: 0.4 ms]
      [Free CSet: 0.4 ms]
   [Eden: 186.0M(186.0M)->0.0B(186.0M) Survivors: 18.0M->18.0M Heap: 2148.1M(4096.0M)->1961.6M(4096.0M)]
 [Times: user=0.60 sys=0.01, real=0.24 secs] 
2016-01-06T01:00:02.975-0800: 239.096: [GC pause (young)
Desired survivor size 13631488 bytes, new threshold 1 (max 15)
- age   1:   17262064 bytes,   17262064 total
2016-01-06T01:00:03.206-0800: 239.327: [SoftReference, 0 refs, 0.0005610 secs]2016-01-06T01:00:03.207-0800: 239.328: [WeakReference, 0 refs, 0.0002850 secs]2016-01-06T01:00:03.207-0800: 239.328: [FinalReference, 0 refs, 0.0002840 secs]2016-01-06T01:00:03.207-0800: 239.328: [PhantomReference, 0 refs, 6276 refs, 0.0008000 secs]2016-01-06T01:00:03.208-0800: 239.329: [JNI Weak Reference, 0.0000140 secs], 0.2343450 secs]
   [Parallel Time: 6.4 ms, GC Workers: 4]
      [GC Worker Start (ms): Min: 239095.9, Avg: 239097.2, Max: 239099.4, Diff: 3.5]
      [Ext Root Scanning (ms): Min: 0.0, Avg: 0.3, Max: 0.7, Diff: 0.7, Sum: 1.3]
      [SATB Filtering (ms): Min: 0.0, Avg: 0.0, Max: 0.0, Diff: 0.0, Sum: 0.0]
      [Update RS (ms): Min: 0.0, Avg: 0.1, Max: 0.2, Diff: 0.2, Sum: 0.4]
         [Processed Buffers: Min: 0, Avg: 1.0, Max: 3, Diff: 3, Sum: 4]
      [Scan RS (ms): Min: 0.0, Avg: 0.1, Max: 0.2, Diff: 0.2, Sum: 0.3]
      [Code Root Scanning (ms): Min: 0.0, Avg: 0.0, Max: 0.0, Diff: 0.0, Sum: 0.0]
      [Object Copy (ms): Min: 2.4, Avg: 4.2, Max: 5.2, Diff: 2.8, Sum: 16.7]
      [Termination (ms): Min: 0.0, Avg: 0.2, Max: 0.3, Diff: 0.3, Sum: 0.7]
      [GC Worker Other (ms): Min: 0.0, Avg: 0.0, Max: 0.0, Diff: 0.0, Sum: 0.0]
      [GC Worker Total (ms): Min: 2.8, Avg: 4.9, Max: 6.2, Diff: 3.5, Sum: 19.5]
      [GC Worker End (ms): Min: 239102.1, Avg: 239102.1, Max: 239102.1, Diff: 0.0]
   [Code Root Fixup: 0.0 ms]
   [Code Root Migration: 0.0 ms]
   [Clear CT: 0.2 ms]
   [Other: 227.8 ms]
      [Choose CSet: 0.0 ms]
      [Ref Proc: 226.8 ms]
      [Ref Enq: 0.3 ms]
      [Free CSet: 0.5 ms]
   [Eden: 186.0M(186.0M)->0.0B(185.0M) Survivors: 18.0M->19.0M Heap: 2147.6M(4096.0M)->1963.2M(4096.0M)]
 [Times: user=0.66 sys=0.01, real=0.24 secs] 
2016-01-06T01:00:03.242-0800: 239.363: [GC pause (young)
Desired survivor size 13631488 bytes, new threshold 1 (max 15)
- age   1:   17262064 bytes,   17262064 total
2016-01-06T01:00:03.505-0800: 239.626: [SoftReference, 0 refs, 0.0004430 secs]2016-01-06T01:00:03.505-0800: 239.626: [WeakReference, 0 refs, 0.0002580 secs]2016-01-06T01:00:03.505-0800: 239.626: [FinalReference, 0 refs, 0.0002960 secs]2016-01-06T01:00:03.506-0800: 239.627: [PhantomReference, 0 refs, 6243 refs, 0.0005940 secs]2016-01-06T01:00:03.506-0800: 239.627: [JNI Weak Reference, 0.0000120 secs], 0.2652660 secs]
   [Parallel Time: 6.0 ms, GC Workers: 4]
      [GC Worker Start (ms): Min: 239363.0, Avg: 239364.0, Max: 239365.9, Diff: 2.9]
      [Ext Root Scanning (ms): Min: 0.0, Avg: 0.3, Max: 0.7, Diff: 0.7, Sum: 1.3]
      [SATB Filtering (ms): Min: 0.0, Avg: 0.0, Max: 0.0, Diff: 0.0, Sum: 0.0]
      [Update RS (ms): Min: 0.0, Avg: 0.1, Max: 0.2, Diff: 0.2, Sum: 0.4]
         [Processed Buffers: Min: 0, Avg: 1.8, Max: 6, Diff: 6, Sum: 7]
      [Scan RS (ms): Min: 0.0, Avg: 0.1, Max: 0.1, Diff: 0.1, Sum: 0.3]
      [Code Root Scanning (ms): Min: 0.0, Avg: 0.0, Max: 0.0, Diff: 0.0, Sum: 0.0]
      [Object Copy (ms): Min: 2.5, Avg: 4.1, Max: 4.9, Diff: 2.4, Sum: 16.4]
      [Termination (ms): Min: 0.0, Avg: 0.3, Max: 0.4, Diff: 0.4, Sum: 1.1]
      [GC Worker Other (ms): Min: 0.0, Avg: 0.0, Max: 0.0, Diff: 0.0, Sum: 0.1]
      [GC Worker Total (ms): Min: 3.0, Avg: 4.9, Max: 5.9, Diff: 2.9, Sum: 19.6]
      [GC Worker End (ms): Min: 239368.9, Avg: 239368.9, Max: 239368.9, Diff: 0.0]
   [Code Root Fixup: 0.0 ms]
   [Code Root Migration: 0.0 ms]
   [Clear CT: 0.1 ms]
   [Other: 259.2 ms]
      [Choose CSet: 0.0 ms]
      [Ref Proc: 258.3 ms]
      [Ref Enq: 0.5 ms]
      [Free CSet: 0.4 ms]
   [Eden: 185.0M(185.0M)->0.0B(185.0M) Survivors: 19.0M->19.0M Heap: 2148.2M(4096.0M)->1962.7M(4096.0M)]
 [Times: user=0.75 sys=0.00, real=0.27 secs] 
2016-01-06T01:00:03.534-0800: 239.655: [GC pause (young)
Desired survivor size 13631488 bytes, new threshold 1 (max 15)
- age   1:   17259832 bytes,   17259832 total
2016-01-06T01:00:03.723-0800: 239.844: [SoftReference, 0 refs, 0.0004690 secs]2016-01-06T01:00:03.723-0800: 239.844: [WeakReference, 0 refs, 0.0003040 secs]2016-01-06T01:00:03.723-0800: 239.844: [FinalReference, 0 refs, 0.0002350 secs]2016-01-06T01:00:03.724-0800: 239.845: [PhantomReference, 0 refs, 6245 refs, 0.0006090 secs]2016-01-06T01:00:03.724-0800: 239.845: [JNI Weak Reference, 0.0000090 secs], 0.1913860 secs]
   [Parallel Time: 3.1 ms, GC Workers: 4]
      [GC Worker Start (ms): Min: 239655.0, Avg: 239655.7, Max: 239657.9, Diff: 3.0]
      [Ext Root Scanning (ms): Min: 0.0, Avg: 0.3, Max: 0.5, Diff: 0.5, Sum: 1.3]
      [SATB Filtering (ms): Min: 0.0, Avg: 0.0, Max: 0.0, Diff: 0.0, Sum: 0.0]
      [Update RS (ms): Min: 0.0, Avg: 0.1, Max: 0.3, Diff: 0.3, Sum: 0.4]
         [Processed Buffers: Min: 0, Avg: 1.2, Max: 4, Diff: 4, Sum: 5]
      [Scan RS (ms): Min: 0.0, Avg: 0.1, Max: 0.1, Diff: 0.1, Sum: 0.3]
      [Code Root Scanning (ms): Min: 0.0, Avg: 0.0, Max: 0.0, Diff: 0.0, Sum: 0.0]
      [Object Copy (ms): Min: 0.0, Avg: 1.7, Max: 2.3, Diff: 2.3, Sum: 6.8]
      [Termination (ms): Min: 0.0, Avg: 0.1, Max: 0.1, Diff: 0.1, Sum: 0.3]
      [GC Worker Other (ms): Min: 0.0, Avg: 0.0, Max: 0.0, Diff: 0.0, Sum: 0.0]
      [GC Worker Total (ms): Min: 0.1, Avg: 2.3, Max: 3.0, Diff: 3.0, Sum: 9.1]
      [GC Worker End (ms): Min: 239658.0, Avg: 239658.0, Max: 239658.0, Diff: 0.0]
   [Code Root Fixup: 0.0 ms]
   [Code Root Migration: 0.0 ms]
   [Clear CT: 0.1 ms]
   [Other: 188.1 ms]
      [Choose CSet: 0.0 ms]
      [Ref Proc: 187.1 ms]
      [Ref Enq: 0.6 ms]
      [Free CSet: 0.4 ms]
   [Eden: 185.0M(185.0M)->0.0B(185.0M) Survivors: 19.0M->19.0M Heap: 2147.7M(4096.0M)->1962.8M(4096.0M)]
 [Times: user=0.74 sys=0.00, real=0.20 secs] 
2016-01-06T01:00:03.752-0800: 239.873: [GC pause (young)
Desired survivor size 13631488 bytes, new threshold 1 (max 15)
- age   1:   17259832 bytes,   17259832 total
2016-01-06T01:00:03.946-0800: 240.067: [SoftReference, 0 refs, 0.0004520 secs]2016-01-06T01:00:03.947-0800: 240.068: [WeakReference, 0 refs, 0.0002680 secs]2016-01-06T01:00:03.947-0800: 240.068: [FinalReference, 0 refs, 0.0002360 secs]2016-01-06T01:00:03.947-0800: 240.068: [PhantomReference, 0 refs, 6244 refs, 0.0005250 secs]2016-01-06T01:00:03.948-0800: 240.069: [JNI Weak Reference, 0.0000090 secs], 0.1974130 secs]
   [Parallel Time: 3.1 ms, GC Workers: 4]
      [GC Worker Start (ms): Min: 239872.7, Avg: 239872.7, Max: 239872.7, Diff: 0.1]
      [Ext Root Scanning (ms): Min: 0.3, Avg: 0.4, Max: 0.4, Diff: 0.1, Sum: 1.4]
      [SATB Filtering (ms): Min: 0.0, Avg: 0.0, Max: 0.0, Diff: 0.0, Sum: 0.0]
      [Update RS (ms): Min: 0.0, Avg: 0.1, Max: 0.3, Diff: 0.3, Sum: 0.4]
         [Processed Buffers: Min: 0, Avg: 1.2, Max: 2, Diff: 2, Sum: 5]
      [Scan RS (ms): Min: 0.0, Avg: 0.1, Max: 0.1, Diff: 0.1, Sum: 0.4]
      [Code Root Scanning (ms): Min: 0.0, Avg: 0.0, Max: 0.0, Diff: 0.0, Sum: 0.0]
      [Object Copy (ms): Min: 2.3, Avg: 2.3, Max: 2.4, Diff: 0.1, Sum: 9.4]
      [Termination (ms): Min: 0.0, Avg: 0.0, Max: 0.0, Diff: 0.0, Sum: 0.0]
      [GC Worker Other (ms): Min: 0.0, Avg: 0.0, Max: 0.1, Diff: 0.0, Sum: 0.1]
      [GC Worker Total (ms): Min: 2.9, Avg: 2.9, Max: 3.0, Diff: 0.1, Sum: 11.8]
      [GC Worker End (ms): Min: 239875.6, Avg: 239875.6, Max: 239875.7, Diff: 0.0]
   [Code Root Fixup: 0.0 ms]
   [Code Root Migration: 0.0 ms]
   [Clear CT: 0.1 ms]
   [Other: 194.1 ms]
      [Choose CSet: 0.0 ms]
      [Ref Proc: 193.1 ms]
      [Ref Enq: 0.6 ms]
      [Free CSet: 0.4 ms]
   [Eden: 185.0M(185.0M)->0.0B(186.0M) Survivors: 19.0M->18.0M Heap: 2147.8M(4096.0M)->1962.3M(4096.0M)]
 [Times: user=0.76 sys=0.00, real=0.20 secs] 
2016-01-06T01:00:03.976-0800: 240.097: [GC pause (young)
Desired survivor size 13631488 bytes, new threshold 1 (max 15)
- age   1:   16800184 bytes,   16800184 total
2016-01-06T01:00:04.188-0800: 240.309: [SoftReference, 0 refs, 0.0006100 secs]2016-01-06T01:00:04.188-0800: 240.309: [WeakReference, 0 refs, 0.0002490 secs]2016-01-06T01:00:04.188-0800: 240.309: [FinalReference, 0 refs, 0.0002670 secs]2016-01-06T01:00:04.189-0800: 240.310: [PhantomReference, 0 refs, 6276 refs, 0.0006210 secs]2016-01-06T01:00:04.189-0800: 240.310: [JNI Weak Reference, 0.0000090 secs], 0.2145900 secs]
   [Parallel Time: 3.0 ms, GC Workers: 4]
      [GC Worker Start (ms): Min: 240096.9, Avg: 240097.2, Max: 240097.9, Diff: 1.0]
      [Ext Root Scanning (ms): Min: 0.0, Avg: 0.3, Max: 0.5, Diff: 0.5, Sum: 1.2]
      [SATB Filtering (ms): Min: 0.0, Avg: 0.0, Max: 0.0, Diff: 0.0, Sum: 0.0]
      [Update RS (ms): Min: 0.0, Avg: 0.1, Max: 0.3, Diff: 0.3, Sum: 0.4]
         [Processed Buffers: Min: 0, Avg: 1.5, Max: 5, Diff: 5, Sum: 6]
      [Scan RS (ms): Min: 0.0, Avg: 0.1, Max: 0.1, Diff: 0.1, Sum: 0.3]
      [Code Root Scanning (ms): Min: 0.0, Avg: 0.0, Max: 0.0, Diff: 0.0, Sum: 0.0]
      [Object Copy (ms): Min: 1.9, Avg: 2.1, Max: 2.3, Diff: 0.3, Sum: 8.6]
      [Termination (ms): Min: 0.0, Avg: 0.0, Max: 0.0, Diff: 0.0, Sum: 0.0]
      [GC Worker Other (ms): Min: 0.0, Avg: 0.0, Max: 0.0, Diff: 0.0, Sum: 0.1]
      [GC Worker Total (ms): Min: 1.9, Avg: 2.6, Max: 2.9, Diff: 1.0, Sum: 10.6]
      [GC Worker End (ms): Min: 240099.8, Avg: 240099.8, Max: 240099.8, Diff: 0.0]
   [Code Root Fixup: 0.0 ms]
   [Code Root Migration: 0.0 ms]
   [Clear CT: 0.1 ms]
   [Other: 211.4 ms]
      [Choose CSet: 0.0 ms]
      [Ref Proc: 210.4 ms]
      [Ref Enq: 0.6 ms]
      [Free CSet: 0.3 ms]
   [Eden: 186.0M(186.0M)->0.0B(185.0M) Survivors: 18.0M->19.0M Heap: 2148.3M(4096.0M)->1962.9M(4096.0M)]
 [Times: user=0.71 sys=0.00, real=0.22 secs] 
2016-01-06T01:00:04.218-0800: 240.339: [GC pause (young)
Desired survivor size 13631488 bytes, new threshold 1 (max 15)
- age   1:   17262064 bytes,   17262064 total
2016-01-06T01:00:04.419-0800: 240.540: [SoftReference, 0 refs, 0.0005190 secs]2016-01-06T01:00:04.419-0800: 240.540: [WeakReference, 0 refs, 0.0002620 secs]2016-01-06T01:00:04.419-0800: 240.540: [FinalReference, 0 refs, 0.0002240 secs]2016-01-06T01:00:04.420-0800: 240.541: [PhantomReference, 0 refs, 6243 refs, 0.0006330 secs]2016-01-06T01:00:04.420-0800: 240.541: [JNI Weak Reference, 0.0000090 secs], 0.2034680 secs]
   [Parallel Time: 6.9 ms, GC Workers: 4]
      [GC Worker Start (ms): Min: 240339.1, Avg: 240339.8, Max: 240341.9, Diff: 2.8]
      [Ext Root Scanning (ms): Min: 0.0, Avg: 0.4, Max: 0.5, Diff: 0.5, Sum: 1.4]
      [SATB Filtering (ms): Min: 0.0, Avg: 0.0, Max: 0.0, Diff: 0.0, Sum: 0.0]
      [Update RS (ms): Min: 0.0, Avg: 0.1, Max: 0.3, Diff: 0.3, Sum: 0.4]
         [Processed Buffers: Min: 0, Avg: 1.5, Max: 3, Diff: 3, Sum: 6]
      [Scan RS (ms): Min: 0.0, Avg: 0.1, Max: 0.2, Diff: 0.2, Sum: 0.5]
      [Code Root Scanning (ms): Min: 0.0, Avg: 0.0, Max: 0.0, Diff: 0.0, Sum: 0.0]
      [Object Copy (ms): Min: 0.4, Avg: 2.1, Max: 2.8, Diff: 2.4, Sum: 8.5]
      [Termination (ms): Min: 0.0, Avg: 0.1, Max: 0.2, Diff: 0.2, Sum: 0.5]
      [GC Worker Other (ms): Min: 0.0, Avg: 0.0, Max: 0.0, Diff: 0.0, Sum: 0.0]
      [GC Worker Total (ms): Min: 0.7, Avg: 2.9, Max: 3.6, Diff: 2.8, Sum: 11.4]
      [GC Worker End (ms): Min: 240342.6, Avg: 240342.7, Max: 240342.7, Diff: 0.0]
   [Code Root Fixup: 0.0 ms]
   [Code Root Migration: 0.0 ms]
   [Clear CT: 0.2 ms]
   [Other: 196.4 ms]
      [Choose CSet: 0.0 ms]
      [Ref Proc: 195.3 ms]
      [Ref Enq: 0.6 ms]
      [Free CSet: 0.4 ms]
   [Eden: 185.0M(185.0M)->0.0B(185.0M) Survivors: 19.0M->19.0M Heap: 2147.9M(4096.0M)->1962.9M(4096.0M)]
 [Times: user=0.68 sys=0.00, real=0.20 secs] 
2016-01-06T01:00:04.449-0800: 240.570: [GC pause (young)
Desired survivor size 13631488 bytes, new threshold 1 (max 15)
- age   1:   17259832 bytes,   17259832 total
2016-01-06T01:00:04.662-0800: 240.783: [SoftReference, 0 refs, 0.0005430 secs]2016-01-06T01:00:04.663-0800: 240.784: [WeakReference, 0 refs, 0.0002560 secs]2016-01-06T01:00:04.663-0800: 240.784: [FinalReference, 0 refs, 0.0003580 secs]2016-01-06T01:00:04.663-0800: 240.784: [PhantomReference, 0 refs, 6242 refs, 0.0007470 secs]2016-01-06T01:00:04.664-0800: 240.785: [JNI Weak Reference, 0.0000090 secs], 0.2164810 secs]
   [Parallel Time: 3.1 ms, GC Workers: 4]
      [GC Worker Start (ms): Min: 240569.8, Avg: 240569.9, Max: 240569.9, Diff: 0.1]
      [Ext Root Scanning (ms): Min: 0.3, Avg: 0.4, Max: 0.4, Diff: 0.1, Sum: 1.4]
      [SATB Filtering (ms): Min: 0.0, Avg: 0.0, Max: 0.0, Diff: 0.0, Sum: 0.0]
      [Update RS (ms): Min: 0.0, Avg: 0.1, Max: 0.3, Diff: 0.2, Sum: 0.4]
         [Processed Buffers: Min: 0, Avg: 1.2, Max: 2, Diff: 2, Sum: 5]
      [Scan RS (ms): Min: 0.0, Avg: 0.1, Max: 0.1, Diff: 0.1, Sum: 0.3]
      [Code Root Scanning (ms): Min: 0.0, Avg: 0.0, Max: 0.0, Diff: 0.0, Sum: 0.0]
      [Object Copy (ms): Min: 2.3, Avg: 2.4, Max: 2.4, Diff: 0.1, Sum: 9.4]
      [Termination (ms): Min: 0.0, Avg: 0.0, Max: 0.0, Diff: 0.0, Sum: 0.0]
      [GC Worker Other (ms): Min: 0.0, Avg: 0.0, Max: 0.1, Diff: 0.0, Sum: 0.1]
      [GC Worker Total (ms): Min: 2.9, Avg: 2.9, Max: 3.0, Diff: 0.1, Sum: 11.8]
      [GC Worker End (ms): Min: 240572.8, Avg: 240572.8, Max: 240572.8, Diff: 0.0]
   [Code Root Fixup: 0.0 ms]
   [Code Root Migration: 0.0 ms]
   [Clear CT: 0.1 ms]
   [Other: 213.2 ms]
      [Choose CSet: 0.0 ms]
      [Ref Proc: 212.1 ms]
      [Ref Enq: 0.6 ms]
      [Free CSet: 0.4 ms]
   [Eden: 185.0M(185.0M)->0.0B(186.0M) Survivors: 19.0M->18.0M Heap: 2147.9M(4096.0M)->1962.5M(4096.0M)]
 [Times: user=0.82 sys=0.00, real=0.22 secs] 
2016-01-06T01:00:04.692-0800: 240.813: [GC pause (young)
Desired survivor size 13631488 bytes, new threshold 1 (max 15)
- age   1:   17259832 bytes,   17259832 total
2016-01-06T01:00:04.883-0800: 241.004: [SoftReference, 0 refs, 0.0006950 secs]2016-01-06T01:00:04.884-0800: 241.004: [WeakReference, 0 refs, 0.0002410 secs]2016-01-06T01:00:04.884-0800: 241.005: [FinalReference, 0 refs, 0.0003760 secs]2016-01-06T01:00:04.884-0800: 241.005: [PhantomReference, 0 refs, 6272 refs, 0.0005530 secs]2016-01-06T01:00:04.885-0800: 241.006: [JNI Weak Reference, 0.0000090 secs], 0.1938760 secs]
   [Parallel Time: 3.2 ms, GC Workers: 4]
      [GC Worker Start (ms): Min: 240813.0, Avg: 240813.3, Max: 240813.9, Diff: 0.9]
      [Ext Root Scanning (ms): Min: 0.0, Avg: 0.3, Max: 0.4, Diff: 0.4, Sum: 1.3]
      [SATB Filtering (ms): Min: 0.0, Avg: 0.0, Max: 0.0, Diff: 0.0, Sum: 0.0]
      [Update RS (ms): Min: 0.0, Avg: 0.1, Max: 0.2, Diff: 0.2, Sum: 0.3]
         [Processed Buffers: Min: 0, Avg: 1.8, Max: 3, Diff: 3, Sum: 7]
      [Scan RS (ms): Min: 0.0, Avg: 0.1, Max: 0.1, Diff: 0.1, Sum: 0.3]
      [Code Root Scanning (ms): Min: 0.0, Avg: 0.0, Max: 0.0, Diff: 0.0, Sum: 0.0]
      [Object Copy (ms): Min: 2.2, Avg: 2.4, Max: 2.4, Diff: 0.2, Sum: 9.5]
      [Termination (ms): Min: 0.0, Avg: 0.0, Max: 0.0, Diff: 0.0, Sum: 0.0]
      [GC Worker Other (ms): Min: 0.0, Avg: 0.0, Max: 0.0, Diff: 0.0, Sum: 0.1]
      [GC Worker Total (ms): Min: 2.3, Avg: 2.9, Max: 3.1, Diff: 0.9, Sum: 11.6]
      [GC Worker End (ms): Min: 240816.2, Avg: 240816.2, Max: 240816.2, Diff: 0.0]
   [Code Root Fixup: 0.0 ms]
   [Code Root Migration: 0.0 ms]
   [Clear CT: 0.1 ms]
   [Other: 190.5 ms]
      [Choose CSet: 0.0 ms]
      [Ref Proc: 189.5 ms]
      [Ref Enq: 0.5 ms]
      [Free CSet: 0.4 ms]
   [Eden: 186.0M(186.0M)->0.0B(185.0M) Survivors: 18.0M->19.0M Heap: 2148.5M(4096.0M)->1963.0M(4096.0M)]
 [Times: user=0.74 sys=0.00, real=0.20 secs] 
2016-01-06T01:00:04.913-0800: 241.034: [GC pause (young)
Desired survivor size 13631488 bytes, new threshold 1 (max 15)
- age   1:   17262064 bytes,   17262064 total
2016-01-06T01:00:05.103-0800: 241.224: [SoftReference, 0 refs, 0.0004830 secs]2016-01-06T01:00:05.104-0800: 241.225: [WeakReference, 0 refs, 0.0002630 secs]2016-01-06T01:00:05.104-0800: 241.225: [FinalReference, 0 refs, 0.0002520 secs]2016-01-06T01:00:05.104-0800: 241.225: [PhantomReference, 0 refs, 6242 refs, 0.0006170 secs]2016-01-06T01:00:05.105-0800: 241.226: [JNI Weak Reference, 0.0000090 secs], 0.1931340 secs]
   [Parallel Time: 3.0 ms, GC Workers: 4]
      [GC Worker Start (ms): Min: 241033.8, Avg: 241033.8, Max: 241033.9, Diff: 0.1]
      [Ext Root Scanning (ms): Min: 0.3, Avg: 0.4, Max: 0.4, Diff: 0.1, Sum: 1.4]
      [SATB Filtering (ms): Min: 0.0, Avg: 0.0, Max: 0.0, Diff: 0.0, Sum: 0.0]
      [Update RS (ms): Min: 0.0, Avg: 0.1, Max: 0.3, Diff: 0.2, Sum: 0.4]
         [Processed Buffers: Min: 0, Avg: 1.2, Max: 3, Diff: 3, Sum: 5]
      [Scan RS (ms): Min: 0.0, Avg: 0.1, Max: 0.1, Diff: 0.1, Sum: 0.3]
      [Code Root Scanning (ms): Min: 0.0, Avg: 0.0, Max: 0.0, Diff: 0.0, Sum: 0.0]
      [Object Copy (ms): Min: 2.3, Avg: 2.3, Max: 2.4, Diff: 0.1, Sum: 9.4]
      [Termination (ms): Min: 0.0, Avg: 0.0, Max: 0.0, Diff: 0.0, Sum: 0.0]
      [GC Worker Other (ms): Min: 0.0, Avg: 0.0, Max: 0.0, Diff: 0.0, Sum: 0.1]
      [GC Worker Total (ms): Min: 2.9, Avg: 2.9, Max: 3.0, Diff: 0.1, Sum: 11.7]
      [GC Worker End (ms): Min: 241036.7, Avg: 241036.7, Max: 241036.7, Diff: 0.0]
   [Code Root Fixup: 0.0 ms]
   [Code Root Migration: 0.0 ms]
   [Clear CT: 0.1 ms]
   [Other: 189.9 ms]
      [Choose CSet: 0.0 ms]
      [Ref Proc: 188.9 ms]
      [Ref Enq: 0.6 ms]
      [Free CSet: 0.3 ms]
   [Eden: 185.0M(185.0M)->0.0B(185.0M) Survivors: 19.0M->19.0M Heap: 2148.0M(4096.0M)->1963.0M(4096.0M)]
 [Times: user=0.68 sys=0.00, real=0.20 secs] 
2016-01-06T01:00:05.133-0800: 241.254: [GC pause (young)
Desired survivor size 13631488 bytes, new threshold 1 (max 15)
- age   1:   17259832 bytes,   17259832 total
2016-01-06T01:00:05.328-0800: 241.449: [SoftReference, 0 refs, 0.0006080 secs]2016-01-06T01:00:05.329-0800: 241.450: [WeakReference, 0 refs, 0.0002320 secs]2016-01-06T01:00:05.329-0800: 241.450: [FinalReference, 0 refs, 0.0003210 secs]2016-01-06T01:00:05.329-0800: 241.450: [PhantomReference, 0 refs, 6243 refs, 0.0005760 secs]2016-01-06T01:00:05.330-0800: 241.451: [JNI Weak Reference, 0.0000080 secs], 0.1983590 secs]
   [Parallel Time: 3.4 ms, GC Workers: 4]
      [GC Worker Start (ms): Min: 241253.7, Avg: 241254.6, Max: 241257.0, Diff: 3.2]
      [Ext Root Scanning (ms): Min: 0.0, Avg: 0.3, Max: 0.5, Diff: 0.5, Sum: 1.3]
      [SATB Filtering (ms): Min: 0.0, Avg: 0.0, Max: 0.0, Diff: 0.0, Sum: 0.0]
      [Update RS (ms): Min: 0.0, Avg: 0.1, Max: 0.2, Diff: 0.2, Sum: 0.3]
         [Processed Buffers: Min: 0, Avg: 1.5, Max: 3, Diff: 3, Sum: 6]
      [Scan RS (ms): Min: 0.0, Avg: 0.1, Max: 0.1, Diff: 0.1, Sum: 0.3]
      [Code Root Scanning (ms): Min: 0.0, Avg: 0.0, Max: 0.0, Diff: 0.0, Sum: 0.0]
      [Object Copy (ms): Min: 0.0, Avg: 1.7, Max: 2.3, Diff: 2.3, Sum: 6.7]
      [Termination (ms): Min: 0.0, Avg: 0.3, Max: 0.4, Diff: 0.4, Sum: 1.1]
      [GC Worker Other (ms): Min: 0.0, Avg: 0.0, Max: 0.0, Diff: 0.0, Sum: 0.0]
      [GC Worker Total (ms): Min: 0.1, Avg: 2.5, Max: 3.3, Diff: 3.2, Sum: 9.9]
      [GC Worker End (ms): Min: 241257.0, Avg: 241257.0, Max: 241257.0, Diff: 0.0]
   [Code Root Fixup: 0.0 ms]
   [Code Root Migration: 0.0 ms]
   [Clear CT: 0.1 ms]
   [Other: 194.8 ms]
      [Choose CSet: 0.0 ms]
      [Ref Proc: 193.8 ms]
      [Ref Enq: 0.5 ms]
      [Free CSet: 0.4 ms]
   [Eden: 185.0M(185.0M)->0.0B(186.0M) Survivors: 19.0M->18.0M Heap: 2148.0M(4096.0M)->1962.6M(4096.0M)]
 [Times: user=0.77 sys=0.00, real=0.20 secs] 
2016-01-06T01:00:05.358-0800: 241.479: [GC pause (young)
Desired survivor size 13631488 bytes, new threshold 1 (max 15)
- age   1:   17259832 bytes,   17259832 total
2016-01-06T01:00:05.549-0800: 241.670: [SoftReference, 0 refs, 0.0004800 secs]2016-01-06T01:00:05.549-0800: 241.670: [WeakReference, 0 refs, 0.0002330 secs]2016-01-06T01:00:05.550-0800: 241.671: [FinalReference, 0 refs, 0.0002560 secs]2016-01-06T01:00:05.550-0800: 241.671: [PhantomReference, 0 refs, 6276 refs, 0.0005410 secs]2016-01-06T01:00:05.550-0800: 241.671: [JNI Weak Reference, 0.0000120 secs], 0.1934900 secs]
   [Parallel Time: 3.1 ms, GC Workers: 4]
      [GC Worker Start (ms): Min: 241479.1, Avg: 241479.9, Max: 241482.1, Diff: 2.9]
      [Ext Root Scanning (ms): Min: 0.0, Avg: 0.3, Max: 0.5, Diff: 0.5, Sum: 1.3]
      [SATB Filtering (ms): Min: 0.0, Avg: 0.0, Max: 0.0, Diff: 0.0, Sum: 0.0]
      [Update RS (ms): Min: 0.0, Avg: 0.1, Max: 0.2, Diff: 0.2, Sum: 0.3]
         [Processed Buffers: Min: 0, Avg: 1.2, Max: 2, Diff: 2, Sum: 5]
      [Scan RS (ms): Min: 0.0, Avg: 0.1, Max: 0.1, Diff: 0.1, Sum: 0.3]
      [Code Root Scanning (ms): Min: 0.0, Avg: 0.0, Max: 0.0, Diff: 0.0, Sum: 0.0]
      [Object Copy (ms): Min: 0.0, Avg: 1.7, Max: 2.3, Diff: 2.3, Sum: 6.9]
      [Termination (ms): Min: 0.0, Avg: 0.1, Max: 0.1, Diff: 0.1, Sum: 0.2]
      [GC Worker Other (ms): Min: 0.0, Avg: 0.0, Max: 0.0, Diff: 0.0, Sum: 0.0]
      [GC Worker Total (ms): Min: 0.1, Avg: 2.3, Max: 3.0, Diff: 3.0, Sum: 9.1]
      [GC Worker End (ms): Min: 241482.1, Avg: 241482.1, Max: 241482.2, Diff: 0.0]
   [Code Root Fixup: 0.0 ms]
   [Code Root Migration: 0.0 ms]
   [Clear CT: 0.1 ms]
   [Other: 190.2 ms]
      [Choose CSet: 0.0 ms]
      [Ref Proc: 189.2 ms]
      [Ref Enq: 0.6 ms]
      [Free CSet: 0.4 ms]
   [Eden: 186.0M(186.0M)->0.0B(185.0M) Survivors: 18.0M->19.0M Heap: 2148.6M(4096.0M)->1963.1M(4096.0M)]
 [Times: user=0.72 sys=0.00, real=0.19 secs] 
2016-01-06T01:00:05.578-0800: 241.699: [GC pause (young)
Desired survivor size 13631488 bytes, new threshold 1 (max 15)
- age   1:   17262064 bytes,   17262064 total
2016-01-06T01:00:05.773-0800: 241.894: [SoftReference, 0 refs, 0.0005710 secs]2016-01-06T01:00:05.773-0800: 241.894: [WeakReference, 0 refs, 0.0002540 secs]2016-01-06T01:00:05.774-0800: 241.894: [FinalReference, 0 refs, 0.0002540 secs]2016-01-06T01:00:05.774-0800: 241.895: [PhantomReference, 0 refs, 6242 refs, 0.0005930 secs]2016-01-06T01:00:05.774-0800: 241.895: [JNI Weak Reference, 0.0000080 secs], 0.1976320 secs]
   [Parallel Time: 2.6 ms, GC Workers: 4]
      [GC Worker Start (ms): Min: 241698.9, Avg: 241698.9, Max: 241698.9, Diff: 0.1]
      [Ext Root Scanning (ms): Min: 0.3, Avg: 0.3, Max: 0.4, Diff: 0.1, Sum: 1.4]
      [SATB Filtering (ms): Min: 0.0, Avg: 0.0, Max: 0.0, Diff: 0.0, Sum: 0.0]
      [Update RS (ms): Min: 0.0, Avg: 0.1, Max: 0.2, Diff: 0.2, Sum: 0.4]
         [Processed Buffers: Min: 0, Avg: 1.2, Max: 3, Diff: 3, Sum: 5]
      [Scan RS (ms): Min: 0.0, Avg: 0.1, Max: 0.1, Diff: 0.1, Sum: 0.3]
      [Code Root Scanning (ms): Min: 0.0, Avg: 0.0, Max: 0.0, Diff: 0.0, Sum: 0.0]
      [Object Copy (ms): Min: 1.9, Avg: 1.9, Max: 1.9, Diff: 0.0, Sum: 7.6]
      [Termination (ms): Min: 0.0, Avg: 0.0, Max: 0.0, Diff: 0.0, Sum: 0.0]
      [GC Worker Other (ms): Min: 0.0, Avg: 0.0, Max: 0.1, Diff: 0.0, Sum: 0.1]
      [GC Worker Total (ms): Min: 2.4, Avg: 2.5, Max: 2.5, Diff: 0.1, Sum: 9.9]
      [GC Worker End (ms): Min: 241701.3, Avg: 241701.4, Max: 241701.4, Diff: 0.0]
   [Code Root Fixup: 0.0 ms]
   [Code Root Migration: 0.0 ms]
   [Clear CT: 0.1 ms]
   [Other: 194.9 ms]
      [Choose CSet: 0.0 ms]
      [Ref Proc: 193.9 ms]
      [Ref Enq: 0.5 ms]
      [Free CSet: 0.4 ms]
   [Eden: 185.0M(185.0M)->0.0B(190.0M) Survivors: 19.0M->14.0M Heap: 2148.1M(4096.0M)->1958.7M(4096.0M)]
 [Times: user=0.76 sys=0.00, real=0.19 secs] 
2016-01-06T01:00:05.802-0800: 241.923: [GC pause (young)
Desired survivor size 13631488 bytes, new threshold 15 (max 15)
- age   1:   13287160 bytes,   13287160 total
2016-01-06T01:00:05.997-0800: 242.118: [SoftReference, 0 refs, 0.0004030 secs]2016-01-06T01:00:05.998-0800: 242.119: [WeakReference, 0 refs, 0.0003670 secs]2016-01-06T01:00:05.998-0800: 242.119: [FinalReference, 0 refs, 0.0002250 secs]2016-01-06T01:00:05.998-0800: 242.119: [PhantomReference, 0 refs, 6397 refs, 0.0005390 secs]2016-01-06T01:00:05.999-0800: 242.120: [JNI Weak Reference, 0.0000090 secs], 0.1974800 secs]
   [Parallel Time: 3.1 ms, GC Workers: 4]
      [GC Worker Start (ms): Min: 241923.5, Avg: 241923.5, Max: 241923.5, Diff: 0.1]
      [Ext Root Scanning (ms): Min: 0.3, Avg: 0.4, Max: 0.4, Diff: 0.1, Sum: 1.4]
      [SATB Filtering (ms): Min: 0.0, Avg: 0.0, Max: 0.0, Diff: 0.0, Sum: 0.0]
      [Update RS (ms): Min: 0.0, Avg: 0.1, Max: 0.3, Diff: 0.2, Sum: 0.4]
         [Processed Buffers: Min: 1, Avg: 1.8, Max: 3, Diff: 2, Sum: 7]
      [Scan RS (ms): Min: 0.0, Avg: 0.1, Max: 0.1, Diff: 0.1, Sum: 0.3]
      [Code Root Scanning (ms): Min: 0.0, Avg: 0.0, Max: 0.0, Diff: 0.0, Sum: 0.0]
      [Object Copy (ms): Min: 2.3, Avg: 2.4, Max: 2.4, Diff: 0.1, Sum: 9.5]
      [Termination (ms): Min: 0.0, Avg: 0.0, Max: 0.0, Diff: 0.0, Sum: 0.0]
      [GC Worker Other (ms): Min: 0.0, Avg: 0.0, Max: 0.0, Diff: 0.0, Sum: 0.1]
      [GC Worker Total (ms): Min: 2.9, Avg: 3.0, Max: 3.0, Diff: 0.0, Sum: 11.8]
      [GC Worker End (ms): Min: 241926.4, Avg: 241926.5, Max: 241926.5, Diff: 0.0]
   [Code Root Fixup: 0.0 ms]
   [Code Root Migration: 0.0 ms]
   [Clear CT: 0.1 ms]
   [Other: 194.2 ms]
      [Choose CSet: 0.0 ms]
      [Ref Proc: 193.2 ms]
      [Ref Enq: 0.6 ms]
      [Free CSet: 0.3 ms]
   [Eden: 190.0M(190.0M)->0.0B(185.0M) Survivors: 14.0M->19.0M Heap: 2148.7M(4096.0M)->1963.7M(4096.0M)]
 [Times: user=0.75 sys=0.00, real=0.20 secs] 
2016-01-06T01:00:06.026-0800: 242.147: [GC pause (young)
Desired survivor size 13631488 bytes, new threshold 1 (max 15)
- age   1:   17270992 bytes,   17270992 total
- age   2:      36864 bytes,   17307856 total
2016-01-06T01:00:06.221-0800: 242.342: [SoftReference, 0 refs, 0.0006060 secs]2016-01-06T01:00:06.222-0800: 242.343: [WeakReference, 0 refs, 0.0002030 secs]2016-01-06T01:00:06.222-0800: 242.343: [FinalReference, 0 refs, 0.0002460 secs]2016-01-06T01:00:06.222-0800: 242.343: [PhantomReference, 0 refs, 6245 refs, 0.0005540 secs]2016-01-06T01:00:06.223-0800: 242.344: [JNI Weak Reference, 0.0000080 secs], 0.1974130 secs]
   [Parallel Time: 2.9 ms, GC Workers: 4]
      [GC Worker Start (ms): Min: 242147.2, Avg: 242147.3, Max: 242147.3, Diff: 0.1]
      [Ext Root Scanning (ms): Min: 0.3, Avg: 0.4, Max: 0.4, Diff: 0.1, Sum: 1.4]
      [SATB Filtering (ms): Min: 0.0, Avg: 0.0, Max: 0.0, Diff: 0.0, Sum: 0.0]
      [Update RS (ms): Min: 0.0, Avg: 0.1, Max: 0.3, Diff: 0.3, Sum: 0.3]
         [Processed Buffers: Min: 0, Avg: 1.5, Max: 3, Diff: 3, Sum: 6]
      [Scan RS (ms): Min: 0.0, Avg: 0.1, Max: 0.1, Diff: 0.1, Sum: 0.3]
      [Code Root Scanning (ms): Min: 0.0, Avg: 0.0, Max: 0.0, Diff: 0.0, Sum: 0.0]
      [Object Copy (ms): Min: 2.2, Avg: 2.3, Max: 2.3, Diff: 0.1, Sum: 9.2]
      [Termination (ms): Min: 0.0, Avg: 0.0, Max: 0.0, Diff: 0.0, Sum: 0.0]
      [GC Worker Other (ms): Min: 0.0, Avg: 0.0, Max: 0.0, Diff: 0.0, Sum: 0.1]
      [GC Worker Total (ms): Min: 2.8, Avg: 2.8, Max: 2.9, Diff: 0.1, Sum: 11.4]
      [GC Worker End (ms): Min: 242150.1, Avg: 242150.1, Max: 242150.1, Diff: 0.0]
   [Code Root Fixup: 0.0 ms]
   [Code Root Migration: 0.0 ms]
   [Clear CT: 0.1 ms]
   [Other: 194.4 ms]
      [Choose CSet: 0.0 ms]
      [Ref Proc: 193.4 ms]
      [Ref Enq: 0.5 ms]
      [Free CSet: 0.3 ms]
   [Eden: 185.0M(185.0M)->0.0B(185.0M) Survivors: 19.0M->19.0M Heap: 2148.7M(4096.0M)->1963.2M(4096.0M)]
 [Times: user=0.68 sys=0.00, real=0.19 secs] 
2016-01-06T01:00:06.253-0800: 242.374: [GC pause (young)
Desired survivor size 13631488 bytes, new threshold 1 (max 15)
- age   1:   17259832 bytes,   17259832 total
2016-01-06T01:00:06.453-0800: 242.574: [SoftReference, 0 refs, 0.0004790 secs]2016-01-06T01:00:06.453-0800: 242.574: [WeakReference, 0 refs, 0.0003270 secs]2016-01-06T01:00:06.454-0800: 242.574: [FinalReference, 0 refs, 0.0002130 secs]2016-01-06T01:00:06.454-0800: 242.575: [PhantomReference, 0 refs, 6244 refs, 0.0005480 secs]2016-01-06T01:00:06.454-0800: 242.575: [JNI Weak Reference, 0.0000080 secs], 0.2023120 secs]
   [Parallel Time: 3.1 ms, GC Workers: 4]
      [GC Worker Start (ms): Min: 242374.2, Avg: 242374.2, Max: 242374.2, Diff: 0.1]
      [Ext Root Scanning (ms): Min: 0.3, Avg: 0.4, Max: 0.4, Diff: 0.1, Sum: 1.4]
      [SATB Filtering (ms): Min: 0.0, Avg: 0.0, Max: 0.0, Diff: 0.0, Sum: 0.0]
      [Update RS (ms): Min: 0.0, Avg: 0.1, Max: 0.3, Diff: 0.3, Sum: 0.4]
         [Processed Buffers: Min: 0, Avg: 1.5, Max: 4, Diff: 4, Sum: 6]
      [Scan RS (ms): Min: 0.0, Avg: 0.1, Max: 0.1, Diff: 0.1, Sum: 0.3]
      [Code Root Scanning (ms): Min: 0.0, Avg: 0.0, Max: 0.0, Diff: 0.0, Sum: 0.0]
      [Object Copy (ms): Min: 2.4, Avg: 2.5, Max: 2.5, Diff: 0.1, Sum: 9.9]
      [Termination (ms): Min: 0.0, Avg: 0.0, Max: 0.0, Diff: 0.0, Sum: 0.0]
      [GC Worker Other (ms): Min: 0.0, Avg: 0.0, Max: 0.0, Diff: 0.0, Sum: 0.1]
      [GC Worker Total (ms): Min: 3.0, Avg: 3.0, Max: 3.1, Diff: 0.1, Sum: 12.2]
      [GC Worker End (ms): Min: 242377.2, Avg: 242377.2, Max: 242377.2, Diff: 0.0]
   [Code Root Fixup: 0.0 ms]
   [Code Root Migration: 0.0 ms]
   [Clear CT: 0.1 ms]
   [Other: 199.0 ms]
      [Choose CSet: 0.0 ms]
      [Ref Proc: 198.0 ms]
      [Ref Enq: 0.6 ms]
      [Free CSet: 0.4 ms]
   [Eden: 185.0M(185.0M)->0.0B(185.0M) Survivors: 19.0M->19.0M Heap: 2148.2M(4096.0M)->1963.3M(4096.0M)]
 [Times: user=0.71 sys=0.00, real=0.20 secs] 
2016-01-06T01:00:06.482-0800: 242.603: [GC pause (young)
Desired survivor size 13631488 bytes, new threshold 1 (max 15)
- age   1:   17259832 bytes,   17259832 total
2016-01-06T01:00:06.671-0800: 242.792: [SoftReference, 0 refs, 0.0004770 secs]2016-01-06T01:00:06.671-0800: 242.792: [WeakReference, 0 refs, 0.0003360 secs]2016-01-06T01:00:06.672-0800: 242.792: [FinalReference, 0 refs, 0.0002080 secs]2016-01-06T01:00:06.672-0800: 242.793: [PhantomReference, 0 refs, 6244 refs, 0.0006720 secs]2016-01-06T01:00:06.672-0800: 242.793: [JNI Weak Reference, 0.0000090 secs], 0.1918520 secs]
   [Parallel Time: 3.0 ms, GC Workers: 4]
      [GC Worker Start (ms): Min: 242602.7, Avg: 242602.8, Max: 242602.8, Diff: 0.1]
      [Ext Root Scanning (ms): Min: 0.3, Avg: 0.4, Max: 0.4, Diff: 0.0, Sum: 1.4]
      [SATB Filtering (ms): Min: 0.0, Avg: 0.0, Max: 0.0, Diff: 0.0, Sum: 0.0]
      [Update RS (ms): Min: 0.0, Avg: 0.1, Max: 0.3, Diff: 0.3, Sum: 0.4]
         [Processed Buffers: Min: 1, Avg: 1.5, Max: 3, Diff: 2, Sum: 6]
      [Scan RS (ms): Min: 0.0, Avg: 0.1, Max: 0.1, Diff: 0.1, Sum: 0.3]
      [Code Root Scanning (ms): Min: 0.0, Avg: 0.0, Max: 0.0, Diff: 0.0, Sum: 0.0]
      [Object Copy (ms): Min: 2.2, Avg: 2.3, Max: 2.3, Diff: 0.1, Sum: 9.2]
      [Termination (ms): Min: 0.0, Avg: 0.0, Max: 0.0, Diff: 0.0, Sum: 0.0]
      [GC Worker Other (ms): Min: 0.0, Avg: 0.0, Max: 0.0, Diff: 0.0, Sum: 0.1]
      [GC Worker Total (ms): Min: 2.8, Avg: 2.9, Max: 2.9, Diff: 0.1, Sum: 11.5]
      [GC Worker End (ms): Min: 242605.6, Avg: 242605.6, Max: 242605.6, Diff: 0.0]
   [Code Root Fixup: 0.0 ms]
   [Code Root Migration: 0.0 ms]
   [Clear CT: 0.2 ms]
   [Other: 188.7 ms]
      [Choose CSet: 0.0 ms]
      [Ref Proc: 187.7 ms]
      [Ref Enq: 0.6 ms]
      [Free CSet: 0.4 ms]
   [Eden: 185.0M(185.0M)->0.0B(359.0M) Survivors: 19.0M->19.0M Heap: 2148.3M(4096.0M)->1963.3M(4096.0M)]
 [Times: user=0.69 sys=0.01, real=0.19 secs] 
2016-01-06T01:00:06.725-0800: 242.846: [GC pause (young)
Desired survivor size 25165824 bytes, new threshold 15 (max 15)
- age   1:   17259832 bytes,   17259832 total
2016-01-06T01:00:06.918-0800: 243.039: [SoftReference, 0 refs, 0.0005760 secs]2016-01-06T01:00:06.919-0800: 243.039: [WeakReference, 0 refs, 0.0003720 secs]2016-01-06T01:00:06.919-0800: 243.040: [FinalReference, 0 refs, 0.0002570 secs]2016-01-06T01:00:06.919-0800: 243.040: [PhantomReference, 0 refs, 11638 refs, 0.0007140 secs]2016-01-06T01:00:06.920-0800: 243.041: [JNI Weak Reference, 0.0000110 secs], 0.1967580 secs]
   [Parallel Time: 4.0 ms, GC Workers: 4]
      [GC Worker Start (ms): Min: 242846.1, Avg: 242847.0, Max: 242849.9, Diff: 3.8]
      [Ext Root Scanning (ms): Min: 0.0, Avg: 0.3, Max: 0.4, Diff: 0.4, Sum: 1.3]
      [SATB Filtering (ms): Min: 0.0, Avg: 0.0, Max: 0.0, Diff: 0.0, Sum: 0.0]
      [Update RS (ms): Min: 0.0, Avg: 0.1, Max: 0.2, Diff: 0.2, Sum: 0.3]
         [Processed Buffers: Min: 0, Avg: 1.5, Max: 3, Diff: 3, Sum: 6]
      [Scan RS (ms): Min: 0.1, Avg: 0.2, Max: 0.2, Diff: 0.2, Sum: 0.6]
      [Code Root Scanning (ms): Min: 0.0, Avg: 0.0, Max: 0.0, Diff: 0.0, Sum: 0.1]
      [Object Copy (ms): Min: 0.0, Avg: 2.2, Max: 2.9, Diff: 2.9, Sum: 8.7]
      [Termination (ms): Min: 0.0, Avg: 0.2, Max: 0.3, Diff: 0.3, Sum: 0.8]
      [GC Worker Other (ms): Min: 0.0, Avg: 0.0, Max: 0.0, Diff: 0.0, Sum: 0.1]
      [GC Worker Total (ms): Min: 0.1, Avg: 2.9, Max: 3.9, Diff: 3.8, Sum: 11.8]
      [GC Worker End (ms): Min: 242850.0, Avg: 242850.0, Max: 242850.0, Diff: 0.0]
   [Code Root Fixup: 0.0 ms]
   [Code Root Migration: 0.1 ms]
   [Clear CT: 0.2 ms]
   [Other: 192.5 ms]
      [Choose CSet: 0.0 ms]
      [Ref Proc: 190.7 ms]
      [Ref Enq: 1.1 ms]
      [Free CSet: 0.6 ms]
   [Eden: 359.0M(359.0M)->0.0B(638.0M) Survivors: 19.0M->19.0M Heap: 2322.3M(4096.0M)->1963.3M(4096.0M)]
 [Times: user=0.75 sys=0.00, real=0.19 secs] 
2016-01-06T01:00:07.011-0800: 243.132: [GC pause (young)
Desired survivor size 43515904 bytes, new threshold 15 (max 15)
- age   1:   17648200 bytes,   17648200 total
- age   2:      36864 bytes,   17685064 total
2016-01-06T01:00:07.205-0800: 243.326: [SoftReference, 0 refs, 0.0004790 secs]2016-01-06T01:00:07.206-0800: 243.327: [WeakReference, 0 refs, 0.0002300 secs]2016-01-06T01:00:07.206-0800: 243.327: [FinalReference, 0 refs, 0.0002290 secs]2016-01-06T01:00:07.206-0800: 243.327: [PhantomReference, 0 refs, 20288 refs, 0.0007580 secs]2016-01-06T01:00:07.207-0800: 243.328: [JNI Weak Reference, 0.0000090 secs], 0.1986870 secs]
   [Parallel Time: 5.1 ms, GC Workers: 4]
      [GC Worker Start (ms): Min: 243132.3, Avg: 243133.9, Max: 243137.1, Diff: 4.8]
      [Ext Root Scanning (ms): Min: 0.0, Avg: 0.3, Max: 0.6, Diff: 0.6, Sum: 1.1]
      [SATB Filtering (ms): Min: 0.0, Avg: 0.0, Max: 0.0, Diff: 0.0, Sum: 0.0]
      [Update RS (ms): Min: 0.0, Avg: 0.1, Max: 0.2, Diff: 0.2, Sum: 0.2]
         [Processed Buffers: Min: 0, Avg: 1.2, Max: 4, Diff: 4, Sum: 5]
      [Scan RS (ms): Min: 0.0, Avg: 0.3, Max: 0.5, Diff: 0.5, Sum: 1.1]
      [Code Root Scanning (ms): Min: 0.0, Avg: 0.0, Max: 0.1, Diff: 0.1, Sum: 0.1]
      [Object Copy (ms): Min: 0.0, Avg: 2.5, Max: 3.5, Diff: 3.5, Sum: 10.0]
      [Termination (ms): Min: 0.0, Avg: 0.2, Max: 0.3, Diff: 0.3, Sum: 0.9]
      [GC Worker Other (ms): Min: 0.0, Avg: 0.0, Max: 0.0, Diff: 0.0, Sum: 0.0]
      [GC Worker Total (ms): Min: 0.1, Avg: 3.4, Max: 5.0, Diff: 4.8, Sum: 13.5]
      [GC Worker End (ms): Min: 243137.2, Avg: 243137.3, Max: 243137.3, Diff: 0.0]
   [Code Root Fixup: 0.0 ms]
   [Code Root Migration: 0.1 ms]
   [Clear CT: 0.2 ms]
   [Other: 193.3 ms]
      [Choose CSet: 0.0 ms]
      [Ref Proc: 190.8 ms]
      [Ref Enq: 1.5 ms]
      [Free CSet: 0.9 ms]
   [Eden: 638.0M(638.0M)->0.0B(727.0M) Survivors: 19.0M->20.0M Heap: 2601.3M(4096.0M)->1964.3M(4096.0M)]
 [Times: user=0.77 sys=0.00, real=0.20 secs] 
2016-01-06T01:00:07.312-0800: 243.433: [GC pause (young)
Desired survivor size 49283072 bytes, new threshold 15 (max 15)
- age   1:   18270928 bytes,   18270928 total
- age   2:      36864 bytes,   18307792 total
2016-01-06T01:00:07.505-0800: 243.626: [SoftReference, 0 refs, 0.0004710 secs]2016-01-06T01:00:07.506-0800: 243.627: [WeakReference, 0 refs, 0.0002220 secs]2016-01-06T01:00:07.506-0800: 243.627: [FinalReference, 0 refs, 0.0002380 secs]2016-01-06T01:00:07.506-0800: 243.627: [PhantomReference, 0 refs, 23044 refs, 0.0010290 secs]2016-01-06T01:00:07.507-0800: 243.628: [JNI Weak Reference, 0.0000150 secs], 0.1987380 secs]
   [Parallel Time: 5.2 ms, GC Workers: 4]
      [GC Worker Start (ms): Min: 243433.3, Avg: 243433.3, Max: 243433.3, Diff: 0.1]
      [Ext Root Scanning (ms): Min: 0.3, Avg: 0.4, Max: 0.4, Diff: 0.0, Sum: 1.4]
      [SATB Filtering (ms): Min: 0.0, Avg: 0.0, Max: 0.0, Diff: 0.0, Sum: 0.0]
      [Update RS (ms): Min: 0.0, Avg: 0.1, Max: 0.3, Diff: 0.3, Sum: 0.3]
         [Processed Buffers: Min: 0, Avg: 1.2, Max: 4, Diff: 4, Sum: 5]
      [Scan RS (ms): Min: 0.2, Avg: 0.3, Max: 0.4, Diff: 0.2, Sum: 1.4]
      [Code Root Scanning (ms): Min: 0.0, Avg: 0.0, Max: 0.0, Diff: 0.0, Sum: 0.1]
      [Object Copy (ms): Min: 4.2, Avg: 4.3, Max: 4.3, Diff: 0.0, Sum: 17.0]
      [Termination (ms): Min: 0.0, Avg: 0.0, Max: 0.0, Diff: 0.0, Sum: 0.0]
      [GC Worker Other (ms): Min: 0.0, Avg: 0.0, Max: 0.1, Diff: 0.0, Sum: 0.1]
      [GC Worker Total (ms): Min: 5.1, Avg: 5.1, Max: 5.2, Diff: 0.1, Sum: 20.4]
      [GC Worker End (ms): Min: 243438.4, Avg: 243438.4, Max: 243438.4, Diff: 0.0]
   [Code Root Fixup: 0.0 ms]
   [Code Root Migration: 0.1 ms]
   [Clear CT: 0.2 ms]
   [Other: 193.2 ms]
      [Choose CSet: 0.0 ms]
      [Ref Proc: 189.8 ms]
      [Ref Enq: 2.3 ms]
      [Free CSet: 1.0 ms]
   [Eden: 727.0M(727.0M)->0.0B(197.0M) Survivors: 20.0M->7168.0K Heap: 2691.3M(4096.0M)->1951.8M(4096.0M)]
 [Times: user=0.75 sys=0.00, real=0.20 secs] 
2016-01-06T01:00:07.541-0800: 243.662: [GC pause (young)
Desired survivor size 13631488 bytes, new threshold 15 (max 15)
- age   1:    5927752 bytes,    5927752 total
- age   2:      36864 bytes,    5964616 total
2016-01-06T01:00:07.752-0800: 243.873: [SoftReference, 0 refs, 0.0005640 secs]2016-01-06T01:00:07.765-0800: 243.886: [WeakReference, 0 refs, 0.0003900 secs]2016-01-06T01:00:07.765-0800: 243.886: [FinalReference, 0 refs, 0.0003730 secs]2016-01-06T01:00:07.766-0800: 243.886: [PhantomReference, 0 refs, 6617 refs, 0.0006490 secs]2016-01-06T01:00:07.766-0800: 243.887: [JNI Weak Reference, 0.0000130 secs], 0.2261500 secs]
   [Parallel Time: 5.0 ms, GC Workers: 4]
      [GC Worker Start (ms): Min: 243662.1, Avg: 243664.0, Max: 243665.9, Diff: 3.8]
      [Ext Root Scanning (ms): Min: 0.0, Avg: 0.3, Max: 0.7, Diff: 0.7, Sum: 1.3]
      [SATB Filtering (ms): Min: 0.0, Avg: 0.0, Max: 0.0, Diff: 0.0, Sum: 0.0]
      [Update RS (ms): Min: 0.0, Avg: 0.1, Max: 0.2, Diff: 0.2, Sum: 0.3]
         [Processed Buffers: Min: 0, Avg: 1.5, Max: 4, Diff: 4, Sum: 6]
      [Scan RS (ms): Min: 0.0, Avg: 0.1, Max: 0.2, Diff: 0.2, Sum: 0.3]
      [Code Root Scanning (ms): Min: 0.0, Avg: 0.0, Max: 0.0, Diff: 0.0, Sum: 0.0]
      [Object Copy (ms): Min: 1.0, Avg: 2.4, Max: 4.0, Diff: 3.0, Sum: 9.7]
      [Termination (ms): Min: 0.0, Avg: 0.1, Max: 0.1, Diff: 0.1, Sum: 0.4]
      [GC Worker Other (ms): Min: 0.0, Avg: 0.0, Max: 0.0, Diff: 0.0, Sum: 0.1]
      [GC Worker Total (ms): Min: 1.1, Avg: 3.0, Max: 4.9, Diff: 3.8, Sum: 12.1]
      [GC Worker End (ms): Min: 243667.1, Avg: 243667.1, Max: 243667.1, Diff: 0.0]
   [Code Root Fixup: 0.0 ms]
   [Code Root Migration: 0.1 ms]
   [Clear CT: 0.1 ms]
   [Other: 221.0 ms]
      [Choose CSet: 0.0 ms]
      [Ref Proc: 220.0 ms]
      [Ref Enq: 0.5 ms]
      [Free CSet: 0.4 ms]
   [Eden: 197.0M(197.0M)->0.0B(185.0M) Survivors: 7168.0K->19.0M Heap: 2148.8M(4096.0M)->1963.3M(4096.0M)]
 [Times: user=0.62 sys=0.01, real=0.23 secs] 
2016-01-06T01:00:07.794-0800: 243.915: [GC pause (young)
Desired survivor size 13631488 bytes, new threshold 1 (max 15)
- age   1:   17286616 bytes,   17286616 total
- age   2:      36864 bytes,   17323480 total
2016-01-06T01:00:07.989-0800: 244.110: [SoftReference, 0 refs, 0.0004420 secs]2016-01-06T01:00:07.989-0800: 244.110: [WeakReference, 0 refs, 0.0002640 secs]2016-01-06T01:00:07.990-0800: 244.111: [FinalReference, 0 refs, 0.0002750 secs]2016-01-06T01:00:07.990-0800: 244.111: [PhantomReference, 0 refs, 6243 refs, 0.0007720 secs]2016-01-06T01:00:07.991-0800: 244.112: [JNI Weak Reference, 0.0000080 secs], 0.1981420 secs]
   [Parallel Time: 3.4 ms, GC Workers: 4]
      [GC Worker Start (ms): Min: 243914.6, Avg: 243915.5, Max: 243917.9, Diff: 3.3]
      [Ext Root Scanning (ms): Min: 0.0, Avg: 0.3, Max: 0.4, Diff: 0.4, Sum: 1.2]
      [SATB Filtering (ms): Min: 0.0, Avg: 0.0, Max: 0.0, Diff: 0.0, Sum: 0.0]
      [Update RS (ms): Min: 0.0, Avg: 0.1, Max: 0.2, Diff: 0.2, Sum: 0.2]
         [Processed Buffers: Min: 0, Avg: 1.0, Max: 3, Diff: 3, Sum: 4]
      [Scan RS (ms): Min: 0.0, Avg: 0.1, Max: 0.1, Diff: 0.1, Sum: 0.3]
      [Code Root Scanning (ms): Min: 0.0, Avg: 0.0, Max: 0.0, Diff: 0.0, Sum: 0.0]
      [Object Copy (ms): Min: 0.0, Avg: 1.7, Max: 2.3, Diff: 2.3, Sum: 6.9]
      [Termination (ms): Min: 0.0, Avg: 0.3, Max: 0.4, Diff: 0.4, Sum: 1.2]
      [GC Worker Other (ms): Min: 0.0, Avg: 0.0, Max: 0.0, Diff: 0.0, Sum: 0.0]
      [GC Worker Total (ms): Min: 0.1, Avg: 2.5, Max: 3.3, Diff: 3.3, Sum: 10.0]
      [GC Worker End (ms): Min: 243918.0, Avg: 243918.0, Max: 243918.0, Diff: 0.0]
   [Code Root Fixup: 0.0 ms]
   [Code Root Migration: 0.0 ms]
   [Clear CT: 0.1 ms]
   [Other: 194.6 ms]
      [Choose CSet: 0.0 ms]
      [Ref Proc: 193.5 ms]
      [Ref Enq: 0.6 ms]
      [Free CSet: 0.4 ms]
   [Eden: 185.0M(185.0M)->0.0B(186.0M) Survivors: 19.0M->18.0M Heap: 2148.3M(4096.0M)->1962.8M(4096.0M)]
 [Times: user=0.74 sys=0.00, real=0.20 secs] 
2016-01-06T01:00:08.018-0800: 244.139: [GC pause (young)
Desired survivor size 13631488 bytes, new threshold 1 (max 15)
- age   1:   17259832 bytes,   17259832 total
2016-01-06T01:00:08.207-0800: 244.328: [SoftReference, 0 refs, 0.0005610 secs]2016-01-06T01:00:08.207-0800: 244.328: [WeakReference, 0 refs, 0.0002930 secs]2016-01-06T01:00:08.207-0800: 244.328: [FinalReference, 0 refs, 0.0002850 secs]2016-01-06T01:00:08.208-0800: 244.329: [PhantomReference, 0 refs, 6275 refs, 0.0007780 secs]2016-01-06T01:00:08.209-0800: 244.329: [JNI Weak Reference, 0.0000140 secs], 0.1914450 secs]
   [Parallel Time: 3.0 ms, GC Workers: 4]
      [GC Worker Start (ms): Min: 244139.2, Avg: 244139.9, Max: 244141.9, Diff: 2.7]
      [Ext Root Scanning (ms): Min: 0.0, Avg: 0.3, Max: 0.4, Diff: 0.4, Sum: 1.3]
      [SATB Filtering (ms): Min: 0.0, Avg: 0.0, Max: 0.0, Diff: 0.0, Sum: 0.0]
      [Update RS (ms): Min: 0.0, Avg: 0.1, Max: 0.2, Diff: 0.2, Sum: 0.3]
         [Processed Buffers: Min: 0, Avg: 1.2, Max: 3, Diff: 3, Sum: 5]
      [Scan RS (ms): Min: 0.0, Avg: 0.1, Max: 0.1, Diff: 0.1, Sum: 0.4]
      [Code Root Scanning (ms): Min: 0.0, Avg: 0.0, Max: 0.0, Diff: 0.0, Sum: 0.0]
      [Object Copy (ms): Min: 0.2, Avg: 1.7, Max: 2.2, Diff: 2.1, Sum: 6.9]
      [Termination (ms): Min: 0.0, Avg: 0.0, Max: 0.0, Diff: 0.0, Sum: 0.0]
      [GC Worker Other (ms): Min: 0.0, Avg: 0.0, Max: 0.0, Diff: 0.0, Sum: 0.1]
      [GC Worker Total (ms): Min: 0.3, Avg: 2.2, Max: 2.9, Diff: 2.7, Sum: 8.9]
      [GC Worker End (ms): Min: 244142.2, Avg: 244142.2, Max: 244142.2, Diff: 0.0]
   [Code Root Fixup: 0.0 ms]
   [Code Root Migration: 0.0 ms]
   [Clear CT: 0.2 ms]
   [Other: 188.3 ms]
      [Choose CSet: 0.0 ms]
      [Ref Proc: 187.3 ms]
      [Ref Enq: 0.4 ms]
      [Free CSet: 0.5 ms]
   [Eden: 186.0M(186.0M)->0.0B(185.0M) Survivors: 18.0M->19.0M Heap: 2148.8M(4096.0M)->1963.4M(4096.0M)]
 [Times: user=0.74 sys=0.00, real=0.19 secs] 
2016-01-06T01:00:08.242-0800: 244.362: [GC pause (young)
Desired survivor size 13631488 bytes, new threshold 1 (max 15)
- age   1:   17262064 bytes,   17262064 total
2016-01-06T01:00:08.425-0800: 244.546: [SoftReference, 0 refs, 0.0004720 secs]2016-01-06T01:00:08.426-0800: 244.547: [WeakReference, 0 refs, 0.0002940 secs]2016-01-06T01:00:08.426-0800: 244.547: [FinalReference, 0 refs, 0.0002640 secs]2016-01-06T01:00:08.426-0800: 244.547: [PhantomReference, 0 refs, 6245 refs, 0.0005960 secs]2016-01-06T01:00:08.427-0800: 244.548: [JNI Weak Reference, 0.0000080 secs], 0.1864320 secs]
   [Parallel Time: 5.5 ms, GC Workers: 4]
      [GC Worker Start (ms): Min: 244362.5, Avg: 244364.0, Max: 244365.9, Diff: 3.4]
      [Ext Root Scanning (ms): Min: 0.0, Avg: 0.3, Max: 0.7, Diff: 0.7, Sum: 1.3]
      [SATB Filtering (ms): Min: 0.0, Avg: 0.0, Max: 0.0, Diff: 0.0, Sum: 0.0]
      [Update RS (ms): Min: 0.0, Avg: 0.1, Max: 0.3, Diff: 0.3, Sum: 0.4]
         [Processed Buffers: Min: 0, Avg: 1.2, Max: 3, Diff: 3, Sum: 5]
      [Scan RS (ms): Min: 0.0, Avg: 0.1, Max: 0.2, Diff: 0.2, Sum: 0.3]
      [Code Root Scanning (ms): Min: 0.0, Avg: 0.0, Max: 0.0, Diff: 0.0, Sum: 0.0]
      [Object Copy (ms): Min: 1.9, Avg: 3.4, Max: 4.5, Diff: 2.5, Sum: 13.5]
      [Termination (ms): Min: 0.0, Avg: 0.1, Max: 0.1, Diff: 0.1, Sum: 0.4]
      [GC Worker Other (ms): Min: 0.0, Avg: 0.0, Max: 0.0, Diff: 0.0, Sum: 0.0]
      [GC Worker Total (ms): Min: 2.1, Avg: 4.0, Max: 5.5, Diff: 3.4, Sum: 16.0]
      [GC Worker End (ms): Min: 244368.0, Avg: 244368.0, Max: 244368.0, Diff: 0.0]
   [Code Root Fixup: 0.0 ms]
   [Code Root Migration: 0.0 ms]
   [Clear CT: 0.1 ms]
   [Other: 180.7 ms]
      [Choose CSet: 0.0 ms]
      [Ref Proc: 179.8 ms]
      [Ref Enq: 0.5 ms]
      [Free CSet: 0.4 ms]
   [Eden: 185.0M(185.0M)->0.0B(185.0M) Survivors: 19.0M->19.0M Heap: 2148.4M(4096.0M)->1963.4M(4096.0M)]
 [Times: user=0.65 sys=0.01, real=0.19 secs] 
2016-01-06T01:00:08.454-0800: 244.575: [GC pause (young)
Desired survivor size 13631488 bytes, new threshold 1 (max 15)
- age   1:   17259832 bytes,   17259832 total
2016-01-06T01:00:08.646-0800: 244.767: [SoftReference, 0 refs, 0.0010270 secs]2016-01-06T01:00:08.647-0800: 244.768: [WeakReference, 0 refs, 0.0003560 secs]2016-01-06T01:00:08.647-0800: 244.768: [FinalReference, 0 refs, 0.0003680 secs]2016-01-06T01:00:08.647-0800: 244.768: [PhantomReference, 0 refs, 6243 refs, 0.0013630 secs]2016-01-06T01:00:08.649-0800: 244.770: [JNI Weak Reference, 0.0000130 secs], 0.1960210 secs]
   [Parallel Time: 3.0 ms, GC Workers: 4]
      [GC Worker Start (ms): Min: 244575.1, Avg: 244575.1, Max: 244575.1, Diff: 0.1]
      [Ext Root Scanning (ms): Min: 0.3, Avg: 0.4, Max: 0.4, Diff: 0.1, Sum: 1.4]
      [SATB Filtering (ms): Min: 0.0, Avg: 0.0, Max: 0.0, Diff: 0.0, Sum: 0.0]
      [Update RS (ms): Min: 0.0, Avg: 0.1, Max: 0.3, Diff: 0.3, Sum: 0.4]
         [Processed Buffers: Min: 1, Avg: 1.8, Max: 3, Diff: 2, Sum: 7]
      [Scan RS (ms): Min: 0.0, Avg: 0.1, Max: 0.1, Diff: 0.1, Sum: 0.3]
      [Code Root Scanning (ms): Min: 0.0, Avg: 0.0, Max: 0.0, Diff: 0.0, Sum: 0.0]
      [Object Copy (ms): Min: 2.3, Avg: 2.4, Max: 2.4, Diff: 0.1, Sum: 9.4]
      [Termination (ms): Min: 0.0, Avg: 0.0, Max: 0.0, Diff: 0.0, Sum: 0.0]
      [GC Worker Other (ms): Min: 0.0, Avg: 0.0, Max: 0.0, Diff: 0.0, Sum: 0.1]
      [GC Worker Total (ms): Min: 2.9, Avg: 2.9, Max: 3.0, Diff: 0.1, Sum: 11.8]
      [GC Worker End (ms): Min: 244578.0, Avg: 244578.0, Max: 244578.0, Diff: 0.0]
   [Code Root Fixup: 0.0 ms]
   [Code Root Migration: 0.0 ms]
   [Clear CT: 0.2 ms]
   [Other: 192.8 ms]
      [Choose CSet: 0.0 ms]
      [Ref Proc: 191.7 ms]
      [Ref Enq: 0.5 ms]
      [Free CSet: 0.5 ms]
   [Eden: 185.0M(185.0M)->0.0B(185.0M) Survivors: 19.0M->19.0M Heap: 2148.4M(4096.0M)->1963.5M(4096.0M)]
 [Times: user=0.75 sys=0.00, real=0.20 secs] 
2016-01-06T01:00:08.676-0800: 244.797: [GC pause (young)
Desired survivor size 13631488 bytes, new threshold 1 (max 15)
- age   1:   17259832 bytes,   17259832 total
2016-01-06T01:00:08.871-0800: 244.992: [SoftReference, 0 refs, 0.0005180 secs]2016-01-06T01:00:08.872-0800: 244.993: [WeakReference, 0 refs, 0.0002250 secs]2016-01-06T01:00:08.872-0800: 244.993: [FinalReference, 0 refs, 0.0002310 secs]2016-01-06T01:00:08.872-0800: 244.993: [PhantomReference, 0 refs, 6244 refs, 0.0005470 secs]2016-01-06T01:00:08.873-0800: 244.994: [JNI Weak Reference, 0.0000160 secs], 0.1977070 secs]
   [Parallel Time: 3.0 ms, GC Workers: 4]
      [GC Worker Start (ms): Min: 244797.3, Avg: 244797.3, Max: 244797.4, Diff: 0.1]
      [Ext Root Scanning (ms): Min: 0.3, Avg: 0.4, Max: 0.4, Diff: 0.1, Sum: 1.4]
      [SATB Filtering (ms): Min: 0.0, Avg: 0.0, Max: 0.0, Diff: 0.0, Sum: 0.0]
      [Update RS (ms): Min: 0.0, Avg: 0.1, Max: 0.3, Diff: 0.3, Sum: 0.4]
         [Processed Buffers: Min: 0, Avg: 1.5, Max: 4, Diff: 4, Sum: 6]
      [Scan RS (ms): Min: 0.0, Avg: 0.1, Max: 0.1, Diff: 0.1, Sum: 0.4]
      [Code Root Scanning (ms): Min: 0.0, Avg: 0.0, Max: 0.0, Diff: 0.0, Sum: 0.1]
      [Object Copy (ms): Min: 2.2, Avg: 2.3, Max: 2.3, Diff: 0.1, Sum: 9.1]
      [Termination (ms): Min: 0.0, Avg: 0.0, Max: 0.0, Diff: 0.0, Sum: 0.0]
      [GC Worker Other (ms): Min: 0.0, Avg: 0.0, Max: 0.0, Diff: 0.0, Sum: 0.1]
      [GC Worker Total (ms): Min: 2.8, Avg: 2.9, Max: 2.9, Diff: 0.1, Sum: 11.5]
      [GC Worker End (ms): Min: 244800.2, Avg: 244800.2, Max: 244800.2, Diff: 0.0]
   [Code Root Fixup: 0.0 ms]
   [Code Root Migration: 0.0 ms]
   [Clear CT: 0.1 ms]
   [Other: 194.6 ms]
      [Choose CSet: 0.0 ms]
      [Ref Proc: 193.5 ms]
      [Ref Enq: 0.6 ms]
      [Free CSet: 0.4 ms]
   [Eden: 185.0M(185.0M)->0.0B(185.0M) Survivors: 19.0M->19.0M Heap: 2148.5M(4096.0M)->1963.5M(4096.0M)]
 [Times: user=0.73 sys=0.00, real=0.20 secs] 
2016-01-06T01:00:08.899-0800: 245.020: [GC concurrent-mark-end, 19.8657460 secs]
2016-01-06T01:00:08.899-0800: 245.020: [GC remark 2016-01-06T01:00:08.899-0800: 245.020: [GC ref-proc2016-01-06T01:00:08.899-0800: 245.020: [SoftReference, 0 refs, 0.0004120 secs]2016-01-06T01:00:08.900-0800: 245.021: [WeakReference, 0 refs, 0.0002610 secs]2016-01-06T01:00:08.900-0800: 245.021: [FinalReference, 4 refs, 0.0003540 secs]2016-01-06T01:00:08.900-0800: 245.021: [PhantomReference, 0 refs, 10438428 refs, 0.8003290 secs]2016-01-06T01:00:09.701-0800: 245.822: [JNI Weak Reference, 0.0000210 secs], 0.8015880 secs], 0.8102840 secs]
 [Times: user=2.11 sys=0.89, real=0.81 secs] 
2016-01-06T01:00:09.710-0800: 245.831: [GC cleanup 2143M->2141M(4096M), 0.0049550 secs]
 [Times: user=0.02 sys=0.00, real=0.00 secs] 
2016-01-06T01:00:09.715-0800: 245.836: [GC concurrent-cleanup-start]
2016-01-06T01:00:09.715-0800: 245.836: [GC concurrent-cleanup-end, 0.0000210 secs]
2016-01-06T01:00:09.716-0800: 245.837: [GC pause (young)
Desired survivor size 13631488 bytes, new threshold 1 (max 15)
- age   1:   17259832 bytes,   17259832 total
2016-01-06T01:00:09.719-0800: 245.840: [SoftReference, 0 refs, 0.0005180 secs]2016-01-06T01:00:09.720-0800: 245.840: [WeakReference, 0 refs, 0.0003230 secs]2016-01-06T01:00:09.720-0800: 245.841: [FinalReference, 0 refs, 0.0002310 secs]2016-01-06T01:00:09.720-0800: 245.841: [PhantomReference, 0 refs, 6245 refs, 0.0007600 secs]2016-01-06T01:00:09.721-0800: 245.842: [JNI Weak Reference, 0.0000080 secs], 0.0060210 secs]
   [Parallel Time: 3.1 ms, GC Workers: 4]
      [GC Worker Start (ms): Min: 245836.6, Avg: 245836.6, Max: 245836.6, Diff: 0.1]
      [Ext Root Scanning (ms): Min: 0.3, Avg: 0.4, Max: 0.4, Diff: 0.0, Sum: 1.5]
      [Update RS (ms): Min: 0.0, Avg: 0.1, Max: 0.3, Diff: 0.3, Sum: 0.5]
         [Processed Buffers: Min: 0, Avg: 1.5, Max: 3, Diff: 3, Sum: 6]
      [Scan RS (ms): Min: 0.0, Avg: 0.1, Max: 0.1, Diff: 0.1, Sum: 0.3]
      [Code Root Scanning (ms): Min: 0.0, Avg: 0.0, Max: 0.0, Diff: 0.0, Sum: 0.0]
      [Object Copy (ms): Min: 2.3, Avg: 2.4, Max: 2.4, Diff: 0.1, Sum: 9.6]
      [Termination (ms): Min: 0.0, Avg: 0.0, Max: 0.0, Diff: 0.0, Sum: 0.0]
      [GC Worker Other (ms): Min: 0.0, Avg: 0.0, Max: 0.0, Diff: 0.0, Sum: 0.1]
      [GC Worker Total (ms): Min: 3.0, Avg: 3.0, Max: 3.1, Diff: 0.1, Sum: 12.0]
      [GC Worker End (ms): Min: 245839.6, Avg: 245839.6, Max: 245839.6, Diff: 0.0]
   [Code Root Fixup: 0.0 ms]
   [Code Root Migration: 0.0 ms]
   [Clear CT: 0.1 ms]
   [Other: 2.7 ms]
      [Choose CSet: 0.0 ms]
      [Ref Proc: 2.1 ms]
      [Ref Enq: 0.1 ms]
      [Free CSet: 0.4 ms]
   [Eden: 185.0M(185.0M)->0.0B(1694.0M) Survivors: 19.0M->19.0M Heap: 2146.5M(4096.0M)->1961.6M(4096.0M)]
 [Times: user=0.02 sys=0.00, real=0.01 secs] 
2016-01-06T01:00:09.958-0800: 246.079: [GC pause (young)
Desired survivor size 112721920 bytes, new threshold 15 (max 15)
- age   1:   17259832 bytes,   17259832 total
2016-01-06T01:00:09.970-0800: 246.091: [SoftReference, 0 refs, 0.0004070 secs]2016-01-06T01:00:09.971-0800: 246.091: [WeakReference, 0 refs, 0.0002300 secs]2016-01-06T01:00:09.971-0800: 246.092: [FinalReference, 0 refs, 0.0002630 secs]2016-01-06T01:00:09.971-0800: 246.092: [PhantomReference, 0 refs, 53022 refs, 0.0013710 secs]2016-01-06T01:00:09.972-0800: 246.093: [JNI Weak Reference, 0.0000080 secs], 0.0181190 secs]
   [Parallel Time: 12.0 ms, GC Workers: 4]
      [GC Worker Start (ms): Min: 246078.9, Avg: 246078.9, Max: 246078.9, Diff: 0.1]
      [Ext Root Scanning (ms): Min: 0.3, Avg: 0.4, Max: 0.4, Diff: 0.1, Sum: 1.4]
      [Update RS (ms): Min: 0.0, Avg: 0.1, Max: 0.3, Diff: 0.3, Sum: 0.4]
         [Processed Buffers: Min: 1, Avg: 1.5, Max: 2, Diff: 1, Sum: 6]
      [Scan RS (ms): Min: 0.7, Avg: 0.8, Max: 0.8, Diff: 0.2, Sum: 3.0]
      [Code Root Scanning (ms): Min: 0.1, Avg: 0.1, Max: 0.1, Diff: 0.0, Sum: 0.3]
      [Object Copy (ms): Min: 10.5, Avg: 10.6, Max: 10.6, Diff: 0.1, Sum: 42.2]
      [Termination (ms): Min: 0.0, Avg: 0.0, Max: 0.0, Diff: 0.0, Sum: 0.0]
      [GC Worker Other (ms): Min: 0.0, Avg: 0.1, Max: 0.1, Diff: 0.1, Sum: 0.3]
      [GC Worker Total (ms): Min: 11.9, Avg: 11.9, Max: 12.0, Diff: 0.1, Sum: 47.6]
      [GC Worker End (ms): Min: 246090.8, Avg: 246090.8, Max: 246090.8, Diff: 0.1]
   [Code Root Fixup: 0.0 ms]
   [Code Root Migration: 0.3 ms]
   [Clear CT: 0.4 ms]
   [Other: 5.4 ms]
      [Choose CSet: 0.0 ms]
      [Ref Proc: 2.5 ms]
      [Ref Enq: 0.8 ms]
      [Free CSet: 2.1 ms]
   [Eden: 1694.0M(1694.0M)->0.0B(1692.0M) Survivors: 19.0M->22.0M Heap: 3655.6M(4096.0M)->1965.1M(4096.0M)]
 [Times: user=0.06 sys=0.00, real=0.01 secs] 
2016-01-06T01:00:10.210-0800: 246.331: [GC pause (young) (initial-mark)
Desired survivor size 112721920 bytes, new threshold 15 (max 15)
- age   1:   20627920 bytes,   20627920 total
- age   2:      36864 bytes,   20664784 total
2016-01-06T01:00:10.224-0800: 246.344: [SoftReference, 0 refs, 0.0004090 secs]2016-01-06T01:00:10.224-0800: 246.345: [WeakReference, 0 refs, 0.0002960 secs]2016-01-06T01:00:10.224-0800: 246.345: [FinalReference, 0 refs, 0.0003650 secs]2016-01-06T01:00:10.225-0800: 246.346: [PhantomReference, 0 refs, 52960 refs, 0.0013210 secs]2016-01-06T01:00:10.226-0800: 246.347: [JNI Weak Reference, 0.0000090 secs], 0.0192290 secs]
   [Parallel Time: 12.5 ms, GC Workers: 4]
      [GC Worker Start (ms): Min: 246331.7, Avg: 246331.8, Max: 246331.8, Diff: 0.1]
      [Ext Root Scanning (ms): Min: 0.3, Avg: 0.6, Max: 1.2, Diff: 0.9, Sum: 2.2]
      [Code Root Marking (ms): Min: 0.1, Avg: 0.2, Max: 0.3, Diff: 0.2, Sum: 0.8]
      [Update RS (ms): Min: 0.0, Avg: 0.1, Max: 0.3, Diff: 0.3, Sum: 0.3]
         [Processed Buffers: Min: 0, Avg: 1.2, Max: 4, Diff: 4, Sum: 5]
      [Scan RS (ms): Min: 0.4, Avg: 0.7, Max: 0.9, Diff: 0.5, Sum: 2.8]
      [Code Root Scanning (ms): Min: 0.0, Avg: 0.1, Max: 0.1, Diff: 0.1, Sum: 0.4]
      [Object Copy (ms): Min: 10.6, Avg: 10.6, Max: 10.7, Diff: 0.1, Sum: 42.4]
      [Termination (ms): Min: 0.0, Avg: 0.0, Max: 0.0, Diff: 0.0, Sum: 0.0]
      [GC Worker Other (ms): Min: 0.0, Avg: 0.1, Max: 0.1, Diff: 0.1, Sum: 0.3]
      [GC Worker Total (ms): Min: 12.3, Avg: 12.3, Max: 12.4, Diff: 0.1, Sum: 49.3]
      [GC Worker End (ms): Min: 246344.0, Avg: 246344.1, Max: 246344.1, Diff: 0.1]
   [Code Root Fixup: 0.0 ms]
   [Code Root Migration: 0.3 ms]
   [Clear CT: 0.4 ms]
   [Other: 6.1 ms]
      [Choose CSet: 0.0 ms]
      [Ref Proc: 2.7 ms]
      [Ref Enq: 0.6 ms]
      [Free CSet: 2.1 ms]
   [Eden: 1692.0M(1692.0M)->0.0B(1693.0M) Survivors: 22.0M->22.0M Heap: 3657.1M(4096.0M)->1965.1M(4096.0M)]
 [Times: user=0.06 sys=0.00, real=0.02 secs] 
2016-01-06T01:00:10.230-0800: 246.351: [GC concurrent-root-region-scan-start]
2016-01-06T01:00:10.237-0800: 246.358: [GC concurrent-root-region-scan-end, 0.0074330 secs]
2016-01-06T01:00:10.237-0800: 246.358: [GC concurrent-mark-start]
2016-01-06T01:00:10.821-0800: 246.942: [GC pause (young)
Desired survivor size 112721920 bytes, new threshold 15 (max 15)
- age   1:   20623456 bytes,   20623456 total
- age   2:      36864 bytes,   20660320 total
2016-01-06T01:00:10.858-0800: 246.978: [SoftReference, 0 refs, 0.0005000 secs]2016-01-06T01:00:10.858-0800: 246.979: [WeakReference, 0 refs, 0.0002430 secs]2016-01-06T01:00:10.858-0800: 246.979: [FinalReference, 0 refs, 0.0003190 secs]2016-01-06T01:00:10.859-0800: 246.980: [PhantomReference, 0 refs, 52989 refs, 0.0016450 secs]2016-01-06T01:00:10.860-0800: 246.981: [JNI Weak Reference, 0.0000090 secs], 0.0478180 secs]
   [Parallel Time: 33.6 ms, GC Workers: 4]
      [GC Worker Start (ms): Min: 246941.6, Avg: 246941.6, Max: 246941.7, Diff: 0.1]
      [Ext Root Scanning (ms): Min: 0.3, Avg: 0.4, Max: 0.4, Diff: 0.1, Sum: 1.5]
      [SATB Filtering (ms): Min: 0.0, Avg: 0.0, Max: 0.0, Diff: 0.0, Sum: 0.0]
      [Update RS (ms): Min: 14.6, Avg: 14.8, Max: 15.2, Diff: 0.7, Sum: 59.4]
         [Processed Buffers: Min: 21, Avg: 22.2, Max: 23, Diff: 2, Sum: 89]
      [Scan RS (ms): Min: 0.3, Avg: 0.7, Max: 1.0, Diff: 0.6, Sum: 2.9]
      [Code Root Scanning (ms): Min: 0.0, Avg: 0.1, Max: 0.1, Diff: 0.1, Sum: 0.3]
      [Object Copy (ms): Min: 11.9, Avg: 13.2, Max: 17.3, Diff: 5.5, Sum: 53.0]
      [Termination (ms): Min: 0.0, Avg: 4.1, Max: 5.5, Diff: 5.5, Sum: 16.4]
      [GC Worker Other (ms): Min: 0.0, Avg: 0.0, Max: 0.0, Diff: 0.0, Sum: 0.1]
      [GC Worker Total (ms): Min: 33.4, Avg: 33.4, Max: 33.4, Diff: 0.0, Sum: 133.6]
      [GC Worker End (ms): Min: 246975.0, Avg: 246975.0, Max: 246975.1, Diff: 0.1]
   [Code Root Fixup: 0.0 ms]
   [Code Root Migration: 0.3 ms]
   [Clear CT: 0.5 ms]
   [Other: 13.5 ms]
      [Choose CSet: 0.0 ms]
      [Ref Proc: 6.1 ms]
      [Ref Enq: 5.3 ms]
      [Free CSet: 2.0 ms]
   [Eden: 1693.0M(1693.0M)->0.0B(1694.0M) Survivors: 22.0M->22.0M Heap: 3658.1M(4096.0M)->1964.6M(4096.0M)]
 [Times: user=0.17 sys=0.00, real=0.05 secs] 
2016-01-06T01:00:11.130-0800: 247.251: [GC pause (young)
Desired survivor size 112721920 bytes, new threshold 15 (max 15)
- age   1:   20625688 bytes,   20625688 total
- age   2:      36864 bytes,   20662552 total
2016-01-06T01:00:11.186-0800: 247.307: [SoftReference, 0 refs, 0.0005180 secs]2016-01-06T01:00:11.186-0800: 247.307: [WeakReference, 0 refs, 0.0002590 secs]2016-01-06T01:00:11.186-0800: 247.307: [FinalReference, 0 refs, 0.0002490 secs]2016-01-06T01:00:11.187-0800: 247.308: [PhantomReference, 0 refs, 53024 refs, 0.0016830 secs]2016-01-06T01:00:11.188-0800: 247.309: [JNI Weak Reference, 0.0000140 secs], 0.0667350 secs]
   [Parallel Time: 40.3 ms, GC Workers: 4]
      [GC Worker Start (ms): Min: 247250.7, Avg: 247251.5, Max: 247253.9, Diff: 3.2]
      [Ext Root Scanning (ms): Min: 0.0, Avg: 0.3, Max: 0.5, Diff: 0.5, Sum: 1.4]
      [SATB Filtering (ms): Min: 0.0, Avg: 0.0, Max: 0.0, Diff: 0.0, Sum: 0.0]
      [Update RS (ms): Min: 25.5, Avg: 27.1, Max: 28.0, Diff: 2.5, Sum: 108.5]
         [Processed Buffers: Min: 15, Avg: 32.2, Max: 40, Diff: 25, Sum: 129]
      [Scan RS (ms): Min: 0.5, Avg: 0.8, Max: 1.0, Diff: 0.4, Sum: 3.1]
      [Code Root Scanning (ms): Min: 0.0, Avg: 0.1, Max: 0.1, Diff: 0.1, Sum: 0.4]
      [Object Copy (ms): Min: 10.9, Avg: 11.0, Max: 11.0, Diff: 0.1, Sum: 43.9]
      [Termination (ms): Min: 0.0, Avg: 0.0, Max: 0.0, Diff: 0.0, Sum: 0.0]
      [GC Worker Other (ms): Min: 0.0, Avg: 0.1, Max: 0.1, Diff: 0.1, Sum: 0.2]
      [GC Worker Total (ms): Min: 37.0, Avg: 39.4, Max: 40.2, Diff: 3.2, Sum: 157.5]
      [GC Worker End (ms): Min: 247290.9, Avg: 247290.9, Max: 247290.9, Diff: 0.1]
   [Code Root Fixup: 0.0 ms]
   [Code Root Migration: 0.3 ms]
   [Clear CT: 0.5 ms]
   [Other: 25.7 ms]
      [Choose CSet: 0.0 ms]
      [Ref Proc: 18.3 ms]
      [Ref Enq: 5.3 ms]
      [Free CSet: 2.0 ms]
   [Eden: 1694.0M(1694.0M)->0.0B(1695.0M) Survivors: 22.0M->22.0M Heap: 3658.6M(4096.0M)->1965.1M(4096.0M)]
 [Times: user=0.21 sys=0.00, real=0.06 secs] 
2016-01-06T01:00:11.460-0800: 247.580: [GC pause (young)
Desired survivor size 112721920 bytes, new threshold 15 (max 15)
- age   1:   20627920 bytes,   20627920 total
- age   2:      36864 bytes,   20664784 total
2016-01-06T01:00:11.524-0800: 247.645: [SoftReference, 0 refs, 0.0004010 secs]2016-01-06T01:00:11.524-0800: 247.645: [WeakReference, 0 refs, 0.0003610 secs]2016-01-06T01:00:11.525-0800: 247.646: [FinalReference, 0 refs, 0.0002300 secs]2016-01-06T01:00:11.525-0800: 247.646: [PhantomReference, 0 refs, 53053 refs, 0.0016240 secs]2016-01-06T01:00:11.527-0800: 247.647: [JNI Weak Reference, 0.0000120 secs], 0.0750520 secs]
   [Parallel Time: 31.7 ms, GC Workers: 4]
      [GC Worker Start (ms): Min: 247580.5, Avg: 247580.6, Max: 247580.6, Diff: 0.1]
      [Ext Root Scanning (ms): Min: 0.3, Avg: 0.4, Max: 0.4, Diff: 0.1, Sum: 1.4]
      [SATB Filtering (ms): Min: 0.0, Avg: 0.0, Max: 0.0, Diff: 0.0, Sum: 0.0]
      [Update RS (ms): Min: 18.7, Avg: 19.0, Max: 19.2, Diff: 0.4, Sum: 76.0]
         [Processed Buffers: Min: 27, Avg: 27.5, Max: 29, Diff: 2, Sum: 110]
      [Scan RS (ms): Min: 0.6, Avg: 0.8, Max: 1.0, Diff: 0.4, Sum: 3.2]
      [Code Root Scanning (ms): Min: 0.1, Avg: 0.1, Max: 0.1, Diff: 0.0, Sum: 0.3]
      [Object Copy (ms): Min: 11.2, Avg: 11.3, Max: 11.3, Diff: 0.1, Sum: 45.1]
      [Termination (ms): Min: 0.0, Avg: 0.0, Max: 0.0, Diff: 0.0, Sum: 0.0]
      [GC Worker Other (ms): Min: 0.0, Avg: 0.1, Max: 0.1, Diff: 0.1, Sum: 0.2]
      [GC Worker Total (ms): Min: 31.5, Avg: 31.5, Max: 31.6, Diff: 0.1, Sum: 126.2]
      [GC Worker End (ms): Min: 247612.1, Avg: 247612.1, Max: 247612.2, Diff: 0.1]
   [Code Root Fixup: 0.0 ms]
   [Code Root Migration: 0.3 ms]
   [Clear CT: 0.4 ms]
   [Other: 42.7 ms]
      [Choose CSet: 0.0 ms]
      [Ref Proc: 35.3 ms]
      [Ref Enq: 5.3 ms]
      [Free CSet: 2.0 ms]
   [Eden: 1695.0M(1695.0M)->0.0B(1695.0M) Survivors: 22.0M->22.0M Heap: 3660.1M(4096.0M)->1965.1M(4096.0M)]
 [Times: user=0.28 sys=0.00, real=0.07 secs] 
2016-01-06T01:00:11.802-0800: 247.923: [GC pause (young)
Desired survivor size 112721920 bytes, new threshold 15 (max 15)
- age   1:   20630152 bytes,   20630152 total
- age   2:      36864 bytes,   20667016 total
2016-01-06T01:00:11.887-0800: 248.008: [SoftReference, 0 refs, 0.0004930 secs]2016-01-06T01:00:11.887-0800: 248.008: [WeakReference, 0 refs, 0.0002440 secs]2016-01-06T01:00:11.888-0800: 248.008: [FinalReference, 0 refs, 0.0002640 secs]2016-01-06T01:00:11.888-0800: 248.009: [PhantomReference, 0 refs, 53054 refs, 0.0014510 secs]2016-01-06T01:00:11.889-0800: 248.010: [JNI Weak Reference, 0.0000090 secs], 0.0943820 secs]
   [Parallel Time: 31.5 ms, GC Workers: 4]
      [GC Worker Start (ms): Min: 247923.3, Avg: 247924.0, Max: 247925.9, Diff: 2.6]
      [Ext Root Scanning (ms): Min: 0.0, Avg: 0.3, Max: 0.5, Diff: 0.5, Sum: 1.3]
      [SATB Filtering (ms): Min: 0.0, Avg: 0.0, Max: 0.0, Diff: 0.0, Sum: 0.0]
      [Update RS (ms): Min: 17.3, Avg: 19.1, Max: 20.0, Diff: 2.6, Sum: 76.3]
         [Processed Buffers: Min: 26, Avg: 26.5, Max: 28, Diff: 2, Sum: 106]
      [Scan RS (ms): Min: 0.4, Avg: 0.8, Max: 1.0, Diff: 0.5, Sum: 3.2]
      [Code Root Scanning (ms): Min: 0.1, Avg: 0.1, Max: 0.1, Diff: 0.1, Sum: 0.3]
      [Object Copy (ms): Min: 10.4, Avg: 10.4, Max: 10.4, Diff: 0.1, Sum: 41.6]
      [Termination (ms): Min: 0.0, Avg: 0.0, Max: 0.0, Diff: 0.0, Sum: 0.0]
      [GC Worker Other (ms): Min: 0.0, Avg: 0.0, Max: 0.1, Diff: 0.1, Sum: 0.2]
      [GC Worker Total (ms): Min: 28.8, Avg: 30.7, Max: 31.4, Diff: 2.6, Sum: 122.9]
      [GC Worker End (ms): Min: 247954.7, Avg: 247954.7, Max: 247954.7, Diff: 0.1]
   [Code Root Fixup: 0.0 ms]
   [Code Root Migration: 0.3 ms]
   [Clear CT: 0.4 ms]
   [Other: 62.2 ms]
      [Choose CSet: 0.0 ms]
      [Ref Proc: 55.5 ms]
      [Ref Enq: 4.5 ms]
      [Free CSet: 2.2 ms]
   [Eden: 1695.0M(1695.0M)->0.0B(1696.0M) Survivors: 22.0M->22.0M Heap: 3660.1M(4096.0M)->1964.6M(4096.0M)]
 [Times: user=0.35 sys=0.00, real=0.09 secs] 
2016-01-06T01:00:12.158-0800: 248.279: [GC pause (young)
Desired survivor size 112721920 bytes, new threshold 15 (max 15)
- age   1:   20630152 bytes,   20630152 total
- age   2:      36864 bytes,   20667016 total
2016-01-06T01:00:12.250-0800: 248.371: [SoftReference, 0 refs, 0.0006010 secs]2016-01-06T01:00:12.250-0800: 248.371: [WeakReference, 0 refs, 0.0002980 secs]2016-01-06T01:00:12.251-0800: 248.371: [FinalReference, 0 refs, 0.0002770 secs]2016-01-06T01:00:12.251-0800: 248.372: [PhantomReference, 0 refs, 53085 refs, 0.0013230 secs]2016-01-06T01:00:12.252-0800: 248.373: [JNI Weak Reference, 0.0000090 secs], 0.1026360 secs]
   [Parallel Time: 29.4 ms, GC Workers: 4]
      [GC Worker Start (ms): Min: 248279.0, Avg: 248279.0, Max: 248279.1, Diff: 0.1]
      [Ext Root Scanning (ms): Min: 0.3, Avg: 0.4, Max: 0.4, Diff: 0.1, Sum: 1.4]
      [SATB Filtering (ms): Min: 0.0, Avg: 0.0, Max: 0.0, Diff: 0.0, Sum: 0.0]
      [Update RS (ms): Min: 17.3, Avg: 17.4, Max: 17.6, Diff: 0.3, Sum: 69.5]
         [Processed Buffers: Min: 24, Avg: 24.8, Max: 26, Diff: 2, Sum: 99]
      [Scan RS (ms): Min: 0.7, Avg: 0.8, Max: 0.8, Diff: 0.2, Sum: 3.1]
      [Code Root Scanning (ms): Min: 0.1, Avg: 0.1, Max: 0.1, Diff: 0.0, Sum: 0.4]
      [Object Copy (ms): Min: 10.6, Avg: 10.6, Max: 10.6, Diff: 0.1, Sum: 42.4]
      [Termination (ms): Min: 0.0, Avg: 0.0, Max: 0.0, Diff: 0.0, Sum: 0.0]
      [GC Worker Other (ms): Min: 0.0, Avg: 0.1, Max: 0.1, Diff: 0.1, Sum: 0.2]
      [GC Worker Total (ms): Min: 29.2, Avg: 29.3, Max: 29.3, Diff: 0.1, Sum: 117.1]
      [GC Worker End (ms): Min: 248308.3, Avg: 248308.3, Max: 248308.3, Diff: 0.1]
   [Code Root Fixup: 0.0 ms]
   [Code Root Migration: 0.3 ms]
   [Clear CT: 0.5 ms]
   [Other: 72.5 ms]
      [Choose CSet: 0.0 ms]
      [Ref Proc: 64.7 ms]
      [Ref Enq: 5.7 ms]
      [Free CSet: 2.1 ms]
   [Eden: 1696.0M(1696.0M)->0.0B(1696.0M) Survivors: 22.0M->22.0M Heap: 3660.6M(4096.0M)->1965.1M(4096.0M)]
 [Times: user=0.39 sys=0.00, real=0.10 secs] 
2016-01-06T01:00:12.526-0800: 248.647: [GC pause (young)
Desired survivor size 112721920 bytes, new threshold 15 (max 15)
- age   1:   20632384 bytes,   20632384 total
- age   2:      36864 bytes,   20669248 total
2016-01-06T01:00:12.629-0800: 248.750: [SoftReference, 0 refs, 0.0004720 secs]2016-01-06T01:00:12.630-0800: 248.750: [WeakReference, 0 refs, 0.0002910 secs]2016-01-06T01:00:12.630-0800: 248.751: [FinalReference, 0 refs, 0.0002280 secs]2016-01-06T01:00:12.630-0800: 248.751: [PhantomReference, 0 refs, 53086 refs, 0.0027080 secs]2016-01-06T01:00:12.633-0800: 248.754: [JNI Weak Reference, 0.0000150 secs], 0.1138830 secs]
   [Parallel Time: 35.6 ms, GC Workers: 4]
      [GC Worker Start (ms): Min: 248646.7, Avg: 248646.7, Max: 248646.8, Diff: 0.1]
      [Ext Root Scanning (ms): Min: 0.3, Avg: 0.3, Max: 0.4, Diff: 0.1, Sum: 1.4]
      [SATB Filtering (ms): Min: 0.0, Avg: 0.0, Max: 0.0, Diff: 0.0, Sum: 0.0]
      [Update RS (ms): Min: 23.9, Avg: 24.1, Max: 24.6, Diff: 0.7, Sum: 96.4]
         [Processed Buffers: Min: 33, Avg: 34.0, Max: 36, Diff: 3, Sum: 136]
      [Scan RS (ms): Min: 0.4, Avg: 0.8, Max: 1.0, Diff: 0.5, Sum: 3.3]
      [Code Root Scanning (ms): Min: 0.0, Avg: 0.1, Max: 0.1, Diff: 0.1, Sum: 0.4]
      [Object Copy (ms): Min: 10.0, Avg: 10.1, Max: 10.1, Diff: 0.1, Sum: 40.3]
      [Termination (ms): Min: 0.0, Avg: 0.0, Max: 0.0, Diff: 0.0, Sum: 0.0]
      [GC Worker Other (ms): Min: 0.0, Avg: 0.1, Max: 0.1, Diff: 0.0, Sum: 0.2]
      [GC Worker Total (ms): Min: 35.4, Avg: 35.5, Max: 35.5, Diff: 0.1, Sum: 142.0]
      [GC Worker End (ms): Min: 248682.2, Avg: 248682.2, Max: 248682.2, Diff: 0.0]
   [Code Root Fixup: 0.0 ms]
   [Code Root Migration: 0.3 ms]
   [Clear CT: 0.5 ms]
   [Other: 77.5 ms]
      [Choose CSet: 0.0 ms]
      [Ref Proc: 71.4 ms]
      [Ref Enq: 4.0 ms]
      [Free CSet: 2.0 ms]
   [Eden: 1696.0M(1696.0M)->0.0B(1712.0M) Survivors: 22.0M->8192.0K Heap: 3661.1M(4096.0M)->1950.6M(4096.0M)]
 [Times: user=0.41 sys=0.00, real=0.11 secs] 
2016-01-06T01:00:12.888-0800: 249.009: [GC pause (young)
Desired survivor size 112721920 bytes, new threshold 15 (max 15)
- age   1:    6547456 bytes,    6547456 total
- age   2:      36864 bytes,    6584320 total
2016-01-06T01:00:13.016-0800: 249.137: [SoftReference, 0 refs, 0.0004020 secs]2016-01-06T01:00:13.016-0800: 249.137: [WeakReference, 0 refs, 0.0002320 secs]2016-01-06T01:00:13.017-0800: 249.138: [FinalReference, 0 refs, 0.0002250 secs]2016-01-06T01:00:13.017-0800: 249.138: [PhantomReference, 0 refs, 53580 refs, 0.0013930 secs]2016-01-06T01:00:13.018-0800: 249.139: [JNI Weak Reference, 0.0000090 secs], 0.1375640 secs]
   [Parallel Time: 37.1 ms, GC Workers: 4]
      [GC Worker Start (ms): Min: 249009.3, Avg: 249009.3, Max: 249009.4, Diff: 0.1]
      [Ext Root Scanning (ms): Min: 0.3, Avg: 0.4, Max: 0.4, Diff: 0.1, Sum: 1.5]
      [SATB Filtering (ms): Min: 0.0, Avg: 0.0, Max: 0.0, Diff: 0.0, Sum: 0.0]
      [Update RS (ms): Min: 24.6, Avg: 24.9, Max: 25.1, Diff: 0.6, Sum: 99.5]
         [Processed Buffers: Min: 34, Avg: 35.5, Max: 37, Diff: 3, Sum: 142]
      [Scan RS (ms): Min: 0.6, Avg: 0.8, Max: 1.1, Diff: 0.4, Sum: 3.2]
      [Code Root Scanning (ms): Min: 0.1, Avg: 0.1, Max: 0.1, Diff: 0.1, Sum: 0.4]
      [Object Copy (ms): Min: 10.8, Avg: 10.8, Max: 10.9, Diff: 0.0, Sum: 43.3]
      [Termination (ms): Min: 0.0, Avg: 0.0, Max: 0.0, Diff: 0.0, Sum: 0.0]
      [GC Worker Other (ms): Min: 0.0, Avg: 0.1, Max: 0.1, Diff: 0.1, Sum: 0.3]
      [GC Worker Total (ms): Min: 37.0, Avg: 37.0, Max: 37.1, Diff: 0.1, Sum: 148.1]
      [GC Worker End (ms): Min: 249046.3, Avg: 249046.4, Max: 249046.4, Diff: 0.1]
   [Code Root Fixup: 0.0 ms]
   [Code Root Migration: 0.3 ms]
   [Clear CT: 0.4 ms]
   [Other: 99.8 ms]
      [Choose CSet: 0.0 ms]
      [Ref Proc: 92.9 ms]
      [Ref Enq: 4.8 ms]
      [Free CSet: 2.0 ms]
   [Eden: 1712.0M(1712.0M)->0.0B(1697.0M) Survivors: 8192.0K->22.0M Heap: 3662.6M(4096.0M)->1965.1M(4096.0M)]
 [Times: user=0.52 sys=0.00, real=0.14 secs] 
2016-01-06T01:00:13.284-0800: 249.404: [GC pause (young)
Desired survivor size 112721920 bytes, new threshold 15 (max 15)
- age   1:   20668096 bytes,   20668096 total
- age   2:      36864 bytes,   20704960 total
2016-01-06T01:00:13.421-0800: 249.542: [SoftReference, 0 refs, 0.0004770 secs]2016-01-06T01:00:13.421-0800: 249.542: [WeakReference, 0 refs, 0.0003470 secs]2016-01-06T01:00:13.422-0800: 249.543: [FinalReference, 0 refs, 0.0002180 secs]2016-01-06T01:00:13.422-0800: 249.543: [PhantomReference, 0 refs, 53115 refs, 0.0016590 secs]2016-01-06T01:00:13.424-0800: 249.544: [JNI Weak Reference, 0.0000080 secs], 0.1482120 secs]
   [Parallel Time: 32.4 ms, GC Workers: 4]
      [GC Worker Start (ms): Min: 249404.6, Avg: 249405.9, Max: 249409.9, Diff: 5.3]
      [Ext Root Scanning (ms): Min: 0.0, Avg: 0.3, Max: 0.5, Diff: 0.5, Sum: 1.3]
      [SATB Filtering (ms): Min: 0.0, Avg: 0.0, Max: 0.0, Diff: 0.0, Sum: 0.0]
      [Update RS (ms): Min: 16.1, Avg: 19.8, Max: 21.1, Diff: 5.0, Sum: 79.0]
         [Processed Buffers: Min: 23, Avg: 27.8, Max: 34, Diff: 11, Sum: 111]
      [Scan RS (ms): Min: 0.7, Avg: 0.8, Max: 0.9, Diff: 0.2, Sum: 3.1]
      [Code Root Scanning (ms): Min: 0.1, Avg: 0.1, Max: 0.1, Diff: 0.0, Sum: 0.4]
      [Object Copy (ms): Min: 9.9, Avg: 9.9, Max: 9.9, Diff: 0.0, Sum: 39.7]
      [Termination (ms): Min: 0.0, Avg: 0.0, Max: 0.0, Diff: 0.0, Sum: 0.0]
      [GC Worker Other (ms): Min: 0.0, Avg: 0.1, Max: 0.1, Diff: 0.1, Sum: 0.2]
      [GC Worker Total (ms): Min: 26.9, Avg: 30.9, Max: 32.3, Diff: 5.4, Sum: 123.7]
      [GC Worker End (ms): Min: 249436.8, Avg: 249436.8, Max: 249436.9, Diff: 0.1]
   [Code Root Fixup: 0.0 ms]
   [Code Root Migration: 0.3 ms]
   [Clear CT: 0.4 ms]
   [Other: 115.1 ms]
      [Choose CSet: 0.0 ms]
      [Ref Proc: 107.5 ms]
      [Ref Enq: 5.3 ms]
      [Free CSet: 2.3 ms]
   [Eden: 1697.0M(1697.0M)->0.0B(1697.0M) Survivors: 22.0M->22.0M Heap: 3662.1M(4096.0M)->1965.1M(4096.0M)]
 [Times: user=0.56 sys=0.01, real=0.15 secs] 
2016-01-06T01:00:13.674-0800: 249.795: [GC pause (young)
Desired survivor size 112721920 bytes, new threshold 15 (max 15)
- age   1:   20634616 bytes,   20634616 total
- age   2:      36864 bytes,   20671480 total
2016-01-06T01:00:13.827-0800: 249.948: [SoftReference, 0 refs, 0.0119500 secs]2016-01-06T01:00:13.839-0800: 249.960: [WeakReference, 0 refs, 0.0003840 secs]2016-01-06T01:00:13.839-0800: 249.960: [FinalReference, 0 refs, 0.0003700 secs]2016-01-06T01:00:13.840-0800: 249.960: [PhantomReference, 0 refs, 53117 refs, 0.0021230 secs]2016-01-06T01:00:13.842-0800: 249.963: [JNI Weak Reference, 0.0000110 secs], 0.1753260 secs]
   [Parallel Time: 32.8 ms, GC Workers: 4]
      [GC Worker Start (ms): Min: 249794.9, Avg: 249795.0, Max: 249795.0, Diff: 0.1]
      [Ext Root Scanning (ms): Min: 0.3, Avg: 0.3, Max: 0.4, Diff: 0.1, Sum: 1.4]
      [SATB Filtering (ms): Min: 0.0, Avg: 0.0, Max: 0.0, Diff: 0.0, Sum: 0.0]
      [Update RS (ms): Min: 18.9, Avg: 19.1, Max: 19.5, Diff: 0.6, Sum: 76.3]
         [Processed Buffers: Min: 22, Avg: 25.0, Max: 27, Diff: 5, Sum: 100]
      [Scan RS (ms): Min: 0.4, Avg: 0.8, Max: 0.9, Diff: 0.5, Sum: 3.1]
      [Code Root Scanning (ms): Min: 0.0, Avg: 0.1, Max: 0.1, Diff: 0.1, Sum: 0.3]
      [Object Copy (ms): Min: 10.7, Avg: 11.1, Max: 12.4, Diff: 1.7, Sum: 44.5]
      [Termination (ms): Min: 0.0, Avg: 1.3, Max: 1.7, Diff: 1.7, Sum: 5.1]
      [GC Worker Other (ms): Min: 0.0, Avg: 0.0, Max: 0.0, Diff: 0.0, Sum: 0.1]
      [GC Worker Total (ms): Min: 32.7, Avg: 32.7, Max: 32.8, Diff: 0.1, Sum: 130.9]
      [GC Worker End (ms): Min: 249827.6, Avg: 249827.7, Max: 249827.7, Diff: 0.0]
   [Code Root Fixup: 0.0 ms]
   [Code Root Migration: 0.3 ms]
   [Clear CT: 0.5 ms]
   [Other: 141.7 ms]
      [Choose CSet: 0.0 ms]
      [Ref Proc: 134.9 ms]
      [Ref Enq: 4.4 ms]
      [Free CSet: 2.4 ms]
   [Eden: 1697.0M(1697.0M)->0.0B(1696.0M) Survivors: 22.0M->22.0M Heap: 3662.1M(4096.0M)->1965.1M(4096.0M)]
 [Times: user=0.63 sys=0.00, real=0.18 secs] 
2016-01-06T01:00:14.119-0800: 250.240: [GC pause (young)
Desired survivor size 112721920 bytes, new threshold 15 (max 15)
- age   1:   20634616 bytes,   20634616 total
- age   2:      36864 bytes,   20671480 total
2016-01-06T01:00:14.286-0800: 250.407: [SoftReference, 0 refs, 0.0004310 secs]2016-01-06T01:00:14.287-0800: 250.408: [WeakReference, 0 refs, 0.0003360 secs]2016-01-06T01:00:14.287-0800: 250.408: [FinalReference, 0 refs, 0.0002650 secs]2016-01-06T01:00:14.287-0800: 250.408: [PhantomReference, 0 refs, 53087 refs, 0.0013100 secs]2016-01-06T01:00:14.289-0800: 250.410: [JNI Weak Reference, 0.0000100 secs], 0.1780970 secs]
   [Parallel Time: 32.1 ms, GC Workers: 4]
      [GC Worker Start (ms): Min: 250239.7, Avg: 250240.0, Max: 250240.9, Diff: 1.2]
      [Ext Root Scanning (ms): Min: 0.0, Avg: 0.3, Max: 0.5, Diff: 0.5, Sum: 1.4]
      [SATB Filtering (ms): Min: 0.0, Avg: 0.0, Max: 0.0, Diff: 0.0, Sum: 0.0]
      [Update RS (ms): Min: 19.5, Avg: 19.7, Max: 19.9, Diff: 0.4, Sum: 79.0]
         [Processed Buffers: Min: 27, Avg: 28.2, Max: 30, Diff: 3, Sum: 113]
      [Scan RS (ms): Min: 0.5, Avg: 0.8, Max: 1.0, Diff: 0.4, Sum: 3.1]
      [Code Root Scanning (ms): Min: 0.1, Avg: 0.1, Max: 0.1, Diff: 0.1, Sum: 0.4]
      [Object Copy (ms): Min: 10.6, Avg: 10.6, Max: 10.7, Diff: 0.1, Sum: 42.5]
      [Termination (ms): Min: 0.0, Avg: 0.0, Max: 0.0, Diff: 0.0, Sum: 0.0]
      [GC Worker Other (ms): Min: 0.0, Avg: 0.1, Max: 0.1, Diff: 0.1, Sum: 0.3]
      [GC Worker Total (ms): Min: 30.8, Avg: 31.7, Max: 32.0, Diff: 1.2, Sum: 126.6]
      [GC Worker End (ms): Min: 250271.6, Avg: 250271.6, Max: 250271.7, Diff: 0.1]
   [Code Root Fixup: 0.0 ms]
   [Code Root Migration: 0.3 ms]
   [Clear CT: 0.4 ms]
   [Other: 145.3 ms]
      [Choose CSet: 0.0 ms]
      [Ref Proc: 137.9 ms]
      [Ref Enq: 5.2 ms]
      [Free CSet: 2.1 ms]
   [Eden: 1696.0M(1696.0M)->0.0B(1696.0M) Survivors: 22.0M->22.0M Heap: 3661.1M(4096.0M)->1965.1M(4096.0M)]
 [Times: user=0.68 sys=0.00, real=0.17 secs] 
2016-01-06T01:00:14.558-0800: 250.679: [GC pause (young)
Desired survivor size 112721920 bytes, new threshold 15 (max 15)
- age   1:   20632384 bytes,   20632384 total
- age   2:      36864 bytes,   20669248 total
2016-01-06T01:00:14.740-0800: 250.861: [SoftReference, 0 refs, 0.0005220 secs]2016-01-06T01:00:14.741-0800: 250.861: [WeakReference, 0 refs, 0.0002520 secs]2016-01-06T01:00:14.741-0800: 250.862: [FinalReference, 0 refs, 0.0002390 secs]2016-01-06T01:00:14.741-0800: 250.862: [PhantomReference, 0 refs, 53086 refs, 0.0018340 secs]2016-01-06T01:00:14.743-0800: 250.864: [JNI Weak Reference, 0.0000140 secs], 0.1934090 secs]
   [Parallel Time: 40.0 ms, GC Workers: 4]
      [GC Worker Start (ms): Min: 250678.7, Avg: 250678.7, Max: 250678.7, Diff: 0.1]
      [Ext Root Scanning (ms): Min: 0.3, Avg: 0.4, Max: 0.4, Diff: 0.1, Sum: 1.4]
      [SATB Filtering (ms): Min: 0.0, Avg: 0.0, Max: 0.0, Diff: 0.0, Sum: 0.0]
      [Update RS (ms): Min: 27.4, Avg: 27.6, Max: 28.1, Diff: 0.7, Sum: 110.3]
         [Processed Buffers: Min: 38, Avg: 39.5, Max: 42, Diff: 4, Sum: 158]
      [Scan RS (ms): Min: 0.3, Avg: 0.7, Max: 0.9, Diff: 0.6, Sum: 3.0]
      [Code Root Scanning (ms): Min: 0.0, Avg: 0.1, Max: 0.1, Diff: 0.1, Sum: 0.3]
      [Object Copy (ms): Min: 11.0, Avg: 11.0, Max: 11.1, Diff: 0.1, Sum: 44.2]
      [Termination (ms): Min: 0.0, Avg: 0.0, Max: 0.0, Diff: 0.0, Sum: 0.0]
      [GC Worker Other (ms): Min: 0.0, Avg: 0.1, Max: 0.1, Diff: 0.0, Sum: 0.2]
      [GC Worker Total (ms): Min: 39.8, Avg: 39.9, Max: 39.9, Diff: 0.0, Sum: 159.4]
      [GC Worker End (ms): Min: 250718.5, Avg: 250718.5, Max: 250718.6, Diff: 0.0]
   [Code Root Fixup: 0.0 ms]
   [Code Root Migration: 0.3 ms]
   [Clear CT: 0.5 ms]
   [Other: 152.7 ms]
      [Choose CSet: 0.0 ms]
      [Ref Proc: 145.2 ms]
      [Ref Enq: 5.3 ms]
      [Free CSet: 2.1 ms]
   [Eden: 1696.0M(1696.0M)->0.0B(1697.0M) Survivors: 22.0M->22.0M Heap: 3661.1M(4096.0M)->1965.1M(4096.0M)]
 [Times: user=0.75 sys=0.00, real=0.19 secs] 
2016-01-06T01:00:15.012-0800: 251.133: [GC pause (young)
Desired survivor size 112721920 bytes, new threshold 15 (max 15)
- age   1:   20632384 bytes,   20632384 total
- age   2:      36864 bytes,   20669248 total
2016-01-06T01:00:15.189-0800: 251.310: [SoftReference, 0 refs, 0.0004630 secs]2016-01-06T01:00:15.189-0800: 251.310: [WeakReference, 0 refs, 0.0002650 secs]2016-01-06T01:00:15.190-0800: 251.311: [FinalReference, 0 refs, 0.0003430 secs]2016-01-06T01:00:15.190-0800: 251.311: [PhantomReference, 0 refs, 53115 refs, 0.0014940 secs]2016-01-06T01:00:15.192-0800: 251.313: [JNI Weak Reference, 0.0000090 secs], 0.1878300 secs]
   [Parallel Time: 32.2 ms, GC Workers: 4]
      [GC Worker Start (ms): Min: 251133.1, Avg: 251133.1, Max: 251133.1, Diff: 0.1]
      [Ext Root Scanning (ms): Min: 0.3, Avg: 0.4, Max: 0.4, Diff: 0.1, Sum: 1.5]
      [SATB Filtering (ms): Min: 0.0, Avg: 0.0, Max: 0.0, Diff: 0.0, Sum: 0.0]
      [Update RS (ms): Min: 20.4, Avg: 20.6, Max: 20.8, Diff: 0.4, Sum: 82.4]
         [Processed Buffers: Min: 30, Avg: 31.2, Max: 33, Diff: 3, Sum: 125]
      [Scan RS (ms): Min: 0.6, Avg: 0.7, Max: 0.8, Diff: 0.3, Sum: 2.9]
      [Code Root Scanning (ms): Min: 0.1, Avg: 0.1, Max: 0.1, Diff: 0.0, Sum: 0.3]
      [Object Copy (ms): Min: 10.2, Avg: 10.2, Max: 10.3, Diff: 0.1, Sum: 41.0]
      [Termination (ms): Min: 0.0, Avg: 0.0, Max: 0.0, Diff: 0.0, Sum: 0.0]
      [GC Worker Other (ms): Min: 0.0, Avg: 0.1, Max: 0.1, Diff: 0.1, Sum: 0.3]
      [GC Worker Total (ms): Min: 32.1, Avg: 32.1, Max: 32.1, Diff: 0.0, Sum: 128.4]
      [GC Worker End (ms): Min: 251165.2, Avg: 251165.2, Max: 251165.2, Diff: 0.1]
   [Code Root Fixup: 0.0 ms]
   [Code Root Migration: 0.3 ms]
   [Clear CT: 0.5 ms]
   [Other: 154.9 ms]
      [Choose CSet: 0.0 ms]
      [Ref Proc: 147.3 ms]
      [Ref Enq: 5.4 ms]
      [Free CSet: 2.2 ms]
   [Eden: 1697.0M(1697.0M)->0.0B(1697.0M) Survivors: 22.0M->22.0M Heap: 3662.1M(4096.0M)->1964.6M(4096.0M)]
 [Times: user=0.72 sys=0.00, real=0.19 secs] 
2016-01-06T01:00:15.442-0800: 251.563: [GC pause (young)
Desired survivor size 112721920 bytes, new threshold 15 (max 15)
- age   1:   20634616 bytes,   20634616 total
- age   2:      36864 bytes,   20671480 total
2016-01-06T01:00:15.616-0800: 251.737: [SoftReference, 0 refs, 0.0004630 secs]2016-01-06T01:00:15.616-0800: 251.737: [WeakReference, 0 refs, 0.0002700 secs]2016-01-06T01:00:15.617-0800: 251.738: [FinalReference, 0 refs, 0.0003710 secs]2016-01-06T01:00:15.617-0800: 251.738: [PhantomReference, 0 refs, 53116 refs, 0.0017590 secs]2016-01-06T01:00:15.619-0800: 251.740: [JNI Weak Reference, 0.0000140 secs], 0.1849770 secs]
   [Parallel Time: 21.3 ms, GC Workers: 4]
      [GC Worker Start (ms): Min: 251562.8, Avg: 251562.9, Max: 251562.9, Diff: 0.1]
      [Ext Root Scanning (ms): Min: 0.3, Avg: 0.4, Max: 0.4, Diff: 0.1, Sum: 1.4]
      [SATB Filtering (ms): Min: 0.0, Avg: 0.0, Max: 0.0, Diff: 0.0, Sum: 0.0]
      [Update RS (ms): Min: 9.0, Avg: 9.5, Max: 9.7, Diff: 0.7, Sum: 37.9]
         [Processed Buffers: Min: 14, Avg: 15.0, Max: 16, Diff: 2, Sum: 60]
      [Scan RS (ms): Min: 0.5, Avg: 0.7, Max: 1.1, Diff: 0.5, Sum: 2.8]
      [Code Root Scanning (ms): Min: 0.1, Avg: 0.1, Max: 0.1, Diff: 0.1, Sum: 0.3]
      [Object Copy (ms): Min: 10.4, Avg: 10.5, Max: 10.5, Diff: 0.1, Sum: 41.9]
      [Termination (ms): Min: 0.0, Avg: 0.0, Max: 0.0, Diff: 0.0, Sum: 0.0]
      [GC Worker Other (ms): Min: 0.0, Avg: 0.1, Max: 0.1, Diff: 0.0, Sum: 0.2]
      [GC Worker Total (ms): Min: 21.1, Avg: 21.2, Max: 21.2, Diff: 0.1, Sum: 84.6]
      [GC Worker End (ms): Min: 251584.0, Avg: 251584.0, Max: 251584.1, Diff: 0.0]
   [Code Root Fixup: 0.0 ms]
   [Code Root Migration: 0.3 ms]
   [Clear CT: 0.4 ms]
   [Other: 163.0 ms]
      [Choose CSet: 0.0 ms]
      [Ref Proc: 155.6 ms]
      [Ref Enq: 5.2 ms]
      [Free CSet: 2.1 ms]
   [Eden: 1697.0M(1697.0M)->0.0B(1712.0M) Survivors: 22.0M->8192.0K Heap: 3661.6M(4096.0M)->1951.1M(4096.0M)]
 [Times: user=0.71 sys=0.00, real=0.19 secs] 
2016-01-06T01:00:15.869-0800: 251.990: [GC pause (young)
Desired survivor size 112721920 bytes, new threshold 15 (max 15)
- age   1:    6943672 bytes,    6943672 total
- age   2:      36864 bytes,    6980536 total
2016-01-06T01:00:16.038-0800: 252.159: [SoftReference, 0 refs, 0.0006390 secs]2016-01-06T01:00:16.039-0800: 252.160: [WeakReference, 0 refs, 0.0002520 secs]2016-01-06T01:00:16.039-0800: 252.160: [FinalReference, 0 refs, 0.0003960 secs]2016-01-06T01:00:16.039-0800: 252.160: [PhantomReference, 0 refs, 53582 refs, 0.0017270 secs]2016-01-06T01:00:16.041-0800: 252.162: [JNI Weak Reference, 0.0000090 secs], 0.1801180 secs]
   [Parallel Time: 15.9 ms, GC Workers: 4]
      [GC Worker Start (ms): Min: 251990.1, Avg: 251990.2, Max: 251990.2, Diff: 0.1]
      [Ext Root Scanning (ms): Min: 0.3, Avg: 0.3, Max: 0.4, Diff: 0.1, Sum: 1.4]
      [SATB Filtering (ms): Min: 0.0, Avg: 0.0, Max: 0.0, Diff: 0.0, Sum: 0.0]
      [Update RS (ms): Min: 0.0, Avg: 0.1, Max: 0.3, Diff: 0.3, Sum: 0.3]
         [Processed Buffers: Min: 0, Avg: 1.2, Max: 3, Diff: 3, Sum: 5]
      [Scan RS (ms): Min: 0.6, Avg: 0.8, Max: 0.8, Diff: 0.2, Sum: 3.1]
      [Code Root Scanning (ms): Min: 0.1, Avg: 0.1, Max: 0.1, Diff: 0.0, Sum: 0.3]
      [Object Copy (ms): Min: 11.6, Avg: 12.3, Max: 14.4, Diff: 2.9, Sum: 49.1]
      [Termination (ms): Min: 0.0, Avg: 2.2, Max: 2.9, Diff: 2.9, Sum: 8.7]
      [GC Worker Other (ms): Min: 0.0, Avg: 0.0, Max: 0.0, Diff: 0.0, Sum: 0.1]
      [GC Worker Total (ms): Min: 15.7, Avg: 15.7, Max: 15.8, Diff: 0.1, Sum: 63.0]
      [GC Worker End (ms): Min: 252005.9, Avg: 252005.9, Max: 252005.9, Diff: 0.0]
   [Code Root Fixup: 0.0 ms]
   [Code Root Migration: 0.3 ms]
   [Clear CT: 0.5 ms]
   [Other: 163.5 ms]
      [Choose CSet: 0.0 ms]
      [Ref Proc: 156.0 ms]
      [Ref Enq: 5.4 ms]
      [Free CSet: 2.0 ms]
   [Eden: 1712.0M(1712.0M)->0.0B(1697.0M) Survivors: 8192.0K->22.0M Heap: 3663.1M(4096.0M)->1964.6M(4096.0M)]
 [Times: user=0.67 sys=0.00, real=0.18 secs] 
2016-01-06T01:00:16.289-0800: 252.410: [GC pause (young)
Desired survivor size 112721920 bytes, new threshold 15 (max 15)
- age   1:   20668096 bytes,   20668096 total
- age   2:      36864 bytes,   20704960 total
2016-01-06T01:00:16.485-0800: 252.606: [SoftReference, 0 refs, 0.0009000 secs]2016-01-06T01:00:16.486-0800: 252.607: [WeakReference, 0 refs, 0.0004660 secs]2016-01-06T01:00:16.486-0800: 252.607: [FinalReference, 0 refs, 0.0004860 secs]2016-01-06T01:00:16.487-0800: 252.608: [PhantomReference, 0 refs, 53117 refs, 0.0026670 secs]2016-01-06T01:00:16.490-0800: 252.611: [JNI Weak Reference, 0.0000090 secs], 0.2054710 secs]
   [Parallel Time: 34.6 ms, GC Workers: 4]
      [GC Worker Start (ms): Min: 252410.1, Avg: 252410.1, Max: 252410.2, Diff: 0.1]
      [Ext Root Scanning (ms): Min: 0.3, Avg: 0.4, Max: 0.4, Diff: 0.1, Sum: 1.4]
      [SATB Filtering (ms): Min: 0.0, Avg: 0.0, Max: 0.0, Diff: 0.0, Sum: 0.0]
      [Update RS (ms): Min: 23.1, Avg: 23.2, Max: 23.4, Diff: 0.2, Sum: 92.8]
         [Processed Buffers: Min: 32, Avg: 33.0, Max: 34, Diff: 2, Sum: 132]
      [Scan RS (ms): Min: 0.7, Avg: 0.8, Max: 0.9, Diff: 0.2, Sum: 3.2]
      [Code Root Scanning (ms): Min: 0.1, Avg: 0.1, Max: 0.1, Diff: 0.0, Sum: 0.4]
      [Object Copy (ms): Min: 9.9, Avg: 10.0, Max: 10.0, Diff: 0.0, Sum: 39.8]
      [Termination (ms): Min: 0.0, Avg: 0.0, Max: 0.0, Diff: 0.0, Sum: 0.0]
      [GC Worker Other (ms): Min: 0.0, Avg: 0.1, Max: 0.1, Diff: 0.0, Sum: 0.2]
      [GC Worker Total (ms): Min: 34.4, Avg: 34.5, Max: 34.5, Diff: 0.0, Sum: 137.9]
      [GC Worker End (ms): Min: 252444.6, Avg: 252444.6, Max: 252444.6, Diff: 0.0]
   [Code Root Fixup: 0.0 ms]
   [Code Root Migration: 0.2 ms]
   [Clear CT: 0.6 ms]
   [Other: 170.1 ms]
      [Choose CSet: 0.0 ms]
      [Ref Proc: 165.9 ms]
      [Ref Enq: 2.0 ms]
      [Free CSet: 2.1 ms]
   [Eden: 1697.0M(1697.0M)->0.0B(738.0M) Survivors: 22.0M->22.0M Heap: 3661.6M(4096.0M)->1965.1M(4096.0M)]
 [Times: user=0.75 sys=0.01, real=0.20 secs] 
2016-01-06T01:00:16.616-0800: 252.737: [GC pause (young)
Desired survivor size 49807360 bytes, new threshold 15 (max 15)
- age   1:   20634616 bytes,   20634616 total
- age   2:      36864 bytes,   20671480 total
2016-01-06T01:00:16.805-0800: 252.926: [SoftReference, 0 refs, 0.0004990 secs]2016-01-06T01:00:16.806-0800: 252.927: [WeakReference, 0 refs, 0.0003990 secs]2016-01-06T01:00:16.806-0800: 252.927: [FinalReference, 0 refs, 0.0002520 secs]2016-01-06T01:00:16.806-0800: 252.927: [PhantomReference, 0 refs, 23388 refs, 0.0009980 secs]2016-01-06T01:00:16.807-0800: 252.928: [JNI Weak Reference, 0.0000090 secs], 0.1955830 secs]
   [Parallel Time: 21.5 ms, GC Workers: 4]
      [GC Worker Start (ms): Min: 252736.6, Avg: 252737.0, Max: 252737.9, Diff: 1.3]
      [Ext Root Scanning (ms): Min: 0.0, Avg: 0.3, Max: 0.4, Diff: 0.4, Sum: 1.2]
      [SATB Filtering (ms): Min: 0.0, Avg: 0.0, Max: 0.0, Diff: 0.0, Sum: 0.0]
      [Update RS (ms): Min: 14.5, Avg: 16.0, Max: 19.9, Diff: 5.4, Sum: 63.9]
         [Processed Buffers: Min: 5, Avg: 19.0, Max: 33, Diff: 28, Sum: 76]
      [Scan RS (ms): Min: 0.1, Avg: 0.3, Max: 0.5, Diff: 0.4, Sum: 1.2]
      [Code Root Scanning (ms): Min: 0.0, Avg: 0.0, Max: 0.1, Diff: 0.1, Sum: 0.1]
      [Object Copy (ms): Min: 0.0, Avg: 2.7, Max: 3.6, Diff: 3.6, Sum: 10.7]
      [Termination (ms): Min: 0.0, Avg: 1.7, Max: 2.3, Diff: 2.3, Sum: 6.9]
      [GC Worker Other (ms): Min: 0.0, Avg: 0.0, Max: 0.0, Diff: 0.0, Sum: 0.1]
      [GC Worker Total (ms): Min: 20.1, Avg: 21.0, Max: 21.3, Diff: 1.3, Sum: 84.0]
      [GC Worker End (ms): Min: 252757.9, Avg: 252758.0, Max: 252758.0, Diff: 0.0]
   [Code Root Fixup: 0.0 ms]
   [Code Root Migration: 0.1 ms]
   [Clear CT: 0.3 ms]
   [Other: 173.7 ms]
      [Choose CSet: 0.0 ms]
      [Ref Proc: 170.3 ms]
      [Ref Enq: 2.3 ms]
      [Free CSet: 1.0 ms]
   [Eden: 738.0M(738.0M)->0.0B(185.0M) Survivors: 22.0M->19.0M Heap: 2703.1M(4096.0M)->1962.1M(4096.0M)]
 [Times: user=0.72 sys=0.00, real=0.20 secs] 
2016-01-06T01:00:16.840-0800: 252.961: [GC pause (young)
Desired survivor size 13631488 bytes, new threshold 1 (max 15)
- age   1:   18494128 bytes,   18494128 total
- age   2:      36864 bytes,   18530992 total
2016-01-06T01:00:17.009-0800: 253.130: [SoftReference, 0 refs, 0.0004460 secs]2016-01-06T01:00:17.010-0800: 253.131: [WeakReference, 0 refs, 0.0002570 secs]2016-01-06T01:00:17.010-0800: 253.131: [FinalReference, 0 refs, 0.0002630 secs]2016-01-06T01:00:17.010-0800: 253.131: [PhantomReference, 0 refs, 6245 refs, 0.0007000 secs]2016-01-06T01:00:17.011-0800: 253.132: [JNI Weak Reference, 0.0000090 secs], 0.1722260 secs]
   [Parallel Time: 5.5 ms, GC Workers: 4]
      [GC Worker Start (ms): Min: 252960.8, Avg: 252960.8, Max: 252960.8, Diff: 0.1]
      [Ext Root Scanning (ms): Min: 0.3, Avg: 0.4, Max: 0.4, Diff: 0.1, Sum: 1.4]
      [SATB Filtering (ms): Min: 0.0, Avg: 0.0, Max: 0.0, Diff: 0.0, Sum: 0.0]
      [Update RS (ms): Min: 2.3, Avg: 2.6, Max: 2.9, Diff: 0.6, Sum: 10.4]
         [Processed Buffers: Min: 4, Avg: 4.8, Max: 6, Diff: 2, Sum: 19]
      [Scan RS (ms): Min: 0.0, Avg: 0.1, Max: 0.2, Diff: 0.2, Sum: 0.3]
      [Code Root Scanning (ms): Min: 0.0, Avg: 0.0, Max: 0.0, Diff: 0.0, Sum: 0.0]
      [Object Copy (ms): Min: 2.1, Avg: 2.3, Max: 2.5, Diff: 0.4, Sum: 9.3]
      [Termination (ms): Min: 0.0, Avg: 0.0, Max: 0.0, Diff: 0.0, Sum: 0.0]
      [GC Worker Other (ms): Min: 0.0, Avg: 0.0, Max: 0.0, Diff: 0.0, Sum: 0.1]
      [GC Worker Total (ms): Min: 5.4, Avg: 5.4, Max: 5.4, Diff: 0.1, Sum: 21.6]
      [GC Worker End (ms): Min: 252966.2, Avg: 252966.2, Max: 252966.2, Diff: 0.0]
   [Code Root Fixup: 0.0 ms]
   [Code Root Migration: 0.0 ms]
   [Clear CT: 0.2 ms]
   [Other: 166.5 ms]
      [Choose CSet: 0.0 ms]
      [Ref Proc: 165.6 ms]
      [Ref Enq: 0.5 ms]
      [Free CSet: 0.3 ms]
   [Eden: 185.0M(185.0M)->0.0B(1240.0M) Survivors: 19.0M->19.0M Heap: 2147.1M(4096.0M)->1962.1M(4096.0M)]
 [Times: user=0.62 sys=0.00, real=0.17 secs] 
2016-01-06T01:00:17.185-0800: 253.306: [GC pause (young)
Desired survivor size 82837504 bytes, new threshold 15 (max 15)
- age   1:   17259832 bytes,   17259832 total
2016-01-06T01:00:17.380-0800: 253.501: [SoftReference, 0 refs, 0.0004380 secs]2016-01-06T01:00:17.381-0800: 253.502: [WeakReference, 0 refs, 0.0002860 secs]2016-01-06T01:00:17.381-0800: 253.502: [FinalReference, 0 refs, 0.0002620 secs]2016-01-06T01:00:17.381-0800: 253.502: [PhantomReference, 0 refs, 38949 refs, 0.0015020 secs]2016-01-06T01:00:17.383-0800: 253.504: [JNI Weak Reference, 0.0000090 secs], 0.2035340 secs]
   [Parallel Time: 22.4 ms, GC Workers: 4]
      [GC Worker Start (ms): Min: 253306.0, Avg: 253306.0, Max: 253306.0, Diff: 0.1]
      [Ext Root Scanning (ms): Min: 0.3, Avg: 0.4, Max: 0.4, Diff: 0.1, Sum: 1.4]
      [SATB Filtering (ms): Min: 0.0, Avg: 0.0, Max: 0.0, Diff: 0.0, Sum: 0.0]
      [Update RS (ms): Min: 12.6, Avg: 12.8, Max: 13.0, Diff: 0.5, Sum: 51.2]
         [Processed Buffers: Min: 18, Avg: 19.5, Max: 22, Diff: 4, Sum: 78]
      [Scan RS (ms): Min: 0.4, Avg: 0.5, Max: 0.7, Diff: 0.3, Sum: 2.1]
      [Code Root Scanning (ms): Min: 0.0, Avg: 0.1, Max: 0.1, Diff: 0.0, Sum: 0.3]
      [Object Copy (ms): Min: 8.5, Avg: 8.5, Max: 8.5, Diff: 0.0, Sum: 33.9]
      [Termination (ms): Min: 0.0, Avg: 0.0, Max: 0.0, Diff: 0.0, Sum: 0.0]
      [GC Worker Other (ms): Min: 0.0, Avg: 0.1, Max: 0.1, Diff: 0.0, Sum: 0.2]
      [GC Worker Total (ms): Min: 22.3, Avg: 22.3, Max: 22.3, Diff: 0.0, Sum: 89.2]
      [GC Worker End (ms): Min: 253328.3, Avg: 253328.3, Max: 253328.3, Diff: 0.0]
   [Code Root Fixup: 0.0 ms]
   [Code Root Migration: 0.2 ms]
   [Clear CT: 0.4 ms]
   [Other: 180.6 ms]
      [Choose CSet: 0.0 ms]
      [Ref Proc: 175.4 ms]
      [Ref Enq: 3.5 ms]
      [Free CSet: 1.6 ms]
   [Eden: 1240.0M(1240.0M)->0.0B(193.0M) Survivors: 19.0M->21.0M Heap: 3202.1M(4096.0M)->1964.1M(4096.0M)]
 [Times: user=0.73 sys=0.00, real=0.20 secs] 
2016-01-06T01:00:17.418-0800: 253.539: [GC pause (young)
Desired survivor size 14155776 bytes, new threshold 1 (max 15)
- age   1:   19614592 bytes,   19614592 total
- age   2:      36864 bytes,   19651456 total
2016-01-06T01:00:17.603-0800: 253.724: [SoftReference, 0 refs, 0.0005080 secs]2016-01-06T01:00:17.603-0800: 253.724: [WeakReference, 0 refs, 0.0002490 secs]2016-01-06T01:00:17.603-0800: 253.724: [FinalReference, 0 refs, 0.0002260 secs]2016-01-06T01:00:17.604-0800: 253.725: [PhantomReference, 0 refs, 6492 refs, 0.0005240 secs]2016-01-06T01:00:17.604-0800: 253.725: [JNI Weak Reference, 0.0000160 secs], 0.1870280 secs]
   [Parallel Time: 11.1 ms, GC Workers: 4]
      [GC Worker Start (ms): Min: 253539.4, Avg: 253539.4, Max: 253539.5, Diff: 0.1]
      [Ext Root Scanning (ms): Min: 0.3, Avg: 0.4, Max: 0.4, Diff: 0.1, Sum: 1.4]
      [SATB Filtering (ms): Min: 0.0, Avg: 0.0, Max: 0.0, Diff: 0.0, Sum: 0.0]
      [Update RS (ms): Min: 7.8, Avg: 8.0, Max: 8.2, Diff: 0.4, Sum: 32.1]
         [Processed Buffers: Min: 11, Avg: 12.2, Max: 13, Diff: 2, Sum: 49]
      [Scan RS (ms): Min: 0.0, Avg: 0.1, Max: 0.2, Diff: 0.2, Sum: 0.4]
      [Code Root Scanning (ms): Min: 0.0, Avg: 0.0, Max: 0.0, Diff: 0.0, Sum: 0.0]
      [Object Copy (ms): Min: 2.3, Avg: 2.4, Max: 2.5, Diff: 0.2, Sum: 9.8]
      [Termination (ms): Min: 0.0, Avg: 0.0, Max: 0.0, Diff: 0.0, Sum: 0.0]
      [GC Worker Other (ms): Min: 0.0, Avg: 0.0, Max: 0.0, Diff: 0.0, Sum: 0.1]
      [GC Worker Total (ms): Min: 10.9, Avg: 11.0, Max: 11.0, Diff: 0.1, Sum: 43.8]
      [GC Worker End (ms): Min: 253550.4, Avg: 253550.4, Max: 253550.4, Diff: 0.0]
   [Code Root Fixup: 0.0 ms]
   [Code Root Migration: 0.0 ms]
   [Clear CT: 0.1 ms]
   [Other: 175.8 ms]
      [Choose CSet: 0.0 ms]
      [Ref Proc: 174.7 ms]
      [Ref Enq: 0.6 ms]
      [Free CSet: 0.4 ms]
   [Eden: 193.0M(193.0M)->0.0B(625.0M) Survivors: 21.0M->19.0M Heap: 2157.1M(4096.0M)->1961.6M(4096.0M)]
 [Times: user=0.73 sys=0.00, real=0.19 secs] 
2016-01-06T01:00:17.694-0800: 253.815: [GC pause (young)
Desired survivor size 42467328 bytes, new threshold 15 (max 15)
- age   1:   17277688 bytes,   17277688 total
2016-01-06T01:00:17.897-0800: 254.018: [SoftReference, 0 refs, 0.0004240 secs]2016-01-06T01:00:17.897-0800: 254.018: [WeakReference, 0 refs, 0.0003410 secs]2016-01-06T01:00:17.898-0800: 254.018: [FinalReference, 0 refs, 0.0002380 secs]2016-01-06T01:00:17.898-0800: 254.019: [PhantomReference, 0 refs, 19883 refs, 0.0007890 secs]2016-01-06T01:00:17.899-0800: 254.020: [JNI Weak Reference, 0.0000090 secs], 0.2081990 secs]
   [Parallel Time: 21.4 ms, GC Workers: 4]
      [GC Worker Start (ms): Min: 253814.6, Avg: 253814.7, Max: 253814.7, Diff: 0.1]
      [Ext Root Scanning (ms): Min: 0.3, Avg: 0.4, Max: 0.4, Diff: 0.1, Sum: 1.4]
      [SATB Filtering (ms): Min: 0.0, Avg: 0.0, Max: 0.0, Diff: 0.0, Sum: 0.0]
      [Update RS (ms): Min: 16.1, Avg: 16.3, Max: 16.4, Diff: 0.3, Sum: 65.0]
         [Processed Buffers: Min: 22, Avg: 23.5, Max: 25, Diff: 3, Sum: 94]
      [Scan RS (ms): Min: 0.1, Avg: 0.3, Max: 0.4, Diff: 0.2, Sum: 1.1]
      [Code Root Scanning (ms): Min: 0.0, Avg: 0.0, Max: 0.1, Diff: 0.0, Sum: 0.1]
      [Object Copy (ms): Min: 4.2, Avg: 4.3, Max: 4.3, Diff: 0.0, Sum: 17.0]
      [Termination (ms): Min: 0.0, Avg: 0.0, Max: 0.0, Diff: 0.0, Sum: 0.0]
      [GC Worker Other (ms): Min: 0.0, Avg: 0.1, Max: 0.1, Diff: 0.1, Sum: 0.2]
      [GC Worker Total (ms): Min: 21.2, Avg: 21.2, Max: 21.3, Diff: 0.1, Sum: 84.9]
      [GC Worker End (ms): Min: 253835.9, Avg: 253835.9, Max: 253835.9, Diff: 0.1]
   [Code Root Fixup: 0.0 ms]
   [Code Root Migration: 0.1 ms]
   [Clear CT: 0.2 ms]
   [Other: 186.5 ms]
      [Choose CSet: 0.0 ms]
      [Ref Proc: 183.6 ms]
      [Ref Enq: 2.0 ms]
      [Free CSet: 0.9 ms]
   [Eden: 625.0M(625.0M)->0.0B(184.0M) Survivors: 19.0M->20.0M Heap: 2586.6M(4096.0M)->1963.1M(4096.0M)]
 [Times: user=0.79 sys=0.01, real=0.21 secs] 
2016-01-06T01:00:17.931-0800: 254.052: [GC pause (young)
Desired survivor size 13631488 bytes, new threshold 1 (max 15)
- age   1:   18241912 bytes,   18241912 total
- age   2:      36864 bytes,   18278776 total
2016-01-06T01:00:18.125-0800: 254.246: [SoftReference, 0 refs, 0.0005110 secs]2016-01-06T01:00:18.140-0800: 254.261: [WeakReference, 0 refs, 0.0003070 secs]2016-01-06T01:00:18.140-0800: 254.261: [FinalReference, 0 refs, 0.0003450 secs]2016-01-06T01:00:18.141-0800: 254.262: [PhantomReference, 0 refs, 6212 refs, 0.0006160 secs]2016-01-06T01:00:18.141-0800: 254.262: [JNI Weak Reference, 0.0000110 secs], 0.2115750 secs]
   [Parallel Time: 13.0 ms, GC Workers: 4]
      [GC Worker Start (ms): Min: 254051.7, Avg: 254052.3, Max: 254053.9, Diff: 2.2]
      [Ext Root Scanning (ms): Min: 0.0, Avg: 0.3, Max: 0.6, Diff: 0.6, Sum: 1.4]
      [SATB Filtering (ms): Min: 0.0, Avg: 0.0, Max: 0.0, Diff: 0.0, Sum: 0.0]
      [Update RS (ms): Min: 4.8, Avg: 7.5, Max: 12.2, Diff: 7.3, Sum: 30.1]
         [Processed Buffers: Min: 4, Avg: 8.2, Max: 11, Diff: 7, Sum: 33]
      [Scan RS (ms): Min: 0.0, Avg: 0.1, Max: 0.2, Diff: 0.1, Sum: 0.3]
      [Code Root Scanning (ms): Min: 0.0, Avg: 0.0, Max: 0.0, Diff: 0.0, Sum: 0.0]
      [Object Copy (ms): Min: 0.0, Avg: 1.8, Max: 2.5, Diff: 2.5, Sum: 7.4]
      [Termination (ms): Min: 0.0, Avg: 2.4, Max: 3.2, Diff: 3.2, Sum: 9.6]
      [GC Worker Other (ms): Min: 0.0, Avg: 0.0, Max: 0.0, Diff: 0.0, Sum: 0.0]
      [GC Worker Total (ms): Min: 10.7, Avg: 12.2, Max: 12.9, Diff: 2.2, Sum: 48.8]
      [GC Worker End (ms): Min: 254064.5, Avg: 254064.6, Max: 254064.6, Diff: 0.0]
   [Code Root Fixup: 0.0 ms]
   [Code Root Migration: 0.0 ms]
   [Clear CT: 0.1 ms]
   [Other: 198.5 ms]
      [Choose CSet: 0.0 ms]
      [Ref Proc: 197.5 ms]
      [Ref Enq: 0.5 ms]
      [Free CSet: 0.3 ms]
   [Eden: 184.0M(184.0M)->0.0B(185.0M) Survivors: 20.0M->19.0M Heap: 2147.1M(4096.0M)->1961.7M(4096.0M)]
 [Times: user=0.74 sys=0.00, real=0.21 secs] 
2016-01-06T01:00:18.171-0800: 254.292: [GC pause (young)
Desired survivor size 13631488 bytes, new threshold 1 (max 15)
- age   1:   17257600 bytes,   17257600 total
2016-01-06T01:00:18.359-0800: 254.480: [SoftReference, 0 refs, 0.0004880 secs]2016-01-06T01:00:18.360-0800: 254.481: [WeakReference, 0 refs, 0.0003620 secs]2016-01-06T01:00:18.360-0800: 254.481: [FinalReference, 0 refs, 0.0002280 secs]2016-01-06T01:00:18.360-0800: 254.481: [PhantomReference, 0 refs, 6245 refs, 0.0006070 secs]2016-01-06T01:00:18.361-0800: 254.482: [JNI Weak Reference, 0.0000080 secs], 0.1913800 secs]
   [Parallel Time: 5.7 ms, GC Workers: 4]
      [GC Worker Start (ms): Min: 254291.6, Avg: 254291.6, Max: 254291.7, Diff: 0.1]
      [Ext Root Scanning (ms): Min: 0.3, Avg: 0.4, Max: 0.4, Diff: 0.1, Sum: 1.4]
      [SATB Filtering (ms): Min: 0.0, Avg: 0.0, Max: 0.0, Diff: 0.0, Sum: 0.0]
      [Update RS (ms): Min: 2.6, Avg: 2.9, Max: 3.1, Diff: 0.5, Sum: 11.5]
         [Processed Buffers: Min: 4, Avg: 5.2, Max: 6, Diff: 2, Sum: 21]
      [Scan RS (ms): Min: 0.0, Avg: 0.1, Max: 0.3, Diff: 0.3, Sum: 0.3]
      [Code Root Scanning (ms): Min: 0.0, Avg: 0.0, Max: 0.0, Diff: 0.0, Sum: 0.0]
      [Object Copy (ms): Min: 2.1, Avg: 2.2, Max: 2.4, Diff: 0.2, Sum: 8.9]
      [Termination (ms): Min: 0.0, Avg: 0.0, Max: 0.0, Diff: 0.0, Sum: 0.0]
      [GC Worker Other (ms): Min: 0.0, Avg: 0.0, Max: 0.1, Diff: 0.0, Sum: 0.1]
      [GC Worker Total (ms): Min: 5.5, Avg: 5.6, Max: 5.6, Diff: 0.1, Sum: 22.3]
      [GC Worker End (ms): Min: 254297.2, Avg: 254297.2, Max: 254297.2, Diff: 0.0]
   [Code Root Fixup: 0.0 ms]
   [Code Root Migration: 0.0 ms]
   [Clear CT: 0.1 ms]
   [Other: 185.5 ms]
      [Choose CSet: 0.0 ms]
      [Ref Proc: 184.5 ms]
      [Ref Enq: 0.5 ms]
      [Free CSet: 0.3 ms]
   [Eden: 185.0M(185.0M)->0.0B(185.0M) Survivors: 19.0M->19.0M Heap: 2146.7M(4096.0M)->1961.7M(4096.0M)]
 [Times: user=0.73 sys=0.01, real=0.19 secs] 
2016-01-06T01:00:18.390-0800: 254.511: [GC pause (young)
Desired survivor size 13631488 bytes, new threshold 1 (max 15)
- age   1:   17259832 bytes,   17259832 total
2016-01-06T01:00:18.600-0800: 254.721: [SoftReference, 0 refs, 0.0005850 secs]2016-01-06T01:00:18.600-0800: 254.721: [WeakReference, 0 refs, 0.0003200 secs]2016-01-06T01:00:18.601-0800: 254.722: [FinalReference, 0 refs, 0.0002410 secs]2016-01-06T01:00:18.601-0800: 254.722: [PhantomReference, 0 refs, 6246 refs, 0.0006720 secs]2016-01-06T01:00:18.602-0800: 254.723: [JNI Weak Reference, 0.0000090 secs], 0.2128460 secs]
   [Parallel Time: 4.3 ms, GC Workers: 4]
      [GC Worker Start (ms): Min: 254511.0, Avg: 254511.0, Max: 254511.1, Diff: 0.1]
      [Ext Root Scanning (ms): Min: 0.3, Avg: 0.3, Max: 0.4, Diff: 0.1, Sum: 1.4]
      [SATB Filtering (ms): Min: 0.0, Avg: 0.0, Max: 0.0, Diff: 0.0, Sum: 0.0]
      [Update RS (ms): Min: 1.9, Avg: 2.1, Max: 2.3, Diff: 0.3, Sum: 8.5]
         [Processed Buffers: Min: 3, Avg: 4.5, Max: 5, Diff: 2, Sum: 18]
      [Scan RS (ms): Min: 0.0, Avg: 0.1, Max: 0.2, Diff: 0.2, Sum: 0.3]
      [Code Root Scanning (ms): Min: 0.0, Avg: 0.0, Max: 0.0, Diff: 0.0, Sum: 0.0]
      [Object Copy (ms): Min: 1.6, Avg: 1.7, Max: 1.7, Diff: 0.1, Sum: 6.7]
      [Termination (ms): Min: 0.0, Avg: 0.0, Max: 0.0, Diff: 0.0, Sum: 0.0]
      [GC Worker Other (ms): Min: 0.0, Avg: 0.0, Max: 0.0, Diff: 0.0, Sum: 0.1]
      [GC Worker Total (ms): Min: 4.2, Avg: 4.2, Max: 4.3, Diff: 0.1, Sum: 17.0]
      [GC Worker End (ms): Min: 254515.3, Avg: 254515.3, Max: 254515.3, Diff: 0.0]
   [Code Root Fixup: 0.0 ms]
   [Code Root Migration: 0.0 ms]
   [Clear CT: 0.1 ms]
   [Other: 208.3 ms]
      [Choose CSet: 0.0 ms]
      [Ref Proc: 207.4 ms]
      [Ref Enq: 0.6 ms]
      [Free CSet: 0.3 ms]
   [Eden: 185.0M(185.0M)->0.0B(192.0M) Survivors: 19.0M->12.0M Heap: 2146.7M(4096.0M)->1955.3M(4096.0M)]
 [Times: user=0.70 sys=0.01, real=0.21 secs] 
2016-01-06T01:00:18.632-0800: 254.753: [GC pause (young)
Desired survivor size 13631488 bytes, new threshold 15 (max 15)
- age   1:   10923256 bytes,   10923256 total
2016-01-06T01:00:18.820-0800: 254.941: [SoftReference, 0 refs, 0.0004980 secs]2016-01-06T01:00:18.820-0800: 254.941: [WeakReference, 0 refs, 0.0002340 secs]2016-01-06T01:00:18.820-0800: 254.941: [FinalReference, 0 refs, 0.0003550 secs]2016-01-06T01:00:18.821-0800: 254.942: [PhantomReference, 0 refs, 6463 refs, 0.0006260 secs]2016-01-06T01:00:18.821-0800: 254.942: [JNI Weak Reference, 0.0000090 secs], 0.1907190 secs]
   [Parallel Time: 3.0 ms, GC Workers: 4]
      [GC Worker Start (ms): Min: 254752.8, Avg: 254752.8, Max: 254752.9, Diff: 0.1]
      [Ext Root Scanning (ms): Min: 0.3, Avg: 0.3, Max: 0.4, Diff: 0.0, Sum: 1.4]
      [SATB Filtering (ms): Min: 0.0, Avg: 0.0, Max: 0.0, Diff: 0.0, Sum: 0.0]
      [Update RS (ms): Min: 0.0, Avg: 0.1, Max: 0.3, Diff: 0.3, Sum: 0.4]
         [Processed Buffers: Min: 0, Avg: 1.5, Max: 4, Diff: 4, Sum: 6]
      [Scan RS (ms): Min: 0.0, Avg: 0.1, Max: 0.1, Diff: 0.1, Sum: 0.4]
      [Code Root Scanning (ms): Min: 0.0, Avg: 0.0, Max: 0.0, Diff: 0.0, Sum: 0.0]
      [Object Copy (ms): Min: 2.2, Avg: 2.3, Max: 2.3, Diff: 0.1, Sum: 9.2]
      [Termination (ms): Min: 0.0, Avg: 0.0, Max: 0.0, Diff: 0.0, Sum: 0.0]
      [GC Worker Other (ms): Min: 0.0, Avg: 0.0, Max: 0.0, Diff: 0.0, Sum: 0.0]
      [GC Worker Total (ms): Min: 2.8, Avg: 2.9, Max: 2.9, Diff: 0.1, Sum: 11.5]
      [GC Worker End (ms): Min: 254755.7, Avg: 254755.7, Max: 254755.7, Diff: 0.0]
   [Code Root Fixup: 0.0 ms]
   [Code Root Migration: 0.0 ms]
   [Clear CT: 0.1 ms]
   [Other: 187.6 ms]
      [Choose CSet: 0.0 ms]
      [Ref Proc: 186.6 ms]
      [Ref Enq: 0.6 ms]
      [Free CSet: 0.4 ms]
   [Eden: 192.0M(192.0M)->0.0B(185.0M) Survivors: 12.0M->19.0M Heap: 2147.3M(4096.0M)->1961.8M(4096.0M)]
 [Times: user=0.73 sys=0.00, real=0.19 secs] 
2016-01-06T01:00:18.849-0800: 254.970: [GC pause (young)
Desired survivor size 13631488 bytes, new threshold 1 (max 15)
- age   1:   17275456 bytes,   17275456 total
- age   2:      36864 bytes,   17312320 total
2016-01-06T01:00:19.039-0800: 255.160: [SoftReference, 0 refs, 0.0005310 secs]2016-01-06T01:00:19.040-0800: 255.161: [WeakReference, 0 refs, 0.0002850 secs]2016-01-06T01:00:19.040-0800: 255.161: [FinalReference, 0 refs, 0.0003230 secs]2016-01-06T01:00:19.041-0800: 255.161: [PhantomReference, 0 refs, 6245 refs, 0.0006700 secs]2016-01-06T01:00:19.041-0800: 255.162: [JNI Weak Reference, 0.0000090 secs], 0.1934920 secs]
   [Parallel Time: 4.3 ms, GC Workers: 4]
      [GC Worker Start (ms): Min: 254969.9, Avg: 254970.9, Max: 254974.0, Diff: 4.2]
      [Ext Root Scanning (ms): Min: 0.0, Avg: 0.3, Max: 0.5, Diff: 0.5, Sum: 1.3]
      [SATB Filtering (ms): Min: 0.0, Avg: 0.0, Max: 0.0, Diff: 0.0, Sum: 0.0]
      [Update RS (ms): Min: 0.0, Avg: 0.1, Max: 0.2, Diff: 0.2, Sum: 0.2]
         [Processed Buffers: Min: 0, Avg: 1.2, Max: 4, Diff: 4, Sum: 5]
      [Scan RS (ms): Min: 0.0, Avg: 0.1, Max: 0.2, Diff: 0.1, Sum: 0.4]
      [Code Root Scanning (ms): Min: 0.0, Avg: 0.0, Max: 0.0, Diff: 0.0, Sum: 0.0]
      [Object Copy (ms): Min: 0.0, Avg: 1.9, Max: 2.5, Diff: 2.5, Sum: 7.5]
      [Termination (ms): Min: 0.0, Avg: 0.8, Max: 1.1, Diff: 1.1, Sum: 3.3]
      [GC Worker Other (ms): Min: 0.0, Avg: 0.0, Max: 0.0, Diff: 0.0, Sum: 0.0]
      [GC Worker Total (ms): Min: 0.1, Avg: 3.2, Max: 4.2, Diff: 4.2, Sum: 12.7]
      [GC Worker End (ms): Min: 254974.1, Avg: 254974.1, Max: 254974.1, Diff: 0.0]
   [Code Root Fixup: 0.0 ms]
   [Code Root Migration: 0.0 ms]
   [Clear CT: 0.2 ms]
   [Other: 189.0 ms]
      [Choose CSet: 0.0 ms]
      [Ref Proc: 188.0 ms]
      [Ref Enq: 0.5 ms]
      [Free CSet: 0.4 ms]
   [Eden: 185.0M(185.0M)->0.0B(185.0M) Survivors: 19.0M->19.0M Heap: 2146.8M(4096.0M)->1961.8M(4096.0M)]
 [Times: user=0.71 sys=0.01, real=0.19 secs] 
2016-01-06T01:00:19.069-0800: 255.189: [GC pause (young)
Desired survivor size 13631488 bytes, new threshold 1 (max 15)
- age   1:   17259832 bytes,   17259832 total
2016-01-06T01:00:19.253-0800: 255.374: [SoftReference, 0 refs, 0.0004540 secs]2016-01-06T01:00:19.254-0800: 255.375: [WeakReference, 0 refs, 0.0002490 secs]2016-01-06T01:00:19.254-0800: 255.375: [FinalReference, 0 refs, 0.0002670 secs]2016-01-06T01:00:19.254-0800: 255.375: [PhantomReference, 0 refs, 6245 refs, 0.0005800 secs]2016-01-06T01:00:19.255-0800: 255.376: [JNI Weak Reference, 0.0000140 secs], 0.1873270 secs]
   [Parallel Time: 2.9 ms, GC Workers: 4]
      [GC Worker Start (ms): Min: 255189.5, Avg: 255189.6, Max: 255189.6, Diff: 0.1]
      [Ext Root Scanning (ms): Min: 0.3, Avg: 0.4, Max: 0.4, Diff: 0.1, Sum: 1.5]
      [SATB Filtering (ms): Min: 0.0, Avg: 0.0, Max: 0.0, Diff: 0.0, Sum: 0.0]
      [Update RS (ms): Min: 0.0, Avg: 0.1, Max: 0.3, Diff: 0.3, Sum: 0.4]
         [Processed Buffers: Min: 0, Avg: 1.2, Max: 3, Diff: 3, Sum: 5]
      [Scan RS (ms): Min: 0.0, Avg: 0.1, Max: 0.1, Diff: 0.1, Sum: 0.3]
      [Code Root Scanning (ms): Min: 0.0, Avg: 0.0, Max: 0.0, Diff: 0.0, Sum: 0.0]
      [Object Copy (ms): Min: 2.2, Avg: 2.2, Max: 2.3, Diff: 0.1, Sum: 8.9]
      [Termination (ms): Min: 0.0, Avg: 0.0, Max: 0.0, Diff: 0.0, Sum: 0.0]
      [GC Worker Other (ms): Min: 0.0, Avg: 0.0, Max: 0.0, Diff: 0.0, Sum: 0.1]
      [GC Worker Total (ms): Min: 2.8, Avg: 2.8, Max: 2.9, Diff: 0.1, Sum: 11.3]
      [GC Worker End (ms): Min: 255192.4, Avg: 255192.4, Max: 255192.4, Diff: 0.0]
   [Code Root Fixup: 0.0 ms]
   [Code Root Migration: 0.0 ms]
   [Clear CT: 0.1 ms]
   [Other: 184.2 ms]
      [Choose CSet: 0.0 ms]
      [Ref Proc: 183.3 ms]
      [Ref Enq: 0.5 ms]
      [Free CSet: 0.3 ms]
   [Eden: 185.0M(185.0M)->0.0B(639.0M) Survivors: 19.0M->18.0M Heap: 2146.8M(4096.0M)->1961.3M(4096.0M)]
 [Times: user=0.72 sys=0.00, real=0.18 secs] 
2016-01-06T01:00:19.346-0800: 255.467: [GC pause (young)
Desired survivor size 43515904 bytes, new threshold 15 (max 15)
- age   1:   17259832 bytes,   17259832 total
2016-01-06T01:00:19.531-0800: 255.651: [SoftReference, 0 refs, 0.0005250 secs]2016-01-06T01:00:19.531-0800: 255.652: [WeakReference, 0 refs, 0.0002330 secs]2016-01-06T01:00:19.531-0800: 255.652: [FinalReference, 0 refs, 0.0002490 secs]2016-01-06T01:00:19.532-0800: 255.652: [PhantomReference, 0 refs, 20318 refs, 0.0009820 secs]2016-01-06T01:00:19.533-0800: 255.653: [JNI Weak Reference, 0.0000090 secs], 0.1900650 secs]
   [Parallel Time: 4.7 ms, GC Workers: 4]
      [GC Worker Start (ms): Min: 255466.8, Avg: 255467.6, Max: 255469.9, Diff: 3.1]
      [Ext Root Scanning (ms): Min: 0.0, Avg: 0.3, Max: 0.4, Diff: 0.4, Sum: 1.3]
      [SATB Filtering (ms): Min: 0.0, Avg: 0.0, Max: 0.0, Diff: 0.0, Sum: 0.0]
      [Update RS (ms): Min: 0.0, Avg: 0.1, Max: 0.2, Diff: 0.2, Sum: 0.4]
         [Processed Buffers: Min: 0, Avg: 1.5, Max: 3, Diff: 3, Sum: 6]
      [Scan RS (ms): Min: 0.1, Avg: 0.3, Max: 0.4, Diff: 0.2, Sum: 1.1]
      [Code Root Scanning (ms): Min: 0.0, Avg: 0.0, Max: 0.0, Diff: 0.0, Sum: 0.1]
      [Object Copy (ms): Min: 1.4, Avg: 3.1, Max: 3.6, Diff: 2.3, Sum: 12.3]
      [Termination (ms): Min: 0.0, Avg: 0.0, Max: 0.0, Diff: 0.0, Sum: 0.0]
      [GC Worker Other (ms): Min: 0.0, Avg: 0.0, Max: 0.0, Diff: 0.0, Sum: 0.1]
      [GC Worker Total (ms): Min: 1.5, Avg: 3.8, Max: 4.6, Diff: 3.1, Sum: 15.2]
      [GC Worker End (ms): Min: 255471.4, Avg: 255471.4, Max: 255471.4, Diff: 0.0]
   [Code Root Fixup: 0.0 ms]
   [Code Root Migration: 0.1 ms]
   [Clear CT: 0.2 ms]
   [Other: 185.1 ms]
      [Choose CSet: 0.0 ms]
      [Ref Proc: 182.0 ms]
      [Ref Enq: 2.0 ms]
      [Free CSet: 1.0 ms]
   [Eden: 639.0M(639.0M)->0.0B(1481.0M) Survivors: 18.0M->20.0M Heap: 2600.3M(4096.0M)->1962.8M(4096.0M)]
 [Times: user=0.73 sys=0.00, real=0.18 secs] 
2016-01-06T01:00:19.742-0800: 255.863: [GC pause (young)
Desired survivor size 98566144 bytes, new threshold 15 (max 15)
- age   1:   18273160 bytes,   18273160 total
- age   2:      36864 bytes,   18310024 total
2016-01-06T01:00:19.960-0800: 256.081: [SoftReference, 0 refs, 0.0004240 secs]2016-01-06T01:00:19.961-0800: 256.082: [WeakReference, 0 refs, 0.0003170 secs]2016-01-06T01:00:19.961-0800: 256.082: [FinalReference, 0 refs, 0.0003460 secs]2016-01-06T01:00:19.961-0800: 256.082: [PhantomReference, 0 refs, 46420 refs, 0.0015840 secs]2016-01-06T01:00:19.963-0800: 256.084: [JNI Weak Reference, 0.0000090 secs], 0.2279330 secs]
   [Parallel Time: 25.9 ms, GC Workers: 4]
      [GC Worker Start (ms): Min: 255863.3, Avg: 255863.9, Max: 255865.9, Diff: 2.6]
      [Ext Root Scanning (ms): Min: 0.0, Avg: 0.3, Max: 0.5, Diff: 0.5, Sum: 1.3]
      [SATB Filtering (ms): Min: 0.0, Avg: 0.0, Max: 0.0, Diff: 0.0, Sum: 0.0]
      [Update RS (ms): Min: 13.1, Avg: 14.6, Max: 15.3, Diff: 2.2, Sum: 58.5]
         [Processed Buffers: Min: 19, Avg: 22.8, Max: 26, Diff: 7, Sum: 91]
      [Scan RS (ms): Min: 0.5, Avg: 0.6, Max: 0.8, Diff: 0.4, Sum: 2.5]
      [Code Root Scanning (ms): Min: 0.0, Avg: 0.1, Max: 0.1, Diff: 0.1, Sum: 0.3]
      [Object Copy (ms): Min: 9.4, Avg: 9.4, Max: 9.4, Diff: 0.1, Sum: 37.6]
      [Termination (ms): Min: 0.0, Avg: 0.0, Max: 0.0, Diff: 0.0, Sum: 0.0]
      [GC Worker Other (ms): Min: 0.0, Avg: 0.1, Max: 0.1, Diff: 0.1, Sum: 0.2]
      [GC Worker Total (ms): Min: 23.2, Avg: 25.1, Max: 25.8, Diff: 2.7, Sum: 100.4]
      [GC Worker End (ms): Min: 255889.0, Avg: 255889.0, Max: 255889.1, Diff: 0.1]
   [Code Root Fixup: 0.0 ms]
   [Code Root Migration: 0.2 ms]
   [Clear CT: 0.4 ms]
   [Other: 201.5 ms]
      [Choose CSet: 0.0 ms]
      [Ref Proc: 194.8 ms]
      [Ref Enq: 4.7 ms]
      [Free CSet: 1.8 ms]
   [Eden: 1481.0M(1481.0M)->0.0B(182.0M) Survivors: 20.0M->22.0M Heap: 3443.8M(4096.0M)->1964.8M(4096.0M)]
 [Times: user=0.87 sys=0.00, real=0.23 secs] 
2016-01-06T01:00:19.999-0800: 256.119: [GC pause (young)
Desired survivor size 13631488 bytes, new threshold 1 (max 15)
- age   1:   20152504 bytes,   20152504 total
- age   2:      36864 bytes,   20189368 total
2016-01-06T01:00:20.190-0800: 256.311: [SoftReference, 0 refs, 0.0003820 secs]2016-01-06T01:00:20.191-0800: 256.311: [WeakReference, 0 refs, 0.0003500 secs]2016-01-06T01:00:20.191-0800: 256.312: [FinalReference, 0 refs, 0.0003380 secs]2016-01-06T01:00:20.191-0800: 256.312: [PhantomReference, 0 refs, 6153 refs, 0.0008580 secs]2016-01-06T01:00:20.192-0800: 256.313: [JNI Weak Reference, 0.0000240 secs], 0.1947830 secs]
   [Parallel Time: 2.8 ms, GC Workers: 4]
      [GC Worker Start (ms): Min: 256119.5, Avg: 256120.1, Max: 256121.9, Diff: 2.4]
      [Ext Root Scanning (ms): Min: 0.0, Avg: 0.3, Max: 0.5, Diff: 0.5, Sum: 1.2]
      [SATB Filtering (ms): Min: 0.0, Avg: 0.0, Max: 0.0, Diff: 0.0, Sum: 0.0]
      [Update RS (ms): Min: 0.0, Avg: 0.1, Max: 0.2, Diff: 0.2, Sum: 0.2]
         [Processed Buffers: Min: 0, Avg: 1.5, Max: 3, Diff: 3, Sum: 6]
      [Scan RS (ms): Min: 0.0, Avg: 0.1, Max: 0.2, Diff: 0.1, Sum: 0.4]
      [Code Root Scanning (ms): Min: 0.0, Avg: 0.0, Max: 0.0, Diff: 0.0, Sum: 0.0]
      [Object Copy (ms): Min: 0.3, Avg: 1.7, Max: 2.2, Diff: 1.9, Sum: 6.9]
      [Termination (ms): Min: 0.0, Avg: 0.0, Max: 0.0, Diff: 0.0, Sum: 0.0]
      [GC Worker Other (ms): Min: 0.0, Avg: 0.0, Max: 0.0, Diff: 0.0, Sum: 0.1]
      [GC Worker Total (ms): Min: 0.4, Avg: 2.2, Max: 2.8, Diff: 2.4, Sum: 8.8]
      [GC Worker End (ms): Min: 256122.3, Avg: 256122.3, Max: 256122.3, Diff: 0.0]
   [Code Root Fixup: 0.0 ms]
   [Code Root Migration: 0.0 ms]
   [Clear CT: 0.1 ms]
   [Other: 191.8 ms]
      [Choose CSet: 0.0 ms]
      [Ref Proc: 190.7 ms]
      [Ref Enq: 0.6 ms]
      [Free CSet: 0.4 ms]
   [Eden: 182.0M(182.0M)->0.0B(185.0M) Survivors: 22.0M->19.0M Heap: 2146.8M(4096.0M)->1961.9M(4096.0M)]
 [Times: user=0.75 sys=0.00, real=0.19 secs] 
2016-01-06T01:00:20.219-0800: 256.340: [GC pause (young)
Desired survivor size 13631488 bytes, new threshold 1 (max 15)
- age   1:   17253136 bytes,   17253136 total
2016-01-06T01:00:20.412-0800: 256.533: [SoftReference, 0 refs, 0.0004590 secs]2016-01-06T01:00:20.412-0800: 256.533: [WeakReference, 0 refs, 0.0002330 secs]2016-01-06T01:00:20.413-0800: 256.534: [FinalReference, 0 refs, 0.0002490 secs]2016-01-06T01:00:20.413-0800: 256.534: [PhantomReference, 0 refs, 6244 refs, 0.0005500 secs]2016-01-06T01:00:20.414-0800: 256.534: [JNI Weak Reference, 0.0000090 secs], 0.1955250 secs]
   [Parallel Time: 6.0 ms, GC Workers: 4]
      [GC Worker Start (ms): Min: 256340.1, Avg: 256341.6, Max: 256345.9, Diff: 5.8]
      [Ext Root Scanning (ms): Min: 0.0, Avg: 0.3, Max: 0.5, Diff: 0.4, Sum: 1.2]
      [SATB Filtering (ms): Min: 0.0, Avg: 0.0, Max: 0.0, Diff: 0.0, Sum: 0.0]
      [Update RS (ms): Min: 0.0, Avg: 0.1, Max: 0.2, Diff: 0.2, Sum: 0.3]
         [Processed Buffers: Min: 0, Avg: 1.2, Max: 3, Diff: 3, Sum: 5]
      [Scan RS (ms): Min: 0.0, Avg: 0.1, Max: 0.1, Diff: 0.1, Sum: 0.4]
      [Code Root Scanning (ms): Min: 0.0, Avg: 0.0, Max: 0.0, Diff: 0.0, Sum: 0.0]
      [Object Copy (ms): Min: 0.0, Avg: 1.7, Max: 2.2, Diff: 2.2, Sum: 6.7]
      [Termination (ms): Min: 0.0, Avg: 2.2, Max: 3.0, Diff: 3.0, Sum: 8.9]
      [GC Worker Other (ms): Min: 0.0, Avg: 0.0, Max: 0.0, Diff: 0.0, Sum: 0.0]
      [GC Worker Total (ms): Min: 0.1, Avg: 4.4, Max: 5.9, Diff: 5.8, Sum: 17.6]
      [GC Worker End (ms): Min: 256346.0, Avg: 256346.0, Max: 256346.0, Diff: 0.0]
   [Code Root Fixup: 0.0 ms]
   [Code Root Migration: 0.0 ms]
   [Clear CT: 0.1 ms]
   [Other: 189.4 ms]
      [Choose CSet: 0.0 ms]
      [Ref Proc: 188.4 ms]
      [Ref Enq: 0.6 ms]
      [Free CSet: 0.3 ms]
   [Eden: 185.0M(185.0M)->0.0B(186.0M) Survivors: 19.0M->18.0M Heap: 2146.9M(4096.0M)->1961.4M(4096.0M)]
 [Times: user=0.74 sys=0.00, real=0.19 secs] 
2016-01-06T01:00:20.441-0800: 256.562: [GC pause (young)
Desired survivor size 13631488 bytes, new threshold 1 (max 15)
- age   1:   17259832 bytes,   17259832 total
2016-01-06T01:00:20.652-0800: 256.773: [SoftReference, 0 refs, 0.0005180 secs]2016-01-06T01:00:20.653-0800: 256.774: [WeakReference, 0 refs, 0.0003400 secs]2016-01-06T01:00:20.653-0800: 256.774: [FinalReference, 0 refs, 0.0003310 secs]2016-01-06T01:00:20.654-0800: 256.774: [PhantomReference, 0 refs, 6276 refs, 0.0007360 secs]2016-01-06T01:00:20.654-0800: 256.775: [JNI Weak Reference, 0.0000090 secs], 0.2144800 secs]
   [Parallel Time: 2.9 ms, GC Workers: 4]
      [GC Worker Start (ms): Min: 256562.0, Avg: 256562.0, Max: 256562.0, Diff: 0.1]
      [Ext Root Scanning (ms): Min: 0.3, Avg: 0.4, Max: 0.4, Diff: 0.1, Sum: 1.4]
      [SATB Filtering (ms): Min: 0.0, Avg: 0.0, Max: 0.0, Diff: 0.0, Sum: 0.0]
      [Update RS (ms): Min: 0.0, Avg: 0.1, Max: 0.4, Diff: 0.4, Sum: 0.5]
         [Processed Buffers: Min: 1, Avg: 1.5, Max: 3, Diff: 2, Sum: 6]
      [Scan RS (ms): Min: 0.0, Avg: 0.1, Max: 0.1, Diff: 0.1, Sum: 0.3]
      [Code Root Scanning (ms): Min: 0.0, Avg: 0.0, Max: 0.0, Diff: 0.0, Sum: 0.1]
      [Object Copy (ms): Min: 2.1, Avg: 2.2, Max: 2.3, Diff: 0.2, Sum: 8.9]
      [Termination (ms): Min: 0.0, Avg: 0.0, Max: 0.0, Diff: 0.0, Sum: 0.0]
      [GC Worker Other (ms): Min: 0.0, Avg: 0.0, Max: 0.0, Diff: 0.0, Sum: 0.0]
      [GC Worker Total (ms): Min: 2.8, Avg: 2.8, Max: 2.8, Diff: 0.1, Sum: 11.3]
      [GC Worker End (ms): Min: 256564.8, Avg: 256564.8, Max: 256564.8, Diff: 0.0]
   [Code Root Fixup: 0.0 ms]
   [Code Root Migration: 0.0 ms]
   [Clear CT: 0.1 ms]
   [Other: 211.4 ms]
      [Choose CSet: 0.0 ms]
      [Ref Proc: 210.3 ms]
      [Ref Enq: 0.6 ms]
      [Free CSet: 0.4 ms]
   [Eden: 186.0M(186.0M)->0.0B(185.0M) Survivors: 18.0M->19.0M Heap: 2147.4M(4096.0M)->1962.0M(4096.0M)]
 [Times: user=0.74 sys=0.00, real=0.21 secs] 
2016-01-06T01:00:20.682-0800: 256.803: [GC pause (young)
Desired survivor size 13631488 bytes, new threshold 1 (max 15)
- age   1:   17262064 bytes,   17262064 total
2016-01-06T01:00:20.872-0800: 256.993: [SoftReference, 0 refs, 0.0004420 secs]2016-01-06T01:00:20.872-0800: 256.993: [WeakReference, 0 refs, 0.0002490 secs]2016-01-06T01:00:20.872-0800: 256.993: [FinalReference, 0 refs, 0.0002720 secs]2016-01-06T01:00:20.873-0800: 256.994: [PhantomReference, 0 refs, 6245 refs, 0.0006630 secs]2016-01-06T01:00:20.873-0800: 256.994: [JNI Weak Reference, 0.0000080 secs], 0.1928970 secs]
   [Parallel Time: 3.0 ms, GC Workers: 4]
      [GC Worker Start (ms): Min: 256802.6, Avg: 256802.6, Max: 256802.7, Diff: 0.1]
      [Ext Root Scanning (ms): Min: 0.3, Avg: 0.4, Max: 0.4, Diff: 0.1, Sum: 1.5]
      [SATB Filtering (ms): Min: 0.0, Avg: 0.0, Max: 0.0, Diff: 0.0, Sum: 0.0]
      [Update RS (ms): Min: 0.0, Avg: 0.1, Max: 0.3, Diff: 0.3, Sum: 0.4]
         [Processed Buffers: Min: 0, Avg: 1.5, Max: 4, Diff: 4, Sum: 6]
      [Scan RS (ms): Min: 0.0, Avg: 0.1, Max: 0.1, Diff: 0.1, Sum: 0.3]
      [Code Root Scanning (ms): Min: 0.0, Avg: 0.0, Max: 0.0, Diff: 0.0, Sum: 0.0]
      [Object Copy (ms): Min: 2.3, Avg: 2.4, Max: 2.4, Diff: 0.1, Sum: 9.4]
      [Termination (ms): Min: 0.0, Avg: 0.0, Max: 0.0, Diff: 0.0, Sum: 0.0]
      [GC Worker Other (ms): Min: 0.0, Avg: 0.0, Max: 0.0, Diff: 0.0, Sum: 0.1]
      [GC Worker Total (ms): Min: 2.9, Avg: 2.9, Max: 3.0, Diff: 0.1, Sum: 11.8]
      [GC Worker End (ms): Min: 256805.6, Avg: 256805.6, Max: 256805.6, Diff: 0.0]
   [Code Root Fixup: 0.0 ms]
   [Code Root Migration: 0.0 ms]
   [Clear CT: 0.1 ms]
   [Other: 189.7 ms]
      [Choose CSet: 0.0 ms]
      [Ref Proc: 188.7 ms]
      [Ref Enq: 0.5 ms]
      [Free CSet: 0.4 ms]
   [Eden: 185.0M(185.0M)->0.0B(186.0M) Survivors: 19.0M->18.0M Heap: 2147.0M(4096.0M)->1961.5M(4096.0M)]
 [Times: user=0.75 sys=0.00, real=0.19 secs] 
2016-01-06T01:00:20.901-0800: 257.022: [GC pause (young)
Desired survivor size 13631488 bytes, new threshold 1 (max 15)
- age   1:   17259832 bytes,   17259832 total
2016-01-06T01:00:21.090-0800: 257.211: [SoftReference, 0 refs, 0.0003950 secs]2016-01-06T01:00:21.091-0800: 257.212: [WeakReference, 0 refs, 0.0003000 secs]2016-01-06T01:00:21.091-0800: 257.212: [FinalReference, 0 refs, 0.0003590 secs]2016-01-06T01:00:21.091-0800: 257.212: [PhantomReference, 0 refs, 6276 refs, 0.0005540 secs]2016-01-06T01:00:21.092-0800: 257.213: [JNI Weak Reference, 0.0000090 secs], 0.1924310 secs]
   [Parallel Time: 3.0 ms, GC Workers: 4]
      [GC Worker Start (ms): Min: 257021.7, Avg: 257021.7, Max: 257021.7, Diff: 0.1]
      [Ext Root Scanning (ms): Min: 0.3, Avg: 0.4, Max: 0.4, Diff: 0.1, Sum: 1.5]
      [SATB Filtering (ms): Min: 0.0, Avg: 0.0, Max: 0.0, Diff: 0.0, Sum: 0.0]
      [Update RS (ms): Min: 0.0, Avg: 0.1, Max: 0.3, Diff: 0.3, Sum: 0.4]
         [Processed Buffers: Min: 0, Avg: 1.8, Max: 5, Diff: 5, Sum: 7]
      [Scan RS (ms): Min: 0.0, Avg: 0.1, Max: 0.1, Diff: 0.1, Sum: 0.3]
      [Code Root Scanning (ms): Min: 0.0, Avg: 0.0, Max: 0.0, Diff: 0.0, Sum: 0.0]
      [Object Copy (ms): Min: 2.3, Avg: 2.4, Max: 2.4, Diff: 0.1, Sum: 9.4]
      [Termination (ms): Min: 0.0, Avg: 0.0, Max: 0.0, Diff: 0.0, Sum: 0.0]
      [GC Worker Other (ms): Min: 0.0, Avg: 0.0, Max: 0.0, Diff: 0.0, Sum: 0.1]
      [GC Worker Total (ms): Min: 2.9, Avg: 2.9, Max: 3.0, Diff: 0.1, Sum: 11.8]
      [GC Worker End (ms): Min: 257024.6, Avg: 257024.6, Max: 257024.6, Diff: 0.0]
   [Code Root Fixup: 0.0 ms]
   [Code Root Migration: 0.0 ms]
   [Clear CT: 0.1 ms]
   [Other: 189.2 ms]
      [Choose CSet: 0.0 ms]
      [Ref Proc: 188.2 ms]
      [Ref Enq: 0.6 ms]
      [Free CSet: 0.4 ms]
   [Eden: 186.0M(186.0M)->0.0B(186.0M) Survivors: 18.0M->18.0M Heap: 2147.5M(4096.0M)->1961.6M(4096.0M)]
 [Times: user=0.72 sys=0.00, real=0.19 secs] 
2016-01-06T01:00:21.119-0800: 257.240: [GC pause (young)
Desired survivor size 13631488 bytes, new threshold 1 (max 15)
- age   1:   17262064 bytes,   17262064 total
2016-01-06T01:00:21.310-0800: 257.431: [SoftReference, 0 refs, 0.0004790 secs]2016-01-06T01:00:21.311-0800: 257.432: [WeakReference, 0 refs, 0.0003150 secs]2016-01-06T01:00:21.311-0800: 257.432: [FinalReference, 0 refs, 0.0002330 secs]2016-01-06T01:00:21.311-0800: 257.432: [PhantomReference, 0 refs, 6276 refs, 0.0005050 secs]2016-01-06T01:00:21.312-0800: 257.433: [JNI Weak Reference, 0.0000100 secs], 0.1936750 secs]
   [Parallel Time: 2.1 ms, GC Workers: 4]
      [GC Worker Start (ms): Min: 257240.3, Avg: 257240.7, Max: 257241.9, Diff: 1.6]
      [Ext Root Scanning (ms): Min: 0.0, Avg: 0.3, Max: 0.4, Diff: 0.4, Sum: 1.3]
      [SATB Filtering (ms): Min: 0.0, Avg: 0.0, Max: 0.0, Diff: 0.0, Sum: 0.0]
      [Update RS (ms): Min: 0.0, Avg: 0.1, Max: 0.2, Diff: 0.2, Sum: 0.3]
         [Processed Buffers: Min: 0, Avg: 1.8, Max: 3, Diff: 3, Sum: 7]
      [Scan RS (ms): Min: 0.0, Avg: 0.1, Max: 0.1, Diff: 0.1, Sum: 0.3]
      [Code Root Scanning (ms): Min: 0.0, Avg: 0.0, Max: 0.0, Diff: 0.0, Sum: 0.0]
      [Object Copy (ms): Min: 0.4, Avg: 1.1, Max: 1.3, Diff: 1.0, Sum: 4.3]
      [Termination (ms): Min: 0.0, Avg: 0.0, Max: 0.0, Diff: 0.0, Sum: 0.0]
      [GC Worker Other (ms): Min: 0.0, Avg: 0.0, Max: 0.0, Diff: 0.0, Sum: 0.1]
      [GC Worker Total (ms): Min: 0.4, Avg: 1.6, Max: 2.0, Diff: 1.6, Sum: 6.4]
      [GC Worker End (ms): Min: 257242.3, Avg: 257242.3, Max: 257242.3, Diff: 0.0]
   [Code Root Fixup: 0.0 ms]
   [Code Root Migration: 0.0 ms]
   [Clear CT: 0.1 ms]
   [Other: 191.4 ms]
      [Choose CSet: 0.0 ms]
      [Ref Proc: 190.4 ms]
      [Ref Enq: 0.6 ms]
      [Free CSet: 0.4 ms]
   [Eden: 186.0M(186.0M)->0.0B(203.0M) Survivors: 18.0M->6144.0K Heap: 2147.6M(4096.0M)->1949.1M(4096.0M)]
 [Times: user=0.74 sys=0.00, real=0.19 secs] 
2016-01-06T01:00:21.342-0800: 257.463: [GC pause (young)
Desired survivor size 14155776 bytes, new threshold 15 (max 15)
- age   1:    4096432 bytes,    4096432 total
2016-01-06T01:00:21.527-0800: 257.648: [SoftReference, 0 refs, 0.0004240 secs]2016-01-06T01:00:21.528-0800: 257.648: [WeakReference, 0 refs, 0.0002680 secs]2016-01-06T01:00:21.528-0800: 257.649: [FinalReference, 0 refs, 0.0003290 secs]2016-01-06T01:00:21.528-0800: 257.649: [PhantomReference, 0 refs, 6800 refs, 0.0006240 secs]2016-01-06T01:00:21.529-0800: 257.650: [JNI Weak Reference, 0.0000080 secs], 0.1883500 secs]
   [Parallel Time: 5.3 ms, GC Workers: 4]
      [GC Worker Start (ms): Min: 257462.6, Avg: 257463.9, Max: 257467.7, Diff: 5.1]
      [Ext Root Scanning (ms): Min: 0.0, Avg: 0.4, Max: 0.6, Diff: 0.6, Sum: 1.5]
      [SATB Filtering (ms): Min: 0.0, Avg: 0.0, Max: 0.0, Diff: 0.0, Sum: 0.0]
      [Update RS (ms): Min: 0.0, Avg: 0.1, Max: 0.3, Diff: 0.3, Sum: 0.4]
         [Processed Buffers: Min: 0, Avg: 1.5, Max: 3, Diff: 3, Sum: 6]
      [Scan RS (ms): Min: 0.0, Avg: 0.1, Max: 0.1, Diff: 0.1, Sum: 0.4]
      [Code Root Scanning (ms): Min: 0.0, Avg: 0.0, Max: 0.0, Diff: 0.0, Sum: 0.0]
      [Object Copy (ms): Min: 0.0, Avg: 2.0, Max: 2.7, Diff: 2.7, Sum: 8.0]
      [Termination (ms): Min: 0.0, Avg: 1.3, Max: 1.8, Diff: 1.8, Sum: 5.3]
      [GC Worker Other (ms): Min: 0.0, Avg: 0.0, Max: 0.0, Diff: 0.0, Sum: 0.0]
      [GC Worker Total (ms): Min: 0.1, Avg: 3.9, Max: 5.2, Diff: 5.1, Sum: 15.7]
      [GC Worker End (ms): Min: 257467.8, Avg: 257467.8, Max: 257467.8, Diff: 0.0]
   [Code Root Fixup: 0.0 ms]
   [Code Root Migration: 0.0 ms]
   [Clear CT: 0.2 ms]
   [Other: 182.8 ms]
      [Choose CSet: 0.0 ms]
      [Ref Proc: 181.8 ms]
      [Ref Enq: 0.6 ms]
      [Free CSet: 0.4 ms]
   [Eden: 203.0M(203.0M)->0.0B(1153.0M) Survivors: 6144.0K->19.0M Heap: 2152.1M(4096.0M)->1962.1M(4096.0M)]
 [Times: user=0.66 sys=0.00, real=0.19 secs] 
2016-01-06T01:00:21.690-0800: 257.811: [GC pause (young)
Desired survivor size 77070336 bytes, new threshold 15 (max 15)
- age   1:   17300008 bytes,   17300008 total
- age   2:      36864 bytes,   17336872 total
2016-01-06T01:00:21.893-0800: 258.014: [SoftReference, 0 refs, 0.0004810 secs]2016-01-06T01:00:21.893-0800: 258.014: [WeakReference, 0 refs, 0.0003690 secs]2016-01-06T01:00:21.894-0800: 258.015: [FinalReference, 0 refs, 0.0002600 secs]2016-01-06T01:00:21.894-0800: 258.015: [PhantomReference, 0 refs, 36253 refs, 0.0012440 secs]2016-01-06T01:00:21.895-0800: 258.016: [JNI Weak Reference, 0.0000120 secs], 0.2108730 secs]
   [Parallel Time: 8.7 ms, GC Workers: 4]
      [GC Worker Start (ms): Min: 257810.8, Avg: 257810.9, Max: 257810.9, Diff: 0.1]
      [Ext Root Scanning (ms): Min: 0.3, Avg: 0.4, Max: 0.4, Diff: 0.1, Sum: 1.4]
      [SATB Filtering (ms): Min: 0.0, Avg: 0.0, Max: 0.0, Diff: 0.0, Sum: 0.0]
      [Update RS (ms): Min: 0.0, Avg: 0.1, Max: 0.2, Diff: 0.2, Sum: 0.3]
         [Processed Buffers: Min: 0, Avg: 1.2, Max: 4, Diff: 4, Sum: 5]
      [Scan RS (ms): Min: 0.4, Avg: 0.5, Max: 0.6, Diff: 0.2, Sum: 2.0]
      [Code Root Scanning (ms): Min: 0.0, Avg: 0.1, Max: 0.1, Diff: 0.0, Sum: 0.3]
      [Object Copy (ms): Min: 7.5, Avg: 7.5, Max: 7.5, Diff: 0.0, Sum: 29.9]
      [Termination (ms): Min: 0.0, Avg: 0.0, Max: 0.0, Diff: 0.0, Sum: 0.0]
      [GC Worker Other (ms): Min: 0.0, Avg: 0.1, Max: 0.1, Diff: 0.0, Sum: 0.2]
      [GC Worker Total (ms): Min: 8.5, Avg: 8.5, Max: 8.6, Diff: 0.1, Sum: 34.1]
      [GC Worker End (ms): Min: 257819.4, Avg: 257819.4, Max: 257819.4, Diff: 0.0]
   [Code Root Fixup: 0.0 ms]
   [Code Root Migration: 0.2 ms]
   [Clear CT: 0.3 ms]
   [Other: 201.7 ms]
      [Choose CSet: 0.0 ms]
      [Ref Proc: 196.6 ms]
      [Ref Enq: 3.5 ms]
      [Free CSet: 1.4 ms]
   [Eden: 1153.0M(1153.0M)->0.0B(183.0M) Survivors: 19.0M->21.0M Heap: 3115.1M(4096.0M)->1964.1M(4096.0M)]
 [Times: user=0.80 sys=0.01, real=0.21 secs] 
2016-01-06T01:00:21.928-0800: 258.049: [GC pause (young)
Desired survivor size 13631488 bytes, new threshold 1 (max 15)
- age   1:   19420408 bytes,   19420408 total
- age   2:      36864 bytes,   19457272 total
2016-01-06T01:00:22.121-0800: 258.242: [SoftReference, 0 refs, 0.0005930 secs]2016-01-06T01:00:22.121-0800: 258.242: [WeakReference, 0 refs, 0.0003490 secs]2016-01-06T01:00:22.122-0800: 258.243: [FinalReference, 0 refs, 0.0003370 secs]2016-01-06T01:00:22.122-0800: 258.243: [PhantomReference, 0 refs, 6184 refs, 0.0006640 secs]2016-01-06T01:00:22.123-0800: 258.244: [JNI Weak Reference, 0.0000130 secs], 0.1954200 secs]
   [Parallel Time: 4.6 ms, GC Workers: 4]
      [GC Worker Start (ms): Min: 258049.4, Avg: 258050.5, Max: 258053.7, Diff: 4.3]
      [Ext Root Scanning (ms): Min: 0.0, Avg: 0.3, Max: 0.5, Diff: 0.5, Sum: 1.3]
      [SATB Filtering (ms): Min: 0.0, Avg: 0.0, Max: 0.0, Diff: 0.0, Sum: 0.0]
      [Update RS (ms): Min: 0.0, Avg: 0.1, Max: 0.2, Diff: 0.2, Sum: 0.3]
         [Processed Buffers: Min: 0, Avg: 1.2, Max: 4, Diff: 4, Sum: 5]
      [Scan RS (ms): Min: 0.0, Avg: 0.1, Max: 0.1, Diff: 0.1, Sum: 0.3]
      [Code Root Scanning (ms): Min: 0.0, Avg: 0.0, Max: 0.0, Diff: 0.0, Sum: 0.0]
      [Object Copy (ms): Min: 0.0, Avg: 1.6, Max: 2.2, Diff: 2.2, Sum: 6.5]
      [Termination (ms): Min: 0.0, Avg: 1.2, Max: 1.7, Diff: 1.7, Sum: 4.8]
      [GC Worker Other (ms): Min: 0.0, Avg: 0.0, Max: 0.0, Diff: 0.0, Sum: 0.1]
      [GC Worker Total (ms): Min: 0.1, Avg: 3.3, Max: 4.5, Diff: 4.4, Sum: 13.2]
      [GC Worker End (ms): Min: 258053.7, Avg: 258053.8, Max: 258053.9, Diff: 0.2]
   [Code Root Fixup: 0.0 ms]
   [Code Root Migration: 0.0 ms]
   [Clear CT: 0.1 ms]
   [Other: 190.7 ms]
      [Choose CSet: 0.0 ms]
      [Ref Proc: 189.7 ms]
      [Ref Enq: 0.5 ms]
      [Free CSet: 0.3 ms]
   [Eden: 183.0M(183.0M)->0.0B(185.0M) Survivors: 21.0M->19.0M Heap: 2147.1M(4096.0M)->1962.1M(4096.0M)]
 [Times: user=0.69 sys=0.01, real=0.19 secs] 
2016-01-06T01:00:22.152-0800: 258.273: [GC pause (young)
Desired survivor size 13631488 bytes, new threshold 1 (max 15)
- age   1:   17255368 bytes,   17255368 total
2016-01-06T01:00:22.341-0800: 258.462: [SoftReference, 0 refs, 0.0005790 secs]2016-01-06T01:00:22.342-0800: 258.463: [WeakReference, 0 refs, 0.0002420 secs]2016-01-06T01:00:22.342-0800: 258.463: [FinalReference, 0 refs, 0.0002200 secs]2016-01-06T01:00:22.342-0800: 258.463: [PhantomReference, 0 refs, 6245 refs, 0.0005700 secs]2016-01-06T01:00:22.343-0800: 258.464: [JNI Weak Reference, 0.0000090 secs], 0.1922020 secs]
   [Parallel Time: 3.0 ms, GC Workers: 4]
      [GC Worker Start (ms): Min: 258272.8, Avg: 258272.9, Max: 258272.9, Diff: 0.1]
      [Ext Root Scanning (ms): Min: 0.3, Avg: 0.4, Max: 0.4, Diff: 0.1, Sum: 1.4]
      [SATB Filtering (ms): Min: 0.0, Avg: 0.0, Max: 0.0, Diff: 0.0, Sum: 0.0]
      [Update RS (ms): Min: 0.0, Avg: 0.1, Max: 0.3, Diff: 0.3, Sum: 0.4]
         [Processed Buffers: Min: 0, Avg: 1.2, Max: 3, Diff: 3, Sum: 5]
      [Scan RS (ms): Min: 0.0, Avg: 0.1, Max: 0.1, Diff: 0.1, Sum: 0.3]
      [Code Root Scanning (ms): Min: 0.0, Avg: 0.0, Max: 0.0, Diff: 0.0, Sum: 0.0]
      [Object Copy (ms): Min: 2.2, Avg: 2.3, Max: 2.3, Diff: 0.1, Sum: 9.1]
      [Termination (ms): Min: 0.0, Avg: 0.0, Max: 0.0, Diff: 0.0, Sum: 0.0]
      [GC Worker Other (ms): Min: 0.0, Avg: 0.0, Max: 0.0, Diff: 0.0, Sum: 0.1]
      [GC Worker Total (ms): Min: 2.8, Avg: 2.8, Max: 2.9, Diff: 0.1, Sum: 11.3]
      [GC Worker End (ms): Min: 258275.7, Avg: 258275.7, Max: 258275.7, Diff: 0.0]
   [Code Root Fixup: 0.0 ms]
   [Code Root Migration: 0.0 ms]
   [Clear CT: 0.2 ms]
   [Other: 189.1 ms]
      [Choose CSet: 0.0 ms]
      [Ref Proc: 188.0 ms]
      [Ref Enq: 0.5 ms]
      [Free CSet: 0.4 ms]
   [Eden: 185.0M(185.0M)->0.0B(646.0M) Survivors: 19.0M->18.0M Heap: 2147.1M(4096.0M)->1961.7M(4096.0M)]
 [Times: user=0.73 sys=0.01, real=0.19 secs] 
2016-01-06T01:00:22.435-0800: 258.556: [GC pause (young)
Desired survivor size 43515904 bytes, new threshold 15 (max 15)
- age   1:   17259832 bytes,   17259832 total
2016-01-06T01:00:22.633-0800: 258.754: [SoftReference, 0 refs, 0.0005310 secs]2016-01-06T01:00:22.634-0800: 258.755: [WeakReference, 0 refs, 0.0003330 secs]2016-01-06T01:00:22.634-0800: 258.755: [FinalReference, 0 refs, 0.0003730 secs]2016-01-06T01:00:22.634-0800: 258.755: [PhantomReference, 0 refs, 20535 refs, 0.0011860 secs]2016-01-06T01:00:22.636-0800: 258.757: [JNI Weak Reference, 0.0000110 secs], 0.2031570 secs]
   [Parallel Time: 5.1 ms, GC Workers: 4]
      [GC Worker Start (ms): Min: 258556.4, Avg: 258556.4, Max: 258556.4, Diff: 0.1]
      [Ext Root Scanning (ms): Min: 0.3, Avg: 0.4, Max: 0.4, Diff: 0.1, Sum: 1.4]
      [SATB Filtering (ms): Min: 0.0, Avg: 0.0, Max: 0.0, Diff: 0.0, Sum: 0.0]
      [Update RS (ms): Min: 0.0, Avg: 0.1, Max: 0.3, Diff: 0.3, Sum: 0.4]
         [Processed Buffers: Min: 1, Avg: 1.5, Max: 2, Diff: 1, Sum: 6]
      [Scan RS (ms): Min: 0.2, Avg: 0.3, Max: 0.3, Diff: 0.2, Sum: 1.2]
      [Code Root Scanning (ms): Min: 0.0, Avg: 0.0, Max: 0.0, Diff: 0.0, Sum: 0.1]
      [Object Copy (ms): Min: 4.2, Avg: 4.2, Max: 4.2, Diff: 0.0, Sum: 16.8]
      [Termination (ms): Min: 0.0, Avg: 0.0, Max: 0.0, Diff: 0.0, Sum: 0.0]
      [GC Worker Other (ms): Min: 0.0, Avg: 0.0, Max: 0.0, Diff: 0.0, Sum: 0.1]
      [GC Worker Total (ms): Min: 5.0, Avg: 5.0, Max: 5.0, Diff: 0.1, Sum: 20.0]
      [GC Worker End (ms): Min: 258561.4, Avg: 258561.4, Max: 258561.4, Diff: 0.0]
   [Code Root Fixup: 0.0 ms]
   [Code Root Migration: 0.1 ms]
   [Clear CT: 0.3 ms]
   [Other: 197.7 ms]
      [Choose CSet: 0.0 ms]
      [Ref Proc: 195.1 ms]
      [Ref Enq: 1.5 ms]
      [Free CSet: 1.0 ms]
   [Eden: 646.0M(646.0M)->0.0B(184.0M) Survivors: 18.0M->20.0M Heap: 2607.7M(4096.0M)->1963.7M(4096.0M)]
 [Times: user=0.73 sys=0.00, real=0.21 secs] 
2016-01-06T01:00:22.670-0800: 258.790: [GC pause (young)
Desired survivor size 13631488 bytes, new threshold 1 (max 15)
- age   1:   18288784 bytes,   18288784 total
- age   2:      36864 bytes,   18325648 total
2016-01-06T01:00:22.860-0800: 258.981: [SoftReference, 0 refs, 0.0006000 secs]2016-01-06T01:00:22.861-0800: 258.982: [WeakReference, 0 refs, 0.0002510 secs]2016-01-06T01:00:22.861-0800: 258.982: [FinalReference, 0 refs, 0.0003230 secs]2016-01-06T01:00:22.862-0800: 258.982: [PhantomReference, 0 refs, 6215 refs, 0.0006880 secs]2016-01-06T01:00:22.862-0800: 258.983: [JNI Weak Reference, 0.0000120 secs], 0.1937850 secs]
   [Parallel Time: 3.0 ms, GC Workers: 4]
      [GC Worker Start (ms): Min: 258790.6, Avg: 258790.7, Max: 258791.1, Diff: 0.6]
      [Ext Root Scanning (ms): Min: 0.0, Avg: 0.3, Max: 0.5, Diff: 0.5, Sum: 1.3]
      [SATB Filtering (ms): Min: 0.0, Avg: 0.0, Max: 0.0, Diff: 0.0, Sum: 0.0]
      [Update RS (ms): Min: 0.0, Avg: 0.1, Max: 0.2, Diff: 0.2, Sum: 0.3]
         [Processed Buffers: Min: 0, Avg: 1.2, Max: 3, Diff: 3, Sum: 5]
      [Scan RS (ms): Min: 0.0, Avg: 0.1, Max: 0.2, Diff: 0.1, Sum: 0.3]
      [Code Root Scanning (ms): Min: 0.0, Avg: 0.0, Max: 0.0, Diff: 0.0, Sum: 0.0]
      [Object Copy (ms): Min: 2.2, Avg: 2.2, Max: 2.2, Diff: 0.0, Sum: 8.7]
      [Termination (ms): Min: 0.0, Avg: 0.0, Max: 0.0, Diff: 0.0, Sum: 0.0]
      [GC Worker Other (ms): Min: 0.0, Avg: 0.0, Max: 0.0, Diff: 0.0, Sum: 0.1]
      [GC Worker Total (ms): Min: 2.3, Avg: 2.7, Max: 2.9, Diff: 0.6, Sum: 10.8]
      [GC Worker End (ms): Min: 258793.4, Avg: 258793.4, Max: 258793.4, Diff: 0.0]
   [Code Root Fixup: 0.0 ms]
   [Code Root Migration: 0.0 ms]
   [Clear CT: 0.1 ms]
   [Other: 190.7 ms]
      [Choose CSet: 0.0 ms]
      [Ref Proc: 189.7 ms]
      [Ref Enq: 0.5 ms]
      [Free CSet: 0.4 ms]
   [Eden: 184.0M(184.0M)->0.0B(634.0M) Survivors: 20.0M->19.0M Heap: 2147.7M(4096.0M)->1962.2M(4096.0M)]
 [Times: user=0.75 sys=0.00, real=0.19 secs] 
2016-01-06T01:00:22.952-0800: 259.072: [GC pause (young)
Desired survivor size 42991616 bytes, new threshold 15 (max 15)
- age   1:   17257600 bytes,   17257600 total
2016-01-06T01:00:23.150-0800: 259.271: [SoftReference, 0 refs, 0.0004680 secs]2016-01-06T01:00:23.152-0800: 259.273: [WeakReference, 0 refs, 0.0003670 secs]2016-01-06T01:00:23.152-0800: 259.273: [FinalReference, 0 refs, 0.0003360 secs]2016-01-06T01:00:23.153-0800: 259.274: [PhantomReference, 0 refs, 20164 refs, 0.0010120 secs]2016-01-06T01:00:23.154-0800: 259.275: [JNI Weak Reference, 0.0000090 secs], 0.2056010 secs]
   [Parallel Time: 5.1 ms, GC Workers: 4]
      [GC Worker Start (ms): Min: 259072.5, Avg: 259072.5, Max: 259072.6, Diff: 0.1]
      [Ext Root Scanning (ms): Min: 0.3, Avg: 0.4, Max: 0.4, Diff: 0.0, Sum: 1.4]
      [SATB Filtering (ms): Min: 0.0, Avg: 0.0, Max: 0.0, Diff: 0.0, Sum: 0.0]
      [Update RS (ms): Min: 0.0, Avg: 0.1, Max: 0.3, Diff: 0.3, Sum: 0.4]
         [Processed Buffers: Min: 0, Avg: 1.5, Max: 3, Diff: 3, Sum: 6]
      [Scan RS (ms): Min: 0.2, Avg: 0.3, Max: 0.3, Diff: 0.2, Sum: 1.1]
      [Code Root Scanning (ms): Min: 0.0, Avg: 0.0, Max: 0.0, Diff: 0.0, Sum: 0.1]
      [Object Copy (ms): Min: 4.1, Avg: 4.1, Max: 4.1, Diff: 0.0, Sum: 16.5]
      [Termination (ms): Min: 0.0, Avg: 0.0, Max: 0.0, Diff: 0.0, Sum: 0.0]
      [GC Worker Other (ms): Min: 0.0, Avg: 0.0, Max: 0.1, Diff: 0.1, Sum: 0.1]
      [GC Worker Total (ms): Min: 4.9, Avg: 4.9, Max: 5.0, Diff: 0.1, Sum: 19.7]
      [GC Worker End (ms): Min: 259077.5, Avg: 259077.5, Max: 259077.5, Diff: 0.0]
   [Code Root Fixup: 0.0 ms]
   [Code Root Migration: 0.1 ms]
   [Clear CT: 0.3 ms]
   [Other: 200.1 ms]
      [Choose CSet: 0.0 ms]
      [Ref Proc: 197.0 ms]
      [Ref Enq: 2.0 ms]
      [Free CSet: 1.0 ms]
   [Eden: 634.0M(634.0M)->0.0B(184.0M) Survivors: 19.0M->20.0M Heap: 2596.2M(4096.0M)->1963.7M(4096.0M)]
 [Times: user=0.76 sys=0.00, real=0.21 secs] 
2016-01-06T01:00:23.186-0800: 259.307: [GC pause (young)
Desired survivor size 13631488 bytes, new threshold 1 (max 15)
- age   1:   18262000 bytes,   18262000 total
- age   2:      36864 bytes,   18298864 total
2016-01-06T01:00:23.380-0800: 259.501: [SoftReference, 0 refs, 0.0006130 secs]2016-01-06T01:00:23.381-0800: 259.502: [WeakReference, 0 refs, 0.0005410 secs]2016-01-06T01:00:23.381-0800: 259.502: [FinalReference, 0 refs, 0.0002870 secs]2016-01-06T01:00:23.382-0800: 259.503: [PhantomReference, 0 refs, 6215 refs, 0.0008450 secs]2016-01-06T01:00:23.383-0800: 259.504: [JNI Weak Reference, 0.0000120 secs], 0.1975140 secs]
   [Parallel Time: 3.2 ms, GC Workers: 4]
      [GC Worker Start (ms): Min: 259307.1, Avg: 259307.2, Max: 259307.2, Diff: 0.1]
      [Ext Root Scanning (ms): Min: 0.4, Avg: 1.0, Max: 2.9, Diff: 2.5, Sum: 4.1]
      [SATB Filtering (ms): Min: 0.0, Avg: 0.0, Max: 0.0, Diff: 0.0, Sum: 0.0]
      [Update RS (ms): Min: 0.0, Avg: 0.1, Max: 0.2, Diff: 0.2, Sum: 0.2]
         [Processed Buffers: Min: 0, Avg: 1.5, Max: 4, Diff: 4, Sum: 6]
      [Scan RS (ms): Min: 0.0, Avg: 0.1, Max: 0.2, Diff: 0.1, Sum: 0.4]
      [Code Root Scanning (ms): Min: 0.0, Avg: 0.0, Max: 0.0, Diff: 0.0, Sum: 0.0]
      [Object Copy (ms): Min: 0.2, Avg: 1.9, Max: 2.5, Diff: 2.3, Sum: 7.5]
      [Termination (ms): Min: 0.0, Avg: 0.0, Max: 0.0, Diff: 0.0, Sum: 0.0]
      [GC Worker Other (ms): Min: 0.0, Avg: 0.0, Max: 0.1, Diff: 0.0, Sum: 0.2]
      [GC Worker Total (ms): Min: 3.1, Avg: 3.1, Max: 3.1, Diff: 0.1, Sum: 12.4]
      [GC Worker End (ms): Min: 259310.3, Avg: 259310.3, Max: 259310.3, Diff: 0.0]
   [Code Root Fixup: 0.0 ms]
   [Code Root Migration: 0.0 ms]
   [Clear CT: 0.2 ms]
   [Other: 194.1 ms]
      [Choose CSet: 0.0 ms]
      [Ref Proc: 193.2 ms]
      [Ref Enq: 0.4 ms]
      [Free CSet: 0.4 ms]
   [Eden: 184.0M(184.0M)->0.0B(185.0M) Survivors: 20.0M->19.0M Heap: 2147.7M(4096.0M)->1962.3M(4096.0M)]
 [Times: user=0.74 sys=0.00, real=0.19 secs] 
2016-01-06T01:00:23.412-0800: 259.533: [GC pause (young)
Desired survivor size 13631488 bytes, new threshold 1 (max 15)
- age   1:   17257600 bytes,   17257600 total
2016-01-06T01:00:23.602-0800: 259.723: [SoftReference, 0 refs, 0.0006240 secs]2016-01-06T01:00:23.602-0800: 259.723: [WeakReference, 0 refs, 0.0003310 secs]2016-01-06T01:00:23.603-0800: 259.724: [FinalReference, 0 refs, 0.0002400 secs]2016-01-06T01:00:23.603-0800: 259.724: [PhantomReference, 0 refs, 6243 refs, 0.0006210 secs]2016-01-06T01:00:23.604-0800: 259.724: [JNI Weak Reference, 0.0000090 secs], 0.1925980 secs]
   [Parallel Time: 3.1 ms, GC Workers: 4]
      [GC Worker Start (ms): Min: 259533.0, Avg: 259533.3, Max: 259533.9, Diff: 0.9]
      [Ext Root Scanning (ms): Min: 0.0, Avg: 0.3, Max: 0.4, Diff: 0.4, Sum: 1.2]
      [SATB Filtering (ms): Min: 0.0, Avg: 0.0, Max: 0.0, Diff: 0.0, Sum: 0.0]
      [Update RS (ms): Min: 0.0, Avg: 0.1, Max: 0.2, Diff: 0.2, Sum: 0.3]
         [Processed Buffers: Min: 0, Avg: 1.2, Max: 4, Diff: 4, Sum: 5]
      [Scan RS (ms): Min: 0.0, Avg: 0.1, Max: 0.1, Diff: 0.1, Sum: 0.3]
      [Code Root Scanning (ms): Min: 0.0, Avg: 0.0, Max: 0.0, Diff: 0.0, Sum: 0.0]
      [Object Copy (ms): Min: 2.1, Avg: 2.3, Max: 2.4, Diff: 0.2, Sum: 9.2]
      [Termination (ms): Min: 0.0, Avg: 0.0, Max: 0.0, Diff: 0.0, Sum: 0.0]
      [GC Worker Other (ms): Min: 0.0, Avg: 0.0, Max: 0.0, Diff: 0.0, Sum: 0.1]
      [GC Worker Total (ms): Min: 2.2, Avg: 2.8, Max: 3.0, Diff: 0.9, Sum: 11.2]
      [GC Worker End (ms): Min: 259536.1, Avg: 259536.1, Max: 259536.1, Diff: 0.0]
   [Code Root Fixup: 0.0 ms]
   [Code Root Migration: 0.0 ms]
   [Clear CT: 0.1 ms]
   [Other: 189.3 ms]
      [Choose CSet: 0.0 ms]
      [Ref Proc: 188.3 ms]
      [Ref Enq: 0.5 ms]
      [Free CSet: 0.4 ms]
   [Eden: 185.0M(185.0M)->0.0B(669.0M) Survivors: 19.0M->18.0M Heap: 2147.3M(4096.0M)->1961.8M(4096.0M)]
 [Times: user=0.74 sys=0.01, real=0.19 secs] 
2016-01-06T01:00:23.706-0800: 259.827: [GC pause (young)
Desired survivor size 45088768 bytes, new threshold 15 (max 15)
- age   1:   17259832 bytes,   17259832 total
2016-01-06T01:00:23.901-0800: 260.022: [SoftReference, 0 refs, 0.0006000 secs]2016-01-06T01:00:23.902-0800: 260.023: [WeakReference, 0 refs, 0.0002310 secs]2016-01-06T01:00:23.902-0800: 260.023: [FinalReference, 0 refs, 0.0003320 secs]2016-01-06T01:00:23.903-0800: 260.024: [PhantomReference, 0 refs, 21246 refs, 0.0007820 secs]2016-01-06T01:00:23.903-0800: 260.024: [JNI Weak Reference, 0.0000080 secs], 0.2005470 secs]
   [Parallel Time: 5.4 ms, GC Workers: 4]
      [GC Worker Start (ms): Min: 259827.3, Avg: 259827.4, Max: 259827.4, Diff: 0.1]
      [Ext Root Scanning (ms): Min: 0.3, Avg: 0.4, Max: 0.4, Diff: 0.1, Sum: 1.4]
      [SATB Filtering (ms): Min: 0.0, Avg: 0.0, Max: 0.0, Diff: 0.0, Sum: 0.0]
      [Update RS (ms): Min: 0.0, Avg: 0.1, Max: 0.3, Diff: 0.3, Sum: 0.4]
         [Processed Buffers: Min: 1, Avg: 1.8, Max: 4, Diff: 3, Sum: 7]
      [Scan RS (ms): Min: 0.2, Avg: 0.3, Max: 0.4, Diff: 0.2, Sum: 1.2]
      [Code Root Scanning (ms): Min: 0.0, Avg: 0.0, Max: 0.0, Diff: 0.0, Sum: 0.1]
      [Object Copy (ms): Min: 4.4, Avg: 4.4, Max: 4.4, Diff: 0.0, Sum: 17.6]
      [Termination (ms): Min: 0.0, Avg: 0.0, Max: 0.0, Diff: 0.0, Sum: 0.0]
      [GC Worker Other (ms): Min: 0.0, Avg: 0.0, Max: 0.1, Diff: 0.1, Sum: 0.2]
      [GC Worker Total (ms): Min: 5.2, Avg: 5.2, Max: 5.3, Diff: 0.1, Sum: 21.0]
      [GC Worker End (ms): Min: 259832.6, Avg: 259832.6, Max: 259832.6, Diff: 0.1]
   [Code Root Fixup: 0.0 ms]
   [Code Root Migration: 0.1 ms]
   [Clear CT: 0.2 ms]
   [Other: 194.8 ms]
      [Choose CSet: 0.0 ms]
      [Ref Proc: 191.6 ms]
      [Ref Enq: 2.0 ms]
      [Free CSet: 1.1 ms]
   [Eden: 669.0M(669.0M)->0.0B(508.0M) Survivors: 18.0M->20.0M Heap: 2630.8M(4096.0M)->1963.8M(4096.0M)]
 [Times: user=0.77 sys=0.01, real=0.20 secs] 
2016-01-06T01:00:23.981-0800: 260.101: [GC pause (young)
Desired survivor size 34603008 bytes, new threshold 15 (max 15)
- age   1:   18340120 bytes,   18340120 total
- age   2:      36864 bytes,   18376984 total
2016-01-06T01:00:24.172-0800: 260.293: [SoftReference, 0 refs, 0.0005930 secs]2016-01-06T01:00:24.173-0800: 260.294: [WeakReference, 0 refs, 0.0003270 secs]2016-01-06T01:00:24.173-0800: 260.294: [FinalReference, 0 refs, 0.0002090 secs]2016-01-06T01:00:24.173-0800: 260.294: [PhantomReference, 0 refs, 16258 refs, 0.0007860 secs]2016-01-06T01:00:24.174-0800: 260.295: [JNI Weak Reference, 0.0000090 secs], 0.1962990 secs]
   [Parallel Time: 4.4 ms, GC Workers: 4]
      [GC Worker Start (ms): Min: 260101.5, Avg: 260101.6, Max: 260101.6, Diff: 0.1]
      [Ext Root Scanning (ms): Min: 0.3, Avg: 0.4, Max: 0.4, Diff: 0.1, Sum: 1.5]
      [SATB Filtering (ms): Min: 0.0, Avg: 0.0, Max: 0.0, Diff: 0.0, Sum: 0.0]
      [Update RS (ms): Min: 0.0, Avg: 0.1, Max: 0.3, Diff: 0.3, Sum: 0.3]
         [Processed Buffers: Min: 0, Avg: 1.5, Max: 4, Diff: 4, Sum: 6]
      [Scan RS (ms): Min: 0.1, Avg: 0.2, Max: 0.3, Diff: 0.2, Sum: 0.9]
      [Code Root Scanning (ms): Min: 0.0, Avg: 0.0, Max: 0.0, Diff: 0.0, Sum: 0.1]
      [Object Copy (ms): Min: 3.5, Avg: 3.5, Max: 3.6, Diff: 0.0, Sum: 14.2]
      [Termination (ms): Min: 0.0, Avg: 0.0, Max: 0.0, Diff: 0.0, Sum: 0.1]
      [GC Worker Other (ms): Min: 0.0, Avg: 0.0, Max: 0.0, Diff: 0.0, Sum: 0.1]
      [GC Worker Total (ms): Min: 4.3, Avg: 4.3, Max: 4.3, Diff: 0.1, Sum: 17.2]
      [GC Worker End (ms): Min: 260105.9, Avg: 260105.9, Max: 260105.9, Diff: 0.0]
   [Code Root Fixup: 0.0 ms]
   [Code Root Migration: 0.1 ms]
   [Clear CT: 0.2 ms]
   [Other: 191.6 ms]
      [Choose CSet: 0.0 ms]
      [Ref Proc: 189.2 ms]
      [Ref Enq: 1.6 ms]
      [Free CSet: 0.8 ms]
   [Eden: 508.0M(508.0M)->0.0B(811.0M) Survivors: 20.0M->19.0M Heap: 2471.8M(4096.0M)->1962.8M(4096.0M)]
 [Times: user=0.73 sys=0.00, real=0.20 secs] 
2016-01-06T01:00:24.291-0800: 260.412: [GC pause (young)
Desired survivor size 54525952 bytes, new threshold 15 (max 15)
- age   1:   17980768 bytes,   17980768 total
- age   2:      36864 bytes,   18017632 total
2016-01-06T01:00:24.491-0800: 260.612: [SoftReference, 0 refs, 0.0004900 secs]2016-01-06T01:00:24.491-0800: 260.612: [WeakReference, 0 refs, 0.0003330 secs]2016-01-06T01:00:24.491-0800: 260.612: [FinalReference, 0 refs, 0.0002190 secs]2016-01-06T01:00:24.492-0800: 260.613: [PhantomReference, 0 refs, 25649 refs, 0.0011720 secs]2016-01-06T01:00:24.493-0800: 260.614: [JNI Weak Reference, 0.0000090 secs], 0.2049150 secs]
   [Parallel Time: 8.0 ms, GC Workers: 4]
      [GC Worker Start (ms): Min: 260412.5, Avg: 260413.8, Max: 260417.9, Diff: 5.4]
      [Ext Root Scanning (ms): Min: 0.0, Avg: 0.3, Max: 0.5, Diff: 0.5, Sum: 1.3]
      [SATB Filtering (ms): Min: 0.0, Avg: 0.0, Max: 0.0, Diff: 0.0, Sum: 0.0]
      [Update RS (ms): Min: 0.0, Avg: 0.1, Max: 0.2, Diff: 0.2, Sum: 0.2]
         [Processed Buffers: Min: 0, Avg: 1.5, Max: 5, Diff: 5, Sum: 6]
      [Scan RS (ms): Min: 0.2, Avg: 0.3, Max: 0.5, Diff: 0.3, Sum: 1.4]
      [Code Root Scanning (ms): Min: 0.0, Avg: 0.0, Max: 0.1, Diff: 0.1, Sum: 0.2]
      [Object Copy (ms): Min: 2.2, Avg: 5.7, Max: 6.9, Diff: 4.6, Sum: 22.8]
      [Termination (ms): Min: 0.0, Avg: 0.0, Max: 0.0, Diff: 0.0, Sum: 0.0]
      [GC Worker Other (ms): Min: 0.0, Avg: 0.0, Max: 0.1, Diff: 0.1, Sum: 0.2]
      [GC Worker Total (ms): Min: 2.5, Avg: 6.5, Max: 7.9, Diff: 5.4, Sum: 26.0]
      [GC Worker End (ms): Min: 260420.3, Avg: 260420.3, Max: 260420.4, Diff: 0.1]
   [Code Root Fixup: 0.0 ms]
   [Code Root Migration: 0.1 ms]
   [Clear CT: 0.3 ms]
   [Other: 196.5 ms]
      [Choose CSet: 0.0 ms]
      [Ref Proc: 193.3 ms]
      [Ref Enq: 2.0 ms]
      [Free CSet: 1.2 ms]
   [Eden: 811.0M(811.0M)->0.0B(184.0M) Survivors: 19.0M->20.0M Heap: 2773.8M(4096.0M)->1963.3M(4096.0M)]
 [Times: user=0.77 sys=0.01, real=0.20 secs] 
2016-01-06T01:00:24.525-0800: 260.646: [GC pause (young)
Desired survivor size 13631488 bytes, new threshold 1 (max 15)
- age   1:   18657064 bytes,   18657064 total
- age   2:      36864 bytes,   18693928 total
2016-01-06T01:00:24.717-0800: 260.838: [SoftReference, 0 refs, 0.0004320 secs]2016-01-06T01:00:24.718-0800: 260.839: [WeakReference, 0 refs, 0.0002790 secs]2016-01-06T01:00:24.718-0800: 260.839: [FinalReference, 0 refs, 0.0002630 secs]2016-01-06T01:00:24.718-0800: 260.839: [PhantomReference, 0 refs, 6213 refs, 0.0005390 secs]2016-01-06T01:00:24.719-0800: 260.840: [JNI Weak Reference, 0.0000140 secs], 0.1949170 secs]
   [Parallel Time: 2.9 ms, GC Workers: 4]
      [GC Worker Start (ms): Min: 260646.0, Avg: 260646.0, Max: 260646.1, Diff: 0.1]
      [Ext Root Scanning (ms): Min: 0.3, Avg: 0.4, Max: 0.4, Diff: 0.1, Sum: 1.4]
      [SATB Filtering (ms): Min: 0.0, Avg: 0.0, Max: 0.0, Diff: 0.0, Sum: 0.0]
      [Update RS (ms): Min: 0.0, Avg: 0.1, Max: 0.3, Diff: 0.3, Sum: 0.3]
         [Processed Buffers: Min: 0, Avg: 1.2, Max: 3, Diff: 3, Sum: 5]
      [Scan RS (ms): Min: 0.0, Avg: 0.1, Max: 0.1, Diff: 0.1, Sum: 0.3]
      [Code Root Scanning (ms): Min: 0.0, Avg: 0.0, Max: 0.0, Diff: 0.0, Sum: 0.0]
      [Object Copy (ms): Min: 2.2, Avg: 2.3, Max: 2.3, Diff: 0.1, Sum: 9.1]
      [Termination (ms): Min: 0.0, Avg: 0.0, Max: 0.0, Diff: 0.0, Sum: 0.0]
      [GC Worker Other (ms): Min: 0.0, Avg: 0.0, Max: 0.0, Diff: 0.0, Sum: 0.1]
      [GC Worker Total (ms): Min: 2.8, Avg: 2.8, Max: 2.8, Diff: 0.1, Sum: 11.3]
      [GC Worker End (ms): Min: 260648.8, Avg: 260648.8, Max: 260648.8, Diff: 0.0]
   [Code Root Fixup: 0.0 ms]
   [Code Root Migration: 0.0 ms]
   [Clear CT: 0.1 ms]
   [Other: 191.8 ms]
      [Choose CSet: 0.0 ms]
      [Ref Proc: 190.9 ms]
      [Ref Enq: 0.6 ms]
      [Free CSet: 0.4 ms]
   [Eden: 184.0M(184.0M)->0.0B(509.0M) Survivors: 20.0M->19.0M Heap: 2147.3M(4096.0M)->1962.3M(4096.0M)]
 [Times: user=0.69 sys=0.01, real=0.19 secs] 
2016-01-06T01:00:24.797-0800: 260.918: [GC pause (young)
Desired survivor size 34603008 bytes, new threshold 15 (max 15)
- age   1:   17257600 bytes,   17257600 total
2016-01-06T01:00:24.990-0800: 261.111: [SoftReference, 0 refs, 0.0004120 secs]2016-01-06T01:00:24.990-0800: 261.111: [WeakReference, 0 refs, 0.0002410 secs]2016-01-06T01:00:24.990-0800: 261.111: [FinalReference, 0 refs, 0.0003440 secs]2016-01-06T01:00:24.991-0800: 261.112: [PhantomReference, 0 refs, 16287 refs, 0.0008700 secs]2016-01-06T01:00:24.992-0800: 261.113: [JNI Weak Reference, 0.0000090 secs], 0.1969700 secs]
   [Parallel Time: 4.6 ms, GC Workers: 4]
      [GC Worker Start (ms): Min: 260918.5, Avg: 260919.3, Max: 260921.9, Diff: 3.5]
      [Ext Root Scanning (ms): Min: 0.0, Avg: 0.3, Max: 0.5, Diff: 0.5, Sum: 1.3]
      [SATB Filtering (ms): Min: 0.0, Avg: 0.0, Max: 0.0, Diff: 0.0, Sum: 0.0]
      [Update RS (ms): Min: 0.0, Avg: 0.1, Max: 0.2, Diff: 0.2, Sum: 0.3]
         [Processed Buffers: Min: 0, Avg: 1.5, Max: 3, Diff: 3, Sum: 6]
      [Scan RS (ms): Min: 0.1, Avg: 0.2, Max: 0.3, Diff: 0.1, Sum: 0.8]
      [Code Root Scanning (ms): Min: 0.0, Avg: 0.0, Max: 0.0, Diff: 0.0, Sum: 0.1]
      [Object Copy (ms): Min: 0.9, Avg: 3.0, Max: 3.7, Diff: 2.8, Sum: 11.9]
      [Termination (ms): Min: 0.0, Avg: 0.0, Max: 0.0, Diff: 0.0, Sum: 0.0]
      [GC Worker Other (ms): Min: 0.0, Avg: 0.0, Max: 0.0, Diff: 0.0, Sum: 0.1]
      [GC Worker Total (ms): Min: 1.1, Avg: 3.6, Max: 4.5, Diff: 3.4, Sum: 14.5]
      [GC Worker End (ms): Min: 260923.0, Avg: 260923.0, Max: 260923.0, Diff: 0.0]
   [Code Root Fixup: 0.0 ms]
   [Code Root Migration: 0.1 ms]
   [Clear CT: 0.2 ms]
   [Other: 192.1 ms]
      [Choose CSet: 0.0 ms]
      [Ref Proc: 189.6 ms]
      [Ref Enq: 1.6 ms]
      [Free CSet: 0.8 ms]
   [Eden: 509.0M(509.0M)->0.0B(766.0M) Survivors: 19.0M->19.0M Heap: 2471.3M(4096.0M)->1962.8M(4096.0M)]
 [Times: user=0.76 sys=0.00, real=0.19 secs] 
2016-01-06T01:00:25.110-0800: 261.231: [GC pause (young)
Desired survivor size 51904512 bytes, new threshold 15 (max 15)
- age   1:   17983000 bytes,   17983000 total
- age   2:      36864 bytes,   18019864 total
2016-01-06T01:00:25.302-0800: 261.423: [SoftReference, 0 refs, 0.0004220 secs]2016-01-06T01:00:25.302-0800: 261.423: [WeakReference, 0 refs, 0.0002060 secs]2016-01-06T01:00:25.303-0800: 261.424: [FinalReference, 0 refs, 0.0003530 secs]2016-01-06T01:00:25.303-0800: 261.424: [PhantomReference, 0 refs, 24255 refs, 0.0011920 secs]2016-01-06T01:00:25.304-0800: 261.425: [JNI Weak Reference, 0.0000090 secs], 0.1977790 secs]
   [Parallel Time: 6.1 ms, GC Workers: 4]
      [GC Worker Start (ms): Min: 261231.2, Avg: 261231.3, Max: 261231.3, Diff: 0.1]
      [Ext Root Scanning (ms): Min: 0.3, Avg: 0.4, Max: 0.4, Diff: 0.1, Sum: 1.4]
      [SATB Filtering (ms): Min: 0.0, Avg: 0.0, Max: 0.0, Diff: 0.0, Sum: 0.0]
      [Update RS (ms): Min: 0.0, Avg: 0.1, Max: 0.3, Diff: 0.3, Sum: 0.3]
         [Processed Buffers: Min: 0, Avg: 1.5, Max: 4, Diff: 4, Sum: 6]
      [Scan RS (ms): Min: 0.2, Avg: 0.3, Max: 0.4, Diff: 0.2, Sum: 1.4]
      [Code Root Scanning (ms): Min: 0.0, Avg: 0.0, Max: 0.1, Diff: 0.0, Sum: 0.2]
      [Object Copy (ms): Min: 5.1, Avg: 5.1, Max: 5.2, Diff: 0.0, Sum: 20.5]
      [Termination (ms): Min: 0.0, Avg: 0.0, Max: 0.0, Diff: 0.0, Sum: 0.0]
      [GC Worker Other (ms): Min: 0.0, Avg: 0.0, Max: 0.1, Diff: 0.1, Sum: 0.2]
      [GC Worker Total (ms): Min: 6.0, Avg: 6.0, Max: 6.0, Diff: 0.1, Sum: 24.0]
      [GC Worker End (ms): Min: 261237.2, Avg: 261237.3, Max: 261237.3, Diff: 0.1]
   [Code Root Fixup: 0.0 ms]
   [Code Root Migration: 0.1 ms]
   [Clear CT: 0.2 ms]
   [Other: 191.3 ms]
      [Choose CSet: 0.0 ms]
      [Ref Proc: 187.8 ms]
      [Ref Enq: 2.4 ms]
      [Free CSet: 1.1 ms]
   [Eden: 766.0M(766.0M)->0.0B(892.0M) Survivors: 19.0M->20.0M Heap: 2728.8M(4096.0M)->1963.8M(4096.0M)]
 [Times: user=0.76 sys=0.00, real=0.20 secs] 
2016-01-06T01:00:25.441-0800: 261.561: [GC pause (young)
Desired survivor size 59768832 bytes, new threshold 15 (max 15)
- age   1:   18556624 bytes,   18556624 total
- age   2:      36864 bytes,   18593488 total
2016-01-06T01:00:25.637-0800: 261.758: [SoftReference, 0 refs, 0.0003950 secs]2016-01-06T01:00:25.638-0800: 261.758: [WeakReference, 0 refs, 0.0003670 secs]2016-01-06T01:00:25.638-0800: 261.759: [FinalReference, 0 refs, 0.0002420 secs]2016-01-06T01:00:25.638-0800: 261.759: [PhantomReference, 0 refs, 28161 refs, 0.0010670 secs]2016-01-06T01:00:25.639-0800: 261.760: [JNI Weak Reference, 0.0000100 secs], 0.2025540 secs]
   [Parallel Time: 8.7 ms, GC Workers: 4]
      [GC Worker Start (ms): Min: 261561.6, Avg: 261562.7, Max: 261566.0, Diff: 4.5]
      [Ext Root Scanning (ms): Min: 0.0, Avg: 0.4, Max: 0.5, Diff: 0.5, Sum: 1.5]
      [SATB Filtering (ms): Min: 0.0, Avg: 0.0, Max: 0.0, Diff: 0.0, Sum: 0.0]
      [Update RS (ms): Min: 0.0, Avg: 0.1, Max: 0.3, Diff: 0.3, Sum: 0.3]
         [Processed Buffers: Min: 0, Avg: 1.2, Max: 2, Diff: 2, Sum: 5]
      [Scan RS (ms): Min: 0.2, Avg: 0.4, Max: 0.6, Diff: 0.3, Sum: 1.8]
      [Code Root Scanning (ms): Min: 0.0, Avg: 0.0, Max: 0.1, Diff: 0.1, Sum: 0.2]
      [Object Copy (ms): Min: 3.7, Avg: 6.4, Max: 7.3, Diff: 3.7, Sum: 25.5]
      [Termination (ms): Min: 0.0, Avg: 0.1, Max: 0.1, Diff: 0.1, Sum: 0.4]
      [GC Worker Other (ms): Min: 0.0, Avg: 0.0, Max: 0.0, Diff: 0.0, Sum: 0.1]
      [GC Worker Total (ms): Min: 4.1, Avg: 7.4, Max: 8.6, Diff: 4.5, Sum: 29.7]
      [GC Worker End (ms): Min: 261570.1, Avg: 261570.1, Max: 261570.1, Diff: 0.0]
   [Code Root Fixup: 0.0 ms]
   [Code Root Migration: 0.1 ms]
   [Clear CT: 0.3 ms]
   [Other: 193.5 ms]
      [Choose CSet: 0.0 ms]
      [Ref Proc: 190.0 ms]
      [Ref Enq: 2.2 ms]
      [Free CSet: 1.2 ms]
   [Eden: 892.0M(892.0M)->0.0B(542.0M) Survivors: 20.0M->20.0M Heap: 2855.8M(4096.0M)->1963.8M(4096.0M)]
 [Times: user=0.76 sys=0.00, real=0.20 secs] 
2016-01-06T01:00:25.708-0800: 261.829: [GC concurrent-mark-end, 15.4705760 secs]
2016-01-06T01:00:25.708-0800: 261.829: [GC remark 2016-01-06T01:00:25.709-0800: 261.830: [GC ref-proc2016-01-06T01:00:25.709-0800: 261.830: [SoftReference, 0 refs, 0.0005950 secs]2016-01-06T01:00:25.710-0800: 261.831: [WeakReference, 0 refs, 0.0074320 secs]2016-01-06T01:00:25.717-0800: 261.838: [FinalReference, 4 refs, 0.0003240 secs]2016-01-06T01:00:25.717-0800: 261.838: [PhantomReference, 0 refs, 10438428 refs, 0.7577670 secs]2016-01-06T01:00:26.475-0800: 262.596: [JNI Weak Reference, 0.0000170 secs], 0.7663200 secs], 0.7753760 secs]
 [Times: user=1.96 sys=0.94, real=0.77 secs] 
2016-01-06T01:00:26.484-0800: 262.604: [GC cleanup 2423M->2421M(4096M), 0.0050780 secs]
 [Times: user=0.02 sys=0.00, real=0.01 secs] 
2016-01-06T01:00:26.489-0800: 262.610: [GC concurrent-cleanup-start]
2016-01-06T01:00:26.489-0800: 262.610: [GC concurrent-cleanup-end, 0.0000200 secs]
2016-01-06T01:00:26.501-0800: 262.622: [GC pause (young)
Desired survivor size 37224448 bytes, new threshold 15 (max 15)
- age   1:   18837856 bytes,   18837856 total
- age   2:      36864 bytes,   18874720 total
2016-01-06T01:00:26.506-0800: 262.627: [SoftReference, 0 refs, 0.0004740 secs]2016-01-06T01:00:26.506-0800: 262.627: [WeakReference, 0 refs, 0.0003250 secs]2016-01-06T01:00:26.507-0800: 262.628: [FinalReference, 0 refs, 0.0003590 secs]2016-01-06T01:00:26.507-0800: 262.628: [PhantomReference, 0 refs, 17311 refs, 0.0006910 secs]2016-01-06T01:00:26.508-0800: 262.629: [JNI Weak Reference, 0.0000090 secs], 0.0081240 secs]
   [Parallel Time: 4.6 ms, GC Workers: 4]
      [GC Worker Start (ms): Min: 262622.0, Avg: 262622.0, Max: 262622.1, Diff: 0.1]
      [Ext Root Scanning (ms): Min: 0.3, Avg: 0.4, Max: 0.4, Diff: 0.1, Sum: 1.4]
      [Update RS (ms): Min: 0.0, Avg: 0.1, Max: 0.3, Diff: 0.3, Sum: 0.3]
         [Processed Buffers: Min: 0, Avg: 1.2, Max: 2, Diff: 2, Sum: 5]
      [Scan RS (ms): Min: 0.1, Avg: 0.2, Max: 0.3, Diff: 0.2, Sum: 1.0]
      [Code Root Scanning (ms): Min: 0.0, Avg: 0.0, Max: 0.0, Diff: 0.0, Sum: 0.1]
      [Object Copy (ms): Min: 3.7, Avg: 3.7, Max: 3.7, Diff: 0.0, Sum: 14.8]
      [Termination (ms): Min: 0.0, Avg: 0.0, Max: 0.0, Diff: 0.0, Sum: 0.0]
      [GC Worker Other (ms): Min: 0.0, Avg: 0.1, Max: 0.1, Diff: 0.1, Sum: 0.2]
      [GC Worker Total (ms): Min: 4.4, Avg: 4.5, Max: 4.5, Diff: 0.1, Sum: 17.9]
      [GC Worker End (ms): Min: 262626.5, Avg: 262626.5, Max: 262626.5, Diff: 0.1]
   [Code Root Fixup: 0.0 ms]
   [Code Root Migration: 0.1 ms]
   [Clear CT: 0.2 ms]
   [Other: 3.3 ms]
      [Choose CSet: 0.0 ms]
      [Ref Proc: 2.0 ms]
      [Ref Enq: 0.3 ms]
      [Free CSet: 0.8 ms]
   [Eden: 542.0M(542.0M)->0.0B(1698.0M) Survivors: 20.0M->19.0M Heap: 2503.8M(4096.0M)->1960.8M(4096.0M)]
 [Times: user=0.02 sys=0.00, real=0.01 secs] 
2016-01-06T01:00:26.745-0800: 262.866: [GC pause (young)
Desired survivor size 112721920 bytes, new threshold 15 (max 15)
- age   1:   18056656 bytes,   18056656 total
- age   2:      36864 bytes,   18093520 total
2016-01-06T01:00:26.757-0800: 262.878: [SoftReference, 0 refs, 0.0004820 secs]2016-01-06T01:00:26.758-0800: 262.878: [WeakReference, 0 refs, 0.0002240 secs]2016-01-06T01:00:26.758-0800: 262.879: [FinalReference, 0 refs, 0.0002170 secs]2016-01-06T01:00:26.758-0800: 262.879: [PhantomReference, 0 refs, 53146 refs, 0.0011760 secs]2016-01-06T01:00:26.759-0800: 262.880: [JNI Weak Reference, 0.0000090 secs], 0.0179440 secs]
   [Parallel Time: 12.0 ms, GC Workers: 4]
      [GC Worker Start (ms): Min: 262865.8, Avg: 262865.9, Max: 262865.9, Diff: 0.1]
      [Ext Root Scanning (ms): Min: 0.3, Avg: 0.4, Max: 0.4, Diff: 0.1, Sum: 1.4]
      [Update RS (ms): Min: 0.0, Avg: 0.1, Max: 0.3, Diff: 0.3, Sum: 0.3]
         [Processed Buffers: Min: 0, Avg: 1.2, Max: 2, Diff: 2, Sum: 5]
      [Scan RS (ms): Min: 0.6, Avg: 0.7, Max: 0.8, Diff: 0.2, Sum: 3.0]
      [Code Root Scanning (ms): Min: 0.1, Avg: 0.1, Max: 0.1, Diff: 0.0, Sum: 0.3]
      [Object Copy (ms): Min: 10.6, Avg: 10.6, Max: 10.7, Diff: 0.1, Sum: 42.4]
      [Termination (ms): Min: 0.0, Avg: 0.0, Max: 0.0, Diff: 0.0, Sum: 0.0]
      [GC Worker Other (ms): Min: 0.0, Avg: 0.1, Max: 0.1, Diff: 0.1, Sum: 0.2]
      [GC Worker Total (ms): Min: 11.9, Avg: 11.9, Max: 12.0, Diff: 0.1, Sum: 47.7]
      [GC Worker End (ms): Min: 262877.8, Avg: 262877.8, Max: 262877.8, Diff: 0.1]
   [Code Root Fixup: 0.0 ms]
   [Code Root Migration: 0.3 ms]
   [Clear CT: 0.4 ms]
   [Other: 5.2 ms]
      [Choose CSet: 0.0 ms]
      [Ref Proc: 2.3 ms]
      [Ref Enq: 0.8 ms]
      [Free CSet: 2.1 ms]
   [Eden: 1698.0M(1698.0M)->0.0B(1696.0M) Survivors: 19.0M->22.0M Heap: 3658.8M(4096.0M)->1963.8M(4096.0M)]
 [Times: user=0.06 sys=0.00, real=0.02 secs] 
2016-01-06T01:00:26.999-0800: 263.120: [GC pause (young) (initial-mark)
Desired survivor size 112721920 bytes, new threshold 15 (max 15)
- age   1:   20636848 bytes,   20636848 total
- age   2:      36864 bytes,   20673712 total
2016-01-06T01:00:27.011-0800: 263.132: [SoftReference, 0 refs, 0.0005280 secs]2016-01-06T01:00:27.012-0800: 263.133: [WeakReference, 0 refs, 0.0003560 secs]2016-01-06T01:00:27.012-0800: 263.133: [FinalReference, 0 refs, 0.0002440 secs]2016-01-06T01:00:27.013-0800: 263.133: [PhantomReference, 0 refs, 53084 refs, 0.0014060 secs]2016-01-06T01:00:27.014-0800: 263.135: [JNI Weak Reference, 0.0000090 secs], 0.0189550 secs]
   [Parallel Time: 12.0 ms, GC Workers: 4]
      [GC Worker Start (ms): Min: 263120.1, Avg: 263120.2, Max: 263120.2, Diff: 0.1]
      [Ext Root Scanning (ms): Min: 0.3, Avg: 0.4, Max: 0.5, Diff: 0.1, Sum: 1.5]
      [Code Root Marking (ms): Min: 0.2, Avg: 0.2, Max: 0.3, Diff: 0.1, Sum: 0.9]
      [Update RS (ms): Min: 0.0, Avg: 0.1, Max: 0.3, Diff: 0.3, Sum: 0.3]
         [Processed Buffers: Min: 1, Avg: 1.5, Max: 2, Diff: 1, Sum: 6]
      [Scan RS (ms): Min: 0.6, Avg: 0.7, Max: 0.8, Diff: 0.2, Sum: 2.8]
      [Code Root Scanning (ms): Min: 0.1, Avg: 0.1, Max: 0.1, Diff: 0.0, Sum: 0.3]
      [Object Copy (ms): Min: 10.3, Avg: 10.3, Max: 10.4, Diff: 0.1, Sum: 41.4]
      [Termination (ms): Min: 0.0, Avg: 0.0, Max: 0.0, Diff: 0.0, Sum: 0.0]
      [GC Worker Other (ms): Min: 0.0, Avg: 0.1, Max: 0.1, Diff: 0.1, Sum: 0.2]
      [GC Worker Total (ms): Min: 11.9, Avg: 11.9, Max: 11.9, Diff: 0.1, Sum: 47.6]
      [GC Worker End (ms): Min: 263132.0, Avg: 263132.1, Max: 263132.1, Diff: 0.1]
   [Code Root Fixup: 0.0 ms]
   [Code Root Migration: 0.3 ms]
   [Clear CT: 0.5 ms]
   [Other: 6.2 ms]
      [Choose CSet: 0.0 ms]
      [Ref Proc: 2.7 ms]
      [Ref Enq: 0.6 ms]
      [Free CSet: 2.1 ms]
   [Eden: 1696.0M(1696.0M)->0.0B(1696.0M) Survivors: 22.0M->22.0M Heap: 3659.8M(4096.0M)->1963.8M(4096.0M)]
 [Times: user=0.06 sys=0.00, real=0.02 secs] 
2016-01-06T01:00:27.018-0800: 263.139: [GC concurrent-root-region-scan-start]
2016-01-06T01:00:27.025-0800: 263.146: [GC concurrent-root-region-scan-end, 0.0074690 secs]
2016-01-06T01:00:27.025-0800: 263.146: [GC concurrent-mark-start]
2016-01-06T01:00:27.620-0800: 263.741: [GC pause (young)
Desired survivor size 112721920 bytes, new threshold 15 (max 15)
- age   1:   20632384 bytes,   20632384 total
- age   2:      36864 bytes,   20669248 total
2016-01-06T01:00:27.652-0800: 263.773: [SoftReference, 0 refs, 0.0004310 secs]2016-01-06T01:00:27.653-0800: 263.774: [WeakReference, 0 refs, 0.0003180 secs]2016-01-06T01:00:27.653-0800: 263.774: [FinalReference, 0 refs, 0.0003280 secs]2016-01-06T01:00:27.653-0800: 263.774: [PhantomReference, 0 refs, 53083 refs, 0.0012820 secs]2016-01-06T01:00:27.655-0800: 263.776: [JNI Weak Reference, 0.0000090 secs], 0.0414030 secs]
   [Parallel Time: 27.2 ms, GC Workers: 4]
      [GC Worker Start (ms): Min: 263740.9, Avg: 263740.9, Max: 263740.9, Diff: 0.1]
      [Ext Root Scanning (ms): Min: 0.3, Avg: 0.3, Max: 0.4, Diff: 0.1, Sum: 1.4]
      [SATB Filtering (ms): Min: 0.0, Avg: 0.0, Max: 0.0, Diff: 0.0, Sum: 0.0]
      [Update RS (ms): Min: 14.7, Avg: 15.0, Max: 15.4, Diff: 0.7, Sum: 59.9]
         [Processed Buffers: Min: 21, Avg: 22.2, Max: 23, Diff: 2, Sum: 89]
      [Scan RS (ms): Min: 0.3, Avg: 0.7, Max: 0.9, Diff: 0.5, Sum: 2.9]
      [Code Root Scanning (ms): Min: 0.0, Avg: 0.1, Max: 0.1, Diff: 0.1, Sum: 0.3]
      [Object Copy (ms): Min: 10.8, Avg: 10.9, Max: 10.9, Diff: 0.1, Sum: 43.5]
      [Termination (ms): Min: 0.0, Avg: 0.0, Max: 0.0, Diff: 0.0, Sum: 0.0]
      [GC Worker Other (ms): Min: 0.0, Avg: 0.1, Max: 0.1, Diff: 0.0, Sum: 0.2]
      [GC Worker Total (ms): Min: 27.0, Avg: 27.1, Max: 27.1, Diff: 0.1, Sum: 108.3]
      [GC Worker End (ms): Min: 263767.9, Avg: 263768.0, Max: 263768.0, Diff: 0.1]
   [Code Root Fixup: 0.0 ms]
   [Code Root Migration: 0.3 ms]
   [Clear CT: 0.5 ms]
   [Other: 13.5 ms]
      [Choose CSet: 0.0 ms]
      [Ref Proc: 7.5 ms]
      [Ref Enq: 3.8 ms]
      [Free CSet: 2.1 ms]
   [Eden: 1696.0M(1696.0M)->0.0B(1697.0M) Survivors: 22.0M->22.0M Heap: 3659.8M(4096.0M)->1963.8M(4096.0M)]
 [Times: user=0.15 sys=0.00, real=0.04 secs] 
2016-01-06T01:00:27.903-0800: 264.024: [GC pause (young)
Desired survivor size 112721920 bytes, new threshold 15 (max 15)
- age   1:   20632384 bytes,   20632384 total
- age   2:      36864 bytes,   20669248 total
2016-01-06T01:00:27.957-0800: 264.078: [SoftReference, 0 refs, 0.0005490 secs]2016-01-06T01:00:27.958-0800: 264.079: [WeakReference, 0 refs, 0.0002370 secs]2016-01-06T01:00:27.958-0800: 264.079: [FinalReference, 0 refs, 0.0002250 secs]2016-01-06T01:00:27.958-0800: 264.079: [PhantomReference, 0 refs, 53117 refs, 0.0015930 secs]2016-01-06T01:00:27.960-0800: 264.081: [JNI Weak Reference, 0.0000120 secs], 0.0633180 secs]
   [Parallel Time: 34.0 ms, GC Workers: 4]
      [GC Worker Start (ms): Min: 264024.5, Avg: 264024.5, Max: 264024.5, Diff: 0.1]
      [Ext Root Scanning (ms): Min: 0.3, Avg: 0.4, Max: 0.4, Diff: 0.1, Sum: 1.4]
      [SATB Filtering (ms): Min: 0.0, Avg: 0.0, Max: 0.0, Diff: 0.0, Sum: 0.0]
      [Update RS (ms): Min: 21.6, Avg: 21.7, Max: 21.9, Diff: 0.3, Sum: 86.8]
         [Processed Buffers: Min: 30, Avg: 31.2, Max: 33, Diff: 3, Sum: 125]
      [Scan RS (ms): Min: 0.6, Avg: 0.8, Max: 0.9, Diff: 0.3, Sum: 3.1]
      [Code Root Scanning (ms): Min: 0.1, Avg: 0.1, Max: 0.1, Diff: 0.1, Sum: 0.3]
      [Object Copy (ms): Min: 10.9, Avg: 10.9, Max: 11.0, Diff: 0.1, Sum: 43.8]
      [Termination (ms): Min: 0.0, Avg: 0.0, Max: 0.0, Diff: 0.0, Sum: 0.0]
      [GC Worker Other (ms): Min: 0.0, Avg: 0.1, Max: 0.1, Diff: 0.0, Sum: 0.2]
      [GC Worker Total (ms): Min: 33.9, Avg: 33.9, Max: 33.9, Diff: 0.1, Sum: 135.6]
      [GC Worker End (ms): Min: 264058.4, Avg: 264058.4, Max: 264058.4, Diff: 0.1]
   [Code Root Fixup: 0.0 ms]
   [Code Root Migration: 0.3 ms]
   [Clear CT: 0.4 ms]
   [Other: 28.6 ms]
      [Choose CSet: 0.0 ms]
      [Ref Proc: 22.5 ms]
      [Ref Enq: 3.9 ms]
      [Free CSet: 2.1 ms]
   [Eden: 1697.0M(1697.0M)->0.0B(1697.0M) Survivors: 22.0M->22.0M Heap: 3660.8M(4096.0M)->1963.8M(4096.0M)]
 [Times: user=0.23 sys=0.00, real=0.07 secs] 
2016-01-06T01:00:28.217-0800: 264.338: [GC pause (young)
Desired survivor size 112721920 bytes, new threshold 15 (max 15)
- age   1:   20634616 bytes,   20634616 total
- age   2:      36864 bytes,   20671480 total
2016-01-06T01:00:28.287-0800: 264.408: [SoftReference, 0 refs, 0.0006040 secs]2016-01-06T01:00:28.289-0800: 264.410: [WeakReference, 0 refs, 0.0003340 secs]2016-01-06T01:00:28.290-0800: 264.410: [FinalReference, 0 refs, 0.0003090 secs]2016-01-06T01:00:28.290-0800: 264.411: [PhantomReference, 0 refs, 53116 refs, 0.0013590 secs]2016-01-06T01:00:28.291-0800: 264.412: [JNI Weak Reference, 0.0000080 secs], 0.0806560 secs]
   [Parallel Time: 30.7 ms, GC Workers: 4]
      [GC Worker Start (ms): Min: 264338.3, Avg: 264338.3, Max: 264338.3, Diff: 0.1]
      [Ext Root Scanning (ms): Min: 0.3, Avg: 0.4, Max: 0.4, Diff: 0.1, Sum: 1.4]
      [SATB Filtering (ms): Min: 0.0, Avg: 0.0, Max: 0.0, Diff: 0.0, Sum: 0.0]
      [Update RS (ms): Min: 18.3, Avg: 18.4, Max: 18.7, Diff: 0.4, Sum: 73.7]
         [Processed Buffers: Min: 24, Avg: 25.2, Max: 26, Diff: 2, Sum: 101]
      [Scan RS (ms): Min: 0.5, Avg: 0.8, Max: 1.0, Diff: 0.5, Sum: 3.3]
      [Code Root Scanning (ms): Min: 0.1, Avg: 0.1, Max: 0.1, Diff: 0.0, Sum: 0.3]
      [Object Copy (ms): Min: 10.8, Avg: 10.8, Max: 10.8, Diff: 0.0, Sum: 43.2]
      [Termination (ms): Min: 0.0, Avg: 0.0, Max: 0.0, Diff: 0.0, Sum: 0.0]
      [GC Worker Other (ms): Min: 0.0, Avg: 0.1, Max: 0.1, Diff: 0.0, Sum: 0.2]
      [GC Worker Total (ms): Min: 30.5, Avg: 30.5, Max: 30.6, Diff: 0.1, Sum: 122.2]
      [GC Worker End (ms): Min: 264368.8, Avg: 264368.9, Max: 264368.9, Diff: 0.0]
   [Code Root Fixup: 0.0 ms]
   [Code Root Migration: 0.3 ms]
   [Clear CT: 0.5 ms]
   [Other: 49.3 ms]
      [Choose CSet: 0.0 ms]
      [Ref Proc: 43.2 ms]
      [Ref Enq: 3.9 ms]
      [Free CSet: 2.1 ms]
   [Eden: 1697.0M(1697.0M)->0.0B(1698.0M) Survivors: 22.0M->22.0M Heap: 3660.8M(4096.0M)->1963.8M(4096.0M)]
 [Times: user=0.29 sys=0.00, real=0.08 secs] 
2016-01-06T01:00:28.542-0800: 264.663: [GC pause (young)
Desired survivor size 112721920 bytes, new threshold 15 (max 15)
- age   1:   20634616 bytes,   20634616 total
- age   2:      36864 bytes,   20671480 total
2016-01-06T01:00:28.629-0800: 264.750: [SoftReference, 0 refs, 0.0005910 secs]2016-01-06T01:00:28.629-0800: 264.750: [WeakReference, 0 refs, 0.0003290 secs]2016-01-06T01:00:28.630-0800: 264.750: [FinalReference, 0 refs, 0.0002500 secs]2016-01-06T01:00:28.630-0800: 264.751: [PhantomReference, 0 refs, 53147 refs, 0.0018400 secs]2016-01-06T01:00:28.632-0800: 264.753: [JNI Weak Reference, 0.0000100 secs], 0.0975330 secs]
   [Parallel Time: 35.6 ms, GC Workers: 4]
      [GC Worker Start (ms): Min: 264663.2, Avg: 264663.9, Max: 264665.9, Diff: 2.7]
      [Ext Root Scanning (ms): Min: 0.0, Avg: 0.3, Max: 0.5, Diff: 0.5, Sum: 1.3]
      [SATB Filtering (ms): Min: 0.0, Avg: 0.0, Max: 0.0, Diff: 0.0, Sum: 0.0]
      [Update RS (ms): Min: 20.8, Avg: 22.5, Max: 23.2, Diff: 2.4, Sum: 90.1]
         [Processed Buffers: Min: 30, Avg: 32.0, Max: 33, Diff: 3, Sum: 128]
      [Scan RS (ms): Min: 0.7, Avg: 0.8, Max: 0.9, Diff: 0.1, Sum: 3.2]
      [Code Root Scanning (ms): Min: 0.1, Avg: 0.1, Max: 0.1, Diff: 0.0, Sum: 0.3]
      [Object Copy (ms): Min: 10.9, Avg: 10.9, Max: 11.0, Diff: 0.1, Sum: 43.8]
      [Termination (ms): Min: 0.0, Avg: 0.0, Max: 0.0, Diff: 0.0, Sum: 0.0]
      [GC Worker Other (ms): Min: 0.0, Avg: 0.1, Max: 0.1, Diff: 0.1, Sum: 0.2]
      [GC Worker Total (ms): Min: 32.7, Avg: 34.8, Max: 35.5, Diff: 2.7, Sum: 139.0]
      [GC Worker End (ms): Min: 264698.6, Avg: 264698.6, Max: 264698.6, Diff: 0.1]
   [Code Root Fixup: 0.0 ms]
   [Code Root Migration: 0.3 ms]
   [Clear CT: 0.5 ms]
   [Other: 61.3 ms]
      [Choose CSet: 0.0 ms]
      [Ref Proc: 53.9 ms]
      [Ref Enq: 5.2 ms]
      [Free CSet: 2.1 ms]
   [Eden: 1698.0M(1698.0M)->0.0B(1698.0M) Survivors: 22.0M->22.0M Heap: 3661.8M(4096.0M)->1963.8M(4096.0M)]
 [Times: user=0.33 sys=0.01, real=0.10 secs] 
2016-01-06T01:00:28.888-0800: 265.009: [GC pause (young)
Desired survivor size 112721920 bytes, new threshold 15 (max 15)
- age   1:   20636848 bytes,   20636848 total
- age   2:      36864 bytes,   20673712 total
2016-01-06T01:00:28.992-0800: 265.113: [SoftReference, 0 refs, 0.0005720 secs]2016-01-06T01:00:28.992-0800: 265.113: [WeakReference, 0 refs, 0.0002320 secs]2016-01-06T01:00:28.992-0800: 265.113: [FinalReference, 0 refs, 0.0002120 secs]2016-01-06T01:00:28.993-0800: 265.114: [PhantomReference, 0 refs, 53148 refs, 0.0013090 secs]2016-01-06T01:00:28.994-0800: 265.115: [JNI Weak Reference, 0.0000080 secs], 0.1137520 secs]
   [Parallel Time: 34.9 ms, GC Workers: 4]
      [GC Worker Start (ms): Min: 265009.3, Avg: 265009.3, Max: 265009.4, Diff: 0.1]
      [Ext Root Scanning (ms): Min: 0.3, Avg: 0.4, Max: 0.4, Diff: 0.1, Sum: 1.4]
      [SATB Filtering (ms): Min: 0.0, Avg: 0.0, Max: 0.0, Diff: 0.0, Sum: 0.0]
      [Update RS (ms): Min: 23.4, Avg: 23.6, Max: 23.8, Diff: 0.5, Sum: 94.2]
         [Processed Buffers: Min: 24, Avg: 30.5, Max: 33, Diff: 9, Sum: 122]
      [Scan RS (ms): Min: 0.6, Avg: 0.8, Max: 1.0, Diff: 0.4, Sum: 3.3]
      [Code Root Scanning (ms): Min: 0.1, Avg: 0.1, Max: 0.1, Diff: 0.0, Sum: 0.4]
      [Object Copy (ms): Min: 9.8, Avg: 9.9, Max: 9.9, Diff: 0.1, Sum: 39.5]
      [Termination (ms): Min: 0.0, Avg: 0.0, Max: 0.0, Diff: 0.0, Sum: 0.0]
      [GC Worker Other (ms): Min: 0.0, Avg: 0.1, Max: 0.1, Diff: 0.1, Sum: 0.2]
      [GC Worker Total (ms): Min: 34.7, Avg: 34.8, Max: 34.8, Diff: 0.1, Sum: 139.0]
      [GC Worker End (ms): Min: 265044.1, Avg: 265044.1, Max: 265044.1, Diff: 0.1]
   [Code Root Fixup: 0.0 ms]
   [Code Root Migration: 0.3 ms]
   [Clear CT: 0.4 ms]
   [Other: 78.2 ms]
      [Choose CSet: 0.0 ms]
      [Ref Proc: 70.8 ms]
      [Ref Enq: 5.3 ms]
      [Free CSet: 2.1 ms]
   [Eden: 1698.0M(1698.0M)->0.0B(1709.0M) Survivors: 22.0M->12.0M Heap: 3661.8M(4096.0M)->1953.8M(4096.0M)]
 [Times: user=0.42 sys=0.00, real=0.11 secs] 
2016-01-06T01:00:29.253-0800: 265.374: [GC pause (young)
Desired survivor size 113246208 bytes, new threshold 15 (max 15)
- age   1:   10688752 bytes,   10688752 total
- age   2:      36864 bytes,   10725616 total
2016-01-06T01:00:29.365-0800: 265.486: [SoftReference, 0 refs, 0.0004930 secs]2016-01-06T01:00:29.366-0800: 265.487: [WeakReference, 0 refs, 0.0003150 secs]2016-01-06T01:00:29.366-0800: 265.487: [FinalReference, 0 refs, 0.0003170 secs]2016-01-06T01:00:29.367-0800: 265.487: [PhantomReference, 0 refs, 53487 refs, 0.0012210 secs]2016-01-06T01:00:29.368-0800: 265.489: [JNI Weak Reference, 0.0000150 secs], 0.1226190 secs]
   [Parallel Time: 28.2 ms, GC Workers: 4]
      [GC Worker Start (ms): Min: 265373.7, Avg: 265373.8, Max: 265373.8, Diff: 0.1]
      [Ext Root Scanning (ms): Min: 0.3, Avg: 0.4, Max: 0.4, Diff: 0.1, Sum: 1.5]
      [SATB Filtering (ms): Min: 0.0, Avg: 0.0, Max: 0.0, Diff: 0.0, Sum: 0.0]
      [Update RS (ms): Min: 16.6, Avg: 16.7, Max: 16.9, Diff: 0.3, Sum: 66.7]
         [Processed Buffers: Min: 23, Avg: 23.2, Max: 24, Diff: 1, Sum: 93]
      [Scan RS (ms): Min: 0.7, Avg: 0.8, Max: 0.9, Diff: 0.2, Sum: 3.2]
      [Code Root Scanning (ms): Min: 0.1, Avg: 0.1, Max: 0.1, Diff: 0.0, Sum: 0.4]
      [Object Copy (ms): Min: 10.1, Avg: 10.1, Max: 10.1, Diff: 0.1, Sum: 40.4]
      [Termination (ms): Min: 0.0, Avg: 0.0, Max: 0.0, Diff: 0.0, Sum: 0.0]
      [GC Worker Other (ms): Min: 0.0, Avg: 0.1, Max: 0.1, Diff: 0.1, Sum: 0.3]
      [GC Worker Total (ms): Min: 28.1, Avg: 28.1, Max: 28.2, Diff: 0.1, Sum: 112.5]
      [GC Worker End (ms): Min: 265401.9, Avg: 265401.9, Max: 265401.9, Diff: 0.1]
   [Code Root Fixup: 0.0 ms]
   [Code Root Migration: 0.3 ms]
   [Clear CT: 0.5 ms]
   [Other: 93.6 ms]
      [Choose CSet: 0.0 ms]
      [Ref Proc: 86.8 ms]
      [Ref Enq: 4.6 ms]
      [Free CSet: 2.2 ms]
   [Eden: 1709.0M(1709.0M)->0.0B(1699.0M) Survivors: 12.0M->22.0M Heap: 3662.8M(4096.0M)->1963.8M(4096.0M)]
 [Times: user=0.46 sys=0.00, real=0.12 secs] 
2016-01-06T01:00:29.634-0800: 265.755: [GC pause (young)
Desired survivor size 113246208 bytes, new threshold 15 (max 15)
- age   1:   20661400 bytes,   20661400 total
- age   2:      36864 bytes,   20698264 total
2016-01-06T01:00:29.756-0800: 265.877: [SoftReference, 0 refs, 0.0005030 secs]2016-01-06T01:00:29.757-0800: 265.878: [WeakReference, 0 refs, 0.0003370 secs]2016-01-06T01:00:29.757-0800: 265.878: [FinalReference, 0 refs, 0.0002010 secs]2016-01-06T01:00:29.757-0800: 265.878: [PhantomReference, 0 refs, 53179 refs, 0.0018070 secs]2016-01-06T01:00:29.759-0800: 265.880: [JNI Weak Reference, 0.0000110 secs], 0.1339340 secs]
   [Parallel Time: 28.0 ms, GC Workers: 4]
      [GC Worker Start (ms): Min: 265754.6, Avg: 265754.7, Max: 265754.7, Diff: 0.1]
      [Ext Root Scanning (ms): Min: 0.3, Avg: 0.4, Max: 0.4, Diff: 0.1, Sum: 1.4]
      [SATB Filtering (ms): Min: 0.0, Avg: 0.0, Max: 0.0, Diff: 0.0, Sum: 0.0]
      [Update RS (ms): Min: 15.6, Avg: 15.8, Max: 16.0, Diff: 0.4, Sum: 63.2]
         [Processed Buffers: Min: 22, Avg: 22.8, Max: 24, Diff: 2, Sum: 91]
      [Scan RS (ms): Min: 0.6, Avg: 0.8, Max: 0.9, Diff: 0.3, Sum: 3.1]
      [Code Root Scanning (ms): Min: 0.1, Avg: 0.1, Max: 0.1, Diff: 0.1, Sum: 0.4]
      [Object Copy (ms): Min: 10.8, Avg: 10.8, Max: 10.8, Diff: 0.1, Sum: 43.2]
      [Termination (ms): Min: 0.0, Avg: 0.0, Max: 0.0, Diff: 0.0, Sum: 0.0]
      [GC Worker Other (ms): Min: 0.0, Avg: 0.1, Max: 0.1, Diff: 0.1, Sum: 0.2]
      [GC Worker Total (ms): Min: 27.8, Avg: 27.9, Max: 27.9, Diff: 0.1, Sum: 111.5]
      [GC Worker End (ms): Min: 265782.5, Avg: 265782.6, Max: 265782.6, Diff: 0.1]
   [Code Root Fixup: 0.0 ms]
   [Code Root Migration: 0.3 ms]
   [Clear CT: 0.9 ms]
   [Other: 104.7 ms]
      [Choose CSet: 0.0 ms]
      [Ref Proc: 97.2 ms]
      [Ref Enq: 5.3 ms]
      [Free CSet: 2.1 ms]
   [Eden: 1699.0M(1699.0M)->0.0B(1699.0M) Survivors: 22.0M->22.0M Heap: 3662.8M(4096.0M)->1963.8M(4096.0M)]
 [Times: user=0.50 sys=0.00, real=0.14 secs] 
2016-01-06T01:00:30.028-0800: 266.149: [GC pause (young)
Desired survivor size 113246208 bytes, new threshold 15 (max 15)
- age   1:   20639080 bytes,   20639080 total
- age   2:      36864 bytes,   20675944 total
2016-01-06T01:00:30.173-0800: 266.294: [SoftReference, 0 refs, 0.0004690 secs]2016-01-06T01:00:30.174-0800: 266.295: [WeakReference, 0 refs, 0.0002590 secs]2016-01-06T01:00:30.174-0800: 266.295: [FinalReference, 0 refs, 0.0002400 secs]2016-01-06T01:00:30.174-0800: 266.295: [PhantomReference, 0 refs, 53179 refs, 0.0017550 secs]2016-01-06T01:00:30.176-0800: 266.297: [JNI Weak Reference, 0.0000090 secs], 0.1561230 secs]
   [Parallel Time: 35.3 ms, GC Workers: 4]
      [GC Worker Start (ms): Min: 266148.8, Avg: 266148.9, Max: 266148.9, Diff: 0.1]
      [Ext Root Scanning (ms): Min: 0.3, Avg: 0.4, Max: 0.4, Diff: 0.1, Sum: 1.4]
      [SATB Filtering (ms): Min: 0.0, Avg: 0.0, Max: 0.0, Diff: 0.0, Sum: 0.0]
      [Update RS (ms): Min: 22.9, Avg: 23.0, Max: 23.1, Diff: 0.2, Sum: 92.0]
         [Processed Buffers: Min: 32, Avg: 32.8, Max: 34, Diff: 2, Sum: 131]
      [Scan RS (ms): Min: 0.7, Avg: 0.8, Max: 0.9, Diff: 0.2, Sum: 3.1]
      [Code Root Scanning (ms): Min: 0.1, Avg: 0.1, Max: 0.1, Diff: 0.0, Sum: 0.3]
      [Object Copy (ms): Min: 10.8, Avg: 10.9, Max: 10.9, Diff: 0.1, Sum: 43.4]
      [Termination (ms): Min: 0.0, Avg: 0.0, Max: 0.0, Diff: 0.0, Sum: 0.0]
      [GC Worker Other (ms): Min: 0.0, Avg: 0.1, Max: 0.1, Diff: 0.1, Sum: 0.2]
      [GC Worker Total (ms): Min: 35.1, Avg: 35.1, Max: 35.2, Diff: 0.1, Sum: 140.5]
      [GC Worker End (ms): Min: 266184.0, Avg: 266184.0, Max: 266184.0, Diff: 0.0]
   [Code Root Fixup: 0.0 ms]
   [Code Root Migration: 0.3 ms]
   [Clear CT: 0.4 ms]
   [Other: 120.2 ms]
      [Choose CSet: 0.0 ms]
      [Ref Proc: 112.7 ms]
      [Ref Enq: 5.3 ms]
      [Free CSet: 2.1 ms]
   [Eden: 1699.0M(1699.0M)->0.0B(1698.0M) Survivors: 22.0M->22.0M Heap: 3662.8M(4096.0M)->1963.8M(4096.0M)]
 [Times: user=0.60 sys=0.00, real=0.15 secs] 
2016-01-06T01:00:30.445-0800: 266.566: [GC pause (young)
Desired survivor size 112721920 bytes, new threshold 15 (max 15)
- age   1:   20639080 bytes,   20639080 total
- age   2:      36864 bytes,   20675944 total
2016-01-06T01:00:30.620-0800: 266.741: [SoftReference, 0 refs, 0.0006260 secs]2016-01-06T01:00:30.620-0800: 266.741: [WeakReference, 0 refs, 0.0002070 secs]2016-01-06T01:00:30.621-0800: 266.741: [FinalReference, 0 refs, 0.0002220 secs]2016-01-06T01:00:30.621-0800: 266.742: [PhantomReference, 0 refs, 53148 refs, 0.0013300 secs]2016-01-06T01:00:30.622-0800: 266.743: [JNI Weak Reference, 0.0000090 secs], 0.1864860 secs]
   [Parallel Time: 38.6 ms, GC Workers: 4]
      [GC Worker Start (ms): Min: 266565.7, Avg: 266565.7, Max: 266565.7, Diff: 0.1]
      [Ext Root Scanning (ms): Min: 0.3, Avg: 0.4, Max: 0.5, Diff: 0.2, Sum: 1.5]
      [SATB Filtering (ms): Min: 0.0, Avg: 0.0, Max: 0.0, Diff: 0.0, Sum: 0.0]
      [Update RS (ms): Min: 25.1, Avg: 25.9, Max: 27.6, Diff: 2.5, Sum: 103.7]
         [Processed Buffers: Min: 34, Avg: 35.2, Max: 36, Diff: 2, Sum: 141]
      [Scan RS (ms): Min: 0.3, Avg: 0.8, Max: 1.3, Diff: 1.0, Sum: 3.2]
      [Code Root Scanning (ms): Min: 0.0, Avg: 0.1, Max: 0.1, Diff: 0.1, Sum: 0.4]
      [Object Copy (ms): Min: 10.1, Avg: 11.2, Max: 11.6, Diff: 1.5, Sum: 44.8]
      [Termination (ms): Min: 0.0, Avg: 0.0, Max: 0.0, Diff: 0.0, Sum: 0.0]
      [GC Worker Other (ms): Min: 0.0, Avg: 0.0, Max: 0.1, Diff: 0.1, Sum: 0.2]
      [GC Worker Total (ms): Min: 38.4, Avg: 38.5, Max: 38.5, Diff: 0.1, Sum: 153.9]
      [GC Worker End (ms): Min: 266604.1, Avg: 266604.2, Max: 266604.2, Diff: 0.1]
   [Code Root Fixup: 0.0 ms]
   [Code Root Migration: 0.3 ms]
   [Clear CT: 0.4 ms]
   [Other: 147.2 ms]
      [Choose CSet: 0.0 ms]
      [Ref Proc: 138.8 ms]
      [Ref Enq: 5.3 ms]
      [Free CSet: 3.0 ms]
   [Eden: 1698.0M(1698.0M)->0.0B(1699.0M) Survivors: 22.0M->22.0M Heap: 3661.8M(4096.0M)->1963.8M(4096.0M)]
 [Times: user=0.70 sys=0.00, real=0.19 secs] 
2016-01-06T01:00:30.893-0800: 267.014: [GC pause (young)
Desired survivor size 113246208 bytes, new threshold 15 (max 15)
- age   1:   20636848 bytes,   20636848 total
- age   2:      36864 bytes,   20673712 total
2016-01-06T01:00:31.063-0800: 267.184: [SoftReference, 0 refs, 0.0004630 secs]2016-01-06T01:00:31.064-0800: 267.185: [WeakReference, 0 refs, 0.0002760 secs]2016-01-06T01:00:31.064-0800: 267.185: [FinalReference, 0 refs, 0.0003430 secs]2016-01-06T01:00:31.064-0800: 267.185: [PhantomReference, 0 refs, 53179 refs, 0.0016150 secs]2016-01-06T01:00:31.066-0800: 267.187: [JNI Weak Reference, 0.0000100 secs], 0.1810740 secs]
   [Parallel Time: 33.6 ms, GC Workers: 4]
      [GC Worker Start (ms): Min: 267013.9, Avg: 267015.9, Max: 267021.9, Diff: 8.0]
      [Ext Root Scanning (ms): Min: 0.0, Avg: 0.3, Max: 0.5, Diff: 0.5, Sum: 1.4]
      [SATB Filtering (ms): Min: 0.0, Avg: 0.0, Max: 0.0, Diff: 0.0, Sum: 0.0]
      [Update RS (ms): Min: 14.8, Avg: 20.1, Max: 22.0, Diff: 7.1, Sum: 80.4]
         [Processed Buffers: Min: 19, Avg: 25.2, Max: 31, Diff: 12, Sum: 101]
      [Scan RS (ms): Min: 0.5, Avg: 0.8, Max: 0.9, Diff: 0.5, Sum: 3.1]
      [Code Root Scanning (ms): Min: 0.1, Avg: 0.1, Max: 0.1, Diff: 0.0, Sum: 0.4]
      [Object Copy (ms): Min: 10.1, Avg: 10.2, Max: 10.2, Diff: 0.1, Sum: 40.8]
      [Termination (ms): Min: 0.0, Avg: 0.0, Max: 0.0, Diff: 0.0, Sum: 0.0]
      [GC Worker Other (ms): Min: 0.0, Avg: 0.1, Max: 0.1, Diff: 0.1, Sum: 0.3]
      [GC Worker Total (ms): Min: 25.6, Avg: 31.6, Max: 33.6, Diff: 8.0, Sum: 126.3]
      [GC Worker End (ms): Min: 267047.5, Avg: 267047.5, Max: 267047.5, Diff: 0.1]
   [Code Root Fixup: 0.0 ms]
   [Code Root Migration: 0.3 ms]
   [Clear CT: 0.4 ms]
   [Other: 146.8 ms]
      [Choose CSet: 0.0 ms]
      [Ref Proc: 139.4 ms]
      [Ref Enq: 5.3 ms]
      [Free CSet: 2.0 ms]
   [Eden: 1699.0M(1699.0M)->0.0B(1699.0M) Survivors: 22.0M->22.0M Heap: 3662.8M(4096.0M)->1963.3M(4096.0M)]
 [Times: user=0.67 sys=0.00, real=0.18 secs] 
2016-01-06T01:00:31.335-0800: 267.456: [GC pause (young)
Desired survivor size 113246208 bytes, new threshold 15 (max 15)
- age   1:   20639080 bytes,   20639080 total
- age   2:      36864 bytes,   20675944 total
2016-01-06T01:00:31.498-0800: 267.619: [SoftReference, 0 refs, 0.0005780 secs]2016-01-06T01:00:31.499-0800: 267.620: [WeakReference, 0 refs, 0.0002410 secs]2016-01-06T01:00:31.499-0800: 267.620: [FinalReference, 0 refs, 0.0003240 secs]2016-01-06T01:00:31.500-0800: 267.621: [PhantomReference, 0 refs, 53179 refs, 0.0016990 secs]2016-01-06T01:00:31.501-0800: 267.622: [JNI Weak Reference, 0.0000090 secs], 0.1745140 secs]
   [Parallel Time: 23.9 ms, GC Workers: 4]
      [GC Worker Start (ms): Min: 267456.1, Avg: 267456.1, Max: 267456.1, Diff: 0.1]
      [Ext Root Scanning (ms): Min: 0.3, Avg: 0.4, Max: 0.4, Diff: 0.1, Sum: 1.4]
      [SATB Filtering (ms): Min: 0.0, Avg: 0.0, Max: 0.0, Diff: 0.0, Sum: 0.0]
      [Update RS (ms): Min: 11.4, Avg: 11.7, Max: 11.9, Diff: 0.4, Sum: 46.8]
         [Processed Buffers: Min: 16, Avg: 16.8, Max: 18, Diff: 2, Sum: 67]
      [Scan RS (ms): Min: 0.6, Avg: 0.8, Max: 1.0, Diff: 0.4, Sum: 3.1]
      [Code Root Scanning (ms): Min: 0.1, Avg: 0.1, Max: 0.1, Diff: 0.0, Sum: 0.3]
      [Object Copy (ms): Min: 10.8, Avg: 10.8, Max: 10.9, Diff: 0.1, Sum: 43.3]
      [Termination (ms): Min: 0.0, Avg: 0.0, Max: 0.0, Diff: 0.0, Sum: 0.0]
      [GC Worker Other (ms): Min: 0.0, Avg: 0.0, Max: 0.1, Diff: 0.1, Sum: 0.2]
      [GC Worker Total (ms): Min: 23.7, Avg: 23.8, Max: 23.8, Diff: 0.1, Sum: 95.1]
      [GC Worker End (ms): Min: 267479.8, Avg: 267479.9, Max: 267479.9, Diff: 0.1]
   [Code Root Fixup: 0.0 ms]
   [Code Root Migration: 0.3 ms]
   [Clear CT: 0.4 ms]
   [Other: 149.9 ms]
      [Choose CSet: 0.0 ms]
      [Ref Proc: 142.3 ms]
      [Ref Enq: 5.2 ms]
      [Free CSet: 2.3 ms]
   [Eden: 1699.0M(1699.0M)->0.0B(1699.0M) Survivors: 22.0M->22.0M Heap: 3662.3M(4096.0M)->1963.8M(4096.0M)]
 [Times: user=0.65 sys=0.01, real=0.18 secs] 
2016-01-06T01:00:31.762-0800: 267.883: [GC pause (young)
Desired survivor size 113246208 bytes, new threshold 15 (max 15)
- age   1:   20639080 bytes,   20639080 total
- age   2:      36864 bytes,   20675944 total
2016-01-06T01:00:31.948-0800: 268.069: [SoftReference, 0 refs, 0.0004610 secs]2016-01-06T01:00:31.949-0800: 268.070: [WeakReference, 0 refs, 0.0002560 secs]2016-01-06T01:00:31.949-0800: 268.070: [FinalReference, 0 refs, 0.0002660 secs]2016-01-06T01:00:31.949-0800: 268.070: [PhantomReference, 0 refs, 53179 refs, 0.0016020 secs]2016-01-06T01:00:31.951-0800: 268.072: [JNI Weak Reference, 0.0000120 secs], 0.1973720 secs]
   [Parallel Time: 25.0 ms, GC Workers: 4]
      [GC Worker Start (ms): Min: 267882.7, Avg: 267884.3, Max: 267888.9, Diff: 6.2]
      [Ext Root Scanning (ms): Min: 0.0, Avg: 0.3, Max: 0.5, Diff: 0.5, Sum: 1.3]
      [SATB Filtering (ms): Min: 0.0, Avg: 0.0, Max: 0.0, Diff: 0.0, Sum: 0.0]
      [Update RS (ms): Min: 6.9, Avg: 11.2, Max: 12.6, Diff: 5.8, Sum: 44.6]
         [Processed Buffers: Min: 10, Avg: 18.0, Max: 24, Diff: 14, Sum: 72]
      [Scan RS (ms): Min: 0.7, Avg: 0.7, Max: 0.8, Diff: 0.1, Sum: 2.9]
      [Code Root Scanning (ms): Min: 0.1, Avg: 0.1, Max: 0.1, Diff: 0.0, Sum: 0.3]
      [Object Copy (ms): Min: 10.9, Avg: 11.0, Max: 11.0, Diff: 0.1, Sum: 43.8]
      [Termination (ms): Min: 0.0, Avg: 0.0, Max: 0.0, Diff: 0.0, Sum: 0.0]
      [GC Worker Other (ms): Min: 0.0, Avg: 0.1, Max: 0.1, Diff: 0.0, Sum: 0.2]
      [GC Worker Total (ms): Min: 18.7, Avg: 23.3, Max: 24.9, Diff: 6.2, Sum: 93.2]
      [GC Worker End (ms): Min: 267907.5, Avg: 267907.6, Max: 267907.6, Diff: 0.1]
   [Code Root Fixup: 0.0 ms]
   [Code Root Migration: 0.3 ms]
   [Clear CT: 0.4 ms]
   [Other: 171.7 ms]
      [Choose CSet: 0.0 ms]
      [Ref Proc: 164.2 ms]
      [Ref Enq: 5.0 ms]
      [Free CSet: 2.5 ms]
   [Eden: 1699.0M(1699.0M)->0.0B(1699.0M) Survivors: 22.0M->22.0M Heap: 3662.8M(4096.0M)->1963.3M(4096.0M)]
 [Times: user=0.73 sys=0.00, real=0.20 secs] 
2016-01-06T01:00:32.198-0800: 268.319: [GC pause (young)
Desired survivor size 113246208 bytes, new threshold 15 (max 15)
- age   1:   20639080 bytes,   20639080 total
- age   2:      36864 bytes,   20675944 total
2016-01-06T01:00:32.385-0800: 268.506: [SoftReference, 0 refs, 0.0005320 secs]2016-01-06T01:00:32.386-0800: 268.507: [WeakReference, 0 refs, 0.0002740 secs]2016-01-06T01:00:32.386-0800: 268.507: [FinalReference, 0 refs, 0.0002670 secs]2016-01-06T01:00:32.387-0800: 268.507: [PhantomReference, 0 refs, 53178 refs, 0.0016930 secs]2016-01-06T01:00:32.388-0800: 268.509: [JNI Weak Reference, 0.0000090 secs], 0.1968120 secs]
   [Parallel Time: 12.2 ms, GC Workers: 4]
      [GC Worker Start (ms): Min: 268319.1, Avg: 268319.2, Max: 268319.2, Diff: 0.1]
      [Ext Root Scanning (ms): Min: 0.3, Avg: 0.3, Max: 0.4, Diff: 0.1, Sum: 1.4]
      [SATB Filtering (ms): Min: 0.0, Avg: 0.0, Max: 0.0, Diff: 0.0, Sum: 0.0]
      [Update RS (ms): Min: 0.0, Avg: 0.1, Max: 0.3, Diff: 0.3, Sum: 0.3]
         [Processed Buffers: Min: 0, Avg: 1.2, Max: 2, Diff: 2, Sum: 5]
      [Scan RS (ms): Min: 0.6, Avg: 0.8, Max: 0.8, Diff: 0.2, Sum: 3.0]
      [Code Root Scanning (ms): Min: 0.1, Avg: 0.1, Max: 0.1, Diff: 0.0, Sum: 0.4]
      [Object Copy (ms): Min: 10.7, Avg: 10.7, Max: 10.7, Diff: 0.0, Sum: 42.8]
      [Termination (ms): Min: 0.0, Avg: 0.0, Max: 0.0, Diff: 0.0, Sum: 0.0]
      [GC Worker Other (ms): Min: 0.0, Avg: 0.1, Max: 0.1, Diff: 0.1, Sum: 0.2]
      [GC Worker Total (ms): Min: 12.0, Avg: 12.0, Max: 12.1, Diff: 0.1, Sum: 48.1]
      [GC Worker End (ms): Min: 268331.2, Avg: 268331.2, Max: 268331.2, Diff: 0.1]
   [Code Root Fixup: 0.0 ms]
   [Code Root Migration: 0.3 ms]
   [Clear CT: 0.4 ms]
   [Other: 184.0 ms]
      [Choose CSet: 0.0 ms]
      [Ref Proc: 177.9 ms]
      [Ref Enq: 3.9 ms]
      [Free CSet: 2.0 ms]
   [Eden: 1699.0M(1699.0M)->0.0B(1699.0M) Survivors: 22.0M->22.0M Heap: 3662.3M(4096.0M)->1963.3M(4096.0M)]
 [Times: user=0.73 sys=0.00, real=0.19 secs] 
2016-01-06T01:00:32.638-0800: 268.759: [GC pause (young)
Desired survivor size 113246208 bytes, new threshold 15 (max 15)
- age   1:   20639080 bytes,   20639080 total
- age   2:      36864 bytes,   20675944 total
2016-01-06T01:00:32.804-0800: 268.925: [SoftReference, 0 refs, 0.0007580 secs]2016-01-06T01:00:32.805-0800: 268.926: [WeakReference, 0 refs, 0.0002960 secs]2016-01-06T01:00:32.805-0800: 268.926: [FinalReference, 0 refs, 0.0003370 secs]2016-01-06T01:00:32.805-0800: 268.926: [PhantomReference, 0 refs, 53179 refs, 0.0021840 secs]2016-01-06T01:00:32.807-0800: 268.928: [JNI Weak Reference, 0.0000130 secs], 0.1754360 secs]
   [Parallel Time: 12.8 ms, GC Workers: 4]
      [GC Worker Start (ms): Min: 268759.2, Avg: 268759.3, Max: 268759.3, Diff: 0.1]
      [Ext Root Scanning (ms): Min: 0.3, Avg: 0.4, Max: 0.4, Diff: 0.1, Sum: 1.4]
      [SATB Filtering (ms): Min: 0.0, Avg: 0.0, Max: 0.0, Diff: 0.0, Sum: 0.0]
      [Update RS (ms): Min: 1.4, Avg: 1.4, Max: 1.5, Diff: 0.1, Sum: 5.7]
         [Processed Buffers: Min: 2, Avg: 3.0, Max: 5, Diff: 3, Sum: 12]
      [Scan RS (ms): Min: 0.7, Avg: 0.8, Max: 0.8, Diff: 0.1, Sum: 3.1]
      [Code Root Scanning (ms): Min: 0.1, Avg: 0.1, Max: 0.1, Diff: 0.0, Sum: 0.3]
      [Object Copy (ms): Min: 9.9, Avg: 10.0, Max: 10.0, Diff: 0.1, Sum: 39.9]
      [Termination (ms): Min: 0.0, Avg: 0.0, Max: 0.0, Diff: 0.0, Sum: 0.0]
      [GC Worker Other (ms): Min: 0.0, Avg: 0.1, Max: 0.1, Diff: 0.1, Sum: 0.3]
      [GC Worker Total (ms): Min: 12.6, Avg: 12.7, Max: 12.7, Diff: 0.1, Sum: 50.7]
      [GC Worker End (ms): Min: 268771.9, Avg: 268772.0, Max: 268772.0, Diff: 0.1]
   [Code Root Fixup: 0.0 ms]
   [Code Root Migration: 0.3 ms]
   [Clear CT: 0.6 ms]
   [Other: 161.7 ms]
      [Choose CSet: 0.0 ms]
      [Ref Proc: 156.4 ms]
      [Ref Enq: 2.1 ms]
      [Free CSet: 3.2 ms]
   [Eden: 1699.0M(1699.0M)->0.0B(1699.0M) Survivors: 22.0M->22.0M Heap: 3662.3M(4096.0M)->1963.8M(4096.0M)]
 [Times: user=0.61 sys=0.00, real=0.17 secs] 
2016-01-06T01:00:33.071-0800: 269.192: [GC pause (young)
Desired survivor size 113246208 bytes, new threshold 15 (max 15)
- age   1:   20639080 bytes,   20639080 total
- age   2:      36864 bytes,   20675944 total
2016-01-06T01:00:33.268-0800: 269.389: [SoftReference, 0 refs, 0.0006030 secs]2016-01-06T01:00:33.269-0800: 269.390: [WeakReference, 0 refs, 0.0002900 secs]2016-01-06T01:00:33.269-0800: 269.390: [FinalReference, 0 refs, 0.0003600 secs]2016-01-06T01:00:33.269-0800: 269.390: [PhantomReference, 0 refs, 53177 refs, 0.0017220 secs]2016-01-06T01:00:33.271-0800: 269.392: [JNI Weak Reference, 0.0000130 secs], 0.2084140 secs]
   [Parallel Time: 28.7 ms, GC Workers: 4]
      [GC Worker Start (ms): Min: 269191.9, Avg: 269192.4, Max: 269193.9, Diff: 2.0]
      [Ext Root Scanning (ms): Min: 0.0, Avg: 0.3, Max: 0.5, Diff: 0.4, Sum: 1.2]
      [SATB Filtering (ms): Min: 0.0, Avg: 0.0, Max: 0.0, Diff: 0.0, Sum: 0.0]
      [Update RS (ms): Min: 15.1, Avg: 16.4, Max: 17.0, Diff: 1.9, Sum: 65.8]
         [Processed Buffers: Min: 22, Avg: 23.0, Max: 24, Diff: 2, Sum: 92]
      [Scan RS (ms): Min: 0.6, Avg: 0.8, Max: 0.9, Diff: 0.3, Sum: 3.2]
      [Code Root Scanning (ms): Min: 0.1, Avg: 0.1, Max: 0.1, Diff: 0.0, Sum: 0.3]
      [Object Copy (ms): Min: 10.3, Avg: 10.4, Max: 10.4, Diff: 0.1, Sum: 41.4]
      [Termination (ms): Min: 0.0, Avg: 0.0, Max: 0.0, Diff: 0.0, Sum: 0.0]
      [GC Worker Other (ms): Min: 0.0, Avg: 0.1, Max: 0.1, Diff: 0.1, Sum: 0.3]
      [GC Worker Total (ms): Min: 26.6, Avg: 28.1, Max: 28.6, Diff: 2.0, Sum: 112.3]
      [GC Worker End (ms): Min: 269220.4, Avg: 269220.4, Max: 269220.5, Diff: 0.1]
   [Code Root Fixup: 0.0 ms]
   [Code Root Migration: 0.3 ms]
   [Clear CT: 0.4 ms]
   [Other: 179.0 ms]
      [Choose CSet: 0.0 ms]
      [Ref Proc: 171.6 ms]
      [Ref Enq: 5.3 ms]
      [Free CSet: 2.1 ms]
   [Eden: 1699.0M(1699.0M)->0.0B(1113.0M) Survivors: 22.0M->22.0M Heap: 3662.8M(4096.0M)->1963.8M(4096.0M)]
 [Times: user=0.79 sys=0.00, real=0.21 secs] 
2016-01-06T01:00:33.446-0800: 269.567: [GC pause (young)
Desired survivor size 74448896 bytes, new threshold 15 (max 15)
- age   1:   20639080 bytes,   20639080 total
- age   2:      36864 bytes,   20675944 total
2016-01-06T01:00:33.633-0800: 269.754: [SoftReference, 0 refs, 0.0006000 secs]2016-01-06T01:00:33.648-0800: 269.769: [WeakReference, 0 refs, 0.0002430 secs]2016-01-06T01:00:33.649-0800: 269.769: [FinalReference, 0 refs, 0.0003790 secs]2016-01-06T01:00:33.649-0800: 269.770: [PhantomReference, 0 refs, 35012 refs, 0.0011200 secs]2016-01-06T01:00:33.650-0800: 269.771: [JNI Weak Reference, 0.0000120 secs], 0.2098440 secs]
   [Parallel Time: 21.4 ms, GC Workers: 4]
      [GC Worker Start (ms): Min: 269566.6, Avg: 269566.6, Max: 269566.7, Diff: 0.1]
      [Ext Root Scanning (ms): Min: 0.3, Avg: 0.4, Max: 0.4, Diff: 0.1, Sum: 1.4]
      [SATB Filtering (ms): Min: 0.0, Avg: 0.0, Max: 0.0, Diff: 0.0, Sum: 0.0]
      [Update RS (ms): Min: 12.8, Avg: 13.0, Max: 13.3, Diff: 0.5, Sum: 51.8]
         [Processed Buffers: Min: 18, Avg: 19.5, Max: 21, Diff: 3, Sum: 78]
      [Scan RS (ms): Min: 0.2, Avg: 0.5, Max: 0.6, Diff: 0.4, Sum: 1.9]
      [Code Root Scanning (ms): Min: 0.0, Avg: 0.0, Max: 0.1, Diff: 0.0, Sum: 0.2]
      [Object Copy (ms): Min: 7.3, Avg: 7.4, Max: 7.4, Diff: 0.1, Sum: 29.4]
      [Termination (ms): Min: 0.0, Avg: 0.0, Max: 0.0, Diff: 0.0, Sum: 0.0]
      [GC Worker Other (ms): Min: 0.0, Avg: 0.0, Max: 0.1, Diff: 0.0, Sum: 0.2]
      [GC Worker Total (ms): Min: 21.2, Avg: 21.3, Max: 21.3, Diff: 0.1, Sum: 85.0]
      [GC Worker End (ms): Min: 269587.9, Avg: 269587.9, Max: 269587.9, Diff: 0.0]
   [Code Root Fixup: 0.0 ms]
   [Code Root Migration: 0.2 ms]
   [Clear CT: 0.3 ms]
   [Other: 188.0 ms]
      [Choose CSet: 0.0 ms]
      [Ref Proc: 183.0 ms]
      [Ref Enq: 3.4 ms]
      [Free CSet: 1.4 ms]
   [Eden: 1113.0M(1113.0M)->0.0B(183.0M) Survivors: 22.0M->21.0M Heap: 3076.8M(4096.0M)->1962.3M(4096.0M)]
 [Times: user=0.71 sys=0.01, real=0.20 secs] 
2016-01-06T01:00:33.683-0800: 269.804: [GC pause (young)
Desired survivor size 13631488 bytes, new threshold 1 (max 15)
- age   1:   19331128 bytes,   19331128 total
- age   2:      36864 bytes,   19367992 total
2016-01-06T01:00:33.866-0800: 269.987: [SoftReference, 0 refs, 0.0005380 secs]2016-01-06T01:00:33.867-0800: 269.988: [WeakReference, 0 refs, 0.0002510 secs]2016-01-06T01:00:33.867-0800: 269.988: [FinalReference, 0 refs, 0.0002330 secs]2016-01-06T01:00:33.867-0800: 269.988: [PhantomReference, 0 refs, 6182 refs, 0.0005530 secs]2016-01-06T01:00:33.868-0800: 269.989: [JNI Weak Reference, 0.0000120 secs], 0.1865100 secs]
   [Parallel Time: 9.2 ms, GC Workers: 4]
      [GC Worker Start (ms): Min: 269803.6, Avg: 269804.1, Max: 269805.5, Diff: 1.9]
      [Ext Root Scanning (ms): Min: 0.0, Avg: 0.3, Max: 0.5, Diff: 0.5, Sum: 1.3]
      [SATB Filtering (ms): Min: 0.0, Avg: 0.0, Max: 0.0, Diff: 0.0, Sum: 0.0]
      [Update RS (ms): Min: 5.0, Avg: 6.0, Max: 6.5, Diff: 1.5, Sum: 23.8]
         [Processed Buffers: Min: 6, Avg: 8.8, Max: 12, Diff: 6, Sum: 35]
      [Scan RS (ms): Min: 0.0, Avg: 0.1, Max: 0.2, Diff: 0.2, Sum: 0.3]
      [Code Root Scanning (ms): Min: 0.0, Avg: 0.0, Max: 0.0, Diff: 0.0, Sum: 0.0]
      [Object Copy (ms): Min: 2.0, Avg: 2.2, Max: 2.3, Diff: 0.3, Sum: 8.6]
      [Termination (ms): Min: 0.0, Avg: 0.0, Max: 0.0, Diff: 0.0, Sum: 0.0]
      [GC Worker Other (ms): Min: 0.0, Avg: 0.0, Max: 0.0, Diff: 0.0, Sum: 0.1]
      [GC Worker Total (ms): Min: 7.1, Avg: 8.6, Max: 9.1, Diff: 2.0, Sum: 34.2]
      [GC Worker End (ms): Min: 269812.6, Avg: 269812.7, Max: 269812.7, Diff: 0.0]
   [Code Root Fixup: 0.0 ms]
   [Code Root Migration: 0.0 ms]
   [Clear CT: 0.1 ms]
   [Other: 177.2 ms]
      [Choose CSet: 0.0 ms]
      [Ref Proc: 176.1 ms]
      [Ref Enq: 0.6 ms]
      [Free CSet: 0.4 ms]
   [Eden: 183.0M(183.0M)->0.0B(185.0M) Survivors: 21.0M->19.0M Heap: 2145.3M(4096.0M)->1960.4M(4096.0M)]
 [Times: user=0.72 sys=0.00, real=0.19 secs] 
2016-01-06T01:00:33.896-0800: 270.016: [GC pause (young)
Desired survivor size 13631488 bytes, new threshold 1 (max 15)
- age   1:   17255368 bytes,   17255368 total
2016-01-06T01:00:34.081-0800: 270.202: [SoftReference, 0 refs, 0.0005970 secs]2016-01-06T01:00:34.082-0800: 270.203: [WeakReference, 0 refs, 0.0002150 secs]2016-01-06T01:00:34.082-0800: 270.203: [FinalReference, 0 refs, 0.0002550 secs]2016-01-06T01:00:34.083-0800: 270.203: [PhantomReference, 0 refs, 6243 refs, 0.0006520 secs]2016-01-06T01:00:34.083-0800: 270.204: [JNI Weak Reference, 0.0000110 secs], 0.1888040 secs]
   [Parallel Time: 9.1 ms, GC Workers: 4]
      [GC Worker Start (ms): Min: 270016.5, Avg: 270017.0, Max: 270018.3, Diff: 1.8]
      [Ext Root Scanning (ms): Min: 0.0, Avg: 0.3, Max: 0.5, Diff: 0.5, Sum: 1.3]
      [SATB Filtering (ms): Min: 0.0, Avg: 0.0, Max: 0.0, Diff: 0.0, Sum: 0.0]
      [Update RS (ms): Min: 4.6, Avg: 5.6, Max: 6.1, Diff: 1.5, Sum: 22.5]
         [Processed Buffers: Min: 6, Avg: 8.8, Max: 10, Diff: 4, Sum: 35]
      [Scan RS (ms): Min: 0.0, Avg: 0.1, Max: 0.1, Diff: 0.1, Sum: 0.3]
      [Code Root Scanning (ms): Min: 0.0, Avg: 0.0, Max: 0.0, Diff: 0.0, Sum: 0.0]
      [Object Copy (ms): Min: 2.4, Avg: 2.5, Max: 2.5, Diff: 0.1, Sum: 10.0]
      [Termination (ms): Min: 0.0, Avg: 0.0, Max: 0.0, Diff: 0.0, Sum: 0.0]
      [GC Worker Other (ms): Min: 0.0, Avg: 0.0, Max: 0.0, Diff: 0.0, Sum: 0.1]
      [GC Worker Total (ms): Min: 7.3, Avg: 8.6, Max: 9.0, Diff: 1.8, Sum: 34.3]
      [GC Worker End (ms): Min: 270025.5, Avg: 270025.5, Max: 270025.5, Diff: 0.0]
   [Code Root Fixup: 0.0 ms]
   [Code Root Migration: 0.0 ms]
   [Clear CT: 0.1 ms]
   [Other: 179.5 ms]
      [Choose CSet: 0.0 ms]
      [Ref Proc: 178.6 ms]
      [Ref Enq: 0.5 ms]
      [Free CSet: 0.3 ms]
   [Eden: 185.0M(185.0M)->0.0B(185.0M) Survivors: 19.0M->19.0M Heap: 2145.4M(4096.0M)->1960.4M(4096.0M)]
 [Times: user=0.73 sys=0.00, real=0.19 secs] 
2016-01-06T01:00:34.110-0800: 270.231: [GC pause (young)
Desired survivor size 13631488 bytes, new threshold 1 (max 15)
- age   1:   17259832 bytes,   17259832 total
2016-01-06T01:00:34.297-0800: 270.418: [SoftReference, 0 refs, 0.0005610 secs]2016-01-06T01:00:34.298-0800: 270.419: [WeakReference, 0 refs, 0.0002330 secs]2016-01-06T01:00:34.298-0800: 270.419: [FinalReference, 0 refs, 0.0002190 secs]2016-01-06T01:00:34.298-0800: 270.419: [PhantomReference, 0 refs, 6242 refs, 0.0007040 secs]2016-01-06T01:00:34.299-0800: 270.420: [JNI Weak Reference, 0.0000080 secs], 0.1899040 secs]
   [Parallel Time: 6.4 ms, GC Workers: 4]
      [GC Worker Start (ms): Min: 270231.1, Avg: 270231.2, Max: 270231.2, Diff: 0.1]
      [Ext Root Scanning (ms): Min: 0.3, Avg: 0.3, Max: 0.4, Diff: 0.1, Sum: 1.4]
      [SATB Filtering (ms): Min: 0.0, Avg: 0.0, Max: 0.0, Diff: 0.0, Sum: 0.0]
      [Update RS (ms): Min: 4.3, Avg: 4.3, Max: 4.4, Diff: 0.1, Sum: 17.3]
         [Processed Buffers: Min: 6, Avg: 7.5, Max: 8, Diff: 2, Sum: 30]
      [Scan RS (ms): Min: 0.0, Avg: 0.1, Max: 0.1, Diff: 0.1, Sum: 0.3]
      [Code Root Scanning (ms): Min: 0.0, Avg: 0.0, Max: 0.0, Diff: 0.0, Sum: 0.0]
      [Object Copy (ms): Min: 1.4, Avg: 1.4, Max: 1.4, Diff: 0.0, Sum: 5.7]
      [Termination (ms): Min: 0.0, Avg: 0.0, Max: 0.0, Diff: 0.0, Sum: 0.0]
      [GC Worker Other (ms): Min: 0.0, Avg: 0.0, Max: 0.1, Diff: 0.0, Sum: 0.1]
      [GC Worker Total (ms): Min: 6.2, Avg: 6.2, Max: 6.3, Diff: 0.1, Sum: 24.9]
      [GC Worker End (ms): Min: 270237.4, Avg: 270237.4, Max: 270237.4, Diff: 0.0]
   [Code Root Fixup: 0.0 ms]
   [Code Root Migration: 0.0 ms]
   [Clear CT: 0.1 ms]
   [Other: 183.4 ms]
      [Choose CSet: 0.0 ms]
      [Ref Proc: 182.4 ms]
      [Ref Enq: 0.6 ms]
      [Free CSet: 0.3 ms]
   [Eden: 185.0M(185.0M)->0.0B(470.0M) Survivors: 19.0M->11.0M Heap: 2145.4M(4096.0M)->1952.5M(4096.0M)]
 [Times: user=0.73 sys=0.01, real=0.19 secs] 
2016-01-06T01:00:34.371-0800: 270.492: [GC pause (young)
Desired survivor size 31981568 bytes, new threshold 15 (max 15)
- age   1:    9117496 bytes,    9117496 total
2016-01-06T01:00:34.574-0800: 270.695: [SoftReference, 0 refs, 0.0004510 secs]2016-01-06T01:00:34.574-0800: 270.695: [WeakReference, 0 refs, 0.0002510 secs]2016-01-06T01:00:34.574-0800: 270.695: [FinalReference, 0 refs, 0.0002820 secs]2016-01-06T01:00:34.575-0800: 270.696: [PhantomReference, 0 refs, 15080 refs, 0.0009100 secs]2016-01-06T01:00:34.576-0800: 270.697: [JNI Weak Reference, 0.0000080 secs], 0.2073310 secs]
   [Parallel Time: 16.6 ms, GC Workers: 4]
      [GC Worker Start (ms): Min: 270491.7, Avg: 270492.3, Max: 270493.9, Diff: 2.3]
      [Ext Root Scanning (ms): Min: 0.0, Avg: 0.3, Max: 0.5, Diff: 0.5, Sum: 1.2]
      [SATB Filtering (ms): Min: 0.0, Avg: 0.0, Max: 0.0, Diff: 0.0, Sum: 0.0]
      [Update RS (ms): Min: 11.0, Avg: 12.1, Max: 12.8, Diff: 1.8, Sum: 48.6]
         [Processed Buffers: Min: 15, Avg: 18.5, Max: 21, Diff: 6, Sum: 74]
      [Scan RS (ms): Min: 0.0, Avg: 0.2, Max: 0.4, Diff: 0.4, Sum: 0.7]
      [Code Root Scanning (ms): Min: 0.0, Avg: 0.0, Max: 0.1, Diff: 0.1, Sum: 0.1]
      [Object Copy (ms): Min: 3.2, Avg: 3.3, Max: 3.3, Diff: 0.1, Sum: 13.1]
      [Termination (ms): Min: 0.0, Avg: 0.0, Max: 0.0, Diff: 0.0, Sum: 0.0]
      [GC Worker Other (ms): Min: 0.0, Avg: 0.0, Max: 0.0, Diff: 0.0, Sum: 0.1]
      [GC Worker Total (ms): Min: 14.3, Avg: 16.0, Max: 16.6, Diff: 2.3, Sum: 63.9]
      [GC Worker End (ms): Min: 270508.2, Avg: 270508.2, Max: 270508.2, Diff: 0.0]
   [Code Root Fixup: 0.0 ms]
   [Code Root Migration: 0.1 ms]
   [Clear CT: 0.2 ms]
   [Other: 190.5 ms]
      [Choose CSet: 0.0 ms]
      [Ref Proc: 188.3 ms]
      [Ref Enq: 1.4 ms]
      [Free CSet: 0.7 ms]
   [Eden: 470.0M(470.0M)->0.0B(185.0M) Survivors: 11.0M->19.0M Heap: 2422.5M(4096.0M)->1961.0M(4096.0M)]
 [Times: user=0.81 sys=0.00, real=0.21 secs] 
2016-01-06T01:00:34.604-0800: 270.725: [GC pause (young)
Desired survivor size 13631488 bytes, new threshold 1 (max 15)
- age   1:   17895952 bytes,   17895952 total
- age   2:      36864 bytes,   17932816 total
2016-01-06T01:00:34.795-0800: 270.915: [SoftReference, 0 refs, 0.0005250 secs]2016-01-06T01:00:34.795-0800: 270.916: [WeakReference, 0 refs, 0.0002330 secs]2016-01-06T01:00:34.795-0800: 270.916: [FinalReference, 0 refs, 0.0002460 secs]2016-01-06T01:00:34.796-0800: 270.917: [PhantomReference, 0 refs, 6245 refs, 0.0005730 secs]2016-01-06T01:00:34.796-0800: 270.917: [JNI Weak Reference, 0.0000090 secs], 0.1931840 secs]
   [Parallel Time: 6.2 ms, GC Workers: 4]
      [GC Worker Start (ms): Min: 270725.3, Avg: 270725.3, Max: 270725.3, Diff: 0.1]
      [Ext Root Scanning (ms): Min: 0.4, Avg: 0.5, Max: 0.6, Diff: 0.2, Sum: 1.8]
      [SATB Filtering (ms): Min: 0.0, Avg: 0.0, Max: 0.0, Diff: 0.0, Sum: 0.0]
      [Update RS (ms): Min: 4.3, Avg: 4.3, Max: 4.3, Diff: 0.0, Sum: 17.3]
         [Processed Buffers: Min: 6, Avg: 7.0, Max: 9, Diff: 3, Sum: 28]
      [Scan RS (ms): Min: 0.0, Avg: 0.1, Max: 0.1, Diff: 0.1, Sum: 0.3]
      [Code Root Scanning (ms): Min: 0.0, Avg: 0.0, Max: 0.0, Diff: 0.0, Sum: 0.0]
      [Object Copy (ms): Min: 1.1, Avg: 1.2, Max: 1.2, Diff: 0.1, Sum: 4.7]
      [Termination (ms): Min: 0.0, Avg: 0.0, Max: 0.0, Diff: 0.0, Sum: 0.0]
      [GC Worker Other (ms): Min: 0.0, Avg: 0.0, Max: 0.0, Diff: 0.0, Sum: 0.1]
      [GC Worker Total (ms): Min: 6.0, Avg: 6.1, Max: 6.1, Diff: 0.1, Sum: 24.3]
      [GC Worker End (ms): Min: 270731.4, Avg: 270731.4, Max: 270731.4, Diff: 0.0]
   [Code Root Fixup: 0.0 ms]
   [Code Root Migration: 0.0 ms]
   [Clear CT: 0.1 ms]
   [Other: 186.8 ms]
      [Choose CSet: 0.0 ms]
      [Ref Proc: 185.6 ms]
      [Ref Enq: 0.7 ms]
      [Free CSet: 0.3 ms]
   [Eden: 185.0M(185.0M)->0.0B(199.0M) Survivors: 19.0M->5120.0K Heap: 2146.0M(4096.0M)->1946.5M(4096.0M)]
 [Times: user=0.70 sys=0.00, real=0.20 secs] 
2016-01-06T01:00:34.826-0800: 270.947: [GC pause (young)
Desired survivor size 13631488 bytes, new threshold 15 (max 15)
- age   1:    3371896 bytes,    3371896 total
2016-01-06T01:00:35.019-0800: 271.140: [SoftReference, 0 refs, 0.0006000 secs]2016-01-06T01:00:35.019-0800: 271.140: [WeakReference, 0 refs, 0.0002420 secs]2016-01-06T01:00:35.020-0800: 271.141: [FinalReference, 0 refs, 0.0002280 secs]2016-01-06T01:00:35.020-0800: 271.141: [PhantomReference, 0 refs, 6677 refs, 0.0006130 secs]2016-01-06T01:00:35.021-0800: 271.141: [JNI Weak Reference, 0.0000090 secs], 0.1960420 secs]
   [Parallel Time: 3.8 ms, GC Workers: 4]
      [GC Worker Start (ms): Min: 270946.7, Avg: 270946.8, Max: 270946.8, Diff: 0.1]
      [Ext Root Scanning (ms): Min: 0.3, Avg: 0.4, Max: 0.4, Diff: 0.1, Sum: 1.4]
      [SATB Filtering (ms): Min: 0.0, Avg: 0.0, Max: 0.0, Diff: 0.0, Sum: 0.0]
      [Update RS (ms): Min: 0.6, Avg: 0.7, Max: 0.8, Diff: 0.1, Sum: 2.8]
         [Processed Buffers: Min: 1, Avg: 2.5, Max: 4, Diff: 3, Sum: 10]
      [Scan RS (ms): Min: 0.0, Avg: 0.1, Max: 0.2, Diff: 0.1, Sum: 0.4]
      [Code Root Scanning (ms): Min: 0.0, Avg: 0.0, Max: 0.0, Diff: 0.0, Sum: 0.0]
      [Object Copy (ms): Min: 2.5, Avg: 2.5, Max: 2.5, Diff: 0.0, Sum: 9.9]
      [Termination (ms): Min: 0.0, Avg: 0.0, Max: 0.0, Diff: 0.0, Sum: 0.0]
      [GC Worker Other (ms): Min: 0.0, Avg: 0.0, Max: 0.0, Diff: 0.0, Sum: 0.1]
      [GC Worker Total (ms): Min: 3.6, Avg: 3.7, Max: 3.7, Diff: 0.1, Sum: 14.7]
      [GC Worker End (ms): Min: 270950.4, Avg: 270950.4, Max: 270950.4, Diff: 0.0]
   [Code Root Fixup: 0.0 ms]
   [Code Root Migration: 0.0 ms]
   [Clear CT: 0.1 ms]
   [Other: 192.1 ms]
      [Choose CSet: 0.0 ms]
      [Ref Proc: 191.0 ms]
      [Ref Enq: 0.6 ms]
      [Free CSet: 0.4 ms]
   [Eden: 199.0M(199.0M)->0.0B(185.0M) Survivors: 5120.0K->19.0M Heap: 2145.5M(4096.0M)->1961.0M(4096.0M)]
 [Times: user=0.70 sys=0.01, real=0.19 secs] 
2016-01-06T01:00:35.050-0800: 271.171: [GC pause (young)
Desired survivor size 13631488 bytes, new threshold 1 (max 15)
- age   1:   17291080 bytes,   17291080 total
- age   2:      36864 bytes,   17327944 total
2016-01-06T01:00:35.233-0800: 271.354: [SoftReference, 0 refs, 0.0004700 secs]2016-01-06T01:00:35.234-0800: 271.355: [WeakReference, 0 refs, 0.0002220 secs]2016-01-06T01:00:35.234-0800: 271.355: [FinalReference, 0 refs, 0.0003550 secs]2016-01-06T01:00:35.234-0800: 271.355: [PhantomReference, 0 refs, 6244 refs, 0.0005430 secs]2016-01-06T01:00:35.235-0800: 271.356: [JNI Weak Reference, 0.0000080 secs], 0.1862910 secs]
   [Parallel Time: 3.1 ms, GC Workers: 4]
      [GC Worker Start (ms): Min: 271171.0, Avg: 271171.0, Max: 271171.0, Diff: 0.1]
      [Ext Root Scanning (ms): Min: 0.3, Avg: 0.4, Max: 0.4, Diff: 0.1, Sum: 1.4]
      [SATB Filtering (ms): Min: 0.0, Avg: 0.0, Max: 0.0, Diff: 0.0, Sum: 0.0]
      [Update RS (ms): Min: 0.0, Avg: 0.1, Max: 0.3, Diff: 0.3, Sum: 0.3]
         [Processed Buffers: Min: 0, Avg: 1.5, Max: 2, Diff: 2, Sum: 6]
      [Scan RS (ms): Min: 0.0, Avg: 0.1, Max: 0.1, Diff: 0.1, Sum: 0.3]
      [Code Root Scanning (ms): Min: 0.0, Avg: 0.0, Max: 0.0, Diff: 0.0, Sum: 0.0]
      [Object Copy (ms): Min: 2.4, Avg: 2.4, Max: 2.4, Diff: 0.1, Sum: 9.6]
      [Termination (ms): Min: 0.0, Avg: 0.0, Max: 0.0, Diff: 0.0, Sum: 0.1]
      [GC Worker Other (ms): Min: 0.0, Avg: 0.0, Max: 0.0, Diff: 0.0, Sum: 0.1]
      [GC Worker Total (ms): Min: 3.0, Avg: 3.0, Max: 3.0, Diff: 0.1, Sum: 12.0]
      [GC Worker End (ms): Min: 271174.0, Avg: 271174.0, Max: 271174.0, Diff: 0.0]
   [Code Root Fixup: 0.0 ms]
   [Code Root Migration: 0.0 ms]
   [Clear CT: 0.2 ms]
   [Other: 183.0 ms]
      [Choose CSet: 0.0 ms]
      [Ref Proc: 181.9 ms]
      [Ref Enq: 0.6 ms]
      [Free CSet: 0.4 ms]
   [Eden: 185.0M(185.0M)->0.0B(805.0M) Survivors: 19.0M->18.0M Heap: 2146.0M(4096.0M)->1960.0M(4096.0M)]
 [Times: user=0.73 sys=0.00, real=0.18 secs] 
2016-01-06T01:00:35.357-0800: 271.478: [GC pause (young)
Desired survivor size 54001664 bytes, new threshold 15 (max 15)
- age   1:   17259832 bytes,   17259832 total
2016-01-06T01:00:35.556-0800: 271.677: [SoftReference, 0 refs, 0.0004840 secs]2016-01-06T01:00:35.557-0800: 271.678: [WeakReference, 0 refs, 0.0002270 secs]2016-01-06T01:00:35.557-0800: 271.678: [FinalReference, 0 refs, 0.0003590 secs]2016-01-06T01:00:35.558-0800: 271.678: [PhantomReference, 0 refs, 25465 refs, 0.0011070 secs]2016-01-06T01:00:35.559-0800: 271.680: [JNI Weak Reference, 0.0000080 secs], 0.2053180 secs]
   [Parallel Time: 5.5 ms, GC Workers: 4]
      [GC Worker Start (ms): Min: 271478.4, Avg: 271479.3, Max: 271481.9, Diff: 3.6]
      [Ext Root Scanning (ms): Min: 0.0, Avg: 0.3, Max: 0.5, Diff: 0.5, Sum: 1.3]
      [SATB Filtering (ms): Min: 0.0, Avg: 0.0, Max: 0.0, Diff: 0.0, Sum: 0.0]
      [Update RS (ms): Min: 0.0, Avg: 0.1, Max: 0.2, Diff: 0.2, Sum: 0.4]
         [Processed Buffers: Min: 0, Avg: 1.8, Max: 3, Diff: 3, Sum: 7]
      [Scan RS (ms): Min: 0.1, Avg: 0.3, Max: 0.4, Diff: 0.3, Sum: 1.4]
      [Code Root Scanning (ms): Min: 0.0, Avg: 0.0, Max: 0.1, Diff: 0.1, Sum: 0.1]
      [Object Copy (ms): Min: 1.7, Avg: 3.7, Max: 4.3, Diff: 2.7, Sum: 14.7]
      [Termination (ms): Min: 0.0, Avg: 0.0, Max: 0.0, Diff: 0.0, Sum: 0.0]
      [GC Worker Other (ms): Min: 0.0, Avg: 0.0, Max: 0.1, Diff: 0.1, Sum: 0.1]
      [GC Worker Total (ms): Min: 1.9, Avg: 4.5, Max: 5.4, Diff: 3.5, Sum: 18.0]
      [GC Worker End (ms): Min: 271483.8, Avg: 271483.8, Max: 271483.8, Diff: 0.0]
   [Code Root Fixup: 0.0 ms]
   [Code Root Migration: 0.1 ms]
   [Clear CT: 0.3 ms]
   [Other: 199.4 ms]
      [Choose CSet: 0.0 ms]
      [Ref Proc: 195.7 ms]
      [Ref Enq: 2.5 ms]
      [Free CSet: 1.1 ms]
   [Eden: 805.0M(805.0M)->0.0B(184.0M) Survivors: 18.0M->20.0M Heap: 2765.0M(4096.0M)->1962.0M(4096.0M)]
 [Times: user=0.74 sys=0.00, real=0.20 secs] 
2016-01-06T01:00:35.591-0800: 271.712: [GC pause (young)
Desired survivor size 13631488 bytes, new threshold 1 (max 15)
- age   1:   18643672 bytes,   18643672 total
- age   2:      36864 bytes,   18680536 total
2016-01-06T01:00:35.775-0800: 271.896: [SoftReference, 0 refs, 0.0006480 secs]2016-01-06T01:00:35.776-0800: 271.896: [WeakReference, 0 refs, 0.0002730 secs]2016-01-06T01:00:35.776-0800: 271.897: [FinalReference, 0 refs, 0.0002400 secs]2016-01-06T01:00:35.776-0800: 271.897: [PhantomReference, 0 refs, 6213 refs, 0.0006020 secs]2016-01-06T01:00:35.777-0800: 271.898: [JNI Weak Reference, 0.0000090 secs], 0.1869610 secs]
   [Parallel Time: 2.9 ms, GC Workers: 4]
      [GC Worker Start (ms): Min: 271711.8, Avg: 271711.8, Max: 271711.9, Diff: 0.1]
      [Ext Root Scanning (ms): Min: 0.3, Avg: 0.4, Max: 0.4, Diff: 0.1, Sum: 1.4]
      [SATB Filtering (ms): Min: 0.0, Avg: 0.0, Max: 0.0, Diff: 0.0, Sum: 0.0]
      [Update RS (ms): Min: 0.0, Avg: 0.1, Max: 0.3, Diff: 0.3, Sum: 0.3]
         [Processed Buffers: Min: 0, Avg: 1.5, Max: 4, Diff: 4, Sum: 6]
      [Scan RS (ms): Min: 0.0, Avg: 0.1, Max: 0.1, Diff: 0.1, Sum: 0.3]
      [Code Root Scanning (ms): Min: 0.0, Avg: 0.0, Max: 0.0, Diff: 0.0, Sum: 0.0]
      [Object Copy (ms): Min: 2.1, Avg: 2.2, Max: 2.2, Diff: 0.1, Sum: 8.8]
      [Termination (ms): Min: 0.0, Avg: 0.0, Max: 0.0, Diff: 0.0, Sum: 0.0]
      [GC Worker Other (ms): Min: 0.0, Avg: 0.0, Max: 0.1, Diff: 0.0, Sum: 0.1]
      [GC Worker Total (ms): Min: 2.7, Avg: 2.8, Max: 2.8, Diff: 0.1, Sum: 11.0]
      [GC Worker End (ms): Min: 271714.6, Avg: 271714.6, Max: 271714.6, Diff: 0.0]
   [Code Root Fixup: 0.0 ms]
   [Code Root Migration: 0.0 ms]
   [Clear CT: 0.1 ms]
   [Other: 183.9 ms]
      [Choose CSet: 0.0 ms]
      [Ref Proc: 182.9 ms]
      [Ref Enq: 0.6 ms]
      [Free CSet: 0.4 ms]
   [Eden: 184.0M(184.0M)->0.0B(980.0M) Survivors: 20.0M->18.0M Heap: 2146.0M(4096.0M)->1960.1M(4096.0M)]
 [Times: user=0.69 sys=0.00, real=0.19 secs] 
2016-01-06T01:00:35.926-0800: 272.047: [GC pause (young)
Desired survivor size 65536000 bytes, new threshold 15 (max 15)
- age   1:   17257600 bytes,   17257600 total
2016-01-06T01:00:36.126-0800: 272.247: [SoftReference, 0 refs, 0.0006190 secs]2016-01-06T01:00:36.127-0800: 272.248: [WeakReference, 0 refs, 0.0002500 secs]2016-01-06T01:00:36.127-0800: 272.248: [FinalReference, 0 refs, 0.0002260 secs]2016-01-06T01:00:36.127-0800: 272.248: [PhantomReference, 0 refs, 30889 refs, 0.0010380 secs]2016-01-06T01:00:36.128-0800: 272.249: [JNI Weak Reference, 0.0000090 secs], 0.2063360 secs]
   [Parallel Time: 17.4 ms, GC Workers: 4]
      [GC Worker Start (ms): Min: 272047.1, Avg: 272047.1, Max: 272047.1, Diff: 0.1]
      [Ext Root Scanning (ms): Min: 0.3, Avg: 0.4, Max: 0.4, Diff: 0.0, Sum: 1.4]
      [SATB Filtering (ms): Min: 0.0, Avg: 0.0, Max: 0.0, Diff: 0.0, Sum: 0.0]
      [Update RS (ms): Min: 9.9, Avg: 10.1, Max: 10.2, Diff: 0.3, Sum: 40.2]
         [Processed Buffers: Min: 15, Avg: 15.8, Max: 17, Diff: 2, Sum: 63]
      [Scan RS (ms): Min: 0.3, Avg: 0.4, Max: 0.5, Diff: 0.2, Sum: 1.8]
      [Code Root Scanning (ms): Min: 0.0, Avg: 0.1, Max: 0.1, Diff: 0.0, Sum: 0.2]
      [Object Copy (ms): Min: 6.3, Avg: 6.3, Max: 6.4, Diff: 0.0, Sum: 25.4]
      [Termination (ms): Min: 0.0, Avg: 0.0, Max: 0.0, Diff: 0.0, Sum: 0.0]
      [GC Worker Other (ms): Min: 0.0, Avg: 0.1, Max: 0.1, Diff: 0.1, Sum: 0.2]
      [GC Worker Total (ms): Min: 17.3, Avg: 17.3, Max: 17.4, Diff: 0.1, Sum: 69.3]
      [GC Worker End (ms): Min: 272064.4, Avg: 272064.4, Max: 272064.4, Diff: 0.1]
   [Code Root Fixup: 0.0 ms]
   [Code Root Migration: 0.2 ms]
   [Clear CT: 0.2 ms]
   [Other: 188.5 ms]
      [Choose CSet: 0.0 ms]
      [Ref Proc: 184.8 ms]
      [Ref Enq: 2.4 ms]
      [Free CSet: 1.3 ms]
   [Eden: 980.0M(980.0M)->0.0B(184.0M) Survivors: 18.0M->20.0M Heap: 2940.1M(4096.0M)->1962.1M(4096.0M)]
 [Times: user=0.79 sys=0.00, real=0.20 secs] 
2016-01-06T01:00:36.159-0800: 272.280: [GC pause (young)
Desired survivor size 13631488 bytes, new threshold 1 (max 15)
- age   1:   19034272 bytes,   19034272 total
- age   2:      36864 bytes,   19071136 total
2016-01-06T01:00:36.355-0800: 272.476: [SoftReference, 0 refs, 0.0005190 secs]2016-01-06T01:00:36.356-0800: 272.476: [WeakReference, 0 refs, 0.0003150 secs]2016-01-06T01:00:36.356-0800: 272.477: [FinalReference, 0 refs, 0.0003090 secs]2016-01-06T01:00:36.356-0800: 272.477: [PhantomReference, 0 refs, 6214 refs, 0.0007310 secs]2016-01-06T01:00:36.357-0800: 272.478: [JNI Weak Reference, 0.0000120 secs], 0.1986440 secs]
   [Parallel Time: 4.8 ms, GC Workers: 4]
      [GC Worker Start (ms): Min: 272280.4, Avg: 272280.4, Max: 272280.4, Diff: 0.1]
      [Ext Root Scanning (ms): Min: 0.3, Avg: 0.4, Max: 0.4, Diff: 0.0, Sum: 1.4]
      [SATB Filtering (ms): Min: 0.0, Avg: 0.0, Max: 0.0, Diff: 0.0, Sum: 0.0]
      [Update RS (ms): Min: 1.6, Avg: 1.9, Max: 2.2, Diff: 0.5, Sum: 7.7]
         [Processed Buffers: Min: 3, Avg: 3.8, Max: 5, Diff: 2, Sum: 15]
      [Scan RS (ms): Min: 0.0, Avg: 0.1, Max: 0.2, Diff: 0.2, Sum: 0.3]
      [Code Root Scanning (ms): Min: 0.0, Avg: 0.0, Max: 0.0, Diff: 0.0, Sum: 0.0]
      [Object Copy (ms): Min: 2.2, Avg: 2.3, Max: 2.5, Diff: 0.3, Sum: 9.3]
      [Termination (ms): Min: 0.0, Avg: 0.0, Max: 0.0, Diff: 0.0, Sum: 0.0]
      [GC Worker Other (ms): Min: 0.0, Avg: 0.0, Max: 0.0, Diff: 0.0, Sum: 0.1]
      [GC Worker Total (ms): Min: 4.7, Avg: 4.7, Max: 4.7, Diff: 0.1, Sum: 18.9]
      [GC Worker End (ms): Min: 272285.1, Avg: 272285.1, Max: 272285.1, Diff: 0.0]
   [Code Root Fixup: 0.0 ms]
   [Code Root Migration: 0.0 ms]
   [Clear CT: 0.2 ms]
   [Other: 193.6 ms]
      [Choose CSet: 0.0 ms]
      [Ref Proc: 192.6 ms]
      [Ref Enq: 0.5 ms]
      [Free CSet: 0.4 ms]
   [Eden: 184.0M(184.0M)->0.0B(185.0M) Survivors: 20.0M->19.0M Heap: 2146.1M(4096.0M)->1961.1M(4096.0M)]
 [Times: user=0.75 sys=0.01, real=0.20 secs] 
2016-01-06T01:00:36.386-0800: 272.507: [GC pause (young)
Desired survivor size 13631488 bytes, new threshold 1 (max 15)
- age   1:   17257600 bytes,   17257600 total
2016-01-06T01:00:36.574-0800: 272.695: [SoftReference, 0 refs, 0.0005020 secs]2016-01-06T01:00:36.574-0800: 272.695: [WeakReference, 0 refs, 0.0002340 secs]2016-01-06T01:00:36.575-0800: 272.696: [FinalReference, 0 refs, 0.0002230 secs]2016-01-06T01:00:36.575-0800: 272.696: [PhantomReference, 0 refs, 6244 refs, 0.0005690 secs]2016-01-06T01:00:36.575-0800: 272.696: [JNI Weak Reference, 0.0000120 secs], 0.1906150 secs]
   [Parallel Time: 3.1 ms, GC Workers: 4]
      [GC Worker Start (ms): Min: 272506.8, Avg: 272507.6, Max: 272509.9, Diff: 3.0]
      [Ext Root Scanning (ms): Min: 0.0, Avg: 0.3, Max: 0.5, Diff: 0.5, Sum: 1.3]
      [SATB Filtering (ms): Min: 0.0, Avg: 0.0, Max: 0.0, Diff: 0.0, Sum: 0.0]
      [Update RS (ms): Min: 0.0, Avg: 0.1, Max: 0.2, Diff: 0.2, Sum: 0.3]
         [Processed Buffers: Min: 0, Avg: 1.5, Max: 3, Diff: 3, Sum: 6]
      [Scan RS (ms): Min: 0.0, Avg: 0.1, Max: 0.1, Diff: 0.1, Sum: 0.3]
      [Code Root Scanning (ms): Min: 0.0, Avg: 0.0, Max: 0.0, Diff: 0.0, Sum: 0.0]
      [Object Copy (ms): Min: 0.0, Avg: 1.7, Max: 2.2, Diff: 2.2, Sum: 6.6]
      [Termination (ms): Min: 0.0, Avg: 0.2, Max: 0.2, Diff: 0.2, Sum: 0.7]
      [GC Worker Other (ms): Min: 0.0, Avg: 0.0, Max: 0.0, Diff: 0.0, Sum: 0.0]
      [GC Worker Total (ms): Min: 0.1, Avg: 2.3, Max: 3.1, Diff: 3.0, Sum: 9.3]
      [GC Worker End (ms): Min: 272509.9, Avg: 272509.9, Max: 272509.9, Diff: 0.0]
   [Code Root Fixup: 0.0 ms]
   [Code Root Migration: 0.0 ms]
   [Clear CT: 0.1 ms]
   [Other: 187.3 ms]
      [Choose CSet: 0.0 ms]
      [Ref Proc: 186.4 ms]
      [Ref Enq: 0.5 ms]
      [Free CSet: 0.4 ms]
   [Eden: 185.0M(185.0M)->0.0B(706.0M) Survivors: 19.0M->19.0M Heap: 2146.1M(4096.0M)->1960.7M(4096.0M)]
 [Times: user=0.71 sys=0.01, real=0.18 secs] 
2016-01-06T01:00:36.684-0800: 272.805: [GC pause (young)
Desired survivor size 47710208 bytes, new threshold 15 (max 15)
- age   1:   17259832 bytes,   17259832 total
2016-01-06T01:00:36.888-0800: 273.009: [SoftReference, 0 refs, 0.0006350 secs]2016-01-06T01:00:36.889-0800: 273.010: [WeakReference, 0 refs, 0.0002960 secs]2016-01-06T01:00:36.889-0800: 273.010: [FinalReference, 0 refs, 0.0003590 secs]2016-01-06T01:00:36.890-0800: 273.011: [PhantomReference, 0 refs, 22395 refs, 0.0012770 secs]2016-01-06T01:00:36.891-0800: 273.012: [JNI Weak Reference, 0.0000140 secs], 0.2104350 secs]
   [Parallel Time: 8.5 ms, GC Workers: 4]
      [GC Worker Start (ms): Min: 272804.6, Avg: 272804.6, Max: 272804.7, Diff: 0.1]
      [Ext Root Scanning (ms): Min: 0.4, Avg: 0.4, Max: 0.4, Diff: 0.0, Sum: 1.5]
      [SATB Filtering (ms): Min: 0.0, Avg: 0.0, Max: 0.0, Diff: 0.0, Sum: 0.0]
      [Update RS (ms): Min: 3.0, Avg: 3.2, Max: 3.5, Diff: 0.6, Sum: 13.0]
         [Processed Buffers: Min: 5, Avg: 5.2, Max: 6, Diff: 1, Sum: 21]
      [Scan RS (ms): Min: 0.0, Avg: 0.3, Max: 0.5, Diff: 0.5, Sum: 1.1]
      [Code Root Scanning (ms): Min: 0.0, Avg: 0.0, Max: 0.1, Diff: 0.1, Sum: 0.1]
      [Object Copy (ms): Min: 4.3, Avg: 4.4, Max: 4.4, Diff: 0.1, Sum: 17.4]
      [Termination (ms): Min: 0.0, Avg: 0.0, Max: 0.0, Diff: 0.0, Sum: 0.0]
      [GC Worker Other (ms): Min: 0.0, Avg: 0.1, Max: 0.1, Diff: 0.1, Sum: 0.3]
      [GC Worker Total (ms): Min: 8.3, Avg: 8.3, Max: 8.4, Diff: 0.1, Sum: 33.4]
      [GC Worker End (ms): Min: 272812.9, Avg: 272813.0, Max: 272813.0, Diff: 0.1]
   [Code Root Fixup: 0.0 ms]
   [Code Root Migration: 0.1 ms]
   [Clear CT: 0.3 ms]
   [Other: 201.5 ms]
      [Choose CSet: 0.0 ms]
      [Ref Proc: 198.9 ms]
      [Ref Enq: 1.4 ms]
      [Free CSet: 1.1 ms]
   [Eden: 706.0M(706.0M)->0.0B(184.0M) Survivors: 19.0M->20.0M Heap: 2666.7M(4096.0M)->1962.2M(4096.0M)]
 [Times: user=0.75 sys=0.01, real=0.21 secs] 
2016-01-06T01:00:36.925-0800: 273.046: [GC pause (young)
Desired survivor size 13631488 bytes, new threshold 1 (max 15)
- age   1:   18422704 bytes,   18422704 total
- age   2:      36864 bytes,   18459568 total
2016-01-06T01:00:37.117-0800: 273.238: [SoftReference, 0 refs, 0.0004600 secs]2016-01-06T01:00:37.117-0800: 273.238: [WeakReference, 0 refs, 0.0002370 secs]2016-01-06T01:00:37.118-0800: 273.238: [FinalReference, 0 refs, 0.0002300 secs]2016-01-06T01:00:37.118-0800: 273.239: [PhantomReference, 0 refs, 6214 refs, 0.0006490 secs]2016-01-06T01:00:37.118-0800: 273.239: [JNI Weak Reference, 0.0000080 secs], 0.1948140 secs]
   [Parallel Time: 3.3 ms, GC Workers: 4]
      [GC Worker Start (ms): Min: 273045.8, Avg: 273046.6, Max: 273049.0, Diff: 3.2]
      [Ext Root Scanning (ms): Min: 0.0, Avg: 0.3, Max: 0.5, Diff: 0.5, Sum: 1.3]
      [SATB Filtering (ms): Min: 0.0, Avg: 0.0, Max: 0.0, Diff: 0.0, Sum: 0.0]
      [Update RS (ms): Min: 0.0, Avg: 0.1, Max: 0.2, Diff: 0.2, Sum: 0.2]
         [Processed Buffers: Min: 0, Avg: 1.2, Max: 3, Diff: 3, Sum: 5]
      [Scan RS (ms): Min: 0.0, Avg: 0.1, Max: 0.1, Diff: 0.1, Sum: 0.3]
      [Code Root Scanning (ms): Min: 0.0, Avg: 0.0, Max: 0.0, Diff: 0.0, Sum: 0.0]
      [Object Copy (ms): Min: 0.0, Avg: 1.8, Max: 2.4, Diff: 2.4, Sum: 7.2]
      [Termination (ms): Min: 0.0, Avg: 0.2, Max: 0.2, Diff: 0.2, Sum: 0.6]
      [GC Worker Other (ms): Min: 0.0, Avg: 0.0, Max: 0.0, Diff: 0.0, Sum: 0.0]
      [GC Worker Total (ms): Min: 0.1, Avg: 2.4, Max: 3.3, Diff: 3.2, Sum: 9.8]
      [GC Worker End (ms): Min: 273049.1, Avg: 273049.1, Max: 273049.1, Diff: 0.0]
   [Code Root Fixup: 0.0 ms]
   [Code Root Migration: 0.0 ms]
   [Clear CT: 0.2 ms]
   [Other: 191.3 ms]
      [Choose CSet: 0.0 ms]
      [Ref Proc: 190.3 ms]
      [Ref Enq: 0.6 ms]
      [Free CSet: 0.4 ms]
   [Eden: 184.0M(184.0M)->0.0B(186.0M) Survivors: 20.0M->18.0M Heap: 2146.2M(4096.0M)->1960.2M(4096.0M)]
 [Times: user=0.75 sys=0.00, real=0.20 secs] 
2016-01-06T01:00:37.146-0800: 273.267: [GC pause (young)
Desired survivor size 13631488 bytes, new threshold 1 (max 15)
- age   1:   17257600 bytes,   17257600 total
2016-01-06T01:00:37.338-0800: 273.459: [SoftReference, 0 refs, 0.0003870 secs]2016-01-06T01:00:37.339-0800: 273.460: [WeakReference, 0 refs, 0.0003630 secs]2016-01-06T01:00:37.339-0800: 273.460: [FinalReference, 0 refs, 0.0002180 secs]2016-01-06T01:00:37.339-0800: 273.460: [PhantomReference, 0 refs, 6275 refs, 0.0007530 secs]2016-01-06T01:00:37.340-0800: 273.461: [JNI Weak Reference, 0.0000080 secs], 0.1951740 secs]
   [Parallel Time: 1.9 ms, GC Workers: 4]
      [GC Worker Start (ms): Min: 273266.9, Avg: 273267.0, Max: 273267.0, Diff: 0.1]
      [Ext Root Scanning (ms): Min: 0.3, Avg: 0.3, Max: 0.4, Diff: 0.0, Sum: 1.4]
      [SATB Filtering (ms): Min: 0.0, Avg: 0.0, Max: 0.0, Diff: 0.0, Sum: 0.0]
      [Update RS (ms): Min: 0.0, Avg: 0.1, Max: 0.2, Diff: 0.2, Sum: 0.4]
         [Processed Buffers: Min: 0, Avg: 1.2, Max: 2, Diff: 2, Sum: 5]
      [Scan RS (ms): Min: 0.0, Avg: 0.1, Max: 0.1, Diff: 0.1, Sum: 0.3]
      [Code Root Scanning (ms): Min: 0.0, Avg: 0.0, Max: 0.0, Diff: 0.0, Sum: 0.0]
      [Object Copy (ms): Min: 1.1, Avg: 1.2, Max: 1.2, Diff: 0.1, Sum: 4.8]
      [Termination (ms): Min: 0.0, Avg: 0.0, Max: 0.0, Diff: 0.0, Sum: 0.0]
      [GC Worker Other (ms): Min: 0.0, Avg: 0.0, Max: 0.0, Diff: 0.0, Sum: 0.1]
      [GC Worker Total (ms): Min: 1.7, Avg: 1.8, Max: 1.8, Diff: 0.1, Sum: 7.1]
      [GC Worker End (ms): Min: 273268.7, Avg: 273268.7, Max: 273268.7, Diff: 0.0]
   [Code Root Fixup: 0.0 ms]
   [Code Root Migration: 0.0 ms]
   [Clear CT: 0.1 ms]
   [Other: 193.1 ms]
      [Choose CSet: 0.0 ms]
      [Ref Proc: 192.1 ms]
      [Ref Enq: 0.6 ms]
      [Free CSet: 0.4 ms]
   [Eden: 186.0M(186.0M)->0.0B(200.0M) Survivors: 18.0M->4096.0K Heap: 2146.2M(4096.0M)->1946.2M(4096.0M)]
 [Times: user=0.73 sys=0.00, real=0.19 secs] 
2016-01-06T01:00:37.370-0800: 273.490: [GC pause (young)
Desired survivor size 13631488 bytes, new threshold 15 (max 15)
- age   1:    2651824 bytes,    2651824 total
2016-01-06T01:00:37.566-0800: 273.687: [SoftReference, 0 refs, 0.0005960 secs]2016-01-06T01:00:37.566-0800: 273.687: [WeakReference, 0 refs, 0.0003670 secs]2016-01-06T01:00:37.567-0800: 273.688: [FinalReference, 0 refs, 0.0002420 secs]2016-01-06T01:00:37.567-0800: 273.688: [PhantomReference, 0 refs, 6710 refs, 0.0005730 secs]2016-01-06T01:00:37.568-0800: 273.689: [JNI Weak Reference, 0.0000150 secs], 0.1992770 secs]
   [Parallel Time: 2.9 ms, GC Workers: 4]
      [GC Worker Start (ms): Min: 273490.5, Avg: 273490.6, Max: 273490.6, Diff: 0.1]
      [Ext Root Scanning (ms): Min: 0.3, Avg: 0.4, Max: 0.4, Diff: 0.1, Sum: 1.4]
      [SATB Filtering (ms): Min: 0.0, Avg: 0.0, Max: 0.0, Diff: 0.0, Sum: 0.0]
      [Update RS (ms): Min: 0.0, Avg: 0.1, Max: 0.3, Diff: 0.3, Sum: 0.4]
         [Processed Buffers: Min: 1, Avg: 1.8, Max: 2, Diff: 1, Sum: 7]
      [Scan RS (ms): Min: 0.0, Avg: 0.1, Max: 0.1, Diff: 0.1, Sum: 0.3]
      [Code Root Scanning (ms): Min: 0.0, Avg: 0.0, Max: 0.0, Diff: 0.0, Sum: 0.0]
      [Object Copy (ms): Min: 2.2, Avg: 2.2, Max: 2.3, Diff: 0.1, Sum: 8.9]
      [Termination (ms): Min: 0.0, Avg: 0.0, Max: 0.0, Diff: 0.0, Sum: 0.0]
      [GC Worker Other (ms): Min: 0.0, Avg: 0.0, Max: 0.1, Diff: 0.0, Sum: 0.1]
      [GC Worker Total (ms): Min: 2.8, Avg: 2.8, Max: 2.8, Diff: 0.1, Sum: 11.3]
      [GC Worker End (ms): Min: 273493.4, Avg: 273493.4, Max: 273493.4, Diff: 0.0]
   [Code Root Fixup: 0.0 ms]
   [Code Root Migration: 0.0 ms]
   [Clear CT: 0.1 ms]
   [Other: 196.2 ms]
      [Choose CSet: 0.0 ms]
      [Ref Proc: 195.2 ms]
      [Ref Enq: 0.6 ms]
      [Free CSet: 0.4 ms]
   [Eden: 200.0M(200.0M)->0.0B(185.0M) Survivors: 4096.0K->19.0M Heap: 2146.2M(4096.0M)->1960.7M(4096.0M)]
 [Times: user=0.73 sys=0.00, real=0.20 secs] 
2016-01-06T01:00:37.595-0800: 273.716: [GC pause (young)
Desired survivor size 13631488 bytes, new threshold 1 (max 15)
- age   1:   17293312 bytes,   17293312 total
- age   2:      36864 bytes,   17330176 total
2016-01-06T01:00:37.785-0800: 273.906: [SoftReference, 0 refs, 0.0005240 secs]2016-01-06T01:00:37.786-0800: 273.907: [WeakReference, 0 refs, 0.0002490 secs]2016-01-06T01:00:37.786-0800: 273.907: [FinalReference, 0 refs, 0.0002710 secs]2016-01-06T01:00:37.786-0800: 273.907: [PhantomReference, 0 refs, 6243 refs, 0.0007860 secs]2016-01-06T01:00:37.787-0800: 273.908: [JNI Weak Reference, 0.0000210 secs], 0.1932720 secs]
   [Parallel Time: 5.9 ms, GC Workers: 4]
      [GC Worker Start (ms): Min: 273716.1, Avg: 273716.6, Max: 273717.9, Diff: 1.8]
      [Ext Root Scanning (ms): Min: 0.0, Avg: 0.3, Max: 0.4, Diff: 0.4, Sum: 1.2]
      [SATB Filtering (ms): Min: 0.0, Avg: 0.0, Max: 0.0, Diff: 0.0, Sum: 0.0]
      [Update RS (ms): Min: 0.0, Avg: 0.0, Max: 0.2, Diff: 0.2, Sum: 0.2]
         [Processed Buffers: Min: 0, Avg: 1.2, Max: 4, Diff: 4, Sum: 5]
      [Scan RS (ms): Min: 0.0, Avg: 0.1, Max: 0.1, Diff: 0.1, Sum: 0.3]
      [Code Root Scanning (ms): Min: 0.0, Avg: 0.0, Max: 0.0, Diff: 0.0, Sum: 0.0]
      [Object Copy (ms): Min: 1.0, Avg: 2.6, Max: 5.2, Diff: 4.2, Sum: 10.4]
      [Termination (ms): Min: 0.0, Avg: 2.3, Max: 3.0, Diff: 3.0, Sum: 9.1]
      [GC Worker Other (ms): Min: 0.0, Avg: 0.0, Max: 0.0, Diff: 0.0, Sum: 0.0]
      [GC Worker Total (ms): Min: 4.0, Avg: 5.3, Max: 5.8, Diff: 1.8, Sum: 21.3]
      [GC Worker End (ms): Min: 273721.9, Avg: 273721.9, Max: 273721.9, Diff: 0.0]
   [Code Root Fixup: 0.0 ms]
   [Code Root Migration: 0.0 ms]
   [Clear CT: 0.1 ms]
   [Other: 187.2 ms]
      [Choose CSet: 0.0 ms]
      [Ref Proc: 186.2 ms]
      [Ref Enq: 0.6 ms]
      [Free CSet: 0.4 ms]
   [Eden: 185.0M(185.0M)->0.0B(666.0M) Survivors: 19.0M->19.0M Heap: 2145.7M(4096.0M)->1960.8M(4096.0M)]
 [Times: user=0.68 sys=0.00, real=0.20 secs] 
2016-01-06T01:00:37.884-0800: 274.005: [GC pause (young)
Desired survivor size 45088768 bytes, new threshold 15 (max 15)
- age   1:   17259832 bytes,   17259832 total
2016-01-06T01:00:38.076-0800: 274.197: [SoftReference, 0 refs, 0.0005050 secs]2016-01-06T01:00:38.077-0800: 274.198: [WeakReference, 0 refs, 0.0002520 secs]2016-01-06T01:00:38.077-0800: 274.198: [FinalReference, 0 refs, 0.0002490 secs]2016-01-06T01:00:38.077-0800: 274.198: [PhantomReference, 0 refs, 21155 refs, 0.0009090 secs]2016-01-06T01:00:38.078-0800: 274.199: [JNI Weak Reference, 0.0000170 secs], 0.1974920 secs]
   [Parallel Time: 5.4 ms, GC Workers: 4]
      [GC Worker Start (ms): Min: 274005.1, Avg: 274005.1, Max: 274005.2, Diff: 0.1]
      [Ext Root Scanning (ms): Min: 0.3, Avg: 0.3, Max: 0.4, Diff: 0.1, Sum: 1.4]
      [SATB Filtering (ms): Min: 0.0, Avg: 0.0, Max: 0.0, Diff: 0.0, Sum: 0.0]
      [Update RS (ms): Min: 0.0, Avg: 0.1, Max: 0.3, Diff: 0.3, Sum: 0.4]
         [Processed Buffers: Min: 0, Avg: 1.0, Max: 2, Diff: 2, Sum: 4]
      [Scan RS (ms): Min: 0.2, Avg: 0.3, Max: 0.4, Diff: 0.2, Sum: 1.3]
      [Code Root Scanning (ms): Min: 0.0, Avg: 0.0, Max: 0.0, Diff: 0.0, Sum: 0.1]
      [Object Copy (ms): Min: 4.4, Avg: 4.4, Max: 4.4, Diff: 0.0, Sum: 17.7]
      [Termination (ms): Min: 0.0, Avg: 0.0, Max: 0.0, Diff: 0.0, Sum: 0.0]
      [GC Worker Other (ms): Min: 0.0, Avg: 0.0, Max: 0.1, Diff: 0.0, Sum: 0.2]
      [GC Worker Total (ms): Min: 5.2, Avg: 5.3, Max: 5.3, Diff: 0.1, Sum: 21.1]
      [GC Worker End (ms): Min: 274010.4, Avg: 274010.4, Max: 274010.4, Diff: 0.0]
   [Code Root Fixup: 0.0 ms]
   [Code Root Migration: 0.1 ms]
   [Clear CT: 0.2 ms]
   [Other: 191.7 ms]
      [Choose CSet: 0.0 ms]
      [Ref Proc: 188.7 ms]
      [Ref Enq: 2.0 ms]
      [Free CSet: 1.0 ms]
   [Eden: 666.0M(666.0M)->0.0B(781.0M) Survivors: 19.0M->20.0M Heap: 2626.8M(4096.0M)->1961.8M(4096.0M)]
 [Times: user=0.76 sys=0.00, real=0.20 secs] 
2016-01-06T01:00:38.192-0800: 274.313: [GC pause (young)
Desired survivor size 52953088 bytes, new threshold 15 (max 15)
- age   1:   18333424 bytes,   18333424 total
- age   2:      36864 bytes,   18370288 total
2016-01-06T01:00:38.386-0800: 274.507: [SoftReference, 0 refs, 0.0004130 secs]2016-01-06T01:00:38.387-0800: 274.508: [WeakReference, 0 refs, 0.0002350 secs]2016-01-06T01:00:38.387-0800: 274.508: [FinalReference, 0 refs, 0.0003190 secs]2016-01-06T01:00:38.387-0800: 274.508: [PhantomReference, 0 refs, 24720 refs, 0.0008120 secs]2016-01-06T01:00:38.388-0800: 274.509: [JNI Weak Reference, 0.0000090 secs], 0.1992110 secs]
   [Parallel Time: 6.2 ms, GC Workers: 4]
      [GC Worker Start (ms): Min: 274313.0, Avg: 274313.0, Max: 274313.1, Diff: 0.1]
      [Ext Root Scanning (ms): Min: 0.3, Avg: 0.3, Max: 0.4, Diff: 0.1, Sum: 1.4]
      [SATB Filtering (ms): Min: 0.0, Avg: 0.0, Max: 0.0, Diff: 0.0, Sum: 0.0]
      [Update RS (ms): Min: 0.0, Avg: 0.1, Max: 0.3, Diff: 0.3, Sum: 0.3]
         [Processed Buffers: Min: 0, Avg: 1.5, Max: 4, Diff: 4, Sum: 6]
      [Scan RS (ms): Min: 0.3, Avg: 0.4, Max: 0.4, Diff: 0.2, Sum: 1.5]
      [Code Root Scanning (ms): Min: 0.0, Avg: 0.0, Max: 0.0, Diff: 0.0, Sum: 0.1]
      [Object Copy (ms): Min: 5.2, Avg: 5.2, Max: 5.2, Diff: 0.0, Sum: 20.7]
      [Termination (ms): Min: 0.0, Avg: 0.0, Max: 0.0, Diff: 0.0, Sum: 0.0]
      [GC Worker Other (ms): Min: 0.0, Avg: 0.1, Max: 0.1, Diff: 0.1, Sum: 0.3]
      [GC Worker Total (ms): Min: 6.1, Avg: 6.1, Max: 6.1, Diff: 0.0, Sum: 24.3]
      [GC Worker End (ms): Min: 274319.1, Avg: 274319.1, Max: 274319.2, Diff: 0.1]
   [Code Root Fixup: 0.0 ms]
   [Code Root Migration: 0.1 ms]
   [Clear CT: 0.3 ms]
   [Other: 192.6 ms]
      [Choose CSet: 0.0 ms]
      [Ref Proc: 189.7 ms]
      [Ref Enq: 1.8 ms]
      [Free CSet: 1.0 ms]
   [Eden: 781.0M(781.0M)->0.0B(762.0M) Survivors: 20.0M->20.0M Heap: 2742.8M(4096.0M)->1962.3M(4096.0M)]
 [Times: user=0.76 sys=0.00, real=0.20 secs] 
2016-01-06T01:00:38.513-0800: 274.634: [GC pause (young)
Desired survivor size 51380224 bytes, new threshold 15 (max 15)
- age   1:   18590104 bytes,   18590104 total
- age   2:      36864 bytes,   18626968 total
2016-01-06T01:00:38.704-0800: 274.824: [SoftReference, 0 refs, 0.0202780 secs]2016-01-06T01:00:38.724-0800: 274.845: [WeakReference, 0 refs, 0.0003510 secs]2016-01-06T01:00:38.724-0800: 274.845: [FinalReference, 0 refs, 0.0002720 secs]2016-01-06T01:00:38.724-0800: 274.845: [PhantomReference, 0 refs, 24132 refs, 0.0010790 secs]2016-01-06T01:00:38.726-0800: 274.846: [JNI Weak Reference, 0.0000100 secs], 0.2162520 secs]
   [Parallel Time: 6.4 ms, GC Workers: 4]
      [GC Worker Start (ms): Min: 274633.6, Avg: 274634.7, Max: 274637.9, Diff: 4.3]
      [Ext Root Scanning (ms): Min: 0.0, Avg: 0.4, Max: 0.6, Diff: 0.5, Sum: 1.4]
      [SATB Filtering (ms): Min: 0.0, Avg: 0.0, Max: 0.0, Diff: 0.0, Sum: 0.0]
      [Update RS (ms): Min: 0.0, Avg: 0.0, Max: 0.2, Diff: 0.2, Sum: 0.2]
         [Processed Buffers: Min: 0, Avg: 1.2, Max: 4, Diff: 4, Sum: 5]
      [Scan RS (ms): Min: 0.1, Avg: 0.3, Max: 0.5, Diff: 0.3, Sum: 1.3]
      [Code Root Scanning (ms): Min: 0.0, Avg: 0.0, Max: 0.1, Diff: 0.1, Sum: 0.1]
      [Object Copy (ms): Min: 1.8, Avg: 4.4, Max: 5.3, Diff: 3.5, Sum: 17.6]
      [Termination (ms): Min: 0.0, Avg: 0.0, Max: 0.0, Diff: 0.0, Sum: 0.0]
      [GC Worker Other (ms): Min: 0.0, Avg: 0.0, Max: 0.1, Diff: 0.0, Sum: 0.2]
      [GC Worker Total (ms): Min: 2.0, Avg: 5.2, Max: 6.3, Diff: 4.3, Sum: 20.9]
      [GC Worker End (ms): Min: 274639.9, Avg: 274639.9, Max: 274639.9, Diff: 0.0]
   [Code Root Fixup: 0.0 ms]
   [Code Root Migration: 0.1 ms]
   [Clear CT: 0.3 ms]
   [Other: 209.5 ms]
      [Choose CSet: 0.0 ms]
      [Ref Proc: 206.5 ms]
      [Ref Enq: 1.8 ms]
      [Free CSet: 1.0 ms]
   [Eden: 762.0M(762.0M)->0.0B(184.0M) Survivors: 20.0M->20.0M Heap: 2724.3M(4096.0M)->1962.3M(4096.0M)]
 [Times: user=0.75 sys=0.01, real=0.22 secs] 
2016-01-06T01:00:38.756-0800: 274.877: [GC pause (young)
Desired survivor size 13631488 bytes, new threshold 1 (max 15)
- age   1:   18547696 bytes,   18547696 total
- age   2:      36864 bytes,   18584560 total
2016-01-06T01:00:38.950-0800: 275.071: [SoftReference, 0 refs, 0.0006130 secs]2016-01-06T01:00:38.950-0800: 275.071: [WeakReference, 0 refs, 0.0003760 secs]2016-01-06T01:00:38.951-0800: 275.072: [FinalReference, 0 refs, 0.0002740 secs]2016-01-06T01:00:38.951-0800: 275.072: [PhantomReference, 0 refs, 6214 refs, 0.0009670 secs]2016-01-06T01:00:38.952-0800: 275.073: [JNI Weak Reference, 0.0000080 secs], 0.1971010 secs]
   [Parallel Time: 3.0 ms, GC Workers: 4]
      [GC Worker Start (ms): Min: 274876.9, Avg: 274877.0, Max: 274877.0, Diff: 0.1]
      [Ext Root Scanning (ms): Min: 0.3, Avg: 0.4, Max: 0.4, Diff: 0.2, Sum: 1.4]
      [SATB Filtering (ms): Min: 0.0, Avg: 0.0, Max: 0.0, Diff: 0.0, Sum: 0.0]
      [Update RS (ms): Min: 0.0, Avg: 0.1, Max: 0.3, Diff: 0.3, Sum: 0.3]
         [Processed Buffers: Min: 0, Avg: 1.2, Max: 3, Diff: 3, Sum: 5]
      [Scan RS (ms): Min: 0.0, Avg: 0.1, Max: 0.1, Diff: 0.1, Sum: 0.3]
      [Code Root Scanning (ms): Min: 0.0, Avg: 0.0, Max: 0.0, Diff: 0.0, Sum: 0.0]
      [Object Copy (ms): Min: 2.3, Avg: 2.3, Max: 2.4, Diff: 0.1, Sum: 9.3]
      [Termination (ms): Min: 0.0, Avg: 0.0, Max: 0.0, Diff: 0.0, Sum: 0.0]
      [GC Worker Other (ms): Min: 0.0, Avg: 0.0, Max: 0.0, Diff: 0.0, Sum: 0.1]
      [GC Worker Total (ms): Min: 2.8, Avg: 2.9, Max: 2.9, Diff: 0.1, Sum: 11.5]
      [GC Worker End (ms): Min: 274879.9, Avg: 274879.9, Max: 274879.9, Diff: 0.0]
   [Code Root Fixup: 0.0 ms]
   [Code Root Migration: 0.0 ms]
   [Clear CT: 0.2 ms]
   [Other: 193.9 ms]
      [Choose CSet: 0.0 ms]
      [Ref Proc: 193.0 ms]
      [Ref Enq: 0.4 ms]
      [Free CSet: 0.4 ms]
   [Eden: 184.0M(184.0M)->0.0B(185.0M) Survivors: 20.0M->19.0M Heap: 2146.3M(4096.0M)->1961.3M(4096.0M)]
 [Times: user=0.69 sys=0.01, real=0.20 secs] 
2016-01-06T01:00:38.980-0800: 275.101: [GC pause (young)
Desired survivor size 13631488 bytes, new threshold 1 (max 15)
- age   1:   17257600 bytes,   17257600 total
2016-01-06T01:00:39.169-0800: 275.290: [SoftReference, 0 refs, 0.0004940 secs]2016-01-06T01:00:39.170-0800: 275.291: [WeakReference, 0 refs, 0.0002390 secs]2016-01-06T01:00:39.170-0800: 275.291: [FinalReference, 0 refs, 0.0002480 secs]2016-01-06T01:00:39.170-0800: 275.291: [PhantomReference, 0 refs, 6244 refs, 0.0006650 secs]2016-01-06T01:00:39.171-0800: 275.292: [JNI Weak Reference, 0.0000130 secs], 0.1922530 secs]
   [Parallel Time: 3.2 ms, GC Workers: 4]
      [GC Worker Start (ms): Min: 275100.9, Avg: 275100.9, Max: 275101.0, Diff: 0.1]
      [Ext Root Scanning (ms): Min: 0.3, Avg: 0.4, Max: 0.4, Diff: 0.1, Sum: 1.4]
      [SATB Filtering (ms): Min: 0.0, Avg: 0.0, Max: 0.0, Diff: 0.0, Sum: 0.0]
      [Update RS (ms): Min: 0.0, Avg: 0.1, Max: 0.3, Diff: 0.3, Sum: 0.4]
         [Processed Buffers: Min: 1, Avg: 1.5, Max: 2, Diff: 1, Sum: 6]
      [Scan RS (ms): Min: 0.0, Avg: 0.1, Max: 0.1, Diff: 0.1, Sum: 0.3]
      [Code Root Scanning (ms): Min: 0.0, Avg: 0.0, Max: 0.0, Diff: 0.0, Sum: 0.0]
      [Object Copy (ms): Min: 2.5, Avg: 2.5, Max: 2.5, Diff: 0.1, Sum: 10.0]
      [Termination (ms): Min: 0.0, Avg: 0.0, Max: 0.0, Diff: 0.0, Sum: 0.0]
      [GC Worker Other (ms): Min: 0.0, Avg: 0.0, Max: 0.0, Diff: 0.0, Sum: 0.1]
      [GC Worker Total (ms): Min: 3.1, Avg: 3.1, Max: 3.1, Diff: 0.1, Sum: 12.4]
      [GC Worker End (ms): Min: 275104.0, Avg: 275104.0, Max: 275104.0, Diff: 0.0]
   [Code Root Fixup: 0.0 ms]
   [Code Root Migration: 0.0 ms]
   [Clear CT: 0.1 ms]
   [Other: 188.9 ms]
      [Choose CSet: 0.0 ms]
      [Ref Proc: 187.9 ms]
      [Ref Enq: 0.6 ms]
      [Free CSet: 0.3 ms]
   [Eden: 185.0M(185.0M)->0.0B(186.0M) Survivors: 19.0M->18.0M Heap: 2146.3M(4096.0M)->1960.4M(4096.0M)]
 [Times: user=0.75 sys=0.00, real=0.19 secs] 
2016-01-06T01:00:39.199-0800: 275.319: [GC pause (young)
Desired survivor size 13631488 bytes, new threshold 1 (max 15)
- age   1:   17259832 bytes,   17259832 total
2016-01-06T01:00:39.392-0800: 275.513: [SoftReference, 0 refs, 0.0006430 secs]2016-01-06T01:00:39.392-0800: 275.513: [WeakReference, 0 refs, 0.0002610 secs]2016-01-06T01:00:39.393-0800: 275.514: [FinalReference, 0 refs, 0.0002410 secs]2016-01-06T01:00:39.393-0800: 275.514: [PhantomReference, 0 refs, 6274 refs, 0.0006090 secs]2016-01-06T01:00:39.393-0800: 275.514: [JNI Weak Reference, 0.0000090 secs], 0.1960540 secs]
   [Parallel Time: 2.6 ms, GC Workers: 4]
      [GC Worker Start (ms): Min: 275319.5, Avg: 275320.1, Max: 275321.9, Diff: 2.4]
      [Ext Root Scanning (ms): Min: 0.0, Avg: 0.3, Max: 0.4, Diff: 0.4, Sum: 1.3]
      [SATB Filtering (ms): Min: 0.0, Avg: 0.0, Max: 0.0, Diff: 0.0, Sum: 0.0]
      [Update RS (ms): Min: 0.0, Avg: 0.1, Max: 0.2, Diff: 0.2, Sum: 0.3]
         [Processed Buffers: Min: 0, Avg: 1.5, Max: 4, Diff: 4, Sum: 6]
      [Scan RS (ms): Min: 0.0, Avg: 0.1, Max: 0.1, Diff: 0.1, Sum: 0.3]
      [Code Root Scanning (ms): Min: 0.0, Avg: 0.0, Max: 0.0, Diff: 0.0, Sum: 0.0]
      [Object Copy (ms): Min: 0.1, Avg: 1.4, Max: 1.9, Diff: 1.8, Sum: 5.8]
      [Termination (ms): Min: 0.0, Avg: 0.0, Max: 0.0, Diff: 0.0, Sum: 0.0]
      [GC Worker Other (ms): Min: 0.0, Avg: 0.0, Max: 0.0, Diff: 0.0, Sum: 0.0]
      [GC Worker Total (ms): Min: 0.2, Avg: 2.0, Max: 2.6, Diff: 2.4, Sum: 7.8]
      [GC Worker End (ms): Min: 275322.1, Avg: 275322.1, Max: 275322.1, Diff: 0.0]
   [Code Root Fixup: 0.0 ms]
   [Code Root Migration: 0.0 ms]
   [Clear CT: 0.1 ms]
   [Other: 193.2 ms]
      [Choose CSet: 0.0 ms]
      [Ref Proc: 192.2 ms]
      [Ref Enq: 0.5 ms]
      [Free CSet: 0.4 ms]
   [Eden: 186.0M(186.0M)->0.0B(189.0M) Survivors: 18.0M->15.0M Heap: 2146.4M(4096.0M)->1957.4M(4096.0M)]
 [Times: user=0.73 sys=0.00, real=0.19 secs] 
2016-01-06T01:00:39.422-0800: 275.543: [GC pause (young)
Desired survivor size 13631488 bytes, new threshold 1 (max 15)
- age   1:   13781872 bytes,   13781872 total
2016-01-06T01:00:39.630-0800: 275.751: [SoftReference, 0 refs, 0.0005270 secs]2016-01-06T01:00:39.631-0800: 275.752: [WeakReference, 0 refs, 0.0003110 secs]2016-01-06T01:00:39.631-0800: 275.752: [FinalReference, 0 refs, 0.0002130 secs]2016-01-06T01:00:39.631-0800: 275.752: [PhantomReference, 0 refs, 6368 refs, 0.0007370 secs]2016-01-06T01:00:39.632-0800: 275.753: [JNI Weak Reference, 0.0000080 secs], 0.2111100 secs]
   [Parallel Time: 3.1 ms, GC Workers: 4]
      [GC Worker Start (ms): Min: 275543.3, Avg: 275543.3, Max: 275543.3, Diff: 0.1]
      [Ext Root Scanning (ms): Min: 0.3, Avg: 0.4, Max: 0.4, Diff: 0.1, Sum: 1.4]
      [SATB Filtering (ms): Min: 0.0, Avg: 0.0, Max: 0.0, Diff: 0.0, Sum: 0.0]
      [Update RS (ms): Min: 0.0, Avg: 0.1, Max: 0.3, Diff: 0.3, Sum: 0.4]
         [Processed Buffers: Min: 1, Avg: 1.5, Max: 3, Diff: 2, Sum: 6]
      [Scan RS (ms): Min: 0.0, Avg: 0.1, Max: 0.1, Diff: 0.1, Sum: 0.3]
      [Code Root Scanning (ms): Min: 0.0, Avg: 0.0, Max: 0.0, Diff: 0.0, Sum: 0.0]
      [Object Copy (ms): Min: 2.4, Avg: 2.5, Max: 2.5, Diff: 0.1, Sum: 9.8]
      [Termination (ms): Min: 0.0, Avg: 0.0, Max: 0.0, Diff: 0.0, Sum: 0.0]
      [GC Worker Other (ms): Min: 0.0, Avg: 0.0, Max: 0.0, Diff: 0.0, Sum: 0.1]
      [GC Worker Total (ms): Min: 3.0, Avg: 3.0, Max: 3.1, Diff: 0.1, Sum: 12.1]
      [GC Worker End (ms): Min: 275546.3, Avg: 275546.3, Max: 275546.3, Diff: 0.0]
   [Code Root Fixup: 0.0 ms]
   [Code Root Migration: 0.0 ms]
   [Clear CT: 0.1 ms]
   [Other: 207.8 ms]
      [Choose CSet: 0.0 ms]
      [Ref Proc: 206.8 ms]
      [Ref Enq: 0.6 ms]
      [Free CSet: 0.4 ms]
   [Eden: 189.0M(189.0M)->0.0B(185.0M) Survivors: 15.0M->19.0M Heap: 2146.4M(4096.0M)->1961.0M(4096.0M)]
 [Times: user=0.78 sys=0.00, real=0.21 secs] 
2016-01-06T01:00:39.660-0800: 275.781: [GC pause (young)
Desired survivor size 13631488 bytes, new threshold 1 (max 15)
- age   1:   17268760 bytes,   17268760 total
2016-01-06T01:00:39.855-0800: 275.976: [SoftReference, 0 refs, 0.0004310 secs]2016-01-06T01:00:39.856-0800: 275.977: [WeakReference, 0 refs, 0.0002190 secs]2016-01-06T01:00:39.856-0800: 275.977: [FinalReference, 0 refs, 0.0002460 secs]2016-01-06T01:00:39.856-0800: 275.977: [PhantomReference, 0 refs, 6243 refs, 0.0007100 secs]2016-01-06T01:00:39.857-0800: 275.978: [JNI Weak Reference, 0.0000080 secs], 0.1977250 secs]
   [Parallel Time: 3.1 ms, GC Workers: 4]
      [GC Worker Start (ms): Min: 275781.2, Avg: 275781.2, Max: 275781.3, Diff: 0.1]
      [Ext Root Scanning (ms): Min: 0.4, Avg: 0.5, Max: 0.7, Diff: 0.3, Sum: 1.9]
      [SATB Filtering (ms): Min: 0.0, Avg: 0.0, Max: 0.0, Diff: 0.0, Sum: 0.0]
      [Update RS (ms): Min: 0.0, Avg: 0.1, Max: 0.2, Diff: 0.2, Sum: 0.3]
         [Processed Buffers: Min: 0, Avg: 1.5, Max: 4, Diff: 4, Sum: 6]
      [Scan RS (ms): Min: 0.0, Avg: 0.1, Max: 0.2, Diff: 0.1, Sum: 0.4]
      [Code Root Scanning (ms): Min: 0.0, Avg: 0.0, Max: 0.0, Diff: 0.0, Sum: 0.0]
      [Object Copy (ms): Min: 2.3, Avg: 2.3, Max: 2.3, Diff: 0.0, Sum: 9.0]
      [Termination (ms): Min: 0.0, Avg: 0.0, Max: 0.0, Diff: 0.0, Sum: 0.0]
      [GC Worker Other (ms): Min: 0.0, Avg: 0.0, Max: 0.0, Diff: 0.0, Sum: 0.1]
      [GC Worker Total (ms): Min: 2.9, Avg: 2.9, Max: 3.0, Diff: 0.1, Sum: 11.8]
      [GC Worker End (ms): Min: 275784.2, Avg: 275784.2, Max: 275784.2, Diff: 0.0]
   [Code Root Fixup: 0.0 ms]
   [Code Root Migration: 0.0 ms]
   [Clear CT: 0.1 ms]
   [Other: 194.5 ms]
      [Choose CSet: 0.0 ms]
      [Ref Proc: 193.5 ms]
      [Ref Enq: 0.5 ms]
      [Free CSet: 0.3 ms]
   [Eden: 185.0M(185.0M)->0.0B(185.0M) Survivors: 19.0M->19.0M Heap: 2146.0M(4096.0M)->1961.0M(4096.0M)]
 [Times: user=0.71 sys=0.00, real=0.20 secs] 
2016-01-06T01:00:39.886-0800: 276.007: [GC pause (young)
Desired survivor size 13631488 bytes, new threshold 1 (max 15)
- age   1:   17259832 bytes,   17259832 total
2016-01-06T01:00:40.078-0800: 276.199: [SoftReference, 0 refs, 0.0004780 secs]2016-01-06T01:00:40.078-0800: 276.199: [WeakReference, 0 refs, 0.0002190 secs]2016-01-06T01:00:40.078-0800: 276.199: [FinalReference, 0 refs, 0.0002200 secs]2016-01-06T01:00:40.079-0800: 276.200: [PhantomReference, 0 refs, 6244 refs, 0.0005870 secs]2016-01-06T01:00:40.079-0800: 276.200: [JNI Weak Reference, 0.0000090 secs], 0.1946550 secs]
   [Parallel Time: 2.9 ms, GC Workers: 4]
      [GC Worker Start (ms): Min: 276006.8, Avg: 276006.8, Max: 276006.8, Diff: 0.1]
      [Ext Root Scanning (ms): Min: 0.3, Avg: 0.4, Max: 0.4, Diff: 0.0, Sum: 1.4]
      [SATB Filtering (ms): Min: 0.0, Avg: 0.0, Max: 0.0, Diff: 0.0, Sum: 0.0]
      [Update RS (ms): Min: 0.0, Avg: 0.1, Max: 0.3, Diff: 0.3, Sum: 0.4]
         [Processed Buffers: Min: 0, Avg: 1.5, Max: 4, Diff: 4, Sum: 6]
      [Scan RS (ms): Min: 0.0, Avg: 0.1, Max: 0.1, Diff: 0.1, Sum: 0.3]
      [Code Root Scanning (ms): Min: 0.0, Avg: 0.0, Max: 0.0, Diff: 0.0, Sum: 0.0]
      [Object Copy (ms): Min: 2.2, Avg: 2.3, Max: 2.3, Diff: 0.1, Sum: 9.0]
      [Termination (ms): Min: 0.0, Avg: 0.0, Max: 0.0, Diff: 0.0, Sum: 0.0]
      [GC Worker Other (ms): Min: 0.0, Avg: 0.0, Max: 0.0, Diff: 0.0, Sum: 0.1]
      [GC Worker Total (ms): Min: 2.8, Avg: 2.8, Max: 2.9, Diff: 0.1, Sum: 11.3]
      [GC Worker End (ms): Min: 276009.6, Avg: 276009.7, Max: 276009.7, Diff: 0.0]
   [Code Root Fixup: 0.0 ms]
   [Code Root Migration: 0.0 ms]
   [Clear CT: 0.2 ms]
   [Other: 191.5 ms]
      [Choose CSet: 0.0 ms]
      [Ref Proc: 190.5 ms]
      [Ref Enq: 0.6 ms]
      [Free CSet: 0.3 ms]
   [Eden: 185.0M(185.0M)->0.0B(185.0M) Survivors: 19.0M->19.0M Heap: 2146.0M(4096.0M)->1961.0M(4096.0M)]
 [Times: user=0.76 sys=0.00, real=0.19 secs] 
2016-01-06T01:00:40.109-0800: 276.230: [GC pause (young)
Desired survivor size 13631488 bytes, new threshold 1 (max 15)
- age   1:   17259832 bytes,   17259832 total
2016-01-06T01:00:40.302-0800: 276.423: [SoftReference, 0 refs, 0.0005180 secs]2016-01-06T01:00:40.303-0800: 276.424: [WeakReference, 0 refs, 0.0002750 secs]2016-01-06T01:00:40.303-0800: 276.424: [FinalReference, 0 refs, 0.0002190 secs]2016-01-06T01:00:40.303-0800: 276.424: [PhantomReference, 0 refs, 6245 refs, 0.0005680 secs]2016-01-06T01:00:40.304-0800: 276.425: [JNI Weak Reference, 0.0000130 secs], 0.1962520 secs]
   [Parallel Time: 2.9 ms, GC Workers: 4]
      [GC Worker Start (ms): Min: 276229.6, Avg: 276229.6, Max: 276229.6, Diff: 0.1]
      [Ext Root Scanning (ms): Min: 0.3, Avg: 0.4, Max: 0.4, Diff: 0.1, Sum: 1.5]
      [SATB Filtering (ms): Min: 0.0, Avg: 0.0, Max: 0.0, Diff: 0.0, Sum: 0.0]
      [Update RS (ms): Min: 0.0, Avg: 0.1, Max: 0.3, Diff: 0.3, Sum: 0.4]
         [Processed Buffers: Min: 0, Avg: 1.5, Max: 3, Diff: 3, Sum: 6]
      [Scan RS (ms): Min: 0.0, Avg: 0.1, Max: 0.1, Diff: 0.1, Sum: 0.3]
      [Code Root Scanning (ms): Min: 0.0, Avg: 0.0, Max: 0.0, Diff: 0.0, Sum: 0.0]
      [Object Copy (ms): Min: 2.2, Avg: 2.2, Max: 2.3, Diff: 0.1, Sum: 8.9]
      [Termination (ms): Min: 0.0, Avg: 0.0, Max: 0.0, Diff: 0.0, Sum: 0.0]
      [GC Worker Other (ms): Min: 0.0, Avg: 0.0, Max: 0.0, Diff: 0.0, Sum: 0.1]
      [GC Worker Total (ms): Min: 2.8, Avg: 2.8, Max: 2.8, Diff: 0.1, Sum: 11.3]
      [GC Worker End (ms): Min: 276232.4, Avg: 276232.4, Max: 276232.4, Diff: 0.0]
   [Code Root Fixup: 0.0 ms]
   [Code Root Migration: 0.0 ms]
   [Clear CT: 0.1 ms]
   [Other: 193.2 ms]
      [Choose CSet: 0.0 ms]
      [Ref Proc: 192.3 ms]
      [Ref Enq: 0.5 ms]
      [Free CSet: 0.4 ms]
   [Eden: 185.0M(185.0M)->0.0B(185.0M) Survivors: 19.0M->19.0M Heap: 2146.0M(4096.0M)->1961.1M(4096.0M)]
 [Times: user=0.76 sys=0.00, real=0.19 secs] 
2016-01-06T01:00:40.333-0800: 276.454: [GC pause (young)
Desired survivor size 13631488 bytes, new threshold 1 (max 15)
- age   1:   17259832 bytes,   17259832 total
2016-01-06T01:00:40.523-0800: 276.644: [SoftReference, 0 refs, 0.0005260 secs]2016-01-06T01:00:40.523-0800: 276.644: [WeakReference, 0 refs, 0.0003320 secs]2016-01-06T01:00:40.524-0800: 276.645: [FinalReference, 0 refs, 0.0002490 secs]2016-01-06T01:00:40.524-0800: 276.645: [PhantomReference, 0 refs, 6244 refs, 0.0006100 secs]2016-01-06T01:00:40.525-0800: 276.645: [JNI Weak Reference, 0.0000080 secs], 0.1923770 secs]
   [Parallel Time: 3.1 ms, GC Workers: 4]
      [GC Worker Start (ms): Min: 276454.2, Avg: 276454.2, Max: 276454.3, Diff: 0.1]
      [Ext Root Scanning (ms): Min: 0.4, Avg: 0.4, Max: 0.4, Diff: 0.0, Sum: 1.5]
      [SATB Filtering (ms): Min: 0.0, Avg: 0.0, Max: 0.0, Diff: 0.0, Sum: 0.0]
      [Update RS (ms): Min: 0.0, Avg: 0.1, Max: 0.3, Diff: 0.3, Sum: 0.4]
         [Processed Buffers: Min: 1, Avg: 1.5, Max: 2, Diff: 1, Sum: 6]
      [Scan RS (ms): Min: 0.0, Avg: 0.1, Max: 0.1, Diff: 0.1, Sum: 0.3]
      [Code Root Scanning (ms): Min: 0.0, Avg: 0.0, Max: 0.0, Diff: 0.0, Sum: 0.0]
      [Object Copy (ms): Min: 2.3, Avg: 2.4, Max: 2.4, Diff: 0.1, Sum: 9.5]
      [Termination (ms): Min: 0.0, Avg: 0.0, Max: 0.0, Diff: 0.0, Sum: 0.0]
      [GC Worker Other (ms): Min: 0.0, Avg: 0.0, Max: 0.0, Diff: 0.0, Sum: 0.1]
      [GC Worker Total (ms): Min: 2.9, Avg: 2.9, Max: 3.0, Diff: 0.1, Sum: 11.8]
      [GC Worker End (ms): Min: 276457.2, Avg: 276457.2, Max: 276457.2, Diff: 0.0]
   [Code Root Fixup: 0.0 ms]
   [Code Root Migration: 0.0 ms]
   [Clear CT: 0.1 ms]
   [Other: 189.1 ms]
      [Choose CSet: 0.0 ms]
      [Ref Proc: 188.2 ms]
      [Ref Enq: 0.5 ms]
      [Free CSet: 0.4 ms]
   [Eden: 185.0M(185.0M)->0.0B(789.0M) Survivors: 19.0M->19.0M Heap: 2146.1M(4096.0M)->1961.6M(4096.0M)]
 [Times: user=0.75 sys=0.00, real=0.20 secs] 
2016-01-06T01:00:40.636-0800: 276.757: [GC pause (young)
Desired survivor size 52953088 bytes, new threshold 15 (max 15)
- age   1:   17259832 bytes,   17259832 total
2016-01-06T01:00:40.836-0800: 276.957: [SoftReference, 0 refs, 0.0004020 secs]2016-01-06T01:00:40.837-0800: 276.957: [WeakReference, 0 refs, 0.0002280 secs]2016-01-06T01:00:40.837-0800: 276.958: [FinalReference, 0 refs, 0.0002500 secs]2016-01-06T01:00:40.837-0800: 276.958: [PhantomReference, 0 refs, 24967 refs, 0.0010840 secs]2016-01-06T01:00:40.838-0800: 276.959: [JNI Weak Reference, 0.0000110 secs], 0.2067690 secs]
   [Parallel Time: 6.3 ms, GC Workers: 4]
      [GC Worker Start (ms): Min: 276756.7, Avg: 276756.8, Max: 276756.8, Diff: 0.1]
      [Ext Root Scanning (ms): Min: 0.3, Avg: 0.4, Max: 0.4, Diff: 0.1, Sum: 1.4]
      [SATB Filtering (ms): Min: 0.0, Avg: 0.0, Max: 0.0, Diff: 0.0, Sum: 0.0]
      [Update RS (ms): Min: 0.0, Avg: 0.1, Max: 0.3, Diff: 0.3, Sum: 0.4]
         [Processed Buffers: Min: 0, Avg: 1.8, Max: 4, Diff: 4, Sum: 7]
      [Scan RS (ms): Min: 0.3, Avg: 0.4, Max: 0.4, Diff: 0.1, Sum: 1.4]
      [Code Root Scanning (ms): Min: 0.0, Avg: 0.0, Max: 0.1, Diff: 0.0, Sum: 0.2]
      [Object Copy (ms): Min: 5.2, Avg: 5.3, Max: 5.3, Diff: 0.0, Sum: 21.0]
      [Termination (ms): Min: 0.0, Avg: 0.0, Max: 0.0, Diff: 0.0, Sum: 0.0]
      [GC Worker Other (ms): Min: 0.0, Avg: 0.1, Max: 0.1, Diff: 0.0, Sum: 0.2]
      [GC Worker Total (ms): Min: 6.1, Avg: 6.2, Max: 6.2, Diff: 0.1, Sum: 24.6]
      [GC Worker End (ms): Min: 276762.9, Avg: 276762.9, Max: 276763.0, Diff: 0.0]
   [Code Root Fixup: 0.0 ms]
   [Code Root Migration: 0.1 ms]
   [Clear CT: 0.3 ms]
   [Other: 200.0 ms]
      [Choose CSet: 0.0 ms]
      [Ref Proc: 196.0 ms]
      [Ref Enq: 2.7 ms]
      [Free CSet: 1.2 ms]
   [Eden: 789.0M(789.0M)->0.0B(184.0M) Survivors: 19.0M->20.0M Heap: 2750.6M(4096.0M)->1962.6M(4096.0M)]
 [Times: user=0.76 sys=0.00, real=0.21 secs] 
2016-01-06T01:00:40.871-0800: 276.992: [GC pause (young)
Desired survivor size 13631488 bytes, new threshold 1 (max 15)
- age   1:   18607960 bytes,   18607960 total
- age   2:      36864 bytes,   18644824 total
2016-01-06T01:00:41.066-0800: 277.187: [SoftReference, 0 refs, 0.0005320 secs]2016-01-06T01:00:41.067-0800: 277.188: [WeakReference, 0 refs, 0.0003320 secs]2016-01-06T01:00:41.067-0800: 277.188: [FinalReference, 0 refs, 0.0002400 secs]2016-01-06T01:00:41.067-0800: 277.188: [PhantomReference, 0 refs, 6213 refs, 0.0005960 secs]2016-01-06T01:00:41.068-0800: 277.189: [JNI Weak Reference, 0.0000130 secs], 0.1974510 secs]
   [Parallel Time: 3.0 ms, GC Workers: 4]
      [GC Worker Start (ms): Min: 276992.4, Avg: 276992.5, Max: 276992.5, Diff: 0.1]
      [Ext Root Scanning (ms): Min: 0.3, Avg: 0.4, Max: 0.4, Diff: 0.1, Sum: 1.4]
      [SATB Filtering (ms): Min: 0.0, Avg: 0.0, Max: 0.0, Diff: 0.0, Sum: 0.0]
      [Update RS (ms): Min: 0.0, Avg: 0.1, Max: 0.3, Diff: 0.3, Sum: 0.3]
         [Processed Buffers: Min: 0, Avg: 1.2, Max: 3, Diff: 3, Sum: 5]
      [Scan RS (ms): Min: 0.0, Avg: 0.1, Max: 0.1, Diff: 0.1, Sum: 0.3]
      [Code Root Scanning (ms): Min: 0.0, Avg: 0.0, Max: 0.0, Diff: 0.0, Sum: 0.0]
      [Object Copy (ms): Min: 2.3, Avg: 2.3, Max: 2.4, Diff: 0.1, Sum: 9.4]
      [Termination (ms): Min: 0.0, Avg: 0.0, Max: 0.0, Diff: 0.0, Sum: 0.0]
      [GC Worker Other (ms): Min: 0.0, Avg: 0.0, Max: 0.0, Diff: 0.0, Sum: 0.1]
      [GC Worker Total (ms): Min: 2.8, Avg: 2.9, Max: 2.9, Diff: 0.1, Sum: 11.5]
      [GC Worker End (ms): Min: 276995.4, Avg: 276995.4, Max: 276995.4, Diff: 0.0]
   [Code Root Fixup: 0.0 ms]
   [Code Root Migration: 0.0 ms]
   [Clear CT: 0.1 ms]
   [Other: 194.3 ms]
      [Choose CSet: 0.0 ms]
      [Ref Proc: 193.3 ms]
      [Ref Enq: 0.6 ms]
      [Free CSet: 0.4 ms]
   [Eden: 184.0M(184.0M)->0.0B(185.0M) Survivors: 20.0M->19.0M Heap: 2146.6M(4096.0M)->1961.7M(4096.0M)]
 [Times: user=0.72 sys=0.00, real=0.20 secs] 
2016-01-06T01:00:41.095-0800: 277.216: [GC pause (young)
Desired survivor size 13631488 bytes, new threshold 1 (max 15)
- age   1:   17257600 bytes,   17257600 total
2016-01-06T01:00:41.292-0800: 277.413: [SoftReference, 0 refs, 0.0004150 secs]2016-01-06T01:00:41.292-0800: 277.413: [WeakReference, 0 refs, 0.0002620 secs]2016-01-06T01:00:41.293-0800: 277.413: [FinalReference, 0 refs, 0.0002580 secs]2016-01-06T01:00:41.293-0800: 277.414: [PhantomReference, 0 refs, 6244 refs, 0.0007510 secs]2016-01-06T01:00:41.294-0800: 277.414: [JNI Weak Reference, 0.0000150 secs], 0.1993430 secs]
   [Parallel Time: 3.0 ms, GC Workers: 4]
      [GC Worker Start (ms): Min: 277216.3, Avg: 277216.7, Max: 277217.9, Diff: 1.6]
      [Ext Root Scanning (ms): Min: 0.0, Avg: 0.3, Max: 0.4, Diff: 0.4, Sum: 1.2]
      [SATB Filtering (ms): Min: 0.0, Avg: 0.0, Max: 0.0, Diff: 0.0, Sum: 0.0]
      [Update RS (ms): Min: 0.0, Avg: 0.1, Max: 0.2, Diff: 0.2, Sum: 0.3]
         [Processed Buffers: Min: 0, Avg: 1.5, Max: 3, Diff: 3, Sum: 6]
      [Scan RS (ms): Min: 0.0, Avg: 0.1, Max: 0.1, Diff: 0.1, Sum: 0.3]
      [Code Root Scanning (ms): Min: 0.0, Avg: 0.0, Max: 0.0, Diff: 0.0, Sum: 0.0]
      [Object Copy (ms): Min: 1.3, Avg: 2.0, Max: 2.3, Diff: 1.0, Sum: 8.0]
      [Termination (ms): Min: 0.0, Avg: 0.0, Max: 0.0, Diff: 0.0, Sum: 0.0]
      [GC Worker Other (ms): Min: 0.0, Avg: 0.0, Max: 0.0, Diff: 0.0, Sum: 0.1]
      [GC Worker Total (ms): Min: 1.3, Avg: 2.5, Max: 2.9, Diff: 1.6, Sum: 10.0]
      [GC Worker End (ms): Min: 277219.2, Avg: 277219.2, Max: 277219.2, Diff: 0.0]
   [Code Root Fixup: 0.0 ms]
   [Code Root Migration: 0.0 ms]
   [Clear CT: 0.1 ms]
   [Other: 196.2 ms]
      [Choose CSet: 0.0 ms]
      [Ref Proc: 195.2 ms]
      [Ref Enq: 0.5 ms]
      [Free CSet: 0.4 ms]
   [Eden: 185.0M(185.0M)->0.0B(185.0M) Survivors: 19.0M->19.0M Heap: 2146.7M(4096.0M)->1961.2M(4096.0M)]
 [Times: user=0.75 sys=0.01, real=0.20 secs] 
2016-01-06T01:00:41.324-0800: 277.444: [GC pause (young)
Desired survivor size 13631488 bytes, new threshold 1 (max 15)
- age   1:   17259832 bytes,   17259832 total
2016-01-06T01:00:41.517-0800: 277.638: [SoftReference, 0 refs, 0.0005970 secs]2016-01-06T01:00:41.518-0800: 277.639: [WeakReference, 0 refs, 0.0002180 secs]2016-01-06T01:00:41.518-0800: 277.639: [FinalReference, 0 refs, 0.0002310 secs]2016-01-06T01:00:41.518-0800: 277.639: [PhantomReference, 0 refs, 6244 refs, 0.0005820 secs]2016-01-06T01:00:41.519-0800: 277.640: [JNI Weak Reference, 0.0000110 secs], 0.1966030 secs]
   [Parallel Time: 3.0 ms, GC Workers: 4]
      [GC Worker Start (ms): Min: 277444.6, Avg: 277444.6, Max: 277444.6, Diff: 0.1]
      [Ext Root Scanning (ms): Min: 0.3, Avg: 0.4, Max: 0.4, Diff: 0.1, Sum: 1.4]
      [SATB Filtering (ms): Min: 0.0, Avg: 0.0, Max: 0.0, Diff: 0.0, Sum: 0.0]
      [Update RS (ms): Min: 0.0, Avg: 0.1, Max: 0.3, Diff: 0.3, Sum: 0.4]
         [Processed Buffers: Min: 0, Avg: 1.2, Max: 2, Diff: 2, Sum: 5]
      [Scan RS (ms): Min: 0.0, Avg: 0.1, Max: 0.1, Diff: 0.1, Sum: 0.3]
      [Code Root Scanning (ms): Min: 0.0, Avg: 0.0, Max: 0.0, Diff: 0.0, Sum: 0.0]
      [Object Copy (ms): Min: 2.3, Avg: 2.3, Max: 2.4, Diff: 0.1, Sum: 9.4]
      [Termination (ms): Min: 0.0, Avg: 0.0, Max: 0.0, Diff: 0.0, Sum: 0.0]
      [GC Worker Other (ms): Min: 0.0, Avg: 0.0, Max: 0.0, Diff: 0.0, Sum: 0.1]
      [GC Worker Total (ms): Min: 2.9, Avg: 2.9, Max: 2.9, Diff: 0.1, Sum: 11.7]
      [GC Worker End (ms): Min: 277447.5, Avg: 277447.5, Max: 277447.5, Diff: 0.0]
   [Code Root Fixup: 0.0 ms]
   [Code Root Migration: 0.0 ms]
   [Clear CT: 0.1 ms]
   [Other: 193.4 ms]
      [Choose CSet: 0.0 ms]
      [Ref Proc: 192.4 ms]
      [Ref Enq: 0.6 ms]
      [Free CSet: 0.4 ms]
   [Eden: 185.0M(185.0M)->0.0B(362.0M) Survivors: 19.0M->18.0M Heap: 2146.2M(4096.0M)->1960.8M(4096.0M)]
 [Times: user=0.76 sys=0.00, real=0.20 secs] 
2016-01-06T01:00:41.571-0800: 277.692: [GC pause (young)
Desired survivor size 25165824 bytes, new threshold 15 (max 15)
- age   1:   17259832 bytes,   17259832 total
2016-01-06T01:00:41.773-0800: 277.894: [SoftReference, 0 refs, 0.0004920 secs]2016-01-06T01:00:41.774-0800: 277.895: [WeakReference, 0 refs, 0.0002270 secs]2016-01-06T01:00:41.774-0800: 277.895: [FinalReference, 0 refs, 0.0002030 secs]2016-01-06T01:00:41.774-0800: 277.895: [PhantomReference, 0 refs, 11732 refs, 0.0007150 secs]2016-01-06T01:00:41.775-0800: 277.896: [JNI Weak Reference, 0.0000120 secs], 0.2054750 secs]
   [Parallel Time: 5.2 ms, GC Workers: 4]
      [GC Worker Start (ms): Min: 277692.4, Avg: 277694.0, Max: 277697.4, Diff: 5.0]
      [Ext Root Scanning (ms): Min: 0.0, Avg: 0.3, Max: 0.6, Diff: 0.6, Sum: 1.2]
      [SATB Filtering (ms): Min: 0.0, Avg: 0.0, Max: 0.0, Diff: 0.0, Sum: 0.0]
      [Update RS (ms): Min: 0.0, Avg: 0.1, Max: 0.3, Diff: 0.3, Sum: 0.4]
         [Processed Buffers: Min: 0, Avg: 1.5, Max: 5, Diff: 5, Sum: 6]
      [Scan RS (ms): Min: 0.0, Avg: 0.1, Max: 0.3, Diff: 0.3, Sum: 0.5]
      [Code Root Scanning (ms): Min: 0.0, Avg: 0.0, Max: 0.0, Diff: 0.0, Sum: 0.1]
      [Object Copy (ms): Min: 0.0, Avg: 1.9, Max: 2.8, Diff: 2.8, Sum: 7.7]
      [Termination (ms): Min: 0.0, Avg: 1.0, Max: 1.3, Diff: 1.3, Sum: 4.0]
      [GC Worker Other (ms): Min: 0.0, Avg: 0.0, Max: 0.0, Diff: 0.0, Sum: 0.0]
      [GC Worker Total (ms): Min: 0.0, Avg: 3.5, Max: 5.1, Diff: 5.1, Sum: 13.9]
      [GC Worker End (ms): Min: 277697.5, Avg: 277697.5, Max: 277697.5, Diff: 0.0]
   [Code Root Fixup: 0.0 ms]
   [Code Root Migration: 0.1 ms]
   [Clear CT: 0.1 ms]
   [Other: 200.1 ms]
      [Choose CSet: 0.0 ms]
      [Ref Proc: 198.3 ms]
      [Ref Enq: 1.1 ms]
      [Free CSet: 0.6 ms]
   [Eden: 362.0M(362.0M)->0.0B(198.0M) Survivors: 18.0M->6144.0K Heap: 2322.8M(4096.0M)->1948.8M(4096.0M)]
 [Times: user=0.74 sys=0.01, real=0.21 secs] 
2016-01-06T01:00:41.805-0800: 277.926: [GC pause (young)
Desired survivor size 13631488 bytes, new threshold 15 (max 15)
- age   1:    5441392 bytes,    5441392 total
- age   2:      36864 bytes,    5478256 total
2016-01-06T01:00:41.989-0800: 278.110: [SoftReference, 0 refs, 0.0005980 secs]2016-01-06T01:00:41.990-0800: 278.111: [WeakReference, 0 refs, 0.0003430 secs]2016-01-06T01:00:41.990-0800: 278.111: [FinalReference, 0 refs, 0.0002050 secs]2016-01-06T01:00:41.991-0800: 278.112: [PhantomReference, 0 refs, 6648 refs, 0.0005900 secs]2016-01-06T01:00:41.991-0800: 278.112: [JNI Weak Reference, 0.0000090 secs], 0.1872090 secs]
   [Parallel Time: 3.1 ms, GC Workers: 4]
      [GC Worker Start (ms): Min: 277926.1, Avg: 277926.9, Max: 277929.1, Diff: 3.0]
      [Ext Root Scanning (ms): Min: 0.0, Avg: 0.3, Max: 0.5, Diff: 0.4, Sum: 1.3]
      [SATB Filtering (ms): Min: 0.0, Avg: 0.0, Max: 0.0, Diff: 0.0, Sum: 0.0]
      [Update RS (ms): Min: 0.0, Avg: 0.0, Max: 0.2, Diff: 0.2, Sum: 0.2]
         [Processed Buffers: Min: 0, Avg: 1.2, Max: 4, Diff: 4, Sum: 5]
      [Scan RS (ms): Min: 0.0, Avg: 0.1, Max: 0.1, Diff: 0.1, Sum: 0.3]
      [Code Root Scanning (ms): Min: 0.0, Avg: 0.0, Max: 0.0, Diff: 0.0, Sum: 0.0]
      [Object Copy (ms): Min: 0.0, Avg: 1.7, Max: 2.3, Diff: 2.3, Sum: 6.8]
      [Termination (ms): Min: 0.0, Avg: 0.2, Max: 0.2, Diff: 0.2, Sum: 0.6]
      [GC Worker Other (ms): Min: 0.0, Avg: 0.0, Max: 0.0, Diff: 0.0, Sum: 0.0]
      [GC Worker Total (ms): Min: 0.1, Avg: 2.3, Max: 3.1, Diff: 3.0, Sum: 9.3]
      [GC Worker End (ms): Min: 277929.2, Avg: 277929.2, Max: 277929.2, Diff: 0.0]
   [Code Root Fixup: 0.0 ms]
   [Code Root Migration: 0.0 ms]
   [Clear CT: 0.1 ms]
   [Other: 183.9 ms]
      [Choose CSet: 0.0 ms]
      [Ref Proc: 183.0 ms]
      [Ref Enq: 0.5 ms]
      [Free CSet: 0.3 ms]
   [Eden: 198.0M(198.0M)->0.0B(245.0M) Survivors: 6144.0K->18.0M Heap: 2146.8M(4096.0M)->1960.8M(4096.0M)]
 [Times: user=0.65 sys=0.00, real=0.18 secs] 
2016-01-06T01:00:42.027-0800: 278.148: [GC pause (young)
Desired survivor size 17301504 bytes, new threshold 2 (max 15)
- age   1:   17288848 bytes,   17288848 total
- age   2:      36864 bytes,   17325712 total
2016-01-06T01:00:42.219-0800: 278.340: [SoftReference, 0 refs, 0.0005290 secs]2016-01-06T01:00:42.220-0800: 278.341: [WeakReference, 0 refs, 0.0002250 secs]2016-01-06T01:00:42.220-0800: 278.341: [FinalReference, 0 refs, 0.0002530 secs]2016-01-06T01:00:42.220-0800: 278.341: [PhantomReference, 0 refs, 8103 refs, 0.0006190 secs]2016-01-06T01:00:42.221-0800: 278.342: [JNI Weak Reference, 0.0000090 secs], 0.1952570 secs]
   [Parallel Time: 3.1 ms, GC Workers: 4]
      [GC Worker Start (ms): Min: 278148.1, Avg: 278148.6, Max: 278149.9, Diff: 1.8]
      [Ext Root Scanning (ms): Min: 0.0, Avg: 0.3, Max: 0.5, Diff: 0.5, Sum: 1.3]
      [SATB Filtering (ms): Min: 0.0, Avg: 0.0, Max: 0.0, Diff: 0.0, Sum: 0.0]
      [Update RS (ms): Min: 0.0, Avg: 0.0, Max: 0.2, Diff: 0.2, Sum: 0.2]
         [Processed Buffers: Min: 0, Avg: 1.0, Max: 2, Diff: 2, Sum: 4]
      [Scan RS (ms): Min: 0.0, Avg: 0.1, Max: 0.2, Diff: 0.1, Sum: 0.4]
      [Code Root Scanning (ms): Min: 0.0, Avg: 0.0, Max: 0.0, Diff: 0.0, Sum: 0.1]
      [Object Copy (ms): Min: 1.2, Avg: 2.0, Max: 2.3, Diff: 1.1, Sum: 8.2]
      [Termination (ms): Min: 0.0, Avg: 0.0, Max: 0.0, Diff: 0.0, Sum: 0.0]
      [GC Worker Other (ms): Min: 0.0, Avg: 0.0, Max: 0.0, Diff: 0.0, Sum: 0.0]
      [GC Worker Total (ms): Min: 1.2, Avg: 2.6, Max: 3.0, Diff: 1.8, Sum: 10.2]
      [GC Worker End (ms): Min: 278151.1, Avg: 278151.1, Max: 278151.1, Diff: 0.0]
   [Code Root Fixup: 0.0 ms]
   [Code Root Migration: 0.0 ms]
   [Clear CT: 0.1 ms]
   [Other: 192.0 ms]
      [Choose CSet: 0.0 ms]
      [Ref Proc: 190.8 ms]
      [Ref Enq: 0.8 ms]
      [Free CSet: 0.4 ms]
   [Eden: 245.0M(245.0M)->0.0B(564.0M) Survivors: 18.0M->18.0M Heap: 2205.8M(4096.0M)->1960.8M(4096.0M)]
 [Times: user=0.75 sys=0.00, real=0.19 secs] 
2016-01-06T01:00:42.308-0800: 278.429: [GC pause (young)
Desired survivor size 38273024 bytes, new threshold 15 (max 15)
- age   1:   17393752 bytes,   17393752 total
- age   2:      36864 bytes,   17430616 total
2016-01-06T01:00:42.500-0800: 278.621: [SoftReference, 0 refs, 0.0005250 secs]2016-01-06T01:00:42.501-0800: 278.622: [WeakReference, 0 refs, 0.0002240 secs]2016-01-06T01:00:42.501-0800: 278.622: [FinalReference, 0 refs, 0.0002350 secs]2016-01-06T01:00:42.501-0800: 278.622: [PhantomReference, 0 refs, 17994 refs, 0.0007960 secs]2016-01-06T01:00:42.502-0800: 278.623: [JNI Weak Reference, 0.0000090 secs], 0.1968610 secs]
   [Parallel Time: 4.3 ms, GC Workers: 4]
      [GC Worker Start (ms): Min: 278428.8, Avg: 278429.5, Max: 278431.4, Diff: 2.7]
      [Ext Root Scanning (ms): Min: 0.0, Avg: 0.3, Max: 0.5, Diff: 0.4, Sum: 1.3]
      [SATB Filtering (ms): Min: 0.0, Avg: 0.0, Max: 0.0, Diff: 0.0, Sum: 0.0]
      [Update RS (ms): Min: 0.0, Avg: 0.1, Max: 0.2, Diff: 0.2, Sum: 0.2]
         [Processed Buffers: Min: 0, Avg: 1.2, Max: 4, Diff: 4, Sum: 5]
      [Scan RS (ms): Min: 0.1, Avg: 0.2, Max: 0.3, Diff: 0.3, Sum: 0.9]
      [Code Root Scanning (ms): Min: 0.0, Avg: 0.0, Max: 0.0, Diff: 0.0, Sum: 0.1]
      [Object Copy (ms): Min: 1.5, Avg: 2.9, Max: 3.4, Diff: 1.9, Sum: 11.6]
      [Termination (ms): Min: 0.0, Avg: 0.0, Max: 0.0, Diff: 0.0, Sum: 0.0]
      [GC Worker Other (ms): Min: 0.0, Avg: 0.0, Max: 0.0, Diff: 0.0, Sum: 0.1]
      [GC Worker Total (ms): Min: 1.6, Avg: 3.5, Max: 4.2, Diff: 2.6, Sum: 14.2]
      [GC Worker End (ms): Min: 278433.0, Avg: 278433.0, Max: 278433.0, Diff: 0.0]
   [Code Root Fixup: 0.0 ms]
   [Code Root Migration: 0.1 ms]
   [Clear CT: 0.2 ms]
   [Other: 192.3 ms]
      [Choose CSet: 0.0 ms]
      [Ref Proc: 190.0 ms]
      [Ref Enq: 1.4 ms]
      [Free CSet: 0.8 ms]
   [Eden: 564.0M(564.0M)->0.0B(770.0M) Survivors: 18.0M->19.0M Heap: 2524.8M(4096.0M)->1961.8M(4096.0M)]
 [Times: user=0.76 sys=0.00, real=0.19 secs] 
2016-01-06T01:00:42.619-0800: 278.740: [GC pause (young)
Desired survivor size 51904512 bytes, new threshold 15 (max 15)
- age   1:   18105760 bytes,   18105760 total
- age   2:      36864 bytes,   18142624 total
2016-01-06T01:00:42.810-0800: 278.931: [SoftReference, 0 refs, 0.0004680 secs]2016-01-06T01:00:42.811-0800: 278.932: [WeakReference, 0 refs, 0.0002520 secs]2016-01-06T01:00:42.811-0800: 278.932: [FinalReference, 0 refs, 0.0002040 secs]2016-01-06T01:00:42.811-0800: 278.932: [PhantomReference, 0 refs, 24379 refs, 0.0009800 secs]2016-01-06T01:00:42.812-0800: 278.933: [JNI Weak Reference, 0.0000090 secs], 0.1967550 secs]
   [Parallel Time: 6.0 ms, GC Workers: 4]
      [GC Worker Start (ms): Min: 278740.3, Avg: 278740.3, Max: 278740.4, Diff: 0.1]
      [Ext Root Scanning (ms): Min: 0.3, Avg: 0.4, Max: 0.4, Diff: 0.1, Sum: 1.4]
      [SATB Filtering (ms): Min: 0.0, Avg: 0.0, Max: 0.0, Diff: 0.0, Sum: 0.0]
      [Update RS (ms): Min: 0.0, Avg: 0.1, Max: 0.3, Diff: 0.3, Sum: 0.3]
         [Processed Buffers: Min: 0, Avg: 1.2, Max: 4, Diff: 4, Sum: 5]
      [Scan RS (ms): Min: 0.2, Avg: 0.3, Max: 0.4, Diff: 0.2, Sum: 1.4]
      [Code Root Scanning (ms): Min: 0.0, Avg: 0.0, Max: 0.0, Diff: 0.0, Sum: 0.1]
      [Object Copy (ms): Min: 5.0, Avg: 5.1, Max: 5.1, Diff: 0.0, Sum: 20.2]
      [Termination (ms): Min: 0.0, Avg: 0.0, Max: 0.0, Diff: 0.0, Sum: 0.0]
      [GC Worker Other (ms): Min: 0.0, Avg: 0.0, Max: 0.1, Diff: 0.1, Sum: 0.2]
      [GC Worker Total (ms): Min: 5.9, Avg: 5.9, Max: 6.0, Diff: 0.1, Sum: 23.7]
      [GC Worker End (ms): Min: 278746.2, Avg: 278746.2, Max: 278746.3, Diff: 0.1]
   [Code Root Fixup: 0.0 ms]
   [Code Root Migration: 0.1 ms]
   [Clear CT: 0.3 ms]
   [Other: 190.3 ms]
      [Choose CSet: 0.0 ms]
      [Ref Proc: 186.8 ms]
      [Ref Enq: 2.4 ms]
      [Free CSet: 1.0 ms]
   [Eden: 770.0M(770.0M)->0.0B(938.0M) Survivors: 19.0M->20.0M Heap: 2731.8M(4096.0M)->1962.8M(4096.0M)]
 [Times: user=0.75 sys=0.00, real=0.19 secs] 
2016-01-06T01:00:42.961-0800: 279.082: [GC pause (young)
Desired survivor size 62914560 bytes, new threshold 15 (max 15)
- age   1:   18565552 bytes,   18565552 total
- age   2:      36864 bytes,   18602416 total
2016-01-06T01:00:43.156-0800: 279.277: [SoftReference, 0 refs, 0.0004980 secs]2016-01-06T01:00:43.157-0800: 279.278: [WeakReference, 0 refs, 0.0002300 secs]2016-01-06T01:00:43.157-0800: 279.278: [FinalReference, 0 refs, 0.0002480 secs]2016-01-06T01:00:43.157-0800: 279.278: [PhantomReference, 0 refs, 29587 refs, 0.0009330 secs]2016-01-06T01:00:43.158-0800: 279.279: [JNI Weak Reference, 0.0000130 secs], 0.2009810 secs]
   [Parallel Time: 7.2 ms, GC Workers: 4]
      [GC Worker Start (ms): Min: 279082.0, Avg: 279082.1, Max: 279082.1, Diff: 0.1]
      [Ext Root Scanning (ms): Min: 0.3, Avg: 0.4, Max: 0.4, Diff: 0.1, Sum: 1.4]
      [SATB Filtering (ms): Min: 0.0, Avg: 0.0, Max: 0.0, Diff: 0.0, Sum: 0.0]
      [Update RS (ms): Min: 0.0, Avg: 0.1, Max: 0.3, Diff: 0.3, Sum: 0.3]
         [Processed Buffers: Min: 0, Avg: 1.2, Max: 3, Diff: 3, Sum: 5]
      [Scan RS (ms): Min: 0.3, Avg: 0.4, Max: 0.5, Diff: 0.2, Sum: 1.7]
      [Code Root Scanning (ms): Min: 0.0, Avg: 0.0, Max: 0.1, Diff: 0.0, Sum: 0.2]
      [Object Copy (ms): Min: 6.1, Avg: 6.1, Max: 6.2, Diff: 0.0, Sum: 24.6]
      [Termination (ms): Min: 0.0, Avg: 0.0, Max: 0.0, Diff: 0.0, Sum: 0.0]
      [GC Worker Other (ms): Min: 0.0, Avg: 0.0, Max: 0.1, Diff: 0.0, Sum: 0.2]
      [GC Worker Total (ms): Min: 7.0, Avg: 7.1, Max: 7.1, Diff: 0.1, Sum: 28.4]
      [GC Worker End (ms): Min: 279089.1, Avg: 279089.2, Max: 279089.2, Diff: 0.0]
   [Code Root Fixup: 0.0 ms]
   [Code Root Migration: 0.1 ms]
   [Clear CT: 0.3 ms]
   [Other: 193.3 ms]
      [Choose CSet: 0.0 ms]
      [Ref Proc: 189.7 ms]
      [Ref Enq: 2.2 ms]
      [Free CSet: 1.3 ms]
   [Eden: 938.0M(938.0M)->0.0B(715.0M) Survivors: 20.0M->21.0M Heap: 2900.8M(4096.0M)->1963.3M(4096.0M)]
 [Times: user=0.73 sys=0.00, real=0.20 secs] 
2016-01-06T01:00:43.271-0800: 279.392: [GC pause (young)
Desired survivor size 48234496 bytes, new threshold 15 (max 15)
- age   1:   18940528 bytes,   18940528 total
- age   2:      36864 bytes,   18977392 total
2016-01-06T01:00:43.466-0800: 279.586: [SoftReference, 0 refs, 0.0004800 secs]2016-01-06T01:00:43.466-0800: 279.587: [WeakReference, 0 refs, 0.0002020 secs]2016-01-06T01:00:43.466-0800: 279.587: [FinalReference, 0 refs, 0.0003690 secs]2016-01-06T01:00:43.467-0800: 279.587: [PhantomReference, 0 refs, 22675 refs, 0.0009380 secs]2016-01-06T01:00:43.468-0800: 279.588: [JNI Weak Reference, 0.0000090 secs], 0.1993030 secs]
   [Parallel Time: 5.7 ms, GC Workers: 4]
      [GC Worker Start (ms): Min: 279392.4, Avg: 279392.4, Max: 279392.4, Diff: 0.1]
      [Ext Root Scanning (ms): Min: 0.4, Avg: 0.4, Max: 0.4, Diff: 0.0, Sum: 1.6]
      [SATB Filtering (ms): Min: 0.0, Avg: 0.0, Max: 0.0, Diff: 0.0, Sum: 0.0]
      [Update RS (ms): Min: 0.0, Avg: 0.1, Max: 0.3, Diff: 0.3, Sum: 0.3]
         [Processed Buffers: Min: 0, Avg: 1.2, Max: 3, Diff: 3, Sum: 5]
      [Scan RS (ms): Min: 0.2, Avg: 0.3, Max: 0.4, Diff: 0.2, Sum: 1.3]
      [Code Root Scanning (ms): Min: 0.0, Avg: 0.0, Max: 0.1, Diff: 0.0, Sum: 0.1]
      [Object Copy (ms): Min: 4.7, Avg: 4.7, Max: 4.7, Diff: 0.0, Sum: 18.9]
      [Termination (ms): Min: 0.0, Avg: 0.0, Max: 0.0, Diff: 0.0, Sum: 0.0]
      [GC Worker Other (ms): Min: 0.0, Avg: 0.1, Max: 0.1, Diff: 0.1, Sum: 0.2]
      [GC Worker Total (ms): Min: 5.6, Avg: 5.6, Max: 5.6, Diff: 0.0, Sum: 22.4]
      [GC Worker End (ms): Min: 279398.0, Avg: 279398.0, Max: 279398.0, Diff: 0.1]
   [Code Root Fixup: 0.0 ms]
   [Code Root Migration: 0.1 ms]
   [Clear CT: 0.3 ms]
   [Other: 193.2 ms]
      [Choose CSet: 0.0 ms]
      [Ref Proc: 190.4 ms]
      [Ref Enq: 1.8 ms]
      [Free CSet: 1.0 ms]
   [Eden: 715.0M(715.0M)->0.0B(747.0M) Survivors: 21.0M->20.0M Heap: 2678.3M(4096.0M)->1962.8M(4096.0M)]
 [Times: user=0.77 sys=0.00, real=0.20 secs] 
2016-01-06T01:00:43.585-0800: 279.706: [GC pause (young)
Desired survivor size 50331648 bytes, new threshold 15 (max 15)
- age   1:   18442792 bytes,   18442792 total
- age   2:      36864 bytes,   18479656 total
2016-01-06T01:00:43.793-0800: 279.914: [SoftReference, 0 refs, 0.0003910 secs]2016-01-06T01:00:43.807-0800: 279.928: [WeakReference, 0 refs, 0.0017230 secs]2016-01-06T01:00:43.809-0800: 279.930: [FinalReference, 0 refs, 0.0002280 secs]2016-01-06T01:00:43.809-0800: 279.930: [PhantomReference, 0 refs, 23666 refs, 0.0010040 secs]2016-01-06T01:00:43.810-0800: 279.931: [JNI Weak Reference, 0.0000100 secs], 0.2293330 secs]
   [Parallel Time: 6.0 ms, GC Workers: 4]
      [GC Worker Start (ms): Min: 279705.6, Avg: 279705.6, Max: 279705.7, Diff: 0.1]
      [Ext Root Scanning (ms): Min: 0.4, Avg: 0.4, Max: 0.5, Diff: 0.1, Sum: 1.6]
      [SATB Filtering (ms): Min: 0.0, Avg: 0.0, Max: 0.0, Diff: 0.0, Sum: 0.0]
      [Update RS (ms): Min: 0.0, Avg: 0.1, Max: 0.3, Diff: 0.3, Sum: 0.3]
         [Processed Buffers: Min: 0, Avg: 1.2, Max: 2, Diff: 2, Sum: 5]
      [Scan RS (ms): Min: 0.2, Avg: 0.3, Max: 0.4, Diff: 0.2, Sum: 1.4]
      [Code Root Scanning (ms): Min: 0.0, Avg: 0.0, Max: 0.0, Diff: 0.0, Sum: 0.1]
      [Object Copy (ms): Min: 5.0, Avg: 5.0, Max: 5.0, Diff: 0.0, Sum: 19.9]
      [Termination (ms): Min: 0.0, Avg: 0.0, Max: 0.0, Diff: 0.0, Sum: 0.0]
      [GC Worker Other (ms): Min: 0.0, Avg: 0.0, Max: 0.1, Diff: 0.0, Sum: 0.1]
      [GC Worker Total (ms): Min: 5.8, Avg: 5.9, Max: 5.9, Diff: 0.1, Sum: 23.4]
      [GC Worker End (ms): Min: 279711.5, Avg: 279711.5, Max: 279711.5, Diff: 0.0]
   [Code Root Fixup: 0.0 ms]
   [Code Root Migration: 0.1 ms]
   [Clear CT: 0.2 ms]
   [Other: 223.0 ms]
      [Choose CSet: 0.0 ms]
      [Ref Proc: 219.7 ms]
      [Ref Enq: 2.2 ms]
      [Free CSet: 1.1 ms]
   [Eden: 747.0M(747.0M)->0.0B(184.0M) Survivors: 20.0M->20.0M Heap: 2709.8M(4096.0M)->1962.8M(4096.0M)]
 [Times: user=0.76 sys=0.00, real=0.23 secs] 
2016-01-06T01:00:43.842-0800: 279.963: [GC pause (young)
Desired survivor size 13631488 bytes, new threshold 1 (max 15)
- age   1:   18514216 bytes,   18514216 total
- age   2:      36864 bytes,   18551080 total
2016-01-06T01:00:44.044-0800: 280.165: [SoftReference, 0 refs, 0.0005820 secs]2016-01-06T01:00:44.045-0800: 280.166: [WeakReference, 0 refs, 0.0002480 secs]2016-01-06T01:00:44.045-0800: 280.166: [FinalReference, 0 refs, 0.0002490 secs]2016-01-06T01:00:44.045-0800: 280.166: [PhantomReference, 0 refs, 6214 refs, 0.0007400 secs]2016-01-06T01:00:44.046-0800: 280.167: [JNI Weak Reference, 0.0000080 secs], 0.2048570 secs]
   [Parallel Time: 2.9 ms, GC Workers: 4]
      [GC Worker Start (ms): Min: 279963.3, Avg: 279963.9, Max: 279965.9, Diff: 2.7]
      [Ext Root Scanning (ms): Min: 0.0, Avg: 0.3, Max: 0.4, Diff: 0.4, Sum: 1.2]
      [SATB Filtering (ms): Min: 0.0, Avg: 0.0, Max: 0.0, Diff: 0.0, Sum: 0.0]
      [Update RS (ms): Min: 0.0, Avg: 0.1, Max: 0.2, Diff: 0.2, Sum: 0.2]
         [Processed Buffers: Min: 0, Avg: 1.2, Max: 3, Diff: 3, Sum: 5]
      [Scan RS (ms): Min: 0.0, Avg: 0.1, Max: 0.1, Diff: 0.1, Sum: 0.4]
      [Code Root Scanning (ms): Min: 0.0, Avg: 0.0, Max: 0.0, Diff: 0.0, Sum: 0.0]
      [Object Copy (ms): Min: 0.1, Avg: 1.6, Max: 2.2, Diff: 2.1, Sum: 6.5]
      [Termination (ms): Min: 0.0, Avg: 0.0, Max: 0.0, Diff: 0.0, Sum: 0.0]
      [GC Worker Other (ms): Min: 0.0, Avg: 0.0, Max: 0.1, Diff: 0.0, Sum: 0.1]
      [GC Worker Total (ms): Min: 0.1, Avg: 2.1, Max: 2.8, Diff: 2.7, Sum: 8.5]
      [GC Worker End (ms): Min: 279966.1, Avg: 279966.1, Max: 279966.1, Diff: 0.0]
   [Code Root Fixup: 0.0 ms]
   [Code Root Migration: 0.0 ms]
   [Clear CT: 0.1 ms]
   [Other: 201.8 ms]
      [Choose CSet: 0.0 ms]
      [Ref Proc: 200.7 ms]
      [Ref Enq: 0.6 ms]
      [Free CSet: 0.4 ms]
   [Eden: 184.0M(184.0M)->0.0B(185.0M) Survivors: 20.0M->19.0M Heap: 2146.8M(4096.0M)->1961.3M(4096.0M)]
 [Times: user=0.77 sys=0.00, real=0.21 secs] 
2016-01-06T01:00:44.076-0800: 280.197: [GC pause (young)
Desired survivor size 13631488 bytes, new threshold 1 (max 15)
- age   1:   17257600 bytes,   17257600 total
2016-01-06T01:00:44.269-0800: 280.390: [SoftReference, 0 refs, 0.0004410 secs]2016-01-06T01:00:44.269-0800: 280.390: [WeakReference, 0 refs, 0.0010370 secs]2016-01-06T01:00:44.270-0800: 280.391: [FinalReference, 0 refs, 0.0003300 secs]2016-01-06T01:00:44.270-0800: 280.391: [PhantomReference, 0 refs, 6244 refs, 0.0005810 secs]2016-01-06T01:00:44.271-0800: 280.392: [JNI Weak Reference, 0.0000090 secs], 0.1967350 secs]
   [Parallel Time: 6.6 ms, GC Workers: 4]
      [GC Worker Start (ms): Min: 280196.6, Avg: 280198.3, Max: 280203.0, Diff: 6.4]
      [Ext Root Scanning (ms): Min: 0.0, Avg: 0.3, Max: 0.5, Diff: 0.5, Sum: 1.4]
      [SATB Filtering (ms): Min: 0.0, Avg: 0.0, Max: 0.0, Diff: 0.0, Sum: 0.0]
      [Update RS (ms): Min: 0.0, Avg: 0.1, Max: 0.3, Diff: 0.3, Sum: 0.4]
         [Processed Buffers: Min: 0, Avg: 1.2, Max: 3, Diff: 3, Sum: 5]
      [Scan RS (ms): Min: 0.0, Avg: 0.1, Max: 0.2, Diff: 0.1, Sum: 0.4]
      [Code Root Scanning (ms): Min: 0.0, Avg: 0.0, Max: 0.0, Diff: 0.0, Sum: 0.1]
      [Object Copy (ms): Min: 0.0, Avg: 1.9, Max: 2.5, Diff: 2.5, Sum: 7.4]
      [Termination (ms): Min: 0.0, Avg: 2.5, Max: 3.3, Diff: 3.3, Sum: 10.0]
      [GC Worker Other (ms): Min: 0.0, Avg: 0.0, Max: 0.0, Diff: 0.0, Sum: 0.0]
      [GC Worker Total (ms): Min: 0.1, Avg: 4.9, Max: 6.5, Diff: 6.4, Sum: 19.6]
      [GC Worker End (ms): Min: 280203.1, Avg: 280203.2, Max: 280203.2, Diff: 0.0]
   [Code Root Fixup: 0.0 ms]
   [Code Root Migration: 0.0 ms]
   [Clear CT: 0.1 ms]
   [Other: 189.9 ms]
      [Choose CSet: 0.0 ms]
      [Ref Proc: 188.8 ms]
      [Ref Enq: 0.7 ms]
      [Free CSet: 0.4 ms]
   [Eden: 185.0M(185.0M)->0.0B(186.0M) Survivors: 19.0M->18.0M Heap: 2146.3M(4096.0M)->1960.8M(4096.0M)]
 [Times: user=0.72 sys=0.00, real=0.20 secs] 
2016-01-06T01:00:44.297-0800: 280.418: [GC concurrent-mark-end, 17.2718860 secs]
2016-01-06T01:00:44.297-0800: 280.418: [GC remark 2016-01-06T01:00:44.298-0800: 280.418: [GC ref-proc2016-01-06T01:00:44.298-0800: 280.418: [SoftReference, 0 refs, 0.0003860 secs]2016-01-06T01:00:44.298-0800: 280.419: [WeakReference, 0 refs, 0.0002580 secs]2016-01-06T01:00:44.298-0800: 280.419: [FinalReference, 4 refs, 0.0002620 secs]2016-01-06T01:00:44.299-0800: 280.419: [PhantomReference, 0 refs, 10438428 refs, 0.7993020 secs]2016-01-06T01:00:45.098-0800: 281.219: [JNI Weak Reference, 0.0000250 secs], 0.8004310 secs], 0.8084390 secs]
 [Times: user=2.24 sys=0.75, real=0.81 secs] 
2016-01-06T01:00:45.106-0800: 281.227: [GC cleanup 2122M->2122M(4096M), 0.0051370 secs]
 [Times: user=0.01 sys=0.00, real=0.00 secs] 
2016-01-06T01:00:45.115-0800: 281.236: [GC pause (young)
Desired survivor size 13631488 bytes, new threshold 1 (max 15)
- age   1:   17259832 bytes,   17259832 total
2016-01-06T01:00:45.118-0800: 281.239: [SoftReference, 0 refs, 0.0005320 secs]2016-01-06T01:00:45.119-0800: 281.240: [WeakReference, 0 refs, 0.0002360 secs]2016-01-06T01:00:45.119-0800: 281.240: [FinalReference, 0 refs, 0.0002470 secs]2016-01-06T01:00:45.119-0800: 281.240: [PhantomReference, 0 refs, 6274 refs, 0.0007220 secs]2016-01-06T01:00:45.120-0800: 281.241: [JNI Weak Reference, 0.0000190 secs], 0.0058200 secs]
   [Parallel Time: 3.1 ms, GC Workers: 4]
      [GC Worker Start (ms): Min: 281236.1, Avg: 281236.2, Max: 281236.2, Diff: 0.1]
      [Ext Root Scanning (ms): Min: 0.3, Avg: 0.4, Max: 0.4, Diff: 0.1, Sum: 1.4]
      [Update RS (ms): Min: 0.0, Avg: 0.1, Max: 0.3, Diff: 0.3, Sum: 0.4]
         [Processed Buffers: Min: 0, Avg: 1.2, Max: 2, Diff: 2, Sum: 5]
      [Scan RS (ms): Min: 0.0, Avg: 0.1, Max: 0.1, Diff: 0.1, Sum: 0.3]
      [Code Root Scanning (ms): Min: 0.0, Avg: 0.0, Max: 0.0, Diff: 0.0, Sum: 0.0]
      [Object Copy (ms): Min: 2.3, Avg: 2.4, Max: 2.4, Diff: 0.1, Sum: 9.5]
      [Termination (ms): Min: 0.0, Avg: 0.0, Max: 0.0, Diff: 0.0, Sum: 0.0]
      [GC Worker Other (ms): Min: 0.0, Avg: 0.0, Max: 0.0, Diff: 0.0, Sum: 0.1]
      [GC Worker Total (ms): Min: 2.9, Avg: 3.0, Max: 3.0, Diff: 0.1, Sum: 11.8]
      [GC Worker End (ms): Min: 281239.1, Avg: 281239.1, Max: 281239.2, Diff: 0.0]
   [Code Root Fixup: 0.0 ms]
   [Code Root Migration: 0.0 ms]
   [Clear CT: 0.1 ms]
   [Other: 2.6 ms]
      [Choose CSet: 0.0 ms]
      [Ref Proc: 1.9 ms]
      [Ref Enq: 0.2 ms]
      [Free CSet: 0.4 ms]
   [Eden: 186.0M(186.0M)->0.0B(1697.0M) Survivors: 18.0M->18.0M Heap: 2146.8M(4096.0M)->1960.9M(4096.0M)]
 [Times: user=0.02 sys=0.00, real=0.01 secs] 
2016-01-06T01:00:45.360-0800: 281.481: [GC pause (young)
Desired survivor size 112721920 bytes, new threshold 15 (max 15)
- age   1:   17262064 bytes,   17262064 total
2016-01-06T01:00:45.372-0800: 281.493: [SoftReference, 0 refs, 0.0003960 secs]2016-01-06T01:00:45.373-0800: 281.494: [WeakReference, 0 refs, 0.0002600 secs]2016-01-06T01:00:45.373-0800: 281.494: [FinalReference, 0 refs, 0.0003300 secs]2016-01-06T01:00:45.373-0800: 281.494: [PhantomReference, 0 refs, 53115 refs, 0.0010730 secs]2016-01-06T01:00:45.374-0800: 281.495: [JNI Weak Reference, 0.0000090 secs], 0.0180270 secs]
   [Parallel Time: 12.2 ms, GC Workers: 4]
      [GC Worker Start (ms): Min: 281480.9, Avg: 281481.1, Max: 281481.9, Diff: 1.0]
      [Ext Root Scanning (ms): Min: 0.0, Avg: 0.3, Max: 0.5, Diff: 0.5, Sum: 1.3]
      [Update RS (ms): Min: 0.0, Avg: 0.1, Max: 0.3, Diff: 0.3, Sum: 0.3]
         [Processed Buffers: Min: 0, Avg: 1.5, Max: 5, Diff: 5, Sum: 6]
      [Scan RS (ms): Min: 0.4, Avg: 0.7, Max: 0.9, Diff: 0.5, Sum: 2.9]
      [Code Root Scanning (ms): Min: 0.0, Avg: 0.1, Max: 0.1, Diff: 0.1, Sum: 0.3]
      [Object Copy (ms): Min: 10.5, Avg: 10.6, Max: 10.6, Diff: 0.1, Sum: 42.2]
      [Termination (ms): Min: 0.0, Avg: 0.0, Max: 0.0, Diff: 0.0, Sum: 0.0]
      [GC Worker Other (ms): Min: 0.0, Avg: 0.1, Max: 0.1, Diff: 0.1, Sum: 0.2]
      [GC Worker Total (ms): Min: 11.1, Avg: 11.8, Max: 12.1, Diff: 1.0, Sum: 47.3]
      [GC Worker End (ms): Min: 281492.9, Avg: 281493.0, Max: 281493.0, Diff: 0.1]
   [Code Root Fixup: 0.0 ms]
   [Code Root Migration: 0.3 ms]
   [Clear CT: 0.5 ms]
   [Other: 5.1 ms]
      [Choose CSet: 0.0 ms]
      [Ref Proc: 2.3 ms]
      [Ref Enq: 0.6 ms]
      [Free CSet: 2.1 ms]
   [Eden: 1697.0M(1697.0M)->0.0B(1694.0M) Survivors: 18.0M->22.0M Heap: 3657.9M(4096.0M)->1964.9M(4096.0M)]
 [Times: user=0.06 sys=0.00, real=0.02 secs] 
2016-01-06T01:00:45.612-0800: 281.733: [GC pause (young) (initial-mark)
Desired survivor size 112721920 bytes, new threshold 15 (max 15)
- age   1:   20634616 bytes,   20634616 total
- age   2:      36864 bytes,   20671480 total
2016-01-06T01:00:45.625-0800: 281.746: [SoftReference, 0 refs, 0.0005930 secs]2016-01-06T01:00:45.626-0800: 281.747: [WeakReference, 0 refs, 0.0002260 secs]2016-01-06T01:00:45.626-0800: 281.747: [FinalReference, 0 refs, 0.0002060 secs]2016-01-06T01:00:45.626-0800: 281.747: [PhantomReference, 0 refs, 53024 refs, 0.0013540 secs]2016-01-06T01:00:45.627-0800: 281.748: [JNI Weak Reference, 0.0000100 secs], 0.0191030 secs]
   [Parallel Time: 12.4 ms, GC Workers: 4]
      [GC Worker Start (ms): Min: 281733.5, Avg: 281734.6, Max: 281737.9, Diff: 4.5]
      [Ext Root Scanning (ms): Min: 0.0, Avg: 0.3, Max: 0.4, Diff: 0.4, Sum: 1.3]
      [Code Root Marking (ms): Min: 0.2, Avg: 0.2, Max: 0.3, Diff: 0.1, Sum: 0.8]
      [Update RS (ms): Min: 0.0, Avg: 0.1, Max: 0.2, Diff: 0.2, Sum: 0.2]
         [Processed Buffers: Min: 0, Avg: 1.2, Max: 3, Diff: 3, Sum: 5]
      [Scan RS (ms): Min: 0.3, Avg: 0.7, Max: 0.8, Diff: 0.5, Sum: 2.7]
      [Code Root Scanning (ms): Min: 0.0, Avg: 0.1, Max: 0.1, Diff: 0.1, Sum: 0.3]
      [Object Copy (ms): Min: 7.3, Avg: 9.8, Max: 10.6, Diff: 3.3, Sum: 39.1]
      [Termination (ms): Min: 0.0, Avg: 0.0, Max: 0.0, Diff: 0.0, Sum: 0.0]
      [GC Worker Other (ms): Min: 0.0, Avg: 0.1, Max: 0.1, Diff: 0.1, Sum: 0.2]
      [GC Worker Total (ms): Min: 7.8, Avg: 11.2, Max: 12.3, Diff: 4.5, Sum: 44.7]
      [GC Worker End (ms): Min: 281745.7, Avg: 281745.8, Max: 281745.8, Diff: 0.1]
   [Code Root Fixup: 0.0 ms]
   [Code Root Migration: 0.3 ms]
   [Clear CT: 0.5 ms]
   [Other: 6.0 ms]
      [Choose CSet: 0.0 ms]
      [Ref Proc: 2.6 ms]
      [Ref Enq: 0.6 ms]
      [Free CSet: 2.1 ms]
   [Eden: 1694.0M(1694.0M)->0.0B(1695.0M) Survivors: 22.0M->22.0M Heap: 3658.9M(4096.0M)->1964.9M(4096.0M)]
 [Times: user=0.06 sys=0.01, real=0.02 secs] 
2016-01-06T01:00:45.631-0800: 281.752: [GC concurrent-root-region-scan-start]
2016-01-06T01:00:45.640-0800: 281.760: [GC concurrent-root-region-scan-end, 0.0082160 secs]
2016-01-06T01:00:45.640-0800: 281.760: [GC concurrent-mark-start]
2016-01-06T01:00:46.342-0800: 282.463: [GC pause (young)
Desired survivor size 112721920 bytes, new threshold 15 (max 15)
- age   1:   20627920 bytes,   20627920 total
- age   2:      36864 bytes,   20664784 total
2016-01-06T01:00:46.375-0800: 282.495: [SoftReference, 0 refs, 0.0004110 secs]2016-01-06T01:00:46.375-0800: 282.496: [WeakReference, 0 refs, 0.0003470 secs]2016-01-06T01:00:46.375-0800: 282.496: [FinalReference, 0 refs, 0.0002750 secs]2016-01-06T01:00:46.376-0800: 282.496: [PhantomReference, 0 refs, 53054 refs, 0.0011210 secs]2016-01-06T01:00:46.377-0800: 282.498: [JNI Weak Reference, 0.0000090 secs], 0.0425570 secs]
   [Parallel Time: 27.0 ms, GC Workers: 4]
      [GC Worker Start (ms): Min: 282463.3, Avg: 282463.3, Max: 282463.4, Diff: 0.1]
      [Ext Root Scanning (ms): Min: 0.3, Avg: 0.3, Max: 0.4, Diff: 0.1, Sum: 1.4]
      [SATB Filtering (ms): Min: 0.0, Avg: 0.0, Max: 0.0, Diff: 0.0, Sum: 0.0]
      [Update RS (ms): Min: 14.7, Avg: 14.9, Max: 15.3, Diff: 0.7, Sum: 59.6]
         [Processed Buffers: Min: 21, Avg: 22.5, Max: 24, Diff: 3, Sum: 90]
      [Scan RS (ms): Min: 0.4, Avg: 0.7, Max: 0.9, Diff: 0.5, Sum: 2.8]
      [Code Root Scanning (ms): Min: 0.0, Avg: 0.1, Max: 0.1, Diff: 0.1, Sum: 0.3]
      [Object Copy (ms): Min: 10.7, Avg: 10.7, Max: 10.8, Diff: 0.1, Sum: 42.9]
      [Termination (ms): Min: 0.0, Avg: 0.0, Max: 0.0, Diff: 0.0, Sum: 0.0]
      [GC Worker Other (ms): Min: 0.0, Avg: 0.1, Max: 0.1, Diff: 0.1, Sum: 0.3]
      [GC Worker Total (ms): Min: 26.8, Avg: 26.8, Max: 26.9, Diff: 0.1, Sum: 107.3]
      [GC Worker End (ms): Min: 282490.1, Avg: 282490.2, Max: 282490.2, Diff: 0.1]
   [Code Root Fixup: 0.0 ms]
   [Code Root Migration: 0.3 ms]
   [Clear CT: 0.5 ms]
   [Other: 14.8 ms]
      [Choose CSet: 0.0 ms]
      [Ref Proc: 7.4 ms]
      [Ref Enq: 5.3 ms]
      [Free CSet: 2.1 ms]
   [Eden: 1695.0M(1695.0M)->0.0B(1696.0M) Survivors: 22.0M->22.0M Heap: 3659.9M(4096.0M)->1964.9M(4096.0M)]
 [Times: user=0.15 sys=0.00, real=0.05 secs] 
2016-01-06T01:00:46.643-0800: 282.764: [GC pause (young)
Desired survivor size 112721920 bytes, new threshold 15 (max 15)
- age   1:   20630152 bytes,   20630152 total
- age   2:      36864 bytes,   20667016 total
2016-01-06T01:00:46.701-0800: 282.822: [SoftReference, 0 refs, 0.0004180 secs]2016-01-06T01:00:46.702-0800: 282.822: [WeakReference, 0 refs, 0.0002200 secs]2016-01-06T01:00:46.702-0800: 282.823: [FinalReference, 0 refs, 0.0002440 secs]2016-01-06T01:00:46.702-0800: 282.823: [PhantomReference, 0 refs, 53085 refs, 0.0013120 secs]2016-01-06T01:00:46.703-0800: 282.824: [JNI Weak Reference, 0.0000090 secs], 0.0681380 secs]
   [Parallel Time: 29.9 ms, GC Workers: 4]
      [GC Worker Start (ms): Min: 282764.1, Avg: 282764.1, Max: 282764.1, Diff: 0.1]
      [Ext Root Scanning (ms): Min: 0.3, Avg: 0.4, Max: 0.4, Diff: 0.1, Sum: 1.4]
      [SATB Filtering (ms): Min: 0.0, Avg: 0.0, Max: 0.0, Diff: 0.0, Sum: 0.0]
      [Update RS (ms): Min: 18.5, Avg: 18.7, Max: 18.9, Diff: 0.4, Sum: 74.9]
         [Processed Buffers: Min: 26, Avg: 27.0, Max: 28, Diff: 2, Sum: 108]
      [Scan RS (ms): Min: 0.6, Avg: 0.8, Max: 1.0, Diff: 0.4, Sum: 3.1]
      [Code Root Scanning (ms): Min: 0.1, Avg: 0.1, Max: 0.1, Diff: 0.1, Sum: 0.4]
      [Object Copy (ms): Min: 9.8, Avg: 9.8, Max: 9.8, Diff: 0.0, Sum: 39.1]
      [Termination (ms): Min: 0.0, Avg: 0.0, Max: 0.0, Diff: 0.0, Sum: 0.0]
      [GC Worker Other (ms): Min: 0.0, Avg: 0.1, Max: 0.1, Diff: 0.0, Sum: 0.2]
      [GC Worker Total (ms): Min: 29.7, Avg: 29.8, Max: 29.8, Diff: 0.1, Sum: 119.1]
      [GC Worker End (ms): Min: 282793.8, Avg: 282793.9, Max: 282793.9, Diff: 0.0]
   [Code Root Fixup: 0.0 ms]
   [Code Root Migration: 0.3 ms]
   [Clear CT: 0.4 ms]
   [Other: 37.6 ms]
      [Choose CSet: 0.0 ms]
      [Ref Proc: 30.4 ms]
      [Ref Enq: 5.0 ms]
      [Free CSet: 2.1 ms]
   [Eden: 1696.0M(1696.0M)->0.0B(1696.0M) Survivors: 22.0M->22.0M Heap: 3660.9M(4096.0M)->1964.4M(4096.0M)]
 [Times: user=0.23 sys=0.00, real=0.07 secs] 
2016-01-06T01:00:46.975-0800: 283.096: [GC pause (young)
Desired survivor size 112721920 bytes, new threshold 15 (max 15)
- age   1:   20632384 bytes,   20632384 total
- age   2:      36864 bytes,   20669248 total
2016-01-06T01:00:47.050-0800: 283.171: [SoftReference, 0 refs, 0.0005040 secs]2016-01-06T01:00:47.050-0800: 283.171: [WeakReference, 0 refs, 0.0003440 secs]2016-01-06T01:00:47.051-0800: 283.171: [FinalReference, 0 refs, 0.0002820 secs]2016-01-06T01:00:47.051-0800: 283.172: [PhantomReference, 0 refs, 53085 refs, 0.0017410 secs]2016-01-06T01:00:47.053-0800: 283.173: [JNI Weak Reference, 0.0000110 secs], 0.0859730 secs]
   [Parallel Time: 32.5 ms, GC Workers: 4]
      [GC Worker Start (ms): Min: 283095.6, Avg: 283095.6, Max: 283095.6, Diff: 0.1]
      [Ext Root Scanning (ms): Min: 0.3, Avg: 0.4, Max: 0.4, Diff: 0.1, Sum: 1.4]
      [SATB Filtering (ms): Min: 0.0, Avg: 0.0, Max: 0.0, Diff: 0.0, Sum: 0.0]
      [Update RS (ms): Min: 20.5, Avg: 20.8, Max: 21.1, Diff: 0.6, Sum: 83.1]
         [Processed Buffers: Min: 28, Avg: 29.5, Max: 32, Diff: 4, Sum: 118]
      [Scan RS (ms): Min: 0.5, Avg: 0.8, Max: 1.0, Diff: 0.5, Sum: 3.1]
      [Code Root Scanning (ms): Min: 0.1, Avg: 0.1, Max: 0.1, Diff: 0.1, Sum: 0.4]
      [Object Copy (ms): Min: 10.2, Avg: 10.3, Max: 10.3, Diff: 0.1, Sum: 41.1]
      [Termination (ms): Min: 0.0, Avg: 0.0, Max: 0.0, Diff: 0.0, Sum: 0.0]
      [GC Worker Other (ms): Min: 0.0, Avg: 0.1, Max: 0.1, Diff: 0.1, Sum: 0.3]
      [GC Worker Total (ms): Min: 32.3, Avg: 32.3, Max: 32.4, Diff: 0.1, Sum: 129.3]
      [GC Worker End (ms): Min: 283127.9, Avg: 283127.9, Max: 283128.0, Diff: 0.1]
   [Code Root Fixup: 0.0 ms]
   [Code Root Migration: 0.3 ms]
   [Clear CT: 0.4 ms]
   [Other: 52.8 ms]
      [Choose CSet: 0.0 ms]
      [Ref Proc: 45.4 ms]
      [Ref Enq: 5.3 ms]
      [Free CSet: 2.1 ms]
   [Eden: 1696.0M(1696.0M)->0.0B(1713.0M) Survivors: 22.0M->7168.0K Heap: 3660.4M(4096.0M)->1949.4M(4096.0M)]
 [Times: user=0.33 sys=0.00, real=0.09 secs] 
2016-01-06T01:00:47.341-0800: 283.462: [GC pause (young)
Desired survivor size 112721920 bytes, new threshold 15 (max 15)
- age   1:    5464000 bytes,    5464000 total
- age   2:      36864 bytes,    5500864 total
2016-01-06T01:00:47.433-0800: 283.554: [SoftReference, 0 refs, 0.0006240 secs]2016-01-06T01:00:47.433-0800: 283.554: [WeakReference, 0 refs, 0.0002400 secs]2016-01-06T01:00:47.434-0800: 283.554: [FinalReference, 0 refs, 0.0003440 secs]2016-01-06T01:00:47.434-0800: 283.555: [PhantomReference, 0 refs, 53613 refs, 0.0015030 secs]2016-01-06T01:00:47.435-0800: 283.556: [JNI Weak Reference, 0.0000090 secs], 0.1024940 secs]
   [Parallel Time: 30.7 ms, GC Workers: 4]
      [GC Worker Start (ms): Min: 283462.4, Avg: 283463.3, Max: 283465.9, Diff: 3.5]
      [Ext Root Scanning (ms): Min: 0.0, Avg: 0.3, Max: 0.4, Diff: 0.4, Sum: 1.2]
      [SATB Filtering (ms): Min: 0.0, Avg: 0.0, Max: 0.0, Diff: 0.0, Sum: 0.0]
      [Update RS (ms): Min: 15.0, Avg: 17.1, Max: 18.0, Diff: 3.0, Sum: 68.6]
         [Processed Buffers: Min: 22, Avg: 25.0, Max: 27, Diff: 5, Sum: 100]
      [Scan RS (ms): Min: 0.7, Avg: 0.8, Max: 1.0, Diff: 0.3, Sum: 3.2]
      [Code Root Scanning (ms): Min: 0.1, Avg: 0.1, Max: 0.1, Diff: 0.0, Sum: 0.3]
      [Object Copy (ms): Min: 11.2, Avg: 11.2, Max: 11.3, Diff: 0.1, Sum: 44.9]
      [Termination (ms): Min: 0.0, Avg: 0.0, Max: 0.0, Diff: 0.0, Sum: 0.0]
      [GC Worker Other (ms): Min: 0.0, Avg: 0.1, Max: 0.1, Diff: 0.1, Sum: 0.3]
      [GC Worker Total (ms): Min: 27.0, Avg: 29.6, Max: 30.5, Diff: 3.5, Sum: 118.5]
      [GC Worker End (ms): Min: 283492.9, Avg: 283492.9, Max: 283492.9, Diff: 0.1]
   [Code Root Fixup: 0.0 ms]
   [Code Root Migration: 0.3 ms]
   [Clear CT: 0.5 ms]
   [Other: 71.1 ms]
      [Choose CSet: 0.0 ms]
      [Ref Proc: 63.3 ms]
      [Ref Enq: 5.4 ms]
      [Free CSet: 2.3 ms]
   [Eden: 1713.0M(1713.0M)->0.0B(1698.0M) Survivors: 7168.0K->22.0M Heap: 3662.4M(4096.0M)->1964.9M(4096.0M)]
 [Times: user=0.39 sys=0.00, real=0.10 secs] 
2016-01-06T01:00:47.686-0800: 283.807: [GC pause (young)
Desired survivor size 112721920 bytes, new threshold 15 (max 15)
- age   1:   20670328 bytes,   20670328 total
- age   2:      36864 bytes,   20707192 total
2016-01-06T01:00:47.802-0800: 283.923: [SoftReference, 0 refs, 0.0005310 secs]2016-01-06T01:00:47.803-0800: 283.924: [WeakReference, 0 refs, 0.0002660 secs]2016-01-06T01:00:47.803-0800: 283.924: [FinalReference, 0 refs, 0.0003450 secs]2016-01-06T01:00:47.803-0800: 283.924: [PhantomReference, 0 refs, 53147 refs, 0.0017420 secs]2016-01-06T01:00:47.805-0800: 283.926: [JNI Weak Reference, 0.0000090 secs], 0.1271680 secs]
   [Parallel Time: 40.7 ms, GC Workers: 4]
      [GC Worker Start (ms): Min: 283807.0, Avg: 283807.1, Max: 283807.1, Diff: 0.1]
      [Ext Root Scanning (ms): Min: 0.3, Avg: 0.4, Max: 0.4, Diff: 0.1, Sum: 1.4]
      [SATB Filtering (ms): Min: 0.0, Avg: 0.0, Max: 0.0, Diff: 0.0, Sum: 0.0]
      [Update RS (ms): Min: 26.2, Avg: 26.4, Max: 26.6, Diff: 0.4, Sum: 105.7]
         [Processed Buffers: Min: 20, Avg: 32.8, Max: 38, Diff: 18, Sum: 131]
      [Scan RS (ms): Min: 0.7, Avg: 0.8, Max: 1.0, Diff: 0.3, Sum: 3.2]
      [Code Root Scanning (ms): Min: 0.1, Avg: 0.1, Max: 0.1, Diff: 0.0, Sum: 0.3]
      [Object Copy (ms): Min: 11.3, Avg: 11.7, Max: 12.9, Diff: 1.6, Sum: 46.9]
      [Termination (ms): Min: 0.0, Avg: 1.2, Max: 1.6, Diff: 1.6, Sum: 4.8]
      [GC Worker Other (ms): Min: 0.0, Avg: 0.0, Max: 0.0, Diff: 0.0, Sum: 0.1]
      [GC Worker Total (ms): Min: 40.6, Avg: 40.6, Max: 40.6, Diff: 0.1, Sum: 162.4]
      [GC Worker End (ms): Min: 283847.6, Avg: 283847.7, Max: 283847.7, Diff: 0.0]
   [Code Root Fixup: 0.0 ms]
   [Code Root Migration: 0.3 ms]
   [Clear CT: 0.5 ms]
   [Other: 85.7 ms]
      [Choose CSet: 0.0 ms]
      [Ref Proc: 78.3 ms]
      [Ref Enq: 5.3 ms]
      [Free CSet: 2.1 ms]
   [Eden: 1698.0M(1698.0M)->0.0B(1697.0M) Survivors: 22.0M->22.0M Heap: 3662.9M(4096.0M)->1964.4M(4096.0M)]
 [Times: user=0.47 sys=0.00, real=0.12 secs] 
2016-01-06T01:00:48.079-0800: 284.200: [GC pause (young)
Desired survivor size 112721920 bytes, new threshold 15 (max 15)
- age   1:   20636848 bytes,   20636848 total
- age   2:      36864 bytes,   20673712 total
2016-01-06T01:00:48.210-0800: 284.331: [SoftReference, 0 refs, 0.0005530 secs]2016-01-06T01:00:48.210-0800: 284.331: [WeakReference, 0 refs, 0.0003520 secs]2016-01-06T01:00:48.211-0800: 284.332: [FinalReference, 0 refs, 0.0002760 secs]2016-01-06T01:00:48.211-0800: 284.332: [PhantomReference, 0 refs, 53113 refs, 0.0013480 secs]2016-01-06T01:00:48.212-0800: 284.333: [JNI Weak Reference, 0.0000090 secs], 0.1417100 secs]
   [Parallel Time: 34.9 ms, GC Workers: 4]
      [GC Worker Start (ms): Min: 284199.9, Avg: 284200.4, Max: 284201.9, Diff: 2.0]
      [Ext Root Scanning (ms): Min: 0.0, Avg: 0.3, Max: 0.5, Diff: 0.4, Sum: 1.2]
      [SATB Filtering (ms): Min: 0.0, Avg: 0.0, Max: 0.0, Diff: 0.0, Sum: 0.0]
      [Update RS (ms): Min: 20.9, Avg: 22.3, Max: 23.0, Diff: 2.1, Sum: 89.3]
         [Processed Buffers: Min: 31, Avg: 32.2, Max: 34, Diff: 3, Sum: 129]
      [Scan RS (ms): Min: 0.5, Avg: 0.8, Max: 1.0, Diff: 0.5, Sum: 3.1]
      [Code Root Scanning (ms): Min: 0.1, Avg: 0.1, Max: 0.2, Diff: 0.1, Sum: 0.4]
      [Object Copy (ms): Min: 10.7, Avg: 10.7, Max: 10.7, Diff: 0.0, Sum: 42.8]
      [Termination (ms): Min: 0.0, Avg: 0.0, Max: 0.0, Diff: 0.0, Sum: 0.0]
      [GC Worker Other (ms): Min: 0.0, Avg: 0.1, Max: 0.1, Diff: 0.1, Sum: 0.2]
      [GC Worker Total (ms): Min: 32.8, Avg: 34.3, Max: 34.8, Diff: 2.0, Sum: 137.2]
      [GC Worker End (ms): Min: 284234.6, Avg: 284234.7, Max: 284234.7, Diff: 0.0]
   [Code Root Fixup: 0.0 ms]
   [Code Root Migration: 0.3 ms]
   [Clear CT: 0.5 ms]
   [Other: 106.1 ms]
      [Choose CSet: 0.0 ms]
      [Ref Proc: 98.5 ms]
      [Ref Enq: 5.3 ms]
      [Free CSet: 2.1 ms]
   [Eden: 1697.0M(1697.0M)->0.0B(1697.0M) Survivors: 22.0M->22.0M Heap: 3661.4M(4096.0M)->1964.9M(4096.0M)]
 [Times: user=0.54 sys=0.00, real=0.14 secs] 
2016-01-06T01:00:48.467-0800: 284.588: [GC pause (young)
Desired survivor size 112721920 bytes, new threshold 15 (max 15)
- age   1:   20634616 bytes,   20634616 total
- age   2:      36864 bytes,   20671480 total
2016-01-06T01:00:48.614-0800: 284.735: [SoftReference, 0 refs, 0.0004860 secs]2016-01-06T01:00:48.615-0800: 284.736: [WeakReference, 0 refs, 0.0002230 secs]2016-01-06T01:00:48.615-0800: 284.736: [FinalReference, 0 refs, 0.0002490 secs]2016-01-06T01:00:48.615-0800: 284.736: [PhantomReference, 0 refs, 53118 refs, 0.0012900 secs]2016-01-06T01:00:48.617-0800: 284.738: [JNI Weak Reference, 0.0000130 secs], 0.1566120 secs]
   [Parallel Time: 38.6 ms, GC Workers: 4]
      [GC Worker Start (ms): Min: 284587.7, Avg: 284589.8, Max: 284593.9, Diff: 6.2]
      [Ext Root Scanning (ms): Min: 0.0, Avg: 0.3, Max: 0.7, Diff: 0.7, Sum: 1.3]
      [SATB Filtering (ms): Min: 0.0, Avg: 0.0, Max: 0.0, Diff: 0.0, Sum: 0.0]
      [Update RS (ms): Min: 24.1, Avg: 26.6, Max: 30.6, Diff: 6.4, Sum: 106.4]
         [Processed Buffers: Min: 6, Avg: 26.0, Max: 36, Diff: 30, Sum: 104]
      [Scan RS (ms): Min: 0.4, Avg: 0.8, Max: 1.2, Diff: 0.8, Sum: 3.3]
      [Code Root Scanning (ms): Min: 0.0, Avg: 0.1, Max: 0.1, Diff: 0.1, Sum: 0.4]
      [Object Copy (ms): Min: 1.4, Avg: 8.6, Max: 11.0, Diff: 9.6, Sum: 34.2]
      [Termination (ms): Min: 0.0, Avg: 0.0, Max: 0.0, Diff: 0.0, Sum: 0.0]
      [GC Worker Other (ms): Min: 0.0, Avg: 0.1, Max: 0.1, Diff: 0.0, Sum: 0.2]
      [GC Worker Total (ms): Min: 32.4, Avg: 36.5, Max: 38.6, Diff: 6.1, Sum: 145.9]
      [GC Worker End (ms): Min: 284626.3, Avg: 284626.3, Max: 284626.3, Diff: 0.0]
   [Code Root Fixup: 0.0 ms]
   [Code Root Migration: 0.3 ms]
   [Clear CT: 0.4 ms]
   [Other: 117.3 ms]
      [Choose CSet: 0.0 ms]
      [Ref Proc: 111.2 ms]
      [Ref Enq: 3.9 ms]
      [Free CSet: 2.1 ms]
   [Eden: 1697.0M(1697.0M)->0.0B(1697.0M) Survivors: 22.0M->22.0M Heap: 3661.9M(4096.0M)->1964.9M(4096.0M)]
 [Times: user=0.56 sys=0.00, real=0.15 secs] 
2016-01-06T01:00:48.869-0800: 284.990: [GC pause (young)
Desired survivor size 112721920 bytes, new threshold 15 (max 15)
- age   1:   20634616 bytes,   20634616 total
- age   2:      36864 bytes,   20671480 total
2016-01-06T01:00:49.046-0800: 285.167: [SoftReference, 0 refs, 0.0004250 secs]2016-01-06T01:00:49.047-0800: 285.168: [WeakReference, 0 refs, 0.0003490 secs]2016-01-06T01:00:49.047-0800: 285.168: [FinalReference, 0 refs, 0.0002590 secs]2016-01-06T01:00:49.047-0800: 285.168: [PhantomReference, 0 refs, 53114 refs, 0.0013620 secs]2016-01-06T01:00:49.049-0800: 285.170: [JNI Weak Reference, 0.0000080 secs], 0.1865570 secs]
   [Parallel Time: 31.6 ms, GC Workers: 4]
      [GC Worker Start (ms): Min: 284990.2, Avg: 284991.3, Max: 284994.7, Diff: 4.6]
      [Ext Root Scanning (ms): Min: 0.0, Avg: 0.3, Max: 0.5, Diff: 0.5, Sum: 1.4]
      [SATB Filtering (ms): Min: 0.0, Avg: 0.0, Max: 0.0, Diff: 0.0, Sum: 0.0]
      [Update RS (ms): Min: 15.9, Avg: 18.9, Max: 20.1, Diff: 4.1, Sum: 75.8]
         [Processed Buffers: Min: 21, Avg: 26.5, Max: 29, Diff: 8, Sum: 106]
      [Scan RS (ms): Min: 0.7, Avg: 0.8, Max: 0.8, Diff: 0.2, Sum: 3.1]
      [Code Root Scanning (ms): Min: 0.1, Avg: 0.1, Max: 0.1, Diff: 0.0, Sum: 0.4]
      [Object Copy (ms): Min: 10.0, Avg: 10.1, Max: 10.1, Diff: 0.1, Sum: 40.3]
      [Termination (ms): Min: 0.0, Avg: 0.0, Max: 0.0, Diff: 0.0, Sum: 0.0]
      [GC Worker Other (ms): Min: 0.0, Avg: 0.1, Max: 0.1, Diff: 0.1, Sum: 0.2]
      [GC Worker Total (ms): Min: 26.9, Avg: 30.3, Max: 31.5, Diff: 4.6, Sum: 121.3]
      [GC Worker End (ms): Min: 285021.6, Avg: 285021.7, Max: 285021.7, Diff: 0.1]
   [Code Root Fixup: 0.0 ms]
   [Code Root Migration: 0.3 ms]
   [Clear CT: 0.4 ms]
   [Other: 154.3 ms]
      [Choose CSet: 0.0 ms]
      [Ref Proc: 147.9 ms]
      [Ref Enq: 4.0 ms]
      [Free CSet: 2.3 ms]
   [Eden: 1697.0M(1697.0M)->0.0B(1698.0M) Survivors: 22.0M->22.0M Heap: 3661.9M(4096.0M)->1964.9M(4096.0M)]
 [Times: user=0.66 sys=0.01, real=0.18 secs] 
2016-01-06T01:00:49.309-0800: 285.430: [GC pause (young)
Desired survivor size 112721920 bytes, new threshold 15 (max 15)
- age   1:   20634616 bytes,   20634616 total
- age   2:      36864 bytes,   20671480 total
2016-01-06T01:00:49.461-0800: 285.582: [SoftReference, 0 refs, 0.0004830 secs]2016-01-06T01:00:49.462-0800: 285.583: [WeakReference, 0 refs, 0.0002720 secs]2016-01-06T01:00:49.462-0800: 285.583: [FinalReference, 0 refs, 0.0003760 secs]2016-01-06T01:00:49.462-0800: 285.583: [PhantomReference, 0 refs, 53144 refs, 0.0014290 secs]2016-01-06T01:00:49.464-0800: 285.585: [JNI Weak Reference, 0.0000090 secs], 0.1632930 secs]
   [Parallel Time: 33.2 ms, GC Workers: 4]
      [GC Worker Start (ms): Min: 285429.6, Avg: 285429.7, Max: 285429.7, Diff: 0.1]
      [Ext Root Scanning (ms): Min: 0.4, Avg: 0.4, Max: 0.4, Diff: 0.0, Sum: 1.5]
      [SATB Filtering (ms): Min: 0.0, Avg: 0.0, Max: 0.0, Diff: 0.0, Sum: 0.0]
      [Update RS (ms): Min: 20.8, Avg: 21.0, Max: 21.2, Diff: 0.5, Sum: 84.1]
         [Processed Buffers: Min: 29, Avg: 29.2, Max: 30, Diff: 1, Sum: 117]
      [Scan RS (ms): Min: 0.6, Avg: 0.8, Max: 1.0, Diff: 0.4, Sum: 3.1]
      [Code Root Scanning (ms): Min: 0.1, Avg: 0.1, Max: 0.1, Diff: 0.0, Sum: 0.3]
      [Object Copy (ms): Min: 10.7, Avg: 10.7, Max: 10.7, Diff: 0.1, Sum: 42.8]
      [Termination (ms): Min: 0.0, Avg: 0.0, Max: 0.0, Diff: 0.0, Sum: 0.0]
      [GC Worker Other (ms): Min: 0.0, Avg: 0.1, Max: 0.1, Diff: 0.1, Sum: 0.2]
      [GC Worker Total (ms): Min: 33.0, Avg: 33.0, Max: 33.1, Diff: 0.1, Sum: 132.2]
      [GC Worker End (ms): Min: 285462.7, Avg: 285462.7, Max: 285462.7, Diff: 0.1]
   [Code Root Fixup: 0.0 ms]
   [Code Root Migration: 0.3 ms]
   [Clear CT: 0.4 ms]
   [Other: 129.4 ms]
      [Choose CSet: 0.0 ms]
      [Ref Proc: 121.9 ms]
      [Ref Enq: 5.3 ms]
      [Free CSet: 2.2 ms]
   [Eden: 1698.0M(1698.0M)->0.0B(1698.0M) Survivors: 22.0M->22.0M Heap: 3662.9M(4096.0M)->1964.9M(4096.0M)]
 [Times: user=0.60 sys=0.00, real=0.16 secs] 
2016-01-06T01:00:49.731-0800: 285.852: [GC pause (young)
Desired survivor size 112721920 bytes, new threshold 15 (max 15)
- age   1:   20636848 bytes,   20636848 total
- age   2:      36864 bytes,   20673712 total
2016-01-06T01:00:49.907-0800: 286.028: [SoftReference, 0 refs, 0.0005800 secs]2016-01-06T01:00:49.908-0800: 286.029: [WeakReference, 0 refs, 0.0004250 secs]2016-01-06T01:00:49.908-0800: 286.029: [FinalReference, 0 refs, 0.0003040 secs]2016-01-06T01:00:49.909-0800: 286.030: [PhantomReference, 0 refs, 53148 refs, 0.0022690 secs]2016-01-06T01:00:49.911-0800: 286.032: [JNI Weak Reference, 0.0000140 secs], 0.1862410 secs]
   [Parallel Time: 28.6 ms, GC Workers: 4]
      [GC Worker Start (ms): Min: 285851.8, Avg: 285851.8, Max: 285851.9, Diff: 0.1]
      [Ext Root Scanning (ms): Min: 0.3, Avg: 0.4, Max: 0.4, Diff: 0.1, Sum: 1.4]
      [SATB Filtering (ms): Min: 0.0, Avg: 0.0, Max: 0.0, Diff: 0.0, Sum: 0.0]
      [Update RS (ms): Min: 16.6, Avg: 16.9, Max: 17.1, Diff: 0.5, Sum: 67.5]
         [Processed Buffers: Min: 23, Avg: 24.2, Max: 25, Diff: 2, Sum: 97]
      [Scan RS (ms): Min: 0.6, Avg: 0.8, Max: 1.1, Diff: 0.5, Sum: 3.1]
      [Code Root Scanning (ms): Min: 0.1, Avg: 0.1, Max: 0.1, Diff: 0.1, Sum: 0.4]
      [Object Copy (ms): Min: 10.3, Avg: 10.3, Max: 10.3, Diff: 0.1, Sum: 41.3]
      [Termination (ms): Min: 0.0, Avg: 0.0, Max: 0.0, Diff: 0.0, Sum: 0.0]
      [GC Worker Other (ms): Min: 0.0, Avg: 0.1, Max: 0.1, Diff: 0.1, Sum: 0.3]
      [GC Worker Total (ms): Min: 28.5, Avg: 28.5, Max: 28.5, Diff: 0.1, Sum: 114.0]
      [GC Worker End (ms): Min: 285880.3, Avg: 285880.3, Max: 285880.3, Diff: 0.1]
   [Code Root Fixup: 0.0 ms]
   [Code Root Migration: 0.3 ms]
   [Clear CT: 0.6 ms]
   [Other: 156.7 ms]
      [Choose CSet: 0.0 ms]
      [Ref Proc: 151.6 ms]
      [Ref Enq: 2.9 ms]
      [Free CSet: 2.1 ms]
   [Eden: 1698.0M(1698.0M)->0.0B(1708.0M) Survivors: 22.0M->13.0M Heap: 3662.9M(4096.0M)->1955.9M(4096.0M)]
 [Times: user=0.65 sys=0.00, real=0.19 secs] 
2016-01-06T01:00:50.167-0800: 286.288: [GC pause (young)
Desired survivor size 113246208 bytes, new threshold 15 (max 15)
- age   1:   11969200 bytes,   11969200 total
- age   2:      36864 bytes,   12006064 total
2016-01-06T01:00:50.351-0800: 286.471: [SoftReference, 0 refs, 0.0005110 secs]2016-01-06T01:00:50.351-0800: 286.472: [WeakReference, 0 refs, 0.0002570 secs]2016-01-06T01:00:50.351-0800: 286.472: [FinalReference, 0 refs, 0.0002650 secs]2016-01-06T01:00:50.352-0800: 286.473: [PhantomReference, 0 refs, 53458 refs, 0.0012890 secs]2016-01-06T01:00:50.353-0800: 286.474: [JNI Weak Reference, 0.0000300 secs], 0.1923340 secs]
   [Parallel Time: 27.5 ms, GC Workers: 4]
      [GC Worker Start (ms): Min: 286288.3, Avg: 286290.7, Max: 286297.9, Diff: 9.6]
      [Ext Root Scanning (ms): Min: 0.0, Avg: 0.3, Max: 0.5, Diff: 0.5, Sum: 1.2]
      [SATB Filtering (ms): Min: 0.0, Avg: 0.0, Max: 0.0, Diff: 0.0, Sum: 0.0]
      [Update RS (ms): Min: 6.1, Avg: 13.1, Max: 15.7, Diff: 9.6, Sum: 52.5]
         [Processed Buffers: Min: 9, Avg: 20.0, Max: 34, Diff: 25, Sum: 80]
      [Scan RS (ms): Min: 0.6, Avg: 0.8, Max: 0.9, Diff: 0.3, Sum: 3.1]
      [Code Root Scanning (ms): Min: 0.1, Avg: 0.1, Max: 0.1, Diff: 0.0, Sum: 0.3]
      [Object Copy (ms): Min: 10.7, Avg: 10.7, Max: 10.7, Diff: 0.0, Sum: 42.9]
      [Termination (ms): Min: 0.0, Avg: 0.0, Max: 0.0, Diff: 0.0, Sum: 0.0]
      [GC Worker Other (ms): Min: 0.0, Avg: 0.1, Max: 0.1, Diff: 0.1, Sum: 0.2]
      [GC Worker Total (ms): Min: 17.9, Avg: 25.1, Max: 27.5, Diff: 9.6, Sum: 100.3]
      [GC Worker End (ms): Min: 286315.7, Avg: 286315.8, Max: 286315.8, Diff: 0.1]
   [Code Root Fixup: 0.0 ms]
   [Code Root Migration: 0.3 ms]
   [Clear CT: 0.4 ms]
   [Other: 164.1 ms]
      [Choose CSet: 0.0 ms]
      [Ref Proc: 158.1 ms]
      [Ref Enq: 3.9 ms]
      [Free CSet: 2.1 ms]
   [Eden: 1708.0M(1708.0M)->0.0B(1698.0M) Survivors: 13.0M->22.0M Heap: 3663.9M(4096.0M)->1964.9M(4096.0M)]
 [Times: user=0.72 sys=0.00, real=0.19 secs] 
2016-01-06T01:00:50.601-0800: 286.722: [GC pause (young)
Desired survivor size 112721920 bytes, new threshold 15 (max 15)
- age   1:   20659168 bytes,   20659168 total
- age   2:      36864 bytes,   20696032 total
2016-01-06T01:00:50.769-0800: 286.890: [SoftReference, 0 refs, 0.0004950 secs]2016-01-06T01:00:50.770-0800: 286.891: [WeakReference, 0 refs, 0.0002400 secs]2016-01-06T01:00:50.770-0800: 286.891: [FinalReference, 0 refs, 0.0003710 secs]2016-01-06T01:00:50.771-0800: 286.891: [PhantomReference, 0 refs, 53148 refs, 0.0018030 secs]2016-01-06T01:00:50.772-0800: 286.893: [JNI Weak Reference, 0.0000080 secs], 0.1780580 secs]
   [Parallel Time: 12.3 ms, GC Workers: 4]
      [GC Worker Start (ms): Min: 286722.2, Avg: 286722.2, Max: 286722.2, Diff: 0.1]
      [Ext Root Scanning (ms): Min: 0.3, Avg: 0.4, Max: 0.4, Diff: 0.1, Sum: 1.4]
      [SATB Filtering (ms): Min: 0.0, Avg: 0.0, Max: 0.0, Diff: 0.0, Sum: 0.0]
      [Update RS (ms): Min: 0.0, Avg: 0.1, Max: 0.3, Diff: 0.3, Sum: 0.3]
         [Processed Buffers: Min: 0, Avg: 1.2, Max: 2, Diff: 2, Sum: 5]
      [Scan RS (ms): Min: 0.6, Avg: 0.8, Max: 0.9, Diff: 0.2, Sum: 3.0]
      [Code Root Scanning (ms): Min: 0.1, Avg: 0.1, Max: 0.1, Diff: 0.0, Sum: 0.3]
      [Object Copy (ms): Min: 10.8, Avg: 10.8, Max: 10.8, Diff: 0.1, Sum: 43.2]
      [Termination (ms): Min: 0.0, Avg: 0.0, Max: 0.0, Diff: 0.0, Sum: 0.0]
      [GC Worker Other (ms): Min: 0.0, Avg: 0.1, Max: 0.1, Diff: 0.1, Sum: 0.3]
      [GC Worker Total (ms): Min: 12.1, Avg: 12.1, Max: 12.2, Diff: 0.1, Sum: 48.5]
      [GC Worker End (ms): Min: 286734.3, Avg: 286734.3, Max: 286734.4, Diff: 0.1]
   [Code Root Fixup: 0.0 ms]
   [Code Root Migration: 0.3 ms]
   [Clear CT: 0.5 ms]
   [Other: 165.0 ms]
      [Choose CSet: 0.0 ms]
      [Ref Proc: 158.8 ms]
      [Ref Enq: 4.0 ms]
      [Free CSet: 2.2 ms]
   [Eden: 1698.0M(1698.0M)->0.0B(1698.0M) Survivors: 22.0M->22.0M Heap: 3662.9M(4096.0M)->1964.9M(4096.0M)]
 [Times: user=0.68 sys=0.01, real=0.18 secs] 
2016-01-06T01:00:51.026-0800: 287.146: [GC pause (young)
Desired survivor size 112721920 bytes, new threshold 15 (max 15)
- age   1:   20636848 bytes,   20636848 total
- age   2:      36864 bytes,   20673712 total
2016-01-06T01:00:51.204-0800: 287.325: [SoftReference, 0 refs, 0.0004020 secs]2016-01-06T01:00:51.204-0800: 287.325: [WeakReference, 0 refs, 0.0002960 secs]2016-01-06T01:00:51.204-0800: 287.325: [FinalReference, 0 refs, 0.0002410 secs]2016-01-06T01:00:51.205-0800: 287.326: [PhantomReference, 0 refs, 53148 refs, 0.0014810 secs]2016-01-06T01:00:51.206-0800: 287.327: [JNI Weak Reference, 0.0000100 secs], 0.1885040 secs]
   [Parallel Time: 22.0 ms, GC Workers: 4]
      [GC Worker Start (ms): Min: 287146.5, Avg: 287146.5, Max: 287146.6, Diff: 0.1]
      [Ext Root Scanning (ms): Min: 0.3, Avg: 0.4, Max: 0.4, Diff: 0.1, Sum: 1.4]
      [SATB Filtering (ms): Min: 0.0, Avg: 0.0, Max: 0.0, Diff: 0.0, Sum: 0.0]
      [Update RS (ms): Min: 9.9, Avg: 10.2, Max: 10.5, Diff: 0.7, Sum: 40.8]
         [Processed Buffers: Min: 14, Avg: 15.8, Max: 18, Diff: 4, Sum: 63]
      [Scan RS (ms): Min: 0.5, Avg: 0.7, Max: 0.9, Diff: 0.5, Sum: 2.9]
      [Code Root Scanning (ms): Min: 0.0, Avg: 0.1, Max: 0.1, Diff: 0.1, Sum: 0.4]
      [Object Copy (ms): Min: 10.4, Avg: 10.4, Max: 10.5, Diff: 0.1, Sum: 41.7]
      [Termination (ms): Min: 0.0, Avg: 0.0, Max: 0.0, Diff: 0.0, Sum: 0.0]
      [GC Worker Other (ms): Min: 0.0, Avg: 0.1, Max: 0.1, Diff: 0.1, Sum: 0.2]
      [GC Worker Total (ms): Min: 21.8, Avg: 21.9, Max: 21.9, Diff: 0.1, Sum: 87.4]
      [GC Worker End (ms): Min: 287168.3, Avg: 287168.4, Max: 287168.4, Diff: 0.1]
   [Code Root Fixup: 0.0 ms]
   [Code Root Migration: 0.3 ms]
   [Clear CT: 0.4 ms]
   [Other: 165.9 ms]
      [Choose CSet: 0.0 ms]
      [Ref Proc: 158.7 ms]
      [Ref Enq: 4.8 ms]
      [Free CSet: 2.3 ms]
   [Eden: 1698.0M(1698.0M)->0.0B(1698.0M) Survivors: 22.0M->22.0M Heap: 3662.9M(4096.0M)->1964.9M(4096.0M)]
 [Times: user=0.72 sys=0.00, real=0.18 secs] 
2016-01-06T01:00:51.477-0800: 287.598: [GC pause (young)
Desired survivor size 112721920 bytes, new threshold 15 (max 15)
- age   1:   20636848 bytes,   20636848 total
- age   2:      36864 bytes,   20673712 total
2016-01-06T01:00:51.673-0800: 287.794: [SoftReference, 0 refs, 0.0005080 secs]2016-01-06T01:00:51.673-0800: 287.794: [WeakReference, 0 refs, 0.0002570 secs]2016-01-06T01:00:51.674-0800: 287.795: [FinalReference, 0 refs, 0.0003510 secs]2016-01-06T01:00:51.674-0800: 287.795: [PhantomReference, 0 refs, 53146 refs, 0.0013660 secs]2016-01-06T01:00:51.675-0800: 287.796: [JNI Weak Reference, 0.0000090 secs], 0.2061740 secs]
   [Parallel Time: 29.3 ms, GC Workers: 4]
      [GC Worker Start (ms): Min: 287598.2, Avg: 287598.2, Max: 287598.2, Diff: 0.1]
      [Ext Root Scanning (ms): Min: 0.3, Avg: 0.4, Max: 0.4, Diff: 0.1, Sum: 1.4]
      [SATB Filtering (ms): Min: 0.0, Avg: 0.0, Max: 0.0, Diff: 0.0, Sum: 0.0]
      [Update RS (ms): Min: 16.4, Avg: 16.8, Max: 17.1, Diff: 0.7, Sum: 67.2]
         [Processed Buffers: Min: 22, Avg: 23.0, Max: 24, Diff: 2, Sum: 92]
      [Scan RS (ms): Min: 0.6, Avg: 0.8, Max: 1.1, Diff: 0.5, Sum: 3.0]
      [Code Root Scanning (ms): Min: 0.1, Avg: 0.1, Max: 0.1, Diff: 0.1, Sum: 0.4]
      [Object Copy (ms): Min: 11.1, Avg: 11.2, Max: 11.2, Diff: 0.1, Sum: 44.7]
      [Termination (ms): Min: 0.0, Avg: 0.0, Max: 0.0, Diff: 0.0, Sum: 0.0]
      [GC Worker Other (ms): Min: 0.0, Avg: 0.1, Max: 0.1, Diff: 0.0, Sum: 0.2]
      [GC Worker Total (ms): Min: 29.2, Avg: 29.2, Max: 29.3, Diff: 0.1, Sum: 116.9]
      [GC Worker End (ms): Min: 287627.4, Avg: 287627.4, Max: 287627.5, Diff: 0.0]
   [Code Root Fixup: 0.0 ms]
   [Code Root Migration: 0.3 ms]
   [Clear CT: 0.4 ms]
   [Other: 176.2 ms]
      [Choose CSet: 0.0 ms]
      [Ref Proc: 168.8 ms]
      [Ref Enq: 5.2 ms]
      [Free CSet: 2.1 ms]
   [Eden: 1698.0M(1698.0M)->0.0B(1181.0M) Survivors: 22.0M->22.0M Heap: 3662.9M(4096.0M)->1964.9M(4096.0M)]
 [Times: user=0.79 sys=0.00, real=0.20 secs] 
2016-01-06T01:00:51.863-0800: 287.984: [GC pause (young)
Desired survivor size 79167488 bytes, new threshold 15 (max 15)
- age   1:   20636848 bytes,   20636848 total
- age   2:      36864 bytes,   20673712 total
2016-01-06T01:00:52.029-0800: 288.150: [SoftReference, 0 refs, 0.0004830 secs]2016-01-06T01:00:52.030-0800: 288.151: [WeakReference, 0 refs, 0.0003370 secs]2016-01-06T01:00:52.030-0800: 288.151: [FinalReference, 0 refs, 0.0003350 secs]2016-01-06T01:00:52.031-0800: 288.152: [PhantomReference, 0 refs, 37120 refs, 0.0014390 secs]2016-01-06T01:00:52.032-0800: 288.153: [JNI Weak Reference, 0.0000090 secs], 0.1751910 secs]
   [Parallel Time: 15.7 ms, GC Workers: 4]
      [GC Worker Start (ms): Min: 287983.6, Avg: 287984.3, Max: 287985.8, Diff: 2.2]
      [Ext Root Scanning (ms): Min: 0.0, Avg: 0.3, Max: 0.6, Diff: 0.6, Sum: 1.3]
      [SATB Filtering (ms): Min: 0.0, Avg: 0.0, Max: 0.0, Diff: 0.0, Sum: 0.0]
      [Update RS (ms): Min: 5.1, Avg: 6.3, Max: 6.8, Diff: 1.7, Sum: 25.0]
         [Processed Buffers: Min: 7, Avg: 10.0, Max: 13, Diff: 6, Sum: 40]
      [Scan RS (ms): Min: 0.4, Avg: 0.5, Max: 0.6, Diff: 0.2, Sum: 2.0]
      [Code Root Scanning (ms): Min: 0.1, Avg: 0.1, Max: 0.1, Diff: 0.0, Sum: 0.2]
      [Object Copy (ms): Min: 7.7, Avg: 7.7, Max: 7.7, Diff: 0.0, Sum: 30.8]
      [Termination (ms): Min: 0.0, Avg: 0.0, Max: 0.0, Diff: 0.0, Sum: 0.0]
      [GC Worker Other (ms): Min: 0.0, Avg: 0.1, Max: 0.1, Diff: 0.0, Sum: 0.2]
      [GC Worker Total (ms): Min: 13.4, Avg: 14.9, Max: 15.6, Diff: 2.1, Sum: 59.6]
      [GC Worker End (ms): Min: 287999.2, Avg: 287999.2, Max: 287999.2, Diff: 0.0]
   [Code Root Fixup: 0.0 ms]
   [Code Root Migration: 0.2 ms]
   [Clear CT: 0.3 ms]
   [Other: 159.0 ms]
      [Choose CSet: 0.0 ms]
      [Ref Proc: 153.7 ms]
      [Ref Enq: 3.7 ms]
      [Free CSet: 1.5 ms]
   [Eden: 1181.0M(1181.0M)->0.0B(1698.0M) Survivors: 22.0M->21.0M Heap: 3145.9M(4096.0M)->1963.4M(4096.0M)]
 [Times: user=0.60 sys=0.01, real=0.18 secs] 
2016-01-06T01:00:52.297-0800: 288.418: [GC pause (young)
Desired survivor size 112721920 bytes, new threshold 15 (max 15)
- age   1:   19482904 bytes,   19482904 total
- age   2:      36864 bytes,   19519768 total
2016-01-06T01:00:52.500-0800: 288.621: [SoftReference, 0 refs, 0.0004350 secs]2016-01-06T01:00:52.500-0800: 288.621: [WeakReference, 0 refs, 0.0002810 secs]2016-01-06T01:00:52.500-0800: 288.621: [FinalReference, 0 refs, 0.0002590 secs]2016-01-06T01:00:52.501-0800: 288.622: [PhantomReference, 0 refs, 53146 refs, 0.0014430 secs]2016-01-06T01:00:52.502-0800: 288.623: [JNI Weak Reference, 0.0000090 secs], 0.2135710 secs]
   [Parallel Time: 31.3 ms, GC Workers: 4]
      [GC Worker Start (ms): Min: 288417.7, Avg: 288417.8, Max: 288417.8, Diff: 0.1]
      [Ext Root Scanning (ms): Min: 0.4, Avg: 0.4, Max: 0.4, Diff: 0.1, Sum: 1.5]
      [SATB Filtering (ms): Min: 0.0, Avg: 0.0, Max: 0.0, Diff: 0.0, Sum: 0.0]
      [Update RS (ms): Min: 18.9, Avg: 19.2, Max: 19.4, Diff: 0.5, Sum: 76.9]
         [Processed Buffers: Min: 27, Avg: 28.0, Max: 29, Diff: 2, Sum: 112]
      [Scan RS (ms): Min: 0.6, Avg: 0.7, Max: 1.0, Diff: 0.4, Sum: 2.9]
      [Code Root Scanning (ms): Min: 0.1, Avg: 0.1, Max: 0.1, Diff: 0.1, Sum: 0.3]
      [Object Copy (ms): Min: 10.6, Avg: 10.7, Max: 10.7, Diff: 0.1, Sum: 42.8]
      [Termination (ms): Min: 0.0, Avg: 0.0, Max: 0.0, Diff: 0.0, Sum: 0.0]
      [GC Worker Other (ms): Min: 0.0, Avg: 0.1, Max: 0.1, Diff: 0.1, Sum: 0.3]
      [GC Worker Total (ms): Min: 31.1, Avg: 31.2, Max: 31.2, Diff: 0.1, Sum: 124.7]
      [GC Worker End (ms): Min: 288448.9, Avg: 288448.9, Max: 288449.0, Diff: 0.1]
   [Code Root Fixup: 0.0 ms]
   [Code Root Migration: 0.3 ms]
   [Clear CT: 0.5 ms]
   [Other: 181.5 ms]
      [Choose CSet: 0.0 ms]
      [Ref Proc: 174.0 ms]
      [Ref Enq: 5.4 ms]
      [Free CSet: 2.1 ms]
   [Eden: 1698.0M(1698.0M)->0.0B(182.0M) Survivors: 21.0M->22.0M Heap: 3661.4M(4096.0M)->1964.9M(4096.0M)]
 [Times: user=0.81 sys=0.01, real=0.22 secs] 
2016-01-06T01:00:52.538-0800: 288.659: [GC pause (young)
Desired survivor size 13631488 bytes, new threshold 1 (max 15)
- age   1:   20636848 bytes,   20636848 total
- age   2:      36864 bytes,   20673712 total
2016-01-06T01:00:52.722-0800: 288.843: [SoftReference, 0 refs, 0.0005480 secs]2016-01-06T01:00:52.722-0800: 288.843: [WeakReference, 0 refs, 0.0003600 secs]2016-01-06T01:00:52.723-0800: 288.844: [FinalReference, 0 refs, 0.0002390 secs]2016-01-06T01:00:52.723-0800: 288.844: [PhantomReference, 0 refs, 6152 refs, 0.0006750 secs]2016-01-06T01:00:52.724-0800: 288.844: [JNI Weak Reference, 0.0000090 secs], 0.1870750 secs]
   [Parallel Time: 6.5 ms, GC Workers: 4]
      [GC Worker Start (ms): Min: 288658.6, Avg: 288658.6, Max: 288658.7, Diff: 0.1]
      [Ext Root Scanning (ms): Min: 0.3, Avg: 0.4, Max: 0.4, Diff: 0.1, Sum: 1.4]
      [SATB Filtering (ms): Min: 0.0, Avg: 0.0, Max: 0.0, Diff: 0.0, Sum: 0.0]
      [Update RS (ms): Min: 3.3, Avg: 3.6, Max: 3.8, Diff: 0.5, Sum: 14.4]
         [Processed Buffers: Min: 6, Avg: 6.2, Max: 7, Diff: 1, Sum: 25]
      [Scan RS (ms): Min: 0.0, Avg: 0.1, Max: 0.2, Diff: 0.2, Sum: 0.3]
      [Code Root Scanning (ms): Min: 0.0, Avg: 0.0, Max: 0.0, Diff: 0.0, Sum: 0.0]
      [Object Copy (ms): Min: 2.2, Avg: 2.3, Max: 2.4, Diff: 0.2, Sum: 9.2]
      [Termination (ms): Min: 0.0, Avg: 0.0, Max: 0.0, Diff: 0.0, Sum: 0.0]
      [GC Worker Other (ms): Min: 0.0, Avg: 0.0, Max: 0.1, Diff: 0.0, Sum: 0.1]
      [GC Worker Total (ms): Min: 6.3, Avg: 6.4, Max: 6.5, Diff: 0.1, Sum: 25.6]
      [GC Worker End (ms): Min: 288665.0, Avg: 288665.0, Max: 288665.1, Diff: 0.0]
   [Code Root Fixup: 0.0 ms]
   [Code Root Migration: 0.0 ms]
   [Clear CT: 0.1 ms]
   [Other: 180.4 ms]
      [Choose CSet: 0.0 ms]
      [Ref Proc: 179.4 ms]
      [Ref Enq: 0.6 ms]
      [Free CSet: 0.4 ms]
   [Eden: 182.0M(182.0M)->0.0B(185.0M) Survivors: 22.0M->19.0M Heap: 2146.9M(4096.0M)->1961.4M(4096.0M)]
 [Times: user=0.72 sys=0.00, real=0.18 secs] 
2016-01-06T01:00:52.751-0800: 288.872: [GC pause (young)
Desired survivor size 13631488 bytes, new threshold 1 (max 15)
- age   1:   17253136 bytes,   17253136 total
2016-01-06T01:00:52.940-0800: 289.061: [SoftReference, 0 refs, 0.0004880 secs]2016-01-06T01:00:52.941-0800: 289.061: [WeakReference, 0 refs, 0.0002350 secs]2016-01-06T01:00:52.941-0800: 289.062: [FinalReference, 0 refs, 0.0002550 secs]2016-01-06T01:00:52.941-0800: 289.062: [PhantomReference, 0 refs, 6243 refs, 0.0005850 secs]2016-01-06T01:00:52.942-0800: 289.063: [JNI Weak Reference, 0.0000150 secs], 0.1919740 secs]
   [Parallel Time: 8.3 ms, GC Workers: 4]
      [GC Worker Start (ms): Min: 288871.7, Avg: 288872.3, Max: 288873.9, Diff: 2.2]
      [Ext Root Scanning (ms): Min: 0.0, Avg: 0.3, Max: 0.4, Diff: 0.4, Sum: 1.2]
      [SATB Filtering (ms): Min: 0.0, Avg: 0.0, Max: 0.0, Diff: 0.0, Sum: 0.0]
      [Update RS (ms): Min: 2.8, Avg: 4.2, Max: 4.8, Diff: 1.9, Sum: 16.7]
         [Processed Buffers: Min: 4, Avg: 7.5, Max: 11, Diff: 7, Sum: 30]
      [Scan RS (ms): Min: 0.0, Avg: 0.1, Max: 0.2, Diff: 0.2, Sum: 0.3]
      [Code Root Scanning (ms): Min: 0.0, Avg: 0.0, Max: 0.0, Diff: 0.0, Sum: 0.0]
      [Object Copy (ms): Min: 2.6, Avg: 2.7, Max: 3.0, Diff: 0.4, Sum: 10.8]
      [Termination (ms): Min: 0.0, Avg: 0.3, Max: 0.5, Diff: 0.5, Sum: 1.3]
      [GC Worker Other (ms): Min: 0.0, Avg: 0.0, Max: 0.0, Diff: 0.0, Sum: 0.1]
      [GC Worker Total (ms): Min: 6.0, Avg: 7.6, Max: 8.2, Diff: 2.2, Sum: 30.5]
      [GC Worker End (ms): Min: 288879.9, Avg: 288879.9, Max: 288879.9, Diff: 0.0]
   [Code Root Fixup: 0.0 ms]
   [Code Root Migration: 0.0 ms]
   [Clear CT: 0.1 ms]
   [Other: 183.6 ms]
      [Choose CSet: 0.0 ms]
      [Ref Proc: 182.6 ms]
      [Ref Enq: 0.5 ms]
      [Free CSet: 0.3 ms]
   [Eden: 185.0M(185.0M)->0.0B(196.0M) Survivors: 19.0M->18.0M Heap: 2146.4M(4096.0M)->1960.9M(4096.0M)]
 [Times: user=0.70 sys=0.01, real=0.19 secs] 
2016-01-06T01:00:52.970-0800: 289.091: [GC pause (young)
Desired survivor size 14155776 bytes, new threshold 1 (max 15)
- age   1:   17259832 bytes,   17259832 total
2016-01-06T01:00:53.191-0800: 289.312: [SoftReference, 0 refs, 0.0003950 secs]2016-01-06T01:00:53.192-0800: 289.313: [WeakReference, 0 refs, 0.0002450 secs]2016-01-06T01:00:53.192-0800: 289.313: [FinalReference, 0 refs, 0.0002260 secs]2016-01-06T01:00:53.192-0800: 289.313: [PhantomReference, 0 refs, 6586 refs, 0.0005540 secs]2016-01-06T01:00:53.193-0800: 289.314: [JNI Weak Reference, 0.0000090 secs], 0.2236930 secs]
   [Parallel Time: 9.2 ms, GC Workers: 4]
      [GC Worker Start (ms): Min: 289091.3, Avg: 289092.1, Max: 289094.3, Diff: 3.0]
      [Ext Root Scanning (ms): Min: 0.0, Avg: 0.3, Max: 0.5, Diff: 0.5, Sum: 1.2]
      [SATB Filtering (ms): Min: 0.0, Avg: 0.0, Max: 0.0, Diff: 0.0, Sum: 0.0]
      [Update RS (ms): Min: 3.5, Avg: 6.0, Max: 8.4, Diff: 4.9, Sum: 23.9]
         [Processed Buffers: Min: 4, Avg: 6.8, Max: 14, Diff: 10, Sum: 27]
      [Scan RS (ms): Min: 0.0, Avg: 0.1, Max: 0.2, Diff: 0.2, Sum: 0.3]
      [Code Root Scanning (ms): Min: 0.0, Avg: 0.0, Max: 0.0, Diff: 0.0, Sum: 0.0]
      [Object Copy (ms): Min: 0.0, Avg: 1.4, Max: 2.1, Diff: 2.1, Sum: 5.5]
      [Termination (ms): Min: 0.0, Avg: 0.5, Max: 0.8, Diff: 0.8, Sum: 2.1]
      [GC Worker Other (ms): Min: 0.0, Avg: 0.0, Max: 0.0, Diff: 0.0, Sum: 0.0]
      [GC Worker Total (ms): Min: 6.0, Avg: 8.3, Max: 9.1, Diff: 3.1, Sum: 33.0]
      [GC Worker End (ms): Min: 289100.3, Avg: 289100.3, Max: 289100.5, Diff: 0.2]
   [Code Root Fixup: 0.0 ms]
   [Code Root Migration: 0.0 ms]
   [Clear CT: 0.2 ms]
   [Other: 214.3 ms]
      [Choose CSet: 0.0 ms]
      [Ref Proc: 213.3 ms]
      [Ref Enq: 0.6 ms]
      [Free CSet: 0.4 ms]
   [Eden: 196.0M(196.0M)->0.0B(190.0M) Survivors: 18.0M->14.0M Heap: 2156.9M(4096.0M)->1956.5M(4096.0M)]
 [Times: user=0.81 sys=0.00, real=0.22 secs] 
2016-01-06T01:00:53.223-0800: 289.344: [GC pause (young)
Desired survivor size 13631488 bytes, new threshold 15 (max 15)
- age   1:   12687904 bytes,   12687904 total
2016-01-06T01:00:53.421-0800: 289.542: [SoftReference, 0 refs, 0.0004130 secs]2016-01-06T01:00:53.421-0800: 289.542: [WeakReference, 0 refs, 0.0003620 secs]2016-01-06T01:00:53.422-0800: 289.543: [FinalReference, 0 refs, 0.0002470 secs]2016-01-06T01:00:53.422-0800: 289.543: [PhantomReference, 0 refs, 6399 refs, 0.0006550 secs]2016-01-06T01:00:53.423-0800: 289.543: [JNI Weak Reference, 0.0000090 secs], 0.2007520 secs]
   [Parallel Time: 6.2 ms, GC Workers: 4]
      [GC Worker Start (ms): Min: 289344.0, Avg: 289344.0, Max: 289344.1, Diff: 0.1]
      [Ext Root Scanning (ms): Min: 0.3, Avg: 0.4, Max: 0.4, Diff: 0.1, Sum: 1.4]
      [SATB Filtering (ms): Min: 0.0, Avg: 0.0, Max: 0.0, Diff: 0.0, Sum: 0.0]
      [Update RS (ms): Min: 3.1, Avg: 3.2, Max: 3.5, Diff: 0.5, Sum: 12.9]
         [Processed Buffers: Min: 5, Avg: 5.5, Max: 6, Diff: 1, Sum: 22]
      [Scan RS (ms): Min: 0.0, Avg: 0.1, Max: 0.2, Diff: 0.1, Sum: 0.3]
      [Code Root Scanning (ms): Min: 0.0, Avg: 0.0, Max: 0.0, Diff: 0.0, Sum: 0.0]
      [Object Copy (ms): Min: 2.2, Avg: 2.4, Max: 2.5, Diff: 0.3, Sum: 9.6]
      [Termination (ms): Min: 0.0, Avg: 0.0, Max: 0.0, Diff: 0.0, Sum: 0.0]
      [GC Worker Other (ms): Min: 0.0, Avg: 0.0, Max: 0.0, Diff: 0.0, Sum: 0.1]
      [GC Worker Total (ms): Min: 6.1, Avg: 6.1, Max: 6.1, Diff: 0.1, Sum: 24.5]
      [GC Worker End (ms): Min: 289350.1, Avg: 289350.1, Max: 289350.1, Diff: 0.0]
   [Code Root Fixup: 0.0 ms]
   [Code Root Migration: 0.0 ms]
   [Clear CT: 0.1 ms]
   [Other: 194.4 ms]
      [Choose CSet: 0.0 ms]
      [Ref Proc: 193.3 ms]
      [Ref Enq: 0.6 ms]
      [Free CSet: 0.4 ms]
   [Eden: 190.0M(190.0M)->0.0B(185.0M) Survivors: 14.0M->19.0M Heap: 2146.5M(4096.0M)->1961.5M(4096.0M)]
 [Times: user=0.73 sys=0.00, real=0.20 secs] 
2016-01-06T01:00:53.452-0800: 289.573: [GC pause (young)
Desired survivor size 13631488 bytes, new threshold 1 (max 15)
- age   1:   17270992 bytes,   17270992 total
- age   2:      36864 bytes,   17307856 total
2016-01-06T01:00:53.635-0800: 289.756: [SoftReference, 0 refs, 0.0004860 secs]2016-01-06T01:00:53.636-0800: 289.757: [WeakReference, 0 refs, 0.0002670 secs]2016-01-06T01:00:53.636-0800: 289.757: [FinalReference, 0 refs, 0.0002100 secs]2016-01-06T01:00:53.636-0800: 289.757: [PhantomReference, 0 refs, 6245 refs, 0.0006460 secs]2016-01-06T01:00:53.637-0800: 289.758: [JNI Weak Reference, 0.0000090 secs], 0.1856530 secs]
   [Parallel Time: 5.5 ms, GC Workers: 4]
      [GC Worker Start (ms): Min: 289573.3, Avg: 289573.3, Max: 289573.3, Diff: 0.1]
      [Ext Root Scanning (ms): Min: 0.3, Avg: 0.4, Max: 0.4, Diff: 0.1, Sum: 1.4]
      [SATB Filtering (ms): Min: 0.0, Avg: 0.0, Max: 0.0, Diff: 0.0, Sum: 0.0]
      [Update RS (ms): Min: 2.2, Avg: 2.6, Max: 3.0, Diff: 0.8, Sum: 10.5]
         [Processed Buffers: Min: 3, Avg: 4.8, Max: 7, Diff: 4, Sum: 19]
      [Scan RS (ms): Min: 0.0, Avg: 0.1, Max: 0.2, Diff: 0.2, Sum: 0.3]
      [Code Root Scanning (ms): Min: 0.0, Avg: 0.0, Max: 0.0, Diff: 0.0, Sum: 0.0]
      [Object Copy (ms): Min: 1.8, Avg: 2.2, Max: 2.4, Diff: 0.6, Sum: 8.7]
      [Termination (ms): Min: 0.0, Avg: 0.0, Max: 0.0, Diff: 0.0, Sum: 0.0]
      [GC Worker Other (ms): Min: 0.0, Avg: 0.0, Max: 0.1, Diff: 0.1, Sum: 0.2]
      [GC Worker Total (ms): Min: 5.3, Avg: 5.3, Max: 5.3, Diff: 0.1, Sum: 21.2]
      [GC Worker End (ms): Min: 289578.6, Avg: 289578.6, Max: 289578.7, Diff: 0.1]
   [Code Root Fixup: 0.0 ms]
   [Code Root Migration: 0.0 ms]
   [Clear CT: 0.1 ms]
   [Other: 180.0 ms]
      [Choose CSet: 0.0 ms]
      [Ref Proc: 179.0 ms]
      [Ref Enq: 0.5 ms]
      [Free CSet: 0.4 ms]
   [Eden: 185.0M(185.0M)->0.0B(185.0M) Survivors: 19.0M->19.0M Heap: 2146.5M(4096.0M)->1962.0M(4096.0M)]
 [Times: user=0.72 sys=0.00, real=0.19 secs] 
2016-01-06T01:00:53.667-0800: 289.787: [GC pause (young)
Desired survivor size 13631488 bytes, new threshold 1 (max 15)
- age   1:   17259832 bytes,   17259832 total
2016-01-06T01:00:53.853-0800: 289.974: [SoftReference, 0 refs, 0.0004420 secs]2016-01-06T01:00:53.854-0800: 289.975: [WeakReference, 0 refs, 0.0002270 secs]2016-01-06T01:00:53.854-0800: 289.975: [FinalReference, 0 refs, 0.0002000 secs]2016-01-06T01:00:53.854-0800: 289.975: [PhantomReference, 0 refs, 6245 refs, 0.0005100 secs]2016-01-06T01:00:53.855-0800: 289.976: [JNI Weak Reference, 0.0000130 secs], 0.1893960 secs]
   [Parallel Time: 5.8 ms, GC Workers: 4]
      [GC Worker Start (ms): Min: 289787.5, Avg: 289787.5, Max: 289787.6, Diff: 0.1]
      [Ext Root Scanning (ms): Min: 0.3, Avg: 0.4, Max: 0.4, Diff: 0.1, Sum: 1.4]
      [SATB Filtering (ms): Min: 0.0, Avg: 0.0, Max: 0.0, Diff: 0.0, Sum: 0.0]
      [Update RS (ms): Min: 2.7, Avg: 2.9, Max: 3.3, Diff: 0.6, Sum: 11.8]
         [Processed Buffers: Min: 4, Avg: 5.0, Max: 7, Diff: 3, Sum: 20]
      [Scan RS (ms): Min: 0.0, Avg: 0.1, Max: 0.2, Diff: 0.2, Sum: 0.3]
      [Code Root Scanning (ms): Min: 0.0, Avg: 0.0, Max: 0.0, Diff: 0.0, Sum: 0.0]
      [Object Copy (ms): Min: 2.0, Avg: 2.3, Max: 2.4, Diff: 0.4, Sum: 9.1]
      [Termination (ms): Min: 0.0, Avg: 0.0, Max: 0.0, Diff: 0.0, Sum: 0.0]
      [GC Worker Other (ms): Min: 0.0, Avg: 0.0, Max: 0.0, Diff: 0.0, Sum: 0.1]
      [GC Worker Total (ms): Min: 5.7, Avg: 5.7, Max: 5.7, Diff: 0.1, Sum: 22.8]
      [GC Worker End (ms): Min: 289793.2, Avg: 289793.2, Max: 289793.2, Diff: 0.0]
   [Code Root Fixup: 0.0 ms]
   [Code Root Migration: 0.0 ms]
   [Clear CT: 0.2 ms]
   [Other: 183.4 ms]
      [Choose CSet: 0.0 ms]
      [Ref Proc: 182.5 ms]
      [Ref Enq: 0.4 ms]
      [Free CSet: 0.4 ms]
   [Eden: 185.0M(185.0M)->0.0B(186.0M) Survivors: 19.0M->18.0M Heap: 2147.0M(4096.0M)->1961.1M(4096.0M)]
 [Times: user=0.73 sys=0.00, real=0.18 secs] 
2016-01-06T01:00:53.890-0800: 290.011: [GC pause (young)
Desired survivor size 13631488 bytes, new threshold 1 (max 15)
- age   1:   17259832 bytes,   17259832 total
2016-01-06T01:00:54.080-0800: 290.201: [SoftReference, 0 refs, 0.0004980 secs]2016-01-06T01:00:54.098-0800: 290.219: [WeakReference, 0 refs, 0.0003070 secs]2016-01-06T01:00:54.099-0800: 290.220: [FinalReference, 0 refs, 0.0002460 secs]2016-01-06T01:00:54.099-0800: 290.220: [PhantomReference, 0 refs, 6276 refs, 0.0007400 secs]2016-01-06T01:00:54.100-0800: 290.221: [JNI Weak Reference, 0.0000110 secs], 0.2108180 secs]
   [Parallel Time: 6.5 ms, GC Workers: 4]
      [GC Worker Start (ms): Min: 290010.9, Avg: 290011.6, Max: 290013.7, Diff: 2.8]
      [Ext Root Scanning (ms): Min: 0.0, Avg: 0.3, Max: 0.5, Diff: 0.5, Sum: 1.3]
      [SATB Filtering (ms): Min: 0.0, Avg: 0.0, Max: 0.0, Diff: 0.0, Sum: 0.0]
      [Update RS (ms): Min: 0.9, Avg: 2.9, Max: 3.7, Diff: 2.8, Sum: 11.7]
         [Processed Buffers: Min: 3, Avg: 5.8, Max: 7, Diff: 4, Sum: 23]
      [Scan RS (ms): Min: 0.0, Avg: 0.1, Max: 0.2, Diff: 0.2, Sum: 0.3]
      [Code Root Scanning (ms): Min: 0.0, Avg: 0.0, Max: 0.0, Diff: 0.0, Sum: 0.0]
      [Object Copy (ms): Min: 2.2, Avg: 2.3, Max: 2.4, Diff: 0.2, Sum: 9.1]
      [Termination (ms): Min: 0.0, Avg: 0.0, Max: 0.0, Diff: 0.0, Sum: 0.0]
      [GC Worker Other (ms): Min: 0.0, Avg: 0.0, Max: 0.1, Diff: 0.0, Sum: 0.1]
      [GC Worker Total (ms): Min: 3.5, Avg: 5.7, Max: 6.4, Diff: 2.9, Sum: 22.6]
      [GC Worker End (ms): Min: 290017.2, Avg: 290017.3, Max: 290017.3, Diff: 0.0]
   [Code Root Fixup: 0.0 ms]
   [Code Root Migration: 0.0 ms]
   [Clear CT: 0.1 ms]
   [Other: 204.2 ms]
      [Choose CSet: 0.0 ms]
      [Ref Proc: 203.3 ms]
      [Ref Enq: 0.5 ms]
      [Free CSet: 0.3 ms]
   [Eden: 186.0M(186.0M)->0.0B(185.0M) Survivors: 18.0M->19.0M Heap: 2147.1M(4096.0M)->1961.6M(4096.0M)]
 [Times: user=0.71 sys=0.00, real=0.21 secs] 
2016-01-06T01:00:54.129-0800: 290.250: [GC pause (young)
Desired survivor size 13631488 bytes, new threshold 1 (max 15)
- age   1:   17262064 bytes,   17262064 total
2016-01-06T01:00:54.328-0800: 290.449: [SoftReference, 0 refs, 0.0004210 secs]2016-01-06T01:00:54.328-0800: 290.449: [WeakReference, 0 refs, 0.0003750 secs]2016-01-06T01:00:54.329-0800: 290.449: [FinalReference, 0 refs, 0.0002180 secs]2016-01-06T01:00:54.329-0800: 290.450: [PhantomReference, 0 refs, 6245 refs, 0.0005530 secs]2016-01-06T01:00:54.329-0800: 290.450: [JNI Weak Reference, 0.0000130 secs], 0.2013260 secs]
   [Parallel Time: 5.4 ms, GC Workers: 4]
      [GC Worker Start (ms): Min: 290250.0, Avg: 290250.1, Max: 290250.1, Diff: 0.1]
      [Ext Root Scanning (ms): Min: 0.3, Avg: 0.4, Max: 0.4, Diff: 0.1, Sum: 1.4]
      [SATB Filtering (ms): Min: 0.0, Avg: 0.0, Max: 0.0, Diff: 0.0, Sum: 0.0]
      [Update RS (ms): Min: 2.2, Avg: 2.4, Max: 2.8, Diff: 0.6, Sum: 9.7]
         [Processed Buffers: Min: 4, Avg: 5.0, Max: 6, Diff: 2, Sum: 20]
      [Scan RS (ms): Min: 0.0, Avg: 0.1, Max: 0.2, Diff: 0.2, Sum: 0.3]
      [Code Root Scanning (ms): Min: 0.0, Avg: 0.0, Max: 0.0, Diff: 0.0, Sum: 0.0]
      [Object Copy (ms): Min: 2.0, Avg: 2.3, Max: 2.5, Diff: 0.4, Sum: 9.4]
      [Termination (ms): Min: 0.0, Avg: 0.0, Max: 0.0, Diff: 0.0, Sum: 0.0]
      [GC Worker Other (ms): Min: 0.0, Avg: 0.0, Max: 0.0, Diff: 0.0, Sum: 0.1]
      [GC Worker Total (ms): Min: 5.2, Avg: 5.3, Max: 5.3, Diff: 0.1, Sum: 21.0]
      [GC Worker End (ms): Min: 290255.3, Avg: 290255.3, Max: 290255.4, Diff: 0.0]
   [Code Root Fixup: 0.0 ms]
   [Code Root Migration: 0.0 ms]
   [Clear CT: 0.1 ms]
   [Other: 195.8 ms]
      [Choose CSet: 0.0 ms]
      [Ref Proc: 194.9 ms]
      [Ref Enq: 0.5 ms]
      [Free CSet: 0.4 ms]
   [Eden: 185.0M(185.0M)->0.0B(185.0M) Survivors: 19.0M->19.0M Heap: 2146.6M(4096.0M)->1961.7M(4096.0M)]
 [Times: user=0.75 sys=0.00, real=0.20 secs] 
2016-01-06T01:00:54.358-0800: 290.479: [GC pause (young)
Desired survivor size 13631488 bytes, new threshold 1 (max 15)
- age   1:   17259832 bytes,   17259832 total
2016-01-06T01:00:54.546-0800: 290.667: [SoftReference, 0 refs, 0.0005600 secs]2016-01-06T01:00:54.547-0800: 290.668: [WeakReference, 0 refs, 0.0002870 secs]2016-01-06T01:00:54.547-0800: 290.668: [FinalReference, 0 refs, 0.0002970 secs]2016-01-06T01:00:54.548-0800: 290.668: [PhantomReference, 0 refs, 6245 refs, 0.0005930 secs]2016-01-06T01:00:54.548-0800: 290.669: [JNI Weak Reference, 0.0000080 secs], 0.1908630 secs]
   [Parallel Time: 3.3 ms, GC Workers: 4]
      [GC Worker Start (ms): Min: 290479.4, Avg: 290479.4, Max: 290479.5, Diff: 0.1]
      [Ext Root Scanning (ms): Min: 0.3, Avg: 0.4, Max: 0.4, Diff: 0.1, Sum: 1.4]
      [SATB Filtering (ms): Min: 0.0, Avg: 0.0, Max: 0.0, Diff: 0.0, Sum: 0.0]
      [Update RS (ms): Min: 0.1, Avg: 0.4, Max: 0.6, Diff: 0.5, Sum: 1.6]
         [Processed Buffers: Min: 1, Avg: 2.2, Max: 4, Diff: 3, Sum: 9]
      [Scan RS (ms): Min: 0.0, Avg: 0.1, Max: 0.2, Diff: 0.2, Sum: 0.3]
      [Code Root Scanning (ms): Min: 0.0, Avg: 0.0, Max: 0.0, Diff: 0.0, Sum: 0.0]
      [Object Copy (ms): Min: 2.1, Avg: 2.3, Max: 2.5, Diff: 0.3, Sum: 9.3]
      [Termination (ms): Min: 0.0, Avg: 0.0, Max: 0.0, Diff: 0.0, Sum: 0.0]
      [GC Worker Other (ms): Min: 0.0, Avg: 0.0, Max: 0.0, Diff: 0.0, Sum: 0.1]
      [GC Worker Total (ms): Min: 3.2, Avg: 3.2, Max: 3.2, Diff: 0.1, Sum: 12.8]
      [GC Worker End (ms): Min: 290482.6, Avg: 290482.6, Max: 290482.6, Diff: 0.0]
   [Code Root Fixup: 0.0 ms]
   [Code Root Migration: 0.0 ms]
   [Clear CT: 0.1 ms]
   [Other: 187.4 ms]
      [Choose CSet: 0.0 ms]
      [Ref Proc: 186.4 ms]
      [Ref Enq: 0.6 ms]
      [Free CSet: 0.4 ms]
   [Eden: 185.0M(185.0M)->0.0B(185.0M) Survivors: 19.0M->19.0M Heap: 2146.7M(4096.0M)->1961.7M(4096.0M)]
 [Times: user=0.74 sys=0.00, real=0.19 secs] 
2016-01-06T01:00:54.578-0800: 290.699: [GC pause (young)
Desired survivor size 13631488 bytes, new threshold 1 (max 15)
- age   1:   17259832 bytes,   17259832 total
2016-01-06T01:00:54.761-0800: 290.882: [SoftReference, 0 refs, 0.0004390 secs]2016-01-06T01:00:54.761-0800: 290.882: [WeakReference, 0 refs, 0.0003550 secs]2016-01-06T01:00:54.761-0800: 290.882: [FinalReference, 0 refs, 0.0002360 secs]2016-01-06T01:00:54.762-0800: 290.883: [PhantomReference, 0 refs, 6244 refs, 0.0005900 secs]2016-01-06T01:00:54.762-0800: 290.883: [JNI Weak Reference, 0.0000090 secs], 0.1855440 secs]
   [Parallel Time: 3.1 ms, GC Workers: 4]
      [GC Worker Start (ms): Min: 290698.9, Avg: 290698.9, Max: 290699.0, Diff: 0.1]
      [Ext Root Scanning (ms): Min: 0.3, Avg: 0.4, Max: 0.4, Diff: 0.1, Sum: 1.4]
      [SATB Filtering (ms): Min: 0.0, Avg: 0.0, Max: 0.0, Diff: 0.0, Sum: 0.0]
      [Update RS (ms): Min: 0.0, Avg: 0.1, Max: 0.3, Diff: 0.3, Sum: 0.4]
         [Processed Buffers: Min: 0, Avg: 1.5, Max: 4, Diff: 4, Sum: 6]
      [Scan RS (ms): Min: 0.0, Avg: 0.1, Max: 0.1, Diff: 0.1, Sum: 0.3]
      [Code Root Scanning (ms): Min: 0.0, Avg: 0.0, Max: 0.0, Diff: 0.0, Sum: 0.0]
      [Object Copy (ms): Min: 2.3, Avg: 2.3, Max: 2.4, Diff: 0.2, Sum: 9.3]
      [Termination (ms): Min: 0.0, Avg: 0.1, Max: 0.2, Diff: 0.2, Sum: 0.4]
      [GC Worker Other (ms): Min: 0.0, Avg: 0.0, Max: 0.0, Diff: 0.0, Sum: 0.0]
      [GC Worker Total (ms): Min: 3.0, Avg: 3.0, Max: 3.0, Diff: 0.1, Sum: 12.0]
      [GC Worker End (ms): Min: 290701.9, Avg: 290701.9, Max: 290702.0, Diff: 0.1]
   [Code Root Fixup: 0.0 ms]
   [Code Root Migration: 0.0 ms]
   [Clear CT: 0.1 ms]
   [Other: 182.3 ms]
      [Choose CSet: 0.0 ms]
      [Ref Proc: 181.2 ms]
      [Ref Enq: 0.6 ms]
      [Free CSet: 0.4 ms]
   [Eden: 185.0M(185.0M)->0.0B(721.0M) Survivors: 19.0M->19.0M Heap: 2146.7M(4096.0M)->1961.7M(4096.0M)]
 [Times: user=0.71 sys=0.00, real=0.18 secs] 
2016-01-06T01:00:54.875-0800: 290.996: [GC pause (young)
Desired survivor size 48758784 bytes, new threshold 15 (max 15)
- age   1:   17259832 bytes,   17259832 total
2016-01-06T01:00:55.070-0800: 291.191: [SoftReference, 0 refs, 0.0005530 secs]2016-01-06T01:00:55.070-0800: 291.191: [WeakReference, 0 refs, 0.0002360 secs]2016-01-06T01:00:55.070-0800: 291.191: [FinalReference, 0 refs, 0.0002390 secs]2016-01-06T01:00:55.071-0800: 291.192: [PhantomReference, 0 refs, 22859 refs, 0.0010230 secs]2016-01-06T01:00:55.072-0800: 291.193: [JNI Weak Reference, 0.0000140 secs], 0.2006050 secs]
   [Parallel Time: 12.5 ms, GC Workers: 4]
      [GC Worker Start (ms): Min: 290995.7, Avg: 290995.7, Max: 290995.8, Diff: 0.1]
      [Ext Root Scanning (ms): Min: 0.3, Avg: 0.4, Max: 0.4, Diff: 0.1, Sum: 1.4]
      [SATB Filtering (ms): Min: 0.0, Avg: 0.0, Max: 0.0, Diff: 0.0, Sum: 0.0]
      [Update RS (ms): Min: 0.0, Avg: 0.1, Max: 0.3, Diff: 0.3, Sum: 0.4]
         [Processed Buffers: Min: 0, Avg: 1.8, Max: 5, Diff: 5, Sum: 7]
      [Scan RS (ms): Min: 0.2, Avg: 0.3, Max: 0.4, Diff: 0.2, Sum: 1.3]
      [Code Root Scanning (ms): Min: 0.0, Avg: 0.0, Max: 0.0, Diff: 0.0, Sum: 0.1]
      [Object Copy (ms): Min: 6.6, Avg: 7.8, Max: 11.4, Diff: 4.8, Sum: 31.1]
      [Termination (ms): Min: 0.0, Avg: 3.6, Max: 4.8, Diff: 4.8, Sum: 14.5]
      [GC Worker Other (ms): Min: 0.0, Avg: 0.0, Max: 0.0, Diff: 0.0, Sum: 0.1]
      [GC Worker Total (ms): Min: 12.2, Avg: 12.3, Max: 12.3, Diff: 0.1, Sum: 49.0]
      [GC Worker End (ms): Min: 291008.0, Avg: 291008.0, Max: 291008.0, Diff: 0.0]
   [Code Root Fixup: 0.0 ms]
   [Code Root Migration: 0.1 ms]
   [Clear CT: 0.2 ms]
   [Other: 187.7 ms]
      [Choose CSet: 0.0 ms]
      [Ref Proc: 184.4 ms]
      [Ref Enq: 2.2 ms]
      [Free CSet: 1.0 ms]
   [Eden: 721.0M(721.0M)->0.0B(626.0M) Survivors: 19.0M->20.0M Heap: 2682.7M(4096.0M)->1962.7M(4096.0M)]
 [Times: user=0.75 sys=0.00, real=0.20 secs] 
2016-01-06T01:00:55.168-0800: 291.289: [GC pause (young)
Desired survivor size 42467328 bytes, new threshold 15 (max 15)
- age   1:   18456184 bytes,   18456184 total
- age   2:      36864 bytes,   18493048 total
2016-01-06T01:00:55.366-0800: 291.486: [SoftReference, 0 refs, 0.0004930 secs]2016-01-06T01:00:55.366-0800: 291.487: [WeakReference, 0 refs, 0.0002140 secs]2016-01-06T01:00:55.366-0800: 291.487: [FinalReference, 0 refs, 0.0002460 secs]2016-01-06T01:00:55.367-0800: 291.487: [PhantomReference, 0 refs, 19916 refs, 0.0010140 secs]2016-01-06T01:00:55.368-0800: 291.488: [JNI Weak Reference, 0.0000090 secs], 0.2023620 secs]
   [Parallel Time: 9.4 ms, GC Workers: 4]
      [GC Worker Start (ms): Min: 291289.4, Avg: 291289.4, Max: 291289.4, Diff: 0.1]
      [Ext Root Scanning (ms): Min: 0.3, Avg: 0.4, Max: 0.4, Diff: 0.1, Sum: 1.4]
      [SATB Filtering (ms): Min: 0.0, Avg: 0.0, Max: 0.0, Diff: 0.0, Sum: 0.0]
      [Update RS (ms): Min: 4.2, Avg: 4.3, Max: 4.5, Diff: 0.2, Sum: 17.3]
         [Processed Buffers: Min: 6, Avg: 7.0, Max: 9, Diff: 3, Sum: 28]
      [Scan RS (ms): Min: 0.2, Avg: 0.3, Max: 0.4, Diff: 0.1, Sum: 1.1]
      [Code Root Scanning (ms): Min: 0.0, Avg: 0.0, Max: 0.0, Diff: 0.0, Sum: 0.1]
      [Object Copy (ms): Min: 4.2, Avg: 4.3, Max: 4.3, Diff: 0.0, Sum: 17.0]
      [Termination (ms): Min: 0.0, Avg: 0.0, Max: 0.0, Diff: 0.0, Sum: 0.0]
      [GC Worker Other (ms): Min: 0.0, Avg: 0.0, Max: 0.1, Diff: 0.1, Sum: 0.2]
      [GC Worker Total (ms): Min: 9.3, Avg: 9.3, Max: 9.3, Diff: 0.1, Sum: 37.2]
      [GC Worker End (ms): Min: 291298.7, Avg: 291298.7, Max: 291298.8, Diff: 0.1]
   [Code Root Fixup: 0.0 ms]
   [Code Root Migration: 0.1 ms]
   [Clear CT: 0.2 ms]
   [Other: 192.6 ms]
      [Choose CSet: 0.0 ms]
      [Ref Proc: 189.7 ms]
      [Ref Enq: 1.9 ms]
      [Free CSet: 0.9 ms]
   [Eden: 626.0M(626.0M)->0.0B(184.0M) Survivors: 20.0M->20.0M Heap: 2588.7M(4096.0M)->1962.7M(4096.0M)]
 [Times: user=0.75 sys=0.00, real=0.20 secs] 
2016-01-06T01:00:55.398-0800: 291.519: [GC pause (young)
Desired survivor size 13631488 bytes, new threshold 1 (max 15)
- age   1:   18244144 bytes,   18244144 total
- age   2:      36864 bytes,   18281008 total
2016-01-06T01:00:55.596-0800: 291.717: [SoftReference, 0 refs, 0.0004780 secs]2016-01-06T01:00:55.596-0800: 291.717: [WeakReference, 0 refs, 0.0002480 secs]2016-01-06T01:00:55.596-0800: 291.717: [FinalReference, 0 refs, 0.0003160 secs]2016-01-06T01:00:55.597-0800: 291.718: [PhantomReference, 0 refs, 6213 refs, 0.0006750 secs]2016-01-06T01:00:55.597-0800: 291.718: [JNI Weak Reference, 0.0000110 secs], 0.2004960 secs]
   [Parallel Time: 9.2 ms, GC Workers: 4]
      [GC Worker Start (ms): Min: 291519.0, Avg: 291519.1, Max: 291519.1, Diff: 0.1]
      [Ext Root Scanning (ms): Min: 0.3, Avg: 0.4, Max: 0.4, Diff: 0.1, Sum: 1.4]
      [SATB Filtering (ms): Min: 0.0, Avg: 0.0, Max: 0.0, Diff: 0.0, Sum: 0.0]
      [Update RS (ms): Min: 6.1, Avg: 6.3, Max: 6.4, Diff: 0.2, Sum: 25.2]
         [Processed Buffers: Min: 9, Avg: 10.2, Max: 12, Diff: 3, Sum: 41]
      [Scan RS (ms): Min: 0.0, Avg: 0.1, Max: 0.2, Diff: 0.2, Sum: 0.3]
      [Code Root Scanning (ms): Min: 0.0, Avg: 0.0, Max: 0.0, Diff: 0.0, Sum: 0.0]
      [Object Copy (ms): Min: 2.4, Avg: 2.4, Max: 2.4, Diff: 0.0, Sum: 9.5]
      [Termination (ms): Min: 0.0, Avg: 0.0, Max: 0.0, Diff: 0.0, Sum: 0.0]
      [GC Worker Other (ms): Min: 0.0, Avg: 0.0, Max: 0.0, Diff: 0.0, Sum: 0.1]
      [GC Worker Total (ms): Min: 9.1, Avg: 9.1, Max: 9.2, Diff: 0.1, Sum: 36.5]
      [GC Worker End (ms): Min: 291528.2, Avg: 291528.2, Max: 291528.2, Diff: 0.0]
   [Code Root Fixup: 0.0 ms]
   [Code Root Migration: 0.0 ms]
   [Clear CT: 0.2 ms]
   [Other: 191.1 ms]
      [Choose CSet: 0.0 ms]
      [Ref Proc: 190.1 ms]
      [Ref Enq: 0.5 ms]
      [Free CSet: 0.4 ms]
   [Eden: 184.0M(184.0M)->0.0B(185.0M) Survivors: 20.0M->19.0M Heap: 2146.7M(4096.0M)->1961.8M(4096.0M)]
 [Times: user=0.77 sys=0.01, real=0.20 secs] 
2016-01-06T01:00:55.625-0800: 291.746: [GC pause (young)
Desired survivor size 13631488 bytes, new threshold 1 (max 15)
- age   1:   17257600 bytes,   17257600 total
2016-01-06T01:00:55.819-0800: 291.940: [SoftReference, 0 refs, 0.0004660 secs]2016-01-06T01:00:55.819-0800: 291.940: [WeakReference, 0 refs, 0.0002140 secs]2016-01-06T01:00:55.819-0800: 291.940: [FinalReference, 0 refs, 0.0003110 secs]2016-01-06T01:00:55.820-0800: 291.941: [PhantomReference, 0 refs, 6244 refs, 0.0005520 secs]2016-01-06T01:00:55.820-0800: 291.941: [JNI Weak Reference, 0.0000080 secs], 0.1963270 secs]
   [Parallel Time: 4.5 ms, GC Workers: 4]
      [GC Worker Start (ms): Min: 291746.1, Avg: 291746.2, Max: 291746.2, Diff: 0.1]
      [Ext Root Scanning (ms): Min: 0.3, Avg: 0.4, Max: 0.4, Diff: 0.1, Sum: 1.4]
      [SATB Filtering (ms): Min: 0.0, Avg: 0.0, Max: 0.0, Diff: 0.0, Sum: 0.0]
      [Update RS (ms): Min: 1.4, Avg: 1.5, Max: 1.7, Diff: 0.3, Sum: 6.1]
         [Processed Buffers: Min: 3, Avg: 3.5, Max: 4, Diff: 1, Sum: 14]
      [Scan RS (ms): Min: 0.0, Avg: 0.1, Max: 0.2, Diff: 0.2, Sum: 0.3]
      [Code Root Scanning (ms): Min: 0.0, Avg: 0.0, Max: 0.0, Diff: 0.0, Sum: 0.0]
      [Object Copy (ms): Min: 2.3, Avg: 2.3, Max: 2.4, Diff: 0.1, Sum: 9.4]
      [Termination (ms): Min: 0.0, Avg: 0.0, Max: 0.0, Diff: 0.0, Sum: 0.0]
      [GC Worker Other (ms): Min: 0.0, Avg: 0.0, Max: 0.1, Diff: 0.1, Sum: 0.2]
      [GC Worker Total (ms): Min: 4.4, Avg: 4.4, Max: 4.4, Diff: 0.1, Sum: 17.5]
      [GC Worker End (ms): Min: 291750.5, Avg: 291750.6, Max: 291750.6, Diff: 0.1]
   [Code Root Fixup: 0.0 ms]
   [Code Root Migration: 0.0 ms]
   [Clear CT: 0.1 ms]
   [Other: 191.7 ms]
      [Choose CSet: 0.0 ms]
      [Ref Proc: 190.7 ms]
      [Ref Enq: 0.6 ms]
      [Free CSet: 0.4 ms]
   [Eden: 185.0M(185.0M)->0.0B(185.0M) Survivors: 19.0M->19.0M Heap: 2146.8M(4096.0M)->1961.8M(4096.0M)]
 [Times: user=0.76 sys=0.00, real=0.19 secs] 
2016-01-06T01:00:55.848-0800: 291.969: [GC pause (young)
Desired survivor size 13631488 bytes, new threshold 1 (max 15)
- age   1:   17259832 bytes,   17259832 total
2016-01-06T01:00:56.043-0800: 292.164: [SoftReference, 0 refs, 0.0005690 secs]2016-01-06T01:00:56.044-0800: 292.165: [WeakReference, 0 refs, 0.0002500 secs]2016-01-06T01:00:56.044-0800: 292.165: [FinalReference, 0 refs, 0.0002550 secs]2016-01-06T01:00:56.044-0800: 292.165: [PhantomReference, 0 refs, 6244 refs, 0.0009770 secs]2016-01-06T01:00:56.045-0800: 292.166: [JNI Weak Reference, 0.0000090 secs], 0.1984440 secs]
   [Parallel Time: 3.0 ms, GC Workers: 4]
      [GC Worker Start (ms): Min: 291969.0, Avg: 291969.1, Max: 291969.1, Diff: 0.1]
      [Ext Root Scanning (ms): Min: 0.3, Avg: 0.3, Max: 0.4, Diff: 0.1, Sum: 1.4]
      [SATB Filtering (ms): Min: 0.0, Avg: 0.0, Max: 0.0, Diff: 0.0, Sum: 0.0]
      [Update RS (ms): Min: 0.0, Avg: 0.1, Max: 0.3, Diff: 0.3, Sum: 0.4]
         [Processed Buffers: Min: 0, Avg: 1.5, Max: 4, Diff: 4, Sum: 6]
      [Scan RS (ms): Min: 0.0, Avg: 0.1, Max: 0.1, Diff: 0.1, Sum: 0.3]
      [Code Root Scanning (ms): Min: 0.0, Avg: 0.0, Max: 0.0, Diff: 0.0, Sum: 0.0]
      [Object Copy (ms): Min: 2.3, Avg: 2.3, Max: 2.3, Diff: 0.1, Sum: 9.3]
      [Termination (ms): Min: 0.0, Avg: 0.0, Max: 0.0, Diff: 0.0, Sum: 0.0]
      [GC Worker Other (ms): Min: 0.0, Avg: 0.0, Max: 0.1, Diff: 0.0, Sum: 0.2]
      [GC Worker Total (ms): Min: 2.9, Avg: 2.9, Max: 2.9, Diff: 0.1, Sum: 11.6]
      [GC Worker End (ms): Min: 291972.0, Avg: 291972.0, Max: 291972.0, Diff: 0.0]
   [Code Root Fixup: 0.0 ms]
   [Code Root Migration: 0.0 ms]
   [Clear CT: 0.2 ms]
   [Other: 195.2 ms]
      [Choose CSet: 0.0 ms]
      [Ref Proc: 194.2 ms]
      [Ref Enq: 0.5 ms]
      [Free CSet: 0.4 ms]
   [Eden: 185.0M(185.0M)->0.0B(185.0M) Survivors: 19.0M->19.0M Heap: 2146.8M(4096.0M)->1961.9M(4096.0M)]
 [Times: user=0.69 sys=0.00, real=0.20 secs] 
2016-01-06T01:00:56.073-0800: 292.194: [GC pause (young)
Desired survivor size 13631488 bytes, new threshold 1 (max 15)
- age   1:   17259832 bytes,   17259832 total
2016-01-06T01:00:56.267-0800: 292.388: [SoftReference, 0 refs, 0.0004090 secs]2016-01-06T01:00:56.268-0800: 292.389: [WeakReference, 0 refs, 0.0003300 secs]2016-01-06T01:00:56.268-0800: 292.389: [FinalReference, 0 refs, 0.0003170 secs]2016-01-06T01:00:56.268-0800: 292.389: [PhantomReference, 0 refs, 6245 refs, 0.0005810 secs]2016-01-06T01:00:56.269-0800: 292.390: [JNI Weak Reference, 0.0000150 secs], 0.1972700 secs]
   [Parallel Time: 6.1 ms, GC Workers: 4]
      [GC Worker Start (ms): Min: 292193.6, Avg: 292193.7, Max: 292193.9, Diff: 0.2]
      [Ext Root Scanning (ms): Min: 0.2, Avg: 0.3, Max: 0.4, Diff: 0.2, Sum: 1.4]
      [SATB Filtering (ms): Min: 0.0, Avg: 0.0, Max: 0.0, Diff: 0.0, Sum: 0.0]
      [Update RS (ms): Min: 2.9, Avg: 3.2, Max: 3.5, Diff: 0.6, Sum: 12.9]
         [Processed Buffers: Min: 5, Avg: 6.0, Max: 8, Diff: 3, Sum: 24]
      [Scan RS (ms): Min: 0.0, Avg: 0.1, Max: 0.2, Diff: 0.2, Sum: 0.3]
      [Code Root Scanning (ms): Min: 0.0, Avg: 0.0, Max: 0.0, Diff: 0.0, Sum: 0.0]
      [Object Copy (ms): Min: 2.0, Avg: 2.2, Max: 2.4, Diff: 0.4, Sum: 9.0]
      [Termination (ms): Min: 0.0, Avg: 0.0, Max: 0.0, Diff: 0.0, Sum: 0.0]
      [GC Worker Other (ms): Min: 0.0, Avg: 0.0, Max: 0.0, Diff: 0.0, Sum: 0.1]
      [GC Worker Total (ms): Min: 5.8, Avg: 5.9, Max: 6.0, Diff: 0.2, Sum: 23.7]
      [GC Worker End (ms): Min: 292199.7, Avg: 292199.7, Max: 292199.7, Diff: 0.0]
   [Code Root Fixup: 0.0 ms]
   [Code Root Migration: 0.0 ms]
   [Clear CT: 0.1 ms]
   [Other: 191.0 ms]
      [Choose CSet: 0.0 ms]
      [Ref Proc: 190.1 ms]
      [Ref Enq: 0.5 ms]
      [Free CSet: 0.4 ms]
   [Eden: 185.0M(185.0M)->0.0B(245.0M) Survivors: 19.0M->19.0M Heap: 2146.9M(4096.0M)->1961.9M(4096.0M)]
 [Times: user=0.76 sys=0.01, real=0.20 secs] 
2016-01-06T01:00:56.305-0800: 292.426: [GC pause (young)
Desired survivor size 17301504 bytes, new threshold 15 (max 15)
- age   1:   17259832 bytes,   17259832 total
2016-01-06T01:00:56.500-0800: 292.621: [SoftReference, 0 refs, 0.0005230 secs]2016-01-06T01:00:56.501-0800: 292.622: [WeakReference, 0 refs, 0.0002550 secs]2016-01-06T01:00:56.501-0800: 292.622: [FinalReference, 0 refs, 0.0003540 secs]2016-01-06T01:00:56.501-0800: 292.622: [PhantomReference, 0 refs, 8105 refs, 0.0007390 secs]2016-01-06T01:00:56.502-0800: 292.623: [JNI Weak Reference, 0.0000080 secs], 0.1981430 secs]
   [Parallel Time: 2.5 ms, GC Workers: 4]
      [GC Worker Start (ms): Min: 292426.3, Avg: 292426.3, Max: 292426.3, Diff: 0.1]
      [Ext Root Scanning (ms): Min: 0.3, Avg: 0.4, Max: 0.4, Diff: 0.1, Sum: 1.4]
      [SATB Filtering (ms): Min: 0.0, Avg: 0.0, Max: 0.0, Diff: 0.0, Sum: 0.0]
      [Update RS (ms): Min: 0.0, Avg: 0.1, Max: 0.3, Diff: 0.3, Sum: 0.4]
         [Processed Buffers: Min: 0, Avg: 1.5, Max: 4, Diff: 4, Sum: 6]
      [Scan RS (ms): Min: 0.0, Avg: 0.1, Max: 0.1, Diff: 0.1, Sum: 0.4]
      [Code Root Scanning (ms): Min: 0.0, Avg: 0.0, Max: 0.0, Diff: 0.0, Sum: 0.1]
      [Object Copy (ms): Min: 1.8, Avg: 1.8, Max: 1.9, Diff: 0.1, Sum: 7.3]
      [Termination (ms): Min: 0.0, Avg: 0.0, Max: 0.0, Diff: 0.0, Sum: 0.0]
      [GC Worker Other (ms): Min: 0.0, Avg: 0.0, Max: 0.0, Diff: 0.0, Sum: 0.1]
      [GC Worker Total (ms): Min: 2.4, Avg: 2.4, Max: 2.5, Diff: 0.1, Sum: 9.7]
      [GC Worker End (ms): Min: 292428.7, Avg: 292428.7, Max: 292428.7, Diff: 0.0]
   [Code Root Fixup: 0.0 ms]
   [Code Root Migration: 0.0 ms]
   [Clear CT: 0.1 ms]
   [Other: 195.5 ms]
      [Choose CSet: 0.0 ms]
      [Ref Proc: 194.4 ms]
      [Ref Enq: 0.6 ms]
      [Free CSet: 0.4 ms]
   [Eden: 245.0M(245.0M)->0.0B(303.0M) Survivors: 19.0M->13.0M Heap: 2206.9M(4096.0M)->1955.9M(4096.0M)]
 [Times: user=0.76 sys=0.00, real=0.19 secs] 
2016-01-06T01:00:56.546-0800: 292.667: [GC pause (young)
Desired survivor size 20971520 bytes, new threshold 15 (max 15)
- age   1:   11221336 bytes,   11221336 total
- age   2:      36864 bytes,   11258200 total
2016-01-06T01:00:56.731-0800: 292.852: [SoftReference, 0 refs, 0.0004170 secs]2016-01-06T01:00:56.732-0800: 292.853: [WeakReference, 0 refs, 0.0002960 secs]2016-01-06T01:00:56.732-0800: 292.853: [FinalReference, 0 refs, 0.0002480 secs]2016-01-06T01:00:56.732-0800: 292.853: [PhantomReference, 0 refs, 9902 refs, 0.0007190 secs]2016-01-06T01:00:56.733-0800: 292.854: [JNI Weak Reference, 0.0000090 secs], 0.1884000 secs]
   [Parallel Time: 3.4 ms, GC Workers: 4]
      [GC Worker Start (ms): Min: 292667.1, Avg: 292667.2, Max: 292667.2, Diff: 0.1]
      [Ext Root Scanning (ms): Min: 0.3, Avg: 0.4, Max: 0.4, Diff: 0.1, Sum: 1.4]
      [SATB Filtering (ms): Min: 0.0, Avg: 0.0, Max: 0.0, Diff: 0.0, Sum: 0.0]
      [Update RS (ms): Min: 0.0, Avg: 0.1, Max: 0.3, Diff: 0.3, Sum: 0.3]
         [Processed Buffers: Min: 0, Avg: 1.5, Max: 3, Diff: 3, Sum: 6]
      [Scan RS (ms): Min: 0.0, Avg: 0.1, Max: 0.2, Diff: 0.2, Sum: 0.5]
      [Code Root Scanning (ms): Min: 0.0, Avg: 0.0, Max: 0.0, Diff: 0.0, Sum: 0.1]
      [Object Copy (ms): Min: 2.7, Avg: 2.7, Max: 2.7, Diff: 0.0, Sum: 10.9]
      [Termination (ms): Min: 0.0, Avg: 0.0, Max: 0.0, Diff: 0.0, Sum: 0.0]
      [GC Worker Other (ms): Min: 0.0, Avg: 0.0, Max: 0.0, Diff: 0.0, Sum: 0.1]
      [GC Worker Total (ms): Min: 3.3, Avg: 3.3, Max: 3.4, Diff: 0.1, Sum: 13.3]
      [GC Worker End (ms): Min: 292670.5, Avg: 292670.5, Max: 292670.5, Diff: 0.0]
   [Code Root Fixup: 0.0 ms]
   [Code Root Migration: 0.1 ms]
   [Clear CT: 0.2 ms]
   [Other: 184.7 ms]
      [Choose CSet: 0.0 ms]
      [Ref Proc: 183.4 ms]
      [Ref Enq: 0.8 ms]
      [Free CSet: 0.5 ms]
   [Eden: 303.0M(303.0M)->0.0B(1238.0M) Survivors: 13.0M->19.0M Heap: 2258.9M(4096.0M)->1962.4M(4096.0M)]
 [Times: user=0.72 sys=0.00, real=0.18 secs] 
2016-01-06T01:00:56.911-0800: 293.032: [GC pause (young)
Desired survivor size 82837504 bytes, new threshold 15 (max 15)
- age   1:   17523208 bytes,   17523208 total
- age   2:      36864 bytes,   17560072 total
2016-01-06T01:00:57.113-0800: 293.234: [SoftReference, 0 refs, 0.0006590 secs]2016-01-06T01:00:57.114-0800: 293.235: [WeakReference, 0 refs, 0.0003360 secs]2016-01-06T01:00:57.114-0800: 293.235: [FinalReference, 0 refs, 0.0003440 secs]2016-01-06T01:00:57.115-0800: 293.236: [PhantomReference, 0 refs, 38887 refs, 0.0018840 secs]2016-01-06T01:00:57.117-0800: 293.238: [JNI Weak Reference, 0.0000090 secs], 0.2107860 secs]
   [Parallel Time: 9.2 ms, GC Workers: 4]
      [GC Worker Start (ms): Min: 293031.9, Avg: 293031.9, Max: 293031.9, Diff: 0.1]
      [Ext Root Scanning (ms): Min: 0.3, Avg: 0.4, Max: 0.4, Diff: 0.1, Sum: 1.4]
      [SATB Filtering (ms): Min: 0.0, Avg: 0.0, Max: 0.0, Diff: 0.0, Sum: 0.0]
      [Update RS (ms): Min: 0.0, Avg: 0.1, Max: 0.3, Diff: 0.3, Sum: 0.3]
         [Processed Buffers: Min: 0, Avg: 1.2, Max: 2, Diff: 2, Sum: 5]
      [Scan RS (ms): Min: 0.4, Avg: 0.5, Max: 0.6, Diff: 0.2, Sum: 2.2]
      [Code Root Scanning (ms): Min: 0.1, Avg: 0.1, Max: 0.1, Diff: 0.0, Sum: 0.3]
      [Object Copy (ms): Min: 8.0, Avg: 8.0, Max: 8.0, Diff: 0.0, Sum: 31.9]
      [Termination (ms): Min: 0.0, Avg: 0.0, Max: 0.0, Diff: 0.0, Sum: 0.0]
      [GC Worker Other (ms): Min: 0.0, Avg: 0.1, Max: 0.1, Diff: 0.0, Sum: 0.2]
      [GC Worker Total (ms): Min: 9.0, Avg: 9.1, Max: 9.1, Diff: 0.1, Sum: 36.2]
      [GC Worker End (ms): Min: 293040.9, Avg: 293041.0, Max: 293041.0, Diff: 0.0]
   [Code Root Fixup: 0.0 ms]
   [Code Root Migration: 0.2 ms]
   [Clear CT: 0.4 ms]
   [Other: 201.0 ms]
      [Choose CSet: 0.0 ms]
      [Ref Proc: 196.6 ms]
      [Ref Enq: 2.6 ms]
      [Free CSet: 1.8 ms]
   [Eden: 1238.0M(1238.0M)->0.0B(183.0M) Survivors: 19.0M->21.0M Heap: 3200.4M(4096.0M)->1963.9M(4096.0M)]
 [Times: user=0.79 sys=0.00, real=0.21 secs] 
2016-01-06T01:00:57.153-0800: 293.274: [GC pause (young)
Desired survivor size 13631488 bytes, new threshold 1 (max 15)
- age   1:   19610128 bytes,   19610128 total
- age   2:      36864 bytes,   19646992 total
2016-01-06T01:00:57.345-0800: 293.466: [SoftReference, 0 refs, 0.0005830 secs]2016-01-06T01:00:57.346-0800: 293.467: [WeakReference, 0 refs, 0.0003760 secs]2016-01-06T01:00:57.346-0800: 293.467: [FinalReference, 0 refs, 0.0003360 secs]2016-01-06T01:00:57.346-0800: 293.467: [PhantomReference, 0 refs, 6183 refs, 0.0008640 secs]2016-01-06T01:00:57.347-0800: 293.468: [JNI Weak Reference, 0.0000090 secs], 0.1951240 secs]
   [Parallel Time: 3.5 ms, GC Workers: 4]
      [GC Worker Start (ms): Min: 293274.1, Avg: 293274.9, Max: 293277.4, Diff: 3.3]
      [Ext Root Scanning (ms): Min: 0.0, Avg: 0.4, Max: 0.5, Diff: 0.5, Sum: 1.4]
      [SATB Filtering (ms): Min: 0.0, Avg: 0.0, Max: 0.0, Diff: 0.0, Sum: 0.0]
      [Update RS (ms): Min: 0.0, Avg: 0.1, Max: 0.3, Diff: 0.3, Sum: 0.3]
         [Processed Buffers: Min: 0, Avg: 1.2, Max: 4, Diff: 4, Sum: 5]
      [Scan RS (ms): Min: 0.0, Avg: 0.1, Max: 0.2, Diff: 0.2, Sum: 0.4]
      [Code Root Scanning (ms): Min: 0.0, Avg: 0.0, Max: 0.0, Diff: 0.0, Sum: 0.0]
      [Object Copy (ms): Min: 0.0, Avg: 1.9, Max: 2.5, Diff: 2.5, Sum: 7.4]
      [Termination (ms): Min: 0.0, Avg: 0.1, Max: 0.2, Diff: 0.2, Sum: 0.6]
      [GC Worker Other (ms): Min: 0.0, Avg: 0.0, Max: 0.0, Diff: 0.0, Sum: 0.1]
      [GC Worker Total (ms): Min: 0.1, Avg: 2.6, Max: 3.4, Diff: 3.3, Sum: 10.2]
      [GC Worker End (ms): Min: 293277.5, Avg: 293277.5, Max: 293277.5, Diff: 0.0]
   [Code Root Fixup: 0.0 ms]
   [Code Root Migration: 0.0 ms]
   [Clear CT: 0.2 ms]
   [Other: 191.4 ms]
      [Choose CSet: 0.0 ms]
      [Ref Proc: 190.6 ms]
      [Ref Enq: 0.4 ms]
      [Free CSet: 0.4 ms]
   [Eden: 183.0M(183.0M)->0.0B(186.0M) Survivors: 21.0M->18.0M Heap: 2146.9M(4096.0M)->1961.4M(4096.0M)]
 [Times: user=0.70 sys=0.02, real=0.20 secs] 
2016-01-06T01:00:57.375-0800: 293.496: [GC pause (young)
Desired survivor size 13631488 bytes, new threshold 1 (max 15)
- age   1:   17255368 bytes,   17255368 total
2016-01-06T01:00:57.568-0800: 293.689: [SoftReference, 0 refs, 0.0004810 secs]2016-01-06T01:00:57.569-0800: 293.689: [WeakReference, 0 refs, 0.0003570 secs]2016-01-06T01:00:57.569-0800: 293.690: [FinalReference, 0 refs, 0.0003580 secs]2016-01-06T01:00:57.569-0800: 293.690: [PhantomReference, 0 refs, 6275 refs, 0.0007140 secs]2016-01-06T01:00:57.570-0800: 293.691: [JNI Weak Reference, 0.0000090 secs], 0.1964320 secs]
   [Parallel Time: 3.0 ms, GC Workers: 4]
      [GC Worker Start (ms): Min: 293495.6, Avg: 293496.2, Max: 293497.9, Diff: 2.3]
      [Ext Root Scanning (ms): Min: 0.0, Avg: 0.3, Max: 0.5, Diff: 0.4, Sum: 1.3]
      [SATB Filtering (ms): Min: 0.0, Avg: 0.0, Max: 0.0, Diff: 0.0, Sum: 0.0]
      [Update RS (ms): Min: 0.0, Avg: 0.1, Max: 0.2, Diff: 0.2, Sum: 0.3]
         [Processed Buffers: Min: 0, Avg: 1.2, Max: 3, Diff: 3, Sum: 5]
      [Scan RS (ms): Min: 0.0, Avg: 0.1, Max: 0.1, Diff: 0.1, Sum: 0.3]
      [Code Root Scanning (ms): Min: 0.0, Avg: 0.0, Max: 0.0, Diff: 0.0, Sum: 0.0]
      [Object Copy (ms): Min: 0.5, Avg: 1.8, Max: 2.3, Diff: 1.7, Sum: 7.3]
      [Termination (ms): Min: 0.0, Avg: 0.0, Max: 0.0, Diff: 0.0, Sum: 0.0]
      [GC Worker Other (ms): Min: 0.0, Avg: 0.0, Max: 0.0, Diff: 0.0, Sum: 0.1]
      [GC Worker Total (ms): Min: 0.6, Avg: 2.3, Max: 2.9, Diff: 2.3, Sum: 9.4]
      [GC Worker End (ms): Min: 293498.6, Avg: 293498.6, Max: 293498.6, Diff: 0.0]
   [Code Root Fixup: 0.0 ms]
   [Code Root Migration: 0.0 ms]
   [Clear CT: 0.1 ms]
   [Other: 193.3 ms]
      [Choose CSet: 0.0 ms]
      [Ref Proc: 192.3 ms]
      [Ref Enq: 0.6 ms]
      [Free CSet: 0.4 ms]
   [Eden: 186.0M(186.0M)->0.0B(351.0M) Survivors: 18.0M->18.0M Heap: 2147.4M(4096.0M)->1961.5M(4096.0M)]
 [Times: user=0.74 sys=0.00, real=0.20 secs] 
2016-01-06T01:00:57.620-0800: 293.741: [GC pause (young)
Desired survivor size 24641536 bytes, new threshold 15 (max 15)
- age   1:   17262064 bytes,   17262064 total
2016-01-06T01:00:57.812-0800: 293.933: [SoftReference, 0 refs, 0.0006170 secs]2016-01-06T01:00:57.812-0800: 293.933: [WeakReference, 0 refs, 0.0002610 secs]2016-01-06T01:00:57.813-0800: 293.933: [FinalReference, 0 refs, 0.0002450 secs]2016-01-06T01:00:57.813-0800: 293.934: [PhantomReference, 0 refs, 11391 refs, 0.0007530 secs]2016-01-06T01:00:57.814-0800: 293.934: [JNI Weak Reference, 0.0000090 secs], 0.1952160 secs]
   [Parallel Time: 3.7 ms, GC Workers: 4]
      [GC Worker Start (ms): Min: 293741.2, Avg: 293741.4, Max: 293741.9, Diff: 0.7]
      [Ext Root Scanning (ms): Min: 0.0, Avg: 0.3, Max: 0.5, Diff: 0.5, Sum: 1.2]
      [SATB Filtering (ms): Min: 0.0, Avg: 0.0, Max: 0.0, Diff: 0.0, Sum: 0.0]
      [Update RS (ms): Min: 0.0, Avg: 0.1, Max: 0.3, Diff: 0.3, Sum: 0.4]
         [Processed Buffers: Min: 0, Avg: 1.5, Max: 5, Diff: 5, Sum: 6]
      [Scan RS (ms): Min: 0.1, Avg: 0.2, Max: 0.2, Diff: 0.2, Sum: 0.6]
      [Code Root Scanning (ms): Min: 0.0, Avg: 0.0, Max: 0.0, Diff: 0.0, Sum: 0.1]
      [Object Copy (ms): Min: 2.8, Avg: 2.8, Max: 2.8, Diff: 0.0, Sum: 11.2]
      [Termination (ms): Min: 0.0, Avg: 0.0, Max: 0.0, Diff: 0.0, Sum: 0.0]
      [GC Worker Other (ms): Min: 0.0, Avg: 0.0, Max: 0.0, Diff: 0.0, Sum: 0.1]
      [GC Worker Total (ms): Min: 2.9, Avg: 3.4, Max: 3.6, Diff: 0.7, Sum: 13.7]
      [GC Worker End (ms): Min: 293744.8, Avg: 293744.8, Max: 293744.8, Diff: 0.0]
   [Code Root Fixup: 0.0 ms]
   [Code Root Migration: 0.1 ms]
   [Clear CT: 0.2 ms]
   [Other: 191.3 ms]
      [Choose CSet: 0.0 ms]
      [Ref Proc: 189.6 ms]
      [Ref Enq: 1.0 ms]
      [Free CSet: 0.6 ms]
   [Eden: 351.0M(351.0M)->0.0B(740.0M) Survivors: 18.0M->20.0M Heap: 2312.5M(4096.0M)->1963.0M(4096.0M)]
 [Times: user=0.75 sys=0.00, real=0.19 secs] 
2016-01-06T01:00:57.920-0800: 294.041: [GC pause (young)
Desired survivor size 49807360 bytes, new threshold 15 (max 15)
- age   1:   17630344 bytes,   17630344 total
- age   2:      36864 bytes,   17667208 total
2016-01-06T01:00:58.112-0800: 294.233: [SoftReference, 0 refs, 0.0005920 secs]2016-01-06T01:00:58.112-0800: 294.233: [WeakReference, 0 refs, 0.0002390 secs]2016-01-06T01:00:58.112-0800: 294.233: [FinalReference, 0 refs, 0.0002770 secs]2016-01-06T01:00:58.113-0800: 294.234: [PhantomReference, 0 refs, 23449 refs, 0.0008890 secs]2016-01-06T01:00:58.114-0800: 294.235: [JNI Weak Reference, 0.0000100 secs], 0.1973070 secs]
   [Parallel Time: 6.0 ms, GC Workers: 4]
      [GC Worker Start (ms): Min: 294040.7, Avg: 294040.7, Max: 294040.7, Diff: 0.1]
      [Ext Root Scanning (ms): Min: 0.3, Avg: 0.4, Max: 0.4, Diff: 0.1, Sum: 1.4]
      [SATB Filtering (ms): Min: 0.0, Avg: 0.0, Max: 0.0, Diff: 0.0, Sum: 0.0]
      [Update RS (ms): Min: 0.0, Avg: 0.1, Max: 0.3, Diff: 0.3, Sum: 0.3]
         [Processed Buffers: Min: 0, Avg: 1.2, Max: 3, Diff: 3, Sum: 5]
      [Scan RS (ms): Min: 0.2, Avg: 0.4, Max: 0.4, Diff: 0.2, Sum: 1.4]
      [Code Root Scanning (ms): Min: 0.0, Avg: 0.0, Max: 0.1, Diff: 0.0, Sum: 0.2]
      [Object Copy (ms): Min: 4.9, Avg: 5.0, Max: 5.0, Diff: 0.0, Sum: 19.8]
      [Termination (ms): Min: 0.0, Avg: 0.0, Max: 0.0, Diff: 0.0, Sum: 0.0]
      [GC Worker Other (ms): Min: 0.0, Avg: 0.0, Max: 0.1, Diff: 0.1, Sum: 0.2]
      [GC Worker Total (ms): Min: 5.8, Avg: 5.8, Max: 5.9, Diff: 0.1, Sum: 23.3]
      [GC Worker End (ms): Min: 294046.5, Avg: 294046.5, Max: 294046.6, Diff: 0.1]
   [Code Root Fixup: 0.0 ms]
   [Code Root Migration: 0.1 ms]
   [Clear CT: 0.2 ms]
   [Other: 191.0 ms]
      [Choose CSet: 0.0 ms]
      [Ref Proc: 188.0 ms]
      [Ref Enq: 1.8 ms]
      [Free CSet: 1.2 ms]
   [Eden: 740.0M(740.0M)->0.0B(896.0M) Survivors: 20.0M->20.0M Heap: 2703.0M(4096.0M)->1963.5M(4096.0M)]
 [Times: user=0.67 sys=0.00, real=0.20 secs] 
2016-01-06T01:00:58.243-0800: 294.364: [GC pause (young)
Desired survivor size 60293120 bytes, new threshold 15 (max 15)
- age   1:   18498592 bytes,   18498592 total
- age   2:      36864 bytes,   18535456 total
2016-01-06T01:00:58.438-0800: 294.558: [SoftReference, 0 refs, 0.0005750 secs]2016-01-06T01:00:58.438-0800: 294.559: [WeakReference, 0 refs, 0.0002260 secs]2016-01-06T01:00:58.438-0800: 294.559: [FinalReference, 0 refs, 0.0002800 secs]2016-01-06T01:00:58.439-0800: 294.560: [PhantomReference, 0 refs, 28285 refs, 0.0011880 secs]2016-01-06T01:00:58.440-0800: 294.561: [JNI Weak Reference, 0.0000080 secs], 0.2008100 secs]
   [Parallel Time: 7.0 ms, GC Workers: 4]
      [GC Worker Start (ms): Min: 294364.3, Avg: 294364.4, Max: 294364.4, Diff: 0.1]
      [Ext Root Scanning (ms): Min: 0.3, Avg: 0.4, Max: 0.4, Diff: 0.1, Sum: 1.4]
      [SATB Filtering (ms): Min: 0.0, Avg: 0.0, Max: 0.0, Diff: 0.0, Sum: 0.0]
      [Update RS (ms): Min: 0.0, Avg: 0.1, Max: 0.3, Diff: 0.3, Sum: 0.3]
         [Processed Buffers: Min: 0, Avg: 1.5, Max: 4, Diff: 4, Sum: 6]
      [Scan RS (ms): Min: 0.3, Avg: 0.4, Max: 0.5, Diff: 0.2, Sum: 1.6]
      [Code Root Scanning (ms): Min: 0.0, Avg: 0.0, Max: 0.0, Diff: 0.0, Sum: 0.2]
      [Object Copy (ms): Min: 6.0, Avg: 6.0, Max: 6.0, Diff: 0.0, Sum: 23.9]
      [Termination (ms): Min: 0.0, Avg: 0.0, Max: 0.0, Diff: 0.0, Sum: 0.0]
      [GC Worker Other (ms): Min: 0.0, Avg: 0.1, Max: 0.1, Diff: 0.0, Sum: 0.2]
      [GC Worker Total (ms): Min: 6.9, Avg: 6.9, Max: 7.0, Diff: 0.1, Sum: 27.6]
      [GC Worker End (ms): Min: 294371.2, Avg: 294371.3, Max: 294371.3, Diff: 0.0]
   [Code Root Fixup: 0.0 ms]
   [Code Root Migration: 0.1 ms]
   [Clear CT: 0.3 ms]
   [Other: 193.3 ms]
      [Choose CSet: 0.0 ms]
      [Ref Proc: 189.4 ms]
      [Ref Enq: 2.7 ms]
      [Free CSet: 1.2 ms]
   [Eden: 896.0M(896.0M)->0.0B(703.0M) Survivors: 20.0M->20.0M Heap: 2859.5M(4096.0M)->1963.5M(4096.0M)]
 [Times: user=0.77 sys=0.00, real=0.20 secs] 
2016-01-06T01:00:58.551-0800: 294.672: [GC pause (young)
Desired survivor size 47710208 bytes, new threshold 15 (max 15)
- age   1:   18846784 bytes,   18846784 total
- age   2:      36864 bytes,   18883648 total
2016-01-06T01:00:58.743-0800: 294.864: [SoftReference, 0 refs, 0.0004820 secs]2016-01-06T01:00:58.743-0800: 294.864: [WeakReference, 0 refs, 0.0003040 secs]2016-01-06T01:00:58.744-0800: 294.864: [FinalReference, 0 refs, 0.0002340 secs]2016-01-06T01:00:58.744-0800: 294.865: [PhantomReference, 0 refs, 22303 refs, 0.0009780 secs]2016-01-06T01:00:58.745-0800: 294.866: [JNI Weak Reference, 0.0000090 secs], 0.1973080 secs]
   [Parallel Time: 6.1 ms, GC Workers: 4]
      [GC Worker Start (ms): Min: 294672.2, Avg: 294672.7, Max: 294674.0, Diff: 1.9]
      [Ext Root Scanning (ms): Min: 0.0, Avg: 0.3, Max: 0.5, Diff: 0.5, Sum: 1.3]
      [SATB Filtering (ms): Min: 0.0, Avg: 0.0, Max: 0.0, Diff: 0.0, Sum: 0.0]
      [Update RS (ms): Min: 0.0, Avg: 0.1, Max: 0.3, Diff: 0.3, Sum: 0.3]
         [Processed Buffers: Min: 0, Avg: 1.2, Max: 3, Diff: 3, Sum: 5]
      [Scan RS (ms): Min: 0.1, Avg: 0.3, Max: 0.5, Diff: 0.4, Sum: 1.2]
      [Code Root Scanning (ms): Min: 0.0, Avg: 0.0, Max: 0.1, Diff: 0.1, Sum: 0.1]
      [Object Copy (ms): Min: 4.0, Avg: 4.7, Max: 4.9, Diff: 0.9, Sum: 18.7]
      [Termination (ms): Min: 0.0, Avg: 0.0, Max: 0.0, Diff: 0.0, Sum: 0.0]
      [GC Worker Other (ms): Min: 0.0, Avg: 0.0, Max: 0.1, Diff: 0.0, Sum: 0.1]
      [GC Worker Total (ms): Min: 4.1, Avg: 5.5, Max: 6.0, Diff: 1.9, Sum: 21.9]
      [GC Worker End (ms): Min: 294678.1, Avg: 294678.2, Max: 294678.2, Diff: 0.0]
   [Code Root Fixup: 0.0 ms]
   [Code Root Migration: 0.1 ms]
   [Clear CT: 0.3 ms]
   [Other: 190.8 ms]
      [Choose CSet: 0.0 ms]
      [Ref Proc: 187.5 ms]
      [Ref Enq: 2.2 ms]
      [Free CSet: 1.0 ms]
   [Eden: 703.0M(703.0M)->0.0B(925.0M) Survivors: 20.0M->20.0M Heap: 2666.5M(4096.0M)->1963.5M(4096.0M)]
 [Times: user=0.75 sys=0.00, real=0.20 secs] 
2016-01-06T01:00:58.879-0800: 294.999: [GC pause (young)
Desired survivor size 62390272 bytes, new threshold 15 (max 15)
- age   1:   18416008 bytes,   18416008 total
- age   2:      36864 bytes,   18452872 total
2016-01-06T01:00:59.081-0800: 295.202: [SoftReference, 0 refs, 0.0006190 secs]2016-01-06T01:00:59.097-0800: 295.218: [WeakReference, 0 refs, 0.0003630 secs]2016-01-06T01:00:59.097-0800: 295.218: [FinalReference, 0 refs, 0.0004480 secs]2016-01-06T01:00:59.098-0800: 295.219: [PhantomReference, 0 refs, 29184 refs, 0.0015280 secs]2016-01-06T01:00:59.099-0800: 295.220: [JNI Weak Reference, 0.0000160 secs], 0.2244120 secs]
   [Parallel Time: 7.5 ms, GC Workers: 4]
      [GC Worker Start (ms): Min: 294999.5, Avg: 294999.6, Max: 294999.6, Diff: 0.1]
      [Ext Root Scanning (ms): Min: 0.3, Avg: 0.8, Max: 2.0, Diff: 1.7, Sum: 3.2]
      [SATB Filtering (ms): Min: 0.0, Avg: 0.0, Max: 0.0, Diff: 0.0, Sum: 0.0]
      [Update RS (ms): Min: 0.0, Avg: 0.1, Max: 0.3, Diff: 0.3, Sum: 0.3]
         [Processed Buffers: Min: 0, Avg: 1.2, Max: 3, Diff: 3, Sum: 5]
      [Scan RS (ms): Min: 0.1, Avg: 0.4, Max: 0.6, Diff: 0.5, Sum: 1.7]
      [Code Root Scanning (ms): Min: 0.0, Avg: 0.0, Max: 0.1, Diff: 0.1, Sum: 0.2]
      [Object Copy (ms): Min: 5.1, Avg: 5.9, Max: 6.2, Diff: 1.1, Sum: 23.6]
      [Termination (ms): Min: 0.0, Avg: 0.0, Max: 0.0, Diff: 0.0, Sum: 0.0]
      [GC Worker Other (ms): Min: 0.0, Avg: 0.0, Max: 0.1, Diff: 0.1, Sum: 0.2]
      [GC Worker Total (ms): Min: 7.3, Avg: 7.3, Max: 7.3, Diff: 0.1, Sum: 29.2]
      [GC Worker End (ms): Min: 295006.8, Avg: 295006.9, Max: 295006.9, Diff: 0.1]
   [Code Root Fixup: 0.0 ms]
   [Code Root Migration: 0.2 ms]
   [Clear CT: 0.4 ms]
   [Other: 216.4 ms]
      [Choose CSet: 0.0 ms]
      [Ref Proc: 213.3 ms]
      [Ref Enq: 1.2 ms]
      [Free CSet: 1.9 ms]
   [Eden: 925.0M(925.0M)->0.0B(184.0M) Survivors: 20.0M->20.0M Heap: 2888.5M(4096.0M)->1963.5M(4096.0M)]
 [Times: user=0.73 sys=0.01, real=0.22 secs] 
2016-01-06T01:00:59.130-0800: 295.251: [GC pause (young)
Desired survivor size 13631488 bytes, new threshold 1 (max 15)
- age   1:   18911512 bytes,   18911512 total
- age   2:      36864 bytes,   18948376 total
2016-01-06T01:00:59.361-0800: 295.482: [SoftReference, 0 refs, 0.0006050 secs]2016-01-06T01:00:59.361-0800: 295.482: [WeakReference, 0 refs, 0.0003470 secs]2016-01-06T01:00:59.362-0800: 295.483: [FinalReference, 0 refs, 0.0003390 secs]2016-01-06T01:00:59.362-0800: 295.483: [PhantomReference, 0 refs, 6212 refs, 0.0007900 secs]2016-01-06T01:00:59.363-0800: 295.484: [JNI Weak Reference, 0.0000130 secs], 0.2337060 secs]
   [Parallel Time: 3.0 ms, GC Workers: 4]
      [GC Worker Start (ms): Min: 295251.3, Avg: 295251.9, Max: 295253.9, Diff: 2.6]
      [Ext Root Scanning (ms): Min: 0.0, Avg: 0.3, Max: 0.5, Diff: 0.5, Sum: 1.3]
      [SATB Filtering (ms): Min: 0.0, Avg: 0.0, Max: 0.0, Diff: 0.0, Sum: 0.0]
      [Update RS (ms): Min: 0.0, Avg: 0.1, Max: 0.2, Diff: 0.2, Sum: 0.2]
         [Processed Buffers: Min: 0, Avg: 1.5, Max: 4, Diff: 4, Sum: 6]
      [Scan RS (ms): Min: 0.0, Avg: 0.1, Max: 0.2, Diff: 0.1, Sum: 0.3]
      [Code Root Scanning (ms): Min: 0.0, Avg: 0.0, Max: 0.0, Diff: 0.0, Sum: 0.0]
      [Object Copy (ms): Min: 0.1, Avg: 1.7, Max: 2.3, Diff: 2.2, Sum: 6.8]
      [Termination (ms): Min: 0.0, Avg: 0.1, Max: 0.1, Diff: 0.1, Sum: 0.4]
      [GC Worker Other (ms): Min: 0.0, Avg: 0.0, Max: 0.0, Diff: 0.0, Sum: 0.1]
      [GC Worker Total (ms): Min: 0.3, Avg: 2.3, Max: 2.9, Diff: 2.6, Sum: 9.0]
      [GC Worker End (ms): Min: 295254.2, Avg: 295254.2, Max: 295254.2, Diff: 0.0]
   [Code Root Fixup: 0.0 ms]
   [Code Root Migration: 0.0 ms]
   [Clear CT: 0.1 ms]
   [Other: 230.5 ms]
      [Choose CSet: 0.0 ms]
      [Ref Proc: 229.6 ms]
      [Ref Enq: 0.5 ms]
      [Free CSet: 0.4 ms]
   [Eden: 184.0M(184.0M)->0.0B(186.0M) Survivors: 20.0M->18.0M Heap: 2147.5M(4096.0M)->1961.5M(4096.0M)]
 [Times: user=0.85 sys=0.00, real=0.23 secs] 
2016-01-06T01:00:59.393-0800: 295.514: [GC pause (young)
Desired survivor size 13631488 bytes, new threshold 1 (max 15)
- age   1:   17257600 bytes,   17257600 total
2016-01-06T01:00:59.589-0800: 295.710: [SoftReference, 0 refs, 0.0004550 secs]2016-01-06T01:00:59.590-0800: 295.711: [WeakReference, 0 refs, 0.0002650 secs]2016-01-06T01:00:59.590-0800: 295.711: [FinalReference, 0 refs, 0.0002290 secs]2016-01-06T01:00:59.590-0800: 295.711: [PhantomReference, 0 refs, 6274 refs, 0.0007420 secs]2016-01-06T01:00:59.591-0800: 295.712: [JNI Weak Reference, 0.0000100 secs], 0.1990290 secs]
   [Parallel Time: 3.1 ms, GC Workers: 4]
      [GC Worker Start (ms): Min: 295514.2, Avg: 295514.9, Max: 295517.1, Diff: 3.0]
      [Ext Root Scanning (ms): Min: 0.0, Avg: 0.3, Max: 0.5, Diff: 0.5, Sum: 1.3]
      [SATB Filtering (ms): Min: 0.0, Avg: 0.0, Max: 0.0, Diff: 0.0, Sum: 0.0]
      [Update RS (ms): Min: 0.0, Avg: 0.1, Max: 0.2, Diff: 0.2, Sum: 0.3]
         [Processed Buffers: Min: 0, Avg: 1.5, Max: 3, Diff: 3, Sum: 6]
      [Scan RS (ms): Min: 0.0, Avg: 0.1, Max: 0.1, Diff: 0.1, Sum: 0.3]
      [Code Root Scanning (ms): Min: 0.0, Avg: 0.0, Max: 0.0, Diff: 0.0, Sum: 0.0]
      [Object Copy (ms): Min: 0.0, Avg: 1.6, Max: 2.2, Diff: 2.2, Sum: 6.5]
      [Termination (ms): Min: 0.0, Avg: 0.1, Max: 0.2, Diff: 0.2, Sum: 0.6]
      [GC Worker Other (ms): Min: 0.0, Avg: 0.0, Max: 0.0, Diff: 0.0, Sum: 0.0]
      [GC Worker Total (ms): Min: 0.1, Avg: 2.3, Max: 3.0, Diff: 3.0, Sum: 9.1]
      [GC Worker End (ms): Min: 295517.2, Avg: 295517.2, Max: 295517.2, Diff: 0.0]
   [Code Root Fixup: 0.0 ms]
   [Code Root Migration: 0.0 ms]
   [Clear CT: 0.1 ms]
   [Other: 195.8 ms]
      [Choose CSet: 0.0 ms]
      [Ref Proc: 194.8 ms]
      [Ref Enq: 0.6 ms]
      [Free CSet: 0.3 ms]
   [Eden: 186.0M(186.0M)->0.0B(186.0M) Survivors: 18.0M->18.0M Heap: 2147.5M(4096.0M)->1961.1M(4096.0M)]
 [Times: user=0.76 sys=0.01, real=0.20 secs] 
2016-01-06T01:00:59.621-0800: 295.741: [GC pause (young)
Desired survivor size 13631488 bytes, new threshold 1 (max 15)
- age   1:   17262064 bytes,   17262064 total
2016-01-06T01:00:59.809-0800: 295.930: [SoftReference, 0 refs, 0.0005160 secs]2016-01-06T01:00:59.810-0800: 295.931: [WeakReference, 0 refs, 0.0002720 secs]2016-01-06T01:00:59.810-0800: 295.931: [FinalReference, 0 refs, 0.0002670 secs]2016-01-06T01:00:59.811-0800: 295.931: [PhantomReference, 0 refs, 6276 refs, 0.0006110 secs]2016-01-06T01:00:59.811-0800: 295.932: [JNI Weak Reference, 0.0000130 secs], 0.1917820 secs]
   [Parallel Time: 3.4 ms, GC Workers: 4]
      [GC Worker Start (ms): Min: 295741.5, Avg: 295741.5, Max: 295741.5, Diff: 0.1]
      [Ext Root Scanning (ms): Min: 0.4, Avg: 1.1, Max: 3.3, Diff: 2.9, Sum: 4.5]
      [SATB Filtering (ms): Min: 0.0, Avg: 0.0, Max: 0.0, Diff: 0.0, Sum: 0.0]
      [Update RS (ms): Min: 0.0, Avg: 0.1, Max: 0.3, Diff: 0.3, Sum: 0.4]
         [Processed Buffers: Min: 0, Avg: 1.2, Max: 4, Diff: 4, Sum: 5]
      [Scan RS (ms): Min: 0.0, Avg: 0.1, Max: 0.1, Diff: 0.1, Sum: 0.3]
      [Code Root Scanning (ms): Min: 0.0, Avg: 0.0, Max: 0.0, Diff: 0.0, Sum: 0.0]
      [Object Copy (ms): Min: 0.0, Avg: 1.7, Max: 2.3, Diff: 2.3, Sum: 6.9]
      [Termination (ms): Min: 0.0, Avg: 0.3, Max: 0.4, Diff: 0.4, Sum: 1.0]
      [GC Worker Other (ms): Min: 0.0, Avg: 0.0, Max: 0.0, Diff: 0.0, Sum: 0.0]
      [GC Worker Total (ms): Min: 3.3, Avg: 3.3, Max: 3.3, Diff: 0.1, Sum: 13.2]
      [GC Worker End (ms): Min: 295744.8, Avg: 295744.8, Max: 295744.8, Diff: 0.0]
   [Code Root Fixup: 0.0 ms]
   [Code Root Migration: 0.0 ms]
   [Clear CT: 0.1 ms]
   [Other: 188.2 ms]
      [Choose CSet: 0.0 ms]
      [Ref Proc: 187.2 ms]
      [Ref Enq: 0.6 ms]
      [Free CSet: 0.4 ms]
   [Eden: 186.0M(186.0M)->0.0B(186.0M) Survivors: 18.0M->18.0M Heap: 2147.1M(4096.0M)->1961.6M(4096.0M)]
 [Times: user=0.74 sys=0.00, real=0.19 secs] 
2016-01-06T01:00:59.841-0800: 295.962: [GC pause (young)
Desired survivor size 13631488 bytes, new threshold 1 (max 15)
- age   1:   17262064 bytes,   17262064 total
2016-01-06T01:01:00.034-0800: 296.155: [SoftReference, 0 refs, 0.0005530 secs]2016-01-06T01:01:00.035-0800: 296.156: [WeakReference, 0 refs, 0.0002260 secs]2016-01-06T01:01:00.035-0800: 296.156: [FinalReference, 0 refs, 0.0002470 secs]2016-01-06T01:01:00.035-0800: 296.156: [PhantomReference, 0 refs, 6274 refs, 0.0006070 secs]2016-01-06T01:01:00.036-0800: 296.157: [JNI Weak Reference, 0.0000100 secs], 0.1961410 secs]
   [Parallel Time: 2.0 ms, GC Workers: 4]
      [GC Worker Start (ms): Min: 295962.0, Avg: 295962.0, Max: 295962.0, Diff: 0.1]
      [Ext Root Scanning (ms): Min: 0.3, Avg: 0.4, Max: 0.4, Diff: 0.1, Sum: 1.4]
      [SATB Filtering (ms): Min: 0.0, Avg: 0.0, Max: 0.0, Diff: 0.0, Sum: 0.0]
      [Update RS (ms): Min: 0.0, Avg: 0.1, Max: 0.3, Diff: 0.2, Sum: 0.4]
         [Processed Buffers: Min: 1, Avg: 1.2, Max: 2, Diff: 1, Sum: 5]
      [Scan RS (ms): Min: 0.0, Avg: 0.1, Max: 0.1, Diff: 0.1, Sum: 0.3]
      [Code Root Scanning (ms): Min: 0.0, Avg: 0.0, Max: 0.0, Diff: 0.0, Sum: 0.1]
      [Object Copy (ms): Min: 1.2, Avg: 1.3, Max: 1.3, Diff: 0.1, Sum: 5.0]
      [Termination (ms): Min: 0.0, Avg: 0.0, Max: 0.0, Diff: 0.0, Sum: 0.0]
      [GC Worker Other (ms): Min: 0.0, Avg: 0.0, Max: 0.1, Diff: 0.0, Sum: 0.1]
      [GC Worker Total (ms): Min: 1.8, Avg: 1.8, Max: 1.9, Diff: 0.1, Sum: 7.3]
      [GC Worker End (ms): Min: 295963.8, Avg: 295963.8, Max: 295963.9, Diff: 0.0]
   [Code Root Fixup: 0.0 ms]
   [Code Root Migration: 0.0 ms]
   [Clear CT: 0.1 ms]
   [Other: 194.0 ms]
      [Choose CSet: 0.0 ms]
      [Ref Proc: 192.9 ms]
      [Ref Enq: 0.6 ms]
      [Free CSet: 0.4 ms]
   [Eden: 186.0M(186.0M)->0.0B(201.0M) Survivors: 18.0M->3072.0K Heap: 2147.6M(4096.0M)->1946.7M(4096.0M)]
 [Times: user=0.71 sys=0.01, real=0.20 secs] 
2016-01-06T01:01:00.068-0800: 296.189: [GC pause (young)
Desired survivor size 13631488 bytes, new threshold 15 (max 15)
- age   1:    1798192 bytes,    1798192 total
2016-01-06T01:01:00.255-0800: 296.376: [SoftReference, 0 refs, 0.0005980 secs]2016-01-06T01:01:00.255-0800: 296.376: [WeakReference, 0 refs, 0.0002850 secs]2016-01-06T01:01:00.256-0800: 296.377: [FinalReference, 0 refs, 0.0002690 secs]2016-01-06T01:01:00.256-0800: 296.377: [PhantomReference, 0 refs, 6741 refs, 0.0005800 secs]2016-01-06T01:01:00.257-0800: 296.377: [JNI Weak Reference, 0.0000090 secs], 0.1900150 secs]
   [Parallel Time: 3.7 ms, GC Workers: 4]
      [GC Worker Start (ms): Min: 296188.7, Avg: 296189.0, Max: 296189.9, Diff: 1.2]
      [Ext Root Scanning (ms): Min: 0.0, Avg: 0.3, Max: 0.5, Diff: 0.4, Sum: 1.3]
      [SATB Filtering (ms): Min: 0.0, Avg: 0.0, Max: 0.0, Diff: 0.0, Sum: 0.0]
      [Update RS (ms): Min: 0.0, Avg: 0.1, Max: 0.2, Diff: 0.2, Sum: 0.3]
         [Processed Buffers: Min: 0, Avg: 1.5, Max: 2, Diff: 2, Sum: 6]
      [Scan RS (ms): Min: 0.0, Avg: 0.1, Max: 0.1, Diff: 0.1, Sum: 0.3]
      [Code Root Scanning (ms): Min: 0.0, Avg: 0.0, Max: 0.0, Diff: 0.0, Sum: 0.0]
      [Object Copy (ms): Min: 2.4, Avg: 2.7, Max: 2.9, Diff: 0.4, Sum: 11.0]
      [Termination (ms): Min: 0.0, Avg: 0.1, Max: 0.1, Diff: 0.1, Sum: 0.4]
      [GC Worker Other (ms): Min: 0.0, Avg: 0.0, Max: 0.0, Diff: 0.0, Sum: 0.0]
      [GC Worker Total (ms): Min: 2.4, Avg: 3.3, Max: 3.6, Diff: 1.2, Sum: 13.3]
      [GC Worker End (ms): Min: 296192.3, Avg: 296192.3, Max: 296192.3, Diff: 0.0]
   [Code Root Fixup: 0.0 ms]
   [Code Root Migration: 0.0 ms]
   [Clear CT: 0.1 ms]
   [Other: 186.2 ms]
      [Choose CSet: 0.0 ms]
      [Ref Proc: 185.1 ms]
      [Ref Enq: 0.6 ms]
      [Free CSet: 0.4 ms]
   [Eden: 201.0M(201.0M)->0.0B(186.0M) Survivors: 3072.0K->18.0M Heap: 2147.7M(4096.0M)->1961.7M(4096.0M)]
 [Times: user=0.68 sys=0.01, real=0.19 secs] 
2016-01-06T01:01:00.286-0800: 296.407: [GC pause (young)
Desired survivor size 13631488 bytes, new threshold 1 (max 15)
- age   1:   17295544 bytes,   17295544 total
- age   2:      36864 bytes,   17332408 total
2016-01-06T01:01:00.475-0800: 296.596: [SoftReference, 0 refs, 0.0005790 secs]2016-01-06T01:01:00.475-0800: 296.596: [WeakReference, 0 refs, 0.0002480 secs]2016-01-06T01:01:00.476-0800: 296.597: [FinalReference, 0 refs, 0.0003170 secs]2016-01-06T01:01:00.476-0800: 296.597: [PhantomReference, 0 refs, 6275 refs, 0.0006580 secs]2016-01-06T01:01:00.477-0800: 296.598: [JNI Weak Reference, 0.0000090 secs], 0.1911620 secs]
   [Parallel Time: 2.8 ms, GC Workers: 4]
      [GC Worker Start (ms): Min: 296407.5, Avg: 296407.5, Max: 296407.5, Diff: 0.1]
      [Ext Root Scanning (ms): Min: 0.3, Avg: 0.4, Max: 0.4, Diff: 0.1, Sum: 1.4]
      [SATB Filtering (ms): Min: 0.0, Avg: 0.0, Max: 0.0, Diff: 0.0, Sum: 0.0]
      [Update RS (ms): Min: 0.0, Avg: 0.1, Max: 0.3, Diff: 0.3, Sum: 0.3]
         [Processed Buffers: Min: 0, Avg: 1.5, Max: 3, Diff: 3, Sum: 6]
      [Scan RS (ms): Min: 0.0, Avg: 0.1, Max: 0.1, Diff: 0.1, Sum: 0.3]
      [Code Root Scanning (ms): Min: 0.0, Avg: 0.0, Max: 0.0, Diff: 0.0, Sum: 0.0]
      [Object Copy (ms): Min: 2.1, Avg: 2.2, Max: 2.2, Diff: 0.1, Sum: 8.9]
      [Termination (ms): Min: 0.0, Avg: 0.0, Max: 0.0, Diff: 0.0, Sum: 0.0]
      [GC Worker Other (ms): Min: 0.0, Avg: 0.0, Max: 0.0, Diff: 0.0, Sum: 0.1]
      [GC Worker Total (ms): Min: 2.7, Avg: 2.8, Max: 2.8, Diff: 0.1, Sum: 11.0]
      [GC Worker End (ms): Min: 296410.2, Avg: 296410.2, Max: 296410.2, Diff: 0.0]
   [Code Root Fixup: 0.0 ms]
   [Code Root Migration: 0.0 ms]
   [Clear CT: 0.1 ms]
   [Other: 188.1 ms]
      [Choose CSet: 0.0 ms]
      [Ref Proc: 187.2 ms]
      [Ref Enq: 0.5 ms]
      [Free CSet: 0.4 ms]
   [Eden: 186.0M(186.0M)->0.0B(185.0M) Survivors: 18.0M->19.0M Heap: 2147.7M(4096.0M)->1962.2M(4096.0M)]
 [Times: user=0.74 sys=0.01, real=0.19 secs] 
2016-01-06T01:01:00.506-0800: 296.627: [GC pause (young)
Desired survivor size 13631488 bytes, new threshold 1 (max 15)
- age   1:   17262064 bytes,   17262064 total
2016-01-06T01:01:00.695-0800: 296.816: [SoftReference, 0 refs, 0.0005230 secs]2016-01-06T01:01:00.695-0800: 296.816: [WeakReference, 0 refs, 0.0002260 secs]2016-01-06T01:01:00.696-0800: 296.816: [FinalReference, 0 refs, 0.0002400 secs]2016-01-06T01:01:00.696-0800: 296.817: [PhantomReference, 0 refs, 6243 refs, 0.0006470 secs]2016-01-06T01:01:00.696-0800: 296.817: [JNI Weak Reference, 0.0000160 secs], 0.1919790 secs]
   [Parallel Time: 3.0 ms, GC Workers: 4]
      [GC Worker Start (ms): Min: 296626.7, Avg: 296626.7, Max: 296626.7, Diff: 0.1]
      [Ext Root Scanning (ms): Min: 0.3, Avg: 0.4, Max: 0.4, Diff: 0.1, Sum: 1.4]
      [SATB Filtering (ms): Min: 0.0, Avg: 0.0, Max: 0.0, Diff: 0.0, Sum: 0.0]
      [Update RS (ms): Min: 0.0, Avg: 0.1, Max: 0.3, Diff: 0.3, Sum: 0.4]
         [Processed Buffers: Min: 1, Avg: 1.5, Max: 2, Diff: 1, Sum: 6]
      [Scan RS (ms): Min: 0.0, Avg: 0.1, Max: 0.1, Diff: 0.1, Sum: 0.3]
      [Code Root Scanning (ms): Min: 0.0, Avg: 0.0, Max: 0.0, Diff: 0.0, Sum: 0.1]
      [Object Copy (ms): Min: 2.2, Avg: 2.3, Max: 2.3, Diff: 0.1, Sum: 9.0]
      [Termination (ms): Min: 0.0, Avg: 0.0, Max: 0.0, Diff: 0.0, Sum: 0.0]
      [GC Worker Other (ms): Min: 0.0, Avg: 0.0, Max: 0.0, Diff: 0.0, Sum: 0.1]
      [GC Worker Total (ms): Min: 2.8, Avg: 2.9, Max: 2.9, Diff: 0.1, Sum: 11.4]
      [GC Worker End (ms): Min: 296629.5, Avg: 296629.5, Max: 296629.6, Diff: 0.0]
   [Code Root Fixup: 0.0 ms]
   [Code Root Migration: 0.0 ms]
   [Clear CT: 0.1 ms]
   [Other: 188.8 ms]
      [Choose CSet: 0.0 ms]
      [Ref Proc: 187.8 ms]
      [Ref Enq: 0.6 ms]
      [Free CSet: 0.4 ms]
   [Eden: 185.0M(185.0M)->0.0B(330.0M) Survivors: 19.0M->19.0M Heap: 2147.2M(4096.0M)->1962.2M(4096.0M)]
 [Times: user=0.75 sys=0.00, real=0.19 secs] 
2016-01-06T01:01:00.744-0800: 296.865: [GC pause (young)
Desired survivor size 23068672 bytes, new threshold 15 (max 15)
- age   1:   17259832 bytes,   17259832 total
2016-01-06T01:01:00.934-0800: 297.055: [SoftReference, 0 refs, 0.0005280 secs]2016-01-06T01:01:00.934-0800: 297.055: [WeakReference, 0 refs, 0.0002430 secs]2016-01-06T01:01:00.935-0800: 297.055: [FinalReference, 0 refs, 0.0003730 secs]2016-01-06T01:01:00.935-0800: 297.056: [PhantomReference, 0 refs, 10737 refs, 0.0007050 secs]2016-01-06T01:01:00.936-0800: 297.057: [JNI Weak Reference, 0.0000100 secs], 0.1936610 secs]
   [Parallel Time: 3.4 ms, GC Workers: 4]
      [GC Worker Start (ms): Min: 296864.8, Avg: 296864.8, Max: 296864.9, Diff: 0.1]
      [Ext Root Scanning (ms): Min: 0.3, Avg: 0.4, Max: 0.4, Diff: 0.1, Sum: 1.4]
      [SATB Filtering (ms): Min: 0.0, Avg: 0.0, Max: 0.0, Diff: 0.0, Sum: 0.0]
      [Update RS (ms): Min: 0.0, Avg: 0.1, Max: 0.3, Diff: 0.3, Sum: 0.4]
         [Processed Buffers: Min: 0, Avg: 1.8, Max: 3, Diff: 3, Sum: 7]
      [Scan RS (ms): Min: 0.0, Avg: 0.1, Max: 0.2, Diff: 0.2, Sum: 0.6]
      [Code Root Scanning (ms): Min: 0.0, Avg: 0.0, Max: 0.0, Diff: 0.0, Sum: 0.1]
      [Object Copy (ms): Min: 2.7, Avg: 2.7, Max: 2.7, Diff: 0.0, Sum: 10.7]
      [Termination (ms): Min: 0.0, Avg: 0.0, Max: 0.0, Diff: 0.0, Sum: 0.0]
      [GC Worker Other (ms): Min: 0.0, Avg: 0.0, Max: 0.0, Diff: 0.0, Sum: 0.1]
      [GC Worker Total (ms): Min: 3.3, Avg: 3.3, Max: 3.3, Diff: 0.0, Sum: 13.3]
      [GC Worker End (ms): Min: 296868.1, Avg: 296868.2, Max: 296868.2, Diff: 0.0]
   [Code Root Fixup: 0.0 ms]
   [Code Root Migration: 0.1 ms]
   [Clear CT: 0.1 ms]
   [Other: 190.0 ms]
      [Choose CSet: 0.0 ms]
      [Ref Proc: 188.3 ms]
      [Ref Enq: 1.0 ms]
      [Free CSet: 0.6 ms]
   [Eden: 330.0M(330.0M)->0.0B(773.0M) Survivors: 19.0M->19.0M Heap: 2292.2M(4096.0M)->1962.7M(4096.0M)]
 [Times: user=0.76 sys=0.00, real=0.20 secs] 
2016-01-06T01:01:01.048-0800: 297.169: [GC pause (young)
Desired survivor size 51904512 bytes, new threshold 15 (max 15)
- age   1:   17583472 bytes,   17583472 total
- age   2:      36864 bytes,   17620336 total
2016-01-06T01:01:01.248-0800: 297.369: [SoftReference, 0 refs, 0.0004060 secs]2016-01-06T01:01:01.248-0800: 297.369: [WeakReference, 0 refs, 0.0002810 secs]2016-01-06T01:01:01.249-0800: 297.369: [FinalReference, 0 refs, 0.0002960 secs]2016-01-06T01:01:01.249-0800: 297.370: [PhantomReference, 0 refs, 24473 refs, 0.0010170 secs]2016-01-06T01:01:01.250-0800: 297.371: [JNI Weak Reference, 0.0000100 secs], 0.2058410 secs]
   [Parallel Time: 8.3 ms, GC Workers: 4]
      [GC Worker Start (ms): Min: 297168.9, Avg: 297171.3, Max: 297177.0, Diff: 8.1]
      [Ext Root Scanning (ms): Min: 0.0, Avg: 0.3, Max: 0.6, Diff: 0.6, Sum: 1.1]
      [SATB Filtering (ms): Min: 0.0, Avg: 0.0, Max: 0.0, Diff: 0.0, Sum: 0.0]
      [Update RS (ms): Min: 0.0, Avg: 0.1, Max: 0.3, Diff: 0.3, Sum: 0.3]
         [Processed Buffers: Min: 0, Avg: 1.2, Max: 3, Diff: 3, Sum: 5]
      [Scan RS (ms): Min: 0.1, Avg: 0.3, Max: 0.6, Diff: 0.6, Sum: 1.3]
      [Code Root Scanning (ms): Min: 0.0, Avg: 0.0, Max: 0.1, Diff: 0.1, Sum: 0.2]
      [Object Copy (ms): Min: 0.0, Avg: 3.6, Max: 4.8, Diff: 4.8, Sum: 14.2]
      [Termination (ms): Min: 0.0, Avg: 1.6, Max: 2.1, Diff: 2.1, Sum: 6.3]
      [GC Worker Other (ms): Min: 0.0, Avg: 0.0, Max: 0.0, Diff: 0.0, Sum: 0.1]
      [GC Worker Total (ms): Min: 0.2, Avg: 5.9, Max: 8.3, Diff: 8.1, Sum: 23.5]
      [GC Worker End (ms): Min: 297177.1, Avg: 297177.2, Max: 297177.2, Diff: 0.0]
   [Code Root Fixup: 0.0 ms]
   [Code Root Migration: 0.1 ms]
   [Clear CT: 0.2 ms]
   [Other: 197.2 ms]
      [Choose CSet: 0.0 ms]
      [Ref Proc: 193.6 ms]
      [Ref Enq: 2.4 ms]
      [Free CSet: 1.1 ms]
   [Eden: 773.0M(773.0M)->0.0B(184.0M) Survivors: 19.0M->20.0M Heap: 2735.7M(4096.0M)->1963.2M(4096.0M)]
 [Times: user=0.73 sys=0.02, real=0.20 secs] 
2016-01-06T01:01:01.283-0800: 297.404: [GC pause (young)
Desired survivor size 13631488 bytes, new threshold 1 (max 15)
- age   1:   18572248 bytes,   18572248 total
- age   2:      36864 bytes,   18609112 total
2016-01-06T01:01:01.474-0800: 297.595: [SoftReference, 0 refs, 0.0004680 secs]2016-01-06T01:01:01.474-0800: 297.595: [WeakReference, 0 refs, 0.0003120 secs]2016-01-06T01:01:01.475-0800: 297.596: [FinalReference, 0 refs, 0.0002130 secs]2016-01-06T01:01:01.475-0800: 297.596: [PhantomReference, 0 refs, 6214 refs, 0.0006320 secs]2016-01-06T01:01:01.476-0800: 297.596: [JNI Weak Reference, 0.0000080 secs], 0.1939790 secs]
   [Parallel Time: 3.3 ms, GC Workers: 4]
      [GC Worker Start (ms): Min: 297403.6, Avg: 297404.2, Max: 297405.9, Diff: 2.3]
      [Ext Root Scanning (ms): Min: 0.0, Avg: 0.3, Max: 0.5, Diff: 0.5, Sum: 1.3]
      [SATB Filtering (ms): Min: 0.0, Avg: 0.0, Max: 0.0, Diff: 0.0, Sum: 0.0]
      [Update RS (ms): Min: 0.0, Avg: 0.1, Max: 0.2, Diff: 0.2, Sum: 0.2]
         [Processed Buffers: Min: 0, Avg: 1.0, Max: 2, Diff: 2, Sum: 4]
      [Scan RS (ms): Min: 0.0, Avg: 0.1, Max: 0.2, Diff: 0.1, Sum: 0.4]
      [Code Root Scanning (ms): Min: 0.0, Avg: 0.0, Max: 0.0, Diff: 0.0, Sum: 0.0]
      [Object Copy (ms): Min: 0.7, Avg: 2.0, Max: 2.5, Diff: 1.8, Sum: 8.1]
      [Termination (ms): Min: 0.0, Avg: 0.0, Max: 0.0, Diff: 0.0, Sum: 0.0]
      [GC Worker Other (ms): Min: 0.0, Avg: 0.0, Max: 0.0, Diff: 0.0, Sum: 0.1]
      [GC Worker Total (ms): Min: 0.8, Avg: 2.5, Max: 3.1, Diff: 2.3, Sum: 10.1]
      [GC Worker End (ms): Min: 297406.7, Avg: 297406.7, Max: 297406.8, Diff: 0.0]
   [Code Root Fixup: 0.0 ms]
   [Code Root Migration: 0.0 ms]
   [Clear CT: 0.1 ms]
   [Other: 190.6 ms]
      [Choose CSet: 0.0 ms]
      [Ref Proc: 189.6 ms]
      [Ref Enq: 0.5 ms]
      [Free CSet: 0.4 ms]
   [Eden: 184.0M(184.0M)->0.0B(525.0M) Survivors: 20.0M->19.0M Heap: 2147.2M(4096.0M)->1962.8M(4096.0M)]
 [Times: user=0.70 sys=0.00, real=0.19 secs] 
2016-01-06T01:01:01.552-0800: 297.673: [GC pause (young)
Desired survivor size 35651584 bytes, new threshold 15 (max 15)
- age   1:   17257600 bytes,   17257600 total
2016-01-06T01:01:01.742-0800: 297.863: [SoftReference, 0 refs, 0.0005200 secs]2016-01-06T01:01:01.743-0800: 297.864: [WeakReference, 0 refs, 0.0002480 secs]2016-01-06T01:01:01.743-0800: 297.864: [FinalReference, 0 refs, 0.0002260 secs]2016-01-06T01:01:01.743-0800: 297.864: [PhantomReference, 0 refs, 16783 refs, 0.0007670 secs]2016-01-06T01:01:01.744-0800: 297.865: [JNI Weak Reference, 0.0000090 secs], 0.1943480 secs]
   [Parallel Time: 4.5 ms, GC Workers: 4]
      [GC Worker Start (ms): Min: 297673.3, Avg: 297673.4, Max: 297673.4, Diff: 0.1]
      [Ext Root Scanning (ms): Min: 0.3, Avg: 0.4, Max: 0.4, Diff: 0.0, Sum: 1.4]
      [SATB Filtering (ms): Min: 0.0, Avg: 0.0, Max: 0.0, Diff: 0.0, Sum: 0.0]
      [Update RS (ms): Min: 0.0, Avg: 0.1, Max: 0.3, Diff: 0.3, Sum: 0.5]
         [Processed Buffers: Min: 0, Avg: 1.5, Max: 4, Diff: 4, Sum: 6]
      [Scan RS (ms): Min: 0.2, Avg: 0.2, Max: 0.3, Diff: 0.2, Sum: 1.0]
      [Code Root Scanning (ms): Min: 0.0, Avg: 0.0, Max: 0.1, Diff: 0.0, Sum: 0.1]
      [Object Copy (ms): Min: 3.6, Avg: 3.6, Max: 3.6, Diff: 0.0, Sum: 14.3]
      [Termination (ms): Min: 0.0, Avg: 0.0, Max: 0.0, Diff: 0.0, Sum: 0.0]
      [GC Worker Other (ms): Min: 0.0, Avg: 0.1, Max: 0.1, Diff: 0.1, Sum: 0.2]
      [GC Worker Total (ms): Min: 4.3, Avg: 4.4, Max: 4.4, Diff: 0.1, Sum: 17.5]
      [GC Worker End (ms): Min: 297677.7, Avg: 297677.8, Max: 297677.8, Diff: 0.1]
   [Code Root Fixup: 0.0 ms]
   [Code Root Migration: 0.1 ms]
   [Clear CT: 0.2 ms]
   [Other: 189.5 ms]
      [Choose CSet: 0.0 ms]
      [Ref Proc: 187.3 ms]
      [Ref Enq: 1.3 ms]
      [Free CSet: 0.8 ms]
   [Eden: 525.0M(525.0M)->0.0B(948.0M) Survivors: 19.0M->19.0M Heap: 2487.8M(4096.0M)->1962.8M(4096.0M)]
 [Times: user=0.73 sys=0.00, real=0.20 secs] 
2016-01-06T01:01:01.870-0800: 297.991: [GC concurrent-mark-end, 16.2302240 secs]
2016-01-06T01:01:01.870-0800: 297.991: [GC remark 2016-01-06T01:01:01.870-0800: 297.991: [GC ref-proc2016-01-06T01:01:01.870-0800: 297.991: [SoftReference, 0 refs, 0.0005220 secs]2016-01-06T01:01:01.871-0800: 297.992: [WeakReference, 0 refs, 0.0002380 secs]2016-01-06T01:01:01.871-0800: 297.992: [FinalReference, 4 refs, 0.0002390 secs]2016-01-06T01:01:01.871-0800: 297.992: [PhantomReference, 0 refs, 10438428 refs, 0.8190880 secs]2016-01-06T01:01:02.690-0800: 298.811: [JNI Weak Reference, 0.0000170 secs], 0.8203000 secs], 0.8287190 secs]
 [Times: user=2.07 sys=0.95, real=0.83 secs] 
2016-01-06T01:01:02.699-0800: 298.820: [GC cleanup 2831M->2830M(4096M), 0.0059580 secs]
 [Times: user=0.02 sys=0.00, real=0.01 secs] 
2016-01-06T01:01:02.705-0800: 298.826: [GC concurrent-cleanup-start]
2016-01-06T01:01:02.705-0800: 298.826: [GC concurrent-cleanup-end, 0.0000190 secs]
2016-01-06T01:01:02.718-0800: 298.838: [GC pause (young)
Desired survivor size 63438848 bytes, new threshold 15 (max 15)
- age   1:   18018712 bytes,   18018712 total
- age   2:      36864 bytes,   18055576 total
2016-01-06T01:01:02.725-0800: 298.845: [SoftReference, 0 refs, 0.0005490 secs]2016-01-06T01:01:02.725-0800: 298.846: [WeakReference, 0 refs, 0.0002670 secs]2016-01-06T01:01:02.725-0800: 298.846: [FinalReference, 0 refs, 0.0002460 secs]2016-01-06T01:01:02.726-0800: 298.847: [PhantomReference, 0 refs, 29898 refs, 0.0009650 secs]2016-01-06T01:01:02.727-0800: 298.847: [JNI Weak Reference, 0.0000110 secs], 0.0111790 secs]
   [Parallel Time: 6.8 ms, GC Workers: 4]
      [GC Worker Start (ms): Min: 298838.5, Avg: 298838.5, Max: 298838.6, Diff: 0.1]
      [Ext Root Scanning (ms): Min: 0.3, Avg: 0.4, Max: 0.4, Diff: 0.1, Sum: 1.4]
      [Update RS (ms): Min: 0.0, Avg: 0.1, Max: 0.3, Diff: 0.3, Sum: 0.3]
         [Processed Buffers: Min: 0, Avg: 1.2, Max: 3, Diff: 3, Sum: 5]
      [Scan RS (ms): Min: 0.3, Avg: 0.4, Max: 0.5, Diff: 0.2, Sum: 1.7]
      [Code Root Scanning (ms): Min: 0.0, Avg: 0.1, Max: 0.1, Diff: 0.0, Sum: 0.2]
      [Object Copy (ms): Min: 5.7, Avg: 5.7, Max: 5.7, Diff: 0.0, Sum: 22.7]
      [Termination (ms): Min: 0.0, Avg: 0.0, Max: 0.0, Diff: 0.0, Sum: 0.0]
      [GC Worker Other (ms): Min: 0.0, Avg: 0.0, Max: 0.1, Diff: 0.0, Sum: 0.2]
      [GC Worker Total (ms): Min: 6.6, Avg: 6.6, Max: 6.7, Diff: 0.1, Sum: 26.6]
      [GC Worker End (ms): Min: 298845.1, Avg: 298845.2, Max: 298845.2, Diff: 0.0]
   [Code Root Fixup: 0.0 ms]
   [Code Root Migration: 0.2 ms]
   [Clear CT: 0.3 ms]
   [Other: 4.0 ms]
      [Choose CSet: 0.0 ms]
      [Ref Proc: 2.3 ms]
      [Ref Enq: 0.4 ms]
      [Free CSet: 1.3 ms]
   [Eden: 948.0M(948.0M)->0.0B(1695.0M) Survivors: 19.0M->20.0M Heap: 2909.8M(4096.0M)->1962.8M(4096.0M)]
 [Times: user=0.04 sys=0.00, real=0.01 secs] 
2016-01-06T01:01:02.966-0800: 299.086: [GC pause (young)
Desired survivor size 112721920 bytes, new threshold 15 (max 15)
- age   1:   18962848 bytes,   18962848 total
- age   2:      36864 bytes,   18999712 total
2016-01-06T01:01:02.978-0800: 299.099: [SoftReference, 0 refs, 0.0005940 secs]2016-01-06T01:01:02.979-0800: 299.099: [WeakReference, 0 refs, 0.0003550 secs]2016-01-06T01:01:02.979-0800: 299.100: [FinalReference, 0 refs, 0.0002790 secs]2016-01-06T01:01:02.979-0800: 299.100: [PhantomReference, 0 refs, 53055 refs, 0.0015680 secs]2016-01-06T01:01:02.981-0800: 299.102: [JNI Weak Reference, 0.0000100 secs], 0.0186630 secs]
   [Parallel Time: 12.2 ms, GC Workers: 4]
      [GC Worker Start (ms): Min: 299086.5, Avg: 299086.5, Max: 299086.6, Diff: 0.1]
      [Ext Root Scanning (ms): Min: 0.3, Avg: 0.3, Max: 0.4, Diff: 0.2, Sum: 1.4]
      [Update RS (ms): Min: 0.0, Avg: 0.1, Max: 0.3, Diff: 0.3, Sum: 0.3]
         [Processed Buffers: Min: 0, Avg: 1.2, Max: 4, Diff: 4, Sum: 5]
      [Scan RS (ms): Min: 0.7, Avg: 0.8, Max: 0.8, Diff: 0.1, Sum: 3.1]
      [Code Root Scanning (ms): Min: 0.1, Avg: 0.1, Max: 0.1, Diff: 0.0, Sum: 0.4]
      [Object Copy (ms): Min: 10.2, Avg: 10.4, Max: 10.7, Diff: 0.5, Sum: 41.4]
      [Termination (ms): Min: 0.0, Avg: 0.4, Max: 0.6, Diff: 0.6, Sum: 1.7]
      [GC Worker Other (ms): Min: 0.0, Avg: 0.0, Max: 0.1, Diff: 0.0, Sum: 0.2]
      [GC Worker Total (ms): Min: 12.0, Avg: 12.1, Max: 12.2, Diff: 0.1, Sum: 48.4]
      [GC Worker End (ms): Min: 299098.6, Avg: 299098.6, Max: 299098.7, Diff: 0.1]
   [Code Root Fixup: 0.0 ms]
   [Code Root Migration: 0.3 ms]
   [Clear CT: 0.4 ms]
   [Other: 5.8 ms]
      [Choose CSet: 0.0 ms]
      [Ref Proc: 3.0 ms]
      [Ref Enq: 0.6 ms]
      [Free CSet: 2.1 ms]
   [Eden: 1695.0M(1695.0M)->0.0B(1694.0M) Survivors: 20.0M->22.0M Heap: 3657.8M(4096.0M)->1964.8M(4096.0M)]
 [Times: user=0.05 sys=0.00, real=0.01 secs] 
2016-01-06T01:01:03.221-0800: 299.342: [GC pause (young) (initial-mark)
Desired survivor size 112721920 bytes, new threshold 15 (max 15)
- age   1:   20630152 bytes,   20630152 total
- age   2:      36864 bytes,   20667016 total
2016-01-06T01:01:03.249-0800: 299.370: [SoftReference, 0 refs, 0.0005690 secs]2016-01-06T01:01:03.250-0800: 299.371: [WeakReference, 0 refs, 0.0003220 secs]2016-01-06T01:01:03.250-0800: 299.371: [FinalReference, 0 refs, 0.0004350 secs]2016-01-06T01:01:03.251-0800: 299.371: [PhantomReference, 0 refs, 53022 refs, 0.0024420 secs]2016-01-06T01:01:03.253-0800: 299.374: [JNI Weak Reference, 0.0000150 secs], 0.0377320 secs]
   [Parallel Time: 27.8 ms, GC Workers: 4]
      [GC Worker Start (ms): Min: 299342.2, Avg: 299342.2, Max: 299342.3, Diff: 0.1]
      [Ext Root Scanning (ms): Min: 0.3, Avg: 0.3, Max: 0.4, Diff: 0.1, Sum: 1.4]
      [Code Root Marking (ms): Min: 0.2, Avg: 0.2, Max: 0.3, Diff: 0.1, Sum: 1.0]
      [Update RS (ms): Min: 0.0, Avg: 0.1, Max: 0.3, Diff: 0.3, Sum: 0.3]
         [Processed Buffers: Min: 0, Avg: 1.2, Max: 4, Diff: 4, Sum: 5]
      [Scan RS (ms): Min: 0.6, Avg: 0.7, Max: 0.7, Diff: 0.2, Sum: 2.8]
      [Code Root Scanning (ms): Min: 0.1, Avg: 0.1, Max: 0.1, Diff: 0.0, Sum: 0.3]
      [Object Copy (ms): Min: 10.7, Avg: 13.6, Max: 22.2, Diff: 11.5, Sum: 54.3]
      [Termination (ms): Min: 0.0, Avg: 8.6, Max: 11.5, Diff: 11.5, Sum: 34.5]
      [GC Worker Other (ms): Min: 0.0, Avg: 0.0, Max: 0.0, Diff: 0.0, Sum: 0.1]
      [GC Worker Total (ms): Min: 23.6, Avg: 23.7, Max: 23.7, Diff: 0.1, Sum: 94.6]
      [GC Worker End (ms): Min: 299365.9, Avg: 299365.9, Max: 299365.9, Diff: 0.0]
   [Code Root Fixup: 0.0 ms]
   [Code Root Migration: 0.3 ms]
   [Clear CT: 0.6 ms]
   [Other: 9.1 ms]
      [Choose CSet: 0.0 ms]
      [Ref Proc: 4.0 ms]
      [Ref Enq: 1.0 ms]
      [Free CSet: 3.3 ms]
   [Eden: 1694.0M(1694.0M)->0.0B(1695.0M) Survivors: 22.0M->22.0M Heap: 3658.8M(4096.0M)->1964.8M(4096.0M)]
 [Times: user=0.10 sys=0.00, real=0.04 secs] 
2016-01-06T01:01:03.259-0800: 299.380: [GC concurrent-root-region-scan-start]
2016-01-06T01:01:03.265-0800: 299.386: [GC concurrent-root-region-scan-end, 0.0063380 secs]
2016-01-06T01:01:03.265-0800: 299.386: [GC concurrent-mark-start]
2016-01-06T01:01:03.855-0800: 299.975: [GC pause (young)
Desired survivor size 112721920 bytes, new threshold 15 (max 15)
- age   1:   20627920 bytes,   20627920 total
- age   2:      36864 bytes,   20664784 total
2016-01-06T01:01:03.887-0800: 300.008: [SoftReference, 0 refs, 0.0023670 secs]2016-01-06T01:01:03.889-0800: 300.010: [WeakReference, 0 refs, 0.0002510 secs]2016-01-06T01:01:03.889-0800: 300.010: [FinalReference, 0 refs, 0.0002790 secs]2016-01-06T01:01:03.890-0800: 300.011: [PhantomReference, 0 refs, 53051 refs, 0.0016250 secs]2016-01-06T01:01:03.891-0800: 300.012: [JNI Weak Reference, 0.0000120 secs], 0.0435110 secs]
   [Parallel Time: 27.0 ms, GC Workers: 4]
      [GC Worker Start (ms): Min: 299975.5, Avg: 299976.1, Max: 299977.9, Diff: 2.3]
      [Ext Root Scanning (ms): Min: 0.0, Avg: 0.3, Max: 0.5, Diff: 0.4, Sum: 1.2]
      [SATB Filtering (ms): Min: 0.0, Avg: 0.0, Max: 0.0, Diff: 0.0, Sum: 0.0]
      [Update RS (ms): Min: 13.9, Avg: 15.1, Max: 15.6, Diff: 1.7, Sum: 60.5]
         [Processed Buffers: Min: 18, Avg: 22.2, Max: 24, Diff: 6, Sum: 89]
      [Scan RS (ms): Min: 0.6, Avg: 0.7, Max: 0.8, Diff: 0.2, Sum: 2.8]
      [Code Root Scanning (ms): Min: 0.1, Avg: 0.1, Max: 0.1, Diff: 0.0, Sum: 0.4]
      [Object Copy (ms): Min: 9.9, Avg: 10.0, Max: 10.0, Diff: 0.1, Sum: 39.9]
      [Termination (ms): Min: 0.0, Avg: 0.0, Max: 0.0, Diff: 0.0, Sum: 0.0]
      [GC Worker Other (ms): Min: 0.0, Avg: 0.1, Max: 0.1, Diff: 0.1, Sum: 0.3]
      [GC Worker Total (ms): Min: 24.5, Avg: 26.3, Max: 26.9, Diff: 2.4, Sum: 105.1]
      [GC Worker End (ms): Min: 300002.4, Avg: 300002.4, Max: 300002.5, Diff: 0.1]
   [Code Root Fixup: 0.0 ms]
   [Code Root Migration: 0.3 ms]
   [Clear CT: 0.4 ms]
   [Other: 15.9 ms]
      [Choose CSet: 0.0 ms]
      [Ref Proc: 9.8 ms]
      [Ref Enq: 3.9 ms]
      [Free CSet: 2.1 ms]
   [Eden: 1695.0M(1695.0M)->0.0B(1696.0M) Survivors: 22.0M->22.0M Heap: 3659.8M(4096.0M)->1964.8M(4096.0M)]
 [Times: user=0.14 sys=0.00, real=0.05 secs] 
2016-01-06T01:01:04.143-0800: 300.264: [GC pause (young)
Desired survivor size 112721920 bytes, new threshold 15 (max 15)
- age   1:   20630152 bytes,   20630152 total
- age   2:      36864 bytes,   20667016 total
2016-01-06T01:01:04.200-0800: 300.321: [SoftReference, 0 refs, 0.0006190 secs]2016-01-06T01:01:04.205-0800: 300.326: [WeakReference, 0 refs, 0.0003870 secs]2016-01-06T01:01:04.206-0800: 300.327: [FinalReference, 0 refs, 0.0004400 secs]2016-01-06T01:01:04.206-0800: 300.327: [PhantomReference, 0 refs, 53086 refs, 0.0020430 secs]2016-01-06T01:01:04.208-0800: 300.329: [JNI Weak Reference, 0.0000100 secs], 0.0719240 secs]
   [Parallel Time: 35.2 ms, GC Workers: 4]
      [GC Worker Start (ms): Min: 300264.2, Avg: 300264.2, Max: 300264.3, Diff: 0.1]
      [Ext Root Scanning (ms): Min: 0.3, Avg: 0.4, Max: 0.4, Diff: 0.1, Sum: 1.4]
      [SATB Filtering (ms): Min: 0.0, Avg: 0.0, Max: 0.0, Diff: 0.0, Sum: 0.0]
      [Update RS (ms): Min: 23.0, Avg: 23.1, Max: 23.2, Diff: 0.2, Sum: 92.5]
         [Processed Buffers: Min: 33, Avg: 34.0, Max: 36, Diff: 3, Sum: 136]
      [Scan RS (ms): Min: 0.7, Avg: 0.8, Max: 0.9, Diff: 0.2, Sum: 3.2]
      [Code Root Scanning (ms): Min: 0.1, Avg: 0.1, Max: 0.1, Diff: 0.1, Sum: 0.4]
      [Object Copy (ms): Min: 10.7, Avg: 10.7, Max: 10.7, Diff: 0.0, Sum: 42.8]
      [Termination (ms): Min: 0.0, Avg: 0.0, Max: 0.0, Diff: 0.0, Sum: 0.0]
      [GC Worker Other (ms): Min: 0.0, Avg: 0.1, Max: 0.1, Diff: 0.1, Sum: 0.2]
      [GC Worker Total (ms): Min: 35.1, Avg: 35.1, Max: 35.2, Diff: 0.1, Sum: 140.5]
      [GC Worker End (ms): Min: 300299.3, Avg: 300299.4, Max: 300299.4, Diff: 0.1]
   [Code Root Fixup: 0.0 ms]
   [Code Root Migration: 0.3 ms]
   [Clear CT: 0.5 ms]
   [Other: 35.9 ms]
      [Choose CSet: 0.0 ms]
      [Ref Proc: 29.7 ms]
      [Ref Enq: 3.8 ms]
      [Free CSet: 2.3 ms]
   [Eden: 1696.0M(1696.0M)->0.0B(1696.0M) Survivors: 22.0M->22.0M Heap: 3660.8M(4096.0M)->1964.8M(4096.0M)]
 [Times: user=0.24 sys=0.00, real=0.07 secs] 
2016-01-06T01:01:04.461-0800: 300.582: [GC pause (young)
Desired survivor size 112721920 bytes, new threshold 15 (max 15)
- age   1:   20632384 bytes,   20632384 total
- age   2:      36864 bytes,   20669248 total
2016-01-06T01:01:04.528-0800: 300.649: [SoftReference, 0 refs, 0.0004500 secs]2016-01-06T01:01:04.529-0800: 300.650: [WeakReference, 0 refs, 0.0002700 secs]2016-01-06T01:01:04.529-0800: 300.650: [FinalReference, 0 refs, 0.0003610 secs]2016-01-06T01:01:04.530-0800: 300.650: [PhantomReference, 0 refs, 53086 refs, 0.0017300 secs]2016-01-06T01:01:04.531-0800: 300.652: [JNI Weak Reference, 0.0000090 secs], 0.0781400 secs]
   [Parallel Time: 30.8 ms, GC Workers: 4]
      [GC Worker Start (ms): Min: 300582.2, Avg: 300583.4, Max: 300585.5, Diff: 3.3]
      [Ext Root Scanning (ms): Min: 0.0, Avg: 0.3, Max: 0.6, Diff: 0.6, Sum: 1.1]
      [SATB Filtering (ms): Min: 0.0, Avg: 0.0, Max: 0.0, Diff: 0.0, Sum: 0.0]
      [Update RS (ms): Min: 15.6, Avg: 17.3, Max: 18.3, Diff: 2.7, Sum: 69.1]
         [Processed Buffers: Min: 25, Avg: 25.0, Max: 25, Diff: 0, Sum: 100]
      [Scan RS (ms): Min: 0.7, Avg: 0.8, Max: 0.9, Diff: 0.2, Sum: 3.2]
      [Code Root Scanning (ms): Min: 0.1, Avg: 0.1, Max: 0.1, Diff: 0.0, Sum: 0.4]
      [Object Copy (ms): Min: 10.9, Avg: 11.0, Max: 11.0, Diff: 0.1, Sum: 43.9]
      [Termination (ms): Min: 0.0, Avg: 0.0, Max: 0.0, Diff: 0.0, Sum: 0.0]
      [GC Worker Other (ms): Min: 0.0, Avg: 0.0, Max: 0.1, Diff: 0.0, Sum: 0.2]
      [GC Worker Total (ms): Min: 27.4, Avg: 29.5, Max: 30.7, Diff: 3.3, Sum: 117.8]
      [GC Worker End (ms): Min: 300612.9, Avg: 300612.9, Max: 300612.9, Diff: 0.0]
   [Code Root Fixup: 0.0 ms]
   [Code Root Migration: 0.3 ms]
   [Clear CT: 0.4 ms]
   [Other: 46.7 ms]
      [Choose CSet: 0.0 ms]
      [Ref Proc: 39.2 ms]
      [Ref Enq: 5.3 ms]
      [Free CSet: 2.2 ms]
   [Eden: 1696.0M(1696.0M)->0.0B(1697.0M) Survivors: 22.0M->22.0M Heap: 3660.8M(4096.0M)->1964.8M(4096.0M)]
 [Times: user=0.29 sys=0.00, real=0.08 secs] 
2016-01-06T01:01:04.782-0800: 300.903: [GC pause (young)
Desired survivor size 112721920 bytes, new threshold 15 (max 15)
- age   1:   20632384 bytes,   20632384 total
- age   2:      36864 bytes,   20669248 total
2016-01-06T01:01:04.868-0800: 300.989: [SoftReference, 0 refs, 0.0005760 secs]2016-01-06T01:01:04.869-0800: 300.989: [WeakReference, 0 refs, 0.0003280 secs]2016-01-06T01:01:04.869-0800: 300.990: [FinalReference, 0 refs, 0.0002310 secs]2016-01-06T01:01:04.869-0800: 300.990: [PhantomReference, 0 refs, 53117 refs, 0.0017410 secs]2016-01-06T01:01:04.871-0800: 300.992: [JNI Weak Reference, 0.0000090 secs], 0.0969040 secs]
   [Parallel Time: 34.8 ms, GC Workers: 4]
      [GC Worker Start (ms): Min: 300903.0, Avg: 300903.1, Max: 300903.1, Diff: 0.1]
      [Ext Root Scanning (ms): Min: 0.3, Avg: 0.4, Max: 0.4, Diff: 0.1, Sum: 1.4]
      [SATB Filtering (ms): Min: 0.0, Avg: 0.0, Max: 0.0, Diff: 0.0, Sum: 0.0]
      [Update RS (ms): Min: 22.4, Avg: 22.7, Max: 23.0, Diff: 0.6, Sum: 91.0]
         [Processed Buffers: Min: 32, Avg: 32.0, Max: 32, Diff: 0, Sum: 128]
      [Scan RS (ms): Min: 0.5, Avg: 0.8, Max: 1.1, Diff: 0.5, Sum: 3.2]
      [Code Root Scanning (ms): Min: 0.0, Avg: 0.1, Max: 0.1, Diff: 0.1, Sum: 0.3]
      [Object Copy (ms): Min: 10.6, Avg: 10.6, Max: 10.7, Diff: 0.1, Sum: 42.5]
      [Termination (ms): Min: 0.0, Avg: 0.0, Max: 0.0, Diff: 0.0, Sum: 0.0]
      [GC Worker Other (ms): Min: 0.0, Avg: 0.1, Max: 0.1, Diff: 0.1, Sum: 0.3]
      [GC Worker Total (ms): Min: 34.7, Avg: 34.7, Max: 34.7, Diff: 0.1, Sum: 138.8]
      [GC Worker End (ms): Min: 300937.7, Avg: 300937.8, Max: 300937.8, Diff: 0.1]
   [Code Root Fixup: 0.0 ms]
   [Code Root Migration: 0.3 ms]
   [Clear CT: 0.4 ms]
   [Other: 61.5 ms]
      [Choose CSet: 0.0 ms]
      [Ref Proc: 54.0 ms]
      [Ref Enq: 5.3 ms]
      [Free CSet: 2.1 ms]
   [Eden: 1697.0M(1697.0M)->0.0B(1697.0M) Survivors: 22.0M->22.0M Heap: 3661.8M(4096.0M)->1964.8M(4096.0M)]
 [Times: user=0.36 sys=0.00, real=0.10 secs] 
2016-01-06T01:01:05.134-0800: 301.255: [GC pause (young)
Desired survivor size 112721920 bytes, new threshold 15 (max 15)
- age   1:   20634616 bytes,   20634616 total
- age   2:      36864 bytes,   20671480 total
2016-01-06T01:01:05.234-0800: 301.355: [SoftReference, 0 refs, 0.0003970 secs]2016-01-06T01:01:05.234-0800: 301.355: [WeakReference, 0 refs, 0.0002840 secs]2016-01-06T01:01:05.235-0800: 301.356: [FinalReference, 0 refs, 0.0002380 secs]2016-01-06T01:01:05.235-0800: 301.356: [PhantomReference, 0 refs, 53118 refs, 0.0013470 secs]2016-01-06T01:01:05.236-0800: 301.357: [JNI Weak Reference, 0.0000080 secs], 0.1086750 secs]
   [Parallel Time: 34.9 ms, GC Workers: 4]
      [GC Worker Start (ms): Min: 301255.4, Avg: 301255.7, Max: 301256.5, Diff: 1.1]
      [Ext Root Scanning (ms): Min: 0.0, Avg: 0.3, Max: 0.5, Diff: 0.5, Sum: 1.2]
      [SATB Filtering (ms): Min: 0.0, Avg: 0.0, Max: 0.0, Diff: 0.0, Sum: 0.0]
      [Update RS (ms): Min: 21.6, Avg: 23.6, Max: 28.2, Diff: 6.6, Sum: 94.2]
         [Processed Buffers: Min: 8, Avg: 25.2, Max: 32, Diff: 24, Sum: 101]
      [Scan RS (ms): Min: 0.2, Avg: 0.8, Max: 1.1, Diff: 0.9, Sum: 3.1]
      [Code Root Scanning (ms): Min: 0.0, Avg: 0.1, Max: 0.1, Diff: 0.1, Sum: 0.3]
      [Object Copy (ms): Min: 6.1, Avg: 9.8, Max: 11.1, Diff: 5.0, Sum: 39.2]
      [Termination (ms): Min: 0.0, Avg: 0.0, Max: 0.0, Diff: 0.0, Sum: 0.0]
      [GC Worker Other (ms): Min: 0.0, Avg: 0.1, Max: 0.1, Diff: 0.0, Sum: 0.2]
      [GC Worker Total (ms): Min: 33.8, Avg: 34.6, Max: 34.9, Diff: 1.1, Sum: 138.3]
      [GC Worker End (ms): Min: 301290.2, Avg: 301290.2, Max: 301290.3, Diff: 0.0]
   [Code Root Fixup: 0.0 ms]
   [Code Root Migration: 0.3 ms]
   [Clear CT: 0.4 ms]
   [Other: 73.0 ms]
      [Choose CSet: 0.0 ms]
      [Ref Proc: 67.0 ms]
      [Ref Enq: 3.9 ms]
      [Free CSet: 2.1 ms]
   [Eden: 1697.0M(1697.0M)->0.0B(1706.0M) Survivors: 22.0M->14.0M Heap: 3661.8M(4096.0M)->1956.3M(4096.0M)]
 [Times: user=0.39 sys=0.00, real=0.11 secs] 
2016-01-06T01:01:05.515-0800: 301.636: [GC pause (young)
Desired survivor size 112721920 bytes, new threshold 15 (max 15)
- age   1:   12459448 bytes,   12459448 total
- age   2:      36864 bytes,   12496312 total
2016-01-06T01:01:05.626-0800: 301.747: [SoftReference, 0 refs, 0.0004620 secs]2016-01-06T01:01:05.626-0800: 301.747: [WeakReference, 0 refs, 0.0003710 secs]2016-01-06T01:01:05.626-0800: 301.747: [FinalReference, 0 refs, 0.0002820 secs]2016-01-06T01:01:05.627-0800: 301.748: [PhantomReference, 0 refs, 53396 refs, 0.0014960 secs]2016-01-06T01:01:05.628-0800: 301.749: [JNI Weak Reference, 0.0000090 secs], 0.1210090 secs]
   [Parallel Time: 35.4 ms, GC Workers: 4]
      [GC Worker Start (ms): Min: 301636.5, Avg: 301638.8, Max: 301645.9, Diff: 9.4]
      [Ext Root Scanning (ms): Min: 0.0, Avg: 0.4, Max: 0.5, Diff: 0.5, Sum: 1.4]
      [SATB Filtering (ms): Min: 0.0, Avg: 0.0, Max: 0.0, Diff: 0.0, Sum: 0.0]
      [Update RS (ms): Min: 16.5, Avg: 21.6, Max: 23.3, Diff: 6.8, Sum: 86.3]
         [Processed Buffers: Min: 14, Avg: 24.2, Max: 33, Diff: 19, Sum: 97]
      [Scan RS (ms): Min: 0.2, Avg: 0.7, Max: 0.9, Diff: 0.8, Sum: 2.8]
      [Code Root Scanning (ms): Min: 0.0, Avg: 0.1, Max: 0.1, Diff: 0.1, Sum: 0.3]
      [Object Copy (ms): Min: 9.1, Avg: 10.2, Max: 10.6, Diff: 1.4, Sum: 40.7]
      [Termination (ms): Min: 0.0, Avg: 0.0, Max: 0.0, Diff: 0.0, Sum: 0.0]
      [GC Worker Other (ms): Min: 0.0, Avg: 0.1, Max: 0.1, Diff: 0.1, Sum: 0.3]
      [GC Worker Total (ms): Min: 25.9, Avg: 33.0, Max: 35.3, Diff: 9.4, Sum: 131.8]
      [GC Worker End (ms): Min: 301671.8, Avg: 301671.8, Max: 301671.8, Diff: 0.1]
   [Code Root Fixup: 0.0 ms]
   [Code Root Migration: 0.3 ms]
   [Clear CT: 0.5 ms]
   [Other: 84.9 ms]
      [Choose CSet: 0.0 ms]
      [Ref Proc: 77.3 ms]
      [Ref Enq: 5.3 ms]
      [Free CSet: 2.1 ms]
   [Eden: 1706.0M(1706.0M)->0.0B(1698.0M) Survivors: 14.0M->22.0M Heap: 3662.3M(4096.0M)->1964.8M(4096.0M)]
 [Times: user=0.44 sys=0.00, real=0.12 secs] 
2016-01-06T01:01:05.878-0800: 301.999: [GC pause (young)
Desired survivor size 112721920 bytes, new threshold 15 (max 15)
- age   1:   20654704 bytes,   20654704 total
- age   2:      36864 bytes,   20691568 total
2016-01-06T01:01:05.993-0800: 302.114: [SoftReference, 0 refs, 0.0004930 secs]2016-01-06T01:01:05.993-0800: 302.114: [WeakReference, 0 refs, 0.0002290 secs]2016-01-06T01:01:05.994-0800: 302.114: [FinalReference, 0 refs, 0.0002570 secs]2016-01-06T01:01:05.994-0800: 302.115: [PhantomReference, 0 refs, 53149 refs, 0.0015780 secs]2016-01-06T01:01:05.995-0800: 302.116: [JNI Weak Reference, 0.0000090 secs], 0.1252770 secs]
   [Parallel Time: 29.4 ms, GC Workers: 4]
      [GC Worker Start (ms): Min: 301999.1, Avg: 301999.1, Max: 301999.2, Diff: 0.1]
      [Ext Root Scanning (ms): Min: 0.4, Avg: 0.7, Max: 1.7, Diff: 1.3, Sum: 2.8]
      [SATB Filtering (ms): Min: 0.0, Avg: 0.0, Max: 0.0, Diff: 0.0, Sum: 0.0]
      [Update RS (ms): Min: 16.0, Avg: 17.0, Max: 17.5, Diff: 1.5, Sum: 68.0]
         [Processed Buffers: Min: 22, Avg: 23.2, Max: 24, Diff: 2, Sum: 93]
      [Scan RS (ms): Min: 0.6, Avg: 0.8, Max: 0.9, Diff: 0.3, Sum: 3.1]
      [Code Root Scanning (ms): Min: 0.1, Avg: 0.1, Max: 0.1, Diff: 0.0, Sum: 0.3]
      [Object Copy (ms): Min: 10.6, Avg: 10.6, Max: 10.6, Diff: 0.1, Sum: 42.5]
      [Termination (ms): Min: 0.0, Avg: 0.0, Max: 0.0, Diff: 0.0, Sum: 0.0]
      [GC Worker Other (ms): Min: 0.0, Avg: 0.0, Max: 0.1, Diff: 0.0, Sum: 0.2]
      [GC Worker Total (ms): Min: 29.2, Avg: 29.2, Max: 29.3, Diff: 0.1, Sum: 117.0]
      [GC Worker End (ms): Min: 302028.3, Avg: 302028.4, Max: 302028.4, Diff: 0.0]
   [Code Root Fixup: 0.0 ms]
   [Code Root Migration: 0.3 ms]
   [Clear CT: 0.4 ms]
   [Other: 95.3 ms]
      [Choose CSet: 0.0 ms]
      [Ref Proc: 87.9 ms]
      [Ref Enq: 5.2 ms]
      [Free CSet: 2.1 ms]
   [Eden: 1698.0M(1698.0M)->0.0B(1697.0M) Survivors: 22.0M->22.0M Heap: 3662.8M(4096.0M)->1964.8M(4096.0M)]
 [Times: user=0.46 sys=0.00, real=0.12 secs] 
2016-01-06T01:01:06.248-0800: 302.369: [GC pause (young)
Desired survivor size 112721920 bytes, new threshold 15 (max 15)
- age   1:   20636848 bytes,   20636848 total
- age   2:      36864 bytes,   20673712 total
2016-01-06T01:01:06.389-0800: 302.510: [SoftReference, 0 refs, 0.0004660 secs]2016-01-06T01:01:06.389-0800: 302.510: [WeakReference, 0 refs, 0.0002890 secs]2016-01-06T01:01:06.390-0800: 302.511: [FinalReference, 0 refs, 0.0002230 secs]2016-01-06T01:01:06.390-0800: 302.511: [PhantomReference, 0 refs, 53117 refs, 0.0017330 secs]2016-01-06T01:01:06.392-0800: 302.513: [JNI Weak Reference, 0.0000090 secs], 0.1515570 secs]
   [Parallel Time: 30.5 ms, GC Workers: 4]
      [GC Worker Start (ms): Min: 302369.1, Avg: 302370.6, Max: 302375.1, Diff: 6.0]
      [Ext Root Scanning (ms): Min: 0.0, Avg: 0.3, Max: 0.5, Diff: 0.5, Sum: 1.4]
      [SATB Filtering (ms): Min: 0.0, Avg: 0.0, Max: 0.0, Diff: 0.0, Sum: 0.0]
      [Update RS (ms): Min: 13.5, Avg: 17.1, Max: 18.6, Diff: 5.0, Sum: 68.6]
         [Processed Buffers: Min: 18, Avg: 23.2, Max: 26, Diff: 8, Sum: 93]
      [Scan RS (ms): Min: 0.4, Avg: 0.8, Max: 1.1, Diff: 0.8, Sum: 3.1]
      [Code Root Scanning (ms): Min: 0.0, Avg: 0.1, Max: 0.1, Diff: 0.1, Sum: 0.3]
      [Object Copy (ms): Min: 10.5, Avg: 10.5, Max: 10.5, Diff: 0.1, Sum: 42.0]
      [Termination (ms): Min: 0.0, Avg: 0.0, Max: 0.0, Diff: 0.0, Sum: 0.0]
      [GC Worker Other (ms): Min: 0.0, Avg: 0.1, Max: 0.1, Diff: 0.0, Sum: 0.2]
      [GC Worker Total (ms): Min: 24.4, Avg: 28.9, Max: 30.4, Diff: 6.0, Sum: 115.6]
      [GC Worker End (ms): Min: 302399.5, Avg: 302399.5, Max: 302399.5, Diff: 0.1]
   [Code Root Fixup: 0.0 ms]
   [Code Root Migration: 0.3 ms]
   [Clear CT: 0.5 ms]
   [Other: 120.3 ms]
      [Choose CSet: 0.0 ms]
      [Ref Proc: 113.0 ms]
      [Ref Enq: 5.1 ms]
      [Free CSet: 2.2 ms]
   [Eden: 1697.0M(1697.0M)->0.0B(1697.0M) Survivors: 22.0M->22.0M Heap: 3661.8M(4096.0M)->1964.8M(4096.0M)]
 [Times: user=0.57 sys=0.00, real=0.15 secs] 
2016-01-06T01:01:06.660-0800: 302.781: [GC pause (young)
Desired survivor size 112721920 bytes, new threshold 15 (max 15)
- age   1:   20634616 bytes,   20634616 total
- age   2:      36864 bytes,   20671480 total
2016-01-06T01:01:06.818-0800: 302.938: [SoftReference, 0 refs, 0.0004300 secs]2016-01-06T01:01:06.818-0800: 302.939: [WeakReference, 0 refs, 0.0002850 secs]2016-01-06T01:01:06.818-0800: 302.939: [FinalReference, 0 refs, 0.0003140 secs]2016-01-06T01:01:06.819-0800: 302.939: [PhantomReference, 0 refs, 53118 refs, 0.0014680 secs]2016-01-06T01:01:06.820-0800: 302.941: [JNI Weak Reference, 0.0000140 secs], 0.1665700 secs]
   [Parallel Time: 34.3 ms, GC Workers: 4]
      [GC Worker Start (ms): Min: 302781.3, Avg: 302781.3, Max: 302781.3, Diff: 0.1]
      [Ext Root Scanning (ms): Min: 0.3, Avg: 0.4, Max: 0.4, Diff: 0.2, Sum: 1.4]
      [SATB Filtering (ms): Min: 0.0, Avg: 0.0, Max: 0.0, Diff: 0.0, Sum: 0.0]
      [Update RS (ms): Min: 22.2, Avg: 22.4, Max: 22.7, Diff: 0.5, Sum: 89.5]
         [Processed Buffers: Min: 31, Avg: 31.2, Max: 32, Diff: 1, Sum: 125]
      [Scan RS (ms): Min: 0.6, Avg: 0.8, Max: 0.9, Diff: 0.3, Sum: 3.2]
      [Code Root Scanning (ms): Min: 0.1, Avg: 0.1, Max: 0.1, Diff: 0.0, Sum: 0.3]
      [Object Copy (ms): Min: 10.5, Avg: 10.5, Max: 10.6, Diff: 0.1, Sum: 42.1]
      [Termination (ms): Min: 0.0, Avg: 0.0, Max: 0.0, Diff: 0.0, Sum: 0.0]
      [GC Worker Other (ms): Min: 0.0, Avg: 0.1, Max: 0.1, Diff: 0.1, Sum: 0.2]
      [GC Worker Total (ms): Min: 34.2, Avg: 34.2, Max: 34.2, Diff: 0.0, Sum: 136.8]
      [GC Worker End (ms): Min: 302815.5, Avg: 302815.5, Max: 302815.5, Diff: 0.1]
   [Code Root Fixup: 0.0 ms]
   [Code Root Migration: 0.3 ms]
   [Clear CT: 0.4 ms]
   [Other: 131.6 ms]
      [Choose CSet: 0.0 ms]
      [Ref Proc: 125.4 ms]
      [Ref Enq: 4.0 ms]
      [Free CSet: 2.1 ms]
   [Eden: 1697.0M(1697.0M)->0.0B(1698.0M) Survivors: 22.0M->22.0M Heap: 3661.8M(4096.0M)->1964.8M(4096.0M)]
 [Times: user=0.64 sys=0.00, real=0.17 secs] 
2016-01-06T01:01:07.085-0800: 303.206: [GC pause (young)
Desired survivor size 112721920 bytes, new threshold 15 (max 15)
- age   1:   20634616 bytes,   20634616 total
- age   2:      36864 bytes,   20671480 total
2016-01-06T01:01:07.258-0800: 303.379: [SoftReference, 0 refs, 0.0006250 secs]2016-01-06T01:01:07.258-0800: 303.379: [WeakReference, 0 refs, 0.0003400 secs]2016-01-06T01:01:07.259-0800: 303.380: [FinalReference, 0 refs, 0.0002470 secs]2016-01-06T01:01:07.259-0800: 303.380: [PhantomReference, 0 refs, 53145 refs, 0.0016410 secs]2016-01-06T01:01:07.261-0800: 303.381: [JNI Weak Reference, 0.0000090 secs], 0.1823390 secs]
   [Parallel Time: 31.6 ms, GC Workers: 4]
      [GC Worker Start (ms): Min: 303206.3, Avg: 303206.3, Max: 303206.4, Diff: 0.1]
      [Ext Root Scanning (ms): Min: 0.3, Avg: 0.4, Max: 0.4, Diff: 0.1, Sum: 1.4]
      [SATB Filtering (ms): Min: 0.0, Avg: 0.0, Max: 0.0, Diff: 0.0, Sum: 0.0]
      [Update RS (ms): Min: 20.1, Avg: 20.3, Max: 20.4, Diff: 0.3, Sum: 81.2]
         [Processed Buffers: Min: 27, Avg: 28.0, Max: 29, Diff: 2, Sum: 112]
      [Scan RS (ms): Min: 0.7, Avg: 0.8, Max: 0.9, Diff: 0.3, Sum: 3.2]
      [Code Root Scanning (ms): Min: 0.1, Avg: 0.1, Max: 0.1, Diff: 0.0, Sum: 0.3]
      [Object Copy (ms): Min: 9.8, Avg: 9.9, Max: 9.9, Diff: 0.0, Sum: 39.4]
      [Termination (ms): Min: 0.0, Avg: 0.0, Max: 0.0, Diff: 0.0, Sum: 0.0]
      [GC Worker Other (ms): Min: 0.0, Avg: 0.1, Max: 0.1, Diff: 0.0, Sum: 0.2]
      [GC Worker Total (ms): Min: 31.4, Avg: 31.4, Max: 31.5, Diff: 0.1, Sum: 125.8]
      [GC Worker End (ms): Min: 303237.8, Avg: 303237.8, Max: 303237.8, Diff: 0.0]
   [Code Root Fixup: 0.0 ms]
   [Code Root Migration: 0.3 ms]
   [Clear CT: 0.4 ms]
   [Other: 150.1 ms]
      [Choose CSet: 0.0 ms]
      [Ref Proc: 143.7 ms]
      [Ref Enq: 4.2 ms]
      [Free CSet: 2.2 ms]
   [Eden: 1698.0M(1698.0M)->0.0B(1698.0M) Survivors: 22.0M->22.0M Heap: 3662.8M(4096.0M)->1964.3M(4096.0M)]
 [Times: user=0.64 sys=0.00, real=0.18 secs] 
2016-01-06T01:01:07.520-0800: 303.641: [GC pause (young)
Desired survivor size 112721920 bytes, new threshold 15 (max 15)
- age   1:   20636848 bytes,   20636848 total
- age   2:      36864 bytes,   20673712 total
2016-01-06T01:01:07.703-0800: 303.824: [SoftReference, 0 refs, 0.0004460 secs]2016-01-06T01:01:07.704-0800: 303.825: [WeakReference, 0 refs, 0.0002220 secs]2016-01-06T01:01:07.704-0800: 303.825: [FinalReference, 0 refs, 0.0002640 secs]2016-01-06T01:01:07.704-0800: 303.825: [PhantomReference, 0 refs, 53147 refs, 0.0016620 secs]2016-01-06T01:01:07.706-0800: 303.827: [JNI Weak Reference, 0.0000090 secs], 0.1944740 secs]
   [Parallel Time: 30.5 ms, GC Workers: 4]
      [GC Worker Start (ms): Min: 303640.8, Avg: 303640.8, Max: 303640.8, Diff: 0.1]
      [Ext Root Scanning (ms): Min: 0.3, Avg: 0.4, Max: 0.4, Diff: 0.1, Sum: 1.4]
      [SATB Filtering (ms): Min: 0.0, Avg: 0.0, Max: 0.0, Diff: 0.0, Sum: 0.0]
      [Update RS (ms): Min: 17.2, Avg: 20.4, Max: 29.5, Diff: 12.3, Sum: 81.6]
         [Processed Buffers: Min: 22, Avg: 24.5, Max: 26, Diff: 4, Sum: 98]
      [Scan RS (ms): Min: 0.4, Avg: 0.8, Max: 1.1, Diff: 0.7, Sum: 3.3]
      [Code Root Scanning (ms): Min: 0.0, Avg: 0.1, Max: 0.1, Diff: 0.1, Sum: 0.4]
      [Object Copy (ms): Min: 0.0, Avg: 8.2, Max: 10.9, Diff: 10.9, Sum: 32.7]
      [Termination (ms): Min: 0.0, Avg: 0.5, Max: 0.6, Diff: 0.6, Sum: 1.9]
      [GC Worker Other (ms): Min: 0.0, Avg: 0.0, Max: 0.0, Diff: 0.0, Sum: 0.1]
      [GC Worker Total (ms): Min: 30.3, Avg: 30.3, Max: 30.4, Diff: 0.1, Sum: 121.4]
      [GC Worker End (ms): Min: 303671.1, Avg: 303671.2, Max: 303671.2, Diff: 0.1]
   [Code Root Fixup: 0.0 ms]
   [Code Root Migration: 0.3 ms]
   [Clear CT: 0.5 ms]
   [Other: 163.3 ms]
      [Choose CSet: 0.0 ms]
      [Ref Proc: 155.7 ms]
      [Ref Enq: 5.3 ms]
      [Free CSet: 2.3 ms]
   [Eden: 1698.0M(1698.0M)->0.0B(1698.0M) Survivors: 22.0M->22.0M Heap: 3662.3M(4096.0M)->1964.3M(4096.0M)]
 [Times: user=0.69 sys=0.00, real=0.19 secs] 
2016-01-06T01:01:07.974-0800: 304.095: [GC pause (young)
Desired survivor size 112721920 bytes, new threshold 15 (max 15)
- age   1:   20636848 bytes,   20636848 total
- age   2:      36864 bytes,   20673712 total
2016-01-06T01:01:08.140-0800: 304.261: [SoftReference, 0 refs, 0.0005220 secs]2016-01-06T01:01:08.140-0800: 304.261: [WeakReference, 0 refs, 0.0002720 secs]2016-01-06T01:01:08.141-0800: 304.262: [FinalReference, 0 refs, 0.0003500 secs]2016-01-06T01:01:08.141-0800: 304.262: [PhantomReference, 0 refs, 53148 refs, 0.0016580 secs]2016-01-06T01:01:08.143-0800: 304.264: [JNI Weak Reference, 0.0000090 secs], 0.1764810 secs]
   [Parallel Time: 14.1 ms, GC Workers: 4]
      [GC Worker Start (ms): Min: 304094.9, Avg: 304095.0, Max: 304095.0, Diff: 0.1]
      [Ext Root Scanning (ms): Min: 0.3, Avg: 0.4, Max: 0.4, Diff: 0.1, Sum: 1.4]
      [SATB Filtering (ms): Min: 0.0, Avg: 0.0, Max: 0.0, Diff: 0.0, Sum: 0.0]
      [Update RS (ms): Min: 2.0, Avg: 2.3, Max: 2.7, Diff: 0.7, Sum: 9.1]
         [Processed Buffers: Min: 3, Avg: 4.2, Max: 6, Diff: 3, Sum: 17]
      [Scan RS (ms): Min: 0.4, Avg: 0.8, Max: 0.9, Diff: 0.5, Sum: 3.0]
      [Code Root Scanning (ms): Min: 0.0, Avg: 0.1, Max: 0.1, Diff: 0.1, Sum: 0.3]
      [Object Copy (ms): Min: 10.4, Avg: 10.5, Max: 10.5, Diff: 0.1, Sum: 41.9]
      [Termination (ms): Min: 0.0, Avg: 0.0, Max: 0.0, Diff: 0.0, Sum: 0.0]
      [GC Worker Other (ms): Min: 0.0, Avg: 0.1, Max: 0.1, Diff: 0.1, Sum: 0.2]
      [GC Worker Total (ms): Min: 14.0, Avg: 14.0, Max: 14.0, Diff: 0.1, Sum: 56.0]
      [GC Worker End (ms): Min: 304108.9, Avg: 304109.0, Max: 304109.0, Diff: 0.1]
   [Code Root Fixup: 0.0 ms]
   [Code Root Migration: 0.3 ms]
   [Clear CT: 0.4 ms]
   [Other: 161.7 ms]
      [Choose CSet: 0.0 ms]
      [Ref Proc: 154.5 ms]
      [Ref Enq: 4.9 ms]
      [Free CSet: 2.2 ms]
   [Eden: 1698.0M(1698.0M)->0.0B(1707.0M) Survivors: 22.0M->14.0M Heap: 3662.3M(4096.0M)->1956.8M(4096.0M)]
 [Times: user=0.66 sys=0.01, real=0.18 secs] 
2016-01-06T01:01:08.400-0800: 304.521: [GC pause (young)
Desired survivor size 113246208 bytes, new threshold 15 (max 15)
- age   1:   12855664 bytes,   12855664 total
- age   2:      36864 bytes,   12892528 total
2016-01-06T01:01:08.566-0800: 304.686: [SoftReference, 0 refs, 0.0004120 secs]2016-01-06T01:01:08.566-0800: 304.687: [WeakReference, 0 refs, 0.0003590 secs]2016-01-06T01:01:08.566-0800: 304.687: [FinalReference, 0 refs, 0.0003680 secs]2016-01-06T01:01:08.567-0800: 304.688: [PhantomReference, 0 refs, 53426 refs, 0.0013420 secs]2016-01-06T01:01:08.568-0800: 304.689: [JNI Weak Reference, 0.0000100 secs], 0.1758760 secs]
   [Parallel Time: 12.1 ms, GC Workers: 4]
      [GC Worker Start (ms): Min: 304521.2, Avg: 304521.3, Max: 304521.3, Diff: 0.1]
      [Ext Root Scanning (ms): Min: 0.3, Avg: 0.4, Max: 0.4, Diff: 0.1, Sum: 1.5]
      [SATB Filtering (ms): Min: 0.0, Avg: 0.0, Max: 0.0, Diff: 0.0, Sum: 0.0]
      [Update RS (ms): Min: 0.0, Avg: 0.1, Max: 0.3, Diff: 0.3, Sum: 0.3]
         [Processed Buffers: Min: 0, Avg: 1.2, Max: 3, Diff: 3, Sum: 5]
      [Scan RS (ms): Min: 0.6, Avg: 0.8, Max: 0.9, Diff: 0.3, Sum: 3.0]
      [Code Root Scanning (ms): Min: 0.1, Avg: 0.1, Max: 0.1, Diff: 0.0, Sum: 0.4]
      [Object Copy (ms): Min: 10.6, Avg: 10.6, Max: 10.6, Diff: 0.1, Sum: 42.4]
      [Termination (ms): Min: 0.0, Avg: 0.0, Max: 0.0, Diff: 0.0, Sum: 0.0]
      [GC Worker Other (ms): Min: 0.0, Avg: 0.1, Max: 0.1, Diff: 0.1, Sum: 0.2]
      [GC Worker Total (ms): Min: 11.9, Avg: 11.9, Max: 12.0, Diff: 0.1, Sum: 47.8]
      [GC Worker End (ms): Min: 304533.2, Avg: 304533.2, Max: 304533.2, Diff: 0.1]
   [Code Root Fixup: 0.0 ms]
   [Code Root Migration: 0.3 ms]
   [Clear CT: 0.4 ms]
   [Other: 163.2 ms]
      [Choose CSet: 0.0 ms]
      [Ref Proc: 155.7 ms]
      [Ref Enq: 5.2 ms]
      [Free CSet: 2.2 ms]
   [Eden: 1707.0M(1707.0M)->0.0B(1698.0M) Survivors: 14.0M->22.0M Heap: 3663.8M(4096.0M)->1964.8M(4096.0M)]
 [Times: user=0.67 sys=0.00, real=0.17 secs] 
2016-01-06T01:01:08.834-0800: 304.955: [GC pause (young)
Desired survivor size 112721920 bytes, new threshold 15 (max 15)
- age   1:   20656936 bytes,   20656936 total
- age   2:      36864 bytes,   20693800 total
2016-01-06T01:01:09.001-0800: 305.122: [SoftReference, 0 refs, 0.0004970 secs]2016-01-06T01:01:09.002-0800: 305.122: [WeakReference, 0 refs, 0.0003460 secs]2016-01-06T01:01:09.002-0800: 305.123: [FinalReference, 0 refs, 0.0003280 secs]2016-01-06T01:01:09.002-0800: 305.123: [PhantomReference, 0 refs, 53147 refs, 0.0019070 secs]2016-01-06T01:01:09.004-0800: 305.125: [JNI Weak Reference, 0.0000110 secs], 0.1777790 secs]
   [Parallel Time: 12.2 ms, GC Workers: 4]
      [GC Worker Start (ms): Min: 304955.4, Avg: 304955.4, Max: 304955.4, Diff: 0.1]
      [Ext Root Scanning (ms): Min: 0.3, Avg: 0.4, Max: 0.4, Diff: 0.1, Sum: 1.4]
      [SATB Filtering (ms): Min: 0.0, Avg: 0.0, Max: 0.0, Diff: 0.0, Sum: 0.0]
      [Update RS (ms): Min: 0.0, Avg: 0.1, Max: 0.3, Diff: 0.3, Sum: 0.3]
         [Processed Buffers: Min: 0, Avg: 1.5, Max: 4, Diff: 4, Sum: 6]
      [Scan RS (ms): Min: 0.6, Avg: 0.7, Max: 0.8, Diff: 0.2, Sum: 3.0]
      [Code Root Scanning (ms): Min: 0.1, Avg: 0.1, Max: 0.1, Diff: 0.0, Sum: 0.4]
      [Object Copy (ms): Min: 10.7, Avg: 10.7, Max: 10.7, Diff: 0.0, Sum: 42.9]
      [Termination (ms): Min: 0.0, Avg: 0.0, Max: 0.0, Diff: 0.0, Sum: 0.0]
      [GC Worker Other (ms): Min: 0.0, Avg: 0.1, Max: 0.1, Diff: 0.1, Sum: 0.2]
      [GC Worker Total (ms): Min: 12.0, Avg: 12.1, Max: 12.1, Diff: 0.1, Sum: 48.2]
      [GC Worker End (ms): Min: 304967.4, Avg: 304967.4, Max: 304967.5, Diff: 0.1]
   [Code Root Fixup: 0.0 ms]
   [Code Root Migration: 0.3 ms]
   [Clear CT: 0.5 ms]
   [Other: 164.9 ms]
      [Choose CSet: 0.0 ms]
      [Ref Proc: 157.5 ms]
      [Ref Enq: 5.2 ms]
      [Free CSet: 2.1 ms]
   [Eden: 1698.0M(1698.0M)->0.0B(1698.0M) Survivors: 22.0M->22.0M Heap: 3662.8M(4096.0M)->1964.8M(4096.0M)]
 [Times: user=0.68 sys=0.00, real=0.18 secs] 
2016-01-06T01:01:09.273-0800: 305.393: [GC pause (young)
Desired survivor size 112721920 bytes, new threshold 15 (max 15)
- age   1:   20636848 bytes,   20636848 total
- age   2:      36864 bytes,   20673712 total
2016-01-06T01:01:09.467-0800: 305.588: [SoftReference, 0 refs, 0.0004690 secs]2016-01-06T01:01:09.489-0800: 305.610: [WeakReference, 0 refs, 0.0004000 secs]2016-01-06T01:01:09.489-0800: 305.610: [FinalReference, 0 refs, 0.0002580 secs]2016-01-06T01:01:09.489-0800: 305.610: [PhantomReference, 0 refs, 53148 refs, 0.0016730 secs]2016-01-06T01:01:09.491-0800: 305.612: [JNI Weak Reference, 0.0000100 secs], 0.2265080 secs]
   [Parallel Time: 31.9 ms, GC Workers: 4]
      [GC Worker Start (ms): Min: 305393.5, Avg: 305394.8, Max: 305397.9, Diff: 4.4]
      [Ext Root Scanning (ms): Min: 0.0, Avg: 0.3, Max: 0.7, Diff: 0.7, Sum: 1.3]
      [SATB Filtering (ms): Min: 0.0, Avg: 0.0, Max: 0.0, Diff: 0.0, Sum: 0.0]
      [Update RS (ms): Min: 15.0, Avg: 19.4, Max: 25.0, Diff: 10.0, Sum: 77.6]
         [Processed Buffers: Min: 9, Avg: 19.8, Max: 33, Diff: 24, Sum: 79]
      [Scan RS (ms): Min: 0.4, Avg: 0.8, Max: 1.2, Diff: 0.8, Sum: 3.3]
      [Code Root Scanning (ms): Min: 0.0, Avg: 0.1, Max: 0.1, Diff: 0.1, Sum: 0.4]
      [Object Copy (ms): Min: 5.7, Avg: 9.8, Max: 11.2, Diff: 5.6, Sum: 39.2]
      [Termination (ms): Min: 0.0, Avg: 0.0, Max: 0.0, Diff: 0.0, Sum: 0.0]
      [GC Worker Other (ms): Min: 0.0, Avg: 0.1, Max: 0.1, Diff: 0.1, Sum: 0.3]
      [GC Worker Total (ms): Min: 27.4, Avg: 30.5, Max: 31.8, Diff: 4.3, Sum: 122.1]
      [GC Worker End (ms): Min: 305425.3, Avg: 305425.3, Max: 305425.3, Diff: 0.1]
   [Code Root Fixup: 0.0 ms]
   [Code Root Migration: 0.3 ms]
   [Clear CT: 0.5 ms]
   [Other: 193.8 ms]
      [Choose CSet: 0.0 ms]
      [Ref Proc: 186.5 ms]
      [Ref Enq: 5.0 ms]
      [Free CSet: 2.3 ms]
   [Eden: 1698.0M(1698.0M)->0.0B(328.0M) Survivors: 22.0M->22.0M Heap: 3662.8M(4096.0M)->1964.3M(4096.0M)]
 [Times: user=0.72 sys=0.00, real=0.23 secs] 
2016-01-06T01:01:09.552-0800: 305.673: [GC pause (young)
Desired survivor size 23068672 bytes, new threshold 15 (max 15)
- age   1:   20636848 bytes,   20636848 total
- age   2:      36864 bytes,   20673712 total
2016-01-06T01:01:09.750-0800: 305.871: [SoftReference, 0 refs, 0.0005260 secs]2016-01-06T01:01:09.751-0800: 305.872: [WeakReference, 0 refs, 0.0002620 secs]2016-01-06T01:01:09.751-0800: 305.872: [FinalReference, 0 refs, 0.0002510 secs]2016-01-06T01:01:09.751-0800: 305.872: [PhantomReference, 0 refs, 10678 refs, 0.0008330 secs]2016-01-06T01:01:09.752-0800: 305.873: [JNI Weak Reference, 0.0000100 secs], 0.2014730 secs]
   [Parallel Time: 7.9 ms, GC Workers: 4]
      [GC Worker Start (ms): Min: 305673.4, Avg: 305673.4, Max: 305673.5, Diff: 0.1]
      [Ext Root Scanning (ms): Min: 0.2, Avg: 0.3, Max: 0.4, Diff: 0.2, Sum: 1.4]
      [SATB Filtering (ms): Min: 0.0, Avg: 0.0, Max: 0.0, Diff: 0.0, Sum: 0.0]
      [Update RS (ms): Min: 4.2, Avg: 4.6, Max: 4.9, Diff: 0.7, Sum: 18.4]
         [Processed Buffers: Min: 6, Avg: 7.8, Max: 9, Diff: 3, Sum: 31]
      [Scan RS (ms): Min: 0.0, Avg: 0.1, Max: 0.3, Diff: 0.3, Sum: 0.6]
      [Code Root Scanning (ms): Min: 0.0, Avg: 0.0, Max: 0.0, Diff: 0.0, Sum: 0.1]
      [Object Copy (ms): Min: 2.5, Avg: 2.6, Max: 2.8, Diff: 0.3, Sum: 10.6]
      [Termination (ms): Min: 0.0, Avg: 0.0, Max: 0.0, Diff: 0.0, Sum: 0.0]
      [GC Worker Other (ms): Min: 0.0, Avg: 0.0, Max: 0.0, Diff: 0.0, Sum: 0.1]
      [GC Worker Total (ms): Min: 7.7, Avg: 7.8, Max: 7.9, Diff: 0.2, Sum: 31.1]
      [GC Worker End (ms): Min: 305681.2, Avg: 305681.2, Max: 305681.2, Diff: 0.0]
   [Code Root Fixup: 0.0 ms]
   [Code Root Migration: 0.1 ms]
   [Clear CT: 0.1 ms]
   [Other: 193.4 ms]
      [Choose CSet: 0.0 ms]
      [Ref Proc: 191.9 ms]
      [Ref Enq: 0.9 ms]
      [Free CSet: 0.6 ms]
   [Eden: 328.0M(328.0M)->0.0B(185.0M) Survivors: 22.0M->19.0M Heap: 2292.3M(4096.0M)->1961.3M(4096.0M)]
 [Times: user=0.74 sys=0.01, real=0.20 secs] 
2016-01-06T01:01:09.783-0800: 305.904: [GC pause (young)
Desired survivor size 13631488 bytes, new threshold 1 (max 15)
- age   1:   17579008 bytes,   17579008 total
- age   2:      36864 bytes,   17615872 total
2016-01-06T01:01:09.946-0800: 306.067: [SoftReference, 0 refs, 0.0004850 secs]2016-01-06T01:01:09.947-0800: 306.068: [WeakReference, 0 refs, 0.0002370 secs]2016-01-06T01:01:09.947-0800: 306.068: [FinalReference, 0 refs, 0.0002360 secs]2016-01-06T01:01:09.947-0800: 306.068: [PhantomReference, 0 refs, 6245 refs, 0.0008110 secs]2016-01-06T01:01:09.948-0800: 306.069: [JNI Weak Reference, 0.0000080 secs], 0.1664140 secs]
   [Parallel Time: 4.7 ms, GC Workers: 4]
      [GC Worker Start (ms): Min: 305903.7, Avg: 305903.8, Max: 305903.8, Diff: 0.1]
      [Ext Root Scanning (ms): Min: 0.3, Avg: 0.4, Max: 0.4, Diff: 0.1, Sum: 1.4]
      [SATB Filtering (ms): Min: 0.0, Avg: 0.0, Max: 0.0, Diff: 0.0, Sum: 0.0]
      [Update RS (ms): Min: 2.2, Avg: 2.5, Max: 2.9, Diff: 0.7, Sum: 10.0]
         [Processed Buffers: Min: 3, Avg: 4.8, Max: 6, Diff: 3, Sum: 19]
      [Scan RS (ms): Min: 0.0, Avg: 0.1, Max: 0.2, Diff: 0.2, Sum: 0.3]
      [Code Root Scanning (ms): Min: 0.0, Avg: 0.0, Max: 0.0, Diff: 0.0, Sum: 0.0]
      [Object Copy (ms): Min: 1.2, Avg: 1.6, Max: 1.7, Diff: 0.5, Sum: 6.2]
      [Termination (ms): Min: 0.0, Avg: 0.0, Max: 0.0, Diff: 0.0, Sum: 0.0]
      [GC Worker Other (ms): Min: 0.0, Avg: 0.0, Max: 0.0, Diff: 0.0, Sum: 0.1]
      [GC Worker Total (ms): Min: 4.5, Avg: 4.6, Max: 4.6, Diff: 0.1, Sum: 18.2]
      [GC Worker End (ms): Min: 305908.3, Avg: 305908.3, Max: 305908.3, Diff: 0.0]
   [Code Root Fixup: 0.0 ms]
   [Code Root Migration: 0.0 ms]
   [Clear CT: 0.1 ms]
   [Other: 161.5 ms]
      [Choose CSet: 0.0 ms]
      [Ref Proc: 160.6 ms]
      [Ref Enq: 0.5 ms]
      [Free CSet: 0.4 ms]
   [Eden: 185.0M(185.0M)->0.0B(1328.0M) Survivors: 19.0M->12.0M Heap: 2146.3M(4096.0M)->1954.3M(4096.0M)]
 [Times: user=0.64 sys=0.00, real=0.17 secs] 
2016-01-06T01:01:10.150-0800: 306.271: [GC pause (young)
Desired survivor size 88080384 bytes, new threshold 15 (max 15)
- age   1:   10003960 bytes,   10003960 total
2016-01-06T01:01:10.354-0800: 306.475: [SoftReference, 0 refs, 0.0004880 secs]2016-01-06T01:01:10.355-0800: 306.476: [WeakReference, 0 refs, 0.0002370 secs]2016-01-06T01:01:10.355-0800: 306.476: [FinalReference, 0 refs, 0.0003410 secs]2016-01-06T01:01:10.356-0800: 306.476: [PhantomReference, 0 refs, 41675 refs, 0.0011310 secs]2016-01-06T01:01:10.357-0800: 306.478: [JNI Weak Reference, 0.0000130 secs], 0.2133850 secs]
   [Parallel Time: 23.6 ms, GC Workers: 4]
      [GC Worker Start (ms): Min: 306270.7, Avg: 306270.7, Max: 306270.8, Diff: 0.1]
      [Ext Root Scanning (ms): Min: 0.3, Avg: 0.4, Max: 0.4, Diff: 0.1, Sum: 1.4]
      [SATB Filtering (ms): Min: 0.0, Avg: 0.0, Max: 0.0, Diff: 0.0, Sum: 0.0]
      [Update RS (ms): Min: 13.6, Avg: 13.9, Max: 14.2, Diff: 0.6, Sum: 55.6]
         [Processed Buffers: Min: 18, Avg: 19.0, Max: 20, Diff: 2, Sum: 76]
      [Scan RS (ms): Min: 0.4, Avg: 0.6, Max: 0.8, Diff: 0.4, Sum: 2.4]
      [Code Root Scanning (ms): Min: 0.0, Avg: 0.1, Max: 0.1, Diff: 0.1, Sum: 0.3]
      [Object Copy (ms): Min: 8.5, Avg: 8.5, Max: 8.5, Diff: 0.1, Sum: 34.0]
      [Termination (ms): Min: 0.0, Avg: 0.1, Max: 0.1, Diff: 0.1, Sum: 0.2]
      [GC Worker Other (ms): Min: 0.0, Avg: 0.0, Max: 0.0, Diff: 0.0, Sum: 0.1]
      [GC Worker Total (ms): Min: 23.4, Avg: 23.5, Max: 23.6, Diff: 0.1, Sum: 94.0]
      [GC Worker End (ms): Min: 306294.2, Avg: 306294.2, Max: 306294.2, Diff: 0.1]
   [Code Root Fixup: 0.0 ms]
   [Code Root Migration: 0.2 ms]
   [Clear CT: 0.3 ms]
   [Other: 189.2 ms]
      [Choose CSet: 0.0 ms]
      [Ref Proc: 183.3 ms]
      [Ref Enq: 4.1 ms]
      [Free CSet: 1.7 ms]
   [Eden: 1328.0M(1328.0M)->0.0B(184.0M) Survivors: 12.0M->20.0M Heap: 3282.3M(4096.0M)->1962.8M(4096.0M)]
 [Times: user=0.75 sys=0.00, real=0.21 secs] 
2016-01-06T01:01:10.391-0800: 306.512: [GC pause (young)
Desired survivor size 13631488 bytes, new threshold 1 (max 15)
- age   1:   19384192 bytes,   19384192 total
- age   2:      36864 bytes,   19421056 total
2016-01-06T01:01:10.565-0800: 306.686: [SoftReference, 0 refs, 0.0004190 secs]2016-01-06T01:01:10.565-0800: 306.686: [WeakReference, 0 refs, 0.0003020 secs]2016-01-06T01:01:10.565-0800: 306.686: [FinalReference, 0 refs, 0.0002500 secs]2016-01-06T01:01:10.566-0800: 306.687: [PhantomReference, 0 refs, 6214 refs, 0.0006980 secs]2016-01-06T01:01:10.566-0800: 306.687: [JNI Weak Reference, 0.0000090 secs], 0.1765490 secs]
   [Parallel Time: 4.8 ms, GC Workers: 4]
      [GC Worker Start (ms): Min: 306511.9, Avg: 306512.4, Max: 306513.9, Diff: 2.0]
      [Ext Root Scanning (ms): Min: 0.0, Avg: 0.3, Max: 0.5, Diff: 0.5, Sum: 1.2]
      [SATB Filtering (ms): Min: 0.0, Avg: 0.0, Max: 0.0, Diff: 0.0, Sum: 0.0]
      [Update RS (ms): Min: 0.0, Avg: 1.6, Max: 2.4, Diff: 2.4, Sum: 6.5]
         [Processed Buffers: Min: 0, Avg: 3.8, Max: 6, Diff: 6, Sum: 15]
      [Scan RS (ms): Min: 0.0, Avg: 0.1, Max: 0.3, Diff: 0.3, Sum: 0.3]
      [Code Root Scanning (ms): Min: 0.0, Avg: 0.0, Max: 0.0, Diff: 0.0, Sum: 0.0]
      [Object Copy (ms): Min: 1.9, Avg: 2.2, Max: 2.4, Diff: 0.5, Sum: 8.7]
      [Termination (ms): Min: 0.0, Avg: 0.0, Max: 0.0, Diff: 0.0, Sum: 0.0]
      [GC Worker Other (ms): Min: 0.0, Avg: 0.0, Max: 0.0, Diff: 0.0, Sum: 0.1]
      [GC Worker Total (ms): Min: 2.7, Avg: 4.2, Max: 4.7, Diff: 2.0, Sum: 16.9]
      [GC Worker End (ms): Min: 306516.6, Avg: 306516.6, Max: 306516.6, Diff: 0.0]
   [Code Root Fixup: 0.0 ms]
   [Code Root Migration: 0.0 ms]
   [Clear CT: 0.1 ms]
   [Other: 171.6 ms]
      [Choose CSet: 0.0 ms]
      [Ref Proc: 170.6 ms]
      [Ref Enq: 0.6 ms]
      [Free CSet: 0.4 ms]
   [Eden: 184.0M(184.0M)->0.0B(821.0M) Survivors: 20.0M->19.0M Heap: 2146.8M(4096.0M)->1961.4M(4096.0M)]
 [Times: user=0.68 sys=0.00, real=0.18 secs] 
2016-01-06T01:01:10.692-0800: 306.813: [GC pause (young)
Desired survivor size 55050240 bytes, new threshold 15 (max 15)
- age   1:   17257600 bytes,   17257600 total
2016-01-06T01:01:10.866-0800: 306.987: [SoftReference, 0 refs, 0.0005360 secs]2016-01-06T01:01:10.866-0800: 306.987: [WeakReference, 0 refs, 0.0002260 secs]2016-01-06T01:01:10.867-0800: 306.988: [FinalReference, 0 refs, 0.0002330 secs]2016-01-06T01:01:10.867-0800: 306.988: [PhantomReference, 0 refs, 25960 refs, 0.0010890 secs]2016-01-06T01:01:10.868-0800: 306.989: [JNI Weak Reference, 0.0000090 secs], 0.1804150 secs]
   [Parallel Time: 6.5 ms, GC Workers: 4]
      [GC Worker Start (ms): Min: 306812.6, Avg: 306812.7, Max: 306812.7, Diff: 0.1]
      [Ext Root Scanning (ms): Min: 0.3, Avg: 0.4, Max: 0.4, Diff: 0.1, Sum: 1.4]
      [SATB Filtering (ms): Min: 0.0, Avg: 0.0, Max: 0.0, Diff: 0.0, Sum: 0.0]
      [Update RS (ms): Min: 0.0, Avg: 0.1, Max: 0.2, Diff: 0.2, Sum: 0.4]
         [Processed Buffers: Min: 0, Avg: 1.2, Max: 3, Diff: 3, Sum: 5]
      [Scan RS (ms): Min: 0.3, Avg: 0.4, Max: 0.4, Diff: 0.1, Sum: 1.4]
      [Code Root Scanning (ms): Min: 0.0, Avg: 0.0, Max: 0.1, Diff: 0.0, Sum: 0.2]
      [Object Copy (ms): Min: 5.4, Avg: 5.4, Max: 5.4, Diff: 0.0, Sum: 21.7]
      [Termination (ms): Min: 0.0, Avg: 0.0, Max: 0.0, Diff: 0.0, Sum: 0.0]
      [GC Worker Other (ms): Min: 0.0, Avg: 0.0, Max: 0.1, Diff: 0.0, Sum: 0.2]
      [GC Worker Total (ms): Min: 6.3, Avg: 6.3, Max: 6.4, Diff: 0.1, Sum: 25.3]
      [GC Worker End (ms): Min: 306819.0, Avg: 306819.0, Max: 306819.0, Diff: 0.0]
   [Code Root Fixup: 0.0 ms]
   [Code Root Migration: 0.1 ms]
   [Clear CT: 0.3 ms]
   [Other: 173.5 ms]
      [Choose CSet: 0.0 ms]
      [Ref Proc: 169.8 ms]
      [Ref Enq: 2.5 ms]
      [Free CSet: 1.1 ms]
   [Eden: 821.0M(821.0M)->0.0B(1696.0M) Survivors: 19.0M->20.0M Heap: 2782.4M(4096.0M)->1962.9M(4096.0M)]
 [Times: user=0.69 sys=0.01, real=0.18 secs] 
2016-01-06T01:01:11.136-0800: 307.256: [GC pause (young)
Desired survivor size 112721920 bytes, new threshold 15 (max 15)
- age   1:   18679384 bytes,   18679384 total
- age   2:      36864 bytes,   18716248 total
2016-01-06T01:01:11.330-0800: 307.451: [SoftReference, 0 refs, 0.0004650 secs]2016-01-06T01:01:11.331-0800: 307.452: [WeakReference, 0 refs, 0.0002420 secs]2016-01-06T01:01:11.331-0800: 307.452: [FinalReference, 0 refs, 0.0003400 secs]2016-01-06T01:01:11.331-0800: 307.452: [PhantomReference, 0 refs, 53087 refs, 0.0016420 secs]2016-01-06T01:01:11.333-0800: 307.454: [JNI Weak Reference, 0.0000130 secs], 0.2058290 secs]
   [Parallel Time: 27.6 ms, GC Workers: 4]
      [GC Worker Start (ms): Min: 307256.5, Avg: 307256.8, Max: 307257.5, Diff: 1.1]
      [Ext Root Scanning (ms): Min: 0.0, Avg: 0.3, Max: 0.5, Diff: 0.5, Sum: 1.3]
      [SATB Filtering (ms): Min: 0.0, Avg: 0.0, Max: 0.0, Diff: 0.0, Sum: 0.0]
      [Update RS (ms): Min: 14.8, Avg: 15.4, Max: 15.9, Diff: 1.2, Sum: 61.5]
         [Processed Buffers: Min: 20, Avg: 20.8, Max: 21, Diff: 1, Sum: 83]
      [Scan RS (ms): Min: 0.5, Avg: 0.8, Max: 0.9, Diff: 0.4, Sum: 3.2]
      [Code Root Scanning (ms): Min: 0.1, Avg: 0.1, Max: 0.1, Diff: 0.1, Sum: 0.4]
      [Object Copy (ms): Min: 10.6, Avg: 10.6, Max: 10.6, Diff: 0.1, Sum: 42.5]
      [Termination (ms): Min: 0.0, Avg: 0.0, Max: 0.0, Diff: 0.0, Sum: 0.0]
      [GC Worker Other (ms): Min: 0.0, Avg: 0.1, Max: 0.1, Diff: 0.1, Sum: 0.3]
      [GC Worker Total (ms): Min: 26.5, Avg: 27.3, Max: 27.5, Diff: 1.1, Sum: 109.1]
      [GC Worker End (ms): Min: 307284.0, Avg: 307284.0, Max: 307284.1, Diff: 0.1]
   [Code Root Fixup: 0.0 ms]
   [Code Root Migration: 0.3 ms]
   [Clear CT: 0.4 ms]
   [Other: 177.5 ms]
      [Choose CSet: 0.0 ms]
      [Ref Proc: 169.8 ms]
      [Ref Enq: 5.3 ms]
      [Free CSet: 2.3 ms]
   [Eden: 1696.0M(1696.0M)->0.0B(759.0M) Survivors: 20.0M->22.0M Heap: 3658.9M(4096.0M)->1964.9M(4096.0M)]
 [Times: user=0.77 sys=0.01, real=0.21 secs] 
2016-01-06T01:01:11.464-0800: 307.585: [GC pause (young)
Desired survivor size 51380224 bytes, new threshold 15 (max 15)
- age   1:   20632384 bytes,   20632384 total
- age   2:      36864 bytes,   20669248 total
2016-01-06T01:01:11.660-0800: 307.781: [SoftReference, 0 refs, 0.0005990 secs]2016-01-06T01:01:11.661-0800: 307.782: [WeakReference, 0 refs, 0.0002990 secs]2016-01-06T01:01:11.661-0800: 307.782: [FinalReference, 0 refs, 0.0002420 secs]2016-01-06T01:01:11.661-0800: 307.782: [PhantomReference, 0 refs, 24039 refs, 0.0010670 secs]2016-01-06T01:01:11.663-0800: 307.783: [JNI Weak Reference, 0.0000090 secs], 0.2023130 secs]
   [Parallel Time: 18.0 ms, GC Workers: 4]
      [GC Worker Start (ms): Min: 307585.1, Avg: 307586.3, Max: 307590.0, Diff: 4.9]
      [Ext Root Scanning (ms): Min: 0.0, Avg: 0.3, Max: 0.5, Diff: 0.5, Sum: 1.3]
      [SATB Filtering (ms): Min: 0.0, Avg: 0.0, Max: 0.0, Diff: 0.0, Sum: 0.0]
      [Update RS (ms): Min: 8.0, Avg: 11.1, Max: 12.3, Diff: 4.4, Sum: 44.3]
         [Processed Buffers: Min: 11, Avg: 16.5, Max: 27, Diff: 16, Sum: 66]
      [Scan RS (ms): Min: 0.1, Avg: 0.3, Max: 0.7, Diff: 0.5, Sum: 1.3]
      [Code Root Scanning (ms): Min: 0.0, Avg: 0.0, Max: 0.1, Diff: 0.1, Sum: 0.2]
      [Object Copy (ms): Min: 4.9, Avg: 4.9, Max: 4.9, Diff: 0.1, Sum: 19.6]
      [Termination (ms): Min: 0.0, Avg: 0.0, Max: 0.0, Diff: 0.0, Sum: 0.0]
      [GC Worker Other (ms): Min: 0.0, Avg: 0.0, Max: 0.0, Diff: 0.0, Sum: 0.1]
      [GC Worker Total (ms): Min: 13.1, Avg: 16.7, Max: 17.9, Diff: 4.9, Sum: 66.8]
      [GC Worker End (ms): Min: 307603.0, Avg: 307603.0, Max: 307603.0, Diff: 0.0]
   [Code Root Fixup: 0.0 ms]
   [Code Root Migration: 0.1 ms]
   [Clear CT: 0.3 ms]
   [Other: 183.9 ms]
      [Choose CSet: 0.0 ms]
      [Ref Proc: 180.4 ms]
      [Ref Enq: 2.4 ms]
      [Free CSet: 1.0 ms]
   [Eden: 759.0M(759.0M)->0.0B(193.0M) Survivors: 22.0M->11.0M Heap: 2723.9M(4096.0M)->1953.9M(4096.0M)]
 [Times: user=0.74 sys=0.00, real=0.21 secs] 
2016-01-06T01:01:11.695-0800: 307.816: [GC pause (young)
Desired survivor size 13631488 bytes, new threshold 15 (max 15)
- age   1:    9577864 bytes,    9577864 total
- age   2:      36864 bytes,    9614728 total
2016-01-06T01:01:11.875-0800: 307.996: [SoftReference, 0 refs, 0.0015380 secs]2016-01-06T01:01:11.876-0800: 307.997: [WeakReference, 0 refs, 0.0002090 secs]2016-01-06T01:01:11.876-0800: 307.997: [FinalReference, 0 refs, 0.0002750 secs]2016-01-06T01:01:11.877-0800: 307.998: [PhantomReference, 0 refs, 6493 refs, 0.0007110 secs]2016-01-06T01:01:11.877-0800: 307.998: [JNI Weak Reference, 0.0000080 secs], 0.1835270 secs]
   [Parallel Time: 8.4 ms, GC Workers: 4]
      [GC Worker Start (ms): Min: 307815.9, Avg: 307815.9, Max: 307815.9, Diff: 0.1]
      [Ext Root Scanning (ms): Min: 0.3, Avg: 0.4, Max: 0.4, Diff: 0.1, Sum: 1.4]
      [SATB Filtering (ms): Min: 0.0, Avg: 0.0, Max: 0.0, Diff: 0.0, Sum: 0.0]
      [Update RS (ms): Min: 5.1, Avg: 5.7, Max: 6.1, Diff: 1.0, Sum: 22.7]
         [Processed Buffers: Min: 7, Avg: 8.8, Max: 12, Diff: 5, Sum: 35]
      [Scan RS (ms): Min: 0.0, Avg: 0.1, Max: 0.3, Diff: 0.2, Sum: 0.3]
      [Code Root Scanning (ms): Min: 0.0, Avg: 0.0, Max: 0.0, Diff: 0.0, Sum: 0.0]
      [Object Copy (ms): Min: 1.8, Avg: 2.1, Max: 2.4, Diff: 0.6, Sum: 8.6]
      [Termination (ms): Min: 0.0, Avg: 0.0, Max: 0.0, Diff: 0.0, Sum: 0.0]
      [GC Worker Other (ms): Min: 0.0, Avg: 0.0, Max: 0.0, Diff: 0.0, Sum: 0.1]
      [GC Worker Total (ms): Min: 8.3, Avg: 8.3, Max: 8.3, Diff: 0.1, Sum: 33.2]
      [GC Worker End (ms): Min: 307824.2, Avg: 307824.2, Max: 307824.2, Diff: 0.0]
   [Code Root Fixup: 0.0 ms]
   [Code Root Migration: 0.0 ms]
   [Clear CT: 0.1 ms]
   [Other: 175.0 ms]
      [Choose CSet: 0.0 ms]
      [Ref Proc: 174.0 ms]
      [Ref Enq: 0.5 ms]
      [Free CSet: 0.4 ms]
   [Eden: 193.0M(193.0M)->0.0B(759.0M) Survivors: 11.0M->19.0M Heap: 2146.9M(4096.0M)->1961.4M(4096.0M)]
 [Times: user=0.69 sys=0.00, real=0.19 secs] 
2016-01-06T01:01:11.987-0800: 308.108: [GC pause (young)
Desired survivor size 51380224 bytes, new threshold 15 (max 15)
- age   1:   17277688 bytes,   17277688 total
- age   2:      36864 bytes,   17314552 total
2016-01-06T01:01:12.180-0800: 308.301: [SoftReference, 0 refs, 0.0005090 secs]2016-01-06T01:01:12.181-0800: 308.302: [WeakReference, 0 refs, 0.0002660 secs]2016-01-06T01:01:12.181-0800: 308.302: [FinalReference, 0 refs, 0.0002650 secs]2016-01-06T01:01:12.181-0800: 308.302: [PhantomReference, 0 refs, 24039 refs, 0.0009100 secs]2016-01-06T01:01:12.182-0800: 308.303: [JNI Weak Reference, 0.0000090 secs], 0.1982440 secs]
   [Parallel Time: 11.9 ms, GC Workers: 4]
      [GC Worker Start (ms): Min: 308108.3, Avg: 308108.4, Max: 308108.4, Diff: 0.1]
      [Ext Root Scanning (ms): Min: 0.3, Avg: 0.4, Max: 0.4, Diff: 0.0, Sum: 1.4]
      [SATB Filtering (ms): Min: 0.0, Avg: 0.0, Max: 0.0, Diff: 0.0, Sum: 0.0]
      [Update RS (ms): Min: 5.9, Avg: 6.0, Max: 6.3, Diff: 0.4, Sum: 24.1]
         [Processed Buffers: Min: 8, Avg: 9.2, Max: 10, Diff: 2, Sum: 37]
      [Scan RS (ms): Min: 0.1, Avg: 0.3, Max: 0.5, Diff: 0.4, Sum: 1.4]
      [Code Root Scanning (ms): Min: 0.0, Avg: 0.0, Max: 0.1, Diff: 0.1, Sum: 0.2]
      [Object Copy (ms): Min: 5.0, Avg: 5.0, Max: 5.0, Diff: 0.0, Sum: 19.9]
      [Termination (ms): Min: 0.0, Avg: 0.0, Max: 0.0, Diff: 0.0, Sum: 0.0]
      [GC Worker Other (ms): Min: 0.0, Avg: 0.1, Max: 0.1, Diff: 0.0, Sum: 0.2]
      [GC Worker Total (ms): Min: 11.8, Avg: 11.8, Max: 11.8, Diff: 0.1, Sum: 47.1]
      [GC Worker End (ms): Min: 308120.1, Avg: 308120.1, Max: 308120.2, Diff: 0.0]
   [Code Root Fixup: 0.0 ms]
   [Code Root Migration: 0.1 ms]
   [Clear CT: 0.2 ms]
   [Other: 186.0 ms]
      [Choose CSet: 0.0 ms]
      [Ref Proc: 183.1 ms]
      [Ref Enq: 1.8 ms]
      [Free CSet: 1.1 ms]
   [Eden: 759.0M(759.0M)->0.0B(451.0M) Survivors: 19.0M->20.0M Heap: 2720.4M(4096.0M)->1962.9M(4096.0M)]
 [Times: user=0.77 sys=0.00, real=0.20 secs] 
2016-01-06T01:01:12.251-0800: 308.372: [GC pause (young)
Desired survivor size 30932992 bytes, new threshold 15 (max 15)
- age   1:   18541000 bytes,   18541000 total
- age   2:      36864 bytes,   18577864 total
2016-01-06T01:01:12.438-0800: 308.558: [SoftReference, 0 refs, 0.0004250 secs]2016-01-06T01:01:12.438-0800: 308.559: [WeakReference, 0 refs, 0.0002270 secs]2016-01-06T01:01:12.438-0800: 308.559: [FinalReference, 0 refs, 0.0003350 secs]2016-01-06T01:01:12.439-0800: 308.559: [PhantomReference, 0 refs, 14491 refs, 0.0006940 secs]2016-01-06T01:01:12.439-0800: 308.560: [JNI Weak Reference, 0.0000100 secs], 0.1902920 secs]
   [Parallel Time: 4.1 ms, GC Workers: 4]
      [GC Worker Start (ms): Min: 308372.1, Avg: 308372.6, Max: 308373.9, Diff: 1.8]
      [Ext Root Scanning (ms): Min: 0.0, Avg: 0.3, Max: 0.5, Diff: 0.5, Sum: 1.2]
      [SATB Filtering (ms): Min: 0.0, Avg: 0.0, Max: 0.0, Diff: 0.0, Sum: 0.0]
      [Update RS (ms): Min: 0.0, Avg: 0.1, Max: 0.2, Diff: 0.2, Sum: 0.3]
         [Processed Buffers: Min: 0, Avg: 1.2, Max: 3, Diff: 3, Sum: 5]
      [Scan RS (ms): Min: 0.0, Avg: 0.2, Max: 0.3, Diff: 0.2, Sum: 0.7]
      [Code Root Scanning (ms): Min: 0.0, Avg: 0.0, Max: 0.0, Diff: 0.0, Sum: 0.1]
      [Object Copy (ms): Min: 2.1, Avg: 2.9, Max: 3.2, Diff: 1.1, Sum: 11.6]
      [Termination (ms): Min: 0.0, Avg: 0.0, Max: 0.0, Diff: 0.0, Sum: 0.0]
      [GC Worker Other (ms): Min: 0.0, Avg: 0.0, Max: 0.1, Diff: 0.1, Sum: 0.2]
      [GC Worker Total (ms): Min: 2.2, Avg: 3.5, Max: 4.0, Diff: 1.8, Sum: 14.2]
      [GC Worker End (ms): Min: 308376.1, Avg: 308376.1, Max: 308376.1, Diff: 0.1]
   [Code Root Fixup: 0.0 ms]
   [Code Root Migration: 0.1 ms]
   [Clear CT: 0.1 ms]
   [Other: 186.0 ms]
      [Choose CSet: 0.0 ms]
      [Ref Proc: 184.0 ms]
      [Ref Enq: 1.2 ms]
      [Free CSet: 0.7 ms]
   [Eden: 451.0M(451.0M)->0.0B(1093.0M) Survivors: 20.0M->19.0M Heap: 2413.9M(4096.0M)->1961.9M(4096.0M)]
 [Times: user=0.65 sys=0.00, real=0.19 secs] 
2016-01-06T01:01:12.596-0800: 308.717: [GC pause (young)
Desired survivor size 72876032 bytes, new threshold 15 (max 15)
- age   1:   17853544 bytes,   17853544 total
- age   2:      36864 bytes,   17890408 total
2016-01-06T01:01:12.808-0800: 308.929: [SoftReference, 0 refs, 0.0004250 secs]2016-01-06T01:01:12.808-0800: 308.929: [WeakReference, 0 refs, 0.0003340 secs]2016-01-06T01:01:12.809-0800: 308.930: [FinalReference, 0 refs, 0.0003090 secs]2016-01-06T01:01:12.809-0800: 308.930: [PhantomReference, 0 refs, 34391 refs, 0.0013100 secs]2016-01-06T01:01:12.810-0800: 308.931: [JNI Weak Reference, 0.0000100 secs], 0.2191350 secs]
   [Parallel Time: 22.6 ms, GC Workers: 4]
      [GC Worker Start (ms): Min: 308716.7, Avg: 308716.7, Max: 308716.7, Diff: 0.1]
      [Ext Root Scanning (ms): Min: 0.3, Avg: 0.4, Max: 0.4, Diff: 0.1, Sum: 1.4]
      [SATB Filtering (ms): Min: 0.0, Avg: 0.0, Max: 0.0, Diff: 0.0, Sum: 0.0]
      [Update RS (ms): Min: 14.8, Avg: 15.0, Max: 15.2, Diff: 0.4, Sum: 60.1]
         [Processed Buffers: Min: 21, Avg: 22.8, Max: 25, Diff: 4, Sum: 91]
      [Scan RS (ms): Min: 0.3, Avg: 0.5, Max: 0.7, Diff: 0.3, Sum: 1.9]
      [Code Root Scanning (ms): Min: 0.0, Avg: 0.1, Max: 0.1, Diff: 0.0, Sum: 0.2]
      [Object Copy (ms): Min: 6.5, Avg: 6.5, Max: 6.6, Diff: 0.0, Sum: 26.2]
      [Termination (ms): Min: 0.0, Avg: 0.0, Max: 0.0, Diff: 0.0, Sum: 0.0]
      [GC Worker Other (ms): Min: 0.0, Avg: 0.0, Max: 0.1, Diff: 0.0, Sum: 0.2]
      [GC Worker Total (ms): Min: 22.4, Avg: 22.5, Max: 22.5, Diff: 0.1, Sum: 90.0]
      [GC Worker End (ms): Min: 308739.2, Avg: 308739.2, Max: 308739.2, Diff: 0.1]
   [Code Root Fixup: 0.0 ms]
   [Code Root Migration: 0.2 ms]
   [Clear CT: 0.3 ms]
   [Other: 196.1 ms]
      [Choose CSet: 0.0 ms]
      [Ref Proc: 191.9 ms]
      [Ref Enq: 2.6 ms]
      [Free CSet: 1.5 ms]
   [Eden: 1093.0M(1093.0M)->0.0B(184.0M) Survivors: 19.0M->20.0M Heap: 3054.9M(4096.0M)->1962.9M(4096.0M)]
 [Times: user=0.85 sys=0.00, real=0.22 secs] 
2016-01-06T01:01:12.843-0800: 308.964: [GC pause (young)
Desired survivor size 13631488 bytes, new threshold 1 (max 15)
- age   1:   19286488 bytes,   19286488 total
- age   2:      36864 bytes,   19323352 total
2016-01-06T01:01:13.025-0800: 309.146: [SoftReference, 0 refs, 0.0004410 secs]2016-01-06T01:01:13.026-0800: 309.147: [WeakReference, 0 refs, 0.0002570 secs]2016-01-06T01:01:13.026-0800: 309.147: [FinalReference, 0 refs, 0.0002430 secs]2016-01-06T01:01:13.026-0800: 309.147: [PhantomReference, 0 refs, 6213 refs, 0.0008980 secs]2016-01-06T01:01:13.027-0800: 309.148: [JNI Weak Reference, 0.0000090 secs], 0.1855620 secs]
   [Parallel Time: 3.0 ms, GC Workers: 4]
      [GC Worker Start (ms): Min: 308963.6, Avg: 308963.6, Max: 308963.6, Diff: 0.1]
      [Ext Root Scanning (ms): Min: 0.3, Avg: 0.4, Max: 0.4, Diff: 0.1, Sum: 1.5]
      [SATB Filtering (ms): Min: 0.0, Avg: 0.0, Max: 0.0, Diff: 0.0, Sum: 0.0]
      [Update RS (ms): Min: 0.0, Avg: 0.1, Max: 0.3, Diff: 0.3, Sum: 0.3]
         [Processed Buffers: Min: 0, Avg: 1.5, Max: 4, Diff: 4, Sum: 6]
      [Scan RS (ms): Min: 0.0, Avg: 0.1, Max: 0.1, Diff: 0.1, Sum: 0.3]
      [Code Root Scanning (ms): Min: 0.0, Avg: 0.0, Max: 0.0, Diff: 0.0, Sum: 0.0]
      [Object Copy (ms): Min: 2.2, Avg: 2.3, Max: 2.4, Diff: 0.1, Sum: 9.3]
      [Termination (ms): Min: 0.0, Avg: 0.0, Max: 0.0, Diff: 0.0, Sum: 0.0]
      [GC Worker Other (ms): Min: 0.0, Avg: 0.0, Max: 0.0, Diff: 0.0, Sum: 0.1]
      [GC Worker Total (ms): Min: 2.8, Avg: 2.9, Max: 2.9, Diff: 0.1, Sum: 11.5]
      [GC Worker End (ms): Min: 308966.5, Avg: 308966.5, Max: 308966.5, Diff: 0.0]
   [Code Root Fixup: 0.0 ms]
   [Code Root Migration: 0.0 ms]
   [Clear CT: 0.1 ms]
   [Other: 182.4 ms]
      [Choose CSet: 0.0 ms]
      [Ref Proc: 181.5 ms]
      [Ref Enq: 0.5 ms]
      [Free CSet: 0.4 ms]
   [Eden: 184.0M(184.0M)->0.0B(197.0M) Survivors: 20.0M->18.0M Heap: 2146.9M(4096.0M)->1960.9M(4096.0M)]
 [Times: user=0.70 sys=0.00, real=0.19 secs] 
2016-01-06T01:01:13.056-0800: 309.177: [GC pause (young)
Desired survivor size 14155776 bytes, new threshold 1 (max 15)
- age   1:   17257600 bytes,   17257600 total
2016-01-06T01:01:13.253-0800: 309.374: [SoftReference, 0 refs, 0.0005100 secs]2016-01-06T01:01:13.254-0800: 309.375: [WeakReference, 0 refs, 0.0002340 secs]2016-01-06T01:01:13.254-0800: 309.375: [FinalReference, 0 refs, 0.0003980 secs]2016-01-06T01:01:13.255-0800: 309.375: [PhantomReference, 0 refs, 6616 refs, 0.0006230 secs]2016-01-06T01:01:13.255-0800: 309.376: [JNI Weak Reference, 0.0000120 secs], 0.2001710 secs]
   [Parallel Time: 3.2 ms, GC Workers: 4]
      [GC Worker Start (ms): Min: 309177.1, Avg: 309177.1, Max: 309177.1, Diff: 0.1]
      [Ext Root Scanning (ms): Min: 0.3, Avg: 0.4, Max: 0.4, Diff: 0.1, Sum: 1.4]
      [SATB Filtering (ms): Min: 0.0, Avg: 0.0, Max: 0.0, Diff: 0.0, Sum: 0.0]
      [Update RS (ms): Min: 0.0, Avg: 0.1, Max: 0.3, Diff: 0.3, Sum: 0.4]
         [Processed Buffers: Min: 0, Avg: 1.5, Max: 3, Diff: 3, Sum: 6]
      [Scan RS (ms): Min: 0.0, Avg: 0.1, Max: 0.1, Diff: 0.1, Sum: 0.4]
      [Code Root Scanning (ms): Min: 0.0, Avg: 0.0, Max: 0.0, Diff: 0.0, Sum: 0.0]
      [Object Copy (ms): Min: 2.4, Avg: 2.4, Max: 2.5, Diff: 0.1, Sum: 9.8]
      [Termination (ms): Min: 0.0, Avg: 0.0, Max: 0.0, Diff: 0.0, Sum: 0.0]
      [GC Worker Other (ms): Min: 0.0, Avg: 0.0, Max: 0.0, Diff: 0.0, Sum: 0.1]
      [GC Worker Total (ms): Min: 3.0, Avg: 3.0, Max: 3.1, Diff: 0.1, Sum: 12.1]
      [GC Worker End (ms): Min: 309180.1, Avg: 309180.2, Max: 309180.2, Diff: 0.0]
   [Code Root Fixup: 0.0 ms]
   [Code Root Migration: 0.0 ms]
   [Clear CT: 0.1 ms]
   [Other: 196.8 ms]
      [Choose CSet: 0.0 ms]
      [Ref Proc: 195.8 ms]
      [Ref Enq: 0.5 ms]
      [Free CSet: 0.4 ms]
   [Eden: 197.0M(197.0M)->0.0B(185.0M) Survivors: 18.0M->19.0M Heap: 2157.9M(4096.0M)->1961.4M(4096.0M)]
 [Times: user=0.76 sys=0.01, real=0.20 secs] 
2016-01-06T01:01:13.284-0800: 309.405: [GC pause (young)
Desired survivor size 13631488 bytes, new threshold 1 (max 15)
- age   1:   17286616 bytes,   17286616 total
2016-01-06T01:01:13.509-0800: 309.630: [SoftReference, 0 refs, 0.0005120 secs]2016-01-06T01:01:13.510-0800: 309.630: [WeakReference, 0 refs, 0.0002240 secs]2016-01-06T01:01:13.510-0800: 309.631: [FinalReference, 0 refs, 0.0002700 secs]2016-01-06T01:01:13.510-0800: 309.631: [PhantomReference, 0 refs, 6243 refs, 0.0005250 secs]2016-01-06T01:01:13.511-0800: 309.632: [JNI Weak Reference, 0.0000090 secs], 0.2274110 secs]
   [Parallel Time: 3.0 ms, GC Workers: 4]
      [GC Worker Start (ms): Min: 309405.3, Avg: 309405.3, Max: 309405.4, Diff: 0.1]
      [Ext Root Scanning (ms): Min: 0.3, Avg: 0.3, Max: 0.4, Diff: 0.1, Sum: 1.4]
      [SATB Filtering (ms): Min: 0.0, Avg: 0.0, Max: 0.0, Diff: 0.0, Sum: 0.0]
      [Update RS (ms): Min: 0.0, Avg: 0.1, Max: 0.3, Diff: 0.3, Sum: 0.4]
         [Processed Buffers: Min: 1, Avg: 1.5, Max: 3, Diff: 2, Sum: 6]
      [Scan RS (ms): Min: 0.0, Avg: 0.1, Max: 0.1, Diff: 0.1, Sum: 0.4]
      [Code Root Scanning (ms): Min: 0.0, Avg: 0.0, Max: 0.0, Diff: 0.0, Sum: 0.0]
      [Object Copy (ms): Min: 2.2, Avg: 2.2, Max: 2.3, Diff: 0.1, Sum: 9.0]
      [Termination (ms): Min: 0.0, Avg: 0.0, Max: 0.0, Diff: 0.0, Sum: 0.0]
      [GC Worker Other (ms): Min: 0.1, Avg: 0.1, Max: 0.1, Diff: 0.0, Sum: 0.3]
      [GC Worker Total (ms): Min: 2.8, Avg: 2.9, Max: 2.9, Diff: 0.1, Sum: 11.6]
      [GC Worker End (ms): Min: 309408.2, Avg: 309408.2, Max: 309408.2, Diff: 0.0]
   [Code Root Fixup: 0.0 ms]
   [Code Root Migration: 0.0 ms]
   [Clear CT: 0.1 ms]
   [Other: 224.2 ms]
      [Choose CSet: 0.0 ms]
      [Ref Proc: 223.2 ms]
      [Ref Enq: 0.5 ms]
      [Free CSet: 0.4 ms]
   [Eden: 185.0M(185.0M)->0.0B(185.0M) Survivors: 19.0M->19.0M Heap: 2146.4M(4096.0M)->1961.5M(4096.0M)]
 [Times: user=0.80 sys=0.00, real=0.23 secs] 
2016-01-06T01:01:13.540-0800: 309.661: [GC pause (young)
Desired survivor size 13631488 bytes, new threshold 1 (max 15)
- age   1:   17259832 bytes,   17259832 total
2016-01-06T01:01:13.742-0800: 309.863: [SoftReference, 0 refs, 0.0004170 secs]2016-01-06T01:01:13.742-0800: 309.863: [WeakReference, 0 refs, 0.0002450 secs]2016-01-06T01:01:13.742-0800: 309.863: [FinalReference, 0 refs, 0.0002420 secs]2016-01-06T01:01:13.743-0800: 309.863: [PhantomReference, 0 refs, 6245 refs, 0.0007310 secs]2016-01-06T01:01:13.743-0800: 309.864: [JNI Weak Reference, 0.0000080 secs], 0.2043320 secs]
   [Parallel Time: 2.9 ms, GC Workers: 4]
      [GC Worker Start (ms): Min: 309661.1, Avg: 309661.1, Max: 309661.2, Diff: 0.1]
      [Ext Root Scanning (ms): Min: 0.3, Avg: 0.4, Max: 0.4, Diff: 0.1, Sum: 1.4]
      [SATB Filtering (ms): Min: 0.0, Avg: 0.0, Max: 0.0, Diff: 0.0, Sum: 0.0]
      [Update RS (ms): Min: 0.0, Avg: 0.1, Max: 0.3, Diff: 0.3, Sum: 0.4]
         [Processed Buffers: Min: 0, Avg: 1.8, Max: 4, Diff: 4, Sum: 7]
      [Scan RS (ms): Min: 0.0, Avg: 0.1, Max: 0.1, Diff: 0.1, Sum: 0.3]
      [Code Root Scanning (ms): Min: 0.0, Avg: 0.0, Max: 0.0, Diff: 0.0, Sum: 0.1]
      [Object Copy (ms): Min: 2.2, Avg: 2.3, Max: 2.3, Diff: 0.1, Sum: 9.1]
      [Termination (ms): Min: 0.0, Avg: 0.0, Max: 0.0, Diff: 0.0, Sum: 0.0]
      [GC Worker Other (ms): Min: 0.0, Avg: 0.0, Max: 0.0, Diff: 0.0, Sum: 0.1]
      [GC Worker Total (ms): Min: 2.8, Avg: 2.8, Max: 2.9, Diff: 0.1, Sum: 11.4]
      [GC Worker End (ms): Min: 309664.0, Avg: 309664.0, Max: 309664.0, Diff: 0.0]
   [Code Root Fixup: 0.0 ms]
   [Code Root Migration: 0.0 ms]
   [Clear CT: 0.1 ms]
   [Other: 201.2 ms]
      [Choose CSet: 0.0 ms]
      [Ref Proc: 200.2 ms]
      [Ref Enq: 0.6 ms]
      [Free CSet: 0.4 ms]
   [Eden: 185.0M(185.0M)->0.0B(185.0M) Survivors: 19.0M->19.0M Heap: 2146.5M(4096.0M)->1961.5M(4096.0M)]
 [Times: user=0.71 sys=0.00, real=0.20 secs] 
2016-01-06T01:01:13.773-0800: 309.894: [GC pause (young)
Desired survivor size 13631488 bytes, new threshold 1 (max 15)
- age   1:   17259832 bytes,   17259832 total
2016-01-06T01:01:13.965-0800: 310.086: [SoftReference, 0 refs, 0.0005840 secs]2016-01-06T01:01:13.966-0800: 310.086: [WeakReference, 0 refs, 0.0003630 secs]2016-01-06T01:01:13.966-0800: 310.087: [FinalReference, 0 refs, 0.0002620 secs]2016-01-06T01:01:13.966-0800: 310.087: [PhantomReference, 0 refs, 6242 refs, 0.0005750 secs]2016-01-06T01:01:13.967-0800: 310.088: [JNI Weak Reference, 0.0000120 secs], 0.1951990 secs]
   [Parallel Time: 3.0 ms, GC Workers: 4]
      [GC Worker Start (ms): Min: 309893.6, Avg: 309893.7, Max: 309893.7, Diff: 0.1]
      [Ext Root Scanning (ms): Min: 0.3, Avg: 0.4, Max: 0.4, Diff: 0.1, Sum: 1.5]
      [SATB Filtering (ms): Min: 0.0, Avg: 0.0, Max: 0.0, Diff: 0.0, Sum: 0.0]
      [Update RS (ms): Min: 0.0, Avg: 0.1, Max: 0.3, Diff: 0.3, Sum: 0.4]
         [Processed Buffers: Min: 0, Avg: 1.5, Max: 4, Diff: 4, Sum: 6]
      [Scan RS (ms): Min: 0.0, Avg: 0.1, Max: 0.1, Diff: 0.1, Sum: 0.3]
      [Code Root Scanning (ms): Min: 0.0, Avg: 0.0, Max: 0.0, Diff: 0.0, Sum: 0.0]
      [Object Copy (ms): Min: 2.2, Avg: 2.3, Max: 2.3, Diff: 0.1, Sum: 9.1]
      [Termination (ms): Min: 0.0, Avg: 0.0, Max: 0.0, Diff: 0.0, Sum: 0.0]
      [GC Worker Other (ms): Min: 0.0, Avg: 0.0, Max: 0.0, Diff: 0.0, Sum: 0.1]
      [GC Worker Total (ms): Min: 2.8, Avg: 2.9, Max: 2.9, Diff: 0.1, Sum: 11.4]
      [GC Worker End (ms): Min: 309896.5, Avg: 309896.5, Max: 309896.5, Diff: 0.0]
   [Code Root Fixup: 0.0 ms]
   [Code Root Migration: 0.0 ms]
   [Clear CT: 0.1 ms]
   [Other: 192.0 ms]
      [Choose CSet: 0.0 ms]
      [Ref Proc: 191.1 ms]
      [Ref Enq: 0.5 ms]
      [Free CSet: 0.4 ms]
   [Eden: 185.0M(185.0M)->0.0B(185.0M) Survivors: 19.0M->19.0M Heap: 2146.5M(4096.0M)->1961.6M(4096.0M)]
 [Times: user=0.75 sys=0.00, real=0.20 secs] 
2016-01-06T01:01:13.995-0800: 310.116: [GC pause (young)
Desired survivor size 13631488 bytes, new threshold 1 (max 15)
- age   1:   17259832 bytes,   17259832 total
2016-01-06T01:01:14.217-0800: 310.338: [SoftReference, 0 refs, 0.0004310 secs]2016-01-06T01:01:14.217-0800: 310.338: [WeakReference, 0 refs, 0.0002080 secs]2016-01-06T01:01:14.217-0800: 310.338: [FinalReference, 0 refs, 0.0002460 secs]2016-01-06T01:01:14.218-0800: 310.339: [PhantomReference, 0 refs, 6243 refs, 0.0006790 secs]2016-01-06T01:01:14.218-0800: 310.339: [JNI Weak Reference, 0.0000080 secs], 0.2247370 secs]
   [Parallel Time: 3.1 ms, GC Workers: 4]
      [GC Worker Start (ms): Min: 310115.7, Avg: 310115.7, Max: 310115.8, Diff: 0.1]
      [Ext Root Scanning (ms): Min: 0.3, Avg: 0.4, Max: 0.4, Diff: 0.1, Sum: 1.4]
      [SATB Filtering (ms): Min: 0.0, Avg: 0.0, Max: 0.0, Diff: 0.0, Sum: 0.0]
      [Update RS (ms): Min: 0.0, Avg: 0.1, Max: 0.3, Diff: 0.3, Sum: 0.4]
         [Processed Buffers: Min: 1, Avg: 1.5, Max: 3, Diff: 2, Sum: 6]
      [Scan RS (ms): Min: 0.0, Avg: 0.1, Max: 0.1, Diff: 0.1, Sum: 0.3]
      [Code Root Scanning (ms): Min: 0.0, Avg: 0.0, Max: 0.0, Diff: 0.0, Sum: 0.0]
      [Object Copy (ms): Min: 2.3, Avg: 2.4, Max: 2.4, Diff: 0.1, Sum: 9.6]
      [Termination (ms): Min: 0.0, Avg: 0.0, Max: 0.0, Diff: 0.0, Sum: 0.0]
      [GC Worker Other (ms): Min: 0.0, Avg: 0.0, Max: 0.0, Diff: 0.0, Sum: 0.1]
      [GC Worker Total (ms): Min: 2.9, Avg: 3.0, Max: 3.0, Diff: 0.1, Sum: 11.8]
      [GC Worker End (ms): Min: 310118.7, Avg: 310118.7, Max: 310118.7, Diff: 0.0]
   [Code Root Fixup: 0.0 ms]
   [Code Root Migration: 0.0 ms]
   [Clear CT: 0.1 ms]
   [Other: 221.5 ms]
      [Choose CSet: 0.0 ms]
      [Ref Proc: 220.5 ms]
      [Ref Enq: 0.6 ms]
      [Free CSet: 0.4 ms]
   [Eden: 185.0M(185.0M)->0.0B(185.0M) Survivors: 19.0M->19.0M Heap: 2146.6M(4096.0M)->1961.6M(4096.0M)]
 [Times: user=0.82 sys=0.00, real=0.23 secs] 
2016-01-06T01:01:14.246-0800: 310.367: [GC pause (young)
Desired survivor size 13631488 bytes, new threshold 1 (max 15)
- age   1:   17259832 bytes,   17259832 total
2016-01-06T01:01:14.445-0800: 310.566: [SoftReference, 0 refs, 0.0004510 secs]2016-01-06T01:01:14.445-0800: 310.566: [WeakReference, 0 refs, 0.0002290 secs]2016-01-06T01:01:14.445-0800: 310.566: [FinalReference, 0 refs, 0.0002030 secs]2016-01-06T01:01:14.446-0800: 310.566: [PhantomReference, 0 refs, 6243 refs, 0.0005120 secs]2016-01-06T01:01:14.446-0800: 310.567: [JNI Weak Reference, 0.0000130 secs], 0.2009570 secs]
   [Parallel Time: 2.3 ms, GC Workers: 4]
      [GC Worker Start (ms): Min: 310367.2, Avg: 310367.2, Max: 310367.2, Diff: 0.1]
      [Ext Root Scanning (ms): Min: 0.3, Avg: 0.3, Max: 0.4, Diff: 0.1, Sum: 1.4]
      [SATB Filtering (ms): Min: 0.0, Avg: 0.0, Max: 0.0, Diff: 0.0, Sum: 0.0]
      [Update RS (ms): Min: 0.0, Avg: 0.1, Max: 0.3, Diff: 0.3, Sum: 0.4]
         [Processed Buffers: Min: 0, Avg: 1.8, Max: 5, Diff: 5, Sum: 7]
      [Scan RS (ms): Min: 0.0, Avg: 0.1, Max: 0.1, Diff: 0.1, Sum: 0.3]
      [Code Root Scanning (ms): Min: 0.0, Avg: 0.0, Max: 0.0, Diff: 0.0, Sum: 0.0]
      [Object Copy (ms): Min: 1.6, Avg: 1.7, Max: 1.7, Diff: 0.1, Sum: 6.7]
      [Termination (ms): Min: 0.0, Avg: 0.0, Max: 0.0, Diff: 0.0, Sum: 0.0]
      [GC Worker Other (ms): Min: 0.0, Avg: 0.0, Max: 0.0, Diff: 0.0, Sum: 0.1]
      [GC Worker Total (ms): Min: 2.2, Avg: 2.2, Max: 2.3, Diff: 0.1, Sum: 9.0]
      [GC Worker End (ms): Min: 310369.4, Avg: 310369.4, Max: 310369.4, Diff: 0.0]
   [Code Root Fixup: 0.0 ms]
   [Code Root Migration: 0.0 ms]
   [Clear CT: 0.1 ms]
   [Other: 198.5 ms]
      [Choose CSet: 0.0 ms]
      [Ref Proc: 197.5 ms]
      [Ref Enq: 0.5 ms]
      [Free CSet: 0.4 ms]
   [Eden: 185.0M(185.0M)->0.0B(190.0M) Survivors: 19.0M->14.0M Heap: 2146.6M(4096.0M)->1956.6M(4096.0M)]
 [Times: user=0.70 sys=0.01, real=0.20 secs] 
2016-01-06T01:01:14.477-0800: 310.598: [GC pause (young)
Desired survivor size 13631488 bytes, new threshold 15 (max 15)
- age   1:   11645560 bytes,   11645560 total
2016-01-06T01:01:14.667-0800: 310.788: [SoftReference, 0 refs, 0.0003930 secs]2016-01-06T01:01:14.672-0800: 310.793: [WeakReference, 0 refs, 0.0002670 secs]2016-01-06T01:01:14.672-0800: 310.793: [FinalReference, 0 refs, 0.0002660 secs]2016-01-06T01:01:14.673-0800: 310.793: [PhantomReference, 0 refs, 6400 refs, 0.0007050 secs]2016-01-06T01:01:14.673-0800: 310.794: [JNI Weak Reference, 0.0000090 secs], 0.1973780 secs]
   [Parallel Time: 3.2 ms, GC Workers: 4]
      [GC Worker Start (ms): Min: 310597.9, Avg: 310598.7, Max: 310600.9, Diff: 3.0]
      [Ext Root Scanning (ms): Min: 0.0, Avg: 0.3, Max: 0.5, Diff: 0.5, Sum: 1.2]
      [SATB Filtering (ms): Min: 0.0, Avg: 0.0, Max: 0.0, Diff: 0.0, Sum: 0.0]
      [Update RS (ms): Min: 0.0, Avg: 0.1, Max: 0.2, Diff: 0.2, Sum: 0.3]
         [Processed Buffers: Min: 0, Avg: 1.5, Max: 3, Diff: 3, Sum: 6]
      [Scan RS (ms): Min: 0.0, Avg: 0.1, Max: 0.1, Diff: 0.1, Sum: 0.3]
      [Code Root Scanning (ms): Min: 0.0, Avg: 0.0, Max: 0.0, Diff: 0.0, Sum: 0.0]
      [Object Copy (ms): Min: 0.0, Avg: 1.7, Max: 2.2, Diff: 2.2, Sum: 6.7]
      [Termination (ms): Min: 0.0, Avg: 0.2, Max: 0.2, Diff: 0.2, Sum: 0.6]
      [GC Worker Other (ms): Min: 0.0, Avg: 0.0, Max: 0.0, Diff: 0.0, Sum: 0.0]
      [GC Worker Total (ms): Min: 0.1, Avg: 2.3, Max: 3.1, Diff: 3.1, Sum: 9.3]
      [GC Worker End (ms): Min: 310601.0, Avg: 310601.0, Max: 310601.0, Diff: 0.0]
   [Code Root Fixup: 0.0 ms]
   [Code Root Migration: 0.0 ms]
   [Clear CT: 0.1 ms]
   [Other: 194.0 ms]
      [Choose CSet: 0.0 ms]
      [Ref Proc: 193.0 ms]
      [Ref Enq: 0.5 ms]
      [Free CSet: 0.4 ms]
   [Eden: 190.0M(190.0M)->0.0B(186.0M) Survivors: 14.0M->18.0M Heap: 2146.6M(4096.0M)->1961.1M(4096.0M)]
 [Times: user=0.74 sys=0.00, real=0.20 secs] 
2016-01-06T01:01:14.703-0800: 310.824: [GC pause (young)
Desired survivor size 13631488 bytes, new threshold 1 (max 15)
- age   1:   17270992 bytes,   17270992 total
- age   2:      36864 bytes,   17307856 total
2016-01-06T01:01:14.898-0800: 311.019: [SoftReference, 0 refs, 0.0004440 secs]2016-01-06T01:01:14.899-0800: 311.020: [WeakReference, 0 refs, 0.0006180 secs]2016-01-06T01:01:14.899-0800: 311.020: [FinalReference, 0 refs, 0.0002370 secs]2016-01-06T01:01:14.900-0800: 311.021: [PhantomReference, 0 refs, 6276 refs, 0.0007730 secs]2016-01-06T01:01:14.901-0800: 311.021: [JNI Weak Reference, 0.0000130 secs], 0.1990900 secs]
   [Parallel Time: 2.9 ms, GC Workers: 4]
      [GC Worker Start (ms): Min: 310823.6, Avg: 310823.6, Max: 310823.6, Diff: 0.1]
      [Ext Root Scanning (ms): Min: 0.3, Avg: 0.4, Max: 0.4, Diff: 0.0, Sum: 1.4]
      [SATB Filtering (ms): Min: 0.0, Avg: 0.0, Max: 0.0, Diff: 0.0, Sum: 0.0]
      [Update RS (ms): Min: 0.0, Avg: 0.1, Max: 0.3, Diff: 0.3, Sum: 0.3]
         [Processed Buffers: Min: 0, Avg: 1.0, Max: 2, Diff: 2, Sum: 4]
      [Scan RS (ms): Min: 0.0, Avg: 0.1, Max: 0.1, Diff: 0.1, Sum: 0.4]
      [Code Root Scanning (ms): Min: 0.0, Avg: 0.0, Max: 0.0, Diff: 0.0, Sum: 0.0]
      [Object Copy (ms): Min: 2.2, Avg: 2.3, Max: 2.3, Diff: 0.1, Sum: 9.2]
      [Termination (ms): Min: 0.0, Avg: 0.0, Max: 0.0, Diff: 0.0, Sum: 0.0]
      [GC Worker Other (ms): Min: 0.0, Avg: 0.0, Max: 0.0, Diff: 0.0, Sum: 0.1]
      [GC Worker Total (ms): Min: 2.8, Avg: 2.8, Max: 2.9, Diff: 0.1, Sum: 11.4]
      [GC Worker End (ms): Min: 310826.4, Avg: 310826.4, Max: 310826.4, Diff: 0.0]
   [Code Root Fixup: 0.0 ms]
   [Code Root Migration: 0.0 ms]
   [Clear CT: 0.1 ms]
   [Other: 196.0 ms]
      [Choose CSet: 0.0 ms]
      [Ref Proc: 195.0 ms]
      [Ref Enq: 0.6 ms]
      [Free CSet: 0.4 ms]
   [Eden: 186.0M(186.0M)->0.0B(185.0M) Survivors: 18.0M->19.0M Heap: 2147.1M(4096.0M)->1961.7M(4096.0M)]
 [Times: user=0.76 sys=0.00, real=0.20 secs] 
2016-01-06T01:01:14.928-0800: 311.049: [GC pause (young)
Desired survivor size 13631488 bytes, new threshold 1 (max 15)
- age   1:   17262064 bytes,   17262064 total
2016-01-06T01:01:15.124-0800: 311.245: [SoftReference, 0 refs, 0.0004800 secs]2016-01-06T01:01:15.125-0800: 311.246: [WeakReference, 0 refs, 0.0003670 secs]2016-01-06T01:01:15.125-0800: 311.246: [FinalReference, 0 refs, 0.0002320 secs]2016-01-06T01:01:15.125-0800: 311.246: [PhantomReference, 0 refs, 6242 refs, 0.0005480 secs]2016-01-06T01:01:15.126-0800: 311.247: [JNI Weak Reference, 0.0000110 secs], 0.1992930 secs]
   [Parallel Time: 3.1 ms, GC Workers: 4]
      [GC Worker Start (ms): Min: 311048.8, Avg: 311049.1, Max: 311049.9, Diff: 1.1]
      [Ext Root Scanning (ms): Min: 0.0, Avg: 0.3, Max: 0.5, Diff: 0.5, Sum: 1.2]
      [SATB Filtering (ms): Min: 0.0, Avg: 0.0, Max: 0.0, Diff: 0.0, Sum: 0.0]
      [Update RS (ms): Min: 0.0, Avg: 0.1, Max: 0.2, Diff: 0.2, Sum: 0.3]
         [Processed Buffers: Min: 0, Avg: 1.5, Max: 3, Diff: 3, Sum: 6]
      [Scan RS (ms): Min: 0.0, Avg: 0.1, Max: 0.1, Diff: 0.1, Sum: 0.3]
      [Code Root Scanning (ms): Min: 0.0, Avg: 0.0, Max: 0.0, Diff: 0.0, Sum: 0.0]
      [Object Copy (ms): Min: 1.8, Avg: 2.1, Max: 2.3, Diff: 0.5, Sum: 8.6]
      [Termination (ms): Min: 0.0, Avg: 0.0, Max: 0.1, Diff: 0.1, Sum: 0.1]
      [GC Worker Other (ms): Min: 0.0, Avg: 0.0, Max: 0.0, Diff: 0.0, Sum: 0.0]
      [GC Worker Total (ms): Min: 1.8, Avg: 2.7, Max: 3.0, Diff: 1.1, Sum: 10.7]
      [GC Worker End (ms): Min: 311051.7, Avg: 311051.7, Max: 311051.8, Diff: 0.0]
   [Code Root Fixup: 0.0 ms]
   [Code Root Migration: 0.0 ms]
   [Clear CT: 0.1 ms]
   [Other: 196.1 ms]
      [Choose CSet: 0.0 ms]
      [Ref Proc: 195.1 ms]
      [Ref Enq: 0.5 ms]
      [Free CSet: 0.4 ms]
   [Eden: 185.0M(185.0M)->0.0B(185.0M) Survivors: 19.0M->19.0M Heap: 2146.7M(4096.0M)->1962.2M(4096.0M)]
 [Times: user=0.77 sys=0.00, real=0.20 secs] 
Heap
 garbage-first heap   total 4194304K, used 2099443K [0x00000006f5a00000, 0x00000007f5a00000, 0x00000007f5a00000)
  region size 1024K, 108 young (110592K), 19 survivors (19456K)
 compacting perm gen  total 20480K, used 2812K [0x00000007f5a00000, 0x00000007f6e00000, 0x0000000800000000)
   the space 20480K,  13% used [0x00000007f5a00000, 0x00000007f5cbf3c8, 0x00000007f5cbf400, 0x00000007f6e00000)
No shared spaces configured.
